******************************************************************************
                  TI ARM Linker PC v5.2.2                      
******************************************************************************
>> Linked Tue Jul 21 11:26:32 2015

OUTPUT FILE NAME:   <ULP_SEC_CAM.out>
ENTRY POINT SYMBOL: "_c_int00"  address: 2001d465


MEMORY CONFIGURATION

         name            origin    length      used     unused   attr    fill
----------------------  --------  ---------  --------  --------  ----  --------
  SRAM_BOOTLDR          20000000   00004000  00001938  000026c8  RW X
  SRAM_CODE             20004000   0001e300  0001bea3  0000245d  RW X
  SRAM_DATA             20022300   0001dd00  0001c300  00001a00  RW X


SEGMENT ALLOCATION MAP

run origin  load origin   length   init length attrs members
----------  ----------- ---------- ----------- ----- -------
20000000    20000000    00000938   00000000    rw-
  20000000    20000000    00000938   00000000    rw- .data
20003000    20003000    00001000   00000000    rw-
  20003000    20003000    00001000   00000000    rw- .stack
20004000    20004000    0001bea8   0001bea8    r-x
  20004000    20004000    00000400   00000400    r-- .intvecs
  20004400    20004400    0001a61c   0001a61c    r-x .text
  2001ea1c    2001ea1c    00000f57   00000f57    r-- .const
  2001f978    2001f978    00000530   00000530    r-- .cinit
20022400    20022400    0001c300   00000000    rw-
  20022400    20022400    00017300   00000000    rw- .bss
  20039700    20039700    00005000   00000000    rw- .sysmem


SECTION ALLOCATION MAP

 output                                  attributes/
section   page    origin      length       input sections
--------  ----  ----------  ----------   ----------------
.data      0    20000000    00000938     UNINITIALIZED
                  20000000    000003c9     cc3200_certificate.obj (.data:DigiCertHighAssuranceEVRootCA_der)
                  200003c9    00000001     tasks.obj (.data)
                  200003ca    00000002     --HOLE--
                  200003cc    000000f0     rtsv7M4_T_le_eabi.lib : defs.obj (.data:_ftable)
                  200004bc    000000d0                           : lowlev.obj (.data)
                  2000058c    000000b0                           : signal.obj (.data:sigtable)
                  2000063c    00000004     cc3200_certificate.obj (.data)
                  20000640    00000080     rtsv7M4_T_le_eabi.lib : xvalues.obj (.data)
                  200006c0    00000068                           : xfvalues.obj (.data)
                  20000728    00000064     network_relater_fns.obj (.data:Token)
                  2000078c    00000064     network_relater_fns.obj (.data:Value)
                  200007f0    0000003c     main.obj (.data:g_token_get)
                  2000082c    00000034     free_rtos.a : tasks.obj (.data)
                  20000860    00000028     main.obj (.data)
                  20000888    00000018     cc3200_utils.obj (.data)
                  200008a0    00000018     request.obj (.data)
                  200008b8    00000010     rtsv7M4_T_le_eabi.lib : defs.obj (.data)
                  200008c8    0000000c     free_rtos.a : osi_freertos.obj (.data)
                  200008d4    0000000c     rtsv7M4_T_le_eabi.lib : memory.obj (.data)
                  200008e0    00000009     simplelink.a : cc_pal.obj (.data)
                  200008e9    00000003     --HOLE--
                  200008ec    00000009                  : driver.obj (.data)
                  200008f5    00000003     --HOLE--
                  200008f8    00000008     camera_app.obj (.data)
                  20000900    00000008     rtsv7M4_T_le_eabi.lib : _lock.obj (.data)
                  20000908    00000008                           : exit.obj (.data)
                  20000910    00000008                           : feraiseexcept.obj (.data)
                  20000918    00000006     http.obj (.data)
                  2000091e    00000002     --HOLE--
                  20000920    00000004     free_rtos.a : port.obj (.data)
                  20000924    00000004     ota.a : OtaHttp.obj (.data)
                  20000928    00000004     rtsv7M4_T_le_eabi.lib : errno.obj (.data)
                  2000092c    00000004                           : fopen.obj (.data)
                  20000930    00000004                           : rand.obj (.data)
                  20000934    00000004                           : stkdepth_vars.obj (.data)

.TI.persistent 
*          0    20000000    00000000     UNINITIALIZED

.stack     0    20003000    00001000     UNINITIALIZED
                  20003000    00001000     --HOLE--

.intvecs   0    20004000    00000400     
                  20004000    00000400     startup_ccs.obj (.intvecs)

.text      0    20004400    0001a61c     
                  20004400    00001258     free_rtos.a : tasks.obj (.text)
                  20005658    000010a6     rtsv7M4_T_le_eabi.lib : _printfi.obj (.text)
                  200066fe    00000002     startup_ccs.obj (.text:BusFaultHandler)
                  20006700    00000b24     free_rtos.a : queue.obj (.text)
                  20007224    00000a08     magnetic.obj (.text:fUpdateCalibration10EIG)
                  20007c2c    00000788     magnetic.obj (.text:fUpdateCalibration4INV)
                  200083b4    00000694     magnetic.obj (.text:fUpdateCalibration7EIG)
                  20008a48    00000688     matrix.obj (.text:eigencompute)
                  200090d0    00000610     ota.a : OtaHttp.obj (.text)
                  200096e0    000005ec     simplelink.a : driver.obj (.text:_SlDrvMsgRead)
                  20009ccc    00000584     magnetic.obj (.text:iUpdateMagnetometerBuffer)
                  2000a250    000004dc     network_relater_fns.obj (.text:SimpleLinkHttpServerCallback)
                  2000a72c    000004be     cc3200_utils.obj (.text:createNewInstallationId)
                  2000abea    00000002     startup_ccs.obj (.text:FaultISR)
                  2000abec    0000045c     free_rtos.a : osi_freertos.obj (.text)
                  2000b048    0000044c     request.obj (.text:buildRequestHeaders)
                  2000b494    00000424     ota.a : OtaClient.obj (.text)
                  2000b8b8    0000040c           : OtaApp.obj (.text)
                  2000bcc4    000003dc     rtsv7M4_T_le_eabi.lib : memory.obj (.text)
                  2000c0a0    000003b8     matrix.obj (.text:fmatrixAeqInvA)
                  2000c458    0000039c     network_relater_fns.obj (.text:SimpleLinkWlanEventHandler)
                  2000c7f4    00000378     rtsv7M4_T_le_eabi.lib : powf.obj (.text)
                  2000cb6c    0000035c     ota.a : CdnClient.obj (.text)
                  2000cec8    00000354     orientation.obj (.text:feCompassAndroid)
                  2000d21c    00000354     orientation.obj (.text:feCompassWin8)
                  2000d570    00000350     orientation.obj (.text:feCompassNED)
                  2000d8c0    00000338     ota.a : LogClient.obj (.text)
                  2000dbf8    00000324     tasks.obj (.text:MagCal_Run)
                  2000df1c    0000030c     rtsv7M4_T_le_eabi.lib : lowlev.obj (.text)
                  2000e228    000002d4                           : trgdrv.obj (.text)
                  2000e4fc    000002c8     application_fn.obj (.text:application_fn)
                  2000e7c4    000002c0     network_relater_fns.obj (.text:ConfigureSimpleLinkToDefaultState)
                  2000ea84    000002ac     user_configure_fn.obj (.text:WiFiProvisioning)
                  2000ed30    00000298     rtsv7M4_T_le_eabi.lib : vla_alloc.obj (.text)
                  2000efc8    00000294     mt9d111.obj (.text:RegLstWrite)
                  2000f25c    00000274     camera_app.obj (.text:CaptureImage)
                  2000f4d0    0000026e     simplejson.obj (.text:simpleJsonProcessor)
                  2000f73e    00000002     driverlib.a : interrupt.obj (.text:IntDefaultHandler)
                  2000f740    0000025c     lightSens_isl29035.obj (.text:configureISL29035)
                  2000f99c    00000250     user_configure_fn.obj (.text:User_Configure)
                  2000fbec    00000248     simplelink.a : driver.obj (.text:_SlDrvRxHdrRead)
                  2000fe34    00000248     main_FXOS8700.obj (.text:angleCheck_Initializations)
                  2001007c    00000244     simplelink.a : wlan.obj (.text:sl_WlanConnect)
                  200102c0    00000218     request.obj (.text:payloadSend)
                  200104d8    0000020c     ota.obj (.text:OTA_Run)
                  200106e4    000001f8     door_position_detection_algorithm.obj (.text:check_doorpos)
                  200108dc    000001f4     rtsv7M4_T_le_eabi.lib : ull_div_t2.obj (.text)
                  20010ad0    000001f0     user_configure_fn.obj (.text:Get_Calibration_MagSensor)
                  20010cc0    000001d0     simplelink.a : driver.obj (.text:_SlDrvReleasePoolObj)
                  20010e90    000001cc                  : driver.obj (.text:_SlDrvMsgWrite)
                  2001105c    000001c4     tasks.obj (.text:RdSensData_Run)
                  20011220    000001c4     rtsv7M4_T_le_eabi.lib : fopen.obj (.text)
                  200113e4    000001c0     magnetic.obj (.text:fInvertMagCal)
                  200115a4    000001bc     rtsv7M4_T_le_eabi.lib : xflog.obj (.text)
                  20011760    000001b6                           : fd_add_t2.obj (.text)
                  20011916    00000002     startup_ccs.obj (.text:IntDefaultHandler)
                  20011918    000001b0     Task_UserConfig.obj (.text:UserConfigure_Task)
                  20011ac8    000001a4     orientation.obj (.text:fQuaternionFromRotationMatrix)
                  20011c6c    000001a4     cc3200_socket.obj (.text:socketSslConnect)
                  20011e10    000001a0     camera_app.obj (.text:CameraIntHandler)
                  20011fb0    0000019c     rtsv7M4_T_le_eabi.lib : xfsin.obj (.text)
                  2001214c    00000198     parse_uploads.obj (.text:ConstructDeviceStateObject)
                  200122e4    00000190     simplelink.a : driver.obj (.text:_SlDrvWaitForPoolObj)
                  20012474    0000018c     user_configure_fn.obj (.text:AccessPtMode_HTTPServer_Start)
                  20012600    0000018c     request.obj (.text:sendRequest)
                  2001278c    00000188     matrix.obj (.text:f3x3matrixAeqInvSymB)
                  20012914    00000184     flc.a : flc.obj (.text)
                  20012a98    00000180     orientation.obj (.text:fWin8AnglesDegFromRotationMatrix)
                  20012c18    00000178     rtsv7M4_T_le_eabi.lib : tanf.obj (.text)
                  20012d90    00000178                           : xfexp.obj (.text)
                  20012f08    00000174     simplelink.a : driver.obj (.text:_SlDrvDriverCBInit)
                  2001307c    00000174     magnetic.obj (.text:fInitMagCalibration)
                  200131f0    00000174     network_relater_fns.obj (.text:initNetwork)
                  20013364    00000170     network_relater_fns.obj (.text:SimpleLinkNetAppEventHandler)
                  200134d4    00000170     simplelink.a : driver.obj (.text:_SlFindAndSetActiveObj)
                  20013644    00000168     ota.obj (.text:OTAServerInfoSet)
                  200137ac    00000165     network_relater_fns.obj (.text:SimpleLinkSockEventHandler)
                  20013911    00000001     --HOLE-- [fill = 0]
                  20013912    00000002     startup_ccs.obj (.text:NmiSR)
                  20013914    00000164     network_relater_fns.obj (.text:WiFi_Connect)
                  20013a78    00000164     tempRHSens_si7020.obj (.text:getTempRH)
                  20013bdc    00000160     tasks.obj (.text:Fusion_Run)
                  20013d3c    00000160     main.obj (.text:main)
                  20013e9c    0000015c     hibernate_related_fns.obj (.text:HIBernate)
                  20013ff8    00000158     drivers.obj (.text:FXOS8700_Init)
                  20014150    00000158     orientation.obj (.text:qAeqAxB)
                  200142a8    00000158     orientation.obj (.text:qconjgAxB)
                  20014400    00000154     user_configure_fn.obj (.text:CollectAngle)
                  20014554    00000150     simplelink.a : cc_pal.obj (.text:spi_Open)
                  200146a4    00000144     fusion.obj (.text:fRun_6DOF_GB_BASIC)
                  200147e8    0000013c     rtsv7M4_T_le_eabi.lib : fmodf.obj (.text)
                  20014924    0000013c     simplelink.a : socket.obj (.text:sl_Select)
                  20014a60    00000138     i2cconfig.obj (.text:I2CBufferRead)
                  20014b98    00000138     mt9d111.obj (.text:Register_Read)
                  20014cd0    00000138     orientation.obj (.text:fLPFOrientationQuaternion)
                  20014e08    00000138     orientation.obj (.text:fRotationMatrixFromQuaternion)
                  20014f40    00000138     i2c_app.obj (.text:i2cWriteRegisters)
                  20015078    00000136     rtsv7M4_T_le_eabi.lib : fd_div_t2.obj (.text)
                  200151ae    00000002     main.obj (.text:vApplicationIdleHook)
                  200151b0    00000134     driverlib.a : prcm.obj (.text:PRCMCC3200MCUInit)
                  200152e4    00000134     rtsv7M4_T_le_eabi.lib : fputs.obj (.text)
                  20015418    00000130     i2cconfig.obj (.text:I2CBufferWrite)
                  20015548    0000012a     free_rtos.a : list.obj (.text)
                  20015672    00000002     --HOLE-- [fill = 0]
                  20015674    00000128     simplelink.a : driver.obj (.text:_SlDrvDataReadOp)
                  2001579c    00000116     drivers.obj (.text:FXOS8700_ReadData)
                  200158b2    00000002     --HOLE-- [fill = 0]
                  200158b4    00000110     free_rtos.a : port.obj (.text)
                  200159c4    00000110     rtsv7M4_T_le_eabi.lib : xdscale.obj (.text)
                  20015ad4    00000110     lightSens_isl29035.obj (.text:verifyISL29035)
                  20015be4    00000110     tempRHSens_si7020.obj (.text:verifyTempRHSensor)
                  20015cf4    0000010c     flash_files.obj (.text:WriteFile_ToFlash)
                  20015e00    00000108     simplelink.a : socket.obj (.text:sl_Connect)
                  20015f08    00000108                  : socket.obj (.text:sl_Send)
                  20016010    00000104     dbgFns.obj (.text:Check_I2CDevices)
                  20016114    00000104     simplelink.a : driver.obj (.text:_SlDrvDataWriteOp)
                  20016218    00000104     i2c_app.obj (.text:i2cReadRegistersTwoBytes)
                  2001631c    00000104     simplelink.a : netapp.obj (.text:sl_NetAppDnsGetHostByName)
                  20016420    00000100     i2c_app.obj (.text:i2cReadRegisters)
                  20016520    00000100     cc3200_client_state.obj (.text:loadClientState)
                  20016620    000000ff     parse_uploads.obj (.text:Get_FridgeCamID)
                  2001671f    00000001     --HOLE-- [fill = 0]
                  20016720    000000fe     simplelink.a : netapp.obj (.text:_SlDrvNetAppEventHandler)
                  2001681e    00000002     --HOLE-- [fill = 0]
                  20016820    000000fc     pinmux.obj (.text:PinMuxConfig)
                  2001691c    000000fc     orientation.obj (.text:fqAeqNormqA)
                  20016a18    000000fc     rtsv7M4_T_le_eabi.lib : fd_mul_t2.obj (.text)
                  20016b14    000000fa                           : fs_add_t2.obj (.text)
                  20016c0e    00000002     --HOLE-- [fill = 0]
                  20016c10    000000f8     cc3200_certificate.obj (.text:ensureCertificateFile)
                  20016d08    000000f8     orientation.obj (.text:fAndroidAnglesDegFromRotationMatrix)
                  20016e00    000000f8     orientation.obj (.text:fNEDAnglesDegFromRotationMatrix)
                  20016ef8    000000f4     simplelink.a : driver.obj (.text:_SlDrvDriverCBDeinit)
                  20016fec    000000f4     installation.obj (.text:getInstallation)
                  200170e0    000000f4     simplelink.a : fs.obj (.text:sl_FsRead)
                  200171d4    000000f4     accelomtrMagntomtr_fxos8700.obj (.text:verifyAccelMagnSensor)
                  200172c8    000000f2     cc3200_socket.obj (.text:socketRead)
                  200173ba    00000002     --HOLE-- [fill = 0]
                  200173bc    000000f0     camera_app.obj (.text:DMAConfig)
                  200174ac    000000f0     driverlib.a : udma.obj (.text:uDMAChannelTransferSet)
                  2001759c    000000ec     orientation.obj (.text:fRotationVectorDegFromQuaternion)
                  20017688    000000ec     simplelink.a : fs.obj (.text:sl_FsWrite)
                  20017774    000000e8     appFns_BatteryLevelSense.obj (.text:Get_BatteryPercent)
                  2001785c    000000e4     parse_uploads.obj (.text:UploadSensorDataToParse)
                  20017940    000000e0     flash_files.obj (.text:ReadFile_FromFlash)
                  20017a20    000000e0     camera_app.obj (.text:Start_CameraCapture)
                  20017b00    000000dc     ota.obj (.text:OTA_CommitImage)
                  20017bdc    000000dc     rtsv7M4_T_le_eabi.lib : setvbuf.obj (.text)
                  20017cb8    000000dc     simplelink.a : cc_pal.obj (.text:spi_Read)
                  20017d94    000000d8     parse_uploads.obj (.text:UploadImageToParse)
                  20017e6c    000000d8     simplelink.a : driver.obj (.text:_SlDrvClassifyRxMsg)
                  20017f44    000000d8     rtsv7M4_T_le_eabi.lib : xfatan.obj (.text)
                  2001801c    000000d4     Task_Main.obj (.text:Main_Task_withHibernate)
                  200180f0    000000d4     simplelink.a : device.obj (.text:sl_Stop)
                  200181c4    000000d0     rtsv7M4_T_le_eabi.lib : xfdscale.obj (.text)
                  20018294    000000cc     approximations.obj (.text:fatan_deg)
                  20018360    000000cc     rtsv7M4_T_le_eabi.lib : sqrtf.obj (.text)
                  2001842c    000000c8     mt9d111.obj (.text:EnterStandby_mt9d111)
                  200184f4    000000c8     simplelink.a : netapp.obj (.text:_sl_HandleAsync_DnsGetHostByService)
                  200185bc    000000c8     rtsv7M4_T_le_eabi.lib : fflush.obj (.text)
                  20018684    000000c4     mt9d111.obj (.text:ExitStandby_mt9d111)
                  20018748    000000c4     simplelink.a : driver.obj (.text:_SlRemoveFromList)
                  2001880c    000000c0     i2c_if.obj (.text:I2C_IF_Read)
                  200188cc    000000c0     user_configure_fn.obj (.text:WlanConnect)
                  2001898c    000000be     rtsv7M4_T_le_eabi.lib : xdnorm.obj (.text)
                  20018a4a    00000002     --HOLE-- [fill = 0]
                  20018a4c    000000bc     i2c_if.obj (.text:I2C_IF_Write)
                  20018b08    000000bc     simplelink.a : driver.obj (.text:_SlDrvMsgReadCmdCtx)
                  20018bc4    000000bc     tempRHSens_si7020.obj (.text:configureTempRHSensor)
                  20018c80    000000bc     rtsv7M4_T_le_eabi.lib : acosf.obj (.text)
                  20018d3c    000000bc     simplelink.a : device.obj (.text:sl_Start)
                  20018df8    000000ba     free_rtos.a : portasm.obj (.text)
                  20018eb2    00000002     --HOLE-- [fill = 0]
                  20018eb4    000000b8     camera_app.obj (.text:ImagCapture_Init)
                  20018f6c    000000b8     simplelink.a : driver.obj (.text:_SlAsyncEventGenericHandler)
                  20019024    000000b8     installation.obj (.text:createInstallation)
                  200190dc    000000b4     simplelink.a : netapp.obj (.text:sl_NetAppMDNSRegisterUnregisterService)
                  20019190    000000b0     app_common.obj (.text:intToASCII)
                  20019240    000000ac     mt9d111.obj (.text:Verify_ImageSensor)
                  200192ec    000000ac     rtsv7M4_T_le_eabi.lib : _io_perm.obj (.text)
                  20019398    000000ab     installation.obj (.text:getInstallationByIdCallback)
                  20019443    00000001     --HOLE-- [fill = 0]
                  20019444    000000aa     uartA1_if.obj (.text:Report)
                  200194ee    00000002     --HOLE-- [fill = 0]
                  200194f0    000000a8     driverlib.a : interrupt.obj (.text:IntDisable)
                  20019598    000000a8                 : interrupt.obj (.text:IntEnable)
                  20019640    000000a8     simplelink.a : netcfg.obj (.text:sl_NetCfgGet)
                  200196e8    000000a4     app_common.obj (.text:LED_Blink)
                  2001978c    000000a0     driverlib.a : spi.obj (.text:SPIConfigSetExpClk)
                  2001982c    000000a0     cc3200_socket.obj (.text:socketWrite)
                  200198cc    0000009e     matrix.obj (.text:f3x3matrixDetA)
                  2001996a    00000002     --HOLE-- [fill = 0]
                  2001996c    0000009c     simplelink.a : driver.obj (.text:_SlDrvMsgReadSpawnCtx)
                  20019a08    0000009c     approximations.obj (.text:fatan2_deg)
                  20019aa4    0000009c     rtsv7M4_T_le_eabi.lib : memcpy_t2.obj (.text)
                  20019b40    0000009c     simplelink.a : device.obj (.text:sl_DevGet)
                  20019bdc    00000098     camera_app.obj (.text:Config_CameraCapture)
                  20019c74    00000098     simplelink.a : fs.obj (.text:_sl_GetCreateFsMode)
                  20019d0c    00000098     rtsv7M4_T_le_eabi.lib : fclose.obj (.text)
                  20019da4    00000098                           : fputc.obj (.text)
                  20019e3c    00000094     driverlib.a : prcm.obj (.text:PRCMPeripheralClockGet)
                  20019ed0    00000094     approximations.obj (.text:facos_deg)
                  20019f64    00000094     lightSens_isl29035.obj (.text:getLightsensor_data)
                  20019ff8    00000094     rtsv7M4_T_le_eabi.lib : snprintf.obj (.text)
                  2001a08c    00000092     parse_impl.obj (.text:parseInitialize)
                  2001a11e    00000092     rtsv7M4_T_le_eabi.lib : fs_div_t2.obj (.text)
                  2001a1b0    00000090     network_relater_fns.obj (.text:InitializeUserConfigVariables)
                  2001a240    0000008c     simplelink.a : cc_pal.obj (.text:SetupDMAReceive)
                  2001a2cc    0000008c                  : cc_pal.obj (.text:SetupDMASend)
                  2001a358    0000008c                  : netapp.obj (.text:_sl_HandleAsync_DnsGetHostByName)
                  2001a3e4    0000008c                  : netapp.obj (.text:_sl_HandleAsync_PingResponse)
                  2001a470    0000008c     rtsv7M4_T_le_eabi.lib : xfdint.obj (.text)
                  2001a4fc    0000008c     simplelink.a : cc_pal.obj (.text:spi_Write)
                  2001a588    00000088     driverlib.a : prcm.obj (.text:PRCMHibernateIntervalSet)
                  2001a610    00000088                 : pin.obj (.text:PinConfigSet)
                  2001a698    00000088     rtsv7M4_T_le_eabi.lib : vsnprintf.obj (.text)
                  2001a720    00000088     simplelink.a : fs.obj (.text:sl_FsClose)
                  2001a7a8    00000086     rtsv7M4_T_le_eabi.lib : fd_cmp_t2.obj (.text:__aeabi_cdcmple)
                  2001a82e    00000086                           : fd_cmp_t2.obj (.text:__aeabi_cdrcmple)
                  2001a8b4    00000084     timer_if.obj (.text:GetPeripheralIntNum)
                  2001a938    00000084     driverlib.a : i2c.obj (.text:I2CMasterInitExpClk)
                  2001a9bc    00000084     simplelink.a : cc_pal.obj (.text:NwpPowerOnPreamble)
                  2001aa40    00000084     matrix.obj (.text:f3x3matrixAeqI)
                  2001aac4    00000084     fusion.obj (.text:fInit_6DOF_GB_BASIC)
                  2001ab48    00000080     simplelink.a : driver.obj (.text:_SlDrvCmdOp)
                  2001abc8    00000080                  : cc_pal.obj (.text:spi_Read_CPU)
                  2001ac48    00000080                  : cc_pal.obj (.text:spi_Write_CPU)
                  2001acc8    0000007c     network_relater_fns.obj (.text:ConfigureMode)
                  2001ad44    0000007c     simplelink.a : device.obj (.text:_sl_HandleAsync_InitComplete)
                  2001adc0    0000007c     matrix.obj (.text:fmatrixAeqI)
                  2001ae3c    0000007c     simplelink.a : fs.obj (.text:sl_FsGetInfo)
                  2001aeb8    0000007a     rtsv7M4_T_le_eabi.lib : fs_mul_t2.obj (.text)
                  2001af32    0000007a                           : memset_t2.obj (.text)
                  2001afac    0000007a                           : xfdnorm.obj (.text)
                  2001b026    00000002     --HOLE-- [fill = 0]
                  2001b028    00000078     i2c_if.obj (.text:I2CTransact)
                  2001b0a0    00000078     parse_uploads.obj (.text:InitialiseParse)
                  2001b118    00000078     simplelink.a : socket.obj (.text:_sl_HandleAsync_Connect)
                  2001b190    00000078                  : fs.obj (.text:sl_FsOpen)
                  2001b208    00000078                  : cc_pal.obj (.text:spi_Close)
                  2001b280    00000076     driverlib.a : uart.obj (.text:UARTConfigSetExpClk)
                  2001b2f6    00000002     --HOLE-- [fill = 0]
                  2001b2f8    00000074     camera_app.obj (.text:Wakeup_ImageSensor)
                  2001b36c    00000074     simplelink.a : socket.obj (.text:sl_Recv)
                  2001b3e0    00000073     installation.obj (.text:getInstallationCallback)
                  2001b453    00000001     --HOLE-- [fill = 0]
                  2001b454    00000072     timer_if.obj (.text:Timer_IF_IntSetup)
                  2001b4c6    00000002     --HOLE-- [fill = 0]
                  2001b4c8    00000070     batteryVoltLvlSens_adc081c021.obj (.text:Get_BatteryVoltageLevel_ADC081C021)
                  2001b538    00000070     timer_fns.obj (.text:get_timeDuration)
                  2001b5a8    0000006c     camera_app.obj (.text:CamControllerInit)
                  2001b614    0000006c     udma_if.obj (.text:UDMAInit)
                  2001b680    0000006c     simplelink.a : driver.obj (.text:_SlDrvCmdSend)
                  2001b6ec    0000006c     matrix.obj (.text:f3x3matrixAeqMinusA)
                  2001b758    0000006c     request.obj (.text:parseSendRequestInternal)
                  2001b7c4    0000006c     rtsv7M4_T_le_eabi.lib : autoinit.obj (.text)
                  2001b830    0000006c                           : fprintf.obj (.text)
                  2001b89c    0000006a     matrix.obj (.text:f3x3matrixAeqAxScalar)
                  2001b906    0000006a     rtsv7M4_T_le_eabi.lib : copy_decompress_rle.obj (.text)
                  2001b970    00000069     http.obj (.text:beginHttpGetRequest)
                  2001b9d9    00000003     --HOLE-- [fill = 0]
                  2001b9dc    00000068     Task_ImageCaptureConfigs.obj (.text:ImageSensor_CaptureConfigs_Task)
                  2001ba44    00000068     driverlib.a : prcm.obj (.text:PRCMHibernateWakeUpGPIOSelect)
                  2001baac    00000068     mt9d111.obj (.text:StartSensorInJpegMode)
                  2001bb14    00000068     simplelink.a : netapp.obj (.text:_sl_NetAppSendTokenValue)
                  2001bb7c    00000068     cc3200_utils.obj (.text:fetchDeviceOSVersion)
                  2001bbe4    00000068     rtsv7M4_T_le_eabi.lib : trgmsg.obj (.text)
                  2001bc4c    00000068     simplelink.a : device.obj (.text:sl_DevSet)
                  2001bcb4    00000068                  : netcfg.obj (.text:sl_NetCfgSet)
                  2001bd1c    00000068                  : socket.obj (.text:sl_SetSockOpt)
                  2001bd84    00000068                  : wlan.obj (.text:sl_WlanSet)
                  2001bdec    00000066     matrix.obj (.text:f3x3matrixAeqScalar)
                  2001be52    00000066     rtsv7M4_T_le_eabi.lib : xdunscal.obj (.text)
                  2001beb8    00000064                           : fseek.obj (.text)
                  2001bf1c    00000064     cc3200_socket.obj (.text:socketWait)
                  2001bf80    00000064     tempRHSens_si7020.obj (.text:softResetTempRHSensor)
                  2001bfe4    00000064     driverlib.a : udma.obj (.text:uDMAChannelAttributeDisable)
                  2001c048    00000064                 : udma.obj (.text:uDMAChannelAttributeEnable)
                  2001c0ac    00000060     rtsv7M4_T_le_eabi.lib : fs_cmp_t2.obj (.text:__aeabi_cfcmple)
                  2001c10c    00000060                           : fs_cmp_t2.obj (.text:__aeabi_cfrcmple)
                  2001c16c    00000060     simplelink.a : socket.obj (.text:_sl_HandleAsync_Accept)
                  2001c1cc    00000060     main_FXOS8700.obj (.text:fxosDefault_Initializations)
                  2001c22c    00000060     lightSens_isl29035.obj (.text:getLightsensor_intrptStatus)
                  2001c28c    00000060     accelomtrMagntomtr_fxos8700.obj (.text:getMagntData)
                  2001c2ec    00000060     rtsv7M4_T_le_eabi.lib : sprintf.obj (.text)
                  2001c34c    00000060     simplelink.a : wlan.obj (.text:sl_WlanPolicySet)
                  2001c3ac    00000060     accelomtrMagntomtr_fxos8700.obj (.text:standby_accelMagn_fxos8700)
                  2001c40c    0000005c     ota.obj (.text:OTA_Init)
                  2001c468    0000005c     camera_app.obj (.text:Standby_ImageSensor)
                  2001c4c4    0000005c     simplelink.a : socket.obj (.text:sl_Socket)
                  2001c520    00000058     driverlib.a : interrupt.obj (.text:IntPendClear)
                  2001c578    00000058                 : prcm.obj (.text:PRCMPeripheralReset)
                  2001c5d0    00000056     rtsv7M4_T_le_eabi.lib : ltoa.obj (.text)
                  2001c626    00000056                           : xfdunsca.obj (.text)
                  2001c67c    00000054     driverlib.a : interrupt.obj (.text:IntPrioritySet)
                  2001c6d0    00000054     simplelink.a : socket.obj (.text:_sl_HandleAsync_Select)
                  2001c724    00000054     approximations.obj (.text:fasin_deg)
                  2001c778    00000054     request.obj (.text:headerSend)
                  2001c7cc    00000054     simplelink.a : wlan.obj (.text:sl_WlanRxFilterSet)
                  2001c820    00000051     installation.obj (.text:createInstallationCallback)
                  2001c871    00000003     --HOLE-- [fill = 0]
                  2001c874    00000050     i2c_if.obj (.text:I2C_IF_Open)
                  2001c8c4    00000050     simplelink.a : device.obj (.text:_sl_HandleAsync_Stop)
                  2001c914    00000050     mt9d111.obj (.text:disableAE)
                  2001c964    00000050     mt9d111.obj (.text:disableAWB)
                  2001c9b4    00000050     rtsv7M4_T_le_eabi.lib : fs_toull_t2.obj (.text)
                  2001ca04    00000050     simplelink.a : fs.obj (.text:sl_FsDel)
                  2001ca54    0000004c     tasks.obj (.text:RdSensData_Init)
                  2001caa0    0000004c     driverlib.a : spi.obj (.text:SPIIntEnable)
                  2001caec    0000004c     simplelink.a : driver.obj (.text:_SlDrvProtectAsyncRespSetting)
                  2001cb38    0000004c                  : driver.obj (.text:_SlDrvRxIrqHandler)
                  2001cb84    0000004c                  : socket.obj (.text:_sl_BuildAddress)
                  2001cbd0    0000004c     rtsv7M4_T_le_eabi.lib : atoi.obj (.text)
                  2001cc1c    0000004c                           : atol.obj (.text)
                  2001cc68    0000004c                           : cpy_tbl.obj (.text)
                  2001ccb4    0000004c                           : rand.obj (.text)
                  2001cd00    0000004c     driverlib.a : udma.obj (.text:uDMAChannelAssign)
                  2001cd4c    0000004a     rtsv7M4_T_le_eabi.lib : fd_tos_t2.obj (.text)
                  2001cd96    00000002     --HOLE-- [fill = 0]
                  2001cd98    00000048     driverlib.a : prcm.obj (.text:PRCMHibernateWakeupSourceDisable)
                  2001cde0    00000048                 : prcm.obj (.text:PRCMHibernateWakeupSourceEnable)
                  2001ce28    00000048                 : spi.obj (.text:SPIIntClear)
                  2001ce70    00000048     simplelink.a : driver.obj (.text:_SlDrvBasicCmd)
                  2001ceb8    00000048     http.obj (.text:addHttpRequestLine)
                  2001cf00    00000048     approximations.obj (.text:fatan_15deg)
                  2001cf48    00000048     rtsv7M4_T_le_eabi.lib : fd_toi_t2.obj (.text)
                  2001cf90    00000046                           : ldexp.obj (.text)
                  2001cfd6    00000002     --HOLE-- [fill = 0]
                  2001cfd8    00000044     driverlib.a : spi.obj (.text:SPIDmaMaskGet)
                  2001d01c    00000044                 : timer.obj (.text:TimerConfigure)
                  2001d060    00000044     udma_if.obj (.text:UDMASetupTransfer)
                  2001d0a4    00000044     simplelink.a : cc_pal.obj (.text:cc_SetupTransfer)
                  2001d0e8    00000044     main_FXOS8700.obj (.text:fxos_Calibration)
                  2001d12c    00000044     rtsv7M4_T_le_eabi.lib : exit.obj (.text)
                  2001d170    00000044                           : fd_tou_t2.obj (.text)
                  2001d1b4    00000042     simplelink.a : socket.obj (.text:sl_Htonl)
                  2001d1f6    00000002     --HOLE-- [fill = 0]
                  2001d1f8    00000040     driverlib.a : pin.obj (.text:PinModeSet)
                  2001d238    00000040     http.obj (.text:getHttpResponseBody)
                  2001d278    00000040     rtsv7M4_T_le_eabi.lib : signal.obj (.text)
                  2001d2b8    00000040     timer_fns.obj (.text:start_1Sec_TimeoutTimer)
                  2001d2f8    0000003e     appFns_LightSensor.obj (.text:IsLightOff)
                  2001d336    0000003e     rtsv7M4_T_le_eabi.lib : strncasecmp.obj (.text)
                  2001d374    0000003c     simplelink.a : netapp.obj (.text:CopyPingResultsToReport)
                  2001d3b0    0000003c     tasks.obj (.text:Fusion_Init)
                  2001d3ec    0000003c     driverlib.a : prcm.obj (.text:PRCMPeripheralClkEnable)
                  2001d428    0000003c     simplelink.a : socket.obj (.text:_sl_TruncatePayloadByProtocol)
                  2001d464    0000003c     rtsv7M4_T_le_eabi.lib : boot.obj (.text)
                  2001d4a0    0000003c     simplelink.a : socket.obj (.text:sl_Htons)
                  2001d4dc    0000003c     timer_fns.obj (.text:start_100mSecTimer)
                  2001d518    0000003c     driverlib.a : udma.obj (.text:uDMAChannelControlSet)
                  2001d554    0000003a                 : camera.obj (.text:CameraCaptureStop)
                  2001d58e    0000003a                 : camera.obj (.text:CameraXClkConfig)
                  2001d5c8    0000003a     orientation.obj (.text:fLPFScalar)
                  2001d602    0000003a     request.obj (.text:parseSendRequest)
                  2001d63c    00000039     http.obj (.text:addHttpRequestHeader)
                  2001d675    00000003     --HOLE-- [fill = 0]
                  2001d678    00000038     simplelink.a : cc_pal.obj (.text:NwpPowerOff)
                  2001d6b0    00000038     free_rtos.a : heap_3.obj (.text)
                  2001d6e8    00000038     rtsv7M4_T_le_eabi.lib : fs_tod_t2.obj (.text)
                  2001d720    00000038                           : fs_toi_t2.obj (.text)
                  2001d758    00000038                           : i_tofs_t2.obj (.text)
                  2001d790    00000037     ota.obj (.text:OTA_Update)
                  2001d7c7    00000001     --HOLE-- [fill = 0]
                  2001d7c8    00000036     driverlib.a : gpio.obj (.text:GPIODirModeSet)
                  2001d7fe    00000036     simplelink.a : netapp.obj (.text:sl_NetAppMDNSUnRegisterService)
                  2001d834    00000035     http.obj (.text:beginHttpRequest)
                  2001d869    00000001     --HOLE-- [fill = 0]
                  2001d86a    00000034     driverlib.a : camera.obj (.text:CameraParamsConfig)
                  2001d89e    00000002     --HOLE-- [fill = 0]
                  2001d8a0    00000034                 : prcm.obj (.text:PRCMPeripheralStatusGet)
                  2001d8d4    00000034                 : spi.obj (.text:SPIFIFOLevelSet)
                  2001d908    00000034     http.obj (.text:getHttpResponseStatus)
                  2001d93c    00000034     main_FXOS8700.obj (.text:get_angle)
                  2001d970    00000034     rtsv7M4_T_le_eabi.lib : feraiseexcept.obj (.text)
                  2001d9a4    00000034                           : fs_tou_t2.obj (.text)
                  2001d9d8    00000034                           : strstr.obj (.text)
                  2001da0c    00000032     timer_if.obj (.text:Timer_IF_Init)
                  2001da3e    00000002     --HOLE-- [fill = 0]
                  2001da40    00000030     main.obj (.text:BoardInit)
                  2001da70    00000030     driverlib.a : pin.obj (.text:PinTypeGPIO)
                  2001daa0    00000030                 : uart.obj (.text:UARTDisable)
                  2001dad0    00000030     simplelink.a : device.obj (.text:_SlDrvDeviceEventHandler)
                  2001db00    00000030                  : fs.obj (.text:_sl_Strlen)
                  2001db30    00000030     rtsv7M4_T_le_eabi.lib : strncpy.obj (.text)
                  2001db60    00000030                           : xferaise.obj (.text)
                  2001db90    00000030     simplelink.a : socket.obj (.text:sl_Close)
                  2001dbc0    00000030                  : wlan.obj (.text:sl_WlanProfileDel)
                  2001dbf0    00000030                  : wlan.obj (.text:sl_WlanSetMode)
                  2001dc20    0000002e     rtsv7M4_T_le_eabi.lib : i_tofd_t2.obj (.text)
                  2001dc4e    0000002e                           : raise.obj (.text)
                  2001dc7c    0000002d     http.obj (.text:addHttpRequestHeaderInt)
                  2001dca9    00000003     --HOLE-- [fill = 0]
                  2001dcac    0000002c     tasks.obj (.text:ApplyMagHAL)
                  2001dcd8    0000002c     driverlib.a : camera.obj (.text:CameraIntEnable)
                  2001dd04    0000002c     simplelink.a : cc_pal.obj (.text:DmaSpiSwIntHandler)
                  2001dd30    0000002c     driverlib.a : i2c.obj (.text:I2CMasterErr)
                  2001dd5c    0000002c                 : prcm.obj (.text:PRCMSysResetCauseGet)
                  2001dd88    0000002c     mt9d111.obj (.text:SoftReset_ImageSensor)
                  2001ddb4    0000002c     cc3200_utils.obj (.text:getDeviceTimeDate)
                  2001dde0    0000002c     request.obj (.text:setDataBufferPointer)
                  2001de0c    0000002a     driverlib.a : timer.obj (.text:TimerLoadSet)
                  2001de36    0000002a                 : timer.obj (.text:TimerPrescaleSet)
                  2001de60    0000002a     rtsv7M4_T_le_eabi.lib : xdclass.obj (.text)
                  2001de8a    00000002     --HOLE-- [fill = 0]
                  2001de8c    00000028     driverlib.a : camera.obj (.text:CameraIntStatus)
                  2001deb4    00000028     uartA1_if.obj (.text:InitTerm)
                  2001dedc    00000028     timer_fns.obj (.text:IntHandler_1Sec_TimeoutTimer)
                  2001df04    00000028     uartA1_if.obj (.text:Message)
                  2001df2c    00000028     driverlib.a : prcm.obj (.text:PRCMPeripheralClkDisable)
                  2001df54    00000028     rtsv7M4_T_le_eabi.lib : strncat.obj (.text)
                  2001df7c    00000028     simplelink.a : netapp.obj (.text:sl_NetAppStart)
                  2001dfa4    00000028                  : netapp.obj (.text:sl_NetAppStop)
                  2001dfcc    00000026     driverlib.a : camera.obj (.text:CameraThresholdSet)
                  2001dff2    00000026     simplelink.a : cc_pal.obj (.text:NwpRegisterInterruptHandler)
                  2001e018    00000026     rtsv7M4_T_le_eabi.lib : strncmp.obj (.text)
                  2001e03e    00000002     --HOLE-- [fill = 0]
                  2001e040    00000024     driverlib.a : camera.obj (.text:CameraIntClear)
                  2001e064    00000024     timer_fns.obj (.text:IntHandler_100mSecTimer)
                  2001e088    00000024     driverlib.a : interrupt.obj (.text:IntUnregister)
                  2001e0ac    00000024     timer_if.obj (.text:Timer_IF_Start)
                  2001e0d0    00000024     driverlib.a : uart.obj (.text:UARTEnable)
                  2001e0f4    00000024     mt9d111.obj (.text:WriteAllAEnAWBRegs)
                  2001e118    00000024     simplelink.a : driver.obj (.text:_SlDrvProtectionObjLockWaitForever)
                  2001e13c    00000024     rtsv7M4_T_le_eabi.lib : u_tofs_t2.obj (.text)
                  2001e160    00000022     driverlib.a : camera.obj (.text:CameraCaptureStart)
                  2001e182    00000022                 : i2c.obj (.text:I2CMasterSlaveAddrSet)
                  2001e1a4    00000022     simplelink.a : socket.obj (.text:SL_FD_SET)
                  2001e1c6    00000022     driverlib.a : spi.obj (.text:SPIReset)
                  2001e1e8    00000022                 : spi.obj (.text:SPIWordCountSet)
                  2001e20a    00000022     rtsv7M4_T_le_eabi.lib : frexp.obj (.text)
                  2001e22c    00000022                           : memcmp.obj (.text)
                  2001e24e    00000020     driverlib.a : gpio.obj (.text:GPIOPinWrite)
                  2001e26e    00000002     --HOLE-- [fill = 0]
                  2001e270    00000020                 : interrupt.obj (.text:IntRegister)
                  2001e290    00000020     simplelink.a : cc_pal.obj (.text:NwpPowerOn)
                  2001e2b0    00000020     mt9d111.obj (.text:Refresh_mt9d111Firmware)
                  2001e2d0    00000020     simplelink.a : driver.obj (.text:_SlDrvProtectionObjUnLock)
                  2001e2f0    00000020     rtsv7M4_T_le_eabi.lib : memchr.obj (.text)
                  2001e310    00000020                           : u_tofd_t2.obj (.text)
                  2001e330    0000001e     driverlib.a : i2c.obj (.text:I2CMasterIntStatusEx)
                  2001e34e    0000001e                 : timer.obj (.text:TimerDisable)
                  2001e36c    0000001e                 : timer.obj (.text:TimerEnable)
                  2001e38a    0000001e                 : timer.obj (.text:TimerIntStatus)
                  2001e3a8    0000001e                 : uart.obj (.text:UARTCharPut)
                  2001e3c6    0000001e     simplelink.a : cc_pal.obj (.text:cc_UDMAChannelSelect)
                  2001e3e4    0000001e     rtsv7M4_T_le_eabi.lib : strcat.obj (.text)
                  2001e402    00000002     --HOLE-- [fill = 0]
                  2001e404    0000001c     tasks.obj (.text:ApplyAccelHAL)
                  2001e420    0000001c     mt9d111.obj (.text:CameraSensorInit)
                  2001e43c    0000001c     udma_if.obj (.text:DmaSwIntHandler)
                  2001e458    0000001c     driverlib.a : pin.obj (.text:PinTypeI2C)
                  2001e474    0000001c                 : timer.obj (.text:TimerValueGet)
                  2001e490    0000001c     simplelink.a : driver.obj (.text:_SlDrvObjLockWaitForever)
                  2001e4ac    0000001c                  : driver.obj (.text:_SlDrvSyncObjWaitForever)
                  2001e4c8    0000001c     rtsv7M4_T_le_eabi.lib : memccpy.obj (.text)
                  2001e4e4    0000001c     timer_fns.obj (.text:stop_100mSecTimer)
                  2001e500    0000001c     timer_fns.obj (.text:stop_1Sec_TimeoutTimer)
                  2001e51c    0000001c     driverlib.a : udma.obj (.text:uDMAChannelDisable)
                  2001e538    0000001c                 : udma.obj (.text:uDMAChannelEnable)
                  2001e554    0000001c     main.obj (.text:vApplicationMallocFailedHook)
                  2001e570    0000001a     driverlib.a : pin.obj (.text:PinTypeCamera)
                  2001e58a    0000001a                 : pin.obj (.text:PinTypeUART)
                  2001e5a4    0000001a                 : spi.obj (.text:SPIDmaDisable)
                  2001e5be    0000001a                 : spi.obj (.text:SPIDmaEnable)
                  2001e5d8    0000001a                 : spi.obj (.text:SPIFIFODisable)
                  2001e5f2    0000001a                 : spi.obj (.text:SPIFIFOEnable)
                  2001e60c    00000018                 : camera.obj (.text:CameraReset)
                  2001e624    00000018                 : gpio.obj (.text:GPIOPinRead)
                  2001e63c    00000018                 : prcm.obj (.text:PRCMHibernateEnter)
                  2001e654    00000018                 : spi.obj (.text:SPICSDisable)
                  2001e66c    00000018                 : spi.obj (.text:SPICSEnable)
                  2001e684    00000018                 : spi.obj (.text:SPIDisable)
                  2001e69c    00000018                 : spi.obj (.text:SPIEnable)
                  2001e6b4    00000018                 : timer.obj (.text:TimerIntEnable)
                  2001e6cc    00000018     timer_if.obj (.text:Timer_IF_InterruptClear)
                  2001e6e4    00000018     simplelink.a : driver.obj (.text:_SlDrvObjUnLock)
                  2001e6fc    00000018                  : driver.obj (.text:_SlDrvSyncObjSignal)
                  2001e714    00000018                  : device.obj (.text:_sl_GetStartResponseConvert)
                  2001e72c    00000018     rtsv7M4_T_le_eabi.lib : args_main.obj (.text)
                  2001e744    00000018                           : strcmp.obj (.text)
                  2001e75c    00000016     driverlib.a : camera.obj (.text:CameraDMAEnable)
                  2001e772    00000016                 : camera.obj (.text:CameraIntRegister)
                  2001e788    00000016                 : i2c.obj (.text:I2CMasterDataPut)
                  2001e79e    00000016                 : i2c.obj (.text:I2CMasterEnable)
                  2001e7b4    00000016                 : prcm.obj (.text:PRCMHIBRegRead)
                  2001e7ca    00000016                 : prcm.obj (.text:PRCMHIBRegWrite)
                  2001e7e0    00000016     simplelink.a : driver.obj (.text:_SlDrvMemZero)
                  2001e7f6    00000016     rtsv7M4_T_le_eabi.lib : strchr.obj (.text)
                  2001e80c    00000014     driverlib.a : cpu.obj (.text:CPUcpsie)
                  2001e820    00000014                 : interrupt.obj (.text:IntVTableBaseSet)
                  2001e834    00000014     app_common.obj (.text:LED_Off)
                  2001e848    00000014     app_common.obj (.text:LED_On)
                  2001e85c    00000014     rtsv7M4_T_le_eabi.lib : _lock.obj (.text)
                  2001e870    00000014                           : strcpy.obj (.text)
                  2001e884    00000014                           : strlen.obj (.text)
                  2001e898    00000014     driverlib.a : udma.obj (.text:uDMAControlBaseSet)
                  2001e8ac    00000014                 : udma.obj (.text:uDMAIntClear)
                  2001e8c0    00000012                 : i2c.obj (.text:I2CMasterControl)
                  2001e8d2    00000012                 : i2c.obj (.text:I2CMasterIntClearEx)
                  2001e8e4    00000012                 : i2c.obj (.text:I2CMasterTimeoutSet)
                  2001e8f6    00000012                 : timer.obj (.text:TimerIntClear)
                  2001e908    00000010                 : prcm.obj (.text:PRCMSOCReset)
                  2001e918    00000010     simplelink.a : socket.obj (.text:SL_FD_ZERO)
                  2001e928    00000010     timer_if.obj (.text:Timer_IF_Stop)
                  2001e938    00000010     cc3200_socket.obj (.text:socketClose)
                  2001e948    0000000e     driverlib.a : i2c.obj (.text:I2CMasterDataGet)
                  2001e956    0000000e     simplelink.a : driver.obj (.text:_SlDrvResetCmdExt)
                  2001e964    0000000e     rtsv7M4_T_le_eabi.lib : copy_decompress_none.obj (.text:decompress:none)
                  2001e972    0000000c     udma_if.obj (.text:DmaErrorIntHandler)
                  2001e97e    00000002     --HOLE-- [fill = 0]
                  2001e980    0000000c     simplelink.a : cc_pal.obj (.text:NwpMaskInterrupt)
                  2001e98c    0000000c                  : cc_pal.obj (.text:NwpUnMaskInterrupt)
                  2001e998    0000000c     rtsv7M4_T_le_eabi.lib : copy_zero_init.obj (.text:decompress:ZI)
                  2001e9a4    0000000c     parse_impl.obj (.text:getInternalClient)
                  2001e9b0    0000000c     simplelink.a : wlan.obj (.text:sl_WlanDisconnect)
                  2001e9bc    0000000c     driverlib.a : udma.obj (.text:uDMAEnable)
                  2001e9c8    0000000c                 : udma.obj (.text:uDMAIntStatus)
                  2001e9d4    0000000a                 : interrupt.obj (.text:IntMasterEnable)
                  2001e9de    0000000a     main.obj (.text:vApplicationStackOverflowHook)
                  2001e9e8    00000008     hibernate_related_fns.obj (.text:sensorsTriggerSetup)
                  2001e9f0    00000006     i2cconfig.obj (.text:MT9D111Delay)
                  2001e9f6    00000006     startup_ccs.obj (.text:ResetISR)
                  2001e9fc    00000006     driverlib.a : utils.obj (.text:UtilsDelay)
                  2001ea02    00000006     rtsv7M4_T_le_eabi.lib : copy_decompress_rle.obj (.text:decompress:rle24)
                  2001ea08    00000006                           : logf.obj (.text)
                  2001ea0e    00000006                           : sinf.obj (.text)
                  2001ea14    00000004                           : error.obj (.text)
                  2001ea18    00000004                           : pre_init.obj (.text)

.const     0    2001ea1c    00000f57     
                  2001ea1c    0000013c     mt9d111.obj (.const:init_cmds_list)
                  2001eb58    00000101     rtsv7M4_T_le_eabi.lib : ctype.obj (.const:.string:_ctypes_)
                  2001ec59    00000003     --HOLE-- [fill = 0]
                  2001ec5c    00000100     driverlib.a : pin.obj (.const:g_ulPinToPadMap)
                  2001ed5c    00000100     mt9d111.obj (.const)
                  2001ee5c    000000d4     driverlib.a : interrupt.obj (.const:g_pulRegs)
                  2001ef30    000000c4     mt9d111.obj (.const:capture_cmds_list)
                  2001eff4    000000b0     simplelink.a : wlan.obj (.const:$P$T0$1)
                  2001f0a4    000000a8     driverlib.a : prcm.obj (.const:PRCM_PeriphRegsList)
                  2001f14c    00000080                 : interrupt.obj (.const)
                  2001f1cc    0000007a     mt9d111.obj (.const:.string)
                  2001f246    00000072     lightSens_isl29035.obj (.const:.string)
                  2001f2b8    00000071     user_configure_fn.obj (.const:.string)
                  2001f329    00000068     camera_app.obj (.const:.string)
                  2001f391    00000003     --HOLE-- [fill = 0]
                  2001f394    00000068     appFns_BatteryLevelSense.obj (.const:V2CEntry$1)
                  2001f3fc    00000054     mt9d111.obj (.const:$P$T29$30)
                  2001f450    00000050     accelomtrMagntomtr_fxos8700.obj (.const:.string)
                  2001f4a0    0000004c     mt9d111.obj (.const:$P$T7$8)
                  2001f4ec    0000004b     tempRHSens_si7020.obj (.const:.string)
                  2001f537    0000003c     i2c_app.obj (.const:.string)
                  2001f573    00000001     --HOLE-- [fill = 0]
                  2001f574    0000003c     simplelink.a : driver.obj (.const:OpcodeTranslateTable)
                  2001f5b0    0000003c                  : wlan.obj (.const)
                  2001f5ec    00000038                  : driver.obj (.const:_SlActionLookupTable)
                  2001f624    00000038     rtsv7M4_T_le_eabi.lib : xflog.obj (.const)
                  2001f65c    00000038     simplelink.a : fs.obj (.const)
                  2001f694    00000036     flash_files.obj (.const:.string)
                  2001f6ca    00000002     --HOLE-- [fill = 0]
                  2001f6cc    00000034     rtsv7M4_T_le_eabi.lib : xfatan.obj (.const)
                  2001f700    00000034     simplelink.a : driver.obj (.const)
                  2001f734    00000034                  : socket.obj (.const)
                  2001f768    0000002c     network_relater_fns.obj (.const:$P$T1$2)
                  2001f794    0000002b     parse_uploads.obj (.const:.string)
                  2001f7bf    00000001     --HOLE-- [fill = 0]
                  2001f7c0    00000028     rtsv7M4_T_le_eabi.lib : xfdint.obj (.const)
                  2001f7e8    00000028                           : xfsin.obj (.const)
                  2001f810    00000028     simplelink.a : netapp.obj (.const)
                  2001f838    00000027     network_relater_fns.obj (.const:.string)
                  2001f85f    00000023     batteryVoltLvlSens_adc081c021.obj (.const:.string:$P$T0$1)
                  2001f882    00000022     network_relater_fns.obj (.const:.string:$P$T0$1)
                  2001f8a4    0000001c     rtsv7M4_T_le_eabi.lib : tanf.obj (.const)
                  2001f8c0    0000001c                           : xfexp.obj (.const)
                  2001f8dc    00000018     driverlib.a : spi.obj (.const)
                  2001f8f4    00000017     request.obj (.const:.string)
                  2001f90b    00000014     network_relater_fns.obj (.const)
                  2001f91f    00000001     --HOLE-- [fill = 0]
                  2001f920    00000014     simplelink.a : device.obj (.const)
                  2001f934    00000010                  : socket.obj (.const:.string)
                  2001f944    0000000f     application_fn.obj (.const:.string)
                  2001f953    0000000b     app_common.obj (.const:.string)
                  2001f95e    00000008     simplelink.a : device.obj (.const:.string)
                  2001f966    00000008                  : netcfg.obj (.const)
                  2001f96e    00000005     main.obj (.const:.string)

.cinit     0    2001f978    00000530     
                  2001f978    00000506     (.cinit..data.load) [load image, compression = rle]
                  2001fe7e    00000002     --HOLE-- [fill = 0]
                  2001fe80    0000000c     (__TI_handler_table)
                  2001fe8c    00000004     --HOLE-- [fill = 0]
                  2001fe90    00000008     (.cinit..bss.load) [load image, compression = zero_init]
                  2001fe98    00000010     (__TI_cinit_table)

.init_array 
*          0    20004000    00000000     UNINITIALIZED

.bss       0    20022400    00017300     UNINITIALIZED
                  20022400    00014000     main.obj (.bss:g_image_buffer)
                  20036400    00000b58     tasks.obj (.bss:thisMagBuffer)
                  20036f58    000005a0     ota.a : OtaHttp.obj (.bss:recv_buf)
                  200374f8    0000044c           : OtaClient.obj (.bss:g_OtaCheckUpdateResponse)
                  20037944    00000418     user_configure_fn.obj (.bss:thisMagCal)
                  20037d5c    00000240     ota.obj (.bss:g_otaOptServerInfo)
                  20037f9c    00000058     tasks.obj (.bss:thisMag)
                  20037ff4    0000000c     (.common:g_SecParams)
                  20038000    00000400     udma_if.obj (.bss:gpCtlTbl)
                  20038400    000003d8     ota.a : OtaClient.obj (.bss:g_OtaFileMetadata)
                  200387d8    00000370     main.obj (.bss:g_NetEntries)
                  20038b48    00000200     ota.a : OtaHttp.obj (.bss:send_buf)
                  20038d48    00000178     simplelink.a : driver.obj (.bss:g_StatMem)
                  20038ec0    00000120     rtsv7M4_T_le_eabi.lib : trgmsg.obj (.bss:__CIOBUF_)
                  20038fe0    00000100     udma_if.obj (.bss:gfpAppCallbackHndl)
                  200390e0    000000c8     free_rtos.a : tasks.obj (.bss:pxReadyTasksLists)
                  200391a8    000000ac     tasks.obj (.bss:thisSV_6DOF_GB_BASIC)
                  20039254    000000a0     rtsv7M4_T_le_eabi.lib : defs.obj (.bss:__TI_tmpnams)
                  200392f4    00000074     ota.a : CdnClient.obj (.bss:g_CdnClient)
                  20039368    00000050     simplelink.a : cc_pal.obj (.bss:g_ucDinDout)
                  200393b8    00000050     free_rtos.a : queue.obj (.bss:xQueueRegistry)
                  20039408    0000004c     ota.a : OtaApp.obj (.bss:g_OtaApp)
                  20039454    0000004c           : OtaApp.obj (.bss:g_OtaApp_statistics)
                  200394a0    00000034     cc3200_client_state.obj (.bss:clientStateFileName)
                  200394d4    00000034     main.obj (.bss:g_cWlanSecurityKey)
                  20039508    00000034     tasks.obj (.bss:thisAccel)
                  2003953c    00000024     ota.a : OtaClient.obj (.bss:g_OtaClient)
                  20039560    00000024     main.obj (.bss:g_cWlanSSID)
                  20039584    00000024     main.obj (.bss:g_ucConnectionSSID)
                  200395a8    0000001c     rtsv7M4_T_le_eabi.lib : vla_alloc.obj (.bss)
                  200395c4    00000014     (.common:g_FlcSflashCb)
                  200395d8    00000014     (.common:g_flag_blockFull)
                  200395ec    00000014     (.common:xDelayedTaskList1)
                  20039600    00000014     (.common:xDelayedTaskList2)
                  20039614    00000014     (.common:xPendingReadyList)
                  20039628    00000014     (.common:xSuspendedTaskList)
                  2003963c    00000014     (.common:xTasksWaitingTermination)
                  20039650    00000010     (.common:ang_buf)
                  20039660    00000010     (.common:globals)
                  20039670    00000010     (.common:mqxglobals)
                  20039680    00000008     (.common:g_LogClient)
                  20039688    00000008     (.common:g_ucConnectionBSSID)
                  20039690    00000008     (.common:parmbuf)
                  20039698    00000008     (.common:sBootInfo)
                  200396a0    00000004     (.common:DMAMsgQ)
                  200396a4    00000004     (.common:Elapsed_100MilliSecs)
                  200396a8    00000004     (.common:Elapsed_1Secs)
                  200396ac    00000004     (.common:__Errorlog)
                  200396b0    00000004     (.common:angle_avg)
                  200396b4    00000004     (.common:dataBuffer)
                  200396b8    00000004     (.common:g_block_lastFilled)
                  200396bc    00000004     (.common:g_cDummy)
                  200396c0    00000004     (.common:g_cWlanSecurityType)
                  200396c4    00000004     (.common:g_frame_size_in_bytes)
                  200396c8    00000004     (.common:g_position_in_block)
                  200396cc    00000004     (.common:g_readHeader)
                  200396d0    00000004     (.common:g_total_dma_intrpts)
                  200396d4    00000004     (.common:g_ulAppStatus)
                  200396d8    00000004     (.common:gdoor_40deg_angle)
                  200396dc    00000004     (.common:gdoor_90deg_angle)
                  200396e0    00000004     (.common:pvOtaApp)
                  200396e4    00000004     (.common:pxDelayedTaskList)
                  200396e8    00000004     (.common:pxOverflowDelayedTaskList)
                  200396ec    00000001     (.common:RxIrqCnt)
                  200396ed    00000001     (.common:avg_buffer_cnt)
                  200396ee    00000001     (.common:checkForLight_Flag)
                  200396ef    00000001     (.common:g_I2CPeripheral_inUse_Flag)
                  200396f0    00000001     (.common:g_dma_txn_done)
                  200396f1    00000001     (.common:g_flag_DataBlockFilled)
                  200396f2    00000001     (.common:g_flag_door_closing_45degree)
                  200396f3    00000001     (.common:g_frame_end)
                  200396f4    00000001     (.common:g_ucAngle40)
                  200396f5    00000001     (.common:g_ucAngle90)
                  200396f6    00000001     (.common:g_ucCalibration)
                  200396f7    00000001     (.common:g_ucConfig)
                  200396f8    00000001     (.common:g_ucExitButton)
                  200396f9    00000001     (.common:g_ucMagCalb)
                  200396fa    00000001     (.common:g_ucProfileAdded)
                  200396fb    00000001     (.common:g_ucPushButtonPressedTwice)
                  200396fc    00000001     (.common:iDone)
                  200396fd    00000001     (.common:isitfirsttime)
                  200396fe    00000001     (.common:print_count)
                  200396ff    00000001     (.common:valid_case)

.TI.noinit 
*          0    20022400    00000000     UNINITIALIZED

.sysmem    0    20039700    00005000     UNINITIALIZED
                  20039700    00000008     rtsv7M4_T_le_eabi.lib : memory.obj (.sysmem)
                  20039708    00004ff8     --HOLE--


LINKER GENERATED COPY TABLES

__TI_cinit_table @ 2001fe98 records: 2, size/record: 8, table size: 16
	.data: load addr=2001f978, load size=00000506 bytes, run addr=20000000, run size=00000938 bytes, compression=rle
	.bss: load addr=2001fe90, load size=00000008 bytes, run addr=20022400, run size=00017300 bytes, compression=zero_init


LINKER GENERATED HANDLER TABLE

__TI_handler_table @ 2001fe80 records: 3, size/record: 4, table size: 12
	index: 0, handler: __TI_decompress_rle24
	index: 1, handler: __TI_decompress_none
	index: 2, handler: __TI_zero_init


GLOBAL SYMBOLS: SORTED ALPHABETICALLY BY Name 

address   name                                  
-------   ----                                  
2001e405  ApplyAccelHAL                         
2001dcad  ApplyMagHAL                           
2001d12d  C$$EXIT                               
2001bc13  C$$IO$$                               
2001e80d  CPUcpsie                              
2001b5a9  CamControllerInit                     
2001e161  CameraCaptureStart                    
2001d555  CameraCaptureStop                     
2001e75d  CameraDMAEnable                       
2001e041  CameraIntClear                        
2001dcd9  CameraIntEnable                       
2001e773  CameraIntRegister                     
2001de8d  CameraIntStatus                       
2001d86b  CameraParamsConfig                    
2001e60d  CameraReset                           
2001e421  CameraSensorInit                      
2001dfcd  CameraThresholdSet                    
2001d58f  CameraXClkConfig                      
2000f25d  CaptureImage                          
2000cdf3  CdnClient_CloseServer                 
2000ce11  CdnClient_ConnectByUrl                
2000cdc1  CdnClient_Init                        
2000cc8b  CdnClient_Run                         
2000cc81  CdnClient_SetFileInfo                 
20016011  Check_I2CDevices                      
20019bdd  Config_CameraCapture                  
2001acc9  ConfigureMode                         
2000e7c5  ConfigureSimpleLinkToDefaultState     
2001214d  ConstructDeviceStateObject            
2001d375  CopyPingResultsToReport               
200396a0  DMAMsgQ                               
2000063c  DigiCertHighAssuranceEVRootCA_der_len 
2001e973  DmaErrorIntHandler                    
2001dd05  DmaSpiSwIntHandler                    
2001e43d  DmaSwIntHandler                       
200396a4  Elapsed_100MilliSecs                  
200396a8  Elapsed_1Secs                         
2001842d  EnterStandby_mt9d111                  
20018685  ExitStandby_mt9d111                   
20013ff9  FXOS8700_Init                         
2001579d  FXOS8700_ReadData                     
2001d3b1  Fusion_Init                           
20013bdd  Fusion_Run                            
2001d7c9  GPIODirModeSet                        
2001e625  GPIOPinRead                           
2001e24f  GPIOPinWrite                          
20017775  Get_BatteryPercent                    
2001b4c9  Get_BatteryVoltageLevel_ADC081C021    
20016621  Get_FridgeCamID                       
20013e9d  HIBernate                             
2000e4b5  HOSTclock                             
2000e47d  HOSTclose                             
2000e43f  HOSTgetenv                            
2000e3e3  HOSTlseek                             
2000e391  HOSTopen                              
2000e345  HOSTread                              
2000e2e7  HOSTrename                            
2000e2ad  HOSTtime                              
2000e275  HOSTunlink                            
2000e229  HOSTwrite                             
20014a61  I2CBufferRead                         
20015419  I2CBufferWrite                        
2001e8c1  I2CMasterControl                      
2001e949  I2CMasterDataGet                      
2001e789  I2CMasterDataPut                      
2001e79f  I2CMasterEnable                       
2001dd31  I2CMasterErr                          
2001a939  I2CMasterInitExpClk                   
2001e8d3  I2CMasterIntClearEx                   
2001e331  I2CMasterIntStatusEx                  
2001e183  I2CMasterSlaveAddrSet                 
2001e8e5  I2CMasterTimeoutSet                   
2001c875  I2C_IF_Open                           
2001880d  I2C_IF_Read                           
20018a4d  I2C_IF_Write                          
20018eb5  ImagCapture_Init                      
2001b9dd  ImageSensor_CaptureConfigs_Task       
2001deb5  InitTerm                              
2001b0a1  InitialiseParse                       
2001a1b1  InitializeUserConfigVariables         
200194f1  IntDisable                            
20019599  IntEnable                             
2001e065  IntHandler_100mSecTimer               
2001dedd  IntHandler_1Sec_TimeoutTimer          
2001e9d5  IntMasterEnable                       
2001c521  IntPendClear                          
2001c67d  IntPrioritySet                        
2001e271  IntRegister                           
2001e089  IntUnregister                         
2001e821  IntVTableBaseSet                      
2001d2f9  IsLightOff                            
200196e9  LED_Blink                             
2001e835  LED_Off                               
2001e849  LED_On                                
2000da53  LogClient_Close                       
2000da6b  LogClient_ConnectAndPrint             
2000da1d  LogClient_ConnectServer               
2000da05  LogClient_Init                        
2000d8c1  LogClient_Print                       
2001e9f1  MT9D111Delay                          
2000dbf9  MagCal_Run                            
2001801d  Main_Task_withHibernate               
2001df05  Message                               
2001e981  NwpMaskInterrupt                      
2001d679  NwpPowerOff                           
2001e291  NwpPowerOn                            
2001a9bd  NwpPowerOnPreamble                    
2001dff3  NwpRegisterInterruptHandler           
2001e98d  NwpUnMaskInterrupt                    
20013645  OTAServerInfoSet                      
20017b01  OTA_CommitImage                       
2001d791  OTA_Update                            
2001f574  OpcodeTranslateTable                  
2000b877  OtaClient_CloseServer                 
2000b841  OtaClient_ConnectServer               
2000b80f  OtaClient_GetNextUpdate               
2000b7dd  OtaClient_Init                        
2000b707  OtaClient_ResourceMetadata            
2000b543  OtaClient_ResourceNameConvert         
2000b495  OtaClient_UpdateCheck                 
200151b1  PRCMCC3200MCUInit                     
2001e7b5  PRCMHIBRegRead                        
2001e7cb  PRCMHIBRegWrite                       
2001e63d  PRCMHibernateEnter                    
2001a589  PRCMHibernateIntervalSet              
2001ba45  PRCMHibernateWakeUpGPIOSelect         
2001cd99  PRCMHibernateWakeupSourceDisable      
2001cde1  PRCMHibernateWakeupSourceEnable       
2001df2d  PRCMPeripheralClkDisable              
2001d3ed  PRCMPeripheralClkEnable               
20019e3d  PRCMPeripheralClockGet                
2001c579  PRCMPeripheralReset                   
2001d8a1  PRCMPeripheralStatusGet               
2001e909  PRCMSOCReset                          
2001dd5d  PRCMSysResetCauseGet                  
2001a611  PinConfigSet                          
2001d1f9  PinModeSet                            
20016821  PinMuxConfig                          
2001e571  PinTypeCamera                         
2001da71  PinTypeGPIO                           
2001e459  PinTypeI2C                            
2001e58b  PinTypeUART                           
2001ca55  RdSensData_Init                       
2001105d  RdSensData_Run                        
20017941  ReadFile_FromFlash                    
2001e2b1  Refresh_mt9d111Firmware               
20019445  Report                                
2001e9f7  ResetISR                              
200396ec  RxIrqCnt                              
2001f710  RxMsgClassLUT                         
UNDEFED   SHT$$INIT_ARRAY$$Base                 
UNDEFED   SHT$$INIT_ARRAY$$Limit                
2001e1a5  SL_FD_SET                             
2001e919  SL_FD_ZERO                            
2001e655  SPICSDisable                          
2001e66d  SPICSEnable                           
2001978d  SPIConfigSetExpClk                    
2001e685  SPIDisable                            
2001e5a5  SPIDmaDisable                         
2001e5bf  SPIDmaEnable                          
2001e69d  SPIEnable                             
2001e5d9  SPIFIFODisable                        
2001e5f3  SPIFIFOEnable                         
2001d8d5  SPIFIFOLevelSet                       
2001ce29  SPIIntClear                           
2001caa1  SPIIntEnable                          
2001e1c7  SPIReset                              
2001e1e9  SPIWordCountSet                       
20000860  SecurityParams                        
2000a251  SimpleLinkHttpServerCallback          
20013365  SimpleLinkNetAppEventHandler          
200137ad  SimpleLinkSockEventHandler            
2000c459  SimpleLinkWlanEventHandler            
2001dd89  SoftReset_ImageSensor                 
2001c469  Standby_ImageSensor                   
2001f95e  StartResponseLUT                      
2001baad  StartSensorInJpegMode                 
20017a21  Start_CameraCapture                   
2001d01d  TimerConfigure                        
2001e34f  TimerDisable                          
2001e36d  TimerEnable                           
2001e8f7  TimerIntClear                         
2001e6b5  TimerIntEnable                        
2001e38b  TimerIntStatus                        
2001de0d  TimerLoadSet                          
2001de37  TimerPrescaleSet                      
2001e475  TimerValueGet                         
2001da0d  Timer_IF_Init                         
2001b455  Timer_IF_IntSetup                     
2001e6cd  Timer_IF_InterruptClear               
2001e0ad  Timer_IF_Start                        
2001e929  Timer_IF_Stop                         
20000728  Token                                 
2001e3a9  UARTCharPut                           
2001b281  UARTConfigSetExpClk                   
2001daa1  UARTDisable                           
2001e0d1  UARTEnable                            
2001b615  UDMAInit                              
2001d061  UDMASetupTransfer                     
20017d95  UploadImageToParse                    
2001785d  UploadSensorDataToParse               
20011919  UserConfigure_Task                    
2000f99d  User_Configure                        
2001e9fd  UtilsDelay                            
2000aeb5  VDeleteSimpleLinkSpawnTask            
2000ae65  VStartSimpleLinkSpawnTask             
2000078c  Value                                 
20019241  Verify_ImageSensor                    
2001b2f9  Wakeup_ImageSensor                    
20013915  WiFi_Connect                          
2001e0f5  WriteAllAEnAWBRegs                    
20015cf5  WriteFile_ToFlash                     
2001de61  _Dclass                               
20000640  _Denorm                               
2001898d  _Dnorm                                
200159c5  _Dscale                               
2001be53  _Dunscale                             
20000650  _Eps                                  
20000928  _Errno                                
20017f45  _FAtan                                
200006c0  _FDenorm                              
2001a471  _FDint                                
2001afad  _FDnorm                               
200181c5  _FDscale                              
2001c627  _FDunscale                            
200006d0  _FEps                                 
20012d91  _FExp                                 
200006e0  _FInf                                 
200115a5  _FLog                                 
200006f0  _FNan                                 
20000710  _FRteps                               
20011fb1  _FSin                                 
20000700  _FSnan                                
20000720  _FXbig                                
20000724  _FZero                                
20000910  _Fenv                                 
2001db61  _Feraise                              
20000660  _Hugeval                              
20000670  _Inf                                  
20000680  _Nan                                  
2000cc23  _OpenStorageFile                      
2000b8b9  _OtaCleanToIdle                       
2000cbd5  _ReadFileHeaders                      
2000b9a7  _ReadStatFile                         
2000cbc9  _RecvFileChunk                        
200006a0  _Rteps                                
2001f748  _SlAcceptCmdCtrl                      
2001f5ec  _SlActionLookupTable                  
20018f6d  _SlAsyncEventGenericHandler           
2001f92c  _SlDeviceGetCmdCtrl                   
2001f930  _SlDeviceSetCmdCtrl                   
2001ce71  _SlDrvBasicCmd                        
20017e6d  _SlDrvClassifyRxMsg                   
2001ab49  _SlDrvCmdOp                           
2001b681  _SlDrvCmdSend                         
20015675  _SlDrvDataReadOp                      
20016115  _SlDrvDataWriteOp                     
2001dad1  _SlDrvDeviceEventHandler              
20016ef9  _SlDrvDriverCBDeinit                  
20012f09  _SlDrvDriverCBInit                    
2001e7e1  _SlDrvMemZero                         
200096e1  _SlDrvMsgRead                         
20018b09  _SlDrvMsgReadCmdCtx                   
2001996d  _SlDrvMsgReadSpawnCtx                 
20010e91  _SlDrvMsgWrite                        
20016721  _SlDrvNetAppEventHandler              
2001e491  _SlDrvObjLockWaitForever              
2001e6e5  _SlDrvObjUnLock                       
2001caed  _SlDrvProtectAsyncRespSetting         
2001e119  _SlDrvProtectionObjLockWaitForever    
2001e2d1  _SlDrvProtectionObjUnLock             
20010cc1  _SlDrvReleasePoolObj                  
2001e957  _SlDrvResetCmdExt                     
2000fbed  _SlDrvRxHdrRead                       
2001cb39  _SlDrvRxIrqHandler                    
2001e6fd  _SlDrvSyncObjSignal                   
2001e4ad  _SlDrvSyncObjWaitForever              
200122e5  _SlDrvWaitForPoolObj                  
2001f928  _SlEventMaskGetCmdCtrl                
2001f924  _SlEventMaskSetCmdCtrl                
200134d5  _SlFindAndSetActiveObj                
2001f660  _SlFsCloseCmdCtrl                     
2001f670  _SlFsDeleteCmdCtrl                    
2001f66c  _SlFsGetInfoCmdCtrl                   
2001f65c  _SlFsOpenCmdCtrl                      
2001f664  _SlFsReadCmdCtrl                      
2001f668  _SlFsWriteCmdCtrl                     
2001f824  _SlGetHostByNameCtrl                  
2001f820  _SlGetHostByServiceCtrl               
2001f818  _SlGetServiceListeCtrl                
2001f754  _SlGetSockOptCmdCtrl                  
2001f744  _SlListenCmdCtrl                      
2001f830  _SlNetAppGetCmdCtrl                   
2001f82c  _SlNetAppSendTokenValueCmdCtrl        
2001f828  _SlNetAppSetCmdCtrl                   
2001f810  _SlNetAppStartCtrl                    
2001f814  _SlNetAppStopCtrl                     
2001f96a  _SlNetCfgGetCmdCtrl                   
2001f966  _SlNetCfgSetCmdCtrl                   
2001f934  _SlPayloadByProtocolLUT               
2001f5b4  _SlPolicyGetCmdCtrl                   
2001f5b0  _SlPolicySetCmdCtrl                   
2001f5bc  _SlProfileDelCmdCtrl                  
2001f5b8  _SlProfileGetCmdCtrl                  
2001f74c  _SlRecvCmdCtrl                        
2001f73c  _SlRecvfomCmdCtrl                     
2001f81c  _SlRegisterServiceCtrl                
20018749  _SlRemoveFromList                     
2001f5c4  _SlRxFilterAddtCmdCtrl                
2001f5cc  _SlRxFilterGetCmdCtrl                 
2001f5c8  _SlRxFilterSetCmdCtrl                 
2001f758  _SlSelectCmdCtrl                      
2001f740  _SlSendCmdCtrl                        
2001f750  _SlSetSockOptCmdCtrl                  
2001f5d0  _SlSmartConfigStartCmdCtrl            
2001f738  _SlSockCloseCmdCtrl                   
2001f734  _SlSockSocketCmdCtrl                  
2001f920  _SlStopCmdCtrl                        
2001f5dc  _SlWlanCfgGetCmdCtrl                  
2001f5d8  _SlWlanCfgSetCmdCtrl                  
2001f5c0  _SlWlanGetNetworkListCtrl             
2001f5d4  _SlWlanSetModeCmdCtrl                 
20000690  _Snan                                 
20000914  _Tls_setup__Fenv                      
2000b959  _WriteStatFile                        
200006b0  _Xbig                                 
200006b8  _Zero                                 
20038ec0  __CIOBUF_                             
20004000  __STACK_END                           
[...]
2001b2f9  Wakeup_ImageSensor                    
2001b36d  sl_Recv                               
2001b455  Timer_IF_IntSetup                     
2001b4c9  Get_BatteryVoltageLevel_ADC081C021    
2001b539  get_timeDuration                      
2001b5a9  CamControllerInit                     
2001b615  UDMAInit                              
2001b681  _SlDrvCmdSend                         
2001b6ed  f3x3matrixAeqMinusA                   
2001b759  parseSendRequestInternal              
2001b7c5  __TI_auto_init                        
2001b839  fprintf                               
2001b89d  f3x3matrixAeqAxScalar                 
2001b971  beginHttpGetRequest                   
2001b9dd  ImageSensor_CaptureConfigs_Task       
2001ba45  PRCMHibernateWakeUpGPIOSelect         
2001baad  StartSensorInJpegMode                 
2001bb15  _sl_NetAppSendTokenValue              
2001bb7d  fetchDeviceOSVersion                  
2001bbe5  __TI_writemsg                         
2001bc13  C$$IO$$                               
2001bc17  __TI_readmsg                          
2001bc4d  sl_DevSet                             
2001bcb5  sl_NetCfgSet                          
2001bd1d  sl_SetSockOpt                         
2001bd85  sl_WlanSet                            
2001bded  f3x3matrixAeqScalar                   
2001be53  _Dunscale                             
2001beb9  fseek                                 
2001bf1d  socketWait                            
2001bf81  softResetTempRHSensor                 
2001bfe5  uDMAChannelAttributeDisable           
2001c049  uDMAChannelAttributeEnable            
2001c0ad  __aeabi_cfcmpeq                       
2001c0ad  __aeabi_cfcmple                       
2001c10d  __aeabi_cfrcmple                      
2001c16d  _sl_HandleAsync_Accept                
2001c1cd  fxosDefault_Initializations           
2001c22d  getLightsensor_intrptStatus           
2001c28d  getMagntData                          
2001c2ed  sprintf                               
2001c34d  sl_WlanPolicySet                      
2001c3ad  standby_accelMagn_fxos8700            
2001c469  Standby_ImageSensor                   
2001c4c5  sl_Socket                             
2001c521  IntPendClear                          
2001c579  PRCMPeripheralReset                   
2001c5d1  ltoa                                  
2001c627  _FDunscale                            
2001c67d  IntPrioritySet                        
2001c6d1  _sl_HandleAsync_Select                
2001c725  fasin_deg                             
2001c779  headerSend                            
2001c7cd  sl_WlanRxFilterSet                    
2001c875  I2C_IF_Open                           
2001c8c5  _sl_HandleAsync_Stop                  
2001c915  disableAE                             
2001c965  disableAWB                            
2001c9b5  __aeabi_f2ulz                         
2001ca05  sl_FsDel                              
2001ca55  RdSensData_Init                       
2001caa1  SPIIntEnable                          
2001caed  _SlDrvProtectAsyncRespSetting         
2001cb39  _SlDrvRxIrqHandler                    
2001cb85  _sl_BuildAddress                      
2001cbd1  atoi                                  
2001cc1d  atol                                  
2001cc69  copy_in                               
2001ccb5  srand                                 
2001cccb  rand                                  
2001cd01  uDMAChannelAssign                     
2001cd4d  __aeabi_d2f                           
2001cd99  PRCMHibernateWakeupSourceDisable      
2001cde1  PRCMHibernateWakeupSourceEnable       
2001ce29  SPIIntClear                           
2001ce71  _SlDrvBasicCmd                        
2001ceb9  addHttpRequestLine                    
2001cf01  fatan_15deg                           
2001cf49  __aeabi_d2iz                          
2001cf91  ldexp                                 
2001d01d  TimerConfigure                        
2001d061  UDMASetupTransfer                     
2001d0e9  fxos_Calibration                      
2001d12d  C$$EXIT                               
2001d131  abort                                 
2001d139  exit                                  
2001d171  __aeabi_d2uiz                         
2001d1b5  sl_Htonl                              
2001d1f9  PinModeSet                            
2001d239  getHttpResponseBody                   
2001d279  signal                                
2001d2b9  start_1Sec_TimeoutTimer               
2001d2f9  IsLightOff                            
2001d337  strncasecmp                           
2001d375  CopyPingResultsToReport               
2001d3b1  Fusion_Init                           
2001d3ed  PRCMPeripheralClkEnable               
2001d429  _sl_TruncatePayloadByProtocol         
2001d465  _c_int00                              
2001d4a1  sl_Htons                              
2001d4dd  start_100mSecTimer                    
2001d519  uDMAChannelControlSet                 
2001d555  CameraCaptureStop                     
2001d58f  CameraXClkConfig                      
2001d5c9  fLPFScalar                            
2001d603  parseSendRequest                      
2001d63d  addHttpRequestHeader                  
2001d679  NwpPowerOff                           
2001d6b1  pvPortMalloc                          
2001d6d1  vPortFree                             
2001d6e9  __aeabi_f2d                           
2001d721  __aeabi_f2iz                          
2001d759  __aeabi_i2f                           
2001d791  OTA_Update                            
2001d7c9  GPIODirModeSet                        
2001d7ff  sl_NetAppMDNSUnRegisterService        
2001d835  beginHttpRequest                      
2001d86b  CameraParamsConfig                    
2001d8a1  PRCMPeripheralStatusGet               
2001d8d5  SPIFIFOLevelSet                       
2001d909  getHttpResponseStatus                 
2001d93d  get_angle                             
2001d971  feraiseexcept                         
2001d9a5  __aeabi_f2uiz                         
2001d9d9  strstr                                
2001da0d  Timer_IF_Init                         
2001da71  PinTypeGPIO                           
2001daa1  UARTDisable                           
2001dad1  _SlDrvDeviceEventHandler              
2001db01  _sl_Strlen                            
2001db31  strncpy                               
2001db61  _Feraise                              
2001db91  sl_Close                              
2001dbc1  sl_WlanProfileDel                     
2001dbf1  sl_WlanSetMode                        
2001dc21  __aeabi_i2d                           
2001dc4f  raise                                 
2001dc7d  addHttpRequestHeaderInt               
2001dcad  ApplyMagHAL                           
2001dcd9  CameraIntEnable                       
2001dd05  DmaSpiSwIntHandler                    
2001dd31  I2CMasterErr                          
2001dd5d  PRCMSysResetCauseGet                  
2001dd89  SoftReset_ImageSensor                 
2001dde1  setDataBufferPointer                  
2001de0d  TimerLoadSet                          
2001de37  TimerPrescaleSet                      
2001de61  _Dclass                               
2001de8d  CameraIntStatus                       
2001deb5  InitTerm                              
2001dedd  IntHandler_1Sec_TimeoutTimer          
2001df05  Message                               
2001df2d  PRCMPeripheralClkDisable              
2001df55  strncat                               
2001df7d  sl_NetAppStart                        
2001dfa5  sl_NetAppStop                         
2001dfcd  CameraThresholdSet                    
2001dff3  NwpRegisterInterruptHandler           
2001e019  strncmp                               
2001e041  CameraIntClear                        
2001e065  IntHandler_100mSecTimer               
2001e089  IntUnregister                         
2001e0ad  Timer_IF_Start                        
2001e0d1  UARTEnable                            
2001e0f5  WriteAllAEnAWBRegs                    
2001e119  _SlDrvProtectionObjLockWaitForever    
2001e13d  __aeabi_ui2f                          
2001e161  CameraCaptureStart                    
2001e183  I2CMasterSlaveAddrSet                 
2001e1a5  SL_FD_SET                             
2001e1c7  SPIReset                              
2001e1e9  SPIWordCountSet                       
2001e20b  frexp                                 
2001e22d  memcmp                                
2001e24f  GPIOPinWrite                          
2001e271  IntRegister                           
2001e291  NwpPowerOn                            
2001e2b1  Refresh_mt9d111Firmware               
2001e2d1  _SlDrvProtectionObjUnLock             
2001e2f1  memchr                                
2001e311  __aeabi_ui2d                          
2001e331  I2CMasterIntStatusEx                  
2001e34f  TimerDisable                          
2001e36d  TimerEnable                           
2001e38b  TimerIntStatus                        
2001e3a9  UARTCharPut                           
2001e3e5  strcat                                
2001e405  ApplyAccelHAL                         
2001e421  CameraSensorInit                      
2001e43d  DmaSwIntHandler                       
2001e459  PinTypeI2C                            
2001e475  TimerValueGet                         
2001e491  _SlDrvObjLockWaitForever              
2001e4ad  _SlDrvSyncObjWaitForever              
2001e4c9  memccpy                               
2001e4e5  stop_100mSecTimer                     
2001e501  stop_1Sec_TimeoutTimer                
2001e51d  uDMAChannelDisable                    
2001e539  uDMAChannelEnable                     
2001e555  vApplicationMallocFailedHook          
2001e571  PinTypeCamera                         
2001e58b  PinTypeUART                           
2001e5a5  SPIDmaDisable                         
2001e5bf  SPIDmaEnable                          
2001e5d9  SPIFIFODisable                        
2001e5f3  SPIFIFOEnable                         
2001e60d  CameraReset                           
2001e625  GPIOPinRead                           
2001e63d  PRCMHibernateEnter                    
2001e655  SPICSDisable                          
2001e66d  SPICSEnable                           
2001e685  SPIDisable                            
2001e69d  SPIEnable                             
2001e6b5  TimerIntEnable                        
2001e6cd  Timer_IF_InterruptClear               
2001e6e5  _SlDrvObjUnLock                       
2001e6fd  _SlDrvSyncObjSignal                   
2001e715  _sl_GetStartResponseConvert           
2001e72d  _args_main                            
2001e745  strcmp                                
2001e75d  CameraDMAEnable                       
2001e773  CameraIntRegister                     
2001e789  I2CMasterDataPut                      
2001e79f  I2CMasterEnable                       
2001e7b5  PRCMHIBRegRead                        
2001e7cb  PRCMHIBRegWrite                       
2001e7e1  _SlDrvMemZero                         
2001e7f7  strchr                                
2001e80d  CPUcpsie                              
2001e821  IntVTableBaseSet                      
2001e835  LED_Off                               
2001e849  LED_On                                
2001e85d  _register_unlock                      
2001e863  _register_lock                        
2001e86b  _nop                                  
2001e871  strcpy                                
2001e885  strlen                                
2001e899  uDMAControlBaseSet                    
2001e8ad  uDMAIntClear                          
2001e8c1  I2CMasterControl                      
2001e8d3  I2CMasterIntClearEx                   
2001e8e5  I2CMasterTimeoutSet                   
2001e8f7  TimerIntClear                         
2001e909  PRCMSOCReset                          
2001e919  SL_FD_ZERO                            
2001e929  Timer_IF_Stop                         
2001e939  socketClose                           
2001e949  I2CMasterDataGet                      
2001e957  _SlDrvResetCmdExt                     
2001e965  __TI_decompress_none                  
2001e973  DmaErrorIntHandler                    
2001e981  NwpMaskInterrupt                      
2001e98d  NwpUnMaskInterrupt                    
2001e999  __TI_zero_init                        
2001e9a5  getInternalClient                     
2001e9b1  sl_WlanDisconnect                     
2001e9bd  uDMAEnable                            
2001e9c9  uDMAIntStatus                         
2001e9d5  IntMasterEnable                       
2001e9df  vApplicationStackOverflowHook         
2001e9e9  sensorsTriggerSetup                   
2001e9f1  MT9D111Delay                          
2001e9f7  ResetISR                              
2001e9fd  UtilsDelay                            
2001ea03  __TI_decompress_rle24                 
2001ea09  logf                                  
2001ea0f  sinf                                  
2001ea15  __abort_execution                     
2001ea19  _system_pre_init                      
2001eb58  _ctypes_                              
2001f574  OpcodeTranslateTable                  
2001f5b0  _SlPolicySetCmdCtrl                   
2001f5b4  _SlPolicyGetCmdCtrl                   
2001f5b8  _SlProfileGetCmdCtrl                  
2001f5bc  _SlProfileDelCmdCtrl                  
2001f5c0  _SlWlanGetNetworkListCtrl             
2001f5c4  _SlRxFilterAddtCmdCtrl                
2001f5c8  _SlRxFilterSetCmdCtrl                 
2001f5cc  _SlRxFilterGetCmdCtrl                 
2001f5d0  _SlSmartConfigStartCmdCtrl            
2001f5d4  _SlWlanSetModeCmdCtrl                 
2001f5d8  _SlWlanCfgSetCmdCtrl                  
2001f5dc  _SlWlanCfgGetCmdCtrl                  
2001f5ec  _SlActionLookupTable                  
2001f65c  _SlFsOpenCmdCtrl                      
2001f660  _SlFsCloseCmdCtrl                     
2001f664  _SlFsReadCmdCtrl                      
2001f668  _SlFsWriteCmdCtrl                     
2001f66c  _SlFsGetInfoCmdCtrl                   
2001f670  _SlFsDeleteCmdCtrl                    
2001f700  g_H2NSyncPattern                      
2001f708  g_H2NCnysPattern                      
2001f710  RxMsgClassLUT                         
2001f734  _SlSockSocketCmdCtrl                  
2001f738  _SlSockCloseCmdCtrl                   
2001f73c  _SlRecvfomCmdCtrl                     
2001f740  _SlSendCmdCtrl                        
2001f744  _SlListenCmdCtrl                      
2001f748  _SlAcceptCmdCtrl                      
2001f74c  _SlRecvCmdCtrl                        
2001f750  _SlSetSockOptCmdCtrl                  
2001f754  _SlGetSockOptCmdCtrl                  
2001f758  _SlSelectCmdCtrl                      
2001f810  _SlNetAppStartCtrl                    
2001f814  _SlNetAppStopCtrl                     
2001f818  _SlGetServiceListeCtrl                
2001f81c  _SlRegisterServiceCtrl                
2001f820  _SlGetHostByServiceCtrl               
2001f824  _SlGetHostByNameCtrl                  
2001f828  _SlNetAppSetCmdCtrl                   
2001f82c  _SlNetAppSendTokenValueCmdCtrl        
2001f830  _SlNetAppGetCmdCtrl                   
2001f8f4  g_deviceClientVersion                 
2001f920  _SlStopCmdCtrl                        
2001f924  _SlEventMaskSetCmdCtrl                
2001f928  _SlEventMaskGetCmdCtrl                
2001f92c  _SlDeviceGetCmdCtrl                   
2001f930  _SlDeviceSetCmdCtrl                   
2001f934  _SlPayloadByProtocolLUT               
2001f953  pcDigits                              
2001f95e  StartResponseLUT                      
2001f966  _SlNetCfgSetCmdCtrl                   
2001f96a  _SlNetCfgGetCmdCtrl                   
2001f978  __TI_static_base__                    
2001fe80  __TI_Handler_Table_Base               
2001fe8c  __TI_Handler_Table_Limit              
2001fe98  __TI_CINIT_Base                       
2001fea8  __TI_CINIT_Limit                      
20022400  g_image_buffer                        
20036400  thisMagBuffer                         
200374f8  g_OtaCheckUpdateResponse              
20037944  thisMagCal                            
20037f9c  thisMag                               
20037ff4  g_SecParams                           
20038000  gpCtlTbl                              
20038400  g_OtaFileMetadata                     
200387d8  g_NetEntries                          
20038d48  g_StatMem                             
20038ec0  __CIOBUF_                             
20038fe0  gfpAppCallbackHndl                    
200391a8  thisSV_6DOF_GB_BASIC                  
20039254  __TI_tmpnams                          
200392f4  g_CdnClient                           
20039368  g_ucDinDout                           
200393b8  xQueueRegistry                        
20039408  g_OtaApp                              
20039454  g_OtaApp_statistics                   
200394a0  clientStateFileName                   
200394d4  g_cWlanSecurityKey                    
20039508  thisAccel                             
2003953c  g_OtaClient                           
20039560  g_cWlanSSID                           
20039584  g_ucConnectionSSID                    
200395c4  g_FlcSflashCb                         
200395d8  g_flag_blockFull                      
20039650  ang_buf                               
20039660  globals                               
20039670  mqxglobals                            
20039680  g_LogClient                           
20039688  g_ucConnectionBSSID                   
200396a0  DMAMsgQ                               
200396a4  Elapsed_100MilliSecs                  
200396a8  Elapsed_1Secs                         
200396b0  angle_avg                             
200396b4  dataBuffer                            
200396b8  g_block_lastFilled                    
200396bc  g_cDummy                              
200396c0  g_cWlanSecurityType                   
200396c4  g_frame_size_in_bytes                 
200396c8  g_position_in_block                   
200396cc  g_readHeader                          
200396d4  g_ulAppStatus                         
200396d8  gdoor_40deg_angle                     
200396dc  gdoor_90deg_angle                     
200396ec  RxIrqCnt                              
200396ed  avg_buffer_cnt                        
200396ee  checkForLight_Flag                    
200396ef  g_I2CPeripheral_inUse_Flag            
200396f1  g_flag_DataBlockFilled                
200396f2  g_flag_door_closing_45degree          
200396f3  g_frame_end                           
200396f4  g_ucAngle40                           
200396f5  g_ucAngle90                           
200396f6  g_ucCalibration                       
200396f7  g_ucConfig                            
200396f8  g_ucExitButton                        
200396f9  g_ucMagCalb                           
200396fa  g_ucProfileAdded                      
200396fb  g_ucPushButtonPressedTwice            
200396fc  iDone                                 
200396fd  isitfirsttime                         
200396fe  print_count                           
200396ff  valid_case                            
20039700  _sys_memory                           
ffffffff  __binit__                             
ffffffff  __c_args__                            
ffffffff  binit                                 
UNDEFED   SHT$$INIT_ARRAY$$Base                 
UNDEFED   SHT$$INIT_ARRAY$$Limit                

[867 symbols]
