******************************************************************************
                  TI ARM Linker PC v5.1.6                      
******************************************************************************
>> Linked Mon Apr 27 13:09:33 2015

OUTPUT FILE NAME:   <ULP_SEC_CAM.out>
ENTRY POINT SYMBOL: "_c_int00"  address: 200142b5


MEMORY CONFIGURATION

         name            origin    length      used     unused   attr    fill
----------------------  --------  ---------  --------  --------  ----  --------
  SRAM_BOOTLDR          20000000   00004000  00002540  00001ac0  RW X
  SRAM_CODE             20004000   00014000  00012734  000018cc  RW X
  SRAM_DATA             20018000   00024000  00018905  0000b6fb  RW X


SEGMENT ALLOCATION MAP

run origin  load origin   length   init length attrs members
----------  ----------- ---------- ----------- ----- -------
20000000    20000000    00001540   00000000    rw-
  20000000    20000000    00001540   00000000    rw- .data
20003000    20003000    00001000   00000000    rw-
  20003000    20003000    00001000   00000000    rw- .stack
20004000    20004000    00012738   00012738    r-x
  20004000    20004000    00000400   00000400    r-- .intvecs
  20004400    20004400    00010c0c   00010c0c    r-x .text
  20015010    20015010    00000b78   00000b78    r-- .const
  20015b88    20015b88    00000bb0   00000bb0    r-- .cinit
20018000    20018000    00018908   00000000    rw-
  20018000    20018000    00014905   00000000    rw- .bss
  2002c908    2002c908    00004000   00000000    rw- .sysmem


SECTION ALLOCATION MAP

 output                                  attributes/
section   page    origin      length       input sections
--------  ----  ----------  ----------   ----------------
.init_array 
*          0    20004000    00000000     UNINITIALIZED

.data      0    20000000    00001540     UNINITIALIZED
                  20000000    00000600     camera_app.obj (.data:JPEG_StdHuffmanTbl)
                  20000600    00000400     camera_app.obj (.data:g_header)
                  20000a00    000003c9     libparse.a : cc3200_certificate.obj (.data:DigiCertHighAssuranceEVRootCA_der)
                  20000dc9    00000003     --HOLE--
                  20000dcc    00000184     simplelink.a : driver.obj (.data)
                  20000f50    000000f0     rtsv7M4_T_le_eabi.lib : defs.obj (.data:_ftable)
                  20001040    000000d0                           : lowlev.obj (.data)
                  20001110    000000b0                           : signal.obj (.data:sigtable)
                  200011c0    00000080                           : xvalues.obj (.data)
                  20001240    00000070                           : xlvalues.obj (.data)
                  200012b0    00000068                           : xfvalues.obj (.data)
                  20001318    00000064     simplelink.a : cc_pal.obj (.data)
                  2000137c    00000040     camera_app.obj (.data:JPEG_StdQuantTblC)
                  200013bc    00000040     camera_app.obj (.data:JPEG_StdQuantTblY)
                  200013fc    00000040     camera_app.obj (.data:zigzag)
                  2000143c    00000034     free_rtos.a : tasks.obj (.data)
                  20001470    0000002c     libparse.a : cc3200_utils.obj (.data:lastDateTime)
                  2000149c    00000018                : cc3200_utils.obj (.data)
                  200014b4    00000018                : request.obj (.data)
                  200014cc    00000010     rtsv7M4_T_le_eabi.lib : defs.obj (.data)
                  200014dc    0000000c     free_rtos.a : osi_freertos.obj (.data)
                  200014e8    0000000c     network_relater_fns.obj (.data)
                  200014f4    0000000c     rtsv7M4_T_le_eabi.lib : memory.obj (.data)
                  20001500    00000008     camera_app.obj (.data)
                  20001508    00000008     rtsv7M4_T_le_eabi.lib : _lock.obj (.data)
                  20001510    00000008                           : exit.obj (.data)
                  20001518    00000008                           : feraiseexcept.obj (.data)
                  20001520    00000006     libparse.a : http.obj (.data)
                  20001526    00000002     --HOLE--
                  20001528    00000004     free_rtos.a : port.obj (.data)
                  2000152c    00000004     libparse.a : cc3200_certificate.obj (.data)
                  20001530    00000004     rtsv7M4_T_le_eabi.lib : errno.obj (.data)
                  20001534    00000004                           : fopen.obj (.data)
                  20001538    00000004                           : rand.obj (.data)
                  2000153c    00000004                           : stkdepth_vars.obj (.data)

.stack     0    20003000    00001000     UNINITIALIZED
                  20003000    00001000     --HOLE--

.intvecs   0    20004000    00000400     
                  20004000    00000400     startup_ccs.obj (.intvecs)

.text      0    20004400    00010c0c     
                  20004400    00001258     free_rtos.a : tasks.obj (.text)
                  20005658    00000ec0     rtsv7M4_T_le_eabi.lib : _printfi.obj (.text)
                  20006518    00000c24     network_relater_fns.obj (.text)
                  2000713c    00000bd8     camera_app.obj (.text)
                  20007d14    00000b24     free_rtos.a : queue.obj (.text)
                  20008838    00000b10     libparse.a : request.obj (.text)
                  20009348    0000093a     accelomtrMagntomtr_fxos8700.obj (.text)
                  20009c82    00000002     driverlib.a : interrupt.obj (.text:IntDefaultHandler)
                  20009c84    000006f8     mt9d111.obj (.text)
                  2000a37c    0000064e     libparse.a : cc3200_utils.obj (.text)
                  2000a9ca    00000002     --HOLE-- [fill = 0]
                  2000a9cc    00000518                : installation.obj (.text)
                  2000aee4    000004a2                : simplejson.obj (.text)
                  2000b386    00000002     --HOLE-- [fill = 0]
                  2000b388    0000049c                : cc3200_socket.obj (.text)
                  2000b824    00000490     rtsv7M4_T_le_eabi.lib : pow.obj (.text)
                  2000bcb4    0000045c     free_rtos.a : osi_freertos.obj (.text)
                  2000c110    000003cc     rtsv7M4_T_le_eabi.lib : memory.obj (.text)
                  2000c4dc    000003b4     libparse.a : cc3200_client_state.obj (.text)
                  2000c890    000003a6     simplelink.a : driver.obj (.text:_SlDrvMsgRead)
                  2000cc36    00000002     --HOLE-- [fill = 0]
                  2000cc38    0000034c                  : driver.obj (.text:_SlAsyncEventGenericHandler)
                  2000cf84    00000310     rtsv7M4_T_le_eabi.lib : lowlev.obj (.text)
                  2000d294    000002f8     main.obj (.text)
                  2000d58c    000002e4     rtsv7M4_T_le_eabi.lib : xlog.obj (.text)
                  2000d870    000002d4                           : trgdrv.obj (.text)
                  2000db44    000002a0                           : vla_alloc.obj (.text)
                  2000dde4    0000027c     parse_uploads.obj (.text)
                  2000e060    000001fc     rtsv7M4_T_le_eabi.lib : xexp.obj (.text)
                  2000e25c    000001f4                           : ull_div_t2.obj (.text)
                  2000e450    000001dc     libparse.a : cc3200_certificate.obj (.text)
                  2000e62c    000001c0     rtsv7M4_T_le_eabi.lib : fopen.obj (.text)
                  2000e7ec    000001b8     uartA1_if.obj (.text)
                  2000e9a4    000001b6     rtsv7M4_T_le_eabi.lib : fd_add_t2.obj (.text)
                  2000eb5a    00000002     --HOLE-- [fill = 0]
                  2000eb5c    000001b0     libparse.a : http.obj (.text)
                  2000ed0c    0000019c     simplelink.a : wlan.obj (.text:sl_WlanConnect)
                  2000eea8    00000194     udma_if.obj (.text)
                  2000f03c    0000018c     i2c_if.obj (.text)
                  2000f1c8    00000188     rtsv7M4_T_le_eabi.lib : xlatan.obj (.text)
                  2000f350    00000170     i2cconfig.obj (.text)
                  2000f4c0    00000164     simplelink.a : driver.obj (.text:_SlDrvDataReadOp)
                  2000f624    00000140                  : driver.obj (.text:_SlDrvRxHdrRead)
                  2000f764    00000140     rtsv7M4_T_le_eabi.lib : sqrt.obj (.text)
                  2000f8a4    00000136                           : fd_div_t2.obj (.text)
                  2000f9da    00000002     --HOLE-- [fill = 0]
                  2000f9dc    00000134     driverlib.a : prcm.obj (.text:PRCMCC3200MCUInit)
                  2000fb10    00000134     rtsv7M4_T_le_eabi.lib : fputs.obj (.text)
                  2000fc44    00000130     simplelink.a : cc_pal.obj (.text:spi_Open)
                  2000fd74    0000012c                  : driver.obj (.text:_SlDrvDataWriteOp)
                  2000fea0    0000012a     free_rtos.a : list.obj (.text)
                  2000ffca    00000002     --HOLE-- [fill = 0]
                  2000ffcc    00000116     libparse.a : parse_impl.obj (.text)
                  200100e2    00000002     --HOLE-- [fill = 0]
                  200100e4    00000114     simplelink.a : driver.obj (.text:_SlDrvMsgWrite)
                  200101f8    00000110     free_rtos.a : port.obj (.text)
                  20010308    00000110     rtsv7M4_T_le_eabi.lib : xdscale.obj (.text)
                  20010418    0000010c     simplelink.a : driver.obj (.text:_SlDrvWaitForPoolObj)
                  20010524    0000010c     i2c_app.obj (.text)
                  20010630    00000108     simplelink.a : socket.obj (.text:sl_Select)
                  20010738    00000104                  : driver.obj (.text:_SlDrvReleasePoolObj)
                  2001083c    00000104     rtsv7M4_T_le_eabi.lib : atan2l.obj (.text)
                  20010940    000000fc                           : fd_mul_t2.obj (.text)
                  20010a3c    000000fa                           : fs_add_t2.obj (.text)
                  20010b36    00000002     --HOLE-- [fill = 0]
                  20010b38    000000f0     driverlib.a : udma.obj (.text:uDMAChannelTransferSet)
                  20010c28    000000e8     simplelink.a : socket.obj (.text:sl_Connect)
                  20010d10    000000e8                  : cc_pal.obj (.text:spi_Write)
                  20010df8    000000dc     rtsv7M4_T_le_eabi.lib : setvbuf.obj (.text)
                  20010ed4    000000d8     simplelink.a : netapp.obj (.text:sl_NetAppDnsGetHostByName)
                  20010fac    000000d8     timer_fns.obj (.text)
                  20011084    000000cc     simplelink.a : cc_pal.obj (.text:spi_Read)
                  20011150    000000c4     rtsv7M4_T_le_eabi.lib : xdint.obj (.text)
                  20011214    000000c4                           : xdnorm.obj (.text)
                  200112d8    000000c4     simplelink.a : device.obj (.text:sl_Stop)
                  2001139c    000000c0     rtsv7M4_T_le_eabi.lib : fflush.obj (.text)
                  2001145c    000000c0     simplelink.a : device.obj (.text:sl_Start)
                  2001151c    000000ba     free_rtos.a : portasm.obj (.text)
                  200115d6    00000002     --HOLE-- [fill = 0]
                  200115d8    000000b4     simplelink.a : driver.obj (.text:_SlDrvMsgReadCmdCtx)
                  2001168c    000000b4     libparse.a : cc3200_debug.obj (.text)
                  20011740    000000b2     simplelink.a : netapp.obj (.text:_SlDrvNetAppEventHandler)
                  200117f2    000000b2     pinmux.obj (.text)
                  200118a4    000000b0     simplelink.a : socket.obj (.text:sl_Send)
                  20011954    000000ac     rtsv7M4_T_le_eabi.lib : _io_perm.obj (.text)
                  20011a00    000000a8     driverlib.a : interrupt.obj (.text:IntDisable)
                  20011aa8    000000a8                 : interrupt.obj (.text:IntEnable)
                  20011b50    000000a8     timer_if.obj (.text)
                  20011bf8    000000a0     driverlib.a : spi.obj (.text:SPIConfigSetExpClk)
                  20011c98    0000009c     rtsv7M4_T_le_eabi.lib : fputc.obj (.text)
                  20011d34    0000009c                           : memcpy_t2.obj (.text)
                  20011dd0    00000098     simplelink.a : driver.obj (.text:_SlFindAndSetActiveObj)
                  20011e68    00000098     collect_and_txit.obj (.text)
                  20011f00    00000098     rtsv7M4_T_le_eabi.lib : fclose.obj (.text)
                  20011f98    00000098                           : snprintf.obj (.text)
                  20012030    00000094     driverlib.a : prcm.obj (.text:PRCMPeripheralClockGet)
                  200120c4    00000094     simplelink.a : driver.obj (.text:_SlDrvClassifyRxMsg)
                  20012158    00000094     rtsv7M4_T_le_eabi.lib : auto_init.obj (.text)
                  200121ec    00000090     simplelink.a : driver.obj (.text:_SlDrvMsgReadSpawnCtx)
                  2001227c    0000008c                  : fs.obj (.text:sl_FsRead)
                  20012308    0000008c                  : fs.obj (.text:sl_FsWrite)
                  20012394    00000088     driverlib.a : pin.obj (.text:PinConfigSet)
                  2001241c    00000088     rtsv7M4_T_le_eabi.lib : vsnprintf.obj (.text)
                  200124a4    00000088     simplelink.a : netapp.obj (.text:sl_NetAppMDNSRegisterUnregisterService)
                  2001252c    00000086     rtsv7M4_T_le_eabi.lib : fd_cmp_t2.obj (.text:__aeabi_cdcmple)
                  200125b2    00000086                           : fd_cmp_t2.obj (.text:__aeabi_cdrcmple)
                  20012638    00000084     driverlib.a : i2c.obj (.text:I2CMasterInitExpClk)
                  200126bc    00000084     simplelink.a : driver.obj (.text:_SlDrvCmdOp)
                  20012740    00000080                  : cc_pal.obj (.text:NwpPowerOnPreamble)
                  200127c0    0000007c                  : driver.obj (.text:_SlDrvDriverCBInit)
                  2001283c    0000007c                  : netapp.obj (.text:_sl_HandleAsync_DnsGetHostByName)
                  200128b8    0000007c                  : device.obj (.text:sl_DevGet)
                  20012934    0000007c                  : fs.obj (.text:sl_FsClose)
                  200129b0    0000007a     rtsv7M4_T_le_eabi.lib : fs_mul_t2.obj (.text)
                  20012a2a    00000002     --HOLE-- [fill = 0]
                  20012a2c    00000078     simplelink.a : cc_pal.obj (.text:SetupDMAReceive)
                  20012aa4    00000078     rtsv7M4_T_le_eabi.lib : memset_t2.obj (.text)
                  20012b1c    00000076     driverlib.a : uart.obj (.text:UARTConfigSetExpClk)
                  20012b92    00000002     --HOLE-- [fill = 0]
                  20012b94    00000074     simplelink.a : device.obj (.text:_sl_HandleAsync_InitComplete)
                  20012c08    00000074                  : wlan.obj (.text:sl_WlanGet)
                  20012c7c    00000074                  : cc_pal.obj (.text:spi_Close)
                  20012cf0    00000070     driverlib.a : timer.obj (.text:TimerIntRegister)
                  20012d60    00000070     simplelink.a : netapp.obj (.text:_sl_HandleAsync_PingResponse)
                  20012dd0    0000006e                  : socket.obj (.text:_sl_TruncatePayloadByProtocol)
                  20012e3e    00000002     --HOLE-- [fill = 0]
                  20012e40    0000006c     rtsv7M4_T_le_eabi.lib : fprintf.obj (.text)
                  20012eac    00000068     driverlib.a : timer.obj (.text:TimerIntUnregister)
                  20012f14    00000068     simplelink.a : socket.obj (.text:_sl_HandleAsync_Connect)
                  20012f7c    00000068                  : netapp.obj (.text:_sl_HandleAsync_DnsGetHostByService)
                  20012fe4    00000068                  : fs.obj (.text:sl_FsGetInfo)
                  2001304c    00000064                  : fs.obj (.text:_sl_GetCreateFsMode)
                  200130b0    00000064                  : socket.obj (.text:_sl_HandleAsync_Accept)
                  20013114    00000064     rtsv7M4_T_le_eabi.lib : fseek.obj (.text)
                  20013178    00000064                           : xdunscal.obj (.text)
                  200131dc    00000064     driverlib.a : udma.obj (.text:uDMAChannelAttributeDisable)
                  20013240    00000064                 : udma.obj (.text:uDMAChannelAttributeEnable)
                  200132a4    00000060     rtsv7M4_T_le_eabi.lib : fs_cmp_t2.obj (.text:__aeabi_cfcmple)
                  20013304    00000060                           : fs_cmp_t2.obj (.text:__aeabi_cfrcmple)
                  20013364    00000060                           : sprintf.obj (.text)
                  200133c4    00000060                           : trgmsg.obj (.text)
                  20013424    0000005e                           : copy_decompress_rle.obj (.text)
                  20013482    0000005a                           : ltoa.obj (.text)
                  200134dc    00000058     driverlib.a : interrupt.obj (.text:IntPendClear)
                  20013534    00000058                 : prcm.obj (.text:PRCMPeripheralReset)
                  2001358c    00000058     simplelink.a : driver.obj (.text:_SlDrvDriverCBDeinit)
                  200135e4    00000058                  : socket.obj (.text:_sl_HandleAsync_Select)
                  2001363c    00000054     driverlib.a : interrupt.obj (.text:IntPrioritySet)
                  20013690    00000054     simplelink.a : device.obj (.text:_sl_HandleAsync_Stop)
                  200136e4    00000054                  : fs.obj (.text:sl_FsOpen)
                  20013738    00000054                  : netapp.obj (.text:sl_NetAppSendTokenValue)
                  2001378c    00000050     app_common.obj (.text)
                  200137dc    0000004c     driverlib.a : spi.obj (.text:SPIIntEnable)
                  20013828    0000004c     rtsv7M4_T_le_eabi.lib : atoi.obj (.text)
                  20013874    0000004c                           : rand.obj (.text)
                  200138c0    0000004c     simplelink.a : socket.obj (.text:sl_SetSockOpt)
                  2001390c    0000004c     driverlib.a : udma.obj (.text:uDMAChannelAssign)
                  20013958    0000004a     simplelink.a : device.obj (.text:_sl_GetStartResponseConvert)
                  200139a2    0000004a     rtsv7M4_T_le_eabi.lib : fd_tos_t2.obj (.text)
                  200139ec    00000048     driverlib.a : spi.obj (.text:SPIIntClear)
                  20013a34    00000048     rtsv7M4_T_le_eabi.lib : fd_toi_t2.obj (.text)
                  20013a7c    00000048     simplelink.a : device.obj (.text:sl_DevSet)
                  20013ac4    00000048                  : fs.obj (.text:sl_FsDel)
                  20013b0c    00000048                  : wlan.obj (.text:sl_WlanSet)
                  20013b54    00000044     driverlib.a : spi.obj (.text:SPIDmaMaskGet)
                  20013b98    00000044                 : timer.obj (.text:TimerConfigure)
                  20013bdc    00000044     rtsv7M4_T_le_eabi.lib : cpy_tbl.obj (.text)
                  20013c20    00000044                           : exit.obj (.text)
                  20013c64    00000044                           : fd_tou_t2.obj (.text)
                  20013ca8    00000044                           : xdtest.obj (.text)
                  20013cec    00000044     simplelink.a : netcfg.obj (.text:sl_NetCfgSet)
                  20013d30    00000044                  : socket.obj (.text:sl_Recv)
                  20013d74    00000040     driverlib.a : pin.obj (.text:PinModeSet)
                  20013db4    00000040     simplelink.a : driver.obj (.text:_SlDrvRxIrqHandler)
                  20013df4    00000040                  : driver.obj (.text:_SlRemoveFromList)
                  20013e34    00000040     rtsv7M4_T_le_eabi.lib : signal.obj (.text)
                  20013e74    00000040     simplelink.a : wlan.obj (.text:sl_WlanPolicySet)
                  20013eb4    00000040                  : wlan.obj (.text:sl_WlanRxFilterSet)
                  20013ef4    0000003c                  : cc_pal.obj (.text:NwpPowerOff)
                  20013f30    0000003c     driverlib.a : prcm.obj (.text:PRCMPeripheralClkEnable)
                  20013f6c    0000003c     simplelink.a : driver.obj (.text:_SlDrvObjInit)
                  20013fa8    0000003c     rtsv7M4_T_le_eabi.lib : strncasecmp.obj (.text)
                  20013fe4    0000003c     driverlib.a : udma.obj (.text:uDMAChannelControlSet)
                  20014020    0000003a                 : camera.obj (.text:CameraCaptureStop)
                  2001405a    0000003a                 : camera.obj (.text:CameraXClkConfig)
                  20014094    00000038     free_rtos.a : heap_3.obj (.text)
                  200140cc    00000038     rtsv7M4_T_le_eabi.lib : fs_tod_t2.obj (.text)
                  20014104    00000038                           : fs_toi_t2.obj (.text)
                  2001413c    00000038                           : i_tofs_t2.obj (.text)
                  20014174    00000038     simplelink.a : socket.obj (.text:sl_Htonl)
                  200141ac    00000036     driverlib.a : gpio.obj (.text:GPIODirModeSet)
                  200141e2    00000034                 : camera.obj (.text:CameraParamsConfig)
                  20014216    00000002     --HOLE-- [fill = 0]
                  20014218    00000034                 : prcm.obj (.text:PRCMPeripheralStatusGet)
                  2001424c    00000034                 : spi.obj (.text:SPIFIFOLevelSet)
                  20014280    00000034     simplelink.a : driver.obj (.text:_SlDrvBasicCmd)
                  200142b4    00000034     rtsv7M4_T_le_eabi.lib : boot.obj (.text)
                  200142e8    00000034                           : feraiseexcept.obj (.text)
                  2001431c    00000034                           : fs_tou_t2.obj (.text)
                  20014350    00000034                           : strstr.obj (.text)
                  20014384    00000034     simplelink.a : socket.obj (.text:sl_Htons)
                  200143b8    00000030                  : cc_pal.obj (.text:NwpPowerOn)
                  200143e8    00000030     driverlib.a : pin.obj (.text:PinTypeGPIO)
                  20014418    00000030                 : uart.obj (.text:UARTDisable)
                  20014448    00000030     rtsv7M4_T_le_eabi.lib : strncpy.obj (.text)
                  20014478    00000030                           : xferaise.obj (.text)
                  200144a8    00000030     simplelink.a : socket.obj (.text:sl_Socket)
                  200144d8    0000002e     rtsv7M4_T_le_eabi.lib : i_tofd_t2.obj (.text)
                  20014506    0000002e                           : raise.obj (.text)
                  20014534    0000002c     driverlib.a : camera.obj (.text:CameraIntEnable)
                  20014560    0000002c     simplelink.a : cc_pal.obj (.text:DmaSpiSwIntHandler)
                  2001458c    0000002c     driverlib.a : i2c.obj (.text:I2CMasterErr)
                  200145b8    0000002c                 : prcm.obj (.text:PRCMSysResetCauseGet)
                  200145e4    0000002c     simplelink.a : flowcont.obj (.text:_SlDrvFlowContDeinit)
                  20014610    0000002c                  : flowcont.obj (.text:_SlDrvFlowContInit)
                  2001463c    0000002a     driverlib.a : timer.obj (.text:TimerLoadSet)
                  20014666    0000002a                 : timer.obj (.text:TimerPrescaleSet)
                  20014690    00000028                 : camera.obj (.text:CameraIntStatus)
                  200146b8    00000028                 : prcm.obj (.text:PRCMPeripheralClkDisable)
                  200146e0    00000028     simplelink.a : socket.obj (.text:_sl_BuildAddress)
                  20014708    00000028     rtsv7M4_T_le_eabi.lib : strncat.obj (.text)
                  20014730    00000028     simplelink.a : wlan.obj (.text:sl_WlanSetMode)
                  20014758    00000026     driverlib.a : camera.obj (.text:CameraThresholdSet)
                  2001477e    00000026     rtsv7M4_T_le_eabi.lib : strncmp.obj (.text)
                  200147a4    00000024     driverlib.a : camera.obj (.text:CameraIntClear)
                  200147c8    00000024                 : interrupt.obj (.text:IntUnregister)
                  200147ec    00000024                 : uart.obj (.text:UARTEnable)
                  20014810    00000024     rtsv7M4_T_le_eabi.lib : memmov.obj (.text)
                  20014834    00000024                           : u_tofs_t2.obj (.text)
                  20014858    00000024     simplelink.a : socket.obj (.text:sl_Close)
                  2001487c    00000024                  : netapp.obj (.text:sl_NetAppStart)
                  200148a0    00000024                  : netapp.obj (.text:sl_NetAppStop)
                  200148c4    00000024                  : wlan.obj (.text:sl_WlanProfileDel)
                  200148e8    00000022     driverlib.a : camera.obj (.text:CameraCaptureStart)
                  2001490a    00000022                 : i2c.obj (.text:I2CMasterSlaveAddrSet)
                  2001492c    00000022     simplelink.a : cc_pal.obj (.text:NwpRegisterInterruptHandler)
                  2001494e    00000022     driverlib.a : spi.obj (.text:SPIReset)
                  20014970    00000022                 : spi.obj (.text:SPIWordCountSet)
                  20014992    00000022     rtsv7M4_T_le_eabi.lib : memcmp.obj (.text)
                  200149b4    00000020     driverlib.a : interrupt.obj (.text:IntRegister)
                  200149d4    00000020     simplelink.a : driver.obj (.text:_SlDrvCmdSend)
                  200149f4    00000020     rtsv7M4_T_le_eabi.lib : u_tofd_t2.obj (.text)
                  20014a14    0000001e     driverlib.a : i2c.obj (.text:I2CMasterIntStatusEx)
                  20014a32    0000001e                 : timer.obj (.text:TimerDisable)
                  20014a50    0000001e                 : timer.obj (.text:TimerEnable)
                  20014a6e    0000001e                 : timer.obj (.text:TimerIntStatus)
                  20014a8c    0000001e                 : uart.obj (.text:UARTCharPut)
                  20014aaa    0000001c                 : pin.obj (.text:PinTypeI2C)
                  20014ac6    0000001c                 : timer.obj (.text:TimerValueGet)
                  20014ae2    00000002     --HOLE-- [fill = 0]
                  20014ae4    0000001c     simplelink.a : driver.obj (.text:_SlDrvObjDeInit)
                  20014b00    0000001c     rtsv7M4_T_le_eabi.lib : memccpy.obj (.text)
                  20014b1c    0000001c     driverlib.a : udma.obj (.text:uDMAChannelDisable)
                  20014b38    0000001c                 : udma.obj (.text:uDMAChannelEnable)
                  20014b54    0000001a     simplelink.a : netapp.obj (.text:CopyPingResultsToReport)
                  20014b6e    0000001a     driverlib.a : pin.obj (.text:PinTypeCamera)
                  20014b88    0000001a                 : pin.obj (.text:PinTypeUART)
                  20014ba2    0000001a                 : spi.obj (.text:SPIDmaDisable)
                  20014bbc    0000001a                 : spi.obj (.text:SPIDmaEnable)
                  20014bd6    0000001a                 : spi.obj (.text:SPIFIFODisable)
                  20014bf0    0000001a                 : spi.obj (.text:SPIFIFOEnable)
                  20014c0a    0000001a     simplelink.a : device.obj (.text:_SlDrvDeviceEventHandler)
                  20014c24    00000018     driverlib.a : camera.obj (.text:CameraReset)
                  20014c3c    00000018                 : gpio.obj (.text:GPIOPinRead)
                  20014c54    00000018                 : spi.obj (.text:SPICSDisable)
                  20014c6c    00000018                 : spi.obj (.text:SPICSEnable)
                  20014c84    00000018                 : spi.obj (.text:SPIDisable)
                  20014c9c    00000018                 : spi.obj (.text:SPIEnable)
                  20014cb4    00000018                 : timer.obj (.text:TimerIntDisable)
                  20014ccc    00000018                 : timer.obj (.text:TimerIntEnable)
                  20014ce4    00000018     rtsv7M4_T_le_eabi.lib : args_main.obj (.text)
                  20014cfc    00000018                           : ll_mul_t2.obj (.text)
                  20014d14    00000018                           : strcmp.obj (.text)
                  20014d2c    00000016     driverlib.a : camera.obj (.text:CameraDMAEnable)
                  20014d42    00000016                 : camera.obj (.text:CameraIntRegister)
                  20014d58    00000016                 : i2c.obj (.text:I2CMasterDataPut)
                  20014d6e    00000016                 : i2c.obj (.text:I2CMasterEnable)
                  20014d84    00000016                 : prcm.obj (.text:PRCMHIBRegRead)
                  20014d9a    00000016                 : prcm.obj (.text:PRCMHIBRegWrite)
                  20014db0    00000016                 : uart.obj (.text:UARTCharGet)
                  20014dc6    00000016     simplelink.a : fs.obj (.text:_sl_Strlen)
                  20014ddc    00000016     rtsv7M4_T_le_eabi.lib : memchr.obj (.text)
                  20014df2    00000016                           : strchr.obj (.text)
                  20014e08    00000016     driverlib.a : udma.obj (.text:uDMAIntRegister)
                  20014e1e    00000014                 : cpu.obj (.text:CPUcpsie)
                  20014e32    00000002     --HOLE-- [fill = 0]
                  20014e34    00000014                 : interrupt.obj (.text:IntVTableBaseSet)
                  20014e48    00000014     simplelink.a : driver.obj (.text:_SlDrvShiftDWord)
                  20014e5c    00000014     rtsv7M4_T_le_eabi.lib : _lock.obj (.text)
                  20014e70    00000014                           : strlen.obj (.text)
                  20014e84    00000014     driverlib.a : udma.obj (.text:uDMAControlBaseSet)
                  20014e98    00000014                 : udma.obj (.text:uDMAIntClear)
                  20014eac    00000012                 : i2c.obj (.text:I2CMasterControl)
                  20014ebe    00000012                 : i2c.obj (.text:I2CMasterIntClearEx)
                  20014ed0    00000012                 : i2c.obj (.text:I2CMasterTimeoutSet)
                  20014ee2    00000012                 : timer.obj (.text:TimerIntClear)
                  20014ef4    00000012     rtsv7M4_T_le_eabi.lib : copy_zero_init.obj (.text:decompress:ZI)
                  20014f06    00000012     simplelink.a : netapp.obj (.text:sl_NetAppMDNSUnRegisterService)
                  20014f18    00000012     driverlib.a : udma.obj (.text:uDMAIntUnregister)
                  20014f2a    00000002     --HOLE-- [fill = 0]
                  20014f2c    00000010     simplelink.a : cc_pal.obj (.text:NwpMaskInterrupt)
                  20014f3c    00000010                  : socket.obj (.text:SL_FD_SET)
                  20014f4c    00000010     rtsv7M4_T_le_eabi.lib : strcpy.obj (.text)
                  20014f5c    00000010                           : tolower.obj (.text)
                  20014f6c    0000000e     driverlib.a : i2c.obj (.text:I2CMasterDataGet)
                  20014f7a    0000000e     rtsv7M4_T_le_eabi.lib : copy_decompress_none.obj (.text:decompress:none)
                  20014f88    0000000e                           : xdclass.obj (.text)
                  20014f96    0000000e     startup_ccs.obj (.text)
                  20014fa4    0000000c     simplelink.a : cc_pal.obj (.text:NwpUnMaskInterrupt)
                  20014fb0    0000000c     driverlib.a : udma.obj (.text:uDMADisable)
                  20014fbc    0000000c                 : udma.obj (.text:uDMAEnable)
                  20014fc8    0000000c                 : udma.obj (.text:uDMAIntStatus)
                  20014fd4    0000000a                 : interrupt.obj (.text:IntMasterEnable)
                  20014fde    00000008     simplelink.a : wlan.obj (.text:sl_WlanDisconnect)
                  20014fe6    00000006     i2cconfig.obj (.text:MT9D111Delay)
                  20014fec    00000006     simplelink.a : socket.obj (.text:SL_FD_ZERO)
                  20014ff2    00000006     driverlib.a : utils.obj (.text:UtilsDelay)
                  20014ff8    00000006     rtsv7M4_T_le_eabi.lib : copy_decompress_rle.obj (.text:decompress:rle24)
                  20014ffe    00000006                           : log.obj (.text)
                  20015004    00000004                           : error.obj (.text)
                  20015008    00000004                           : xldtest.obj (.text)

.const     0    20015010    00000b78     
                  20015010    0000013c     mt9d111.obj (.const:init_cmds_list)
                  2001514c    00000102     rtsv7M4_T_le_eabi.lib : ctype.obj (.const:.string:_ctypes_)
                  2001524e    00000002     --HOLE-- [fill = 0]
                  20015250    00000100     driverlib.a : pin.obj (.const:g_ulPinToPadMap)
                  20015350    000000ec     simplelink.a : wlan.obj (.const)
                  2001543c    000000d4     driverlib.a : interrupt.obj (.const:g_pulRegs)
                  20015510    000000b4     mt9d111.obj (.const:capture_cmds_list)
                  200155c4    000000a8     driverlib.a : prcm.obj (.const:PRCM_PeriphRegsList)
                  2001566c    0000008c     mt9d111.obj (.const)
                  200156f8    00000088     rtsv7M4_T_le_eabi.lib : xlatan.obj (.const)
                  20015780    00000080     driverlib.a : interrupt.obj (.const)
                  20015800    00000051     network_relater_fns.obj (.const:.string)
                  20015851    00000001     --HOLE-- [fill = 0]
                  20015852    0000004c     mt9d111.obj (.const:$P$T3$4)
                  2001589e    00000002     --HOLE-- [fill = 0]
                  200158a0    0000004c     simplelink.a : driver.obj (.const)
                  200158ec    00000004     --HOLE-- [fill = 0]
                  200158f0    00000048     rtsv7M4_T_le_eabi.lib : xexp.obj (.const)
                  20015938    00000042     mt9d111.obj (.const:.string)
                  2001597a    00000005     main.obj (.const:.string)
                  2001597f    00000001     --HOLE-- [fill = 0]
                  20015980    00000038     rtsv7M4_T_le_eabi.lib : xlog.obj (.const:p)
                  200159b8    00000038     simplelink.a : fs.obj (.const)
                  200159f0    00000034                  : socket.obj (.const)
                  20015a24    00000030     rtsv7M4_T_le_eabi.lib : xdint.obj (.const)
                  20015a54    0000002c     libparse.a : cc3200_utils.obj (.const:$P$T0$1)
                  20015a80    0000002c     network_relater_fns.obj (.const:$P$T1$2)
                  20015aac    00000028     simplelink.a : netapp.obj (.const)
                  20015ad4    00000022     network_relater_fns.obj (.const:.string:$P$T0$1)
                  20015af6    00000002     --HOLE-- [fill = 0]
                  20015af8    00000020     network_relater_fns.obj (.const)
                  20015b18    00000018     driverlib.a : spi.obj (.const)
                  20015b30    00000017     libparse.a : request.obj (.const:.string)
                  20015b47    00000016     camera_app.obj (.const:.string)
                  20015b5d    00000003     --HOLE-- [fill = 0]
                  20015b60    00000014     simplelink.a : device.obj (.const)
                  20015b74    0000000b     app_common.obj (.const:.string)
                  20015b7f    00000001     --HOLE-- [fill = 0]
                  20015b80    00000008     simplelink.a : netcfg.obj (.const)

.cinit     0    20015b88    00000bb0     
                  20015b88    00000b8b     (.cinit..data.load) [load image, compression = rle]
                  20016713    00000001     --HOLE-- [fill = 0]
                  20016714    0000000c     (__TI_handler_table)
                  20016720    00000008     (.cinit..bss.load) [load image, compression = zero_init]
                  20016728    00000010     (__TI_cinit_table)

.bss       0    20018000    00014905     UNINITIALIZED
                  20018000    00014000     main.obj (.bss:g_image_buffer)
                  2002c000    00000400     udma_if.obj (.bss:gpCtlTbl)
                  2002c400    00000120     rtsv7M4_T_le_eabi.lib : trgmsg.obj (.bss:__CIOBUF_)
                  2002c520    00000100     udma_if.obj (.bss:gfpAppCallbackHndl)
                  2002c620    000000c8     free_rtos.a : tasks.obj (.bss:pxReadyTasksLists)
                  2002c6e8    000000a0     rtsv7M4_T_le_eabi.lib : defs.obj (.bss:__TI_tmpnams)
                  2002c788    00000050     free_rtos.a : queue.obj (.bss:xQueueRegistry)
                  2002c7d8    00000034     libparse.a : cc3200_client_state.obj (.bss:clientStateFileName)
                  2002c80c    00000024     network_relater_fns.obj (.bss:g_ucConnectionSSID)
                  2002c830    0000001c     rtsv7M4_T_le_eabi.lib : vla_alloc.obj (.bss)
                  2002c84c    00000014     (.common:g_flag_blockFull)
                  2002c860    00000014     (.common:xDelayedTaskList1)
                  2002c874    00000014     (.common:xDelayedTaskList2)
                  2002c888    00000014     (.common:xPendingReadyList)
                  2002c89c    00000014     (.common:xSuspendedTaskList)
                  2002c8b0    00000014     (.common:xTasksWaitingTermination)
                  2002c8c4    00000008     (.common:g_ucConnectionBSSID)
                  2002c8cc    00000008     (.common:parmbuf)
                  2002c8d4    00000004     (.common:__Errorlog)
                  2002c8d8    00000004     (.common:dataBuffer)
                  2002c8dc    00000004     (.common:g_block_lastFilled)
                  2002c8e0    00000004     (.common:g_frame_size_in_bytes)
                  2002c8e4    00000004     (.common:g_header_length)
                  2002c8e8    00000004     (.common:g_position_in_block)
                  2002c8ec    00000004     (.common:g_readHeader)
                  2002c8f0    00000004     (.common:g_total_dma_intrpts)
                  2002c8f4    00000004     (.common:pxDelayedTaskList)
                  2002c8f8    00000004     (.common:pxOverflowDelayedTaskList)
                  2002c8fc    00000004     (.common:v_TimerOverflows)
                  2002c900    00000001     (.common:g_CaptureImage)
                  2002c901    00000001     (.common:g_dma_txn_done)
                  2002c902    00000001     (.common:g_flag_DataBlockFilled)
                  2002c903    00000001     (.common:g_frame_end)
                  2002c904    00000001     (.common:iDone)

.sysmem    0    2002c908    00004000     UNINITIALIZED
                  2002c908    00000008     rtsv7M4_T_le_eabi.lib : memory.obj (.sysmem)
                  2002c910    00003ff8     --HOLE--


LINKER GENERATED COPY TABLES

__TI_cinit_table @ 20016728 records: 2, size/record: 8, table size: 16
	.data: load addr=20015b88, load size=00000b8b bytes, run addr=20000000, run size=00001540 bytes, compression=rle
	.bss: load addr=20016720, load size=00000008 bytes, run addr=20018000, run size=00014905 bytes, compression=zero_init


LINKER GENERATED HANDLER TABLE

__TI_handler_table @ 20016714 records: 3, size/record: 4, table size: 12
	index: 0, handler: __TI_decompress_rle24
	index: 1, handler: __TI_decompress_none
	index: 2, handler: __TI_zero_init


GLOBAL SYMBOLS: SORTED ALPHABETICALLY BY Name 

address    name
--------   ----
2000a0b7   AnalogGainReg_Read
20013c21   C$$EXIT
200133ef   C$$IO$$
2000a023   CCMRegs_Read
20014e1f   CPUcpsie
20007559   CamControllerInit
200148e9   CameraCaptureStart
20014021   CameraCaptureStop
20014d2d   CameraDMAEnable
200147a5   CameraIntClear
20014535   CameraIntEnable
20014d43   CameraIntRegister
20014691   CameraIntStatus
200141e3   CameraParamsConfig
20014c25   CameraReset
20009c85   CameraSensorInit
20014759   CameraThresholdSet
2001405b   CameraXClkConfig
2000713d   CaptureAndStore_Image
2000e825   ClearTerm
20011e69   CollectTxit_ImgTempRH
200067e1   ConfigureMode
20006541   ConfigureSimpleLinkToDefaultState
2000681d   ConnectToNetwork
20006985   ConnectToNetwork_2
20006a47   ConnectToNetwork_STA
20006a2b   ConnectToNetwork_STA_2
2000de65   ConstructDeviceStateObject
20014b55   CopyPingResultsToReport
20001324   DMAMsgQ
2000eff1   DMASetupTransfer
2000152c   DigiCertHighAssuranceEVRootCA_der_len
2000a059   DigitalGainRegs_Read
2000eebb   DmaErrorIntHandler
20014561   DmaSpiSwIntHandler
2000eea9   DmaSwIntHandler
2000e82b   Error
20009911   FXOS8700CQ_Init
200099fd   FXOS8700CQ_Mag_Calibration
200141ad   GPIODirModeSet
20014c3d   GPIOPinRead
2000e85f   GetCmd
20011015   GetTimeDuration
2000dafd   HOSTclock
2000dac5   HOSTclose
2000da87   HOSTgetenv
2000da2b   HOSTlseek
2000d9d9   HOSTopen
2000d98d   HOSTread
2000d92f   HOSTrename
2000d8f5   HOSTtime
2000d8bd   HOSTunlink
2000d871   HOSTwrite
2000f36f   I2CBufferRead
2000f417   I2CBufferWrite
2000f351   I2CInit
20014ead   I2CMasterControl
20014f6d   I2CMasterDataGet
20014d59   I2CMasterDataPut
20014d6f   I2CMasterEnable
2001458d   I2CMasterErr
20012639   I2CMasterInitExpClk
20014ebf   I2CMasterIntClearEx
20014a15   I2CMasterIntStatusEx
2001490b   I2CMasterSlaveAddrSet
20014ed1   I2CMasterTimeoutSet
2000f1b3   I2C_IF_Close
2000f189   I2C_IF_Open
2000f101   I2C_IF_Read
2000f169   I2C_IF_ReadFrom
2000f09f   I2C_IF_Write
2000e7ed   InitTerm
2000dde5   InitialiseParse
20006519   InitializeAppVariables
20010fbf   InitializeTimer
20011a01   IntDisable
20011aa9   IntEnable
20014fd5   IntMasterEnable
200134dd   IntPendClear
2001363d   IntPrioritySet
200149b5   IntRegister
200147c9   IntUnregister
20014e35   IntVTableBaseSet
20000000   JPEG_StdHuffmanTbl
2000137c   JPEG_StdQuantTblC
200013bc   JPEG_StdQuantTblY
20014fe7   MT9D111Delay
2000d29d   Main_Task
2000e80b   Message
20014f2d   NwpMaskInterrupt
20013ef5   NwpPowerOff
200143b9   NwpPowerOn
20012741   NwpPowerOnPreamble
2001492d   NwpRegisterInterruptHandler
20014fa5   NwpUnMaskInterrupt
2000f9dd   PRCMCC3200MCUInit
20014d85   PRCMHIBRegRead
20014d9b   PRCMHIBRegWrite
200146b9   PRCMPeripheralClkDisable
20013f31   PRCMPeripheralClkEnable
20012031   PRCMPeripheralClockGet
20013535   PRCMPeripheralReset
20014219   PRCMPeripheralStatusGet
200145b9   PRCMSysResetCauseGet
20012395   PinConfigSet
20013d75   PinModeSet
200117f3   PinMuxConfig
20014b6f   PinTypeCamera
200143e9   PinTypeGPIO
20014aab   PinTypeI2C
20014b89   PinTypeUART
20009e73   ReadAllAEnAWBRegs
2000a131   ReadMCUBootModeReg
20009e39   RegStatusRead
2000e909   Report
20014f97   ResetISR
2000a0fd   ResetImageSensorMCU
UNDEFED    SHT$$INIT_ARRAY$$Base
UNDEFED    SHT$$INIT_ARRAY$$Limit
20014f3d   SL_FD_SET
20014fed   SL_FD_ZERO
20014c55   SPICSDisable
20014c6d   SPICSEnable
20011bf9   SPIConfigSetExpClk
20014c85   SPIDisable
20014ba3   SPIDmaDisable
20014bbd   SPIDmaEnable
20014c9d   SPIEnable
20014bd7   SPIFIFODisable
20014bf1   SPIFIFOEnable
2001424d   SPIFIFOLevelSet
200139ed   SPIIntClear
200137dd   SPIIntEnable
2001494f   SPIReset
20014971   SPIWordCountSet
2000ef39   SetupTransfer
2000a089   ShutterRegs_Read
20006dd5   SimpleLinkHttpServerCallback
20006cd9   SimpleLinkNetAppEventHandler
20006d7d   SimpleLinkSockEventHandler
20006bf5   SimpleLinkWlanEventHandler
2000a14d   SoftReset_ImageSensor
20009c8d   StartSensorInJpegMode
20010feb   StartTimer
20011007   StopTimer
20010fad   TimerBaseIntHandler
20013b99   TimerConfigure
20014a33   TimerDisable
20014a51   TimerEnable
20014ee3   TimerIntClear
20014cb5   TimerIntDisable
20014ccd   TimerIntEnable
20012cf1   TimerIntRegister
20014a6f   TimerIntStatus
20012ead   TimerIntUnregister
2001463d   TimerLoadSet
20014667   TimerPrescaleSet
20014ac7   TimerValueGet
20011bd5   Timer_IF_DeInit
20011bed   Timer_IF_GetCount
20011b51   Timer_IF_Init
20011b7b   Timer_IF_IntSetup
20011bad   Timer_IF_InterruptClear
2001463d   Timer_IF_ReLoad
20011bc1   Timer_IF_Start
20014a33   Timer_IF_Stop
2000e8bf   TrimSpace
20014db1   UARTCharGet
20014a8d   UARTCharPut
20012b1d   UARTConfigSetExpClk
20014419   UARTDisable
200147ed   UARTEnable
2000ef11   UDMAChannelSelect
2000efdd   UDMADeInit
2000eec7   UDMAInit
2000ef6f   UDMASetupAutoMemTransfer
2000ef93   UDMASetupPingPongTransfer
20014b1d   UDMAStopTransfer
2000ddfb   UploadImageToParse
2000de19   UploadSensorDataToParse
20014ff3   UtilsDelay
2000bf7d   VDeleteSimpleLinkSpawnTask
2000bf2d   VStartSimpleLinkSpawnTask
2000a173   Verify_ImageSensor
20009e57   WriteAllAEnAWBRegs
20014f89   _Dclass
200011c0   _Denorm
20011151   _Dint
20011215   _Dnorm
20010309   _Dscale
20013ca9   _Dtest
20013179   _Dunscale
200011d0   _Eps
20001530   _Errno
2000e061   _Exp
200012b0   _FDenorm
200012c0   _FEps
200012d0   _FInf
200012e0   _FNan
20001300   _FRteps
200012f0   _FSnan
20001310   _FXbig
20001314   _FZero
20001518   _Fenv
20014479   _Feraise
200011e0   _Hugeval
200011f0   _Inf
2000f1c9   _LAtan
20001240   _LDenorm
20015009   _LDtest
20001250   _LEps
20001260   _LInf
20001270   _LNan
20001290   _LRteps
20001280   _LSnan
200012a0   _LXbig
200012a8   _LZero
2000d58d   _Log
20001200   _Nan
20001220   _Rteps
20015a10   _SlAcceptCmdCtrl
200158b4   _SlActionLookupTable
2000cc39   _SlAsyncEventGenericHandler
20015b6c   _SlDeviceGetCmdCtrl
20015b70   _SlDeviceSetCmdCtrl
20014281   _SlDrvBasicCmd
200120c5   _SlDrvClassifyRxMsg
200126bd   _SlDrvCmdOp
200149d5   _SlDrvCmdSend
2000f4c1   _SlDrvDataReadOp
2000fd75   _SlDrvDataWriteOp
20014c0b   _SlDrvDeviceEventHandler
2001358d   _SlDrvDriverCBDeinit
200127c1   _SlDrvDriverCBInit
200145e5   _SlDrvFlowContDeinit
20014611   _SlDrvFlowContInit
2000c891   _SlDrvMsgRead
200115d9   _SlDrvMsgReadCmdCtx
200121ed   _SlDrvMsgReadSpawnCtx
200100e5   _SlDrvMsgWrite
20011741   _SlDrvNetAppEventHandler
20014ae5   _SlDrvObjDeInit
20013f6d   _SlDrvObjInit
20010739   _SlDrvReleasePoolObj
2000f625   _SlDrvRxHdrRead
20013db5   _SlDrvRxIrqHandler
20014e49   _SlDrvShiftDWord
20010419   _SlDrvWaitForPoolObj
20015b68   _SlEventMaskGetCmdCtrl
20015b64   _SlEventMaskSetCmdCtrl
20011dd1   _SlFindAndSetActiveObj
200159bc   _SlFsCloseCmdCtrl
200159cc   _SlFsDeleteCmdCtrl
200159c8   _SlFsGetInfoCmdCtrl
200159b8   _SlFsOpenCmdCtrl
200159c0   _SlFsReadCmdCtrl
200159c4   _SlFsWriteCmdCtrl
20015ac4   _SlGetHostByNameCtrl
20015ac0   _SlGetHostByServiceCtrl
20015ab8   _SlGetServiceListeCtrl
20015a1c   _SlGetSockOptCmdCtrl
20015a0c   _SlListenCmdCtrl
20015ad0   _SlNetAppGetCmdCtrl
20015acc   _SlNetAppSendTokenValueCmdCtrl
20015ac8   _SlNetAppSetCmdCtrl
20015ab0   _SlNetAppStartCtrl
20015ab4   _SlNetAppStopCtrl
20015b84   _SlNetCfgGetCmdCtrl
20015b80   _SlNetCfgSetCmdCtrl
20015358   _SlPolicyGetCmdCtrl
20015354   _SlPolicySetCmdCtrl
20015360   _SlProfileDelCmdCtrl
2001535c   _SlProfileGetCmdCtrl
20015a14   _SlRecvCmdCtrl
20015a04   _SlRecvfomCmdCtrl
20015abc   _SlRegisterServiceCtrl
20013df5   _SlRemoveFromList
20015368   _SlRxFilterAddtCmdCtrl
20015370   _SlRxFilterGetCmdCtrl
2001536c   _SlRxFilterSetCmdCtrl
20015a20   _SlSelectCmdCtrl
20015a08   _SlSendCmdCtrl
20015a18   _SlSetSockOptCmdCtrl
20015374   _SlSmartConfigStartCmdCtrl
20015a00   _SlSockCloseCmdCtrl
200159fc   _SlSockSocketCmdCtrl
20015b60   _SlStopCmdCtrl
20015380   _SlWlanCfgGetCmdCtrl
2001537c   _SlWlanCfgSetCmdCtrl
20015364   _SlWlanGetNetworkListCtrl
20015378   _SlWlanSetModeCmdCtrl
20001210   _Snan
2000151c   _Tls_setup__Fenv
20001230   _Xbig
20001238   _Zero
2002c400   __CIOBUF_
20004000   __STACK_END
00001000   __STACK_SIZE
00004000   __SYSMEM_SIZE
20016728   __TI_CINIT_Base
20016738   __TI_CINIT_Limit
20016714   __TI_Handler_Table_Base
20016720   __TI_Handler_Table_Limit
00000001   __TI_args_main
20012159   __TI_auto_init
2000e6f5   __TI_cleanup
20001510   __TI_cleanup_ptr
20011f01   __TI_closefile
20014f7b   __TI_decompress_none
20014ff9   __TI_decompress_rle24
2001139d   __TI_doflush
20001514   __TI_dtors_ptr
200014cc   __TI_ft_end
2000620f   __TI_printfi
200119b7   __TI_rd_ok
200133f3   __TI_readmsg
20015b88   __TI_static_base__
2002c6e8   __TI_tmpnams
200133c5   __TI_writemsg
20011955   __TI_wrt_ok
20014ef5   __TI_zero_init
20015005   __abort_execution
2001252d   __aeabi_cdcmpeq
2001252d   __aeabi_cdcmple
200125b3   __aeabi_cdrcmple
200132a5   __aeabi_cfcmpeq
200132a5   __aeabi_cfcmple
20013305   __aeabi_cfrcmple
200139a3   __aeabi_d2f
20013a35   __aeabi_d2iz
20013c65   __aeabi_d2uiz
2000e9af   __aeabi_dadd
2000f8a5   __aeabi_ddiv
20010941   __aeabi_dmul
2000e9a5   __aeabi_dsub
200140cd   __aeabi_f2d
20014105   __aeabi_f2iz
2001431d   __aeabi_f2uiz
20010a41   __aeabi_fadd
200129b1   __aeabi_fmul
20010a3d   __aeabi_fsub
200144d9   __aeabi_i2d
2001413d   __aeabi_i2f
20014cfd   __aeabi_lmul
20012aa5   __aeabi_memclr
20012aa5   __aeabi_memclr4
20012aa5   __aeabi_memclr8
20011d35   __aeabi_memcpy
20011d35   __aeabi_memcpy4
20011d35   __aeabi_memcpy8
20012aa7   __aeabi_memset
20012aa7   __aeabi_memset4
20012aa7   __aeabi_memset8
200014d8   __aeabi_stderr
200014d0   __aeabi_stdin
200014d4   __aeabi_stdout
200149f5   __aeabi_ui2d
20014835   __aeabi_ui2f
2000e25d   __aeabi_uldivmod
ffffffff   __binit__
ffffffff   __c_args__
20003000   __stack
2000dc53   __vla_alloc
2000db45   __vla_dealloc
2000dbd3   __vla_dealloc_eh
20014ce5   _args_main
200142b5   _c_int00
2001514c   _ctypes_
20000f50   _ftable
20001508   _lock
20014e6b   _nop
20014e63   _register_lock
20014e5d   _register_unlock
200146e1   _sl_BuildAddress
2001304d   _sl_GetCreateFsMode
20013959   _sl_GetStartResponseConvert
200130b1   _sl_HandleAsync_Accept
20012f15   _sl_HandleAsync_Connect
2001283d   _sl_HandleAsync_DnsGetHostByName
20012f7d   _sl_HandleAsync_DnsGetHostByService
20012b95   _sl_HandleAsync_InitComplete
20012d61   _sl_HandleAsync_PingResponse
200135e5   _sl_HandleAsync_Select
20013691   _sl_HandleAsync_Stop
20014dc7   _sl_Strlen
20012dd1   _sl_TruncatePayloadByProtocol
2002c908   _sys_memory
2000150c   _unlock
20013c25   abort
2000ec0b   addHttpRequestHeader
2000ec39   addHttpRequestHeaderInt
2000eb5d   addHttpRequestLine
2000d1e7   add_device
2001083d   atan2l
20013829   atoi
2000ebc7   beginHttpGetRequest
2000eba5   beginHttpRequest
ffffffff   binit
2000885b   buildRequestHeaders
2000c4a5   calloc
200098c1   clearAccelMotionIntrpt
2002c7d8   clientStateFileName
2000d195   close
200014c4   cnt
20009377   configureFXOS8700
20013bdd   copy_in
2000ab43   createInstallation
2000a50d   createNewInstallationId
2002c8d8   dataBuffer
200014c8   dataBufferSize
2001168d   debugPrint
200116af   debugPrintf
20009fb1   disableAE
20009f27   disableAWB
20004691   eTaskGetState
20009f65   enableAE
20009ee9   enableAWB
2000e451   ensureCertificateFile
20013c2d   exit
20011f67   fclose
200142e9   feraiseexcept
2000a499   fetchDeviceOSVersion
200113e9   fflush
2000b2af   findSecondJson
2000e74b   fopen
20012e49   fprintf
20011c99   fputc
2000fb11   fputs
2000c1ff   free
2000e721   freopen
20013115   fseek
20000dd0   gFirstCmdMode
2002c900   g_CaptureImage
200158ac   g_H2NCnysPattern
200158a4   g_H2NSyncPattern
20001318   g_SpiFd
20000dd8   g_StatMem
2002c8dc   g_block_lastFilled
20001328   g_cDummy
20015b30   g_deviceClientVersion
2002c902   g_flag_DataBlockFilled
2002c84c   g_flag_blockFull
2002c903   g_frame_end
2002c8e0   g_frame_size_in_bytes
20000600   g_header
2002c8e4   g_header_length
20018000   g_image_buffer
2000149c   g_osVersion
20000dd4   g_pCB
2000131c   g_pHostIntHdl
20004000   g_pfnVectors
2002c8e8   g_position_in_block
2002c8ec   g_readHeader
2002c8c4   g_ucConnectionBSSID
2002c80c   g_ucConnectionSSID
20001320   g_ucDMAEnabled
2000132c   g_ucDinDout
200014f0   g_uiSimplelinkRole
200014ec   g_ulGatewayIP
20001504   g_ulPingPacketsRecv
200014e8   g_ulStatus
2000972d   getAccelerationMagnitude
200095f3   getDoorDirection
2000ec87   getHttpResponseBody
2000ec5b   getHttpResponseStatus
2000ab93   getInstallation
20010077   getInternalClient
200096a9   getMagnFlux_3axis
2000b2ff   getPushJson
2002c520   gfpAppCallbackHndl
2002c000   gpCtlTbl
20008c21   headerSend
20010525   i2cReadRegisters
200105d1   i2cReadRegistersTwoBytes
20010567   i2cWriteRegisters
2002c904   iDone
20006ad1   initNetwork
2001378d   intToASCII
2000b2db   isCompleteJson
2000a435   isPingTime
2000c4dd   loadClientState
20014fff   log
2000d171   lseek
20013483   ltoa
2000d34b   main
2000153c   main_func_sp
2000c19d   malloc
2000c081   mem_Free
2000c075   mem_Malloc
2000c0a1   mem_copy
2000c08d   mem_set
2000c3c5   memalign
20014b01   memccpy
20014ddd   memchr
20014993   memcmp
20011d35   memcpy
20014811   memmove
20012aad   memset
2000c111   minit
2000d0c3   open
2000c0f7   osi_ContextRestore
2000c0f5   osi_ContextSave
2000c0b5   osi_EnterCritical
2000c0bf   osi_ExitCritical
2000bcdb   osi_InterruptDeRegister
2000bcb5   osi_InterruptRegister
2000bde5   osi_LockObjCreate
2000be59   osi_LockObjDelete
2000be69   osi_LockObjLock
2000be95   osi_LockObjUnlock
2000bfa9   osi_MsgQCreate
2000bfed   osi_MsgQDelete
2000c039   osi_MsgQRead
2000c007   osi_MsgQWrite
2000c0d1   osi_Sleep
2000bebf   osi_Spawn
2000bdc3   osi_SyncObjClear
2000bced   osi_SyncObjCreate
2000bd1d   osi_SyncObjDelete
2000bd37   osi_SyncObjSignal
2000bd5f   osi_SyncObjSignalFromISR
2000bd97   osi_SyncObjWait
2000be0b   osi_TaskCreate
2000be4b   osi_TaskDelete
2000c0e1   osi_TaskDisable
2000c0eb   osi_TaskEnable
2000c0c9   osi_start
20000dcc   pPingCallBackFunc
200091db   parseGetErrorCode
2000adb5   parseGetInstallationId
2000ffcd   parseInitialize
2000913d   parseSendRequest
200090c9   parseSendRequestInternal
2000ad07   parseSetInstallationId
20008d1d   payloadSend
20015b74   pcDigits
20004bb5   pcTaskGetTaskName
200115d1   portCLZ
2000b825   pow
200115b9   prvPortStartFirstTask
20011d1d   putc
20011d21   putchar
2000fc1d   puts
20014095   pvPortMalloc
2000143c   pxCurrentTCB
200101f9   pxPortInitialiseStack
20014507   raise
2001388b   rand
2000d09f   read
2000c2bf   realloc
2000d015   remove
2000d077   remove_device
2000d039   rename
2000de2d   retreiveImageIDfromHTTPResponse
2000c5ef   saveClientState
20008f99   sendRequest
20008839   setDataBufferPointer
200095b1   setMotionDetectionThreshold
20010df9   setvbuf
20013e35   signal
2000aee5   simpleJsonProcessor
20014859   sl_Close
20010c29   sl_Connect
200128b9   sl_DevGet
20013a7d   sl_DevSet
20012935   sl_FsClose
20013ac5   sl_FsDel
20012fe5   sl_FsGetInfo
200136e5   sl_FsOpen
2001227d   sl_FsRead
20012309   sl_FsWrite
20014175   sl_Htonl
20014385   sl_Htons
20010ed5   sl_NetAppDnsGetHostByName
200124a5   sl_NetAppMDNSRegisterUnregisterService
20014f07   sl_NetAppMDNSUnRegisterService
20013739   sl_NetAppSendTokenValue
2001487d   sl_NetAppStart
200148a1   sl_NetAppStop
20013ced   sl_NetCfgSet
20013d31   sl_Recv
20010631   sl_Select
200118a5   sl_Send
200138c1   sl_SetSockOpt
200144a9   sl_Socket
2001145d   sl_Start
200112d9   sl_Stop
2000ed0d   sl_WlanConnect
20014fdf   sl_WlanDisconnect
20012c09   sl_WlanGet
20013e75   sl_WlanPolicySet
200148c5   sl_WlanProfileDel
20013eb5   sl_WlanRxFilterSet
20013b0d   sl_WlanSet
20014731   sl_WlanSetMode
20011f99   snprintf
2000b721   socketClose
2000b585   socketRead
2000b3e9   socketSslConnect
2000b389   socketWait
2000b681   socketWrite
20012c7d   spi_Close
2000fc45   spi_Open
20011085   spi_Read
20010d11   spi_Write
20013365   sprintf
2000f765   sqrt
20013875   srand
200014c2   sshPort
20014df3   strchr
20014d15   strcmp
20014f4d   strcpy
20014e71   strlen
20013fa9   strncasecmp
20014709   strncat
2001477f   strncmp
20014449   strncpy
20014351   strstr
20014f5d   tolower
2001390d   uDMAChannelAssign
200131dd   uDMAChannelAttributeDisable
20013241   uDMAChannelAttributeEnable
20013fe5   uDMAChannelControlSet
20014b1d   uDMAChannelDisable
20014b39   uDMAChannelEnable
20010b39   uDMAChannelTransferSet
20014e85   uDMAControlBaseSet
20014fb1   uDMADisable
20014fbd   uDMAEnable
20014e99   uDMAIntClear
20014e09   uDMAIntRegister
20014fc9   uDMAIntStatus
20014f19   uDMAIntUnregister
20008495   ucQueueGetQueueType
20011521   ulPortSetInterruptMask
2000d015   unlink
20009881   updateConfigReg
2000a48f   updateLastPingTime
2000ff83   uxListRemove
20008475   uxQueueGetQueueNumber
20008409   uxQueueMessagesWaiting
2000843f   uxQueueMessagesWaitingFromISR
2000841f   uxQueueSpacesAvailable
20004ba9   uxTaskGetNumberOfTasks
20004bd9   uxTaskGetSystemState
200050c9   uxTaskGetTaskNumber
20004725   uxTaskPriorityGet
20005621   uxTaskResetEventItemValue
2000d297   vApplicationIdleHook
2000d299   vApplicationMallocFailedHook
2000d29b   vApplicationStackOverflowHook
2000d295   vAssertCalled
2000fea1   vListInitialise
2000fed1   vListInitialiseItem
2000ff1d   vListInsert
2000fee1   vListInsertEnd
20011537   vPortClearInterruptMask
20010275   vPortEndScheduler
20010289   vPortEnterCritical
200102a1   vPortExitCritical
200140b5   vPortFree
20011591   vPortSVCHandler
200102d5   vPortSetupTimerInterrupt
20010277   vPortYield
200086af   vQueueAddToRegistry
20008451   vQueueDelete
20008483   vQueueSetQueueNumber
200086f1   vQueueUnregisterQueue
2000463b   vTaskDelay
2000459f   vTaskDelayUntil
2000450f   vTaskDelete
20004a8d   vTaskEndScheduler
200050bb   vTaskMissedYield
20004e51   vTaskPlaceOnEventList
20004eb5   vTaskPlaceOnUnorderedEventList
20005597   vTaskPriorityDisinherit
200054dd   vTaskPriorityInherit
2000475d   vTaskPrioritySet
20004955   vTaskResume
200050e9   vTaskSetTaskNumber
2000501b   vTaskSetTimeOutState
20004a43   vTaskStartScheduler
20004861   vTaskSuspend
20004a9f   vTaskSuspendAll
20004dd1   vTaskSwitchContext
2002c8fc   v_TimerOverflows
20009349   verifyAccelMagnSensor
2001241d   vsnprintf
2000cf85   write
20009ba7   writeMagntCalibrationValue
200014dc   xHigherPriorityTaskWoken
20011545   xPortPendSVHandler
20010249   xPortStartScheduler
200102b9   xPortSysTickHandler
2000873f   xQueueAddToSet
20008071   xQueueAltGenericReceive
20007fc5   xQueueAltGenericSend
20007e99   xQueueCreateCountingSemaphore
20007e1b   xQueueCreateMutex
2000872b   xQueueCreateSet
20007da5   xQueueGenericCreate
2000820b   xQueueGenericReceive
20007d15   xQueueGenericReset
20007eb9   xQueueGenericSend
2000816f   xQueueGenericSendFromISR
2000864b   xQueueIsQueueEmptyFromISR
2000868d   xQueueIsQueueFullFromISR
200083c5   xQueuePeekFromISR
2000834d   xQueueReceiveFromISR
2002c788   xQueueRegistry
20008773   xQueueRemoveFromSet
200087b5   xQueueSelectFromSet
200087cf   xQueueSelectFromSetFromISR
200014e0   xSimpleLinkSpawnQueue
200014e4   xSimpleLinkSpawnTaskHndl
20005041   xTaskCheckForTimeOut
20004401   xTaskGenericCreate
20005491   xTaskGetCurrentTaskHandle
20004c97   xTaskGetIdleTaskHandle
200054a5   xTaskGetSchedulerState
20004b7d   xTaskGetTickCount
20004b91   xTaskGetTickCountFromISR
20004cb5   xTaskIncrementTick
20004f25   xTaskRemoveFromEventList
20004fad   xTaskRemoveFromUnorderedEventList
20004ab1   xTaskResumeAll
200049c9   xTaskResumeFromISR


GLOBAL SYMBOLS: SORTED BY Symbol Address 

address    name
--------   ----
00000001   __TI_args_main
00001000   __STACK_SIZE
00004000   __SYSMEM_SIZE
20000000   JPEG_StdHuffmanTbl
20000600   g_header
20000dcc   pPingCallBackFunc
20000dd0   gFirstCmdMode
20000dd4   g_pCB
20000dd8   g_StatMem
20000f50   _ftable
200011c0   _Denorm
200011d0   _Eps
200011e0   _Hugeval
200011f0   _Inf
20001200   _Nan
20001210   _Snan
20001220   _Rteps
20001230   _Xbig
20001238   _Zero
20001240   _LDenorm
20001250   _LEps
20001260   _LInf
20001270   _LNan
20001280   _LSnan
20001290   _LRteps
200012a0   _LXbig
200012a8   _LZero
200012b0   _FDenorm
200012c0   _FEps
200012d0   _FInf
200012e0   _FNan
200012f0   _FSnan
20001300   _FRteps
20001310   _FXbig
20001314   _FZero
20001318   g_SpiFd
2000131c   g_pHostIntHdl
20001320   g_ucDMAEnabled
20001324   DMAMsgQ
20001328   g_cDummy
2000132c   g_ucDinDout
2000137c   JPEG_StdQuantTblC
200013bc   JPEG_StdQuantTblY
2000143c   pxCurrentTCB
2000149c   g_osVersion
200014c2   sshPort
200014c4   cnt
200014c8   dataBufferSize
200014cc   __TI_ft_end
200014d0   __aeabi_stdin
200014d4   __aeabi_stdout
200014d8   __aeabi_stderr
200014dc   xHigherPriorityTaskWoken
200014e0   xSimpleLinkSpawnQueue
200014e4   xSimpleLinkSpawnTaskHndl
200014e8   g_ulStatus
200014ec   g_ulGatewayIP
200014f0   g_uiSimplelinkRole
20001504   g_ulPingPacketsRecv
20001508   _lock
2000150c   _unlock
20001510   __TI_cleanup_ptr
20001514   __TI_dtors_ptr
20001518   _Fenv
2000151c   _Tls_setup__Fenv
2000152c   DigiCertHighAssuranceEVRootCA_der_len
20001530   _Errno
2000153c   main_func_sp
20003000   __stack
20004000   __STACK_END
20004000   g_pfnVectors
20004401   xTaskGenericCreate
2000450f   vTaskDelete
2000459f   vTaskDelayUntil
2000463b   vTaskDelay
20004691   eTaskGetState
20004725   uxTaskPriorityGet
2000475d   vTaskPrioritySet
20004861   vTaskSuspend
20004955   vTaskResume
200049c9   xTaskResumeFromISR
20004a43   vTaskStartScheduler
20004a8d   vTaskEndScheduler
20004a9f   vTaskSuspendAll
20004ab1   xTaskResumeAll
20004b7d   xTaskGetTickCount
20004b91   xTaskGetTickCountFromISR
20004ba9   uxTaskGetNumberOfTasks
20004bb5   pcTaskGetTaskName
20004bd9   uxTaskGetSystemState
20004c97   xTaskGetIdleTaskHandle
20004cb5   xTaskIncrementTick
20004dd1   vTaskSwitchContext
20004e51   vTaskPlaceOnEventList
20004eb5   vTaskPlaceOnUnorderedEventList
20004f25   xTaskRemoveFromEventList
20004fad   xTaskRemoveFromUnorderedEventList
2000501b   vTaskSetTimeOutState
20005041   xTaskCheckForTimeOut
200050bb   vTaskMissedYield
200050c9   uxTaskGetTaskNumber
200050e9   vTaskSetTaskNumber
20005491   xTaskGetCurrentTaskHandle
200054a5   xTaskGetSchedulerState
200054dd   vTaskPriorityInherit
20005597   vTaskPriorityDisinherit
20005621   uxTaskResetEventItemValue
2000620f   __TI_printfi
20006519   InitializeAppVariables
20006541   ConfigureSimpleLinkToDefaultState
200067e1   ConfigureMode
2000681d   ConnectToNetwork
20006985   ConnectToNetwork_2
20006a2b   ConnectToNetwork_STA_2
20006a47   ConnectToNetwork_STA
20006ad1   initNetwork
20006bf5   SimpleLinkWlanEventHandler
20006cd9   SimpleLinkNetAppEventHandler
20006d7d   SimpleLinkSockEventHandler
20006dd5   SimpleLinkHttpServerCallback
2000713d   CaptureAndStore_Image
20007559   CamControllerInit
20007d15   xQueueGenericReset
20007da5   xQueueGenericCreate
20007e1b   xQueueCreateMutex
20007e99   xQueueCreateCountingSemaphore
20007eb9   xQueueGenericSend
20007fc5   xQueueAltGenericSend
20008071   xQueueAltGenericReceive
2000816f   xQueueGenericSendFromISR
2000820b   xQueueGenericReceive
2000834d   xQueueReceiveFromISR
200083c5   xQueuePeekFromISR
20008409   uxQueueMessagesWaiting
2000841f   uxQueueSpacesAvailable
2000843f   uxQueueMessagesWaitingFromISR
20008451   vQueueDelete
20008475   uxQueueGetQueueNumber
20008483   vQueueSetQueueNumber
20008495   ucQueueGetQueueType
2000864b   xQueueIsQueueEmptyFromISR
2000868d   xQueueIsQueueFullFromISR
200086af   vQueueAddToRegistry
200086f1   vQueueUnregisterQueue
2000872b   xQueueCreateSet
2000873f   xQueueAddToSet
20008773   xQueueRemoveFromSet
200087b5   xQueueSelectFromSet
200087cf   xQueueSelectFromSetFromISR
20008839   setDataBufferPointer
2000885b   buildRequestHeaders
20008c21   headerSend
20008d1d   payloadSend
20008f99   sendRequest
200090c9   parseSendRequestInternal
2000913d   parseSendRequest
200091db   parseGetErrorCode
20009349   verifyAccelMagnSensor
20009377   configureFXOS8700
200095b1   setMotionDetectionThreshold
200095f3   getDoorDirection
200096a9   getMagnFlux_3axis
2000972d   getAccelerationMagnitude
20009881   updateConfigReg
200098c1   clearAccelMotionIntrpt
20009911   FXOS8700CQ_Init
200099fd   FXOS8700CQ_Mag_Calibration
20009ba7   writeMagntCalibrationValue
20009c85   CameraSensorInit
20009c8d   StartSensorInJpegMode
20009e39   RegStatusRead
20009e57   WriteAllAEnAWBRegs
20009e73   ReadAllAEnAWBRegs
20009ee9   enableAWB
20009f27   disableAWB
20009f65   enableAE
20009fb1   disableAE
2000a023   CCMRegs_Read
2000a059   DigitalGainRegs_Read
2000a089   ShutterRegs_Read
2000a0b7   AnalogGainReg_Read
2000a0fd   ResetImageSensorMCU
2000a131   ReadMCUBootModeReg
2000a14d   SoftReset_ImageSensor
2000a173   Verify_ImageSensor
2000a435   isPingTime
2000a48f   updateLastPingTime
2000a499   fetchDeviceOSVersion
2000a50d   createNewInstallationId
2000ab43   createInstallation
2000ab93   getInstallation
2000ad07   parseSetInstallationId
2000adb5   parseGetInstallationId
2000aee5   simpleJsonProcessor
2000b2af   findSecondJson
2000b2db   isCompleteJson
2000b2ff   getPushJson
2000b389   socketWait
2000b3e9   socketSslConnect
2000b585   socketRead
2000b681   socketWrite
2000b721   socketClose
2000b825   pow
2000bcb5   osi_InterruptRegister
2000bcdb   osi_InterruptDeRegister
2000bced   osi_SyncObjCreate
2000bd1d   osi_SyncObjDelete
2000bd37   osi_SyncObjSignal
2000bd5f   osi_SyncObjSignalFromISR
2000bd97   osi_SyncObjWait
2000bdc3   osi_SyncObjClear
2000bde5   osi_LockObjCreate
2000be0b   osi_TaskCreate
2000be4b   osi_TaskDelete
2000be59   osi_LockObjDelete
2000be69   osi_LockObjLock
2000be95   osi_LockObjUnlock
2000bebf   osi_Spawn
2000bf2d   VStartSimpleLinkSpawnTask
2000bf7d   VDeleteSimpleLinkSpawnTask
2000bfa9   osi_MsgQCreate
2000bfed   osi_MsgQDelete
2000c007   osi_MsgQWrite
2000c039   osi_MsgQRead
2000c075   mem_Malloc
2000c081   mem_Free
2000c08d   mem_set
2000c0a1   mem_copy
2000c0b5   osi_EnterCritical
2000c0bf   osi_ExitCritical
2000c0c9   osi_start
2000c0d1   osi_Sleep
2000c0e1   osi_TaskDisable
2000c0eb   osi_TaskEnable
2000c0f5   osi_ContextSave
2000c0f7   osi_ContextRestore
2000c111   minit
2000c19d   malloc
2000c1ff   free
2000c2bf   realloc
2000c3c5   memalign
2000c4a5   calloc
2000c4dd   loadClientState
2000c5ef   saveClientState
2000c891   _SlDrvMsgRead
2000cc39   _SlAsyncEventGenericHandler
2000cf85   write
2000d015   remove
2000d015   unlink
2000d039   rename
2000d077   remove_device
2000d09f   read
2000d0c3   open
2000d171   lseek
2000d195   close
2000d1e7   add_device
2000d295   vAssertCalled
2000d297   vApplicationIdleHook
2000d299   vApplicationMallocFailedHook
2000d29b   vApplicationStackOverflowHook
2000d29d   Main_Task
2000d34b   main
2000d58d   _Log
2000d871   HOSTwrite
2000d8bd   HOSTunlink
2000d8f5   HOSTtime
2000d92f   HOSTrename
2000d98d   HOSTread
2000d9d9   HOSTopen
2000da2b   HOSTlseek
2000da87   HOSTgetenv
2000dac5   HOSTclose
2000dafd   HOSTclock
2000db45   __vla_dealloc
2000dbd3   __vla_dealloc_eh
2000dc53   __vla_alloc
2000dde5   InitialiseParse
2000ddfb   UploadImageToParse
2000de19   UploadSensorDataToParse
2000de2d   retreiveImageIDfromHTTPResponse
2000de65   ConstructDeviceStateObject
2000e061   _Exp
2000e25d   __aeabi_uldivmod
2000e451   ensureCertificateFile
2000e6f5   __TI_cleanup
2000e721   freopen
2000e74b   fopen
2000e7ed   InitTerm
2000e80b   Message
2000e825   ClearTerm
2000e82b   Error
2000e85f   GetCmd
2000e8bf   TrimSpace
2000e909   Report
2000e9a5   __aeabi_dsub
2000e9af   __aeabi_dadd
2000eb5d   addHttpRequestLine
2000eba5   beginHttpRequest
2000ebc7   beginHttpGetRequest
2000ec0b   addHttpRequestHeader
2000ec39   addHttpRequestHeaderInt
2000ec5b   getHttpResponseStatus
2000ec87   getHttpResponseBody
2000ed0d   sl_WlanConnect
2000eea9   DmaSwIntHandler
2000eebb   DmaErrorIntHandler
2000eec7   UDMAInit
2000ef11   UDMAChannelSelect
2000ef39   SetupTransfer
2000ef6f   UDMASetupAutoMemTransfer
2000ef93   UDMASetupPingPongTransfer
2000efdd   UDMADeInit
2000eff1   DMASetupTransfer
2000f09f   I2C_IF_Write
2000f101   I2C_IF_Read
2000f169   I2C_IF_ReadFrom
2000f189   I2C_IF_Open
2000f1b3   I2C_IF_Close
2000f1c9   _LAtan
2000f351   I2CInit
2000f36f   I2CBufferRead
2000f417   I2CBufferWrite
2000f4c1   _SlDrvDataReadOp
2000f625   _SlDrvRxHdrRead
2000f765   sqrt
2000f8a5   __aeabi_ddiv
2000f9dd   PRCMCC3200MCUInit
2000fb11   fputs
2000fc1d   puts
2000fc45   spi_Open
2000fd75   _SlDrvDataWriteOp
2000fea1   vListInitialise
2000fed1   vListInitialiseItem
2000fee1   vListInsertEnd
2000ff1d   vListInsert
2000ff83   uxListRemove
2000ffcd   parseInitialize
20010077   getInternalClient
200100e5   _SlDrvMsgWrite
200101f9   pxPortInitialiseStack
20010249   xPortStartScheduler
20010275   vPortEndScheduler
20010277   vPortYield
20010289   vPortEnterCritical
200102a1   vPortExitCritical
200102b9   xPortSysTickHandler
200102d5   vPortSetupTimerInterrupt
20010309   _Dscale
20010419   _SlDrvWaitForPoolObj
20010525   i2cReadRegisters
20010567   i2cWriteRegisters
200105d1   i2cReadRegistersTwoBytes
20010631   sl_Select
20010739   _SlDrvReleasePoolObj
2001083d   atan2l
20010941   __aeabi_dmul
20010a3d   __aeabi_fsub
20010a41   __aeabi_fadd
20010b39   uDMAChannelTransferSet
20010c29   sl_Connect
20010d11   spi_Write
20010df9   setvbuf
20010ed5   sl_NetAppDnsGetHostByName
20010fad   TimerBaseIntHandler
20010fbf   InitializeTimer
20010feb   StartTimer
20011007   StopTimer
20011015   GetTimeDuration
20011085   spi_Read
20011151   _Dint
20011215   _Dnorm
200112d9   sl_Stop
2001139d   __TI_doflush
200113e9   fflush
2001145d   sl_Start
20011521   ulPortSetInterruptMask
20011537   vPortClearInterruptMask
20011545   xPortPendSVHandler
20011591   vPortSVCHandler
200115b9   prvPortStartFirstTask
200115d1   portCLZ
200115d9   _SlDrvMsgReadCmdCtx
2001168d   debugPrint
200116af   debugPrintf
20011741   _SlDrvNetAppEventHandler
200117f3   PinMuxConfig
200118a5   sl_Send
20011955   __TI_wrt_ok
200119b7   __TI_rd_ok
20011a01   IntDisable
20011aa9   IntEnable
20011b51   Timer_IF_Init
20011b7b   Timer_IF_IntSetup
20011bad   Timer_IF_InterruptClear
20011bc1   Timer_IF_Start
20011bd5   Timer_IF_DeInit
20011bed   Timer_IF_GetCount
20011bf9   SPIConfigSetExpClk
20011c99   fputc
20011d1d   putc
20011d21   putchar
20011d35   __aeabi_memcpy
20011d35   __aeabi_memcpy4
20011d35   __aeabi_memcpy8
20011d35   memcpy
20011dd1   _SlFindAndSetActiveObj
20011e69   CollectTxit_ImgTempRH
20011f01   __TI_closefile
20011f67   fclose
20011f99   snprintf
20012031   PRCMPeripheralClockGet
200120c5   _SlDrvClassifyRxMsg
20012159   __TI_auto_init
200121ed   _SlDrvMsgReadSpawnCtx
2001227d   sl_FsRead
20012309   sl_FsWrite
20012395   PinConfigSet
2001241d   vsnprintf
200124a5   sl_NetAppMDNSRegisterUnregisterService
2001252d   __aeabi_cdcmpeq
2001252d   __aeabi_cdcmple
200125b3   __aeabi_cdrcmple
20012639   I2CMasterInitExpClk
200126bd   _SlDrvCmdOp
20012741   NwpPowerOnPreamble
200127c1   _SlDrvDriverCBInit
2001283d   _sl_HandleAsync_DnsGetHostByName
200128b9   sl_DevGet
20012935   sl_FsClose
200129b1   __aeabi_fmul
20012aa5   __aeabi_memclr
20012aa5   __aeabi_memclr4
20012aa5   __aeabi_memclr8
20012aa7   __aeabi_memset
20012aa7   __aeabi_memset4
20012aa7   __aeabi_memset8
20012aad   memset
20012b1d   UARTConfigSetExpClk
20012b95   _sl_HandleAsync_InitComplete
20012c09   sl_WlanGet
20012c7d   spi_Close
20012cf1   TimerIntRegister
20012d61   _sl_HandleAsync_PingResponse
20012dd1   _sl_TruncatePayloadByProtocol
20012e49   fprintf
20012ead   TimerIntUnregister
20012f15   _sl_HandleAsync_Connect
20012f7d   _sl_HandleAsync_DnsGetHostByService
20012fe5   sl_FsGetInfo
2001304d   _sl_GetCreateFsMode
200130b1   _sl_HandleAsync_Accept
20013115   fseek
20013179   _Dunscale
200131dd   uDMAChannelAttributeDisable
20013241   uDMAChannelAttributeEnable
200132a5   __aeabi_cfcmpeq
200132a5   __aeabi_cfcmple
20013305   __aeabi_cfrcmple
20013365   sprintf
200133c5   __TI_writemsg
200133ef   C$$IO$$
200133f3   __TI_readmsg
20013483   ltoa
200134dd   IntPendClear
20013535   PRCMPeripheralReset
2001358d   _SlDrvDriverCBDeinit
200135e5   _sl_HandleAsync_Select
2001363d   IntPrioritySet
20013691   _sl_HandleAsync_Stop
200136e5   sl_FsOpen
20013739   sl_NetAppSendTokenValue
2001378d   intToASCII
200137dd   SPIIntEnable
20013829   atoi
20013875   srand
2001388b   rand
200138c1   sl_SetSockOpt
2001390d   uDMAChannelAssign
20013959   _sl_GetStartResponseConvert
200139a3   __aeabi_d2f
200139ed   SPIIntClear
20013a35   __aeabi_d2iz
20013a7d   sl_DevSet
20013ac5   sl_FsDel
20013b0d   sl_WlanSet
20013b99   TimerConfigure
20013bdd   copy_in
20013c21   C$$EXIT
20013c25   abort
20013c2d   exit
20013c65   __aeabi_d2uiz
20013ca9   _Dtest
20013ced   sl_NetCfgSet
20013d31   sl_Recv
20013d75   PinModeSet
20013db5   _SlDrvRxIrqHandler
20013df5   _SlRemoveFromList
20013e35   signal
20013e75   sl_WlanPolicySet
20013eb5   sl_WlanRxFilterSet
20013ef5   NwpPowerOff
20013f31   PRCMPeripheralClkEnable
20013f6d   _SlDrvObjInit
20013fa9   strncasecmp
20013fe5   uDMAChannelControlSet
20014021   CameraCaptureStop
2001405b   CameraXClkConfig
20014095   pvPortMalloc
200140b5   vPortFree
200140cd   __aeabi_f2d
20014105   __aeabi_f2iz
2001413d   __aeabi_i2f
20014175   sl_Htonl
200141ad   GPIODirModeSet
200141e3   CameraParamsConfig
20014219   PRCMPeripheralStatusGet
2001424d   SPIFIFOLevelSet
20014281   _SlDrvBasicCmd
200142b5   _c_int00
200142e9   feraiseexcept
2001431d   __aeabi_f2uiz
20014351   strstr
20014385   sl_Htons
200143b9   NwpPowerOn
200143e9   PinTypeGPIO
20014419   UARTDisable
20014449   strncpy
20014479   _Feraise
200144a9   sl_Socket
200144d9   __aeabi_i2d
20014507   raise
20014535   CameraIntEnable
20014561   DmaSpiSwIntHandler
2001458d   I2CMasterErr
200145b9   PRCMSysResetCauseGet
200145e5   _SlDrvFlowContDeinit
20014611   _SlDrvFlowContInit
2001463d   TimerLoadSet
2001463d   Timer_IF_ReLoad
20014667   TimerPrescaleSet
20014691   CameraIntStatus
200146b9   PRCMPeripheralClkDisable
200146e1   _sl_BuildAddress
20014709   strncat
20014731   sl_WlanSetMode
20014759   CameraThresholdSet
2001477f   strncmp
200147a5   CameraIntClear
200147c9   IntUnregister
200147ed   UARTEnable
20014811   memmove
20014835   __aeabi_ui2f
20014859   sl_Close
2001487d   sl_NetAppStart
200148a1   sl_NetAppStop
200148c5   sl_WlanProfileDel
200148e9   CameraCaptureStart
2001490b   I2CMasterSlaveAddrSet
2001492d   NwpRegisterInterruptHandler
2001494f   SPIReset
20014971   SPIWordCountSet
20014993   memcmp
200149b5   IntRegister
200149d5   _SlDrvCmdSend
200149f5   __aeabi_ui2d
20014a15   I2CMasterIntStatusEx
20014a33   TimerDisable
20014a33   Timer_IF_Stop
20014a51   TimerEnable
20014a6f   TimerIntStatus
20014a8d   UARTCharPut
20014aab   PinTypeI2C
20014ac7   TimerValueGet
20014ae5   _SlDrvObjDeInit
20014b01   memccpy
20014b1d   UDMAStopTransfer
20014b1d   uDMAChannelDisable
20014b39   uDMAChannelEnable
20014b55   CopyPingResultsToReport
20014b6f   PinTypeCamera
20014b89   PinTypeUART
20014ba3   SPIDmaDisable
20014bbd   SPIDmaEnable
20014bd7   SPIFIFODisable
20014bf1   SPIFIFOEnable
20014c0b   _SlDrvDeviceEventHandler
20014c25   CameraReset
20014c3d   GPIOPinRead
20014c55   SPICSDisable
20014c6d   SPICSEnable
20014c85   SPIDisable
20014c9d   SPIEnable
20014cb5   TimerIntDisable
20014ccd   TimerIntEnable
20014ce5   _args_main
20014cfd   __aeabi_lmul
20014d15   strcmp
20014d2d   CameraDMAEnable
20014d43   CameraIntRegister
20014d59   I2CMasterDataPut
20014d6f   I2CMasterEnable
20014d85   PRCMHIBRegRead
20014d9b   PRCMHIBRegWrite
20014db1   UARTCharGet
20014dc7   _sl_Strlen
20014ddd   memchr
20014df3   strchr
20014e09   uDMAIntRegister
20014e1f   CPUcpsie
20014e35   IntVTableBaseSet
20014e49   _SlDrvShiftDWord
20014e5d   _register_unlock
20014e63   _register_lock
20014e6b   _nop
20014e71   strlen
20014e85   uDMAControlBaseSet
20014e99   uDMAIntClear
20014ead   I2CMasterControl
20014ebf   I2CMasterIntClearEx
20014ed1   I2CMasterTimeoutSet
20014ee3   TimerIntClear
20014ef5   __TI_zero_init
20014f07   sl_NetAppMDNSUnRegisterService
20014f19   uDMAIntUnregister
20014f2d   NwpMaskInterrupt
20014f3d   SL_FD_SET
20014f4d   strcpy
20014f5d   tolower
20014f6d   I2CMasterDataGet
20014f7b   __TI_decompress_none
20014f89   _Dclass
20014f97   ResetISR
20014fa5   NwpUnMaskInterrupt
20014fb1   uDMADisable
20014fbd   uDMAEnable
20014fc9   uDMAIntStatus
20014fd5   IntMasterEnable
20014fdf   sl_WlanDisconnect
20014fe7   MT9D111Delay
20014fed   SL_FD_ZERO
20014ff3   UtilsDelay
20014ff9   __TI_decompress_rle24
20014fff   log
20015005   __abort_execution
20015009   _LDtest
2001514c   _ctypes_
20015354   _SlPolicySetCmdCtrl
20015358   _SlPolicyGetCmdCtrl
2001535c   _SlProfileGetCmdCtrl
20015360   _SlProfileDelCmdCtrl
20015364   _SlWlanGetNetworkListCtrl
20015368   _SlRxFilterAddtCmdCtrl
2001536c   _SlRxFilterSetCmdCtrl
20015370   _SlRxFilterGetCmdCtrl
20015374   _SlSmartConfigStartCmdCtrl
20015378   _SlWlanSetModeCmdCtrl
2001537c   _SlWlanCfgSetCmdCtrl
20015380   _SlWlanCfgGetCmdCtrl
200158a4   g_H2NSyncPattern
200158ac   g_H2NCnysPattern
200158b4   _SlActionLookupTable
200159b8   _SlFsOpenCmdCtrl
200159bc   _SlFsCloseCmdCtrl
200159c0   _SlFsReadCmdCtrl
200159c4   _SlFsWriteCmdCtrl
200159c8   _SlFsGetInfoCmdCtrl
200159cc   _SlFsDeleteCmdCtrl
200159fc   _SlSockSocketCmdCtrl
20015a00   _SlSockCloseCmdCtrl
20015a04   _SlRecvfomCmdCtrl
20015a08   _SlSendCmdCtrl
20015a0c   _SlListenCmdCtrl
20015a10   _SlAcceptCmdCtrl
20015a14   _SlRecvCmdCtrl
20015a18   _SlSetSockOptCmdCtrl
20015a1c   _SlGetSockOptCmdCtrl
20015a20   _SlSelectCmdCtrl
20015ab0   _SlNetAppStartCtrl
20015ab4   _SlNetAppStopCtrl
20015ab8   _SlGetServiceListeCtrl
20015abc   _SlRegisterServiceCtrl
20015ac0   _SlGetHostByServiceCtrl
20015ac4   _SlGetHostByNameCtrl
20015ac8   _SlNetAppSetCmdCtrl
20015acc   _SlNetAppSendTokenValueCmdCtrl
20015ad0   _SlNetAppGetCmdCtrl
20015b30   g_deviceClientVersion
20015b60   _SlStopCmdCtrl
20015b64   _SlEventMaskSetCmdCtrl
20015b68   _SlEventMaskGetCmdCtrl
20015b6c   _SlDeviceGetCmdCtrl
20015b70   _SlDeviceSetCmdCtrl
20015b74   pcDigits
20015b80   _SlNetCfgSetCmdCtrl
20015b84   _SlNetCfgGetCmdCtrl
20015b88   __TI_static_base__
20016714   __TI_Handler_Table_Base
20016720   __TI_Handler_Table_Limit
20016728   __TI_CINIT_Base
20016738   __TI_CINIT_Limit
20018000   g_image_buffer
2002c000   gpCtlTbl
2002c400   __CIOBUF_
2002c520   gfpAppCallbackHndl
2002c6e8   __TI_tmpnams
2002c788   xQueueRegistry
2002c7d8   clientStateFileName
2002c80c   g_ucConnectionSSID
2002c84c   g_flag_blockFull
2002c8c4   g_ucConnectionBSSID
2002c8d8   dataBuffer
2002c8dc   g_block_lastFilled
2002c8e0   g_frame_size_in_bytes
2002c8e4   g_header_length
2002c8e8   g_position_in_block
2002c8ec   g_readHeader
2002c8fc   v_TimerOverflows
2002c900   g_CaptureImage
2002c902   g_flag_DataBlockFilled
2002c903   g_frame_end
2002c904   iDone
2002c908   _sys_memory
ffffffff   __binit__
ffffffff   __c_args__
ffffffff   binit
UNDEFED    SHT$$INIT_ARRAY$$Base
UNDEFED    SHT$$INIT_ARRAY$$Limit

[727 symbols]
