******************************************************************************
                  TI ARM Linker PC v5.2.2                      
******************************************************************************
>> Linked Mon Jun 29 19:17:14 2015

OUTPUT FILE NAME:   <ULP_SEC_CAM.out>
ENTRY POINT SYMBOL: "_c_int00"  address: 2001a9b9


MEMORY CONFIGURATION

         name            origin    length      used     unused   attr    fill
----------------------  --------  ---------  --------  --------  ----  --------
  SRAM_BOOTLDR          20000000   00004000  0000265c  000019a4  RW X
  SRAM_CODE             20004000   0001a000  00019508  00000af8  RW X
  SRAM_DATA             2001e000   0001e000  0001ade8  00003218  RW X


SEGMENT ALLOCATION MAP

run origin  load origin   length   init length attrs members
----------  ----------- ---------- ----------- ----- -------
20000000    20000000    0000165c   00000000    rw-
  20000000    20000000    0000165c   00000000    rw- .data
20003000    20003000    00001000   00000000    rw-
  20003000    20003000    00001000   00000000    rw- .stack
20004000    20004000    00019508   00019508    r-x
  20004000    20004000    00000400   00000400    r-- .intvecs
  20004400    20004400    00017690   00017690    r-x .text
  2001ba90    2001ba90    00000e88   00000e88    r-- .const
  2001c918    2001c918    00000bf0   00000bf0    r-- .cinit
2001e000    2001e000    0001ade8   00000000    rw-
  2001e000    2001e000    00015de8   00000000    rw- .bss
  20033de8    20033de8    00005000   00000000    rw- .sysmem


SECTION ALLOCATION MAP

 output                                  attributes/
section   page    origin      length       input sections
--------  ----  ----------  ----------   ----------------
.data      0    20000000    0000165c     UNINITIALIZED
                  20000000    00000600     camera_app.obj (.data:JPEG_StdHuffmanTbl)
                  20000600    00000400     camera_app.obj (.data:g_header)
                  20000a00    000003c9     cc3200_certificate.obj (.data:DigiCertHighAssuranceEVRootCA_der)
                  20000dc9    00000001     main_FXOS8700.obj (.data)
                  20000dca    00000001     tasks.obj (.data)
                  20000dcb    00000001     --HOLE--
                  20000dcc    00000184     simplelink.a : driver.obj (.data)
                  20000f50    000000f0     rtsv7M4_T_le_eabi.lib : defs.obj (.data:_ftable)
                  20001040    000000d0                           : lowlev.obj (.data)
                  20001110    000000b0                           : signal.obj (.data:sigtable)
                  200011c0    00000080                           : xvalues.obj (.data)
                  20001240    00000070                           : xlvalues.obj (.data)
                  200012b0    00000068                           : xfvalues.obj (.data)
                  20001318    00000064     network_relater_fns.obj (.data:Token)
                  2000137c    00000064     network_relater_fns.obj (.data:Value)
                  200013e0    00000064     simplelink.a : cc_pal.obj (.data)
                  20001444    00000040     camera_app.obj (.data:JPEG_StdQuantTblC)
                  20001484    00000040     camera_app.obj (.data:JPEG_StdQuantTblY)
                  200014c4    00000040     camera_app.obj (.data:zigzag)
                  20001504    0000003c     main.obj (.data:g_token_get)
                  20001540    00000034     free_rtos.a : tasks.obj (.data)
                  20001574    0000002c     cc3200_utils.obj (.data:lastDateTime)
                  200015a0    00000024     main.obj (.data)
                  200015c4    00000018     cc3200_utils.obj (.data)
                  200015dc    00000018     request.obj (.data)
                  200015f4    00000010     rtsv7M4_T_le_eabi.lib : defs.obj (.data)
                  20001604    0000000c     free_rtos.a : osi_freertos.obj (.data)
                  20001610    0000000c     rtsv7M4_T_le_eabi.lib : memory.obj (.data)
                  2000161c    00000008     camera_app.obj (.data)
                  20001624    00000008     rtsv7M4_T_le_eabi.lib : _lock.obj (.data)
                  2000162c    00000008                           : exit.obj (.data)
                  20001634    00000008                           : feraiseexcept.obj (.data)
                  2000163c    00000006     http.obj (.data)
                  20001642    00000002     --HOLE--
                  20001644    00000004     cc3200_certificate.obj (.data)
                  20001648    00000004     free_rtos.a : port.obj (.data)
                  2000164c    00000004     rtsv7M4_T_le_eabi.lib : errno.obj (.data)
                  20001650    00000004                           : fopen.obj (.data)
                  20001654    00000004                           : rand.obj (.data)
                  20001658    00000004                           : stkdepth_vars.obj (.data)

.TI.persistent 
*          0    20000000    00000000     UNINITIALIZED

.stack     0    20003000    00001000     UNINITIALIZED
                  20003000    00001000     --HOLE--

.intvecs   0    20004000    00000400     
                  20004000    00000400     startup_ccs.obj (.intvecs)

.text      0    20004400    00017690     
                  20004400    0000197c     orientation.obj (.text)
                  20005d7c    000012e8     magnetic.obj (.text)
                  20007064    00001258     free_rtos.a : tasks.obj (.text)
                  200082bc    000010a6     rtsv7M4_T_le_eabi.lib : _printfi.obj (.text)
                  20009362    00000002     driverlib.a : interrupt.obj (.text:IntDefaultHandler)
                  20009364    00000fc0     network_relater_fns.obj (.text)
                  2000a324    00000ef4     camera_app.obj (.text)
                  2000b218    00000b50     wifi_provisioning_thruAPmode.obj (.text)
                  2000bd68    00000b24     free_rtos.a : queue.obj (.text)
                  2000c88c    00000a58     matrix.obj (.text)
                  2000d2e4    000008f6     accelomtrMagntomtr_fxos8700.obj (.text)
                  2000dbda    00000002     --HOLE-- [fill = 0]
                  2000dbdc    000008a8     mt9d111.obj (.text)
                  2000e484    000006fc     request.obj (.text)
                  2000eb80    000004f0     tasks.obj (.text)
                  2000f070    00000480     rtsv7M4_T_le_eabi.lib : pow.obj (.text)
                  2000f4f0    00000468     cc3200_utils.obj (.text)
                  2000f958    0000045c     free_rtos.a : osi_freertos.obj (.text)
                  2000fdb4    00000448     main_FXOS8700.obj (.text)
                  200101fc    000003f0     simplelink.a : driver.obj (.text:_SlDrvMsgRead)
                  200105ec    000003dc     rtsv7M4_T_le_eabi.lib : memory.obj (.text)
                  200109c8    000003c0     main.obj (.text)
                  20010d88    000003a4     algorithm.obj (.text)
                  2001112c    00000378     rtsv7M4_T_le_eabi.lib : powf.obj (.text)
                  200114a4    0000036c     simplelink.a : driver.obj (.text:_SlAsyncEventGenericHandler)
                  20011810    0000032c     installation.obj (.text)
                  20011b3c    0000031a     simplejson.obj (.text)
                  20011e56    00000002     --HOLE-- [fill = 0]
                  20011e58    0000030c     rtsv7M4_T_le_eabi.lib : lowlev.obj (.text)
                  20012164    000002e4                           : xlog.obj (.text)
                  20012448    000002e0     parse_uploads.obj (.text)
                  20012728    000002d4     rtsv7M4_T_le_eabi.lib : trgdrv.obj (.text)
                  200129fc    00000298                           : vla_alloc.obj (.text)
                  20012c94    00000230     approximations.obj (.text)
                  20012ec4    00000228     cc3200_socket.obj (.text)
                  200130ec    00000200     flash_files.obj (.text)
                  200132ec    000001fc     rtsv7M4_T_le_eabi.lib : xexp.obj (.text)
                  200134e8    000001f4                           : ull_div_t2.obj (.text)
                  200136dc    000001cc     tempRHSens_si7020.obj (.text)
                  200138a8    000001c4     rtsv7M4_T_le_eabi.lib : fopen.obj (.text)
                  20013a6c    000001bc                           : xflog.obj (.text)
                  20013c28    000001b8     uartA1_if.obj (.text)
                  20013de0    000001b6     rtsv7M4_T_le_eabi.lib : fd_add_t2.obj (.text)
                  20013f96    00000002     --HOLE-- [fill = 0]
                  20013f98    000001a8     lightSens_isl29035.obj (.text)
                  20014140    000001a4     simplelink.a : wlan.obj (.text:sl_WlanConnect)
                  200142e4    000001a0     collect_and_txit.obj (.text)
                  20014484    0000019c     rtsv7M4_T_le_eabi.lib : xfsin.obj (.text)
                  20014620    00000198     udma_if.obj (.text)
                  200147b8    0000018c     i2c_if.obj (.text)
                  20014944    00000188     rtsv7M4_T_le_eabi.lib : xlatan.obj (.text)
                  20014acc    00000178     drivers.obj (.text)
                  20014c44    00000178     rtsv7M4_T_le_eabi.lib : tanf.obj (.text)
                  20014dbc    00000178                           : xfexp.obj (.text)
                  20014f34    00000174     fusion.obj (.text)
                  200150a8    0000016c     simplelink.a : driver.obj (.text:_SlDrvDataReadOp)
                  20015214    0000016c     i2cconfig.obj (.text)
                  20015380    00000168     rtsv7M4_T_le_eabi.lib : atan2l.obj (.text)
                  200154e8    00000150     cc3200_client_state.obj (.text)
                  20015638    00000150     http.obj (.text)
                  20015788    00000140     simplelink.a : driver.obj (.text:_SlDrvRxHdrRead)
                  200158c8    00000140     rtsv7M4_T_le_eabi.lib : sqrt.obj (.text)
                  20015a08    0000013c                           : fmodf.obj (.text)
                  20015b44    00000136                           : fd_div_t2.obj (.text)
                  20015c7a    00000002     --HOLE-- [fill = 0]
                  20015c7c    00000134     driverlib.a : prcm.obj (.text:PRCMCC3200MCUInit)
                  20015db0    00000134     rtsv7M4_T_le_eabi.lib : fputs.obj (.text)
                  20015ee4    00000130     simplelink.a : cc_pal.obj (.text:spi_Open)
                  20016014    0000012c                  : driver.obj (.text:_SlDrvDataWriteOp)
                  20016140    0000012c     hibernate_related_fns.obj (.text)
                  2001626c    0000012a     free_rtos.a : list.obj (.text)
                  20016396    00000002     --HOLE-- [fill = 0]
                  20016398    00000120     simplelink.a : driver.obj (.text:_SlDrvMsgWrite)
                  200164b8    0000011c                  : driver.obj (.text:_SlDrvWaitForPoolObj)
                  200165d4    00000110     free_rtos.a : port.obj (.text)
                  200166e4    00000110     rtsv7M4_T_le_eabi.lib : xdscale.obj (.text)
                  200167f4    00000108     i2c_app.obj (.text)
                  200168fc    00000108     simplelink.a : socket.obj (.text:sl_Select)
                  20016a04    00000100     pinmux.obj (.text)
                  20016b04    000000fc     rtsv7M4_T_le_eabi.lib : fd_mul_t2.obj (.text)
                  20016c00    000000fa                           : fs_add_t2.obj (.text)
                  20016cfa    00000002     --HOLE-- [fill = 0]
                  20016cfc    000000f0     simplelink.a : driver.obj (.text:_SlDrvReleasePoolObj)
                  20016dec    000000f0     driverlib.a : udma.obj (.text:uDMAChannelTransferSet)
                  20016edc    000000e8     simplelink.a : socket.obj (.text:sl_Connect)
                  20016fc4    000000e8                  : cc_pal.obj (.text:spi_Write)
                  200170ac    000000dc     app_common.obj (.text)
                  20017188    000000dc     rtsv7M4_T_le_eabi.lib : setvbuf.obj (.text)
                  20017264    000000dc     simplelink.a : netapp.obj (.text:sl_NetAppDnsGetHostByName)
                  20017340    000000d8     rtsv7M4_T_le_eabi.lib : xfatan.obj (.text)
                  20017418    000000d0                           : xfdscale.obj (.text)
                  200174e8    000000cc                           : sqrtf.obj (.text)
                  200175b4    000000cc     simplelink.a : cc_pal.obj (.text:spi_Read)
                  20017680    000000c8     rtsv7M4_T_le_eabi.lib : fflush.obj (.text)
                  20017748    000000c8     simplelink.a : device.obj (.text:sl_Start)
                  20017810    000000c4                  : device.obj (.text:sl_Stop)
                  200178d4    000000c0     rtsv7M4_T_le_eabi.lib : xdint.obj (.text)
                  20017994    000000be                           : xdnorm.obj (.text)
                  20017a52    00000002     --HOLE-- [fill = 0]
                  20017a54    000000bc                           : acosf.obj (.text)
                  20017b10    000000ba     free_rtos.a : portasm.obj (.text)
                  20017bca    00000002     --HOLE-- [fill = 0]
                  20017bcc    000000b8     cc3200_certificate.obj (.text)
                  20017c84    000000b4     simplelink.a : driver.obj (.text:_SlDrvMsgReadCmdCtx)
                  20017d38    000000b4                  : netapp.obj (.text:_SlDrvNetAppEventHandler)
                  20017dec    000000b0                  : socket.obj (.text:sl_Send)
                  20017e9c    000000ac     rtsv7M4_T_le_eabi.lib : _io_perm.obj (.text)
                  20017f48    000000a8     driverlib.a : interrupt.obj (.text:IntDisable)
                  20017ff0    000000a8                 : interrupt.obj (.text:IntEnable)
                  20018098    000000a8     timer_if.obj (.text)
                  20018140    000000a0     driverlib.a : spi.obj (.text:SPIConfigSetExpClk)
                  200181e0    0000009c     rtsv7M4_T_le_eabi.lib : memcpy_t2.obj (.text)
                  2001827c    00000098     simplelink.a : driver.obj (.text:_SlDrvClassifyRxMsg)
                  20018314    00000098                  : driver.obj (.text:_SlFindAndSetActiveObj)
                  200183ac    00000098     rtsv7M4_T_le_eabi.lib : fclose.obj (.text)
                  20018444    00000098                           : fputc.obj (.text)
                  200184dc    00000094     driverlib.a : prcm.obj (.text:PRCMPeripheralClockGet)
                  20018570    00000094     batteryVoltLvlSens_adc081c021.obj (.text)
                  20018604    00000094     rtsv7M4_T_le_eabi.lib : snprintf.obj (.text)
                  20018698    00000092                           : fs_div_t2.obj (.text)
                  2001872a    00000002     --HOLE-- [fill = 0]
                  2001872c    00000090     simplelink.a : driver.obj (.text:_SlDrvMsgReadSpawnCtx)
                  200187bc    0000008c     rtsv7M4_T_le_eabi.lib : xfdint.obj (.text)
                  20018848    0000008c     simplelink.a : fs.obj (.text:sl_FsRead)
                  200188d4    0000008c                  : fs.obj (.text:sl_FsWrite)
                  20018960    0000008c                  : netapp.obj (.text:sl_NetAppMDNSRegisterUnregisterService)
                  200189ec    00000088     driverlib.a : prcm.obj (.text:PRCMHibernateIntervalSet)
                  20018a74    00000088                 : pin.obj (.text:PinConfigSet)
                  20018afc    00000088     parse_impl.obj (.text)
                  20018b84    00000088     rtsv7M4_T_le_eabi.lib : vsnprintf.obj (.text)
                  20018c0c    00000086                           : fd_cmp_t2.obj (.text:__aeabi_cdcmple)
                  20018c92    00000086                           : fd_cmp_t2.obj (.text:__aeabi_cdrcmple)
                  20018d18    00000084     driverlib.a : i2c.obj (.text:I2CMasterInitExpClk)
                  20018d9c    00000084     simplelink.a : driver.obj (.text:_SlDrvCmdOp)
                  20018e20    00000080                  : cc_pal.obj (.text:NwpPowerOnPreamble)
                  20018ea0    0000007c                  : driver.obj (.text:_SlDrvDriverCBInit)
                  20018f1c    0000007c                  : device.obj (.text:sl_DevGet)
                  20018f98    0000007c                  : fs.obj (.text:sl_FsClose)
                  20019014    0000007a     rtsv7M4_T_le_eabi.lib : fs_mul_t2.obj (.text)
                  2001908e    0000007a                           : memset_t2.obj (.text)
                  20019108    0000007a                           : xfdnorm.obj (.text)
                  20019182    00000002     --HOLE-- [fill = 0]
                  20019184    00000078     simplelink.a : cc_pal.obj (.text:SetupDMAReceive)
                  200191fc    00000078                  : netapp.obj (.text:_sl_HandleAsync_DnsGetHostByName)
                  20019274    00000078                  : netapp.obj (.text:_sl_HandleAsync_PingResponse)
                  200192ec    00000078                  : wlan.obj (.text:sl_WlanGet)
                  20019364    00000076     driverlib.a : uart.obj (.text:UARTConfigSetExpClk)
                  200193da    00000002     --HOLE-- [fill = 0]
                  200193dc    00000074     simplelink.a : device.obj (.text:_sl_HandleAsync_InitComplete)
                  20019450    00000074                  : cc_pal.obj (.text:spi_Close)
                  200194c4    00000074     timer_fns.obj (.text)
                  20019538    00000070     driverlib.a : timer.obj (.text:TimerIntRegister)
                  200195a8    00000070     simplelink.a : fs.obj (.text:sl_FsGetInfo)
                  20019618    0000006c                  : socket.obj (.text:_sl_TruncatePayloadByProtocol)
                  20019684    0000006c     rtsv7M4_T_le_eabi.lib : autoinit.obj (.text)
                  200196f0    0000006c                           : fprintf.obj (.text)
                  2001975c    0000006a                           : copy_decompress_rle.obj (.text)
                  200197c6    00000002     --HOLE-- [fill = 0]
                  200197c8    00000068     driverlib.a : prcm.obj (.text:PRCMHibernateWakeUpGPIOSelect)
                  20019830    00000068                 : timer.obj (.text:TimerIntUnregister)
                  20019898    00000068     simplelink.a : fs.obj (.text:_sl_GetCreateFsMode)
                  20019900    00000068                  : socket.obj (.text:_sl_HandleAsync_Connect)
                  20019968    00000068     rtsv7M4_T_le_eabi.lib : trgmsg.obj (.text)
                  200199d0    00000066                           : xdunscal.obj (.text)
                  20019a36    00000002     --HOLE-- [fill = 0]
                  20019a38    00000064     simplelink.a : socket.obj (.text:_sl_HandleAsync_Accept)
                  20019a9c    00000064                  : netapp.obj (.text:_sl_HandleAsync_DnsGetHostByService)
                  20019b00    00000064     rtsv7M4_T_le_eabi.lib : fseek.obj (.text)
                  20019b64    00000064     driverlib.a : udma.obj (.text:uDMAChannelAttributeDisable)
                  20019bc8    00000064                 : udma.obj (.text:uDMAChannelAttributeEnable)
                  20019c2c    00000060     rtsv7M4_T_le_eabi.lib : fs_cmp_t2.obj (.text:__aeabi_cfcmple)
                  20019c8c    00000060                           : fs_cmp_t2.obj (.text:__aeabi_cfrcmple)
                  20019cec    00000060                           : sprintf.obj (.text)
                  20019d4c    00000058     driverlib.a : interrupt.obj (.text:IntPendClear)
                  20019da4    00000058                 : prcm.obj (.text:PRCMPeripheralReset)
                  20019dfc    00000058     simplelink.a : driver.obj (.text:_SlDrvDriverCBDeinit)
                  20019e54    00000058                  : socket.obj (.text:_sl_HandleAsync_Select)
                  20019eac    00000058                  : netapp.obj (.text:sl_NetAppSendTokenValue)
                  20019f04    00000056     rtsv7M4_T_le_eabi.lib : ltoa.obj (.text)
                  20019f5a    00000056                           : xfdunsca.obj (.text)
                  20019fb0    00000054     driverlib.a : interrupt.obj (.text:IntPrioritySet)
                  2001a004    00000054     simplelink.a : device.obj (.text:_sl_HandleAsync_Stop)
                  2001a058    00000054                  : fs.obj (.text:sl_FsOpen)
                  2001a0ac    00000050     rtsv7M4_T_le_eabi.lib : fs_toull_t2.obj (.text)
                  2001a0fc    0000004c     driverlib.a : spi.obj (.text:SPIIntEnable)
                  2001a148    0000004c     rtsv7M4_T_le_eabi.lib : atoi.obj (.text)
                  2001a194    0000004c                           : cpy_tbl.obj (.text)
                  2001a1e0    0000004c                           : rand.obj (.text)
                  2001a22c    0000004c     simplelink.a : device.obj (.text:sl_DevSet)
                  2001a278    0000004c                  : socket.obj (.text:sl_SetSockOpt)
                  2001a2c4    0000004c                  : wlan.obj (.text:sl_WlanSet)
                  2001a310    0000004c     driverlib.a : udma.obj (.text:uDMAChannelAssign)
                  2001a35c    0000004a     simplelink.a : device.obj (.text:_sl_GetStartResponseConvert)
                  2001a3a6    0000004a     rtsv7M4_T_le_eabi.lib : fd_tos_t2.obj (.text)
                  2001a3f0    00000048     driverlib.a : prcm.obj (.text:PRCMHibernateWakeupSourceDisable)
                  2001a438    00000048                 : prcm.obj (.text:PRCMHibernateWakeupSourceEnable)
                  2001a480    00000048                 : spi.obj (.text:SPIIntClear)
                  2001a4c8    00000048     simplelink.a : driver.obj (.text:_SlRemoveFromList)
                  2001a510    00000048     rtsv7M4_T_le_eabi.lib : fd_toi_t2.obj (.text)
                  2001a558    00000048     simplelink.a : fs.obj (.text:sl_FsDel)
                  2001a5a0    00000048                  : netcfg.obj (.text:sl_NetCfgSet)
                  2001a5e8    00000046     rtsv7M4_T_le_eabi.lib : ldexp.obj (.text)
                  2001a62e    00000002     --HOLE-- [fill = 0]
                  2001a630    00000044     driverlib.a : spi.obj (.text:SPIDmaMaskGet)
                  2001a674    00000044                 : timer.obj (.text:TimerConfigure)
                  2001a6b8    00000044     rtsv7M4_T_le_eabi.lib : exit.obj (.text)
                  2001a6fc    00000044                           : fd_tou_t2.obj (.text)
                  2001a740    00000044     simplelink.a : socket.obj (.text:sl_Recv)
                  2001a784    00000040     driverlib.a : pin.obj (.text:PinModeSet)
                  2001a7c4    00000040     simplelink.a : driver.obj (.text:_SlDrvRxIrqHandler)
                  2001a804    00000040     rtsv7M4_T_le_eabi.lib : signal.obj (.text)
                  2001a844    00000040     simplelink.a : wlan.obj (.text:sl_WlanPolicySet)
                  2001a884    00000040                  : wlan.obj (.text:sl_WlanRxFilterSet)
                  2001a8c4    0000003e     rtsv7M4_T_le_eabi.lib : strncasecmp.obj (.text)
                  2001a902    00000002     --HOLE-- [fill = 0]
                  2001a904    0000003c     simplelink.a : cc_pal.obj (.text:NwpPowerOff)
                  2001a940    0000003c     driverlib.a : prcm.obj (.text:PRCMPeripheralClkEnable)
                  2001a97c    0000003c     simplelink.a : driver.obj (.text:_SlDrvObjInit)
                  2001a9b8    0000003c     rtsv7M4_T_le_eabi.lib : boot.obj (.text)
                  2001a9f4    0000003c     driverlib.a : udma.obj (.text:uDMAChannelControlSet)
                  2001aa30    0000003a                 : camera.obj (.text:CameraCaptureStop)
                  2001aa6a    0000003a                 : camera.obj (.text:CameraXClkConfig)
                  2001aaa4    00000038     free_rtos.a : heap_3.obj (.text)
                  2001aadc    00000038     rtsv7M4_T_le_eabi.lib : fs_tod_t2.obj (.text)
                  2001ab14    00000038                           : fs_toi_t2.obj (.text)
                  2001ab4c    00000038                           : i_tofs_t2.obj (.text)
                  2001ab84    00000038     simplelink.a : socket.obj (.text:sl_Htonl)
                  2001abbc    00000036     driverlib.a : gpio.obj (.text:GPIODirModeSet)
                  2001abf2    00000002     --HOLE-- [fill = 0]
                  2001abf4    00000036     appflile_lightSensor.obj (.text)
                  2001ac2a    00000034     driverlib.a : camera.obj (.text:CameraParamsConfig)
                  2001ac5e    00000002     --HOLE-- [fill = 0]
                  2001ac60    00000034                 : prcm.obj (.text:PRCMPeripheralStatusGet)
                  2001ac94    00000034                 : spi.obj (.text:SPIFIFOLevelSet)
                  2001acc8    00000034     simplelink.a : driver.obj (.text:_SlDrvBasicCmd)
                  2001acfc    00000034     rtsv7M4_T_le_eabi.lib : feraiseexcept.obj (.text)
                  2001ad30    00000034                           : fs_tou_t2.obj (.text)
                  2001ad64    00000034                           : strstr.obj (.text)
                  2001ad98    00000034     simplelink.a : socket.obj (.text:sl_Htons)
                  2001adcc    00000030                  : cc_pal.obj (.text:NwpPowerOn)
                  2001adfc    00000030     driverlib.a : pin.obj (.text:PinTypeGPIO)
                  2001ae2c    00000030                 : uart.obj (.text:UARTDisable)
                  2001ae5c    00000030     rtsv7M4_T_le_eabi.lib : strncpy.obj (.text)
                  2001ae8c    00000030                           : xferaise.obj (.text)
                  2001aebc    00000030     simplelink.a : socket.obj (.text:sl_Socket)
                  2001aeec    0000002e     rtsv7M4_T_le_eabi.lib : i_tofd_t2.obj (.text)
                  2001af1a    0000002e                           : raise.obj (.text)
                  2001af48    0000002c     driverlib.a : camera.obj (.text:CameraIntEnable)
                  2001af74    0000002c     simplelink.a : cc_pal.obj (.text:DmaSpiSwIntHandler)
                  2001afa0    0000002c     driverlib.a : i2c.obj (.text:I2CMasterErr)
                  2001afcc    0000002c                 : prcm.obj (.text:PRCMSysResetCauseGet)
                  2001aff8    0000002c     simplelink.a : flowcont.obj (.text:_SlDrvFlowContDeinit)
                  2001b024    0000002c                  : flowcont.obj (.text:_SlDrvFlowContInit)
                  2001b050    0000002a     driverlib.a : timer.obj (.text:TimerLoadSet)
                  2001b07a    0000002a                 : timer.obj (.text:TimerPrescaleSet)
                  2001b0a4    0000002a     simplelink.a : socket.obj (.text:_sl_BuildAddress)
                  2001b0ce    0000002a     rtsv7M4_T_le_eabi.lib : xdclass.obj (.text)
                  2001b0f8    00000028     driverlib.a : camera.obj (.text:CameraIntStatus)
                  2001b120    00000028                 : prcm.obj (.text:PRCMPeripheralClkDisable)
                  2001b148    00000028     rtsv7M4_T_le_eabi.lib : strncat.obj (.text)
                  2001b170    00000028     simplelink.a : wlan.obj (.text:sl_WlanSetMode)
                  2001b198    00000026     driverlib.a : camera.obj (.text:CameraThresholdSet)
                  2001b1be    00000026     rtsv7M4_T_le_eabi.lib : strncmp.obj (.text)
                  2001b1e4    00000024     driverlib.a : camera.obj (.text:CameraIntClear)
                  2001b208    00000024                 : interrupt.obj (.text:IntUnregister)
                  2001b22c    00000024                 : uart.obj (.text:UARTEnable)
                  2001b250    00000024     rtsv7M4_T_le_eabi.lib : memmov.obj (.text)
                  2001b274    00000024                           : u_tofs_t2.obj (.text)
                  2001b298    00000024     simplelink.a : socket.obj (.text:sl_Close)
                  2001b2bc    00000024                  : netapp.obj (.text:sl_NetAppStart)
                  2001b2e0    00000024                  : netapp.obj (.text:sl_NetAppStop)
                  2001b304    00000024                  : wlan.obj (.text:sl_WlanProfileDel)
                  2001b328    00000022     driverlib.a : camera.obj (.text:CameraCaptureStart)
                  2001b34a    00000022                 : i2c.obj (.text:I2CMasterSlaveAddrSet)
                  2001b36c    00000022     simplelink.a : cc_pal.obj (.text:NwpRegisterInterruptHandler)
                  2001b38e    00000022     driverlib.a : spi.obj (.text:SPIReset)
                  2001b3b0    00000022                 : spi.obj (.text:SPIWordCountSet)
                  2001b3d2    00000022     rtsv7M4_T_le_eabi.lib : frexp.obj (.text)
                  2001b3f4    00000022                           : memcmp.obj (.text)
                  2001b416    00000020     driverlib.a : gpio.obj (.text:GPIOPinWrite)
                  2001b436    00000002     --HOLE-- [fill = 0]
                  2001b438    00000020                 : interrupt.obj (.text:IntRegister)
                  2001b458    00000020     simplelink.a : driver.obj (.text:_SlDrvCmdSend)
                  2001b478    00000020                  : device.obj (.text:_SlDrvDeviceEventHandler)
                  2001b498    00000020     rtsv7M4_T_le_eabi.lib : memchr.obj (.text)
                  2001b4b8    00000020                           : u_tofd_t2.obj (.text)
                  2001b4d8    0000001e     driverlib.a : i2c.obj (.text:I2CMasterIntStatusEx)
                  2001b4f6    0000001e                 : timer.obj (.text:TimerDisable)
                  2001b514    0000001e                 : timer.obj (.text:TimerEnable)
                  2001b532    0000001e                 : timer.obj (.text:TimerIntStatus)
                  2001b550    0000001e                 : uart.obj (.text:UARTCharPut)
                  2001b56e    0000001c                 : pin.obj (.text:PinTypeI2C)
                  2001b58a    0000001c                 : timer.obj (.text:TimerValueGet)
                  2001b5a6    00000002     --HOLE-- [fill = 0]
                  2001b5a8    0000001c     simplelink.a : driver.obj (.text:_SlDrvObjDeInit)
                  2001b5c4    0000001c     rtsv7M4_T_le_eabi.lib : memccpy.obj (.text)
                  2001b5e0    0000001c     driverlib.a : udma.obj (.text:uDMAChannelDisable)
                  2001b5fc    0000001c                 : udma.obj (.text:uDMAChannelEnable)
                  2001b618    0000001a     simplelink.a : netapp.obj (.text:CopyPingResultsToReport)
                  2001b632    0000001a     driverlib.a : pin.obj (.text:PinTypeCamera)
                  2001b64c    0000001a                 : pin.obj (.text:PinTypeUART)
                  2001b666    0000001a                 : spi.obj (.text:SPIDmaDisable)
                  2001b680    0000001a                 : spi.obj (.text:SPIDmaEnable)
                  2001b69a    0000001a                 : spi.obj (.text:SPIFIFODisable)
                  2001b6b4    0000001a                 : spi.obj (.text:SPIFIFOEnable)
                  2001b6ce    00000018                 : camera.obj (.text:CameraReset)
                  2001b6e6    00000018                 : gpio.obj (.text:GPIOPinRead)
                  2001b6fe    00000002     --HOLE-- [fill = 0]
                  2001b700    00000018                 : prcm.obj (.text:PRCMHibernateEnter)
                  2001b718    00000018                 : spi.obj (.text:SPICSDisable)
                  2001b730    00000018                 : spi.obj (.text:SPICSEnable)
                  2001b748    00000018                 : spi.obj (.text:SPIDisable)
                  2001b760    00000018                 : spi.obj (.text:SPIEnable)
                  2001b778    00000018                 : timer.obj (.text:TimerIntDisable)
                  2001b790    00000018                 : timer.obj (.text:TimerIntEnable)
                  2001b7a8    00000018     rtsv7M4_T_le_eabi.lib : args_main.obj (.text)
                  2001b7c0    00000018                           : strcmp.obj (.text)
                  2001b7d8    00000016     driverlib.a : camera.obj (.text:CameraDMAEnable)
                  2001b7ee    00000016                 : camera.obj (.text:CameraIntRegister)
                  2001b804    00000016                 : i2c.obj (.text:I2CMasterDataPut)
                  2001b81a    00000016                 : i2c.obj (.text:I2CMasterEnable)
                  2001b830    00000016                 : prcm.obj (.text:PRCMHIBRegRead)
                  2001b846    00000016                 : prcm.obj (.text:PRCMHIBRegWrite)
                  2001b85c    00000016                 : uart.obj (.text:UARTCharGet)
                  2001b872    00000016     simplelink.a : driver.obj (.text:_SlDrvShiftDWord)
                  2001b888    00000016                  : fs.obj (.text:_sl_Strlen)
                  2001b89e    00000016     rtsv7M4_T_le_eabi.lib : strchr.obj (.text)
                  2001b8b4    00000016     driverlib.a : udma.obj (.text:uDMAIntRegister)
                  2001b8ca    00000014                 : cpu.obj (.text:CPUcpsie)
                  2001b8de    00000002     --HOLE-- [fill = 0]
                  2001b8e0    00000014                 : interrupt.obj (.text:IntVTableBaseSet)
                  2001b8f4    00000014     rtsv7M4_T_le_eabi.lib : _lock.obj (.text)
                  2001b908    00000014                           : strcpy.obj (.text)
                  2001b91c    00000014                           : strlen.obj (.text)
                  2001b930    00000014     driverlib.a : udma.obj (.text:uDMAControlBaseSet)
                  2001b944    00000014                 : udma.obj (.text:uDMAIntClear)
                  2001b958    00000012                 : i2c.obj (.text:I2CMasterControl)
                  2001b96a    00000012                 : i2c.obj (.text:I2CMasterIntClearEx)
                  2001b97c    00000012                 : i2c.obj (.text:I2CMasterTimeoutSet)
                  2001b98e    00000012                 : timer.obj (.text:TimerIntClear)
                  2001b9a0    00000012     simplelink.a : netapp.obj (.text:sl_NetAppMDNSUnRegisterService)
                  2001b9b2    00000012     driverlib.a : udma.obj (.text:uDMAIntUnregister)
                  2001b9c4    00000010     simplelink.a : cc_pal.obj (.text:NwpMaskInterrupt)
                  2001b9d4    00000010                  : socket.obj (.text:SL_FD_SET)
                  2001b9e4    0000000e     driverlib.a : i2c.obj (.text:I2CMasterDataGet)
                  2001b9f2    0000000e     rtsv7M4_T_le_eabi.lib : copy_decompress_none.obj (.text:decompress:none)
                  2001ba00    0000000e     startup_ccs.obj (.text)
                  2001ba0e    00000002     --HOLE-- [fill = 0]
                  2001ba10    0000000c     simplelink.a : cc_pal.obj (.text:NwpUnMaskInterrupt)
                  2001ba1c    0000000c     rtsv7M4_T_le_eabi.lib : copy_zero_init.obj (.text:decompress:ZI)
                  2001ba28    0000000c     driverlib.a : udma.obj (.text:uDMADisable)
                  2001ba34    0000000c                 : udma.obj (.text:uDMAEnable)
                  2001ba40    0000000c                 : udma.obj (.text:uDMAIntStatus)
                  2001ba4c    0000000a                 : interrupt.obj (.text:IntMasterEnable)
                  2001ba56    00000008     simplelink.a : wlan.obj (.text:sl_WlanDisconnect)
                  2001ba5e    00000006     i2cconfig.obj (.text:MT9D111Delay)
                  2001ba64    00000006     simplelink.a : socket.obj (.text:SL_FD_ZERO)
                  2001ba6a    00000006     driverlib.a : utils.obj (.text:UtilsDelay)
                  2001ba70    00000006     rtsv7M4_T_le_eabi.lib : copy_decompress_rle.obj (.text:decompress:rle24)
                  2001ba76    00000006                           : log.obj (.text)
                  2001ba7c    00000006                           : logf.obj (.text)
                  2001ba82    00000006                           : sinf.obj (.text)
                  2001ba88    00000004                           : error.obj (.text)
                  2001ba8c    00000004                           : pre_init.obj (.text)

.const     0    2001ba90    00000e88     
                  2001ba90    0000013c     mt9d111.obj (.const:init_cmds_list)
                  2001bbcc    00000101     rtsv7M4_T_le_eabi.lib : ctype.obj (.const:.string:_ctypes_)
                  2001bccd    00000002     tempRHSens_si7020.obj (.const:.string)
                  2001bccf    00000001     --HOLE-- [fill = 0]
                  2001bcd0    00000100     driverlib.a : pin.obj (.const:g_ulPinToPadMap)
                  2001bdd0    000000ec     simplelink.a : wlan.obj (.const)
                  2001bebc    000000d4     driverlib.a : interrupt.obj (.const:g_pulRegs)
                  2001bf90    000000d0     mt9d111.obj (.const)
                  2001c060    000000c4     mt9d111.obj (.const:capture_cmds_list)
                  2001c124    000000a8     driverlib.a : prcm.obj (.const:PRCM_PeriphRegsList)
                  2001c1cc    00000090     wifi_provisioning_thruAPmode.obj (.const:.string)
                  2001c25c    00000004     --HOLE-- [fill = 0]
                  2001c260    00000088     rtsv7M4_T_le_eabi.lib : xlatan.obj (.const)
                  2001c2e8    00000080     driverlib.a : interrupt.obj (.const)
                  2001c368    00000050     mt9d111.obj (.const:$P$T24$25)
                  2001c3b8    0000004c     mt9d111.obj (.const:$P$T4$5)
                  2001c404    0000004c     simplelink.a : driver.obj (.const)
                  2001c450    0000004a     camera_app.obj (.const:.string)
                  2001c49a    00000005     main.obj (.const:.string)
                  2001c49f    00000001     --HOLE-- [fill = 0]
                  2001c4a0    00000048     rtsv7M4_T_le_eabi.lib : xexp.obj (.const)
                  2001c4e8    00000042     mt9d111.obj (.const:.string)
                  2001c52a    00000040     network_relater_fns.obj (.const:.string)
                  2001c56a    00000006     --HOLE-- [fill = 0]
                  2001c570    00000038     rtsv7M4_T_le_eabi.lib : xlog.obj (.const:p)
                  2001c5a8    00000038                           : xflog.obj (.const)
                  2001c5e0    00000038     simplelink.a : fs.obj (.const)
                  2001c618    00000036     flash_files.obj (.const:.string)
                  2001c64e    00000002     --HOLE-- [fill = 0]
                  2001c650    00000034     rtsv7M4_T_le_eabi.lib : xfatan.obj (.const)
                  2001c684    00000034     simplelink.a : socket.obj (.const)
                  2001c6b8    00000030     rtsv7M4_T_le_eabi.lib : xdint.obj (.const)
                  2001c6e8    0000002c     cc3200_utils.obj (.const:$P$T0$1)
                  2001c714    0000002c     network_relater_fns.obj (.const:$P$T1$2)
                  2001c740    0000002b     parse_uploads.obj (.const:.string)
                  2001c76b    00000001     --HOLE-- [fill = 0]
                  2001c76c    00000028     mt9d111.obj (.const:$P$T3$4)
                  2001c794    00000028     rtsv7M4_T_le_eabi.lib : xfdint.obj (.const)
                  2001c7bc    00000028                           : xfsin.obj (.const)
                  2001c7e4    00000028     simplelink.a : netapp.obj (.const)
                  2001c80c    00000025     camera_app.obj (.const:.string:$P$T1$2)
                  2001c831    00000022     network_relater_fns.obj (.const:.string:$P$T0$1)
                  2001c853    00000001     --HOLE-- [fill = 0]
                  2001c854    0000001c     rtsv7M4_T_le_eabi.lib : tanf.obj (.const)
                  2001c870    0000001c                           : xfexp.obj (.const)
                  2001c88c    00000018     driverlib.a : spi.obj (.const)
                  2001c8a4    00000017     request.obj (.const:.string)
                  2001c8bb    00000016     collect_and_txit.obj (.const:.string)
                  2001c8d1    00000014     network_relater_fns.obj (.const)
                  2001c8e5    00000003     --HOLE-- [fill = 0]
                  2001c8e8    00000014     simplelink.a : device.obj (.const)
                  2001c8fc    0000000b     app_common.obj (.const:.string)
                  2001c907    00000008     lightSens_isl29035.obj (.const:.string)
                  2001c90f    00000001     --HOLE-- [fill = 0]
                  2001c910    00000008     simplelink.a : netcfg.obj (.const)

.cinit     0    2001c918    00000bf0     
                  2001c918    00000bcc     (.cinit..data.load) [load image, compression = rle]
                  2001d4e4    0000000c     (__TI_handler_table)
                  2001d4f0    00000008     (.cinit..bss.load) [load image, compression = zero_init]
                  2001d4f8    00000010     (__TI_cinit_table)

.init_array 
*          0    20004000    00000000     UNINITIALIZED

.bss       0    2001e000    00015de8     UNINITIALIZED
                  2001e000    00014000     main.obj (.bss:g_image_buffer)
                  20032000    00000b58     tasks.obj (.bss:thisMagBuffer)
                  20032b58    00000418     wifi_provisioning_thruAPmode.obj (.bss:thisMagCal)
                  20032f70    00000058     tasks.obj (.bss:thisMag)
                  20032fc8    00000034     cc3200_client_state.obj (.bss:clientStateFileName)
                  20032ffc    00000004     (.common:Elapsed_100MilliSecs)
                  20033000    00000400     udma_if.obj (.bss:gpCtlTbl)
                  20033400    00000370     main.obj (.bss:g_NetEntries)
                  20033770    00000120     rtsv7M4_T_le_eabi.lib : trgmsg.obj (.bss:__CIOBUF_)
                  20033890    00000100     udma_if.obj (.bss:gfpAppCallbackHndl)
                  20033990    000000c8     free_rtos.a : tasks.obj (.bss:pxReadyTasksLists)
                  20033a58    000000ac     tasks.obj (.bss:thisSV_6DOF_GB_BASIC)
                  20033b04    000000a0     rtsv7M4_T_le_eabi.lib : defs.obj (.bss:__TI_tmpnams)
                  20033ba4    00000050     free_rtos.a : queue.obj (.bss:xQueueRegistry)
                  20033bf4    00000034     main.obj (.bss:g_cWlanSecurityKey)
                  20033c28    00000034     tasks.obj (.bss:thisAccel)
                  20033c5c    00000024     main.obj (.bss:g_cWlanSSID)
                  20033c80    00000024     main.obj (.bss:g_ucConnectionSSID)
                  20033ca4    0000001c     rtsv7M4_T_le_eabi.lib : vla_alloc.obj (.bss)
                  20033cc0    00000014     (.common:g_flag_blockFull)
                  20033cd4    00000014     (.common:xDelayedTaskList1)
                  20033ce8    00000014     (.common:xDelayedTaskList2)
                  20033cfc    00000014     (.common:xPendingReadyList)
                  20033d10    00000014     (.common:xSuspendedTaskList)
                  20033d24    00000014     (.common:xTasksWaitingTermination)
                  20033d38    00000010     (.common:ang_buf)
                  20033d48    00000010     (.common:globals)
                  20033d58    00000010     (.common:mqxglobals)
                  20033d68    0000000c     (.common:g_SecParams)
                  20033d74    00000008     (.common:g_ucConnectionBSSID)
                  20033d7c    00000008     (.common:parmbuf)
                  20033d84    00000004     (.common:__Errorlog)
                  20033d88    00000004     (.common:angle_avg)
                  20033d8c    00000004     (.common:angle_min)
                  20033d90    00000004     (.common:angle_reading_del1)
                  20033d94    00000004     (.common:angle_reading_del2)
                  20033d98    00000004     (.common:angle_reading_del3)
                  20033d9c    00000004     (.common:angle_reading_del4)
                  20033da0    00000004     (.common:dataBuffer)
                  20033da4    00000004     (.common:g_block_lastFilled)
                  20033da8    00000004     (.common:g_cWlanSecurityType)
                  20033dac    00000004     (.common:g_frame_size_in_bytes)
                  20033db0    00000004     (.common:g_header_length)
                  20033db4    00000004     (.common:g_position_in_block)
                  20033db8    00000004     (.common:g_readHeader)
                  20033dbc    00000004     (.common:g_total_dma_intrpts)
                  20033dc0    00000004     (.common:g_ulAppStatus)
                  20033dc4    00000004     (.common:gdoor_40deg_angle)
                  20033dc8    00000004     (.common:gdoor_90deg_angle)
                  20033dcc    00000004     (.common:pxDelayedTaskList)
                  20033dd0    00000004     (.common:pxOverflowDelayedTaskList)
                  20033dd4    00000001     (.common:avg_buffer_cnt)
                  20033dd5    00000001     (.common:checkForLight_Flag)
                  20033dd6    00000001     (.common:cnt_prakz2)
                  20033dd7    00000001     (.common:g_dma_txn_done)
                  20033dd8    00000001     (.common:g_flag_DataBlockFilled)
                  20033dd9    00000001     (.common:g_flag_door_closing_45degree)
                  20033dda    00000001     (.common:g_frame_end)
                  20033ddb    00000001     (.common:g_ucAngle40)
                  20033ddc    00000001     (.common:g_ucAngle90)
                  20033ddd    00000001     (.common:g_ucCalibration)
                  20033dde    00000001     (.common:g_ucConfig)
                  20033ddf    00000001     (.common:g_ucExitButton)
                  20033de0    00000001     (.common:g_ucMagCalb)
                  20033de1    00000001     (.common:g_ucProfileAdded)
                  20033de2    00000001     (.common:gdoor_dirCW)
                  20033de3    00000001     (.common:ginvalid_angle_entry)
                  20033de4    00000001     (.common:iDone)
                  20033de5    00000001     (.common:isitfirsttime)
                  20033de6    00000001     (.common:open1_close0_invalid2)
                  20033de7    00000001     (.common:valid_case)

.TI.noinit 
*          0    2001e000    00000000     UNINITIALIZED

.sysmem    0    20033de8    00005000     UNINITIALIZED
                  20033de8    00000008     rtsv7M4_T_le_eabi.lib : memory.obj (.sysmem)
                  20033df0    00004ff8     --HOLE--


LINKER GENERATED COPY TABLES

__TI_cinit_table @ 2001d4f8 records: 2, size/record: 8, table size: 16
	.data: load addr=2001c918, load size=00000bcc bytes, run addr=20000000, run size=0000165c bytes, compression=rle
	.bss: load addr=2001d4f0, load size=00000008 bytes, run addr=2001e000, run size=00015de8 bytes, compression=zero_init


LINKER GENERATED HANDLER TABLE

__TI_handler_table @ 2001d4e4 records: 3, size/record: 4, table size: 12
	index: 0, handler: __TI_decompress_rle24
	index: 1, handler: __TI_decompress_none
	index: 2, handler: __TI_zero_init


GLOBAL SYMBOLS: SORTED ALPHABETICALLY BY Name 

address   name                                  
-------   ----                                  
2000b911  AccessPtMode_HTTPServer_Start         
2000e06d  AnalogGainReg_Read                    
2000ef8d  ApplyAccelHAL                         
2000ef99  ApplyMagHAL                           
2001a6b9  C$$EXIT                               
20019997  C$$IO$$                               
2000dfd1  CCMRegs_Read                          
2001b8cb  CPUcpsie                              
2000b879  CalibrateMagSensor                    
2000a8c7  CamControllerInit                     
2001b329  CameraCaptureStart                    
2001aa31  CameraCaptureStop                     
2001b7d9  CameraDMAEnable                       
2001b1e5  CameraIntClear                        
2001af49  CameraIntEnable                       
2001b7ef  CameraIntRegister                     
2001b0f9  CameraIntStatus                       
2001ac2b  CameraParamsConfig                    
2001b6cf  CameraReset                           
2000dbdd  CameraSensorInit                      
2001b199  CameraThresholdSet                    
2001aa6b  CameraXClkConfig                      
2000a34b  CaptureAndStore_Image                 
2000a5cd  CaptureinRAM                          
2000a6a1  CaptureinRAM_StoreAfterCapture_Image  
20013c61  ClearTerm                             
2000b7b9  CollectAngle                          
200142e5  CollectTxit_ImgTempRH                 
20010b3b  Config_And_Start_CameraCapture        
200095db  ConfigureMode                         
200093a7  ConfigureSimpleLinkToDefaultState     
20009645  ConnectToNetwork                      
20009725  ConnectToNetwork_STA                  
200124fb  ConstructDeviceStateObject            
2001b619  CopyPingResultsToReport               
200130ed  CreateFile_Flash                      
200013ec  DMAMsgQ                               
2001476d  DMASetupTransfer                      
20001644  DigiCertHighAssuranceEVRootCA_der_len 
2000e001  DigitalGainRegs_Read                  
20014633  DmaErrorIntHandler                    
2001af75  DmaSpiSwIntHandler                    
20014621  DmaSwIntHandler                       
20032ffc  Elapsed_100MilliSecs                  
2000e373  EnterStandby_mt9d111                  
20013c67  Error                                 
2000e3bd  ExitStandby_mt9d111                   
2000d871  FXOS8700CQ_Init                       
2000d955  FXOS8700CQ_Mag_Calibration            
20014acd  FXOS8700_Init                         
20014b4f  FXOS8700_ReadData                     
2000eb9f  Fusion_Init                           
2000ecd1  Fusion_Run                            
2001abbd  GPIODirModeSet                        
2001b6e7  GPIOPinRead                           
2001b417  GPIOPinWrite                          
20013c9b  GetCmd                                
20018571  Get_BatteryVoltageLevel_ADC081C021    
20016141  HIBernate                             
200129b5  HOSTclock                             
2001297d  HOSTclose                             
2001293f  HOSTgetenv                            
200128e3  HOSTlseek                             
20012891  HOSTopen                              
20012845  HOSTread                              
200127e7  HOSTrename                            
200127ad  HOSTtime                              
20012775  HOSTunlink                            
20012729  HOSTwrite                             
20015233  I2CBufferRead                         
200152d9  I2CBufferWrite                        
20015215  I2CInit                               
2001b959  I2CMasterControl                      
2001b9e5  I2CMasterDataGet                      
2001b805  I2CMasterDataPut                      
2001b81b  I2CMasterEnable                       
2001afa1  I2CMasterErr                          
20018d19  I2CMasterInitExpClk                   
2001b96b  I2CMasterIntClearEx                   
2001b4d9  I2CMasterIntStatusEx                  
2001b34b  I2CMasterSlaveAddrSet                 
2001b97d  I2CMasterTimeoutSet                   
2001492d  I2C_IF_Close                          
20014903  I2C_IF_Open                           
2001487d  I2C_IF_Read                           
200148e3  I2C_IF_ReadFrom                       
2001481b  I2C_IF_Write                          
20013c29  InitTerm                              
20012449  InitialiseParse                       
20009365  InitializeUserConfigVariables         
20017f49  IntDisable                            
20017ff1  IntEnable                             
200194c5  IntHandler_100mSecTimer               
2001ba4d  IntMasterEnable                       
20019d4d  IntPendClear                          
20019fb1  IntPrioritySet                        
2001b439  IntRegister                           
2001b209  IntUnregister                         
2001b8e1  IntVTableBaseSet                      
2001abf5  IsLightOff                            
2000e0ed  JPEGDataLength_read                   
20000000  JPEG_StdHuffmanTbl                    
20001444  JPEG_StdQuantTblC                     
20001484  JPEG_StdQuantTblY                     
2000dfa9  JpegConfigReg_Read                    
200170f7  LED_Blink                             
2001715d  LED_Off                               
20017153  LED_On                                
2000ddb3  LL_Configs                            
2001ba5f  MT9D111Delay                          
2000ee1d  MagCal_Run                            
200109d1  Main_Task                             
20010a91  Main_Task_withHibernate               
20013c47  Message                               
2001b9c5  NwpMaskInterrupt                      
2001a905  NwpPowerOff                           
2001adcd  NwpPowerOn                            
20018e21  NwpPowerOnPreamble                    
2001b36d  NwpRegisterInterruptHandler           
2001ba11  NwpUnMaskInterrupt                    
2000e0a9  PCLK_Rate_read                        
20015c7d  PRCMCC3200MCUInit                     
2001b831  PRCMHIBRegRead                        
2001b847  PRCMHIBRegWrite                       
2001b701  PRCMHibernateEnter                    
200189ed  PRCMHibernateIntervalSet              
200197c9  PRCMHibernateWakeUpGPIOSelect         
2001a3f1  PRCMHibernateWakeupSourceDisable      
2001a439  PRCMHibernateWakeupSourceEnable       
2001b121  PRCMPeripheralClkDisable              
2001a941  PRCMPeripheralClkEnable               
200184dd  PRCMPeripheralClockGet                
20019da5  PRCMPeripheralReset                   
2001ac61  PRCMPeripheralStatusGet               
2001afcd  PRCMSysResetCauseGet                  
20018a75  PinConfigSet                          
2001a785  PinModeSet                            
20016a05  PinMuxConfig                          
2001b633  PinTypeCamera                         
2001adfd  PinTypeGPIO                           
2001b56f  PinTypeI2C                            
2001b64d  PinTypeUART                           
2000b219  ProvisioningAP                        
200185b5  PutInAlertMode_ADC081C021             
2000eb81  RdSensData_Init                       
2000ebbd  RdSensData_Run                        
2000ddeb  ReadAllAEnAWBRegs                     
20013207  ReadFile_FromFlash                    
2000e167  ReadMCUBootModeReg                    
2000e1d3  Refresh_mt9d111Firmware               
2000dd8d  RegStatusRead                         
20013d45  Report                                
2001ba01  ResetISR                              
2000e139  ResetImageSensorMCU                   
UNDEFED   SHT$$INIT_ARRAY$$Base                 
UNDEFED   SHT$$INIT_ARRAY$$Limit                
2001b9d5  SL_FD_SET                             
2001ba65  SL_FD_ZERO                            
2001b719  SPICSDisable                          
2001b731  SPICSEnable                           
20018141  SPIConfigSetExpClk                    
2001b749  SPIDisable                            
2001b667  SPIDmaDisable                         
2001b681  SPIDmaEnable                          
2001b761  SPIEnable                             
2001b69b  SPIFIFODisable                        
2001b6b5  SPIFIFOEnable                         
2001ac95  SPIFIFOLevelSet                       
2001a481  SPIIntClear                           
2001a0fd  SPIIntEnable                          
2001b38f  SPIReset                              
2001b3b1  SPIWordCountSet                       
200015a0  SecurityParams                        
200146b1  SetupTransfer                         
2000e031  ShutterRegs_Read                      
20009f27  SimpleLinkHttpServerCallback          
20009a79  SimpleLinkNetAppEventHandler          
20009af9  SimpleLinkSockEventHandler            
20009941  SimpleLinkWlanEventHandler            
2000e181  SoftReset_ImageSensor                 
2000a325  Standby_ImageSensor                   
2000dbe5  StartSensorInJpegMode                 
20010a27  Test_Task                             
2001a675  TimerConfigure                        
2001b4f7  TimerDisable                          
2001b515  TimerEnable                           
2001b98f  TimerIntClear                         
2001b779  TimerIntDisable                       
2001b791  TimerIntEnable                        
20019539  TimerIntRegister                      
2001b533  TimerIntStatus                        
20019831  TimerIntUnregister                    
2001b051  TimerLoadSet                          
2001b07b  TimerPrescaleSet                      
2001b58b  TimerValueGet                         
2001811d  Timer_IF_DeInit                       
20018135  Timer_IF_GetCount                     
20018099  Timer_IF_Init                         
200180c3  Timer_IF_IntSetup                     
200180f5  Timer_IF_InterruptClear               
2001b051  Timer_IF_ReLoad                       
20018109  Timer_IF_Start                        
2001b4f7  Timer_IF_Stop                         
20001318  Token                                 
20013cfb  TrimSpace                             
2001b85d  UARTCharGet                           
2001b551  UARTCharPut                           
20019365  UARTConfigSetExpClk                   
2001ae2d  UARTDisable                           
2001b22d  UARTEnable                            
20014689  UDMAChannelSelect                     
20014759  UDMADeInit                            
2001463f  UDMAInit                              
200146e9  UDMASetupAutoMemTransfer              
2001470f  UDMASetupPingPongTransfer             
2001b5e1  UDMAStopTransfer                      
2001245f  UploadImageToParse                    
2001249b  UploadSensorDataToParse               
20010a41  UserConfigure_Task                    
2000ba31  User_Configure                        
2001ba6b  UtilsDelay                            
2000fc21  VDeleteSimpleLinkSpawnTask            
2000fbd1  VStartSimpleLinkSpawnTask             
2000137c  Value                                 
2000e1e9  Variable_Read                         
2000e1a9  Verify_ImageSensor                    
2000a33f  Wakeup_ImageSensor                    
2000b555  WiFiProvisioning                      
2000ddcf  WriteAllAEnAWBRegs                    
20013141  WriteFile_ToFlash                     
2001b0cf  _Dclass                               
200011c0  _Denorm                               
200178d5  _Dint                                 
20017995  _Dnorm                                
200166e5  _Dscale                               
200199d1  _Dunscale                             
200011d0  _Eps                                  
2000164c  _Errno                                
200132ed  _Exp                                  
20017341  _FAtan                                
200012b0  _FDenorm                              
200187bd  _FDint                                
20019109  _FDnorm                               
20017419  _FDscale                              
20019f5b  _FDunscale                            
200012c0  _FEps                                 
20014dbd  _FExp                                 
200012d0  _FInf                                 
20013a6d  _FLog                                 
200012e0  _FNan                                 
20001300  _FRteps                               
20014485  _FSin                                 
200012f0  _FSnan                                
20001310  _FXbig                                
20001314  _FZero                                
20001634  _Fenv                                 
2001ae8d  _Feraise                              
200011e0  _Hugeval                              
200011f0  _Inf                                  
20014945  _LAtan                                
20001240  _LDenorm                              
20001250  _LEps                                 
20001260  _LInf                                 
20001270  _LNan                                 
20001290  _LRteps                               
20001280  _LSnan                                
200012a0  _LXbig                                
200012a8  _LZero                                
20012165  _Log                                  
20001200  _Nan                                  
20001220  _Rteps                                
2001c6a4  _SlAcceptCmdCtrl                      
2001c418  _SlActionLookupTable                  
200114a5  _SlAsyncEventGenericHandler           
2001c8f4  _SlDeviceGetCmdCtrl                   
2001c8f8  _SlDeviceSetCmdCtrl                   
2001acc9  _SlDrvBasicCmd                        
2001827d  _SlDrvClassifyRxMsg                   
20018d9d  _SlDrvCmdOp                           
2001b459  _SlDrvCmdSend                         
200150a9  _SlDrvDataReadOp                      
20016015  _SlDrvDataWriteOp                     
2001b479  _SlDrvDeviceEventHandler              
20019dfd  _SlDrvDriverCBDeinit                  
20018ea1  _SlDrvDriverCBInit                    
2001aff9  _SlDrvFlowContDeinit                  
2001b025  _SlDrvFlowContInit                    
200101fd  _SlDrvMsgRead                         
20017c85  _SlDrvMsgReadCmdCtx                   
2001872d  _SlDrvMsgReadSpawnCtx                 
20016399  _SlDrvMsgWrite                        
20017d39  _SlDrvNetAppEventHandler              
2001b5a9  _SlDrvObjDeInit                       
2001a97d  _SlDrvObjInit                         
20016cfd  _SlDrvReleasePoolObj                  
20015789  _SlDrvRxHdrRead                       
2001a7c5  _SlDrvRxIrqHandler                    
2001b873  _SlDrvShiftDWord                      
200164b9  _SlDrvWaitForPoolObj                  
2001c8f0  _SlEventMaskGetCmdCtrl                
2001c8ec  _SlEventMaskSetCmdCtrl                
20018315  _SlFindAndSetActiveObj                
2001c5e4  _SlFsCloseCmdCtrl                     
2001c5f4  _SlFsDeleteCmdCtrl                    
2001c5f0  _SlFsGetInfoCmdCtrl                   
2001c5e0  _SlFsOpenCmdCtrl                      
2001c5e8  _SlFsReadCmdCtrl                      
2001c5ec  _SlFsWriteCmdCtrl                     
2001c7fc  _SlGetHostByNameCtrl                  
2001c7f8  _SlGetHostByServiceCtrl               
2001c7f0  _SlGetServiceListeCtrl                
2001c6b0  _SlGetSockOptCmdCtrl                  
2001c6a0  _SlListenCmdCtrl                      
2001c808  _SlNetAppGetCmdCtrl                   
2001c804  _SlNetAppSendTokenValueCmdCtrl        
2001c800  _SlNetAppSetCmdCtrl                   
2001c7e8  _SlNetAppStartCtrl                    
2001c7ec  _SlNetAppStopCtrl                     
2001c914  _SlNetCfgGetCmdCtrl                   
2001c910  _SlNetCfgSetCmdCtrl                   
2001bdd8  _SlPolicyGetCmdCtrl                   
2001bdd4  _SlPolicySetCmdCtrl                   
2001bde0  _SlProfileDelCmdCtrl                  
2001bddc  _SlProfileGetCmdCtrl                  
2001c6a8  _SlRecvCmdCtrl                        
2001c698  _SlRecvfomCmdCtrl                     
2001c7f4  _SlRegisterServiceCtrl                
2001a4c9  _SlRemoveFromList                     
2001bde8  _SlRxFilterAddtCmdCtrl                
2001bdf0  _SlRxFilterGetCmdCtrl                 
2001bdec  _SlRxFilterSetCmdCtrl                 
2001c6b4  _SlSelectCmdCtrl                      
2001c69c  _SlSendCmdCtrl                        
2001c6ac  _SlSetSockOptCmdCtrl                  
2001bdf4  _SlSmartConfigStartCmdCtrl            
2001c694  _SlSockCloseCmdCtrl                   
2001c690  _SlSockSocketCmdCtrl                  
2001c8e8  _SlStopCmdCtrl                        
2001be00  _SlWlanCfgGetCmdCtrl                  
2001bdfc  _SlWlanCfgSetCmdCtrl                  
2001bde4  _SlWlanGetNetworkListCtrl             
2001bdf8  _SlWlanSetModeCmdCtrl                 
20001210  _Snan                                 
20001638  _Tls_setup__Fenv                      
20001230  _Xbig                                 
20001238  _Zero                                 
20033770  __CIOBUF_                             
20004000  __STACK_END                           
00001000  __STACK_SIZE                          
00005000  __SYSMEM_SIZE                         
2001d4f8  __TI_CINIT_Base                       
2001d508  __TI_CINIT_Limit                      
2001d4e4  __TI_Handler_Table_Base               
2001d4f0  __TI_Handler_Table_Limit              
20019685  __TI_auto_init                        
20013971  __TI_cleanup                          
2000162c  __TI_cleanup_ptr                      
200183ad  __TI_closefile                        
2001b9f3  __TI_decompress_none                  
2001ba71  __TI_decompress_rle24                 
20017681  __TI_doflush                          
20001630  __TI_dtors_ptr                        
200015f4  __TI_ft_end                           
2000905d  __TI_printfi                          
20017eff  __TI_rd_ok                            
2001999b  __TI_readmsg                          
2001c918  __TI_static_base__                    
20033b04  __TI_tmpnams                          
20019969  __TI_writemsg                         
20017e9d  __TI_wrt_ok                           
2001ba1d  __TI_zero_init                        
2001ba89  __abort_execution                     
20018c0d  __aeabi_cdcmpeq                       
20018c0d  __aeabi_cdcmple                       
20018c93  __aeabi_cdrcmple                      
20019c2d  __aeabi_cfcmpeq                       
20019c2d  __aeabi_cfcmple                       
20019c8d  __aeabi_cfrcmple                      
2001a3a7  __aeabi_d2f                           
2001a511  __aeabi_d2iz                          
2001a6fd  __aeabi_d2uiz                         
20013deb  __aeabi_dadd                          
20015b45  __aeabi_ddiv                          
20016b05  __aeabi_dmul                          
20013de1  __aeabi_dsub                          
2001aadd  __aeabi_f2d                           
2001ab15  __aeabi_f2iz                          
2001ad31  __aeabi_f2uiz                         
2001a0ad  __aeabi_f2ulz                         
20016c05  __aeabi_fadd                          
20018699  __aeabi_fdiv                          
20019015  __aeabi_fmul                          
20016c01  __aeabi_fsub                          
2001aeed  __aeabi_i2d                           
2001ab4d  __aeabi_i2f                           
2001908f  __aeabi_memclr                        
2001908f  __aeabi_memclr4                       
2001908f  __aeabi_memclr8                       
200181e1  __aeabi_memcpy                        
200181e1  __aeabi_memcpy4                       
200181e1  __aeabi_memcpy8                       
20019091  __aeabi_memset                        
20019091  __aeabi_memset4                       
20019091  __aeabi_memset8                       
20001600  __aeabi_stderr                        
200015f8  __aeabi_stdin                         
200015fc  __aeabi_stdout                        
2001b4b9  __aeabi_ui2d                          
2001b275  __aeabi_ui2f                          
200134e9  __aeabi_uldivmod                      
ffffffff  __binit__                             
ffffffff  __c_args__                            
20003000  __stack                               
20012b05  __vla_alloc                           
200129fd  __vla_dealloc                         
20012a85  __vla_dealloc_eh                      
2001b7a9  _args_main                            
2001a9b9  _c_int00                              
2001bbcc  _ctypes_                              
20000f50  _ftable                               
20001624  _lock                                 
2001b903  _nop                                  
2001b8fb  _register_lock                        
2001b8f5  _register_unlock                      
2001b0a5  _sl_BuildAddress                      
20019899  _sl_GetCreateFsMode                   
2001a35d  _sl_GetStartResponseConvert           
20019a39  _sl_HandleAsync_Accept                
20019901  _sl_HandleAsync_Connect               
200191fd  _sl_HandleAsync_DnsGetHostByName      
20019a9d  _sl_HandleAsync_DnsGetHostByService   
200193dd  _sl_HandleAsync_InitComplete          
20019275  _sl_HandleAsync_PingResponse          
20019e55  _sl_HandleAsync_Select                
2001a005  _sl_HandleAsync_Stop                  
2001b889  _sl_Strlen                            
20019619  _sl_TruncatePayloadByProtocol         
20033de8  _sys_memory                           
2001ba8d  _system_pre_init                      
20001628  _unlock                               
2001a6bd  abort                                 
20017a55  acosf                                 
200156b3  addHttpRequestHeader                  
200156d9  addHttpRequestHeaderInt               
20015639  addHttpRequestLine                    
200120b9  add_device                            
20033d38  ang_buf                               
2000fe57  angleCheck                            
2000fdb5  angleCheck_Initializations            
20033d88  angle_avg                             
20033d8c  angle_min                             
20033d90  angle_reading_del1                    
20033d94  angle_reading_del2                    
20033d98  angle_reading_del3                    
20033d9c  angle_reading_del4                    
20015381  atan2l                                
2001a149  atoi                                  
20033dd4  avg_buffer_cnt                        
20015677  beginHttpGetRequest                   
2001566b  beginHttpRequest                      
ffffffff  binit                                 
2000e495  buildRequestHeaders                   
20010995  calloc                                
20033dd5  checkForLight_Flag                    
20010d89  check_doorpos                         
2000d819  clearAccelMotionIntrpt                
20032fc8  clientStateFileName                   
20012069  close                                 
200015ec  cnt                                   
20033dd6  cnt_prakz2                            
2000d329  configureFXOS8700                     
20013f99  configureISL29035                     
20013723  configureTempRHSensor                 
2001a195  copy_in                               
2000afc9  createAndWrite_ImageHeaderFile        
200118ff  createInstallation                    
2000f619  createNewInstallationId               
2000bb41  create_AngleValuesFile                
2000b119  create_JpegImageFile                  
20033da0  dataBuffer                            
200015f0  dataBufferSize                        
2000df29  disableAE                             
2000de97  disableAWB                            
200072f5  eTaskGetState                         
2000cb45  eigencompute                          
2000dee5  enableAE                              
2000de59  enableAWB                             
20017bcd  ensureCertificateFile                 
2001a6c5  exit                                  
20004693  f3DOFMagnetometerMatrixAndroid        
2000462f  f3DOFMagnetometerMatrixNED            
20004693  f3DOFMagnetometerMatrixWin8           
20004401  f3DOFTiltAndroid                      
20004401  f3DOFTiltNED                          
20004507  f3DOFTiltWin8                         
2000c90b  f3x3matrixAeqAxScalar                 
2000c88d  f3x3matrixAeqI                        
2000c969  f3x3matrixAeqInvSymB                  
2000c93f  f3x3matrixAeqMinusA                   
2000c8e7  f3x3matrixAeqScalar                   
2000caaf  f3x3matrixDetA                        
20004f7d  fAndroidAnglesDegFromRotationMatrix   
20005d7d  fInitMagCalibration                   
20014f35  fInit_6DOF_GB_BASIC                   
20006151  fInvertMagCal                         
200057b1  fLPFOrientationQuaternion             
200058e5  fLPFScalar                            
20004ed9  fNEDAnglesDegFromRotationMatrix       
200052bd  fQuaternionFromRotationMatrix         
2000515d  fQuaternionFromRotationVectorDeg      
20005409  fRotationMatrixFromQuaternion         
2000570b  fRotationVectorDegFromQuaternion      
20005535  fRotationVectorDegFromRotationMatrix  
20014f89  fRun_6DOF_GB_BASIC                    
20006a65  fUpdateCalibration10EIG               
20006237  fUpdateCalibration4INV                
200066b5  fUpdateCalibration7EIG                
20005021  fWin8AnglesDegFromRotationMatrix      
20012cd5  facos_deg                             
20012c95  fasin_deg                             
20012de1  fatan2_deg                            
20012e5d  fatan_15deg                           
20012d53  fatan_deg                             
20018413  fclose                                
2000499f  feCompassAndroid                      
20004701  feCompassNED                          
20004c39  feCompassWin8                         
2001acfd  feraiseexcept                         
2000f5c9  fetchDeviceOSVersion                  
200176cd  fflush                                
20011dc3  findSecondJson                        
20010fdd  find_door_direction                   
20000dc9  flag                                  
2000c8b9  fmatrixAeqI                           
2000cf21  fmatrixAeqInvA                        
2000d103  fmatrixAeqRenormRotA                  
20015a09  fmodf                                 
200139c7  fopen                                 
200196f9  fprintf                               
20018445  fputc                                 
20015db1  fputs                                 
20005d63  fqAeq1                                
20005c9f  fqAeqNormqA                           
200106e3  free                                  
2001399d  freopen                               
2001b3d3  frexp                                 
20019b01  fseek                                 
2000fe31  fxosDefault_Initializations           
2000fe77  fxos_Calibration                      
2000ffab  fxos_calibrate                        
20010009  fxos_get_initialYaw                   
2000fec1  fxos_main                             
2000ff27  fxos_main_waitfor40degrees            
20010091  fxos_waitFor40Degrees                 
20000dd0  gFirstCmdMode                         
2001c410  g_H2NCnysPattern                      
2001c408  g_H2NSyncPattern                      
200015c0  g_MainTaskHandle                      
20033400  g_NetEntries                          
20033d68  g_SecParams                           
200013e0  g_SpiFd                               
20000dd8  g_StatMem                             
200015bc  g_UserConfigTaskHandle                
20033da4  g_block_lastFilled                    
200013f0  g_cDummy                              
20033c5c  g_cWlanSSID                           
20033bf4  g_cWlanSecurityKey                    
20033da8  g_cWlanSecurityType                   
2001c8a4  g_deviceClientVersion                 
20033dd8  g_flag_DataBlockFilled                
20033cc0  g_flag_blockFull                      
20033dd9  g_flag_door_closing_45degree          
20033dda  g_frame_end                           
20033dac  g_frame_size_in_bytes                 
20000600  g_header                              
20033db0  g_header_length                       
2001e000  g_image_buffer                        
200015c4  g_osVersion                           
20000dd4  g_pCB                                 
200013e4  g_pHostIntHdl                         
20004000  g_pfnVectors                          
20033db4  g_position_in_block                   
20033db8  g_readHeader                          
20001504  g_token_get                           
20033ddb  g_ucAngle40                           
20033ddc  g_ucAngle90                           
20033ddd  g_ucCalibration                       
20033dde  g_ucConfig                            
200015bb  g_ucConfigsDone                       
200015b8  g_ucConnectedToConfAP                 
20033d74  g_ucConnectionBSSID                   
20033c80  g_ucConnectionSSID                    
200013e8  g_ucDMAEnabled                        
200013f4  g_ucDinDout                           
20033ddf  g_ucExitButton                        
20033de0  g_ucMagCalb                           
200015ba  g_ucPriority                          
20033de1  g_ucProfileAdded                      
200015b9  g_ucProvisioningDone                  
200015b4  g_uiSimplelinkRole                    
20033dc0  g_ulAppStatus                         
200015b0  g_ulGatewayIP                         
20001620  g_ulPingPacketsRecv                   
200015ac  g_ulStatus                            
20033dc4  gdoor_40deg_angle                     
20033dc8  gdoor_90deg_angle                     
20033de2  gdoor_dirCW                           
2000d685  getAccelerationMagnitude              
2000d547  getDoorDirection                      
20015711  getHttpResponseBody                   
200156e7  getHttpResponseStatus                 
20011947  getInstallation                       
20018b83  getInternalClient                     
200140a9  getLightsensor_data                   
200140d5  getLightsensor_intrptStatus           
2000d5b9  getMagnFlux_3axis                     
20011df5  getPushJson                           
2001374f  getTempRH                             
2000fea3  get_angle                             
20033890  gfpAppCallbackHndl                    
20033de3  ginvalid_angle_entry                  
20033d48  globals                               
20033000  gpCtlTbl                              
2000e6c1  headerSend                            
200167f5  i2cReadRegisters                      
2001689d  i2cReadRegistersTwoBytes              
20016837  i2cWriteRegisters                     
20033de4  iDone                                 
20005e3d  iUpdateMagnetometerBuffer             
2000980f  initNetwork                           
200170ad  intToASCII                            
20011ddb  isCompleteJson                        
2000f569  isPingTime                            
20033de5  isitfirsttime                         
2001a5e9  ldexp                                 
[...]
20017c85  _SlDrvMsgReadCmdCtx                   
20017d39  _SlDrvNetAppEventHandler              
20017ded  sl_Send                               
20017e9d  __TI_wrt_ok                           
20017eff  __TI_rd_ok                            
20017f49  IntDisable                            
20017ff1  IntEnable                             
20018099  Timer_IF_Init                         
200180c3  Timer_IF_IntSetup                     
200180f5  Timer_IF_InterruptClear               
20018109  Timer_IF_Start                        
2001811d  Timer_IF_DeInit                       
20018135  Timer_IF_GetCount                     
20018141  SPIConfigSetExpClk                    
200181e1  __aeabi_memcpy                        
200181e1  __aeabi_memcpy4                       
200181e1  __aeabi_memcpy8                       
200181e1  memcpy                                
2001827d  _SlDrvClassifyRxMsg                   
20018315  _SlFindAndSetActiveObj                
200183ad  __TI_closefile                        
20018413  fclose                                
20018445  fputc                                 
20018445  putc                                  
200184c9  putchar                               
200184dd  PRCMPeripheralClockGet                
20018571  Get_BatteryVoltageLevel_ADC081C021    
200185b5  PutInAlertMode_ADC081C021             
20018605  snprintf                              
20018699  __aeabi_fdiv                          
2001872d  _SlDrvMsgReadSpawnCtx                 
200187bd  _FDint                                
20018849  sl_FsRead                             
200188d5  sl_FsWrite                            
20018961  sl_NetAppMDNSRegisterUnregisterService
200189ed  PRCMHibernateIntervalSet              
20018a75  PinConfigSet                          
20018afd  parseInitialize                       
20018b83  getInternalClient                     
20018b85  vsnprintf                             
20018c0d  __aeabi_cdcmpeq                       
20018c0d  __aeabi_cdcmple                       
20018c93  __aeabi_cdrcmple                      
20018d19  I2CMasterInitExpClk                   
20018d9d  _SlDrvCmdOp                           
20018e21  NwpPowerOnPreamble                    
20018ea1  _SlDrvDriverCBInit                    
20018f1d  sl_DevGet                             
20018f99  sl_FsClose                            
20019015  __aeabi_fmul                          
2001908f  __aeabi_memclr                        
2001908f  __aeabi_memclr4                       
2001908f  __aeabi_memclr8                       
20019091  __aeabi_memset                        
20019091  __aeabi_memset4                       
20019091  __aeabi_memset8                       
20019097  memset                                
20019109  _FDnorm                               
200191fd  _sl_HandleAsync_DnsGetHostByName      
20019275  _sl_HandleAsync_PingResponse          
200192ed  sl_WlanGet                            
20019365  UARTConfigSetExpClk                   
200193dd  _sl_HandleAsync_InitComplete          
20019451  spi_Close                             
200194c5  IntHandler_100mSecTimer               
200194dd  start_100mSecTimer                    
2001950d  stop_100mSecTimer                     
20019539  TimerIntRegister                      
200195a9  sl_FsGetInfo                          
20019619  _sl_TruncatePayloadByProtocol         
20019685  __TI_auto_init                        
200196f9  fprintf                               
200197c9  PRCMHibernateWakeUpGPIOSelect         
20019831  TimerIntUnregister                    
20019899  _sl_GetCreateFsMode                   
20019901  _sl_HandleAsync_Connect               
20019969  __TI_writemsg                         
20019997  C$$IO$$                               
2001999b  __TI_readmsg                          
200199d1  _Dunscale                             
20019a39  _sl_HandleAsync_Accept                
20019a9d  _sl_HandleAsync_DnsGetHostByService   
20019b01  fseek                                 
20019b65  uDMAChannelAttributeDisable           
20019bc9  uDMAChannelAttributeEnable            
20019c2d  __aeabi_cfcmpeq                       
20019c2d  __aeabi_cfcmple                       
20019c8d  __aeabi_cfrcmple                      
20019ced  sprintf                               
20019d4d  IntPendClear                          
20019da5  PRCMPeripheralReset                   
20019dfd  _SlDrvDriverCBDeinit                  
20019e55  _sl_HandleAsync_Select                
20019ead  sl_NetAppSendTokenValue               
20019f05  ltoa                                  
20019f5b  _FDunscale                            
20019fb1  IntPrioritySet                        
2001a005  _sl_HandleAsync_Stop                  
2001a059  sl_FsOpen                             
2001a0ad  __aeabi_f2ulz                         
2001a0fd  SPIIntEnable                          
2001a149  atoi                                  
2001a195  copy_in                               
2001a1e1  srand                                 
2001a1f7  rand                                  
2001a22d  sl_DevSet                             
2001a279  sl_SetSockOpt                         
2001a2c5  sl_WlanSet                            
2001a311  uDMAChannelAssign                     
2001a35d  _sl_GetStartResponseConvert           
2001a3a7  __aeabi_d2f                           
2001a3f1  PRCMHibernateWakeupSourceDisable      
2001a439  PRCMHibernateWakeupSourceEnable       
2001a481  SPIIntClear                           
2001a4c9  _SlRemoveFromList                     
2001a511  __aeabi_d2iz                          
2001a559  sl_FsDel                              
2001a5a1  sl_NetCfgSet                          
2001a5e9  ldexp                                 
2001a675  TimerConfigure                        
2001a6b9  C$$EXIT                               
2001a6bd  abort                                 
2001a6c5  exit                                  
2001a6fd  __aeabi_d2uiz                         
2001a741  sl_Recv                               
2001a785  PinModeSet                            
2001a7c5  _SlDrvRxIrqHandler                    
2001a805  signal                                
2001a845  sl_WlanPolicySet                      
2001a885  sl_WlanRxFilterSet                    
2001a8c5  strncasecmp                           
2001a905  NwpPowerOff                           
2001a941  PRCMPeripheralClkEnable               
2001a97d  _SlDrvObjInit                         
2001a9b9  _c_int00                              
2001a9f5  uDMAChannelControlSet                 
2001aa31  CameraCaptureStop                     
2001aa6b  CameraXClkConfig                      
2001aaa5  pvPortMalloc                          
2001aac5  vPortFree                             
2001aadd  __aeabi_f2d                           
2001ab15  __aeabi_f2iz                          
2001ab4d  __aeabi_i2f                           
2001ab85  sl_Htonl                              
2001abbd  GPIODirModeSet                        
2001abf5  IsLightOff                            
2001ac2b  CameraParamsConfig                    
2001ac61  PRCMPeripheralStatusGet               
2001ac95  SPIFIFOLevelSet                       
2001acc9  _SlDrvBasicCmd                        
2001acfd  feraiseexcept                         
2001ad31  __aeabi_f2uiz                         
2001ad65  strstr                                
2001ad99  sl_Htons                              
2001adcd  NwpPowerOn                            
2001adfd  PinTypeGPIO                           
2001ae2d  UARTDisable                           
2001ae5d  strncpy                               
2001ae8d  _Feraise                              
2001aebd  sl_Socket                             
2001aeed  __aeabi_i2d                           
2001af1b  raise                                 
2001af49  CameraIntEnable                       
2001af75  DmaSpiSwIntHandler                    
2001afa1  I2CMasterErr                          
2001afcd  PRCMSysResetCauseGet                  
2001aff9  _SlDrvFlowContDeinit                  
2001b025  _SlDrvFlowContInit                    
2001b051  TimerLoadSet                          
2001b051  Timer_IF_ReLoad                       
2001b07b  TimerPrescaleSet                      
2001b0a5  _sl_BuildAddress                      
2001b0cf  _Dclass                               
2001b0f9  CameraIntStatus                       
2001b121  PRCMPeripheralClkDisable              
2001b149  strncat                               
2001b171  sl_WlanSetMode                        
2001b199  CameraThresholdSet                    
2001b1bf  strncmp                               
2001b1e5  CameraIntClear                        
2001b209  IntUnregister                         
2001b22d  UARTEnable                            
2001b251  memmove                               
2001b275  __aeabi_ui2f                          
2001b299  sl_Close                              
2001b299  socketClose                           
2001b2bd  sl_NetAppStart                        
2001b2e1  sl_NetAppStop                         
2001b305  sl_WlanProfileDel                     
2001b329  CameraCaptureStart                    
2001b34b  I2CMasterSlaveAddrSet                 
2001b36d  NwpRegisterInterruptHandler           
2001b38f  SPIReset                              
2001b3b1  SPIWordCountSet                       
2001b3d3  frexp                                 
2001b3f5  memcmp                                
2001b417  GPIOPinWrite                          
2001b439  IntRegister                           
2001b459  _SlDrvCmdSend                         
2001b479  _SlDrvDeviceEventHandler              
2001b499  memchr                                
2001b4b9  __aeabi_ui2d                          
2001b4d9  I2CMasterIntStatusEx                  
2001b4f7  TimerDisable                          
2001b4f7  Timer_IF_Stop                         
2001b515  TimerEnable                           
2001b533  TimerIntStatus                        
2001b551  UARTCharPut                           
2001b56f  PinTypeI2C                            
2001b58b  TimerValueGet                         
2001b5a9  _SlDrvObjDeInit                       
2001b5c5  memccpy                               
2001b5e1  UDMAStopTransfer                      
2001b5e1  uDMAChannelDisable                    
2001b5fd  uDMAChannelEnable                     
2001b619  CopyPingResultsToReport               
2001b633  PinTypeCamera                         
2001b64d  PinTypeUART                           
2001b667  SPIDmaDisable                         
2001b681  SPIDmaEnable                          
2001b69b  SPIFIFODisable                        
2001b6b5  SPIFIFOEnable                         
2001b6cf  CameraReset                           
2001b6e7  GPIOPinRead                           
2001b701  PRCMHibernateEnter                    
2001b719  SPICSDisable                          
2001b731  SPICSEnable                           
2001b749  SPIDisable                            
2001b761  SPIEnable                             
2001b779  TimerIntDisable                       
2001b791  TimerIntEnable                        
2001b7a9  _args_main                            
2001b7c1  strcmp                                
2001b7d9  CameraDMAEnable                       
2001b7ef  CameraIntRegister                     
2001b805  I2CMasterDataPut                      
2001b81b  I2CMasterEnable                       
2001b831  PRCMHIBRegRead                        
2001b847  PRCMHIBRegWrite                       
2001b85d  UARTCharGet                           
2001b873  _SlDrvShiftDWord                      
2001b889  _sl_Strlen                            
2001b89f  strchr                                
2001b8b5  uDMAIntRegister                       
2001b8cb  CPUcpsie                              
2001b8e1  IntVTableBaseSet                      
2001b8f5  _register_unlock                      
2001b8fb  _register_lock                        
2001b903  _nop                                  
2001b909  strcpy                                
2001b91d  strlen                                
2001b931  uDMAControlBaseSet                    
2001b945  uDMAIntClear                          
2001b959  I2CMasterControl                      
2001b96b  I2CMasterIntClearEx                   
2001b97d  I2CMasterTimeoutSet                   
2001b98f  TimerIntClear                         
2001b9a1  sl_NetAppMDNSUnRegisterService        
2001b9b3  uDMAIntUnregister                     
2001b9c5  NwpMaskInterrupt                      
2001b9d5  SL_FD_SET                             
2001b9e5  I2CMasterDataGet                      
2001b9f3  __TI_decompress_none                  
2001ba01  ResetISR                              
2001ba11  NwpUnMaskInterrupt                    
2001ba1d  __TI_zero_init                        
2001ba29  uDMADisable                           
2001ba35  uDMAEnable                            
2001ba41  uDMAIntStatus                         
2001ba4d  IntMasterEnable                       
2001ba57  sl_WlanDisconnect                     
2001ba5f  MT9D111Delay                          
2001ba65  SL_FD_ZERO                            
2001ba6b  UtilsDelay                            
2001ba71  __TI_decompress_rle24                 
2001ba77  log                                   
2001ba7d  logf                                  
2001ba83  sinf                                  
2001ba89  __abort_execution                     
2001ba8d  _system_pre_init                      
2001bbcc  _ctypes_                              
2001bdd4  _SlPolicySetCmdCtrl                   
2001bdd8  _SlPolicyGetCmdCtrl                   
2001bddc  _SlProfileGetCmdCtrl                  
2001bde0  _SlProfileDelCmdCtrl                  
2001bde4  _SlWlanGetNetworkListCtrl             
2001bde8  _SlRxFilterAddtCmdCtrl                
2001bdec  _SlRxFilterSetCmdCtrl                 
2001bdf0  _SlRxFilterGetCmdCtrl                 
2001bdf4  _SlSmartConfigStartCmdCtrl            
2001bdf8  _SlWlanSetModeCmdCtrl                 
2001bdfc  _SlWlanCfgSetCmdCtrl                  
2001be00  _SlWlanCfgGetCmdCtrl                  
2001c408  g_H2NSyncPattern                      
2001c410  g_H2NCnysPattern                      
2001c418  _SlActionLookupTable                  
2001c5e0  _SlFsOpenCmdCtrl                      
2001c5e4  _SlFsCloseCmdCtrl                     
2001c5e8  _SlFsReadCmdCtrl                      
2001c5ec  _SlFsWriteCmdCtrl                     
2001c5f0  _SlFsGetInfoCmdCtrl                   
2001c5f4  _SlFsDeleteCmdCtrl                    
2001c690  _SlSockSocketCmdCtrl                  
2001c694  _SlSockCloseCmdCtrl                   
2001c698  _SlRecvfomCmdCtrl                     
2001c69c  _SlSendCmdCtrl                        
2001c6a0  _SlListenCmdCtrl                      
2001c6a4  _SlAcceptCmdCtrl                      
2001c6a8  _SlRecvCmdCtrl                        
2001c6ac  _SlSetSockOptCmdCtrl                  
2001c6b0  _SlGetSockOptCmdCtrl                  
2001c6b4  _SlSelectCmdCtrl                      
2001c7e8  _SlNetAppStartCtrl                    
2001c7ec  _SlNetAppStopCtrl                     
2001c7f0  _SlGetServiceListeCtrl                
2001c7f4  _SlRegisterServiceCtrl                
2001c7f8  _SlGetHostByServiceCtrl               
2001c7fc  _SlGetHostByNameCtrl                  
2001c800  _SlNetAppSetCmdCtrl                   
2001c804  _SlNetAppSendTokenValueCmdCtrl        
2001c808  _SlNetAppGetCmdCtrl                   
2001c8a4  g_deviceClientVersion                 
2001c8e8  _SlStopCmdCtrl                        
2001c8ec  _SlEventMaskSetCmdCtrl                
2001c8f0  _SlEventMaskGetCmdCtrl                
2001c8f4  _SlDeviceGetCmdCtrl                   
2001c8f8  _SlDeviceSetCmdCtrl                   
2001c8fc  pcDigits                              
2001c910  _SlNetCfgSetCmdCtrl                   
2001c914  _SlNetCfgGetCmdCtrl                   
2001c918  __TI_static_base__                    
2001d4e4  __TI_Handler_Table_Base               
2001d4f0  __TI_Handler_Table_Limit              
2001d4f8  __TI_CINIT_Base                       
2001d508  __TI_CINIT_Limit                      
2001e000  g_image_buffer                        
20032000  thisMagBuffer                         
20032b58  thisMagCal                            
20032f70  thisMag                               
20032fc8  clientStateFileName                   
20032ffc  Elapsed_100MilliSecs                  
20033000  gpCtlTbl                              
20033400  g_NetEntries                          
20033770  __CIOBUF_                             
20033890  gfpAppCallbackHndl                    
20033a58  thisSV_6DOF_GB_BASIC                  
20033b04  __TI_tmpnams                          
20033ba4  xQueueRegistry                        
20033bf4  g_cWlanSecurityKey                    
20033c28  thisAccel                             
20033c5c  g_cWlanSSID                           
20033c80  g_ucConnectionSSID                    
20033cc0  g_flag_blockFull                      
20033d38  ang_buf                               
20033d48  globals                               
20033d58  mqxglobals                            
20033d68  g_SecParams                           
20033d74  g_ucConnectionBSSID                   
20033d88  angle_avg                             
20033d8c  angle_min                             
20033d90  angle_reading_del1                    
20033d94  angle_reading_del2                    
20033d98  angle_reading_del3                    
20033d9c  angle_reading_del4                    
20033da0  dataBuffer                            
20033da4  g_block_lastFilled                    
20033da8  g_cWlanSecurityType                   
20033dac  g_frame_size_in_bytes                 
20033db0  g_header_length                       
20033db4  g_position_in_block                   
20033db8  g_readHeader                          
20033dc0  g_ulAppStatus                         
20033dc4  gdoor_40deg_angle                     
20033dc8  gdoor_90deg_angle                     
20033dd4  avg_buffer_cnt                        
20033dd5  checkForLight_Flag                    
20033dd6  cnt_prakz2                            
20033dd8  g_flag_DataBlockFilled                
20033dd9  g_flag_door_closing_45degree          
20033dda  g_frame_end                           
20033ddb  g_ucAngle40                           
20033ddc  g_ucAngle90                           
20033ddd  g_ucCalibration                       
20033dde  g_ucConfig                            
20033ddf  g_ucExitButton                        
20033de0  g_ucMagCalb                           
20033de1  g_ucProfileAdded                      
20033de2  gdoor_dirCW                           
20033de3  ginvalid_angle_entry                  
20033de4  iDone                                 
20033de5  isitfirsttime                         
20033de6  open1_close0_invalid2                 
20033de7  valid_case                            
20033de8  _sys_memory                           
ffffffff  __binit__                             
ffffffff  __c_args__                            
ffffffff  binit                                 
UNDEFED   SHT$$INIT_ARRAY$$Base                 
UNDEFED   SHT$$INIT_ARRAY$$Limit                

[903 symbols]
