******************************************************************************
                  TI ARM Linker PC v5.1.6                      
******************************************************************************
>> Linked Mon Apr 06 21:57:15 2015

OUTPUT FILE NAME:   <ULP_SEC_CAM.out>
ENTRY POINT SYMBOL: "_c_int00"  address: 200143ad


MEMORY CONFIGURATION

         name            origin    length      used     unused   attr    fill
----------------------  --------  ---------  --------  --------  ----  --------
  SRAM_BOOTLDR          20000000   00004000  00002540  00001ac0  RW X
  SRAM_CODE             20004000   00013000  000125a9  00000a57  RW X
  SRAM_DATA             20017000   0001b000  000188e0  00002720  RW X


SEGMENT ALLOCATION MAP

run origin  load origin   length   init length attrs members
----------  ----------- ---------- ----------- ----- -------
20000000    20000000    00001540   00000000    rw-
  20000000    20000000    00001540   00000000    rw- .data
20003000    20003000    00001000   00000000    rw-
  20003000    20003000    00001000   00000000    rw- .stack
20004000    20004000    000125b0   000125b0    r-x
  20004000    20004000    00000400   00000400    r-- .intvecs
  20004400    20004400    00010b88   00010b88    r-x .text
  20014f88    20014f88    00000a71   00000a71    r-- .const
  20015a00    20015a00    00000bb0   00000bb0    r-- .cinit
20017000    20017000    000188e0   00000000    rw-
  20017000    20017000    000148e0   00000000    rw- .bss
  2002b8e0    2002b8e0    00004000   00000000    rw- .sysmem


SECTION ALLOCATION MAP

 output                                  attributes/
section   page    origin      length       input sections
--------  ----  ----------  ----------   ----------------
.init_array 
*          0    20004000    00000000     UNINITIALIZED

.data      0    20000000    00001540     UNINITIALIZED
                  20000000    00000600     camera_app.obj (.data:JPEG_StdHuffmanTbl)
                  20000600    00000400     camera_app.obj (.data:g_header)
                  20000a00    000003c9     libparse.a : cc3200_certificate.obj (.data:DigiCertHighAssuranceEVRootCA_der)
                  20000dc9    00000003     --HOLE--
                  20000dcc    00000184     simplelink.a : driver.obj (.data)
                  20000f50    000000f0     rtsv7M4_T_le_eabi.lib : defs.obj (.data:_ftable)
                  20001040    000000d0                           : lowlev.obj (.data)
                  20001110    000000b0                           : signal.obj (.data:sigtable)
                  200011c0    00000080                           : xvalues.obj (.data)
                  20001240    00000070                           : xlvalues.obj (.data)
                  200012b0    00000068                           : xfvalues.obj (.data)
                  20001318    00000064     simplelink.a : cc_pal.obj (.data)
                  2000137c    00000040     camera_app.obj (.data:JPEG_StdQuantTblC)
                  200013bc    00000040     camera_app.obj (.data:JPEG_StdQuantTblY)
                  200013fc    00000040     camera_app.obj (.data:zigzag)
                  2000143c    00000034     free_rtos.a : tasks.obj (.data)
                  20001470    0000002c     libparse.a : cc3200_utils.obj (.data:lastDateTime)
                  2000149c    00000018                : cc3200_utils.obj (.data)
                  200014b4    00000018                : request.obj (.data)
                  200014cc    00000010     rtsv7M4_T_le_eabi.lib : defs.obj (.data)
                  200014dc    0000000c     free_rtos.a : osi_freertos.obj (.data)
                  200014e8    0000000c     network_relater_fns.obj (.data)
                  200014f4    0000000c     rtsv7M4_T_le_eabi.lib : memory.obj (.data)
                  20001500    00000008     camera_app.obj (.data)
                  20001508    00000008     rtsv7M4_T_le_eabi.lib : _lock.obj (.data)
                  20001510    00000008                           : exit.obj (.data)
                  20001518    00000008                           : feraiseexcept.obj (.data)
                  20001520    00000006     libparse.a : http.obj (.data)
                  20001526    00000002     --HOLE--
                  20001528    00000004     free_rtos.a : port.obj (.data)
                  2000152c    00000004     libparse.a : cc3200_certificate.obj (.data)
                  20001530    00000004     rtsv7M4_T_le_eabi.lib : errno.obj (.data)
                  20001534    00000004                           : fopen.obj (.data)
                  20001538    00000004                           : rand.obj (.data)
                  2000153c    00000004                           : stkdepth_vars.obj (.data)

.stack     0    20003000    00001000     UNINITIALIZED
                  20003000    00001000     --HOLE--

.intvecs   0    20004000    00000400     
                  20004000    00000400     startup_ccs.obj (.intvecs)

.text      0    20004400    00010b88     
                  20004400    00001258     free_rtos.a : tasks.obj (.text)
                  20005658    00001028     camera_app.obj (.text)
                  20006680    00000ec0     rtsv7M4_T_le_eabi.lib : _printfi.obj (.text)
                  20007540    00000d00     network_relater_fns.obj (.text)
                  20008240    00000c22     accelomtrMagntomtr_fxos8700.obj (.text)
                  20008e62    00000002     driverlib.a : interrupt.obj (.text:IntDefaultHandler)
                  20008e64    00000b24     free_rtos.a : queue.obj (.text)
                  20009988    000008a4     libparse.a : request.obj (.text)
                  2000a22c    0000064e                : cc3200_utils.obj (.text)
                  2000a87a    00000002     --HOLE-- [fill = 0]
                  2000a87c    00000518                : installation.obj (.text)
                  2000ad94    000004a2                : simplejson.obj (.text)
                  2000b236    00000002     --HOLE-- [fill = 0]
                  2000b238    00000490                : cc3200_socket.obj (.text)
                  2000b6c8    00000490     rtsv7M4_T_le_eabi.lib : pow.obj (.text)
                  2000bb58    0000045c     free_rtos.a : osi_freertos.obj (.text)
                  2000bfb4    000003cc     rtsv7M4_T_le_eabi.lib : memory.obj (.text)
                  2000c380    000003b4     libparse.a : cc3200_client_state.obj (.text)
                  2000c734    000003a6     simplelink.a : driver.obj (.text:_SlDrvMsgRead)
                  2000cada    00000002     --HOLE-- [fill = 0]
                  2000cadc    0000034c                  : driver.obj (.text:_SlAsyncEventGenericHandler)
                  2000ce28    00000348     main.obj (.text)
                  2000d170    00000310     rtsv7M4_T_le_eabi.lib : lowlev.obj (.text)
                  2000d480    000002e4                           : xlog.obj (.text)
                  2000d764    000002d4                           : trgdrv.obj (.text)
                  2000da38    000002a8     mt9d111.obj (.text)
                  2000dce0    000002a0     rtsv7M4_T_le_eabi.lib : vla_alloc.obj (.text)
                  2000df80    00000290     i2c_if.obj (.text)
                  2000e210    0000026c     uartA1_if.obj (.text)
                  2000e47c    00000214     parse_uploads.obj (.text)
                  2000e690    00000200     udma_if.obj (.text)
                  2000e890    000001fc     rtsv7M4_T_le_eabi.lib : xexp.obj (.text)
                  2000ea8c    000001f4                           : ull_div_t2.obj (.text)
                  2000ec80    000001dc     libparse.a : cc3200_certificate.obj (.text)
                  2000ee5c    000001c0     rtsv7M4_T_le_eabi.lib : fopen.obj (.text)
                  2000f01c    000001b6                           : fd_add_t2.obj (.text)
                  2000f1d2    00000002     --HOLE-- [fill = 0]
                  2000f1d4    000001b0     i2cconfig.obj (.text)
                  2000f384    000001b0     libparse.a : http.obj (.text)
                  2000f534    0000019c     simplelink.a : wlan.obj (.text:sl_WlanConnect)
                  2000f6d0    00000188     rtsv7M4_T_le_eabi.lib : xlatan.obj (.text)
                  2000f858    00000164     simplelink.a : driver.obj (.text:_SlDrvDataReadOp)
                  2000f9bc    0000015c     i2c_app.obj (.text)
                  2000fb18    00000140     simplelink.a : driver.obj (.text:_SlDrvRxHdrRead)
                  2000fc58    00000140     rtsv7M4_T_le_eabi.lib : sqrt.obj (.text)
                  2000fd98    00000136                           : fd_div_t2.obj (.text)
                  2000fece    00000002     --HOLE-- [fill = 0]
                  2000fed0    00000134     driverlib.a : prcm.obj (.text:PRCMCC3200MCUInit)
                  20010004    00000134     rtsv7M4_T_le_eabi.lib : fputs.obj (.text)
                  20010138    00000130     simplelink.a : cc_pal.obj (.text:spi_Open)
                  20010268    0000012c                  : driver.obj (.text:_SlDrvDataWriteOp)
                  20010394    0000012a     free_rtos.a : list.obj (.text)
                  200104be    00000002     --HOLE-- [fill = 0]
                  200104c0    00000116     libparse.a : parse_impl.obj (.text)
                  200105d6    00000002     --HOLE-- [fill = 0]
                  200105d8    00000114     simplelink.a : driver.obj (.text:_SlDrvMsgWrite)
                  200106ec    00000110     free_rtos.a : port.obj (.text)
                  200107fc    00000110     rtsv7M4_T_le_eabi.lib : xdscale.obj (.text)
                  2001090c    0000010c     simplelink.a : driver.obj (.text:_SlDrvWaitForPoolObj)
                  20010a18    00000108                  : socket.obj (.text:sl_Select)
                  20010b20    00000104                  : driver.obj (.text:_SlDrvReleasePoolObj)
                  20010c24    00000104     rtsv7M4_T_le_eabi.lib : atan2l.obj (.text)
                  20010d28    000000fc                           : fd_mul_t2.obj (.text)
                  20010e24    000000fa                           : fs_add_t2.obj (.text)
                  20010f1e    00000002     --HOLE-- [fill = 0]
                  20010f20    000000f0     driverlib.a : udma.obj (.text:uDMAChannelTransferSet)
                  20011010    000000e8     simplelink.a : socket.obj (.text:sl_Connect)
                  200110f8    000000e8                  : cc_pal.obj (.text:spi_Write)
                  200111e0    000000dc     rtsv7M4_T_le_eabi.lib : setvbuf.obj (.text)
                  200112bc    000000d8     simplelink.a : netapp.obj (.text:sl_NetAppDnsGetHostByName)
                  20011394    000000cc                  : cc_pal.obj (.text:spi_Read)
                  20011460    000000c4     rtsv7M4_T_le_eabi.lib : xdint.obj (.text)
                  20011524    000000c4                           : xdnorm.obj (.text)
                  200115e8    000000c4     simplelink.a : device.obj (.text:sl_Stop)
                  200116ac    000000c0     rtsv7M4_T_le_eabi.lib : fflush.obj (.text)
                  2001176c    000000c0     simplelink.a : device.obj (.text:sl_Start)
                  2001182c    000000ba     free_rtos.a : portasm.obj (.text)
                  200118e6    00000002     --HOLE-- [fill = 0]
                  200118e8    000000b4     simplelink.a : driver.obj (.text:_SlDrvMsgReadCmdCtx)
                  2001199c    000000b4     libparse.a : cc3200_debug.obj (.text)
                  20011a50    000000b2     simplelink.a : netapp.obj (.text:_SlDrvNetAppEventHandler)
                  20011b02    000000b2     pinmux.obj (.text)
                  20011bb4    000000b0     simplelink.a : socket.obj (.text:sl_Send)
                  20011c64    000000ac     rtsv7M4_T_le_eabi.lib : _io_perm.obj (.text)
                  20011d10    000000a8     driverlib.a : interrupt.obj (.text:IntDisable)
                  20011db8    000000a8                 : interrupt.obj (.text:IntEnable)
                  20011e60    000000a0                 : spi.obj (.text:SPIConfigSetExpClk)
                  20011f00    0000009c     rtsv7M4_T_le_eabi.lib : fputc.obj (.text)
                  20011f9c    0000009c                           : memcpy_t2.obj (.text)
                  20012038    00000098     simplelink.a : driver.obj (.text:_SlFindAndSetActiveObj)
                  200120d0    00000098     hibernate_related_fns.obj (.text)
                  20012168    00000098     rtsv7M4_T_le_eabi.lib : fclose.obj (.text)
                  20012200    00000098                           : snprintf.obj (.text)
                  20012298    00000094     driverlib.a : prcm.obj (.text:PRCMPeripheralClockGet)
                  2001232c    00000094     simplelink.a : driver.obj (.text:_SlDrvClassifyRxMsg)
                  200123c0    00000094     rtsv7M4_T_le_eabi.lib : auto_init.obj (.text)
                  20012454    00000090     simplelink.a : driver.obj (.text:_SlDrvMsgReadSpawnCtx)
                  200124e4    0000008c                  : fs.obj (.text:sl_FsRead)
                  20012570    0000008c                  : fs.obj (.text:sl_FsWrite)
                  200125fc    00000088     driverlib.a : pin.obj (.text:PinConfigSet)
                  20012684    00000088     rtsv7M4_T_le_eabi.lib : vsnprintf.obj (.text)
                  2001270c    00000088     simplelink.a : netapp.obj (.text:sl_NetAppMDNSRegisterUnregisterService)
                  20012794    00000086     rtsv7M4_T_le_eabi.lib : fd_cmp_t2.obj (.text:__aeabi_cdcmple)
                  2001281a    00000086                           : fd_cmp_t2.obj (.text:__aeabi_cdrcmple)
                  200128a0    00000084     driverlib.a : i2c.obj (.text:I2CMasterInitExpClk)
                  20012924    00000084     simplelink.a : driver.obj (.text:_SlDrvCmdOp)
                  200129a8    00000080                  : cc_pal.obj (.text:NwpPowerOnPreamble)
                  20012a28    0000007c                  : driver.obj (.text:_SlDrvDriverCBInit)
                  20012aa4    0000007c                  : netapp.obj (.text:_sl_HandleAsync_DnsGetHostByName)
                  20012b20    0000007c                  : device.obj (.text:sl_DevGet)
                  20012b9c    0000007c                  : fs.obj (.text:sl_FsClose)
                  20012c18    00000078                  : cc_pal.obj (.text:SetupDMAReceive)
                  20012c90    00000078     rtsv7M4_T_le_eabi.lib : memset_t2.obj (.text)
                  20012d08    00000076     driverlib.a : uart.obj (.text:UARTConfigSetExpClk)
                  20012d7e    00000002     --HOLE-- [fill = 0]
                  20012d80    00000074     simplelink.a : device.obj (.text:_sl_HandleAsync_InitComplete)
                  20012df4    00000074                  : wlan.obj (.text:sl_WlanGet)
                  20012e68    00000074                  : cc_pal.obj (.text:spi_Close)
                  20012edc    00000070                  : netapp.obj (.text:_sl_HandleAsync_PingResponse)
                  20012f4c    0000006e                  : socket.obj (.text:_sl_TruncatePayloadByProtocol)
                  20012fba    00000002     --HOLE-- [fill = 0]
                  20012fbc    0000006c     rtsv7M4_T_le_eabi.lib : fprintf.obj (.text)
                  20013028    00000068     driverlib.a : prcm.obj (.text:PRCMHibernateWakeUpGPIOSelect)
                  20013090    00000068     simplelink.a : socket.obj (.text:_sl_HandleAsync_Connect)
                  200130f8    00000068                  : netapp.obj (.text:_sl_HandleAsync_DnsGetHostByService)
                  20013160    00000068                  : fs.obj (.text:sl_FsGetInfo)
                  200131c8    00000064                  : fs.obj (.text:_sl_GetCreateFsMode)
                  2001322c    00000064                  : socket.obj (.text:_sl_HandleAsync_Accept)
                  20013290    00000064     rtsv7M4_T_le_eabi.lib : fseek.obj (.text)
                  200132f4    00000064                           : xdunscal.obj (.text)
                  20013358    00000064     driverlib.a : udma.obj (.text:uDMAChannelAttributeDisable)
                  200133bc    00000064                 : udma.obj (.text:uDMAChannelAttributeEnable)
                  20013420    00000060     rtsv7M4_T_le_eabi.lib : fs_cmp_t2.obj (.text:__aeabi_cfcmple)
                  20013480    00000060                           : fs_cmp_t2.obj (.text:__aeabi_cfrcmple)
                  200134e0    00000060                           : sprintf.obj (.text)
                  20013540    00000060                           : trgmsg.obj (.text)
                  200135a0    0000005e                           : copy_decompress_rle.obj (.text)
                  200135fe    0000005a                           : ltoa.obj (.text)
                  20013658    00000058     driverlib.a : interrupt.obj (.text:IntPendClear)
                  200136b0    00000058                 : prcm.obj (.text:PRCMPeripheralReset)
                  20013708    00000058     simplelink.a : driver.obj (.text:_SlDrvDriverCBDeinit)
                  20013760    00000058                  : socket.obj (.text:_sl_HandleAsync_Select)
                  200137b8    00000054     driverlib.a : interrupt.obj (.text:IntPrioritySet)
                  2001380c    00000054     simplelink.a : device.obj (.text:_sl_HandleAsync_Stop)
                  20013860    00000054                  : fs.obj (.text:sl_FsOpen)
                  200138b4    00000054                  : netapp.obj (.text:sl_NetAppSendTokenValue)
                  20013908    0000004c     driverlib.a : spi.obj (.text:SPIIntEnable)
                  20013954    0000004c     rtsv7M4_T_le_eabi.lib : atoi.obj (.text)
                  200139a0    0000004c                           : rand.obj (.text)
                  200139ec    0000004c     simplelink.a : socket.obj (.text:sl_SetSockOpt)
                  20013a38    0000004c     driverlib.a : udma.obj (.text:uDMAChannelAssign)
                  20013a84    0000004a     simplelink.a : device.obj (.text:_sl_GetStartResponseConvert)
                  20013ace    0000004a     rtsv7M4_T_le_eabi.lib : fd_tos_t2.obj (.text)
                  20013b18    00000048     driverlib.a : prcm.obj (.text:PRCMHibernateWakeupSourceEnable)
                  20013b60    00000048                 : spi.obj (.text:SPIIntClear)
                  20013ba8    00000048     rtsv7M4_T_le_eabi.lib : fd_toi_t2.obj (.text)
                  20013bf0    00000048     simplelink.a : device.obj (.text:sl_DevSet)
                  20013c38    00000048                  : fs.obj (.text:sl_FsDel)
                  20013c80    00000048                  : wlan.obj (.text:sl_WlanSet)
                  20013cc8    00000044     driverlib.a : spi.obj (.text:SPIDmaMaskGet)
                  20013d0c    00000044     rtsv7M4_T_le_eabi.lib : cpy_tbl.obj (.text)
                  20013d50    00000044                           : exit.obj (.text)
                  20013d94    00000044                           : fd_tou_t2.obj (.text)
                  20013dd8    00000044                           : xdtest.obj (.text)
                  20013e1c    00000044     simplelink.a : netcfg.obj (.text:sl_NetCfgSet)
                  20013e60    00000044                  : socket.obj (.text:sl_Recv)
                  20013ea4    00000040     driverlib.a : pin.obj (.text:PinModeSet)
                  20013ee4    00000040     simplelink.a : driver.obj (.text:_SlDrvRxIrqHandler)
                  20013f24    00000040                  : driver.obj (.text:_SlRemoveFromList)
                  20013f64    00000040     rtsv7M4_T_le_eabi.lib : signal.obj (.text)
                  20013fa4    00000040     simplelink.a : wlan.obj (.text:sl_WlanPolicySet)
                  20013fe4    00000040                  : wlan.obj (.text:sl_WlanRxFilterSet)
                  20014024    0000003c                  : cc_pal.obj (.text:NwpPowerOff)
                  20014060    0000003c     driverlib.a : prcm.obj (.text:PRCMPeripheralClkEnable)
                  2001409c    0000003c     simplelink.a : driver.obj (.text:_SlDrvObjInit)
                  200140d8    0000003c     rtsv7M4_T_le_eabi.lib : strncasecmp.obj (.text)
                  20014114    0000003c     driverlib.a : udma.obj (.text:uDMAChannelControlSet)
                  20014150    0000003a                 : camera.obj (.text:CameraCaptureStop)
                  2001418a    0000003a                 : camera.obj (.text:CameraXClkConfig)
                  200141c4    00000038     free_rtos.a : heap_3.obj (.text)
                  200141fc    00000038     rtsv7M4_T_le_eabi.lib : fs_tod_t2.obj (.text)
                  20014234    00000038                           : i_tofs_t2.obj (.text)
                  2001426c    00000038     simplelink.a : socket.obj (.text:sl_Htonl)
                  200142a4    00000036     driverlib.a : gpio.obj (.text:GPIODirModeSet)
                  200142da    00000034                 : camera.obj (.text:CameraParamsConfig)
                  2001430e    00000002     --HOLE-- [fill = 0]
                  20014310    00000034                 : prcm.obj (.text:PRCMPeripheralStatusGet)
                  20014344    00000034                 : spi.obj (.text:SPIFIFOLevelSet)
                  20014378    00000034     simplelink.a : driver.obj (.text:_SlDrvBasicCmd)
                  200143ac    00000034     rtsv7M4_T_le_eabi.lib : boot.obj (.text)
                  200143e0    00000034                           : feraiseexcept.obj (.text)
                  20014414    00000034                           : strstr.obj (.text)
                  20014448    00000034     simplelink.a : socket.obj (.text:sl_Htons)
                  2001447c    00000030                  : cc_pal.obj (.text:NwpPowerOn)
                  200144ac    00000030     driverlib.a : pin.obj (.text:PinTypeGPIO)
                  200144dc    00000030                 : uart.obj (.text:UARTDisable)
                  2001450c    00000030     rtsv7M4_T_le_eabi.lib : strncpy.obj (.text)
                  2001453c    00000030                           : xferaise.obj (.text)
                  2001456c    00000030     simplelink.a : socket.obj (.text:sl_Socket)
                  2001459c    0000002e     rtsv7M4_T_le_eabi.lib : i_tofd_t2.obj (.text)
                  200145ca    0000002e                           : raise.obj (.text)
                  200145f8    0000002c     driverlib.a : camera.obj (.text:CameraIntEnable)
                  20014624    0000002c     simplelink.a : cc_pal.obj (.text:DmaSpiSwIntHandler)
                  20014650    0000002c     driverlib.a : i2c.obj (.text:I2CMasterErr)
                  2001467c    0000002c                 : prcm.obj (.text:PRCMSysResetCauseGet)
                  200146a8    0000002c     simplelink.a : flowcont.obj (.text:_SlDrvFlowContDeinit)
                  200146d4    0000002c                  : flowcont.obj (.text:_SlDrvFlowContInit)
                  20014700    00000028     driverlib.a : camera.obj (.text:CameraIntStatus)
                  20014728    00000028                 : prcm.obj (.text:PRCMPeripheralClkDisable)
                  20014750    00000028     simplelink.a : socket.obj (.text:_sl_BuildAddress)
                  20014778    00000028                  : wlan.obj (.text:sl_WlanSetMode)
                  200147a0    00000026     driverlib.a : camera.obj (.text:CameraThresholdSet)
                  200147c6    00000026     rtsv7M4_T_le_eabi.lib : strncmp.obj (.text)
                  200147ec    00000024     driverlib.a : camera.obj (.text:CameraIntClear)
                  20014810    00000024                 : interrupt.obj (.text:IntUnregister)
                  20014834    00000024                 : uart.obj (.text:UARTEnable)
                  20014858    00000024     rtsv7M4_T_le_eabi.lib : memmov.obj (.text)
                  2001487c    00000024     simplelink.a : socket.obj (.text:sl_Close)
                  200148a0    00000024                  : netapp.obj (.text:sl_NetAppStart)
                  200148c4    00000024                  : netapp.obj (.text:sl_NetAppStop)
                  200148e8    00000024                  : wlan.obj (.text:sl_WlanProfileDel)
                  2001490c    00000022     driverlib.a : camera.obj (.text:CameraCaptureStart)
                  2001492e    00000022                 : i2c.obj (.text:I2CMasterSlaveAddrSet)
                  20014950    00000022     simplelink.a : cc_pal.obj (.text:NwpRegisterInterruptHandler)
                  20014972    00000022     driverlib.a : spi.obj (.text:SPIReset)
                  20014994    00000022                 : spi.obj (.text:SPIWordCountSet)
                  200149b6    00000022     rtsv7M4_T_le_eabi.lib : memcmp.obj (.text)
                  200149d8    00000020     driverlib.a : interrupt.obj (.text:IntRegister)
                  200149f8    00000020     simplelink.a : driver.obj (.text:_SlDrvCmdSend)
                  20014a18    0000001e     driverlib.a : i2c.obj (.text:I2CMasterIntStatusEx)
                  20014a36    0000001e                 : uart.obj (.text:UARTCharPut)
                  20014a54    0000001c                 : pin.obj (.text:PinTypeI2C)
                  20014a70    0000001c     simplelink.a : driver.obj (.text:_SlDrvObjDeInit)
                  20014a8c    0000001c     rtsv7M4_T_le_eabi.lib : memccpy.obj (.text)
                  20014aa8    0000001c     driverlib.a : udma.obj (.text:uDMAChannelDisable)
                  20014ac4    0000001c                 : udma.obj (.text:uDMAChannelEnable)
                  20014ae0    0000001c                 : udma.obj (.text:uDMAChannelRequest)
                  20014afc    0000001a     simplelink.a : netapp.obj (.text:CopyPingResultsToReport)
                  20014b16    0000001a     driverlib.a : pin.obj (.text:PinTypeCamera)
                  20014b30    0000001a                 : pin.obj (.text:PinTypeUART)
                  20014b4a    0000001a                 : spi.obj (.text:SPIDmaDisable)
                  20014b64    0000001a                 : spi.obj (.text:SPIDmaEnable)
                  20014b7e    0000001a                 : spi.obj (.text:SPIFIFODisable)
                  20014b98    0000001a                 : spi.obj (.text:SPIFIFOEnable)
                  20014bb2    0000001a     simplelink.a : device.obj (.text:_SlDrvDeviceEventHandler)
                  20014bcc    00000018     driverlib.a : camera.obj (.text:CameraReset)
                  20014be4    00000018                 : gpio.obj (.text:GPIOPinRead)
                  20014bfc    00000018                 : prcm.obj (.text:PRCMHibernateEnter)
                  20014c14    00000018                 : spi.obj (.text:SPICSDisable)
                  20014c2c    00000018                 : spi.obj (.text:SPICSEnable)
                  20014c44    00000018                 : spi.obj (.text:SPIDisable)
                  20014c5c    00000018                 : spi.obj (.text:SPIEnable)
                  20014c74    00000018     rtsv7M4_T_le_eabi.lib : args_main.obj (.text)
                  20014c8c    00000018                           : ll_mul_t2.obj (.text)
                  20014ca4    00000018                           : strcmp.obj (.text)
                  20014cbc    00000016     driverlib.a : camera.obj (.text:CameraDMAEnable)
                  20014cd2    00000016                 : camera.obj (.text:CameraIntRegister)
                  20014ce8    00000016                 : i2c.obj (.text:I2CMasterDataPut)
                  20014cfe    00000016                 : i2c.obj (.text:I2CMasterEnable)
                  20014d14    00000016                 : prcm.obj (.text:PRCMHIBRegRead)
                  20014d2a    00000016                 : prcm.obj (.text:PRCMHIBRegWrite)
                  20014d40    00000016                 : uart.obj (.text:UARTCharGet)
                  20014d56    00000016     simplelink.a : fs.obj (.text:_sl_Strlen)
                  20014d6c    00000016     rtsv7M4_T_le_eabi.lib : memchr.obj (.text)
                  20014d82    00000016                           : strchr.obj (.text)
                  20014d98    00000016     driverlib.a : udma.obj (.text:uDMAIntRegister)
                  20014dae    00000014                 : cpu.obj (.text:CPUcpsie)
                  20014dc2    00000002     --HOLE-- [fill = 0]
                  20014dc4    00000014                 : interrupt.obj (.text:IntVTableBaseSet)
                  20014dd8    00000014     simplelink.a : driver.obj (.text:_SlDrvShiftDWord)
                  20014dec    00000014     rtsv7M4_T_le_eabi.lib : _lock.obj (.text)
                  20014e00    00000014                           : strlen.obj (.text)
                  20014e14    00000014     driverlib.a : udma.obj (.text:uDMAControlBaseSet)
                  20014e28    00000014                 : udma.obj (.text:uDMAIntClear)
                  20014e3c    00000012                 : i2c.obj (.text:I2CMasterControl)
                  20014e4e    00000012                 : i2c.obj (.text:I2CMasterIntClearEx)
                  20014e60    00000012                 : i2c.obj (.text:I2CMasterTimeoutSet)
                  20014e72    00000012     rtsv7M4_T_le_eabi.lib : copy_zero_init.obj (.text:decompress:ZI)
                  20014e84    00000012     simplelink.a : netapp.obj (.text:sl_NetAppMDNSUnRegisterService)
                  20014e96    00000012     driverlib.a : udma.obj (.text:uDMAIntUnregister)
                  20014ea8    00000010     simplelink.a : cc_pal.obj (.text:NwpMaskInterrupt)
                  20014eb8    00000010                  : socket.obj (.text:SL_FD_SET)
                  20014ec8    00000010     rtsv7M4_T_le_eabi.lib : strcpy.obj (.text)
                  20014ed8    00000010                           : tolower.obj (.text)
                  20014ee8    0000000e     driverlib.a : i2c.obj (.text:I2CMasterDataGet)
                  20014ef6    0000000e     rtsv7M4_T_le_eabi.lib : copy_decompress_none.obj (.text:decompress:none)
                  20014f04    0000000e                           : xdclass.obj (.text)
                  20014f12    0000000e     startup_ccs.obj (.text)
                  20014f20    0000000c     simplelink.a : cc_pal.obj (.text:NwpUnMaskInterrupt)
                  20014f2c    0000000c     driverlib.a : udma.obj (.text:uDMADisable)
                  20014f38    0000000c                 : udma.obj (.text:uDMAEnable)
                  20014f44    0000000c                 : udma.obj (.text:uDMAIntStatus)
                  20014f50    0000000a                 : interrupt.obj (.text:IntMasterEnable)
                  20014f5a    00000008     simplelink.a : wlan.obj (.text:sl_WlanDisconnect)
                  20014f62    00000006     i2cconfig.obj (.text:MT9D111Delay)
                  20014f68    00000006     simplelink.a : socket.obj (.text:SL_FD_ZERO)
                  20014f6e    00000006     driverlib.a : utils.obj (.text:UtilsDelay)
                  20014f74    00000006     rtsv7M4_T_le_eabi.lib : copy_decompress_rle.obj (.text:decompress:rle24)
                  20014f7a    00000006                           : log.obj (.text)
                  20014f80    00000004                           : error.obj (.text)
                  20014f84    00000004                           : xldtest.obj (.text)

.const     0    20014f88    00000a71     
                  20014f88    0000013c     mt9d111.obj (.const:init_cmds_list)
                  200150c4    00000102     rtsv7M4_T_le_eabi.lib : ctype.obj (.const:.string:_ctypes_)
                  200151c6    00000002     --HOLE-- [fill = 0]
                  200151c8    00000100     driverlib.a : pin.obj (.const:g_ulPinToPadMap)
                  200152c8    000000ec     simplelink.a : wlan.obj (.const)
                  200153b4    000000d4     driverlib.a : interrupt.obj (.const:g_pulRegs)
                  20015488    000000b4     mt9d111.obj (.const:capture_cmds_list)
                  2001553c    000000a8     driverlib.a : prcm.obj (.const:PRCM_PeriphRegsList)
                  200155e4    00000004     --HOLE-- [fill = 0]
                  200155e8    00000088     rtsv7M4_T_le_eabi.lib : xlatan.obj (.const)
                  20015670    00000080     driverlib.a : interrupt.obj (.const)
                  200156f0    00000051     network_relater_fns.obj (.const:.string)
                  20015741    00000003     --HOLE-- [fill = 0]
                  20015744    0000004c     simplelink.a : driver.obj (.const)
                  20015790    00000048     rtsv7M4_T_le_eabi.lib : xexp.obj (.const)
                  200157d8    00000038                           : xlog.obj (.const:p)
                  20015810    00000038     simplelink.a : fs.obj (.const)
                  20015848    00000034                  : socket.obj (.const)
                  2001587c    00000030     rtsv7M4_T_le_eabi.lib : xdint.obj (.const)
                  200158ac    0000002c     libparse.a : cc3200_utils.obj (.const:$P$T0$1)
                  200158d8    0000002c     network_relater_fns.obj (.const:$P$T1$2)
                  20015904    00000028     simplelink.a : netapp.obj (.const)
                  2001592c    00000022     network_relater_fns.obj (.const:.string:$P$T0$1)
                  2001594e    00000022     mt9d111.obj (.const:.string)
                  20015970    00000020     network_relater_fns.obj (.const)
                  20015990    00000018     driverlib.a : spi.obj (.const)
                  200159a8    00000017     libparse.a : request.obj (.const:.string)
                  200159bf    00000001     --HOLE-- [fill = 0]
                  200159c0    00000014     simplelink.a : device.obj (.const)
                  200159d4    0000000d     camera_app.obj (.const:.string)
                  200159e1    0000000b     parse_uploads.obj (.const:.string)
                  200159ec    00000008     simplelink.a : netcfg.obj (.const)
                  200159f4    00000005     main.obj (.const:.string)

.cinit     0    20015a00    00000bb0     
                  20015a00    00000b8a     (.cinit..data.load) [load image, compression = rle]
                  2001658a    00000002     --HOLE-- [fill = 0]
                  2001658c    0000000c     (__TI_handler_table)
                  20016598    00000008     (.cinit..bss.load) [load image, compression = zero_init]
                  200165a0    00000010     (__TI_cinit_table)

.bss       0    20017000    000148e0     UNINITIALIZED
                  20017000    00014000     main.obj (.bss:g_image_buffer)
                  2002b000    00000400     udma_if.obj (.bss:gpCtlTbl)
                  2002b400    00000120     rtsv7M4_T_le_eabi.lib : trgmsg.obj (.bss:__CIOBUF_)
                  2002b520    00000100     udma_if.obj (.bss:gfpAppCallbackHndl)
                  2002b620    000000c8     free_rtos.a : tasks.obj (.bss:pxReadyTasksLists)
                  2002b6e8    000000a0     rtsv7M4_T_le_eabi.lib : defs.obj (.bss:__TI_tmpnams)
                  2002b788    00000050     free_rtos.a : queue.obj (.bss:xQueueRegistry)
                  2002b7d8    00000034     libparse.a : cc3200_client_state.obj (.bss:clientStateFileName)
                  2002b80c    00000024     network_relater_fns.obj (.bss:g_ucConnectionSSID)
                  2002b830    0000001c     rtsv7M4_T_le_eabi.lib : vla_alloc.obj (.bss)
                  2002b84c    00000014     (.common:xDelayedTaskList1)
                  2002b860    00000014     (.common:xDelayedTaskList2)
                  2002b874    00000014     (.common:xPendingReadyList)
                  2002b888    00000014     (.common:xSuspendedTaskList)
                  2002b89c    00000014     (.common:xTasksWaitingTermination)
                  2002b8b0    00000008     (.common:g_ucConnectionBSSID)
                  2002b8b8    00000008     (.common:parmbuf)
                  2002b8c0    00000004     (.common:__Errorlog)
                  2002b8c4    00000004     (.common:dataBuffer)
                  2002b8c8    00000004     (.common:g_frame_size_in_bytes)
                  2002b8cc    00000004     (.common:g_header_length)
                  2002b8d0    00000004     (.common:g_total_dma_intrpts)
                  2002b8d4    00000004     (.common:pxDelayedTaskList)
                  2002b8d8    00000004     (.common:pxOverflowDelayedTaskList)
                  2002b8dc    00000001     (.common:g_CaptureImage)
                  2002b8dd    00000001     (.common:g_dma_txn_done)
                  2002b8de    00000001     (.common:g_frame_end)
                  2002b8df    00000001     (.common:iDone)

.sysmem    0    2002b8e0    00004000     UNINITIALIZED
                  2002b8e0    00000008     rtsv7M4_T_le_eabi.lib : memory.obj (.sysmem)
                  2002b8e8    00003ff8     --HOLE--


LINKER GENERATED COPY TABLES

__TI_cinit_table @ 200165a0 records: 2, size/record: 8, table size: 16
	.data: load addr=20015a00, load size=00000b8a bytes, run addr=20000000, run size=00001540 bytes, compression=rle
	.bss: load addr=20016598, load size=00000008 bytes, run addr=20017000, run size=000148e0 bytes, compression=zero_init


LINKER GENERATED HANDLER TABLE

__TI_handler_table @ 2001658c records: 3, size/record: 4, table size: 12
	index: 0, handler: __TI_decompress_rle24
	index: 1, handler: __TI_decompress_none
	index: 2, handler: __TI_zero_init


GLOBAL SYMBOLS: SORTED ALPHABETICALLY BY Name 

address    name
--------   ----
20013d51   C$$EXIT
2001356b   C$$IO$$
20014daf   CPUcpsie
20005b55   CamControllerInit
2001490d   CameraCaptureStart
20014151   CameraCaptureStop
20014cbd   CameraDMAEnable
200147ed   CameraIntClear
200145f9   CameraIntEnable
20014cd3   CameraIntRegister
20014701   CameraIntStatus
200142db   CameraParamsConfig
20014bcd   CameraReset
2000da39   CameraSensorInit
200147a1   CameraThresholdSet
2001418b   CameraXClkConfig
20005745   CaptureImage
2000e251   ClearTerm
2000ce41   CollectTxit_ImgTempRH
2000786f   ConfigureMode
20007571   ConfigureSimpleLinkToDefaultState
20007911   ConnectToNetwork
200079fb   ConnectToNetwork_2
20007add   ConnectToNetwork_STA
20007aad   ConnectToNetwork_STA_2
20014afd   CopyPingResultsToReport
20001324   DMAMsgQ
2000e837   DMASetupTransfer
2000152c   DigiCertHighAssuranceEVRootCA_der_len
2000e6a7   DmaErrorIntHandler
20014625   DmaSpiSwIntHandler
2000e691   DmaSwIntHandler
2000e25b   Error
200089b9   FXOS8700CQ_Init
20008ac9   FXOS8700CQ_Mag_Calibration
200142a5   GPIODirModeSet
20014be5   GPIOPinRead
2000e293   GetCmd
200120d1   HIBernate
2000d9f1   HOSTclock
2000d9b9   HOSTclose
2000d97b   HOSTgetenv
2000d91f   HOSTlseek
2000d8cd   HOSTopen
2000d881   HOSTread
2000d823   HOSTrename
2000d7e9   HOSTtime
2000d7b1   HOSTunlink
2000d765   HOSTwrite
2000f1f3   I2CBufferRead
2000f2bb   I2CBufferWrite
2000f1d5   I2CInit
20014e3d   I2CMasterControl
20014ee9   I2CMasterDataGet
20014ce9   I2CMasterDataPut
20014cff   I2CMasterEnable
20014651   I2CMasterErr
200128a1   I2CMasterInitExpClk
20014e4f   I2CMasterIntClearEx
20014a19   I2CMasterIntStatusEx
2001492f   I2CMasterSlaveAddrSet
20014e61   I2CMasterTimeoutSet
2000e1f9   I2C_IF_Close
2000e1b1   I2C_IF_Open
2000e0ab   I2C_IF_Read
2000e167   I2C_IF_ReadFrom
2000dff5   I2C_IF_Write
2000e211   InitTerm
2000e47d   InitialiseParse
20007541   InitializeAppVariables
20011d11   IntDisable
20011db9   IntEnable
20014f51   IntMasterEnable
20013659   IntPendClear
200137b9   IntPrioritySet
200149d9   IntRegister
20014811   IntUnregister
20014dc5   IntVTableBaseSet
20000000   JPEG_StdHuffmanTbl
2000137c   JPEG_StdQuantTblC
200013bc   JPEG_StdQuantTblY
20014f63   MT9D111Delay
2000e22f   Message
20014ea9   NwpMaskInterrupt
20014025   NwpPowerOff
2001447d   NwpPowerOn
200129a9   NwpPowerOnPreamble
20014951   NwpRegisterInterruptHandler
20014f21   NwpUnMaskInterrupt
2000fed1   PRCMCC3200MCUInit
20014d15   PRCMHIBRegRead
20014d2b   PRCMHIBRegWrite
20014bfd   PRCMHibernateEnter
20013029   PRCMHibernateWakeUpGPIOSelect
20013b19   PRCMHibernateWakeupSourceEnable
20014729   PRCMPeripheralClkDisable
20014061   PRCMPeripheralClkEnable
20012299   PRCMPeripheralClockGet
200136b1   PRCMPeripheralReset
20014311   PRCMPeripheralStatusGet
2001467d   PRCMSysResetCauseGet
200125fd   PinConfigSet
20013ea5   PinModeSet
20011b03   PinMuxConfig
20014b17   PinTypeCamera
200144ad   PinTypeGPIO
20014a55   PinTypeI2C
20014b31   PinTypeUART
2000e3bd   Report
20014f13   ResetISR
UNDEFED    SHT$$INIT_ARRAY$$Base
UNDEFED    SHT$$INIT_ARRAY$$Limit
20014eb9   SL_FD_SET
20014f69   SL_FD_ZERO
20014c15   SPICSDisable
20014c2d   SPICSEnable
20011e61   SPIConfigSetExpClk
20014c45   SPIDisable
20014b4b   SPIDmaDisable
20014b65   SPIDmaEnable
20014c5d   SPIEnable
20014b7f   SPIFIFODisable
20014b99   SPIFIFOEnable
20014345   SPIFIFOLevelSet
20013b61   SPIIntClear
20013909   SPIIntEnable
20014973   SPIReset
20014995   SPIWordCountSet
2000e739   SetupTransfer
20007f55   SimpleLinkHttpServerCallback
20007e39   SimpleLinkNetAppEventHandler
20007edd   SimpleLinkSockEventHandler
20007d05   SimpleLinkWlanEventHandler
20005659   StartCamera
2000da4f   StartSensorInJpegMode
2000e325   TrimSpace
20014d41   UARTCharGet
20014a37   UARTCharPut
20012d09   UARTConfigSetExpClk
200144dd   UARTDisable
20014835   UARTEnable
2000e70b   UDMAChannelSelect
2000e823   UDMADeInit
2000e6b3   UDMAInit
2000e77d   UDMASetupAutoMemTransfer
2000e7b1   UDMASetupPingPongTransfer
2000e80b   UDMAStartTransfer
2000e817   UDMAStopTransfer
2000e497   UploadImageToParse
2000e4c1   UploadSensorDataToParse
20014f6f   UtilsDelay
2000be21   VDeleteSimpleLinkSpawnTask
2000bdd1   VStartSimpleLinkSpawnTask
20014f05   _Dclass
200011c0   _Denorm
20011461   _Dint
20011525   _Dnorm
200107fd   _Dscale
20013dd9   _Dtest
200132f5   _Dunscale
200011d0   _Eps
20001530   _Errno
2000e891   _Exp
200012b0   _FDenorm
200012c0   _FEps
200012d0   _FInf
200012e0   _FNan
20001300   _FRteps
200012f0   _FSnan
20001310   _FXbig
20001314   _FZero
20001518   _Fenv
2001453d   _Feraise
200011e0   _Hugeval
200011f0   _Inf
2000f6d1   _LAtan
20001240   _LDenorm
20014f85   _LDtest
20001250   _LEps
20001260   _LInf
20001270   _LNan
20001290   _LRteps
20001280   _LSnan
200012a0   _LXbig
200012a8   _LZero
2000d481   _Log
20001200   _Nan
20001220   _Rteps
20015868   _SlAcceptCmdCtrl
20015758   _SlActionLookupTable
2000cadd   _SlAsyncEventGenericHandler
200159cc   _SlDeviceGetCmdCtrl
200159d0   _SlDeviceSetCmdCtrl
20014379   _SlDrvBasicCmd
2001232d   _SlDrvClassifyRxMsg
20012925   _SlDrvCmdOp
200149f9   _SlDrvCmdSend
2000f859   _SlDrvDataReadOp
20010269   _SlDrvDataWriteOp
20014bb3   _SlDrvDeviceEventHandler
20013709   _SlDrvDriverCBDeinit
20012a29   _SlDrvDriverCBInit
200146a9   _SlDrvFlowContDeinit
200146d5   _SlDrvFlowContInit
2000c735   _SlDrvMsgRead
200118e9   _SlDrvMsgReadCmdCtx
20012455   _SlDrvMsgReadSpawnCtx
200105d9   _SlDrvMsgWrite
20011a51   _SlDrvNetAppEventHandler
20014a71   _SlDrvObjDeInit
2001409d   _SlDrvObjInit
20010b21   _SlDrvReleasePoolObj
2000fb19   _SlDrvRxHdrRead
20013ee5   _SlDrvRxIrqHandler
20014dd9   _SlDrvShiftDWord
2001090d   _SlDrvWaitForPoolObj
200159c8   _SlEventMaskGetCmdCtrl
200159c4   _SlEventMaskSetCmdCtrl
20012039   _SlFindAndSetActiveObj
20015814   _SlFsCloseCmdCtrl
20015824   _SlFsDeleteCmdCtrl
20015820   _SlFsGetInfoCmdCtrl
20015810   _SlFsOpenCmdCtrl
20015818   _SlFsReadCmdCtrl
2001581c   _SlFsWriteCmdCtrl
2001591c   _SlGetHostByNameCtrl
20015918   _SlGetHostByServiceCtrl
20015910   _SlGetServiceListeCtrl
20015874   _SlGetSockOptCmdCtrl
20015864   _SlListenCmdCtrl
20015928   _SlNetAppGetCmdCtrl
20015924   _SlNetAppSendTokenValueCmdCtrl
20015920   _SlNetAppSetCmdCtrl
20015908   _SlNetAppStartCtrl
2001590c   _SlNetAppStopCtrl
200159f0   _SlNetCfgGetCmdCtrl
200159ec   _SlNetCfgSetCmdCtrl
200152d0   _SlPolicyGetCmdCtrl
200152cc   _SlPolicySetCmdCtrl
200152d8   _SlProfileDelCmdCtrl
200152d4   _SlProfileGetCmdCtrl
2001586c   _SlRecvCmdCtrl
2001585c   _SlRecvfomCmdCtrl
20015914   _SlRegisterServiceCtrl
20013f25   _SlRemoveFromList
200152e0   _SlRxFilterAddtCmdCtrl
200152e8   _SlRxFilterGetCmdCtrl
200152e4   _SlRxFilterSetCmdCtrl
20015878   _SlSelectCmdCtrl
20015860   _SlSendCmdCtrl
20015870   _SlSetSockOptCmdCtrl
200152ec   _SlSmartConfigStartCmdCtrl
20015858   _SlSockCloseCmdCtrl
20015854   _SlSockSocketCmdCtrl
200159c0   _SlStopCmdCtrl
200152f8   _SlWlanCfgGetCmdCtrl
200152f4   _SlWlanCfgSetCmdCtrl
200152dc   _SlWlanGetNetworkListCtrl
200152f0   _SlWlanSetModeCmdCtrl
20001210   _Snan
2000151c   _Tls_setup__Fenv
20001230   _Xbig
20001238   _Zero
2002b400   __CIOBUF_
20004000   __STACK_END
00001000   __STACK_SIZE
00004000   __SYSMEM_SIZE
200165a0   __TI_CINIT_Base
200165b0   __TI_CINIT_Limit
2001658c   __TI_Handler_Table_Base
20016598   __TI_Handler_Table_Limit
00000001   __TI_args_main
200123c1   __TI_auto_init
2000ef25   __TI_cleanup
20001510   __TI_cleanup_ptr
20012169   __TI_closefile
20014ef7   __TI_decompress_none
20014f75   __TI_decompress_rle24
200116ad   __TI_doflush
20001514   __TI_dtors_ptr
200014cc   __TI_ft_end
20007237   __TI_printfi
20011cc7   __TI_rd_ok
2001356f   __TI_readmsg
20015a00   __TI_static_base__
2002b6e8   __TI_tmpnams
20013541   __TI_writemsg
20011c65   __TI_wrt_ok
20014e73   __TI_zero_init
20014f81   __abort_execution
20012795   __aeabi_cdcmpeq
20012795   __aeabi_cdcmple
2001281b   __aeabi_cdrcmple
20013421   __aeabi_cfcmpeq
20013421   __aeabi_cfcmple
20013481   __aeabi_cfrcmple
20013acf   __aeabi_d2f
20013ba9   __aeabi_d2iz
20013d95   __aeabi_d2uiz
2000f027   __aeabi_dadd
2000fd99   __aeabi_ddiv
20010d29   __aeabi_dmul
2000f01d   __aeabi_dsub
200141fd   __aeabi_f2d
20010e29   __aeabi_fadd
20010e25   __aeabi_fsub
2001459d   __aeabi_i2d
20014235   __aeabi_i2f
20014c8d   __aeabi_lmul
20012c91   __aeabi_memclr
20012c91   __aeabi_memclr4
20012c91   __aeabi_memclr8
20011f9d   __aeabi_memcpy
20011f9d   __aeabi_memcpy4
20011f9d   __aeabi_memcpy8
20012c93   __aeabi_memset
20012c93   __aeabi_memset4
20012c93   __aeabi_memset8
200014d8   __aeabi_stderr
200014d0   __aeabi_stdin
200014d4   __aeabi_stdout
2000ea8d   __aeabi_uldivmod
ffffffff   __binit__
ffffffff   __c_args__
20003000   __stack
2000ddef   __vla_alloc
2000dce1   __vla_dealloc
2000dd6f   __vla_dealloc_eh
20014c75   _args_main
200143ad   _c_int00
200150c4   _ctypes_
20000f50   _ftable
20001508   _lock
20014dfb   _nop
20014df3   _register_lock
20014ded   _register_unlock
20014751   _sl_BuildAddress
200131c9   _sl_GetCreateFsMode
20013a85   _sl_GetStartResponseConvert
2001322d   _sl_HandleAsync_Accept
20013091   _sl_HandleAsync_Connect
20012aa5   _sl_HandleAsync_DnsGetHostByName
200130f9   _sl_HandleAsync_DnsGetHostByService
20012d81   _sl_HandleAsync_InitComplete
20012edd   _sl_HandleAsync_PingResponse
20013761   _sl_HandleAsync_Select
2001380d   _sl_HandleAsync_Stop
20014d57   _sl_Strlen
20012f4d   _sl_TruncatePayloadByProtocol
2002b8e0   _sys_memory
2000150c   _unlock
20013d55   abort
2000f433   addHttpRequestHeader
2000f461   addHttpRequestHeaderInt
2000f385   addHttpRequestLine
2000d3d3   add_device
20010c25   atan2l
20013955   atoi
2000f3ef   beginHttpGetRequest
2000f3cd   beginHttpRequest
ffffffff   binit
200099ab   buildRequestHeaders
2000c349   calloc
20008995   clearAccelMotionIntrpt
2002b7d8   clientStateFileName
2000d381   close
200014c4   cnt
2000831d   configureFXOS8700
20013d0d   copy_in
2000a9f3   createInstallation
2000a3bd   createNewInstallationId
2002b8c4   dataBuffer
200014c8   dataBufferSize
2001199d   debugPrint
200119bf   debugPrintf
20004691   eTaskGetState
2000ec81   ensureCertificateFile
20013d5d   exit
200121cf   fclose
200143e1   feraiseexcept
2000a349   fetchDeviceOSVersion
200116f9   fflush
2000b15f   findSecondJson
2000ef7b   fopen
20012fc5   fprintf
20011f01   fputc
20010005   fputs
2000c0a3   free
2000ef51   freopen
20013291   fseek
20000dd0   gFirstCmdMode
2002b8dc   g_CaptureImage
20015750   g_H2NCnysPattern
20015748   g_H2NSyncPattern
20001318   g_SpiFd
20000dd8   g_StatMem
20001328   g_cDummy
200159a8   g_deviceClientVersion
2002b8c8   g_frame_size_in_bytes
20000600   g_header
2002b8cc   g_header_length
20017000   g_image_buffer
2000149c   g_osVersion
20000dd4   g_pCB
2000131c   g_pHostIntHdl
20004000   g_pfnVectors
2002b8b0   g_ucConnectionBSSID
2002b80c   g_ucConnectionSSID
20001320   g_ucDMAEnabled
2000132c   g_ucDinDout
200014f0   g_uiSimplelinkRole
200014ec   g_ulGatewayIP
20001504   g_ulPingPacketsRecv
200014e8   g_ulStatus
200087dd   getAccelerationMagnitude
20008769   getDoorDirection
2000f4af   getHttpResponseBody
2000f483   getHttpResponseStatus
2000aa43   getInstallation
2001056b   getInternalClient
2000b1af   getPushJson
2002b520   gfpAppCallbackHndl
2002b000   gpCtlTbl
2000f9bd   i2cReadRegisters
2000faa9   i2cReadRegistersTwoBytes
2000fa0f   i2cWriteRegisters
2002b8df   iDone
20007b69   initNetwork
2000e549   intToASCII
2000b18b   isCompleteJson
2000a2e5   isPingTime
2000c381   loadClientState
20014f7b   log
2000d35d   lseek
200135ff   ltoa
2000ced5   main
2000153c   main_func_sp
2000c041   malloc
2000bf25   mem_Free
2000bf19   mem_Malloc
2000bf45   mem_copy
2000bf31   mem_set
2000c269   memalign
20014a8d   memccpy
20014d6d   memchr
200149b7   memcmp
20011f9d   memcpy
20014859   memmove
20012c99   memset
2000bfb5   minit
2000d2af   open
2000bf9b   osi_ContextRestore
2000bf99   osi_ContextSave
2000bf59   osi_EnterCritical
2000bf63   osi_ExitCritical
2000bb7f   osi_InterruptDeRegister
2000bb59   osi_InterruptRegister
2000bc89   osi_LockObjCreate
2000bcfd   osi_LockObjDelete
2000bd0d   osi_LockObjLock
2000bd39   osi_LockObjUnlock
2000be4d   osi_MsgQCreate
2000be91   osi_MsgQDelete
2000bedd   osi_MsgQRead
2000beab   osi_MsgQWrite
2000bf75   osi_Sleep
2000bd63   osi_Spawn
2000bc67   osi_SyncObjClear
2000bb91   osi_SyncObjCreate
2000bbc1   osi_SyncObjDelete
2000bbdb   osi_SyncObjSignal
2000bc03   osi_SyncObjSignalFromISR
2000bc3b   osi_SyncObjWait
2000bcaf   osi_TaskCreate
2000bcef   osi_TaskDelete
2000bf85   osi_TaskDisable
2000bf8f   osi_TaskEnable
2000bf6d   osi_start
20000dcc   pPingCallBackFunc
2000a0fd   parseGetErrorCode
2000ac65   parseGetInstallationId
200104c1   parseInitialize
2000a0c3   parseSendRequest
2000a043   parseSendRequestInternal
2000abb7   parseSetInstallationId
200159e1   pcDigits
20004bb5   pcTaskGetTaskName
200118e1   portCLZ
2000b6c9   pow
200118c9   prvPortStartFirstTask
20011f85   putc
20011f89   putchar
20010111   puts
200141c5   pvPortMalloc
2000143c   pxCurrentTCB
200106ed   pxPortInitialiseStack
200145cb   raise
200139b7   rand
2000d28b   read
2000c163   realloc
2000d201   remove
2000d263   remove_device
2000d225   rename
2000e4e3   retreiveImageIDfromHTTPResponse
2000c493   saveClientState
20009f2d   sendRequest
20009989   setDataBufferPointer
2000871f   setMotionDetectionThreshold
200111e1   setvbuf
20013f65   signal
2000ad95   simpleJsonProcessor
2001487d   sl_Close
20011011   sl_Connect
20012b21   sl_DevGet
20013bf1   sl_DevSet
20012b9d   sl_FsClose
20013c39   sl_FsDel
20013161   sl_FsGetInfo
20013861   sl_FsOpen
200124e5   sl_FsRead
20012571   sl_FsWrite
2001426d   sl_Htonl
20014449   sl_Htons
200112bd   sl_NetAppDnsGetHostByName
2001270d   sl_NetAppMDNSRegisterUnregisterService
20014e85   sl_NetAppMDNSUnRegisterService
200138b5   sl_NetAppSendTokenValue
200148a1   sl_NetAppStart
200148c5   sl_NetAppStop
20013e1d   sl_NetCfgSet
20013e61   sl_Recv
20010a19   sl_Select
20011bb5   sl_Send
200139ed   sl_SetSockOpt
2001456d   sl_Socket
2001176d   sl_Start
200115e9   sl_Stop
2000f535   sl_WlanConnect
20014f5b   sl_WlanDisconnect
20012df5   sl_WlanGet
20013fa5   sl_WlanPolicySet
200148e9   sl_WlanProfileDel
20013fe5   sl_WlanRxFilterSet
20013c81   sl_WlanSet
20014779   sl_WlanSetMode
20012201   snprintf
2000b5dd   socketClose
2000b435   socketRead
2000b299   socketSslConnect
2000b239   socketWait
2000b527   socketWrite
20012e69   spi_Close
20010139   spi_Open
20011395   spi_Read
200110f9   spi_Write
200134e1   sprintf
2000fc59   sqrt
200139a1   srand
200014c2   sshPort
20014d83   strchr
20014ca5   strcmp
20014ec9   strcpy
20014e01   strlen
200140d9   strncasecmp
200147c7   strncmp
2001450d   strncpy
20014415   strstr
20014ed9   tolower
20013a39   uDMAChannelAssign
20013359   uDMAChannelAttributeDisable
200133bd   uDMAChannelAttributeEnable
20014115   uDMAChannelControlSet
20014aa9   uDMAChannelDisable
20014ac5   uDMAChannelEnable
20014ae1   uDMAChannelRequest
20010f21   uDMAChannelTransferSet
20014e15   uDMAControlBaseSet
20014f2d   uDMADisable
20014f39   uDMAEnable
20014e29   uDMAIntClear
20014d99   uDMAIntRegister
20014f45   uDMAIntStatus
20014e97   uDMAIntUnregister
200095e5   ucQueueGetQueueType
20011831   ulPortSetInterruptMask
2000d201   unlink
20008949   updateConfigReg
2000a33f   updateLastPingTime
20010477   uxListRemove
200095c5   uxQueueGetQueueNumber
20009559   uxQueueMessagesWaiting
2000958f   uxQueueMessagesWaitingFromISR
2000956f   uxQueueSpacesAvailable
20004ba9   uxTaskGetNumberOfTasks
20004bd9   uxTaskGetSystemState
200050c9   uxTaskGetTaskNumber
20004725   uxTaskPriorityGet
20005621   uxTaskResetEventItemValue
2000ce33   vApplicationIdleHook
2000ce35   vApplicationMallocFailedHook
2000ce37   vApplicationStackOverflowHook
2000ce29   vAssertCalled
20010395   vListInitialise
200103c5   vListInitialiseItem
20010411   vListInsert
200103d5   vListInsertEnd
20011847   vPortClearInterruptMask
20010769   vPortEndScheduler
2001077d   vPortEnterCritical
20010795   vPortExitCritical
200141e5   vPortFree
200118a1   vPortSVCHandler
200107c9   vPortSetupTimerInterrupt
2001076b   vPortYield
200097ff   vQueueAddToRegistry
200095a1   vQueueDelete
200095d3   vQueueSetQueueNumber
20009841   vQueueUnregisterQueue
2000463b   vTaskDelay
2000459f   vTaskDelayUntil
2000450f   vTaskDelete
20004a8d   vTaskEndScheduler
200050bb   vTaskMissedYield
20004e51   vTaskPlaceOnEventList
20004eb5   vTaskPlaceOnUnorderedEventList
20005597   vTaskPriorityDisinherit
200054dd   vTaskPriorityInherit
2000475d   vTaskPrioritySet
20004955   vTaskResume
200050e9   vTaskSetTaskNumber
2000501b   vTaskSetTimeOutState
20004a43   vTaskStartScheduler
20004861   vTaskSuspend
20004a9f   vTaskSuspendAll
20004dd1   vTaskSwitchContext
20008241   verifyAccelMagnSensor
20012685   vsnprintf
2000d171   write
20008d75   writeMagntCalibrationValue
200014dc   xHigherPriorityTaskWoken
20011855   xPortPendSVHandler
2001073d   xPortStartScheduler
200107ad   xPortSysTickHandler
2000988f   xQueueAddToSet
200091c1   xQueueAltGenericReceive
20009115   xQueueAltGenericSend
20008fe9   xQueueCreateCountingSemaphore
20008f6b   xQueueCreateMutex
2000987b   xQueueCreateSet
20008ef5   xQueueGenericCreate
2000935b   xQueueGenericReceive
20008e65   xQueueGenericReset
20009009   xQueueGenericSend
200092bf   xQueueGenericSendFromISR
2000979b   xQueueIsQueueEmptyFromISR
200097dd   xQueueIsQueueFullFromISR
20009515   xQueuePeekFromISR
2000949d   xQueueReceiveFromISR
2002b788   xQueueRegistry
200098c3   xQueueRemoveFromSet
20009905   xQueueSelectFromSet
2000991f   xQueueSelectFromSetFromISR
200014e0   xSimpleLinkSpawnQueue
200014e4   xSimpleLinkSpawnTaskHndl
20005041   xTaskCheckForTimeOut
20004401   xTaskGenericCreate
20005491   xTaskGetCurrentTaskHandle
20004c97   xTaskGetIdleTaskHandle
200054a5   xTaskGetSchedulerState
20004b7d   xTaskGetTickCount
20004b91   xTaskGetTickCountFromISR
20004cb5   xTaskIncrementTick
20004f25   xTaskRemoveFromEventList
20004fad   xTaskRemoveFromUnorderedEventList
20004ab1   xTaskResumeAll
200049c9   xTaskResumeFromISR


GLOBAL SYMBOLS: SORTED BY Symbol Address 

address    name
--------   ----
00000001   __TI_args_main
00001000   __STACK_SIZE
00004000   __SYSMEM_SIZE
20000000   JPEG_StdHuffmanTbl
20000600   g_header
20000dcc   pPingCallBackFunc
20000dd0   gFirstCmdMode
20000dd4   g_pCB
20000dd8   g_StatMem
20000f50   _ftable
200011c0   _Denorm
200011d0   _Eps
200011e0   _Hugeval
200011f0   _Inf
20001200   _Nan
20001210   _Snan
20001220   _Rteps
20001230   _Xbig
20001238   _Zero
20001240   _LDenorm
20001250   _LEps
20001260   _LInf
20001270   _LNan
20001280   _LSnan
20001290   _LRteps
200012a0   _LXbig
200012a8   _LZero
200012b0   _FDenorm
200012c0   _FEps
200012d0   _FInf
200012e0   _FNan
200012f0   _FSnan
20001300   _FRteps
20001310   _FXbig
20001314   _FZero
20001318   g_SpiFd
2000131c   g_pHostIntHdl
20001320   g_ucDMAEnabled
20001324   DMAMsgQ
20001328   g_cDummy
2000132c   g_ucDinDout
2000137c   JPEG_StdQuantTblC
200013bc   JPEG_StdQuantTblY
2000143c   pxCurrentTCB
2000149c   g_osVersion
200014c2   sshPort
200014c4   cnt
200014c8   dataBufferSize
200014cc   __TI_ft_end
200014d0   __aeabi_stdin
200014d4   __aeabi_stdout
200014d8   __aeabi_stderr
200014dc   xHigherPriorityTaskWoken
200014e0   xSimpleLinkSpawnQueue
200014e4   xSimpleLinkSpawnTaskHndl
200014e8   g_ulStatus
200014ec   g_ulGatewayIP
200014f0   g_uiSimplelinkRole
20001504   g_ulPingPacketsRecv
20001508   _lock
2000150c   _unlock
20001510   __TI_cleanup_ptr
20001514   __TI_dtors_ptr
20001518   _Fenv
2000151c   _Tls_setup__Fenv
2000152c   DigiCertHighAssuranceEVRootCA_der_len
20001530   _Errno
2000153c   main_func_sp
20003000   __stack
20004000   __STACK_END
20004000   g_pfnVectors
20004401   xTaskGenericCreate
2000450f   vTaskDelete
2000459f   vTaskDelayUntil
2000463b   vTaskDelay
20004691   eTaskGetState
20004725   uxTaskPriorityGet
2000475d   vTaskPrioritySet
20004861   vTaskSuspend
20004955   vTaskResume
200049c9   xTaskResumeFromISR
20004a43   vTaskStartScheduler
20004a8d   vTaskEndScheduler
20004a9f   vTaskSuspendAll
20004ab1   xTaskResumeAll
20004b7d   xTaskGetTickCount
20004b91   xTaskGetTickCountFromISR
20004ba9   uxTaskGetNumberOfTasks
20004bb5   pcTaskGetTaskName
20004bd9   uxTaskGetSystemState
20004c97   xTaskGetIdleTaskHandle
20004cb5   xTaskIncrementTick
20004dd1   vTaskSwitchContext
20004e51   vTaskPlaceOnEventList
20004eb5   vTaskPlaceOnUnorderedEventList
20004f25   xTaskRemoveFromEventList
20004fad   xTaskRemoveFromUnorderedEventList
2000501b   vTaskSetTimeOutState
20005041   xTaskCheckForTimeOut
200050bb   vTaskMissedYield
200050c9   uxTaskGetTaskNumber
200050e9   vTaskSetTaskNumber
20005491   xTaskGetCurrentTaskHandle
200054a5   xTaskGetSchedulerState
200054dd   vTaskPriorityInherit
20005597   vTaskPriorityDisinherit
20005621   uxTaskResetEventItemValue
20005659   StartCamera
20005745   CaptureImage
20005b55   CamControllerInit
20007237   __TI_printfi
20007541   InitializeAppVariables
20007571   ConfigureSimpleLinkToDefaultState
2000786f   ConfigureMode
20007911   ConnectToNetwork
200079fb   ConnectToNetwork_2
20007aad   ConnectToNetwork_STA_2
20007add   ConnectToNetwork_STA
20007b69   initNetwork
20007d05   SimpleLinkWlanEventHandler
20007e39   SimpleLinkNetAppEventHandler
20007edd   SimpleLinkSockEventHandler
20007f55   SimpleLinkHttpServerCallback
20008241   verifyAccelMagnSensor
2000831d   configureFXOS8700
2000871f   setMotionDetectionThreshold
20008769   getDoorDirection
200087dd   getAccelerationMagnitude
20008949   updateConfigReg
20008995   clearAccelMotionIntrpt
200089b9   FXOS8700CQ_Init
20008ac9   FXOS8700CQ_Mag_Calibration
20008d75   writeMagntCalibrationValue
20008e65   xQueueGenericReset
20008ef5   xQueueGenericCreate
20008f6b   xQueueCreateMutex
20008fe9   xQueueCreateCountingSemaphore
20009009   xQueueGenericSend
20009115   xQueueAltGenericSend
200091c1   xQueueAltGenericReceive
200092bf   xQueueGenericSendFromISR
2000935b   xQueueGenericReceive
2000949d   xQueueReceiveFromISR
20009515   xQueuePeekFromISR
20009559   uxQueueMessagesWaiting
2000956f   uxQueueSpacesAvailable
2000958f   uxQueueMessagesWaitingFromISR
200095a1   vQueueDelete
200095c5   uxQueueGetQueueNumber
200095d3   vQueueSetQueueNumber
200095e5   ucQueueGetQueueType
2000979b   xQueueIsQueueEmptyFromISR
200097dd   xQueueIsQueueFullFromISR
200097ff   vQueueAddToRegistry
20009841   vQueueUnregisterQueue
2000987b   xQueueCreateSet
2000988f   xQueueAddToSet
200098c3   xQueueRemoveFromSet
20009905   xQueueSelectFromSet
2000991f   xQueueSelectFromSetFromISR
20009989   setDataBufferPointer
200099ab   buildRequestHeaders
20009f2d   sendRequest
2000a043   parseSendRequestInternal
2000a0c3   parseSendRequest
2000a0fd   parseGetErrorCode
2000a2e5   isPingTime
2000a33f   updateLastPingTime
2000a349   fetchDeviceOSVersion
2000a3bd   createNewInstallationId
2000a9f3   createInstallation
2000aa43   getInstallation
2000abb7   parseSetInstallationId
2000ac65   parseGetInstallationId
2000ad95   simpleJsonProcessor
2000b15f   findSecondJson
2000b18b   isCompleteJson
2000b1af   getPushJson
2000b239   socketWait
2000b299   socketSslConnect
2000b435   socketRead
2000b527   socketWrite
2000b5dd   socketClose
2000b6c9   pow
2000bb59   osi_InterruptRegister
2000bb7f   osi_InterruptDeRegister
2000bb91   osi_SyncObjCreate
2000bbc1   osi_SyncObjDelete
2000bbdb   osi_SyncObjSignal
2000bc03   osi_SyncObjSignalFromISR
2000bc3b   osi_SyncObjWait
2000bc67   osi_SyncObjClear
2000bc89   osi_LockObjCreate
2000bcaf   osi_TaskCreate
2000bcef   osi_TaskDelete
2000bcfd   osi_LockObjDelete
2000bd0d   osi_LockObjLock
2000bd39   osi_LockObjUnlock
2000bd63   osi_Spawn
2000bdd1   VStartSimpleLinkSpawnTask
2000be21   VDeleteSimpleLinkSpawnTask
2000be4d   osi_MsgQCreate
2000be91   osi_MsgQDelete
2000beab   osi_MsgQWrite
2000bedd   osi_MsgQRead
2000bf19   mem_Malloc
2000bf25   mem_Free
2000bf31   mem_set
2000bf45   mem_copy
2000bf59   osi_EnterCritical
2000bf63   osi_ExitCritical
2000bf6d   osi_start
2000bf75   osi_Sleep
2000bf85   osi_TaskDisable
2000bf8f   osi_TaskEnable
2000bf99   osi_ContextSave
2000bf9b   osi_ContextRestore
2000bfb5   minit
2000c041   malloc
2000c0a3   free
2000c163   realloc
2000c269   memalign
2000c349   calloc
2000c381   loadClientState
2000c493   saveClientState
2000c735   _SlDrvMsgRead
2000cadd   _SlAsyncEventGenericHandler
2000ce29   vAssertCalled
2000ce33   vApplicationIdleHook
2000ce35   vApplicationMallocFailedHook
2000ce37   vApplicationStackOverflowHook
2000ce41   CollectTxit_ImgTempRH
2000ced5   main
2000d171   write
2000d201   remove
2000d201   unlink
2000d225   rename
2000d263   remove_device
2000d28b   read
2000d2af   open
2000d35d   lseek
2000d381   close
2000d3d3   add_device
2000d481   _Log
2000d765   HOSTwrite
2000d7b1   HOSTunlink
2000d7e9   HOSTtime
2000d823   HOSTrename
2000d881   HOSTread
2000d8cd   HOSTopen
2000d91f   HOSTlseek
2000d97b   HOSTgetenv
2000d9b9   HOSTclose
2000d9f1   HOSTclock
2000da39   CameraSensorInit
2000da4f   StartSensorInJpegMode
2000dce1   __vla_dealloc
2000dd6f   __vla_dealloc_eh
2000ddef   __vla_alloc
2000dff5   I2C_IF_Write
2000e0ab   I2C_IF_Read
2000e167   I2C_IF_ReadFrom
2000e1b1   I2C_IF_Open
2000e1f9   I2C_IF_Close
2000e211   InitTerm
2000e22f   Message
2000e251   ClearTerm
2000e25b   Error
2000e293   GetCmd
2000e325   TrimSpace
2000e3bd   Report
2000e47d   InitialiseParse
2000e497   UploadImageToParse
2000e4c1   UploadSensorDataToParse
2000e4e3   retreiveImageIDfromHTTPResponse
2000e549   intToASCII
2000e691   DmaSwIntHandler
2000e6a7   DmaErrorIntHandler
2000e6b3   UDMAInit
2000e70b   UDMAChannelSelect
2000e739   SetupTransfer
2000e77d   UDMASetupAutoMemTransfer
2000e7b1   UDMASetupPingPongTransfer
2000e80b   UDMAStartTransfer
2000e817   UDMAStopTransfer
2000e823   UDMADeInit
2000e837   DMASetupTransfer
2000e891   _Exp
2000ea8d   __aeabi_uldivmod
2000ec81   ensureCertificateFile
2000ef25   __TI_cleanup
2000ef51   freopen
2000ef7b   fopen
2000f01d   __aeabi_dsub
2000f027   __aeabi_dadd
2000f1d5   I2CInit
2000f1f3   I2CBufferRead
2000f2bb   I2CBufferWrite
2000f385   addHttpRequestLine
2000f3cd   beginHttpRequest
2000f3ef   beginHttpGetRequest
2000f433   addHttpRequestHeader
2000f461   addHttpRequestHeaderInt
2000f483   getHttpResponseStatus
2000f4af   getHttpResponseBody
2000f535   sl_WlanConnect
2000f6d1   _LAtan
2000f859   _SlDrvDataReadOp
2000f9bd   i2cReadRegisters
2000fa0f   i2cWriteRegisters
2000faa9   i2cReadRegistersTwoBytes
2000fb19   _SlDrvRxHdrRead
2000fc59   sqrt
2000fd99   __aeabi_ddiv
2000fed1   PRCMCC3200MCUInit
20010005   fputs
20010111   puts
20010139   spi_Open
20010269   _SlDrvDataWriteOp
20010395   vListInitialise
200103c5   vListInitialiseItem
200103d5   vListInsertEnd
20010411   vListInsert
20010477   uxListRemove
200104c1   parseInitialize
2001056b   getInternalClient
200105d9   _SlDrvMsgWrite
200106ed   pxPortInitialiseStack
2001073d   xPortStartScheduler
20010769   vPortEndScheduler
2001076b   vPortYield
2001077d   vPortEnterCritical
20010795   vPortExitCritical
200107ad   xPortSysTickHandler
200107c9   vPortSetupTimerInterrupt
200107fd   _Dscale
2001090d   _SlDrvWaitForPoolObj
20010a19   sl_Select
20010b21   _SlDrvReleasePoolObj
20010c25   atan2l
20010d29   __aeabi_dmul
20010e25   __aeabi_fsub
20010e29   __aeabi_fadd
20010f21   uDMAChannelTransferSet
20011011   sl_Connect
200110f9   spi_Write
200111e1   setvbuf
200112bd   sl_NetAppDnsGetHostByName
20011395   spi_Read
20011461   _Dint
20011525   _Dnorm
200115e9   sl_Stop
200116ad   __TI_doflush
200116f9   fflush
2001176d   sl_Start
20011831   ulPortSetInterruptMask
20011847   vPortClearInterruptMask
20011855   xPortPendSVHandler
200118a1   vPortSVCHandler
200118c9   prvPortStartFirstTask
200118e1   portCLZ
200118e9   _SlDrvMsgReadCmdCtx
2001199d   debugPrint
200119bf   debugPrintf
20011a51   _SlDrvNetAppEventHandler
20011b03   PinMuxConfig
20011bb5   sl_Send
20011c65   __TI_wrt_ok
20011cc7   __TI_rd_ok
20011d11   IntDisable
20011db9   IntEnable
20011e61   SPIConfigSetExpClk
20011f01   fputc
20011f85   putc
20011f89   putchar
20011f9d   __aeabi_memcpy
20011f9d   __aeabi_memcpy4
20011f9d   __aeabi_memcpy8
20011f9d   memcpy
20012039   _SlFindAndSetActiveObj
200120d1   HIBernate
20012169   __TI_closefile
200121cf   fclose
20012201   snprintf
20012299   PRCMPeripheralClockGet
2001232d   _SlDrvClassifyRxMsg
200123c1   __TI_auto_init
20012455   _SlDrvMsgReadSpawnCtx
200124e5   sl_FsRead
20012571   sl_FsWrite
200125fd   PinConfigSet
20012685   vsnprintf
2001270d   sl_NetAppMDNSRegisterUnregisterService
20012795   __aeabi_cdcmpeq
20012795   __aeabi_cdcmple
2001281b   __aeabi_cdrcmple
200128a1   I2CMasterInitExpClk
20012925   _SlDrvCmdOp
200129a9   NwpPowerOnPreamble
20012a29   _SlDrvDriverCBInit
20012aa5   _sl_HandleAsync_DnsGetHostByName
20012b21   sl_DevGet
20012b9d   sl_FsClose
20012c91   __aeabi_memclr
20012c91   __aeabi_memclr4
20012c91   __aeabi_memclr8
20012c93   __aeabi_memset
20012c93   __aeabi_memset4
20012c93   __aeabi_memset8
20012c99   memset
20012d09   UARTConfigSetExpClk
20012d81   _sl_HandleAsync_InitComplete
20012df5   sl_WlanGet
20012e69   spi_Close
20012edd   _sl_HandleAsync_PingResponse
20012f4d   _sl_TruncatePayloadByProtocol
20012fc5   fprintf
20013029   PRCMHibernateWakeUpGPIOSelect
20013091   _sl_HandleAsync_Connect
200130f9   _sl_HandleAsync_DnsGetHostByService
20013161   sl_FsGetInfo
200131c9   _sl_GetCreateFsMode
2001322d   _sl_HandleAsync_Accept
20013291   fseek
200132f5   _Dunscale
20013359   uDMAChannelAttributeDisable
200133bd   uDMAChannelAttributeEnable
20013421   __aeabi_cfcmpeq
20013421   __aeabi_cfcmple
20013481   __aeabi_cfrcmple
200134e1   sprintf
20013541   __TI_writemsg
2001356b   C$$IO$$
2001356f   __TI_readmsg
200135ff   ltoa
20013659   IntPendClear
200136b1   PRCMPeripheralReset
20013709   _SlDrvDriverCBDeinit
20013761   _sl_HandleAsync_Select
200137b9   IntPrioritySet
2001380d   _sl_HandleAsync_Stop
20013861   sl_FsOpen
200138b5   sl_NetAppSendTokenValue
20013909   SPIIntEnable
20013955   atoi
200139a1   srand
200139b7   rand
200139ed   sl_SetSockOpt
20013a39   uDMAChannelAssign
20013a85   _sl_GetStartResponseConvert
20013acf   __aeabi_d2f
20013b19   PRCMHibernateWakeupSourceEnable
20013b61   SPIIntClear
20013ba9   __aeabi_d2iz
20013bf1   sl_DevSet
20013c39   sl_FsDel
20013c81   sl_WlanSet
20013d0d   copy_in
20013d51   C$$EXIT
20013d55   abort
20013d5d   exit
20013d95   __aeabi_d2uiz
20013dd9   _Dtest
20013e1d   sl_NetCfgSet
20013e61   sl_Recv
20013ea5   PinModeSet
20013ee5   _SlDrvRxIrqHandler
20013f25   _SlRemoveFromList
20013f65   signal
20013fa5   sl_WlanPolicySet
20013fe5   sl_WlanRxFilterSet
20014025   NwpPowerOff
20014061   PRCMPeripheralClkEnable
2001409d   _SlDrvObjInit
200140d9   strncasecmp
20014115   uDMAChannelControlSet
20014151   CameraCaptureStop
2001418b   CameraXClkConfig
200141c5   pvPortMalloc
200141e5   vPortFree
200141fd   __aeabi_f2d
20014235   __aeabi_i2f
2001426d   sl_Htonl
200142a5   GPIODirModeSet
200142db   CameraParamsConfig
20014311   PRCMPeripheralStatusGet
20014345   SPIFIFOLevelSet
20014379   _SlDrvBasicCmd
200143ad   _c_int00
200143e1   feraiseexcept
20014415   strstr
20014449   sl_Htons
2001447d   NwpPowerOn
200144ad   PinTypeGPIO
200144dd   UARTDisable
2001450d   strncpy
2001453d   _Feraise
2001456d   sl_Socket
2001459d   __aeabi_i2d
200145cb   raise
200145f9   CameraIntEnable
20014625   DmaSpiSwIntHandler
20014651   I2CMasterErr
2001467d   PRCMSysResetCauseGet
200146a9   _SlDrvFlowContDeinit
200146d5   _SlDrvFlowContInit
20014701   CameraIntStatus
20014729   PRCMPeripheralClkDisable
20014751   _sl_BuildAddress
20014779   sl_WlanSetMode
200147a1   CameraThresholdSet
200147c7   strncmp
200147ed   CameraIntClear
20014811   IntUnregister
20014835   UARTEnable
20014859   memmove
2001487d   sl_Close
200148a1   sl_NetAppStart
200148c5   sl_NetAppStop
200148e9   sl_WlanProfileDel
2001490d   CameraCaptureStart
2001492f   I2CMasterSlaveAddrSet
20014951   NwpRegisterInterruptHandler
20014973   SPIReset
20014995   SPIWordCountSet
200149b7   memcmp
200149d9   IntRegister
200149f9   _SlDrvCmdSend
20014a19   I2CMasterIntStatusEx
20014a37   UARTCharPut
20014a55   PinTypeI2C
20014a71   _SlDrvObjDeInit
20014a8d   memccpy
20014aa9   uDMAChannelDisable
20014ac5   uDMAChannelEnable
20014ae1   uDMAChannelRequest
20014afd   CopyPingResultsToReport
20014b17   PinTypeCamera
20014b31   PinTypeUART
20014b4b   SPIDmaDisable
20014b65   SPIDmaEnable
20014b7f   SPIFIFODisable
20014b99   SPIFIFOEnable
20014bb3   _SlDrvDeviceEventHandler
20014bcd   CameraReset
20014be5   GPIOPinRead
20014bfd   PRCMHibernateEnter
20014c15   SPICSDisable
20014c2d   SPICSEnable
20014c45   SPIDisable
20014c5d   SPIEnable
20014c75   _args_main
20014c8d   __aeabi_lmul
20014ca5   strcmp
20014cbd   CameraDMAEnable
20014cd3   CameraIntRegister
20014ce9   I2CMasterDataPut
20014cff   I2CMasterEnable
20014d15   PRCMHIBRegRead
20014d2b   PRCMHIBRegWrite
20014d41   UARTCharGet
20014d57   _sl_Strlen
20014d6d   memchr
20014d83   strchr
20014d99   uDMAIntRegister
20014daf   CPUcpsie
20014dc5   IntVTableBaseSet
20014dd9   _SlDrvShiftDWord
20014ded   _register_unlock
20014df3   _register_lock
20014dfb   _nop
20014e01   strlen
20014e15   uDMAControlBaseSet
20014e29   uDMAIntClear
20014e3d   I2CMasterControl
20014e4f   I2CMasterIntClearEx
20014e61   I2CMasterTimeoutSet
20014e73   __TI_zero_init
20014e85   sl_NetAppMDNSUnRegisterService
20014e97   uDMAIntUnregister
20014ea9   NwpMaskInterrupt
20014eb9   SL_FD_SET
20014ec9   strcpy
20014ed9   tolower
20014ee9   I2CMasterDataGet
20014ef7   __TI_decompress_none
20014f05   _Dclass
20014f13   ResetISR
20014f21   NwpUnMaskInterrupt
20014f2d   uDMADisable
20014f39   uDMAEnable
20014f45   uDMAIntStatus
20014f51   IntMasterEnable
20014f5b   sl_WlanDisconnect
20014f63   MT9D111Delay
20014f69   SL_FD_ZERO
20014f6f   UtilsDelay
20014f75   __TI_decompress_rle24
20014f7b   log
20014f81   __abort_execution
20014f85   _LDtest
200150c4   _ctypes_
200152cc   _SlPolicySetCmdCtrl
200152d0   _SlPolicyGetCmdCtrl
200152d4   _SlProfileGetCmdCtrl
200152d8   _SlProfileDelCmdCtrl
200152dc   _SlWlanGetNetworkListCtrl
200152e0   _SlRxFilterAddtCmdCtrl
200152e4   _SlRxFilterSetCmdCtrl
200152e8   _SlRxFilterGetCmdCtrl
200152ec   _SlSmartConfigStartCmdCtrl
200152f0   _SlWlanSetModeCmdCtrl
200152f4   _SlWlanCfgSetCmdCtrl
200152f8   _SlWlanCfgGetCmdCtrl
20015748   g_H2NSyncPattern
20015750   g_H2NCnysPattern
20015758   _SlActionLookupTable
20015810   _SlFsOpenCmdCtrl
20015814   _SlFsCloseCmdCtrl
20015818   _SlFsReadCmdCtrl
2001581c   _SlFsWriteCmdCtrl
20015820   _SlFsGetInfoCmdCtrl
20015824   _SlFsDeleteCmdCtrl
20015854   _SlSockSocketCmdCtrl
20015858   _SlSockCloseCmdCtrl
2001585c   _SlRecvfomCmdCtrl
20015860   _SlSendCmdCtrl
20015864   _SlListenCmdCtrl
20015868   _SlAcceptCmdCtrl
2001586c   _SlRecvCmdCtrl
20015870   _SlSetSockOptCmdCtrl
20015874   _SlGetSockOptCmdCtrl
20015878   _SlSelectCmdCtrl
20015908   _SlNetAppStartCtrl
2001590c   _SlNetAppStopCtrl
20015910   _SlGetServiceListeCtrl
20015914   _SlRegisterServiceCtrl
20015918   _SlGetHostByServiceCtrl
2001591c   _SlGetHostByNameCtrl
20015920   _SlNetAppSetCmdCtrl
20015924   _SlNetAppSendTokenValueCmdCtrl
20015928   _SlNetAppGetCmdCtrl
200159a8   g_deviceClientVersion
200159c0   _SlStopCmdCtrl
200159c4   _SlEventMaskSetCmdCtrl
200159c8   _SlEventMaskGetCmdCtrl
200159cc   _SlDeviceGetCmdCtrl
200159d0   _SlDeviceSetCmdCtrl
200159e1   pcDigits
200159ec   _SlNetCfgSetCmdCtrl
200159f0   _SlNetCfgGetCmdCtrl
20015a00   __TI_static_base__
2001658c   __TI_Handler_Table_Base
20016598   __TI_Handler_Table_Limit
200165a0   __TI_CINIT_Base
200165b0   __TI_CINIT_Limit
20017000   g_image_buffer
2002b000   gpCtlTbl
2002b400   __CIOBUF_
2002b520   gfpAppCallbackHndl
2002b6e8   __TI_tmpnams
2002b788   xQueueRegistry
2002b7d8   clientStateFileName
2002b80c   g_ucConnectionSSID
2002b8b0   g_ucConnectionBSSID
2002b8c4   dataBuffer
2002b8c8   g_frame_size_in_bytes
2002b8cc   g_header_length
2002b8dc   g_CaptureImage
2002b8df   iDone
2002b8e0   _sys_memory
ffffffff   __binit__
ffffffff   __c_args__
ffffffff   binit
UNDEFED    SHT$$INIT_ARRAY$$Base
UNDEFED    SHT$$INIT_ARRAY$$Limit

[676 symbols]
