******************************************************************************
                  TI ARM Linker PC v5.2.2                      
******************************************************************************
>> Linked Tue Jun 02 09:37:11 2015

OUTPUT FILE NAME:   <ULP_SEC_CAM.out>
ENTRY POINT SYMBOL: "_c_int00"  address: 20019f01


MEMORY CONFIGURATION

         name            origin    length      used     unused   attr    fill
----------------------  --------  ---------  --------  --------  ----  --------
  SRAM_BOOTLDR          20000000   00004000  0000258c  00001a74  RW X
  SRAM_CODE             20004000   00019000  000188bc  00000744  RW X
  SRAM_DATA             2001d000   0001f000  00019da0  00005260  RW X


SEGMENT ALLOCATION MAP

run origin  load origin   length   init length attrs members
----------  ----------- ---------- ----------- ----- -------
20000000    20000000    0000158c   00000000    rw-
  20000000    20000000    0000158c   00000000    rw- .data
20003000    20003000    00001000   00000000    rw-
  20003000    20003000    00001000   00000000    rw- .stack
20004000    20004000    000188c0   000188c0    r-x
  20004000    20004000    00000400   00000400    r-- .intvecs
  20004400    20004400    00016a68   00016a68    r-x .text
  2001ae68    2001ae68    00000e64   00000e64    r-- .const
  2001bcd0    2001bcd0    00000bf0   00000bf0    r-- .cinit
2001d000    2001d000    00019da0   00000000    rw-
  2001d000    2001d000    00015da0   00000000    rw- .bss
  20032da0    20032da0    00004000   00000000    rw- .sysmem


SECTION ALLOCATION MAP

 output                                  attributes/
section   page    origin      length       input sections
--------  ----  ----------  ----------   ----------------
.data      0    20000000    0000158c     UNINITIALIZED
                  20000000    00000600     camera_app.obj (.data:JPEG_StdHuffmanTbl)
                  20000600    00000400     camera_app.obj (.data:g_header)
                  20000a00    000003c9     cc3200_certificate.obj (.data:DigiCertHighAssuranceEVRootCA_der)
                  20000dc9    00000001     tasks.obj (.data)
                  20000dca    00000002     --HOLE--
                  20000dcc    00000184     simplelink.a : driver.obj (.data)
                  20000f50    000000f0     rtsv7M4_T_le_eabi.lib : defs.obj (.data:_ftable)
                  20001040    000000d0                           : lowlev.obj (.data)
                  20001110    000000b0                           : signal.obj (.data:sigtable)
                  200011c0    00000080                           : xvalues.obj (.data)
                  20001240    00000070                           : xlvalues.obj (.data)
                  200012b0    00000068                           : xfvalues.obj (.data)
                  20001318    00000064     simplelink.a : cc_pal.obj (.data)
                  2000137c    00000040     camera_app.obj (.data:JPEG_StdQuantTblC)
                  200013bc    00000040     camera_app.obj (.data:JPEG_StdQuantTblY)
                  200013fc    00000040     camera_app.obj (.data:zigzag)
                  2000143c    0000003c     main.obj (.data:g_token_get)
                  20001478    00000034     free_rtos.a : tasks.obj (.data)
                  200014ac    0000002c     cc3200_utils.obj (.data:lastDateTime)
                  200014d8    0000001c     main.obj (.data)
                  200014f4    00000018     cc3200_utils.obj (.data)
                  2000150c    00000018     request.obj (.data)
                  20001524    00000010     rtsv7M4_T_le_eabi.lib : defs.obj (.data)
                  20001534    0000000c     free_rtos.a : osi_freertos.obj (.data)
                  20001540    0000000c     rtsv7M4_T_le_eabi.lib : memory.obj (.data)
                  2000154c    00000008     camera_app.obj (.data)
                  20001554    00000008     rtsv7M4_T_le_eabi.lib : _lock.obj (.data)
                  2000155c    00000008                           : exit.obj (.data)
                  20001564    00000008                           : feraiseexcept.obj (.data)
                  2000156c    00000006     http.obj (.data)
                  20001572    00000002     --HOLE--
                  20001574    00000004     cc3200_certificate.obj (.data)
                  20001578    00000004     free_rtos.a : port.obj (.data)
                  2000157c    00000004     rtsv7M4_T_le_eabi.lib : errno.obj (.data)
                  20001580    00000004                           : fopen.obj (.data)
                  20001584    00000004                           : rand.obj (.data)
                  20001588    00000004                           : stkdepth_vars.obj (.data)

.TI.persistent 
*          0    20000000    00000000     UNINITIALIZED

.stack     0    20003000    00001000     UNINITIALIZED
                  20003000    00001000     --HOLE--

.intvecs   0    20004000    00000400     
                  20004000    00000400     startup_ccs.obj (.intvecs)

.text      0    20004400    00016a68     
                  20004400    00001988     orientation.obj (.text)
                  20005d88    000012c4     magnetic.obj (.text)
                  2000704c    00001258     free_rtos.a : tasks.obj (.text)
                  200082a4    000010a6     rtsv7M4_T_le_eabi.lib : _printfi.obj (.text)
                  2000934a    00000002     driverlib.a : interrupt.obj (.text:IntDefaultHandler)
                  2000934c    0000105c     network_relater_fns.obj (.text)
                  2000a3a8    00000f18     camera_app.obj (.text)
                  2000b2c0    00000b24     free_rtos.a : queue.obj (.text)
                  2000bde4    00000a6c     matrix.obj (.text)
                  2000c850    000009f8     mt9d111.obj (.text)
                  2000d248    00000974     request.obj (.text)
                  2000dbbc    0000095e     accelomtrMagntomtr_fxos8700.obj (.text)
                  2000e51a    00000002     --HOLE-- [fill = 0]
                  2000e51c    000005de     cc3200_utils.obj (.text)
                  2000eafa    00000002     --HOLE-- [fill = 0]
                  2000eafc    000004b0     installation.obj (.text)
                  2000efac    00000480     rtsv7M4_T_le_eabi.lib : pow.obj (.text)
                  2000f42c    00000470     tasks.obj (.text)
                  2000f89c    0000045c     appfile_magnmtr.obj (.text)
                  2000fcf8    0000045c     free_rtos.a : osi_freertos.obj (.text)
                  20010154    000003dc     rtsv7M4_T_le_eabi.lib : memory.obj (.text)
                  20010530    000003a6     simplelink.a : driver.obj (.text:_SlDrvMsgRead)
                  200108d6    00000002     --HOLE-- [fill = 0]
                  200108d8    0000037c     cc3200_socket.obj (.text)
                  20010c54    00000378     rtsv7M4_T_le_eabi.lib : powf.obj (.text)
                  20010fcc    0000034c     simplelink.a : driver.obj (.text:_SlAsyncEventGenericHandler)
                  20011318    00000318     simplejson.obj (.text)
                  20011630    0000030c     rtsv7M4_T_le_eabi.lib : lowlev.obj (.text)
                  2001193c    000002e4                           : xlog.obj (.text)
                  20011c20    000002d4     parse_uploads.obj (.text)
                  20011ef4    000002d4     rtsv7M4_T_le_eabi.lib : trgdrv.obj (.text)
                  200121c8    00000298                           : vla_alloc.obj (.text)
                  20012460    00000290     cc3200_client_state.obj (.text)
                  200126f0    00000230     approximations.obj (.text)
                  20012920    000001fc     rtsv7M4_T_le_eabi.lib : xexp.obj (.text)
                  20012b1c    000001f4                           : ull_div_t2.obj (.text)
                  20012d10    000001e4     main.obj (.text)
                  20012ef4    000001c4     rtsv7M4_T_le_eabi.lib : fopen.obj (.text)
                  200130b8    000001bc                           : xflog.obj (.text)
                  20013274    000001b8     uartA1_if.obj (.text)
                  2001342c    000001b6     rtsv7M4_T_le_eabi.lib : fd_add_t2.obj (.text)
                  200135e2    00000002     --HOLE-- [fill = 0]
                  200135e4    000001ac     cc3200_certificate.obj (.text)
                  20013790    000001ac     flash_files.obj (.text)
                  2001393c    0000019c     rtsv7M4_T_le_eabi.lib : xfsin.obj (.text)
                  20013ad8    0000019c     simplelink.a : wlan.obj (.text:sl_WlanConnect)
                  20013c74    00000194     udma_if.obj (.text)
                  20013e08    0000018c     i2c_if.obj (.text)
                  20013f94    00000188     rtsv7M4_T_le_eabi.lib : xlatan.obj (.text)
                  2001411c    00000180     drivers.obj (.text)
                  2001429c    00000178     rtsv7M4_T_le_eabi.lib : tanf.obj (.text)
                  20014414    00000178                           : xfexp.obj (.text)
                  2001458c    00000174     fusion.obj (.text)
                  20014700    00000170     i2cconfig.obj (.text)
                  20014870    00000168     rtsv7M4_T_le_eabi.lib : atan2l.obj (.text)
                  200149d8    00000164     simplelink.a : driver.obj (.text:_SlDrvDataReadOp)
                  20014b3c    00000150     http.obj (.text)
                  20014c8c    00000140     simplelink.a : driver.obj (.text:_SlDrvRxHdrRead)
                  20014dcc    00000140     rtsv7M4_T_le_eabi.lib : sqrt.obj (.text)
                  20014f0c    0000013c                           : fmodf.obj (.text)
                  20015048    00000136                           : fd_div_t2.obj (.text)
                  2001517e    00000002     --HOLE-- [fill = 0]
                  20015180    00000134     driverlib.a : prcm.obj (.text:PRCMCC3200MCUInit)
                  200152b4    00000134     rtsv7M4_T_le_eabi.lib : fputs.obj (.text)
                  200153e8    00000130     simplelink.a : cc_pal.obj (.text:spi_Open)
                  20015518    0000012c                  : driver.obj (.text:_SlDrvDataWriteOp)
                  20015644    0000012a     free_rtos.a : list.obj (.text)
                  2001576e    00000002     --HOLE-- [fill = 0]
                  20015770    00000124     collect_and_txit.obj (.text)
                  20015894    00000114     simplelink.a : driver.obj (.text:_SlDrvMsgWrite)
                  200159a8    00000114     hibernate_related_fns.obj (.text)
                  20015abc    00000114     lightSens_isl29035.obj (.text)
                  20015bd0    00000110     free_rtos.a : port.obj (.text)
                  20015ce0    00000110     i2c_app.obj (.text)
                  20015df0    00000110     rtsv7M4_T_le_eabi.lib : xdscale.obj (.text)
                  20015f00    0000010c     simplelink.a : driver.obj (.text:_SlDrvWaitForPoolObj)
                  2001600c    00000108                  : socket.obj (.text:sl_Select)
                  20016114    00000104                  : driver.obj (.text:_SlDrvReleasePoolObj)
                  20016218    000000fe     parse_impl.obj (.text)
                  20016316    000000fc     rtsv7M4_T_le_eabi.lib : fd_mul_t2.obj (.text)
                  20016412    000000fa                           : fs_add_t2.obj (.text)
                  2001650c    000000f0     driverlib.a : udma.obj (.text:uDMAChannelTransferSet)
                  200165fc    000000e8     pinmux.obj (.text)
                  200166e4    000000e8     simplelink.a : socket.obj (.text:sl_Connect)
                  200167cc    000000e8                  : cc_pal.obj (.text:spi_Write)
                  200168b4    000000dc     rtsv7M4_T_le_eabi.lib : setvbuf.obj (.text)
                  20016990    000000d8                           : xfatan.obj (.text)
                  20016a68    000000d8     simplelink.a : netapp.obj (.text:sl_NetAppDnsGetHostByName)
                  20016b40    000000d0     rtsv7M4_T_le_eabi.lib : xfdscale.obj (.text)
                  20016c10    000000cc                           : sqrtf.obj (.text)
                  20016cdc    000000cc     simplelink.a : cc_pal.obj (.text:spi_Read)
                  20016da8    000000c8     app_common.obj (.text)
                  20016e70    000000c8     rtsv7M4_T_le_eabi.lib : fflush.obj (.text)
                  20016f38    000000c4     simplelink.a : device.obj (.text:sl_Stop)
                  20016ffc    000000c0     rtsv7M4_T_le_eabi.lib : asinf.obj (.text)
                  200170bc    000000c0                           : xdint.obj (.text)
                  2001717c    000000c0     simplelink.a : device.obj (.text:sl_Start)
                  2001723c    000000be     rtsv7M4_T_le_eabi.lib : xdnorm.obj (.text)
                  200172fa    00000002     --HOLE-- [fill = 0]
                  200172fc    000000bc                           : acosf.obj (.text)
                  200173b8    000000ba     free_rtos.a : portasm.obj (.text)
                  20017472    00000002     --HOLE-- [fill = 0]
                  20017474    000000b4     simplelink.a : driver.obj (.text:_SlDrvMsgReadCmdCtx)
                  20017528    000000b2                  : netapp.obj (.text:_SlDrvNetAppEventHandler)
                  200175da    00000002     --HOLE-- [fill = 0]
                  200175dc    000000b0                  : socket.obj (.text:sl_Send)
                  2001768c    000000ac     rtsv7M4_T_le_eabi.lib : _io_perm.obj (.text)
                  20017738    000000a8     driverlib.a : interrupt.obj (.text:IntDisable)
                  200177e0    000000a8                 : interrupt.obj (.text:IntEnable)
                  20017888    000000a0                 : spi.obj (.text:SPIConfigSetExpClk)
                  20017928    0000009c     rtsv7M4_T_le_eabi.lib : memcpy_t2.obj (.text)
                  200179c4    00000098     simplelink.a : driver.obj (.text:_SlFindAndSetActiveObj)
                  20017a5c    00000098     rtsv7M4_T_le_eabi.lib : fclose.obj (.text)
                  20017af4    00000098                           : fputc.obj (.text)
                  20017b8c    00000094     driverlib.a : prcm.obj (.text:PRCMPeripheralClockGet)
                  20017c20    00000094     simplelink.a : driver.obj (.text:_SlDrvClassifyRxMsg)
                  20017cb4    00000094     rtsv7M4_T_le_eabi.lib : snprintf.obj (.text)
                  20017d48    00000092                           : fs_div_t2.obj (.text)
                  20017dda    00000002     --HOLE-- [fill = 0]
                  20017ddc    00000090     simplelink.a : driver.obj (.text:_SlDrvMsgReadSpawnCtx)
                  20017e6c    0000008c     rtsv7M4_T_le_eabi.lib : xfdint.obj (.text)
                  20017ef8    0000008c     simplelink.a : fs.obj (.text:sl_FsRead)
                  20017f84    0000008c                  : fs.obj (.text:sl_FsWrite)
                  20018010    00000088     driverlib.a : prcm.obj (.text:PRCMHibernateIntervalSet)
                  20018098    00000088                 : pin.obj (.text:PinConfigSet)
                  20018120    00000088     rtsv7M4_T_le_eabi.lib : vsnprintf.obj (.text)
                  200181a8    00000088     simplelink.a : netapp.obj (.text:sl_NetAppMDNSRegisterUnregisterService)
                  20018230    00000086     rtsv7M4_T_le_eabi.lib : fd_cmp_t2.obj (.text:__aeabi_cdcmple)
                  200182b6    00000086                           : fd_cmp_t2.obj (.text:__aeabi_cdrcmple)
                  2001833c    00000084     driverlib.a : i2c.obj (.text:I2CMasterInitExpClk)
                  200183c0    00000084     simplelink.a : driver.obj (.text:_SlDrvCmdOp)
                  20018444    00000080                  : cc_pal.obj (.text:NwpPowerOnPreamble)
                  200184c4    00000080     cc3200_debug.obj (.text)
                  20018544    0000007c     simplelink.a : driver.obj (.text:_SlDrvDriverCBInit)
                  200185c0    0000007c                  : netapp.obj (.text:_sl_HandleAsync_DnsGetHostByName)
                  2001863c    0000007c                  : device.obj (.text:sl_DevGet)
                  200186b8    0000007c                  : fs.obj (.text:sl_FsClose)
                  20018734    0000007a     rtsv7M4_T_le_eabi.lib : fs_mul_t2.obj (.text)
                  200187ae    0000007a                           : memset_t2.obj (.text)
                  20018828    0000007a                           : xfdnorm.obj (.text)
                  200188a2    00000002     --HOLE-- [fill = 0]
                  200188a4    00000078     simplelink.a : cc_pal.obj (.text:SetupDMAReceive)
                  2001891c    00000076     driverlib.a : uart.obj (.text:UARTConfigSetExpClk)
                  20018992    00000002     --HOLE-- [fill = 0]
                  20018994    00000074     simplelink.a : device.obj (.text:_sl_HandleAsync_InitComplete)
                  20018a08    00000074                  : wlan.obj (.text:sl_WlanGet)
                  20018a7c    00000074                  : cc_pal.obj (.text:spi_Close)
                  20018af0    00000070                  : netapp.obj (.text:_sl_HandleAsync_PingResponse)
                  20018b60    0000006e                  : socket.obj (.text:_sl_TruncatePayloadByProtocol)
                  20018bce    00000002     --HOLE-- [fill = 0]
                  20018bd0    0000006c     rtsv7M4_T_le_eabi.lib : autoinit.obj (.text)
                  20018c3c    0000006c                           : fprintf.obj (.text)
                  20018ca8    0000006a                           : copy_decompress_rle.obj (.text)
                  20018d12    00000002     --HOLE-- [fill = 0]
                  20018d14    00000068     driverlib.a : prcm.obj (.text:PRCMHibernateWakeUpGPIOSelect)
                  20018d7c    00000068     simplelink.a : socket.obj (.text:_sl_HandleAsync_Connect)
                  20018de4    00000068                  : netapp.obj (.text:_sl_HandleAsync_DnsGetHostByService)
                  20018e4c    00000068     rtsv7M4_T_le_eabi.lib : trgmsg.obj (.text)
                  20018eb4    00000068     simplelink.a : fs.obj (.text:sl_FsGetInfo)
                  20018f1c    00000066     rtsv7M4_T_le_eabi.lib : xdunscal.obj (.text)
                  20018f82    00000002     --HOLE-- [fill = 0]
                  20018f84    00000064     simplelink.a : fs.obj (.text:_sl_GetCreateFsMode)
                  20018fe8    00000064                  : socket.obj (.text:_sl_HandleAsync_Accept)
                  2001904c    00000064     rtsv7M4_T_le_eabi.lib : fseek.obj (.text)
                  200190b0    00000064     driverlib.a : udma.obj (.text:uDMAChannelAttributeDisable)
                  20019114    00000064                 : udma.obj (.text:uDMAChannelAttributeEnable)
                  20019178    00000060     rtsv7M4_T_le_eabi.lib : fs_cmp_t2.obj (.text:__aeabi_cfcmple)
                  200191d8    00000060                           : fs_cmp_t2.obj (.text:__aeabi_cfrcmple)
                  20019238    00000060                           : sprintf.obj (.text)
                  20019298    00000058     driverlib.a : interrupt.obj (.text:IntPendClear)
                  200192f0    00000058                 : prcm.obj (.text:PRCMPeripheralReset)
                  20019348    00000058     simplelink.a : driver.obj (.text:_SlDrvDriverCBDeinit)
                  200193a0    00000058                  : socket.obj (.text:_sl_HandleAsync_Select)
                  200193f8    00000058     main_FXOS8700.obj (.text)
                  20019450    00000056     rtsv7M4_T_le_eabi.lib : ltoa.obj (.text)
                  200194a6    00000056                           : xfdunsca.obj (.text)
                  200194fc    00000054     driverlib.a : interrupt.obj (.text:IntPrioritySet)
                  20019550    00000054     simplelink.a : device.obj (.text:_sl_HandleAsync_Stop)
                  200195a4    00000054                  : fs.obj (.text:sl_FsOpen)
                  200195f8    00000054                  : netapp.obj (.text:sl_NetAppSendTokenValue)
                  2001964c    00000050     rtsv7M4_T_le_eabi.lib : fs_toull_t2.obj (.text)
                  2001969c    0000004c     driverlib.a : spi.obj (.text:SPIIntEnable)
                  200196e8    0000004c     rtsv7M4_T_le_eabi.lib : atoi.obj (.text)
                  20019734    0000004c                           : cpy_tbl.obj (.text)
                  20019780    0000004c                           : rand.obj (.text)
                  200197cc    0000004c     simplelink.a : socket.obj (.text:sl_SetSockOpt)
                  20019818    0000004c     driverlib.a : udma.obj (.text:uDMAChannelAssign)
                  20019864    0000004a     simplelink.a : device.obj (.text:_sl_GetStartResponseConvert)
                  200198ae    0000004a     rtsv7M4_T_le_eabi.lib : fd_tos_t2.obj (.text)
                  200198f8    00000048     driverlib.a : prcm.obj (.text:PRCMHibernateWakeupSourceDisable)
                  20019940    00000048                 : prcm.obj (.text:PRCMHibernateWakeupSourceEnable)
                  20019988    00000048                 : spi.obj (.text:SPIIntClear)
                  200199d0    00000048     rtsv7M4_T_le_eabi.lib : fd_toi_t2.obj (.text)
                  20019a18    00000048     simplelink.a : device.obj (.text:sl_DevSet)
                  20019a60    00000048                  : fs.obj (.text:sl_FsDel)
                  20019aa8    00000048                  : wlan.obj (.text:sl_WlanSet)
                  20019af0    00000046     rtsv7M4_T_le_eabi.lib : ldexp.obj (.text)
                  20019b36    00000002     --HOLE-- [fill = 0]
                  20019b38    00000044     driverlib.a : spi.obj (.text:SPIDmaMaskGet)
                  20019b7c    00000044     rtsv7M4_T_le_eabi.lib : exit.obj (.text)
                  20019bc0    00000044                           : fd_tou_t2.obj (.text)
                  20019c04    00000044     simplelink.a : netcfg.obj (.text:sl_NetCfgSet)
                  20019c48    00000044                  : socket.obj (.text:sl_Recv)
                  20019c8c    00000040     driverlib.a : pin.obj (.text:PinModeSet)
                  20019ccc    00000040     simplelink.a : driver.obj (.text:_SlDrvRxIrqHandler)
                  20019d0c    00000040                  : driver.obj (.text:_SlRemoveFromList)
                  20019d4c    00000040     rtsv7M4_T_le_eabi.lib : signal.obj (.text)
                  20019d8c    00000040     simplelink.a : wlan.obj (.text:sl_WlanPolicySet)
                  20019dcc    00000040                  : wlan.obj (.text:sl_WlanRxFilterSet)
                  20019e0c    0000003e     rtsv7M4_T_le_eabi.lib : strncasecmp.obj (.text)
                  20019e4a    00000002     --HOLE-- [fill = 0]
                  20019e4c    0000003c     simplelink.a : cc_pal.obj (.text:NwpPowerOff)
                  20019e88    0000003c     driverlib.a : prcm.obj (.text:PRCMPeripheralClkEnable)
                  20019ec4    0000003c     simplelink.a : driver.obj (.text:_SlDrvObjInit)
                  20019f00    0000003c     rtsv7M4_T_le_eabi.lib : boot.obj (.text)
                  20019f3c    0000003c     driverlib.a : udma.obj (.text:uDMAChannelControlSet)
                  20019f78    0000003a                 : camera.obj (.text:CameraCaptureStop)
                  20019fb2    0000003a                 : camera.obj (.text:CameraXClkConfig)
                  20019fec    00000038     free_rtos.a : heap_3.obj (.text)
                  2001a024    00000038     rtsv7M4_T_le_eabi.lib : fs_tod_t2.obj (.text)
                  2001a05c    00000038                           : fs_toi_t2.obj (.text)
                  2001a094    00000038                           : i_tofs_t2.obj (.text)
                  2001a0cc    00000038     simplelink.a : socket.obj (.text:sl_Htonl)
                  2001a104    00000036     driverlib.a : gpio.obj (.text:GPIODirModeSet)
                  2001a13a    00000034                 : camera.obj (.text:CameraParamsConfig)
                  2001a16e    00000002     --HOLE-- [fill = 0]
                  2001a170    00000034                 : prcm.obj (.text:PRCMPeripheralStatusGet)
                  2001a1a4    00000034                 : spi.obj (.text:SPIFIFOLevelSet)
                  2001a1d8    00000034     simplelink.a : driver.obj (.text:_SlDrvBasicCmd)
                  2001a20c    00000034     rtsv7M4_T_le_eabi.lib : feraiseexcept.obj (.text)
                  2001a240    00000034                           : fs_tou_t2.obj (.text)
                  2001a274    00000034                           : strstr.obj (.text)
                  2001a2a8    00000034     simplelink.a : socket.obj (.text:sl_Htons)
                  2001a2dc    00000030                  : cc_pal.obj (.text:NwpPowerOn)
                  2001a30c    00000030     driverlib.a : pin.obj (.text:PinTypeGPIO)
                  2001a33c    00000030                 : uart.obj (.text:UARTDisable)
                  2001a36c    00000030     rtsv7M4_T_le_eabi.lib : strncpy.obj (.text)
                  2001a39c    00000030                           : xferaise.obj (.text)
                  2001a3cc    00000030     simplelink.a : socket.obj (.text:sl_Socket)
                  2001a3fc    0000002e     rtsv7M4_T_le_eabi.lib : i_tofd_t2.obj (.text)
                  2001a42a    0000002e                           : raise.obj (.text)
                  2001a458    0000002c     driverlib.a : camera.obj (.text:CameraIntEnable)
                  2001a484    0000002c     simplelink.a : cc_pal.obj (.text:DmaSpiSwIntHandler)
                  2001a4b0    0000002c     driverlib.a : i2c.obj (.text:I2CMasterErr)
                  2001a4dc    0000002c                 : prcm.obj (.text:PRCMSysResetCauseGet)
                  2001a508    0000002c     simplelink.a : flowcont.obj (.text:_SlDrvFlowContDeinit)
                  2001a534    0000002c                  : flowcont.obj (.text:_SlDrvFlowContInit)
                  2001a560    0000002a     rtsv7M4_T_le_eabi.lib : xdclass.obj (.text)
                  2001a58a    00000002     --HOLE-- [fill = 0]
                  2001a58c    00000028     driverlib.a : camera.obj (.text:CameraIntStatus)
                  2001a5b4    00000028                 : prcm.obj (.text:PRCMPeripheralClkDisable)
                  2001a5dc    00000028     simplelink.a : socket.obj (.text:_sl_BuildAddress)
                  2001a604    00000028     rtsv7M4_T_le_eabi.lib : strncat.obj (.text)
                  2001a62c    00000028     simplelink.a : wlan.obj (.text:sl_WlanSetMode)
                  2001a654    00000026     driverlib.a : camera.obj (.text:CameraThresholdSet)
                  2001a67a    00000026     rtsv7M4_T_le_eabi.lib : strncmp.obj (.text)
                  2001a6a0    00000024     driverlib.a : camera.obj (.text:CameraIntClear)
                  2001a6c4    00000024                 : interrupt.obj (.text:IntUnregister)
                  2001a6e8    00000024                 : uart.obj (.text:UARTEnable)
                  2001a70c    00000024     rtsv7M4_T_le_eabi.lib : memmov.obj (.text)
                  2001a730    00000024                           : u_tofs_t2.obj (.text)
                  2001a754    00000024     simplelink.a : socket.obj (.text:sl_Close)
                  2001a778    00000024                  : netapp.obj (.text:sl_NetAppStart)
                  2001a79c    00000024                  : netapp.obj (.text:sl_NetAppStop)
                  2001a7c0    00000024                  : wlan.obj (.text:sl_WlanProfileDel)
                  2001a7e4    00000022     driverlib.a : camera.obj (.text:CameraCaptureStart)
                  2001a806    00000022                 : i2c.obj (.text:I2CMasterSlaveAddrSet)
                  2001a828    00000022     simplelink.a : cc_pal.obj (.text:NwpRegisterInterruptHandler)
                  2001a84a    00000022     driverlib.a : spi.obj (.text:SPIReset)
                  2001a86c    00000022                 : spi.obj (.text:SPIWordCountSet)
                  2001a88e    00000022     rtsv7M4_T_le_eabi.lib : frexp.obj (.text)
                  2001a8b0    00000022                           : memcmp.obj (.text)
                  2001a8d2    00000020     driverlib.a : gpio.obj (.text:GPIOPinWrite)
                  2001a8f2    00000002     --HOLE-- [fill = 0]
                  2001a8f4    00000020                 : interrupt.obj (.text:IntRegister)
                  2001a914    00000020     simplelink.a : driver.obj (.text:_SlDrvCmdSend)
                  2001a934    00000020     rtsv7M4_T_le_eabi.lib : memchr.obj (.text)
                  2001a954    0000001e     driverlib.a : i2c.obj (.text:I2CMasterIntStatusEx)
                  2001a972    0000001e                 : uart.obj (.text:UARTCharPut)
                  2001a990    0000001c                 : pin.obj (.text:PinTypeI2C)
                  2001a9ac    0000001c     simplelink.a : driver.obj (.text:_SlDrvObjDeInit)
                  2001a9c8    0000001c     rtsv7M4_T_le_eabi.lib : memccpy.obj (.text)
                  2001a9e4    0000001c     driverlib.a : udma.obj (.text:uDMAChannelDisable)
                  2001aa00    0000001c                 : udma.obj (.text:uDMAChannelEnable)
                  2001aa1c    0000001a     simplelink.a : netapp.obj (.text:CopyPingResultsToReport)
                  2001aa36    0000001a     driverlib.a : pin.obj (.text:PinTypeCamera)
                  2001aa50    0000001a                 : pin.obj (.text:PinTypeUART)
                  2001aa6a    0000001a                 : spi.obj (.text:SPIDmaDisable)
                  2001aa84    0000001a                 : spi.obj (.text:SPIDmaEnable)
                  2001aa9e    0000001a                 : spi.obj (.text:SPIFIFODisable)
                  2001aab8    0000001a                 : spi.obj (.text:SPIFIFOEnable)
                  2001aad2    0000001a     simplelink.a : device.obj (.text:_SlDrvDeviceEventHandler)
                  2001aaec    00000018     driverlib.a : camera.obj (.text:CameraReset)
                  2001ab04    00000018                 : gpio.obj (.text:GPIOPinRead)
                  2001ab1c    00000018                 : prcm.obj (.text:PRCMHibernateEnter)
                  2001ab34    00000018                 : spi.obj (.text:SPICSDisable)
                  2001ab4c    00000018                 : spi.obj (.text:SPICSEnable)
                  2001ab64    00000018                 : spi.obj (.text:SPIDisable)
                  2001ab7c    00000018                 : spi.obj (.text:SPIEnable)
                  2001ab94    00000018     rtsv7M4_T_le_eabi.lib : args_main.obj (.text)
                  2001abac    00000018                           : strcmp.obj (.text)
                  2001abc4    00000016     driverlib.a : camera.obj (.text:CameraDMAEnable)
                  2001abda    00000016                 : camera.obj (.text:CameraIntRegister)
                  2001abf0    00000016                 : i2c.obj (.text:I2CMasterDataPut)
                  2001ac06    00000016                 : i2c.obj (.text:I2CMasterEnable)
                  2001ac1c    00000016                 : prcm.obj (.text:PRCMHIBRegRead)
                  2001ac32    00000016                 : prcm.obj (.text:PRCMHIBRegWrite)
                  2001ac48    00000016                 : uart.obj (.text:UARTCharGet)
                  2001ac5e    00000016     simplelink.a : fs.obj (.text:_sl_Strlen)
                  2001ac74    00000016     rtsv7M4_T_le_eabi.lib : strchr.obj (.text)
                  2001ac8a    00000016     driverlib.a : udma.obj (.text:uDMAIntRegister)
                  2001aca0    00000014                 : cpu.obj (.text:CPUcpsie)
                  2001acb4    00000014                 : interrupt.obj (.text:IntVTableBaseSet)
                  2001acc8    00000014     simplelink.a : driver.obj (.text:_SlDrvShiftDWord)
                  2001acdc    00000014     rtsv7M4_T_le_eabi.lib : _lock.obj (.text)
                  2001acf0    00000014                           : strcpy.obj (.text)
                  2001ad04    00000014                           : strlen.obj (.text)
                  2001ad18    00000014     driverlib.a : udma.obj (.text:uDMAControlBaseSet)
                  2001ad2c    00000014                 : udma.obj (.text:uDMAIntClear)
                  2001ad40    00000012                 : i2c.obj (.text:I2CMasterControl)
                  2001ad52    00000012                 : i2c.obj (.text:I2CMasterIntClearEx)
                  2001ad64    00000012                 : i2c.obj (.text:I2CMasterTimeoutSet)
                  2001ad76    00000012     simplelink.a : netapp.obj (.text:sl_NetAppMDNSUnRegisterService)
                  2001ad88    00000012     driverlib.a : udma.obj (.text:uDMAIntUnregister)
                  2001ad9a    00000002     --HOLE-- [fill = 0]
                  2001ad9c    00000010     simplelink.a : cc_pal.obj (.text:NwpMaskInterrupt)
                  2001adac    00000010                  : socket.obj (.text:SL_FD_SET)
                  2001adbc    0000000e     driverlib.a : i2c.obj (.text:I2CMasterDataGet)
                  2001adca    0000000e     rtsv7M4_T_le_eabi.lib : copy_decompress_none.obj (.text:decompress:none)
                  2001add8    0000000e     startup_ccs.obj (.text)
                  2001ade6    00000002     --HOLE-- [fill = 0]
                  2001ade8    0000000c     simplelink.a : cc_pal.obj (.text:NwpUnMaskInterrupt)
                  2001adf4    0000000c     rtsv7M4_T_le_eabi.lib : copy_zero_init.obj (.text:decompress:ZI)
                  2001ae00    0000000c     driverlib.a : udma.obj (.text:uDMADisable)
                  2001ae0c    0000000c                 : udma.obj (.text:uDMAEnable)
                  2001ae18    0000000c                 : udma.obj (.text:uDMAIntStatus)
                  2001ae24    0000000a                 : interrupt.obj (.text:IntMasterEnable)
                  2001ae2e    00000008     simplelink.a : wlan.obj (.text:sl_WlanDisconnect)
                  2001ae36    00000006     i2cconfig.obj (.text:MT9D111Delay)
                  2001ae3c    00000006     simplelink.a : socket.obj (.text:SL_FD_ZERO)
                  2001ae42    00000006     driverlib.a : utils.obj (.text:UtilsDelay)
                  2001ae48    00000006     rtsv7M4_T_le_eabi.lib : copy_decompress_rle.obj (.text:decompress:rle24)
                  2001ae4e    00000006                           : log.obj (.text)
                  2001ae54    00000006                           : logf.obj (.text)
                  2001ae5a    00000006                           : sinf.obj (.text)
                  2001ae60    00000004                           : error.obj (.text)
                  2001ae64    00000004                           : pre_init.obj (.text)

.const     0    2001ae68    00000e64     
                  2001ae68    0000013c     mt9d111.obj (.const:init_cmds_list)
                  2001afa4    00000101     rtsv7M4_T_le_eabi.lib : ctype.obj (.const:.string:_ctypes_)
                  2001b0a5    00000003     --HOLE-- [fill = 0]
                  2001b0a8    00000100     driverlib.a : pin.obj (.const:g_ulPinToPadMap)
                  2001b1a8    000000ec     simplelink.a : wlan.obj (.const)
                  2001b294    000000d4     driverlib.a : interrupt.obj (.const:g_pulRegs)
                  2001b368    000000c8     mt9d111.obj (.const)
                  2001b430    000000c4     mt9d111.obj (.const:capture_cmds_list)
                  2001b4f4    000000a8     driverlib.a : prcm.obj (.const:PRCM_PeriphRegsList)
                  2001b59c    00000004     --HOLE-- [fill = 0]
                  2001b5a0    00000088     rtsv7M4_T_le_eabi.lib : xlatan.obj (.const)
                  2001b628    00000080     driverlib.a : interrupt.obj (.const)
                  2001b6a8    0000005d     mt9d111.obj (.const:.string)
                  2001b705    00000053     network_relater_fns.obj (.const:.string)
                  2001b758    00000050     mt9d111.obj (.const:$P$T24$25)
                  2001b7a8    0000004c     mt9d111.obj (.const:$P$T5$6)
                  2001b7f4    0000004c     simplelink.a : driver.obj (.const)
                  2001b840    0000004a     camera_app.obj (.const:.string)
                  2001b88a    00000005     main.obj (.const:.string)
                  2001b88f    00000001     --HOLE-- [fill = 0]
                  2001b890    00000048     rtsv7M4_T_le_eabi.lib : xexp.obj (.const)
                  2001b8d8    00000038                           : xlog.obj (.const:p)
                  2001b910    00000038                           : xflog.obj (.const)
                  2001b948    00000038     simplelink.a : fs.obj (.const)
                  2001b980    00000036     flash_files.obj (.const:.string)
                  2001b9b6    00000002     --HOLE-- [fill = 0]
                  2001b9b8    00000034     rtsv7M4_T_le_eabi.lib : xfatan.obj (.const)
                  2001b9ec    00000034     simplelink.a : socket.obj (.const)
                  2001ba20    00000030     rtsv7M4_T_le_eabi.lib : xdint.obj (.const)
                  2001ba50    0000002c     cc3200_utils.obj (.const:$P$T0$1)
                  2001ba7c    0000002c     network_relater_fns.obj (.const:$P$T1$2)
                  2001baa8    0000002b     parse_uploads.obj (.const:.string)
                  2001bad3    0000002a     appfile_magnmtr.obj (.const:.string)
                  2001bafd    00000003     --HOLE-- [fill = 0]
                  2001bb00    00000028     rtsv7M4_T_le_eabi.lib : xfdint.obj (.const)
                  2001bb28    00000028                           : xfsin.obj (.const)
                  2001bb50    00000028     simplelink.a : netapp.obj (.const)
                  2001bb78    00000025     camera_app.obj (.const:.string:$P$T1$2)
                  2001bb9d    00000023     mt9d111.obj (.const:.string:$P$T1$2)
                  2001bbc0    00000022     network_relater_fns.obj (.const:.string:$P$T0$1)
                  2001bbe2    00000002     --HOLE-- [fill = 0]
                  2001bbe4    00000020     network_relater_fns.obj (.const)
                  2001bc04    0000001c     rtsv7M4_T_le_eabi.lib : tanf.obj (.const)
                  2001bc20    0000001c                           : xfexp.obj (.const)
                  2001bc3c    00000018     driverlib.a : spi.obj (.const)
                  2001bc54    00000017     request.obj (.const:.string)
                  2001bc6b    00000016     collect_and_txit.obj (.const:.string)
                  2001bc81    00000014     lightSens_isl29035.obj (.const:.string)
                  2001bc95    00000003     --HOLE-- [fill = 0]
                  2001bc98    00000014     simplelink.a : device.obj (.const)
                  2001bcac    0000000c     appfile_magnmtr.obj (.const)
                  2001bcb8    0000000b     app_common.obj (.const:.string)
                  2001bcc3    00000001     --HOLE-- [fill = 0]
                  2001bcc4    00000008     simplelink.a : netcfg.obj (.const)

.cinit     0    2001bcd0    00000bf0     
                  2001bcd0    00000bcb     (.cinit..data.load) [load image, compression = rle]
                  2001c89b    00000001     --HOLE-- [fill = 0]
                  2001c89c    0000000c     (__TI_handler_table)
                  2001c8a8    00000008     (.cinit..bss.load) [load image, compression = zero_init]
                  2001c8b0    00000010     (__TI_cinit_table)

.init_array 
*          0    20004000    00000000     UNINITIALIZED

.bss       0    2001d000    00015da0     UNINITIALIZED
                  2001d000    00014000     main.obj (.bss:g_image_buffer)
                  20031000    00000b58     tasks.obj (.bss:thisMagBuffer)
                  20031b58    00000418     tasks.obj (.bss:thisMagCal)
                  20031f70    00000058     tasks.obj (.bss:thisMag)
                  20031fc8    00000034     cc3200_client_state.obj (.bss:clientStateFileName)
                  20031ffc    00000004     (.common:__Errorlog)
                  20032000    00000400     udma_if.obj (.bss:gpCtlTbl)
                  20032400    00000370     main.obj (.bss:g_NetEntries)
                  20032770    00000120     rtsv7M4_T_le_eabi.lib : trgmsg.obj (.bss:__CIOBUF_)
                  20032890    00000100     udma_if.obj (.bss:gfpAppCallbackHndl)
                  20032990    000000c8     free_rtos.a : tasks.obj (.bss:pxReadyTasksLists)
                  20032a58    000000ac     tasks.obj (.bss:thisSV_6DOF_GB_BASIC)
                  20032b04    000000a0     rtsv7M4_T_le_eabi.lib : defs.obj (.bss:__TI_tmpnams)
                  20032ba4    00000050     free_rtos.a : queue.obj (.bss:xQueueRegistry)
                  20032bf4    00000034     main.obj (.bss:g_cWlanSecurityKey)
                  20032c28    00000034     tasks.obj (.bss:thisAccel)
                  20032c5c    00000024     main.obj (.bss:g_cWlanSSID)
                  20032c80    00000024     main.obj (.bss:g_ucConnectionSSID)
                  20032ca4    0000001c     rtsv7M4_T_le_eabi.lib : vla_alloc.obj (.bss)
                  20032cc0    00000014     (.common:g_flag_blockFull)
                  20032cd4    00000014     (.common:xDelayedTaskList1)
                  20032ce8    00000014     (.common:xDelayedTaskList2)
                  20032cfc    00000014     (.common:xPendingReadyList)
                  20032d10    00000014     (.common:xSuspendedTaskList)
                  20032d24    00000014     (.common:xTasksWaitingTermination)
                  20032d38    00000010     (.common:globals)
                  20032d48    00000010     (.common:mqxglobals)
                  20032d58    0000000c     (.common:g_SecParams)
                  20032d64    00000008     (.common:g_ucConnectionBSSID)
                  20032d6c    00000008     (.common:parmbuf)
                  20032d74    00000004     (.common:dataBuffer)
                  20032d78    00000004     (.common:g_block_lastFilled)
                  20032d7c    00000004     (.common:g_cWlanSecurityType)
                  20032d80    00000004     (.common:g_frame_size_in_bytes)
                  20032d84    00000004     (.common:g_header_length)
                  20032d88    00000004     (.common:g_position_in_block)
                  20032d8c    00000004     (.common:g_readHeader)
                  20032d90    00000004     (.common:g_total_dma_intrpts)
                  20032d94    00000004     (.common:pxDelayedTaskList)
                  20032d98    00000004     (.common:pxOverflowDelayedTaskList)
                  20032d9c    00000001     (.common:g_dma_txn_done)
                  20032d9d    00000001     (.common:g_flag_DataBlockFilled)
                  20032d9e    00000001     (.common:g_frame_end)
                  20032d9f    00000001     (.common:iDone)

.TI.noinit 
*          0    2001d000    00000000     UNINITIALIZED

.sysmem    0    20032da0    00004000     UNINITIALIZED
                  20032da0    00000008     rtsv7M4_T_le_eabi.lib : memory.obj (.sysmem)
                  20032da8    00003ff8     --HOLE--


LINKER GENERATED COPY TABLES

__TI_cinit_table @ 2001c8b0 records: 2, size/record: 8, table size: 16
	.data: load addr=2001bcd0, load size=00000bcb bytes, run addr=20000000, run size=0000158c bytes, compression=rle
	.bss: load addr=2001c8a8, load size=00000008 bytes, run addr=2001d000, run size=00015da0 bytes, compression=zero_init


LINKER GENERATED HANDLER TABLE

__TI_handler_table @ 2001c89c records: 3, size/record: 4, table size: 12
	index: 0, handler: __TI_decompress_rle24
	index: 1, handler: __TI_decompress_none
	index: 2, handler: __TI_zero_init


GLOBAL SYMBOLS: SORTED ALPHABETICALLY BY Name 

address   name                                  
-------   ----                                  
2000ce31  AnalogGainReg_Read                    
2000f7fd  ApplyAccelHAL                         
2000f809  ApplyMagHAL                           
20019b7d  C$$EXIT                               
20018e7b  C$$IO$$                               
2000cd95  CCMRegs_Read                          
2001aca1  CPUcpsie                              
2000a93b  CamControllerInit                     
2001a7e5  CameraCaptureStart                    
20019f79  CameraCaptureStop                     
2001abc5  CameraDMAEnable                       
2001a6a1  CameraIntClear                        
2001a459  CameraIntEnable                       
2001abdb  CameraIntRegister                     
2001a58d  CameraIntStatus                       
2001a13b  CameraParamsConfig                    
2001aaed  CameraReset                           
2000c851  CameraSensorInit                      
2000c859  CameraSensorInit_SettingsFromFlash    
2001a655  CameraThresholdSet                    
20019fb3  CameraXClkConfig                      
2000a3cf  CaptureAndStore_Image                 
2000a659  CaptureinRAM_StoreAfterCapture_Image  
200132ad  ClearTerm                             
20015771  CollectTxit_ImgTempRH                 
2000f89d  Collect_InitMangReadings              
20012d63  Config_And_Start_CameraCapture        
20009621  ConfigureMode                         
2000937d  ConfigureSimpleLinkToDefaultState     
2000967d  ConnectToNetwork                      
200097dd  ConnectToNetwork_2                    
200098a1  ConnectToNetwork_STA                  
2000987d  ConnectToNetwork_STA_2                
20011ccd  ConstructDeviceStateObject            
2001aa1d  CopyPingResultsToReport               
20013791  CreateFile_Flash                      
20001324  DMAMsgQ                               
20013dbd  DMASetupTransfer                      
20001574  DigiCertHighAssuranceEVRootCA_der_len 
2000cdc5  DigitalGainRegs_Read                  
20013c87  DmaErrorIntHandler                    
2001a485  DmaSpiSwIntHandler                    
20013c75  DmaSwIntHandler                       
2000d0f9  EnterStandby_mt9d111                  
200132b3  Error                                 
2000d171  ExitStandby_mt9d111                   
2000e1b1  FXOS8700CQ_Init                       
2000e295  FXOS8700CQ_Mag_Calibration            
2001411d  FXOS8700_Init                         
2001419f  FXOS8700_ReadData                     
2000f44b  Fusion_Init                           
2000f57d  Fusion_Run                            
2001a105  GPIODirModeSet                        
2001ab05  GPIOPinRead                           
2001a8d3  GPIOPinWrite                          
200132e7  GetCmd                                
200159a9  HIBernate                             
20012181  HOSTclock                             
20012149  HOSTclose                             
2001210b  HOSTgetenv                            
200120af  HOSTlseek                             
2001205d  HOSTopen                              
20012011  HOSTread                              
20011fb3  HOSTrename                            
20011f79  HOSTtime                              
20011f41  HOSTunlink                            
20011ef5  HOSTwrite                             
2001471f  I2CBufferRead                         
200147c7  I2CBufferWrite                        
20014701  I2CInit                               
2001ad41  I2CMasterControl                      
2001adbd  I2CMasterDataGet                      
2001abf1  I2CMasterDataPut                      
2001ac07  I2CMasterEnable                       
2001a4b1  I2CMasterErr                          
2001833d  I2CMasterInitExpClk                   
2001ad53  I2CMasterIntClearEx                   
2001a955  I2CMasterIntStatusEx                  
2001a807  I2CMasterSlaveAddrSet                 
2001ad65  I2CMasterTimeoutSet                   
20013f7f  I2C_IF_Close                          
20013f55  I2C_IF_Open                           
20013ecd  I2C_IF_Read                           
20013f35  I2C_IF_ReadFrom                       
20013e6b  I2C_IF_Write                          
20013275  InitTerm                              
20011c21  InitialiseParse                       
2000934d  InitializeAppVariables                
20017739  IntDisable                            
200177e1  IntEnable                             
2001ae25  IntMasterEnable                       
20019299  IntPendClear                          
200194fd  IntPrioritySet                        
2001a8f5  IntRegister                           
2001a6c5  IntUnregister                         
2001acb5  IntVTableBaseSet                      
2000cea7  JPEGDataLength_read                   
20000000  JPEG_StdHuffmanTbl                    
2000137c  JPEG_StdQuantTblC                     
200013bc  JPEG_StdQuantTblY                     
2000cd6d  JpegConfigReg_Read                    
20016df3  LED_Blink                             
2001ae37  MT9D111Delay                          
2000f705  MagCal_Run                            
20012d19  Main_Task                             
20013293  Message                               
2001ad9d  NwpMaskInterrupt                      
20019e4d  NwpPowerOff                           
2001a2dd  NwpPowerOn                            
20018445  NwpPowerOnPreamble                    
2001a829  NwpRegisterInterruptHandler           
2001ade9  NwpUnMaskInterrupt                    
2000ce69  PCLK_Rate_read                        
20015181  PRCMCC3200MCUInit                     
2001ac1d  PRCMHIBRegRead                        
2001ac33  PRCMHIBRegWrite                       
2001ab1d  PRCMHibernateEnter                    
20018011  PRCMHibernateIntervalSet              
20018d15  PRCMHibernateWakeUpGPIOSelect         
200198f9  PRCMHibernateWakeupSourceDisable      
20019941  PRCMHibernateWakeupSourceEnable       
2001a5b5  PRCMPeripheralClkDisable              
20019e89  PRCMPeripheralClkEnable               
20017b8d  PRCMPeripheralClockGet                
200192f1  PRCMPeripheralReset                   
2001a171  PRCMPeripheralStatusGet               
2001a4dd  PRCMSysResetCauseGet                  
20018099  PinConfigSet                          
20019c8d  PinModeSet                            
200165fd  PinMuxConfig                          
2001aa37  PinTypeCamera                         
2001a30d  PinTypeGPIO                           
2001a991  PinTypeI2C                            
2001aa51  PinTypeUART                           
2000f42d  RdSensData_Init                       
2000f465  RdSensData_Run                        
2000cbb5  ReadAllAEnAWBRegs                     
20013887  ReadFile_FromFlash                    
2000cf1f  ReadMCUBootModeReg                    
2000cb51  RegStatusRead                         
20013391  Report                                
2001add9  ResetISR                              
2000cef1  ResetImageSensorMCU                   
UNDEFED   SHT$$INIT_ARRAY$$Base                 
UNDEFED   SHT$$INIT_ARRAY$$Limit                
2001adad  SL_FD_SET                             
2001ae3d  SL_FD_ZERO                            
2001ab35  SPICSDisable                          
2001ab4d  SPICSEnable                           
20017889  SPIConfigSetExpClk                    
2001ab65  SPIDisable                            
2001aa6b  SPIDmaDisable                         
2001aa85  SPIDmaEnable                          
2001ab7d  SPIEnable                             
2001aa9f  SPIFIFODisable                        
2001aab9  SPIFIFOEnable                         
2001a1a5  SPIFIFOLevelSet                       
20019989  SPIIntClear                           
2001969d  SPIIntEnable                          
2001a84b  SPIReset                              
2001a86d  SPIWordCountSet                       
200014d8  SecurityParams                        
20013d05  SetupTransfer                         
2000cdf9  ShutterRegs_Read                      
2000a0a5  SimpleLinkHttpServerCallback          
20009c15  SimpleLinkNetAppEventHandler          
20009fa5  SimpleLinkSockEventHandler            
20009ae9  SimpleLinkWlanEventHandler            
2000cf39  SoftReset_ImageSensor                 
2000a3a9  Standby_ImageSensor                   
2000c881  StartCapture_SettingsFromFlash        
2000c9a5  StartSensorInJpegMode                 
20013347  TrimSpace                             
2001ac49  UARTCharGet                           
2001a973  UARTCharPut                           
2001891d  UARTConfigSetExpClk                   
2001a33d  UARTDisable                           
2001a6e9  UARTEnable                            
20013cdd  UDMAChannelSelect                     
20013da9  UDMADeInit                            
20013c93  UDMAInit                              
20013d3b  UDMASetupAutoMemTransfer              
20013d5f  UDMASetupPingPongTransfer             
2001a9e5  UDMAStopTransfer                      
20011c37  UploadImageToParse                    
20011c6d  UploadSensorDataToParse               
2001ae43  UtilsDelay                            
2000ffc1  VDeleteSimpleLinkSpawnTask            
2000ff71  VStartSimpleLinkSpawnTask             
2000cf91  Variable_Read                         
2000cf61  Verify_ImageSensor                    
2000f995  WaitFor40Degrees                      
2000a3c3  Wakeup_ImageSensor                    
2000cb77  WriteAllAEnAWBRegs                    
2000c8af  WriteConfigRegFile_toFlash            
2000c979  WriteConfigRegFilefromUser_toFlash    
200137e5  WriteFile_ToFlash                     
2001a561  _Dclass                               
200011c0  _Denorm                               
200170bd  _Dint                                 
2001723d  _Dnorm                                
20015df1  _Dscale                               
20018f1d  _Dunscale                             
200011d0  _Eps                                  
2000157c  _Errno                                
20012921  _Exp                                  
20016991  _FAtan                                
200012b0  _FDenorm                              
20017e6d  _FDint                                
20018829  _FDnorm                               
20016b41  _FDscale                              
200194a7  _FDunscale                            
200012c0  _FEps                                 
20014415  _FExp                                 
200012d0  _FInf                                 
200130b9  _FLog                                 
200012e0  _FNan                                 
20001300  _FRteps                               
2001393d  _FSin                                 
200012f0  _FSnan                                
20001310  _FXbig                                
20001314  _FZero                                
20001564  _Fenv                                 
2001a39d  _Feraise                              
200011e0  _Hugeval                              
200011f0  _Inf                                  
20013f95  _LAtan                                
20001240  _LDenorm                              
20001250  _LEps                                 
20001260  _LInf                                 
20001270  _LNan                                 
20001290  _LRteps                               
20001280  _LSnan                                
200012a0  _LXbig                                
200012a8  _LZero                                
2001193d  _Log                                  
20001200  _Nan                                  
20001220  _Rteps                                
2001ba0c  _SlAcceptCmdCtrl                      
2001b808  _SlActionLookupTable                  
20010fcd  _SlAsyncEventGenericHandler           
2001bca4  _SlDeviceGetCmdCtrl                   
2001bca8  _SlDeviceSetCmdCtrl                   
2001a1d9  _SlDrvBasicCmd                        
20017c21  _SlDrvClassifyRxMsg                   
200183c1  _SlDrvCmdOp                           
2001a915  _SlDrvCmdSend                         
200149d9  _SlDrvDataReadOp                      
20015519  _SlDrvDataWriteOp                     
2001aad3  _SlDrvDeviceEventHandler              
20019349  _SlDrvDriverCBDeinit                  
20018545  _SlDrvDriverCBInit                    
2001a509  _SlDrvFlowContDeinit                  
2001a535  _SlDrvFlowContInit                    
20010531  _SlDrvMsgRead                         
20017475  _SlDrvMsgReadCmdCtx                   
20017ddd  _SlDrvMsgReadSpawnCtx                 
20015895  _SlDrvMsgWrite                        
20017529  _SlDrvNetAppEventHandler              
2001a9ad  _SlDrvObjDeInit                       
20019ec5  _SlDrvObjInit                         
20016115  _SlDrvReleasePoolObj                  
20014c8d  _SlDrvRxHdrRead                       
20019ccd  _SlDrvRxIrqHandler                    
2001acc9  _SlDrvShiftDWord                      
20015f01  _SlDrvWaitForPoolObj                  
2001bca0  _SlEventMaskGetCmdCtrl                
2001bc9c  _SlEventMaskSetCmdCtrl                
200179c5  _SlFindAndSetActiveObj                
2001b94c  _SlFsCloseCmdCtrl                     
2001b95c  _SlFsDeleteCmdCtrl                    
2001b958  _SlFsGetInfoCmdCtrl                   
2001b948  _SlFsOpenCmdCtrl                      
2001b950  _SlFsReadCmdCtrl                      
2001b954  _SlFsWriteCmdCtrl                     
2001bb68  _SlGetHostByNameCtrl                  
2001bb64  _SlGetHostByServiceCtrl               
2001bb5c  _SlGetServiceListeCtrl                
2001ba18  _SlGetSockOptCmdCtrl                  
2001ba08  _SlListenCmdCtrl                      
2001bb74  _SlNetAppGetCmdCtrl                   
2001bb70  _SlNetAppSendTokenValueCmdCtrl        
2001bb6c  _SlNetAppSetCmdCtrl                   
2001bb54  _SlNetAppStartCtrl                    
2001bb58  _SlNetAppStopCtrl                     
2001bcc8  _SlNetCfgGetCmdCtrl                   
2001bcc4  _SlNetCfgSetCmdCtrl                   
2001b1b0  _SlPolicyGetCmdCtrl                   
2001b1ac  _SlPolicySetCmdCtrl                   
2001b1b8  _SlProfileDelCmdCtrl                  
2001b1b4  _SlProfileGetCmdCtrl                  
2001ba10  _SlRecvCmdCtrl                        
2001ba00  _SlRecvfomCmdCtrl                     
2001bb60  _SlRegisterServiceCtrl                
20019d0d  _SlRemoveFromList                     
2001b1c0  _SlRxFilterAddtCmdCtrl                
2001b1c8  _SlRxFilterGetCmdCtrl                 
2001b1c4  _SlRxFilterSetCmdCtrl                 
2001ba1c  _SlSelectCmdCtrl                      
2001ba04  _SlSendCmdCtrl                        
2001ba14  _SlSetSockOptCmdCtrl                  
2001b1cc  _SlSmartConfigStartCmdCtrl            
2001b9fc  _SlSockCloseCmdCtrl                   
2001b9f8  _SlSockSocketCmdCtrl                  
2001bc98  _SlStopCmdCtrl                        
2001b1d8  _SlWlanCfgGetCmdCtrl                  
2001b1d4  _SlWlanCfgSetCmdCtrl                  
2001b1bc  _SlWlanGetNetworkListCtrl             
2001b1d0  _SlWlanSetModeCmdCtrl                 
20001210  _Snan                                 
20001568  _Tls_setup__Fenv                      
20001230  _Xbig                                 
20001238  _Zero                                 
20032770  __CIOBUF_                             
20004000  __STACK_END                           
00001000  __STACK_SIZE                          
00004000  __SYSMEM_SIZE                         
2001c8b0  __TI_CINIT_Base                       
2001c8c0  __TI_CINIT_Limit                      
2001c89c  __TI_Handler_Table_Base               
2001c8a8  __TI_Handler_Table_Limit              
20018bd1  __TI_auto_init                        
20012fbd  __TI_cleanup                          
2000155c  __TI_cleanup_ptr                      
20017a5d  __TI_closefile                        
2001adcb  __TI_decompress_none                  
2001ae49  __TI_decompress_rle24                 
20016e71  __TI_doflush                          
20001560  __TI_dtors_ptr                        
20001524  __TI_ft_end                           
20009045  __TI_printfi                          
200176ef  __TI_rd_ok                            
20018e7f  __TI_readmsg                          
2001bcd0  __TI_static_base__                    
20032b04  __TI_tmpnams                          
20018e4d  __TI_writemsg                         
2001768d  __TI_wrt_ok                           
2001adf5  __TI_zero_init                        
2001ae61  __abort_execution                     
20018231  __aeabi_cdcmpeq                       
20018231  __aeabi_cdcmple                       
200182b7  __aeabi_cdrcmple                      
20019179  __aeabi_cfcmpeq                       
20019179  __aeabi_cfcmple                       
200191d9  __aeabi_cfrcmple                      
200198af  __aeabi_d2f                           
200199d1  __aeabi_d2iz                          
20019bc1  __aeabi_d2uiz                         
20013437  __aeabi_dadd                          
20015049  __aeabi_ddiv                          
20016317  __aeabi_dmul                          
2001342d  __aeabi_dsub                          
2001a025  __aeabi_f2d                           
2001a05d  __aeabi_f2iz                          
2001a241  __aeabi_f2uiz                         
2001964d  __aeabi_f2ulz                         
20016417  __aeabi_fadd                          
20017d49  __aeabi_fdiv                          
20018735  __aeabi_fmul                          
20016413  __aeabi_fsub                          
2001a3fd  __aeabi_i2d                           
2001a095  __aeabi_i2f                           
200187af  __aeabi_memclr                        
200187af  __aeabi_memclr4                       
200187af  __aeabi_memclr8                       
20017929  __aeabi_memcpy                        
20017929  __aeabi_memcpy4                       
20017929  __aeabi_memcpy8                       
200187b1  __aeabi_memset                        
200187b1  __aeabi_memset4                       
200187b1  __aeabi_memset8                       
20001530  __aeabi_stderr                        
20001528  __aeabi_stdin                         
2000152c  __aeabi_stdout                        
2001a731  __aeabi_ui2f                          
20012b1d  __aeabi_uldivmod                      
ffffffff  __binit__                             
ffffffff  __c_args__                            
20003000  __stack                               
200122d1  __vla_alloc                           
200121c9  __vla_dealloc                         
20012251  __vla_dealloc_eh                      
2001ab95  _args_main                            
20019f01  _c_int00                              
2001afa4  _ctypes_                              
20000f50  _ftable                               
20001554  _lock                                 
2001aceb  _nop                                  
2001ace3  _register_lock                        
2001acdd  _register_unlock                      
2001a5dd  _sl_BuildAddress                      
20018f85  _sl_GetCreateFsMode                   
20019865  _sl_GetStartResponseConvert           
20018fe9  _sl_HandleAsync_Accept                
20018d7d  _sl_HandleAsync_Connect               
200185c1  _sl_HandleAsync_DnsGetHostByName      
20018de5  _sl_HandleAsync_DnsGetHostByService   
20018995  _sl_HandleAsync_InitComplete          
20018af1  _sl_HandleAsync_PingResponse          
200193a1  _sl_HandleAsync_Select                
20019551  _sl_HandleAsync_Stop                  
2001ac5f  _sl_Strlen                            
20018b61  _sl_TruncatePayloadByProtocol         
20032da0  _sys_memory                           
2001ae65  _system_pre_init                      
20001558  _unlock                               
20019b81  abort                                 
200172fd  acosf                                 
20014bb7  addHttpRequestHeader                  
20014bdd  addHttpRequestHeaderInt               
20014b3d  addHttpRequestLine                    
20011891  add_device                            
20016ffd  asinf                                 
20014871  atan2l                                
200196e9  atoi                                  
20014b7b  beginHttpGetRequest                   
20014b6f  beginHttpRequest                      
ffffffff  binit                                 
2000d259  buildRequestHeaders                   
200104fd  calloc                                
2000e159  clearAccelMotionIntrpt                
20031fc8  clientStateFileName                   
20011841  close                                 
2000151c  cnt                                   
2000dc01  configureFXOS8700                     
20015abd  configureISL29035                     
20019735  copy_in                               
2000b045  createAndWrite_ImageHeaderFile        
2000ec39  createInstallation                    
2000e65d  createNewInstallationId               
2000b19d  create_JpegImageFile                  
20032d74  dataBuffer                            
20001520  dataBufferSize                        
200184c5  debugPrint                            
200184df  debugPrintf                           
2000cd1f  disableAE                             
2000cc95  disableAWB                            
200072dd  eTaskGetState                         
2000c09d  eigencompute                          
2000cce1  enableAE                              
2000cc51  enableAWB                             
200135e5  ensureCertificateFile                 
20019b89  exit                                  
20004697  f3DOFMagnetometerMatrixAndroid        
20004633  f3DOFMagnetometerMatrixNED            
20004697  f3DOFMagnetometerMatrixWin8           
20004401  f3DOFTiltAndroid                      
20004401  f3DOFTiltNED                          
20004509  f3DOFTiltWin8                         
2000be63  f3x3matrixAeqAxScalar                 
2000bde5  f3x3matrixAeqI                        
2000bec1  f3x3matrixAeqInvSymB                  
2000be97  f3x3matrixAeqMinusA                   
2000be3f  f3x3matrixAeqScalar                   
2000c007  f3x3matrixDetA                        
20004f85  fAndroidAnglesDegFromRotationMatrix   
20005d89  fInitMagCalibration                   
2001458d  fInit_6DOF_GB_BASIC                   
20006145  fInvertMagCal                         
200057b9  fLPFOrientationQuaternion             
200058f1  fLPFScalar                            
20004ee1  fNEDAnglesDegFromRotationMatrix       
200052c5  fQuaternionFromRotationMatrix         
20005165  fQuaternionFromRotationVectorDeg      
20005411  fRotationMatrixFromQuaternion         
20005713  fRotationVectorDegFromQuaternion      
2000553d  fRotationVectorDegFromRotationMatrix  
200145e1  fRun_6DOF_GB_BASIC                    
20006a55  fUpdateCalibration10EIG               
2000622d  fUpdateCalibration4INV                
200066a9  fUpdateCalibration7EIG                
20005029  fWin8AnglesDegFromRotationMatrix      
20012731  facos_deg                             
200126f1  fasin_deg                             
2001283f  fatan2_deg                            
200128bb  fatan_15deg                           
200127af  fatan_deg                             
20017ac3  fclose                                
200049a5  feCompassAndroid                      
20004705  feCompassNED                          
20004c41  feCompassWin8                         
2001a20d  feraiseexcept                         
2000e5f7  fetchDeviceOSVersion                  
20016ebd  fflush                                
200115a3  findSecondJson                        
2000be11  fmatrixAeqI                           
2000c48d  fmatrixAeqInvA                        
2000c66f  fmatrixAeqRenormRotA                  
20014f0d  fmodf                                 
20013013  fopen                                 
20018c45  fprintf                               
20017af5  fputc                                 
200152b5  fputs                                 
20005d6f  fqAeq1                                
20005cab  fqAeqNormqA                           
2001024b  free                                  
20012fe9  freopen                               
2001a88f  frexp                                 
2001904d  fseek                                 
200193f9  fxos_main                             
20000dd0  gFirstCmdMode                         
2001b800  g_H2NCnysPattern                      
2001b7f8  g_H2NSyncPattern                      
20032400  g_NetEntries                          
20032d58  g_SecParams                           
20001318  g_SpiFd                               
20000dd8  g_StatMem                             
20032d78  g_block_lastFilled                    
20001328  g_cDummy                              
20032c5c  g_cWlanSSID                           
20032bf4  g_cWlanSecurityKey                    
20032d7c  g_cWlanSecurityType                   
2001bc54  g_deviceClientVersion                 
20032d9d  g_flag_DataBlockFilled                
20032cc0  g_flag_blockFull                      
20032d9e  g_frame_end                           
20032d80  g_frame_size_in_bytes                 
20000600  g_header                              
20032d84  g_header_length                       
2001d000  g_image_buffer                        
200014f4  g_osVersion                           
20000dd4  g_pCB                                 
2000131c  g_pHostIntHdl                         
20004000  g_pfnVectors                          
20032d88  g_position_in_block                   
20032d8c  g_readHeader                          
2000143c  g_token_get                           
200014f1  g_ucConnectedToConfAP                 
20032d64  g_ucConnectionBSSID                   
20032c80  g_ucConnectionSSID                    
20001320  g_ucDMAEnabled                        
2000132c  g_ucDinDout                           
200014f3  g_ucPriority                          
200014f0  g_ucProfileAdded                      
200014f2  g_ucProvisioningDone                  
200014ec  g_uiSimplelinkRole                    
200014e8  g_ulGatewayIP                         
20001550  g_ulPingPacketsRecv                   
200014e4  g_ulStatus                            
2000dfc5  getAccelerationMagnitude              
2000de87  getDoorDirection                      
20014c15  getHttpResponseBody                   
20014beb  getHttpResponseStatus                 
2000ec87  getInstallation                       
200162b5  getInternalClient                     
20015b2b  getLightsensor_data                   
20015b57  getLightsensor_intrptStatus           
2000df41  getMagnFlux_3axis                     
200115d5  getPushJson                           
20032890  gfpAppCallbackHndl                    
20032d38  globals                               
20032000  gpCtlTbl                              
2000d491  headerSend                            
20015ce1  i2cReadRegisters                      
20015d8f  i2cReadRegistersTwoBytes              
20015d23  i2cWriteRegisters                     
20032d9f  iDone                                 
20005e31  iUpdateMagnetometerBuffer             
20009981  initNetwork                           
20016da9  intToASCII                            
200115bb  isCompleteJson                        
2000e597  isPingTime                            
20019af1  ldexp                                 
20012461  loadClientState                       
2001ae4f  log                                   
2001ae55  logf                                  
2001181d  lseek                                 
20019451  ltoa                                  
20012dd1  main                                  
20001588  main_func_sp                          
200101e3  malloc                                
200100c5  mem_Free                              
200100b9  mem_Malloc                            
200100e5  mem_copy                              
200100d1  mem_set                               
20010419  memalign                              
2001a9c9  memccpy                               
2001a935  memchr                                
2001a8b1  memcmp                                
20017929  memcpy                                
2001a70d  memmove                               
200187b7  memset                                
20010155  minit                                 
20032d48  mqxglobals                            
2001176f  open                                  
2001013b  osi_ContextRestore                    
20010139  osi_ContextSave                       
200100f9  osi_EnterCritical                     
20010103  osi_ExitCritical                      
2000fd1f  osi_InterruptDeRegister               
2000fcf9  osi_InterruptRegister                 
2000fe29  osi_LockObjCreate                     
2000fe9d  osi_LockObjDelete                     
2000fead  osi_LockObjLock                       
2000fed9  osi_LockObjUnlock                     
2000ffed  osi_MsgQCreate                        
20010031  osi_MsgQDelete                        
2001007d  osi_MsgQRead                          
2001004b  osi_MsgQWrite                         
20010115  osi_Sleep                             
2000ff03  osi_Spawn                             
2000fe07  osi_SyncObjClear                      
2000fd31  osi_SyncObjCreate                     
2000fd61  osi_SyncObjDelete                     
2000fd7b  osi_SyncObjSignal                     
2000fda3  osi_SyncObjSignalFromISR              
2000fddb  osi_SyncObjWait                       
2000fe4f  osi_TaskCreate                        
2000fe8f  osi_TaskDelete                        
20010125  osi_TaskDisable                       
2001012f  osi_TaskEnable                        
2001010d  osi_start                             
20000dcc  pPingCallBackFunc                     
2000da01  parseGetErrorCode                     
2000ed89  parseGetInstallationId                
20016219  parseInitialize                       
2000d9c3  parseSendRequest                      
2000d94d  parseSendRequestInternal              
2000ed0d  parseSetInstallationId                
2000d5d9  payloadSend                           
2001bcb8  pcDigits                              
20007801  pcTaskGetTaskName                     
2001746d  portCLZ                               
2000efad  pow                                   
20010c55  powf                                  
20017455  prvPortStartFirstTask                 
20017af5  putc                                  
20017b79  putchar                               
200153c1  puts                                  
20019fed  pvPortMalloc                          
20001478  pxCurrentTCB                          
20015bd1  pxPortInitialiseStack                 
20005a45  qAeqAxB                               
20005921  qAeqBxC                               
20005b79  qconjgAxB                             
2001a42b  raise                                 
20019797  rand                                  
2001174b  read                                  
2001030d  realloc                               
200116c1  remove                                
20011723  remove_device                         
200116e5  rename                                
20011c93  retreiveImageIDfromHTTPResponse       
20012509  saveClientState                       
2000d817  sendRequest                           
20015a03  sensorsTriggerSetup                   
2000d249  setDataBufferPointer                  
2000de45  setMotionDetectionThreshold           
20015aeb  setThreshold_lightsensor              
200168b5  setvbuf                               
20019d4d  signal                                
20011319  simpleJsonProcessor                   
2001ae5b  sinf                                  
2001a755  sl_Close                              
200166e5  sl_Connect                            
2001863d  sl_DevGet                             
20019a19  sl_DevSet                             
200186b9  sl_FsClose                            
20019a61  sl_FsDel                              
20018eb5  sl_FsGetInfo                          
200195a5  sl_FsOpen                             
20017ef9  sl_FsRead                             
20017f85  sl_FsWrite                            
2001a0cd  sl_Htonl                              
2001a2a9  sl_Htons                              
20016a69  sl_NetAppDnsGetHostByName             
200181a9  sl_NetAppMDNSRegisterUnregisterService
2001ad77  sl_NetAppMDNSUnRegisterService        
200195f9  sl_NetAppSendTokenValue               
2001a779  sl_NetAppStart                        
2001a79d  sl_NetAppStop                         
20019c05  sl_NetCfgSet                          
20019c49  sl_Recv                               
2001600d  sl_Select                             
200175dd  sl_Send                               
200197cd  sl_SetSockOpt                         
2001a3cd  sl_Socket                             
2001717d  sl_Start                              
20016f39  sl_Stop                               
20013ad9  sl_WlanConnect                        
2001ae2f  sl_WlanDisconnect                     
20018a09  sl_WlanGet                            
20019d8d  sl_WlanPolicySet                      
2001a7c1  sl_WlanProfileDel                     
20019dcd  sl_WlanRxFilterSet                    
20019aa9  sl_WlanSet                            
2001a62d  sl_WlanSetMode                        
20017cb5  snprintf                              
2001a755  socketClose                           
20010a49  socketRead                            
20010927  socketSslConnect                      
200108d9  socketWait                            
20010ac9  socketWrite                           
20018a7d  spi_Close                             
200153e9  spi_Open                              
20016cdd  spi_Read                              
200167cd  spi_Write                             
20019239  sprintf                               
20014dcd  sqrt                                  
20016c11  sqrtf                                 
20019781  srand                                 
2000151a  sshPort                               
2000dbeb  standby_accelMagn_fxos8700            
2001ac75  strchr                                
2001abad  strcmp                                
2001acf1  strcpy                                
2001ad05  strlen                                
[...]
200159a9  HIBernate                             
20015a03  sensorsTriggerSetup                   
20015abd  configureISL29035                     
20015aeb  setThreshold_lightsensor              
20015b2b  getLightsensor_data                   
20015b57  getLightsensor_intrptStatus           
20015b6b  verifyISL29035                        
20015bd1  pxPortInitialiseStack                 
20015c21  xPortStartScheduler                   
20015c4d  vPortEndScheduler                     
20015c4f  vPortYield                            
20015c61  vPortEnterCritical                    
20015c79  vPortExitCritical                     
20015c91  xPortSysTickHandler                   
20015cad  vPortSetupTimerInterrupt              
20015ce1  i2cReadRegisters                      
20015d23  i2cWriteRegisters                     
20015d8f  i2cReadRegistersTwoBytes              
20015df1  _Dscale                               
20015f01  _SlDrvWaitForPoolObj                  
2001600d  sl_Select                             
20016115  _SlDrvReleasePoolObj                  
20016219  parseInitialize                       
200162b5  getInternalClient                     
20016317  __aeabi_dmul                          
20016413  __aeabi_fsub                          
20016417  __aeabi_fadd                          
2001650d  uDMAChannelTransferSet                
200165fd  PinMuxConfig                          
200166e5  sl_Connect                            
200167cd  spi_Write                             
200168b5  setvbuf                               
20016991  _FAtan                                
20016a69  sl_NetAppDnsGetHostByName             
20016b41  _FDscale                              
20016c11  sqrtf                                 
20016cdd  spi_Read                              
20016da9  intToASCII                            
20016df3  LED_Blink                             
20016e71  __TI_doflush                          
20016ebd  fflush                                
20016f39  sl_Stop                               
20016ffd  asinf                                 
200170bd  _Dint                                 
2001717d  sl_Start                              
2001723d  _Dnorm                                
200172fd  acosf                                 
200173bd  ulPortSetInterruptMask                
200173d3  vPortClearInterruptMask               
200173e1  xPortPendSVHandler                    
2001742d  vPortSVCHandler                       
20017455  prvPortStartFirstTask                 
2001746d  portCLZ                               
20017475  _SlDrvMsgReadCmdCtx                   
20017529  _SlDrvNetAppEventHandler              
200175dd  sl_Send                               
2001768d  __TI_wrt_ok                           
200176ef  __TI_rd_ok                            
20017739  IntDisable                            
200177e1  IntEnable                             
20017889  SPIConfigSetExpClk                    
20017929  __aeabi_memcpy                        
20017929  __aeabi_memcpy4                       
20017929  __aeabi_memcpy8                       
20017929  memcpy                                
200179c5  _SlFindAndSetActiveObj                
20017a5d  __TI_closefile                        
20017ac3  fclose                                
20017af5  fputc                                 
20017af5  putc                                  
20017b79  putchar                               
20017b8d  PRCMPeripheralClockGet                
20017c21  _SlDrvClassifyRxMsg                   
20017cb5  snprintf                              
20017d49  __aeabi_fdiv                          
20017ddd  _SlDrvMsgReadSpawnCtx                 
20017e6d  _FDint                                
20017ef9  sl_FsRead                             
20017f85  sl_FsWrite                            
20018011  PRCMHibernateIntervalSet              
20018099  PinConfigSet                          
20018121  vsnprintf                             
200181a9  sl_NetAppMDNSRegisterUnregisterService
20018231  __aeabi_cdcmpeq                       
20018231  __aeabi_cdcmple                       
200182b7  __aeabi_cdrcmple                      
2001833d  I2CMasterInitExpClk                   
200183c1  _SlDrvCmdOp                           
20018445  NwpPowerOnPreamble                    
200184c5  debugPrint                            
200184df  debugPrintf                           
20018545  _SlDrvDriverCBInit                    
200185c1  _sl_HandleAsync_DnsGetHostByName      
2001863d  sl_DevGet                             
200186b9  sl_FsClose                            
20018735  __aeabi_fmul                          
200187af  __aeabi_memclr                        
200187af  __aeabi_memclr4                       
200187af  __aeabi_memclr8                       
200187b1  __aeabi_memset                        
200187b1  __aeabi_memset4                       
200187b1  __aeabi_memset8                       
200187b7  memset                                
20018829  _FDnorm                               
2001891d  UARTConfigSetExpClk                   
20018995  _sl_HandleAsync_InitComplete          
20018a09  sl_WlanGet                            
20018a7d  spi_Close                             
20018af1  _sl_HandleAsync_PingResponse          
20018b61  _sl_TruncatePayloadByProtocol         
20018bd1  __TI_auto_init                        
20018c45  fprintf                               
20018d15  PRCMHibernateWakeUpGPIOSelect         
20018d7d  _sl_HandleAsync_Connect               
20018de5  _sl_HandleAsync_DnsGetHostByService   
20018e4d  __TI_writemsg                         
20018e7b  C$$IO$$                               
20018e7f  __TI_readmsg                          
20018eb5  sl_FsGetInfo                          
20018f1d  _Dunscale                             
20018f85  _sl_GetCreateFsMode                   
20018fe9  _sl_HandleAsync_Accept                
2001904d  fseek                                 
200190b1  uDMAChannelAttributeDisable           
20019115  uDMAChannelAttributeEnable            
20019179  __aeabi_cfcmpeq                       
20019179  __aeabi_cfcmple                       
200191d9  __aeabi_cfrcmple                      
20019239  sprintf                               
20019299  IntPendClear                          
200192f1  PRCMPeripheralReset                   
20019349  _SlDrvDriverCBDeinit                  
200193a1  _sl_HandleAsync_Select                
200193f9  fxos_main                             
20019451  ltoa                                  
200194a7  _FDunscale                            
200194fd  IntPrioritySet                        
20019551  _sl_HandleAsync_Stop                  
200195a5  sl_FsOpen                             
200195f9  sl_NetAppSendTokenValue               
2001964d  __aeabi_f2ulz                         
2001969d  SPIIntEnable                          
200196e9  atoi                                  
20019735  copy_in                               
20019781  srand                                 
20019797  rand                                  
200197cd  sl_SetSockOpt                         
20019819  uDMAChannelAssign                     
20019865  _sl_GetStartResponseConvert           
200198af  __aeabi_d2f                           
200198f9  PRCMHibernateWakeupSourceDisable      
20019941  PRCMHibernateWakeupSourceEnable       
20019989  SPIIntClear                           
200199d1  __aeabi_d2iz                          
20019a19  sl_DevSet                             
20019a61  sl_FsDel                              
20019aa9  sl_WlanSet                            
20019af1  ldexp                                 
20019b7d  C$$EXIT                               
20019b81  abort                                 
20019b89  exit                                  
20019bc1  __aeabi_d2uiz                         
20019c05  sl_NetCfgSet                          
20019c49  sl_Recv                               
20019c8d  PinModeSet                            
20019ccd  _SlDrvRxIrqHandler                    
20019d0d  _SlRemoveFromList                     
20019d4d  signal                                
20019d8d  sl_WlanPolicySet                      
20019dcd  sl_WlanRxFilterSet                    
20019e0d  strncasecmp                           
20019e4d  NwpPowerOff                           
20019e89  PRCMPeripheralClkEnable               
20019ec5  _SlDrvObjInit                         
20019f01  _c_int00                              
20019f3d  uDMAChannelControlSet                 
20019f79  CameraCaptureStop                     
20019fb3  CameraXClkConfig                      
20019fed  pvPortMalloc                          
2001a00d  vPortFree                             
2001a025  __aeabi_f2d                           
2001a05d  __aeabi_f2iz                          
2001a095  __aeabi_i2f                           
2001a0cd  sl_Htonl                              
2001a105  GPIODirModeSet                        
2001a13b  CameraParamsConfig                    
2001a171  PRCMPeripheralStatusGet               
2001a1a5  SPIFIFOLevelSet                       
2001a1d9  _SlDrvBasicCmd                        
2001a20d  feraiseexcept                         
2001a241  __aeabi_f2uiz                         
2001a275  strstr                                
2001a2a9  sl_Htons                              
2001a2dd  NwpPowerOn                            
2001a30d  PinTypeGPIO                           
2001a33d  UARTDisable                           
2001a36d  strncpy                               
2001a39d  _Feraise                              
2001a3cd  sl_Socket                             
2001a3fd  __aeabi_i2d                           
2001a42b  raise                                 
2001a459  CameraIntEnable                       
2001a485  DmaSpiSwIntHandler                    
2001a4b1  I2CMasterErr                          
2001a4dd  PRCMSysResetCauseGet                  
2001a509  _SlDrvFlowContDeinit                  
2001a535  _SlDrvFlowContInit                    
2001a561  _Dclass                               
2001a58d  CameraIntStatus                       
2001a5b5  PRCMPeripheralClkDisable              
2001a5dd  _sl_BuildAddress                      
2001a605  strncat                               
2001a62d  sl_WlanSetMode                        
2001a655  CameraThresholdSet                    
2001a67b  strncmp                               
2001a6a1  CameraIntClear                        
2001a6c5  IntUnregister                         
2001a6e9  UARTEnable                            
2001a70d  memmove                               
2001a731  __aeabi_ui2f                          
2001a755  sl_Close                              
2001a755  socketClose                           
2001a779  sl_NetAppStart                        
2001a79d  sl_NetAppStop                         
2001a7c1  sl_WlanProfileDel                     
2001a7e5  CameraCaptureStart                    
2001a807  I2CMasterSlaveAddrSet                 
2001a829  NwpRegisterInterruptHandler           
2001a84b  SPIReset                              
2001a86d  SPIWordCountSet                       
2001a88f  frexp                                 
2001a8b1  memcmp                                
2001a8d3  GPIOPinWrite                          
2001a8f5  IntRegister                           
2001a915  _SlDrvCmdSend                         
2001a935  memchr                                
2001a955  I2CMasterIntStatusEx                  
2001a973  UARTCharPut                           
2001a991  PinTypeI2C                            
2001a9ad  _SlDrvObjDeInit                       
2001a9c9  memccpy                               
2001a9e5  UDMAStopTransfer                      
2001a9e5  uDMAChannelDisable                    
2001aa01  uDMAChannelEnable                     
2001aa1d  CopyPingResultsToReport               
2001aa37  PinTypeCamera                         
2001aa51  PinTypeUART                           
2001aa6b  SPIDmaDisable                         
2001aa85  SPIDmaEnable                          
2001aa9f  SPIFIFODisable                        
2001aab9  SPIFIFOEnable                         
2001aad3  _SlDrvDeviceEventHandler              
2001aaed  CameraReset                           
2001ab05  GPIOPinRead                           
2001ab1d  PRCMHibernateEnter                    
2001ab35  SPICSDisable                          
2001ab4d  SPICSEnable                           
2001ab65  SPIDisable                            
2001ab7d  SPIEnable                             
2001ab95  _args_main                            
2001abad  strcmp                                
2001abc5  CameraDMAEnable                       
2001abdb  CameraIntRegister                     
2001abf1  I2CMasterDataPut                      
2001ac07  I2CMasterEnable                       
2001ac1d  PRCMHIBRegRead                        
2001ac33  PRCMHIBRegWrite                       
2001ac49  UARTCharGet                           
2001ac5f  _sl_Strlen                            
2001ac75  strchr                                
2001ac8b  uDMAIntRegister                       
2001aca1  CPUcpsie                              
2001acb5  IntVTableBaseSet                      
2001acc9  _SlDrvShiftDWord                      
2001acdd  _register_unlock                      
2001ace3  _register_lock                        
2001aceb  _nop                                  
2001acf1  strcpy                                
2001ad05  strlen                                
2001ad19  uDMAControlBaseSet                    
2001ad2d  uDMAIntClear                          
2001ad41  I2CMasterControl                      
2001ad53  I2CMasterIntClearEx                   
2001ad65  I2CMasterTimeoutSet                   
2001ad77  sl_NetAppMDNSUnRegisterService        
2001ad89  uDMAIntUnregister                     
2001ad9d  NwpMaskInterrupt                      
2001adad  SL_FD_SET                             
2001adbd  I2CMasterDataGet                      
2001adcb  __TI_decompress_none                  
2001add9  ResetISR                              
2001ade9  NwpUnMaskInterrupt                    
2001adf5  __TI_zero_init                        
2001ae01  uDMADisable                           
2001ae0d  uDMAEnable                            
2001ae19  uDMAIntStatus                         
2001ae25  IntMasterEnable                       
2001ae2f  sl_WlanDisconnect                     
2001ae37  MT9D111Delay                          
2001ae3d  SL_FD_ZERO                            
2001ae43  UtilsDelay                            
2001ae49  __TI_decompress_rle24                 
2001ae4f  log                                   
2001ae55  logf                                  
2001ae5b  sinf                                  
2001ae61  __abort_execution                     
2001ae65  _system_pre_init                      
2001afa4  _ctypes_                              
2001b1ac  _SlPolicySetCmdCtrl                   
2001b1b0  _SlPolicyGetCmdCtrl                   
2001b1b4  _SlProfileGetCmdCtrl                  
2001b1b8  _SlProfileDelCmdCtrl                  
2001b1bc  _SlWlanGetNetworkListCtrl             
2001b1c0  _SlRxFilterAddtCmdCtrl                
2001b1c4  _SlRxFilterSetCmdCtrl                 
2001b1c8  _SlRxFilterGetCmdCtrl                 
2001b1cc  _SlSmartConfigStartCmdCtrl            
2001b1d0  _SlWlanSetModeCmdCtrl                 
2001b1d4  _SlWlanCfgSetCmdCtrl                  
2001b1d8  _SlWlanCfgGetCmdCtrl                  
2001b7f8  g_H2NSyncPattern                      
2001b800  g_H2NCnysPattern                      
2001b808  _SlActionLookupTable                  
2001b948  _SlFsOpenCmdCtrl                      
2001b94c  _SlFsCloseCmdCtrl                     
2001b950  _SlFsReadCmdCtrl                      
2001b954  _SlFsWriteCmdCtrl                     
2001b958  _SlFsGetInfoCmdCtrl                   
2001b95c  _SlFsDeleteCmdCtrl                    
2001b9f8  _SlSockSocketCmdCtrl                  
2001b9fc  _SlSockCloseCmdCtrl                   
2001ba00  _SlRecvfomCmdCtrl                     
2001ba04  _SlSendCmdCtrl                        
2001ba08  _SlListenCmdCtrl                      
2001ba0c  _SlAcceptCmdCtrl                      
2001ba10  _SlRecvCmdCtrl                        
2001ba14  _SlSetSockOptCmdCtrl                  
2001ba18  _SlGetSockOptCmdCtrl                  
2001ba1c  _SlSelectCmdCtrl                      
2001bb54  _SlNetAppStartCtrl                    
2001bb58  _SlNetAppStopCtrl                     
2001bb5c  _SlGetServiceListeCtrl                
2001bb60  _SlRegisterServiceCtrl                
2001bb64  _SlGetHostByServiceCtrl               
2001bb68  _SlGetHostByNameCtrl                  
2001bb6c  _SlNetAppSetCmdCtrl                   
2001bb70  _SlNetAppSendTokenValueCmdCtrl        
2001bb74  _SlNetAppGetCmdCtrl                   
2001bc54  g_deviceClientVersion                 
2001bc98  _SlStopCmdCtrl                        
2001bc9c  _SlEventMaskSetCmdCtrl                
2001bca0  _SlEventMaskGetCmdCtrl                
2001bca4  _SlDeviceGetCmdCtrl                   
2001bca8  _SlDeviceSetCmdCtrl                   
2001bcb8  pcDigits                              
2001bcc4  _SlNetCfgSetCmdCtrl                   
2001bcc8  _SlNetCfgGetCmdCtrl                   
2001bcd0  __TI_static_base__                    
2001c89c  __TI_Handler_Table_Base               
2001c8a8  __TI_Handler_Table_Limit              
2001c8b0  __TI_CINIT_Base                       
2001c8c0  __TI_CINIT_Limit                      
2001d000  g_image_buffer                        
20031000  thisMagBuffer                         
20031b58  thisMagCal                            
20031f70  thisMag                               
20031fc8  clientStateFileName                   
20032000  gpCtlTbl                              
20032400  g_NetEntries                          
20032770  __CIOBUF_                             
20032890  gfpAppCallbackHndl                    
20032a58  thisSV_6DOF_GB_BASIC                  
20032b04  __TI_tmpnams                          
20032ba4  xQueueRegistry                        
20032bf4  g_cWlanSecurityKey                    
20032c28  thisAccel                             
20032c5c  g_cWlanSSID                           
20032c80  g_ucConnectionSSID                    
20032cc0  g_flag_blockFull                      
20032d38  globals                               
20032d48  mqxglobals                            
20032d58  g_SecParams                           
20032d64  g_ucConnectionBSSID                   
20032d74  dataBuffer                            
20032d78  g_block_lastFilled                    
20032d7c  g_cWlanSecurityType                   
20032d80  g_frame_size_in_bytes                 
20032d84  g_header_length                       
20032d88  g_position_in_block                   
20032d8c  g_readHeader                          
20032d9d  g_flag_DataBlockFilled                
20032d9e  g_frame_end                           
20032d9f  iDone                                 
20032da0  _sys_memory                           
ffffffff  __binit__                             
ffffffff  __c_args__                            
ffffffff  binit                                 
UNDEFED   SHT$$INIT_ARRAY$$Base                 
UNDEFED   SHT$$INIT_ARRAY$$Limit                

[826 symbols]
