******************************************************************************
                  TI ARM Linker PC v5.2.2                      
******************************************************************************
>> Linked Sat Aug 22 20:44:43 2015

OUTPUT FILE NAME:   <ULP_SEC_CAM.out>
ENTRY POINT SYMBOL: "_c_int00"  address: 2001fd99


MEMORY CONFIGURATION

         name            origin    length      used     unused   attr    fill
----------------------  --------  ---------  --------  --------  ----  --------
  SRAM_BOOTLDR          20000000   00004000  000029c8  00001638  RW X
  SRAM_CODE             20004000   0001fc00  0001ef31  00000ccf  RW X
  SRAM_DATA             20023c00   0001c400  0001c08b  00000375  RW X


SEGMENT ALLOCATION MAP

run origin  load origin   length   init length attrs members
----------  ----------- ---------- ----------- ----- -------
20000000    20000000    000009c8   00000000    rw-
  20000000    20000000    000009c8   00000000    rw- .data
20002000    20002000    00002000   00000000    rw-
  20002000    20002000    00002000   00000000    rw- .stack
20004000    20004000    0001ef38   0001ef38    r-x
  20004000    20004000    00000400   00000400    r-- .intvecs
  20004400    20004400    0001d238   0001d238    r-x .text
  20021638    20021638    00001361   00001361    r-- .const
  200229a0    200229a0    00000598   00000598    r-- .cinit
20023c00    20023c00    0001c090   00000000    rw-
  20023c00    20023c00    0001708b   00000000    rw- .bss
  2003ac90    2003ac90    00005000   00000000    rw- .sysmem


SECTION ALLOCATION MAP

 output                                  attributes/
section   page    origin      length       input sections
--------  ----  ----------  ----------   ----------------
.data      0    20000000    000009c8     UNINITIALIZED
                  20000000    000003c9     cc3200_certificate.obj (.data:DigiCertHighAssuranceEVRootCA_der)
                  200003c9    00000001     tasks.obj (.data)
                  200003ca    00000002     --HOLE--
                  200003cc    000000f0     rtsv7M4_T_le_eabi.lib : defs.obj (.data:_ftable)
                  200004bc    000000d0                           : lowlev.obj (.data)
                  2000058c    000000b0                           : signal.obj (.data:sigtable)
                  2000063c    00000004     cc3200_certificate.obj (.data)
                  20000640    00000080     rtsv7M4_T_le_eabi.lib : xvalues.obj (.data)
                  200006c0    00000068                           : xfvalues.obj (.data)
                  20000728    00000064     network_relater_fns.obj (.data:Token)
                  2000078c    00000064     network_relater_fns.obj (.data:Value)
                  200007f0    00000040     jpeg.obj (.data:JPEG_StdQuantTblC)
                  20000830    00000040     jpeg.obj (.data:JPEG_StdQuantTblY)
                  20000870    00000040     jpeg.obj (.data:zigzag)
                  200008b0    00000034     free_rtos.a : tasks.obj (.data)
                  200008e4    00000024     main.obj (.data)
                  20000908    00000018     cc3200_utils.obj (.data)
                  20000920    00000018     request.obj (.data)
                  20000938    00000010     rtsv7M4_T_le_eabi.lib : defs.obj (.data)
                  20000948    0000000c     camera_app.obj (.data)
                  20000954    0000000c     free_rtos.a : osi_freertos.obj (.data)
                  20000960    0000000c     rtsv7M4_T_le_eabi.lib : memory.obj (.data)
                  2000096c    00000009     simplelink.a : cc_pal.obj (.data)
                  20000975    00000003     --HOLE--
                  20000978    00000009                  : driver.obj (.data)
                  20000981    00000003     --HOLE--
                  20000984    00000008     rtsv7M4_T_le_eabi.lib : _lock.obj (.data)
                  2000098c    00000008                           : exit.obj (.data)
                  20000994    00000008                           : feraiseexcept.obj (.data)
                  2000099c    00000008     user_configure_fn.obj (.data)
                  200009a4    00000006     http.obj (.data)
                  200009aa    00000002     --HOLE--
                  200009ac    00000004     free_rtos.a : port.obj (.data)
                  200009b0    00000004     middleware.a : rtc_hal.obj (.data)
                  200009b4    00000004     ota.a : OtaHttp.obj (.data)
                  200009b8    00000004     rtsv7M4_T_le_eabi.lib : errno.obj (.data)
                  200009bc    00000004                           : fopen.obj (.data)
                  200009c0    00000004                           : rand.obj (.data)
                  200009c4    00000004                           : stkdepth_vars.obj (.data)

.TI.persistent 
*          0    20000000    00000000     UNINITIALIZED

.stack     0    20002000    00002000     UNINITIALIZED
                  20002000    00002000     --HOLE--

.intvecs   0    20004000    00000400     
                  20004000    00000400     startup_ccs.obj (.intvecs)

.text      0    20004400    0001d238     
                  20004400    00001258     free_rtos.a : tasks.obj (.text)
                  20005658    000010a6     rtsv7M4_T_le_eabi.lib : _printfi.obj (.text)
                  200066fe    00000002     startup_ccs.obj (.text:BusFaultHandler)
                  20006700    00000b24     free_rtos.a : queue.obj (.text)
                  20007224    00000a08     magnetic.obj (.text:fUpdateCalibration10EIG)
                  20007c2c    00000788     magnetic.obj (.text:fUpdateCalibration4INV)
                  200083b4    00000694     magnetic.obj (.text:fUpdateCalibration7EIG)
                  20008a48    00000688     matrix.obj (.text:eigencompute)
                  200090d0    00000610     ota.a : OtaHttp.obj (.text)
                  200096e0    000005ec     simplelink.a : driver.obj (.text:_SlDrvMsgRead)
                  20009ccc    00000584     magnetic.obj (.text:iUpdateMagnetometerBuffer)
                  2000a250    00000580     network_relater_fns.obj (.text:SimpleLinkHttpServerCallback)
                  2000a7d0    0000052c     user_configure_fn.obj (.text:User_Configure)
                  2000acfc    000004d4     application_fn.obj (.text:application_fn)
                  2000b1d0    000004be     cc3200_utils.obj (.text:createNewInstallationId)
                  2000b68e    00000002     driverlib.a : interrupt.obj (.text:IntDefaultHandler)
                  2000b690    000004a0     network_relater_fns.obj (.text:GetSNTPTime)
                  2000bb30    0000045c     free_rtos.a : osi_freertos.obj (.text)
                  2000bf8c    0000044c     request.obj (.text:buildRequestHeaders)
                  2000c3d8    00000424     ota.a : OtaClient.obj (.text)
                  2000c7fc    0000040c           : OtaApp.obj (.text)
                  2000cc08    000003dc     rtsv7M4_T_le_eabi.lib : memory.obj (.text)
                  2000cfe4    000003b8     parse_uploads.obj (.text:ConstructGroundDataObject)
                  2000d39c    000003b8     matrix.obj (.text:fmatrixAeqInvA)
                  2000d754    00000378     rtsv7M4_T_le_eabi.lib : powf.obj (.text)
                  2000dacc    0000035c     ota.a : CdnClient.obj (.text)
                  2000de28    00000354     orientation.obj (.text:feCompassWin8)
                  2000e17c    00000338     ota.a : LogClient.obj (.text)
                  2000e4b4    0000030c     rtsv7M4_T_le_eabi.lib : lowlev.obj (.text)
                  2000e7c0    000002d4                           : trgdrv.obj (.text)
                  2000ea94    000002c4     tasks.obj (.text:MagCal_Run)
                  2000ed58    000002b0     network_relater_fns.obj (.text:ConfigureSimpleLinkToDefaultState)
                  2000f008    00000298     mt9d111.obj (.text:RegLstWrite)
                  2000f2a0    00000298     user_configure_fn.obj (.text:WiFiProvisioning)
                  2000f538    00000298     rtsv7M4_T_le_eabi.lib : vla_alloc.obj (.text)
                  2000f7d0    00000290     user_configure_fn.obj (.text:Get_Calibration_MagSensor)
                  2000fa60    0000026e     simplejson.obj (.text:simpleJsonProcessor)
                  2000fcce    00000002     startup_ccs.obj (.text:IntDefaultHandler)
                  2000fcd0    0000026c     camera_app.obj (.text:CaptureImage)
                  2000ff3c    00000268     parse_uploads.obj (.text:ConstructUserConfigObject)
                  200101a4    00000268     main_FXOS8700.obj (.text:angleCheck_Initializations)
                  2001040c    00000264     door_position_detection_algorithm.obj (.text:check_doorpos)
                  20010670    0000025c     lightSens_isl29035.obj (.text:configureISL29035)
                  200108cc    00000248     simplelink.a : driver.obj (.text:_SlDrvRxHdrRead)
                  20010b14    00000244                  : wlan.obj (.text:sl_WlanConnect)
                  20010d58    00000220     rtsv7M4_T_le_eabi.lib : ll_div_t2.obj (.text)
                  20010f78    00000204     request.obj (.text:payloadSend)
                  2001117c    000001f4     rtsv7M4_T_le_eabi.lib : ull_div_t2.obj (.text)
                  20011370    000001d0     simplelink.a : driver.obj (.text:_SlDrvReleasePoolObj)
                  20011540    000001cc                  : driver.obj (.text:_SlDrvMsgWrite)
                  2001170c    000001c8     main.obj (.text:main)
                  200118d4    000001c4     rtsv7M4_T_le_eabi.lib : fopen.obj (.text)
                  20011a98    000001c0     tasks.obj (.text:RdSensData_Run)
                  20011c58    000001c0     magnetic.obj (.text:fInvertMagCal)
                  20011e18    000001bc     rtsv7M4_T_le_eabi.lib : xflog.obj (.text)
                  20011fd4    000001b8     parse_uploads.obj (.text:ConstructDeviceStateObject)
                  2001218c    000001b6     rtsv7M4_T_le_eabi.lib : fd_add_t2.obj (.text)
                  20012342    00000002     startup_ccs.obj (.text:NmiSR)
                  20012344    000001b0     user_configure_fn.obj (.text:AccessPtMode_HTTPServer_Start)
                  200124f4    000001ac     request.obj (.text:sendRequest)
                  200126a0    000001a8     door_position_detection_algorithm.obj (.text:Calculate_TrueMinMaxAngles)
                  20012848    000001a4     orientation.obj (.text:fQuaternionFromRotationMatrix)
                  200129ec    000001a4     cc3200_socket.obj (.text:socketSslConnect)
                  20012b90    000001a0     camera_app.obj (.text:CameraIntHandler)
                  20012d30    000001a0     network_relater_fns.obj (.text:initNetwork)
                  20012ed0    0000019c     rtsv7M4_T_le_eabi.lib : xfsin.obj (.text)
                  2001306c    00000198     ota.obj (.text:OTA_Run)
                  20013204    00000190     camera_app.obj (.text:CaptureandSavePreviewImage)
                  20013394    00000190     SendObject_ToParse.obj (.text:SendObject_ToParse)
                  20013524    00000190     simplelink.a : driver.obj (.text:_SlDrvWaitForPoolObj)
                  200136b4    0000018c     Task_ImageCaptureConfigs.obj (.text:ImageSensor_CaptureConfigs_Task)
                  20013840    0000018c     network_relater_fns.obj (.text:SimpleLinkWlanEventHandler)
                  200139cc    00000188     matrix.obj (.text:f3x3matrixAeqInvSymB)
                  20013b54    00000184     parse_uploads.obj (.text:UploadFirmwareVersionObjectToParse)
                  20013cd8    00000184     flc.a : flc.obj (.text)
                  20013e5c    00000180     orientation.obj (.text:fWin8AnglesDegFromRotationMatrix)
                  20013fdc    00000178     door_position_detection_algorithm.obj (.text:Calculate_DoorOpenThresholdAngle)
                  20014154    00000178     rtsv7M4_T_le_eabi.lib : tanf.obj (.text)
                  200142cc    00000178                           : xfexp.obj (.text)
                  20014444    00000174     simplelink.a : driver.obj (.text:_SlDrvDriverCBInit)
                  200145b8    00000174     magnetic.obj (.text:fInitMagCalibration)
                  2001472c    00000170     simplelink.a : driver.obj (.text:_SlFindAndSetActiveObj)
                  2001489c    00000168     ota.obj (.text:OTAServerInfoSet)
                  20014a04    00000160     tasks.obj (.text:Fusion_Run)
                  20014b64    00000160     tempRHSens_si7020.obj (.text:getTempRH)
                  20014cc4    00000158     drivers.obj (.text:FXOS8700_Init)
                  20014e1c    00000158     orientation.obj (.text:qAeqAxB)
                  20014f74    00000158     orientation.obj (.text:qconjgAxB)
                  200150cc    00000150     simplelink.a : cc_pal.obj (.text:spi_Open)
                  2001521c    00000148     mt9d111.obj (.text:RestartSensorInJpegMode)
                  20015364    00000140     network_relater_fns.obj (.text:WiFi_Connect)
                  200154a4    0000013c     rtsv7M4_T_le_eabi.lib : fmodf.obj (.text)
                  200155e0    0000013c     simplelink.a : socket.obj (.text:sl_Select)
                  2001571c    00000138     network_relater_fns.obj (.text:GetTimeNTP)
                  20015854    00000138     i2cconfig.obj (.text:I2CBufferRead)
                  2001598c    00000138     mt9d111.obj (.text:Register_Read)
                  20015ac4    00000138     orientation.obj (.text:fLPFOrientationQuaternion)
                  20015bfc    00000138     orientation.obj (.text:fRotationMatrixFromQuaternion)
                  20015d34    00000138     i2c_app.obj (.text:i2cWriteRegisters)
                  20015e6c    00000136     rtsv7M4_T_le_eabi.lib : fd_div_t2.obj (.text)
                  20015fa2    00000002     main.obj (.text:vApplicationIdleHook)
                  20015fa4    00000134     driverlib.a : prcm.obj (.text:PRCMCC3200MCUInit)
                  200160d8    00000134     rtsv7M4_T_le_eabi.lib : fputs.obj (.text)
                  2001620c    00000130     i2cconfig.obj (.text:I2CBufferWrite)
                  2001633c    00000130     mt9d111.obj (.text:Read_AllRegisters)
                  2001646c    0000012a     free_rtos.a : list.obj (.text)
                  20016596    00000002     --HOLE-- [fill = 0]
                  20016598    00000128     simplelink.a : driver.obj (.text:_SlDrvDataReadOp)
                  200166c0    0000011c     mt9d111.obj (.text:SetInitialGain)
                  200167dc    00000118     simplelink.a : socket.obj (.text:sl_SendTo)
                  200168f4    00000110     free_rtos.a : port.obj (.text)
                  20016a04    00000110     rtsv7M4_T_le_eabi.lib : xdscale.obj (.text)
                  20016b14    0000010c     hibernate_related_fns.obj (.text:HIBernate)
                  20016c20    0000010c     flash_files.obj (.text:WriteFile_ToFlash)
                  20016d2c    0000010c     simplelink.a : socket.obj (.text:sl_RecvFrom)
                  20016e38    0000010a     drivers.obj (.text:FXOS8700_ReadData)
                  20016f42    00000002     --HOLE-- [fill = 0]
                  20016f44    00000108     middleware.a : rtc_hal.obj (.text:rtc_fast_domain_counter_rd)
                  2001704c    00000108     simplelink.a : socket.obj (.text:sl_Connect)
                  20017154    00000108                  : socket.obj (.text:sl_Send)
                  2001725c    00000104                  : driver.obj (.text:_SlDrvDataWriteOp)
                  20017360    00000104     i2c_app.obj (.text:i2cReadRegistersTwoBytes)
                  20017464    00000104     simplelink.a : netapp.obj (.text:sl_NetAppDnsGetHostByName)
                  20017568    00000104     tempRHSens_si7020.obj (.text:verifyTempRHSensor)
                  2001766c    00000100     i2c_app.obj (.text:i2cReadRegisters)
                  2001776c    00000100     cc3200_client_state.obj (.text:loadClientState)
                  2001786c    000000fe     simplelink.a : netapp.obj (.text:_SlDrvNetAppEventHandler)
                  2001796a    00000002     --HOLE-- [fill = 0]
                  2001796c    000000fc     Task_Main.obj (.text:Main_Task_withHibernate)
                  20017a68    000000fc     pinmux.obj (.text:PinMuxConfig)
                  20017b64    000000fc     parse_uploads.obj (.text:UploadSensorDataToParse)
                  20017c60    000000fc     orientation.obj (.text:fqAeqNormqA)
                  20017d5c    000000fc     rtsv7M4_T_le_eabi.lib : fd_mul_t2.obj (.text)
                  20017e58    000000fa                           : fs_add_t2.obj (.text)
                  20017f52    00000002     --HOLE-- [fill = 0]
                  20017f54    000000f8     cc3200_certificate.obj (.text:ensureCertificateFile)
                  2001804c    000000f8     fusion.obj (.text:fRun_6DOF_GB_BASIC)
                  20018144    000000f6     app_common.obj (.text:Get_FridgeCamID)
                  2001823a    000000f4     mt9d111.obj (.text:SetAnalogGain)
                  2001832e    000000f4     mt9d111.obj (.text:SetDigitalGain)
                  20018422    00000002     --HOLE-- [fill = 0]
                  20018424    000000f4     simplelink.a : driver.obj (.text:_SlDrvDriverCBDeinit)
                  20018518    000000f4     installation.obj (.text:getInstallation)
                  2001860c    000000f4     app_common.obj (.text:intToASCII)
                  20018700    000000f4     simplelink.a : fs.obj (.text:sl_FsRead)
                  200187f4    000000f2     cc3200_socket.obj (.text:socketRead)
                  200188e6    00000002     --HOLE-- [fill = 0]
                  200188e8    000000f0     main.obj (.text:InitializeAppVariables)
                  200189d8    000000f0     driverlib.a : udma.obj (.text:uDMAChannelTransferSet)
                  20018ac8    000000ec     network_relater_fns.obj (.text:SimpleLinkNetAppEventHandler)
                  20018bb4    000000ec     orientation.obj (.text:fRotationVectorDegFromQuaternion)
                  20018ca0    000000ec     simplelink.a : fs.obj (.text:sl_FsWrite)
                  20018d8c    000000e8     door_position_detection_algorithm.obj (.text:Check_MinMax)
                  20018e74    000000e8     lightSens_isl29035.obj (.text:verifyISL29035)
                  20018f5c    000000e4     appFns_BatteryLevelSense.obj (.text:Get_BatteryPercent)
                  20019040    000000e4     parse_uploads.obj (.text:UploadImageToParse)
                  20019124    000000e0     flash_files.obj (.text:ReadFile_FromFlash)
                  20019204    000000e0     parse_uploads.obj (.text:UploadGroundDataObjectToParse)
                  200192e4    000000e0     accelomtrMagntomtr_fxos8700.obj (.text:verifyAccelMagnSensor)
                  200193c4    000000dc     camera_app.obj (.text:Start_CameraCapture)
                  200194a0    000000dc     parse_uploads.obj (.text:UploadUserConfigObjectToParse)
                  2001957c    000000dc     Task_UserConfig.obj (.text:UserConfigure_Task)
                  20019658    000000dc     rtsv7M4_T_le_eabi.lib : setvbuf.obj (.text)
                  20019734    000000dc     simplelink.a : cc_pal.obj (.text:spi_Read)
                  20019810    000000d8     user_configure_fn.obj (.text:CollectAngle)
                  200198e8    000000d8     simplelink.a : driver.obj (.text:_SlDrvClassifyRxMsg)
                  200199c0    000000d8     rtsv7M4_T_le_eabi.lib : xfatan.obj (.text)
                  20019a98    000000d4     simplelink.a : device.obj (.text:sl_Stop)
                  20019b6c    000000d0     rtsv7M4_T_le_eabi.lib : xfdscale.obj (.text)
                  20019c3c    000000cc     approximations.obj (.text:fatan_deg)
                  20019d08    000000cc     rtsv7M4_T_le_eabi.lib : sqrtf.obj (.text)
                  20019dd4    000000c8     camera_app.obj (.text:DMAConfig)
                  20019e9c    000000c8     mt9d111.obj (.text:EnterStandby_mt9d111)
                  20019f64    000000c8     mt9d111.obj (.text:ReadGainReg)
                  2001a02c    000000c8     simplelink.a : netapp.obj (.text:_sl_HandleAsync_DnsGetHostByService)
                  2001a0f4    000000c8     rtsv7M4_T_le_eabi.lib : fflush.obj (.text)
                  2001a1bc    000000c4     mt9d111.obj (.text:ExitStandby_mt9d111)
                  2001a280    000000c4     simplelink.a : driver.obj (.text:_SlRemoveFromList)
                  2001a344    000000c0     i2c_if.obj (.text:I2C_IF_Read)
                  2001a404    000000c0     network_relater_fns.obj (.text:SimpleLinkSockEventHandler)
                  2001a4c4    000000be     rtsv7M4_T_le_eabi.lib : xdnorm.obj (.text)
                  2001a582    00000002     --HOLE-- [fill = 0]
                  2001a584    000000bc     i2c_if.obj (.text:I2C_IF_Write)
                  2001a640    000000bc     camera_app.obj (.text:Standby_ImageSensor)
                  2001a6fc    000000bc     user_configure_fn.obj (.text:WlanConnect)
                  2001a7b8    000000bc     simplelink.a : driver.obj (.text:_SlDrvMsgReadCmdCtx)
                  2001a874    000000bc     tempRHSens_si7020.obj (.text:configureTempRHSensor)
                  2001a930    000000bc     rtsv7M4_T_le_eabi.lib : acosf.obj (.text)
                  2001a9ec    000000bc     simplelink.a : device.obj (.text:sl_Start)
                  2001aaa8    000000ba     free_rtos.a : portasm.obj (.text)
                  2001ab62    00000002     --HOLE-- [fill = 0]
                  2001ab64    000000b8     simplelink.a : driver.obj (.text:_SlAsyncEventGenericHandler)
                  2001ac1c    000000b8     installation.obj (.text:createInstallation)
                  2001acd4    000000b4     user_configure_fn.obj (.text:SaveImageConfig)
                  2001ad88    000000b4     simplelink.a : netapp.obj (.text:sl_NetAppMDNSRegisterUnregisterService)
                  2001ae3c    000000ac     rtsv7M4_T_le_eabi.lib : _io_perm.obj (.text)
                  2001aee8    000000ab     installation.obj (.text:getInstallationByIdCallback)
                  2001af93    00000001     --HOLE-- [fill = 0]
                  2001af94    000000aa     uartA1_if.obj (.text:Report)
                  2001b03e    00000002     --HOLE-- [fill = 0]
                  2001b040    000000a8     driverlib.a : interrupt.obj (.text:IntDisable)
                  2001b0e8    000000a8                 : interrupt.obj (.text:IntEnable)
                  2001b190    000000a8     simplelink.a : netcfg.obj (.text:sl_NetCfgGet)
                  2001b238    000000a0     driverlib.a : spi.obj (.text:SPIConfigSetExpClk)
                  2001b2d8    000000a0     cc3200_socket.obj (.text:socketWrite)
                  2001b378    0000009e     matrix.obj (.text:f3x3matrixDetA)
                  2001b416    00000002     --HOLE-- [fill = 0]
                  2001b418    0000009c     simplelink.a : driver.obj (.text:_SlDrvMsgReadSpawnCtx)
                  2001b4b4    0000009c     approximations.obj (.text:fatan2_deg)
                  2001b550    0000009c     rtsv7M4_T_le_eabi.lib : memcpy_t2.obj (.text)
                  2001b5ec    0000009c     simplelink.a : device.obj (.text:sl_DevGet)
                  2001b688    00000098     network_relater_fns.obj (.text:InitializeUserConfigVariables)
                  2001b720    00000098     LED_timer.obj (.text:IntrptHandler_LEDTimer)
                  2001b7b8    00000098     ota.obj (.text:OTA_CommitImage)
                  2001b850    00000098     mt9d111.obj (.text:Verify_ImageSensor)
                  2001b8e8    00000098     simplelink.a : fs.obj (.text:_sl_GetCreateFsMode)
                  2001b980    00000098     rtsv7M4_T_le_eabi.lib : fclose.obj (.text)
                  2001ba18    00000098                           : fputc.obj (.text)
                  2001bab0    00000096     parse_uploads.obj (.text:Add_NumberField_ToJSONString)
                  2001bb46    00000002     --HOLE-- [fill = 0]
                  2001bb48    00000094     dbgFns.obj (.text:Check_I2CDevices)
                  2001bbdc    00000094     camera_app.obj (.text:Config_CameraCapture)
                  2001bc70    00000094     Task_UserConfig.obj (.text:IsLongPress)
                  2001bd04    00000094     jpeg.obj (.text:Modify_JPEGHeaderFile)
                  2001bd98    00000094     driverlib.a : prcm.obj (.text:PRCMPeripheralClockGet)
                  2001be2c    00000094     approximations.obj (.text:facos_deg)
                  2001bec0    00000094     lightSens_isl29035.obj (.text:getLightsensor_data)
                  2001bf54    00000094     rtsv7M4_T_le_eabi.lib : snprintf.obj (.text)
                  2001bfe8    00000092     parse_impl.obj (.text:parseInitialize)
                  2001c07a    00000092     rtsv7M4_T_le_eabi.lib : fs_div_t2.obj (.text)
                  2001c10c    0000008c     app_common.obj (.text:LED_Blink_2)
                  2001c198    0000008c     simplelink.a : cc_pal.obj (.text:SetupDMAReceive)
                  2001c224    0000008c                  : cc_pal.obj (.text:SetupDMASend)
                  2001c2b0    0000008c                  : netapp.obj (.text:_sl_HandleAsync_DnsGetHostByName)
                  2001c33c    0000008c                  : netapp.obj (.text:_sl_HandleAsync_PingResponse)
                  2001c3c8    0000008c     rtsv7M4_T_le_eabi.lib : xfdint.obj (.text)
                  2001c454    0000008c     simplelink.a : cc_pal.obj (.text:spi_Write)
                  2001c4e0    00000088     jpeg.obj (.text:Get_ChromQtable)
                  2001c568    00000088     jpeg.obj (.text:Get_LumQtable)
                  2001c5f0    00000088     driverlib.a : prcm.obj (.text:PRCMHibernateIntervalSet)
                  2001c678    00000088                 : pin.obj (.text:PinConfigSet)
                  2001c700    00000088     rtsv7M4_T_le_eabi.lib : vsnprintf.obj (.text)
                  2001c788    00000088     simplelink.a : socket.obj (.text:sl_Bind)
                  2001c810    00000088                  : fs.obj (.text:sl_FsClose)
                  2001c898    00000086     rtsv7M4_T_le_eabi.lib : fd_cmp_t2.obj (.text:__aeabi_cdcmple)
                  2001c91e    00000086                           : fd_cmp_t2.obj (.text:__aeabi_cdrcmple)
                  2001c9a4    00000084     timer_if.obj (.text:GetPeripheralIntNum)
                  2001ca28    00000084     driverlib.a : i2c.obj (.text:I2CMasterInitExpClk)
                  2001caac    00000084     simplelink.a : cc_pal.obj (.text:NwpPowerOnPreamble)
                  2001cb30    00000084     matrix.obj (.text:f3x3matrixAeqI)
                  2001cbb4    00000084     fusion.obj (.text:fInit_6DOF_GB_BASIC)
                  2001cc38    00000080     camera_app.obj (.text:Wakeup_ImageSensor)
                  2001ccb8    00000080     simplelink.a : driver.obj (.text:_SlDrvCmdOp)
                  2001cd38    00000080                  : cc_pal.obj (.text:spi_Read_CPU)
                  2001cdb8    00000080                  : cc_pal.obj (.text:spi_Write_CPU)
                  2001ce38    00000080     timer_fns.obj (.text:start_periodicInterrupt_timer)
                  2001ceb8    0000007c     driverlib.a : prcm.obj (.text:PRCMRTCGet)
                  2001cf34    0000007c     simplelink.a : device.obj (.text:_sl_HandleAsync_InitComplete)
                  2001cfb0    0000007c     matrix.obj (.text:fmatrixAeqI)
                  2001d02c    0000007c     simplelink.a : fs.obj (.text:sl_FsGetInfo)
                  2001d0a8    0000007a     rtsv7M4_T_le_eabi.lib : fs_mul_t2.obj (.text)
                  2001d122    0000007a                           : memset_t2.obj (.text)
                  2001d19c    0000007a                           : xfdnorm.obj (.text)
                  2001d216    00000002     --HOLE-- [fill = 0]
                  2001d218    00000078     network_relater_fns.obj (.text:ConfigureMode)
                  2001d290    00000078     i2c_if.obj (.text:I2CTransact)
                  2001d308    00000078     parse_uploads.obj (.text:InitialiseParse)
                  2001d380    00000078     NWP.obj (.text:NWP_SwitchOn)
                  2001d3f8    00000078     simplelink.a : socket.obj (.text:_sl_HandleAsync_Connect)
                  2001d470    00000078                  : fs.obj (.text:sl_FsOpen)
                  2001d4e8    00000078                  : cc_pal.obj (.text:spi_Close)
                  2001d560    00000076     driverlib.a : uart.obj (.text:UARTConfigSetExpClk)
                  2001d5d6    00000002     --HOLE-- [fill = 0]
                  2001d5d8    00000074     NWP.obj (.text:NWP_SwitchOff)
                  2001d64c    00000074     camera_app.obj (.text:ReStart_CameraCapture)
                  2001d6c0    00000074     middleware.a : rtc_hal.obj (.text:rtc_value_rd)
                  2001d734    00000074     simplelink.a : socket.obj (.text:sl_Recv)
                  2001d7a8    00000073     installation.obj (.text:getInstallationCallback)
                  2001d81b    00000001     --HOLE-- [fill = 0]
                  2001d81c    00000072     timer_if.obj (.text:Timer_IF_IntSetup)
                  2001d88e    00000002     --HOLE-- [fill = 0]
                  2001d890    00000070     batteryVoltLvlSens_adc081c021.obj (.text:Get_BatteryVoltageLevel_ADC081C021)
                  2001d900    00000070     network_relater_fns.obj (.text:Network_IF_GetHostIP)
                  2001d970    00000070     appFns_LightSensor.obj (.text:PowerDown_LightSensor)
                  2001d9e0    00000070     timer_fns.obj (.text:get_timeDuration)
                  2001da50    0000006c     camera_app.obj (.text:CamControllerInit)
                  2001dabc    0000006c     lightSens_isl29035.obj (.text:PowerDown_ISL29035)
                  2001db28    0000006c     mt9d111.obj (.text:ReadImageConfigReg)
                  2001db94    0000006c     udma_if.obj (.text:UDMAInit)
                  2001dc00    0000006c     simplelink.a : driver.obj (.text:_SlDrvCmdSend)
                  2001dc6c    0000006c     matrix.obj (.text:f3x3matrixAeqMinusA)
                  2001dcd8    0000006c     request.obj (.text:parseSendRequestInternal)
                  2001dd44    0000006c     rtsv7M4_T_le_eabi.lib : autoinit.obj (.text)
                  2001ddb0    0000006c                           : fprintf.obj (.text)
                  2001de1c    0000006c                           : fs_toll_t2.obj (.text)
                  2001de88    0000006a     matrix.obj (.text:f3x3matrixAeqAxScalar)
                  2001def2    0000006a     rtsv7M4_T_le_eabi.lib : copy_decompress_rle.obj (.text)
                  2001df5c    00000069     http.obj (.text:beginHttpGetRequest)
                  2001dfc5    00000003     --HOLE-- [fill = 0]
                  2001dfc8    00000068     driverlib.a : prcm.obj (.text:PRCMHibernateWakeUpGPIOSelect)
                  2001e030    00000068     mt9d111.obj (.text:StartSensorInJpegMode)
                  2001e098    00000068     simplelink.a : netapp.obj (.text:_sl_NetAppSendTokenValue)
                  2001e100    00000068     cc3200_utils.obj (.text:fetchDeviceOSVersion)
                  2001e168    00000068     rtsv7M4_T_le_eabi.lib : trgmsg.obj (.text)
                  2001e1d0    00000068     simplelink.a : device.obj (.text:sl_DevSet)
                  2001e238    00000068                  : netcfg.obj (.text:sl_NetCfgSet)
                  2001e2a0    00000068                  : socket.obj (.text:sl_SetSockOpt)
                  2001e308    00000068                  : wlan.obj (.text:sl_WlanSet)
                  2001e370    00000066     matrix.obj (.text:f3x3matrixAeqScalar)
                  2001e3d6    00000066     rtsv7M4_T_le_eabi.lib : xdunscal.obj (.text)
                  2001e43c    00000064                           : fseek.obj (.text)
                  2001e4a0    00000064     cc3200_socket.obj (.text:socketWait)
                  2001e504    00000064     tempRHSens_si7020.obj (.text:softResetTempRHSensor)
                  2001e568    00000064     driverlib.a : udma.obj (.text:uDMAChannelAttributeDisable)
                  2001e5cc    00000064                 : udma.obj (.text:uDMAChannelAttributeEnable)
                  2001e630    00000060     mt9d111.obj (.text:CCMRegs_Read)
                  2001e690    00000060     watchdog.obj (.text:WatchdogIntHandler)
                  2001e6f0    00000060     rtsv7M4_T_le_eabi.lib : fs_cmp_t2.obj (.text:__aeabi_cfcmple)
                  2001e750    00000060                           : fs_cmp_t2.obj (.text:__aeabi_cfrcmple)
                  2001e7b0    00000060     simplelink.a : socket.obj (.text:_sl_HandleAsync_Accept)
                  2001e810    00000060     main_FXOS8700.obj (.text:fxosDefault_Initializations)
                  2001e870    00000060     rtsv7M4_T_le_eabi.lib : sprintf.obj (.text)
                  2001e8d0    00000060     simplelink.a : wlan.obj (.text:sl_WlanPolicySet)
                  2001e930    00000060     accelomtrMagntomtr_fxos8700.obj (.text:standby_accelMagn_fxos8700)
                  2001e990    0000005c     accelomtrMagntomtr_fxos8700.obj (.text:getAccelMagntData)
                  2001e9ec    0000005c     lightSens_isl29035.obj (.text:getLightsensor_intrptStatus)
                  2001ea48    0000005c     simplelink.a : socket.obj (.text:sl_Socket)
                  2001eaa4    00000058     driverlib.a : interrupt.obj (.text:IntPendClear)
                  2001eafc    00000058     mt9d111.obj (.text:PCLK_Rate_read)
                  2001eb54    00000058     driverlib.a : prcm.obj (.text:PRCMPeripheralReset)
                  2001ebac    00000056     rtsv7M4_T_le_eabi.lib : ltoa.obj (.text)
                  2001ec02    00000056                           : xfdunsca.obj (.text)
                  2001ec58    00000054     driverlib.a : interrupt.obj (.text:IntPrioritySet)
                  2001ecac    00000054     simplelink.a : socket.obj (.text:_sl_HandleAsync_Select)
                  2001ed00    00000054     approximations.obj (.text:fasin_deg)
                  2001ed54    00000054     request.obj (.text:headerSend)
                  2001eda8    00000054     simplelink.a : wlan.obj (.text:sl_WlanRxFilterSet)
                  2001edfc    00000051     installation.obj (.text:createInstallationCallback)
                  2001ee4d    00000003     --HOLE-- [fill = 0]
                  2001ee50    00000050     i2c_if.obj (.text:I2C_IF_Open)
                  2001eea0    00000050     driverlib.a : prcm.obj (.text:PRCMSlowClkCtrGet)
                  2001eef0    00000050     camera_app.obj (.text:Restart_Camera)
                  2001ef40    00000050     simplelink.a : device.obj (.text:_sl_HandleAsync_Stop)
                  2001ef90    00000050     mt9d111.obj (.text:disableAE)
                  2001efe0    00000050     mt9d111.obj (.text:disableAWB)
                  2001f030    00000050     mt9d111.obj (.text:enableAWB)
                  2001f080    00000050     main_FXOS8700.obj (.text:get_angle)
                  2001f0d0    00000050     rtsv7M4_T_le_eabi.lib : fs_toull_t2.obj (.text)
                  2001f120    00000050     simplelink.a : fs.obj (.text:sl_FsDel)
                  2001f170    0000004c     tasks.obj (.text:RdSensData_Init)
                  2001f1bc    0000004c     driverlib.a : spi.obj (.text:SPIIntEnable)
                  2001f208    0000004c     watchdog.obj (.text:WDT_init)
                  2001f254    0000004c     simplelink.a : driver.obj (.text:_SlDrvProtectAsyncRespSetting)
                  2001f2a0    0000004c                  : driver.obj (.text:_SlDrvRxIrqHandler)
                  2001f2ec    0000004c                  : socket.obj (.text:_sl_BuildAddress)
                  2001f338    0000004c     rtsv7M4_T_le_eabi.lib : atoi.obj (.text)
                  2001f384    0000004c                           : atol.obj (.text)
                  2001f3d0    0000004c                           : cpy_tbl.obj (.text)
                  2001f41c    0000004c                           : rand.obj (.text)
                  2001f468    0000004c     driverlib.a : udma.obj (.text:uDMAChannelAssign)
                  2001f4b4    0000004c     middleware.a : util64.obj (.text:util_u32_nsec_add)
                  2001f500    0000004a     rtsv7M4_T_le_eabi.lib : fd_tos_t2.obj (.text)
                  2001f54a    00000002     --HOLE-- [fill = 0]
                  2001f54c    00000048     driverlib.a : prcm.obj (.text:PRCMHibernateWakeupSourceDisable)
                  2001f594    00000048                 : prcm.obj (.text:PRCMHibernateWakeupSourceEnable)
                  2001f5dc    00000048                 : spi.obj (.text:SPIIntClear)
                  2001f624    00000048     mt9d111.obj (.text:Variable_Read)
                  2001f66c    00000048     simplelink.a : driver.obj (.text:_SlDrvBasicCmd)
                  2001f6b4    00000048     http.obj (.text:addHttpRequestLine)
                  2001f6fc    00000048     approximations.obj (.text:fatan_15deg)
                  2001f744    00000048     rtsv7M4_T_le_eabi.lib : fd_toi_t2.obj (.text)
                  2001f78c    00000046                           : ldexp.obj (.text)
                  2001f7d2    00000002     --HOLE-- [fill = 0]
                  2001f7d4    00000044     driverlib.a : spi.obj (.text:SPIDmaMaskGet)
                  2001f818    00000044                 : timer.obj (.text:TimerConfigure)
                  2001f85c    00000044     udma_if.obj (.text:UDMASetupTransfer)
                  2001f8a0    00000044     simplelink.a : cc_pal.obj (.text:cc_SetupTransfer)
                  2001f8e4    00000044     main_FXOS8700.obj (.text:fxos_Calibration)
                  2001f928    00000044     rtsv7M4_T_le_eabi.lib : exit.obj (.text)
                  2001f96c    00000044                           : fd_tou_t2.obj (.text)
                  2001f9b0    00000042     simplelink.a : socket.obj (.text:sl_Htonl)
                  2001f9f2    00000002     --HOLE-- [fill = 0]
                  2001f9f4    00000040     camera_app.obj (.text:ImagCapture_Init)
                  2001fa34    00000040     driverlib.a : pin.obj (.text:PinModeSet)
                  2001fa74    00000040     mt9d111.obj (.text:Variable_Write)
                  2001fab4    00000040     wdt_if.obj (.text:WDT_IF_Init)
                  2001faf4    00000040     http.obj (.text:getHttpResponseBody)
                  2001fb34    00000040     rtsv7M4_T_le_eabi.lib : signal.obj (.text)
                  2001fb74    00000040     timer_fns.obj (.text:start_1Sec_TimeoutTimer)
                  2001fbb4    0000003e     rtsv7M4_T_le_eabi.lib : strncasecmp.obj (.text)
                  2001fbf2    0000003c     simplelink.a : netapp.obj (.text:CopyPingResultsToReport)
                  2001fc2e    00000002     --HOLE-- [fill = 0]
                  2001fc30    0000003c     tasks.obj (.text:Fusion_Init)
                  2001fc6c    0000003c     ota.obj (.text:OTA_Init)
                  2001fca8    0000003c     driverlib.a : prcm.obj (.text:PRCMPeripheralClkEnable)
                  2001fce4    0000003c                 : prcm.obj (.text:PRCMSlowClkCtrFastGet)
                  2001fd20    0000003c     mt9d111.obj (.text:Reg_Read)
                  2001fd5c    0000003c     simplelink.a : socket.obj (.text:_sl_TruncatePayloadByProtocol)
                  2001fd98    0000003c     rtsv7M4_T_le_eabi.lib : boot.obj (.text)
                  2001fdd4    0000003c     simplelink.a : socket.obj (.text:sl_Htons)
                  2001fe10    0000003c     timer_fns.obj (.text:start_100mSecTimer)
                  2001fe4c    0000003c     driverlib.a : udma.obj (.text:uDMAChannelControlSet)
                  2001fe88    0000003a                 : camera.obj (.text:CameraCaptureStop)
                  2001fec2    0000003a                 : camera.obj (.text:CameraXClkConfig)
                  2001fefc    0000003a     appFns_LightSensor.obj (.text:IsLightOff)
                  2001ff36    0000003a     mt9d111.obj (.text:Reg_Write)
                  2001ff70    0000003a     orientation.obj (.text:fLPFScalar)
                  2001ffaa    0000003a     request.obj (.text:parseSendRequest)
                  2001ffe4    00000039     http.obj (.text:addHttpRequestHeader)
                  2002001d    00000003     --HOLE-- [fill = 0]
                  20020020    00000038     main.obj (.text:BoardInit)
                  20020058    00000038     LED_timer.obj (.text:LEDTimer_Enable)
                  20020090    00000038     simplelink.a : cc_pal.obj (.text:NwpPowerOff)
                  200200c8    00000038     free_rtos.a : heap_3.obj (.text)
                  20020100    00000038     rtsv7M4_T_le_eabi.lib : fs_tod_t2.obj (.text)
                  20020138    00000038                           : fs_toi_t2.obj (.text)
                  20020170    00000038                           : i_tofs_t2.obj (.text)
                  200201a8    00000036     driverlib.a : gpio.obj (.text:GPIODirModeSet)
                  200201de    00000036     simplelink.a : netapp.obj (.text:sl_NetAppMDNSUnRegisterService)
                  20020214    00000035     http.obj (.text:beginHttpRequest)
                  20020249    00000001     --HOLE-- [fill = 0]
                  2002024a    00000034     driverlib.a : camera.obj (.text:CameraParamsConfig)
                  2002027e    00000002     --HOLE-- [fill = 0]
                  20020280    00000034     LED_timer.obj (.text:LEDTimer_Start)
                  200202b4    00000034     driverlib.a : prcm.obj (.text:PRCMPeripheralStatusGet)
                  200202e8    00000034                 : spi.obj (.text:SPIFIFOLevelSet)
                  2002031c    00000034     http.obj (.text:getHttpResponseStatus)
                  20020350    00000034     rtsv7M4_T_le_eabi.lib : feraiseexcept.obj (.text)
                  20020384    00000034                           : fs_tou_t2.obj (.text)
                  200203b8    00000034                           : strstr.obj (.text)
                  200203ec    00000032     timer_if.obj (.text:Timer_IF_Init)
                  2002041e    00000030     driverlib.a : pin.obj (.text:PinTypeGPIO)
                  2002044e    00000002     --HOLE-- [fill = 0]
                  20020450    00000030                 : uart.obj (.text:UARTDisable)
                  20020480    00000030     simplelink.a : device.obj (.text:_SlDrvDeviceEventHandler)
                  200204b0    00000030                  : fs.obj (.text:_sl_Strlen)
                  200204e0    00000030     middleware.a : rtc_hal.obj (.text:hw_access_time_addup)
                  20020510    00000030     rtsv7M4_T_le_eabi.lib : strncpy.obj (.text)
                  20020540    00000030                           : xferaise.obj (.text)
                  20020570    00000030     simplelink.a : socket.obj (.text:sl_Close)
                  200205a0    00000030                  : wlan.obj (.text:sl_WlanProfileDel)
                  200205d0    00000030                  : wlan.obj (.text:sl_WlanSetMode)
                  20020600    00000030     timer_fns.obj (.text:stop_periodicInterrupt_timer)
                  20020630    0000002e     rtsv7M4_T_le_eabi.lib : i_tofd_t2.obj (.text)
                  2002065e    0000002e                           : raise.obj (.text)
                  2002068c    0000002d     http.obj (.text:addHttpRequestHeaderInt)
                  200206b9    00000003     --HOLE-- [fill = 0]
                  200206bc    0000002c     tasks.obj (.text:ApplyMagHAL)
                  200206e8    0000002c     driverlib.a : camera.obj (.text:CameraIntEnable)
                  20020714    0000002c     simplelink.a : cc_pal.obj (.text:DmaSpiSwIntHandler)
                  20020740    0000002c     driverlib.a : i2c.obj (.text:I2CMasterErr)
                  2002076c    0000002c     timer_fns.obj (.text:IntHandler_1Sec_TimeoutTimer)
                  20020798    0000002c     driverlib.a : prcm.obj (.text:PRCMSysResetCauseGet)
                  200207c4    0000002c     mt9d111.obj (.text:SoftReset_ImageSensor)
                  200207f0    0000002c     cc3200_utils.obj (.text:getDeviceTimeDate)
                  2002081c    0000002c     request.obj (.text:setDataBufferPointer)
                  20020848    0000002a     driverlib.a : timer.obj (.text:TimerLoadSet)
                  20020872    0000002a                 : timer.obj (.text:TimerPrescaleSet)
                  2002089c    0000002a     rtsv7M4_T_le_eabi.lib : xdclass.obj (.text)
                  200208c6    0000002a     middleware.a : util64.obj (.text:util_u64_time_add)
                  200208f0    00000029     ota.obj (.text:OTA_Update)
                  20020919    00000003     --HOLE-- [fill = 0]
                  2002091c    00000028     driverlib.a : camera.obj (.text:CameraIntStatus)
                  20020944    00000028     uartA1_if.obj (.text:InitTerm)
                  2002096c    00000028     driverlib.a : prcm.obj (.text:IsRTCUsed)
                  20020994    00000028     uartA1_if.obj (.text:Message)
                  200209bc    00000028     driverlib.a : prcm.obj (.text:PRCMPeripheralClkDisable)
                  200209e4    00000028     rtsv7M4_T_le_eabi.lib : strncat.obj (.text)
                  20020a0c    00000028     simplelink.a : netapp.obj (.text:sl_NetAppStart)
                  20020a34    00000028                  : netapp.obj (.text:sl_NetAppStop)
                  20020a5c    00000026     driverlib.a : camera.obj (.text:CameraThresholdSet)
                  20020a82    00000026     simplelink.a : cc_pal.obj (.text:NwpRegisterInterruptHandler)
                  20020aa8    00000026     rtsv7M4_T_le_eabi.lib : strncmp.obj (.text)
                  20020ace    00000002     --HOLE-- [fill = 0]
                  20020ad0    00000024     driverlib.a : camera.obj (.text:CameraIntClear)
                  20020af4    00000024     timer_fns.obj (.text:IntHandler_100mSecTimer)
                  20020b18    00000024     driverlib.a : interrupt.obj (.text:IntUnregister)
                  20020b3c    00000024                 : prcm.obj (.text:RTCU16MSecRegRead)
                  20020b60    00000024     timer_if.obj (.text:Timer_IF_Start)
                  20020b84    00000024     driverlib.a : uart.obj (.text:UARTEnable)
                  20020ba8    00000024     mt9d111.obj (.text:WriteAllAEnAWBRegs)
                  20020bcc    00000024     simplelink.a : driver.obj (.text:_SlDrvProtectionObjLockWaitForever)
                  20020bf0    00000024     main_FXOS8700.obj (.text:magnetometer_initialize)
                  20020c14    00000024     timer_fns.obj (.text:reload_periodicTimer)
                  20020c38    00000024     rtsv7M4_T_le_eabi.lib : u_tofs_t2.obj (.text)
                  20020c5c    00000022     driverlib.a : camera.obj (.text:CameraCaptureStart)
                  20020c7e    00000022                 : i2c.obj (.text:I2CMasterSlaveAddrSet)
                  20020ca0    00000022     simplelink.a : socket.obj (.text:SL_FD_SET)
                  20020cc2    00000022     driverlib.a : spi.obj (.text:SPIReset)
                  20020ce4    00000022                 : spi.obj (.text:SPIWordCountSet)
                  20020d06    00000022     rtsv7M4_T_le_eabi.lib : frexp.obj (.text)
                  20020d28    00000022                           : memcmp.obj (.text)
                  20020d4a    00000020     driverlib.a : gpio.obj (.text:GPIOPinWrite)
                  20020d6a    00000002     --HOLE-- [fill = 0]
                  20020d6c    00000020                 : interrupt.obj (.text:IntRegister)
                  20020d8c    00000020     simplelink.a : cc_pal.obj (.text:NwpPowerOn)
                  20020dac    00000020     mt9d111.obj (.text:Refresh_mt9d111Firmware)
                  20020dcc    00000020     reset.obj (.text:Reset_byStarvingWDT)
                  20020dec    00000020     simplelink.a : driver.obj (.text:_SlDrvProtectionObjUnLock)
                  20020e0c    00000020     rtsv7M4_T_le_eabi.lib : memchr.obj (.text)
                  20020e2c    00000020                           : u_tofd_t2.obj (.text)
                  20020e4c    0000001e     driverlib.a : i2c.obj (.text:I2CMasterIntStatusEx)
                  20020e6a    0000001e                 : timer.obj (.text:TimerDisable)
                  20020e88    0000001e                 : timer.obj (.text:TimerEnable)
                  20020ea6    0000001e                 : timer.obj (.text:TimerIntStatus)
                  20020ec4    0000001e                 : uart.obj (.text:UARTCharPut)
                  20020ee2    0000001e     simplelink.a : cc_pal.obj (.text:cc_UDMAChannelSelect)
                  20020f00    0000001e     rtsv7M4_T_le_eabi.lib : strcat.obj (.text)
                  20020f1e    00000002     --HOLE-- [fill = 0]
                  20020f20    0000001c     tasks.obj (.text:ApplyAccelHAL)
                  20020f3c    0000001c     mt9d111.obj (.text:CameraSensorInit)
                  20020f58    0000001c     udma_if.obj (.text:DmaSwIntHandler)
                  20020f74    0000001c     driverlib.a : pin.obj (.text:PinTypeI2C)
                  20020f90    0000001c                 : timer.obj (.text:TimerValueGet)
                  20020fac    0000001c     simplelink.a : driver.obj (.text:_SlDrvObjLockWaitForever)
                  20020fc8    0000001c                  : driver.obj (.text:_SlDrvSyncObjWaitForever)
                  20020fe4    0000001c     rtsv7M4_T_le_eabi.lib : memccpy.obj (.text)
                  20021000    0000001c     timer_fns.obj (.text:stop_100mSecTimer)
                  2002101c    0000001c     timer_fns.obj (.text:stop_1Sec_TimeoutTimer)
                  20021038    0000001c     driverlib.a : udma.obj (.text:uDMAChannelDisable)
                  20021054    0000001c                 : udma.obj (.text:uDMAChannelEnable)
                  20021070    0000001c     main.obj (.text:vApplicationMallocFailedHook)
                  2002108c    0000001a     driverlib.a : pin.obj (.text:PinTypeCamera)
                  200210a6    0000001a                 : pin.obj (.text:PinTypeUART)
                  200210c0    0000001a                 : spi.obj (.text:SPIDmaDisable)
                  200210da    0000001a                 : spi.obj (.text:SPIDmaEnable)
                  200210f4    0000001a                 : spi.obj (.text:SPIFIFODisable)
                  2002110e    0000001a                 : spi.obj (.text:SPIFIFOEnable)
                  20021128    00000018                 : camera.obj (.text:CameraReset)
                  20021140    00000018     startup_ccs.obj (.text:FaultISR)
                  20021158    00000018     driverlib.a : gpio.obj (.text:GPIOPinRead)
                  20021170    00000018     timer_fns.obj (.text:ISR_periodicInterrupt_timer)
                  20021188    00000018     app_common.obj (.text:LED_Off)
                  200211a0    00000018     app_common.obj (.text:LED_On)
                  200211b8    00000018     driverlib.a : prcm.obj (.text:PRCMHibernateEnter)
                  200211d0    00000018                 : spi.obj (.text:SPICSDisable)
                  200211e8    00000018                 : spi.obj (.text:SPICSEnable)
                  20021200    00000018                 : spi.obj (.text:SPIDisable)
                  20021218    00000018                 : spi.obj (.text:SPIEnable)
                  20021230    00000018                 : timer.obj (.text:TimerIntEnable)
                  20021248    00000018     timer_if.obj (.text:Timer_IF_InterruptClear)
                  20021260    00000018     driverlib.a : wdt.obj (.text:WatchdogStallEnable)
                  20021278    00000018                 : wdt.obj (.text:WatchdogUnlock)
                  20021290    00000018     simplelink.a : driver.obj (.text:_SlDrvObjUnLock)
                  200212a8    00000018                  : driver.obj (.text:_SlDrvSyncObjSignal)
                  200212c0    00000018                  : device.obj (.text:_sl_GetStartResponseConvert)
                  200212d8    00000018     middleware.a : rtc_hal.obj (.text:get_value)
                  200212f0    00000018     rtsv7M4_T_le_eabi.lib : args_main.obj (.text)
                  20021308    00000018                           : strcmp.obj (.text)
                  20021320    00000016     driverlib.a : camera.obj (.text:CameraDMAEnable)
                  20021336    00000016                 : camera.obj (.text:CameraIntRegister)
                  2002134c    00000016                 : i2c.obj (.text:I2CMasterDataPut)
                  20021362    00000016                 : i2c.obj (.text:I2CMasterEnable)
                  20021378    00000016                 : prcm.obj (.text:PRCMHIBRegRead)
                  2002138e    00000016                 : prcm.obj (.text:PRCMHIBRegWrite)
                  200213a4    00000016                 : wdt.obj (.text:WatchdogEnable)
                  200213ba    00000016     simplelink.a : driver.obj (.text:_SlDrvMemZero)
                  200213d0    00000016     rtsv7M4_T_le_eabi.lib : strchr.obj (.text)
                  200213e6    00000014     driverlib.a : cpu.obj (.text:CPUcpsie)
                  200213fa    00000002     --HOLE-- [fill = 0]
                  200213fc    00000014                 : interrupt.obj (.text:IntVTableBaseSet)
                  20021410    00000014     LED_timer.obj (.text:LEDTimer_Stop)
                  20021424    00000014     mt9d111.obj (.text:SetShutterWidth)
                  20021438    00000014     rtsv7M4_T_le_eabi.lib : _lock.obj (.text)
                  2002144c    00000014                           : strcpy.obj (.text)
                  20021460    00000014                           : strlen.obj (.text)
                  20021474    00000014     driverlib.a : udma.obj (.text:uDMAControlBaseSet)
                  20021488    00000014                 : udma.obj (.text:uDMAIntClear)
                  2002149c    00000012                 : i2c.obj (.text:I2CMasterControl)
                  200214ae    00000012                 : i2c.obj (.text:I2CMasterIntClearEx)
                  200214c0    00000012                 : i2c.obj (.text:I2CMasterTimeoutSet)
                  200214d2    00000012                 : timer.obj (.text:TimerIntClear)
                  200214e4    00000012                 : wdt.obj (.text:WatchdogReloadSet)
                  200214f6    00000002     --HOLE-- [fill = 0]
                  200214f8    00000010                 : prcm.obj (.text:PRCMSOCReset)
                  20021508    00000010                 : prcm.obj (.text:RTCU32SecRegRead)
                  20021518    00000010     simplelink.a : socket.obj (.text:SL_FD_ZERO)
                  20021528    00000010     timer_if.obj (.text:Timer_IF_Stop)
                  20021538    00000010     driverlib.a : wdt.obj (.text:WatchdogIntClear)
                  20021548    00000010     cc3200_socket.obj (.text:socketClose)
                  20021558    0000000e     driverlib.a : i2c.obj (.text:I2CMasterDataGet)
                  20021566    0000000e     simplelink.a : driver.obj (.text:_SlDrvResetCmdExt)
                  20021574    0000000e     rtsv7M4_T_le_eabi.lib : copy_decompress_none.obj (.text:decompress:none)
                  20021582    0000000c     udma_if.obj (.text:DmaErrorIntHandler)
                  2002158e    00000002     --HOLE-- [fill = 0]
                  20021590    0000000c     simplelink.a : cc_pal.obj (.text:NwpMaskInterrupt)
                  2002159c    0000000c                  : cc_pal.obj (.text:NwpUnMaskInterrupt)
                  200215a8    0000000c     middleware.a : rtc_hal.obj (.text:cc_rtc_get)
                  200215b4    0000000c     rtsv7M4_T_le_eabi.lib : copy_zero_init.obj (.text:decompress:ZI)
                  200215c0    0000000c     parse_impl.obj (.text:getInternalClient)
                  200215cc    0000000c     simplelink.a : wlan.obj (.text:sl_WlanDisconnect)
                  200215d8    0000000c     driverlib.a : udma.obj (.text:uDMAEnable)
                  200215e4    0000000c                 : udma.obj (.text:uDMAIntStatus)
                  200215f0    0000000a                 : interrupt.obj (.text:IntMasterEnable)
                  200215fa    0000000a     main.obj (.text:vApplicationStackOverflowHook)
                  20021604    00000008     hibernate_related_fns.obj (.text:sensorsTriggerSetup)
                  2002160c    00000006     i2cconfig.obj (.text:MT9D111Delay)
                  20021612    00000006     startup_ccs.obj (.text:ResetISR)
                  20021618    00000006     driverlib.a : utils.obj (.text:UtilsDelay)
                  2002161e    00000006     rtsv7M4_T_le_eabi.lib : copy_decompress_rle.obj (.text:decompress:rle24)
                  20021624    00000006                           : logf.obj (.text)
                  2002162a    00000006                           : sinf.obj (.text)
                  20021630    00000004                           : error.obj (.text)
                  20021634    00000004                           : pre_init.obj (.text)

.const     0    20021638    00001361     
                  20021638    00000170     mt9d111.obj (.const:capture_cmds_list)
                  200217a8    00000140     mt9d111.obj (.const:init_cmds_list)
                  200218e8    00000101     rtsv7M4_T_le_eabi.lib : ctype.obj (.const:.string:_ctypes_)
                  200219e9    00000003     --HOLE-- [fill = 0]
                  200219ec    00000100     driverlib.a : pin.obj (.const:g_ulPinToPadMap)
                  20021aec    000000f8     mt9d111.obj (.const:$P$T18$19)
                  20021be4    000000d4     driverlib.a : interrupt.obj (.const:g_pulRegs)
                  20021cb8    000000cc     mt9d111.obj (.const)
                  20021d84    000000b0     simplelink.a : wlan.obj (.const:$P$T0$1)
                  20021e34    000000a8     driverlib.a : prcm.obj (.const:PRCM_PeriphRegsList)
                  20021edc    000000a4     mt9d111.obj (.const:$P$T2$3)
                  20021f80    0000009e     mt9d111.obj (.const:.string)
                  2002201e    00000088     network_relater_fns.obj (.const:.string)
                  200220a6    00000085     lightSens_isl29035.obj (.const:.string)
                  2002212b    00000081     parse_uploads.obj (.const:.string)
                  200221ac    00000080     driverlib.a : interrupt.obj (.const)
                  2002222c    0000007a     camera_app.obj (.const:.string)
                  200222a6    00000074     user_configure_fn.obj (.const:.string)
                  2002231a    00000068     mt9d111.obj (.const:$P$T17$18)
                  20022382    00000002     --HOLE-- [fill = 0]
                  20022384    00000068     appFns_BatteryLevelSense.obj (.const:V2CEntry$1)
                  200223ec    00000054     mt9d111.obj (.const:$P$T22$23)
                  20022440    00000050     accelomtrMagntomtr_fxos8700.obj (.const:.string)
                  20022490    0000004c     mt9d111.obj (.const:$P$T6$7)
                  200224dc    0000004b     tempRHSens_si7020.obj (.const:.string)
                  20022527    0000003c     i2c_app.obj (.const:.string)
                  20022563    00000001     --HOLE-- [fill = 0]
                  20022564    0000003c     simplelink.a : driver.obj (.const:OpcodeTranslateTable)
                  200225a0    0000003c                  : wlan.obj (.const)
                  200225dc    00000038                  : driver.obj (.const:_SlActionLookupTable)
                  20022614    00000038     rtsv7M4_T_le_eabi.lib : xflog.obj (.const)
                  2002264c    00000038     simplelink.a : fs.obj (.const)
                  20022684    00000036     flash_files.obj (.const:.string)
                  200226ba    00000002     --HOLE-- [fill = 0]
                  200226bc    00000034     rtsv7M4_T_le_eabi.lib : xfatan.obj (.const)
                  200226f0    00000034     simplelink.a : driver.obj (.const)
                  20022724    00000034                  : socket.obj (.const)
                  20022758    0000002c     network_relater_fns.obj (.const:$P$T1$2)
                  20022784    00000029     network_relater_fns.obj (.const)
                  200227ad    00000003     --HOLE-- [fill = 0]
                  200227b0    00000028     rtsv7M4_T_le_eabi.lib : xfdint.obj (.const)
                  200227d8    00000028                           : xfsin.obj (.const)
                  20022800    00000028     simplelink.a : netapp.obj (.const)
                  20022828    00000024     network_relater_fns.obj (.const:g_acMonthOfYear)
                  2002284c    00000023     batteryVoltLvlSens_adc081c021.obj (.const:.string:$P$T0$1)
                  2002286f    00000023     parse_uploads.obj (.const:.string:$P$T5$6)
                  20022892    00000022     network_relater_fns.obj (.const:.string:$P$T0$1)
                  200228b4    0000001c     rtsv7M4_T_le_eabi.lib : tanf.obj (.const)
                  200228d0    0000001c                           : xfexp.obj (.const)
                  200228ec    00000018     driverlib.a : spi.obj (.const)
                  20022904    00000017     request.obj (.const:.string)
                  2002291b    00000016     appFns_LightSensor.obj (.const:.string)
                  20022931    00000001     --HOLE-- [fill = 0]
                  20022932    00000014     simplelink.a : device.obj (.const)
                  20022946    00000013     SendObject_ToParse.obj (.const:.string)
                  20022959    00000010     simplelink.a : socket.obj (.const:.string)
                  20022969    0000000f     application_fn.obj (.const:.string)
                  20022978    0000000b     app_common.obj (.const:.string)
                  20022983    00000008     simplelink.a : device.obj (.const:.string)
                  2002298b    00000001     --HOLE-- [fill = 0]
                  2002298c    00000008                  : netcfg.obj (.const)
                  20022994    00000005     main.obj (.const:.string)

.cinit     0    200229a0    00000598     
                  200229a0    0000056d     (.cinit..data.load) [load image, compression = rle]
                  20022f0d    00000003     --HOLE-- [fill = 0]
                  20022f10    0000000c     (__TI_handler_table)
                  20022f1c    00000004     --HOLE-- [fill = 0]
                  20022f20    00000008     (.cinit..bss.load) [load image, compression = zero_init]
                  20022f28    00000010     (__TI_cinit_table)

.init_array 
*          0    20004000    00000000     UNINITIALIZED

.bss       0    20023c00    0001708b     UNINITIALIZED
                  20023c00    00014000     main.obj (.bss:g_image_buffer)
                  20037c00    00000b58     tasks.obj (.bss:thisMagBuffer)
                  20038758    000005a0     ota.a : OtaHttp.obj (.bss:recv_buf)
                  20038cf8    0000044c           : OtaClient.obj (.bss:g_OtaCheckUpdateResponse)
                  20039144    00000418     user_configure_fn.obj (.bss:thisMagCal)
                  2003955c    00000240     ota.obj (.bss:g_otaOptServerInfo)
                  2003979c    00000058     tasks.obj (.bss:thisMag)
                  200397f4    0000000c     (.common:g_SecParams)
                  20039800    00000400     udma_if.obj (.bss:gpCtlTbl)
                  20039c00    000003d8     ota.a : OtaClient.obj (.bss:g_OtaFileMetadata)
                  20039fd8    00000200           : OtaHttp.obj (.bss:send_buf)
                  2003a1d8    00000178     simplelink.a : driver.obj (.bss:g_StatMem)
                  2003a350    00000120     rtsv7M4_T_le_eabi.lib : trgmsg.obj (.bss:__CIOBUF_)
                  2003a470    00000100     udma_if.obj (.bss:gfpAppCallbackHndl)
                  2003a570    000000c8     free_rtos.a : tasks.obj (.bss:pxReadyTasksLists)
                  2003a638    000000ac     tasks.obj (.bss:thisSV_6DOF_GB_BASIC)
                  2003a6e4    000000a0     rtsv7M4_T_le_eabi.lib : defs.obj (.bss:__TI_tmpnams)
                  2003a784    00000074     ota.a : CdnClient.obj (.bss:g_CdnClient)
                  2003a7f8    00000050     simplelink.a : cc_pal.obj (.bss:g_ucDinDout)
                  2003a848    00000050     free_rtos.a : queue.obj (.bss:xQueueRegistry)
                  2003a898    0000004c     ota.a : OtaApp.obj (.bss:g_OtaApp)
                  2003a8e4    0000004c           : OtaApp.obj (.bss:g_OtaApp_statistics)
                  2003a930    00000040     network_relater_fns.obj (.bss:g_TimeData)
                  2003a970    00000034     cc3200_client_state.obj (.bss:clientStateFileName)
                  2003a9a4    00000034     main.obj (.bss:g_cWlanSecurityKey)
                  2003a9d8    00000034     tasks.obj (.bss:thisAccel)
                  2003aa0c    00000024     ota.a : OtaClient.obj (.bss:g_OtaClient)
                  2003aa30    00000024     main.obj (.bss:g_cWlanSSID)
                  2003aa54    00000024     main.obj (.bss:g_ucConnectionSSID)
                  2003aa78    0000001c     rtsv7M4_T_le_eabi.lib : vla_alloc.obj (.bss)
                  2003aa94    00000014     (.common:g_FlcSflashCb)
                  2003aaa8    00000014     (.common:g_flag_blockFull)
                  2003aabc    00000014     (.common:xDelayedTaskList1)
                  2003aad0    00000014     (.common:xDelayedTaskList2)
                  2003aae4    00000014     (.common:xPendingReadyList)
                  2003aaf8    00000014     (.common:xSuspendedTaskList)
                  2003ab0c    00000014     (.common:xTasksWaitingTermination)
                  2003ab20    00000010     (.common:ang_buf)
                  2003ab30    00000010     (.common:g_cResponseObjectID)
                  2003ab40    00000010     (.common:globals)
                  2003ab50    00000010     (.common:mqxglobals)
                  2003ab60    00000008     (.common:g_Gain)
                  2003ab68    00000008     (.common:g_LogClient)
                  2003ab70    00000008     (.common:g_Struct_TimeStamp_MaxAngle)
                  2003ab78    00000008     (.common:g_Struct_TimeStamp_MinAngle)
                  2003ab80    00000008     (.common:g_Struct_TimeStamp_OpenAngle)
                  2003ab88    00000008     (.common:g_Struct_TimeStamp_SnapAngle)
                  2003ab90    00000008     (.common:g_TimeStamp_CamUp)
                  2003ab98    00000008     (.common:g_TimeStamp_DoorClosed)
                  2003aba0    00000008     (.common:g_TimeStamp_MaxAngle)
                  2003aba8    00000008     (.common:g_TimeStamp_MinAngle)
                  2003abb0    00000008     (.common:g_TimeStamp_NWPUp)
                  2003abb8    00000008     (.common:g_TimeStamp_OpenAngle)
                  2003abc0    00000008     (.common:g_TimeStamp_PhotoSnap)
                  2003abc8    00000008     (.common:g_TimeStamp_PhotoUploaded)
                  2003abd0    00000008     (.common:g_TimeStamp_SnapAngle)
                  2003abd8    00000008     (.common:g_TimeStamp_cc3200Up)
                  2003abe0    00000008     (.common:g_ucConnectionBSSID)
                  2003abe8    00000008     (.common:parmbuf)
                  2003abf0    00000008     (.common:sBootInfo)
                  2003abf8    00000004     (.common:DMAMsgQ)
                  2003abfc    00000004     (.common:Elapsed_100MilliSecs)
                  2003ac00    00000004     (.common:Elapsed_1Secs)
                  2003ac04    00000004     (.common:__Errorlog)
                  2003ac08    00000004     (.common:angle_avg)
                  2003ac0c    00000004     (.common:dataBuffer)
                  2003ac10    00000004     (.common:g_angleOffset_to180)
                  2003ac14    00000004     (.common:g_block_lastFilled)
                  2003ac18    00000004     (.common:g_cDummy)
                  2003ac1c    00000004     (.common:g_cWlanSecurityType)
                  2003ac20    00000004     (.common:g_frame_size_in_bytes)
                  2003ac24    00000004     (.common:g_position_in_block)
                  2003ac28    00000004     (.common:g_readHeader)
                  2003ac2c    00000004     (.common:g_total_dma_intrpts)
                  2003ac30    00000004     (.common:g_ulAppStatus)
                  2003ac34    00000004     (.common:g_ulAppTimeout_ms)
                  2003ac38    00000004     (.common:g_ulReloadVal)
                  2003ac3c    00000004     (.common:g_ulSimplelinkStatus)
                  2003ac40    00000004     (.common:g_ulWatchdogCycles)
                  2003ac44    00000004     (.common:gdoor_40deg_angle)
                  2003ac48    00000004     (.common:gdoor_90deg_angle)
                  2003ac4c    00000004     (.common:gdoor_OpenDeg_angle)
                  2003ac50    00000004     (.common:pvOtaApp)
                  2003ac54    00000004     (.common:pxDelayedTaskList)
                  2003ac58    00000004     (.common:pxOverflowDelayedTaskList)
                  2003ac5c    00000002     (.common:g_RawMaxAngle)
                  2003ac5e    00000002     (.common:g_RawMinAngle)
                  2003ac60    00000002     (.common:g_fMaxAngle)
                  2003ac62    00000002     (.common:g_fMinAngle)
                  2003ac64    00000001     (.common:RxIrqCnt)
                  2003ac65    00000001     (.common:avg_buffer_cnt)
                  2003ac66    00000001     (.common:captureTimeout_Flag)
                  2003ac67    00000001     (.common:checkForLight_Flag)
                  2003ac68    00000001     (.common:cnt_LED_Timer)
                  2003ac69    00000001     (.common:doPeriodicAction_flag)
                  2003ac6a    00000001     (.common:g_BlinkCount)
                  2003ac6b    00000001     (.common:g_I2CPeripheral_inUse_Flag)
                  2003ac6c    00000001     (.common:g_NoOfBlinks)
                  2003ac6d    00000001     (.common:g_OffTime)
                  2003ac6e    00000001     (.common:g_OnTime)
                  2003ac6f    00000001     (.common:g_PhoneConnected_ToCC3200AP_flag)
                  2003ac70    00000001     (.common:g_Task1_Notification)
                  2003ac71    00000001     (.common:g_Task3_Notification)
                  2003ac72    00000001     (.common:g_dma_txn_done)
                  2003ac73    00000001     (.common:g_flag_DataBlockFilled)
                  2003ac74    00000001     (.common:g_flag_door_closing_45degree)
                  2003ac75    00000001     (.common:g_frame_end)
                  2003ac76    00000001     (.common:g_ucAWBOff)
                  2003ac77    00000001     (.common:g_ucAWBOn)
                  2003ac78    00000001     (.common:g_ucAction)
                  2003ac79    00000001     (.common:g_ucActionButton)
                  2003ac7a    00000001     (.common:g_ucAngle40)
                  2003ac7b    00000001     (.common:g_ucAngle90)
                  2003ac7c    00000001     (.common:g_ucCalibration)
                  2003ac7d    00000001     (.common:g_ucConfig)
                  2003ac7e    00000001     (.common:g_ucExitButton)
                  2003ac7f    00000001     (.common:g_ucFeedWatchdog)
                  2003ac80    00000001     (.common:g_ucMagCalb)
                  2003ac81    00000001     (.common:g_ucPreviewStart)
                  2003ac82    00000001     (.common:g_ucPreviewStop)
                  2003ac83    00000001     (.common:g_ucProfileAdded)
                  2003ac84    00000001     (.common:g_ucPushButtonPressedTwice)
                  2003ac85    00000001     (.common:g_ucReasonForFailure)
                  2003ac86    00000001     (.common:g_ucSAVE)
                  2003ac87    00000001     (.common:iDone)
                  2003ac88    00000001     (.common:isitfirsttime)
                  2003ac89    00000001     (.common:print_count)
                  2003ac8a    00000001     (.common:valid_case)

.TI.noinit 
*          0    20023c00    00000000     UNINITIALIZED

.sysmem    0    2003ac90    00005000     UNINITIALIZED
                  2003ac90    00000008     rtsv7M4_T_le_eabi.lib : memory.obj (.sysmem)
                  2003ac98    00004ff8     --HOLE--


LINKER GENERATED COPY TABLES

__TI_cinit_table @ 20022f28 records: 2, size/record: 8, table size: 16
	.data: load addr=200229a0, load size=0000056d bytes, run addr=20000000, run size=000009c8 bytes, compression=rle
	.bss: load addr=20022f20, load size=00000008 bytes, run addr=20023c00, run size=0001708b bytes, compression=zero_init


LINKER GENERATED HANDLER TABLE

__TI_handler_table @ 20022f10 records: 3, size/record: 4, table size: 12
	index: 0, handler: __TI_decompress_rle24
	index: 1, handler: __TI_decompress_none
	index: 2, handler: __TI_zero_init


GLOBAL SYMBOLS: SORTED ALPHABETICALLY BY Name 

address   name                                  
-------   ----                                  
2001bab1  Add_NumberField_ToJSONString          
20020f21  ApplyAccelHAL                         
200206bd  ApplyMagHAL                           
2001f929  C$$EXIT                               
2001e197  C$$IO$$                               
2001e631  CCMRegs_Read                          
200213e7  CPUcpsie                              
20013fdd  Calculate_DoorOpenThresholdAngle      
200126a1  Calculate_TrueMinMaxAngles            
2001da51  CamControllerInit                     
20020c5d  CameraCaptureStart                    
2001fe89  CameraCaptureStop                     
20021321  CameraDMAEnable                       
20020ad1  CameraIntClear                        
200206e9  CameraIntEnable                       
20021337  CameraIntRegister                     
2002091d  CameraIntStatus                       
2002024b  CameraParamsConfig                    
20021129  CameraReset                           
20020f3d  CameraSensorInit                      
20020a5d  CameraThresholdSet                    
2001fec3  CameraXClkConfig                      
2000fcd1  CaptureImage                          
20013205  CaptureandSavePreviewImage            
2000dd53  CdnClient_CloseServer                 
2000dd71  CdnClient_ConnectByUrl                
2000dd21  CdnClient_Init                        
2000dbeb  CdnClient_Run                         
2000dbe1  CdnClient_SetFileInfo                 
2001bb49  Check_I2CDevices                      
20018d8d  Check_MinMax                          
2001bbdd  Config_CameraCapture                  
2001d219  ConfigureMode                         
2000ed59  ConfigureSimpleLinkToDefaultState     
20011fd5  ConstructDeviceStateObject            
2000cfe5  ConstructGroundDataObject             
2000ff3d  ConstructUserConfigObject             
2001fbf3  CopyPingResultsToReport               
2003abf8  DMAMsgQ                               
2000063c  DigiCertHighAssuranceEVRootCA_der_len 
20021583  DmaErrorIntHandler                    
20020715  DmaSpiSwIntHandler                    
20020f59  DmaSwIntHandler                       
2003abfc  Elapsed_100MilliSecs                  
2003ac00  Elapsed_1Secs                         
20019e9d  EnterStandby_mt9d111                  
2001a1bd  ExitStandby_mt9d111                   
20014cc5  FXOS8700_Init                         
20016e39  FXOS8700_ReadData                     
2001fc31  Fusion_Init                           
20014a05  Fusion_Run                            
200201a9  GPIODirModeSet                        
20021159  GPIOPinRead                           
20020d4b  GPIOPinWrite                          
2000b691  GetSNTPTime                           
2001571d  GetTimeNTP                            
20018f5d  Get_BatteryPercent                    
2001d891  Get_BatteryVoltageLevel_ADC081C021    
2001c4e1  Get_ChromQtable                       
20018145  Get_FridgeCamID                       
2001c569  Get_LumQtable                         
20016b15  HIBernate                             
2000ea4d  HOSTclock                             
2000ea15  HOSTclose                             
2000e9d7  HOSTgetenv                            
2000e97b  HOSTlseek                             
2000e929  HOSTopen                              
2000e8dd  HOSTread                              
2000e87f  HOSTrename                            
2000e845  HOSTtime                              
2000e80d  HOSTunlink                            
2000e7c1  HOSTwrite                             
20015855  I2CBufferRead                         
2001620d  I2CBufferWrite                        
2002149d  I2CMasterControl                      
20021559  I2CMasterDataGet                      
2002134d  I2CMasterDataPut                      
20021363  I2CMasterEnable                       
20020741  I2CMasterErr                          
2001ca29  I2CMasterInitExpClk                   
200214af  I2CMasterIntClearEx                   
20020e4d  I2CMasterIntStatusEx                  
20020c7f  I2CMasterSlaveAddrSet                 
200214c1  I2CMasterTimeoutSet                   
2001ee51  I2C_IF_Open                           
2001a345  I2C_IF_Read                           
2001a585  I2C_IF_Write                          
20021171  ISR_periodicInterrupt_timer           
2001f9f5  ImagCapture_Init                      
200136b5  ImageSensor_CaptureConfigs_Task       
20020945  InitTerm                              
2001d309  InitialiseParse                       
2001b689  InitializeUserConfigVariables         
2001b041  IntDisable                            
2001b0e9  IntEnable                             
20020af5  IntHandler_100mSecTimer               
2002076d  IntHandler_1Sec_TimeoutTimer          
200215f1  IntMasterEnable                       
2001eaa5  IntPendClear                          
2001ec59  IntPrioritySet                        
20020d6d  IntRegister                           
20020b19  IntUnregister                         
200213fd  IntVTableBaseSet                      
2001b721  IntrptHandler_LEDTimer                
2001fefd  IsLightOff                            
2001bc71  IsLongPress                           
200007f0  JPEG_StdQuantTblC                     
20000830  JPEG_StdQuantTblY                     
20020059  LEDTimer_Enable                       
20020281  LEDTimer_Start                        
20021411  LEDTimer_Stop                         
2001c10d  LED_Blink_2                           
20021189  LED_Off                               
200211a1  LED_On                                
[...]
2001f54d  PRCMHibernateWakeupSourceDisable      
2001f595  PRCMHibernateWakeupSourceEnable       
2001f5dd  SPIIntClear                           
2001f625  Variable_Read                         
2001f66d  _SlDrvBasicCmd                        
2001f6b5  addHttpRequestLine                    
2001f6fd  fatan_15deg                           
2001f745  __aeabi_d2iz                          
2001f78d  ldexp                                 
2001f819  TimerConfigure                        
2001f85d  UDMASetupTransfer                     
2001f8e5  fxos_Calibration                      
2001f929  C$$EXIT                               
2001f92d  abort                                 
2001f935  exit                                  
2001f96d  __aeabi_d2uiz                         
2001f9b1  sl_Htonl                              
2001f9f5  ImagCapture_Init                      
2001fa35  PinModeSet                            
2001fa75  Variable_Write                        
2001fab5  WDT_IF_Init                           
2001faf5  getHttpResponseBody                   
2001fb35  signal                                
2001fb75  start_1Sec_TimeoutTimer               
2001fbb5  strncasecmp                           
2001fbf3  CopyPingResultsToReport               
2001fc31  Fusion_Init                           
2001fca9  PRCMPeripheralClkEnable               
2001fce5  PRCMSlowClkCtrFastGet                 
2001fd21  Reg_Read                              
2001fd5d  _sl_TruncatePayloadByProtocol         
2001fd99  _c_int00                              
2001fdd5  sl_Htons                              
2001fe11  start_100mSecTimer                    
2001fe4d  uDMAChannelControlSet                 
2001fe89  CameraCaptureStop                     
2001fec3  CameraXClkConfig                      
2001fefd  IsLightOff                            
2001ff37  Reg_Write                             
2001ff71  fLPFScalar                            
2001ffab  parseSendRequest                      
2001ffe5  addHttpRequestHeader                  
20020059  LEDTimer_Enable                       
20020091  NwpPowerOff                           
200200c9  pvPortMalloc                          
200200e9  vPortFree                             
20020101  __aeabi_f2d                           
20020139  __aeabi_f2iz                          
20020171  __aeabi_i2f                           
200201a9  GPIODirModeSet                        
200201df  sl_NetAppMDNSUnRegisterService        
20020215  beginHttpRequest                      
2002024b  CameraParamsConfig                    
20020281  LEDTimer_Start                        
200202b5  PRCMPeripheralStatusGet               
200202e9  SPIFIFOLevelSet                       
2002031d  getHttpResponseStatus                 
20020351  feraiseexcept                         
20020385  __aeabi_f2uiz                         
200203b9  strstr                                
200203ed  Timer_IF_Init                         
2002041f  PinTypeGPIO                           
20020451  UARTDisable                           
20020481  _SlDrvDeviceEventHandler              
200204b1  _sl_Strlen                            
20020511  strncpy                               
20020541  _Feraise                              
20020571  sl_Close                              
200205a1  sl_WlanProfileDel                     
200205d1  sl_WlanSetMode                        
20020601  stop_periodicInterrupt_timer          
20020631  __aeabi_i2d                           
2002065f  raise                                 
2002068d  addHttpRequestHeaderInt               
200206bd  ApplyMagHAL                           
200206e9  CameraIntEnable                       
20020715  DmaSpiSwIntHandler                    
20020741  I2CMasterErr                          
2002076d  IntHandler_1Sec_TimeoutTimer          
20020799  PRCMSysResetCauseGet                  
200207c5  SoftReset_ImageSensor                 
2002081d  setDataBufferPointer                  
20020849  TimerLoadSet                          
20020873  TimerPrescaleSet                      
2002089d  _Dclass                               
200208c7  util_u64_time_add                     
200208f1  OTA_Update                            
2002091d  CameraIntStatus                       
20020945  InitTerm                              
20020995  Message                               
200209bd  PRCMPeripheralClkDisable              
200209e5  strncat                               
20020a0d  sl_NetAppStart                        
20020a35  sl_NetAppStop                         
20020a5d  CameraThresholdSet                    
20020a83  NwpRegisterInterruptHandler           
20020aa9  strncmp                               
20020ad1  CameraIntClear                        
20020af5  IntHandler_100mSecTimer               
20020b19  IntUnregister                         
20020b61  Timer_IF_Start                        
20020b85  UARTEnable                            
20020ba9  WriteAllAEnAWBRegs                    
20020bcd  _SlDrvProtectionObjLockWaitForever    
20020bf1  magnetometer_initialize               
20020c15  reload_periodicTimer                  
20020c39  __aeabi_ui2f                          
20020c5d  CameraCaptureStart                    
20020c7f  I2CMasterSlaveAddrSet                 
20020ca1  SL_FD_SET                             
20020cc3  SPIReset                              
20020ce5  SPIWordCountSet                       
20020d07  frexp                                 
20020d29  memcmp                                
20020d4b  GPIOPinWrite                          
20020d6d  IntRegister                           
20020d8d  NwpPowerOn                            
20020dad  Refresh_mt9d111Firmware               
20020dcd  Reset_byStarvingWDT                   
20020ded  _SlDrvProtectionObjUnLock             
20020e0d  memchr                                
20020e2d  __aeabi_ui2d                          
20020e4d  I2CMasterIntStatusEx                  
20020e6b  TimerDisable                          
20020e89  TimerEnable                           
20020ea7  TimerIntStatus                        
20020ec5  UARTCharPut                           
20020f01  strcat                                
20020f21  ApplyAccelHAL                         
20020f3d  CameraSensorInit                      
20020f59  DmaSwIntHandler                       
20020f75  PinTypeI2C                            
20020f91  TimerValueGet                         
20020fad  _SlDrvObjLockWaitForever              
20020fc9  _SlDrvSyncObjWaitForever              
20020fe5  memccpy                               
20021001  stop_100mSecTimer                     
2002101d  stop_1Sec_TimeoutTimer                
20021039  uDMAChannelDisable                    
20021055  uDMAChannelEnable                     
20021071  vApplicationMallocFailedHook          
2002108d  PinTypeCamera                         
200210a7  PinTypeUART                           
200210c1  SPIDmaDisable                         
200210db  SPIDmaEnable                          
200210f5  SPIFIFODisable                        
2002110f  SPIFIFOEnable                         
20021129  CameraReset                           
20021159  GPIOPinRead                           
20021171  ISR_periodicInterrupt_timer           
20021189  LED_Off                               
200211a1  LED_On                                
200211b9  PRCMHibernateEnter                    
200211d1  SPICSDisable                          
200211e9  SPICSEnable                           
20021201  SPIDisable                            
20021219  SPIEnable                             
20021231  TimerIntEnable                        
20021249  Timer_IF_InterruptClear               
20021261  WatchdogStallEnable                   
20021279  WatchdogUnlock                        
20021291  _SlDrvObjUnLock                       
200212a9  _SlDrvSyncObjSignal                   
200212c1  _sl_GetStartResponseConvert           
200212f1  _args_main                            
20021309  strcmp                                
20021321  CameraDMAEnable                       
20021337  CameraIntRegister                     
2002134d  I2CMasterDataPut                      
20021363  I2CMasterEnable                       
20021379  PRCMHIBRegRead                        
2002138f  PRCMHIBRegWrite                       
200213a5  WatchdogEnable                        
200213bb  _SlDrvMemZero                         
200213d1  strchr                                
200213e7  CPUcpsie                              
200213fd  IntVTableBaseSet                      
20021411  LEDTimer_Stop                         
20021425  SetShutterWidth                       
20021439  _register_unlock                      
2002143f  _register_lock                        
20021447  _nop                                  
2002144d  strcpy                                
20021461  strlen                                
20021475  uDMAControlBaseSet                    
20021489  uDMAIntClear                          
2002149d  I2CMasterControl                      
200214af  I2CMasterIntClearEx                   
200214c1  I2CMasterTimeoutSet                   
200214d3  TimerIntClear                         
200214e5  WatchdogReloadSet                     
200214f9  PRCMSOCReset                          
20021519  SL_FD_ZERO                            
20021529  Timer_IF_Stop                         
20021539  WatchdogIntClear                      
20021549  socketClose                           
20021559  I2CMasterDataGet                      
20021567  _SlDrvResetCmdExt                     
20021575  __TI_decompress_none                  
20021583  DmaErrorIntHandler                    
20021591  NwpMaskInterrupt                      
2002159d  NwpUnMaskInterrupt                    
200215a9  cc_rtc_get                            
200215b5  __TI_zero_init                        
200215c1  getInternalClient                     
200215cd  sl_WlanDisconnect                     
200215d9  uDMAEnable                            
200215e5  uDMAIntStatus                         
200215f1  IntMasterEnable                       
200215fb  vApplicationStackOverflowHook         
20021605  sensorsTriggerSetup                   
2002160d  MT9D111Delay                          
20021613  ResetISR                              
20021619  UtilsDelay                            
2002161f  __TI_decompress_rle24                 
20021625  logf                                  
2002162b  sinf                                  
20021631  __abort_execution                     
20021635  _system_pre_init                      
200218e8  _ctypes_                              
2002201e  g_acSNTPserver                        
2002203c  g_acNumOfDaysPerMonth                 
20022048  g_acDigits                            
20022564  OpcodeTranslateTable                  
200225a0  _SlPolicySetCmdCtrl                   
200225a4  _SlPolicyGetCmdCtrl                   
200225a8  _SlProfileGetCmdCtrl                  
200225ac  _SlProfileDelCmdCtrl                  
200225b0  _SlWlanGetNetworkListCtrl             
200225b4  _SlRxFilterAddtCmdCtrl                
200225b8  _SlRxFilterSetCmdCtrl                 
200225bc  _SlRxFilterGetCmdCtrl                 
200225c0  _SlSmartConfigStartCmdCtrl            
200225c4  _SlWlanSetModeCmdCtrl                 
200225c8  _SlWlanCfgSetCmdCtrl                  
200225cc  _SlWlanCfgGetCmdCtrl                  
200225dc  _SlActionLookupTable                  
2002264c  _SlFsOpenCmdCtrl                      
20022650  _SlFsCloseCmdCtrl                     
20022654  _SlFsReadCmdCtrl                      
20022658  _SlFsWriteCmdCtrl                     
2002265c  _SlFsGetInfoCmdCtrl                   
20022660  _SlFsDeleteCmdCtrl                    
200226f0  g_H2NSyncPattern                      
200226f8  g_H2NCnysPattern                      
20022700  RxMsgClassLUT                         
20022724  _SlSockSocketCmdCtrl                  
20022728  _SlSockCloseCmdCtrl                   
2002272c  _SlRecvfomCmdCtrl                     
20022730  _SlSendCmdCtrl                        
20022734  _SlListenCmdCtrl                      
20022738  _SlAcceptCmdCtrl                      
2002273c  _SlRecvCmdCtrl                        
20022740  _SlSetSockOptCmdCtrl                  
20022744  _SlGetSockOptCmdCtrl                  
20022748  _SlSelectCmdCtrl                      
20022784  g_acDaysOfWeek2013                    
20022800  _SlNetAppStartCtrl                    
20022804  _SlNetAppStopCtrl                     
20022808  _SlGetServiceListeCtrl                
2002280c  _SlRegisterServiceCtrl                
20022810  _SlGetHostByServiceCtrl               
20022814  _SlGetHostByNameCtrl                  
20022818  _SlNetAppSetCmdCtrl                   
2002281c  _SlNetAppSendTokenValueCmdCtrl        
20022820  _SlNetAppGetCmdCtrl                   
20022828  g_acMonthOfYear                       
20022904  g_deviceClientVersion                 
20022932  _SlStopCmdCtrl                        
20022936  _SlEventMaskSetCmdCtrl                
2002293a  _SlEventMaskGetCmdCtrl                
2002293e  _SlDeviceGetCmdCtrl                   
20022942  _SlDeviceSetCmdCtrl                   
20022959  _SlPayloadByProtocolLUT               
20022978  pcDigits                              
20022983  StartResponseLUT                      
2002298c  _SlNetCfgSetCmdCtrl                   
20022990  _SlNetCfgGetCmdCtrl                   
200229a0  __TI_static_base__                    
20022f10  __TI_Handler_Table_Base               
20022f1c  __TI_Handler_Table_Limit              
20022f28  __TI_CINIT_Base                       
20022f38  __TI_CINIT_Limit                      
20023c00  g_image_buffer                        
20037c00  thisMagBuffer                         
20038cf8  g_OtaCheckUpdateResponse              
20039144  thisMagCal                            
2003979c  thisMag                               
200397f4  g_SecParams                           
20039800  gpCtlTbl                              
20039c00  g_OtaFileMetadata                     
2003a1d8  g_StatMem                             
2003a350  __CIOBUF_                             
2003a470  gfpAppCallbackHndl                    
2003a638  thisSV_6DOF_GB_BASIC                  
2003a6e4  __TI_tmpnams                          
2003a784  g_CdnClient                           
2003a7f8  g_ucDinDout                           
2003a848  xQueueRegistry                        
2003a898  g_OtaApp                              
2003a8e4  g_OtaApp_statistics                   
2003a930  g_TimeData                            
2003a970  clientStateFileName                   
2003a9a4  g_cWlanSecurityKey                    
2003a9d8  thisAccel                             
2003aa0c  g_OtaClient                           
2003aa30  g_cWlanSSID                           
2003aa54  g_ucConnectionSSID                    
2003aa94  g_FlcSflashCb                         
2003aaa8  g_flag_blockFull                      
2003ab20  ang_buf                               
2003ab30  g_cResponseObjectID                   
2003ab40  globals                               
2003ab50  mqxglobals                            
2003ab60  g_Gain                                
2003ab68  g_LogClient                           
2003ab70  g_Struct_TimeStamp_MaxAngle           
2003ab78  g_Struct_TimeStamp_MinAngle           
2003ab80  g_Struct_TimeStamp_OpenAngle          
2003ab88  g_Struct_TimeStamp_SnapAngle          
2003ab90  g_TimeStamp_CamUp                     
2003ab98  g_TimeStamp_DoorClosed                
2003aba0  g_TimeStamp_MaxAngle                  
2003aba8  g_TimeStamp_MinAngle                  
2003abb0  g_TimeStamp_NWPUp                     
2003abb8  g_TimeStamp_OpenAngle                 
2003abc0  g_TimeStamp_PhotoSnap                 
2003abc8  g_TimeStamp_PhotoUploaded             
2003abd0  g_TimeStamp_SnapAngle                 
2003abd8  g_TimeStamp_cc3200Up                  
2003abe0  g_ucConnectionBSSID                   
2003abf8  DMAMsgQ                               
2003abfc  Elapsed_100MilliSecs                  
2003ac00  Elapsed_1Secs                         
2003ac08  angle_avg                             
2003ac0c  dataBuffer                            
2003ac10  g_angleOffset_to180                   
2003ac14  g_block_lastFilled                    
2003ac18  g_cDummy                              
2003ac1c  g_cWlanSecurityType                   
2003ac20  g_frame_size_in_bytes                 
2003ac24  g_position_in_block                   
2003ac28  g_readHeader                          
2003ac30  g_ulAppStatus                         
2003ac34  g_ulAppTimeout_ms                     
2003ac38  g_ulReloadVal                         
2003ac3c  g_ulSimplelinkStatus                  
2003ac40  g_ulWatchdogCycles                    
2003ac44  gdoor_40deg_angle                     
2003ac48  gdoor_90deg_angle                     
2003ac4c  gdoor_OpenDeg_angle                   
2003ac5c  g_RawMaxAngle                         
2003ac5e  g_RawMinAngle                         
2003ac60  g_fMaxAngle                           
2003ac62  g_fMinAngle                           
2003ac64  RxIrqCnt                              
2003ac65  avg_buffer_cnt                        
2003ac66  captureTimeout_Flag                   
2003ac67  checkForLight_Flag                    
2003ac68  cnt_LED_Timer                         
2003ac69  doPeriodicAction_flag                 
2003ac6a  g_BlinkCount                          
2003ac6b  g_I2CPeripheral_inUse_Flag            
2003ac6c  g_NoOfBlinks                          
2003ac6d  g_OffTime                             
2003ac6e  g_OnTime                              
2003ac6f  g_PhoneConnected_ToCC3200AP_flag      
2003ac70  g_Task1_Notification                  
2003ac71  g_Task3_Notification                  
2003ac73  g_flag_DataBlockFilled                
2003ac74  g_flag_door_closing_45degree          
2003ac75  g_frame_end                           
2003ac76  g_ucAWBOff                            
2003ac77  g_ucAWBOn                             
2003ac78  g_ucAction                            
2003ac79  g_ucActionButton                      
2003ac7a  g_ucAngle40                           
2003ac7b  g_ucAngle90                           
2003ac7c  g_ucCalibration                       
2003ac7d  g_ucConfig                            
2003ac7e  g_ucExitButton                        
2003ac7f  g_ucFeedWatchdog                      
2003ac80  g_ucMagCalb                           
2003ac81  g_ucPreviewStart                      
2003ac82  g_ucPreviewStop                       
2003ac83  g_ucProfileAdded                      
2003ac84  g_ucPushButtonPressedTwice            
2003ac85  g_ucReasonForFailure                  
2003ac86  g_ucSAVE                              
2003ac87  iDone                                 
2003ac88  isitfirsttime                         
2003ac89  print_count                           
2003ac8a  valid_case                            
2003ac90  _sys_memory                           
ffffffff  __binit__                             
ffffffff  __c_args__                            
ffffffff  binit                                 
UNDEFED   SHT$$INIT_ARRAY$$Base                 
UNDEFED   SHT$$INIT_ARRAY$$Limit                

[985 symbols]
