******************************************************************************
                  TI ARM Linker PC v5.2.2                      
******************************************************************************
>> Linked Wed Jul 29 11:50:23 2015

OUTPUT FILE NAME:   <ULP_SEC_CAM.out>
ENTRY POINT SYMBOL: "_c_int00"  address: 2001e9d1


MEMORY CONFIGURATION

         name            origin    length      used     unused   attr    fill
----------------------  --------  ---------  --------  --------  ----  --------
  SRAM_BOOTLDR          20000000   00004000  00002938  000016c8  RW X
  SRAM_CODE             20004000   0001e300  0001d747  00000bb9  RW X
  SRAM_DATA             20022300   0001dd00  0001c360  000019a0  RW X


SEGMENT ALLOCATION MAP

run origin  load origin   length   init length attrs members
----------  ----------- ---------- ----------- ----- -------
20000000    20000000    00000938   00000000    rw-
  20000000    20000000    00000938   00000000    rw- .data
20002000    20002000    00002000   00000000    rw-
  20002000    20002000    00002000   00000000    rw- .stack
20004000    20004000    0001d748   0001d748    r-x
  20004000    20004000    00000400   00000400    r-- .intvecs
  20004400    20004400    0001bca8   0001bca8    r-x .text
  200200a8    200200a8    0000116f   0000116f    r-- .const
  20021218    20021218    00000530   00000530    r-- .cinit
20022400    20022400    0001c360   00000000    rw-
  20022400    20022400    00017360   00000000    rw- .bss
  20039760    20039760    00005000   00000000    rw- .sysmem


SECTION ALLOCATION MAP

 output                                  attributes/
section   page    origin      length       input sections
--------  ----  ----------  ----------   ----------------
.data      0    20000000    00000938     UNINITIALIZED
                  20000000    000003c9     cc3200_certificate.obj (.data:DigiCertHighAssuranceEVRootCA_der)
                  200003c9    00000001     tasks.obj (.data)
                  200003ca    00000002     --HOLE--
                  200003cc    000000f0     rtsv7M4_T_le_eabi.lib : defs.obj (.data:_ftable)
                  200004bc    000000d0                           : lowlev.obj (.data)
                  2000058c    000000b0                           : signal.obj (.data:sigtable)
                  2000063c    00000004     cc3200_certificate.obj (.data)
                  20000640    00000080     rtsv7M4_T_le_eabi.lib : xvalues.obj (.data)
                  200006c0    00000068                           : xfvalues.obj (.data)
                  20000728    00000064     network_relater_fns.obj (.data:Token)
                  2000078c    00000064     network_relater_fns.obj (.data:Value)
                  200007f0    0000003c     main.obj (.data:g_token_get)
                  2000082c    00000034     free_rtos.a : tasks.obj (.data)
                  20000860    00000024     main.obj (.data)
                  20000884    00000018     cc3200_utils.obj (.data)
                  2000089c    00000018     request.obj (.data)
                  200008b4    00000010     rtsv7M4_T_le_eabi.lib : defs.obj (.data)
                  200008c4    0000000c     free_rtos.a : osi_freertos.obj (.data)
                  200008d0    0000000c     rtsv7M4_T_le_eabi.lib : memory.obj (.data)
                  200008dc    00000009     simplelink.a : cc_pal.obj (.data)
                  200008e5    00000003     --HOLE--
                  200008e8    00000009                  : driver.obj (.data)
                  200008f1    00000003     --HOLE--
                  200008f4    00000008     camera_app.obj (.data)
                  200008fc    00000008     rtsv7M4_T_le_eabi.lib : _lock.obj (.data)
                  20000904    00000008                           : exit.obj (.data)
                  2000090c    00000008                           : feraiseexcept.obj (.data)
                  20000914    00000006     http.obj (.data)
                  2000091a    00000002     --HOLE--
                  2000091c    00000004     free_rtos.a : port.obj (.data)
                  20000920    00000004     middleware.a : rtc_hal.obj (.data)
                  20000924    00000004     ota.a : OtaHttp.obj (.data)
                  20000928    00000004     rtsv7M4_T_le_eabi.lib : errno.obj (.data)
                  2000092c    00000004                           : fopen.obj (.data)
                  20000930    00000004                           : rand.obj (.data)
                  20000934    00000004                           : stkdepth_vars.obj (.data)

.TI.persistent 
*          0    20000000    00000000     UNINITIALIZED

.stack     0    20002000    00002000     UNINITIALIZED
                  20002000    00002000     --HOLE--

.intvecs   0    20004000    00000400     
                  20004000    00000400     startup_ccs.obj (.intvecs)

.text      0    20004400    0001bca8     
                  20004400    00001258     free_rtos.a : tasks.obj (.text)
                  20005658    000010a6     rtsv7M4_T_le_eabi.lib : _printfi.obj (.text)
                  200066fe    00000002     startup_ccs.obj (.text:BusFaultHandler)
                  20006700    00000b24     free_rtos.a : queue.obj (.text)
                  20007224    00000a08     magnetic.obj (.text:fUpdateCalibration10EIG)
                  20007c2c    00000788     magnetic.obj (.text:fUpdateCalibration4INV)
                  200083b4    00000694     magnetic.obj (.text:fUpdateCalibration7EIG)
                  20008a48    00000688     matrix.obj (.text:eigencompute)
                  200090d0    00000630     application_fn.obj (.text:application_fn)
                  20009700    00000610     ota.a : OtaHttp.obj (.text)
                  20009d10    000005ec     simplelink.a : driver.obj (.text:_SlDrvMsgRead)
                  2000a2fc    00000584     magnetic.obj (.text:iUpdateMagnetometerBuffer)
                  2000a880    000004dc     network_relater_fns.obj (.text:SimpleLinkHttpServerCallback)
                  2000ad5c    000004be     cc3200_utils.obj (.text:createNewInstallationId)
                  2000b21a    00000002     driverlib.a : interrupt.obj (.text:IntDefaultHandler)
                  2000b21c    0000045c     free_rtos.a : osi_freertos.obj (.text)
                  2000b678    0000044c     request.obj (.text:buildRequestHeaders)
                  2000bac4    00000424     ota.a : OtaClient.obj (.text)
                  2000bee8    0000040c           : OtaApp.obj (.text)
                  2000c2f4    000003dc     rtsv7M4_T_le_eabi.lib : memory.obj (.text)
                  2000c6d0    000003b8     matrix.obj (.text:fmatrixAeqInvA)
                  2000ca88    000003a0     network_relater_fns.obj (.text:SimpleLinkWlanEventHandler)
                  2000ce28    00000378     rtsv7M4_T_le_eabi.lib : powf.obj (.text)
                  2000d1a0    0000035c     ota.a : CdnClient.obj (.text)
                  2000d4fc    00000354     orientation.obj (.text:feCompassAndroid)
                  2000d850    00000354     orientation.obj (.text:feCompassWin8)
                  2000dba4    00000350     orientation.obj (.text:feCompassNED)
                  2000def4    00000338     ota.a : LogClient.obj (.text)
                  2000e22c    00000324     tasks.obj (.text:MagCal_Run)
                  2000e550    00000318     network_relater_fns.obj (.text:ConfigureSimpleLinkToDefaultState)
                  2000e868    0000030c     rtsv7M4_T_le_eabi.lib : lowlev.obj (.text)
                  2000eb74    000002d8     user_configure_fn.obj (.text:WiFiProvisioning)
                  2000ee4c    000002d4     rtsv7M4_T_le_eabi.lib : trgdrv.obj (.text)
                  2000f120    00000298     mt9d111.obj (.text:RegLstWrite)
                  2000f3b8    00000298     rtsv7M4_T_le_eabi.lib : vla_alloc.obj (.text)
                  2000f650    00000284     camera_app.obj (.text:CaptureImage)
                  2000f8d4    00000270     user_configure_fn.obj (.text:User_Configure)
                  2000fb44    0000026e     simplejson.obj (.text:simpleJsonProcessor)
                  2000fdb2    00000002     startup_ccs.obj (.text:IntDefaultHandler)
                  2000fdb4    00000260     door_position_detection_algorithm.obj (.text:check_doorpos)
                  20010014    0000025c     parse_uploads.obj (.text:ConstructGroundDataObject)
                  20010270    0000025c     lightSens_isl29035.obj (.text:configureISL29035)
                  200104cc    00000248     simplelink.a : driver.obj (.text:_SlDrvRxHdrRead)
                  20010714    00000244                  : wlan.obj (.text:sl_WlanConnect)
                  20010958    00000220     rtsv7M4_T_le_eabi.lib : ll_div_t2.obj (.text)
                  20010b78    00000218     request.obj (.text:payloadSend)
                  20010d90    00000214     main_FXOS8700.obj (.text:angleCheck_Initializations)
                  20010fa4    0000020c     ota.obj (.text:OTA_Run)
                  200111b0    000001f4     rtsv7M4_T_le_eabi.lib : ull_div_t2.obj (.text)
                  200113a4    000001f0     user_configure_fn.obj (.text:Get_Calibration_MagSensor)
                  20011594    000001d0     simplelink.a : driver.obj (.text:_SlDrvReleasePoolObj)
                  20011764    000001cc                  : driver.obj (.text:_SlDrvMsgWrite)
                  20011930    000001c4     tasks.obj (.text:RdSensData_Run)
                  20011af4    000001c4     rtsv7M4_T_le_eabi.lib : fopen.obj (.text)
                  20011cb8    000001c0     magnetic.obj (.text:fInvertMagCal)
                  20011e78    000001bc     rtsv7M4_T_le_eabi.lib : xflog.obj (.text)
                  20012034    000001b6                           : fd_add_t2.obj (.text)
                  200121ea    00000002     startup_ccs.obj (.text:NmiSR)
                  200121ec    000001b0     Task_UserConfig.obj (.text:UserConfigure_Task)
                  2001239c    000001ac     parse_uploads.obj (.text:ConstructDeviceStateObject)
                  20012548    000001a8     user_configure_fn.obj (.text:AccessPtMode_HTTPServer_Start)
                  200126f0    000001a4     orientation.obj (.text:fQuaternionFromRotationMatrix)
                  20012894    000001a4     cc3200_socket.obj (.text:socketSslConnect)
                  20012a38    000001a0     camera_app.obj (.text:CameraIntHandler)
                  20012bd8    0000019c     rtsv7M4_T_le_eabi.lib : xfsin.obj (.text)
                  20012d74    00000190     simplelink.a : driver.obj (.text:_SlDrvWaitForPoolObj)
                  20012f04    0000018c     request.obj (.text:sendRequest)
                  20013090    00000188     matrix.obj (.text:f3x3matrixAeqInvSymB)
                  20013218    00000184     flc.a : flc.obj (.text)
                  2001339c    00000180     orientation.obj (.text:fWin8AnglesDegFromRotationMatrix)
                  2001351c    0000017c     main.obj (.text:main)
                  20013698    00000178     rtsv7M4_T_le_eabi.lib : tanf.obj (.text)
                  20013810    00000178                           : xfexp.obj (.text)
                  20013988    00000174     simplelink.a : driver.obj (.text:_SlDrvDriverCBInit)
                  20013afc    00000174     magnetic.obj (.text:fInitMagCalibration)
                  20013c70    00000174     network_relater_fns.obj (.text:initNetwork)
                  20013de4    00000170     network_relater_fns.obj (.text:SimpleLinkNetAppEventHandler)
                  20013f54    00000170     simplelink.a : driver.obj (.text:_SlFindAndSetActiveObj)
                  200140c4    00000168     ota.obj (.text:OTAServerInfoSet)
                  2001422c    00000165     network_relater_fns.obj (.text:SimpleLinkSockEventHandler)
                  20014391    00000001     --HOLE-- [fill = 0]
                  20014392    00000002     main.obj (.text:vApplicationIdleHook)
                  20014394    00000164     tempRHSens_si7020.obj (.text:getTempRH)
                  200144f8    00000160     tasks.obj (.text:Fusion_Run)
                  20014658    00000160     network_relater_fns.obj (.text:WiFi_Connect)
                  200147b8    0000015c     hibernate_related_fns.obj (.text:HIBernate)
                  20014914    00000158     user_configure_fn.obj (.text:CollectAngle)
                  20014a6c    00000158     drivers.obj (.text:FXOS8700_Init)
                  20014bc4    00000158     orientation.obj (.text:qAeqAxB)
                  20014d1c    00000158     orientation.obj (.text:qconjgAxB)
                  20014e74    00000150     simplelink.a : cc_pal.obj (.text:spi_Open)
                  20014fc4    00000144     fusion.obj (.text:fRun_6DOF_GB_BASIC)
                  20015108    0000013c     rtsv7M4_T_le_eabi.lib : fmodf.obj (.text)
                  20015244    0000013c     simplelink.a : socket.obj (.text:sl_Select)
                  20015380    00000138     i2cconfig.obj (.text:I2CBufferRead)
                  200154b8    00000138     mt9d111.obj (.text:Register_Read)
                  200155f0    00000138     orientation.obj (.text:fLPFOrientationQuaternion)
                  20015728    00000138     orientation.obj (.text:fRotationMatrixFromQuaternion)
                  20015860    00000138     i2c_app.obj (.text:i2cWriteRegisters)
                  20015998    00000136     rtsv7M4_T_le_eabi.lib : fd_div_t2.obj (.text)
                  20015ace    00000002     --HOLE-- [fill = 0]
                  20015ad0    00000134     driverlib.a : prcm.obj (.text:PRCMCC3200MCUInit)
                  20015c04    00000134     rtsv7M4_T_le_eabi.lib : fputs.obj (.text)
                  20015d38    00000130     i2cconfig.obj (.text:I2CBufferWrite)
                  20015e68    0000012a     free_rtos.a : list.obj (.text)
                  20015f92    00000002     --HOLE-- [fill = 0]
                  20015f94    00000128     mt9d111.obj (.text:Read_AllRegisters)
                  200160bc    00000128     simplelink.a : driver.obj (.text:_SlDrvDataReadOp)
                  200161e4    00000116     drivers.obj (.text:FXOS8700_ReadData)
                  200162fa    00000002     --HOLE-- [fill = 0]
                  200162fc    00000110     free_rtos.a : port.obj (.text)
                  2001640c    00000110     rtsv7M4_T_le_eabi.lib : xdscale.obj (.text)
                  2001651c    00000110     lightSens_isl29035.obj (.text:verifyISL29035)
                  2001662c    00000110     tempRHSens_si7020.obj (.text:verifyTempRHSensor)
                  2001673c    0000010c     flash_files.obj (.text:WriteFile_ToFlash)
                  20016848    00000108     middleware.a : rtc_hal.obj (.text:rtc_fast_domain_counter_rd)
                  20016950    00000108     simplelink.a : socket.obj (.text:sl_Connect)
                  20016a58    00000108                  : socket.obj (.text:sl_Send)
                  20016b60    00000104     dbgFns.obj (.text:Check_I2CDevices)
                  20016c64    00000104     ota.obj (.text:OTA_CommitImage)
                  20016d68    00000104     simplelink.a : driver.obj (.text:_SlDrvDataWriteOp)
                  20016e6c    00000104     i2c_app.obj (.text:i2cReadRegistersTwoBytes)
                  20016f70    00000104     simplelink.a : netapp.obj (.text:sl_NetAppDnsGetHostByName)
                  20017074    00000100     i2c_app.obj (.text:i2cReadRegisters)
                  20017174    00000100     cc3200_client_state.obj (.text:loadClientState)
                  20017274    000000fe     simplelink.a : netapp.obj (.text:_SlDrvNetAppEventHandler)
                  20017372    00000002     --HOLE-- [fill = 0]
                  20017374    000000fc     pinmux.obj (.text:PinMuxConfig)
                  20017470    000000fc     orientation.obj (.text:fqAeqNormqA)
                  2001756c    000000fc     rtsv7M4_T_le_eabi.lib : fd_mul_t2.obj (.text)
                  20017668    000000fa                           : fs_add_t2.obj (.text)
                  20017762    00000002     --HOLE-- [fill = 0]
                  20017764    000000f8     cc3200_certificate.obj (.text:ensureCertificateFile)
                  2001785c    000000f8     orientation.obj (.text:fAndroidAnglesDegFromRotationMatrix)
                  20017954    000000f8     orientation.obj (.text:fNEDAnglesDegFromRotationMatrix)
                  20017a4c    000000f7     parse_uploads.obj (.text:Get_FridgeCamID)
                  20017b43    00000001     --HOLE-- [fill = 0]
                  20017b44    000000f4     simplelink.a : driver.obj (.text:_SlDrvDriverCBDeinit)
                  20017c38    000000f4     installation.obj (.text:getInstallation)
                  20017d2c    000000f4     app_common.obj (.text:intToASCII)
                  20017e20    000000f4     simplelink.a : fs.obj (.text:sl_FsRead)
                  20017f14    000000f4     accelomtrMagntomtr_fxos8700.obj (.text:verifyAccelMagnSensor)
                  20018008    000000f2     cc3200_socket.obj (.text:socketRead)
                  200180fa    00000002     --HOLE-- [fill = 0]
                  200180fc    000000f0     camera_app.obj (.text:DMAConfig)
                  200181ec    000000f0     driverlib.a : udma.obj (.text:uDMAChannelTransferSet)
                  200182dc    000000ec     orientation.obj (.text:fRotationVectorDegFromQuaternion)
                  200183c8    000000ec     simplelink.a : fs.obj (.text:sl_FsWrite)
                  200184b4    000000e8     appFns_BatteryLevelSense.obj (.text:Get_BatteryPercent)
                  2001859c    000000e4     parse_uploads.obj (.text:UploadImageToParse)
                  20018680    000000e0     Task_Main.obj (.text:Main_Task_withHibernate)
                  20018760    000000e0     flash_files.obj (.text:ReadFile_FromFlash)
                  20018840    000000e0     camera_app.obj (.text:Start_CameraCapture)
                  20018920    000000e0     parse_uploads.obj (.text:UploadGroundDataObjectToParse)
                  20018a00    000000dc     parse_uploads.obj (.text:UploadSensorDataToParse)
                  20018adc    000000dc     rtsv7M4_T_le_eabi.lib : setvbuf.obj (.text)
                  20018bb8    000000dc     simplelink.a : cc_pal.obj (.text:spi_Read)
                  20018c94    000000d8                  : driver.obj (.text:_SlDrvClassifyRxMsg)
                  20018d6c    000000d8     rtsv7M4_T_le_eabi.lib : xfatan.obj (.text)
                  20018e44    000000d4     simplelink.a : device.obj (.text:sl_Stop)
                  20018f18    000000d0     rtsv7M4_T_le_eabi.lib : xfdscale.obj (.text)
                  20018fe8    000000cc     sendGroundData.obj (.text:SendGroundData)
                  200190b4    000000cc     approximations.obj (.text:fatan_deg)
                  20019180    000000cc     rtsv7M4_T_le_eabi.lib : sqrtf.obj (.text)
                  2001924c    000000c8     mt9d111.obj (.text:EnterStandby_mt9d111)
                  20019314    000000c8     simplelink.a : netapp.obj (.text:_sl_HandleAsync_DnsGetHostByService)
                  200193dc    000000c8     rtsv7M4_T_le_eabi.lib : fflush.obj (.text)
                  200194a4    000000c4     mt9d111.obj (.text:ExitStandby_mt9d111)
                  20019568    000000c4     simplelink.a : driver.obj (.text:_SlRemoveFromList)
                  2001962c    000000c0     i2c_if.obj (.text:I2C_IF_Read)
                  200196ec    000000c0     user_configure_fn.obj (.text:WlanConnect)
                  200197ac    000000be     rtsv7M4_T_le_eabi.lib : xdnorm.obj (.text)
                  2001986a    00000002     --HOLE-- [fill = 0]
                  2001986c    000000bc     i2c_if.obj (.text:I2C_IF_Write)
                  20019928    000000bc     Task_ImageCaptureConfigs.obj (.text:ImageSensor_CaptureConfigs_Task)
                  200199e4    000000bc     main.obj (.text:InitializeAppVariables)
                  20019aa0    000000bc     simplelink.a : driver.obj (.text:_SlDrvMsgReadCmdCtx)
                  20019b5c    000000bc     tempRHSens_si7020.obj (.text:configureTempRHSensor)
                  20019c18    000000bc     rtsv7M4_T_le_eabi.lib : acosf.obj (.text)
                  20019cd4    000000bc     simplelink.a : device.obj (.text:sl_Start)
                  20019d90    000000ba     free_rtos.a : portasm.obj (.text)
                  20019e4a    00000002     --HOLE-- [fill = 0]
                  20019e4c    000000b8     simplelink.a : driver.obj (.text:_SlAsyncEventGenericHandler)
                  20019f04    000000b8     installation.obj (.text:createInstallation)
                  20019fbc    000000b4     simplelink.a : netapp.obj (.text:sl_NetAppMDNSRegisterUnregisterService)
                  2001a070    000000ac     camera_app.obj (.text:ReStart_CameraCapture)
                  2001a11c    000000ac     mt9d111.obj (.text:Verify_ImageSensor)
                  2001a1c8    000000ac     rtsv7M4_T_le_eabi.lib : _io_perm.obj (.text)
                  2001a274    000000ab     installation.obj (.text:getInstallationByIdCallback)
                  2001a31f    00000001     --HOLE-- [fill = 0]
                  2001a320    000000aa     uartA1_if.obj (.text:Report)
                  2001a3ca    00000002     --HOLE-- [fill = 0]
                  2001a3cc    000000a8     driverlib.a : interrupt.obj (.text:IntDisable)
                  2001a474    000000a8                 : interrupt.obj (.text:IntEnable)
                  2001a51c    000000a8     simplelink.a : netcfg.obj (.text:sl_NetCfgGet)
                  2001a5c4    000000a4     app_common.obj (.text:LED_Blink)
                  2001a668    000000a0     driverlib.a : spi.obj (.text:SPIConfigSetExpClk)
                  2001a708    000000a0     cc3200_socket.obj (.text:socketWrite)
                  2001a7a8    0000009e     matrix.obj (.text:f3x3matrixDetA)
                  2001a846    00000002     --HOLE-- [fill = 0]
                  2001a848    0000009c     simplelink.a : driver.obj (.text:_SlDrvMsgReadSpawnCtx)
                  2001a8e4    0000009c     approximations.obj (.text:fatan2_deg)
                  2001a980    0000009c     rtsv7M4_T_le_eabi.lib : memcpy_t2.obj (.text)
                  2001aa1c    0000009c     simplelink.a : device.obj (.text:sl_DevGet)
                  2001aab8    00000098     camera_app.obj (.text:Config_CameraCapture)
                  2001ab50    00000098     network_relater_fns.obj (.text:ConfigureMode)
                  2001abe8    00000098     simplelink.a : fs.obj (.text:_sl_GetCreateFsMode)
                  2001ac80    00000098     rtsv7M4_T_le_eabi.lib : fclose.obj (.text)
                  2001ad18    00000098                           : fputc.obj (.text)
                  2001adb0    00000096     parse_uploads.obj (.text:Add_NumberField_ToJSONString)
                  2001ae46    00000002     --HOLE-- [fill = 0]
                  2001ae48    00000094     driverlib.a : prcm.obj (.text:PRCMPeripheralClockGet)
                  2001aedc    00000094     approximations.obj (.text:facos_deg)
                  2001af70    00000094     lightSens_isl29035.obj (.text:getLightsensor_data)
                  2001b004    00000094     rtsv7M4_T_le_eabi.lib : snprintf.obj (.text)
                  2001b098    00000092     parse_impl.obj (.text:parseInitialize)
                  2001b12a    00000092     rtsv7M4_T_le_eabi.lib : fs_div_t2.obj (.text)
                  2001b1bc    00000090     network_relater_fns.obj (.text:InitializeUserConfigVariables)
                  2001b24c    0000008c     NWP.obj (.text:NWP_SwitchOn)
                  2001b2d8    0000008c     simplelink.a : cc_pal.obj (.text:SetupDMAReceive)
                  2001b364    0000008c                  : cc_pal.obj (.text:SetupDMASend)
                  2001b3f0    0000008c                  : netapp.obj (.text:_sl_HandleAsync_DnsGetHostByName)
                  2001b47c    0000008c                  : netapp.obj (.text:_sl_HandleAsync_PingResponse)
                  2001b508    0000008c     rtsv7M4_T_le_eabi.lib : xfdint.obj (.text)
                  2001b594    0000008c     simplelink.a : cc_pal.obj (.text:spi_Write)
                  2001b620    00000088     driverlib.a : prcm.obj (.text:PRCMHibernateIntervalSet)
                  2001b6a8    00000088                 : pin.obj (.text:PinConfigSet)
                  2001b730    00000088     rtsv7M4_T_le_eabi.lib : vsnprintf.obj (.text)
                  2001b7b8    00000088     simplelink.a : fs.obj (.text:sl_FsClose)
                  2001b840    00000086     rtsv7M4_T_le_eabi.lib : fd_cmp_t2.obj (.text:__aeabi_cdcmple)
                  2001b8c6    00000086                           : fd_cmp_t2.obj (.text:__aeabi_cdrcmple)
                  2001b94c    00000084     timer_if.obj (.text:GetPeripheralIntNum)
                  2001b9d0    00000084     driverlib.a : i2c.obj (.text:I2CMasterInitExpClk)
                  2001ba54    00000084     simplelink.a : cc_pal.obj (.text:NwpPowerOnPreamble)
                  2001bad8    00000084     matrix.obj (.text:f3x3matrixAeqI)
                  2001bb5c    00000084     fusion.obj (.text:fInit_6DOF_GB_BASIC)
                  2001bbe0    00000080     simplelink.a : driver.obj (.text:_SlDrvCmdOp)
                  2001bc60    00000080                  : cc_pal.obj (.text:spi_Read_CPU)
                  2001bce0    00000080                  : cc_pal.obj (.text:spi_Write_CPU)
                  2001bd60    0000007c     driverlib.a : prcm.obj (.text:PRCMRTCGet)
                  2001bddc    0000007c     camera_app.obj (.text:Standby_ImageSensor)
                  2001be58    0000007c     camera_app.obj (.text:Wakeup_ImageSensor)
                  2001bed4    0000007c     simplelink.a : device.obj (.text:_sl_HandleAsync_InitComplete)
                  2001bf50    0000007c     matrix.obj (.text:fmatrixAeqI)
                  2001bfcc    0000007c     simplelink.a : fs.obj (.text:sl_FsGetInfo)
                  2001c048    0000007a     rtsv7M4_T_le_eabi.lib : fs_mul_t2.obj (.text)
                  2001c0c2    0000007a                           : memset_t2.obj (.text)
                  2001c13c    0000007a                           : xfdnorm.obj (.text)
                  2001c1b6    00000002     --HOLE-- [fill = 0]
                  2001c1b8    00000078     i2c_if.obj (.text:I2CTransact)
                  2001c230    00000078     parse_uploads.obj (.text:InitialiseParse)
                  2001c2a8    00000078     simplelink.a : socket.obj (.text:_sl_HandleAsync_Connect)
                  2001c320    00000078                  : fs.obj (.text:sl_FsOpen)
                  2001c398    00000078                  : cc_pal.obj (.text:spi_Close)
                  2001c410    00000076     driverlib.a : uart.obj (.text:UARTConfigSetExpClk)
                  2001c486    00000002     --HOLE-- [fill = 0]
                  2001c488    00000074     middleware.a : rtc_hal.obj (.text:rtc_value_rd)
                  2001c4fc    00000074     simplelink.a : socket.obj (.text:sl_Recv)
                  2001c570    00000073     installation.obj (.text:getInstallationCallback)
                  2001c5e3    00000001     --HOLE-- [fill = 0]
                  2001c5e4    00000072     timer_if.obj (.text:Timer_IF_IntSetup)
                  2001c656    00000002     --HOLE-- [fill = 0]
                  2001c658    00000070     batteryVoltLvlSens_adc081c021.obj (.text:Get_BatteryVoltageLevel_ADC081C021)
                  2001c6c8    00000070     timer_fns.obj (.text:get_timeDuration)
                  2001c738    0000006c     camera_app.obj (.text:CamControllerInit)
                  2001c7a4    0000006c     udma_if.obj (.text:UDMAInit)
                  2001c810    0000006c     watchdog.obj (.text:WatchdogIntHandler)
                  2001c87c    0000006c     simplelink.a : driver.obj (.text:_SlDrvCmdSend)
                  2001c8e8    0000006c     matrix.obj (.text:f3x3matrixAeqMinusA)
                  2001c954    0000006c     request.obj (.text:parseSendRequestInternal)
                  2001c9c0    0000006c     rtsv7M4_T_le_eabi.lib : autoinit.obj (.text)
                  2001ca2c    0000006c                           : fprintf.obj (.text)
                  2001ca98    0000006c                           : fs_toll_t2.obj (.text)
                  2001cb04    0000006a     matrix.obj (.text:f3x3matrixAeqAxScalar)
                  2001cb6e    0000006a     rtsv7M4_T_le_eabi.lib : copy_decompress_rle.obj (.text)
                  2001cbd8    00000069     http.obj (.text:beginHttpGetRequest)
                  2001cc41    00000003     --HOLE-- [fill = 0]
                  2001cc44    00000068     driverlib.a : prcm.obj (.text:PRCMHibernateWakeUpGPIOSelect)
                  2001ccac    00000068     mt9d111.obj (.text:RestartSensorInJpegMode)
                  2001cd14    00000068     mt9d111.obj (.text:StartSensorInJpegMode)
                  2001cd7c    00000068     simplelink.a : netapp.obj (.text:_sl_NetAppSendTokenValue)
                  2001cde4    00000068     cc3200_utils.obj (.text:fetchDeviceOSVersion)
                  2001ce4c    00000068     rtsv7M4_T_le_eabi.lib : trgmsg.obj (.text)
                  2001ceb4    00000068     simplelink.a : device.obj (.text:sl_DevSet)
                  2001cf1c    00000068                  : netcfg.obj (.text:sl_NetCfgSet)
                  2001cf84    00000068                  : socket.obj (.text:sl_SetSockOpt)
                  2001cfec    00000068                  : wlan.obj (.text:sl_WlanSet)
                  2001d054    00000066     matrix.obj (.text:f3x3matrixAeqScalar)
                  2001d0ba    00000066     rtsv7M4_T_le_eabi.lib : xdunscal.obj (.text)
                  2001d120    00000064     mt9d111.obj (.text:CCMRegs_Read)
                  2001d184    00000064     ota.obj (.text:OTA_Update)
                  2001d1e8    00000064     rtsv7M4_T_le_eabi.lib : fseek.obj (.text)
                  2001d24c    00000064     cc3200_socket.obj (.text:socketWait)
                  2001d2b0    00000064     tempRHSens_si7020.obj (.text:softResetTempRHSensor)
                  2001d314    00000064     driverlib.a : udma.obj (.text:uDMAChannelAttributeDisable)
                  2001d378    00000064                 : udma.obj (.text:uDMAChannelAttributeEnable)
                  2001d3dc    00000060     rtsv7M4_T_le_eabi.lib : fs_cmp_t2.obj (.text:__aeabi_cfcmple)
                  2001d43c    00000060                           : fs_cmp_t2.obj (.text:__aeabi_cfrcmple)
                  2001d49c    00000060     simplelink.a : socket.obj (.text:_sl_HandleAsync_Accept)
                  2001d4fc    00000060     main_FXOS8700.obj (.text:fxosDefault_Initializations)
                  2001d55c    00000060     lightSens_isl29035.obj (.text:getLightsensor_intrptStatus)
                  2001d5bc    00000060     accelomtrMagntomtr_fxos8700.obj (.text:getMagntData)
                  2001d61c    00000060     rtsv7M4_T_le_eabi.lib : sprintf.obj (.text)
                  2001d67c    00000060     simplelink.a : wlan.obj (.text:sl_WlanPolicySet)
                  2001d6dc    00000060     accelomtrMagntomtr_fxos8700.obj (.text:standby_accelMagn_fxos8700)
                  2001d73c    0000005c     ota.obj (.text:OTA_Init)
                  2001d798    0000005c     mt9d111.obj (.text:PCLK_Rate_read)
                  2001d7f4    0000005c     simplelink.a : socket.obj (.text:sl_Socket)
                  2001d850    00000058     driverlib.a : interrupt.obj (.text:IntPendClear)
                  2001d8a8    00000058                 : prcm.obj (.text:PRCMPeripheralReset)
                  2001d900    00000056     rtsv7M4_T_le_eabi.lib : ltoa.obj (.text)
                  2001d956    00000056                           : xfdunsca.obj (.text)
                  2001d9ac    00000054     driverlib.a : interrupt.obj (.text:IntPrioritySet)
                  2001da00    00000054     simplelink.a : socket.obj (.text:_sl_HandleAsync_Select)
                  2001da54    00000054     approximations.obj (.text:fasin_deg)
                  2001daa8    00000054     request.obj (.text:headerSend)
                  2001dafc    00000054     simplelink.a : wlan.obj (.text:sl_WlanRxFilterSet)
                  2001db50    00000051     installation.obj (.text:createInstallationCallback)
                  2001dba1    00000003     --HOLE-- [fill = 0]
                  2001dba4    00000050     i2c_if.obj (.text:I2C_IF_Open)
                  2001dbf4    00000050     camera_app.obj (.text:ImagCapture_Init)
                  2001dc44    00000050     driverlib.a : prcm.obj (.text:PRCMSlowClkCtrGet)
                  2001dc94    00000050     simplelink.a : device.obj (.text:_sl_HandleAsync_Stop)
                  2001dce4    00000050     mt9d111.obj (.text:disableAE)
                  2001dd34    00000050     mt9d111.obj (.text:disableAWB)
                  2001dd84    00000050     rtsv7M4_T_le_eabi.lib : fs_toull_t2.obj (.text)
                  2001ddd4    00000050     simplelink.a : fs.obj (.text:sl_FsDel)
                  2001de24    00000050     timer_fns.obj (.text:start_100mSecTimer)
                  2001de74    0000004c     tasks.obj (.text:RdSensData_Init)
                  2001dec0    0000004c     driverlib.a : spi.obj (.text:SPIIntEnable)
                  2001df0c    0000004c     simplelink.a : driver.obj (.text:_SlDrvProtectAsyncRespSetting)
                  2001df58    0000004c                  : driver.obj (.text:_SlDrvRxIrqHandler)
                  2001dfa4    0000004c                  : socket.obj (.text:_sl_BuildAddress)
                  2001dff0    0000004c     rtsv7M4_T_le_eabi.lib : atoi.obj (.text)
                  2001e03c    0000004c                           : atol.obj (.text)
                  2001e088    0000004c                           : cpy_tbl.obj (.text)
                  2001e0d4    0000004c                           : rand.obj (.text)
                  2001e120    0000004c     driverlib.a : udma.obj (.text:uDMAChannelAssign)
                  2001e16c    0000004c     middleware.a : util64.obj (.text:util_u32_nsec_add)
                  2001e1b8    0000004a     rtsv7M4_T_le_eabi.lib : fd_tos_t2.obj (.text)
                  2001e202    00000002     --HOLE-- [fill = 0]
                  2001e204    00000048     driverlib.a : prcm.obj (.text:PRCMHibernateWakeupSourceDisable)
                  2001e24c    00000048                 : prcm.obj (.text:PRCMHibernateWakeupSourceEnable)
                  2001e294    00000048                 : spi.obj (.text:SPIIntClear)
                  2001e2dc    00000048     mt9d111.obj (.text:Variable_Read)
                  2001e324    00000048     simplelink.a : driver.obj (.text:_SlDrvBasicCmd)
                  2001e36c    00000048     http.obj (.text:addHttpRequestLine)
                  2001e3b4    00000048     approximations.obj (.text:fatan_15deg)
                  2001e3fc    00000048     rtsv7M4_T_le_eabi.lib : fd_toi_t2.obj (.text)
                  2001e444    00000046                           : ldexp.obj (.text)
                  2001e48a    00000002     --HOLE-- [fill = 0]
                  2001e48c    00000044     driverlib.a : spi.obj (.text:SPIDmaMaskGet)
                  2001e4d0    00000044                 : timer.obj (.text:TimerConfigure)
                  2001e514    00000044     udma_if.obj (.text:UDMASetupTransfer)
                  2001e558    00000044     simplelink.a : cc_pal.obj (.text:cc_SetupTransfer)
                  2001e59c    00000044     main_FXOS8700.obj (.text:fxos_Calibration)
                  2001e5e0    00000044     rtsv7M4_T_le_eabi.lib : exit.obj (.text)
                  2001e624    00000044                           : fd_tou_t2.obj (.text)
                  2001e668    00000042     simplelink.a : socket.obj (.text:sl_Htonl)
                  2001e6aa    00000002     --HOLE-- [fill = 0]
                  2001e6ac    00000040     driverlib.a : pin.obj (.text:PinModeSet)
                  2001e6ec    00000040     wdt_if.obj (.text:WDT_IF_Init)
                  2001e72c    00000040     http.obj (.text:getHttpResponseBody)
                  2001e76c    00000040     rtsv7M4_T_le_eabi.lib : signal.obj (.text)
                  2001e7ac    00000040     timer_fns.obj (.text:start_1Sec_TimeoutTimer)
                  2001e7ec    0000003e     appFns_LightSensor.obj (.text:IsLightOff)
                  2001e82a    0000003e     rtsv7M4_T_le_eabi.lib : strncasecmp.obj (.text)
                  2001e868    0000003c     simplelink.a : netapp.obj (.text:CopyPingResultsToReport)
                  2001e8a4    0000003c     tasks.obj (.text:Fusion_Init)
                  2001e8e0    0000003c     driverlib.a : prcm.obj (.text:PRCMPeripheralClkEnable)
                  2001e91c    0000003c                 : prcm.obj (.text:PRCMSlowClkCtrFastGet)
                  2001e958    0000003c     watchdog.obj (.text:WDT_init)
                  2001e994    0000003c     simplelink.a : socket.obj (.text:_sl_TruncatePayloadByProtocol)
                  2001e9d0    0000003c     rtsv7M4_T_le_eabi.lib : boot.obj (.text)
                  2001ea0c    0000003c     simplelink.a : socket.obj (.text:sl_Htons)
                  2001ea48    0000003c     driverlib.a : udma.obj (.text:uDMAChannelControlSet)
                  2001ea84    0000003a                 : camera.obj (.text:CameraCaptureStop)
                  2001eabe    0000003a                 : camera.obj (.text:CameraXClkConfig)
                  2001eaf8    0000003a     orientation.obj (.text:fLPFScalar)
                  2001eb32    0000003a     request.obj (.text:parseSendRequest)
                  2001eb6c    00000039     http.obj (.text:addHttpRequestHeader)
                  2001eba5    00000003     --HOLE-- [fill = 0]
                  2001eba8    00000038     simplelink.a : cc_pal.obj (.text:NwpPowerOff)
                  2001ebe0    00000038     free_rtos.a : heap_3.obj (.text)
                  2001ec18    00000038     rtsv7M4_T_le_eabi.lib : fs_tod_t2.obj (.text)
                  2001ec50    00000038                           : fs_toi_t2.obj (.text)
                  2001ec88    00000038                           : i_tofs_t2.obj (.text)
                  2001ecc0    00000036     driverlib.a : gpio.obj (.text:GPIODirModeSet)
                  2001ecf6    00000036     simplelink.a : netapp.obj (.text:sl_NetAppMDNSUnRegisterService)
                  2001ed2c    00000035     http.obj (.text:beginHttpRequest)
                  2001ed61    00000001     --HOLE-- [fill = 0]
                  2001ed62    00000034     driverlib.a : camera.obj (.text:CameraParamsConfig)
                  2001ed96    00000002     --HOLE-- [fill = 0]
                  2001ed98    00000034                 : prcm.obj (.text:PRCMPeripheralStatusGet)
                  2001edcc    00000034                 : spi.obj (.text:SPIFIFOLevelSet)
                  2001ee00    00000034     http.obj (.text:getHttpResponseStatus)
                  2001ee34    00000034     main_FXOS8700.obj (.text:get_angle)
                  2001ee68    00000034     rtsv7M4_T_le_eabi.lib : feraiseexcept.obj (.text)
                  2001ee9c    00000034                           : fs_tou_t2.obj (.text)
                  2001eed0    00000034                           : strstr.obj (.text)
                  2001ef04    00000032     timer_if.obj (.text:Timer_IF_Init)
                  2001ef36    00000002     --HOLE-- [fill = 0]
                  2001ef38    00000030     main.obj (.text:BoardInit)
                  2001ef68    00000030     driverlib.a : pin.obj (.text:PinTypeGPIO)
                  2001ef98    00000030                 : uart.obj (.text:UARTDisable)
                  2001efc8    00000030     simplelink.a : device.obj (.text:_SlDrvDeviceEventHandler)
                  2001eff8    00000030                  : fs.obj (.text:_sl_Strlen)
                  2001f028    00000030     middleware.a : rtc_hal.obj (.text:hw_access_time_addup)
                  2001f058    00000030     rtsv7M4_T_le_eabi.lib : strncpy.obj (.text)
                  2001f088    00000030                           : xferaise.obj (.text)
                  2001f0b8    00000030     simplelink.a : socket.obj (.text:sl_Close)
                  2001f0e8    00000030                  : wlan.obj (.text:sl_WlanProfileDel)
                  2001f118    00000030                  : wlan.obj (.text:sl_WlanSetMode)
                  2001f148    0000002e     rtsv7M4_T_le_eabi.lib : i_tofd_t2.obj (.text)
                  2001f176    0000002e                           : raise.obj (.text)
                  2001f1a4    0000002d     http.obj (.text:addHttpRequestHeaderInt)
                  2001f1d1    00000003     --HOLE-- [fill = 0]
                  2001f1d4    0000002c     tasks.obj (.text:ApplyMagHAL)
                  2001f200    0000002c     driverlib.a : camera.obj (.text:CameraIntEnable)
                  2001f22c    0000002c     simplelink.a : cc_pal.obj (.text:DmaSpiSwIntHandler)
                  2001f258    0000002c     driverlib.a : i2c.obj (.text:I2CMasterErr)
                  2001f284    0000002c     timer_fns.obj (.text:IntHandler_1Sec_TimeoutTimer)
                  2001f2b0    0000002c     driverlib.a : prcm.obj (.text:PRCMSysResetCauseGet)
                  2001f2dc    0000002c     mt9d111.obj (.text:SoftReset_ImageSensor)
                  2001f308    0000002c     cc3200_utils.obj (.text:getDeviceTimeDate)
                  2001f334    0000002c     request.obj (.text:setDataBufferPointer)
                  2001f360    0000002c     timer_fns.obj (.text:stop_100mSecTimer)
                  2001f38c    0000002a     driverlib.a : timer.obj (.text:TimerLoadSet)
                  2001f3b6    0000002a                 : timer.obj (.text:TimerPrescaleSet)
                  2001f3e0    0000002a     rtsv7M4_T_le_eabi.lib : xdclass.obj (.text)
                  2001f40a    0000002a     middleware.a : util64.obj (.text:util_u64_time_add)
                  2001f434    00000028     driverlib.a : camera.obj (.text:CameraIntStatus)
                  2001f45c    00000028     uartA1_if.obj (.text:InitTerm)
                  2001f484    00000028     driverlib.a : prcm.obj (.text:IsRTCUsed)
                  2001f4ac    00000028     uartA1_if.obj (.text:Message)
                  2001f4d4    00000028     driverlib.a : prcm.obj (.text:PRCMPeripheralClkDisable)
                  2001f4fc    00000028     rtsv7M4_T_le_eabi.lib : strncat.obj (.text)
                  2001f524    00000028     simplelink.a : netapp.obj (.text:sl_NetAppStart)
                  2001f54c    00000028                  : netapp.obj (.text:sl_NetAppStop)
                  2001f574    00000026     driverlib.a : camera.obj (.text:CameraThresholdSet)
                  2001f59a    00000026     simplelink.a : cc_pal.obj (.text:NwpRegisterInterruptHandler)
                  2001f5c0    00000026     rtsv7M4_T_le_eabi.lib : strncmp.obj (.text)
                  2001f5e6    00000002     --HOLE-- [fill = 0]
                  2001f5e8    00000024     driverlib.a : camera.obj (.text:CameraIntClear)
                  2001f60c    00000024     timer_fns.obj (.text:IntHandler_100mSecTimer)
                  2001f630    00000024     driverlib.a : interrupt.obj (.text:IntUnregister)
                  2001f654    00000024                 : prcm.obj (.text:RTCU16MSecRegRead)
                  2001f678    00000024     timer_if.obj (.text:Timer_IF_Start)
                  2001f69c    00000024     driverlib.a : uart.obj (.text:UARTEnable)
                  2001f6c0    00000024     mt9d111.obj (.text:WriteAllAEnAWBRegs)
                  2001f6e4    00000024     simplelink.a : driver.obj (.text:_SlDrvProtectionObjLockWaitForever)
                  2001f708    00000024     main_FXOS8700.obj (.text:magnetometer_initialize)
                  2001f72c    00000024     rtsv7M4_T_le_eabi.lib : u_tofs_t2.obj (.text)
                  2001f750    00000022     driverlib.a : camera.obj (.text:CameraCaptureStart)
                  2001f772    00000022                 : i2c.obj (.text:I2CMasterSlaveAddrSet)
                  2001f794    00000022     simplelink.a : socket.obj (.text:SL_FD_SET)
                  2001f7b6    00000022     driverlib.a : spi.obj (.text:SPIReset)
                  2001f7d8    00000022                 : spi.obj (.text:SPIWordCountSet)
                  2001f7fa    00000022     rtsv7M4_T_le_eabi.lib : frexp.obj (.text)
                  2001f81c    00000022                           : memcmp.obj (.text)
                  2001f83e    00000020     driverlib.a : gpio.obj (.text:GPIOPinWrite)
                  2001f85e    00000002     --HOLE-- [fill = 0]
                  2001f860    00000020                 : interrupt.obj (.text:IntRegister)
                  2001f880    00000020     simplelink.a : cc_pal.obj (.text:NwpPowerOn)
                  2001f8a0    00000020     mt9d111.obj (.text:Refresh_mt9d111Firmware)
                  2001f8c0    00000020     simplelink.a : driver.obj (.text:_SlDrvProtectionObjUnLock)
                  2001f8e0    00000020     rtsv7M4_T_le_eabi.lib : memchr.obj (.text)
                  2001f900    00000020                           : u_tofd_t2.obj (.text)
                  2001f920    0000001e     driverlib.a : i2c.obj (.text:I2CMasterIntStatusEx)
                  2001f93e    0000001e                 : timer.obj (.text:TimerDisable)
                  2001f95c    0000001e                 : timer.obj (.text:TimerEnable)
                  2001f97a    0000001e                 : timer.obj (.text:TimerIntStatus)
                  2001f998    0000001e                 : uart.obj (.text:UARTCharPut)
                  2001f9b6    0000001e     simplelink.a : cc_pal.obj (.text:cc_UDMAChannelSelect)
                  2001f9d4    0000001e     rtsv7M4_T_le_eabi.lib : strcat.obj (.text)
                  2001f9f2    00000002     --HOLE-- [fill = 0]
                  2001f9f4    0000001c     tasks.obj (.text:ApplyAccelHAL)
                  2001fa10    0000001c     mt9d111.obj (.text:CameraSensorInit)
                  2001fa2c    0000001c     udma_if.obj (.text:DmaSwIntHandler)
                  2001fa48    0000001c     driverlib.a : pin.obj (.text:PinTypeI2C)
                  2001fa64    0000001c                 : timer.obj (.text:TimerValueGet)
                  2001fa80    0000001c     simplelink.a : driver.obj (.text:_SlDrvObjLockWaitForever)
                  2001fa9c    0000001c                  : driver.obj (.text:_SlDrvSyncObjWaitForever)
                  2001fab8    0000001c     rtsv7M4_T_le_eabi.lib : memccpy.obj (.text)
                  2001fad4    0000001c     timer_fns.obj (.text:stop_1Sec_TimeoutTimer)
                  2001faf0    0000001c     driverlib.a : udma.obj (.text:uDMAChannelDisable)
                  2001fb0c    0000001c                 : udma.obj (.text:uDMAChannelEnable)
                  2001fb28    0000001c     main.obj (.text:vApplicationMallocFailedHook)
                  2001fb44    0000001a     driverlib.a : pin.obj (.text:PinTypeCamera)
                  2001fb5e    0000001a                 : pin.obj (.text:PinTypeUART)
                  2001fb78    0000001a                 : spi.obj (.text:SPIDmaDisable)
                  2001fb92    0000001a                 : spi.obj (.text:SPIDmaEnable)
                  2001fbac    0000001a                 : spi.obj (.text:SPIFIFODisable)
                  2001fbc6    0000001a                 : spi.obj (.text:SPIFIFOEnable)
                  2001fbe0    00000018                 : camera.obj (.text:CameraReset)
                  2001fbf8    00000018     startup_ccs.obj (.text:FaultISR)
                  2001fc10    00000018     driverlib.a : gpio.obj (.text:GPIOPinRead)
                  2001fc28    00000018                 : prcm.obj (.text:PRCMHibernateEnter)
                  2001fc40    00000018                 : spi.obj (.text:SPICSDisable)
                  2001fc58    00000018                 : spi.obj (.text:SPICSEnable)
                  2001fc70    00000018                 : spi.obj (.text:SPIDisable)
                  2001fc88    00000018                 : spi.obj (.text:SPIEnable)
                  2001fca0    00000018                 : timer.obj (.text:TimerIntEnable)
                  2001fcb8    00000018     timer_if.obj (.text:Timer_IF_InterruptClear)
                  2001fcd0    00000018     driverlib.a : wdt.obj (.text:WatchdogStallEnable)
                  2001fce8    00000018                 : wdt.obj (.text:WatchdogUnlock)
                  2001fd00    00000018     simplelink.a : driver.obj (.text:_SlDrvObjUnLock)
                  2001fd18    00000018                  : driver.obj (.text:_SlDrvSyncObjSignal)
                  2001fd30    00000018                  : device.obj (.text:_sl_GetStartResponseConvert)
                  2001fd48    00000018     middleware.a : rtc_hal.obj (.text:get_value)
                  2001fd60    00000018     rtsv7M4_T_le_eabi.lib : args_main.obj (.text)
                  2001fd78    00000018                           : strcmp.obj (.text)
                  2001fd90    00000016     driverlib.a : camera.obj (.text:CameraDMAEnable)
                  2001fda6    00000016                 : camera.obj (.text:CameraIntRegister)
                  2001fdbc    00000016                 : i2c.obj (.text:I2CMasterDataPut)
                  2001fdd2    00000016                 : i2c.obj (.text:I2CMasterEnable)
                  2001fde8    00000016                 : prcm.obj (.text:PRCMHIBRegRead)
                  2001fdfe    00000016                 : prcm.obj (.text:PRCMHIBRegWrite)
                  2001fe14    00000016                 : wdt.obj (.text:WatchdogEnable)
                  2001fe2a    00000016     simplelink.a : driver.obj (.text:_SlDrvMemZero)
                  2001fe40    00000016     rtsv7M4_T_le_eabi.lib : strchr.obj (.text)
                  2001fe56    00000014     driverlib.a : cpu.obj (.text:CPUcpsie)
                  2001fe6a    00000002     --HOLE-- [fill = 0]
                  2001fe6c    00000014                 : interrupt.obj (.text:IntVTableBaseSet)
                  2001fe80    00000014     app_common.obj (.text:LED_Off)
                  2001fe94    00000014     app_common.obj (.text:LED_On)
                  2001fea8    00000014     rtsv7M4_T_le_eabi.lib : _lock.obj (.text)
                  2001febc    00000014                           : strcpy.obj (.text)
                  2001fed0    00000014                           : strlen.obj (.text)
                  2001fee4    00000014     driverlib.a : udma.obj (.text:uDMAControlBaseSet)
                  2001fef8    00000014                 : udma.obj (.text:uDMAIntClear)
                  2001ff0c    00000012                 : i2c.obj (.text:I2CMasterControl)
                  2001ff1e    00000012                 : i2c.obj (.text:I2CMasterIntClearEx)
                  2001ff30    00000012                 : i2c.obj (.text:I2CMasterTimeoutSet)
                  2001ff42    00000012                 : timer.obj (.text:TimerIntClear)
                  2001ff54    00000012                 : wdt.obj (.text:WatchdogReloadSet)
                  2001ff66    00000002     --HOLE-- [fill = 0]
                  2001ff68    00000010                 : prcm.obj (.text:PRCMSOCReset)
                  2001ff78    00000010                 : prcm.obj (.text:RTCU32SecRegRead)
                  2001ff88    00000010     simplelink.a : socket.obj (.text:SL_FD_ZERO)
                  2001ff98    00000010     timer_if.obj (.text:Timer_IF_Stop)
                  2001ffa8    00000010     driverlib.a : wdt.obj (.text:WatchdogIntClear)
                  2001ffb8    00000010     cc3200_socket.obj (.text:socketClose)
                  2001ffc8    0000000e     driverlib.a : i2c.obj (.text:I2CMasterDataGet)
                  2001ffd6    0000000e     simplelink.a : driver.obj (.text:_SlDrvResetCmdExt)
                  2001ffe4    0000000e     rtsv7M4_T_le_eabi.lib : copy_decompress_none.obj (.text:decompress:none)
                  2001fff2    0000000c     udma_if.obj (.text:DmaErrorIntHandler)
                  2001fffe    00000002     --HOLE-- [fill = 0]
                  20020000    0000000c     simplelink.a : cc_pal.obj (.text:NwpMaskInterrupt)
                  2002000c    0000000c                  : cc_pal.obj (.text:NwpUnMaskInterrupt)
                  20020018    0000000c     middleware.a : rtc_hal.obj (.text:cc_rtc_get)
                  20020024    0000000c     rtsv7M4_T_le_eabi.lib : copy_zero_init.obj (.text:decompress:ZI)
                  20020030    0000000c     parse_impl.obj (.text:getInternalClient)
                  2002003c    0000000c     simplelink.a : wlan.obj (.text:sl_WlanDisconnect)
                  20020048    0000000c     driverlib.a : udma.obj (.text:uDMAEnable)
                  20020054    0000000c                 : udma.obj (.text:uDMAIntStatus)
                  20020060    0000000a                 : interrupt.obj (.text:IntMasterEnable)
                  2002006a    0000000a     main.obj (.text:vApplicationStackOverflowHook)
                  20020074    00000008     hibernate_related_fns.obj (.text:sensorsTriggerSetup)
                  2002007c    00000006     i2cconfig.obj (.text:MT9D111Delay)
                  20020082    00000006     startup_ccs.obj (.text:ResetISR)
                  20020088    00000006     driverlib.a : utils.obj (.text:UtilsDelay)
                  2002008e    00000006     rtsv7M4_T_le_eabi.lib : copy_decompress_rle.obj (.text:decompress:rle24)
                  20020094    00000006                           : logf.obj (.text)
                  2002009a    00000006                           : sinf.obj (.text)
                  200200a0    00000004                           : error.obj (.text)
                  200200a4    00000004                           : pre_init.obj (.text)

.const     0    200200a8    0000116f     
                  200200a8    00000160     mt9d111.obj (.const:capture_cmds_list)
                  20020208    0000013c     mt9d111.obj (.const:init_cmds_list)
                  20020344    00000101     rtsv7M4_T_le_eabi.lib : ctype.obj (.const:.string:_ctypes_)
                  20020445    00000003     --HOLE-- [fill = 0]
                  20020448    00000100     driverlib.a : pin.obj (.const:g_ulPinToPadMap)
                  20020548    00000100     mt9d111.obj (.const)
                  20020648    000000f8     mt9d111.obj (.const:$P$T4$5)
                  20020740    000000d4     driverlib.a : interrupt.obj (.const:g_pulRegs)
                  20020814    000000b0     simplelink.a : wlan.obj (.const:$P$T0$1)
                  200208c4    000000a8     driverlib.a : prcm.obj (.const:PRCM_PeriphRegsList)
                  2002096c    00000092     mt9d111.obj (.const:.string)
                  200209fe    00000002     --HOLE-- [fill = 0]
                  20020a00    00000080     driverlib.a : interrupt.obj (.const)
                  20020a80    0000007e     camera_app.obj (.const:.string)
                  20020afe    00000072     lightSens_isl29035.obj (.const:.string)
                  20020b70    00000071     user_configure_fn.obj (.const:.string)
                  20020be1    00000003     --HOLE-- [fill = 0]
                  20020be4    00000068     appFns_BatteryLevelSense.obj (.const:V2CEntry$1)
                  20020c4c    00000054     mt9d111.obj (.const:$P$T30$31)
                  20020ca0    00000050     accelomtrMagntomtr_fxos8700.obj (.const:.string)
                  20020cf0    0000004c     mt9d111.obj (.const:$P$T8$9)
                  20020d3c    0000004b     tempRHSens_si7020.obj (.const:.string)
                  20020d87    00000049     parse_uploads.obj (.const:.string)
                  20020dd0    0000003c     i2c_app.obj (.const:.string)
                  20020e0c    0000003c     simplelink.a : driver.obj (.const:OpcodeTranslateTable)
                  20020e48    0000003c                  : wlan.obj (.const)
                  20020e84    00000038                  : driver.obj (.const:_SlActionLookupTable)
                  20020ebc    00000038     rtsv7M4_T_le_eabi.lib : xflog.obj (.const)
                  20020ef4    00000038     simplelink.a : fs.obj (.const)
                  20020f2c    00000036     flash_files.obj (.const:.string)
                  20020f62    00000002     --HOLE-- [fill = 0]
                  20020f64    00000034     rtsv7M4_T_le_eabi.lib : xfatan.obj (.const)
                  20020f98    00000034     simplelink.a : driver.obj (.const)
                  20020fcc    00000034                  : socket.obj (.const)
                  20021000    0000002c     network_relater_fns.obj (.const:$P$T1$2)
                  2002102c    00000028     rtsv7M4_T_le_eabi.lib : xfdint.obj (.const)
                  20021054    00000028                           : xfsin.obj (.const)
                  2002107c    00000028     simplelink.a : netapp.obj (.const)
                  200210a4    00000027     network_relater_fns.obj (.const:.string)
                  200210cb    00000001     --HOLE-- [fill = 0]
                  200210cc    00000024     mt9d111.obj (.const:recapture_cmds_list)
                  200210f0    00000023     batteryVoltLvlSens_adc081c021.obj (.const:.string:$P$T0$1)
                  20021113    00000022     network_relater_fns.obj (.const:.string:$P$T0$1)
                  20021135    00000003     --HOLE-- [fill = 0]
                  20021138    0000001c     rtsv7M4_T_le_eabi.lib : tanf.obj (.const)
                  20021154    0000001c                           : xfexp.obj (.const)
                  20021170    00000018     driverlib.a : spi.obj (.const)
                  20021188    00000017     request.obj (.const:.string)
                  2002119f    00000014     network_relater_fns.obj (.const)
                  200211b3    00000001     --HOLE-- [fill = 0]
                  200211b4    00000014     simplelink.a : device.obj (.const)
                  200211c8    00000010                  : socket.obj (.const:.string)
                  200211d8    0000000f     application_fn.obj (.const:.string)
                  200211e7    0000000f     sendGroundData.obj (.const:.string)
                  200211f6    0000000b     app_common.obj (.const:.string)
                  20021201    00000008     simplelink.a : device.obj (.const:.string)
                  20021209    00000001     --HOLE-- [fill = 0]
                  2002120a    00000008                  : netcfg.obj (.const)
                  20021212    00000005     main.obj (.const:.string)

.cinit     0    20021218    00000530     
                  20021218    00000506     (.cinit..data.load) [load image, compression = rle]
                  2002171e    00000002     --HOLE-- [fill = 0]
                  20021720    0000000c     (__TI_handler_table)
                  2002172c    00000004     --HOLE-- [fill = 0]
                  20021730    00000008     (.cinit..bss.load) [load image, compression = zero_init]
                  20021738    00000010     (__TI_cinit_table)

.init_array 
*          0    20004000    00000000     UNINITIALIZED

.bss       0    20022400    00017360     UNINITIALIZED
                  20022400    00014000     main.obj (.bss:g_image_buffer)
                  20036400    00000b58     tasks.obj (.bss:thisMagBuffer)
                  20036f58    000005a0     ota.a : OtaHttp.obj (.bss:recv_buf)
                  200374f8    0000044c           : OtaClient.obj (.bss:g_OtaCheckUpdateResponse)
                  20037944    00000418     user_configure_fn.obj (.bss:thisMagCal)
                  20037d5c    00000240     ota.obj (.bss:g_otaOptServerInfo)
                  20037f9c    00000058     tasks.obj (.bss:thisMag)
                  20037ff4    0000000c     (.common:g_SecParams)
                  20038000    00000400     udma_if.obj (.bss:gpCtlTbl)
                  20038400    000003d8     ota.a : OtaClient.obj (.bss:g_OtaFileMetadata)
                  200387d8    00000370     main.obj (.bss:g_NetEntries)
                  20038b48    00000200     ota.a : OtaHttp.obj (.bss:send_buf)
                  20038d48    00000178     simplelink.a : driver.obj (.bss:g_StatMem)
                  20038ec0    00000120     rtsv7M4_T_le_eabi.lib : trgmsg.obj (.bss:__CIOBUF_)
                  20038fe0    00000100     udma_if.obj (.bss:gfpAppCallbackHndl)
                  200390e0    000000c8     free_rtos.a : tasks.obj (.bss:pxReadyTasksLists)
                  200391a8    000000ac     tasks.obj (.bss:thisSV_6DOF_GB_BASIC)
                  20039254    000000a0     rtsv7M4_T_le_eabi.lib : defs.obj (.bss:__TI_tmpnams)
                  200392f4    00000074     ota.a : CdnClient.obj (.bss:g_CdnClient)
                  20039368    00000050     simplelink.a : cc_pal.obj (.bss:g_ucDinDout)
                  200393b8    00000050     free_rtos.a : queue.obj (.bss:xQueueRegistry)
                  20039408    0000004c     ota.a : OtaApp.obj (.bss:g_OtaApp)
                  20039454    0000004c           : OtaApp.obj (.bss:g_OtaApp_statistics)
                  200394a0    00000034     cc3200_client_state.obj (.bss:clientStateFileName)
                  200394d4    00000034     main.obj (.bss:g_cWlanSecurityKey)
                  20039508    00000034     tasks.obj (.bss:thisAccel)
                  2003953c    00000024     ota.a : OtaClient.obj (.bss:g_OtaClient)
                  20039560    00000024     main.obj (.bss:g_cWlanSSID)
                  20039584    00000024     main.obj (.bss:g_ucConnectionSSID)
                  200395a8    0000001c     rtsv7M4_T_le_eabi.lib : vla_alloc.obj (.bss)
                  200395c4    00000014     (.common:g_FlcSflashCb)
                  200395d8    00000014     (.common:g_flag_blockFull)
                  200395ec    00000014     (.common:xDelayedTaskList1)
                  20039600    00000014     (.common:xDelayedTaskList2)
                  20039614    00000014     (.common:xPendingReadyList)
                  20039628    00000014     (.common:xSuspendedTaskList)
                  2003963c    00000014     (.common:xTasksWaitingTermination)
                  20039650    00000010     (.common:ang_buf)
                  20039660    00000010     (.common:globals)
                  20039670    00000010     (.common:mqxglobals)
                  20039680    00000008     (.common:g_LogClient)
                  20039688    00000008     (.common:g_Struct_TimeStamp_MaxAngle)
                  20039690    00000008     (.common:g_Struct_TimeStamp_MinAngle)
                  20039698    00000008     (.common:g_TimeStamp_CamUp)
                  200396a0    00000008     (.common:g_TimeStamp_DoorClosed)
                  200396a8    00000008     (.common:g_TimeStamp_NWPUp)
                  200396b0    00000008     (.common:g_TimeStamp_PhotoSnap)
                  200396b8    00000008     (.common:g_TimeStamp_PhotoUploaded)
                  200396c0    00000008     (.common:g_TimeStamp_cc3200Up)
                  200396c8    00000008     (.common:g_TimeStamp_maxAngle)
                  200396d0    00000008     (.common:g_TimeStamp_minAngle)
                  200396d8    00000008     (.common:g_ucConnectionBSSID)
                  200396e0    00000008     (.common:parmbuf)
                  200396e8    00000008     (.common:sBootInfo)
                  200396f0    00000004     (.common:DMAMsgQ)
                  200396f4    00000004     (.common:Elapsed_100MilliSecs)
                  200396f8    00000004     (.common:Elapsed_1Secs)
                  200396fc    00000004     (.common:__Errorlog)
                  20039700    00000004     (.common:angle_avg)
                  20039704    00000004     (.common:dataBuffer)
                  20039708    00000004     (.common:g_block_lastFilled)
                  2003970c    00000004     (.common:g_cDummy)
                  20039710    00000004     (.common:g_cWlanSecurityType)
                  20039714    00000004     (.common:g_frame_size_in_bytes)
                  20039718    00000004     (.common:g_position_in_block)
                  2003971c    00000004     (.common:g_readHeader)
                  20039720    00000004     (.common:g_total_dma_intrpts)
                  20039724    00000004     (.common:g_ulAppStatus)
                  20039728    00000004     (.common:g_ulSimplelinkStatus)
                  2003972c    00000004     (.common:g_ulWatchdogCycles)
                  20039730    00000004     (.common:gdoor_40deg_angle)
                  20039734    00000004     (.common:gdoor_90deg_angle)
                  20039738    00000004     (.common:pvOtaApp)
                  2003973c    00000004     (.common:pxDelayedTaskList)
                  20039740    00000004     (.common:pxOverflowDelayedTaskList)
                  20039744    00000002     (.common:g_fMaxAngle)
                  20039746    00000002     (.common:g_fMinAngle)
                  20039748    00000001     (.common:RxIrqCnt)
                  20039749    00000001     (.common:avg_buffer_cnt)
                  2003974a    00000001     (.common:captureTimeout_Flag)
                  2003974b    00000001     (.common:checkForLight_Flag)
                  2003974c    00000001     (.common:g_I2CPeripheral_inUse_Flag)
                  2003974d    00000001     (.common:g_Task3_Notification)
                  2003974e    00000001     (.common:g_dma_txn_done)
                  2003974f    00000001     (.common:g_flag_DataBlockFilled)
                  20039750    00000001     (.common:g_flag_door_closing_45degree)
                  20039751    00000001     (.common:g_frame_end)
                  20039752    00000001     (.common:g_ucAngle40)
                  20039753    00000001     (.common:g_ucAngle90)
                  20039754    00000001     (.common:g_ucCalibration)
                  20039755    00000001     (.common:g_ucConfig)
                  20039756    00000001     (.common:g_ucExitButton)
                  20039757    00000001     (.common:g_ucFeedWatchdog)
                  20039758    00000001     (.common:g_ucMagCalb)
                  20039759    00000001     (.common:g_ucProfileAdded)
                  2003975a    00000001     (.common:g_ucPushButtonPressedTwice)
                  2003975b    00000001     (.common:g_ucReasonForFailure)
                  2003975c    00000001     (.common:iDone)
                  2003975d    00000001     (.common:isitfirsttime)
                  2003975e    00000001     (.common:print_count)
                  2003975f    00000001     (.common:valid_case)

.TI.noinit 
*          0    20022400    00000000     UNINITIALIZED

.sysmem    0    20039760    00005000     UNINITIALIZED
                  20039760    00000008     rtsv7M4_T_le_eabi.lib : memory.obj (.sysmem)
                  20039768    00004ff8     --HOLE--


LINKER GENERATED COPY TABLES

__TI_cinit_table @ 20021738 records: 2, size/record: 8, table size: 16
	.data: load addr=20021218, load size=00000506 bytes, run addr=20000000, run size=00000938 bytes, compression=rle
	.bss: load addr=20021730, load size=00000008 bytes, run addr=20022400, run size=00017360 bytes, compression=zero_init


LINKER GENERATED HANDLER TABLE

__TI_handler_table @ 20021720 records: 3, size/record: 4, table size: 12
	index: 0, handler: __TI_decompress_rle24
	index: 1, handler: __TI_decompress_none
	index: 2, handler: __TI_zero_init


GLOBAL SYMBOLS: SORTED ALPHABETICALLY BY Name 

address   name                                  
-------   ----                                  
2001adb1  Add_NumberField_ToJSONString          
2001f9f5  ApplyAccelHAL                         
2001f1d5  ApplyMagHAL                           
2001e5e1  C$$EXIT                               
2001ce7b  C$$IO$$                               
2001d121  CCMRegs_Read                          
2001fe57  CPUcpsie                              
2001c739  CamControllerInit                     
2001f751  CameraCaptureStart                    
2001ea85  CameraCaptureStop                     
2001fd91  CameraDMAEnable                       
2001f5e9  CameraIntClear                        
2001f201  CameraIntEnable                       
2001fda7  CameraIntRegister                     
2001f435  CameraIntStatus                       
2001ed63  CameraParamsConfig                    
2001fbe1  CameraReset                           
2001fa11  CameraSensorInit                      
2001f575  CameraThresholdSet                    
2001eabf  CameraXClkConfig                      
2000f651  CaptureImage                          
2000d427  CdnClient_CloseServer                 
2000d445  CdnClient_ConnectByUrl                
2000d3f5  CdnClient_Init                        
2000d2bf  CdnClient_Run                         
2000d2b5  CdnClient_SetFileInfo                 
20016b61  Check_I2CDevices                      
2001aab9  Config_CameraCapture                  
2001ab51  ConfigureMode                         
2000e551  ConfigureSimpleLinkToDefaultState     
2001239d  ConstructDeviceStateObject            
20010015  ConstructGroundDataObject             
2001e869  CopyPingResultsToReport               
200396f0  DMAMsgQ                               
2000063c  DigiCertHighAssuranceEVRootCA_der_len 
2001fff3  DmaErrorIntHandler                    
2001f22d  DmaSpiSwIntHandler                    
2001fa2d  DmaSwIntHandler                       
200396f4  Elapsed_100MilliSecs                  
200396f8  Elapsed_1Secs                         
2001924d  EnterStandby_mt9d111                  
200194a5  ExitStandby_mt9d111                   
20014a6d  FXOS8700_Init                         
200161e5  FXOS8700_ReadData                     
2001e8a5  Fusion_Init                           
200144f9  Fusion_Run                            
2001ecc1  GPIODirModeSet                        
2001fc11  GPIOPinRead                           
2001f83f  GPIOPinWrite                          
200184b5  Get_BatteryPercent                    
2001c659  Get_BatteryVoltageLevel_ADC081C021    
20017a4d  Get_FridgeCamID                       
200147b9  HIBernate                             
2000f0d9  HOSTclock                             
2000f0a1  HOSTclose                             
2000f063  HOSTgetenv                            
2000f007  HOSTlseek                             
2000efb5  HOSTopen                              
2000ef69  HOSTread                              
2000ef0b  HOSTrename                            
2000eed1  HOSTtime                              
2000ee99  HOSTunlink                            
2000ee4d  HOSTwrite                             
20015381  I2CBufferRead                         
20015d39  I2CBufferWrite                        
2001ff0d  I2CMasterControl                      
2001ffc9  I2CMasterDataGet                      
2001fdbd  I2CMasterDataPut                      
2001fdd3  I2CMasterEnable                       
2001f259  I2CMasterErr                          
2001b9d1  I2CMasterInitExpClk                   
2001ff1f  I2CMasterIntClearEx                   
2001f921  I2CMasterIntStatusEx                  
2001f773  I2CMasterSlaveAddrSet                 
2001ff31  I2CMasterTimeoutSet                   
2001dba5  I2C_IF_Open                           
2001962d  I2C_IF_Read                           
2001986d  I2C_IF_Write                          
2001dbf5  ImagCapture_Init                      
20019929  ImageSensor_CaptureConfigs_Task       
2001f45d  InitTerm                              
2001c231  InitialiseParse                       
2001b1bd  InitializeUserConfigVariables         
2001a3cd  IntDisable                            
2001a475  IntEnable                             
2001f60d  IntHandler_100mSecTimer               
2001f285  IntHandler_1Sec_TimeoutTimer          
20020061  IntMasterEnable                       
2001d851  IntPendClear                          
2001d9ad  IntPrioritySet                        
2001f861  IntRegister                           
2001f631  IntUnregister                         
2001fe6d  IntVTableBaseSet                      
2001e7ed  IsLightOff                            
2001a5c5  LED_Blink                             
2001fe81  LED_Off                               
2001fe95  LED_On                                
2000e087  LogClient_Close                       
2000e09f  LogClient_ConnectAndPrint             
2000e051  LogClient_ConnectServer               
2000e039  LogClient_Init                        
2000def5  LogClient_Print                       
2002007d  MT9D111Delay                          
2000e22d  MagCal_Run                            
20018681  Main_Task_withHibernate               
2001f4ad  Message                               
2001b24d  NWP_SwitchOn                          
20020001  NwpMaskInterrupt                      
2001eba9  NwpPowerOff                           
2001f881  NwpPowerOn                            
2001ba55  NwpPowerOnPreamble                    
2001f59b  NwpRegisterInterruptHandler           
2002000d  NwpUnMaskInterrupt                    
200140c5  OTAServerInfoSet                      
20016c65  OTA_CommitImage                       
2001d185  OTA_Update                            
20020e0c  OpcodeTranslateTable                  
2000bea7  OtaClient_CloseServer                 
2000be71  OtaClient_ConnectServer               
2000be3f  OtaClient_GetNextUpdate               
2000be0d  OtaClient_Init                        
2000bd37  OtaClient_ResourceMetadata            
2000bb73  OtaClient_ResourceNameConvert         
2000bac5  OtaClient_UpdateCheck                 
2001d799  PCLK_Rate_read                        
20015ad1  PRCMCC3200MCUInit                     
2001fde9  PRCMHIBRegRead                        
2001fdff  PRCMHIBRegWrite                       
2001fc29  PRCMHibernateEnter                    
2001b621  PRCMHibernateIntervalSet              
2001cc45  PRCMHibernateWakeUpGPIOSelect         
2001e205  PRCMHibernateWakeupSourceDisable      
2001e24d  PRCMHibernateWakeupSourceEnable       
2001f4d5  PRCMPeripheralClkDisable              
2001e8e1  PRCMPeripheralClkEnable               
2001ae49  PRCMPeripheralClockGet                
2001d8a9  PRCMPeripheralReset                   
2001ed99  PRCMPeripheralStatusGet               
2001bd61  PRCMRTCGet                            
2001ff69  PRCMSOCReset                          
2001e91d  PRCMSlowClkCtrFastGet                 
2001dc45  PRCMSlowClkCtrGet                     
2001f2b1  PRCMSysResetCauseGet                  
2001b6a9  PinConfigSet                          
2001e6ad  PinModeSet                            
20017375  PinMuxConfig                          
2001fb45  PinTypeCamera                         
2001ef69  PinTypeGPIO                           
2001fa49  PinTypeI2C                            
2001fb5f  PinTypeUART                           
2001de75  RdSensData_Init                       
20011931  RdSensData_Run                        
2001a071  ReStart_CameraCapture                 
20018761  ReadFile_FromFlash                    
20015f95  Read_AllRegisters                     
2001f8a1  Refresh_mt9d111Firmware               
2001a321  Report                                
20020083  ResetISR                              
2001ccad  RestartSensorInJpegMode               
20039748  RxIrqCnt                              
20020fa8  RxMsgClassLUT                         
UNDEFED   SHT$$INIT_ARRAY$$Base                 
UNDEFED   SHT$$INIT_ARRAY$$Limit                
2001f795  SL_FD_SET                             
2001ff89  SL_FD_ZERO                            
2001fc41  SPICSDisable                          
2001fc59  SPICSEnable                           
2001a669  SPIConfigSetExpClk                    
2001fc71  SPIDisable                            
2001fb79  SPIDmaDisable                         
2001fb93  SPIDmaEnable                          
2001fc89  SPIEnable                             
2001fbad  SPIFIFODisable                        
2001fbc7  SPIFIFOEnable                         
2001edcd  SPIFIFOLevelSet                       
2001e295  SPIIntClear                           
2001dec1  SPIIntEnable                          
2001f7b7  SPIReset                              
2001f7d9  SPIWordCountSet                       
20000860  SecurityParams                        
20018fe9  SendGroundData                        
2000a881  SimpleLinkHttpServerCallback          
20013de5  SimpleLinkNetAppEventHandler          
2001422d  SimpleLinkSockEventHandler            
2000ca89  SimpleLinkWlanEventHandler            
2001f2dd  SoftReset_ImageSensor                 
2001bddd  Standby_ImageSensor                   
20021201  StartResponseLUT                      
2001cd15  StartSensorInJpegMode                 
20018841  Start_CameraCapture                   
2001e4d1  TimerConfigure                        
2001f93f  TimerDisable                          
2001f95d  TimerEnable                           
2001ff43  TimerIntClear                         
2001fca1  TimerIntEnable                        
2001f97b  TimerIntStatus                        
2001f38d  TimerLoadSet                          
2001f3b7  TimerPrescaleSet                      
2001fa65  TimerValueGet                         
2001ef05  Timer_IF_Init                         
2001c5e5  Timer_IF_IntSetup                     
2001fcb9  Timer_IF_InterruptClear               
2001f679  Timer_IF_Start                        
2001ff99  Timer_IF_Stop                         
20000728  Token                                 
2001f999  UARTCharPut                           
2001c411  UARTConfigSetExpClk                   
2001ef99  UARTDisable                           
2001f69d  UARTEnable                            
2001c7a5  UDMAInit                              
2001e515  UDMASetupTransfer                     
20018921  UploadGroundDataObjectToParse         
2001859d  UploadImageToParse                    
20018a01  UploadSensorDataToParse               
200121ed  UserConfigure_Task                    
2000f8d5  User_Configure                        
20020089  UtilsDelay                            
2000b4e5  VDeleteSimpleLinkSpawnTask            
2000b495  VStartSimpleLinkSpawnTask             
2000078c  Value                                 
2001e2dd  Variable_Read                         
2001a11d  Verify_ImageSensor                    
2001e6ed  WDT_IF_Init                           
2001e959  WDT_init                              
2001be59  Wakeup_ImageSensor                    
2001fe15  WatchdogEnable                        
2001ffa9  WatchdogIntClear                      
[...]
2001d379  uDMAChannelAttributeEnable            
2001d3dd  __aeabi_cfcmpeq                       
2001d3dd  __aeabi_cfcmple                       
2001d43d  __aeabi_cfrcmple                      
2001d49d  _sl_HandleAsync_Accept                
2001d4fd  fxosDefault_Initializations           
2001d55d  getLightsensor_intrptStatus           
2001d5bd  getMagntData                          
2001d61d  sprintf                               
2001d67d  sl_WlanPolicySet                      
2001d6dd  standby_accelMagn_fxos8700            
2001d799  PCLK_Rate_read                        
2001d7f5  sl_Socket                             
2001d851  IntPendClear                          
2001d8a9  PRCMPeripheralReset                   
2001d901  ltoa                                  
2001d957  _FDunscale                            
2001d9ad  IntPrioritySet                        
2001da01  _sl_HandleAsync_Select                
2001da55  fasin_deg                             
2001daa9  headerSend                            
2001dafd  sl_WlanRxFilterSet                    
2001dba5  I2C_IF_Open                           
2001dbf5  ImagCapture_Init                      
2001dc45  PRCMSlowClkCtrGet                     
2001dc95  _sl_HandleAsync_Stop                  
2001dce5  disableAE                             
2001dd35  disableAWB                            
2001dd85  __aeabi_f2ulz                         
2001ddd5  sl_FsDel                              
2001de25  start_100mSecTimer                    
2001de75  RdSensData_Init                       
2001dec1  SPIIntEnable                          
2001df0d  _SlDrvProtectAsyncRespSetting         
2001df59  _SlDrvRxIrqHandler                    
2001dfa5  _sl_BuildAddress                      
2001dff1  atoi                                  
2001e03d  atol                                  
2001e089  copy_in                               
2001e0d5  srand                                 
2001e0eb  rand                                  
2001e121  uDMAChannelAssign                     
2001e16d  util_u32_nsec_add                     
2001e1b9  __aeabi_d2f                           
2001e205  PRCMHibernateWakeupSourceDisable      
2001e24d  PRCMHibernateWakeupSourceEnable       
2001e295  SPIIntClear                           
2001e2dd  Variable_Read                         
2001e325  _SlDrvBasicCmd                        
2001e36d  addHttpRequestLine                    
2001e3b5  fatan_15deg                           
2001e3fd  __aeabi_d2iz                          
2001e445  ldexp                                 
2001e4d1  TimerConfigure                        
2001e515  UDMASetupTransfer                     
2001e59d  fxos_Calibration                      
2001e5e1  C$$EXIT                               
2001e5e5  abort                                 
2001e5ed  exit                                  
2001e625  __aeabi_d2uiz                         
2001e669  sl_Htonl                              
2001e6ad  PinModeSet                            
2001e6ed  WDT_IF_Init                           
2001e72d  getHttpResponseBody                   
2001e76d  signal                                
2001e7ad  start_1Sec_TimeoutTimer               
2001e7ed  IsLightOff                            
2001e82b  strncasecmp                           
2001e869  CopyPingResultsToReport               
2001e8a5  Fusion_Init                           
2001e8e1  PRCMPeripheralClkEnable               
2001e91d  PRCMSlowClkCtrFastGet                 
2001e959  WDT_init                              
2001e995  _sl_TruncatePayloadByProtocol         
2001e9d1  _c_int00                              
2001ea0d  sl_Htons                              
2001ea49  uDMAChannelControlSet                 
2001ea85  CameraCaptureStop                     
2001eabf  CameraXClkConfig                      
2001eaf9  fLPFScalar                            
2001eb33  parseSendRequest                      
2001eb6d  addHttpRequestHeader                  
2001eba9  NwpPowerOff                           
2001ebe1  pvPortMalloc                          
2001ec01  vPortFree                             
2001ec19  __aeabi_f2d                           
2001ec51  __aeabi_f2iz                          
2001ec89  __aeabi_i2f                           
2001ecc1  GPIODirModeSet                        
2001ecf7  sl_NetAppMDNSUnRegisterService        
2001ed2d  beginHttpRequest                      
2001ed63  CameraParamsConfig                    
2001ed99  PRCMPeripheralStatusGet               
2001edcd  SPIFIFOLevelSet                       
2001ee01  getHttpResponseStatus                 
2001ee35  get_angle                             
2001ee69  feraiseexcept                         
2001ee9d  __aeabi_f2uiz                         
2001eed1  strstr                                
2001ef05  Timer_IF_Init                         
2001ef69  PinTypeGPIO                           
2001ef99  UARTDisable                           
2001efc9  _SlDrvDeviceEventHandler              
2001eff9  _sl_Strlen                            
2001f059  strncpy                               
2001f089  _Feraise                              
2001f0b9  sl_Close                              
2001f0e9  sl_WlanProfileDel                     
2001f119  sl_WlanSetMode                        
2001f149  __aeabi_i2d                           
2001f177  raise                                 
2001f1a5  addHttpRequestHeaderInt               
2001f1d5  ApplyMagHAL                           
2001f201  CameraIntEnable                       
2001f22d  DmaSpiSwIntHandler                    
2001f259  I2CMasterErr                          
2001f285  IntHandler_1Sec_TimeoutTimer          
2001f2b1  PRCMSysResetCauseGet                  
2001f2dd  SoftReset_ImageSensor                 
2001f335  setDataBufferPointer                  
2001f361  stop_100mSecTimer                     
2001f38d  TimerLoadSet                          
2001f3b7  TimerPrescaleSet                      
2001f3e1  _Dclass                               
2001f40b  util_u64_time_add                     
2001f435  CameraIntStatus                       
2001f45d  InitTerm                              
2001f4ad  Message                               
2001f4d5  PRCMPeripheralClkDisable              
2001f4fd  strncat                               
2001f525  sl_NetAppStart                        
2001f54d  sl_NetAppStop                         
2001f575  CameraThresholdSet                    
2001f59b  NwpRegisterInterruptHandler           
2001f5c1  strncmp                               
2001f5e9  CameraIntClear                        
2001f60d  IntHandler_100mSecTimer               
2001f631  IntUnregister                         
2001f679  Timer_IF_Start                        
2001f69d  UARTEnable                            
2001f6c1  WriteAllAEnAWBRegs                    
2001f6e5  _SlDrvProtectionObjLockWaitForever    
2001f709  magnetometer_initialize               
2001f72d  __aeabi_ui2f                          
2001f751  CameraCaptureStart                    
2001f773  I2CMasterSlaveAddrSet                 
2001f795  SL_FD_SET                             
2001f7b7  SPIReset                              
2001f7d9  SPIWordCountSet                       
2001f7fb  frexp                                 
2001f81d  memcmp                                
2001f83f  GPIOPinWrite                          
2001f861  IntRegister                           
2001f881  NwpPowerOn                            
2001f8a1  Refresh_mt9d111Firmware               
2001f8c1  _SlDrvProtectionObjUnLock             
2001f8e1  memchr                                
2001f901  __aeabi_ui2d                          
2001f921  I2CMasterIntStatusEx                  
2001f93f  TimerDisable                          
2001f95d  TimerEnable                           
2001f97b  TimerIntStatus                        
2001f999  UARTCharPut                           
2001f9d5  strcat                                
2001f9f5  ApplyAccelHAL                         
2001fa11  CameraSensorInit                      
2001fa2d  DmaSwIntHandler                       
2001fa49  PinTypeI2C                            
2001fa65  TimerValueGet                         
2001fa81  _SlDrvObjLockWaitForever              
2001fa9d  _SlDrvSyncObjWaitForever              
2001fab9  memccpy                               
2001fad5  stop_1Sec_TimeoutTimer                
2001faf1  uDMAChannelDisable                    
2001fb0d  uDMAChannelEnable                     
2001fb29  vApplicationMallocFailedHook          
2001fb45  PinTypeCamera                         
2001fb5f  PinTypeUART                           
2001fb79  SPIDmaDisable                         
2001fb93  SPIDmaEnable                          
2001fbad  SPIFIFODisable                        
2001fbc7  SPIFIFOEnable                         
2001fbe1  CameraReset                           
2001fc11  GPIOPinRead                           
2001fc29  PRCMHibernateEnter                    
2001fc41  SPICSDisable                          
2001fc59  SPICSEnable                           
2001fc71  SPIDisable                            
2001fc89  SPIEnable                             
2001fca1  TimerIntEnable                        
2001fcb9  Timer_IF_InterruptClear               
2001fcd1  WatchdogStallEnable                   
2001fce9  WatchdogUnlock                        
2001fd01  _SlDrvObjUnLock                       
2001fd19  _SlDrvSyncObjSignal                   
2001fd31  _sl_GetStartResponseConvert           
2001fd61  _args_main                            
2001fd79  strcmp                                
2001fd91  CameraDMAEnable                       
2001fda7  CameraIntRegister                     
2001fdbd  I2CMasterDataPut                      
2001fdd3  I2CMasterEnable                       
2001fde9  PRCMHIBRegRead                        
2001fdff  PRCMHIBRegWrite                       
2001fe15  WatchdogEnable                        
2001fe2b  _SlDrvMemZero                         
2001fe41  strchr                                
2001fe57  CPUcpsie                              
2001fe6d  IntVTableBaseSet                      
2001fe81  LED_Off                               
2001fe95  LED_On                                
2001fea9  _register_unlock                      
2001feaf  _register_lock                        
2001feb7  _nop                                  
2001febd  strcpy                                
2001fed1  strlen                                
2001fee5  uDMAControlBaseSet                    
2001fef9  uDMAIntClear                          
2001ff0d  I2CMasterControl                      
2001ff1f  I2CMasterIntClearEx                   
2001ff31  I2CMasterTimeoutSet                   
2001ff43  TimerIntClear                         
2001ff55  WatchdogReloadSet                     
2001ff69  PRCMSOCReset                          
2001ff89  SL_FD_ZERO                            
2001ff99  Timer_IF_Stop                         
2001ffa9  WatchdogIntClear                      
2001ffb9  socketClose                           
2001ffc9  I2CMasterDataGet                      
2001ffd7  _SlDrvResetCmdExt                     
2001ffe5  __TI_decompress_none                  
2001fff3  DmaErrorIntHandler                    
20020001  NwpMaskInterrupt                      
2002000d  NwpUnMaskInterrupt                    
20020019  cc_rtc_get                            
20020025  __TI_zero_init                        
20020031  getInternalClient                     
2002003d  sl_WlanDisconnect                     
20020049  uDMAEnable                            
20020055  uDMAIntStatus                         
20020061  IntMasterEnable                       
2002006b  vApplicationStackOverflowHook         
20020075  sensorsTriggerSetup                   
2002007d  MT9D111Delay                          
20020083  ResetISR                              
20020089  UtilsDelay                            
2002008f  __TI_decompress_rle24                 
20020095  logf                                  
2002009b  sinf                                  
200200a1  __abort_execution                     
200200a5  _system_pre_init                      
20020344  _ctypes_                              
20020e0c  OpcodeTranslateTable                  
20020e48  _SlPolicySetCmdCtrl                   
20020e4c  _SlPolicyGetCmdCtrl                   
20020e50  _SlProfileGetCmdCtrl                  
20020e54  _SlProfileDelCmdCtrl                  
20020e58  _SlWlanGetNetworkListCtrl             
20020e5c  _SlRxFilterAddtCmdCtrl                
20020e60  _SlRxFilterSetCmdCtrl                 
20020e64  _SlRxFilterGetCmdCtrl                 
20020e68  _SlSmartConfigStartCmdCtrl            
20020e6c  _SlWlanSetModeCmdCtrl                 
20020e70  _SlWlanCfgSetCmdCtrl                  
20020e74  _SlWlanCfgGetCmdCtrl                  
20020e84  _SlActionLookupTable                  
20020ef4  _SlFsOpenCmdCtrl                      
20020ef8  _SlFsCloseCmdCtrl                     
20020efc  _SlFsReadCmdCtrl                      
20020f00  _SlFsWriteCmdCtrl                     
20020f04  _SlFsGetInfoCmdCtrl                   
20020f08  _SlFsDeleteCmdCtrl                    
20020f98  g_H2NSyncPattern                      
20020fa0  g_H2NCnysPattern                      
20020fa8  RxMsgClassLUT                         
20020fcc  _SlSockSocketCmdCtrl                  
20020fd0  _SlSockCloseCmdCtrl                   
20020fd4  _SlRecvfomCmdCtrl                     
20020fd8  _SlSendCmdCtrl                        
20020fdc  _SlListenCmdCtrl                      
20020fe0  _SlAcceptCmdCtrl                      
20020fe4  _SlRecvCmdCtrl                        
20020fe8  _SlSetSockOptCmdCtrl                  
20020fec  _SlGetSockOptCmdCtrl                  
20020ff0  _SlSelectCmdCtrl                      
2002107c  _SlNetAppStartCtrl                    
20021080  _SlNetAppStopCtrl                     
20021084  _SlGetServiceListeCtrl                
20021088  _SlRegisterServiceCtrl                
2002108c  _SlGetHostByServiceCtrl               
20021090  _SlGetHostByNameCtrl                  
20021094  _SlNetAppSetCmdCtrl                   
20021098  _SlNetAppSendTokenValueCmdCtrl        
2002109c  _SlNetAppGetCmdCtrl                   
20021188  g_deviceClientVersion                 
200211b4  _SlStopCmdCtrl                        
200211b8  _SlEventMaskSetCmdCtrl                
200211bc  _SlEventMaskGetCmdCtrl                
200211c0  _SlDeviceGetCmdCtrl                   
200211c4  _SlDeviceSetCmdCtrl                   
200211c8  _SlPayloadByProtocolLUT               
200211f6  pcDigits                              
20021201  StartResponseLUT                      
2002120a  _SlNetCfgSetCmdCtrl                   
2002120e  _SlNetCfgGetCmdCtrl                   
20021218  __TI_static_base__                    
20021720  __TI_Handler_Table_Base               
2002172c  __TI_Handler_Table_Limit              
20021738  __TI_CINIT_Base                       
20021748  __TI_CINIT_Limit                      
20022400  g_image_buffer                        
20036400  thisMagBuffer                         
200374f8  g_OtaCheckUpdateResponse              
20037944  thisMagCal                            
20037f9c  thisMag                               
20037ff4  g_SecParams                           
20038000  gpCtlTbl                              
20038400  g_OtaFileMetadata                     
200387d8  g_NetEntries                          
20038d48  g_StatMem                             
20038ec0  __CIOBUF_                             
20038fe0  gfpAppCallbackHndl                    
200391a8  thisSV_6DOF_GB_BASIC                  
20039254  __TI_tmpnams                          
200392f4  g_CdnClient                           
20039368  g_ucDinDout                           
200393b8  xQueueRegistry                        
20039408  g_OtaApp                              
20039454  g_OtaApp_statistics                   
200394a0  clientStateFileName                   
200394d4  g_cWlanSecurityKey                    
20039508  thisAccel                             
2003953c  g_OtaClient                           
20039560  g_cWlanSSID                           
20039584  g_ucConnectionSSID                    
200395c4  g_FlcSflashCb                         
200395d8  g_flag_blockFull                      
20039650  ang_buf                               
20039660  globals                               
20039670  mqxglobals                            
20039680  g_LogClient                           
20039688  g_Struct_TimeStamp_MaxAngle           
20039690  g_Struct_TimeStamp_MinAngle           
20039698  g_TimeStamp_CamUp                     
200396a0  g_TimeStamp_DoorClosed                
200396a8  g_TimeStamp_NWPUp                     
200396b0  g_TimeStamp_PhotoSnap                 
200396b8  g_TimeStamp_PhotoUploaded             
200396c0  g_TimeStamp_cc3200Up                  
200396c8  g_TimeStamp_maxAngle                  
200396d0  g_TimeStamp_minAngle                  
200396d8  g_ucConnectionBSSID                   
200396f0  DMAMsgQ                               
200396f4  Elapsed_100MilliSecs                  
200396f8  Elapsed_1Secs                         
20039700  angle_avg                             
20039704  dataBuffer                            
20039708  g_block_lastFilled                    
2003970c  g_cDummy                              
20039710  g_cWlanSecurityType                   
20039714  g_frame_size_in_bytes                 
20039718  g_position_in_block                   
2003971c  g_readHeader                          
20039724  g_ulAppStatus                         
20039728  g_ulSimplelinkStatus                  
2003972c  g_ulWatchdogCycles                    
20039730  gdoor_40deg_angle                     
20039734  gdoor_90deg_angle                     
20039744  g_fMaxAngle                           
20039746  g_fMinAngle                           
20039748  RxIrqCnt                              
20039749  avg_buffer_cnt                        
2003974a  captureTimeout_Flag                   
2003974b  checkForLight_Flag                    
2003974c  g_I2CPeripheral_inUse_Flag            
2003974d  g_Task3_Notification                  
2003974f  g_flag_DataBlockFilled                
20039750  g_flag_door_closing_45degree          
20039751  g_frame_end                           
20039752  g_ucAngle40                           
20039753  g_ucAngle90                           
20039754  g_ucCalibration                       
20039755  g_ucConfig                            
20039756  g_ucExitButton                        
20039757  g_ucFeedWatchdog                      
20039758  g_ucMagCalb                           
20039759  g_ucProfileAdded                      
2003975a  g_ucPushButtonPressedTwice            
2003975b  g_ucReasonForFailure                  
2003975c  iDone                                 
2003975d  isitfirsttime                         
2003975e  print_count                           
2003975f  valid_case                            
20039760  _sys_memory                           
ffffffff  __binit__                             
ffffffff  __c_args__                            
ffffffff  binit                                 
UNDEFED   SHT$$INIT_ARRAY$$Base                 
UNDEFED   SHT$$INIT_ARRAY$$Limit                

[912 symbols]
