******************************************************************************
                  TI ARM Linker PC v5.2.2                      
******************************************************************************
>> Linked Mon Aug 03 14:33:21 2015

OUTPUT FILE NAME:   <ULP_SEC_CAM.out>
ENTRY POINT SYMBOL: "_c_int00"  address: 2001ecdd


MEMORY CONFIGURATION

         name            origin    length      used     unused   attr    fill
----------------------  --------  ---------  --------  --------  ----  --------
  SRAM_BOOTLDR          20000000   00004000  0000293c  000016c4  RW X
  SRAM_CODE             20004000   0001e300  0001db8f  00000771  RW X
  SRAM_DATA             20022300   0001dd00  0001c365  0000199b  RW X


SEGMENT ALLOCATION MAP

run origin  load origin   length   init length attrs members
----------  ----------- ---------- ----------- ----- -------
20000000    20000000    0000093c   00000000    rw-
  20000000    20000000    0000093c   00000000    rw- .data
20002000    20002000    00002000   00000000    rw-
  20002000    20002000    00002000   00000000    rw- .stack
20004000    20004000    0001db90   0001db90    r-x
  20004000    20004000    00000400   00000400    r-- .intvecs
  20004400    20004400    0001c0a4   0001c0a4    r-x .text
  200204a4    200204a4    000011bb   000011bb    r-- .const
  20021660    20021660    00000530   00000530    r-- .cinit
20022400    20022400    0001c368   00000000    rw-
  20022400    20022400    00017365   00000000    rw- .bss
  20039768    20039768    00005000   00000000    rw- .sysmem


SECTION ALLOCATION MAP

 output                                  attributes/
section   page    origin      length       input sections
--------  ----  ----------  ----------   ----------------
.data      0    20000000    0000093c     UNINITIALIZED
                  20000000    000003c9     cc3200_certificate.obj (.data:DigiCertHighAssuranceEVRootCA_der)
                  200003c9    00000001     tasks.obj (.data)
                  200003ca    00000002     --HOLE--
                  200003cc    000000f0     rtsv7M4_T_le_eabi.lib : defs.obj (.data:_ftable)
                  200004bc    000000d0                           : lowlev.obj (.data)
                  2000058c    000000b0                           : signal.obj (.data:sigtable)
                  2000063c    00000004     cc3200_certificate.obj (.data)
                  20000640    00000080     rtsv7M4_T_le_eabi.lib : xvalues.obj (.data)
                  200006c0    00000068                           : xfvalues.obj (.data)
                  20000728    00000064     network_relater_fns.obj (.data:Token)
                  2000078c    00000064     network_relater_fns.obj (.data:Value)
                  200007f0    0000003c     main.obj (.data:g_token_get)
                  2000082c    00000034     free_rtos.a : tasks.obj (.data)
                  20000860    00000024     main.obj (.data)
                  20000884    00000018     cc3200_utils.obj (.data)
                  2000089c    00000018     request.obj (.data)
                  200008b4    00000010     rtsv7M4_T_le_eabi.lib : defs.obj (.data)
                  200008c4    0000000c     free_rtos.a : osi_freertos.obj (.data)
                  200008d0    0000000c     rtsv7M4_T_le_eabi.lib : memory.obj (.data)
                  200008dc    00000009     simplelink.a : cc_pal.obj (.data)
                  200008e5    00000003     --HOLE--
                  200008e8    00000009                  : driver.obj (.data)
                  200008f1    00000003     --HOLE--
                  200008f4    00000008     camera_app.obj (.data)
                  200008fc    00000008     rtsv7M4_T_le_eabi.lib : _lock.obj (.data)
                  20000904    00000008                           : exit.obj (.data)
                  2000090c    00000008                           : feraiseexcept.obj (.data)
                  20000914    00000006     http.obj (.data)
                  2000091a    00000002     --HOLE--
                  2000091c    00000004     free_rtos.a : port.obj (.data)
                  20000920    00000004     middleware.a : rtc_hal.obj (.data)
                  20000924    00000004     ota.a : OtaHttp.obj (.data)
                  20000928    00000004     rtsv7M4_T_le_eabi.lib : errno.obj (.data)
                  2000092c    00000004                           : fopen.obj (.data)
                  20000930    00000004                           : rand.obj (.data)
                  20000934    00000004                           : stkdepth_vars.obj (.data)
                  20000938    00000004     user_configure_fn.obj (.data)

.TI.persistent 
*          0    20000000    00000000     UNINITIALIZED

.stack     0    20002000    00002000     UNINITIALIZED
                  20002000    00002000     --HOLE--

.intvecs   0    20004000    00000400     
                  20004000    00000400     startup_ccs.obj (.intvecs)

.text      0    20004400    0001c0a4     
                  20004400    00001258     free_rtos.a : tasks.obj (.text)
                  20005658    000010a6     rtsv7M4_T_le_eabi.lib : _printfi.obj (.text)
                  200066fe    00000002     startup_ccs.obj (.text:BusFaultHandler)
                  20006700    00000b24     free_rtos.a : queue.obj (.text)
                  20007224    00000a08     magnetic.obj (.text:fUpdateCalibration10EIG)
                  20007c2c    00000788     magnetic.obj (.text:fUpdateCalibration4INV)
                  200083b4    00000694     magnetic.obj (.text:fUpdateCalibration7EIG)
                  20008a48    00000688     matrix.obj (.text:eigencompute)
                  200090d0    00000610     ota.a : OtaHttp.obj (.text)
                  200096e0    000005ec     simplelink.a : driver.obj (.text:_SlDrvMsgRead)
                  20009ccc    00000584     magnetic.obj (.text:iUpdateMagnetometerBuffer)
                  2000a250    00000570     application_fn.obj (.text:application_fn)
                  2000a7c0    000004dc     network_relater_fns.obj (.text:SimpleLinkHttpServerCallback)
                  2000ac9c    000004be     cc3200_utils.obj (.text:createNewInstallationId)
                  2000b15a    00000002     driverlib.a : interrupt.obj (.text:IntDefaultHandler)
                  2000b15c    0000045c     free_rtos.a : osi_freertos.obj (.text)
                  2000b5b8    0000044c     request.obj (.text:buildRequestHeaders)
                  2000ba04    00000424     ota.a : OtaClient.obj (.text)
                  2000be28    0000040c           : OtaApp.obj (.text)
                  2000c234    000003dc     rtsv7M4_T_le_eabi.lib : memory.obj (.text)
                  2000c610    000003b8     matrix.obj (.text:fmatrixAeqInvA)
                  2000c9c8    000003b4     network_relater_fns.obj (.text:SimpleLinkWlanEventHandler)
                  2000cd7c    00000378     rtsv7M4_T_le_eabi.lib : powf.obj (.text)
                  2000d0f4    0000035c     ota.a : CdnClient.obj (.text)
                  2000d450    00000354     orientation.obj (.text:feCompassAndroid)
                  2000d7a4    00000354     orientation.obj (.text:feCompassWin8)
                  2000daf8    00000350     orientation.obj (.text:feCompassNED)
                  2000de48    00000338     ota.a : LogClient.obj (.text)
                  2000e180    00000324     tasks.obj (.text:MagCal_Run)
                  2000e4a4    0000030c     rtsv7M4_T_le_eabi.lib : lowlev.obj (.text)
                  2000e7b0    000002e4     user_configure_fn.obj (.text:User_Configure)
                  2000ea94    000002dc     network_relater_fns.obj (.text:ConfigureSimpleLinkToDefaultState)
                  2000ed70    000002d4     rtsv7M4_T_le_eabi.lib : trgdrv.obj (.text)
                  2000f044    00000298     mt9d111.obj (.text:RegLstWrite)
                  2000f2dc    00000298     rtsv7M4_T_le_eabi.lib : vla_alloc.obj (.text)
                  2000f574    00000284     camera_app.obj (.text:CaptureImage)
                  2000f7f8    00000274     door_position_detection_algorithm.obj (.text:check_doorpos)
                  2000fa6c    00000270     user_configure_fn.obj (.text:WiFiProvisioning)
                  2000fcdc    0000026e     simplejson.obj (.text:simpleJsonProcessor)
                  2000ff4a    00000002     startup_ccs.obj (.text:IntDefaultHandler)
                  2000ff4c    0000025c     parse_uploads.obj (.text:ConstructGroundDataObject)
                  200101a8    0000025c     lightSens_isl29035.obj (.text:configureISL29035)
                  20010404    00000248     simplelink.a : driver.obj (.text:_SlDrvRxHdrRead)
                  2001064c    00000244                  : wlan.obj (.text:sl_WlanConnect)
                  20010890    00000220     ota.obj (.text:OTA_Run)
                  20010ab0    00000220     rtsv7M4_T_le_eabi.lib : ll_div_t2.obj (.text)
                  20010cd0    00000218     request.obj (.text:payloadSend)
                  20010ee8    000001f4     main_FXOS8700.obj (.text:angleCheck_Initializations)
                  200110dc    000001f4     rtsv7M4_T_le_eabi.lib : ull_div_t2.obj (.text)
                  200112d0    000001ec     user_configure_fn.obj (.text:Get_Calibration_MagSensor)
                  200114bc    000001d0     simplelink.a : driver.obj (.text:_SlDrvReleasePoolObj)
                  2001168c    000001cc                  : driver.obj (.text:_SlDrvMsgWrite)
                  20011858    000001c8     Task_UserConfig.obj (.text:UserConfigure_Task)
                  20011a20    000001c8     main.obj (.text:main)
                  20011be8    000001c4     tasks.obj (.text:RdSensData_Run)
                  20011dac    000001c4     rtsv7M4_T_le_eabi.lib : fopen.obj (.text)
                  20011f70    000001c0     magnetic.obj (.text:fInvertMagCal)
                  20012130    000001bc     rtsv7M4_T_le_eabi.lib : xflog.obj (.text)
                  200122ec    000001b6                           : fd_add_t2.obj (.text)
                  200124a2    00000002     startup_ccs.obj (.text:NmiSR)
                  200124a4    000001ac     parse_uploads.obj (.text:ConstructDeviceStateObject)
                  20012650    000001a8     user_configure_fn.obj (.text:AccessPtMode_HTTPServer_Start)
                  200127f8    000001a4     orientation.obj (.text:fQuaternionFromRotationMatrix)
                  2001299c    000001a4     cc3200_socket.obj (.text:socketSslConnect)
                  20012b40    000001a0     camera_app.obj (.text:CameraIntHandler)
                  20012ce0    0000019c     rtsv7M4_T_le_eabi.lib : xfsin.obj (.text)
                  20012e7c    00000190     simplelink.a : driver.obj (.text:_SlDrvWaitForPoolObj)
                  2001300c    00000190     network_relater_fns.obj (.text:initNetwork)
                  2001319c    0000018c     parse_uploads.obj (.text:ConstructUserConfigObject)
                  20013328    0000018c     request.obj (.text:sendRequest)
                  200134b4    00000188     matrix.obj (.text:f3x3matrixAeqInvSymB)
                  2001363c    00000184     flc.a : flc.obj (.text)
                  200137c0    00000180     orientation.obj (.text:fWin8AnglesDegFromRotationMatrix)
                  20013940    00000178     rtsv7M4_T_le_eabi.lib : tanf.obj (.text)
                  20013ab8    00000178                           : xfexp.obj (.text)
                  20013c30    00000174     simplelink.a : driver.obj (.text:_SlDrvDriverCBInit)
                  20013da4    00000174     magnetic.obj (.text:fInitMagCalibration)
                  20013f18    00000170     network_relater_fns.obj (.text:SimpleLinkNetAppEventHandler)
                  20014088    00000170     simplelink.a : driver.obj (.text:_SlFindAndSetActiveObj)
                  200141f8    00000168     ota.obj (.text:OTAServerInfoSet)
                  20014360    00000165     network_relater_fns.obj (.text:SimpleLinkSockEventHandler)
                  200144c5    00000001     --HOLE-- [fill = 0]
                  200144c6    00000002     main.obj (.text:vApplicationIdleHook)
                  200144c8    00000164     tempRHSens_si7020.obj (.text:getTempRH)
                  2001462c    00000160     tasks.obj (.text:Fusion_Run)
                  2001478c    00000160     network_relater_fns.obj (.text:WiFi_Connect)
                  200148ec    0000015c     hibernate_related_fns.obj (.text:HIBernate)
                  20014a48    00000158     user_configure_fn.obj (.text:CollectAngle)
                  20014ba0    00000158     drivers.obj (.text:FXOS8700_Init)
                  20014cf8    00000158     orientation.obj (.text:qAeqAxB)
                  20014e50    00000158     orientation.obj (.text:qconjgAxB)
                  20014fa8    00000150     simplelink.a : cc_pal.obj (.text:spi_Open)
                  200150f8    00000144     fusion.obj (.text:fRun_6DOF_GB_BASIC)
                  2001523c    0000013c     rtsv7M4_T_le_eabi.lib : fmodf.obj (.text)
                  20015378    0000013c     simplelink.a : socket.obj (.text:sl_Select)
                  200154b4    00000138     i2cconfig.obj (.text:I2CBufferRead)
                  200155ec    00000138     mt9d111.obj (.text:Register_Read)
                  20015724    00000138     orientation.obj (.text:fLPFOrientationQuaternion)
                  2001585c    00000138     orientation.obj (.text:fRotationMatrixFromQuaternion)
                  20015994    00000138     i2c_app.obj (.text:i2cWriteRegisters)
                  20015acc    00000136     rtsv7M4_T_le_eabi.lib : fd_div_t2.obj (.text)
                  20015c02    00000002     --HOLE-- [fill = 0]
                  20015c04    00000134     driverlib.a : prcm.obj (.text:PRCMCC3200MCUInit)
                  20015d38    00000134     rtsv7M4_T_le_eabi.lib : fputs.obj (.text)
                  20015e6c    00000130     i2cconfig.obj (.text:I2CBufferWrite)
                  20015f9c    0000012a     free_rtos.a : list.obj (.text)
                  200160c6    00000002     --HOLE-- [fill = 0]
                  200160c8    00000128     mt9d111.obj (.text:Read_AllRegisters)
                  200161f0    00000128     simplelink.a : driver.obj (.text:_SlDrvDataReadOp)
                  20016318    00000116     drivers.obj (.text:FXOS8700_ReadData)
                  2001642e    00000002     --HOLE-- [fill = 0]
                  20016430    00000110     free_rtos.a : port.obj (.text)
                  20016540    00000110     rtsv7M4_T_le_eabi.lib : xdscale.obj (.text)
                  20016650    00000110     lightSens_isl29035.obj (.text:verifyISL29035)
                  20016760    00000110     tempRHSens_si7020.obj (.text:verifyTempRHSensor)
                  20016870    0000010c     flash_files.obj (.text:WriteFile_ToFlash)
                  2001697c    00000108     middleware.a : rtc_hal.obj (.text:rtc_fast_domain_counter_rd)
                  20016a84    00000108     simplelink.a : socket.obj (.text:sl_Connect)
                  20016b8c    00000108                  : socket.obj (.text:sl_Send)
                  20016c94    00000104     dbgFns.obj (.text:Check_I2CDevices)
                  20016d98    00000104     simplelink.a : driver.obj (.text:_SlDrvDataWriteOp)
                  20016e9c    00000104     i2c_app.obj (.text:i2cReadRegistersTwoBytes)
                  20016fa0    00000104     simplelink.a : netapp.obj (.text:sl_NetAppDnsGetHostByName)
                  200170a4    00000100     i2c_app.obj (.text:i2cReadRegisters)
                  200171a4    00000100     cc3200_client_state.obj (.text:loadClientState)
                  200172a4    000000fe     simplelink.a : netapp.obj (.text:_SlDrvNetAppEventHandler)
                  200173a2    00000002     --HOLE-- [fill = 0]
                  200173a4    000000fc     Task_Main.obj (.text:Main_Task_withHibernate)
                  200174a0    000000fc     pinmux.obj (.text:PinMuxConfig)
                  2001759c    000000fc     orientation.obj (.text:fqAeqNormqA)
                  20017698    000000fc     rtsv7M4_T_le_eabi.lib : fd_mul_t2.obj (.text)
                  20017794    000000fa                           : fs_add_t2.obj (.text)
                  2001788e    00000002     --HOLE-- [fill = 0]
                  20017890    000000f8     cc3200_certificate.obj (.text:ensureCertificateFile)
                  20017988    000000f8     orientation.obj (.text:fAndroidAnglesDegFromRotationMatrix)
                  20017a80    000000f8     orientation.obj (.text:fNEDAnglesDegFromRotationMatrix)
                  20017b78    000000f7     parse_uploads.obj (.text:Get_FridgeCamID)
                  20017c6f    00000001     --HOLE-- [fill = 0]
                  20017c70    000000f4     simplelink.a : driver.obj (.text:_SlDrvDriverCBDeinit)
                  20017d64    000000f4     installation.obj (.text:getInstallation)
                  20017e58    000000f4     app_common.obj (.text:intToASCII)
                  20017f4c    000000f4     simplelink.a : fs.obj (.text:sl_FsRead)
                  20018040    000000f4     accelomtrMagntomtr_fxos8700.obj (.text:verifyAccelMagnSensor)
                  20018134    000000f2     cc3200_socket.obj (.text:socketRead)
                  20018226    00000002     --HOLE-- [fill = 0]
                  20018228    000000f0     camera_app.obj (.text:DMAConfig)
                  20018318    000000f0     driverlib.a : udma.obj (.text:uDMAChannelTransferSet)
                  20018408    000000ec     orientation.obj (.text:fRotationVectorDegFromQuaternion)
                  200184f4    000000ec     simplelink.a : fs.obj (.text:sl_FsWrite)
                  200185e0    000000e8     appFns_BatteryLevelSense.obj (.text:Get_BatteryPercent)
                  200186c8    000000e4     parse_uploads.obj (.text:UploadImageToParse)
                  200187ac    000000e0     flash_files.obj (.text:ReadFile_FromFlash)
                  2001888c    000000e0     camera_app.obj (.text:Start_CameraCapture)
                  2001896c    000000e0     parse_uploads.obj (.text:UploadGroundDataObjectToParse)
                  20018a4c    000000dc     parse_uploads.obj (.text:UploadSensorDataToParse)
                  20018b28    000000dc     parse_uploads.obj (.text:UploadUserConfigObjectToParse)
                  20018c04    000000dc     rtsv7M4_T_le_eabi.lib : setvbuf.obj (.text)
                  20018ce0    000000dc     simplelink.a : cc_pal.obj (.text:spi_Read)
                  20018dbc    000000d8                  : driver.obj (.text:_SlDrvClassifyRxMsg)
                  20018e94    000000d8     rtsv7M4_T_le_eabi.lib : xfatan.obj (.text)
                  20018f6c    000000d4     ota.obj (.text:OTA_CommitImage)
                  20019040    000000d4     simplelink.a : device.obj (.text:sl_Stop)
                  20019114    000000d0     rtsv7M4_T_le_eabi.lib : xfdscale.obj (.text)
                  200191e4    000000cc     approximations.obj (.text:fatan_deg)
                  200192b0    000000cc     rtsv7M4_T_le_eabi.lib : sqrtf.obj (.text)
                  2001937c    000000c8     mt9d111.obj (.text:EnterStandby_mt9d111)
                  20019444    000000c8     simplelink.a : netapp.obj (.text:_sl_HandleAsync_DnsGetHostByService)
                  2001950c    000000c8     rtsv7M4_T_le_eabi.lib : fflush.obj (.text)
                  200195d4    000000c4     mt9d111.obj (.text:ExitStandby_mt9d111)
                  20019698    000000c4     simplelink.a : driver.obj (.text:_SlRemoveFromList)
                  2001975c    000000c0     i2c_if.obj (.text:I2C_IF_Read)
                  2001981c    000000c0     user_configure_fn.obj (.text:WlanConnect)
                  200198dc    000000be     rtsv7M4_T_le_eabi.lib : xdnorm.obj (.text)
                  2001999a    00000002     --HOLE-- [fill = 0]
                  2001999c    000000bc     i2c_if.obj (.text:I2C_IF_Write)
                  20019a58    000000bc     Task_ImageCaptureConfigs.obj (.text:ImageSensor_CaptureConfigs_Task)
                  20019b14    000000bc     main.obj (.text:InitializeAppVariables)
                  20019bd0    000000bc     simplelink.a : driver.obj (.text:_SlDrvMsgReadCmdCtx)
                  20019c8c    000000bc     tempRHSens_si7020.obj (.text:configureTempRHSensor)
                  20019d48    000000bc     rtsv7M4_T_le_eabi.lib : acosf.obj (.text)
                  20019e04    000000bc     simplelink.a : device.obj (.text:sl_Start)
                  20019ec0    000000ba     free_rtos.a : portasm.obj (.text)
                  20019f7a    00000002     --HOLE-- [fill = 0]
                  20019f7c    000000b8     simplelink.a : driver.obj (.text:_SlAsyncEventGenericHandler)
                  2001a034    000000b8     installation.obj (.text:createInstallation)
                  2001a0ec    000000b4     simplelink.a : netapp.obj (.text:sl_NetAppMDNSRegisterUnregisterService)
                  2001a1a0    000000ac     camera_app.obj (.text:ReStart_CameraCapture)
                  2001a24c    000000ac     mt9d111.obj (.text:Verify_ImageSensor)
                  2001a2f8    000000ac     rtsv7M4_T_le_eabi.lib : _io_perm.obj (.text)
                  2001a3a4    000000ab     installation.obj (.text:getInstallationByIdCallback)
                  2001a44f    00000001     --HOLE-- [fill = 0]
                  2001a450    000000aa     uartA1_if.obj (.text:Report)
                  2001a4fa    00000002     --HOLE-- [fill = 0]
                  2001a4fc    000000a8     driverlib.a : interrupt.obj (.text:IntDisable)
                  2001a5a4    000000a8                 : interrupt.obj (.text:IntEnable)
                  2001a64c    000000a8     simplelink.a : netcfg.obj (.text:sl_NetCfgGet)
                  2001a6f4    000000a0     driverlib.a : spi.obj (.text:SPIConfigSetExpClk)
                  2001a794    000000a0     cc3200_socket.obj (.text:socketWrite)
                  2001a834    0000009e     matrix.obj (.text:f3x3matrixDetA)
                  2001a8d2    00000002     --HOLE-- [fill = 0]
                  2001a8d4    0000009c     simplelink.a : driver.obj (.text:_SlDrvMsgReadSpawnCtx)
                  2001a970    0000009c     approximations.obj (.text:fatan2_deg)
                  2001aa0c    0000009c     rtsv7M4_T_le_eabi.lib : memcpy_t2.obj (.text)
                  2001aaa8    0000009c     simplelink.a : device.obj (.text:sl_DevGet)
                  2001ab44    00000098     camera_app.obj (.text:Config_CameraCapture)
                  2001abdc    00000098     LED_timer.obj (.text:IntrptHandler_LEDTimer)
                  2001ac74    00000098     simplelink.a : fs.obj (.text:_sl_GetCreateFsMode)
                  2001ad0c    00000098     rtsv7M4_T_le_eabi.lib : fclose.obj (.text)
                  2001ada4    00000098                           : fputc.obj (.text)
                  2001ae3c    00000096     parse_uploads.obj (.text:Add_NumberField_ToJSONString)
                  2001aed2    00000002     --HOLE-- [fill = 0]
                  2001aed4    00000094     driverlib.a : prcm.obj (.text:PRCMPeripheralClockGet)
                  2001af68    00000094     approximations.obj (.text:facos_deg)
                  2001affc    00000094     lightSens_isl29035.obj (.text:getLightsensor_data)
                  2001b090    00000094     rtsv7M4_T_le_eabi.lib : snprintf.obj (.text)
                  2001b124    00000092     parse_impl.obj (.text:parseInitialize)
                  2001b1b6    00000092     rtsv7M4_T_le_eabi.lib : fs_div_t2.obj (.text)
                  2001b248    00000090     network_relater_fns.obj (.text:InitializeUserConfigVariables)
                  2001b2d8    0000008c     app_common.obj (.text:LED_Blink_2)
                  2001b364    0000008c     simplelink.a : cc_pal.obj (.text:SetupDMAReceive)
                  2001b3f0    0000008c                  : cc_pal.obj (.text:SetupDMASend)
                  2001b47c    0000008c                  : netapp.obj (.text:_sl_HandleAsync_DnsGetHostByName)
                  2001b508    0000008c                  : netapp.obj (.text:_sl_HandleAsync_PingResponse)
                  2001b594    0000008c     rtsv7M4_T_le_eabi.lib : xfdint.obj (.text)
                  2001b620    0000008c     simplelink.a : cc_pal.obj (.text:spi_Write)
                  2001b6ac    00000088     driverlib.a : prcm.obj (.text:PRCMHibernateIntervalSet)
                  2001b734    00000088                 : pin.obj (.text:PinConfigSet)
                  2001b7bc    00000088     rtsv7M4_T_le_eabi.lib : vsnprintf.obj (.text)
                  2001b844    00000088     simplelink.a : fs.obj (.text:sl_FsClose)
                  2001b8cc    00000086     rtsv7M4_T_le_eabi.lib : fd_cmp_t2.obj (.text:__aeabi_cdcmple)
                  2001b952    00000086                           : fd_cmp_t2.obj (.text:__aeabi_cdrcmple)
                  2001b9d8    00000084     timer_if.obj (.text:GetPeripheralIntNum)
                  2001ba5c    00000084     driverlib.a : i2c.obj (.text:I2CMasterInitExpClk)
                  2001bae0    00000084     simplelink.a : cc_pal.obj (.text:NwpPowerOnPreamble)
                  2001bb64    00000084     sendGroundData.obj (.text:SendGroundData)
                  2001bbe8    00000084     matrix.obj (.text:f3x3matrixAeqI)
                  2001bc6c    00000084     fusion.obj (.text:fInit_6DOF_GB_BASIC)
                  2001bcf0    00000084     sendUserConfigDataToParse.obj (.text:sendUserConfigData)
                  2001bd74    00000080     NWP.obj (.text:NWP_SwitchOn)
                  2001bdf4    00000080     simplelink.a : driver.obj (.text:_SlDrvCmdOp)
                  2001be74    00000080                  : cc_pal.obj (.text:spi_Read_CPU)
                  2001bef4    00000080                  : cc_pal.obj (.text:spi_Write_CPU)
                  2001bf74    0000007c     NWP.obj (.text:NWP_SwitchOff)
                  2001bff0    0000007c     driverlib.a : prcm.obj (.text:PRCMRTCGet)
                  2001c06c    0000007c     camera_app.obj (.text:Standby_ImageSensor)
                  2001c0e8    0000007c     camera_app.obj (.text:Wakeup_ImageSensor)
                  2001c164    0000007c     simplelink.a : device.obj (.text:_sl_HandleAsync_InitComplete)
                  2001c1e0    0000007c     matrix.obj (.text:fmatrixAeqI)
                  2001c25c    0000007c     simplelink.a : fs.obj (.text:sl_FsGetInfo)
                  2001c2d8    0000007a     rtsv7M4_T_le_eabi.lib : fs_mul_t2.obj (.text)
                  2001c352    0000007a                           : memset_t2.obj (.text)
                  2001c3cc    0000007a                           : xfdnorm.obj (.text)
                  2001c446    00000002     --HOLE-- [fill = 0]
                  2001c448    00000078     i2c_if.obj (.text:I2CTransact)
                  2001c4c0    00000078     parse_uploads.obj (.text:InitialiseParse)
                  2001c538    00000078     simplelink.a : socket.obj (.text:_sl_HandleAsync_Connect)
                  2001c5b0    00000078                  : fs.obj (.text:sl_FsOpen)
                  2001c628    00000078                  : cc_pal.obj (.text:spi_Close)
                  2001c6a0    00000076     driverlib.a : uart.obj (.text:UARTConfigSetExpClk)
                  2001c716    00000002     --HOLE-- [fill = 0]
                  2001c718    00000074     appFns_LightSensor.obj (.text:PowerDown_LightSensor)
                  2001c78c    00000074     middleware.a : rtc_hal.obj (.text:rtc_value_rd)
                  2001c800    00000074     simplelink.a : socket.obj (.text:sl_Recv)
                  2001c874    00000073     installation.obj (.text:getInstallationCallback)
                  2001c8e7    00000001     --HOLE-- [fill = 0]
                  2001c8e8    00000072     timer_if.obj (.text:Timer_IF_IntSetup)
                  2001c95a    00000002     --HOLE-- [fill = 0]
                  2001c95c    00000070     batteryVoltLvlSens_adc081c021.obj (.text:Get_BatteryVoltageLevel_ADC081C021)
                  2001c9cc    00000070     timer_fns.obj (.text:get_timeDuration)
                  2001ca3c    0000006c     camera_app.obj (.text:CamControllerInit)
                  2001caa8    0000006c     network_relater_fns.obj (.text:ConfigureMode)
                  2001cb14    0000006c     lightSens_isl29035.obj (.text:PowerDown_ISL29035)
                  2001cb80    0000006c     udma_if.obj (.text:UDMAInit)
                  2001cbec    0000006c     simplelink.a : driver.obj (.text:_SlDrvCmdSend)
                  2001cc58    0000006c     matrix.obj (.text:f3x3matrixAeqMinusA)
                  2001ccc4    0000006c     request.obj (.text:parseSendRequestInternal)
                  2001cd30    0000006c     rtsv7M4_T_le_eabi.lib : autoinit.obj (.text)
                  2001cd9c    0000006c                           : fprintf.obj (.text)
                  2001ce08    0000006c                           : fs_toll_t2.obj (.text)
                  2001ce74    0000006a     matrix.obj (.text:f3x3matrixAeqAxScalar)
                  2001cede    0000006a     rtsv7M4_T_le_eabi.lib : copy_decompress_rle.obj (.text)
                  2001cf48    00000069     http.obj (.text:beginHttpGetRequest)
                  2001cfb1    00000003     --HOLE-- [fill = 0]
                  2001cfb4    00000068     driverlib.a : prcm.obj (.text:PRCMHibernateWakeUpGPIOSelect)
                  2001d01c    00000068     mt9d111.obj (.text:RestartSensorInJpegMode)
                  2001d084    00000068     mt9d111.obj (.text:StartSensorInJpegMode)
                  2001d0ec    00000068     simplelink.a : netapp.obj (.text:_sl_NetAppSendTokenValue)
                  2001d154    00000068     cc3200_utils.obj (.text:fetchDeviceOSVersion)
                  2001d1bc    00000068     rtsv7M4_T_le_eabi.lib : trgmsg.obj (.text)
                  2001d224    00000068     simplelink.a : device.obj (.text:sl_DevSet)
                  2001d28c    00000068                  : netcfg.obj (.text:sl_NetCfgSet)
                  2001d2f4    00000068                  : socket.obj (.text:sl_SetSockOpt)
                  2001d35c    00000068                  : wlan.obj (.text:sl_WlanSet)
                  2001d3c4    00000066     matrix.obj (.text:f3x3matrixAeqScalar)
                  2001d42a    00000066     rtsv7M4_T_le_eabi.lib : xdunscal.obj (.text)
                  2001d490    00000064     mt9d111.obj (.text:CCMRegs_Read)
                  2001d4f4    00000064     rtsv7M4_T_le_eabi.lib : fseek.obj (.text)
                  2001d558    00000064     cc3200_socket.obj (.text:socketWait)
                  2001d5bc    00000064     tempRHSens_si7020.obj (.text:softResetTempRHSensor)
                  2001d620    00000064     driverlib.a : udma.obj (.text:uDMAChannelAttributeDisable)
                  2001d684    00000064                 : udma.obj (.text:uDMAChannelAttributeEnable)
                  2001d6e8    00000060     rtsv7M4_T_le_eabi.lib : fs_cmp_t2.obj (.text:__aeabi_cfcmple)
                  2001d748    00000060                           : fs_cmp_t2.obj (.text:__aeabi_cfrcmple)
                  2001d7a8    00000060     simplelink.a : socket.obj (.text:_sl_HandleAsync_Accept)
                  2001d808    00000060     main_FXOS8700.obj (.text:fxosDefault_Initializations)
                  2001d868    00000060     lightSens_isl29035.obj (.text:getLightsensor_intrptStatus)
                  2001d8c8    00000060     accelomtrMagntomtr_fxos8700.obj (.text:getMagntData)
                  2001d928    00000060     rtsv7M4_T_le_eabi.lib : sprintf.obj (.text)
                  2001d988    00000060     simplelink.a : wlan.obj (.text:sl_WlanPolicySet)
                  2001d9e8    00000060     accelomtrMagntomtr_fxos8700.obj (.text:standby_accelMagn_fxos8700)
                  2001da48    0000005c     ota.obj (.text:OTA_Init)
                  2001daa4    0000005c     mt9d111.obj (.text:PCLK_Rate_read)
                  2001db00    0000005c     simplelink.a : socket.obj (.text:sl_Socket)
                  2001db5c    00000058     driverlib.a : interrupt.obj (.text:IntPendClear)
                  2001dbb4    00000058                 : prcm.obj (.text:PRCMPeripheralReset)
                  2001dc0c    00000056     rtsv7M4_T_le_eabi.lib : ltoa.obj (.text)
                  2001dc62    00000056                           : xfdunsca.obj (.text)
                  2001dcb8    00000054     driverlib.a : interrupt.obj (.text:IntPrioritySet)
                  2001dd0c    00000054     simplelink.a : socket.obj (.text:_sl_HandleAsync_Select)
                  2001dd60    00000054     approximations.obj (.text:fasin_deg)
                  2001ddb4    00000054     request.obj (.text:headerSend)
                  2001de08    00000054     simplelink.a : wlan.obj (.text:sl_WlanRxFilterSet)
                  2001de5c    00000051     installation.obj (.text:createInstallationCallback)
                  2001dead    00000003     --HOLE-- [fill = 0]
                  2001deb0    00000050     i2c_if.obj (.text:I2C_IF_Open)
                  2001df00    00000050     camera_app.obj (.text:ImagCapture_Init)
                  2001df50    00000050     driverlib.a : prcm.obj (.text:PRCMSlowClkCtrGet)
                  2001dfa0    00000050     watchdog.obj (.text:WatchdogIntHandler)
                  2001dff0    00000050     simplelink.a : device.obj (.text:_sl_HandleAsync_Stop)
                  2001e040    00000050     mt9d111.obj (.text:disableAE)
                  2001e090    00000050     mt9d111.obj (.text:disableAWB)
                  2001e0e0    00000050     rtsv7M4_T_le_eabi.lib : fs_toull_t2.obj (.text)
                  2001e130    00000050     simplelink.a : fs.obj (.text:sl_FsDel)
                  2001e180    0000004c     tasks.obj (.text:RdSensData_Init)
                  2001e1cc    0000004c     driverlib.a : spi.obj (.text:SPIIntEnable)
                  2001e218    0000004c     simplelink.a : driver.obj (.text:_SlDrvProtectAsyncRespSetting)
                  2001e264    0000004c                  : driver.obj (.text:_SlDrvRxIrqHandler)
                  2001e2b0    0000004c                  : socket.obj (.text:_sl_BuildAddress)
                  2001e2fc    0000004c     rtsv7M4_T_le_eabi.lib : atoi.obj (.text)
                  2001e348    0000004c                           : atol.obj (.text)
                  2001e394    0000004c                           : cpy_tbl.obj (.text)
                  2001e3e0    0000004c                           : rand.obj (.text)
                  2001e42c    0000004c     driverlib.a : udma.obj (.text:uDMAChannelAssign)
                  2001e478    0000004c     middleware.a : util64.obj (.text:util_u32_nsec_add)
                  2001e4c4    0000004a     rtsv7M4_T_le_eabi.lib : fd_tos_t2.obj (.text)
                  2001e50e    00000002     --HOLE-- [fill = 0]
                  2001e510    00000048     driverlib.a : prcm.obj (.text:PRCMHibernateWakeupSourceDisable)
                  2001e558    00000048                 : prcm.obj (.text:PRCMHibernateWakeupSourceEnable)
                  2001e5a0    00000048                 : spi.obj (.text:SPIIntClear)
                  2001e5e8    00000048     mt9d111.obj (.text:Variable_Read)
                  2001e630    00000048     simplelink.a : driver.obj (.text:_SlDrvBasicCmd)
                  2001e678    00000048     http.obj (.text:addHttpRequestLine)
                  2001e6c0    00000048     approximations.obj (.text:fatan_15deg)
                  2001e708    00000048     rtsv7M4_T_le_eabi.lib : fd_toi_t2.obj (.text)
                  2001e750    00000046                           : ldexp.obj (.text)
                  2001e796    00000002     --HOLE-- [fill = 0]
                  2001e798    00000044     driverlib.a : spi.obj (.text:SPIDmaMaskGet)
                  2001e7dc    00000044                 : timer.obj (.text:TimerConfigure)
                  2001e820    00000044     udma_if.obj (.text:UDMASetupTransfer)
                  2001e864    00000044     simplelink.a : cc_pal.obj (.text:cc_SetupTransfer)
                  2001e8a8    00000044     main_FXOS8700.obj (.text:fxos_Calibration)
                  2001e8ec    00000044     rtsv7M4_T_le_eabi.lib : exit.obj (.text)
                  2001e930    00000044                           : fd_tou_t2.obj (.text)
                  2001e974    00000042     simplelink.a : socket.obj (.text:sl_Htonl)
                  2001e9b6    00000002     --HOLE-- [fill = 0]
                  2001e9b8    00000040     driverlib.a : pin.obj (.text:PinModeSet)
                  2001e9f8    00000040     wdt_if.obj (.text:WDT_IF_Init)
                  2001ea38    00000040     http.obj (.text:getHttpResponseBody)
                  2001ea78    00000040     rtsv7M4_T_le_eabi.lib : signal.obj (.text)
                  2001eab8    00000040     timer_fns.obj (.text:start_1Sec_TimeoutTimer)
                  2001eaf8    0000003e     appFns_LightSensor.obj (.text:IsLightOff)
                  2001eb36    0000003e     rtsv7M4_T_le_eabi.lib : strncasecmp.obj (.text)
                  2001eb74    0000003c     simplelink.a : netapp.obj (.text:CopyPingResultsToReport)
                  2001ebb0    0000003c     tasks.obj (.text:Fusion_Init)
                  2001ebec    0000003c     driverlib.a : prcm.obj (.text:PRCMPeripheralClkEnable)
                  2001ec28    0000003c                 : prcm.obj (.text:PRCMSlowClkCtrFastGet)
                  2001ec64    0000003c     watchdog.obj (.text:WDT_init)
                  2001eca0    0000003c     simplelink.a : socket.obj (.text:_sl_TruncatePayloadByProtocol)
                  2001ecdc    0000003c     rtsv7M4_T_le_eabi.lib : boot.obj (.text)
                  2001ed18    0000003c     simplelink.a : socket.obj (.text:sl_Htons)
                  2001ed54    0000003c     timer_fns.obj (.text:start_100mSecTimer)
                  2001ed90    0000003c     driverlib.a : udma.obj (.text:uDMAChannelControlSet)
                  2001edcc    0000003a                 : camera.obj (.text:CameraCaptureStop)
                  2001ee06    0000003a                 : camera.obj (.text:CameraXClkConfig)
                  2001ee40    0000003a     orientation.obj (.text:fLPFScalar)
                  2001ee7a    0000003a     request.obj (.text:parseSendRequest)
                  2001eeb4    00000039     http.obj (.text:addHttpRequestHeader)
                  2001eeed    00000003     --HOLE-- [fill = 0]
                  2001eef0    00000038     main.obj (.text:BoardInit)
                  2001ef28    00000038     LED_timer.obj (.text:LEDTimer_Enable)
                  2001ef60    00000038     simplelink.a : cc_pal.obj (.text:NwpPowerOff)
                  2001ef98    00000038     free_rtos.a : heap_3.obj (.text)
                  2001efd0    00000038     rtsv7M4_T_le_eabi.lib : fs_tod_t2.obj (.text)
                  2001f008    00000038                           : fs_toi_t2.obj (.text)
                  2001f040    00000038                           : i_tofs_t2.obj (.text)
                  2001f078    00000036     driverlib.a : gpio.obj (.text:GPIODirModeSet)
                  2001f0ae    00000036     simplelink.a : netapp.obj (.text:sl_NetAppMDNSUnRegisterService)
                  2001f0e4    00000035     http.obj (.text:beginHttpRequest)
                  2001f119    00000001     --HOLE-- [fill = 0]
                  2001f11a    00000034     driverlib.a : camera.obj (.text:CameraParamsConfig)
                  2001f14e    00000002     --HOLE-- [fill = 0]
                  2001f150    00000034     LED_timer.obj (.text:LEDTimer_Start)
                  2001f184    00000034     driverlib.a : prcm.obj (.text:PRCMPeripheralStatusGet)
                  2001f1b8    00000034                 : spi.obj (.text:SPIFIFOLevelSet)
                  2001f1ec    00000034     http.obj (.text:getHttpResponseStatus)
                  2001f220    00000034     main_FXOS8700.obj (.text:get_angle)
                  2001f254    00000034     rtsv7M4_T_le_eabi.lib : feraiseexcept.obj (.text)
                  2001f288    00000034                           : fs_tou_t2.obj (.text)
                  2001f2bc    00000034                           : strstr.obj (.text)
                  2001f2f0    00000033     ota.obj (.text:OTA_Update)
                  2001f323    00000001     --HOLE-- [fill = 0]
                  2001f324    00000032     timer_if.obj (.text:Timer_IF_Init)
                  2001f356    00000030     driverlib.a : pin.obj (.text:PinTypeGPIO)
                  2001f386    00000002     --HOLE-- [fill = 0]
                  2001f388    00000030                 : uart.obj (.text:UARTDisable)
                  2001f3b8    00000030     simplelink.a : device.obj (.text:_SlDrvDeviceEventHandler)
                  2001f3e8    00000030                  : fs.obj (.text:_sl_Strlen)
                  2001f418    00000030     middleware.a : rtc_hal.obj (.text:hw_access_time_addup)
                  2001f448    00000030     rtsv7M4_T_le_eabi.lib : strncpy.obj (.text)
                  2001f478    00000030                           : xferaise.obj (.text)
                  2001f4a8    00000030     simplelink.a : socket.obj (.text:sl_Close)
                  2001f4d8    00000030                  : wlan.obj (.text:sl_WlanProfileDel)
                  2001f508    00000030                  : wlan.obj (.text:sl_WlanSetMode)
                  2001f538    0000002e     rtsv7M4_T_le_eabi.lib : i_tofd_t2.obj (.text)
                  2001f566    0000002e                           : raise.obj (.text)
                  2001f594    0000002d     http.obj (.text:addHttpRequestHeaderInt)
                  2001f5c1    00000003     --HOLE-- [fill = 0]
                  2001f5c4    0000002c     tasks.obj (.text:ApplyMagHAL)
                  2001f5f0    0000002c     driverlib.a : camera.obj (.text:CameraIntEnable)
                  2001f61c    0000002c     simplelink.a : cc_pal.obj (.text:DmaSpiSwIntHandler)
                  2001f648    0000002c     driverlib.a : i2c.obj (.text:I2CMasterErr)
                  2001f674    0000002c     timer_fns.obj (.text:IntHandler_1Sec_TimeoutTimer)
                  2001f6a0    0000002c     driverlib.a : prcm.obj (.text:PRCMSysResetCauseGet)
                  2001f6cc    0000002c     mt9d111.obj (.text:SoftReset_ImageSensor)
                  2001f6f8    0000002c     cc3200_utils.obj (.text:getDeviceTimeDate)
                  2001f724    0000002c     request.obj (.text:setDataBufferPointer)
                  2001f750    0000002a     driverlib.a : timer.obj (.text:TimerLoadSet)
                  2001f77a    0000002a                 : timer.obj (.text:TimerPrescaleSet)
                  2001f7a4    0000002a     rtsv7M4_T_le_eabi.lib : xdclass.obj (.text)
                  2001f7ce    0000002a     middleware.a : util64.obj (.text:util_u64_time_add)
                  2001f7f8    00000028     driverlib.a : camera.obj (.text:CameraIntStatus)
                  2001f820    00000028     uartA1_if.obj (.text:InitTerm)
                  2001f848    00000028     driverlib.a : prcm.obj (.text:IsRTCUsed)
                  2001f870    00000028     uartA1_if.obj (.text:Message)
                  2001f898    00000028     driverlib.a : prcm.obj (.text:PRCMPeripheralClkDisable)
                  2001f8c0    00000028     rtsv7M4_T_le_eabi.lib : strncat.obj (.text)
                  2001f8e8    00000028     simplelink.a : netapp.obj (.text:sl_NetAppStart)
                  2001f910    00000028                  : netapp.obj (.text:sl_NetAppStop)
                  2001f938    00000026     driverlib.a : camera.obj (.text:CameraThresholdSet)
                  2001f95e    00000026     simplelink.a : cc_pal.obj (.text:NwpRegisterInterruptHandler)
                  2001f984    00000026     rtsv7M4_T_le_eabi.lib : strncmp.obj (.text)
                  2001f9aa    00000002     --HOLE-- [fill = 0]
                  2001f9ac    00000024     driverlib.a : camera.obj (.text:CameraIntClear)
                  2001f9d0    00000024     timer_fns.obj (.text:IntHandler_100mSecTimer)
                  2001f9f4    00000024     driverlib.a : interrupt.obj (.text:IntUnregister)
                  2001fa18    00000024                 : prcm.obj (.text:RTCU16MSecRegRead)
                  2001fa3c    00000024     timer_if.obj (.text:Timer_IF_Start)
                  2001fa60    00000024     driverlib.a : uart.obj (.text:UARTEnable)
                  2001fa84    00000024     mt9d111.obj (.text:WriteAllAEnAWBRegs)
                  2001faa8    00000024     simplelink.a : driver.obj (.text:_SlDrvProtectionObjLockWaitForever)
                  2001facc    00000024     main_FXOS8700.obj (.text:magnetometer_initialize)
                  2001faf0    00000024     rtsv7M4_T_le_eabi.lib : u_tofs_t2.obj (.text)
                  2001fb14    00000022     driverlib.a : camera.obj (.text:CameraCaptureStart)
                  2001fb36    00000022                 : i2c.obj (.text:I2CMasterSlaveAddrSet)
                  2001fb58    00000022     simplelink.a : socket.obj (.text:SL_FD_SET)
                  2001fb7a    00000022     driverlib.a : spi.obj (.text:SPIReset)
                  2001fb9c    00000022                 : spi.obj (.text:SPIWordCountSet)
                  2001fbbe    00000022     rtsv7M4_T_le_eabi.lib : frexp.obj (.text)
                  2001fbe0    00000022                           : memcmp.obj (.text)
                  2001fc02    00000020     driverlib.a : gpio.obj (.text:GPIOPinWrite)
                  2001fc22    00000002     --HOLE-- [fill = 0]
                  2001fc24    00000020                 : interrupt.obj (.text:IntRegister)
                  2001fc44    00000020     simplelink.a : cc_pal.obj (.text:NwpPowerOn)
                  2001fc64    00000020     mt9d111.obj (.text:Refresh_mt9d111Firmware)
                  2001fc84    00000020     simplelink.a : driver.obj (.text:_SlDrvProtectionObjUnLock)
                  2001fca4    00000020     rtsv7M4_T_le_eabi.lib : memchr.obj (.text)
                  2001fcc4    00000020                           : u_tofd_t2.obj (.text)
                  2001fce4    0000001e     driverlib.a : i2c.obj (.text:I2CMasterIntStatusEx)
                  2001fd02    0000001e                 : timer.obj (.text:TimerDisable)
                  2001fd20    0000001e                 : timer.obj (.text:TimerEnable)
                  2001fd3e    0000001e                 : timer.obj (.text:TimerIntStatus)
                  2001fd5c    0000001e                 : uart.obj (.text:UARTCharPut)
                  2001fd7a    0000001e     simplelink.a : cc_pal.obj (.text:cc_UDMAChannelSelect)
                  2001fd98    0000001e     rtsv7M4_T_le_eabi.lib : strcat.obj (.text)
                  2001fdb6    00000002     --HOLE-- [fill = 0]
                  2001fdb8    0000001c     tasks.obj (.text:ApplyAccelHAL)
                  2001fdd4    0000001c     mt9d111.obj (.text:CameraSensorInit)
                  2001fdf0    0000001c     udma_if.obj (.text:DmaSwIntHandler)
                  2001fe0c    0000001c     driverlib.a : pin.obj (.text:PinTypeI2C)
                  2001fe28    0000001c                 : timer.obj (.text:TimerValueGet)
                  2001fe44    0000001c     simplelink.a : driver.obj (.text:_SlDrvObjLockWaitForever)
                  2001fe60    0000001c                  : driver.obj (.text:_SlDrvSyncObjWaitForever)
                  2001fe7c    0000001c     rtsv7M4_T_le_eabi.lib : memccpy.obj (.text)
                  2001fe98    0000001c     timer_fns.obj (.text:stop_100mSecTimer)
                  2001feb4    0000001c     timer_fns.obj (.text:stop_1Sec_TimeoutTimer)
                  2001fed0    0000001c     driverlib.a : udma.obj (.text:uDMAChannelDisable)
                  2001feec    0000001c                 : udma.obj (.text:uDMAChannelEnable)
                  2001ff08    0000001c     main.obj (.text:vApplicationMallocFailedHook)
                  2001ff24    0000001a     driverlib.a : pin.obj (.text:PinTypeCamera)
                  2001ff3e    0000001a                 : pin.obj (.text:PinTypeUART)
                  2001ff58    0000001a                 : spi.obj (.text:SPIDmaDisable)
                  2001ff72    0000001a                 : spi.obj (.text:SPIDmaEnable)
                  2001ff8c    0000001a                 : spi.obj (.text:SPIFIFODisable)
                  2001ffa6    0000001a                 : spi.obj (.text:SPIFIFOEnable)
                  2001ffc0    00000018                 : camera.obj (.text:CameraReset)
                  2001ffd8    00000018     startup_ccs.obj (.text:FaultISR)
                  2001fff0    00000018     driverlib.a : gpio.obj (.text:GPIOPinRead)
                  20020008    00000018     app_common.obj (.text:LED_Off)
                  20020020    00000018     app_common.obj (.text:LED_On)
                  20020038    00000018     driverlib.a : prcm.obj (.text:PRCMHibernateEnter)
                  20020050    00000018                 : spi.obj (.text:SPICSDisable)
                  20020068    00000018                 : spi.obj (.text:SPICSEnable)
                  20020080    00000018                 : spi.obj (.text:SPIDisable)
                  20020098    00000018                 : spi.obj (.text:SPIEnable)
                  200200b0    00000018                 : timer.obj (.text:TimerIntEnable)
                  200200c8    00000018     timer_if.obj (.text:Timer_IF_InterruptClear)
                  200200e0    00000018     driverlib.a : wdt.obj (.text:WatchdogStallEnable)
                  200200f8    00000018                 : wdt.obj (.text:WatchdogUnlock)
                  20020110    00000018     simplelink.a : driver.obj (.text:_SlDrvObjUnLock)
                  20020128    00000018                  : driver.obj (.text:_SlDrvSyncObjSignal)
                  20020140    00000018                  : device.obj (.text:_sl_GetStartResponseConvert)
                  20020158    00000018     middleware.a : rtc_hal.obj (.text:get_value)
                  20020170    00000018     rtsv7M4_T_le_eabi.lib : args_main.obj (.text)
                  20020188    00000018                           : strcmp.obj (.text)
                  200201a0    00000016     driverlib.a : camera.obj (.text:CameraDMAEnable)
                  200201b6    00000016                 : camera.obj (.text:CameraIntRegister)
                  200201cc    00000016                 : i2c.obj (.text:I2CMasterDataPut)
                  200201e2    00000016                 : i2c.obj (.text:I2CMasterEnable)
                  200201f8    00000016                 : prcm.obj (.text:PRCMHIBRegRead)
                  2002020e    00000016                 : prcm.obj (.text:PRCMHIBRegWrite)
                  20020224    00000016                 : wdt.obj (.text:WatchdogEnable)
                  2002023a    00000016     simplelink.a : driver.obj (.text:_SlDrvMemZero)
                  20020250    00000016     rtsv7M4_T_le_eabi.lib : strchr.obj (.text)
                  20020266    00000014     driverlib.a : cpu.obj (.text:CPUcpsie)
                  2002027a    00000002     --HOLE-- [fill = 0]
                  2002027c    00000014                 : interrupt.obj (.text:IntVTableBaseSet)
                  20020290    00000014     LED_timer.obj (.text:LEDTimer_Stop)
                  200202a4    00000014     rtsv7M4_T_le_eabi.lib : _lock.obj (.text)
                  200202b8    00000014                           : strcpy.obj (.text)
                  200202cc    00000014                           : strlen.obj (.text)
                  200202e0    00000014     driverlib.a : udma.obj (.text:uDMAControlBaseSet)
                  200202f4    00000014                 : udma.obj (.text:uDMAIntClear)
                  20020308    00000012                 : i2c.obj (.text:I2CMasterControl)
                  2002031a    00000012                 : i2c.obj (.text:I2CMasterIntClearEx)
                  2002032c    00000012                 : i2c.obj (.text:I2CMasterTimeoutSet)
                  2002033e    00000012                 : timer.obj (.text:TimerIntClear)
                  20020350    00000012                 : wdt.obj (.text:WatchdogReloadSet)
                  20020362    00000002     --HOLE-- [fill = 0]
                  20020364    00000010                 : prcm.obj (.text:PRCMSOCReset)
                  20020374    00000010                 : prcm.obj (.text:RTCU32SecRegRead)
                  20020384    00000010     simplelink.a : socket.obj (.text:SL_FD_ZERO)
                  20020394    00000010     timer_if.obj (.text:Timer_IF_Stop)
                  200203a4    00000010     driverlib.a : wdt.obj (.text:WatchdogIntClear)
                  200203b4    00000010     cc3200_socket.obj (.text:socketClose)
                  200203c4    0000000e     driverlib.a : i2c.obj (.text:I2CMasterDataGet)
                  200203d2    0000000e     simplelink.a : driver.obj (.text:_SlDrvResetCmdExt)
                  200203e0    0000000e     rtsv7M4_T_le_eabi.lib : copy_decompress_none.obj (.text:decompress:none)
                  200203ee    0000000c     udma_if.obj (.text:DmaErrorIntHandler)
                  200203fa    00000002     --HOLE-- [fill = 0]
                  200203fc    0000000c     simplelink.a : cc_pal.obj (.text:NwpMaskInterrupt)
                  20020408    0000000c                  : cc_pal.obj (.text:NwpUnMaskInterrupt)
                  20020414    0000000c     middleware.a : rtc_hal.obj (.text:cc_rtc_get)
                  20020420    0000000c     rtsv7M4_T_le_eabi.lib : copy_zero_init.obj (.text:decompress:ZI)
                  2002042c    0000000c     parse_impl.obj (.text:getInternalClient)
                  20020438    0000000c     simplelink.a : wlan.obj (.text:sl_WlanDisconnect)
                  20020444    0000000c     driverlib.a : udma.obj (.text:uDMAEnable)
                  20020450    0000000c                 : udma.obj (.text:uDMAIntStatus)
                  2002045c    0000000a                 : interrupt.obj (.text:IntMasterEnable)
                  20020466    0000000a     main.obj (.text:vApplicationStackOverflowHook)
                  20020470    00000008     hibernate_related_fns.obj (.text:sensorsTriggerSetup)
                  20020478    00000006     i2cconfig.obj (.text:MT9D111Delay)
                  2002047e    00000006     startup_ccs.obj (.text:ResetISR)
                  20020484    00000006     driverlib.a : utils.obj (.text:UtilsDelay)
                  2002048a    00000006     rtsv7M4_T_le_eabi.lib : copy_decompress_rle.obj (.text:decompress:rle24)
                  20020490    00000006                           : logf.obj (.text)
                  20020496    00000006                           : sinf.obj (.text)
                  2002049c    00000004                           : error.obj (.text)
                  200204a0    00000004                           : pre_init.obj (.text)

.const     0    200204a4    000011bb     
                  200204a4    00000160     mt9d111.obj (.const:capture_cmds_list)
                  20020604    0000013c     mt9d111.obj (.const:init_cmds_list)
                  20020740    00000101     rtsv7M4_T_le_eabi.lib : ctype.obj (.const:.string:_ctypes_)
                  20020841    00000003     --HOLE-- [fill = 0]
                  20020844    00000100     driverlib.a : pin.obj (.const:g_ulPinToPadMap)
                  20020944    00000100     mt9d111.obj (.const)
                  20020a44    000000f8     mt9d111.obj (.const:$P$T4$5)
                  20020b3c    000000d4     driverlib.a : interrupt.obj (.const:g_pulRegs)
                  20020c10    000000b0     simplelink.a : wlan.obj (.const:$P$T0$1)
                  20020cc0    000000a8     driverlib.a : prcm.obj (.const:PRCM_PeriphRegsList)
                  20020d68    00000092     mt9d111.obj (.const:.string)
                  20020dfa    00000085     lightSens_isl29035.obj (.const:.string)
                  20020e7f    00000081     parse_uploads.obj (.const:.string)
                  20020f00    00000080     driverlib.a : interrupt.obj (.const)
                  20020f80    0000007e     camera_app.obj (.const:.string)
                  20020ffe    00000002     --HOLE-- [fill = 0]
                  20021000    00000068     appFns_BatteryLevelSense.obj (.const:V2CEntry$1)
                  20021068    00000054     mt9d111.obj (.const:$P$T30$31)
                  200210bc    00000050     accelomtrMagntomtr_fxos8700.obj (.const:.string)
                  2002110c    0000004c     mt9d111.obj (.const:$P$T8$9)
                  20021158    0000004b     tempRHSens_si7020.obj (.const:.string)
                  200211a3    0000004a     user_configure_fn.obj (.const:.string)
                  200211ed    0000003c     i2c_app.obj (.const:.string)
                  20021229    00000001     --HOLE-- [fill = 0]
                  2002122a    0000003c     simplelink.a : driver.obj (.const:OpcodeTranslateTable)
                  20021266    0000003c                  : wlan.obj (.const)
                  200212a2    00000002     --HOLE-- [fill = 0]
                  200212a4    00000038                  : driver.obj (.const:_SlActionLookupTable)
                  200212dc    00000038     rtsv7M4_T_le_eabi.lib : xflog.obj (.const)
                  20021314    00000038     simplelink.a : fs.obj (.const)
                  2002134c    00000036     flash_files.obj (.const:.string)
                  20021382    00000002     --HOLE-- [fill = 0]
                  20021384    00000034     rtsv7M4_T_le_eabi.lib : xfatan.obj (.const)
                  200213b8    00000034     simplelink.a : driver.obj (.const)
                  200213ec    00000034                  : socket.obj (.const)
                  20021420    0000002c     network_relater_fns.obj (.const:$P$T1$2)
                  2002144c    00000028     rtsv7M4_T_le_eabi.lib : xfdint.obj (.const)
                  20021474    00000028                           : xfsin.obj (.const)
                  2002149c    00000028     simplelink.a : netapp.obj (.const)
                  200214c4    00000027     network_relater_fns.obj (.const:.string)
                  200214eb    00000001     --HOLE-- [fill = 0]
                  200214ec    00000024     mt9d111.obj (.const:recapture_cmds_list)
                  20021510    00000023     batteryVoltLvlSens_adc081c021.obj (.const:.string:$P$T0$1)
                  20021533    00000022     network_relater_fns.obj (.const:.string:$P$T0$1)
                  20021555    00000003     --HOLE-- [fill = 0]
                  20021558    0000001c     rtsv7M4_T_le_eabi.lib : tanf.obj (.const)
                  20021574    0000001c                           : xfexp.obj (.const)
                  20021590    00000018     driverlib.a : spi.obj (.const)
                  200215a8    00000017     request.obj (.const:.string)
                  200215bf    00000016     appFns_LightSensor.obj (.const:.string)
                  200215d5    00000014     network_relater_fns.obj (.const)
                  200215e9    00000001     --HOLE-- [fill = 0]
                  200215ea    00000014     simplelink.a : device.obj (.const)
                  200215fe    00000013     sendUserConfigDataToParse.obj (.const:.string)
                  20021611    00000010     simplelink.a : socket.obj (.const:.string)
                  20021621    0000000f     application_fn.obj (.const:.string)
                  20021630    0000000f     sendGroundData.obj (.const:.string)
                  2002163f    0000000b     app_common.obj (.const:.string)
                  2002164a    00000008     simplelink.a : device.obj (.const:.string)
                  20021652    00000008                  : netcfg.obj (.const)
                  2002165a    00000005     main.obj (.const:.string)

.cinit     0    20021660    00000530     
                  20021660    00000509     (.cinit..data.load) [load image, compression = rle]
                  20021b69    00000003     --HOLE-- [fill = 0]
                  20021b6c    0000000c     (__TI_handler_table)
                  20021b78    00000008     (.cinit..bss.load) [load image, compression = zero_init]
                  20021b80    00000010     (__TI_cinit_table)

.init_array 
*          0    20004000    00000000     UNINITIALIZED

.bss       0    20022400    00017365     UNINITIALIZED
                  20022400    00014000     main.obj (.bss:g_image_buffer)
                  20036400    00000b58     tasks.obj (.bss:thisMagBuffer)
                  20036f58    000005a0     ota.a : OtaHttp.obj (.bss:recv_buf)
                  200374f8    0000044c           : OtaClient.obj (.bss:g_OtaCheckUpdateResponse)
                  20037944    00000418     user_configure_fn.obj (.bss:thisMagCal)
                  20037d5c    00000240     ota.obj (.bss:g_otaOptServerInfo)
                  20037f9c    00000058     tasks.obj (.bss:thisMag)
                  20037ff4    0000000c     (.common:g_SecParams)
                  20038000    00000400     udma_if.obj (.bss:gpCtlTbl)
                  20038400    000003d8     ota.a : OtaClient.obj (.bss:g_OtaFileMetadata)
                  200387d8    00000370     main.obj (.bss:g_NetEntries)
                  20038b48    00000200     ota.a : OtaHttp.obj (.bss:send_buf)
                  20038d48    00000178     simplelink.a : driver.obj (.bss:g_StatMem)
                  20038ec0    00000120     rtsv7M4_T_le_eabi.lib : trgmsg.obj (.bss:__CIOBUF_)
                  20038fe0    00000100     udma_if.obj (.bss:gfpAppCallbackHndl)
                  200390e0    000000c8     free_rtos.a : tasks.obj (.bss:pxReadyTasksLists)
                  200391a8    000000ac     tasks.obj (.bss:thisSV_6DOF_GB_BASIC)
                  20039254    000000a0     rtsv7M4_T_le_eabi.lib : defs.obj (.bss:__TI_tmpnams)
                  200392f4    00000074     ota.a : CdnClient.obj (.bss:g_CdnClient)
                  20039368    00000050     simplelink.a : cc_pal.obj (.bss:g_ucDinDout)
                  200393b8    00000050     free_rtos.a : queue.obj (.bss:xQueueRegistry)
                  20039408    0000004c     ota.a : OtaApp.obj (.bss:g_OtaApp)
                  20039454    0000004c           : OtaApp.obj (.bss:g_OtaApp_statistics)
                  200394a0    00000034     cc3200_client_state.obj (.bss:clientStateFileName)
                  200394d4    00000034     main.obj (.bss:g_cWlanSecurityKey)
                  20039508    00000034     tasks.obj (.bss:thisAccel)
                  2003953c    00000024     ota.a : OtaClient.obj (.bss:g_OtaClient)
                  20039560    00000024     main.obj (.bss:g_cWlanSSID)
                  20039584    00000024     main.obj (.bss:g_ucConnectionSSID)
                  200395a8    0000001c     rtsv7M4_T_le_eabi.lib : vla_alloc.obj (.bss)
                  200395c4    00000014     (.common:g_FlcSflashCb)
                  200395d8    00000014     (.common:g_flag_blockFull)
                  200395ec    00000014     (.common:xDelayedTaskList1)
                  20039600    00000014     (.common:xDelayedTaskList2)
                  20039614    00000014     (.common:xPendingReadyList)
                  20039628    00000014     (.common:xSuspendedTaskList)
                  2003963c    00000014     (.common:xTasksWaitingTermination)
                  20039650    00000010     (.common:ang_buf)
                  20039660    00000010     (.common:globals)
                  20039670    00000010     (.common:mqxglobals)
                  20039680    00000008     (.common:g_LogClient)
                  20039688    00000008     (.common:g_Struct_TimeStamp_MaxAngle)
                  20039690    00000008     (.common:g_Struct_TimeStamp_MinAngle)
                  20039698    00000008     (.common:g_TimeStamp_CamUp)
                  200396a0    00000008     (.common:g_TimeStamp_DoorClosed)
                  200396a8    00000008     (.common:g_TimeStamp_NWPUp)
                  200396b0    00000008     (.common:g_TimeStamp_PhotoSnap)
                  200396b8    00000008     (.common:g_TimeStamp_PhotoUploaded)
                  200396c0    00000008     (.common:g_TimeStamp_cc3200Up)
                  200396c8    00000008     (.common:g_TimeStamp_maxAngle)
                  200396d0    00000008     (.common:g_TimeStamp_minAngle)
                  200396d8    00000008     (.common:g_ucConnectionBSSID)
                  200396e0    00000008     (.common:parmbuf)
                  200396e8    00000008     (.common:sBootInfo)
                  200396f0    00000004     (.common:DMAMsgQ)
                  200396f4    00000004     (.common:Elapsed_100MilliSecs)
                  200396f8    00000004     (.common:Elapsed_1Secs)
                  200396fc    00000004     (.common:__Errorlog)
                  20039700    00000004     (.common:angle_avg)
                  20039704    00000004     (.common:dataBuffer)
                  20039708    00000004     (.common:g_block_lastFilled)
                  2003970c    00000004     (.common:g_cDummy)
                  20039710    00000004     (.common:g_cWlanSecurityType)
                  20039714    00000004     (.common:g_frame_size_in_bytes)
                  20039718    00000004     (.common:g_position_in_block)
                  2003971c    00000004     (.common:g_readHeader)
                  20039720    00000004     (.common:g_total_dma_intrpts)
                  20039724    00000004     (.common:g_ulAppStatus)
                  20039728    00000004     (.common:g_ulSimplelinkStatus)
                  2003972c    00000004     (.common:g_ulWatchdogCycles)
                  20039730    00000004     (.common:gdoor_40deg_angle)
                  20039734    00000004     (.common:gdoor_90deg_angle)
                  20039738    00000004     (.common:pvOtaApp)
                  2003973c    00000004     (.common:pxDelayedTaskList)
                  20039740    00000004     (.common:pxOverflowDelayedTaskList)
                  20039744    00000002     (.common:g_fMaxAngle)
                  20039746    00000002     (.common:g_fMinAngle)
                  20039748    00000001     (.common:RxIrqCnt)
                  20039749    00000001     (.common:avg_buffer_cnt)
                  2003974a    00000001     (.common:captureTimeout_Flag)
                  2003974b    00000001     (.common:checkForLight_Flag)
                  2003974c    00000001     (.common:cnt_LED_Timer)
                  2003974d    00000001     (.common:g_BlinkCount)
                  2003974e    00000001     (.common:g_I2CPeripheral_inUse_Flag)
                  2003974f    00000001     (.common:g_NoOfBlinks)
                  20039750    00000001     (.common:g_OffTime)
                  20039751    00000001     (.common:g_OnTime)
                  20039752    00000001     (.common:g_Task3_Notification)
                  20039753    00000001     (.common:g_dma_txn_done)
                  20039754    00000001     (.common:g_flag_DataBlockFilled)
                  20039755    00000001     (.common:g_flag_door_closing_45degree)
                  20039756    00000001     (.common:g_frame_end)
                  20039757    00000001     (.common:g_ucAngle40)
                  20039758    00000001     (.common:g_ucAngle90)
                  20039759    00000001     (.common:g_ucCalibration)
                  2003975a    00000001     (.common:g_ucConfig)
                  2003975b    00000001     (.common:g_ucExitButton)
                  2003975c    00000001     (.common:g_ucFeedWatchdog)
                  2003975d    00000001     (.common:g_ucMagCalb)
                  2003975e    00000001     (.common:g_ucProfileAdded)
                  2003975f    00000001     (.common:g_ucPushButtonPressedTwice)
                  20039760    00000001     (.common:g_ucReasonForFailure)
                  20039761    00000001     (.common:iDone)
                  20039762    00000001     (.common:isitfirsttime)
                  20039763    00000001     (.common:print_count)
                  20039764    00000001     (.common:valid_case)

.TI.noinit 
*          0    20022400    00000000     UNINITIALIZED

.sysmem    0    20039768    00005000     UNINITIALIZED
                  20039768    00000008     rtsv7M4_T_le_eabi.lib : memory.obj (.sysmem)
                  20039770    00004ff8     --HOLE--


LINKER GENERATED COPY TABLES

__TI_cinit_table @ 20021b80 records: 2, size/record: 8, table size: 16
	.data: load addr=20021660, load size=00000509 bytes, run addr=20000000, run size=0000093c bytes, compression=rle
	.bss: load addr=20021b78, load size=00000008 bytes, run addr=20022400, run size=00017365 bytes, compression=zero_init


LINKER GENERATED HANDLER TABLE

__TI_handler_table @ 20021b6c records: 3, size/record: 4, table size: 12
	index: 0, handler: __TI_decompress_rle24
	index: 1, handler: __TI_decompress_none
	index: 2, handler: __TI_zero_init


GLOBAL SYMBOLS: SORTED ALPHABETICALLY BY Name 

address   name                                  
-------   ----                                  
2001ae3d  Add_NumberField_ToJSONString          
2001fdb9  ApplyAccelHAL                         
2001f5c5  ApplyMagHAL                           
2001e8ed  C$$EXIT                               
2001d1eb  C$$IO$$                               
2001d491  CCMRegs_Read                          
20020267  CPUcpsie                              
2001ca3d  CamControllerInit                     
2001fb15  CameraCaptureStart                    
2001edcd  CameraCaptureStop                     
200201a1  CameraDMAEnable                       
2001f9ad  CameraIntClear                        
2001f5f1  CameraIntEnable                       
200201b7  CameraIntRegister                     
2001f7f9  CameraIntStatus                       
2001f11b  CameraParamsConfig                    
2001ffc1  CameraReset                           
2001fdd5  CameraSensorInit                      
2001f939  CameraThresholdSet                    
2001ee07  CameraXClkConfig                      
2000f575  CaptureImage                          
2000d37b  CdnClient_CloseServer                 
2000d399  CdnClient_ConnectByUrl                
2000d349  CdnClient_Init                        
2000d213  CdnClient_Run                         
2000d209  CdnClient_SetFileInfo                 
20016c95  Check_I2CDevices                      
2001ab45  Config_CameraCapture                  
2001caa9  ConfigureMode                         
2000ea95  ConfigureSimpleLinkToDefaultState     
200124a5  ConstructDeviceStateObject            
2000ff4d  ConstructGroundDataObject             
2001319d  ConstructUserConfigObject             
2001eb75  CopyPingResultsToReport               
200396f0  DMAMsgQ                               
2000063c  DigiCertHighAssuranceEVRootCA_der_len 
200203ef  DmaErrorIntHandler                    
2001f61d  DmaSpiSwIntHandler                    
2001fdf1  DmaSwIntHandler                       
200396f4  Elapsed_100MilliSecs                  
200396f8  Elapsed_1Secs                         
2001937d  EnterStandby_mt9d111                  
200195d5  ExitStandby_mt9d111                   
20014ba1  FXOS8700_Init                         
20016319  FXOS8700_ReadData                     
2001ebb1  Fusion_Init                           
2001462d  Fusion_Run                            
2001f079  GPIODirModeSet                        
2001fff1  GPIOPinRead                           
2001fc03  GPIOPinWrite                          
200185e1  Get_BatteryPercent                    
2001c95d  Get_BatteryVoltageLevel_ADC081C021    
20017b79  Get_FridgeCamID                       
200148ed  HIBernate                             
2000effd  HOSTclock                             
2000efc5  HOSTclose                             
2000ef87  HOSTgetenv                            
2000ef2b  HOSTlseek                             
2000eed9  HOSTopen                              
2000ee8d  HOSTread                              
2000ee2f  HOSTrename                            
2000edf5  HOSTtime                              
2000edbd  HOSTunlink                            
2000ed71  HOSTwrite                             
200154b5  I2CBufferRead                         
20015e6d  I2CBufferWrite                        
20020309  I2CMasterControl                      
200203c5  I2CMasterDataGet                      
200201cd  I2CMasterDataPut                      
200201e3  I2CMasterEnable                       
2001f649  I2CMasterErr                          
2001ba5d  I2CMasterInitExpClk                   
2002031b  I2CMasterIntClearEx                   
2001fce5  I2CMasterIntStatusEx                  
2001fb37  I2CMasterSlaveAddrSet                 
2002032d  I2CMasterTimeoutSet                   
2001deb1  I2C_IF_Open                           
2001975d  I2C_IF_Read                           
2001999d  I2C_IF_Write                          
2001df01  ImagCapture_Init                      
20019a59  ImageSensor_CaptureConfigs_Task       
2001f821  InitTerm                              
2001c4c1  InitialiseParse                       
2001b249  InitializeUserConfigVariables         
2001a4fd  IntDisable                            
2001a5a5  IntEnable                             
2001f9d1  IntHandler_100mSecTimer               
2001f675  IntHandler_1Sec_TimeoutTimer          
2002045d  IntMasterEnable                       
2001db5d  IntPendClear                          
2001dcb9  IntPrioritySet                        
2001fc25  IntRegister                           
2001f9f5  IntUnregister                         
2002027d  IntVTableBaseSet                      
2001abdd  IntrptHandler_LEDTimer                
2001eaf9  IsLightOff                            
2001ef29  LEDTimer_Enable                       
2001f151  LEDTimer_Start                        
20020291  LEDTimer_Stop                         
2001b2d9  LED_Blink_2                           
20020009  LED_Off                               
20020021  LED_On                                
2000dfdb  LogClient_Close                       
2000dff3  LogClient_ConnectAndPrint             
2000dfa5  LogClient_ConnectServer               
2000df8d  LogClient_Init                        
2000de49  LogClient_Print                       
20020479  MT9D111Delay                          
2000e181  MagCal_Run                            
200173a5  Main_Task_withHibernate               
2001f871  Message                               
2001bf75  NWP_SwitchOff                         
2001bd75  NWP_SwitchOn                          
200203fd  NwpMaskInterrupt                      
2001ef61  NwpPowerOff                           
2001fc45  NwpPowerOn                            
2001bae1  NwpPowerOnPreamble                    
2001f95f  NwpRegisterInterruptHandler           
20020409  NwpUnMaskInterrupt                    
200141f9  OTAServerInfoSet                      
20018f6d  OTA_CommitImage                       
2001f2f1  OTA_Update                            
2002122a  OpcodeTranslateTable                  
2000bde7  OtaClient_CloseServer                 
2000bdb1  OtaClient_ConnectServer               
2000bd7f  OtaClient_GetNextUpdate               
2000bd4d  OtaClient_Init                        
2000bc77  OtaClient_ResourceMetadata            
2000bab3  OtaClient_ResourceNameConvert         
2000ba05  OtaClient_UpdateCheck                 
2001daa5  PCLK_Rate_read                        
20015c05  PRCMCC3200MCUInit                     
200201f9  PRCMHIBRegRead                        
2002020f  PRCMHIBRegWrite                       
20020039  PRCMHibernateEnter                    
2001b6ad  PRCMHibernateIntervalSet              
2001cfb5  PRCMHibernateWakeUpGPIOSelect         
2001e511  PRCMHibernateWakeupSourceDisable      
2001e559  PRCMHibernateWakeupSourceEnable       
2001f899  PRCMPeripheralClkDisable              
2001ebed  PRCMPeripheralClkEnable               
2001aed5  PRCMPeripheralClockGet                
2001dbb5  PRCMPeripheralReset                   
2001f185  PRCMPeripheralStatusGet               
2001bff1  PRCMRTCGet                            
20020365  PRCMSOCReset                          
2001ec29  PRCMSlowClkCtrFastGet                 
2001df51  PRCMSlowClkCtrGet                     
2001f6a1  PRCMSysResetCauseGet                  
2001b735  PinConfigSet                          
2001e9b9  PinModeSet                            
200174a1  PinMuxConfig                          
2001ff25  PinTypeCamera                         
2001f357  PinTypeGPIO                           
2001fe0d  PinTypeI2C                            
2001ff3f  PinTypeUART                           
2001cb15  PowerDown_ISL29035                    
2001c719  PowerDown_LightSensor                 
2001e181  RdSensData_Init                       
20011be9  RdSensData_Run                        
2001a1a1  ReStart_CameraCapture                 
200187ad  ReadFile_FromFlash                    
200160c9  Read_AllRegisters                     
2001fc65  Refresh_mt9d111Firmware               
2001a451  Report                                
2002047f  ResetISR                              
2001d01d  RestartSensorInJpegMode               
20039748  RxIrqCnt                              
200213c8  RxMsgClassLUT                         
UNDEFED   SHT$$INIT_ARRAY$$Base                 
UNDEFED   SHT$$INIT_ARRAY$$Limit                
2001fb59  SL_FD_SET                             
20020385  SL_FD_ZERO                            
20020051  SPICSDisable                          
20020069  SPICSEnable                           
2001a6f5  SPIConfigSetExpClk                    
20020081  SPIDisable                            
2001ff59  SPIDmaDisable                         
2001ff73  SPIDmaEnable                          
20020099  SPIEnable                             
2001ff8d  SPIFIFODisable                        
2001ffa7  SPIFIFOEnable                         
2001f1b9  SPIFIFOLevelSet                       
2001e5a1  SPIIntClear                           
2001e1cd  SPIIntEnable                          
2001fb7b  SPIReset                              
2001fb9d  SPIWordCountSet                       
20000860  SecurityParams                        
2001bb65  SendGroundData                        
2000a7c1  SimpleLinkHttpServerCallback          
20013f19  SimpleLinkNetAppEventHandler          
20014361  SimpleLinkSockEventHandler            
2000c9c9  SimpleLinkWlanEventHandler            
2001f6cd  SoftReset_ImageSensor                 
2001c06d  Standby_ImageSensor                   
2002164a  StartResponseLUT                      
2001d085  StartSensorInJpegMode                 
2001888d  Start_CameraCapture                   
[...]
2001d9e9  standby_accelMagn_fxos8700            
2001daa5  PCLK_Rate_read                        
2001db01  sl_Socket                             
2001db5d  IntPendClear                          
2001dbb5  PRCMPeripheralReset                   
2001dc0d  ltoa                                  
2001dc63  _FDunscale                            
2001dcb9  IntPrioritySet                        
2001dd0d  _sl_HandleAsync_Select                
2001dd61  fasin_deg                             
2001ddb5  headerSend                            
2001de09  sl_WlanRxFilterSet                    
2001deb1  I2C_IF_Open                           
2001df01  ImagCapture_Init                      
2001df51  PRCMSlowClkCtrGet                     
2001dfa1  WatchdogIntHandler                    
2001dff1  _sl_HandleAsync_Stop                  
2001e041  disableAE                             
2001e091  disableAWB                            
2001e0e1  __aeabi_f2ulz                         
2001e131  sl_FsDel                              
2001e181  RdSensData_Init                       
2001e1cd  SPIIntEnable                          
2001e219  _SlDrvProtectAsyncRespSetting         
2001e265  _SlDrvRxIrqHandler                    
2001e2b1  _sl_BuildAddress                      
2001e2fd  atoi                                  
2001e349  atol                                  
2001e395  copy_in                               
2001e3e1  srand                                 
2001e3f7  rand                                  
2001e42d  uDMAChannelAssign                     
2001e479  util_u32_nsec_add                     
2001e4c5  __aeabi_d2f                           
2001e511  PRCMHibernateWakeupSourceDisable      
2001e559  PRCMHibernateWakeupSourceEnable       
2001e5a1  SPIIntClear                           
2001e5e9  Variable_Read                         
2001e631  _SlDrvBasicCmd                        
2001e679  addHttpRequestLine                    
2001e6c1  fatan_15deg                           
2001e709  __aeabi_d2iz                          
2001e751  ldexp                                 
2001e7dd  TimerConfigure                        
2001e821  UDMASetupTransfer                     
2001e8a9  fxos_Calibration                      
2001e8ed  C$$EXIT                               
2001e8f1  abort                                 
2001e8f9  exit                                  
2001e931  __aeabi_d2uiz                         
2001e975  sl_Htonl                              
2001e9b9  PinModeSet                            
2001e9f9  WDT_IF_Init                           
2001ea39  getHttpResponseBody                   
2001ea79  signal                                
2001eab9  start_1Sec_TimeoutTimer               
2001eaf9  IsLightOff                            
2001eb37  strncasecmp                           
2001eb75  CopyPingResultsToReport               
2001ebb1  Fusion_Init                           
2001ebed  PRCMPeripheralClkEnable               
2001ec29  PRCMSlowClkCtrFastGet                 
2001ec65  WDT_init                              
2001eca1  _sl_TruncatePayloadByProtocol         
2001ecdd  _c_int00                              
2001ed19  sl_Htons                              
2001ed55  start_100mSecTimer                    
2001ed91  uDMAChannelControlSet                 
2001edcd  CameraCaptureStop                     
2001ee07  CameraXClkConfig                      
2001ee41  fLPFScalar                            
2001ee7b  parseSendRequest                      
2001eeb5  addHttpRequestHeader                  
2001ef29  LEDTimer_Enable                       
2001ef61  NwpPowerOff                           
2001ef99  pvPortMalloc                          
2001efb9  vPortFree                             
2001efd1  __aeabi_f2d                           
2001f009  __aeabi_f2iz                          
2001f041  __aeabi_i2f                           
2001f079  GPIODirModeSet                        
2001f0af  sl_NetAppMDNSUnRegisterService        
2001f0e5  beginHttpRequest                      
2001f11b  CameraParamsConfig                    
2001f151  LEDTimer_Start                        
2001f185  PRCMPeripheralStatusGet               
2001f1b9  SPIFIFOLevelSet                       
2001f1ed  getHttpResponseStatus                 
2001f221  get_angle                             
2001f255  feraiseexcept                         
2001f289  __aeabi_f2uiz                         
2001f2bd  strstr                                
2001f2f1  OTA_Update                            
2001f325  Timer_IF_Init                         
2001f357  PinTypeGPIO                           
2001f389  UARTDisable                           
2001f3b9  _SlDrvDeviceEventHandler              
2001f3e9  _sl_Strlen                            
2001f449  strncpy                               
2001f479  _Feraise                              
2001f4a9  sl_Close                              
2001f4d9  sl_WlanProfileDel                     
2001f509  sl_WlanSetMode                        
2001f539  __aeabi_i2d                           
2001f567  raise                                 
2001f595  addHttpRequestHeaderInt               
2001f5c5  ApplyMagHAL                           
2001f5f1  CameraIntEnable                       
2001f61d  DmaSpiSwIntHandler                    
2001f649  I2CMasterErr                          
2001f675  IntHandler_1Sec_TimeoutTimer          
2001f6a1  PRCMSysResetCauseGet                  
2001f6cd  SoftReset_ImageSensor                 
2001f725  setDataBufferPointer                  
2001f751  TimerLoadSet                          
2001f77b  TimerPrescaleSet                      
2001f7a5  _Dclass                               
2001f7cf  util_u64_time_add                     
2001f7f9  CameraIntStatus                       
2001f821  InitTerm                              
2001f871  Message                               
2001f899  PRCMPeripheralClkDisable              
2001f8c1  strncat                               
2001f8e9  sl_NetAppStart                        
2001f911  sl_NetAppStop                         
2001f939  CameraThresholdSet                    
2001f95f  NwpRegisterInterruptHandler           
2001f985  strncmp                               
2001f9ad  CameraIntClear                        
2001f9d1  IntHandler_100mSecTimer               
2001f9f5  IntUnregister                         
2001fa3d  Timer_IF_Start                        
2001fa61  UARTEnable                            
2001fa85  WriteAllAEnAWBRegs                    
2001faa9  _SlDrvProtectionObjLockWaitForever    
2001facd  magnetometer_initialize               
2001faf1  __aeabi_ui2f                          
2001fb15  CameraCaptureStart                    
2001fb37  I2CMasterSlaveAddrSet                 
2001fb59  SL_FD_SET                             
2001fb7b  SPIReset                              
2001fb9d  SPIWordCountSet                       
2001fbbf  frexp                                 
2001fbe1  memcmp                                
2001fc03  GPIOPinWrite                          
2001fc25  IntRegister                           
2001fc45  NwpPowerOn                            
2001fc65  Refresh_mt9d111Firmware               
2001fc85  _SlDrvProtectionObjUnLock             
2001fca5  memchr                                
2001fcc5  __aeabi_ui2d                          
2001fce5  I2CMasterIntStatusEx                  
2001fd03  TimerDisable                          
2001fd21  TimerEnable                           
2001fd3f  TimerIntStatus                        
2001fd5d  UARTCharPut                           
2001fd99  strcat                                
2001fdb9  ApplyAccelHAL                         
2001fdd5  CameraSensorInit                      
2001fdf1  DmaSwIntHandler                       
2001fe0d  PinTypeI2C                            
2001fe29  TimerValueGet                         
2001fe45  _SlDrvObjLockWaitForever              
2001fe61  _SlDrvSyncObjWaitForever              
2001fe7d  memccpy                               
2001fe99  stop_100mSecTimer                     
2001feb5  stop_1Sec_TimeoutTimer                
2001fed1  uDMAChannelDisable                    
2001feed  uDMAChannelEnable                     
2001ff09  vApplicationMallocFailedHook          
2001ff25  PinTypeCamera                         
2001ff3f  PinTypeUART                           
2001ff59  SPIDmaDisable                         
2001ff73  SPIDmaEnable                          
2001ff8d  SPIFIFODisable                        
2001ffa7  SPIFIFOEnable                         
2001ffc1  CameraReset                           
2001fff1  GPIOPinRead                           
20020009  LED_Off                               
20020021  LED_On                                
20020039  PRCMHibernateEnter                    
20020051  SPICSDisable                          
20020069  SPICSEnable                           
20020081  SPIDisable                            
20020099  SPIEnable                             
200200b1  TimerIntEnable                        
200200c9  Timer_IF_InterruptClear               
200200e1  WatchdogStallEnable                   
200200f9  WatchdogUnlock                        
20020111  _SlDrvObjUnLock                       
20020129  _SlDrvSyncObjSignal                   
20020141  _sl_GetStartResponseConvert           
20020171  _args_main                            
20020189  strcmp                                
200201a1  CameraDMAEnable                       
200201b7  CameraIntRegister                     
200201cd  I2CMasterDataPut                      
200201e3  I2CMasterEnable                       
200201f9  PRCMHIBRegRead                        
2002020f  PRCMHIBRegWrite                       
20020225  WatchdogEnable                        
2002023b  _SlDrvMemZero                         
20020251  strchr                                
20020267  CPUcpsie                              
2002027d  IntVTableBaseSet                      
20020291  LEDTimer_Stop                         
200202a5  _register_unlock                      
200202ab  _register_lock                        
200202b3  _nop                                  
200202b9  strcpy                                
200202cd  strlen                                
200202e1  uDMAControlBaseSet                    
200202f5  uDMAIntClear                          
20020309  I2CMasterControl                      
2002031b  I2CMasterIntClearEx                   
2002032d  I2CMasterTimeoutSet                   
2002033f  TimerIntClear                         
20020351  WatchdogReloadSet                     
20020365  PRCMSOCReset                          
20020385  SL_FD_ZERO                            
20020395  Timer_IF_Stop                         
200203a5  WatchdogIntClear                      
200203b5  socketClose                           
200203c5  I2CMasterDataGet                      
200203d3  _SlDrvResetCmdExt                     
200203e1  __TI_decompress_none                  
200203ef  DmaErrorIntHandler                    
200203fd  NwpMaskInterrupt                      
20020409  NwpUnMaskInterrupt                    
20020415  cc_rtc_get                            
20020421  __TI_zero_init                        
2002042d  getInternalClient                     
20020439  sl_WlanDisconnect                     
20020445  uDMAEnable                            
20020451  uDMAIntStatus                         
2002045d  IntMasterEnable                       
20020467  vApplicationStackOverflowHook         
20020471  sensorsTriggerSetup                   
20020479  MT9D111Delay                          
2002047f  ResetISR                              
20020485  UtilsDelay                            
2002048b  __TI_decompress_rle24                 
20020491  logf                                  
20020497  sinf                                  
2002049d  __abort_execution                     
200204a1  _system_pre_init                      
20020740  _ctypes_                              
2002122a  OpcodeTranslateTable                  
20021266  _SlPolicySetCmdCtrl                   
2002126a  _SlPolicyGetCmdCtrl                   
2002126e  _SlProfileGetCmdCtrl                  
20021272  _SlProfileDelCmdCtrl                  
20021276  _SlWlanGetNetworkListCtrl             
2002127a  _SlRxFilterAddtCmdCtrl                
2002127e  _SlRxFilterSetCmdCtrl                 
20021282  _SlRxFilterGetCmdCtrl                 
20021286  _SlSmartConfigStartCmdCtrl            
2002128a  _SlWlanSetModeCmdCtrl                 
2002128e  _SlWlanCfgSetCmdCtrl                  
20021292  _SlWlanCfgGetCmdCtrl                  
200212a4  _SlActionLookupTable                  
20021314  _SlFsOpenCmdCtrl                      
20021318  _SlFsCloseCmdCtrl                     
2002131c  _SlFsReadCmdCtrl                      
20021320  _SlFsWriteCmdCtrl                     
20021324  _SlFsGetInfoCmdCtrl                   
20021328  _SlFsDeleteCmdCtrl                    
200213b8  g_H2NSyncPattern                      
200213c0  g_H2NCnysPattern                      
200213c8  RxMsgClassLUT                         
200213ec  _SlSockSocketCmdCtrl                  
200213f0  _SlSockCloseCmdCtrl                   
200213f4  _SlRecvfomCmdCtrl                     
200213f8  _SlSendCmdCtrl                        
200213fc  _SlListenCmdCtrl                      
20021400  _SlAcceptCmdCtrl                      
20021404  _SlRecvCmdCtrl                        
20021408  _SlSetSockOptCmdCtrl                  
2002140c  _SlGetSockOptCmdCtrl                  
20021410  _SlSelectCmdCtrl                      
2002149c  _SlNetAppStartCtrl                    
200214a0  _SlNetAppStopCtrl                     
200214a4  _SlGetServiceListeCtrl                
200214a8  _SlRegisterServiceCtrl                
200214ac  _SlGetHostByServiceCtrl               
200214b0  _SlGetHostByNameCtrl                  
200214b4  _SlNetAppSetCmdCtrl                   
200214b8  _SlNetAppSendTokenValueCmdCtrl        
200214bc  _SlNetAppGetCmdCtrl                   
200215a8  g_deviceClientVersion                 
200215ea  _SlStopCmdCtrl                        
200215ee  _SlEventMaskSetCmdCtrl                
200215f2  _SlEventMaskGetCmdCtrl                
200215f6  _SlDeviceGetCmdCtrl                   
200215fa  _SlDeviceSetCmdCtrl                   
20021611  _SlPayloadByProtocolLUT               
2002163f  pcDigits                              
2002164a  StartResponseLUT                      
20021652  _SlNetCfgSetCmdCtrl                   
20021656  _SlNetCfgGetCmdCtrl                   
20021660  __TI_static_base__                    
20021b6c  __TI_Handler_Table_Base               
20021b78  __TI_Handler_Table_Limit              
20021b80  __TI_CINIT_Base                       
20021b90  __TI_CINIT_Limit                      
20022400  g_image_buffer                        
20036400  thisMagBuffer                         
200374f8  g_OtaCheckUpdateResponse              
20037944  thisMagCal                            
20037f9c  thisMag                               
20037ff4  g_SecParams                           
20038000  gpCtlTbl                              
20038400  g_OtaFileMetadata                     
200387d8  g_NetEntries                          
20038d48  g_StatMem                             
20038ec0  __CIOBUF_                             
20038fe0  gfpAppCallbackHndl                    
200391a8  thisSV_6DOF_GB_BASIC                  
20039254  __TI_tmpnams                          
200392f4  g_CdnClient                           
20039368  g_ucDinDout                           
200393b8  xQueueRegistry                        
20039408  g_OtaApp                              
20039454  g_OtaApp_statistics                   
200394a0  clientStateFileName                   
200394d4  g_cWlanSecurityKey                    
20039508  thisAccel                             
2003953c  g_OtaClient                           
20039560  g_cWlanSSID                           
20039584  g_ucConnectionSSID                    
200395c4  g_FlcSflashCb                         
200395d8  g_flag_blockFull                      
20039650  ang_buf                               
20039660  globals                               
20039670  mqxglobals                            
20039680  g_LogClient                           
20039688  g_Struct_TimeStamp_MaxAngle           
20039690  g_Struct_TimeStamp_MinAngle           
20039698  g_TimeStamp_CamUp                     
200396a0  g_TimeStamp_DoorClosed                
200396a8  g_TimeStamp_NWPUp                     
200396b0  g_TimeStamp_PhotoSnap                 
200396b8  g_TimeStamp_PhotoUploaded             
200396c0  g_TimeStamp_cc3200Up                  
200396c8  g_TimeStamp_maxAngle                  
200396d0  g_TimeStamp_minAngle                  
200396d8  g_ucConnectionBSSID                   
200396f0  DMAMsgQ                               
200396f4  Elapsed_100MilliSecs                  
200396f8  Elapsed_1Secs                         
20039700  angle_avg                             
20039704  dataBuffer                            
20039708  g_block_lastFilled                    
2003970c  g_cDummy                              
20039710  g_cWlanSecurityType                   
20039714  g_frame_size_in_bytes                 
20039718  g_position_in_block                   
2003971c  g_readHeader                          
20039724  g_ulAppStatus                         
20039728  g_ulSimplelinkStatus                  
2003972c  g_ulWatchdogCycles                    
20039730  gdoor_40deg_angle                     
20039734  gdoor_90deg_angle                     
20039744  g_fMaxAngle                           
20039746  g_fMinAngle                           
20039748  RxIrqCnt                              
20039749  avg_buffer_cnt                        
2003974a  captureTimeout_Flag                   
2003974b  checkForLight_Flag                    
2003974c  cnt_LED_Timer                         
2003974d  g_BlinkCount                          
2003974e  g_I2CPeripheral_inUse_Flag            
2003974f  g_NoOfBlinks                          
20039750  g_OffTime                             
20039751  g_OnTime                              
20039752  g_Task3_Notification                  
20039754  g_flag_DataBlockFilled                
20039755  g_flag_door_closing_45degree          
20039756  g_frame_end                           
20039757  g_ucAngle40                           
20039758  g_ucAngle90                           
20039759  g_ucCalibration                       
2003975a  g_ucConfig                            
2003975b  g_ucExitButton                        
2003975c  g_ucFeedWatchdog                      
2003975d  g_ucMagCalb                           
2003975e  g_ucProfileAdded                      
2003975f  g_ucPushButtonPressedTwice            
20039760  g_ucReasonForFailure                  
20039761  iDone                                 
20039762  isitfirsttime                         
20039763  print_count                           
20039764  valid_case                            
20039768  _sys_memory                           
ffffffff  __binit__                             
ffffffff  __c_args__                            
ffffffff  binit                                 
UNDEFED   SHT$$INIT_ARRAY$$Base                 
UNDEFED   SHT$$INIT_ARRAY$$Limit                

[928 symbols]
