******************************************************************************
                  TI ARM Linker PC v5.1.6                      
******************************************************************************
>> Linked Tue Apr 28 11:21:27 2015

OUTPUT FILE NAME:   <ULP_SEC_CAM.out>
ENTRY POINT SYMBOL: "_c_int00"  address: 20011621


MEMORY CONFIGURATION

         name            origin    length      used     unused   attr    fill
----------------------  --------  ---------  --------  --------  ----  --------
  SRAM_BOOTLDR          20000000   00004000  00002158  00001ea8  RW X
  SRAM_CODE             20004000   00014000  0000f7c3  0000483d  RW X
  SRAM_DATA             20018000   00024000  00018721  0000b8df  RW X


SEGMENT ALLOCATION MAP

run origin  load origin   length   init length attrs members
----------  ----------- ---------- ----------- ----- -------
20000000    20000000    00001158   00000000    rw-
  20000000    20000000    00001158   00000000    rw- .data
20003000    20003000    00001000   00000000    rw-
  20003000    20003000    00001000   00000000    rw- .stack
20004000    20004000    0000f7c8   0000f7c8    r-x
  20004000    20004000    00000400   00000400    r-- .intvecs
  20004400    20004400    0000de6e   0000de6e    r-x .text
  20012270    20012270    00000a7d   00000a7d    r-- .const
  20012cf0    20012cf0    00000ad8   00000ad8    r-- .cinit
20018000    20018000    00018728   00000000    rw-
  20018000    20018000    00014721   00000000    rw- .bss
  2002c728    2002c728    00004000   00000000    rw- .sysmem


SECTION ALLOCATION MAP

 output                                  attributes/
section   page    origin      length       input sections
--------  ----  ----------  ----------   ----------------
.init_array 
*          0    20004000    00000000     UNINITIALIZED

.data      0    20000000    00001158     UNINITIALIZED
                  20000000    00000600     camera_app.obj (.data:JPEG_StdHuffmanTbl)
                  20000600    00000400     camera_app.obj (.data:g_header)
                  20000a00    000003c9     libparse.a : cc3200_certificate.obj (.data:DigiCertHighAssuranceEVRootCA_der)
                  20000dc9    00000003     --HOLE--
                  20000dcc    00000184     simplelink.a : driver.obj (.data)
                  20000f50    00000064                  : cc_pal.obj (.data)
                  20000fb4    00000040     camera_app.obj (.data:JPEG_StdQuantTblC)
                  20000ff4    00000040     camera_app.obj (.data:JPEG_StdQuantTblY)
                  20001034    00000040     camera_app.obj (.data:zigzag)
                  20001074    00000034     free_rtos.a : tasks.obj (.data)
                  200010a8    0000002c     libparse.a : cc3200_utils.obj (.data:lastDateTime)
                  200010d4    00000018                : cc3200_utils.obj (.data)
                  200010ec    00000018                : request.obj (.data)
                  20001104    0000000c     free_rtos.a : osi_freertos.obj (.data)
                  20001110    0000000c     network_relater_fns.obj (.data)
                  2000111c    0000000c     rtsv7M4_T_le_eabi.lib : memory.obj (.data)
                  20001128    00000008     camera_app.obj (.data)
                  20001130    00000008     rtsv7M4_T_le_eabi.lib : _lock.obj (.data)
                  20001138    00000008                           : exit.obj (.data)
                  20001140    00000006     libparse.a : http.obj (.data)
                  20001146    00000002     --HOLE--
                  20001148    00000004     free_rtos.a : port.obj (.data)
                  2000114c    00000004     libparse.a : cc3200_certificate.obj (.data)
                  20001150    00000004     rtsv7M4_T_le_eabi.lib : rand.obj (.data)
                  20001154    00000004                           : stkdepth_vars.obj (.data)

.stack     0    20003000    00001000     UNINITIALIZED
                  20003000    00001000     --HOLE--

.intvecs   0    20004000    00000400     
                  20004000    00000400     startup_ccs.obj (.intvecs)

.text      0    20004400    0000de6e     
                  20004400    00001258     free_rtos.a : tasks.obj (.text)
                  20005658    00000ec0     rtsv7M4_T_le_eabi.lib : _printfi.obj (.text)
                  20006518    00000c24     network_relater_fns.obj (.text)
                  2000713c    00000be0     camera_app.obj (.text)
                  20007d1c    00000b24     free_rtos.a : queue.obj (.text)
                  20008840    00000b10     libparse.a : request.obj (.text)
                  20009350    000006f8     mt9d111.obj (.text)
                  20009a48    0000064e     libparse.a : cc3200_utils.obj (.text)
                  2000a096    00000002     driverlib.a : interrupt.obj (.text:IntDefaultHandler)
                  2000a098    00000518     libparse.a : installation.obj (.text)
                  2000a5b0    000004a2                : simplejson.obj (.text)
                  2000aa52    00000002     --HOLE-- [fill = 0]
                  2000aa54    0000049c                : cc3200_socket.obj (.text)
                  2000aef0    0000045c     free_rtos.a : osi_freertos.obj (.text)
                  2000b34c    000003cc     rtsv7M4_T_le_eabi.lib : memory.obj (.text)
                  2000b718    000003b4     libparse.a : cc3200_client_state.obj (.text)
                  2000bacc    000003a6     simplelink.a : driver.obj (.text:_SlDrvMsgRead)
                  2000be72    00000002     --HOLE-- [fill = 0]
                  2000be74    0000034c                  : driver.obj (.text:_SlAsyncEventGenericHandler)
                  2000c1c0    000002e4     parse_uploads.obj (.text)
                  2000c4a4    000002c8     main.obj (.text)
                  2000c76c    000001f4     rtsv7M4_T_le_eabi.lib : ull_div_t2.obj (.text)
                  2000c960    000001dc     libparse.a : cc3200_certificate.obj (.text)
                  2000cb3c    000001b8     uartA1_if.obj (.text)
                  2000ccf4    000001b6     rtsv7M4_T_le_eabi.lib : fd_add_t2.obj (.text)
                  2000ceaa    00000002     --HOLE-- [fill = 0]
                  2000ceac    000001b0     libparse.a : http.obj (.text)
                  2000d05c    0000019c     simplelink.a : wlan.obj (.text:sl_WlanConnect)
                  2000d1f8    00000194     udma_if.obj (.text)
                  2000d38c    0000018c     i2c_if.obj (.text)
                  2000d518    00000170     i2cconfig.obj (.text)
                  2000d688    00000164     simplelink.a : driver.obj (.text:_SlDrvDataReadOp)
                  2000d7ec    00000140                  : driver.obj (.text:_SlDrvRxHdrRead)
                  2000d92c    00000136     rtsv7M4_T_le_eabi.lib : fd_div_t2.obj (.text)
                  2000da62    00000002     --HOLE-- [fill = 0]
                  2000da64    00000134     driverlib.a : prcm.obj (.text:PRCMCC3200MCUInit)
                  2000db98    00000130     simplelink.a : cc_pal.obj (.text:spi_Open)
                  2000dcc8    0000012c                  : driver.obj (.text:_SlDrvDataWriteOp)
                  2000ddf4    0000012a     free_rtos.a : list.obj (.text)
                  2000df1e    00000002     --HOLE-- [fill = 0]
                  2000df20    00000116     libparse.a : parse_impl.obj (.text)
                  2000e036    00000002     --HOLE-- [fill = 0]
                  2000e038    00000114     simplelink.a : driver.obj (.text:_SlDrvMsgWrite)
                  2000e14c    00000110     free_rtos.a : port.obj (.text)
                  2000e25c    0000010c     simplelink.a : driver.obj (.text:_SlDrvWaitForPoolObj)
                  2000e368    00000108                  : socket.obj (.text:sl_Select)
                  2000e470    00000104                  : driver.obj (.text:_SlDrvReleasePoolObj)
                  2000e574    000000fc     rtsv7M4_T_le_eabi.lib : fd_mul_t2.obj (.text)
                  2000e670    000000f0     driverlib.a : udma.obj (.text:uDMAChannelTransferSet)
                  2000e760    000000e8     simplelink.a : socket.obj (.text:sl_Connect)
                  2000e848    000000e8                  : cc_pal.obj (.text:spi_Write)
                  2000e930    000000e0     collect_and_txit.obj (.text)
                  2000ea10    000000d8     simplelink.a : netapp.obj (.text:sl_NetAppDnsGetHostByName)
                  2000eae8    000000d8     timer_fns.obj (.text)
                  2000ebc0    000000cc     simplelink.a : cc_pal.obj (.text:spi_Read)
                  2000ec8c    000000c4                  : device.obj (.text:sl_Stop)
                  2000ed50    000000c0                  : device.obj (.text:sl_Start)
                  2000ee10    000000ba     free_rtos.a : portasm.obj (.text)
                  2000eeca    00000002     --HOLE-- [fill = 0]
                  2000eecc    000000b4     simplelink.a : driver.obj (.text:_SlDrvMsgReadCmdCtx)
                  2000ef80    000000b4     libparse.a : cc3200_debug.obj (.text)
                  2000f034    000000b2     simplelink.a : netapp.obj (.text:_SlDrvNetAppEventHandler)
                  2000f0e6    000000b2     pinmux.obj (.text)
                  2000f198    000000b0     simplelink.a : socket.obj (.text:sl_Send)
                  2000f248    000000a8     driverlib.a : interrupt.obj (.text:IntDisable)
                  2000f2f0    000000a8                 : interrupt.obj (.text:IntEnable)
                  2000f398    000000a8     timer_if.obj (.text)
                  2000f440    000000a0     driverlib.a : spi.obj (.text:SPIConfigSetExpClk)
                  2000f4e0    0000009c     rtsv7M4_T_le_eabi.lib : memcpy_t2.obj (.text)
                  2000f57c    00000098     simplelink.a : driver.obj (.text:_SlFindAndSetActiveObj)
                  2000f614    00000098     rtsv7M4_T_le_eabi.lib : snprintf.obj (.text)
                  2000f6ac    00000094     driverlib.a : prcm.obj (.text:PRCMPeripheralClockGet)
                  2000f740    00000094     simplelink.a : driver.obj (.text:_SlDrvClassifyRxMsg)
                  2000f7d4    00000094     rtsv7M4_T_le_eabi.lib : auto_init.obj (.text)
                  2000f868    00000090     simplelink.a : driver.obj (.text:_SlDrvMsgReadSpawnCtx)
                  2000f8f8    0000008c                  : fs.obj (.text:sl_FsRead)
                  2000f984    0000008c                  : fs.obj (.text:sl_FsWrite)
                  2000fa10    00000088     driverlib.a : pin.obj (.text:PinConfigSet)
                  2000fa98    00000088     rtsv7M4_T_le_eabi.lib : vsnprintf.obj (.text)
                  2000fb20    00000088     simplelink.a : netapp.obj (.text:sl_NetAppMDNSRegisterUnregisterService)
                  2000fba8    00000086     rtsv7M4_T_le_eabi.lib : fd_cmp_t2.obj (.text:__aeabi_cdcmple)
                  2000fc2e    00000086                           : fd_cmp_t2.obj (.text:__aeabi_cdrcmple)
                  2000fcb4    00000084     driverlib.a : i2c.obj (.text:I2CMasterInitExpClk)
                  2000fd38    00000084     simplelink.a : driver.obj (.text:_SlDrvCmdOp)
                  2000fdbc    00000080                  : cc_pal.obj (.text:NwpPowerOnPreamble)
                  2000fe3c    0000007c                  : driver.obj (.text:_SlDrvDriverCBInit)
                  2000feb8    0000007c                  : netapp.obj (.text:_sl_HandleAsync_DnsGetHostByName)
                  2000ff34    0000007c                  : device.obj (.text:sl_DevGet)
                  2000ffb0    0000007c                  : fs.obj (.text:sl_FsClose)
                  2001002c    0000007a     rtsv7M4_T_le_eabi.lib : fs_mul_t2.obj (.text)
                  200100a6    00000002     --HOLE-- [fill = 0]
                  200100a8    00000078     simplelink.a : cc_pal.obj (.text:SetupDMAReceive)
                  20010120    00000078     rtsv7M4_T_le_eabi.lib : memset_t2.obj (.text)
                  20010198    00000076     driverlib.a : uart.obj (.text:UARTConfigSetExpClk)
                  2001020e    00000002     --HOLE-- [fill = 0]
                  20010210    00000074     simplelink.a : device.obj (.text:_sl_HandleAsync_InitComplete)
                  20010284    00000074                  : wlan.obj (.text:sl_WlanGet)
                  200102f8    00000074                  : cc_pal.obj (.text:spi_Close)
                  2001036c    00000070     driverlib.a : timer.obj (.text:TimerIntRegister)
                  200103dc    00000070     simplelink.a : netapp.obj (.text:_sl_HandleAsync_PingResponse)
                  2001044c    0000006e                  : socket.obj (.text:_sl_TruncatePayloadByProtocol)
                  200104ba    00000002     --HOLE-- [fill = 0]
                  200104bc    00000068     driverlib.a : timer.obj (.text:TimerIntUnregister)
                  20010524    00000068     simplelink.a : socket.obj (.text:_sl_HandleAsync_Connect)
                  2001058c    00000068                  : netapp.obj (.text:_sl_HandleAsync_DnsGetHostByService)
                  200105f4    00000068                  : fs.obj (.text:sl_FsGetInfo)
                  2001065c    00000064                  : fs.obj (.text:_sl_GetCreateFsMode)
                  200106c0    00000064                  : socket.obj (.text:_sl_HandleAsync_Accept)
                  20010724    00000064     driverlib.a : udma.obj (.text:uDMAChannelAttributeDisable)
                  20010788    00000064                 : udma.obj (.text:uDMAChannelAttributeEnable)
                  200107ec    00000060     rtsv7M4_T_le_eabi.lib : sprintf.obj (.text)
                  2001084c    0000005e                           : copy_decompress_rle.obj (.text)
                  200108aa    0000005a                           : ltoa.obj (.text)
                  20010904    00000058     driverlib.a : interrupt.obj (.text:IntPendClear)
                  2001095c    00000058                 : prcm.obj (.text:PRCMPeripheralReset)
                  200109b4    00000058     simplelink.a : driver.obj (.text:_SlDrvDriverCBDeinit)
                  20010a0c    00000058                  : socket.obj (.text:_sl_HandleAsync_Select)
                  20010a64    00000054     driverlib.a : interrupt.obj (.text:IntPrioritySet)
                  20010ab8    00000054     simplelink.a : device.obj (.text:_sl_HandleAsync_Stop)
                  20010b0c    00000054                  : fs.obj (.text:sl_FsOpen)
                  20010b60    00000054                  : netapp.obj (.text:sl_NetAppSendTokenValue)
                  20010bb4    00000050     app_common.obj (.text)
                  20010c04    0000004c     driverlib.a : spi.obj (.text:SPIIntEnable)
                  20010c50    0000004c     rtsv7M4_T_le_eabi.lib : atoi.obj (.text)
                  20010c9c    0000004c                           : rand.obj (.text)
                  20010ce8    0000004c     simplelink.a : socket.obj (.text:sl_SetSockOpt)
                  20010d34    0000004c     driverlib.a : udma.obj (.text:uDMAChannelAssign)
                  20010d80    0000004a     simplelink.a : device.obj (.text:_sl_GetStartResponseConvert)
                  20010dca    0000004a     rtsv7M4_T_le_eabi.lib : fd_tos_t2.obj (.text)
                  20010e14    00000048     driverlib.a : spi.obj (.text:SPIIntClear)
                  20010e5c    00000048     rtsv7M4_T_le_eabi.lib : fd_toi_t2.obj (.text)
                  20010ea4    00000048     simplelink.a : device.obj (.text:sl_DevSet)
                  20010eec    00000048                  : fs.obj (.text:sl_FsDel)
                  20010f34    00000048                  : wlan.obj (.text:sl_WlanSet)
                  20010f7c    00000044     driverlib.a : spi.obj (.text:SPIDmaMaskGet)
                  20010fc0    00000044                 : timer.obj (.text:TimerConfigure)
                  20011004    00000044     rtsv7M4_T_le_eabi.lib : cpy_tbl.obj (.text)
                  20011048    00000044                           : exit.obj (.text)
                  2001108c    00000044                           : xdtest.obj (.text)
                  200110d0    00000044     simplelink.a : netcfg.obj (.text:sl_NetCfgSet)
                  20011114    00000044                  : socket.obj (.text:sl_Recv)
                  20011158    00000040     driverlib.a : pin.obj (.text:PinModeSet)
                  20011198    00000040     simplelink.a : driver.obj (.text:_SlDrvRxIrqHandler)
                  200111d8    00000040                  : driver.obj (.text:_SlRemoveFromList)
                  20011218    00000040                  : wlan.obj (.text:sl_WlanPolicySet)
                  20011258    00000040                  : wlan.obj (.text:sl_WlanRxFilterSet)
                  20011298    0000003c                  : cc_pal.obj (.text:NwpPowerOff)
                  200112d4    0000003c     driverlib.a : prcm.obj (.text:PRCMPeripheralClkEnable)
                  20011310    0000003c     simplelink.a : driver.obj (.text:_SlDrvObjInit)
                  2001134c    0000003c     rtsv7M4_T_le_eabi.lib : strncasecmp.obj (.text)
                  20011388    0000003c     driverlib.a : udma.obj (.text:uDMAChannelControlSet)
                  200113c4    0000003a                 : camera.obj (.text:CameraCaptureStop)
                  200113fe    0000003a                 : camera.obj (.text:CameraXClkConfig)
                  20011438    00000038     free_rtos.a : heap_3.obj (.text)
                  20011470    00000038     rtsv7M4_T_le_eabi.lib : fs_tod_t2.obj (.text)
                  200114a8    00000038                           : fs_toi_t2.obj (.text)
                  200114e0    00000038     simplelink.a : socket.obj (.text:sl_Htonl)
                  20011518    00000036     driverlib.a : gpio.obj (.text:GPIODirModeSet)
                  2001154e    00000034                 : camera.obj (.text:CameraParamsConfig)
                  20011582    00000002     --HOLE-- [fill = 0]
                  20011584    00000034                 : prcm.obj (.text:PRCMPeripheralStatusGet)
                  200115b8    00000034                 : spi.obj (.text:SPIFIFOLevelSet)
                  200115ec    00000034     simplelink.a : driver.obj (.text:_SlDrvBasicCmd)
                  20011620    00000034     rtsv7M4_T_le_eabi.lib : boot.obj (.text)
                  20011654    00000034                           : fs_tou_t2.obj (.text)
                  20011688    00000034                           : strstr.obj (.text)
                  200116bc    00000034     simplelink.a : socket.obj (.text:sl_Htons)
                  200116f0    00000030                  : cc_pal.obj (.text:NwpPowerOn)
                  20011720    00000030     driverlib.a : pin.obj (.text:PinTypeGPIO)
                  20011750    00000030                 : uart.obj (.text:UARTDisable)
                  20011780    00000030     rtsv7M4_T_le_eabi.lib : strncpy.obj (.text)
                  200117b0    00000030     simplelink.a : socket.obj (.text:sl_Socket)
                  200117e0    0000002e     rtsv7M4_T_le_eabi.lib : i_tofd_t2.obj (.text)
                  2001180e    00000002     --HOLE-- [fill = 0]
                  20011810    0000002c     driverlib.a : camera.obj (.text:CameraIntEnable)
                  2001183c    0000002c     simplelink.a : cc_pal.obj (.text:DmaSpiSwIntHandler)
                  20011868    0000002c     driverlib.a : i2c.obj (.text:I2CMasterErr)
                  20011894    0000002c                 : prcm.obj (.text:PRCMSysResetCauseGet)
                  200118c0    0000002c     simplelink.a : flowcont.obj (.text:_SlDrvFlowContDeinit)
                  200118ec    0000002c                  : flowcont.obj (.text:_SlDrvFlowContInit)
                  20011918    0000002a     driverlib.a : timer.obj (.text:TimerLoadSet)
                  20011942    0000002a                 : timer.obj (.text:TimerPrescaleSet)
                  2001196c    00000028                 : camera.obj (.text:CameraIntStatus)
                  20011994    00000028                 : prcm.obj (.text:PRCMPeripheralClkDisable)
                  200119bc    00000028     simplelink.a : socket.obj (.text:_sl_BuildAddress)
                  200119e4    00000028     rtsv7M4_T_le_eabi.lib : strncat.obj (.text)
                  20011a0c    00000028     simplelink.a : wlan.obj (.text:sl_WlanSetMode)
                  20011a34    00000026     driverlib.a : camera.obj (.text:CameraThresholdSet)
                  20011a5a    00000026     rtsv7M4_T_le_eabi.lib : strncmp.obj (.text)
                  20011a80    00000024     driverlib.a : camera.obj (.text:CameraIntClear)
                  20011aa4    00000024                 : interrupt.obj (.text:IntUnregister)
                  20011ac8    00000024                 : uart.obj (.text:UARTEnable)
                  20011aec    00000024     rtsv7M4_T_le_eabi.lib : memmov.obj (.text)
                  20011b10    00000024                           : u_tofs_t2.obj (.text)
                  20011b34    00000024     simplelink.a : socket.obj (.text:sl_Close)
                  20011b58    00000024                  : netapp.obj (.text:sl_NetAppStart)
                  20011b7c    00000024                  : netapp.obj (.text:sl_NetAppStop)
                  20011ba0    00000024                  : wlan.obj (.text:sl_WlanProfileDel)
                  20011bc4    00000022     driverlib.a : camera.obj (.text:CameraCaptureStart)
                  20011be6    00000022                 : i2c.obj (.text:I2CMasterSlaveAddrSet)
                  20011c08    00000022     simplelink.a : cc_pal.obj (.text:NwpRegisterInterruptHandler)
                  20011c2a    00000022     driverlib.a : spi.obj (.text:SPIReset)
                  20011c4c    00000022                 : spi.obj (.text:SPIWordCountSet)
                  20011c6e    00000022     rtsv7M4_T_le_eabi.lib : memcmp.obj (.text)
                  20011c90    00000020     driverlib.a : interrupt.obj (.text:IntRegister)
                  20011cb0    00000020     simplelink.a : driver.obj (.text:_SlDrvCmdSend)
                  20011cd0    00000020     rtsv7M4_T_le_eabi.lib : u_tofd_t2.obj (.text)
                  20011cf0    0000001e     driverlib.a : i2c.obj (.text:I2CMasterIntStatusEx)
                  20011d0e    0000001e                 : timer.obj (.text:TimerDisable)
                  20011d2c    0000001e                 : timer.obj (.text:TimerEnable)
                  20011d4a    0000001e                 : timer.obj (.text:TimerIntStatus)
                  20011d68    0000001e                 : uart.obj (.text:UARTCharPut)
                  20011d86    0000001c                 : pin.obj (.text:PinTypeI2C)
                  20011da2    0000001c                 : timer.obj (.text:TimerValueGet)
                  20011dbe    00000002     --HOLE-- [fill = 0]
                  20011dc0    0000001c     simplelink.a : driver.obj (.text:_SlDrvObjDeInit)
                  20011ddc    0000001c     rtsv7M4_T_le_eabi.lib : memccpy.obj (.text)
                  20011df8    0000001c     driverlib.a : udma.obj (.text:uDMAChannelDisable)
                  20011e14    0000001c                 : udma.obj (.text:uDMAChannelEnable)
                  20011e30    0000001a     simplelink.a : netapp.obj (.text:CopyPingResultsToReport)
                  20011e4a    0000001a     driverlib.a : pin.obj (.text:PinTypeCamera)
                  20011e64    0000001a                 : pin.obj (.text:PinTypeUART)
                  20011e7e    0000001a                 : spi.obj (.text:SPIDmaDisable)
                  20011e98    0000001a                 : spi.obj (.text:SPIDmaEnable)
                  20011eb2    0000001a                 : spi.obj (.text:SPIFIFODisable)
                  20011ecc    0000001a                 : spi.obj (.text:SPIFIFOEnable)
                  20011ee6    0000001a     simplelink.a : device.obj (.text:_SlDrvDeviceEventHandler)
                  20011f00    00000018     driverlib.a : camera.obj (.text:CameraReset)
                  20011f18    00000018                 : spi.obj (.text:SPICSDisable)
                  20011f30    00000018                 : spi.obj (.text:SPICSEnable)
                  20011f48    00000018                 : spi.obj (.text:SPIDisable)
                  20011f60    00000018                 : spi.obj (.text:SPIEnable)
                  20011f78    00000018                 : timer.obj (.text:TimerIntDisable)
                  20011f90    00000018                 : timer.obj (.text:TimerIntEnable)
                  20011fa8    00000018     rtsv7M4_T_le_eabi.lib : args_main.obj (.text)
                  20011fc0    00000018                           : ll_mul_t2.obj (.text)
                  20011fd8    00000016     driverlib.a : camera.obj (.text:CameraDMAEnable)
                  20011fee    00000016                 : camera.obj (.text:CameraIntRegister)
                  20012004    00000016                 : i2c.obj (.text:I2CMasterDataPut)
                  2001201a    00000016                 : i2c.obj (.text:I2CMasterEnable)
                  20012030    00000016                 : prcm.obj (.text:PRCMHIBRegRead)
                  20012046    00000016                 : prcm.obj (.text:PRCMHIBRegWrite)
                  2001205c    00000016                 : uart.obj (.text:UARTCharGet)
                  20012072    00000016     simplelink.a : fs.obj (.text:_sl_Strlen)
                  20012088    00000016     driverlib.a : udma.obj (.text:uDMAIntRegister)
                  2001209e    00000014                 : cpu.obj (.text:CPUcpsie)
                  200120b2    00000002     --HOLE-- [fill = 0]
                  200120b4    00000014                 : interrupt.obj (.text:IntVTableBaseSet)
                  200120c8    00000014     simplelink.a : driver.obj (.text:_SlDrvShiftDWord)
                  200120dc    00000014     rtsv7M4_T_le_eabi.lib : _lock.obj (.text)
                  200120f0    00000014                           : strlen.obj (.text)
                  20012104    00000014     driverlib.a : udma.obj (.text:uDMAControlBaseSet)
                  20012118    00000014                 : udma.obj (.text:uDMAIntClear)
                  2001212c    00000012                 : i2c.obj (.text:I2CMasterControl)
                  2001213e    00000012                 : i2c.obj (.text:I2CMasterIntClearEx)
                  20012150    00000012                 : i2c.obj (.text:I2CMasterTimeoutSet)
                  20012162    00000012                 : timer.obj (.text:TimerIntClear)
                  20012174    00000012     rtsv7M4_T_le_eabi.lib : copy_zero_init.obj (.text:decompress:ZI)
                  20012186    00000012     simplelink.a : netapp.obj (.text:sl_NetAppMDNSUnRegisterService)
                  20012198    00000012     driverlib.a : udma.obj (.text:uDMAIntUnregister)
                  200121aa    00000002     --HOLE-- [fill = 0]
                  200121ac    00000010     simplelink.a : cc_pal.obj (.text:NwpMaskInterrupt)
                  200121bc    00000010                  : socket.obj (.text:SL_FD_SET)
                  200121cc    00000010     rtsv7M4_T_le_eabi.lib : tolower.obj (.text)
                  200121dc    0000000e     driverlib.a : i2c.obj (.text:I2CMasterDataGet)
                  200121ea    0000000e     rtsv7M4_T_le_eabi.lib : copy_decompress_none.obj (.text:decompress:none)
                  200121f8    0000000e                           : xdclass.obj (.text)
                  20012206    0000000e     startup_ccs.obj (.text)
                  20012214    0000000c     simplelink.a : cc_pal.obj (.text:NwpUnMaskInterrupt)
                  20012220    0000000c     driverlib.a : udma.obj (.text:uDMADisable)
                  2001222c    0000000c                 : udma.obj (.text:uDMAEnable)
                  20012238    0000000c                 : udma.obj (.text:uDMAIntStatus)
                  20012244    0000000a                 : interrupt.obj (.text:IntMasterEnable)
                  2001224e    00000008     simplelink.a : wlan.obj (.text:sl_WlanDisconnect)
                  20012256    00000006     i2cconfig.obj (.text:MT9D111Delay)
                  2001225c    00000006     simplelink.a : socket.obj (.text:SL_FD_ZERO)
                  20012262    00000006     driverlib.a : utils.obj (.text:UtilsDelay)
                  20012268    00000006     rtsv7M4_T_le_eabi.lib : copy_decompress_rle.obj (.text:decompress:rle24)

.const     0    20012270    00000a7d     
                  20012270    0000013c     mt9d111.obj (.const:init_cmds_list)
                  200123ac    00000102     rtsv7M4_T_le_eabi.lib : ctype.obj (.const:.string:_ctypes_)
                  200124ae    00000002     --HOLE-- [fill = 0]
                  200124b0    00000100     driverlib.a : pin.obj (.const:g_ulPinToPadMap)
                  200125b0    000000ec     simplelink.a : wlan.obj (.const)
                  2001269c    000000d4     driverlib.a : interrupt.obj (.const:g_pulRegs)
                  20012770    000000b4     mt9d111.obj (.const:capture_cmds_list)
                  20012824    000000a8     driverlib.a : prcm.obj (.const:PRCM_PeriphRegsList)
                  200128cc    0000008c     mt9d111.obj (.const)
                  20012958    00000080     driverlib.a : interrupt.obj (.const)
                  200129d8    00000051     network_relater_fns.obj (.const:.string)
                  20012a29    00000001     --HOLE-- [fill = 0]
                  20012a2a    0000004c     mt9d111.obj (.const:$P$T3$4)
                  20012a76    00000002     --HOLE-- [fill = 0]
                  20012a78    0000004c     simplelink.a : driver.obj (.const)
                  20012ac4    00000042     mt9d111.obj (.const:.string)
                  20012b06    00000002     --HOLE-- [fill = 0]
                  20012b08    00000038     simplelink.a : fs.obj (.const)
                  20012b40    00000034                  : socket.obj (.const)
                  20012b74    0000002c     libparse.a : cc3200_utils.obj (.const:$P$T0$1)
                  20012ba0    0000002c     network_relater_fns.obj (.const:$P$T1$2)
                  20012bcc    0000002b     parse_uploads.obj (.const:.string)
                  20012bf7    00000001     --HOLE-- [fill = 0]
                  20012bf8    00000028     simplelink.a : netapp.obj (.const)
                  20012c20    00000022     network_relater_fns.obj (.const:.string:$P$T0$1)
                  20012c42    00000002     --HOLE-- [fill = 0]
                  20012c44    00000020     network_relater_fns.obj (.const)
                  20012c64    00000018     driverlib.a : spi.obj (.const)
                  20012c7c    00000017     libparse.a : request.obj (.const:.string)
                  20012c93    00000016     camera_app.obj (.const:.string)
                  20012ca9    00000016     collect_and_txit.obj (.const:.string)
                  20012cbf    00000001     --HOLE-- [fill = 0]
                  20012cc0    00000014     simplelink.a : device.obj (.const)
                  20012cd4    0000000b     app_common.obj (.const:.string)
                  20012cdf    00000001     --HOLE-- [fill = 0]
                  20012ce0    00000008     simplelink.a : netcfg.obj (.const)
                  20012ce8    00000005     main.obj (.const:.string)

.cinit     0    20012cf0    00000ad8     
                  20012cf0    00000ab1     (.cinit..data.load) [load image, compression = rle]
                  200137a1    00000003     --HOLE-- [fill = 0]
                  200137a4    0000000c     (__TI_handler_table)
                  200137b0    00000008     (.cinit..bss.load) [load image, compression = zero_init]
                  200137b8    00000010     (__TI_cinit_table)

.bss       0    20018000    00014721     UNINITIALIZED
                  20018000    00014000     main.obj (.bss:g_image_buffer)
                  2002c000    00000400     udma_if.obj (.bss:gpCtlTbl)
                  2002c400    00000100     udma_if.obj (.bss:gfpAppCallbackHndl)
                  2002c500    000000c8     free_rtos.a : tasks.obj (.bss:pxReadyTasksLists)
                  2002c5c8    00000050                 : queue.obj (.bss:xQueueRegistry)
                  2002c618    00000034     libparse.a : cc3200_client_state.obj (.bss:clientStateFileName)
                  2002c64c    00000024     network_relater_fns.obj (.bss:g_ucConnectionSSID)
                  2002c670    00000014     (.common:g_flag_blockFull)
                  2002c684    00000014     (.common:xDelayedTaskList1)
                  2002c698    00000014     (.common:xDelayedTaskList2)
                  2002c6ac    00000014     (.common:xPendingReadyList)
                  2002c6c0    00000014     (.common:xSuspendedTaskList)
                  2002c6d4    00000014     (.common:xTasksWaitingTermination)
                  2002c6e8    00000008     (.common:g_ucConnectionBSSID)
                  2002c6f0    00000004     (.common:__Errorlog)
                  2002c6f4    00000004     (.common:dataBuffer)
                  2002c6f8    00000004     (.common:g_block_lastFilled)
                  2002c6fc    00000004     (.common:g_frame_size_in_bytes)
                  2002c700    00000004     (.common:g_header_length)
                  2002c704    00000004     (.common:g_position_in_block)
                  2002c708    00000004     (.common:g_readHeader)
                  2002c70c    00000004     (.common:g_total_dma_intrpts)
                  2002c710    00000004     (.common:pxDelayedTaskList)
                  2002c714    00000004     (.common:pxOverflowDelayedTaskList)
                  2002c718    00000004     (.common:v_TimerOverflows)
                  2002c71c    00000001     (.common:g_CaptureImage)
                  2002c71d    00000001     (.common:g_dma_txn_done)
                  2002c71e    00000001     (.common:g_flag_DataBlockFilled)
                  2002c71f    00000001     (.common:g_frame_end)
                  2002c720    00000001     (.common:iDone)

.sysmem    0    2002c728    00004000     UNINITIALIZED
                  2002c728    00000008     rtsv7M4_T_le_eabi.lib : memory.obj (.sysmem)
                  2002c730    00003ff8     --HOLE--


LINKER GENERATED COPY TABLES

__TI_cinit_table @ 200137b8 records: 2, size/record: 8, table size: 16
	.data: load addr=20012cf0, load size=00000ab1 bytes, run addr=20000000, run size=00001158 bytes, compression=rle
	.bss: load addr=200137b0, load size=00000008 bytes, run addr=20018000, run size=00014721 bytes, compression=zero_init


LINKER GENERATED HANDLER TABLE

__TI_handler_table @ 200137a4 records: 3, size/record: 4, table size: 12
	index: 0, handler: __TI_decompress_rle24
	index: 1, handler: __TI_decompress_none
	index: 2, handler: __TI_zero_init


GLOBAL SYMBOLS: SORTED ALPHABETICALLY BY Name 

address    name
--------   ----
20009783   AnalogGainReg_Read
20011049   C$$EXIT
200096ef   CCMRegs_Read
2001209f   CPUcpsie
20007561   CamControllerInit
20011bc5   CameraCaptureStart
200113c5   CameraCaptureStop
20011fd9   CameraDMAEnable
20011a81   CameraIntClear
20011811   CameraIntEnable
20011fef   CameraIntRegister
2001196d   CameraIntStatus
2001154f   CameraParamsConfig
20011f01   CameraReset
20009351   CameraSensorInit
20011a35   CameraThresholdSet
200113ff   CameraXClkConfig
2000713d   CaptureAndStore_Image
2000cb75   ClearTerm
2000e931   CollectTxit_ImgTempRH
200067e1   ConfigureMode
20006541   ConfigureSimpleLinkToDefaultState
2000681d   ConnectToNetwork
20006985   ConnectToNetwork_2
20006a47   ConnectToNetwork_STA
20006a2b   ConnectToNetwork_STA_2
2000c26f   ConstructDeviceStateObject
20011e31   CopyPingResultsToReport
20000f5c   DMAMsgQ
2000d341   DMASetupTransfer
2000114c   DigiCertHighAssuranceEVRootCA_der_len
20009725   DigitalGainRegs_Read
2000d20b   DmaErrorIntHandler
2001183d   DmaSpiSwIntHandler
2000d1f9   DmaSwIntHandler
2000cb7b   Error
20011519   GPIODirModeSet
2000cbaf   GetCmd
2000eb51   GetTimeDuration
2000d537   I2CBufferRead
2000d5df   I2CBufferWrite
2000d519   I2CInit
2001212d   I2CMasterControl
200121dd   I2CMasterDataGet
20012005   I2CMasterDataPut
2001201b   I2CMasterEnable
20011869   I2CMasterErr
2000fcb5   I2CMasterInitExpClk
2001213f   I2CMasterIntClearEx
20011cf1   I2CMasterIntStatusEx
20011be7   I2CMasterSlaveAddrSet
20012151   I2CMasterTimeoutSet
2000d503   I2C_IF_Close
2000d4d9   I2C_IF_Open
2000d451   I2C_IF_Read
2000d4b9   I2C_IF_ReadFrom
2000d3ef   I2C_IF_Write
2000cb3d   InitTerm
2000c1c1   InitialiseParse
20006519   InitializeAppVariables
2000eafb   InitializeTimer
2000f249   IntDisable
2000f2f1   IntEnable
20012245   IntMasterEnable
20010905   IntPendClear
20010a65   IntPrioritySet
20011c91   IntRegister
20011aa5   IntUnregister
200120b5   IntVTableBaseSet
20000000   JPEG_StdHuffmanTbl
20000fb4   JPEG_StdQuantTblC
20000ff4   JPEG_StdQuantTblY
20012257   MT9D111Delay
2000c4ad   Main_Task
2000cb5b   Message
200121ad   NwpMaskInterrupt
20011299   NwpPowerOff
200116f1   NwpPowerOn
2000fdbd   NwpPowerOnPreamble
20011c09   NwpRegisterInterruptHandler
20012215   NwpUnMaskInterrupt
2000da65   PRCMCC3200MCUInit
20012031   PRCMHIBRegRead
20012047   PRCMHIBRegWrite
20011995   PRCMPeripheralClkDisable
200112d5   PRCMPeripheralClkEnable
2000f6ad   PRCMPeripheralClockGet
2001095d   PRCMPeripheralReset
20011585   PRCMPeripheralStatusGet
20011895   PRCMSysResetCauseGet
2000fa11   PinConfigSet
20011159   PinModeSet
2000f0e7   PinMuxConfig
20011e4b   PinTypeCamera
20011721   PinTypeGPIO
20011d87   PinTypeI2C
20011e65   PinTypeUART
2000953f   ReadAllAEnAWBRegs
200097fd   ReadMCUBootModeReg
20009505   RegStatusRead
2000cc59   Report
20012207   ResetISR
200097c9   ResetImageSensorMCU
UNDEFED    SHT$$INIT_ARRAY$$Base
UNDEFED    SHT$$INIT_ARRAY$$Limit
200121bd   SL_FD_SET
2001225d   SL_FD_ZERO
20011f19   SPICSDisable
20011f31   SPICSEnable
2000f441   SPIConfigSetExpClk
20011f49   SPIDisable
20011e7f   SPIDmaDisable
20011e99   SPIDmaEnable
20011f61   SPIEnable
20011eb3   SPIFIFODisable
20011ecd   SPIFIFOEnable
200115b9   SPIFIFOLevelSet
20010e15   SPIIntClear
20010c05   SPIIntEnable
20011c2b   SPIReset
20011c4d   SPIWordCountSet
2000d289   SetupTransfer
20009755   ShutterRegs_Read
20006dd5   SimpleLinkHttpServerCallback
20006cd9   SimpleLinkNetAppEventHandler
20006d7d   SimpleLinkSockEventHandler
20006bf5   SimpleLinkWlanEventHandler
20009819   SoftReset_ImageSensor
20009359   StartSensorInJpegMode
2000eb27   StartTimer
2000eb43   StopTimer
2000eae9   TimerBaseIntHandler
20010fc1   TimerConfigure
20011d0f   TimerDisable
20011d2d   TimerEnable
20012163   TimerIntClear
20011f79   TimerIntDisable
20011f91   TimerIntEnable
2001036d   TimerIntRegister
20011d4b   TimerIntStatus
200104bd   TimerIntUnregister
20011919   TimerLoadSet
20011943   TimerPrescaleSet
20011da3   TimerValueGet
2000f41d   Timer_IF_DeInit
2000f435   Timer_IF_GetCount
2000f399   Timer_IF_Init
2000f3c3   Timer_IF_IntSetup
2000f3f5   Timer_IF_InterruptClear
20011919   Timer_IF_ReLoad
2000f409   Timer_IF_Start
20011d0f   Timer_IF_Stop
2000cc0f   TrimSpace
2001205d   UARTCharGet
20011d69   UARTCharPut
20010199   UARTConfigSetExpClk
20011751   UARTDisable
20011ac9   UARTEnable
2000d261   UDMAChannelSelect
2000d32d   UDMADeInit
2000d217   UDMAInit
2000d2bf   UDMASetupAutoMemTransfer
2000d2e3   UDMASetupPingPongTransfer
20011df9   UDMAStopTransfer
2000c1d7   UploadImageToParse
2000c20d   UploadSensorDataToParse
20012263   UtilsDelay
2000b1b9   VDeleteSimpleLinkSpawnTask
2000b169   VStartSimpleLinkSpawnTask
2000983f   Verify_ImageSensor
20009523   WriteAllAEnAWBRegs
200121f9   _Dclass
2001108d   _Dtest
20012b60   _SlAcceptCmdCtrl
20012a8c   _SlActionLookupTable
2000be75   _SlAsyncEventGenericHandler
20012ccc   _SlDeviceGetCmdCtrl
20012cd0   _SlDeviceSetCmdCtrl
200115ed   _SlDrvBasicCmd
2000f741   _SlDrvClassifyRxMsg
2000fd39   _SlDrvCmdOp
20011cb1   _SlDrvCmdSend
2000d689   _SlDrvDataReadOp
2000dcc9   _SlDrvDataWriteOp
20011ee7   _SlDrvDeviceEventHandler
200109b5   _SlDrvDriverCBDeinit
2000fe3d   _SlDrvDriverCBInit
200118c1   _SlDrvFlowContDeinit
200118ed   _SlDrvFlowContInit
2000bacd   _SlDrvMsgRead
2000eecd   _SlDrvMsgReadCmdCtx
2000f869   _SlDrvMsgReadSpawnCtx
2000e039   _SlDrvMsgWrite
2000f035   _SlDrvNetAppEventHandler
20011dc1   _SlDrvObjDeInit
20011311   _SlDrvObjInit
2000e471   _SlDrvReleasePoolObj
2000d7ed   _SlDrvRxHdrRead
20011199   _SlDrvRxIrqHandler
200120c9   _SlDrvShiftDWord
2000e25d   _SlDrvWaitForPoolObj
20012cc8   _SlEventMaskGetCmdCtrl
20012cc4   _SlEventMaskSetCmdCtrl
2000f57d   _SlFindAndSetActiveObj
20012b0c   _SlFsCloseCmdCtrl
20012b1c   _SlFsDeleteCmdCtrl
20012b18   _SlFsGetInfoCmdCtrl
20012b08   _SlFsOpenCmdCtrl
20012b10   _SlFsReadCmdCtrl
20012b14   _SlFsWriteCmdCtrl
20012c10   _SlGetHostByNameCtrl
20012c0c   _SlGetHostByServiceCtrl
20012c04   _SlGetServiceListeCtrl
20012b6c   _SlGetSockOptCmdCtrl
20012b5c   _SlListenCmdCtrl
20012c1c   _SlNetAppGetCmdCtrl
20012c18   _SlNetAppSendTokenValueCmdCtrl
20012c14   _SlNetAppSetCmdCtrl
20012bfc   _SlNetAppStartCtrl
20012c00   _SlNetAppStopCtrl
20012ce4   _SlNetCfgGetCmdCtrl
20012ce0   _SlNetCfgSetCmdCtrl
200125b8   _SlPolicyGetCmdCtrl
200125b4   _SlPolicySetCmdCtrl
200125c0   _SlProfileDelCmdCtrl
200125bc   _SlProfileGetCmdCtrl
20012b64   _SlRecvCmdCtrl
20012b54   _SlRecvfomCmdCtrl
20012c08   _SlRegisterServiceCtrl
200111d9   _SlRemoveFromList
200125c8   _SlRxFilterAddtCmdCtrl
200125d0   _SlRxFilterGetCmdCtrl
200125cc   _SlRxFilterSetCmdCtrl
20012b70   _SlSelectCmdCtrl
20012b58   _SlSendCmdCtrl
20012b68   _SlSetSockOptCmdCtrl
200125d4   _SlSmartConfigStartCmdCtrl
20012b50   _SlSockCloseCmdCtrl
20012b4c   _SlSockSocketCmdCtrl
20012cc0   _SlStopCmdCtrl
200125e0   _SlWlanCfgGetCmdCtrl
200125dc   _SlWlanCfgSetCmdCtrl
200125c4   _SlWlanGetNetworkListCtrl
200125d8   _SlWlanSetModeCmdCtrl
20004000   __STACK_END
00001000   __STACK_SIZE
00004000   __SYSMEM_SIZE
200137b8   __TI_CINIT_Base
200137c8   __TI_CINIT_Limit
200137a4   __TI_Handler_Table_Base
200137b0   __TI_Handler_Table_Limit
00000001   __TI_args_main
2000f7d5   __TI_auto_init
20001138   __TI_cleanup_ptr
200121eb   __TI_decompress_none
20012269   __TI_decompress_rle24
2000113c   __TI_dtors_ptr
2000620f   __TI_printfi
20012cf0   __TI_static_base__
20012175   __TI_zero_init
2000fba9   __aeabi_cdcmpeq
2000fba9   __aeabi_cdcmple
2000fc2f   __aeabi_cdrcmple
20010dcb   __aeabi_d2f
20010e5d   __aeabi_d2iz
2000ccff   __aeabi_dadd
2000d92d   __aeabi_ddiv
2000e575   __aeabi_dmul
2000ccf5   __aeabi_dsub
20011471   __aeabi_f2d
200114a9   __aeabi_f2iz
20011655   __aeabi_f2uiz
2001002d   __aeabi_fmul
200117e1   __aeabi_i2d
20011fc1   __aeabi_lmul
20010121   __aeabi_memclr
20010121   __aeabi_memclr4
20010121   __aeabi_memclr8
2000f4e1   __aeabi_memcpy
2000f4e1   __aeabi_memcpy4
2000f4e1   __aeabi_memcpy8
20010123   __aeabi_memset
20010123   __aeabi_memset4
20010123   __aeabi_memset8
20011cd1   __aeabi_ui2d
20011b11   __aeabi_ui2f
2000c76d   __aeabi_uldivmod
ffffffff   __binit__
ffffffff   __c_args__
20003000   __stack
20011fa9   _args_main
20011621   _c_int00
200123ac   _ctypes_
20001130   _lock
200120eb   _nop
200120e3   _register_lock
200120dd   _register_unlock
200119bd   _sl_BuildAddress
2001065d   _sl_GetCreateFsMode
20010d81   _sl_GetStartResponseConvert
200106c1   _sl_HandleAsync_Accept
20010525   _sl_HandleAsync_Connect
2000feb9   _sl_HandleAsync_DnsGetHostByName
2001058d   _sl_HandleAsync_DnsGetHostByService
20010211   _sl_HandleAsync_InitComplete
200103dd   _sl_HandleAsync_PingResponse
20010a0d   _sl_HandleAsync_Select
20010ab9   _sl_HandleAsync_Stop
20012073   _sl_Strlen
2001044d   _sl_TruncatePayloadByProtocol
2002c728   _sys_memory
20001134   _unlock
2001104d   abort
2000cf5b   addHttpRequestHeader
2000cf89   addHttpRequestHeaderInt
2000cead   addHttpRequestLine
20010c51   atoi
2000cf17   beginHttpGetRequest
2000cef5   beginHttpRequest
ffffffff   binit
20008863   buildRequestHeaders
2000b6e1   calloc
2002c618   clientStateFileName
200010fc   cnt
20011005   copy_in
2000a20f   createInstallation
20009bd9   createNewInstallationId
2002c6f4   dataBuffer
20001100   dataBufferSize
2000ef81   debugPrint
2000efa3   debugPrintf
2000967d   disableAE
200095f3   disableAWB
20004691   eTaskGetState
20009631   enableAE
200095b5   enableAWB
2000c961   ensureCertificateFile
20011055   exit
20009b65   fetchDeviceOSVersion
2000a97b   findSecondJson
2000b43b   free
20000dd0   gFirstCmdMode
2002c71c   g_CaptureImage
20012a84   g_H2NCnysPattern
20012a7c   g_H2NSyncPattern
20000f50   g_SpiFd
20000dd8   g_StatMem
2002c6f8   g_block_lastFilled
20000f60   g_cDummy
20012c7c   g_deviceClientVersion
2002c71e   g_flag_DataBlockFilled
2002c670   g_flag_blockFull
2002c71f   g_frame_end
2002c6fc   g_frame_size_in_bytes
20000600   g_header
2002c700   g_header_length
20018000   g_image_buffer
200010d4   g_osVersion
20000dd4   g_pCB
20000f54   g_pHostIntHdl
20004000   g_pfnVectors
2002c704   g_position_in_block
2002c708   g_readHeader
2002c6e8   g_ucConnectionBSSID
2002c64c   g_ucConnectionSSID
20000f58   g_ucDMAEnabled
20000f64   g_ucDinDout
20001118   g_uiSimplelinkRole
20001114   g_ulGatewayIP
2000112c   g_ulPingPacketsRecv
20001110   g_ulStatus
2000cfd7   getHttpResponseBody
2000cfab   getHttpResponseStatus
2000a25f   getInstallation
2000dfcb   getInternalClient
2000a9cb   getPushJson
2002c400   gfpAppCallbackHndl
2002c000   gpCtlTbl
20008c29   headerSend
2002c720   iDone
20006ad1   initNetwork
20010bb5   intToASCII
2000a9a7   isCompleteJson
20009b01   isPingTime
2000b719   loadClientState
200108ab   ltoa
2000c553   main
20001154   main_func_sp
2000b3d9   malloc
2000b2bd   mem_Free
2000b2b1   mem_Malloc
2000b2dd   mem_copy
2000b2c9   mem_set
2000b601   memalign
20011ddd   memccpy
20011c6f   memcmp
2000f4e1   memcpy
20011aed   memmove
20010129   memset
2000b34d   minit
2000b333   osi_ContextRestore
2000b331   osi_ContextSave
2000b2f1   osi_EnterCritical
2000b2fb   osi_ExitCritical
2000af17   osi_InterruptDeRegister
2000aef1   osi_InterruptRegister
2000b021   osi_LockObjCreate
2000b095   osi_LockObjDelete
2000b0a5   osi_LockObjLock
2000b0d1   osi_LockObjUnlock
2000b1e5   osi_MsgQCreate
2000b229   osi_MsgQDelete
2000b275   osi_MsgQRead
2000b243   osi_MsgQWrite
2000b30d   osi_Sleep
2000b0fb   osi_Spawn
2000afff   osi_SyncObjClear
2000af29   osi_SyncObjCreate
2000af59   osi_SyncObjDelete
2000af73   osi_SyncObjSignal
2000af9b   osi_SyncObjSignalFromISR
2000afd3   osi_SyncObjWait
2000b047   osi_TaskCreate
2000b087   osi_TaskDelete
2000b31d   osi_TaskDisable
2000b327   osi_TaskEnable
2000b305   osi_start
20000dcc   pPingCallBackFunc
200091e3   parseGetErrorCode
2000a481   parseGetInstallationId
2000df21   parseInitialize
20009141   parseSendRequest
200090d1   parseSendRequestInternal
2000a3d3   parseSetInstallationId
20008d25   payloadSend
20012cd4   pcDigits
20004bb5   pcTaskGetTaskName
2000eec5   portCLZ
2000eead   prvPortStartFirstTask
20011439   pvPortMalloc
20001074   pxCurrentTCB
2000e14d   pxPortInitialiseStack
20010cb3   rand
2000b4fb   realloc
2000c235   retreiveImageIDfromHTTPResponse
2000b82b   saveClientState
20008fa1   sendRequest
20008841   setDataBufferPointer
2000a5b1   simpleJsonProcessor
20011b35   sl_Close
2000e761   sl_Connect
2000ff35   sl_DevGet
20010ea5   sl_DevSet
2000ffb1   sl_FsClose
20010eed   sl_FsDel
200105f5   sl_FsGetInfo
20010b0d   sl_FsOpen
2000f8f9   sl_FsRead
2000f985   sl_FsWrite
200114e1   sl_Htonl
200116bd   sl_Htons
2000ea11   sl_NetAppDnsGetHostByName
2000fb21   sl_NetAppMDNSRegisterUnregisterService
20012187   sl_NetAppMDNSUnRegisterService
20010b61   sl_NetAppSendTokenValue
20011b59   sl_NetAppStart
20011b7d   sl_NetAppStop
200110d1   sl_NetCfgSet
20011115   sl_Recv
2000e369   sl_Select
2000f199   sl_Send
20010ce9   sl_SetSockOpt
200117b1   sl_Socket
2000ed51   sl_Start
2000ec8d   sl_Stop
2000d05d   sl_WlanConnect
2001224f   sl_WlanDisconnect
20010285   sl_WlanGet
20011219   sl_WlanPolicySet
20011ba1   sl_WlanProfileDel
20011259   sl_WlanRxFilterSet
20010f35   sl_WlanSet
20011a0d   sl_WlanSetMode
2000f615   snprintf
2000aded   socketClose
2000ac51   socketRead
2000aab5   socketSslConnect
2000aa55   socketWait
2000ad4d   socketWrite
200102f9   spi_Close
2000db99   spi_Open
2000ebc1   spi_Read
2000e849   spi_Write
200107ed   sprintf
20010c9d   srand
200010fa   sshPort
200120f1   strlen
2001134d   strncasecmp
200119e5   strncat
20011a5b   strncmp
20011781   strncpy
20011689   strstr
200121cd   tolower
20010d35   uDMAChannelAssign
20010725   uDMAChannelAttributeDisable
20010789   uDMAChannelAttributeEnable
20011389   uDMAChannelControlSet
20011df9   uDMAChannelDisable
20011e15   uDMAChannelEnable
2000e671   uDMAChannelTransferSet
20012105   uDMAControlBaseSet
20012221   uDMADisable
2001222d   uDMAEnable
20012119   uDMAIntClear
20012089   uDMAIntRegister
20012239   uDMAIntStatus
20012199   uDMAIntUnregister
2000849d   ucQueueGetQueueType
2000ee15   ulPortSetInterruptMask
20009b5b   updateLastPingTime
2000ded7   uxListRemove
2000847d   uxQueueGetQueueNumber
20008411   uxQueueMessagesWaiting
20008447   uxQueueMessagesWaitingFromISR
20008427   uxQueueSpacesAvailable
20004ba9   uxTaskGetNumberOfTasks
20004bd9   uxTaskGetSystemState
200050c9   uxTaskGetTaskNumber
20004725   uxTaskPriorityGet
20005621   uxTaskResetEventItemValue
2000c4a7   vApplicationIdleHook
2000c4a9   vApplicationMallocFailedHook
2000c4ab   vApplicationStackOverflowHook
2000c4a5   vAssertCalled
2000ddf5   vListInitialise
2000de25   vListInitialiseItem
2000de71   vListInsert
2000de35   vListInsertEnd
2000ee2b   vPortClearInterruptMask
2000e1c9   vPortEndScheduler
2000e1dd   vPortEnterCritical
2000e1f5   vPortExitCritical
20011459   vPortFree
2000ee85   vPortSVCHandler
2000e229   vPortSetupTimerInterrupt
2000e1cb   vPortYield
200086b7   vQueueAddToRegistry
20008459   vQueueDelete
2000848b   vQueueSetQueueNumber
200086f9   vQueueUnregisterQueue
2000463b   vTaskDelay
2000459f   vTaskDelayUntil
2000450f   vTaskDelete
20004a8d   vTaskEndScheduler
200050bb   vTaskMissedYield
20004e51   vTaskPlaceOnEventList
20004eb5   vTaskPlaceOnUnorderedEventList
20005597   vTaskPriorityDisinherit
200054dd   vTaskPriorityInherit
2000475d   vTaskPrioritySet
20004955   vTaskResume
200050e9   vTaskSetTaskNumber
2000501b   vTaskSetTimeOutState
20004a43   vTaskStartScheduler
20004861   vTaskSuspend
20004a9f   vTaskSuspendAll
20004dd1   vTaskSwitchContext
2002c718   v_TimerOverflows
2000fa99   vsnprintf
20001104   xHigherPriorityTaskWoken
2000ee39   xPortPendSVHandler
2000e19d   xPortStartScheduler
2000e20d   xPortSysTickHandler
20008747   xQueueAddToSet
20008079   xQueueAltGenericReceive
20007fcd   xQueueAltGenericSend
20007ea1   xQueueCreateCountingSemaphore
20007e23   xQueueCreateMutex
20008733   xQueueCreateSet
20007dad   xQueueGenericCreate
20008213   xQueueGenericReceive
20007d1d   xQueueGenericReset
20007ec1   xQueueGenericSend
20008177   xQueueGenericSendFromISR
20008653   xQueueIsQueueEmptyFromISR
20008695   xQueueIsQueueFullFromISR
200083cd   xQueuePeekFromISR
20008355   xQueueReceiveFromISR
2002c5c8   xQueueRegistry
2000877b   xQueueRemoveFromSet
200087bd   xQueueSelectFromSet
200087d7   xQueueSelectFromSetFromISR
20001108   xSimpleLinkSpawnQueue
2000110c   xSimpleLinkSpawnTaskHndl
20005041   xTaskCheckForTimeOut
20004401   xTaskGenericCreate
20005491   xTaskGetCurrentTaskHandle
20004c97   xTaskGetIdleTaskHandle
200054a5   xTaskGetSchedulerState
20004b7d   xTaskGetTickCount
20004b91   xTaskGetTickCountFromISR
20004cb5   xTaskIncrementTick
20004f25   xTaskRemoveFromEventList
20004fad   xTaskRemoveFromUnorderedEventList
20004ab1   xTaskResumeAll
200049c9   xTaskResumeFromISR


GLOBAL SYMBOLS: SORTED BY Symbol Address 

address    name
--------   ----
00000001   __TI_args_main
00001000   __STACK_SIZE
00004000   __SYSMEM_SIZE
20000000   JPEG_StdHuffmanTbl
20000600   g_header
20000dcc   pPingCallBackFunc
20000dd0   gFirstCmdMode
20000dd4   g_pCB
20000dd8   g_StatMem
20000f50   g_SpiFd
20000f54   g_pHostIntHdl
20000f58   g_ucDMAEnabled
20000f5c   DMAMsgQ
20000f60   g_cDummy
20000f64   g_ucDinDout
20000fb4   JPEG_StdQuantTblC
20000ff4   JPEG_StdQuantTblY
20001074   pxCurrentTCB
200010d4   g_osVersion
200010fa   sshPort
200010fc   cnt
20001100   dataBufferSize
20001104   xHigherPriorityTaskWoken
20001108   xSimpleLinkSpawnQueue
2000110c   xSimpleLinkSpawnTaskHndl
20001110   g_ulStatus
20001114   g_ulGatewayIP
20001118   g_uiSimplelinkRole
2000112c   g_ulPingPacketsRecv
20001130   _lock
20001134   _unlock
20001138   __TI_cleanup_ptr
2000113c   __TI_dtors_ptr
2000114c   DigiCertHighAssuranceEVRootCA_der_len
20001154   main_func_sp
20003000   __stack
20004000   __STACK_END
20004000   g_pfnVectors
20004401   xTaskGenericCreate
2000450f   vTaskDelete
2000459f   vTaskDelayUntil
2000463b   vTaskDelay
20004691   eTaskGetState
20004725   uxTaskPriorityGet
2000475d   vTaskPrioritySet
20004861   vTaskSuspend
20004955   vTaskResume
200049c9   xTaskResumeFromISR
20004a43   vTaskStartScheduler
20004a8d   vTaskEndScheduler
20004a9f   vTaskSuspendAll
20004ab1   xTaskResumeAll
20004b7d   xTaskGetTickCount
20004b91   xTaskGetTickCountFromISR
20004ba9   uxTaskGetNumberOfTasks
20004bb5   pcTaskGetTaskName
20004bd9   uxTaskGetSystemState
20004c97   xTaskGetIdleTaskHandle
20004cb5   xTaskIncrementTick
20004dd1   vTaskSwitchContext
20004e51   vTaskPlaceOnEventList
20004eb5   vTaskPlaceOnUnorderedEventList
20004f25   xTaskRemoveFromEventList
20004fad   xTaskRemoveFromUnorderedEventList
2000501b   vTaskSetTimeOutState
20005041   xTaskCheckForTimeOut
200050bb   vTaskMissedYield
200050c9   uxTaskGetTaskNumber
200050e9   vTaskSetTaskNumber
20005491   xTaskGetCurrentTaskHandle
200054a5   xTaskGetSchedulerState
200054dd   vTaskPriorityInherit
20005597   vTaskPriorityDisinherit
20005621   uxTaskResetEventItemValue
2000620f   __TI_printfi
20006519   InitializeAppVariables
20006541   ConfigureSimpleLinkToDefaultState
200067e1   ConfigureMode
2000681d   ConnectToNetwork
20006985   ConnectToNetwork_2
20006a2b   ConnectToNetwork_STA_2
20006a47   ConnectToNetwork_STA
20006ad1   initNetwork
20006bf5   SimpleLinkWlanEventHandler
20006cd9   SimpleLinkNetAppEventHandler
20006d7d   SimpleLinkSockEventHandler
20006dd5   SimpleLinkHttpServerCallback
2000713d   CaptureAndStore_Image
20007561   CamControllerInit
20007d1d   xQueueGenericReset
20007dad   xQueueGenericCreate
20007e23   xQueueCreateMutex
20007ea1   xQueueCreateCountingSemaphore
20007ec1   xQueueGenericSend
20007fcd   xQueueAltGenericSend
20008079   xQueueAltGenericReceive
20008177   xQueueGenericSendFromISR
20008213   xQueueGenericReceive
20008355   xQueueReceiveFromISR
200083cd   xQueuePeekFromISR
20008411   uxQueueMessagesWaiting
20008427   uxQueueSpacesAvailable
20008447   uxQueueMessagesWaitingFromISR
20008459   vQueueDelete
2000847d   uxQueueGetQueueNumber
2000848b   vQueueSetQueueNumber
2000849d   ucQueueGetQueueType
20008653   xQueueIsQueueEmptyFromISR
20008695   xQueueIsQueueFullFromISR
200086b7   vQueueAddToRegistry
200086f9   vQueueUnregisterQueue
20008733   xQueueCreateSet
20008747   xQueueAddToSet
2000877b   xQueueRemoveFromSet
200087bd   xQueueSelectFromSet
200087d7   xQueueSelectFromSetFromISR
20008841   setDataBufferPointer
20008863   buildRequestHeaders
20008c29   headerSend
20008d25   payloadSend
20008fa1   sendRequest
200090d1   parseSendRequestInternal
20009141   parseSendRequest
200091e3   parseGetErrorCode
20009351   CameraSensorInit
20009359   StartSensorInJpegMode
20009505   RegStatusRead
20009523   WriteAllAEnAWBRegs
2000953f   ReadAllAEnAWBRegs
200095b5   enableAWB
200095f3   disableAWB
20009631   enableAE
2000967d   disableAE
200096ef   CCMRegs_Read
20009725   DigitalGainRegs_Read
20009755   ShutterRegs_Read
20009783   AnalogGainReg_Read
200097c9   ResetImageSensorMCU
200097fd   ReadMCUBootModeReg
20009819   SoftReset_ImageSensor
2000983f   Verify_ImageSensor
20009b01   isPingTime
20009b5b   updateLastPingTime
20009b65   fetchDeviceOSVersion
20009bd9   createNewInstallationId
2000a20f   createInstallation
2000a25f   getInstallation
2000a3d3   parseSetInstallationId
2000a481   parseGetInstallationId
2000a5b1   simpleJsonProcessor
2000a97b   findSecondJson
2000a9a7   isCompleteJson
2000a9cb   getPushJson
2000aa55   socketWait
2000aab5   socketSslConnect
2000ac51   socketRead
2000ad4d   socketWrite
2000aded   socketClose
2000aef1   osi_InterruptRegister
2000af17   osi_InterruptDeRegister
2000af29   osi_SyncObjCreate
2000af59   osi_SyncObjDelete
2000af73   osi_SyncObjSignal
2000af9b   osi_SyncObjSignalFromISR
2000afd3   osi_SyncObjWait
2000afff   osi_SyncObjClear
2000b021   osi_LockObjCreate
2000b047   osi_TaskCreate
2000b087   osi_TaskDelete
2000b095   osi_LockObjDelete
2000b0a5   osi_LockObjLock
2000b0d1   osi_LockObjUnlock
2000b0fb   osi_Spawn
2000b169   VStartSimpleLinkSpawnTask
2000b1b9   VDeleteSimpleLinkSpawnTask
2000b1e5   osi_MsgQCreate
2000b229   osi_MsgQDelete
2000b243   osi_MsgQWrite
2000b275   osi_MsgQRead
2000b2b1   mem_Malloc
2000b2bd   mem_Free
2000b2c9   mem_set
2000b2dd   mem_copy
2000b2f1   osi_EnterCritical
2000b2fb   osi_ExitCritical
2000b305   osi_start
2000b30d   osi_Sleep
2000b31d   osi_TaskDisable
2000b327   osi_TaskEnable
2000b331   osi_ContextSave
2000b333   osi_ContextRestore
2000b34d   minit
2000b3d9   malloc
2000b43b   free
2000b4fb   realloc
2000b601   memalign
2000b6e1   calloc
2000b719   loadClientState
2000b82b   saveClientState
2000bacd   _SlDrvMsgRead
2000be75   _SlAsyncEventGenericHandler
2000c1c1   InitialiseParse
2000c1d7   UploadImageToParse
2000c20d   UploadSensorDataToParse
2000c235   retreiveImageIDfromHTTPResponse
2000c26f   ConstructDeviceStateObject
2000c4a5   vAssertCalled
2000c4a7   vApplicationIdleHook
2000c4a9   vApplicationMallocFailedHook
2000c4ab   vApplicationStackOverflowHook
2000c4ad   Main_Task
2000c553   main
2000c76d   __aeabi_uldivmod
2000c961   ensureCertificateFile
2000cb3d   InitTerm
2000cb5b   Message
2000cb75   ClearTerm
2000cb7b   Error
2000cbaf   GetCmd
2000cc0f   TrimSpace
2000cc59   Report
2000ccf5   __aeabi_dsub
2000ccff   __aeabi_dadd
2000cead   addHttpRequestLine
2000cef5   beginHttpRequest
2000cf17   beginHttpGetRequest
2000cf5b   addHttpRequestHeader
2000cf89   addHttpRequestHeaderInt
2000cfab   getHttpResponseStatus
2000cfd7   getHttpResponseBody
2000d05d   sl_WlanConnect
2000d1f9   DmaSwIntHandler
2000d20b   DmaErrorIntHandler
2000d217   UDMAInit
2000d261   UDMAChannelSelect
2000d289   SetupTransfer
2000d2bf   UDMASetupAutoMemTransfer
2000d2e3   UDMASetupPingPongTransfer
2000d32d   UDMADeInit
2000d341   DMASetupTransfer
2000d3ef   I2C_IF_Write
2000d451   I2C_IF_Read
2000d4b9   I2C_IF_ReadFrom
2000d4d9   I2C_IF_Open
2000d503   I2C_IF_Close
2000d519   I2CInit
2000d537   I2CBufferRead
2000d5df   I2CBufferWrite
2000d689   _SlDrvDataReadOp
2000d7ed   _SlDrvRxHdrRead
2000d92d   __aeabi_ddiv
2000da65   PRCMCC3200MCUInit
2000db99   spi_Open
2000dcc9   _SlDrvDataWriteOp
2000ddf5   vListInitialise
2000de25   vListInitialiseItem
2000de35   vListInsertEnd
2000de71   vListInsert
2000ded7   uxListRemove
2000df21   parseInitialize
2000dfcb   getInternalClient
2000e039   _SlDrvMsgWrite
2000e14d   pxPortInitialiseStack
2000e19d   xPortStartScheduler
2000e1c9   vPortEndScheduler
2000e1cb   vPortYield
2000e1dd   vPortEnterCritical
2000e1f5   vPortExitCritical
2000e20d   xPortSysTickHandler
2000e229   vPortSetupTimerInterrupt
2000e25d   _SlDrvWaitForPoolObj
2000e369   sl_Select
2000e471   _SlDrvReleasePoolObj
2000e575   __aeabi_dmul
2000e671   uDMAChannelTransferSet
2000e761   sl_Connect
2000e849   spi_Write
2000e931   CollectTxit_ImgTempRH
2000ea11   sl_NetAppDnsGetHostByName
2000eae9   TimerBaseIntHandler
2000eafb   InitializeTimer
2000eb27   StartTimer
2000eb43   StopTimer
2000eb51   GetTimeDuration
2000ebc1   spi_Read
2000ec8d   sl_Stop
2000ed51   sl_Start
2000ee15   ulPortSetInterruptMask
2000ee2b   vPortClearInterruptMask
2000ee39   xPortPendSVHandler
2000ee85   vPortSVCHandler
2000eead   prvPortStartFirstTask
2000eec5   portCLZ
2000eecd   _SlDrvMsgReadCmdCtx
2000ef81   debugPrint
2000efa3   debugPrintf
2000f035   _SlDrvNetAppEventHandler
2000f0e7   PinMuxConfig
2000f199   sl_Send
2000f249   IntDisable
2000f2f1   IntEnable
2000f399   Timer_IF_Init
2000f3c3   Timer_IF_IntSetup
2000f3f5   Timer_IF_InterruptClear
2000f409   Timer_IF_Start
2000f41d   Timer_IF_DeInit
2000f435   Timer_IF_GetCount
2000f441   SPIConfigSetExpClk
2000f4e1   __aeabi_memcpy
2000f4e1   __aeabi_memcpy4
2000f4e1   __aeabi_memcpy8
2000f4e1   memcpy
2000f57d   _SlFindAndSetActiveObj
2000f615   snprintf
2000f6ad   PRCMPeripheralClockGet
2000f741   _SlDrvClassifyRxMsg
2000f7d5   __TI_auto_init
2000f869   _SlDrvMsgReadSpawnCtx
2000f8f9   sl_FsRead
2000f985   sl_FsWrite
2000fa11   PinConfigSet
2000fa99   vsnprintf
2000fb21   sl_NetAppMDNSRegisterUnregisterService
2000fba9   __aeabi_cdcmpeq
2000fba9   __aeabi_cdcmple
2000fc2f   __aeabi_cdrcmple
2000fcb5   I2CMasterInitExpClk
2000fd39   _SlDrvCmdOp
2000fdbd   NwpPowerOnPreamble
2000fe3d   _SlDrvDriverCBInit
2000feb9   _sl_HandleAsync_DnsGetHostByName
2000ff35   sl_DevGet
2000ffb1   sl_FsClose
2001002d   __aeabi_fmul
20010121   __aeabi_memclr
20010121   __aeabi_memclr4
20010121   __aeabi_memclr8
20010123   __aeabi_memset
20010123   __aeabi_memset4
20010123   __aeabi_memset8
20010129   memset
20010199   UARTConfigSetExpClk
20010211   _sl_HandleAsync_InitComplete
20010285   sl_WlanGet
200102f9   spi_Close
2001036d   TimerIntRegister
200103dd   _sl_HandleAsync_PingResponse
2001044d   _sl_TruncatePayloadByProtocol
200104bd   TimerIntUnregister
20010525   _sl_HandleAsync_Connect
2001058d   _sl_HandleAsync_DnsGetHostByService
200105f5   sl_FsGetInfo
2001065d   _sl_GetCreateFsMode
200106c1   _sl_HandleAsync_Accept
20010725   uDMAChannelAttributeDisable
20010789   uDMAChannelAttributeEnable
200107ed   sprintf
200108ab   ltoa
20010905   IntPendClear
2001095d   PRCMPeripheralReset
200109b5   _SlDrvDriverCBDeinit
20010a0d   _sl_HandleAsync_Select
20010a65   IntPrioritySet
20010ab9   _sl_HandleAsync_Stop
20010b0d   sl_FsOpen
20010b61   sl_NetAppSendTokenValue
20010bb5   intToASCII
20010c05   SPIIntEnable
20010c51   atoi
20010c9d   srand
20010cb3   rand
20010ce9   sl_SetSockOpt
20010d35   uDMAChannelAssign
20010d81   _sl_GetStartResponseConvert
20010dcb   __aeabi_d2f
20010e15   SPIIntClear
20010e5d   __aeabi_d2iz
20010ea5   sl_DevSet
20010eed   sl_FsDel
20010f35   sl_WlanSet
20010fc1   TimerConfigure
20011005   copy_in
20011049   C$$EXIT
2001104d   abort
20011055   exit
2001108d   _Dtest
200110d1   sl_NetCfgSet
20011115   sl_Recv
20011159   PinModeSet
20011199   _SlDrvRxIrqHandler
200111d9   _SlRemoveFromList
20011219   sl_WlanPolicySet
20011259   sl_WlanRxFilterSet
20011299   NwpPowerOff
200112d5   PRCMPeripheralClkEnable
20011311   _SlDrvObjInit
2001134d   strncasecmp
20011389   uDMAChannelControlSet
200113c5   CameraCaptureStop
200113ff   CameraXClkConfig
20011439   pvPortMalloc
20011459   vPortFree
20011471   __aeabi_f2d
200114a9   __aeabi_f2iz
200114e1   sl_Htonl
20011519   GPIODirModeSet
2001154f   CameraParamsConfig
20011585   PRCMPeripheralStatusGet
200115b9   SPIFIFOLevelSet
200115ed   _SlDrvBasicCmd
20011621   _c_int00
20011655   __aeabi_f2uiz
20011689   strstr
200116bd   sl_Htons
200116f1   NwpPowerOn
20011721   PinTypeGPIO
20011751   UARTDisable
20011781   strncpy
200117b1   sl_Socket
200117e1   __aeabi_i2d
20011811   CameraIntEnable
2001183d   DmaSpiSwIntHandler
20011869   I2CMasterErr
20011895   PRCMSysResetCauseGet
200118c1   _SlDrvFlowContDeinit
200118ed   _SlDrvFlowContInit
20011919   TimerLoadSet
20011919   Timer_IF_ReLoad
20011943   TimerPrescaleSet
2001196d   CameraIntStatus
20011995   PRCMPeripheralClkDisable
200119bd   _sl_BuildAddress
200119e5   strncat
20011a0d   sl_WlanSetMode
20011a35   CameraThresholdSet
20011a5b   strncmp
20011a81   CameraIntClear
20011aa5   IntUnregister
20011ac9   UARTEnable
20011aed   memmove
20011b11   __aeabi_ui2f
20011b35   sl_Close
20011b59   sl_NetAppStart
20011b7d   sl_NetAppStop
20011ba1   sl_WlanProfileDel
20011bc5   CameraCaptureStart
20011be7   I2CMasterSlaveAddrSet
20011c09   NwpRegisterInterruptHandler
20011c2b   SPIReset
20011c4d   SPIWordCountSet
20011c6f   memcmp
20011c91   IntRegister
20011cb1   _SlDrvCmdSend
20011cd1   __aeabi_ui2d
20011cf1   I2CMasterIntStatusEx
20011d0f   TimerDisable
20011d0f   Timer_IF_Stop
20011d2d   TimerEnable
20011d4b   TimerIntStatus
20011d69   UARTCharPut
20011d87   PinTypeI2C
20011da3   TimerValueGet
20011dc1   _SlDrvObjDeInit
20011ddd   memccpy
20011df9   UDMAStopTransfer
20011df9   uDMAChannelDisable
20011e15   uDMAChannelEnable
20011e31   CopyPingResultsToReport
20011e4b   PinTypeCamera
20011e65   PinTypeUART
20011e7f   SPIDmaDisable
20011e99   SPIDmaEnable
20011eb3   SPIFIFODisable
20011ecd   SPIFIFOEnable
20011ee7   _SlDrvDeviceEventHandler
20011f01   CameraReset
20011f19   SPICSDisable
20011f31   SPICSEnable
20011f49   SPIDisable
20011f61   SPIEnable
20011f79   TimerIntDisable
20011f91   TimerIntEnable
20011fa9   _args_main
20011fc1   __aeabi_lmul
20011fd9   CameraDMAEnable
20011fef   CameraIntRegister
20012005   I2CMasterDataPut
2001201b   I2CMasterEnable
20012031   PRCMHIBRegRead
20012047   PRCMHIBRegWrite
2001205d   UARTCharGet
20012073   _sl_Strlen
20012089   uDMAIntRegister
2001209f   CPUcpsie
200120b5   IntVTableBaseSet
200120c9   _SlDrvShiftDWord
200120dd   _register_unlock
200120e3   _register_lock
200120eb   _nop
200120f1   strlen
20012105   uDMAControlBaseSet
20012119   uDMAIntClear
2001212d   I2CMasterControl
2001213f   I2CMasterIntClearEx
20012151   I2CMasterTimeoutSet
20012163   TimerIntClear
20012175   __TI_zero_init
20012187   sl_NetAppMDNSUnRegisterService
20012199   uDMAIntUnregister
200121ad   NwpMaskInterrupt
200121bd   SL_FD_SET
200121cd   tolower
200121dd   I2CMasterDataGet
200121eb   __TI_decompress_none
200121f9   _Dclass
20012207   ResetISR
20012215   NwpUnMaskInterrupt
20012221   uDMADisable
2001222d   uDMAEnable
20012239   uDMAIntStatus
20012245   IntMasterEnable
2001224f   sl_WlanDisconnect
20012257   MT9D111Delay
2001225d   SL_FD_ZERO
20012263   UtilsDelay
20012269   __TI_decompress_rle24
200123ac   _ctypes_
200125b4   _SlPolicySetCmdCtrl
200125b8   _SlPolicyGetCmdCtrl
200125bc   _SlProfileGetCmdCtrl
200125c0   _SlProfileDelCmdCtrl
200125c4   _SlWlanGetNetworkListCtrl
200125c8   _SlRxFilterAddtCmdCtrl
200125cc   _SlRxFilterSetCmdCtrl
200125d0   _SlRxFilterGetCmdCtrl
200125d4   _SlSmartConfigStartCmdCtrl
200125d8   _SlWlanSetModeCmdCtrl
200125dc   _SlWlanCfgSetCmdCtrl
200125e0   _SlWlanCfgGetCmdCtrl
20012a7c   g_H2NSyncPattern
20012a84   g_H2NCnysPattern
20012a8c   _SlActionLookupTable
20012b08   _SlFsOpenCmdCtrl
20012b0c   _SlFsCloseCmdCtrl
20012b10   _SlFsReadCmdCtrl
20012b14   _SlFsWriteCmdCtrl
20012b18   _SlFsGetInfoCmdCtrl
20012b1c   _SlFsDeleteCmdCtrl
20012b4c   _SlSockSocketCmdCtrl
20012b50   _SlSockCloseCmdCtrl
20012b54   _SlRecvfomCmdCtrl
20012b58   _SlSendCmdCtrl
20012b5c   _SlListenCmdCtrl
20012b60   _SlAcceptCmdCtrl
20012b64   _SlRecvCmdCtrl
20012b68   _SlSetSockOptCmdCtrl
20012b6c   _SlGetSockOptCmdCtrl
20012b70   _SlSelectCmdCtrl
20012bfc   _SlNetAppStartCtrl
20012c00   _SlNetAppStopCtrl
20012c04   _SlGetServiceListeCtrl
20012c08   _SlRegisterServiceCtrl
20012c0c   _SlGetHostByServiceCtrl
20012c10   _SlGetHostByNameCtrl
20012c14   _SlNetAppSetCmdCtrl
20012c18   _SlNetAppSendTokenValueCmdCtrl
20012c1c   _SlNetAppGetCmdCtrl
20012c7c   g_deviceClientVersion
20012cc0   _SlStopCmdCtrl
20012cc4   _SlEventMaskSetCmdCtrl
20012cc8   _SlEventMaskGetCmdCtrl
20012ccc   _SlDeviceGetCmdCtrl
20012cd0   _SlDeviceSetCmdCtrl
20012cd4   pcDigits
20012ce0   _SlNetCfgSetCmdCtrl
20012ce4   _SlNetCfgGetCmdCtrl
20012cf0   __TI_static_base__
200137a4   __TI_Handler_Table_Base
200137b0   __TI_Handler_Table_Limit
200137b8   __TI_CINIT_Base
200137c8   __TI_CINIT_Limit
20018000   g_image_buffer
2002c000   gpCtlTbl
2002c400   gfpAppCallbackHndl
2002c5c8   xQueueRegistry
2002c618   clientStateFileName
2002c64c   g_ucConnectionSSID
2002c670   g_flag_blockFull
2002c6e8   g_ucConnectionBSSID
2002c6f4   dataBuffer
2002c6f8   g_block_lastFilled
2002c6fc   g_frame_size_in_bytes
2002c700   g_header_length
2002c704   g_position_in_block
2002c708   g_readHeader
2002c718   v_TimerOverflows
2002c71c   g_CaptureImage
2002c71e   g_flag_DataBlockFilled
2002c71f   g_frame_end
2002c720   iDone
2002c728   _sys_memory
ffffffff   __binit__
ffffffff   __c_args__
ffffffff   binit
UNDEFED    SHT$$INIT_ARRAY$$Base
UNDEFED    SHT$$INIT_ARRAY$$Limit

[606 symbols]
