******************************************************************************
                  TI ARM Linker PC v5.2.2                      
******************************************************************************
>> Linked Sat Jul 04 10:30:29 2015

OUTPUT FILE NAME:   <ULP_SEC_CAM.out>
ENTRY POINT SYMBOL: "_c_int00"  address: 2001a61d


MEMORY CONFIGURATION

         name            origin    length      used     unused   attr    fill
----------------------  --------  ---------  --------  --------  ----  --------
  SRAM_BOOTLDR          20000000   00004000  0000241c  00001be4  RW X
  SRAM_CODE             20004000   0001a000  00019292  00000d6e  RW X
  SRAM_DATA             2001e000   0001e000  0001afa3  0000305d  RW X


SEGMENT ALLOCATION MAP

run origin  load origin   length   init length attrs members
----------  ----------- ---------- ----------- ----- -------
20000000    20000000    0000141c   00000000    rw-
  20000000    20000000    0000141c   00000000    rw- .data
20003000    20003000    00001000   00000000    rw-
  20003000    20003000    00001000   00000000    rw- .stack
20004000    20004000    00019298   00019298    r-x
  20004000    20004000    00000400   00000400    r-- .intvecs
  20004400    20004400    00017324   00017324    r-x .text
  2001b724    2001b724    00000fa6   00000fa6    r-- .const
  2001c6d0    2001c6d0    00000bc8   00000bc8    r-- .cinit
2001e000    2001e000    0001afa8   00000000    rw-
  2001e000    2001e000    00015fa3   00000000    rw- .bss
  20033fa8    20033fa8    00005000   00000000    rw- .sysmem


SECTION ALLOCATION MAP

 output                                  attributes/
section   page    origin      length       input sections
--------  ----  ----------  ----------   ----------------
.data      0    20000000    0000141c     UNINITIALIZED
                  20000000    00000600     camera_app.obj (.data:JPEG_StdHuffmanTbl)
                  20000600    00000400     camera_app.obj (.data:g_header)
                  20000a00    000003c9     cc3200_certificate.obj (.data:DigiCertHighAssuranceEVRootCA_der)
                  20000dc9    00000001     main_FXOS8700.obj (.data)
                  20000dca    00000001     tasks.obj (.data)
                  20000dcb    00000001     --HOLE--
                  20000dcc    000000f0     rtsv7M4_T_le_eabi.lib : defs.obj (.data:_ftable)
                  20000ebc    000000d0                           : lowlev.obj (.data)
                  20000f8c    000000b0                           : signal.obj (.data:sigtable)
                  2000103c    00000004     cc3200_certificate.obj (.data)
                  20001040    00000080     rtsv7M4_T_le_eabi.lib : xvalues.obj (.data)
                  200010c0    00000068                           : xfvalues.obj (.data)
                  20001128    00000064     network_relater_fns.obj (.data:Token)
                  2000118c    00000064     network_relater_fns.obj (.data:Value)
                  200011f0    00000040     camera_app.obj (.data:JPEG_StdQuantTblC)
                  20001230    00000040     camera_app.obj (.data:JPEG_StdQuantTblY)
                  20001270    00000040     camera_app.obj (.data:zigzag)
                  200012b0    0000003c     main.obj (.data:g_token_get)
                  200012ec    00000034     free_rtos.a : tasks.obj (.data)
                  20001320    0000002c     cc3200_utils.obj (.data:lastDateTime)
                  2000134c    00000024     main.obj (.data)
                  20001370    00000018     cc3200_utils.obj (.data)
                  20001388    00000018     request.obj (.data)
                  200013a0    00000010     rtsv7M4_T_le_eabi.lib : defs.obj (.data)
                  200013b0    0000000c     free_rtos.a : osi_freertos.obj (.data)
                  200013bc    0000000c     rtsv7M4_T_le_eabi.lib : memory.obj (.data)
                  200013c8    00000009     simplelink.a : cc_pal.obj (.data)
                  200013d1    00000003     --HOLE--
                  200013d4    00000009                  : driver.obj (.data)
                  200013dd    00000003     --HOLE--
                  200013e0    00000008     camera_app.obj (.data)
                  200013e8    00000008     rtsv7M4_T_le_eabi.lib : _lock.obj (.data)
                  200013f0    00000008                           : exit.obj (.data)
                  200013f8    00000008                           : feraiseexcept.obj (.data)
                  20001400    00000006     http.obj (.data)
                  20001406    00000002     --HOLE--
                  20001408    00000004     free_rtos.a : port.obj (.data)
                  2000140c    00000004     rtsv7M4_T_le_eabi.lib : errno.obj (.data)
                  20001410    00000004                           : fopen.obj (.data)
                  20001414    00000004                           : rand.obj (.data)
                  20001418    00000004                           : stkdepth_vars.obj (.data)

.TI.persistent 
*          0    20000000    00000000     UNINITIALIZED

.stack     0    20003000    00001000     UNINITIALIZED
                  20003000    00001000     --HOLE--

.intvecs   0    20004000    00000400     
                  20004000    00000400     startup_ccs.obj (.intvecs)

.text      0    20004400    00017324     
                  20004400    0000197c     orientation.obj (.text)
                  20005d7c    000012e8     magnetic.obj (.text)
                  20007064    00001258     free_rtos.a : tasks.obj (.text)
                  200082bc    000010a6     rtsv7M4_T_le_eabi.lib : _printfi.obj (.text)
                  20009362    00000002     driverlib.a : interrupt.obj (.text:IntDefaultHandler)
                  20009364    00000f8c     network_relater_fns.obj (.text)
                  2000a2f0    00000f0c     camera_app.obj (.text)
                  2000b1fc    00000b50     wifi_provisioning_thruAPmode.obj (.text)
                  2000bd4c    00000b24     free_rtos.a : queue.obj (.text)
                  2000c870    00000a58     matrix.obj (.text)
                  2000d2c8    0000090c     mt9d111.obj (.text)
                  2000dbd4    000006fc     request.obj (.text)
                  2000e2d0    000005ec     simplelink.a : driver.obj (.text:_SlDrvMsgRead)
                  2000e8bc    000004d8     tasks.obj (.text)
                  2000ed94    00000468     cc3200_utils.obj (.text)
                  2000f1fc    0000045c     free_rtos.a : osi_freertos.obj (.text)
                  2000f658    00000448     main_FXOS8700.obj (.text)
                  2000faa0    000003dc     rtsv7M4_T_le_eabi.lib : memory.obj (.text)
                  2000fe7c    000003c0     main.obj (.text)
                  2001023c    00000378     rtsv7M4_T_le_eabi.lib : powf.obj (.text)
                  200105b4    00000334     accelomtrMagntomtr_fxos8700.obj (.text)
                  200108e8    0000032c     installation.obj (.text)
                  20010c14    0000031a     simplejson.obj (.text)
                  20010f2e    00000002     --HOLE-- [fill = 0]
                  20010f30    0000030c     rtsv7M4_T_le_eabi.lib : lowlev.obj (.text)
                  2001123c    00000308     parse_uploads.obj (.text)
                  20011544    000002d4     rtsv7M4_T_le_eabi.lib : trgdrv.obj (.text)
                  20011818    000002a8     lightSens_isl29035.obj (.text)
                  20011ac0    00000298     rtsv7M4_T_le_eabi.lib : vla_alloc.obj (.text)
                  20011d58    0000026c     tempRHSens_si7020.obj (.text)
                  20011fc4    0000024c     i2c_app.obj (.text)
                  20012210    00000248     simplelink.a : driver.obj (.text:_SlDrvRxHdrRead)
                  20012458    00000244                  : wlan.obj (.text:sl_WlanConnect)
                  2001269c    00000230     approximations.obj (.text)
                  200128cc    00000228     cc3200_socket.obj (.text)
                  20012af4    00000200     flash_files.obj (.text)
                  20012cf4    000001f8     i2cconfig.obj (.text)
                  20012eec    000001f4     rtsv7M4_T_le_eabi.lib : ull_div_t2.obj (.text)
                  200130e0    000001d0     simplelink.a : driver.obj (.text:_SlDrvReleasePoolObj)
                  200132b0    000001cc                  : driver.obj (.text:_SlDrvMsgWrite)
                  2001347c    000001c4     rtsv7M4_T_le_eabi.lib : fopen.obj (.text)
                  20013640    000001bc     algorithm_basic.obj (.text)
                  200137fc    000001bc     rtsv7M4_T_le_eabi.lib : xflog.obj (.text)
                  200139b8    000001b8     uartA1_if.obj (.text)
                  20013b70    000001b6     rtsv7M4_T_le_eabi.lib : fd_add_t2.obj (.text)
                  20013d26    00000002     --HOLE-- [fill = 0]
                  20013d28    0000019c     collect_and_txit.obj (.text)
                  20013ec4    0000019c     rtsv7M4_T_le_eabi.lib : xfsin.obj (.text)
                  20014060    00000190     simplelink.a : driver.obj (.text:_SlDrvWaitForPoolObj)
                  200141f0    0000018c     i2c_if.obj (.text)
                  2001437c    00000178     rtsv7M4_T_le_eabi.lib : tanf.obj (.text)
                  200144f4    00000178                           : xfexp.obj (.text)
                  2001466c    00000174     simplelink.a : driver.obj (.text:_SlDrvDriverCBInit)
                  200147e0    00000174     drivers.obj (.text)
                  20014954    00000174     fusion.obj (.text)
                  20014ac8    00000170     simplelink.a : driver.obj (.text:_SlFindAndSetActiveObj)
                  20014c38    00000164     udma_if.obj (.text)
                  20014d9c    00000154     hibernate_related_fns.obj (.text)
                  20014ef0    00000150     cc3200_client_state.obj (.text)
                  20015040    00000150     http.obj (.text)
                  20015190    0000014c     simplelink.a : cc_pal.obj (.text:spi_Open)
                  200152dc    00000140     timer_if.obj (.text)
                  2001541c    0000013c     rtsv7M4_T_le_eabi.lib : fmodf.obj (.text)
                  20015558    0000013c     simplelink.a : socket.obj (.text:sl_Select)
                  20015694    00000136     rtsv7M4_T_le_eabi.lib : fd_div_t2.obj (.text)
                  200157ca    00000002     --HOLE-- [fill = 0]
                  200157cc    00000134     driverlib.a : prcm.obj (.text:PRCMCC3200MCUInit)
                  20015900    00000134     rtsv7M4_T_le_eabi.lib : fputs.obj (.text)
                  20015a34    0000012a     free_rtos.a : list.obj (.text)
                  20015b5e    00000002     --HOLE-- [fill = 0]
                  20015b60    00000128     simplelink.a : driver.obj (.text:_SlDrvDataReadOp)
                  20015c88    00000110     free_rtos.a : port.obj (.text)
                  20015d98    00000110     rtsv7M4_T_le_eabi.lib : xdscale.obj (.text)
                  20015ea8    00000108     simplelink.a : socket.obj (.text:sl_Connect)
                  20015fb0    00000108                  : socket.obj (.text:sl_Send)
                  200160b8    00000104                  : driver.obj (.text:_SlDrvDataWriteOp)
                  200161bc    00000104     dbgFns.obj (.text)
                  200162c0    00000104     simplelink.a : netapp.obj (.text:sl_NetAppDnsGetHostByName)
                  200163c4    00000100     pinmux.obj (.text)
                  200164c4    000000fe     simplelink.a : netapp.obj (.text:_SlDrvNetAppEventHandler)
                  200165c2    000000fc     rtsv7M4_T_le_eabi.lib : fd_mul_t2.obj (.text)
                  200166be    000000fa                           : fs_add_t2.obj (.text)
                  200167b8    000000f4     simplelink.a : driver.obj (.text:_SlDrvDriverCBDeinit)
                  200168ac    000000f4                  : fs.obj (.text:sl_FsRead)
                  200169a0    000000f0     driverlib.a : udma.obj (.text:uDMAChannelTransferSet)
                  20016a90    000000ec     simplelink.a : fs.obj (.text:sl_FsWrite)
                  20016b7c    000000dc     app_common.obj (.text)
                  20016c58    000000dc     rtsv7M4_T_le_eabi.lib : setvbuf.obj (.text)
                  20016d34    000000dc     simplelink.a : cc_pal.obj (.text:spi_Read)
                  20016e10    000000d8                  : driver.obj (.text:_SlDrvClassifyRxMsg)
                  20016ee8    000000d8     rtsv7M4_T_le_eabi.lib : xfatan.obj (.text)
                  20016fc0    000000d4     simplelink.a : device.obj (.text:sl_Stop)
                  20017094    000000d0     rtsv7M4_T_le_eabi.lib : xfdscale.obj (.text)
                  20017164    000000cc                           : sqrtf.obj (.text)
                  20017230    000000c8     simplelink.a : netapp.obj (.text:_sl_HandleAsync_DnsGetHostByService)
                  200172f8    000000c8     rtsv7M4_T_le_eabi.lib : fflush.obj (.text)
                  200173c0    000000c0     simplelink.a : driver.obj (.text:_SlRemoveFromList)
                  20017480    000000be     rtsv7M4_T_le_eabi.lib : xdnorm.obj (.text)
                  2001753e    00000002     --HOLE-- [fill = 0]
                  20017540    000000bc     simplelink.a : driver.obj (.text:_SlDrvMsgReadCmdCtx)
                  200175fc    000000bc     rtsv7M4_T_le_eabi.lib : acosf.obj (.text)
                  200176b8    000000bc     simplelink.a : device.obj (.text:sl_Start)
                  20017774    000000ba     free_rtos.a : portasm.obj (.text)
                  2001782e    00000002     --HOLE-- [fill = 0]
                  20017830    000000b8     simplelink.a : driver.obj (.text:_SlAsyncEventGenericHandler)
                  200178e8    000000b8     cc3200_certificate.obj (.text)
                  200179a0    000000b4     appFns_BatteryLevelSense.obj (.text)
                  20017a54    000000b4     simplelink.a : netapp.obj (.text:sl_NetAppMDNSRegisterUnregisterService)
                  20017b08    000000ac     rtsv7M4_T_le_eabi.lib : _io_perm.obj (.text)
                  20017bb4    000000a8     driverlib.a : interrupt.obj (.text:IntDisable)
                  20017c5c    000000a8                 : interrupt.obj (.text:IntEnable)
                  20017d04    000000a0                 : spi.obj (.text:SPIConfigSetExpClk)
                  20017da4    0000009c     simplelink.a : driver.obj (.text:_SlDrvMsgReadSpawnCtx)
                  20017e40    0000009c     rtsv7M4_T_le_eabi.lib : memcpy_t2.obj (.text)
                  20017edc    0000009c     simplelink.a : device.obj (.text:sl_DevGet)
                  20017f78    00000098                  : fs.obj (.text:_sl_GetCreateFsMode)
                  20018010    00000098     rtsv7M4_T_le_eabi.lib : fclose.obj (.text)
                  200180a8    00000098                           : fputc.obj (.text)
                  20018140    00000094     driverlib.a : prcm.obj (.text:PRCMPeripheralClockGet)
                  200181d4    00000094     rtsv7M4_T_le_eabi.lib : snprintf.obj (.text)
                  20018268    00000094     simplelink.a : wlan.obj (.text:sl_WlanGet)
                  200182fc    00000092     rtsv7M4_T_le_eabi.lib : fs_div_t2.obj (.text)
                  2001838e    00000002     --HOLE-- [fill = 0]
                  20018390    0000008c     simplelink.a : cc_pal.obj (.text:SetupDMAReceive)
                  2001841c    0000008c                  : cc_pal.obj (.text:SetupDMASend)
                  200184a8    0000008c                  : netapp.obj (.text:_sl_HandleAsync_DnsGetHostByName)
                  20018534    0000008c                  : netapp.obj (.text:_sl_HandleAsync_PingResponse)
                  200185c0    0000008c     rtsv7M4_T_le_eabi.lib : xfdint.obj (.text)
                  2001864c    0000008c     simplelink.a : cc_pal.obj (.text:spi_Write)
                  200186d8    00000088     driverlib.a : prcm.obj (.text:PRCMHibernateIntervalSet)
                  20018760    00000088                 : pin.obj (.text:PinConfigSet)
                  200187e8    00000088     parse_impl.obj (.text)
                  20018870    00000088     rtsv7M4_T_le_eabi.lib : vsnprintf.obj (.text)
                  200188f8    00000088     simplelink.a : fs.obj (.text:sl_FsClose)
                  20018980    00000086     rtsv7M4_T_le_eabi.lib : fd_cmp_t2.obj (.text:__aeabi_cdcmple)
                  20018a06    00000086                           : fd_cmp_t2.obj (.text:__aeabi_cdrcmple)
                  20018a8c    00000084     driverlib.a : i2c.obj (.text:I2CMasterInitExpClk)
                  20018b10    00000084     simplelink.a : cc_pal.obj (.text:NwpPowerOnPreamble)
                  20018b94    00000080                  : driver.obj (.text:_SlDrvCmdOp)
                  20018c14    00000080                  : cc_pal.obj (.text:spi_Read_CPU)
                  20018c94    00000080                  : cc_pal.obj (.text:spi_Write_CPU)
                  20018d14    0000007c                  : device.obj (.text:_sl_HandleAsync_InitComplete)
                  20018d90    0000007c                  : fs.obj (.text:sl_FsGetInfo)
                  20018e0c    0000007a     rtsv7M4_T_le_eabi.lib : fs_mul_t2.obj (.text)
                  20018e86    0000007a                           : memset_t2.obj (.text)
                  20018f00    0000007a                           : xfdnorm.obj (.text)
                  20018f7a    00000002     --HOLE-- [fill = 0]
                  20018f7c    00000078     simplelink.a : socket.obj (.text:_sl_HandleAsync_Connect)
                  20018ff4    00000078                  : fs.obj (.text:sl_FsOpen)
                  2001906c    00000078                  : cc_pal.obj (.text:spi_Close)
                  200190e4    00000076     driverlib.a : uart.obj (.text:UARTConfigSetExpClk)
                  2001915a    00000002     --HOLE-- [fill = 0]
                  2001915c    00000074     simplelink.a : socket.obj (.text:sl_Recv)
                  200191d0    00000074     timer_fns.obj (.text)
                  20019244    0000006c     simplelink.a : driver.obj (.text:_SlDrvCmdSend)
                  200192b0    0000006c     rtsv7M4_T_le_eabi.lib : autoinit.obj (.text)
                  2001931c    0000006c                           : fprintf.obj (.text)
                  20019388    0000006a                           : copy_decompress_rle.obj (.text)
                  200193f2    00000002     --HOLE-- [fill = 0]
                  200193f4    00000068     driverlib.a : prcm.obj (.text:PRCMHibernateWakeUpGPIOSelect)
                  2001945c    00000068                 : timer.obj (.text:TimerIntUnregister)
                  200194c4    00000068     simplelink.a : netapp.obj (.text:_sl_NetAppSendTokenValue)
                  2001952c    00000068     batteryVoltLvlSens_adc081c021.obj (.text)
                  20019594    00000068     rtsv7M4_T_le_eabi.lib : trgmsg.obj (.text)
                  200195fc    00000068     simplelink.a : device.obj (.text:sl_DevSet)
                  20019664    00000068                  : netcfg.obj (.text:sl_NetCfgSet)
                  200196cc    00000068                  : socket.obj (.text:sl_SetSockOpt)
                  20019734    00000068                  : wlan.obj (.text:sl_WlanSet)
                  2001979c    00000066     rtsv7M4_T_le_eabi.lib : xdunscal.obj (.text)
                  20019802    00000002     --HOLE-- [fill = 0]
                  20019804    00000064                           : fseek.obj (.text)
                  20019868    00000064     driverlib.a : udma.obj (.text:uDMAChannelAttributeDisable)
                  200198cc    00000064                 : udma.obj (.text:uDMAChannelAttributeEnable)
                  20019930    00000060     rtsv7M4_T_le_eabi.lib : fs_cmp_t2.obj (.text:__aeabi_cfcmple)
                  20019990    00000060                           : fs_cmp_t2.obj (.text:__aeabi_cfrcmple)
                  200199f0    00000060     simplelink.a : socket.obj (.text:_sl_HandleAsync_Accept)
                  20019a50    00000060     rtsv7M4_T_le_eabi.lib : sprintf.obj (.text)
                  20019ab0    00000060     simplelink.a : wlan.obj (.text:sl_WlanPolicySet)
                  20019b10    0000005c                  : socket.obj (.text:sl_Socket)
                  20019b6c    00000058     driverlib.a : interrupt.obj (.text:IntPendClear)
                  20019bc4    00000058                 : prcm.obj (.text:PRCMPeripheralReset)
                  20019c1c    00000056     rtsv7M4_T_le_eabi.lib : ltoa.obj (.text)
                  20019c72    00000056                           : xfdunsca.obj (.text)
                  20019cc8    00000054     driverlib.a : interrupt.obj (.text:IntPrioritySet)
                  20019d1c    00000054     simplelink.a : socket.obj (.text:_sl_HandleAsync_Select)
                  20019d70    00000054                  : wlan.obj (.text:sl_WlanRxFilterSet)
                  20019dc4    00000050                  : device.obj (.text:_sl_HandleAsync_Stop)
                  20019e14    00000050     rtsv7M4_T_le_eabi.lib : fs_toull_t2.obj (.text)
                  20019e64    00000050     simplelink.a : fs.obj (.text:sl_FsDel)
                  20019eb4    0000004c     driverlib.a : spi.obj (.text:SPIIntEnable)
                  20019f00    0000004c     simplelink.a : driver.obj (.text:_SlDrvProtectAsyncRespSetting)
                  20019f4c    0000004c                  : driver.obj (.text:_SlDrvRxIrqHandler)
                  20019f98    0000004c                  : socket.obj (.text:_sl_BuildAddress)
                  20019fe4    0000004c     rtsv7M4_T_le_eabi.lib : atoi.obj (.text)
                  2001a030    0000004c                           : cpy_tbl.obj (.text)
                  2001a07c    0000004c                           : rand.obj (.text)
                  2001a0c8    0000004c     driverlib.a : udma.obj (.text:uDMAChannelAssign)
                  2001a114    0000004a     rtsv7M4_T_le_eabi.lib : fd_tos_t2.obj (.text)
                  2001a15e    00000002     --HOLE-- [fill = 0]
                  2001a160    00000048     driverlib.a : prcm.obj (.text:PRCMHibernateWakeupSourceDisable)
                  2001a1a8    00000048                 : prcm.obj (.text:PRCMHibernateWakeupSourceEnable)
                  2001a1f0    00000048                 : spi.obj (.text:SPIIntClear)
                  2001a238    00000048     simplelink.a : driver.obj (.text:_SlDrvBasicCmd)
                  2001a280    00000048     rtsv7M4_T_le_eabi.lib : fd_toi_t2.obj (.text)
                  2001a2c8    00000046                           : ldexp.obj (.text)
                  2001a30e    00000002     --HOLE-- [fill = 0]
                  2001a310    00000044     driverlib.a : spi.obj (.text:SPIDmaMaskGet)
                  2001a354    00000044                 : timer.obj (.text:TimerConfigure)
                  2001a398    00000044     simplelink.a : cc_pal.obj (.text:cc_SetupTransfer)
                  2001a3dc    00000044     rtsv7M4_T_le_eabi.lib : exit.obj (.text)
                  2001a420    00000044                           : fd_tou_t2.obj (.text)
                  2001a464    00000042     simplelink.a : socket.obj (.text:sl_Htonl)
                  2001a4a6    00000002     --HOLE-- [fill = 0]
                  2001a4a8    00000040     driverlib.a : pin.obj (.text:PinModeSet)
                  2001a4e8    00000040     rtsv7M4_T_le_eabi.lib : signal.obj (.text)
                  2001a528    0000003e                           : strncasecmp.obj (.text)
                  2001a566    0000003c     simplelink.a : netapp.obj (.text:CopyPingResultsToReport)
                  2001a5a2    00000002     --HOLE-- [fill = 0]
                  2001a5a4    0000003c     driverlib.a : prcm.obj (.text:PRCMPeripheralClkEnable)
                  2001a5e0    0000003c     simplelink.a : socket.obj (.text:_sl_TruncatePayloadByProtocol)
                  2001a61c    0000003c     rtsv7M4_T_le_eabi.lib : boot.obj (.text)
                  2001a658    0000003c     simplelink.a : socket.obj (.text:sl_Htons)
                  2001a694    0000003c     driverlib.a : udma.obj (.text:uDMAChannelControlSet)
                  2001a6d0    0000003a                 : camera.obj (.text:CameraCaptureStop)
                  2001a70a    0000003a                 : camera.obj (.text:CameraXClkConfig)
                  2001a744    00000038     simplelink.a : cc_pal.obj (.text:NwpPowerOff)
                  2001a77c    00000038     free_rtos.a : heap_3.obj (.text)
                  2001a7b4    00000038     rtsv7M4_T_le_eabi.lib : fs_tod_t2.obj (.text)
                  2001a7ec    00000038                           : fs_toi_t2.obj (.text)
                  2001a824    00000038                           : i_tofs_t2.obj (.text)
                  2001a85c    00000036     driverlib.a : gpio.obj (.text:GPIODirModeSet)
                  2001a892    00000002     --HOLE-- [fill = 0]
                  2001a894    00000036     appflile_lightSensor.obj (.text)
                  2001a8ca    00000036     simplelink.a : netapp.obj (.text:sl_NetAppMDNSUnRegisterService)
                  2001a900    00000034     driverlib.a : camera.obj (.text:CameraParamsConfig)
                  2001a934    00000034                 : prcm.obj (.text:PRCMPeripheralStatusGet)
                  2001a968    00000034                 : spi.obj (.text:SPIFIFOLevelSet)
                  2001a99c    00000034     rtsv7M4_T_le_eabi.lib : feraiseexcept.obj (.text)
                  2001a9d0    00000034                           : fs_tou_t2.obj (.text)
                  2001aa04    00000034                           : strstr.obj (.text)
                  2001aa38    00000030     driverlib.a : pin.obj (.text:PinTypeGPIO)
                  2001aa68    00000030                 : uart.obj (.text:UARTDisable)
                  2001aa98    00000030     simplelink.a : device.obj (.text:_SlDrvDeviceEventHandler)
                  2001aac8    00000030                  : fs.obj (.text:_sl_Strlen)
                  2001aaf8    00000030     rtsv7M4_T_le_eabi.lib : strncpy.obj (.text)
                  2001ab28    00000030                           : xferaise.obj (.text)
                  2001ab58    00000030     simplelink.a : socket.obj (.text:sl_Close)
                  2001ab88    00000030                  : wlan.obj (.text:sl_WlanProfileDel)
                  2001abb8    00000030                  : wlan.obj (.text:sl_WlanSetMode)
                  2001abe8    0000002e     rtsv7M4_T_le_eabi.lib : i_tofd_t2.obj (.text)
                  2001ac16    0000002e                           : raise.obj (.text)
                  2001ac44    0000002c     driverlib.a : camera.obj (.text:CameraIntEnable)
                  2001ac70    0000002c     simplelink.a : cc_pal.obj (.text:DmaSpiSwIntHandler)
                  2001ac9c    0000002c     driverlib.a : i2c.obj (.text:I2CMasterErr)
                  2001acc8    0000002c     simplelink.a : cc_pal.obj (.text:NwpPowerOn)
                  2001acf4    0000002c     driverlib.a : prcm.obj (.text:PRCMSysResetCauseGet)
                  2001ad20    0000002a                 : timer.obj (.text:TimerLoadSet)
                  2001ad4a    0000002a                 : timer.obj (.text:TimerPrescaleSet)
                  2001ad74    0000002a     rtsv7M4_T_le_eabi.lib : xdclass.obj (.text)
                  2001ad9e    00000002     --HOLE-- [fill = 0]
                  2001ada0    00000028     driverlib.a : camera.obj (.text:CameraIntStatus)
                  2001adc8    00000028                 : prcm.obj (.text:PRCMPeripheralClkDisable)
                  2001adf0    00000028     rtsv7M4_T_le_eabi.lib : strncat.obj (.text)
                  2001ae18    00000028     simplelink.a : netapp.obj (.text:sl_NetAppStart)
                  2001ae40    00000028                  : netapp.obj (.text:sl_NetAppStop)
                  2001ae68    00000026     driverlib.a : camera.obj (.text:CameraThresholdSet)
                  2001ae8e    00000026     simplelink.a : cc_pal.obj (.text:NwpRegisterInterruptHandler)
                  2001aeb4    00000026     rtsv7M4_T_le_eabi.lib : strncmp.obj (.text)
                  2001aeda    00000002     --HOLE-- [fill = 0]
                  2001aedc    00000024     driverlib.a : camera.obj (.text:CameraIntClear)
                  2001af00    00000024                 : interrupt.obj (.text:IntUnregister)
                  2001af24    00000024                 : uart.obj (.text:UARTEnable)
                  2001af48    00000024     simplelink.a : driver.obj (.text:_SlDrvProtectionObjLockWaitForever)
                  2001af6c    00000024     rtsv7M4_T_le_eabi.lib : memmov.obj (.text)
                  2001af90    00000024                           : u_tofs_t2.obj (.text)
                  2001afb4    00000022     driverlib.a : camera.obj (.text:CameraCaptureStart)
                  2001afd6    00000022                 : i2c.obj (.text:I2CMasterSlaveAddrSet)
                  2001aff8    00000022     simplelink.a : socket.obj (.text:SL_FD_SET)
                  2001b01a    00000022     driverlib.a : spi.obj (.text:SPIReset)
                  2001b03c    00000022                 : spi.obj (.text:SPIWordCountSet)
                  2001b05e    00000022     rtsv7M4_T_le_eabi.lib : frexp.obj (.text)
                  2001b080    00000022                           : memcmp.obj (.text)
                  2001b0a2    00000020     driverlib.a : gpio.obj (.text:GPIOPinWrite)
                  2001b0c2    00000002     --HOLE-- [fill = 0]
                  2001b0c4    00000020                 : interrupt.obj (.text:IntRegister)
                  2001b0e4    00000020     simplelink.a : driver.obj (.text:_SlDrvProtectionObjUnLock)
                  2001b104    00000020     rtsv7M4_T_le_eabi.lib : memchr.obj (.text)
                  2001b124    00000020                           : u_tofd_t2.obj (.text)
                  2001b144    0000001e     driverlib.a : i2c.obj (.text:I2CMasterIntStatusEx)
                  2001b162    0000001e                 : timer.obj (.text:TimerDisable)
                  2001b180    0000001e                 : timer.obj (.text:TimerEnable)
                  2001b19e    0000001e                 : timer.obj (.text:TimerIntStatus)
                  2001b1bc    0000001e                 : uart.obj (.text:UARTCharPut)
                  2001b1da    0000001e     simplelink.a : cc_pal.obj (.text:cc_UDMAChannelSelect)
                  2001b1f8    0000001c     driverlib.a : pin.obj (.text:PinTypeI2C)
                  2001b214    0000001c                 : timer.obj (.text:TimerValueGet)
                  2001b230    0000001c     simplelink.a : driver.obj (.text:_SlDrvObjLockWaitForever)
                  2001b24c    0000001c                  : driver.obj (.text:_SlDrvSyncObjWaitForever)
                  2001b268    0000001c     rtsv7M4_T_le_eabi.lib : memccpy.obj (.text)
                  2001b284    0000001c     driverlib.a : udma.obj (.text:uDMAChannelDisable)
                  2001b2a0    0000001c                 : udma.obj (.text:uDMAChannelEnable)
                  2001b2bc    0000001a                 : pin.obj (.text:PinTypeCamera)
                  2001b2d6    0000001a                 : pin.obj (.text:PinTypeUART)
                  2001b2f0    0000001a                 : spi.obj (.text:SPIDmaDisable)
                  2001b30a    0000001a                 : spi.obj (.text:SPIDmaEnable)
                  2001b324    0000001a                 : spi.obj (.text:SPIFIFODisable)
                  2001b33e    0000001a                 : spi.obj (.text:SPIFIFOEnable)
                  2001b358    00000018                 : camera.obj (.text:CameraReset)
                  2001b370    00000018                 : gpio.obj (.text:GPIOPinRead)
                  2001b388    00000018                 : prcm.obj (.text:PRCMHibernateEnter)
                  2001b3a0    00000018                 : spi.obj (.text:SPICSDisable)
                  2001b3b8    00000018                 : spi.obj (.text:SPICSEnable)
                  2001b3d0    00000018                 : spi.obj (.text:SPIDisable)
                  2001b3e8    00000018                 : spi.obj (.text:SPIEnable)
                  2001b400    00000018                 : timer.obj (.text:TimerIntDisable)
                  2001b418    00000018                 : timer.obj (.text:TimerIntEnable)
                  2001b430    00000018     simplelink.a : driver.obj (.text:_SlDrvObjUnLock)
                  2001b448    00000018                  : driver.obj (.text:_SlDrvSyncObjSignal)
                  2001b460    00000018                  : device.obj (.text:_sl_GetStartResponseConvert)
                  2001b478    00000018     rtsv7M4_T_le_eabi.lib : args_main.obj (.text)
                  2001b490    00000018                           : strcmp.obj (.text)
                  2001b4a8    00000016     driverlib.a : camera.obj (.text:CameraDMAEnable)
                  2001b4be    00000016                 : camera.obj (.text:CameraIntRegister)
                  2001b4d4    00000016                 : i2c.obj (.text:I2CMasterDataPut)
                  2001b4ea    00000016                 : i2c.obj (.text:I2CMasterEnable)
                  2001b500    00000016                 : prcm.obj (.text:PRCMHIBRegRead)
                  2001b516    00000016                 : prcm.obj (.text:PRCMHIBRegWrite)
                  2001b52c    00000016                 : uart.obj (.text:UARTCharGet)
                  2001b542    00000016     simplelink.a : driver.obj (.text:_SlDrvMemZero)
                  2001b558    00000016     rtsv7M4_T_le_eabi.lib : strchr.obj (.text)
                  2001b56e    00000014     driverlib.a : cpu.obj (.text:CPUcpsie)
                  2001b582    00000002     --HOLE-- [fill = 0]
                  2001b584    00000014                 : interrupt.obj (.text:IntVTableBaseSet)
                  2001b598    00000014     rtsv7M4_T_le_eabi.lib : _lock.obj (.text)
                  2001b5ac    00000014                           : strcpy.obj (.text)
                  2001b5c0    00000014                           : strlen.obj (.text)
                  2001b5d4    00000014     driverlib.a : udma.obj (.text:uDMAControlBaseSet)
                  2001b5e8    00000014                 : udma.obj (.text:uDMAIntClear)
                  2001b5fc    00000012                 : i2c.obj (.text:I2CMasterControl)
                  2001b60e    00000012                 : i2c.obj (.text:I2CMasterIntClearEx)
                  2001b620    00000012                 : i2c.obj (.text:I2CMasterTimeoutSet)
                  2001b632    00000012                 : timer.obj (.text:TimerIntClear)
                  2001b644    00000012                 : udma.obj (.text:uDMAIntUnregister)
                  2001b656    00000010     simplelink.a : socket.obj (.text:SL_FD_ZERO)
                  2001b666    0000000e     driverlib.a : i2c.obj (.text:I2CMasterDataGet)
                  2001b674    0000000e     simplelink.a : driver.obj (.text:_SlDrvResetCmdExt)
                  2001b682    0000000e     rtsv7M4_T_le_eabi.lib : copy_decompress_none.obj (.text:decompress:none)
                  2001b690    0000000e     startup_ccs.obj (.text)
                  2001b69e    00000002     --HOLE-- [fill = 0]
                  2001b6a0    0000000c     simplelink.a : cc_pal.obj (.text:NwpMaskInterrupt)
                  2001b6ac    0000000c                  : cc_pal.obj (.text:NwpUnMaskInterrupt)
                  2001b6b8    0000000c     rtsv7M4_T_le_eabi.lib : copy_zero_init.obj (.text:decompress:ZI)
                  2001b6c4    0000000c     simplelink.a : wlan.obj (.text:sl_WlanDisconnect)
                  2001b6d0    0000000c     driverlib.a : udma.obj (.text:uDMADisable)
                  2001b6dc    0000000c                 : udma.obj (.text:uDMAEnable)
                  2001b6e8    0000000c                 : udma.obj (.text:uDMAIntStatus)
                  2001b6f4    0000000a                 : interrupt.obj (.text:IntMasterEnable)
                  2001b6fe    00000006     i2cconfig.obj (.text:MT9D111Delay)
                  2001b704    00000006     driverlib.a : utils.obj (.text:UtilsDelay)
                  2001b70a    00000006     rtsv7M4_T_le_eabi.lib : copy_decompress_rle.obj (.text:decompress:rle24)
                  2001b710    00000006                           : logf.obj (.text)
                  2001b716    00000006                           : sinf.obj (.text)
                  2001b71c    00000004                           : error.obj (.text)
                  2001b720    00000004                           : pre_init.obj (.text)

.const     0    2001b724    00000fa6     
                  2001b724    0000013c     mt9d111.obj (.const:init_cmds_list)
                  2001b860    00000101     rtsv7M4_T_le_eabi.lib : ctype.obj (.const:.string:_ctypes_)
                  2001b961    00000003     --HOLE-- [fill = 0]
                  2001b964    00000100     driverlib.a : pin.obj (.const:g_ulPinToPadMap)
                  2001ba64    000000d4                 : interrupt.obj (.const:g_pulRegs)
                  2001bb38    000000d0     mt9d111.obj (.const)
                  2001bc08    000000c4     mt9d111.obj (.const:capture_cmds_list)
                  2001bccc    000000b0     simplelink.a : wlan.obj (.const:$P$T0$1)
                  2001bd7c    000000a8     driverlib.a : prcm.obj (.const:PRCM_PeriphRegsList)
                  2001be24    00000090     wifi_provisioning_thruAPmode.obj (.const:.string)
                  2001beb4    00000080     driverlib.a : interrupt.obj (.const)
                  2001bf34    00000072     lightSens_isl29035.obj (.const:.string)
                  2001bfa6    00000002     --HOLE-- [fill = 0]
                  2001bfa8    00000068     appFns_BatteryLevelSense.obj (.const:V2CEntry$1)
                  2001c010    00000050     mt9d111.obj (.const:$P$T24$25)
                  2001c060    00000050     accelomtrMagntomtr_fxos8700.obj (.const:.string)
                  2001c0b0    0000004c     mt9d111.obj (.const:$P$T4$5)
                  2001c0fc    0000004b     tempRHSens_si7020.obj (.const:.string)
                  2001c147    0000004a     camera_app.obj (.const:.string)
                  2001c191    00000042     mt9d111.obj (.const:.string)
                  2001c1d3    00000040     network_relater_fns.obj (.const:.string)
                  2001c213    0000003c     i2c_app.obj (.const:.string)
                  2001c24f    00000001     --HOLE-- [fill = 0]
                  2001c250    0000003c     simplelink.a : driver.obj (.const:OpcodeTranslateTable)
                  2001c28c    0000003c                  : wlan.obj (.const)
                  2001c2c8    00000038                  : driver.obj (.const:_SlActionLookupTable)
                  2001c300    00000038     rtsv7M4_T_le_eabi.lib : xflog.obj (.const)
                  2001c338    00000038     simplelink.a : fs.obj (.const)
                  2001c370    00000036     flash_files.obj (.const:.string)
                  2001c3a6    00000002     --HOLE-- [fill = 0]
                  2001c3a8    00000034     rtsv7M4_T_le_eabi.lib : xfatan.obj (.const)
                  2001c3dc    00000034     simplelink.a : driver.obj (.const)
                  2001c410    00000034                  : socket.obj (.const)
                  2001c444    0000002c     cc3200_utils.obj (.const:$P$T0$1)
                  2001c470    0000002c     network_relater_fns.obj (.const:$P$T1$2)
                  2001c49c    0000002b     parse_uploads.obj (.const:.string)
                  2001c4c7    00000001     --HOLE-- [fill = 0]
                  2001c4c8    00000028     mt9d111.obj (.const:$P$T3$4)
                  2001c4f0    00000028     rtsv7M4_T_le_eabi.lib : xfdint.obj (.const)
                  2001c518    00000028                           : xfsin.obj (.const)
                  2001c540    00000028     simplelink.a : netapp.obj (.const)
                  2001c568    00000025     camera_app.obj (.const:.string:$P$T1$2)
                  2001c58d    00000024     main.obj (.const:.string)
                  2001c5b1    00000023     batteryVoltLvlSens_adc081c021.obj (.const:.string:$P$T0$1)
                  2001c5d4    00000022     network_relater_fns.obj (.const:.string:$P$T0$1)
                  2001c5f6    00000002     --HOLE-- [fill = 0]
                  2001c5f8    0000001c     rtsv7M4_T_le_eabi.lib : tanf.obj (.const)
                  2001c614    0000001c                           : xfexp.obj (.const)
                  2001c630    00000018     driverlib.a : spi.obj (.const)
                  2001c648    00000017     request.obj (.const:.string)
                  2001c65f    00000016     collect_and_txit.obj (.const:.string)
                  2001c675    00000014     network_relater_fns.obj (.const)
                  2001c689    00000001     --HOLE-- [fill = 0]
                  2001c68a    00000014     simplelink.a : device.obj (.const)
                  2001c69e    00000010                  : socket.obj (.const:.string)
                  2001c6ae    0000000b     app_common.obj (.const:.string)
                  2001c6b9    00000008     simplelink.a : device.obj (.const:.string)
                  2001c6c1    00000001     --HOLE-- [fill = 0]
                  2001c6c2    00000008                  : netcfg.obj (.const)

.cinit     0    2001c6d0    00000bc8     
                  2001c6d0    00000ba2     (.cinit..data.load) [load image, compression = rle]
                  2001d272    00000002     --HOLE-- [fill = 0]
                  2001d274    0000000c     (__TI_handler_table)
                  2001d280    00000008     (.cinit..bss.load) [load image, compression = zero_init]
                  2001d288    00000010     (__TI_cinit_table)

.init_array 
*          0    20004000    00000000     UNINITIALIZED

.bss       0    2001e000    00015fa3     UNINITIALIZED
                  2001e000    00014000     main.obj (.bss:g_image_buffer)
                  20032000    00000b58     tasks.obj (.bss:thisMagBuffer)
                  20032b58    00000418     wifi_provisioning_thruAPmode.obj (.bss:thisMagCal)
                  20032f70    00000058     tasks.obj (.bss:thisMag)
                  20032fc8    00000034     cc3200_client_state.obj (.bss:clientStateFileName)
                  20032ffc    00000004     (.common:DMAMsgQ)
                  20033000    00000400     udma_if.obj (.bss:gpCtlTbl)
                  20033400    00000370     main.obj (.bss:g_NetEntries)
                  20033770    00000178     simplelink.a : driver.obj (.bss:g_StatMem)
                  200338e8    00000120     rtsv7M4_T_le_eabi.lib : trgmsg.obj (.bss:__CIOBUF_)
                  20033a08    00000100     udma_if.obj (.bss:gfpAppCallbackHndl)
                  20033b08    000000c8     free_rtos.a : tasks.obj (.bss:pxReadyTasksLists)
                  20033bd0    000000ac     tasks.obj (.bss:thisSV_6DOF_GB_BASIC)
                  20033c7c    000000a0     rtsv7M4_T_le_eabi.lib : defs.obj (.bss:__TI_tmpnams)
                  20033d1c    00000050     simplelink.a : cc_pal.obj (.bss:g_ucDinDout)
                  20033d6c    00000050     free_rtos.a : queue.obj (.bss:xQueueRegistry)
                  20033dbc    00000034     main.obj (.bss:g_cWlanSecurityKey)
                  20033df0    00000034     tasks.obj (.bss:thisAccel)
                  20033e24    00000024     main.obj (.bss:g_cWlanSSID)
                  20033e48    00000024     main.obj (.bss:g_ucConnectionSSID)
                  20033e6c    0000001c     rtsv7M4_T_le_eabi.lib : vla_alloc.obj (.bss)
                  20033e88    00000014     (.common:g_flag_blockFull)
                  20033e9c    00000014     (.common:xDelayedTaskList1)
                  20033eb0    00000014     (.common:xDelayedTaskList2)
                  20033ec4    00000014     (.common:xPendingReadyList)
                  20033ed8    00000014     (.common:xSuspendedTaskList)
                  20033eec    00000014     (.common:xTasksWaitingTermination)
                  20033f00    00000010     (.common:ang_buf)
                  20033f10    00000010     (.common:globals)
                  20033f20    00000010     (.common:mqxglobals)
                  20033f30    0000000c     (.common:g_SecParams)
                  20033f3c    00000008     (.common:g_ucConnectionBSSID)
                  20033f44    00000008     (.common:parmbuf)
                  20033f4c    00000004     (.common:Elapsed_100MilliSecs)
                  20033f50    00000004     (.common:__Errorlog)
                  20033f54    00000004     (.common:angle_avg)
                  20033f58    00000004     (.common:dataBuffer)
                  20033f5c    00000004     (.common:g_block_lastFilled)
                  20033f60    00000004     (.common:g_cDummy)
                  20033f64    00000004     (.common:g_cWlanSecurityType)
                  20033f68    00000004     (.common:g_frame_size_in_bytes)
                  20033f6c    00000004     (.common:g_header_length)
                  20033f70    00000004     (.common:g_position_in_block)
                  20033f74    00000004     (.common:g_readHeader)
                  20033f78    00000004     (.common:g_total_dma_intrpts)
                  20033f7c    00000004     (.common:g_ulAppStatus)
                  20033f80    00000004     (.common:gdoor_40deg_angle)
                  20033f84    00000004     (.common:gdoor_90deg_angle)
                  20033f88    00000004     (.common:pxDelayedTaskList)
                  20033f8c    00000004     (.common:pxOverflowDelayedTaskList)
                  20033f90    00000001     (.common:RxIrqCnt)
                  20033f91    00000001     (.common:avg_buffer_cnt)
                  20033f92    00000001     (.common:checkForLight_Flag)
                  20033f93    00000001     (.common:cnt_prakz2)
                  20033f94    00000001     (.common:g_dma_txn_done)
                  20033f95    00000001     (.common:g_flag_DataBlockFilled)
                  20033f96    00000001     (.common:g_flag_door_closing_45degree)
                  20033f97    00000001     (.common:g_frame_end)
                  20033f98    00000001     (.common:g_ucAngle40)
                  20033f99    00000001     (.common:g_ucAngle90)
                  20033f9a    00000001     (.common:g_ucCalibration)
                  20033f9b    00000001     (.common:g_ucConfig)
                  20033f9c    00000001     (.common:g_ucExitButton)
                  20033f9d    00000001     (.common:g_ucMagCalb)
                  20033f9e    00000001     (.common:g_ucProfileAdded)
                  20033f9f    00000001     (.common:iDone)
                  20033fa0    00000001     (.common:isitfirsttime)
                  20033fa1    00000001     (.common:print_count)
                  20033fa2    00000001     (.common:valid_case)

.TI.noinit 
*          0    2001e000    00000000     UNINITIALIZED

.sysmem    0    20033fa8    00005000     UNINITIALIZED
                  20033fa8    00000008     rtsv7M4_T_le_eabi.lib : memory.obj (.sysmem)
                  20033fb0    00004ff8     --HOLE--


LINKER GENERATED COPY TABLES

__TI_cinit_table @ 2001d288 records: 2, size/record: 8, table size: 16
	.data: load addr=2001c6d0, load size=00000ba2 bytes, run addr=20000000, run size=0000141c bytes, compression=rle
	.bss: load addr=2001d280, load size=00000008 bytes, run addr=2001e000, run size=00015fa3 bytes, compression=zero_init


LINKER GENERATED HANDLER TABLE

__TI_handler_table @ 2001d274 records: 3, size/record: 4, table size: 12
	index: 0, handler: __TI_decompress_rle24
	index: 1, handler: __TI_decompress_none
	index: 2, handler: __TI_zero_init


GLOBAL SYMBOLS: SORTED ALPHABETICALLY BY Name 

address   name                                  
-------   ----                                  
2000b8f5  AccessPtMode_HTTPServer_Start         
2000d759  AnalogGainReg_Read                    
2000eca9  ApplyAccelHAL                         
2000ecb5  ApplyMagHAL                           
2001a3dd  C$$EXIT                               
200195c3  C$$IO$$                               
2000d6bd  CCMRegs_Read                          
2001b56f  CPUcpsie                              
2000b85d  CalibrateMagSensor                    
2000a8af  CamControllerInit                     
2001afb5  CameraCaptureStart                    
2001a6d1  CameraCaptureStop                     
2001b4a9  CameraDMAEnable                       
2001aedd  CameraIntClear                        
2001ac45  CameraIntEnable                       
2001b4bf  CameraIntRegister                     
2001ada1  CameraIntStatus                       
2001a901  CameraParamsConfig                    
2001b359  CameraReset                           
2000d2c9  CameraSensorInit                      
2001ae69  CameraThresholdSet                    
2001a70b  CameraXClkConfig                      
2000a317  CaptureAndStore_Image                 
2000a5ad  CaptureinRAM                          
2000a685  CaptureinRAM_StoreAfterCapture_Image  
200161bd  Check_I2CDevices                      
200139f1  ClearTerm                             
2000b79d  CollectAngle                          
20013d29  CollectTxit_ImgTempRH                 
2000ffdd  Config_And_Start_CameraCapture        
200095db  ConfigureMode                         
200093a7  ConfigureSimpleLinkToDefaultState     
20009645  ConnectToNetwork                      
20009725  ConnectToNetwork_STA                  
200112ef  ConstructDeviceStateObject            
2001a567  CopyPingResultsToReport               
20012af5  CreateFile_Flash                      
20032ffc  DMAMsgQ                               
2000103c  DigiCertHighAssuranceEVRootCA_der_len 
2000d6ed  DigitalGainRegs_Read                  
20014c4b  DmaErrorIntHandler                    
2001ac71  DmaSpiSwIntHandler                    
20014c39  DmaSwIntHandler                       
20033f4c  Elapsed_100MilliSecs                  
2000daa9  EnterStandby_mt9d111                  
200139f7  Error                                 
2000dae5  ExitStandby_mt9d111                   
200147e1  FXOS8700_Init                         
20014863  FXOS8700_ReadData                     
2000e8db  Fusion_Init                           
2000ea0d  Fusion_Run                            
2001a85d  GPIODirModeSet                        
2001b371  GPIOPinRead                           
2001b0a3  GPIOPinWrite                          
20013a2b  GetCmd                                
200179a1  Get_BatteryPercent                    
2001952d  Get_BatteryVoltageLevel_ADC081C021    
20014d9d  HIBernate                             
200117d1  HOSTclock                             
20011799  HOSTclose                             
2001175b  HOSTgetenv                            
200116ff  HOSTlseek                             
200116ad  HOSTopen                              
20011661  HOSTread                              
20011603  HOSTrename                            
200115c9  HOSTtime                              
20011591  HOSTunlink                            
20011545  HOSTwrite                             
20012d13  I2CBufferRead                         
20012dff  I2CBufferWrite                        
20012cf5  I2CInit                               
2001b5fd  I2CMasterControl                      
2001b667  I2CMasterDataGet                      
2001b4d5  I2CMasterDataPut                      
2001b4eb  I2CMasterEnable                       
2001ac9d  I2CMasterErr                          
20018a8d  I2CMasterInitExpClk                   
2001b60f  I2CMasterIntClearEx                   
2001b145  I2CMasterIntStatusEx                  
2001afd7  I2CMasterSlaveAddrSet                 
2001b621  I2CMasterTimeoutSet                   
20014365  I2C_IF_Close                          
2001433b  I2C_IF_Open                           
200142b5  I2C_IF_Read                           
2001431b  I2C_IF_ReadFrom                       
20014253  I2C_IF_Write                          
200139b9  InitTerm                              
2001123d  InitialiseParse                       
20009365  InitializeUserConfigVariables         
20017bb5  IntDisable                            
20017c5d  IntEnable                             
200191d1  IntHandler_100mSecTimer               
2001b6f5  IntMasterEnable                       
20019b6d  IntPendClear                          
20019cc9  IntPrioritySet                        
2001b0c5  IntRegister                           
2001af01  IntUnregister                         
2001b585  IntVTableBaseSet                      
2001a895  IsLightOff                            
2000d7d9  JPEGDataLength_read                   
20000000  JPEG_StdHuffmanTbl                    
200011f0  JPEG_StdQuantTblC                     
20001230  JPEG_StdQuantTblY                     
2000d695  JpegConfigReg_Read                    
20016bc7  LED_Blink                             
20016c2d  LED_Off                               
20016c23  LED_On                                
2000d49f  LL_Configs                            
2001b6ff  MT9D111Delay                          
2000eb25  MagCal_Run                            
2000fe8d  Main_Task                             
2000ff2f  Main_Task_withHibernate               
200139d7  Message                               
2001b6a1  NwpMaskInterrupt                      
2001a745  NwpPowerOff                           
2001acc9  NwpPowerOn                            
20018b11  NwpPowerOnPreamble                    
2001ae8f  NwpRegisterInterruptHandler           
2001b6ad  NwpUnMaskInterrupt                    
2001c250  OpcodeTranslateTable                  
2000d795  PCLK_Rate_read                        
200157cd  PRCMCC3200MCUInit                     
2001b501  PRCMHIBRegRead                        
2001b517  PRCMHIBRegWrite                       
2001b389  PRCMHibernateEnter                    
200186d9  PRCMHibernateIntervalSet              
200193f5  PRCMHibernateWakeUpGPIOSelect         
2001a161  PRCMHibernateWakeupSourceDisable      
2001a1a9  PRCMHibernateWakeupSourceEnable       
2001adc9  PRCMPeripheralClkDisable              
2001a5a5  PRCMPeripheralClkEnable               
20018141  PRCMPeripheralClockGet                
20019bc5  PRCMPeripheralReset                   
2001a935  PRCMPeripheralStatusGet               
2001acf5  PRCMSysResetCauseGet                  
20018761  PinConfigSet                          
2001a4a9  PinModeSet                            
200163c5  PinMuxConfig                          
2001b2bd  PinTypeCamera                         
2001aa39  PinTypeGPIO                           
2001b1f9  PinTypeI2C                            
2001b2d7  PinTypeUART                           
2000b1fd  ProvisioningAP                        
2000e8bd  RdSensData_Init                       
2000e8f9  RdSensData_Run                        
2000d4d7  ReadAllAEnAWBRegs                     
20012c0f  ReadFile_FromFlash                    
2000d853  ReadMCUBootModeReg                    
2000d8e1  Refresh_mt9d111Firmware               
2000d479  RegStatusRead                         
20013ad5  Report                                
2001b691  ResetISR                              
2000d825  ResetImageSensorMCU                   
20033f90  RxIrqCnt                              
2001c3ec  RxMsgClassLUT                         
UNDEFED   SHT$$INIT_ARRAY$$Base                 
UNDEFED   SHT$$INIT_ARRAY$$Limit                
2001aff9  SL_FD_SET                             
2001b657  SL_FD_ZERO                            
2001b3a1  SPICSDisable                          
2001b3b9  SPICSEnable                           
20017d05  SPIConfigSetExpClk                    
2001b3d1  SPIDisable                            
2001b2f1  SPIDmaDisable                         
2001b30b  SPIDmaEnable                          
2001b3e9  SPIEnable                             
2001b325  SPIFIFODisable                        
2001b33f  SPIFIFOEnable                         
2001a969  SPIFIFOLevelSet                       
2001a1f1  SPIIntClear                           
20019eb5  SPIIntEnable                          
2001b01b  SPIReset                              
2001b03d  SPIWordCountSet                       
2000134c  SecurityParams                        
2000d71d  ShutterRegs_Read                      
20009ef3  SimpleLinkHttpServerCallback          
20009a6d  SimpleLinkNetAppEventHandler          
20009aed  SimpleLinkSockEventHandler            
20009941  SimpleLinkWlanEventHandler            
2000d86d  SoftReset_ImageSensor                 
2000a2f1  Standby_ImageSensor                   
2001c6b9  StartResponseLUT                      
2000d2d1  StartSensorInJpegMode                 
2000febd  Test_Task                             
2001a355  TimerConfigure                        
2001b163  TimerDisable                          
2001b181  TimerEnable                           
2001b633  TimerIntClear                         
2001b401  TimerIntDisable                       
2001b419  TimerIntEnable                        
2001b19f  TimerIntStatus                        
2001945d  TimerIntUnregister                    
2001ad21  TimerLoadSet                          
2001ad4b  TimerPrescaleSet                      
2001b215  TimerValueGet                         
200153e7  Timer_IF_DeInit                       
20015407  Timer_IF_GetCount                     
2001532d  Timer_IF_Init                         
20015357  Timer_IF_IntSetup                     
200153b9  Timer_IF_InterruptClear               
200153ff  Timer_IF_ReLoad                       
200153cd  Timer_IF_Start                        
2001b163  Timer_IF_Stop                         
20001128  Token                                 
20013a8b  TrimSpace                             
2001b52d  UARTCharGet                           
2001b1bd  UARTCharPut                           
200190e5  UARTConfigSetExpClk                   
2001aa69  UARTDisable                           
2001af25  UARTEnable                            
20014ca5  UDMAChannelSelect                     
20014d3d  UDMADeInit                            
20014c57  UDMAInit                              
20014ccd  UDMASetupAutoMemTransfer              
20014cf3  UDMASetupPingPongTransfer             
20014d51  UDMASetupTransfer                     
2001b285  UDMAStopTransfer                      
20011253  UploadImageToParse                    
2001128f  UploadSensorDataToParse               
2000fed7  UserConfigure_Task                    
2000ba15  User_Configure                        
2001b705  UtilsDelay                            
2000f4c5  VDeleteSimpleLinkSpawnTask            
2000f475  VStartSimpleLinkSpawnTask             
2000118c  Value                                 
2000d8fd  Variable_Read                         
2000d899  Verify_ImageSensor                    
2000a30b  Wakeup_ImageSensor                    
2000b539  WiFiProvisioning                      
2000d4bb  WriteAllAEnAWBRegs                    
20012b49  WriteFile_ToFlash                     
2001ad75  _Dclass                               
20001040  _Denorm                               
20017481  _Dnorm                                
20015d99  _Dscale                               
2001979d  _Dunscale                             
20001050  _Eps                                  
2000140c  _Errno                                
20016ee9  _FAtan                                
200010c0  _FDenorm                              
200185c1  _FDint                                
20018f01  _FDnorm                               
20017095  _FDscale                              
20019c73  _FDunscale                            
200010d0  _FEps                                 
200144f5  _FExp                                 
200010e0  _FInf                                 
200137fd  _FLog                                 
200010f0  _FNan                                 
20001110  _FRteps                               
20013ec5  _FSin                                 
20001100  _FSnan                                
20001120  _FXbig                                
20001124  _FZero                                
200013f8  _Fenv                                 
2001ab29  _Feraise                              
20001060  _Hugeval                              
20001070  _Inf                                  
20001080  _Nan                                  
200010a0  _Rteps                                
2001c424  _SlAcceptCmdCtrl                      
2001c2c8  _SlActionLookupTable                  
20017831  _SlAsyncEventGenericHandler           
2001c696  _SlDeviceGetCmdCtrl                   
2001c69a  _SlDeviceSetCmdCtrl                   
2001a239  _SlDrvBasicCmd                        
20016e11  _SlDrvClassifyRxMsg                   
20018b95  _SlDrvCmdOp                           
20019245  _SlDrvCmdSend                         
20015b61  _SlDrvDataReadOp                      
200160b9  _SlDrvDataWriteOp                     
2001aa99  _SlDrvDeviceEventHandler              
200167b9  _SlDrvDriverCBDeinit                  
2001466d  _SlDrvDriverCBInit                    
2001b543  _SlDrvMemZero                         
2000e2d1  _SlDrvMsgRead                         
20017541  _SlDrvMsgReadCmdCtx                   
20017da5  _SlDrvMsgReadSpawnCtx                 
200132b1  _SlDrvMsgWrite                        
200164c5  _SlDrvNetAppEventHandler              
2001b231  _SlDrvObjLockWaitForever              
2001b431  _SlDrvObjUnLock                       
20019f01  _SlDrvProtectAsyncRespSetting         
2001af49  _SlDrvProtectionObjLockWaitForever    
2001b0e5  _SlDrvProtectionObjUnLock             
200130e1  _SlDrvReleasePoolObj                  
2001b675  _SlDrvResetCmdExt                     
20012211  _SlDrvRxHdrRead                       
20019f4d  _SlDrvRxIrqHandler                    
2001b449  _SlDrvSyncObjSignal                   
2001b24d  _SlDrvSyncObjWaitForever              
20014061  _SlDrvWaitForPoolObj                  
2001c692  _SlEventMaskGetCmdCtrl                
2001c68e  _SlEventMaskSetCmdCtrl                
20014ac9  _SlFindAndSetActiveObj                
2001c33c  _SlFsCloseCmdCtrl                     
2001c34c  _SlFsDeleteCmdCtrl                    
2001c348  _SlFsGetInfoCmdCtrl                   
2001c338  _SlFsOpenCmdCtrl                      
2001c340  _SlFsReadCmdCtrl                      
2001c344  _SlFsWriteCmdCtrl                     
2001c554  _SlGetHostByNameCtrl                  
2001c550  _SlGetHostByServiceCtrl               
2001c548  _SlGetServiceListeCtrl                
2001c430  _SlGetSockOptCmdCtrl                  
2001c420  _SlListenCmdCtrl                      
2001c560  _SlNetAppGetCmdCtrl                   
2001c55c  _SlNetAppSendTokenValueCmdCtrl        
2001c558  _SlNetAppSetCmdCtrl                   
2001c540  _SlNetAppStartCtrl                    
2001c544  _SlNetAppStopCtrl                     
2001c6c6  _SlNetCfgGetCmdCtrl                   
2001c6c2  _SlNetCfgSetCmdCtrl                   
2001c69e  _SlPayloadByProtocolLUT               
2001c290  _SlPolicyGetCmdCtrl                   
2001c28c  _SlPolicySetCmdCtrl                   
2001c298  _SlProfileDelCmdCtrl                  
2001c294  _SlProfileGetCmdCtrl                  
2001c428  _SlRecvCmdCtrl                        
2001c418  _SlRecvfomCmdCtrl                     
2001c54c  _SlRegisterServiceCtrl                
200173c1  _SlRemoveFromList                     
2001c2a0  _SlRxFilterAddtCmdCtrl                
2001c2a8  _SlRxFilterGetCmdCtrl                 
2001c2a4  _SlRxFilterSetCmdCtrl                 
2001c434  _SlSelectCmdCtrl                      
2001c41c  _SlSendCmdCtrl                        
2001c42c  _SlSetSockOptCmdCtrl                  
2001c2ac  _SlSmartConfigStartCmdCtrl            
2001c414  _SlSockCloseCmdCtrl                   
2001c410  _SlSockSocketCmdCtrl                  
2001c68a  _SlStopCmdCtrl                        
2001c2b8  _SlWlanCfgGetCmdCtrl                  
2001c2b4  _SlWlanCfgSetCmdCtrl                  
2001c29c  _SlWlanGetNetworkListCtrl             
2001c2b0  _SlWlanSetModeCmdCtrl                 
20001090  _Snan                                 
200013fc  _Tls_setup__Fenv                      
200010b0  _Xbig                                 
200010b8  _Zero                                 
200338e8  __CIOBUF_                             
20004000  __STACK_END                           
00001000  __STACK_SIZE                          
00005000  __SYSMEM_SIZE                         
2001d288  __TI_CINIT_Base                       
2001d298  __TI_CINIT_Limit                      
2001d274  __TI_Handler_Table_Base               
2001d280  __TI_Handler_Table_Limit              
200192b1  __TI_auto_init                        
20013545  __TI_cleanup                          
200013f0  __TI_cleanup_ptr                      
20018011  __TI_closefile                        
2001b683  __TI_decompress_none                  
2001b70b  __TI_decompress_rle24                 
200172f9  __TI_doflush                          
200013f4  __TI_dtors_ptr                        
200013a0  __TI_ft_end                           
2000905d  __TI_printfi                          
20017b6b  __TI_rd_ok                            
200195c7  __TI_readmsg                          
2001c6d0  __TI_static_base__                    
20033c7c  __TI_tmpnams                          
20019595  __TI_writemsg                         
20017b09  __TI_wrt_ok                           
2001b6b9  __TI_zero_init                        
2001b71d  __abort_execution                     
20018981  __aeabi_cdcmpeq                       
20018981  __aeabi_cdcmple                       
20018a07  __aeabi_cdrcmple                      
20019931  __aeabi_cfcmpeq                       
20019931  __aeabi_cfcmple                       
20019991  __aeabi_cfrcmple                      
2001a115  __aeabi_d2f                           
2001a281  __aeabi_d2iz                          
2001a421  __aeabi_d2uiz                         
20013b7b  __aeabi_dadd                          
20015695  __aeabi_ddiv                          
200165c3  __aeabi_dmul                          
20013b71  __aeabi_dsub                          
2001a7b5  __aeabi_f2d                           
2001a7ed  __aeabi_f2iz                          
2001a9d1  __aeabi_f2uiz                         
20019e15  __aeabi_f2ulz                         
200166c3  __aeabi_fadd                          
200182fd  __aeabi_fdiv                          
20018e0d  __aeabi_fmul                          
200166bf  __aeabi_fsub                          
2001abe9  __aeabi_i2d                           
2001a825  __aeabi_i2f                           
20018e87  __aeabi_memclr                        
20018e87  __aeabi_memclr4                       
20018e87  __aeabi_memclr8                       
20017e41  __aeabi_memcpy                        
20017e41  __aeabi_memcpy4                       
20017e41  __aeabi_memcpy8                       
20018e89  __aeabi_memset                        
20018e89  __aeabi_memset4                       
20018e89  __aeabi_memset8                       
200013ac  __aeabi_stderr                        
200013a4  __aeabi_stdin                         
200013a8  __aeabi_stdout                        
2001b125  __aeabi_ui2d                          
2001af91  __aeabi_ui2f                          
20012eed  __aeabi_uldivmod                      
ffffffff  __binit__                             
ffffffff  __c_args__                            
20003000  __stack                               
20011bc9  __vla_alloc                           
20011ac1  __vla_dealloc                         
20011b49  __vla_dealloc_eh                      
2001b479  _args_main                            
2001a61d  _c_int00                              
2001b860  _ctypes_                              
20000dcc  _ftable                               
200013e8  _lock                                 
2001b5a7  _nop                                  
2001b59f  _register_lock                        
2001b599  _register_unlock                      
20019f99  _sl_BuildAddress                      
20017f79  _sl_GetCreateFsMode                   
2001b461  _sl_GetStartResponseConvert           
200199f1  _sl_HandleAsync_Accept                
20018f7d  _sl_HandleAsync_Connect               
200184a9  _sl_HandleAsync_DnsGetHostByName      
20017231  _sl_HandleAsync_DnsGetHostByService   
20018d15  _sl_HandleAsync_InitComplete          
20018535  _sl_HandleAsync_PingResponse          
20019d1d  _sl_HandleAsync_Select                
20019dc5  _sl_HandleAsync_Stop                  
200194c5  _sl_NetAppSendTokenValue              
2001aac9  _sl_Strlen                            
2001a5e1  _sl_TruncatePayloadByProtocol         
20033fa8  _sys_memory                           
2001b721  _system_pre_init                      
200013ec  _unlock                               
2001a3e1  abort                                 
200175fd  acosf                                 
200150bb  addHttpRequestHeader                  
200150e1  addHttpRequestHeaderInt               
20015041  addHttpRequestLine                    
20011191  add_device                            
20033f00  ang_buf                               
2000f6fb  angleCheck                            
2000f659  angleCheck_Initializations            
20033f54  angle_avg                             
20019fe5  atoi                                  
20033f91  avg_buffer_cnt                        
2001507f  beginHttpGetRequest                   
20015073  beginHttpRequest                      
ffffffff  binit                                 
2000dbe5  buildRequestHeaders                   
2000fe49  calloc                                
20033f92  checkForLight_Flag                    
20013641  check_doorpos                         
20032fc8  clientStateFileName                   
20011141  close                                 
20001398  cnt                                   
20033f93  cnt_prakz2                            
20010621  configureFXOS8700                     
20011819  configureISL29035                     
20011ddb  configureTempRHSensor                 
2001a031  copy_in                               
2000afad  createAndWrite_ImageHeaderFile        
200109d7  createInstallation                    
2000eebd  createNewInstallationId               
2000bb25  create_AngleValuesFile                
2000b0fd  create_JpegImageFile                  
20033f58  dataBuffer                            
2000139c  dataBufferSize                        
2000d615  disableAE                             
2000d583  disableAWB                            
200072f5  eTaskGetState                         
2000cb29  eigencompute                          
2000d5d1  enableAE                              
2000d545  enableAWB                             
200178e9  ensureCertificateFile                 
2001a3e9  exit                                  
20004693  f3DOFMagnetometerMatrixAndroid        
2000462f  f3DOFMagnetometerMatrixNED            
20004693  f3DOFMagnetometerMatrixWin8           
20004401  f3DOFTiltAndroid                      
20004401  f3DOFTiltNED                          
20004507  f3DOFTiltWin8                         
2000c8ef  f3x3matrixAeqAxScalar                 
2000c871  f3x3matrixAeqI                        
2000c94d  f3x3matrixAeqInvSymB                  
2000c923  f3x3matrixAeqMinusA                   
2000c8cb  f3x3matrixAeqScalar                   
2000ca93  f3x3matrixDetA                        
20004f7d  fAndroidAnglesDegFromRotationMatrix   
20005d7d  fInitMagCalibration                   
20014955  fInit_6DOF_GB_BASIC                   
20006151  fInvertMagCal                         
200057b1  fLPFOrientationQuaternion             
200058e5  fLPFScalar                            
20004ed9  fNEDAnglesDegFromRotationMatrix       
200052bd  fQuaternionFromRotationMatrix         
2000515d  fQuaternionFromRotationVectorDeg      
20005409  fRotationMatrixFromQuaternion         
2000570b  fRotationVectorDegFromQuaternion      
20005535  fRotationVectorDegFromRotationMatrix  
200149a9  fRun_6DOF_GB_BASIC                    
20006a65  fUpdateCalibration10EIG               
20006237  fUpdateCalibration4INV                
200066b5  fUpdateCalibration7EIG                
20005021  fWin8AnglesDegFromRotationMatrix      
200126dd  facos_deg                             
2001269d  fasin_deg                             
200127e9  fatan2_deg                            
20012865  fatan_15deg                           
2001275b  fatan_deg                             
20018077  fclose                                
2000499f  feCompassAndroid                      
20004701  feCompassNED                          
20004c39  feCompassWin8                         
2001a99d  feraiseexcept                         
2000ee6d  fetchDeviceOSVersion                  
20017345  fflush                                
20010e9b  findSecondJson                        
20000dc9  flag                                  
2000c89d  fmatrixAeqI                           
2000cf05  fmatrixAeqInvA                        
2000d0e7  fmatrixAeqRenormRotA                  
2001541d  fmodf                                 
2001359b  fopen                                 
20019325  fprintf                               
200180a9  fputc                                 
20015901  fputs                                 
20005d63  fqAeq1                                
20005c9f  fqAeqNormqA                           
2000fb97  free                                  
20013571  freopen                               
2001b05f  frexp                                 
20019805  fseek                                 
2000f6d5  fxosDefault_Initializations           
2000f71b  fxos_Calibration                      
2000f84f  fxos_calibrate                        
2000f8ad  fxos_get_initialYaw                   
2000f765  fxos_main                             
2000f7cb  fxos_main_waitfor40degrees            
2000f935  fxos_waitFor40Degrees                 
200013dc  gFirstCmdMode                         
2001c3e4  g_H2NCnysPattern                      
2001c3dc  g_H2NSyncPattern                      
2000136c  g_MainTaskHandle                      
20033400  g_NetEntries                          
20033f30  g_SecParams                           
200013c8  g_SpiFd                               
20033770  g_StatMem                             
20001368  g_UserConfigTaskHandle                
20033f5c  g_block_lastFilled                    
20033f60  g_cDummy                              
20033e24  g_cWlanSSID                           
20033dbc  g_cWlanSecurityKey                    
20033f64  g_cWlanSecurityType                   
2001c648  g_deviceClientVersion                 
20033f95  g_flag_DataBlockFilled                
20033e88  g_flag_blockFull                      
20033f96  g_flag_door_closing_45degree          
20033f97  g_frame_end                           
20033f68  g_frame_size_in_bytes                 
20000600  g_header                              
20033f6c  g_header_length                       
2001e000  g_image_buffer                        
20001370  g_osVersion                           
200013d4  g_pCB                                 
200013cc  g_pHostIntHdl                         
20004000  g_pfnVectors                          
20033f70  g_position_in_block                   
20033f74  g_readHeader                          
200012b0  g_token_get                           
20033f98  g_ucAngle40                           
20033f99  g_ucAngle90                           
20033f9a  g_ucCalibration                       
20033f9b  g_ucConfig                            
20001367  g_ucConfigsDone                       
20001364  g_ucConnectedToConfAP                 
20033f3c  g_ucConnectionBSSID                   
20033e48  g_ucConnectionSSID                    
200013d0  g_ucDMAEnabled                        
20033d1c  g_ucDinDout                           
20033f9c  g_ucExitButton                        
20033f9d  g_ucMagCalb                           
20001366  g_ucPriority                          
20033f9e  g_ucProfileAdded                      
20001365  g_ucProvisioningDone                  
20001360  g_uiSimplelinkRole                    
20033f7c  g_ulAppStatus                         
2000135c  g_ulGatewayIP                         
200013e4  g_ulPingPacketsRecv                   
20001358  g_ulStatus                            
20033f80  gdoor_40deg_angle                     
20033f84  gdoor_90deg_angle                     
20015119  getHttpResponseBody                   
200150ef  getHttpResponseStatus                 
20010a1f  getInstallation                       
2001886f  getInternalClient                     
20011945  getLightsensor_data                   
2001197f  getLightsensor_intrptStatus           
2001080b  getMagntData                          
20010ecd  getPushJson                           
20011e2d  getTempRH                             
2000f747  get_angle                             
20033a08  gfpAppCallbackHndl                    
20033f10  globals                               
20033000  gpCtlTbl                              
2000de11  headerSend                            
20011fc5  i2cReadRegisters                      
200120e7  i2cReadRegistersTwoBytes              
20012055  i2cWriteRegisters                     
20033f9f  iDone                                 
20005e3d  iUpdateMagnetometerBuffer             
2000980f  initNetwork                           
20016b7d  intToASCII                            
20010eb3  isCompleteJson                        
2000ee0d  isPingTime                            
20033fa0  isitfirsttime                         
2001a2c9  ldexp                                 
20014ef1  loadClientState                       
2001b711  logf                                  
2001111d  lseek                                 
20019c1d  ltoa                                  
20010051  main                                  
20001418  main_func_sp                          
2000fb2f  malloc                                
2000f5c9  mem_Free                              
[...]
20017345  fflush                                
200173c1  _SlRemoveFromList                     
20017481  _Dnorm                                
20017541  _SlDrvMsgReadCmdCtx                   
200175fd  acosf                                 
200176b9  sl_Start                              
20017779  ulPortSetInterruptMask                
2001778f  vPortClearInterruptMask               
2001779d  xPortPendSVHandler                    
200177e9  vPortSVCHandler                       
20017811  prvPortStartFirstTask                 
20017829  portCLZ                               
20017831  _SlAsyncEventGenericHandler           
200178e9  ensureCertificateFile                 
200179a1  Get_BatteryPercent                    
20017a55  sl_NetAppMDNSRegisterUnregisterService
20017b09  __TI_wrt_ok                           
20017b6b  __TI_rd_ok                            
20017bb5  IntDisable                            
20017c5d  IntEnable                             
20017d05  SPIConfigSetExpClk                    
20017da5  _SlDrvMsgReadSpawnCtx                 
20017e41  __aeabi_memcpy                        
20017e41  __aeabi_memcpy4                       
20017e41  __aeabi_memcpy8                       
20017e41  memcpy                                
20017edd  sl_DevGet                             
20017f79  _sl_GetCreateFsMode                   
20018011  __TI_closefile                        
20018077  fclose                                
200180a9  fputc                                 
200180a9  putc                                  
2001812d  putchar                               
20018141  PRCMPeripheralClockGet                
200181d5  snprintf                              
20018269  sl_WlanGet                            
200182fd  __aeabi_fdiv                          
200184a9  _sl_HandleAsync_DnsGetHostByName      
20018535  _sl_HandleAsync_PingResponse          
200185c1  _FDint                                
2001864d  spi_Write                             
200186d9  PRCMHibernateIntervalSet              
20018761  PinConfigSet                          
200187e9  parseInitialize                       
2001886f  getInternalClient                     
20018871  vsnprintf                             
200188f9  sl_FsClose                            
20018981  __aeabi_cdcmpeq                       
20018981  __aeabi_cdcmple                       
20018a07  __aeabi_cdrcmple                      
20018a8d  I2CMasterInitExpClk                   
20018b11  NwpPowerOnPreamble                    
20018b95  _SlDrvCmdOp                           
20018d15  _sl_HandleAsync_InitComplete          
20018d91  sl_FsGetInfo                          
20018e0d  __aeabi_fmul                          
20018e87  __aeabi_memclr                        
20018e87  __aeabi_memclr4                       
20018e87  __aeabi_memclr8                       
20018e89  __aeabi_memset                        
20018e89  __aeabi_memset4                       
20018e89  __aeabi_memset8                       
20018e8f  memset                                
20018f01  _FDnorm                               
20018f7d  _sl_HandleAsync_Connect               
20018ff5  sl_FsOpen                             
2001906d  spi_Close                             
200190e5  UARTConfigSetExpClk                   
2001915d  sl_Recv                               
200191d1  IntHandler_100mSecTimer               
200191e9  start_100mSecTimer                    
20019219  stop_100mSecTimer                     
20019245  _SlDrvCmdSend                         
200192b1  __TI_auto_init                        
20019325  fprintf                               
200193f5  PRCMHibernateWakeUpGPIOSelect         
2001945d  TimerIntUnregister                    
200194c5  _sl_NetAppSendTokenValue              
2001952d  Get_BatteryVoltageLevel_ADC081C021    
20019595  __TI_writemsg                         
200195c3  C$$IO$$                               
200195c7  __TI_readmsg                          
200195fd  sl_DevSet                             
20019665  sl_NetCfgSet                          
200196cd  sl_SetSockOpt                         
20019735  sl_WlanSet                            
2001979d  _Dunscale                             
20019805  fseek                                 
20019869  uDMAChannelAttributeDisable           
200198cd  uDMAChannelAttributeEnable            
20019931  __aeabi_cfcmpeq                       
20019931  __aeabi_cfcmple                       
20019991  __aeabi_cfrcmple                      
200199f1  _sl_HandleAsync_Accept                
20019a51  sprintf                               
20019ab1  sl_WlanPolicySet                      
20019b11  sl_Socket                             
20019b6d  IntPendClear                          
20019bc5  PRCMPeripheralReset                   
20019c1d  ltoa                                  
20019c73  _FDunscale                            
20019cc9  IntPrioritySet                        
20019d1d  _sl_HandleAsync_Select                
20019d71  sl_WlanRxFilterSet                    
20019dc5  _sl_HandleAsync_Stop                  
20019e15  __aeabi_f2ulz                         
20019e65  sl_FsDel                              
20019eb5  SPIIntEnable                          
20019f01  _SlDrvProtectAsyncRespSetting         
20019f4d  _SlDrvRxIrqHandler                    
20019f99  _sl_BuildAddress                      
20019fe5  atoi                                  
2001a031  copy_in                               
2001a07d  srand                                 
2001a093  rand                                  
2001a0c9  uDMAChannelAssign                     
2001a115  __aeabi_d2f                           
2001a161  PRCMHibernateWakeupSourceDisable      
2001a1a9  PRCMHibernateWakeupSourceEnable       
2001a1f1  SPIIntClear                           
2001a239  _SlDrvBasicCmd                        
2001a281  __aeabi_d2iz                          
2001a2c9  ldexp                                 
2001a355  TimerConfigure                        
2001a3dd  C$$EXIT                               
2001a3e1  abort                                 
2001a3e9  exit                                  
2001a421  __aeabi_d2uiz                         
2001a465  sl_Htonl                              
2001a4a9  PinModeSet                            
2001a4e9  signal                                
2001a529  strncasecmp                           
2001a567  CopyPingResultsToReport               
2001a5a5  PRCMPeripheralClkEnable               
2001a5e1  _sl_TruncatePayloadByProtocol         
2001a61d  _c_int00                              
2001a659  sl_Htons                              
2001a695  uDMAChannelControlSet                 
2001a6d1  CameraCaptureStop                     
2001a70b  CameraXClkConfig                      
2001a745  NwpPowerOff                           
2001a77d  pvPortMalloc                          
2001a79d  vPortFree                             
2001a7b5  __aeabi_f2d                           
2001a7ed  __aeabi_f2iz                          
2001a825  __aeabi_i2f                           
2001a85d  GPIODirModeSet                        
2001a895  IsLightOff                            
2001a8cb  sl_NetAppMDNSUnRegisterService        
2001a901  CameraParamsConfig                    
2001a935  PRCMPeripheralStatusGet               
2001a969  SPIFIFOLevelSet                       
2001a99d  feraiseexcept                         
2001a9d1  __aeabi_f2uiz                         
2001aa05  strstr                                
2001aa39  PinTypeGPIO                           
2001aa69  UARTDisable                           
2001aa99  _SlDrvDeviceEventHandler              
2001aac9  _sl_Strlen                            
2001aaf9  strncpy                               
2001ab29  _Feraise                              
2001ab59  sl_Close                              
2001ab59  socketClose                           
2001ab89  sl_WlanProfileDel                     
2001abb9  sl_WlanSetMode                        
2001abe9  __aeabi_i2d                           
2001ac17  raise                                 
2001ac45  CameraIntEnable                       
2001ac71  DmaSpiSwIntHandler                    
2001ac9d  I2CMasterErr                          
2001acc9  NwpPowerOn                            
2001acf5  PRCMSysResetCauseGet                  
2001ad21  TimerLoadSet                          
2001ad4b  TimerPrescaleSet                      
2001ad75  _Dclass                               
2001ada1  CameraIntStatus                       
2001adc9  PRCMPeripheralClkDisable              
2001adf1  strncat                               
2001ae19  sl_NetAppStart                        
2001ae41  sl_NetAppStop                         
2001ae69  CameraThresholdSet                    
2001ae8f  NwpRegisterInterruptHandler           
2001aeb5  strncmp                               
2001aedd  CameraIntClear                        
2001af01  IntUnregister                         
2001af25  UARTEnable                            
2001af49  _SlDrvProtectionObjLockWaitForever    
2001af6d  memmove                               
2001af91  __aeabi_ui2f                          
2001afb5  CameraCaptureStart                    
2001afd7  I2CMasterSlaveAddrSet                 
2001aff9  SL_FD_SET                             
2001b01b  SPIReset                              
2001b03d  SPIWordCountSet                       
2001b05f  frexp                                 
2001b081  memcmp                                
2001b0a3  GPIOPinWrite                          
2001b0c5  IntRegister                           
2001b0e5  _SlDrvProtectionObjUnLock             
2001b105  memchr                                
2001b125  __aeabi_ui2d                          
2001b145  I2CMasterIntStatusEx                  
2001b163  TimerDisable                          
2001b163  Timer_IF_Stop                         
2001b181  TimerEnable                           
2001b19f  TimerIntStatus                        
2001b1bd  UARTCharPut                           
2001b1f9  PinTypeI2C                            
2001b215  TimerValueGet                         
2001b231  _SlDrvObjLockWaitForever              
2001b24d  _SlDrvSyncObjWaitForever              
2001b269  memccpy                               
2001b285  UDMAStopTransfer                      
2001b285  uDMAChannelDisable                    
2001b2a1  uDMAChannelEnable                     
2001b2bd  PinTypeCamera                         
2001b2d7  PinTypeUART                           
2001b2f1  SPIDmaDisable                         
2001b30b  SPIDmaEnable                          
2001b325  SPIFIFODisable                        
2001b33f  SPIFIFOEnable                         
2001b359  CameraReset                           
2001b371  GPIOPinRead                           
2001b389  PRCMHibernateEnter                    
2001b3a1  SPICSDisable                          
2001b3b9  SPICSEnable                           
2001b3d1  SPIDisable                            
2001b3e9  SPIEnable                             
2001b401  TimerIntDisable                       
2001b419  TimerIntEnable                        
2001b431  _SlDrvObjUnLock                       
2001b449  _SlDrvSyncObjSignal                   
2001b461  _sl_GetStartResponseConvert           
2001b479  _args_main                            
2001b491  strcmp                                
2001b4a9  CameraDMAEnable                       
2001b4bf  CameraIntRegister                     
2001b4d5  I2CMasterDataPut                      
2001b4eb  I2CMasterEnable                       
2001b501  PRCMHIBRegRead                        
2001b517  PRCMHIBRegWrite                       
2001b52d  UARTCharGet                           
2001b543  _SlDrvMemZero                         
2001b559  strchr                                
2001b56f  CPUcpsie                              
2001b585  IntVTableBaseSet                      
2001b599  _register_unlock                      
2001b59f  _register_lock                        
2001b5a7  _nop                                  
2001b5ad  strcpy                                
2001b5c1  strlen                                
2001b5d5  uDMAControlBaseSet                    
2001b5e9  uDMAIntClear                          
2001b5fd  I2CMasterControl                      
2001b60f  I2CMasterIntClearEx                   
2001b621  I2CMasterTimeoutSet                   
2001b633  TimerIntClear                         
2001b645  uDMAIntUnregister                     
2001b657  SL_FD_ZERO                            
2001b667  I2CMasterDataGet                      
2001b675  _SlDrvResetCmdExt                     
2001b683  __TI_decompress_none                  
2001b691  ResetISR                              
2001b6a1  NwpMaskInterrupt                      
2001b6ad  NwpUnMaskInterrupt                    
2001b6b9  __TI_zero_init                        
2001b6c5  sl_WlanDisconnect                     
2001b6d1  uDMADisable                           
2001b6dd  uDMAEnable                            
2001b6e9  uDMAIntStatus                         
2001b6f5  IntMasterEnable                       
2001b6ff  MT9D111Delay                          
2001b705  UtilsDelay                            
2001b70b  __TI_decompress_rle24                 
2001b711  logf                                  
2001b717  sinf                                  
2001b71d  __abort_execution                     
2001b721  _system_pre_init                      
2001b860  _ctypes_                              
2001c250  OpcodeTranslateTable                  
2001c28c  _SlPolicySetCmdCtrl                   
2001c290  _SlPolicyGetCmdCtrl                   
2001c294  _SlProfileGetCmdCtrl                  
2001c298  _SlProfileDelCmdCtrl                  
2001c29c  _SlWlanGetNetworkListCtrl             
2001c2a0  _SlRxFilterAddtCmdCtrl                
2001c2a4  _SlRxFilterSetCmdCtrl                 
2001c2a8  _SlRxFilterGetCmdCtrl                 
2001c2ac  _SlSmartConfigStartCmdCtrl            
2001c2b0  _SlWlanSetModeCmdCtrl                 
2001c2b4  _SlWlanCfgSetCmdCtrl                  
2001c2b8  _SlWlanCfgGetCmdCtrl                  
2001c2c8  _SlActionLookupTable                  
2001c338  _SlFsOpenCmdCtrl                      
2001c33c  _SlFsCloseCmdCtrl                     
2001c340  _SlFsReadCmdCtrl                      
2001c344  _SlFsWriteCmdCtrl                     
2001c348  _SlFsGetInfoCmdCtrl                   
2001c34c  _SlFsDeleteCmdCtrl                    
2001c3dc  g_H2NSyncPattern                      
2001c3e4  g_H2NCnysPattern                      
2001c3ec  RxMsgClassLUT                         
2001c410  _SlSockSocketCmdCtrl                  
2001c414  _SlSockCloseCmdCtrl                   
2001c418  _SlRecvfomCmdCtrl                     
2001c41c  _SlSendCmdCtrl                        
2001c420  _SlListenCmdCtrl                      
2001c424  _SlAcceptCmdCtrl                      
2001c428  _SlRecvCmdCtrl                        
2001c42c  _SlSetSockOptCmdCtrl                  
2001c430  _SlGetSockOptCmdCtrl                  
2001c434  _SlSelectCmdCtrl                      
2001c540  _SlNetAppStartCtrl                    
2001c544  _SlNetAppStopCtrl                     
2001c548  _SlGetServiceListeCtrl                
2001c54c  _SlRegisterServiceCtrl                
2001c550  _SlGetHostByServiceCtrl               
2001c554  _SlGetHostByNameCtrl                  
2001c558  _SlNetAppSetCmdCtrl                   
2001c55c  _SlNetAppSendTokenValueCmdCtrl        
2001c560  _SlNetAppGetCmdCtrl                   
2001c648  g_deviceClientVersion                 
2001c68a  _SlStopCmdCtrl                        
2001c68e  _SlEventMaskSetCmdCtrl                
2001c692  _SlEventMaskGetCmdCtrl                
2001c696  _SlDeviceGetCmdCtrl                   
2001c69a  _SlDeviceSetCmdCtrl                   
2001c69e  _SlPayloadByProtocolLUT               
2001c6ae  pcDigits                              
2001c6b9  StartResponseLUT                      
2001c6c2  _SlNetCfgSetCmdCtrl                   
2001c6c6  _SlNetCfgGetCmdCtrl                   
2001c6d0  __TI_static_base__                    
2001d274  __TI_Handler_Table_Base               
2001d280  __TI_Handler_Table_Limit              
2001d288  __TI_CINIT_Base                       
2001d298  __TI_CINIT_Limit                      
2001e000  g_image_buffer                        
20032000  thisMagBuffer                         
20032b58  thisMagCal                            
20032f70  thisMag                               
20032fc8  clientStateFileName                   
20032ffc  DMAMsgQ                               
20033000  gpCtlTbl                              
20033400  g_NetEntries                          
20033770  g_StatMem                             
200338e8  __CIOBUF_                             
20033a08  gfpAppCallbackHndl                    
20033bd0  thisSV_6DOF_GB_BASIC                  
20033c7c  __TI_tmpnams                          
20033d1c  g_ucDinDout                           
20033d6c  xQueueRegistry                        
20033dbc  g_cWlanSecurityKey                    
20033df0  thisAccel                             
20033e24  g_cWlanSSID                           
20033e48  g_ucConnectionSSID                    
20033e88  g_flag_blockFull                      
20033f00  ang_buf                               
20033f10  globals                               
20033f20  mqxglobals                            
20033f30  g_SecParams                           
20033f3c  g_ucConnectionBSSID                   
20033f4c  Elapsed_100MilliSecs                  
20033f54  angle_avg                             
20033f58  dataBuffer                            
20033f5c  g_block_lastFilled                    
20033f60  g_cDummy                              
20033f64  g_cWlanSecurityType                   
20033f68  g_frame_size_in_bytes                 
20033f6c  g_header_length                       
20033f70  g_position_in_block                   
20033f74  g_readHeader                          
20033f7c  g_ulAppStatus                         
20033f80  gdoor_40deg_angle                     
20033f84  gdoor_90deg_angle                     
20033f90  RxIrqCnt                              
20033f91  avg_buffer_cnt                        
20033f92  checkForLight_Flag                    
20033f93  cnt_prakz2                            
20033f95  g_flag_DataBlockFilled                
20033f96  g_flag_door_closing_45degree          
20033f97  g_frame_end                           
20033f98  g_ucAngle40                           
20033f99  g_ucAngle90                           
20033f9a  g_ucCalibration                       
20033f9b  g_ucConfig                            
20033f9c  g_ucExitButton                        
20033f9d  g_ucMagCalb                           
20033f9e  g_ucProfileAdded                      
20033f9f  iDone                                 
20033fa0  isitfirsttime                         
20033fa1  print_count                           
20033fa2  valid_case                            
20033fa8  _sys_memory                           
ffffffff  __binit__                             
ffffffff  __c_args__                            
ffffffff  binit                                 
UNDEFED   SHT$$INIT_ARRAY$$Base                 
UNDEFED   SHT$$INIT_ARRAY$$Limit                

[879 symbols]
