******************************************************************************
                  TI ARM Linker PC v5.2.2                      
******************************************************************************
>> Linked Mon Jul 20 16:36:59 2015

OUTPUT FILE NAME:   <ULP_SEC_CAM.out>
ENTRY POINT SYMBOL: "_c_int00"  address: 2001d40d


MEMORY CONFIGURATION

         name            origin    length      used     unused   attr    fill
----------------------  --------  ---------  --------  --------  ----  --------
  SRAM_BOOTLDR          20000000   00004000  00001938  000026c8  RW X
  SRAM_CODE             20004000   0001e300  0001be1b  000024e5  RW X
  SRAM_DATA             20022300   0001dd00  0001c2fc  00001a04  RW X


SEGMENT ALLOCATION MAP

run origin  load origin   length   init length attrs members
----------  ----------- ---------- ----------- ----- -------
20000000    20000000    00000938   00000000    rw-
  20000000    20000000    00000938   00000000    rw- .data
20003000    20003000    00001000   00000000    rw-
  20003000    20003000    00001000   00000000    rw- .stack
20004000    20004000    0001be20   0001be20    r-x
  20004000    20004000    00000400   00000400    r-- .intvecs
  20004400    20004400    0001a580   0001a580    r-x .text
  2001e980    2001e980    00000f6b   00000f6b    r-- .const
  2001f8f0    2001f8f0    00000530   00000530    r-- .cinit
20022400    20022400    0001c300   00000000    rw-
  20022400    20022400    000172fc   00000000    rw- .bss
  20039700    20039700    00005000   00000000    rw- .sysmem


SECTION ALLOCATION MAP

 output                                  attributes/
section   page    origin      length       input sections
--------  ----  ----------  ----------   ----------------
.data      0    20000000    00000938     UNINITIALIZED
                  20000000    000003c9     cc3200_certificate.obj (.data:DigiCertHighAssuranceEVRootCA_der)
                  200003c9    00000001     tasks.obj (.data)
                  200003ca    00000002     --HOLE--
                  200003cc    000000f0     rtsv7M4_T_le_eabi.lib : defs.obj (.data:_ftable)
                  200004bc    000000d0                           : lowlev.obj (.data)
                  2000058c    000000b0                           : signal.obj (.data:sigtable)
                  2000063c    00000004     cc3200_certificate.obj (.data)
                  20000640    00000080     rtsv7M4_T_le_eabi.lib : xvalues.obj (.data)
                  200006c0    00000068                           : xfvalues.obj (.data)
                  20000728    00000064     network_relater_fns.obj (.data:Token)
                  2000078c    00000064     network_relater_fns.obj (.data:Value)
                  200007f0    0000003c     main.obj (.data:g_token_get)
                  2000082c    00000034     free_rtos.a : tasks.obj (.data)
                  20000860    00000028     main.obj (.data)
                  20000888    00000018     cc3200_utils.obj (.data)
                  200008a0    00000018     request.obj (.data)
                  200008b8    00000010     rtsv7M4_T_le_eabi.lib : defs.obj (.data)
                  200008c8    0000000c     free_rtos.a : osi_freertos.obj (.data)
                  200008d4    0000000c     rtsv7M4_T_le_eabi.lib : memory.obj (.data)
                  200008e0    00000009     simplelink.a : cc_pal.obj (.data)
                  200008e9    00000003     --HOLE--
                  200008ec    00000009                  : driver.obj (.data)
                  200008f5    00000003     --HOLE--
                  200008f8    00000008     camera_app.obj (.data)
                  20000900    00000008     rtsv7M4_T_le_eabi.lib : _lock.obj (.data)
                  20000908    00000008                           : exit.obj (.data)
                  20000910    00000008                           : feraiseexcept.obj (.data)
                  20000918    00000006     http.obj (.data)
                  2000091e    00000002     --HOLE--
                  20000920    00000004     free_rtos.a : port.obj (.data)
                  20000924    00000004     ota.a : OtaHttp.obj (.data)
                  20000928    00000004     rtsv7M4_T_le_eabi.lib : errno.obj (.data)
                  2000092c    00000004                           : fopen.obj (.data)
                  20000930    00000004                           : rand.obj (.data)
                  20000934    00000004                           : stkdepth_vars.obj (.data)

.TI.persistent 
*          0    20000000    00000000     UNINITIALIZED

.stack     0    20003000    00001000     UNINITIALIZED
                  20003000    00001000     --HOLE--

.intvecs   0    20004000    00000400     
                  20004000    00000400     startup_ccs.obj (.intvecs)

.text      0    20004400    0001a580     
                  20004400    00001258     free_rtos.a : tasks.obj (.text)
                  20005658    000010a6     rtsv7M4_T_le_eabi.lib : _printfi.obj (.text)
                  200066fe    00000002     startup_ccs.obj (.text:BusFaultHandler)
                  20006700    00000b24     free_rtos.a : queue.obj (.text)
                  20007224    00000a08     magnetic.obj (.text:fUpdateCalibration10EIG)
                  20007c2c    00000788     magnetic.obj (.text:fUpdateCalibration4INV)
                  200083b4    00000694     magnetic.obj (.text:fUpdateCalibration7EIG)
                  20008a48    00000688     matrix.obj (.text:eigencompute)
                  200090d0    00000610     ota.a : OtaHttp.obj (.text)
                  200096e0    000005ec     simplelink.a : driver.obj (.text:_SlDrvMsgRead)
                  20009ccc    00000584     magnetic.obj (.text:iUpdateMagnetometerBuffer)
                  2000a250    000004dc     network_relater_fns.obj (.text:SimpleLinkHttpServerCallback)
                  2000a72c    000004be     cc3200_utils.obj (.text:createNewInstallationId)
                  2000abea    00000002     startup_ccs.obj (.text:FaultISR)
                  2000abec    0000045c     free_rtos.a : osi_freertos.obj (.text)
                  2000b048    0000044c     request.obj (.text:buildRequestHeaders)
                  2000b494    00000424     ota.a : OtaClient.obj (.text)
                  2000b8b8    0000040c           : OtaApp.obj (.text)
                  2000bcc4    000003dc     rtsv7M4_T_le_eabi.lib : memory.obj (.text)
                  2000c0a0    000003b8     matrix.obj (.text:fmatrixAeqInvA)
                  2000c458    0000039c     network_relater_fns.obj (.text:SimpleLinkWlanEventHandler)
                  2000c7f4    00000378     rtsv7M4_T_le_eabi.lib : powf.obj (.text)
                  2000cb6c    0000035c     ota.a : CdnClient.obj (.text)
                  2000cec8    00000354     orientation.obj (.text:feCompassAndroid)
                  2000d21c    00000354     orientation.obj (.text:feCompassWin8)
                  2000d570    00000350     orientation.obj (.text:feCompassNED)
                  2000d8c0    00000338     ota.a : LogClient.obj (.text)
                  2000dbf8    00000324     tasks.obj (.text:MagCal_Run)
                  2000df1c    0000030c     rtsv7M4_T_le_eabi.lib : lowlev.obj (.text)
                  2000e228    000002d4                           : trgdrv.obj (.text)
                  2000e4fc    000002c0     network_relater_fns.obj (.text:ConfigureSimpleLinkToDefaultState)
                  2000e7bc    000002ac     user_configure_fn.obj (.text:WiFiProvisioning)
                  2000ea68    00000298     rtsv7M4_T_le_eabi.lib : vla_alloc.obj (.text)
                  2000ed00    00000294     application_fn.obj (.text:application_fn)
                  2000ef94    00000274     camera_app.obj (.text:CaptureImage)
                  2000f208    0000026e     simplejson.obj (.text:simpleJsonProcessor)
                  2000f476    00000002     driverlib.a : interrupt.obj (.text:IntDefaultHandler)
                  2000f478    0000026c     mt9d111.obj (.text:RegLstWrite)
                  2000f6e4    0000025c     lightSens_isl29035.obj (.text:configureISL29035)
                  2000f940    00000250     user_configure_fn.obj (.text:User_Configure)
                  2000fb90    00000248     simplelink.a : driver.obj (.text:_SlDrvRxHdrRead)
                  2000fdd8    00000248     main_FXOS8700.obj (.text:angleCheck_Initializations)
                  20010020    00000244     simplelink.a : wlan.obj (.text:sl_WlanConnect)
                  20010264    00000218     request.obj (.text:payloadSend)
                  2001047c    0000020c     ota.obj (.text:OTA_Run)
                  20010688    000001f8     door_position_detection_algorithm.obj (.text:check_doorpos)
                  20010880    000001f4     rtsv7M4_T_le_eabi.lib : ull_div_t2.obj (.text)
                  20010a74    000001f0     user_configure_fn.obj (.text:Get_Calibration_MagSensor)
                  20010c64    000001d0     simplelink.a : driver.obj (.text:_SlDrvReleasePoolObj)
                  20010e34    000001cc                  : driver.obj (.text:_SlDrvMsgWrite)
                  20011000    000001c4     tasks.obj (.text:RdSensData_Run)
                  200111c4    000001c4     rtsv7M4_T_le_eabi.lib : fopen.obj (.text)
                  20011388    000001c0     magnetic.obj (.text:fInvertMagCal)
                  20011548    000001bc     rtsv7M4_T_le_eabi.lib : xflog.obj (.text)
                  20011704    000001b6                           : fd_add_t2.obj (.text)
                  200118ba    00000002     startup_ccs.obj (.text:IntDefaultHandler)
                  200118bc    000001b0     Task_UserConfig.obj (.text:UserConfigure_Task)
                  20011a6c    000001a4     orientation.obj (.text:fQuaternionFromRotationMatrix)
                  20011c10    000001a4     cc3200_socket.obj (.text:socketSslConnect)
                  20011db4    000001a0     camera_app.obj (.text:CameraIntHandler)
                  20011f54    0000019c     rtsv7M4_T_le_eabi.lib : xfsin.obj (.text)
                  200120f0    00000198     parse_uploads.obj (.text:ConstructDeviceStateObject)
                  20012288    00000198     network_relater_fns.obj (.text:initNetwork)
                  20012420    00000190     simplelink.a : driver.obj (.text:_SlDrvWaitForPoolObj)
                  200125b0    0000018c     user_configure_fn.obj (.text:AccessPtMode_HTTPServer_Start)
                  2001273c    0000018c     request.obj (.text:sendRequest)
                  200128c8    00000188     matrix.obj (.text:f3x3matrixAeqInvSymB)
                  20012a50    00000184     flc.a : flc.obj (.text)
                  20012bd4    00000180     orientation.obj (.text:fWin8AnglesDegFromRotationMatrix)
                  20012d54    00000178     rtsv7M4_T_le_eabi.lib : tanf.obj (.text)
                  20012ecc    00000178                           : xfexp.obj (.text)
                  20013044    00000174     simplelink.a : driver.obj (.text:_SlDrvDriverCBInit)
                  200131b8    00000174     magnetic.obj (.text:fInitMagCalibration)
                  2001332c    00000170     network_relater_fns.obj (.text:SimpleLinkNetAppEventHandler)
                  2001349c    00000170     simplelink.a : driver.obj (.text:_SlFindAndSetActiveObj)
                  2001360c    00000168     ota.obj (.text:OTAServerInfoSet)
                  20013774    00000165     network_relater_fns.obj (.text:SimpleLinkSockEventHandler)
                  200138d9    00000001     --HOLE-- [fill = 0]
                  200138da    00000002     startup_ccs.obj (.text:NmiSR)
                  200138dc    00000164     network_relater_fns.obj (.text:WiFi_Connect)
                  20013a40    00000164     tempRHSens_si7020.obj (.text:getTempRH)
                  20013ba4    00000160     tasks.obj (.text:Fusion_Run)
                  20013d04    00000160     main.obj (.text:main)
                  20013e64    0000015c     hibernate_related_fns.obj (.text:HIBernate)
                  20013fc0    00000158     drivers.obj (.text:FXOS8700_Init)
                  20014118    00000158     orientation.obj (.text:qAeqAxB)
                  20014270    00000158     orientation.obj (.text:qconjgAxB)
                  200143c8    00000154     user_configure_fn.obj (.text:CollectAngle)
                  2001451c    00000150     simplelink.a : cc_pal.obj (.text:spi_Open)
                  2001466c    00000144     fusion.obj (.text:fRun_6DOF_GB_BASIC)
                  200147b0    0000013c     rtsv7M4_T_le_eabi.lib : fmodf.obj (.text)
                  200148ec    0000013c     simplelink.a : socket.obj (.text:sl_Select)
                  20014a28    00000138     i2cconfig.obj (.text:I2CBufferRead)
                  20014b60    00000138     mt9d111.obj (.text:Register_Read)
                  20014c98    00000138     orientation.obj (.text:fLPFOrientationQuaternion)
                  20014dd0    00000138     orientation.obj (.text:fRotationMatrixFromQuaternion)
                  20014f08    00000138     i2c_app.obj (.text:i2cWriteRegisters)
                  20015040    00000136     rtsv7M4_T_le_eabi.lib : fd_div_t2.obj (.text)
                  20015176    00000002     main.obj (.text:vApplicationIdleHook)
                  20015178    00000134     driverlib.a : prcm.obj (.text:PRCMCC3200MCUInit)
                  200152ac    00000134     rtsv7M4_T_le_eabi.lib : fputs.obj (.text)
                  200153e0    00000130     i2cconfig.obj (.text:I2CBufferWrite)
                  20015510    0000012a     free_rtos.a : list.obj (.text)
                  2001563a    00000002     --HOLE-- [fill = 0]
                  2001563c    00000128     simplelink.a : driver.obj (.text:_SlDrvDataReadOp)
                  20015764    00000116     drivers.obj (.text:FXOS8700_ReadData)
                  2001587a    00000002     --HOLE-- [fill = 0]
                  2001587c    00000110     free_rtos.a : port.obj (.text)
                  2001598c    00000110     rtsv7M4_T_le_eabi.lib : xdscale.obj (.text)
                  20015a9c    00000110     lightSens_isl29035.obj (.text:verifyISL29035)
                  20015bac    00000110     tempRHSens_si7020.obj (.text:verifyTempRHSensor)
                  20015cbc    0000010c     flash_files.obj (.text:WriteFile_ToFlash)
                  20015dc8    00000108     simplelink.a : socket.obj (.text:sl_Connect)
                  20015ed0    00000108                  : socket.obj (.text:sl_Send)
                  20015fd8    00000104     dbgFns.obj (.text:Check_I2CDevices)
                  200160dc    00000104     simplelink.a : driver.obj (.text:_SlDrvDataWriteOp)
                  200161e0    00000104     i2c_app.obj (.text:i2cReadRegistersTwoBytes)
                  200162e4    00000104     simplelink.a : netapp.obj (.text:sl_NetAppDnsGetHostByName)
                  200163e8    00000100     i2c_app.obj (.text:i2cReadRegisters)
                  200164e8    00000100     cc3200_client_state.obj (.text:loadClientState)
                  200165e8    000000ff     parse_uploads.obj (.text:Get_FridgeCamID)
                  200166e7    00000001     --HOLE-- [fill = 0]
                  200166e8    000000fe     simplelink.a : netapp.obj (.text:_SlDrvNetAppEventHandler)
                  200167e6    00000002     --HOLE-- [fill = 0]
                  200167e8    000000fc     pinmux.obj (.text:PinMuxConfig)
                  200168e4    000000fc     orientation.obj (.text:fqAeqNormqA)
                  200169e0    000000fc     rtsv7M4_T_le_eabi.lib : fd_mul_t2.obj (.text)
                  20016adc    000000fa                           : fs_add_t2.obj (.text)
                  20016bd6    00000002     --HOLE-- [fill = 0]
                  20016bd8    000000f8     cc3200_certificate.obj (.text:ensureCertificateFile)
                  20016cd0    000000f8     orientation.obj (.text:fAndroidAnglesDegFromRotationMatrix)
                  20016dc8    000000f8     orientation.obj (.text:fNEDAnglesDegFromRotationMatrix)
                  20016ec0    000000f4     simplelink.a : driver.obj (.text:_SlDrvDriverCBDeinit)
                  20016fb4    000000f4     installation.obj (.text:getInstallation)
                  200170a8    000000f4     simplelink.a : fs.obj (.text:sl_FsRead)
                  2001719c    000000f4     accelomtrMagntomtr_fxos8700.obj (.text:verifyAccelMagnSensor)
                  20017290    000000f2     cc3200_socket.obj (.text:socketRead)
                  20017382    00000002     --HOLE-- [fill = 0]
                  20017384    000000f0     camera_app.obj (.text:DMAConfig)
                  20017474    000000f0     driverlib.a : udma.obj (.text:uDMAChannelTransferSet)
                  20017564    000000ec     orientation.obj (.text:fRotationVectorDegFromQuaternion)
                  20017650    000000ec     simplelink.a : fs.obj (.text:sl_FsWrite)
                  2001773c    000000e8     appFns_BatteryLevelSense.obj (.text:Get_BatteryPercent)
                  20017824    000000e4     parse_uploads.obj (.text:UploadSensorDataToParse)
                  20017908    000000e0     flash_files.obj (.text:ReadFile_FromFlash)
                  200179e8    000000e0     camera_app.obj (.text:Start_CameraCapture)
                  20017ac8    000000dc     ota.obj (.text:OTA_CommitImage)
                  20017ba4    000000dc     rtsv7M4_T_le_eabi.lib : setvbuf.obj (.text)
                  20017c80    000000dc     simplelink.a : cc_pal.obj (.text:spi_Read)
                  20017d5c    000000d8     parse_uploads.obj (.text:UploadImageToParse)
                  20017e34    000000d8     simplelink.a : driver.obj (.text:_SlDrvClassifyRxMsg)
                  20017f0c    000000d8     rtsv7M4_T_le_eabi.lib : xfatan.obj (.text)
                  20017fe4    000000d4     simplelink.a : device.obj (.text:sl_Stop)
                  200180b8    000000d0     Task_Main.obj (.text:Main_Task_withHibernate)
                  20018188    000000d0     rtsv7M4_T_le_eabi.lib : xfdscale.obj (.text)
                  20018258    000000cc     approximations.obj (.text:fatan_deg)
                  20018324    000000cc     rtsv7M4_T_le_eabi.lib : sqrtf.obj (.text)
                  200183f0    000000c8     mt9d111.obj (.text:EnterStandby_mt9d111)
                  200184b8    000000c8     simplelink.a : netapp.obj (.text:_sl_HandleAsync_DnsGetHostByService)
                  20018580    000000c8     rtsv7M4_T_le_eabi.lib : fflush.obj (.text)
                  20018648    000000c4     mt9d111.obj (.text:ExitStandby_mt9d111)
                  2001870c    000000c4     simplelink.a : driver.obj (.text:_SlRemoveFromList)
                  200187d0    000000c0     i2c_if.obj (.text:I2C_IF_Read)
                  20018890    000000c0     user_configure_fn.obj (.text:WlanConnect)
                  20018950    000000be     rtsv7M4_T_le_eabi.lib : xdnorm.obj (.text)
                  20018a0e    00000002     --HOLE-- [fill = 0]
                  20018a10    000000bc     i2c_if.obj (.text:I2C_IF_Write)
                  20018acc    000000bc     simplelink.a : driver.obj (.text:_SlDrvMsgReadCmdCtx)
                  20018b88    000000bc     tempRHSens_si7020.obj (.text:configureTempRHSensor)
                  20018c44    000000bc     rtsv7M4_T_le_eabi.lib : acosf.obj (.text)
                  20018d00    000000bc     simplelink.a : device.obj (.text:sl_Start)
                  20018dbc    000000ba     free_rtos.a : portasm.obj (.text)
                  20018e76    00000002     --HOLE-- [fill = 0]
                  20018e78    000000b8     camera_app.obj (.text:ImagCapture_Init)
                  20018f30    000000b8     simplelink.a : driver.obj (.text:_SlAsyncEventGenericHandler)
                  20018fe8    000000b8     installation.obj (.text:createInstallation)
                  200190a0    000000b4     simplelink.a : netapp.obj (.text:sl_NetAppMDNSRegisterUnregisterService)
                  20019154    000000b0     app_common.obj (.text:intToASCII)
                  20019204    000000ac     mt9d111.obj (.text:Verify_ImageSensor)
                  200192b0    000000ac     rtsv7M4_T_le_eabi.lib : _io_perm.obj (.text)
                  2001935c    000000ab     installation.obj (.text:getInstallationByIdCallback)
                  20019407    00000001     --HOLE-- [fill = 0]
                  20019408    000000aa     uartA1_if.obj (.text:Report)
                  200194b2    00000002     --HOLE-- [fill = 0]
                  200194b4    000000a8     driverlib.a : interrupt.obj (.text:IntDisable)
                  2001955c    000000a8                 : interrupt.obj (.text:IntEnable)
                  20019604    000000a8     simplelink.a : netcfg.obj (.text:sl_NetCfgGet)
                  200196ac    000000a4     app_common.obj (.text:LED_Blink)
                  20019750    000000a0     driverlib.a : spi.obj (.text:SPIConfigSetExpClk)
                  200197f0    000000a0     cc3200_socket.obj (.text:socketWrite)
                  20019890    0000009e     matrix.obj (.text:f3x3matrixDetA)
                  2001992e    00000002     --HOLE-- [fill = 0]
                  20019930    0000009c     simplelink.a : driver.obj (.text:_SlDrvMsgReadSpawnCtx)
                  200199cc    0000009c     approximations.obj (.text:fatan2_deg)
                  20019a68    0000009c     rtsv7M4_T_le_eabi.lib : memcpy_t2.obj (.text)
                  20019b04    0000009c     simplelink.a : device.obj (.text:sl_DevGet)
                  20019ba0    00000098     camera_app.obj (.text:Config_CameraCapture)
                  20019c38    00000098     simplelink.a : fs.obj (.text:_sl_GetCreateFsMode)
                  20019cd0    00000098     rtsv7M4_T_le_eabi.lib : fclose.obj (.text)
                  20019d68    00000098                           : fputc.obj (.text)
                  20019e00    00000094     driverlib.a : prcm.obj (.text:PRCMPeripheralClockGet)
                  20019e94    00000094     approximations.obj (.text:facos_deg)
                  20019f28    00000094     lightSens_isl29035.obj (.text:getLightsensor_data)
                  20019fbc    00000094     rtsv7M4_T_le_eabi.lib : snprintf.obj (.text)
                  2001a050    00000092     parse_impl.obj (.text:parseInitialize)
                  2001a0e2    00000092     rtsv7M4_T_le_eabi.lib : fs_div_t2.obj (.text)
                  2001a174    00000090     network_relater_fns.obj (.text:InitializeUserConfigVariables)
                  2001a204    0000008c     simplelink.a : cc_pal.obj (.text:SetupDMAReceive)
                  2001a290    0000008c                  : cc_pal.obj (.text:SetupDMASend)
                  2001a31c    0000008c                  : netapp.obj (.text:_sl_HandleAsync_DnsGetHostByName)
                  2001a3a8    0000008c                  : netapp.obj (.text:_sl_HandleAsync_PingResponse)
                  2001a434    0000008c     rtsv7M4_T_le_eabi.lib : xfdint.obj (.text)
                  2001a4c0    0000008c     simplelink.a : cc_pal.obj (.text:spi_Write)
                  2001a54c    00000088     driverlib.a : prcm.obj (.text:PRCMHibernateIntervalSet)
                  2001a5d4    00000088                 : pin.obj (.text:PinConfigSet)
                  2001a65c    00000088     rtsv7M4_T_le_eabi.lib : vsnprintf.obj (.text)
                  2001a6e4    00000088     simplelink.a : fs.obj (.text:sl_FsClose)
                  2001a76c    00000086     rtsv7M4_T_le_eabi.lib : fd_cmp_t2.obj (.text:__aeabi_cdcmple)
                  2001a7f2    00000086                           : fd_cmp_t2.obj (.text:__aeabi_cdrcmple)
                  2001a878    00000084     timer_if.obj (.text:GetPeripheralIntNum)
                  2001a8fc    00000084     driverlib.a : i2c.obj (.text:I2CMasterInitExpClk)
                  2001a980    00000084     simplelink.a : cc_pal.obj (.text:NwpPowerOnPreamble)
                  2001aa04    00000084     matrix.obj (.text:f3x3matrixAeqI)
                  2001aa88    00000084     fusion.obj (.text:fInit_6DOF_GB_BASIC)
                  2001ab0c    00000080     camera_app.obj (.text:Standby_ImageSensor)
                  2001ab8c    00000080     simplelink.a : driver.obj (.text:_SlDrvCmdOp)
                  2001ac0c    00000080                  : cc_pal.obj (.text:spi_Read_CPU)
                  2001ac8c    00000080                  : cc_pal.obj (.text:spi_Write_CPU)
                  2001ad0c    0000007c     network_relater_fns.obj (.text:ConfigureMode)
                  2001ad88    0000007c     simplelink.a : device.obj (.text:_sl_HandleAsync_InitComplete)
                  2001ae04    0000007c     matrix.obj (.text:fmatrixAeqI)
                  2001ae80    0000007c     simplelink.a : fs.obj (.text:sl_FsGetInfo)
                  2001aefc    0000007a     rtsv7M4_T_le_eabi.lib : fs_mul_t2.obj (.text)
                  2001af76    0000007a                           : memset_t2.obj (.text)
                  2001aff0    0000007a                           : xfdnorm.obj (.text)
                  2001b06a    00000002     --HOLE-- [fill = 0]
                  2001b06c    00000078     i2c_if.obj (.text:I2CTransact)
                  2001b0e4    00000078     parse_uploads.obj (.text:InitialiseParse)
                  2001b15c    00000078     simplelink.a : socket.obj (.text:_sl_HandleAsync_Connect)
                  2001b1d4    00000078                  : fs.obj (.text:sl_FsOpen)
                  2001b24c    00000078                  : cc_pal.obj (.text:spi_Close)
                  2001b2c4    00000076     driverlib.a : uart.obj (.text:UARTConfigSetExpClk)
                  2001b33a    00000002     --HOLE-- [fill = 0]
                  2001b33c    00000074     camera_app.obj (.text:Wakeup_ImageSensor)
                  2001b3b0    00000074     simplelink.a : socket.obj (.text:sl_Recv)
                  2001b424    00000073     installation.obj (.text:getInstallationCallback)
                  2001b497    00000001     --HOLE-- [fill = 0]
                  2001b498    00000072     timer_if.obj (.text:Timer_IF_IntSetup)
                  2001b50a    00000002     --HOLE-- [fill = 0]
                  2001b50c    00000070     batteryVoltLvlSens_adc081c021.obj (.text:Get_BatteryVoltageLevel_ADC081C021)
                  2001b57c    00000070     timer_fns.obj (.text:get_timeDuration)
                  2001b5ec    0000006c     camera_app.obj (.text:CamControllerInit)
                  2001b658    0000006c     udma_if.obj (.text:UDMAInit)
                  2001b6c4    0000006c     simplelink.a : driver.obj (.text:_SlDrvCmdSend)
                  2001b730    0000006c     matrix.obj (.text:f3x3matrixAeqMinusA)
                  2001b79c    0000006c     request.obj (.text:parseSendRequestInternal)
                  2001b808    0000006c     rtsv7M4_T_le_eabi.lib : autoinit.obj (.text)
                  2001b874    0000006c                           : fprintf.obj (.text)
                  2001b8e0    0000006a     matrix.obj (.text:f3x3matrixAeqAxScalar)
                  2001b94a    0000006a     rtsv7M4_T_le_eabi.lib : copy_decompress_rle.obj (.text)
                  2001b9b4    00000069     http.obj (.text:beginHttpGetRequest)
                  2001ba1d    00000003     --HOLE-- [fill = 0]
                  2001ba20    00000068     Task_ImageCaptureConfigs.obj (.text:ImageSensor_CaptureConfigs_Task)
                  2001ba88    00000068     driverlib.a : prcm.obj (.text:PRCMHibernateWakeUpGPIOSelect)
                  2001baf0    00000068     mt9d111.obj (.text:StartSensorInJpegMode)
                  2001bb58    00000068     simplelink.a : netapp.obj (.text:_sl_NetAppSendTokenValue)
                  2001bbc0    00000068     cc3200_utils.obj (.text:fetchDeviceOSVersion)
                  2001bc28    00000068     rtsv7M4_T_le_eabi.lib : trgmsg.obj (.text)
                  2001bc90    00000068     simplelink.a : device.obj (.text:sl_DevSet)
                  2001bcf8    00000068                  : netcfg.obj (.text:sl_NetCfgSet)
                  2001bd60    00000068                  : socket.obj (.text:sl_SetSockOpt)
                  2001bdc8    00000068                  : wlan.obj (.text:sl_WlanSet)
                  2001be30    00000066     matrix.obj (.text:f3x3matrixAeqScalar)
                  2001be96    00000066     rtsv7M4_T_le_eabi.lib : xdunscal.obj (.text)
                  2001befc    00000064                           : fseek.obj (.text)
                  2001bf60    00000064     cc3200_socket.obj (.text:socketWait)
                  2001bfc4    00000064     tempRHSens_si7020.obj (.text:softResetTempRHSensor)
                  2001c028    00000064     driverlib.a : udma.obj (.text:uDMAChannelAttributeDisable)
                  2001c08c    00000064                 : udma.obj (.text:uDMAChannelAttributeEnable)
                  2001c0f0    00000060     rtsv7M4_T_le_eabi.lib : fs_cmp_t2.obj (.text:__aeabi_cfcmple)
                  2001c150    00000060                           : fs_cmp_t2.obj (.text:__aeabi_cfrcmple)
                  2001c1b0    00000060     simplelink.a : socket.obj (.text:_sl_HandleAsync_Accept)
                  2001c210    00000060     main_FXOS8700.obj (.text:fxosDefault_Initializations)
                  2001c270    00000060     lightSens_isl29035.obj (.text:getLightsensor_intrptStatus)
                  2001c2d0    00000060     accelomtrMagntomtr_fxos8700.obj (.text:getMagntData)
                  2001c330    00000060     rtsv7M4_T_le_eabi.lib : sprintf.obj (.text)
                  2001c390    00000060     simplelink.a : wlan.obj (.text:sl_WlanPolicySet)
                  2001c3f0    00000060     accelomtrMagntomtr_fxos8700.obj (.text:standby_accelMagn_fxos8700)
                  2001c450    0000005c     ota.obj (.text:OTA_Init)
                  2001c4ac    0000005c     simplelink.a : socket.obj (.text:sl_Socket)
                  2001c508    00000058     driverlib.a : interrupt.obj (.text:IntPendClear)
                  2001c560    00000058                 : prcm.obj (.text:PRCMPeripheralReset)
                  2001c5b8    00000056     rtsv7M4_T_le_eabi.lib : ltoa.obj (.text)
                  2001c60e    00000056                           : xfdunsca.obj (.text)
                  2001c664    00000054     driverlib.a : interrupt.obj (.text:IntPrioritySet)
                  2001c6b8    00000054     simplelink.a : socket.obj (.text:_sl_HandleAsync_Select)
                  2001c70c    00000054     approximations.obj (.text:fasin_deg)
                  2001c760    00000054     request.obj (.text:headerSend)
                  2001c7b4    00000054     simplelink.a : wlan.obj (.text:sl_WlanRxFilterSet)
                  2001c808    00000051     installation.obj (.text:createInstallationCallback)
                  2001c859    00000003     --HOLE-- [fill = 0]
                  2001c85c    00000050     i2c_if.obj (.text:I2C_IF_Open)
                  2001c8ac    00000050     simplelink.a : device.obj (.text:_sl_HandleAsync_Stop)
                  2001c8fc    00000050     mt9d111.obj (.text:disableAE)
                  2001c94c    00000050     mt9d111.obj (.text:disableAWB)
                  2001c99c    00000050     rtsv7M4_T_le_eabi.lib : fs_toull_t2.obj (.text)
                  2001c9ec    00000050     simplelink.a : fs.obj (.text:sl_FsDel)
                  2001ca3c    0000004c     tasks.obj (.text:RdSensData_Init)
                  2001ca88    0000004c     driverlib.a : spi.obj (.text:SPIIntEnable)
                  2001cad4    0000004c     simplelink.a : driver.obj (.text:_SlDrvProtectAsyncRespSetting)
                  2001cb20    0000004c                  : driver.obj (.text:_SlDrvRxIrqHandler)
                  2001cb6c    0000004c                  : socket.obj (.text:_sl_BuildAddress)
                  2001cbb8    0000004c     rtsv7M4_T_le_eabi.lib : atoi.obj (.text)
                  2001cc04    0000004c                           : atol.obj (.text)
                  2001cc50    0000004c                           : cpy_tbl.obj (.text)
                  2001cc9c    0000004c                           : rand.obj (.text)
                  2001cce8    0000004c     driverlib.a : udma.obj (.text:uDMAChannelAssign)
                  2001cd34    0000004a     rtsv7M4_T_le_eabi.lib : fd_tos_t2.obj (.text)
                  2001cd7e    00000002     --HOLE-- [fill = 0]
                  2001cd80    00000048     driverlib.a : prcm.obj (.text:PRCMHibernateWakeupSourceDisable)
                  2001cdc8    00000048                 : prcm.obj (.text:PRCMHibernateWakeupSourceEnable)
                  2001ce10    00000048                 : spi.obj (.text:SPIIntClear)
                  2001ce58    00000048     simplelink.a : driver.obj (.text:_SlDrvBasicCmd)
                  2001cea0    00000048     http.obj (.text:addHttpRequestLine)
                  2001cee8    00000048     approximations.obj (.text:fatan_15deg)
                  2001cf30    00000048     rtsv7M4_T_le_eabi.lib : fd_toi_t2.obj (.text)
                  2001cf78    00000046                           : ldexp.obj (.text)
                  2001cfbe    00000002     --HOLE-- [fill = 0]
                  2001cfc0    00000044     driverlib.a : spi.obj (.text:SPIDmaMaskGet)
                  2001d004    00000044                 : timer.obj (.text:TimerConfigure)
                  2001d048    00000044     udma_if.obj (.text:UDMASetupTransfer)
                  2001d08c    00000044     simplelink.a : cc_pal.obj (.text:cc_SetupTransfer)
                  2001d0d0    00000044     main_FXOS8700.obj (.text:fxos_Calibration)
                  2001d114    00000044     rtsv7M4_T_le_eabi.lib : exit.obj (.text)
                  2001d158    00000044                           : fd_tou_t2.obj (.text)
                  2001d19c    00000042     simplelink.a : socket.obj (.text:sl_Htonl)
                  2001d1de    00000002     --HOLE-- [fill = 0]
                  2001d1e0    00000040     driverlib.a : pin.obj (.text:PinModeSet)
                  2001d220    00000040     http.obj (.text:getHttpResponseBody)
                  2001d260    00000040     rtsv7M4_T_le_eabi.lib : signal.obj (.text)
                  2001d2a0    0000003e     appFns_LightSensor.obj (.text:IsLightOff)
                  2001d2de    0000003e     rtsv7M4_T_le_eabi.lib : strncasecmp.obj (.text)
                  2001d31c    0000003c     simplelink.a : netapp.obj (.text:CopyPingResultsToReport)
                  2001d358    0000003c     tasks.obj (.text:Fusion_Init)
                  2001d394    0000003c     driverlib.a : prcm.obj (.text:PRCMPeripheralClkEnable)
                  2001d3d0    0000003c     simplelink.a : socket.obj (.text:_sl_TruncatePayloadByProtocol)
                  2001d40c    0000003c     rtsv7M4_T_le_eabi.lib : boot.obj (.text)
                  2001d448    0000003c     simplelink.a : socket.obj (.text:sl_Htons)
                  2001d484    0000003c     timer_fns.obj (.text:start_100mSecTimer)
                  2001d4c0    0000003c     driverlib.a : udma.obj (.text:uDMAChannelControlSet)
                  2001d4fc    0000003a                 : camera.obj (.text:CameraCaptureStop)
                  2001d536    0000003a                 : camera.obj (.text:CameraXClkConfig)
                  2001d570    0000003a     orientation.obj (.text:fLPFScalar)
                  2001d5aa    0000003a     request.obj (.text:parseSendRequest)
                  2001d5e4    00000039     http.obj (.text:addHttpRequestHeader)
                  2001d61d    00000003     --HOLE-- [fill = 0]
                  2001d620    00000038     simplelink.a : cc_pal.obj (.text:NwpPowerOff)
                  2001d658    00000038     free_rtos.a : heap_3.obj (.text)
                  2001d690    00000038     rtsv7M4_T_le_eabi.lib : fs_tod_t2.obj (.text)
                  2001d6c8    00000038                           : fs_toi_t2.obj (.text)
                  2001d700    00000038                           : i_tofs_t2.obj (.text)
                  2001d738    00000037     ota.obj (.text:OTA_Update)
                  2001d76f    00000001     --HOLE-- [fill = 0]
                  2001d770    00000036     driverlib.a : gpio.obj (.text:GPIODirModeSet)
                  2001d7a6    00000036     simplelink.a : netapp.obj (.text:sl_NetAppMDNSUnRegisterService)
                  2001d7dc    00000035     http.obj (.text:beginHttpRequest)
                  2001d811    00000001     --HOLE-- [fill = 0]
                  2001d812    00000034     driverlib.a : camera.obj (.text:CameraParamsConfig)
                  2001d846    00000002     --HOLE-- [fill = 0]
                  2001d848    00000034                 : prcm.obj (.text:PRCMPeripheralStatusGet)
                  2001d87c    00000034                 : spi.obj (.text:SPIFIFOLevelSet)
                  2001d8b0    00000034     http.obj (.text:getHttpResponseStatus)
                  2001d8e4    00000034     main_FXOS8700.obj (.text:get_angle)
                  2001d918    00000034     rtsv7M4_T_le_eabi.lib : feraiseexcept.obj (.text)
                  2001d94c    00000034                           : fs_tou_t2.obj (.text)
                  2001d980    00000034                           : strstr.obj (.text)
                  2001d9b4    00000032     timer_if.obj (.text:Timer_IF_Init)
                  2001d9e6    00000002     --HOLE-- [fill = 0]
                  2001d9e8    00000030     main.obj (.text:BoardInit)
                  2001da18    00000030     driverlib.a : pin.obj (.text:PinTypeGPIO)
                  2001da48    00000030                 : uart.obj (.text:UARTDisable)
                  2001da78    00000030     simplelink.a : device.obj (.text:_SlDrvDeviceEventHandler)
                  2001daa8    00000030                  : fs.obj (.text:_sl_Strlen)
                  2001dad8    00000030     rtsv7M4_T_le_eabi.lib : strncpy.obj (.text)
                  2001db08    00000030                           : xferaise.obj (.text)
                  2001db38    00000030     simplelink.a : socket.obj (.text:sl_Close)
                  2001db68    00000030                  : wlan.obj (.text:sl_WlanProfileDel)
                  2001db98    00000030                  : wlan.obj (.text:sl_WlanSetMode)
                  2001dbc8    0000002e     rtsv7M4_T_le_eabi.lib : i_tofd_t2.obj (.text)
                  2001dbf6    0000002e                           : raise.obj (.text)
                  2001dc24    0000002d     http.obj (.text:addHttpRequestHeaderInt)
                  2001dc51    00000003     --HOLE-- [fill = 0]
                  2001dc54    0000002c     tasks.obj (.text:ApplyMagHAL)
                  2001dc80    0000002c     driverlib.a : camera.obj (.text:CameraIntEnable)
                  2001dcac    0000002c     simplelink.a : cc_pal.obj (.text:DmaSpiSwIntHandler)
                  2001dcd8    0000002c     driverlib.a : i2c.obj (.text:I2CMasterErr)
                  2001dd04    0000002c                 : prcm.obj (.text:PRCMSysResetCauseGet)
                  2001dd30    0000002c     mt9d111.obj (.text:SoftReset_ImageSensor)
                  2001dd5c    0000002c     cc3200_utils.obj (.text:getDeviceTimeDate)
                  2001dd88    0000002c     request.obj (.text:setDataBufferPointer)
                  2001ddb4    0000002a     driverlib.a : timer.obj (.text:TimerLoadSet)
                  2001ddde    0000002a                 : timer.obj (.text:TimerPrescaleSet)
                  2001de08    0000002a     rtsv7M4_T_le_eabi.lib : xdclass.obj (.text)
                  2001de32    00000002     --HOLE-- [fill = 0]
                  2001de34    00000028     driverlib.a : camera.obj (.text:CameraIntStatus)
                  2001de5c    00000028     uartA1_if.obj (.text:InitTerm)
                  2001de84    00000028     uartA1_if.obj (.text:Message)
                  2001deac    00000028     driverlib.a : prcm.obj (.text:PRCMPeripheralClkDisable)
                  2001ded4    00000028     rtsv7M4_T_le_eabi.lib : strncat.obj (.text)
                  2001defc    00000028     simplelink.a : netapp.obj (.text:sl_NetAppStart)
                  2001df24    00000028                  : netapp.obj (.text:sl_NetAppStop)
                  2001df4c    00000026     driverlib.a : camera.obj (.text:CameraThresholdSet)
                  2001df72    00000026     simplelink.a : cc_pal.obj (.text:NwpRegisterInterruptHandler)
                  2001df98    00000026     rtsv7M4_T_le_eabi.lib : strncmp.obj (.text)
                  2001dfbe    00000002     --HOLE-- [fill = 0]
                  2001dfc0    00000024     driverlib.a : camera.obj (.text:CameraIntClear)
                  2001dfe4    00000024     timer_fns.obj (.text:IntHandler_100mSecTimer)
                  2001e008    00000024     driverlib.a : interrupt.obj (.text:IntUnregister)
                  2001e02c    00000024     timer_if.obj (.text:Timer_IF_Start)
                  2001e050    00000024     driverlib.a : uart.obj (.text:UARTEnable)
                  2001e074    00000024     mt9d111.obj (.text:WriteAllAEnAWBRegs)
                  2001e098    00000024     simplelink.a : driver.obj (.text:_SlDrvProtectionObjLockWaitForever)
                  2001e0bc    00000024     rtsv7M4_T_le_eabi.lib : u_tofs_t2.obj (.text)
                  2001e0e0    00000022     driverlib.a : camera.obj (.text:CameraCaptureStart)
                  2001e102    00000022                 : i2c.obj (.text:I2CMasterSlaveAddrSet)
                  2001e124    00000022     simplelink.a : socket.obj (.text:SL_FD_SET)
                  2001e146    00000022     driverlib.a : spi.obj (.text:SPIReset)
                  2001e168    00000022                 : spi.obj (.text:SPIWordCountSet)
                  2001e18a    00000022     rtsv7M4_T_le_eabi.lib : frexp.obj (.text)
                  2001e1ac    00000022                           : memcmp.obj (.text)
                  2001e1ce    00000020     driverlib.a : gpio.obj (.text:GPIOPinWrite)
                  2001e1ee    00000002     --HOLE-- [fill = 0]
                  2001e1f0    00000020                 : interrupt.obj (.text:IntRegister)
                  2001e210    00000020     simplelink.a : cc_pal.obj (.text:NwpPowerOn)
                  2001e230    00000020     mt9d111.obj (.text:Refresh_mt9d111Firmware)
                  2001e250    00000020     simplelink.a : driver.obj (.text:_SlDrvProtectionObjUnLock)
                  2001e270    00000020     rtsv7M4_T_le_eabi.lib : memchr.obj (.text)
                  2001e290    00000020                           : u_tofd_t2.obj (.text)
                  2001e2b0    0000001e     driverlib.a : i2c.obj (.text:I2CMasterIntStatusEx)
                  2001e2ce    0000001e                 : timer.obj (.text:TimerDisable)
                  2001e2ec    0000001e                 : timer.obj (.text:TimerEnable)
                  2001e30a    0000001e                 : timer.obj (.text:TimerIntStatus)
                  2001e328    0000001e                 : uart.obj (.text:UARTCharPut)
                  2001e346    0000001e     simplelink.a : cc_pal.obj (.text:cc_UDMAChannelSelect)
                  2001e364    0000001e     rtsv7M4_T_le_eabi.lib : strcat.obj (.text)
                  2001e382    00000002     --HOLE-- [fill = 0]
                  2001e384    0000001c     tasks.obj (.text:ApplyAccelHAL)
                  2001e3a0    0000001c     mt9d111.obj (.text:CameraSensorInit)
                  2001e3bc    0000001c     udma_if.obj (.text:DmaSwIntHandler)
                  2001e3d8    0000001c     driverlib.a : pin.obj (.text:PinTypeI2C)
                  2001e3f4    0000001c                 : timer.obj (.text:TimerValueGet)
                  2001e410    0000001c     simplelink.a : driver.obj (.text:_SlDrvObjLockWaitForever)
                  2001e42c    0000001c                  : driver.obj (.text:_SlDrvSyncObjWaitForever)
                  2001e448    0000001c     rtsv7M4_T_le_eabi.lib : memccpy.obj (.text)
                  2001e464    0000001c     timer_fns.obj (.text:stop_100mSecTimer)
                  2001e480    0000001c     driverlib.a : udma.obj (.text:uDMAChannelDisable)
                  2001e49c    0000001c                 : udma.obj (.text:uDMAChannelEnable)
                  2001e4b8    0000001c     main.obj (.text:vApplicationMallocFailedHook)
                  2001e4d4    0000001a     driverlib.a : pin.obj (.text:PinTypeCamera)
                  2001e4ee    0000001a                 : pin.obj (.text:PinTypeUART)
                  2001e508    0000001a                 : spi.obj (.text:SPIDmaDisable)
                  2001e522    0000001a                 : spi.obj (.text:SPIDmaEnable)
                  2001e53c    0000001a                 : spi.obj (.text:SPIFIFODisable)
                  2001e556    0000001a                 : spi.obj (.text:SPIFIFOEnable)
                  2001e570    00000018                 : camera.obj (.text:CameraReset)
                  2001e588    00000018                 : gpio.obj (.text:GPIOPinRead)
                  2001e5a0    00000018                 : prcm.obj (.text:PRCMHibernateEnter)
                  2001e5b8    00000018                 : spi.obj (.text:SPICSDisable)
                  2001e5d0    00000018                 : spi.obj (.text:SPICSEnable)
                  2001e5e8    00000018                 : spi.obj (.text:SPIDisable)
                  2001e600    00000018                 : spi.obj (.text:SPIEnable)
                  2001e618    00000018                 : timer.obj (.text:TimerIntEnable)
                  2001e630    00000018     timer_if.obj (.text:Timer_IF_InterruptClear)
                  2001e648    00000018     simplelink.a : driver.obj (.text:_SlDrvObjUnLock)
                  2001e660    00000018                  : driver.obj (.text:_SlDrvSyncObjSignal)
                  2001e678    00000018                  : device.obj (.text:_sl_GetStartResponseConvert)
                  2001e690    00000018     rtsv7M4_T_le_eabi.lib : args_main.obj (.text)
                  2001e6a8    00000018                           : strcmp.obj (.text)
                  2001e6c0    00000016     driverlib.a : camera.obj (.text:CameraDMAEnable)
                  2001e6d6    00000016                 : camera.obj (.text:CameraIntRegister)
                  2001e6ec    00000016                 : i2c.obj (.text:I2CMasterDataPut)
                  2001e702    00000016                 : i2c.obj (.text:I2CMasterEnable)
                  2001e718    00000016                 : prcm.obj (.text:PRCMHIBRegRead)
                  2001e72e    00000016                 : prcm.obj (.text:PRCMHIBRegWrite)
                  2001e744    00000016     simplelink.a : driver.obj (.text:_SlDrvMemZero)
                  2001e75a    00000016     rtsv7M4_T_le_eabi.lib : strchr.obj (.text)
                  2001e770    00000014     driverlib.a : cpu.obj (.text:CPUcpsie)
                  2001e784    00000014                 : interrupt.obj (.text:IntVTableBaseSet)
                  2001e798    00000014     app_common.obj (.text:LED_Off)
                  2001e7ac    00000014     app_common.obj (.text:LED_On)
                  2001e7c0    00000014     rtsv7M4_T_le_eabi.lib : _lock.obj (.text)
                  2001e7d4    00000014                           : strcpy.obj (.text)
                  2001e7e8    00000014                           : strlen.obj (.text)
                  2001e7fc    00000014     driverlib.a : udma.obj (.text:uDMAControlBaseSet)
                  2001e810    00000014                 : udma.obj (.text:uDMAIntClear)
                  2001e824    00000012                 : i2c.obj (.text:I2CMasterControl)
                  2001e836    00000012                 : i2c.obj (.text:I2CMasterIntClearEx)
                  2001e848    00000012                 : i2c.obj (.text:I2CMasterTimeoutSet)
                  2001e85a    00000012                 : timer.obj (.text:TimerIntClear)
                  2001e86c    00000010                 : prcm.obj (.text:PRCMSOCReset)
                  2001e87c    00000010     simplelink.a : socket.obj (.text:SL_FD_ZERO)
                  2001e88c    00000010     timer_if.obj (.text:Timer_IF_Stop)
                  2001e89c    00000010     cc3200_socket.obj (.text:socketClose)
                  2001e8ac    0000000e     driverlib.a : i2c.obj (.text:I2CMasterDataGet)
                  2001e8ba    0000000e     simplelink.a : driver.obj (.text:_SlDrvResetCmdExt)
                  2001e8c8    0000000e     rtsv7M4_T_le_eabi.lib : copy_decompress_none.obj (.text:decompress:none)
                  2001e8d6    0000000c     udma_if.obj (.text:DmaErrorIntHandler)
                  2001e8e2    00000002     --HOLE-- [fill = 0]
                  2001e8e4    0000000c     simplelink.a : cc_pal.obj (.text:NwpMaskInterrupt)
                  2001e8f0    0000000c                  : cc_pal.obj (.text:NwpUnMaskInterrupt)
                  2001e8fc    0000000c     rtsv7M4_T_le_eabi.lib : copy_zero_init.obj (.text:decompress:ZI)
                  2001e908    0000000c     parse_impl.obj (.text:getInternalClient)
                  2001e914    0000000c     simplelink.a : wlan.obj (.text:sl_WlanDisconnect)
                  2001e920    0000000c     driverlib.a : udma.obj (.text:uDMAEnable)
                  2001e92c    0000000c                 : udma.obj (.text:uDMAIntStatus)
                  2001e938    0000000a                 : interrupt.obj (.text:IntMasterEnable)
                  2001e942    0000000a     main.obj (.text:vApplicationStackOverflowHook)
                  2001e94c    00000008     hibernate_related_fns.obj (.text:sensorsTriggerSetup)
                  2001e954    00000006     i2cconfig.obj (.text:MT9D111Delay)
                  2001e95a    00000006     startup_ccs.obj (.text:ResetISR)
                  2001e960    00000006     driverlib.a : utils.obj (.text:UtilsDelay)
                  2001e966    00000006     rtsv7M4_T_le_eabi.lib : copy_decompress_rle.obj (.text:decompress:rle24)
                  2001e96c    00000006                           : logf.obj (.text)
                  2001e972    00000006                           : sinf.obj (.text)
                  2001e978    00000004                           : error.obj (.text)
                  2001e97c    00000004                           : pre_init.obj (.text)

.const     0    2001e980    00000f6b     
                  2001e980    0000013c     mt9d111.obj (.const:init_cmds_list)
                  2001eabc    00000101     rtsv7M4_T_le_eabi.lib : ctype.obj (.const:.string:_ctypes_)
                  2001ebbd    00000003     --HOLE-- [fill = 0]
                  2001ebc0    00000100     driverlib.a : pin.obj (.const:g_ulPinToPadMap)
                  2001ecc0    00000100     mt9d111.obj (.const)
                  2001edc0    000000d4     driverlib.a : interrupt.obj (.const:g_pulRegs)
                  2001ee94    000000c4     mt9d111.obj (.const:capture_cmds_list)
                  2001ef58    000000b0     simplelink.a : wlan.obj (.const:$P$T0$1)
                  2001f008    000000a8     driverlib.a : prcm.obj (.const:PRCM_PeriphRegsList)
                  2001f0b0    00000080                 : interrupt.obj (.const)
                  2001f130    0000007c     camera_app.obj (.const:.string)
                  2001f1ac    0000007a     mt9d111.obj (.const:.string)
                  2001f226    00000072     lightSens_isl29035.obj (.const:.string)
                  2001f298    00000071     user_configure_fn.obj (.const:.string)
                  2001f309    00000003     --HOLE-- [fill = 0]
                  2001f30c    00000068     appFns_BatteryLevelSense.obj (.const:V2CEntry$1)
                  2001f374    00000054     mt9d111.obj (.const:$P$T29$30)
                  2001f3c8    00000050     accelomtrMagntomtr_fxos8700.obj (.const:.string)
                  2001f418    0000004c     mt9d111.obj (.const:$P$T7$8)
                  2001f464    0000004b     tempRHSens_si7020.obj (.const:.string)
                  2001f4af    0000003c     i2c_app.obj (.const:.string)
                  2001f4eb    00000001     --HOLE-- [fill = 0]
                  2001f4ec    0000003c     simplelink.a : driver.obj (.const:OpcodeTranslateTable)
                  2001f528    0000003c                  : wlan.obj (.const)
                  2001f564    00000038                  : driver.obj (.const:_SlActionLookupTable)
                  2001f59c    00000038     rtsv7M4_T_le_eabi.lib : xflog.obj (.const)
                  2001f5d4    00000038     simplelink.a : fs.obj (.const)
                  2001f60c    00000036     flash_files.obj (.const:.string)
                  2001f642    00000002     --HOLE-- [fill = 0]
                  2001f644    00000034     rtsv7M4_T_le_eabi.lib : xfatan.obj (.const)
                  2001f678    00000034     simplelink.a : driver.obj (.const)
                  2001f6ac    00000034                  : socket.obj (.const)
                  2001f6e0    0000002c     network_relater_fns.obj (.const:$P$T1$2)
                  2001f70c    0000002b     parse_uploads.obj (.const:.string)
                  2001f737    00000001     --HOLE-- [fill = 0]
                  2001f738    00000028     rtsv7M4_T_le_eabi.lib : xfdint.obj (.const)
                  2001f760    00000028                           : xfsin.obj (.const)
                  2001f788    00000028     simplelink.a : netapp.obj (.const)
                  2001f7b0    00000027     network_relater_fns.obj (.const:.string)
                  2001f7d7    00000023     batteryVoltLvlSens_adc081c021.obj (.const:.string:$P$T0$1)
                  2001f7fa    00000022     network_relater_fns.obj (.const:.string:$P$T0$1)
                  2001f81c    0000001c     rtsv7M4_T_le_eabi.lib : tanf.obj (.const)
                  2001f838    0000001c                           : xfexp.obj (.const)
                  2001f854    00000018     driverlib.a : spi.obj (.const)
                  2001f86c    00000017     request.obj (.const:.string)
                  2001f883    00000014     network_relater_fns.obj (.const)
                  2001f897    00000001     --HOLE-- [fill = 0]
                  2001f898    00000014     simplelink.a : device.obj (.const)
                  2001f8ac    00000010                  : socket.obj (.const:.string)
                  2001f8bc    0000000f     application_fn.obj (.const:.string)
                  2001f8cb    0000000b     app_common.obj (.const:.string)
                  2001f8d6    00000008     simplelink.a : device.obj (.const:.string)
                  2001f8de    00000008                  : netcfg.obj (.const)
                  2001f8e6    00000005     main.obj (.const:.string)

.cinit     0    2001f8f0    00000530     
                  2001f8f0    00000506     (.cinit..data.load) [load image, compression = rle]
                  2001fdf6    00000002     --HOLE-- [fill = 0]
                  2001fdf8    0000000c     (__TI_handler_table)
                  2001fe04    00000004     --HOLE-- [fill = 0]
                  2001fe08    00000008     (.cinit..bss.load) [load image, compression = zero_init]
                  2001fe10    00000010     (__TI_cinit_table)

.init_array 
*          0    20004000    00000000     UNINITIALIZED

.bss       0    20022400    000172fc     UNINITIALIZED
                  20022400    00014000     main.obj (.bss:g_image_buffer)
                  20036400    00000b58     tasks.obj (.bss:thisMagBuffer)
                  20036f58    000005a0     ota.a : OtaHttp.obj (.bss:recv_buf)
                  200374f8    0000044c           : OtaClient.obj (.bss:g_OtaCheckUpdateResponse)
                  20037944    00000418     user_configure_fn.obj (.bss:thisMagCal)
                  20037d5c    00000240     ota.obj (.bss:g_otaOptServerInfo)
                  20037f9c    00000058     tasks.obj (.bss:thisMag)
                  20037ff4    0000000c     (.common:g_SecParams)
                  20038000    00000400     udma_if.obj (.bss:gpCtlTbl)
                  20038400    000003d8     ota.a : OtaClient.obj (.bss:g_OtaFileMetadata)
                  200387d8    00000370     main.obj (.bss:g_NetEntries)
                  20038b48    00000200     ota.a : OtaHttp.obj (.bss:send_buf)
                  20038d48    00000178     simplelink.a : driver.obj (.bss:g_StatMem)
                  20038ec0    00000120     rtsv7M4_T_le_eabi.lib : trgmsg.obj (.bss:__CIOBUF_)
                  20038fe0    00000100     udma_if.obj (.bss:gfpAppCallbackHndl)
                  200390e0    000000c8     free_rtos.a : tasks.obj (.bss:pxReadyTasksLists)
                  200391a8    000000ac     tasks.obj (.bss:thisSV_6DOF_GB_BASIC)
                  20039254    000000a0     rtsv7M4_T_le_eabi.lib : defs.obj (.bss:__TI_tmpnams)
                  200392f4    00000074     ota.a : CdnClient.obj (.bss:g_CdnClient)
                  20039368    00000050     simplelink.a : cc_pal.obj (.bss:g_ucDinDout)
                  200393b8    00000050     free_rtos.a : queue.obj (.bss:xQueueRegistry)
                  20039408    0000004c     ota.a : OtaApp.obj (.bss:g_OtaApp)
                  20039454    0000004c           : OtaApp.obj (.bss:g_OtaApp_statistics)
                  200394a0    00000034     cc3200_client_state.obj (.bss:clientStateFileName)
                  200394d4    00000034     main.obj (.bss:g_cWlanSecurityKey)
                  20039508    00000034     tasks.obj (.bss:thisAccel)
                  2003953c    00000024     ota.a : OtaClient.obj (.bss:g_OtaClient)
                  20039560    00000024     main.obj (.bss:g_cWlanSSID)
                  20039584    00000024     main.obj (.bss:g_ucConnectionSSID)
                  200395a8    0000001c     rtsv7M4_T_le_eabi.lib : vla_alloc.obj (.bss)
                  200395c4    00000014     (.common:g_FlcSflashCb)
                  200395d8    00000014     (.common:g_flag_blockFull)
                  200395ec    00000014     (.common:xDelayedTaskList1)
                  20039600    00000014     (.common:xDelayedTaskList2)
                  20039614    00000014     (.common:xPendingReadyList)
                  20039628    00000014     (.common:xSuspendedTaskList)
                  2003963c    00000014     (.common:xTasksWaitingTermination)
                  20039650    00000010     (.common:ang_buf)
                  20039660    00000010     (.common:globals)
                  20039670    00000010     (.common:mqxglobals)
                  20039680    00000008     (.common:g_LogClient)
                  20039688    00000008     (.common:g_ucConnectionBSSID)
                  20039690    00000008     (.common:parmbuf)
                  20039698    00000008     (.common:sBootInfo)
                  200396a0    00000004     (.common:DMAMsgQ)
                  200396a4    00000004     (.common:Elapsed_100MilliSecs)
                  200396a8    00000004     (.common:__Errorlog)
                  200396ac    00000004     (.common:angle_avg)
                  200396b0    00000004     (.common:dataBuffer)
                  200396b4    00000004     (.common:g_block_lastFilled)
                  200396b8    00000004     (.common:g_cDummy)
                  200396bc    00000004     (.common:g_cWlanSecurityType)
                  200396c0    00000004     (.common:g_frame_size_in_bytes)
                  200396c4    00000004     (.common:g_position_in_block)
                  200396c8    00000004     (.common:g_readHeader)
                  200396cc    00000004     (.common:g_total_dma_intrpts)
                  200396d0    00000004     (.common:g_ulAppStatus)
                  200396d4    00000004     (.common:gdoor_40deg_angle)
                  200396d8    00000004     (.common:gdoor_90deg_angle)
                  200396dc    00000004     (.common:pvOtaApp)
                  200396e0    00000004     (.common:pxDelayedTaskList)
                  200396e4    00000004     (.common:pxOverflowDelayedTaskList)
                  200396e8    00000001     (.common:RxIrqCnt)
                  200396e9    00000001     (.common:avg_buffer_cnt)
                  200396ea    00000001     (.common:checkForLight_Flag)
                  200396eb    00000001     (.common:g_I2CPeripheral_inUse_Flag)
                  200396ec    00000001     (.common:g_dma_txn_done)
                  200396ed    00000001     (.common:g_flag_DataBlockFilled)
                  200396ee    00000001     (.common:g_flag_door_closing_45degree)
                  200396ef    00000001     (.common:g_frame_end)
                  200396f0    00000001     (.common:g_ucAngle40)
                  200396f1    00000001     (.common:g_ucAngle90)
                  200396f2    00000001     (.common:g_ucCalibration)
                  200396f3    00000001     (.common:g_ucConfig)
                  200396f4    00000001     (.common:g_ucExitButton)
                  200396f5    00000001     (.common:g_ucMagCalb)
                  200396f6    00000001     (.common:g_ucProfileAdded)
                  200396f7    00000001     (.common:g_ucPushButtonPressedTwice)
                  200396f8    00000001     (.common:iDone)
                  200396f9    00000001     (.common:isitfirsttime)
                  200396fa    00000001     (.common:print_count)
                  200396fb    00000001     (.common:valid_case)

.TI.noinit 
*          0    20022400    00000000     UNINITIALIZED

.sysmem    0    20039700    00005000     UNINITIALIZED
                  20039700    00000008     rtsv7M4_T_le_eabi.lib : memory.obj (.sysmem)
                  20039708    00004ff8     --HOLE--


LINKER GENERATED COPY TABLES

__TI_cinit_table @ 2001fe10 records: 2, size/record: 8, table size: 16
	.data: load addr=2001f8f0, load size=00000506 bytes, run addr=20000000, run size=00000938 bytes, compression=rle
	.bss: load addr=2001fe08, load size=00000008 bytes, run addr=20022400, run size=000172fc bytes, compression=zero_init


LINKER GENERATED HANDLER TABLE

__TI_handler_table @ 2001fdf8 records: 3, size/record: 4, table size: 12
	index: 0, handler: __TI_decompress_rle24
	index: 1, handler: __TI_decompress_none
	index: 2, handler: __TI_zero_init


GLOBAL SYMBOLS: SORTED ALPHABETICALLY BY Name 

address   name                                  
-------   ----                                  
2001e385  ApplyAccelHAL                         
2001dc55  ApplyMagHAL                           
2001d115  C$$EXIT                               
2001bc57  C$$IO$$                               
2001e771  CPUcpsie                              
2001b5ed  CamControllerInit                     
2001e0e1  CameraCaptureStart                    
2001d4fd  CameraCaptureStop                     
2001e6c1  CameraDMAEnable                       
2001dfc1  CameraIntClear                        
2001dc81  CameraIntEnable                       
2001e6d7  CameraIntRegister                     
2001de35  CameraIntStatus                       
2001d813  CameraParamsConfig                    
2001e571  CameraReset                           
2001e3a1  CameraSensorInit                      
2001df4d  CameraThresholdSet                    
2001d537  CameraXClkConfig                      
2000ef95  CaptureImage                          
2000cdf3  CdnClient_CloseServer                 
2000ce11  CdnClient_ConnectByUrl                
2000cdc1  CdnClient_Init                        
2000cc8b  CdnClient_Run                         
2000cc81  CdnClient_SetFileInfo                 
20015fd9  Check_I2CDevices                      
20019ba1  Config_CameraCapture                  
2001ad0d  ConfigureMode                         
2000e4fd  ConfigureSimpleLinkToDefaultState     
200120f1  ConstructDeviceStateObject            
2001d31d  CopyPingResultsToReport               
200396a0  DMAMsgQ                               
2000063c  DigiCertHighAssuranceEVRootCA_der_len 
2001e8d7  DmaErrorIntHandler                    
2001dcad  DmaSpiSwIntHandler                    
2001e3bd  DmaSwIntHandler                       
200396a4  Elapsed_100MilliSecs                  
200183f1  EnterStandby_mt9d111                  
20018649  ExitStandby_mt9d111                   
20013fc1  FXOS8700_Init                         
20015765  FXOS8700_ReadData                     
2001d359  Fusion_Init                           
20013ba5  Fusion_Run                            
2001d771  GPIODirModeSet                        
2001e589  GPIOPinRead                           
2001e1cf  GPIOPinWrite                          
2001773d  Get_BatteryPercent                    
2001b50d  Get_BatteryVoltageLevel_ADC081C021    
200165e9  Get_FridgeCamID                       
20013e65  HIBernate                             
2000e4b5  HOSTclock                             
2000e47d  HOSTclose                             
2000e43f  HOSTgetenv                            
2000e3e3  HOSTlseek                             
2000e391  HOSTopen                              
2000e345  HOSTread                              
2000e2e7  HOSTrename                            
2000e2ad  HOSTtime                              
2000e275  HOSTunlink                            
2000e229  HOSTwrite                             
20014a29  I2CBufferRead                         
200153e1  I2CBufferWrite                        
2001e825  I2CMasterControl                      
2001e8ad  I2CMasterDataGet                      
2001e6ed  I2CMasterDataPut                      
2001e703  I2CMasterEnable                       
2001dcd9  I2CMasterErr                          
2001a8fd  I2CMasterInitExpClk                   
2001e837  I2CMasterIntClearEx                   
2001e2b1  I2CMasterIntStatusEx                  
2001e103  I2CMasterSlaveAddrSet                 
2001e849  I2CMasterTimeoutSet                   
2001c85d  I2C_IF_Open                           
200187d1  I2C_IF_Read                           
20018a11  I2C_IF_Write                          
20018e79  ImagCapture_Init                      
2001ba21  ImageSensor_CaptureConfigs_Task       
2001de5d  InitTerm                              
2001b0e5  InitialiseParse                       
2001a175  InitializeUserConfigVariables         
200194b5  IntDisable                            
2001955d  IntEnable                             
2001dfe5  IntHandler_100mSecTimer               
2001e939  IntMasterEnable                       
2001c509  IntPendClear                          
2001c665  IntPrioritySet                        
2001e1f1  IntRegister                           
2001e009  IntUnregister                         
2001e785  IntVTableBaseSet                      
2001d2a1  IsLightOff                            
200196ad  LED_Blink                             
2001e799  LED_Off                               
2001e7ad  LED_On                                
2000da53  LogClient_Close                       
2000da6b  LogClient_ConnectAndPrint             
2000da1d  LogClient_ConnectServer               
2000da05  LogClient_Init                        
2000d8c1  LogClient_Print                       
2001e955  MT9D111Delay                          
2000dbf9  MagCal_Run                            
200180b9  Main_Task_withHibernate               
2001de85  Message                               
2001e8e5  NwpMaskInterrupt                      
2001d621  NwpPowerOff                           
2001e211  NwpPowerOn                            
2001a981  NwpPowerOnPreamble                    
2001df73  NwpRegisterInterruptHandler           
2001e8f1  NwpUnMaskInterrupt                    
2001360d  OTAServerInfoSet                      
20017ac9  OTA_CommitImage                       
2001d739  OTA_Update                            
2001f4ec  OpcodeTranslateTable                  
2000b877  OtaClient_CloseServer                 
2000b841  OtaClient_ConnectServer               
2000b80f  OtaClient_GetNextUpdate               
2000b7dd  OtaClient_Init                        
2000b707  OtaClient_ResourceMetadata            
2000b543  OtaClient_ResourceNameConvert         
2000b495  OtaClient_UpdateCheck                 
20015179  PRCMCC3200MCUInit                     
2001e719  PRCMHIBRegRead                        
2001e72f  PRCMHIBRegWrite                       
2001e5a1  PRCMHibernateEnter                    
2001a54d  PRCMHibernateIntervalSet              
2001ba89  PRCMHibernateWakeUpGPIOSelect         
2001cd81  PRCMHibernateWakeupSourceDisable      
2001cdc9  PRCMHibernateWakeupSourceEnable       
2001dead  PRCMPeripheralClkDisable              
2001d395  PRCMPeripheralClkEnable               
20019e01  PRCMPeripheralClockGet                
2001c561  PRCMPeripheralReset                   
2001d849  PRCMPeripheralStatusGet               
2001e86d  PRCMSOCReset                          
2001dd05  PRCMSysResetCauseGet                  
2001a5d5  PinConfigSet                          
2001d1e1  PinModeSet                            
200167e9  PinMuxConfig                          
2001e4d5  PinTypeCamera                         
2001da19  PinTypeGPIO                           
2001e3d9  PinTypeI2C                            
2001e4ef  PinTypeUART                           
2001ca3d  RdSensData_Init                       
20011001  RdSensData_Run                        
20017909  ReadFile_FromFlash                    
2001e231  Refresh_mt9d111Firmware               
20019409  Report                                
2001e95b  ResetISR                              
200396e8  RxIrqCnt                              
2001f688  RxMsgClassLUT                         
UNDEFED   SHT$$INIT_ARRAY$$Base                 
UNDEFED   SHT$$INIT_ARRAY$$Limit                
2001e125  SL_FD_SET                             
2001e87d  SL_FD_ZERO                            
2001e5b9  SPICSDisable                          
2001e5d1  SPICSEnable                           
20019751  SPIConfigSetExpClk                    
2001e5e9  SPIDisable                            
2001e509  SPIDmaDisable                         
2001e523  SPIDmaEnable                          
2001e601  SPIEnable                             
2001e53d  SPIFIFODisable                        
2001e557  SPIFIFOEnable                         
2001d87d  SPIFIFOLevelSet                       
2001ce11  SPIIntClear                           
2001ca89  SPIIntEnable                          
2001e147  SPIReset                              
2001e169  SPIWordCountSet                       
20000860  SecurityParams                        
2000a251  SimpleLinkHttpServerCallback          
2001332d  SimpleLinkNetAppEventHandler          
20013775  SimpleLinkSockEventHandler            
2000c459  SimpleLinkWlanEventHandler            
2001dd31  SoftReset_ImageSensor                 
2001ab0d  Standby_ImageSensor                   
2001f8d6  StartResponseLUT                      
2001baf1  StartSensorInJpegMode                 
200179e9  Start_CameraCapture                   
2001d005  TimerConfigure                        
2001e2cf  TimerDisable                          
2001e2ed  TimerEnable                           
2001e85b  TimerIntClear                         
2001e619  TimerIntEnable                        
2001e30b  TimerIntStatus                        
2001ddb5  TimerLoadSet                          
2001dddf  TimerPrescaleSet                      
2001e3f5  TimerValueGet                         
2001d9b5  Timer_IF_Init                         
2001b499  Timer_IF_IntSetup                     
2001e631  Timer_IF_InterruptClear               
2001e02d  Timer_IF_Start                        
2001e88d  Timer_IF_Stop                         
20000728  Token                                 
2001e329  UARTCharPut                           
2001b2c5  UARTConfigSetExpClk                   
2001da49  UARTDisable                           
2001e051  UARTEnable                            
2001b659  UDMAInit                              
2001d049  UDMASetupTransfer                     
20017d5d  UploadImageToParse                    
20017825  UploadSensorDataToParse               
200118bd  UserConfigure_Task                    
2000f941  User_Configure                        
2001e961  UtilsDelay                            
2000aeb5  VDeleteSimpleLinkSpawnTask            
2000ae65  VStartSimpleLinkSpawnTask             
2000078c  Value                                 
20019205  Verify_ImageSensor                    
2001b33d  Wakeup_ImageSensor                    
200138dd  WiFi_Connect                          
2001e075  WriteAllAEnAWBRegs                    
20015cbd  WriteFile_ToFlash                     
2001de09  _Dclass                               
20000640  _Denorm                               
20018951  _Dnorm                                
2001598d  _Dscale                               
2001be97  _Dunscale                             
20000650  _Eps                                  
20000928  _Errno                                
20017f0d  _FAtan                                
200006c0  _FDenorm                              
2001a435  _FDint                                
2001aff1  _FDnorm                               
20018189  _FDscale                              
2001c60f  _FDunscale                            
200006d0  _FEps                                 
20012ecd  _FExp                                 
200006e0  _FInf                                 
20011549  _FLog                                 
200006f0  _FNan                                 
20000710  _FRteps                               
20011f55  _FSin                                 
20000700  _FSnan                                
20000720  _FXbig                                
20000724  _FZero                                
20000910  _Fenv                                 
2001db09  _Feraise                              
20000660  _Hugeval                              
20000670  _Inf                                  
20000680  _Nan                                  
2000cc23  _OpenStorageFile                      
2000b8b9  _OtaCleanToIdle                       
2000cbd5  _ReadFileHeaders                      
2000b9a7  _ReadStatFile                         
2000cbc9  _RecvFileChunk                        
200006a0  _Rteps                                
2001f6c0  _SlAcceptCmdCtrl                      
2001f564  _SlActionLookupTable                  
20018f31  _SlAsyncEventGenericHandler           
2001f8a4  _SlDeviceGetCmdCtrl                   
2001f8a8  _SlDeviceSetCmdCtrl                   
2001ce59  _SlDrvBasicCmd                        
20017e35  _SlDrvClassifyRxMsg                   
2001ab8d  _SlDrvCmdOp                           
2001b6c5  _SlDrvCmdSend                         
2001563d  _SlDrvDataReadOp                      
200160dd  _SlDrvDataWriteOp                     
2001da79  _SlDrvDeviceEventHandler              
20016ec1  _SlDrvDriverCBDeinit                  
20013045  _SlDrvDriverCBInit                    
2001e745  _SlDrvMemZero                         
200096e1  _SlDrvMsgRead                         
20018acd  _SlDrvMsgReadCmdCtx                   
20019931  _SlDrvMsgReadSpawnCtx                 
20010e35  _SlDrvMsgWrite                        
200166e9  _SlDrvNetAppEventHandler              
2001e411  _SlDrvObjLockWaitForever              
2001e649  _SlDrvObjUnLock                       
2001cad5  _SlDrvProtectAsyncRespSetting         
2001e099  _SlDrvProtectionObjLockWaitForever    
2001e251  _SlDrvProtectionObjUnLock             
20010c65  _SlDrvReleasePoolObj                  
2001e8bb  _SlDrvResetCmdExt                     
2000fb91  _SlDrvRxHdrRead                       
2001cb21  _SlDrvRxIrqHandler                    
2001e661  _SlDrvSyncObjSignal                   
2001e42d  _SlDrvSyncObjWaitForever              
20012421  _SlDrvWaitForPoolObj                  
2001f8a0  _SlEventMaskGetCmdCtrl                
2001f89c  _SlEventMaskSetCmdCtrl                
2001349d  _SlFindAndSetActiveObj                
2001f5d8  _SlFsCloseCmdCtrl                     
2001f5e8  _SlFsDeleteCmdCtrl                    
2001f5e4  _SlFsGetInfoCmdCtrl                   
2001f5d4  _SlFsOpenCmdCtrl                      
2001f5dc  _SlFsReadCmdCtrl                      
2001f5e0  _SlFsWriteCmdCtrl                     
2001f79c  _SlGetHostByNameCtrl                  
2001f798  _SlGetHostByServiceCtrl               
2001f790  _SlGetServiceListeCtrl                
2001f6cc  _SlGetSockOptCmdCtrl                  
2001f6bc  _SlListenCmdCtrl                      
2001f7a8  _SlNetAppGetCmdCtrl                   
2001f7a4  _SlNetAppSendTokenValueCmdCtrl        
2001f7a0  _SlNetAppSetCmdCtrl                   
2001f788  _SlNetAppStartCtrl                    
2001f78c  _SlNetAppStopCtrl                     
2001f8e2  _SlNetCfgGetCmdCtrl                   
2001f8de  _SlNetCfgSetCmdCtrl                   
2001f8ac  _SlPayloadByProtocolLUT               
2001f52c  _SlPolicyGetCmdCtrl                   
2001f528  _SlPolicySetCmdCtrl                   
2001f534  _SlProfileDelCmdCtrl                  
2001f530  _SlProfileGetCmdCtrl                  
2001f6c4  _SlRecvCmdCtrl                        
2001f6b4  _SlRecvfomCmdCtrl                     
2001f794  _SlRegisterServiceCtrl                
2001870d  _SlRemoveFromList                     
2001f53c  _SlRxFilterAddtCmdCtrl                
2001f544  _SlRxFilterGetCmdCtrl                 
2001f540  _SlRxFilterSetCmdCtrl                 
2001f6d0  _SlSelectCmdCtrl                      
2001f6b8  _SlSendCmdCtrl                        
2001f6c8  _SlSetSockOptCmdCtrl                  
2001f548  _SlSmartConfigStartCmdCtrl            
2001f6b0  _SlSockCloseCmdCtrl                   
2001f6ac  _SlSockSocketCmdCtrl                  
2001f898  _SlStopCmdCtrl                        
2001f554  _SlWlanCfgGetCmdCtrl                  
2001f550  _SlWlanCfgSetCmdCtrl                  
2001f538  _SlWlanGetNetworkListCtrl             
2001f54c  _SlWlanSetModeCmdCtrl                 
20000690  _Snan                                 
20000914  _Tls_setup__Fenv                      
2000b959  _WriteStatFile                        
200006b0  _Xbig                                 
200006b8  _Zero                                 
20038ec0  __CIOBUF_                             
20004000  __STACK_END                           
00001000  __STACK_SIZE                          
00005000  __SYSMEM_SIZE                         
2001fe10  __TI_CINIT_Base                       
2001fe20  __TI_CINIT_Limit                      
2001fdf8  __TI_Handler_Table_Base               
2001fe04  __TI_Handler_Table_Limit              
2001b809  __TI_auto_init                        
2001128d  __TI_cleanup                          
20000908  __TI_cleanup_ptr                      
[...]
2001b0e5  InitialiseParse                       
2001b15d  _sl_HandleAsync_Connect               
2001b1d5  sl_FsOpen                             
2001b24d  spi_Close                             
2001b2c5  UARTConfigSetExpClk                   
2001b33d  Wakeup_ImageSensor                    
2001b3b1  sl_Recv                               
2001b499  Timer_IF_IntSetup                     
2001b50d  Get_BatteryVoltageLevel_ADC081C021    
2001b57d  get_timeDuration                      
2001b5ed  CamControllerInit                     
2001b659  UDMAInit                              
2001b6c5  _SlDrvCmdSend                         
2001b731  f3x3matrixAeqMinusA                   
2001b79d  parseSendRequestInternal              
2001b809  __TI_auto_init                        
2001b87d  fprintf                               
2001b8e1  f3x3matrixAeqAxScalar                 
2001b9b5  beginHttpGetRequest                   
2001ba21  ImageSensor_CaptureConfigs_Task       
2001ba89  PRCMHibernateWakeUpGPIOSelect         
2001baf1  StartSensorInJpegMode                 
2001bb59  _sl_NetAppSendTokenValue              
2001bbc1  fetchDeviceOSVersion                  
2001bc29  __TI_writemsg                         
2001bc57  C$$IO$$                               
2001bc5b  __TI_readmsg                          
2001bc91  sl_DevSet                             
2001bcf9  sl_NetCfgSet                          
2001bd61  sl_SetSockOpt                         
2001bdc9  sl_WlanSet                            
2001be31  f3x3matrixAeqScalar                   
2001be97  _Dunscale                             
2001befd  fseek                                 
2001bf61  socketWait                            
2001bfc5  softResetTempRHSensor                 
2001c029  uDMAChannelAttributeDisable           
2001c08d  uDMAChannelAttributeEnable            
2001c0f1  __aeabi_cfcmpeq                       
2001c0f1  __aeabi_cfcmple                       
2001c151  __aeabi_cfrcmple                      
2001c1b1  _sl_HandleAsync_Accept                
2001c211  fxosDefault_Initializations           
2001c271  getLightsensor_intrptStatus           
2001c2d1  getMagntData                          
2001c331  sprintf                               
2001c391  sl_WlanPolicySet                      
2001c3f1  standby_accelMagn_fxos8700            
2001c4ad  sl_Socket                             
2001c509  IntPendClear                          
2001c561  PRCMPeripheralReset                   
2001c5b9  ltoa                                  
2001c60f  _FDunscale                            
2001c665  IntPrioritySet                        
2001c6b9  _sl_HandleAsync_Select                
2001c70d  fasin_deg                             
2001c761  headerSend                            
2001c7b5  sl_WlanRxFilterSet                    
2001c85d  I2C_IF_Open                           
2001c8ad  _sl_HandleAsync_Stop                  
2001c8fd  disableAE                             
2001c94d  disableAWB                            
2001c99d  __aeabi_f2ulz                         
2001c9ed  sl_FsDel                              
2001ca3d  RdSensData_Init                       
2001ca89  SPIIntEnable                          
2001cad5  _SlDrvProtectAsyncRespSetting         
2001cb21  _SlDrvRxIrqHandler                    
2001cb6d  _sl_BuildAddress                      
2001cbb9  atoi                                  
2001cc05  atol                                  
2001cc51  copy_in                               
2001cc9d  srand                                 
2001ccb3  rand                                  
2001cce9  uDMAChannelAssign                     
2001cd35  __aeabi_d2f                           
2001cd81  PRCMHibernateWakeupSourceDisable      
2001cdc9  PRCMHibernateWakeupSourceEnable       
2001ce11  SPIIntClear                           
2001ce59  _SlDrvBasicCmd                        
2001cea1  addHttpRequestLine                    
2001cee9  fatan_15deg                           
2001cf31  __aeabi_d2iz                          
2001cf79  ldexp                                 
2001d005  TimerConfigure                        
2001d049  UDMASetupTransfer                     
2001d0d1  fxos_Calibration                      
2001d115  C$$EXIT                               
2001d119  abort                                 
2001d121  exit                                  
2001d159  __aeabi_d2uiz                         
2001d19d  sl_Htonl                              
2001d1e1  PinModeSet                            
2001d221  getHttpResponseBody                   
2001d261  signal                                
2001d2a1  IsLightOff                            
2001d2df  strncasecmp                           
2001d31d  CopyPingResultsToReport               
2001d359  Fusion_Init                           
2001d395  PRCMPeripheralClkEnable               
2001d3d1  _sl_TruncatePayloadByProtocol         
2001d40d  _c_int00                              
2001d449  sl_Htons                              
2001d485  start_100mSecTimer                    
2001d4c1  uDMAChannelControlSet                 
2001d4fd  CameraCaptureStop                     
2001d537  CameraXClkConfig                      
2001d571  fLPFScalar                            
2001d5ab  parseSendRequest                      
2001d5e5  addHttpRequestHeader                  
2001d621  NwpPowerOff                           
2001d659  pvPortMalloc                          
2001d679  vPortFree                             
2001d691  __aeabi_f2d                           
2001d6c9  __aeabi_f2iz                          
2001d701  __aeabi_i2f                           
2001d739  OTA_Update                            
2001d771  GPIODirModeSet                        
2001d7a7  sl_NetAppMDNSUnRegisterService        
2001d7dd  beginHttpRequest                      
2001d813  CameraParamsConfig                    
2001d849  PRCMPeripheralStatusGet               
2001d87d  SPIFIFOLevelSet                       
2001d8b1  getHttpResponseStatus                 
2001d8e5  get_angle                             
2001d919  feraiseexcept                         
2001d94d  __aeabi_f2uiz                         
2001d981  strstr                                
2001d9b5  Timer_IF_Init                         
2001da19  PinTypeGPIO                           
2001da49  UARTDisable                           
2001da79  _SlDrvDeviceEventHandler              
2001daa9  _sl_Strlen                            
2001dad9  strncpy                               
2001db09  _Feraise                              
2001db39  sl_Close                              
2001db69  sl_WlanProfileDel                     
2001db99  sl_WlanSetMode                        
2001dbc9  __aeabi_i2d                           
2001dbf7  raise                                 
2001dc25  addHttpRequestHeaderInt               
2001dc55  ApplyMagHAL                           
2001dc81  CameraIntEnable                       
2001dcad  DmaSpiSwIntHandler                    
2001dcd9  I2CMasterErr                          
2001dd05  PRCMSysResetCauseGet                  
2001dd31  SoftReset_ImageSensor                 
2001dd89  setDataBufferPointer                  
2001ddb5  TimerLoadSet                          
2001dddf  TimerPrescaleSet                      
2001de09  _Dclass                               
2001de35  CameraIntStatus                       
2001de5d  InitTerm                              
2001de85  Message                               
2001dead  PRCMPeripheralClkDisable              
2001ded5  strncat                               
2001defd  sl_NetAppStart                        
2001df25  sl_NetAppStop                         
2001df4d  CameraThresholdSet                    
2001df73  NwpRegisterInterruptHandler           
2001df99  strncmp                               
2001dfc1  CameraIntClear                        
2001dfe5  IntHandler_100mSecTimer               
2001e009  IntUnregister                         
2001e02d  Timer_IF_Start                        
2001e051  UARTEnable                            
2001e075  WriteAllAEnAWBRegs                    
2001e099  _SlDrvProtectionObjLockWaitForever    
2001e0bd  __aeabi_ui2f                          
2001e0e1  CameraCaptureStart                    
2001e103  I2CMasterSlaveAddrSet                 
2001e125  SL_FD_SET                             
2001e147  SPIReset                              
2001e169  SPIWordCountSet                       
2001e18b  frexp                                 
2001e1ad  memcmp                                
2001e1cf  GPIOPinWrite                          
2001e1f1  IntRegister                           
2001e211  NwpPowerOn                            
2001e231  Refresh_mt9d111Firmware               
2001e251  _SlDrvProtectionObjUnLock             
2001e271  memchr                                
2001e291  __aeabi_ui2d                          
2001e2b1  I2CMasterIntStatusEx                  
2001e2cf  TimerDisable                          
2001e2ed  TimerEnable                           
2001e30b  TimerIntStatus                        
2001e329  UARTCharPut                           
2001e365  strcat                                
2001e385  ApplyAccelHAL                         
2001e3a1  CameraSensorInit                      
2001e3bd  DmaSwIntHandler                       
2001e3d9  PinTypeI2C                            
2001e3f5  TimerValueGet                         
2001e411  _SlDrvObjLockWaitForever              
2001e42d  _SlDrvSyncObjWaitForever              
2001e449  memccpy                               
2001e465  stop_100mSecTimer                     
2001e481  uDMAChannelDisable                    
2001e49d  uDMAChannelEnable                     
2001e4b9  vApplicationMallocFailedHook          
2001e4d5  PinTypeCamera                         
2001e4ef  PinTypeUART                           
2001e509  SPIDmaDisable                         
2001e523  SPIDmaEnable                          
2001e53d  SPIFIFODisable                        
2001e557  SPIFIFOEnable                         
2001e571  CameraReset                           
2001e589  GPIOPinRead                           
2001e5a1  PRCMHibernateEnter                    
2001e5b9  SPICSDisable                          
2001e5d1  SPICSEnable                           
2001e5e9  SPIDisable                            
2001e601  SPIEnable                             
2001e619  TimerIntEnable                        
2001e631  Timer_IF_InterruptClear               
2001e649  _SlDrvObjUnLock                       
2001e661  _SlDrvSyncObjSignal                   
2001e679  _sl_GetStartResponseConvert           
2001e691  _args_main                            
2001e6a9  strcmp                                
2001e6c1  CameraDMAEnable                       
2001e6d7  CameraIntRegister                     
2001e6ed  I2CMasterDataPut                      
2001e703  I2CMasterEnable                       
2001e719  PRCMHIBRegRead                        
2001e72f  PRCMHIBRegWrite                       
2001e745  _SlDrvMemZero                         
2001e75b  strchr                                
2001e771  CPUcpsie                              
2001e785  IntVTableBaseSet                      
2001e799  LED_Off                               
2001e7ad  LED_On                                
2001e7c1  _register_unlock                      
2001e7c7  _register_lock                        
2001e7cf  _nop                                  
2001e7d5  strcpy                                
2001e7e9  strlen                                
2001e7fd  uDMAControlBaseSet                    
2001e811  uDMAIntClear                          
2001e825  I2CMasterControl                      
2001e837  I2CMasterIntClearEx                   
2001e849  I2CMasterTimeoutSet                   
2001e85b  TimerIntClear                         
2001e86d  PRCMSOCReset                          
2001e87d  SL_FD_ZERO                            
2001e88d  Timer_IF_Stop                         
2001e89d  socketClose                           
2001e8ad  I2CMasterDataGet                      
2001e8bb  _SlDrvResetCmdExt                     
2001e8c9  __TI_decompress_none                  
2001e8d7  DmaErrorIntHandler                    
2001e8e5  NwpMaskInterrupt                      
2001e8f1  NwpUnMaskInterrupt                    
2001e8fd  __TI_zero_init                        
2001e909  getInternalClient                     
2001e915  sl_WlanDisconnect                     
2001e921  uDMAEnable                            
2001e92d  uDMAIntStatus                         
2001e939  IntMasterEnable                       
2001e943  vApplicationStackOverflowHook         
2001e94d  sensorsTriggerSetup                   
2001e955  MT9D111Delay                          
2001e95b  ResetISR                              
2001e961  UtilsDelay                            
2001e967  __TI_decompress_rle24                 
2001e96d  logf                                  
2001e973  sinf                                  
2001e979  __abort_execution                     
2001e97d  _system_pre_init                      
2001eabc  _ctypes_                              
2001f4ec  OpcodeTranslateTable                  
2001f528  _SlPolicySetCmdCtrl                   
2001f52c  _SlPolicyGetCmdCtrl                   
2001f530  _SlProfileGetCmdCtrl                  
2001f534  _SlProfileDelCmdCtrl                  
2001f538  _SlWlanGetNetworkListCtrl             
2001f53c  _SlRxFilterAddtCmdCtrl                
2001f540  _SlRxFilterSetCmdCtrl                 
2001f544  _SlRxFilterGetCmdCtrl                 
2001f548  _SlSmartConfigStartCmdCtrl            
2001f54c  _SlWlanSetModeCmdCtrl                 
2001f550  _SlWlanCfgSetCmdCtrl                  
2001f554  _SlWlanCfgGetCmdCtrl                  
2001f564  _SlActionLookupTable                  
2001f5d4  _SlFsOpenCmdCtrl                      
2001f5d8  _SlFsCloseCmdCtrl                     
2001f5dc  _SlFsReadCmdCtrl                      
2001f5e0  _SlFsWriteCmdCtrl                     
2001f5e4  _SlFsGetInfoCmdCtrl                   
2001f5e8  _SlFsDeleteCmdCtrl                    
2001f678  g_H2NSyncPattern                      
2001f680  g_H2NCnysPattern                      
2001f688  RxMsgClassLUT                         
2001f6ac  _SlSockSocketCmdCtrl                  
2001f6b0  _SlSockCloseCmdCtrl                   
2001f6b4  _SlRecvfomCmdCtrl                     
2001f6b8  _SlSendCmdCtrl                        
2001f6bc  _SlListenCmdCtrl                      
2001f6c0  _SlAcceptCmdCtrl                      
2001f6c4  _SlRecvCmdCtrl                        
2001f6c8  _SlSetSockOptCmdCtrl                  
2001f6cc  _SlGetSockOptCmdCtrl                  
2001f6d0  _SlSelectCmdCtrl                      
2001f788  _SlNetAppStartCtrl                    
2001f78c  _SlNetAppStopCtrl                     
2001f790  _SlGetServiceListeCtrl                
2001f794  _SlRegisterServiceCtrl                
2001f798  _SlGetHostByServiceCtrl               
2001f79c  _SlGetHostByNameCtrl                  
2001f7a0  _SlNetAppSetCmdCtrl                   
2001f7a4  _SlNetAppSendTokenValueCmdCtrl        
2001f7a8  _SlNetAppGetCmdCtrl                   
2001f86c  g_deviceClientVersion                 
2001f898  _SlStopCmdCtrl                        
2001f89c  _SlEventMaskSetCmdCtrl                
2001f8a0  _SlEventMaskGetCmdCtrl                
2001f8a4  _SlDeviceGetCmdCtrl                   
2001f8a8  _SlDeviceSetCmdCtrl                   
2001f8ac  _SlPayloadByProtocolLUT               
2001f8cb  pcDigits                              
2001f8d6  StartResponseLUT                      
2001f8de  _SlNetCfgSetCmdCtrl                   
2001f8e2  _SlNetCfgGetCmdCtrl                   
2001f8f0  __TI_static_base__                    
2001fdf8  __TI_Handler_Table_Base               
2001fe04  __TI_Handler_Table_Limit              
2001fe10  __TI_CINIT_Base                       
2001fe20  __TI_CINIT_Limit                      
20022400  g_image_buffer                        
20036400  thisMagBuffer                         
200374f8  g_OtaCheckUpdateResponse              
20037944  thisMagCal                            
20037f9c  thisMag                               
20037ff4  g_SecParams                           
20038000  gpCtlTbl                              
20038400  g_OtaFileMetadata                     
200387d8  g_NetEntries                          
20038d48  g_StatMem                             
20038ec0  __CIOBUF_                             
20038fe0  gfpAppCallbackHndl                    
200391a8  thisSV_6DOF_GB_BASIC                  
20039254  __TI_tmpnams                          
200392f4  g_CdnClient                           
20039368  g_ucDinDout                           
200393b8  xQueueRegistry                        
20039408  g_OtaApp                              
20039454  g_OtaApp_statistics                   
200394a0  clientStateFileName                   
200394d4  g_cWlanSecurityKey                    
20039508  thisAccel                             
2003953c  g_OtaClient                           
20039560  g_cWlanSSID                           
20039584  g_ucConnectionSSID                    
200395c4  g_FlcSflashCb                         
200395d8  g_flag_blockFull                      
20039650  ang_buf                               
20039660  globals                               
20039670  mqxglobals                            
20039680  g_LogClient                           
20039688  g_ucConnectionBSSID                   
200396a0  DMAMsgQ                               
200396a4  Elapsed_100MilliSecs                  
200396ac  angle_avg                             
200396b0  dataBuffer                            
200396b4  g_block_lastFilled                    
200396b8  g_cDummy                              
200396bc  g_cWlanSecurityType                   
200396c0  g_frame_size_in_bytes                 
200396c4  g_position_in_block                   
200396c8  g_readHeader                          
200396d0  g_ulAppStatus                         
200396d4  gdoor_40deg_angle                     
200396d8  gdoor_90deg_angle                     
200396e8  RxIrqCnt                              
200396e9  avg_buffer_cnt                        
200396ea  checkForLight_Flag                    
200396eb  g_I2CPeripheral_inUse_Flag            
200396ed  g_flag_DataBlockFilled                
200396ee  g_flag_door_closing_45degree          
200396ef  g_frame_end                           
200396f0  g_ucAngle40                           
200396f1  g_ucAngle90                           
200396f2  g_ucCalibration                       
200396f3  g_ucConfig                            
200396f4  g_ucExitButton                        
200396f5  g_ucMagCalb                           
200396f6  g_ucProfileAdded                      
200396f7  g_ucPushButtonPressedTwice            
200396f8  iDone                                 
200396f9  isitfirsttime                         
200396fa  print_count                           
200396fb  valid_case                            
20039700  _sys_memory                           
ffffffff  __binit__                             
ffffffff  __c_args__                            
ffffffff  binit                                 
UNDEFED   SHT$$INIT_ARRAY$$Base                 
UNDEFED   SHT$$INIT_ARRAY$$Limit                

[863 symbols]
