******************************************************************************
                  TI ARM Linker PC v5.1.6                      
******************************************************************************
>> Linked Thu Apr 23 19:51:37 2015

OUTPUT FILE NAME:   <ULP_SEC_CAM.out>
ENTRY POINT SYMBOL: "_c_int00"  address: 20013c11


MEMORY CONFIGURATION

         name            origin    length      used     unused   attr    fill
----------------------  --------  ---------  --------  --------  ----  --------
  SRAM_BOOTLDR          20000000   00004000  00002540  00001ac0  RW X
  SRAM_CODE             20004000   00014000  00011f8d  00002073  RW X
  SRAM_DATA             20018000   00024000  00022905  000016fb  RW X


SEGMENT ALLOCATION MAP

run origin  load origin   length   init length attrs members
----------  ----------- ---------- ----------- ----- -------
20000000    20000000    00001540   00000000    rw-
  20000000    20000000    00001540   00000000    rw- .data
20003000    20003000    00001000   00000000    rw-
  20003000    20003000    00001000   00000000    rw- .stack
20004000    20004000    00011f90   00011f90    r-x
  20004000    20004000    00000400   00000400    r-- .intvecs
  20004400    20004400    00010568   00010568    r-x .text
  20014968    20014968    00000a75   00000a75    r-- .const
  200153e0    200153e0    00000bb0   00000bb0    r-- .cinit
20018000    20018000    00022908   00000000    rw-
  20018000    20018000    0001e905   00000000    rw- .bss
  20036908    20036908    00004000   00000000    rw- .sysmem


SECTION ALLOCATION MAP

 output                                  attributes/
section   page    origin      length       input sections
--------  ----  ----------  ----------   ----------------
.init_array 
*          0    20004000    00000000     UNINITIALIZED

.data      0    20000000    00001540     UNINITIALIZED
                  20000000    00000600     camera_app.obj (.data:JPEG_StdHuffmanTbl)
                  20000600    00000400     camera_app.obj (.data:g_header)
                  20000a00    000003c9     libparse.a : cc3200_certificate.obj (.data:DigiCertHighAssuranceEVRootCA_der)
                  20000dc9    00000003     --HOLE--
                  20000dcc    00000184     simplelink.a : driver.obj (.data)
                  20000f50    000000f0     rtsv7M4_T_le_eabi.lib : defs.obj (.data:_ftable)
                  20001040    000000d0                           : lowlev.obj (.data)
                  20001110    000000b0                           : signal.obj (.data:sigtable)
                  200011c0    00000080                           : xvalues.obj (.data)
                  20001240    00000070                           : xlvalues.obj (.data)
                  200012b0    00000068                           : xfvalues.obj (.data)
                  20001318    00000064     simplelink.a : cc_pal.obj (.data)
                  2000137c    00000040     camera_app.obj (.data:JPEG_StdQuantTblC)
                  200013bc    00000040     camera_app.obj (.data:JPEG_StdQuantTblY)
                  200013fc    00000040     camera_app.obj (.data:zigzag)
                  2000143c    00000034     free_rtos.a : tasks.obj (.data)
                  20001470    0000002c     libparse.a : cc3200_utils.obj (.data:lastDateTime)
                  2000149c    00000018                : cc3200_utils.obj (.data)
                  200014b4    00000018                : request.obj (.data)
                  200014cc    00000010     rtsv7M4_T_le_eabi.lib : defs.obj (.data)
                  200014dc    0000000c     free_rtos.a : osi_freertos.obj (.data)
                  200014e8    0000000c     network_relater_fns.obj (.data)
                  200014f4    0000000c     rtsv7M4_T_le_eabi.lib : memory.obj (.data)
                  20001500    00000008     camera_app.obj (.data)
                  20001508    00000008     rtsv7M4_T_le_eabi.lib : _lock.obj (.data)
                  20001510    00000008                           : exit.obj (.data)
                  20001518    00000008                           : feraiseexcept.obj (.data)
                  20001520    00000006     libparse.a : http.obj (.data)
                  20001526    00000002     --HOLE--
                  20001528    00000004     free_rtos.a : port.obj (.data)
                  2000152c    00000004     libparse.a : cc3200_certificate.obj (.data)
                  20001530    00000004     rtsv7M4_T_le_eabi.lib : errno.obj (.data)
                  20001534    00000004                           : fopen.obj (.data)
                  20001538    00000004                           : rand.obj (.data)
                  2000153c    00000004                           : stkdepth_vars.obj (.data)

.stack     0    20003000    00001000     UNINITIALIZED
                  20003000    00001000     --HOLE--

.intvecs   0    20004000    00000400     
                  20004000    00000400     startup_ccs.obj (.intvecs)

.text      0    20004400    00010568     
                  20004400    00001258     free_rtos.a : tasks.obj (.text)
                  20005658    00000ec0     rtsv7M4_T_le_eabi.lib : _printfi.obj (.text)
                  20006518    00000c1c     network_relater_fns.obj (.text)
                  20007134    00000bf4     camera_app.obj (.text)
                  20007d28    00000b24     free_rtos.a : queue.obj (.text)
                  2000884c    00000948     libparse.a : request.obj (.text)
                  20009194    0000093a     accelomtrMagntomtr_fxos8700.obj (.text)
                  20009ace    00000002     driverlib.a : interrupt.obj (.text:IntDefaultHandler)
                  20009ad0    0000064e     libparse.a : cc3200_utils.obj (.text)
                  2000a11e    00000002     --HOLE-- [fill = 0]
                  2000a120    00000518                : installation.obj (.text)
                  2000a638    000004a2                : simplejson.obj (.text)
                  2000aada    00000002     --HOLE-- [fill = 0]
                  2000aadc    0000049c                : cc3200_socket.obj (.text)
                  2000af78    00000490     rtsv7M4_T_le_eabi.lib : pow.obj (.text)
                  2000b408    0000045c     free_rtos.a : osi_freertos.obj (.text)
                  2000b864    000003cc     rtsv7M4_T_le_eabi.lib : memory.obj (.text)
                  2000bc30    000003b4     libparse.a : cc3200_client_state.obj (.text)
                  2000bfe4    000003a6     simplelink.a : driver.obj (.text:_SlDrvMsgRead)
                  2000c38a    00000002     --HOLE-- [fill = 0]
                  2000c38c    0000034c                  : driver.obj (.text:_SlAsyncEventGenericHandler)
                  2000c6d8    00000310     rtsv7M4_T_le_eabi.lib : lowlev.obj (.text)
                  2000c9e8    000002fc     main.obj (.text)
                  2000cce4    000002e4     rtsv7M4_T_le_eabi.lib : xlog.obj (.text)
                  2000cfc8    000002d4                           : trgdrv.obj (.text)
                  2000d29c    000002a0                           : vla_alloc.obj (.text)
                  2000d53c    0000027c     parse_uploads.obj (.text)
                  2000d7b8    00000204     mt9d111.obj (.text)
                  2000d9bc    000001fc     rtsv7M4_T_le_eabi.lib : xexp.obj (.text)
                  2000dbb8    000001f4                           : ull_div_t2.obj (.text)
                  2000ddac    000001dc     libparse.a : cc3200_certificate.obj (.text)
                  2000df88    000001c0     rtsv7M4_T_le_eabi.lib : fopen.obj (.text)
                  2000e148    000001b8     uartA1_if.obj (.text)
                  2000e300    000001b6     rtsv7M4_T_le_eabi.lib : fd_add_t2.obj (.text)
                  2000e4b6    00000002     --HOLE-- [fill = 0]
                  2000e4b8    000001b0     libparse.a : http.obj (.text)
                  2000e668    0000019c     simplelink.a : wlan.obj (.text:sl_WlanConnect)
                  2000e804    00000194     udma_if.obj (.text)
                  2000e998    0000018c     i2c_if.obj (.text)
                  2000eb24    00000188     rtsv7M4_T_le_eabi.lib : xlatan.obj (.text)
                  2000ecac    00000170     i2cconfig.obj (.text)
                  2000ee1c    00000164     simplelink.a : driver.obj (.text:_SlDrvDataReadOp)
                  2000ef80    00000140                  : driver.obj (.text:_SlDrvRxHdrRead)
                  2000f0c0    00000140     rtsv7M4_T_le_eabi.lib : sqrt.obj (.text)
                  2000f200    00000136                           : fd_div_t2.obj (.text)
                  2000f336    00000002     --HOLE-- [fill = 0]
                  2000f338    00000134     driverlib.a : prcm.obj (.text:PRCMCC3200MCUInit)
                  2000f46c    00000134     rtsv7M4_T_le_eabi.lib : fputs.obj (.text)
                  2000f5a0    00000130     simplelink.a : cc_pal.obj (.text:spi_Open)
                  2000f6d0    0000012c                  : driver.obj (.text:_SlDrvDataWriteOp)
                  2000f7fc    0000012a     free_rtos.a : list.obj (.text)
                  2000f926    00000002     --HOLE-- [fill = 0]
                  2000f928    00000116     libparse.a : parse_impl.obj (.text)
                  2000fa3e    00000002     --HOLE-- [fill = 0]
                  2000fa40    00000114     simplelink.a : driver.obj (.text:_SlDrvMsgWrite)
                  2000fb54    00000110     free_rtos.a : port.obj (.text)
                  2000fc64    00000110     rtsv7M4_T_le_eabi.lib : xdscale.obj (.text)
                  2000fd74    0000010c     simplelink.a : driver.obj (.text:_SlDrvWaitForPoolObj)
                  2000fe80    0000010c     i2c_app.obj (.text)
                  2000ff8c    00000108     simplelink.a : socket.obj (.text:sl_Select)
                  20010094    00000104                  : driver.obj (.text:_SlDrvReleasePoolObj)
                  20010198    00000104     rtsv7M4_T_le_eabi.lib : atan2l.obj (.text)
                  2001029c    000000fc                           : fd_mul_t2.obj (.text)
                  20010398    000000fa                           : fs_add_t2.obj (.text)
                  20010492    00000002     --HOLE-- [fill = 0]
                  20010494    000000f0     driverlib.a : udma.obj (.text:uDMAChannelTransferSet)
                  20010584    000000e8     simplelink.a : socket.obj (.text:sl_Connect)
                  2001066c    000000e8                  : cc_pal.obj (.text:spi_Write)
                  20010754    000000dc     rtsv7M4_T_le_eabi.lib : setvbuf.obj (.text)
                  20010830    000000d8     simplelink.a : netapp.obj (.text:sl_NetAppDnsGetHostByName)
                  20010908    000000d8     timer_fns.obj (.text)
                  200109e0    000000cc     simplelink.a : cc_pal.obj (.text:spi_Read)
                  20010aac    000000c4     rtsv7M4_T_le_eabi.lib : xdint.obj (.text)
                  20010b70    000000c4                           : xdnorm.obj (.text)
                  20010c34    000000c4     simplelink.a : device.obj (.text:sl_Stop)
                  20010cf8    000000c0     rtsv7M4_T_le_eabi.lib : fflush.obj (.text)
                  20010db8    000000c0     simplelink.a : device.obj (.text:sl_Start)
                  20010e78    000000ba     free_rtos.a : portasm.obj (.text)
                  20010f32    00000002     --HOLE-- [fill = 0]
                  20010f34    000000b4     simplelink.a : driver.obj (.text:_SlDrvMsgReadCmdCtx)
                  20010fe8    000000b4     libparse.a : cc3200_debug.obj (.text)
                  2001109c    000000b2     simplelink.a : netapp.obj (.text:_SlDrvNetAppEventHandler)
                  2001114e    000000b2     pinmux.obj (.text)
                  20011200    000000b0     simplelink.a : socket.obj (.text:sl_Send)
                  200112b0    000000ac     rtsv7M4_T_le_eabi.lib : _io_perm.obj (.text)
                  2001135c    000000a8     driverlib.a : interrupt.obj (.text:IntDisable)
                  20011404    000000a8                 : interrupt.obj (.text:IntEnable)
                  200114ac    000000a8     timer_if.obj (.text)
                  20011554    000000a0     driverlib.a : spi.obj (.text:SPIConfigSetExpClk)
                  200115f4    0000009c     rtsv7M4_T_le_eabi.lib : fputc.obj (.text)
                  20011690    0000009c                           : memcpy_t2.obj (.text)
                  2001172c    00000098     simplelink.a : driver.obj (.text:_SlFindAndSetActiveObj)
                  200117c4    00000098     collect_and_txit.obj (.text)
                  2001185c    00000098     rtsv7M4_T_le_eabi.lib : fclose.obj (.text)
                  200118f4    00000098                           : snprintf.obj (.text)
                  2001198c    00000094     driverlib.a : prcm.obj (.text:PRCMPeripheralClockGet)
                  20011a20    00000094     simplelink.a : driver.obj (.text:_SlDrvClassifyRxMsg)
                  20011ab4    00000094     rtsv7M4_T_le_eabi.lib : auto_init.obj (.text)
                  20011b48    00000090     simplelink.a : driver.obj (.text:_SlDrvMsgReadSpawnCtx)
                  20011bd8    0000008c                  : fs.obj (.text:sl_FsRead)
                  20011c64    0000008c                  : fs.obj (.text:sl_FsWrite)
                  20011cf0    00000088     driverlib.a : pin.obj (.text:PinConfigSet)
                  20011d78    00000088     rtsv7M4_T_le_eabi.lib : vsnprintf.obj (.text)
                  20011e00    00000088     simplelink.a : netapp.obj (.text:sl_NetAppMDNSRegisterUnregisterService)
                  20011e88    00000086     rtsv7M4_T_le_eabi.lib : fd_cmp_t2.obj (.text:__aeabi_cdcmple)
                  20011f0e    00000086                           : fd_cmp_t2.obj (.text:__aeabi_cdrcmple)
                  20011f94    00000084     driverlib.a : i2c.obj (.text:I2CMasterInitExpClk)
                  20012018    00000084     simplelink.a : driver.obj (.text:_SlDrvCmdOp)
                  2001209c    00000080                  : cc_pal.obj (.text:NwpPowerOnPreamble)
                  2001211c    0000007c                  : driver.obj (.text:_SlDrvDriverCBInit)
                  20012198    0000007c                  : netapp.obj (.text:_sl_HandleAsync_DnsGetHostByName)
                  20012214    0000007c                  : device.obj (.text:sl_DevGet)
                  20012290    0000007c                  : fs.obj (.text:sl_FsClose)
                  2001230c    0000007a     rtsv7M4_T_le_eabi.lib : fs_mul_t2.obj (.text)
                  20012386    00000002     --HOLE-- [fill = 0]
                  20012388    00000078     simplelink.a : cc_pal.obj (.text:SetupDMAReceive)
                  20012400    00000078     rtsv7M4_T_le_eabi.lib : memset_t2.obj (.text)
                  20012478    00000076     driverlib.a : uart.obj (.text:UARTConfigSetExpClk)
                  200124ee    00000002     --HOLE-- [fill = 0]
                  200124f0    00000074     simplelink.a : device.obj (.text:_sl_HandleAsync_InitComplete)
                  20012564    00000074                  : wlan.obj (.text:sl_WlanGet)
                  200125d8    00000074                  : cc_pal.obj (.text:spi_Close)
                  2001264c    00000070     driverlib.a : timer.obj (.text:TimerIntRegister)
                  200126bc    00000070     simplelink.a : netapp.obj (.text:_sl_HandleAsync_PingResponse)
                  2001272c    0000006e                  : socket.obj (.text:_sl_TruncatePayloadByProtocol)
                  2001279a    00000002     --HOLE-- [fill = 0]
                  2001279c    0000006c     rtsv7M4_T_le_eabi.lib : fprintf.obj (.text)
                  20012808    00000068     driverlib.a : timer.obj (.text:TimerIntUnregister)
                  20012870    00000068     simplelink.a : socket.obj (.text:_sl_HandleAsync_Connect)
                  200128d8    00000068                  : netapp.obj (.text:_sl_HandleAsync_DnsGetHostByService)
                  20012940    00000068                  : fs.obj (.text:sl_FsGetInfo)
                  200129a8    00000064                  : fs.obj (.text:_sl_GetCreateFsMode)
                  20012a0c    00000064                  : socket.obj (.text:_sl_HandleAsync_Accept)
                  20012a70    00000064     rtsv7M4_T_le_eabi.lib : fseek.obj (.text)
                  20012ad4    00000064                           : xdunscal.obj (.text)
                  20012b38    00000064     driverlib.a : udma.obj (.text:uDMAChannelAttributeDisable)
                  20012b9c    00000064                 : udma.obj (.text:uDMAChannelAttributeEnable)
                  20012c00    00000060     rtsv7M4_T_le_eabi.lib : fs_cmp_t2.obj (.text:__aeabi_cfcmple)
                  20012c60    00000060                           : fs_cmp_t2.obj (.text:__aeabi_cfrcmple)
                  20012cc0    00000060                           : sprintf.obj (.text)
                  20012d20    00000060                           : trgmsg.obj (.text)
                  20012d80    0000005e                           : copy_decompress_rle.obj (.text)
                  20012dde    0000005a                           : ltoa.obj (.text)
                  20012e38    00000058     driverlib.a : interrupt.obj (.text:IntPendClear)
                  20012e90    00000058                 : prcm.obj (.text:PRCMPeripheralReset)
                  20012ee8    00000058     simplelink.a : driver.obj (.text:_SlDrvDriverCBDeinit)
                  20012f40    00000058                  : socket.obj (.text:_sl_HandleAsync_Select)
                  20012f98    00000054     driverlib.a : interrupt.obj (.text:IntPrioritySet)
                  20012fec    00000054     simplelink.a : device.obj (.text:_sl_HandleAsync_Stop)
                  20013040    00000054                  : fs.obj (.text:sl_FsOpen)
                  20013094    00000054                  : netapp.obj (.text:sl_NetAppSendTokenValue)
                  200130e8    00000050     app_common.obj (.text)
                  20013138    0000004c     driverlib.a : spi.obj (.text:SPIIntEnable)
                  20013184    0000004c     rtsv7M4_T_le_eabi.lib : atoi.obj (.text)
                  200131d0    0000004c                           : rand.obj (.text)
                  2001321c    0000004c     simplelink.a : socket.obj (.text:sl_SetSockOpt)
                  20013268    0000004c     driverlib.a : udma.obj (.text:uDMAChannelAssign)
                  200132b4    0000004a     simplelink.a : device.obj (.text:_sl_GetStartResponseConvert)
                  200132fe    0000004a     rtsv7M4_T_le_eabi.lib : fd_tos_t2.obj (.text)
                  20013348    00000048     driverlib.a : spi.obj (.text:SPIIntClear)
                  20013390    00000048     rtsv7M4_T_le_eabi.lib : fd_toi_t2.obj (.text)
                  200133d8    00000048     simplelink.a : device.obj (.text:sl_DevSet)
                  20013420    00000048                  : fs.obj (.text:sl_FsDel)
                  20013468    00000048                  : wlan.obj (.text:sl_WlanSet)
                  200134b0    00000044     driverlib.a : spi.obj (.text:SPIDmaMaskGet)
                  200134f4    00000044                 : timer.obj (.text:TimerConfigure)
                  20013538    00000044     rtsv7M4_T_le_eabi.lib : cpy_tbl.obj (.text)
                  2001357c    00000044                           : exit.obj (.text)
                  200135c0    00000044                           : fd_tou_t2.obj (.text)
                  20013604    00000044                           : xdtest.obj (.text)
                  20013648    00000044     simplelink.a : netcfg.obj (.text:sl_NetCfgSet)
                  2001368c    00000044                  : socket.obj (.text:sl_Recv)
                  200136d0    00000040     driverlib.a : pin.obj (.text:PinModeSet)
                  20013710    00000040     simplelink.a : driver.obj (.text:_SlDrvRxIrqHandler)
                  20013750    00000040                  : driver.obj (.text:_SlRemoveFromList)
                  20013790    00000040     rtsv7M4_T_le_eabi.lib : signal.obj (.text)
                  200137d0    00000040     simplelink.a : wlan.obj (.text:sl_WlanPolicySet)
                  20013810    00000040                  : wlan.obj (.text:sl_WlanRxFilterSet)
                  20013850    0000003c                  : cc_pal.obj (.text:NwpPowerOff)
                  2001388c    0000003c     driverlib.a : prcm.obj (.text:PRCMPeripheralClkEnable)
                  200138c8    0000003c     simplelink.a : driver.obj (.text:_SlDrvObjInit)
                  20013904    0000003c     rtsv7M4_T_le_eabi.lib : strncasecmp.obj (.text)
                  20013940    0000003c     driverlib.a : udma.obj (.text:uDMAChannelControlSet)
                  2001397c    0000003a                 : camera.obj (.text:CameraCaptureStop)
                  200139b6    0000003a                 : camera.obj (.text:CameraXClkConfig)
                  200139f0    00000038     free_rtos.a : heap_3.obj (.text)
                  20013a28    00000038     rtsv7M4_T_le_eabi.lib : fs_tod_t2.obj (.text)
                  20013a60    00000038                           : fs_toi_t2.obj (.text)
                  20013a98    00000038                           : i_tofs_t2.obj (.text)
                  20013ad0    00000038     simplelink.a : socket.obj (.text:sl_Htonl)
                  20013b08    00000036     driverlib.a : gpio.obj (.text:GPIODirModeSet)
                  20013b3e    00000034                 : camera.obj (.text:CameraParamsConfig)
                  20013b72    00000002     --HOLE-- [fill = 0]
                  20013b74    00000034                 : prcm.obj (.text:PRCMPeripheralStatusGet)
                  20013ba8    00000034                 : spi.obj (.text:SPIFIFOLevelSet)
                  20013bdc    00000034     simplelink.a : driver.obj (.text:_SlDrvBasicCmd)
                  20013c10    00000034     rtsv7M4_T_le_eabi.lib : boot.obj (.text)
                  20013c44    00000034                           : feraiseexcept.obj (.text)
                  20013c78    00000034                           : fs_tou_t2.obj (.text)
                  20013cac    00000034                           : strstr.obj (.text)
                  20013ce0    00000034     simplelink.a : socket.obj (.text:sl_Htons)
                  20013d14    00000030                  : cc_pal.obj (.text:NwpPowerOn)
                  20013d44    00000030     driverlib.a : pin.obj (.text:PinTypeGPIO)
                  20013d74    00000030                 : uart.obj (.text:UARTDisable)
                  20013da4    00000030     rtsv7M4_T_le_eabi.lib : strncpy.obj (.text)
                  20013dd4    00000030                           : xferaise.obj (.text)
                  20013e04    00000030     simplelink.a : socket.obj (.text:sl_Socket)
                  20013e34    0000002e     rtsv7M4_T_le_eabi.lib : i_tofd_t2.obj (.text)
                  20013e62    0000002e                           : raise.obj (.text)
                  20013e90    0000002c     driverlib.a : camera.obj (.text:CameraIntEnable)
                  20013ebc    0000002c     simplelink.a : cc_pal.obj (.text:DmaSpiSwIntHandler)
                  20013ee8    0000002c     driverlib.a : i2c.obj (.text:I2CMasterErr)
                  20013f14    0000002c                 : prcm.obj (.text:PRCMSysResetCauseGet)
                  20013f40    0000002c     simplelink.a : flowcont.obj (.text:_SlDrvFlowContDeinit)
                  20013f6c    0000002c                  : flowcont.obj (.text:_SlDrvFlowContInit)
                  20013f98    0000002a     driverlib.a : timer.obj (.text:TimerLoadSet)
                  20013fc2    0000002a                 : timer.obj (.text:TimerPrescaleSet)
                  20013fec    00000028                 : camera.obj (.text:CameraIntStatus)
                  20014014    00000028                 : prcm.obj (.text:PRCMPeripheralClkDisable)
                  2001403c    00000028     simplelink.a : socket.obj (.text:_sl_BuildAddress)
                  20014064    00000028     rtsv7M4_T_le_eabi.lib : strncat.obj (.text)
                  2001408c    00000028     simplelink.a : wlan.obj (.text:sl_WlanSetMode)
                  200140b4    00000026     driverlib.a : camera.obj (.text:CameraThresholdSet)
                  200140da    00000026     rtsv7M4_T_le_eabi.lib : strncmp.obj (.text)
                  20014100    00000024     driverlib.a : camera.obj (.text:CameraIntClear)
                  20014124    00000024                 : interrupt.obj (.text:IntUnregister)
                  20014148    00000024                 : uart.obj (.text:UARTEnable)
                  2001416c    00000024     rtsv7M4_T_le_eabi.lib : memmov.obj (.text)
                  20014190    00000024                           : u_tofs_t2.obj (.text)
                  200141b4    00000024     simplelink.a : socket.obj (.text:sl_Close)
                  200141d8    00000024                  : netapp.obj (.text:sl_NetAppStart)
                  200141fc    00000024                  : netapp.obj (.text:sl_NetAppStop)
                  20014220    00000024                  : wlan.obj (.text:sl_WlanProfileDel)
                  20014244    00000022     driverlib.a : camera.obj (.text:CameraCaptureStart)
                  20014266    00000022                 : i2c.obj (.text:I2CMasterSlaveAddrSet)
                  20014288    00000022     simplelink.a : cc_pal.obj (.text:NwpRegisterInterruptHandler)
                  200142aa    00000022     driverlib.a : spi.obj (.text:SPIReset)
                  200142cc    00000022                 : spi.obj (.text:SPIWordCountSet)
                  200142ee    00000022     rtsv7M4_T_le_eabi.lib : memcmp.obj (.text)
                  20014310    00000020     driverlib.a : interrupt.obj (.text:IntRegister)
                  20014330    00000020     simplelink.a : driver.obj (.text:_SlDrvCmdSend)
                  20014350    00000020     rtsv7M4_T_le_eabi.lib : u_tofd_t2.obj (.text)
                  20014370    0000001e     driverlib.a : i2c.obj (.text:I2CMasterIntStatusEx)
                  2001438e    0000001e                 : timer.obj (.text:TimerDisable)
                  200143ac    0000001e                 : timer.obj (.text:TimerEnable)
                  200143ca    0000001e                 : timer.obj (.text:TimerIntStatus)
                  200143e8    0000001e                 : uart.obj (.text:UARTCharPut)
                  20014406    0000001c                 : pin.obj (.text:PinTypeI2C)
                  20014422    0000001c                 : timer.obj (.text:TimerValueGet)
                  2001443e    00000002     --HOLE-- [fill = 0]
                  20014440    0000001c     simplelink.a : driver.obj (.text:_SlDrvObjDeInit)
                  2001445c    0000001c     rtsv7M4_T_le_eabi.lib : memccpy.obj (.text)
                  20014478    0000001c     driverlib.a : udma.obj (.text:uDMAChannelDisable)
                  20014494    0000001c                 : udma.obj (.text:uDMAChannelEnable)
                  200144b0    0000001a     simplelink.a : netapp.obj (.text:CopyPingResultsToReport)
                  200144ca    0000001a     driverlib.a : pin.obj (.text:PinTypeCamera)
                  200144e4    0000001a                 : pin.obj (.text:PinTypeUART)
                  200144fe    0000001a                 : spi.obj (.text:SPIDmaDisable)
                  20014518    0000001a                 : spi.obj (.text:SPIDmaEnable)
                  20014532    0000001a                 : spi.obj (.text:SPIFIFODisable)
                  2001454c    0000001a                 : spi.obj (.text:SPIFIFOEnable)
                  20014566    0000001a     simplelink.a : device.obj (.text:_SlDrvDeviceEventHandler)
                  20014580    00000018     driverlib.a : camera.obj (.text:CameraReset)
                  20014598    00000018                 : gpio.obj (.text:GPIOPinRead)
                  200145b0    00000018                 : spi.obj (.text:SPICSDisable)
                  200145c8    00000018                 : spi.obj (.text:SPICSEnable)
                  200145e0    00000018                 : spi.obj (.text:SPIDisable)
                  200145f8    00000018                 : spi.obj (.text:SPIEnable)
                  20014610    00000018                 : timer.obj (.text:TimerIntDisable)
                  20014628    00000018                 : timer.obj (.text:TimerIntEnable)
                  20014640    00000018     rtsv7M4_T_le_eabi.lib : args_main.obj (.text)
                  20014658    00000018                           : ll_mul_t2.obj (.text)
                  20014670    00000018                           : strcmp.obj (.text)
                  20014688    00000016     driverlib.a : camera.obj (.text:CameraDMAEnable)
                  2001469e    00000016                 : camera.obj (.text:CameraIntRegister)
                  200146b4    00000016                 : i2c.obj (.text:I2CMasterDataPut)
                  200146ca    00000016                 : i2c.obj (.text:I2CMasterEnable)
                  200146e0    00000016                 : prcm.obj (.text:PRCMHIBRegRead)
                  200146f6    00000016                 : prcm.obj (.text:PRCMHIBRegWrite)
                  2001470c    00000016                 : uart.obj (.text:UARTCharGet)
                  20014722    00000016     simplelink.a : fs.obj (.text:_sl_Strlen)
                  20014738    00000016     rtsv7M4_T_le_eabi.lib : memchr.obj (.text)
                  2001474e    00000016                           : strchr.obj (.text)
                  20014764    00000016     driverlib.a : udma.obj (.text:uDMAIntRegister)
                  2001477a    00000014                 : cpu.obj (.text:CPUcpsie)
                  2001478e    00000002     --HOLE-- [fill = 0]
                  20014790    00000014                 : interrupt.obj (.text:IntVTableBaseSet)
                  200147a4    00000014     simplelink.a : driver.obj (.text:_SlDrvShiftDWord)
                  200147b8    00000014     rtsv7M4_T_le_eabi.lib : _lock.obj (.text)
                  200147cc    00000014                           : strlen.obj (.text)
                  200147e0    00000014     driverlib.a : udma.obj (.text:uDMAControlBaseSet)
                  200147f4    00000014                 : udma.obj (.text:uDMAIntClear)
                  20014808    00000012                 : i2c.obj (.text:I2CMasterControl)
                  2001481a    00000012                 : i2c.obj (.text:I2CMasterIntClearEx)
                  2001482c    00000012                 : i2c.obj (.text:I2CMasterTimeoutSet)
                  2001483e    00000012                 : timer.obj (.text:TimerIntClear)
                  20014850    00000012     rtsv7M4_T_le_eabi.lib : copy_zero_init.obj (.text:decompress:ZI)
                  20014862    00000012     simplelink.a : netapp.obj (.text:sl_NetAppMDNSUnRegisterService)
                  20014874    00000012     driverlib.a : udma.obj (.text:uDMAIntUnregister)
                  20014886    00000002     --HOLE-- [fill = 0]
                  20014888    00000010     simplelink.a : cc_pal.obj (.text:NwpMaskInterrupt)
                  20014898    00000010                  : socket.obj (.text:SL_FD_SET)
                  200148a8    00000010     rtsv7M4_T_le_eabi.lib : strcpy.obj (.text)
                  200148b8    00000010                           : tolower.obj (.text)
                  200148c8    0000000e     driverlib.a : i2c.obj (.text:I2CMasterDataGet)
                  200148d6    0000000e     rtsv7M4_T_le_eabi.lib : copy_decompress_none.obj (.text:decompress:none)
                  200148e4    0000000e                           : xdclass.obj (.text)
                  200148f2    0000000e     startup_ccs.obj (.text)
                  20014900    0000000c     simplelink.a : cc_pal.obj (.text:NwpUnMaskInterrupt)
                  2001490c    0000000c     driverlib.a : udma.obj (.text:uDMADisable)
                  20014918    0000000c                 : udma.obj (.text:uDMAEnable)
                  20014924    0000000c                 : udma.obj (.text:uDMAIntStatus)
                  20014930    0000000a                 : interrupt.obj (.text:IntMasterEnable)
                  2001493a    00000008     simplelink.a : wlan.obj (.text:sl_WlanDisconnect)
                  20014942    00000006     i2cconfig.obj (.text:MT9D111Delay)
                  20014948    00000006     simplelink.a : socket.obj (.text:SL_FD_ZERO)
                  2001494e    00000006     driverlib.a : utils.obj (.text:UtilsDelay)
                  20014954    00000006     rtsv7M4_T_le_eabi.lib : copy_decompress_rle.obj (.text:decompress:rle24)
                  2001495a    00000006                           : log.obj (.text)
                  20014960    00000004                           : error.obj (.text)
                  20014964    00000004                           : xldtest.obj (.text)

.const     0    20014968    00000a75     
                  20014968    0000013c     mt9d111.obj (.const:init_cmds_list)
                  20014aa4    00000102     rtsv7M4_T_le_eabi.lib : ctype.obj (.const:.string:_ctypes_)
                  20014ba6    00000002     --HOLE-- [fill = 0]
                  20014ba8    00000100     driverlib.a : pin.obj (.const:g_ulPinToPadMap)
                  20014ca8    000000ec     simplelink.a : wlan.obj (.const)
                  20014d94    000000d4     driverlib.a : interrupt.obj (.const:g_pulRegs)
                  20014e68    000000ac     mt9d111.obj (.const:capture_cmds_list)
                  20014f14    000000a8     driverlib.a : prcm.obj (.const:PRCM_PeriphRegsList)
                  20014fbc    00000004     --HOLE-- [fill = 0]
                  20014fc0    00000088     rtsv7M4_T_le_eabi.lib : xlatan.obj (.const)
                  20015048    00000080     driverlib.a : interrupt.obj (.const)
                  200150c8    00000051     network_relater_fns.obj (.const:.string)
                  20015119    00000003     --HOLE-- [fill = 0]
                  2001511c    0000004c     simplelink.a : driver.obj (.const)
                  20015168    00000048     rtsv7M4_T_le_eabi.lib : xexp.obj (.const)
                  200151b0    00000038                           : xlog.obj (.const:p)
                  200151e8    00000038     simplelink.a : fs.obj (.const)
                  20015220    00000034                  : socket.obj (.const)
                  20015254    00000030     rtsv7M4_T_le_eabi.lib : xdint.obj (.const)
                  20015284    0000002c     libparse.a : cc3200_utils.obj (.const:$P$T0$1)
                  200152b0    0000002c     network_relater_fns.obj (.const:$P$T1$2)
                  200152dc    00000028     simplelink.a : netapp.obj (.const)
                  20015304    00000022     network_relater_fns.obj (.const:.string:$P$T0$1)
                  20015326    00000022     mt9d111.obj (.const:.string)
                  20015348    00000020     network_relater_fns.obj (.const)
                  20015368    00000018     driverlib.a : spi.obj (.const)
                  20015380    00000017     libparse.a : request.obj (.const:.string)
                  20015397    00000016     camera_app.obj (.const:.string)
                  200153ad    00000003     --HOLE-- [fill = 0]
                  200153b0    00000014     simplelink.a : device.obj (.const)
                  200153c4    0000000b     app_common.obj (.const:.string)
                  200153cf    00000001     --HOLE-- [fill = 0]
                  200153d0    00000008     simplelink.a : netcfg.obj (.const)
                  200153d8    00000005     main.obj (.const:.string)

.cinit     0    200153e0    00000bb0     
                  200153e0    00000b8a     (.cinit..data.load) [load image, compression = rle]
                  20015f6a    00000002     --HOLE-- [fill = 0]
                  20015f6c    0000000c     (__TI_handler_table)
                  20015f78    00000008     (.cinit..bss.load) [load image, compression = zero_init]
                  20015f80    00000010     (__TI_cinit_table)

.bss       0    20018000    0001e905     UNINITIALIZED
                  20018000    0001e000     main.obj (.bss:g_image_buffer)
                  20036000    00000400     udma_if.obj (.bss:gpCtlTbl)
                  20036400    00000120     rtsv7M4_T_le_eabi.lib : trgmsg.obj (.bss:__CIOBUF_)
                  20036520    00000100     udma_if.obj (.bss:gfpAppCallbackHndl)
                  20036620    000000c8     free_rtos.a : tasks.obj (.bss:pxReadyTasksLists)
                  200366e8    000000a0     rtsv7M4_T_le_eabi.lib : defs.obj (.bss:__TI_tmpnams)
                  20036788    00000050     free_rtos.a : queue.obj (.bss:xQueueRegistry)
                  200367d8    00000034     libparse.a : cc3200_client_state.obj (.bss:clientStateFileName)
                  2003680c    00000024     network_relater_fns.obj (.bss:g_ucConnectionSSID)
                  20036830    0000001c     rtsv7M4_T_le_eabi.lib : vla_alloc.obj (.bss)
                  2003684c    00000014     (.common:g_flag_blockFull)
                  20036860    00000014     (.common:xDelayedTaskList1)
                  20036874    00000014     (.common:xDelayedTaskList2)
                  20036888    00000014     (.common:xPendingReadyList)
                  2003689c    00000014     (.common:xSuspendedTaskList)
                  200368b0    00000014     (.common:xTasksWaitingTermination)
                  200368c4    00000008     (.common:g_ucConnectionBSSID)
                  200368cc    00000008     (.common:parmbuf)
                  200368d4    00000004     (.common:__Errorlog)
                  200368d8    00000004     (.common:dataBuffer)
                  200368dc    00000004     (.common:g_block_lastFilled)
                  200368e0    00000004     (.common:g_frame_size_in_bytes)
                  200368e4    00000004     (.common:g_header_length)
                  200368e8    00000004     (.common:g_position_in_block)
                  200368ec    00000004     (.common:g_readHeader)
                  200368f0    00000004     (.common:g_total_dma_intrpts)
                  200368f4    00000004     (.common:pxDelayedTaskList)
                  200368f8    00000004     (.common:pxOverflowDelayedTaskList)
                  200368fc    00000004     (.common:v_TimerOverflows)
                  20036900    00000001     (.common:g_CaptureImage)
                  20036901    00000001     (.common:g_dma_txn_done)
                  20036902    00000001     (.common:g_flag_DataBlockFilled)
                  20036903    00000001     (.common:g_frame_end)
                  20036904    00000001     (.common:iDone)

.sysmem    0    20036908    00004000     UNINITIALIZED
                  20036908    00000008     rtsv7M4_T_le_eabi.lib : memory.obj (.sysmem)
                  20036910    00003ff8     --HOLE--


LINKER GENERATED COPY TABLES

__TI_cinit_table @ 20015f80 records: 2, size/record: 8, table size: 16
	.data: load addr=200153e0, load size=00000b8a bytes, run addr=20000000, run size=00001540 bytes, compression=rle
	.bss: load addr=20015f78, load size=00000008 bytes, run addr=20018000, run size=0001e905 bytes, compression=zero_init


LINKER GENERATED HANDLER TABLE

__TI_handler_table @ 20015f6c records: 3, size/record: 4, table size: 12
	index: 0, handler: __TI_decompress_rle24
	index: 1, handler: __TI_decompress_none
	index: 2, handler: __TI_zero_init


GLOBAL SYMBOLS: SORTED ALPHABETICALLY BY Name 

address    name
--------   ----
2001357d   C$$EXIT
20012d4b   C$$IO$$
2001477b   CPUcpsie
20007571   CamControllerInit
20014245   CameraCaptureStart
2001397d   CameraCaptureStop
20014689   CameraDMAEnable
20014101   CameraIntClear
20013e91   CameraIntEnable
2001469f   CameraIntRegister
20013fed   CameraIntStatus
20013b3f   CameraParamsConfig
20014581   CameraReset
2000d7b9   CameraSensorInit
200140b5   CameraThresholdSet
200139b7   CameraXClkConfig
20007135   CaptureAndStore_Image
2000e181   ClearTerm
200117c5   CollectTxit_ImgTempRH
200067e1   ConfigureMode
20006541   ConfigureSimpleLinkToDefaultState
2000681d   ConnectToNetwork
20006985   ConnectToNetwork_2
20006a47   ConnectToNetwork_STA
20006a2b   ConnectToNetwork_STA_2
2000d5bd   ConstructDeviceStateObject
200144b1   CopyPingResultsToReport
20001324   DMAMsgQ
2000e94d   DMASetupTransfer
2000152c   DigiCertHighAssuranceEVRootCA_der_len
2000e817   DmaErrorIntHandler
20013ebd   DmaSpiSwIntHandler
2000e805   DmaSwIntHandler
2000e187   Error
2000975d   FXOS8700CQ_Init
20009849   FXOS8700CQ_Mag_Calibration
20013b09   GPIODirModeSet
20014599   GPIOPinRead
2000e1bb   GetCmd
20010971   GetTimeDuration
2000d255   HOSTclock
2000d21d   HOSTclose
2000d1df   HOSTgetenv
2000d183   HOSTlseek
2000d131   HOSTopen
2000d0e5   HOSTread
2000d087   HOSTrename
2000d04d   HOSTtime
2000d015   HOSTunlink
2000cfc9   HOSTwrite
2000eccb   I2CBufferRead
2000ed73   I2CBufferWrite
2000ecad   I2CInit
20014809   I2CMasterControl
200148c9   I2CMasterDataGet
200146b5   I2CMasterDataPut
200146cb   I2CMasterEnable
20013ee9   I2CMasterErr
20011f95   I2CMasterInitExpClk
2001481b   I2CMasterIntClearEx
20014371   I2CMasterIntStatusEx
20014267   I2CMasterSlaveAddrSet
2001482d   I2CMasterTimeoutSet
2000eb0f   I2C_IF_Close
2000eae5   I2C_IF_Open
2000ea5d   I2C_IF_Read
2000eac5   I2C_IF_ReadFrom
2000e9fb   I2C_IF_Write
2000e149   InitTerm
2000d53d   InitialiseParse
20006519   InitializeAppVariables
2001091b   InitializeTimer
2001135d   IntDisable
20011405   IntEnable
20014931   IntMasterEnable
20012e39   IntPendClear
20012f99   IntPrioritySet
20014311   IntRegister
20014125   IntUnregister
20014791   IntVTableBaseSet
20000000   JPEG_StdHuffmanTbl
2000137c   JPEG_StdQuantTblC
200013bc   JPEG_StdQuantTblY
20014943   MT9D111Delay
2000c9f1   Main_Task
2000e167   Message
20014889   NwpMaskInterrupt
20013851   NwpPowerOff
20013d15   NwpPowerOn
2001209d   NwpPowerOnPreamble
20014289   NwpRegisterInterruptHandler
20014901   NwpUnMaskInterrupt
2000f339   PRCMCC3200MCUInit
200146e1   PRCMHIBRegRead
200146f7   PRCMHIBRegWrite
20014015   PRCMPeripheralClkDisable
2001388d   PRCMPeripheralClkEnable
2001198d   PRCMPeripheralClockGet
20012e91   PRCMPeripheralReset
20013b75   PRCMPeripheralStatusGet
20013f15   PRCMSysResetCauseGet
20011cf1   PinConfigSet
200136d1   PinModeSet
2001114f   PinMuxConfig
200144cb   PinTypeCamera
20013d45   PinTypeGPIO
20014407   PinTypeI2C
200144e5   PinTypeUART
2000e265   Report
200148f3   ResetISR
UNDEFED    SHT$$INIT_ARRAY$$Base
UNDEFED    SHT$$INIT_ARRAY$$Limit
20014899   SL_FD_SET
20014949   SL_FD_ZERO
200145b1   SPICSDisable
200145c9   SPICSEnable
20011555   SPIConfigSetExpClk
200145e1   SPIDisable
200144ff   SPIDmaDisable
20014519   SPIDmaEnable
200145f9   SPIEnable
20014533   SPIFIFODisable
2001454d   SPIFIFOEnable
20013ba9   SPIFIFOLevelSet
20013349   SPIIntClear
20013139   SPIIntEnable
200142ab   SPIReset
200142cd   SPIWordCountSet
2000e895   SetupTransfer
20006dd5   SimpleLinkHttpServerCallback
20006cd9   SimpleLinkNetAppEventHandler
20006d7d   SimpleLinkSockEventHandler
20006bf5   SimpleLinkWlanEventHandler
2000d7c1   StartSensorInJpegMode
20010947   StartTimer
20010963   StopTimer
20010909   TimerBaseIntHandler
200134f5   TimerConfigure
2001438f   TimerDisable
200143ad   TimerEnable
2001483f   TimerIntClear
20014611   TimerIntDisable
20014629   TimerIntEnable
2001264d   TimerIntRegister
200143cb   TimerIntStatus
20012809   TimerIntUnregister
20013f99   TimerLoadSet
20013fc3   TimerPrescaleSet
20014423   TimerValueGet
20011531   Timer_IF_DeInit
20011549   Timer_IF_GetCount
200114ad   Timer_IF_Init
200114d7   Timer_IF_IntSetup
20011509   Timer_IF_InterruptClear
20013f99   Timer_IF_ReLoad
2001151d   Timer_IF_Start
2001438f   Timer_IF_Stop
2000e21b   TrimSpace
2001470d   UARTCharGet
200143e9   UARTCharPut
20012479   UARTConfigSetExpClk
20013d75   UARTDisable
20014149   UARTEnable
2000e86d   UDMAChannelSelect
2000e939   UDMADeInit
2000e823   UDMAInit
2000e8cb   UDMASetupAutoMemTransfer
2000e8ef   UDMASetupPingPongTransfer
20014479   UDMAStopTransfer
2000d553   UploadImageToParse
2000d571   UploadSensorDataToParse
2001494f   UtilsDelay
2000b6d1   VDeleteSimpleLinkSpawnTask
2000b681   VStartSimpleLinkSpawnTask
200148e5   _Dclass
200011c0   _Denorm
20010aad   _Dint
20010b71   _Dnorm
2000fc65   _Dscale
20013605   _Dtest
20012ad5   _Dunscale
200011d0   _Eps
20001530   _Errno
2000d9bd   _Exp
200012b0   _FDenorm
200012c0   _FEps
200012d0   _FInf
200012e0   _FNan
20001300   _FRteps
200012f0   _FSnan
20001310   _FXbig
20001314   _FZero
20001518   _Fenv
20013dd5   _Feraise
200011e0   _Hugeval
200011f0   _Inf
2000eb25   _LAtan
20001240   _LDenorm
20014965   _LDtest
20001250   _LEps
20001260   _LInf
20001270   _LNan
20001290   _LRteps
20001280   _LSnan
200012a0   _LXbig
200012a8   _LZero
2000cce5   _Log
20001200   _Nan
20001220   _Rteps
20015240   _SlAcceptCmdCtrl
20015130   _SlActionLookupTable
2000c38d   _SlAsyncEventGenericHandler
200153bc   _SlDeviceGetCmdCtrl
200153c0   _SlDeviceSetCmdCtrl
20013bdd   _SlDrvBasicCmd
20011a21   _SlDrvClassifyRxMsg
20012019   _SlDrvCmdOp
20014331   _SlDrvCmdSend
2000ee1d   _SlDrvDataReadOp
2000f6d1   _SlDrvDataWriteOp
20014567   _SlDrvDeviceEventHandler
20012ee9   _SlDrvDriverCBDeinit
2001211d   _SlDrvDriverCBInit
20013f41   _SlDrvFlowContDeinit
20013f6d   _SlDrvFlowContInit
2000bfe5   _SlDrvMsgRead
20010f35   _SlDrvMsgReadCmdCtx
20011b49   _SlDrvMsgReadSpawnCtx
2000fa41   _SlDrvMsgWrite
2001109d   _SlDrvNetAppEventHandler
20014441   _SlDrvObjDeInit
200138c9   _SlDrvObjInit
20010095   _SlDrvReleasePoolObj
2000ef81   _SlDrvRxHdrRead
20013711   _SlDrvRxIrqHandler
200147a5   _SlDrvShiftDWord
2000fd75   _SlDrvWaitForPoolObj
200153b8   _SlEventMaskGetCmdCtrl
200153b4   _SlEventMaskSetCmdCtrl
2001172d   _SlFindAndSetActiveObj
200151ec   _SlFsCloseCmdCtrl
200151fc   _SlFsDeleteCmdCtrl
200151f8   _SlFsGetInfoCmdCtrl
200151e8   _SlFsOpenCmdCtrl
200151f0   _SlFsReadCmdCtrl
200151f4   _SlFsWriteCmdCtrl
200152f4   _SlGetHostByNameCtrl
200152f0   _SlGetHostByServiceCtrl
200152e8   _SlGetServiceListeCtrl
2001524c   _SlGetSockOptCmdCtrl
2001523c   _SlListenCmdCtrl
20015300   _SlNetAppGetCmdCtrl
200152fc   _SlNetAppSendTokenValueCmdCtrl
200152f8   _SlNetAppSetCmdCtrl
200152e0   _SlNetAppStartCtrl
200152e4   _SlNetAppStopCtrl
200153d4   _SlNetCfgGetCmdCtrl
200153d0   _SlNetCfgSetCmdCtrl
20014cb0   _SlPolicyGetCmdCtrl
20014cac   _SlPolicySetCmdCtrl
20014cb8   _SlProfileDelCmdCtrl
20014cb4   _SlProfileGetCmdCtrl
20015244   _SlRecvCmdCtrl
20015234   _SlRecvfomCmdCtrl
200152ec   _SlRegisterServiceCtrl
20013751   _SlRemoveFromList
20014cc0   _SlRxFilterAddtCmdCtrl
20014cc8   _SlRxFilterGetCmdCtrl
20014cc4   _SlRxFilterSetCmdCtrl
20015250   _SlSelectCmdCtrl
20015238   _SlSendCmdCtrl
20015248   _SlSetSockOptCmdCtrl
20014ccc   _SlSmartConfigStartCmdCtrl
20015230   _SlSockCloseCmdCtrl
2001522c   _SlSockSocketCmdCtrl
200153b0   _SlStopCmdCtrl
20014cd8   _SlWlanCfgGetCmdCtrl
20014cd4   _SlWlanCfgSetCmdCtrl
20014cbc   _SlWlanGetNetworkListCtrl
20014cd0   _SlWlanSetModeCmdCtrl
20001210   _Snan
2000151c   _Tls_setup__Fenv
20001230   _Xbig
20001238   _Zero
20036400   __CIOBUF_
20004000   __STACK_END
00001000   __STACK_SIZE
00004000   __SYSMEM_SIZE
20015f80   __TI_CINIT_Base
20015f90   __TI_CINIT_Limit
20015f6c   __TI_Handler_Table_Base
20015f78   __TI_Handler_Table_Limit
00000001   __TI_args_main
20011ab5   __TI_auto_init
2000e051   __TI_cleanup
20001510   __TI_cleanup_ptr
2001185d   __TI_closefile
200148d7   __TI_decompress_none
20014955   __TI_decompress_rle24
20010cf9   __TI_doflush
20001514   __TI_dtors_ptr
200014cc   __TI_ft_end
2000620f   __TI_printfi
20011313   __TI_rd_ok
20012d4f   __TI_readmsg
200153e0   __TI_static_base__
200366e8   __TI_tmpnams
20012d21   __TI_writemsg
200112b1   __TI_wrt_ok
20014851   __TI_zero_init
20014961   __abort_execution
20011e89   __aeabi_cdcmpeq
20011e89   __aeabi_cdcmple
20011f0f   __aeabi_cdrcmple
20012c01   __aeabi_cfcmpeq
20012c01   __aeabi_cfcmple
20012c61   __aeabi_cfrcmple
200132ff   __aeabi_d2f
20013391   __aeabi_d2iz
200135c1   __aeabi_d2uiz
2000e30b   __aeabi_dadd
2000f201   __aeabi_ddiv
2001029d   __aeabi_dmul
2000e301   __aeabi_dsub
20013a29   __aeabi_f2d
20013a61   __aeabi_f2iz
20013c79   __aeabi_f2uiz
2001039d   __aeabi_fadd
2001230d   __aeabi_fmul
20010399   __aeabi_fsub
20013e35   __aeabi_i2d
20013a99   __aeabi_i2f
20014659   __aeabi_lmul
20012401   __aeabi_memclr
20012401   __aeabi_memclr4
20012401   __aeabi_memclr8
20011691   __aeabi_memcpy
20011691   __aeabi_memcpy4
20011691   __aeabi_memcpy8
20012403   __aeabi_memset
20012403   __aeabi_memset4
20012403   __aeabi_memset8
200014d8   __aeabi_stderr
200014d0   __aeabi_stdin
200014d4   __aeabi_stdout
20014351   __aeabi_ui2d
20014191   __aeabi_ui2f
2000dbb9   __aeabi_uldivmod
ffffffff   __binit__
ffffffff   __c_args__
20003000   __stack
2000d3ab   __vla_alloc
2000d29d   __vla_dealloc
2000d32b   __vla_dealloc_eh
20014641   _args_main
20013c11   _c_int00
20014aa4   _ctypes_
20000f50   _ftable
20001508   _lock
200147c7   _nop
200147bf   _register_lock
200147b9   _register_unlock
2001403d   _sl_BuildAddress
200129a9   _sl_GetCreateFsMode
200132b5   _sl_GetStartResponseConvert
20012a0d   _sl_HandleAsync_Accept
20012871   _sl_HandleAsync_Connect
20012199   _sl_HandleAsync_DnsGetHostByName
200128d9   _sl_HandleAsync_DnsGetHostByService
200124f1   _sl_HandleAsync_InitComplete
200126bd   _sl_HandleAsync_PingResponse
20012f41   _sl_HandleAsync_Select
20012fed   _sl_HandleAsync_Stop
20014723   _sl_Strlen
2001272d   _sl_TruncatePayloadByProtocol
20036908   _sys_memory
2000150c   _unlock
20013581   abort
2000e567   addHttpRequestHeader
2000e595   addHttpRequestHeaderInt
2000e4b9   addHttpRequestLine
2000c93b   add_device
20010199   atan2l
20013185   atoi
2000e523   beginHttpGetRequest
2000e501   beginHttpRequest
ffffffff   binit
2000886f   buildRequestHeaders
2000bbf9   calloc
2000970d   clearAccelMotionIntrpt
200367d8   clientStateFileName
2000c8e9   close
200014c4   cnt
200091c3   configureFXOS8700
20013539   copy_in
2000a297   createInstallation
20009c61   createNewInstallationId
200368d8   dataBuffer
200014c8   dataBufferSize
20010fe9   debugPrint
2001100b   debugPrintf
20004691   eTaskGetState
2000ddad   ensureCertificateFile
20013589   exit
200118c3   fclose
20013c45   feraiseexcept
20009bed   fetchDeviceOSVersion
20010d45   fflush
2000aa03   findSecondJson
2000e0a7   fopen
200127a5   fprintf
200115f5   fputc
2000f46d   fputs
2000b953   free
2000e07d   freopen
20012a71   fseek
20000dd0   gFirstCmdMode
20036900   g_CaptureImage
20015128   g_H2NCnysPattern
20015120   g_H2NSyncPattern
20001318   g_SpiFd
20000dd8   g_StatMem
200368dc   g_block_lastFilled
20001328   g_cDummy
20015380   g_deviceClientVersion
20036902   g_flag_DataBlockFilled
2003684c   g_flag_blockFull
20036903   g_frame_end
200368e0   g_frame_size_in_bytes
20000600   g_header
200368e4   g_header_length
20018000   g_image_buffer
2000149c   g_osVersion
20000dd4   g_pCB
2000131c   g_pHostIntHdl
20004000   g_pfnVectors
200368e8   g_position_in_block
200368ec   g_readHeader
200368c4   g_ucConnectionBSSID
2003680c   g_ucConnectionSSID
20001320   g_ucDMAEnabled
2000132c   g_ucDinDout
200014f0   g_uiSimplelinkRole
200014ec   g_ulGatewayIP
20001504   g_ulPingPacketsRecv
200014e8   g_ulStatus
20009579   getAccelerationMagnitude
2000943f   getDoorDirection
2000e5e3   getHttpResponseBody
2000e5b7   getHttpResponseStatus
2000a2e7   getInstallation
2000f9d3   getInternalClient
200094f5   getMagnFlux_3axis
2000aa53   getPushJson
20036520   gfpAppCallbackHndl
20036000   gpCtlTbl
2000fe81   i2cReadRegisters
2000ff2d   i2cReadRegistersTwoBytes
2000fec3   i2cWriteRegisters
20036904   iDone
20006ad1   initNetwork
200130e9   intToASCII
2000aa2f   isCompleteJson
20009b89   isPingTime
2000bc31   loadClientState
2001495b   log
2000c8c5   lseek
20012ddf   ltoa
2000ca91   main
2000153c   main_func_sp
2000b8f1   malloc
2000b7d5   mem_Free
2000b7c9   mem_Malloc
2000b7f5   mem_copy
2000b7e1   mem_set
2000bb19   memalign
2001445d   memccpy
20014739   memchr
200142ef   memcmp
20011691   memcpy
2001416d   memmove
20012409   memset
2000b865   minit
2000c817   open
2000b84b   osi_ContextRestore
2000b849   osi_ContextSave
2000b809   osi_EnterCritical
2000b813   osi_ExitCritical
2000b42f   osi_InterruptDeRegister
2000b409   osi_InterruptRegister
2000b539   osi_LockObjCreate
2000b5ad   osi_LockObjDelete
2000b5bd   osi_LockObjLock
2000b5e9   osi_LockObjUnlock
2000b6fd   osi_MsgQCreate
2000b741   osi_MsgQDelete
2000b78d   osi_MsgQRead
2000b75b   osi_MsgQWrite
2000b825   osi_Sleep
2000b613   osi_Spawn
2000b517   osi_SyncObjClear
2000b441   osi_SyncObjCreate
2000b471   osi_SyncObjDelete
2000b48b   osi_SyncObjSignal
2000b4b3   osi_SyncObjSignalFromISR
2000b4eb   osi_SyncObjWait
2000b55f   osi_TaskCreate
2000b59f   osi_TaskDelete
2000b835   osi_TaskDisable
2000b83f   osi_TaskEnable
2000b81d   osi_start
20000dcc   pPingCallBackFunc
20008ff7   parseGetErrorCode
2000a509   parseGetInstallationId
2000f929   parseInitialize
20008fc1   parseSendRequest
20008f43   parseSendRequestInternal
2000a45b   parseSetInstallationId
200153c4   pcDigits
20004bb5   pcTaskGetTaskName
20010f2d   portCLZ
2000af79   pow
20010f15   prvPortStartFirstTask
20011679   putc
2001167d   putchar
2000f579   puts
200139f1   pvPortMalloc
2000143c   pxCurrentTCB
2000fb55   pxPortInitialiseStack
20013e63   raise
200131e7   rand
2000c7f3   read
2000ba13   realloc
2000c769   remove
2000c7cb   remove_device
2000c78d   rename
2000d585   retreiveImageIDfromHTTPResponse
2000bd43   saveClientState
20008df1   sendRequest
2000884d   setDataBufferPointer
200093fd   setMotionDetectionThreshold
20010755   setvbuf
20013791   signal
2000a639   simpleJsonProcessor
200141b5   sl_Close
20010585   sl_Connect
20012215   sl_DevGet
200133d9   sl_DevSet
20012291   sl_FsClose
20013421   sl_FsDel
20012941   sl_FsGetInfo
20013041   sl_FsOpen
20011bd9   sl_FsRead
20011c65   sl_FsWrite
20013ad1   sl_Htonl
20013ce1   sl_Htons
20010831   sl_NetAppDnsGetHostByName
20011e01   sl_NetAppMDNSRegisterUnregisterService
20014863   sl_NetAppMDNSUnRegisterService
20013095   sl_NetAppSendTokenValue
200141d9   sl_NetAppStart
200141fd   sl_NetAppStop
20013649   sl_NetCfgSet
2001368d   sl_Recv
2000ff8d   sl_Select
20011201   sl_Send
2001321d   sl_SetSockOpt
20013e05   sl_Socket
20010db9   sl_Start
20010c35   sl_Stop
2000e669   sl_WlanConnect
2001493b   sl_WlanDisconnect
20012565   sl_WlanGet
200137d1   sl_WlanPolicySet
20014221   sl_WlanProfileDel
20013811   sl_WlanRxFilterSet
20013469   sl_WlanSet
2001408d   sl_WlanSetMode
200118f5   snprintf
2000ae75   socketClose
2000acd9   socketRead
2000ab3d   socketSslConnect
2000aadd   socketWait
2000add5   socketWrite
200125d9   spi_Close
2000f5a1   spi_Open
200109e1   spi_Read
2001066d   spi_Write
20012cc1   sprintf
2000f0c1   sqrt
200131d1   srand
200014c2   sshPort
2001474f   strchr
20014671   strcmp
200148a9   strcpy
200147cd   strlen
20013905   strncasecmp
20014065   strncat
200140db   strncmp
20013da5   strncpy
20013cad   strstr
200148b9   tolower
20013269   uDMAChannelAssign
20012b39   uDMAChannelAttributeDisable
20012b9d   uDMAChannelAttributeEnable
20013941   uDMAChannelControlSet
20014479   uDMAChannelDisable
20014495   uDMAChannelEnable
20010495   uDMAChannelTransferSet
200147e1   uDMAControlBaseSet
2001490d   uDMADisable
20014919   uDMAEnable
200147f5   uDMAIntClear
20014765   uDMAIntRegister
20014925   uDMAIntStatus
20014875   uDMAIntUnregister
200084a9   ucQueueGetQueueType
20010e7d   ulPortSetInterruptMask
2000c769   unlink
200096cd   updateConfigReg
20009be3   updateLastPingTime
2000f8df   uxListRemove
20008489   uxQueueGetQueueNumber
2000841d   uxQueueMessagesWaiting
20008453   uxQueueMessagesWaitingFromISR
20008433   uxQueueSpacesAvailable
20004ba9   uxTaskGetNumberOfTasks
20004bd9   uxTaskGetSystemState
200050c9   uxTaskGetTaskNumber
20004725   uxTaskPriorityGet
20005621   uxTaskResetEventItemValue
2000c9eb   vApplicationIdleHook
2000c9ed   vApplicationMallocFailedHook
2000c9ef   vApplicationStackOverflowHook
2000c9e9   vAssertCalled
2000f7fd   vListInitialise
2000f82d   vListInitialiseItem
2000f879   vListInsert
2000f83d   vListInsertEnd
20010e93   vPortClearInterruptMask
2000fbd1   vPortEndScheduler
2000fbe5   vPortEnterCritical
2000fbfd   vPortExitCritical
20013a11   vPortFree
20010eed   vPortSVCHandler
2000fc31   vPortSetupTimerInterrupt
2000fbd3   vPortYield
200086c3   vQueueAddToRegistry
20008465   vQueueDelete
20008497   vQueueSetQueueNumber
20008705   vQueueUnregisterQueue
2000463b   vTaskDelay
2000459f   vTaskDelayUntil
2000450f   vTaskDelete
20004a8d   vTaskEndScheduler
200050bb   vTaskMissedYield
20004e51   vTaskPlaceOnEventList
20004eb5   vTaskPlaceOnUnorderedEventList
20005597   vTaskPriorityDisinherit
200054dd   vTaskPriorityInherit
2000475d   vTaskPrioritySet
20004955   vTaskResume
200050e9   vTaskSetTaskNumber
2000501b   vTaskSetTimeOutState
20004a43   vTaskStartScheduler
20004861   vTaskSuspend
20004a9f   vTaskSuspendAll
20004dd1   vTaskSwitchContext
200368fc   v_TimerOverflows
20009195   verifyAccelMagnSensor
20011d79   vsnprintf
2000c6d9   write
200099f3   writeMagntCalibrationValue
200014dc   xHigherPriorityTaskWoken
20010ea1   xPortPendSVHandler
2000fba5   xPortStartScheduler
2000fc15   xPortSysTickHandler
20008753   xQueueAddToSet
20008085   xQueueAltGenericReceive
20007fd9   xQueueAltGenericSend
20007ead   xQueueCreateCountingSemaphore
20007e2f   xQueueCreateMutex
2000873f   xQueueCreateSet
20007db9   xQueueGenericCreate
2000821f   xQueueGenericReceive
20007d29   xQueueGenericReset
20007ecd   xQueueGenericSend
20008183   xQueueGenericSendFromISR
2000865f   xQueueIsQueueEmptyFromISR
200086a1   xQueueIsQueueFullFromISR
200083d9   xQueuePeekFromISR
20008361   xQueueReceiveFromISR
20036788   xQueueRegistry
20008787   xQueueRemoveFromSet
200087c9   xQueueSelectFromSet
200087e3   xQueueSelectFromSetFromISR
200014e0   xSimpleLinkSpawnQueue
200014e4   xSimpleLinkSpawnTaskHndl
20005041   xTaskCheckForTimeOut
20004401   xTaskGenericCreate
20005491   xTaskGetCurrentTaskHandle
20004c97   xTaskGetIdleTaskHandle
200054a5   xTaskGetSchedulerState
20004b7d   xTaskGetTickCount
20004b91   xTaskGetTickCountFromISR
20004cb5   xTaskIncrementTick
20004f25   xTaskRemoveFromEventList
20004fad   xTaskRemoveFromUnorderedEventList
20004ab1   xTaskResumeAll
200049c9   xTaskResumeFromISR


GLOBAL SYMBOLS: SORTED BY Symbol Address 

address    name
--------   ----
00000001   __TI_args_main
00001000   __STACK_SIZE
00004000   __SYSMEM_SIZE
20000000   JPEG_StdHuffmanTbl
20000600   g_header
20000dcc   pPingCallBackFunc
20000dd0   gFirstCmdMode
20000dd4   g_pCB
20000dd8   g_StatMem
20000f50   _ftable
200011c0   _Denorm
200011d0   _Eps
200011e0   _Hugeval
200011f0   _Inf
20001200   _Nan
20001210   _Snan
20001220   _Rteps
20001230   _Xbig
20001238   _Zero
20001240   _LDenorm
20001250   _LEps
20001260   _LInf
20001270   _LNan
20001280   _LSnan
20001290   _LRteps
200012a0   _LXbig
200012a8   _LZero
200012b0   _FDenorm
200012c0   _FEps
200012d0   _FInf
200012e0   _FNan
200012f0   _FSnan
20001300   _FRteps
20001310   _FXbig
20001314   _FZero
20001318   g_SpiFd
2000131c   g_pHostIntHdl
20001320   g_ucDMAEnabled
20001324   DMAMsgQ
20001328   g_cDummy
2000132c   g_ucDinDout
2000137c   JPEG_StdQuantTblC
200013bc   JPEG_StdQuantTblY
2000143c   pxCurrentTCB
2000149c   g_osVersion
200014c2   sshPort
200014c4   cnt
200014c8   dataBufferSize
200014cc   __TI_ft_end
200014d0   __aeabi_stdin
200014d4   __aeabi_stdout
200014d8   __aeabi_stderr
200014dc   xHigherPriorityTaskWoken
200014e0   xSimpleLinkSpawnQueue
200014e4   xSimpleLinkSpawnTaskHndl
200014e8   g_ulStatus
200014ec   g_ulGatewayIP
200014f0   g_uiSimplelinkRole
20001504   g_ulPingPacketsRecv
20001508   _lock
2000150c   _unlock
20001510   __TI_cleanup_ptr
20001514   __TI_dtors_ptr
20001518   _Fenv
2000151c   _Tls_setup__Fenv
2000152c   DigiCertHighAssuranceEVRootCA_der_len
20001530   _Errno
2000153c   main_func_sp
20003000   __stack
20004000   __STACK_END
20004000   g_pfnVectors
20004401   xTaskGenericCreate
2000450f   vTaskDelete
2000459f   vTaskDelayUntil
2000463b   vTaskDelay
20004691   eTaskGetState
20004725   uxTaskPriorityGet
2000475d   vTaskPrioritySet
20004861   vTaskSuspend
20004955   vTaskResume
200049c9   xTaskResumeFromISR
20004a43   vTaskStartScheduler
20004a8d   vTaskEndScheduler
20004a9f   vTaskSuspendAll
20004ab1   xTaskResumeAll
20004b7d   xTaskGetTickCount
20004b91   xTaskGetTickCountFromISR
20004ba9   uxTaskGetNumberOfTasks
20004bb5   pcTaskGetTaskName
20004bd9   uxTaskGetSystemState
20004c97   xTaskGetIdleTaskHandle
20004cb5   xTaskIncrementTick
20004dd1   vTaskSwitchContext
20004e51   vTaskPlaceOnEventList
20004eb5   vTaskPlaceOnUnorderedEventList
20004f25   xTaskRemoveFromEventList
20004fad   xTaskRemoveFromUnorderedEventList
2000501b   vTaskSetTimeOutState
20005041   xTaskCheckForTimeOut
200050bb   vTaskMissedYield
200050c9   uxTaskGetTaskNumber
200050e9   vTaskSetTaskNumber
20005491   xTaskGetCurrentTaskHandle
200054a5   xTaskGetSchedulerState
200054dd   vTaskPriorityInherit
20005597   vTaskPriorityDisinherit
20005621   uxTaskResetEventItemValue
2000620f   __TI_printfi
20006519   InitializeAppVariables
20006541   ConfigureSimpleLinkToDefaultState
200067e1   ConfigureMode
2000681d   ConnectToNetwork
20006985   ConnectToNetwork_2
20006a2b   ConnectToNetwork_STA_2
20006a47   ConnectToNetwork_STA
20006ad1   initNetwork
20006bf5   SimpleLinkWlanEventHandler
20006cd9   SimpleLinkNetAppEventHandler
20006d7d   SimpleLinkSockEventHandler
20006dd5   SimpleLinkHttpServerCallback
20007135   CaptureAndStore_Image
20007571   CamControllerInit
20007d29   xQueueGenericReset
20007db9   xQueueGenericCreate
20007e2f   xQueueCreateMutex
20007ead   xQueueCreateCountingSemaphore
20007ecd   xQueueGenericSend
20007fd9   xQueueAltGenericSend
20008085   xQueueAltGenericReceive
20008183   xQueueGenericSendFromISR
2000821f   xQueueGenericReceive
20008361   xQueueReceiveFromISR
200083d9   xQueuePeekFromISR
2000841d   uxQueueMessagesWaiting
20008433   uxQueueSpacesAvailable
20008453   uxQueueMessagesWaitingFromISR
20008465   vQueueDelete
20008489   uxQueueGetQueueNumber
20008497   vQueueSetQueueNumber
200084a9   ucQueueGetQueueType
2000865f   xQueueIsQueueEmptyFromISR
200086a1   xQueueIsQueueFullFromISR
200086c3   vQueueAddToRegistry
20008705   vQueueUnregisterQueue
2000873f   xQueueCreateSet
20008753   xQueueAddToSet
20008787   xQueueRemoveFromSet
200087c9   xQueueSelectFromSet
200087e3   xQueueSelectFromSetFromISR
2000884d   setDataBufferPointer
2000886f   buildRequestHeaders
20008df1   sendRequest
20008f43   parseSendRequestInternal
20008fc1   parseSendRequest
20008ff7   parseGetErrorCode
20009195   verifyAccelMagnSensor
200091c3   configureFXOS8700
200093fd   setMotionDetectionThreshold
2000943f   getDoorDirection
200094f5   getMagnFlux_3axis
20009579   getAccelerationMagnitude
200096cd   updateConfigReg
2000970d   clearAccelMotionIntrpt
2000975d   FXOS8700CQ_Init
20009849   FXOS8700CQ_Mag_Calibration
200099f3   writeMagntCalibrationValue
20009b89   isPingTime
20009be3   updateLastPingTime
20009bed   fetchDeviceOSVersion
20009c61   createNewInstallationId
2000a297   createInstallation
2000a2e7   getInstallation
2000a45b   parseSetInstallationId
2000a509   parseGetInstallationId
2000a639   simpleJsonProcessor
2000aa03   findSecondJson
2000aa2f   isCompleteJson
2000aa53   getPushJson
2000aadd   socketWait
2000ab3d   socketSslConnect
2000acd9   socketRead
2000add5   socketWrite
2000ae75   socketClose
2000af79   pow
2000b409   osi_InterruptRegister
2000b42f   osi_InterruptDeRegister
2000b441   osi_SyncObjCreate
2000b471   osi_SyncObjDelete
2000b48b   osi_SyncObjSignal
2000b4b3   osi_SyncObjSignalFromISR
2000b4eb   osi_SyncObjWait
2000b517   osi_SyncObjClear
2000b539   osi_LockObjCreate
2000b55f   osi_TaskCreate
2000b59f   osi_TaskDelete
2000b5ad   osi_LockObjDelete
2000b5bd   osi_LockObjLock
2000b5e9   osi_LockObjUnlock
2000b613   osi_Spawn
2000b681   VStartSimpleLinkSpawnTask
2000b6d1   VDeleteSimpleLinkSpawnTask
2000b6fd   osi_MsgQCreate
2000b741   osi_MsgQDelete
2000b75b   osi_MsgQWrite
2000b78d   osi_MsgQRead
2000b7c9   mem_Malloc
2000b7d5   mem_Free
2000b7e1   mem_set
2000b7f5   mem_copy
2000b809   osi_EnterCritical
2000b813   osi_ExitCritical
2000b81d   osi_start
2000b825   osi_Sleep
2000b835   osi_TaskDisable
2000b83f   osi_TaskEnable
2000b849   osi_ContextSave
2000b84b   osi_ContextRestore
2000b865   minit
2000b8f1   malloc
2000b953   free
2000ba13   realloc
2000bb19   memalign
2000bbf9   calloc
2000bc31   loadClientState
2000bd43   saveClientState
2000bfe5   _SlDrvMsgRead
2000c38d   _SlAsyncEventGenericHandler
2000c6d9   write
2000c769   remove
2000c769   unlink
2000c78d   rename
2000c7cb   remove_device
2000c7f3   read
2000c817   open
2000c8c5   lseek
2000c8e9   close
2000c93b   add_device
2000c9e9   vAssertCalled
2000c9eb   vApplicationIdleHook
2000c9ed   vApplicationMallocFailedHook
2000c9ef   vApplicationStackOverflowHook
2000c9f1   Main_Task
2000ca91   main
2000cce5   _Log
2000cfc9   HOSTwrite
2000d015   HOSTunlink
2000d04d   HOSTtime
2000d087   HOSTrename
2000d0e5   HOSTread
2000d131   HOSTopen
2000d183   HOSTlseek
2000d1df   HOSTgetenv
2000d21d   HOSTclose
2000d255   HOSTclock
2000d29d   __vla_dealloc
2000d32b   __vla_dealloc_eh
2000d3ab   __vla_alloc
2000d53d   InitialiseParse
2000d553   UploadImageToParse
2000d571   UploadSensorDataToParse
2000d585   retreiveImageIDfromHTTPResponse
2000d5bd   ConstructDeviceStateObject
2000d7b9   CameraSensorInit
2000d7c1   StartSensorInJpegMode
2000d9bd   _Exp
2000dbb9   __aeabi_uldivmod
2000ddad   ensureCertificateFile
2000e051   __TI_cleanup
2000e07d   freopen
2000e0a7   fopen
2000e149   InitTerm
2000e167   Message
2000e181   ClearTerm
2000e187   Error
2000e1bb   GetCmd
2000e21b   TrimSpace
2000e265   Report
2000e301   __aeabi_dsub
2000e30b   __aeabi_dadd
2000e4b9   addHttpRequestLine
2000e501   beginHttpRequest
2000e523   beginHttpGetRequest
2000e567   addHttpRequestHeader
2000e595   addHttpRequestHeaderInt
2000e5b7   getHttpResponseStatus
2000e5e3   getHttpResponseBody
2000e669   sl_WlanConnect
2000e805   DmaSwIntHandler
2000e817   DmaErrorIntHandler
2000e823   UDMAInit
2000e86d   UDMAChannelSelect
2000e895   SetupTransfer
2000e8cb   UDMASetupAutoMemTransfer
2000e8ef   UDMASetupPingPongTransfer
2000e939   UDMADeInit
2000e94d   DMASetupTransfer
2000e9fb   I2C_IF_Write
2000ea5d   I2C_IF_Read
2000eac5   I2C_IF_ReadFrom
2000eae5   I2C_IF_Open
2000eb0f   I2C_IF_Close
2000eb25   _LAtan
2000ecad   I2CInit
2000eccb   I2CBufferRead
2000ed73   I2CBufferWrite
2000ee1d   _SlDrvDataReadOp
2000ef81   _SlDrvRxHdrRead
2000f0c1   sqrt
2000f201   __aeabi_ddiv
2000f339   PRCMCC3200MCUInit
2000f46d   fputs
2000f579   puts
2000f5a1   spi_Open
2000f6d1   _SlDrvDataWriteOp
2000f7fd   vListInitialise
2000f82d   vListInitialiseItem
2000f83d   vListInsertEnd
2000f879   vListInsert
2000f8df   uxListRemove
2000f929   parseInitialize
2000f9d3   getInternalClient
2000fa41   _SlDrvMsgWrite
2000fb55   pxPortInitialiseStack
2000fba5   xPortStartScheduler
2000fbd1   vPortEndScheduler
2000fbd3   vPortYield
2000fbe5   vPortEnterCritical
2000fbfd   vPortExitCritical
2000fc15   xPortSysTickHandler
2000fc31   vPortSetupTimerInterrupt
2000fc65   _Dscale
2000fd75   _SlDrvWaitForPoolObj
2000fe81   i2cReadRegisters
2000fec3   i2cWriteRegisters
2000ff2d   i2cReadRegistersTwoBytes
2000ff8d   sl_Select
20010095   _SlDrvReleasePoolObj
20010199   atan2l
2001029d   __aeabi_dmul
20010399   __aeabi_fsub
2001039d   __aeabi_fadd
20010495   uDMAChannelTransferSet
20010585   sl_Connect
2001066d   spi_Write
20010755   setvbuf
20010831   sl_NetAppDnsGetHostByName
20010909   TimerBaseIntHandler
2001091b   InitializeTimer
20010947   StartTimer
20010963   StopTimer
20010971   GetTimeDuration
200109e1   spi_Read
20010aad   _Dint
20010b71   _Dnorm
20010c35   sl_Stop
20010cf9   __TI_doflush
20010d45   fflush
20010db9   sl_Start
20010e7d   ulPortSetInterruptMask
20010e93   vPortClearInterruptMask
20010ea1   xPortPendSVHandler
20010eed   vPortSVCHandler
20010f15   prvPortStartFirstTask
20010f2d   portCLZ
20010f35   _SlDrvMsgReadCmdCtx
20010fe9   debugPrint
2001100b   debugPrintf
2001109d   _SlDrvNetAppEventHandler
2001114f   PinMuxConfig
20011201   sl_Send
200112b1   __TI_wrt_ok
20011313   __TI_rd_ok
2001135d   IntDisable
20011405   IntEnable
200114ad   Timer_IF_Init
200114d7   Timer_IF_IntSetup
20011509   Timer_IF_InterruptClear
2001151d   Timer_IF_Start
20011531   Timer_IF_DeInit
20011549   Timer_IF_GetCount
20011555   SPIConfigSetExpClk
200115f5   fputc
20011679   putc
2001167d   putchar
20011691   __aeabi_memcpy
20011691   __aeabi_memcpy4
20011691   __aeabi_memcpy8
20011691   memcpy
2001172d   _SlFindAndSetActiveObj
200117c5   CollectTxit_ImgTempRH
2001185d   __TI_closefile
200118c3   fclose
200118f5   snprintf
2001198d   PRCMPeripheralClockGet
20011a21   _SlDrvClassifyRxMsg
20011ab5   __TI_auto_init
20011b49   _SlDrvMsgReadSpawnCtx
20011bd9   sl_FsRead
20011c65   sl_FsWrite
20011cf1   PinConfigSet
20011d79   vsnprintf
20011e01   sl_NetAppMDNSRegisterUnregisterService
20011e89   __aeabi_cdcmpeq
20011e89   __aeabi_cdcmple
20011f0f   __aeabi_cdrcmple
20011f95   I2CMasterInitExpClk
20012019   _SlDrvCmdOp
2001209d   NwpPowerOnPreamble
2001211d   _SlDrvDriverCBInit
20012199   _sl_HandleAsync_DnsGetHostByName
20012215   sl_DevGet
20012291   sl_FsClose
2001230d   __aeabi_fmul
20012401   __aeabi_memclr
20012401   __aeabi_memclr4
20012401   __aeabi_memclr8
20012403   __aeabi_memset
20012403   __aeabi_memset4
20012403   __aeabi_memset8
20012409   memset
20012479   UARTConfigSetExpClk
200124f1   _sl_HandleAsync_InitComplete
20012565   sl_WlanGet
200125d9   spi_Close
2001264d   TimerIntRegister
200126bd   _sl_HandleAsync_PingResponse
2001272d   _sl_TruncatePayloadByProtocol
200127a5   fprintf
20012809   TimerIntUnregister
20012871   _sl_HandleAsync_Connect
200128d9   _sl_HandleAsync_DnsGetHostByService
20012941   sl_FsGetInfo
200129a9   _sl_GetCreateFsMode
20012a0d   _sl_HandleAsync_Accept
20012a71   fseek
20012ad5   _Dunscale
20012b39   uDMAChannelAttributeDisable
20012b9d   uDMAChannelAttributeEnable
20012c01   __aeabi_cfcmpeq
20012c01   __aeabi_cfcmple
20012c61   __aeabi_cfrcmple
20012cc1   sprintf
20012d21   __TI_writemsg
20012d4b   C$$IO$$
20012d4f   __TI_readmsg
20012ddf   ltoa
20012e39   IntPendClear
20012e91   PRCMPeripheralReset
20012ee9   _SlDrvDriverCBDeinit
20012f41   _sl_HandleAsync_Select
20012f99   IntPrioritySet
20012fed   _sl_HandleAsync_Stop
20013041   sl_FsOpen
20013095   sl_NetAppSendTokenValue
200130e9   intToASCII
20013139   SPIIntEnable
20013185   atoi
200131d1   srand
200131e7   rand
2001321d   sl_SetSockOpt
20013269   uDMAChannelAssign
200132b5   _sl_GetStartResponseConvert
200132ff   __aeabi_d2f
20013349   SPIIntClear
20013391   __aeabi_d2iz
200133d9   sl_DevSet
20013421   sl_FsDel
20013469   sl_WlanSet
200134f5   TimerConfigure
20013539   copy_in
2001357d   C$$EXIT
20013581   abort
20013589   exit
200135c1   __aeabi_d2uiz
20013605   _Dtest
20013649   sl_NetCfgSet
2001368d   sl_Recv
200136d1   PinModeSet
20013711   _SlDrvRxIrqHandler
20013751   _SlRemoveFromList
20013791   signal
200137d1   sl_WlanPolicySet
20013811   sl_WlanRxFilterSet
20013851   NwpPowerOff
2001388d   PRCMPeripheralClkEnable
200138c9   _SlDrvObjInit
20013905   strncasecmp
20013941   uDMAChannelControlSet
2001397d   CameraCaptureStop
200139b7   CameraXClkConfig
200139f1   pvPortMalloc
20013a11   vPortFree
20013a29   __aeabi_f2d
20013a61   __aeabi_f2iz
20013a99   __aeabi_i2f
20013ad1   sl_Htonl
20013b09   GPIODirModeSet
20013b3f   CameraParamsConfig
20013b75   PRCMPeripheralStatusGet
20013ba9   SPIFIFOLevelSet
20013bdd   _SlDrvBasicCmd
20013c11   _c_int00
20013c45   feraiseexcept
20013c79   __aeabi_f2uiz
20013cad   strstr
20013ce1   sl_Htons
20013d15   NwpPowerOn
20013d45   PinTypeGPIO
20013d75   UARTDisable
20013da5   strncpy
20013dd5   _Feraise
20013e05   sl_Socket
20013e35   __aeabi_i2d
20013e63   raise
20013e91   CameraIntEnable
20013ebd   DmaSpiSwIntHandler
20013ee9   I2CMasterErr
20013f15   PRCMSysResetCauseGet
20013f41   _SlDrvFlowContDeinit
20013f6d   _SlDrvFlowContInit
20013f99   TimerLoadSet
20013f99   Timer_IF_ReLoad
20013fc3   TimerPrescaleSet
20013fed   CameraIntStatus
20014015   PRCMPeripheralClkDisable
2001403d   _sl_BuildAddress
20014065   strncat
2001408d   sl_WlanSetMode
200140b5   CameraThresholdSet
200140db   strncmp
20014101   CameraIntClear
20014125   IntUnregister
20014149   UARTEnable
2001416d   memmove
20014191   __aeabi_ui2f
200141b5   sl_Close
200141d9   sl_NetAppStart
200141fd   sl_NetAppStop
20014221   sl_WlanProfileDel
20014245   CameraCaptureStart
20014267   I2CMasterSlaveAddrSet
20014289   NwpRegisterInterruptHandler
200142ab   SPIReset
200142cd   SPIWordCountSet
200142ef   memcmp
20014311   IntRegister
20014331   _SlDrvCmdSend
20014351   __aeabi_ui2d
20014371   I2CMasterIntStatusEx
2001438f   TimerDisable
2001438f   Timer_IF_Stop
200143ad   TimerEnable
200143cb   TimerIntStatus
200143e9   UARTCharPut
20014407   PinTypeI2C
20014423   TimerValueGet
20014441   _SlDrvObjDeInit
2001445d   memccpy
20014479   UDMAStopTransfer
20014479   uDMAChannelDisable
20014495   uDMAChannelEnable
200144b1   CopyPingResultsToReport
200144cb   PinTypeCamera
200144e5   PinTypeUART
200144ff   SPIDmaDisable
20014519   SPIDmaEnable
20014533   SPIFIFODisable
2001454d   SPIFIFOEnable
20014567   _SlDrvDeviceEventHandler
20014581   CameraReset
20014599   GPIOPinRead
200145b1   SPICSDisable
200145c9   SPICSEnable
200145e1   SPIDisable
200145f9   SPIEnable
20014611   TimerIntDisable
20014629   TimerIntEnable
20014641   _args_main
20014659   __aeabi_lmul
20014671   strcmp
20014689   CameraDMAEnable
2001469f   CameraIntRegister
200146b5   I2CMasterDataPut
200146cb   I2CMasterEnable
200146e1   PRCMHIBRegRead
200146f7   PRCMHIBRegWrite
2001470d   UARTCharGet
20014723   _sl_Strlen
20014739   memchr
2001474f   strchr
20014765   uDMAIntRegister
2001477b   CPUcpsie
20014791   IntVTableBaseSet
200147a5   _SlDrvShiftDWord
200147b9   _register_unlock
200147bf   _register_lock
200147c7   _nop
200147cd   strlen
200147e1   uDMAControlBaseSet
200147f5   uDMAIntClear
20014809   I2CMasterControl
2001481b   I2CMasterIntClearEx
2001482d   I2CMasterTimeoutSet
2001483f   TimerIntClear
20014851   __TI_zero_init
20014863   sl_NetAppMDNSUnRegisterService
20014875   uDMAIntUnregister
20014889   NwpMaskInterrupt
20014899   SL_FD_SET
200148a9   strcpy
200148b9   tolower
200148c9   I2CMasterDataGet
200148d7   __TI_decompress_none
200148e5   _Dclass
200148f3   ResetISR
20014901   NwpUnMaskInterrupt
2001490d   uDMADisable
20014919   uDMAEnable
20014925   uDMAIntStatus
20014931   IntMasterEnable
2001493b   sl_WlanDisconnect
20014943   MT9D111Delay
20014949   SL_FD_ZERO
2001494f   UtilsDelay
20014955   __TI_decompress_rle24
2001495b   log
20014961   __abort_execution
20014965   _LDtest
20014aa4   _ctypes_
20014cac   _SlPolicySetCmdCtrl
20014cb0   _SlPolicyGetCmdCtrl
20014cb4   _SlProfileGetCmdCtrl
20014cb8   _SlProfileDelCmdCtrl
20014cbc   _SlWlanGetNetworkListCtrl
20014cc0   _SlRxFilterAddtCmdCtrl
20014cc4   _SlRxFilterSetCmdCtrl
20014cc8   _SlRxFilterGetCmdCtrl
20014ccc   _SlSmartConfigStartCmdCtrl
20014cd0   _SlWlanSetModeCmdCtrl
20014cd4   _SlWlanCfgSetCmdCtrl
20014cd8   _SlWlanCfgGetCmdCtrl
20015120   g_H2NSyncPattern
20015128   g_H2NCnysPattern
20015130   _SlActionLookupTable
200151e8   _SlFsOpenCmdCtrl
200151ec   _SlFsCloseCmdCtrl
200151f0   _SlFsReadCmdCtrl
200151f4   _SlFsWriteCmdCtrl
200151f8   _SlFsGetInfoCmdCtrl
200151fc   _SlFsDeleteCmdCtrl
2001522c   _SlSockSocketCmdCtrl
20015230   _SlSockCloseCmdCtrl
20015234   _SlRecvfomCmdCtrl
20015238   _SlSendCmdCtrl
2001523c   _SlListenCmdCtrl
20015240   _SlAcceptCmdCtrl
20015244   _SlRecvCmdCtrl
20015248   _SlSetSockOptCmdCtrl
2001524c   _SlGetSockOptCmdCtrl
20015250   _SlSelectCmdCtrl
200152e0   _SlNetAppStartCtrl
200152e4   _SlNetAppStopCtrl
200152e8   _SlGetServiceListeCtrl
200152ec   _SlRegisterServiceCtrl
200152f0   _SlGetHostByServiceCtrl
200152f4   _SlGetHostByNameCtrl
200152f8   _SlNetAppSetCmdCtrl
200152fc   _SlNetAppSendTokenValueCmdCtrl
20015300   _SlNetAppGetCmdCtrl
20015380   g_deviceClientVersion
200153b0   _SlStopCmdCtrl
200153b4   _SlEventMaskSetCmdCtrl
200153b8   _SlEventMaskGetCmdCtrl
200153bc   _SlDeviceGetCmdCtrl
200153c0   _SlDeviceSetCmdCtrl
200153c4   pcDigits
200153d0   _SlNetCfgSetCmdCtrl
200153d4   _SlNetCfgGetCmdCtrl
200153e0   __TI_static_base__
20015f6c   __TI_Handler_Table_Base
20015f78   __TI_Handler_Table_Limit
20015f80   __TI_CINIT_Base
20015f90   __TI_CINIT_Limit
20018000   g_image_buffer
20036000   gpCtlTbl
20036400   __CIOBUF_
20036520   gfpAppCallbackHndl
200366e8   __TI_tmpnams
20036788   xQueueRegistry
200367d8   clientStateFileName
2003680c   g_ucConnectionSSID
2003684c   g_flag_blockFull
200368c4   g_ucConnectionBSSID
200368d8   dataBuffer
200368dc   g_block_lastFilled
200368e0   g_frame_size_in_bytes
200368e4   g_header_length
200368e8   g_position_in_block
200368ec   g_readHeader
200368fc   v_TimerOverflows
20036900   g_CaptureImage
20036902   g_flag_DataBlockFilled
20036903   g_frame_end
20036904   iDone
20036908   _sys_memory
ffffffff   __binit__
ffffffff   __c_args__
ffffffff   binit
UNDEFED    SHT$$INIT_ARRAY$$Base
UNDEFED    SHT$$INIT_ARRAY$$Limit

[710 symbols]
