******************************************************************************
                  TI ARM Linker PC v5.2.2                      
******************************************************************************
>> Linked Fri Jun 05 12:53:01 2015

OUTPUT FILE NAME:   <ULP_SEC_CAM.out>
ENTRY POINT SYMBOL: "_c_int00"  address: 2001a031


MEMORY CONFIGURATION

         name            origin    length      used     unused   attr    fill
----------------------  --------  ---------  --------  --------  ----  --------
  SRAM_BOOTLDR          20000000   00004000  0000258c  00001a74  RW X
  SRAM_CODE             20004000   00019000  000189c8  00000638  RW X
  SRAM_DATA             2001d000   0001f000  00019da1  0000525f  RW X


SEGMENT ALLOCATION MAP

run origin  load origin   length   init length attrs members
----------  ----------- ---------- ----------- ----- -------
20000000    20000000    0000158c   00000000    rw-
  20000000    20000000    0000158c   00000000    rw- .data
20003000    20003000    00001000   00000000    rw-
  20003000    20003000    00001000   00000000    rw- .stack
20004000    20004000    000189d0   000189d0    r-x
  20004000    20004000    00000400   00000400    r-- .intvecs
  20004400    20004400    00016b74   00016b74    r-x .text
  2001af78    2001af78    00000e64   00000e64    r-- .const
  2001bde0    2001bde0    00000bf0   00000bf0    r-- .cinit
2001d000    2001d000    00019da8   00000000    rw-
  2001d000    2001d000    00015da1   00000000    rw- .bss
  20032da8    20032da8    00004000   00000000    rw- .sysmem


SECTION ALLOCATION MAP

 output                                  attributes/
section   page    origin      length       input sections
--------  ----  ----------  ----------   ----------------
.data      0    20000000    0000158c     UNINITIALIZED
                  20000000    00000600     camera_app.obj (.data:JPEG_StdHuffmanTbl)
                  20000600    00000400     camera_app.obj (.data:g_header)
                  20000a00    000003c9     cc3200_certificate.obj (.data:DigiCertHighAssuranceEVRootCA_der)
                  20000dc9    00000001     tasks.obj (.data)
                  20000dca    00000002     --HOLE--
                  20000dcc    00000184     simplelink.a : driver.obj (.data)
                  20000f50    000000f0     rtsv7M4_T_le_eabi.lib : defs.obj (.data:_ftable)
                  20001040    000000d0                           : lowlev.obj (.data)
                  20001110    000000b0                           : signal.obj (.data:sigtable)
                  200011c0    00000080                           : xvalues.obj (.data)
                  20001240    00000070                           : xlvalues.obj (.data)
                  200012b0    00000068                           : xfvalues.obj (.data)
                  20001318    00000064     simplelink.a : cc_pal.obj (.data)
                  2000137c    00000040     camera_app.obj (.data:JPEG_StdQuantTblC)
                  200013bc    00000040     camera_app.obj (.data:JPEG_StdQuantTblY)
                  200013fc    00000040     camera_app.obj (.data:zigzag)
                  2000143c    0000003c     main.obj (.data:g_token_get)
                  20001478    00000034     free_rtos.a : tasks.obj (.data)
                  200014ac    0000002c     cc3200_utils.obj (.data:lastDateTime)
                  200014d8    0000001c     main.obj (.data)
                  200014f4    00000018     cc3200_utils.obj (.data)
                  2000150c    00000018     request.obj (.data)
                  20001524    00000010     rtsv7M4_T_le_eabi.lib : defs.obj (.data)
                  20001534    0000000c     free_rtos.a : osi_freertos.obj (.data)
                  20001540    0000000c     rtsv7M4_T_le_eabi.lib : memory.obj (.data)
                  2000154c    00000008     camera_app.obj (.data)
                  20001554    00000008     rtsv7M4_T_le_eabi.lib : _lock.obj (.data)
                  2000155c    00000008                           : exit.obj (.data)
                  20001564    00000008                           : feraiseexcept.obj (.data)
                  2000156c    00000006     http.obj (.data)
                  20001572    00000002     --HOLE--
                  20001574    00000004     cc3200_certificate.obj (.data)
                  20001578    00000004     free_rtos.a : port.obj (.data)
                  2000157c    00000004     rtsv7M4_T_le_eabi.lib : errno.obj (.data)
                  20001580    00000004                           : fopen.obj (.data)
                  20001584    00000004                           : rand.obj (.data)
                  20001588    00000004                           : stkdepth_vars.obj (.data)

.TI.persistent 
*          0    20000000    00000000     UNINITIALIZED

.stack     0    20003000    00001000     UNINITIALIZED
                  20003000    00001000     --HOLE--

.intvecs   0    20004000    00000400     
                  20004000    00000400     startup_ccs.obj (.intvecs)

.text      0    20004400    00016b74     
                  20004400    00001988     orientation.obj (.text)
                  20005d88    0000131c     magnetic.obj (.text)
                  200070a4    00001258     free_rtos.a : tasks.obj (.text)
                  200082fc    000010a6     rtsv7M4_T_le_eabi.lib : _printfi.obj (.text)
                  200093a2    00000002     driverlib.a : interrupt.obj (.text:IntDefaultHandler)
                  200093a4    0000105c     network_relater_fns.obj (.text)
                  2000a400    00000f18     camera_app.obj (.text)
                  2000b318    00000b24     free_rtos.a : queue.obj (.text)
                  2000be3c    00000a6c     matrix.obj (.text)
                  2000c8a8    000009f8     mt9d111.obj (.text)
                  2000d2a0    00000974     request.obj (.text)
                  2000dc14    0000095e     accelomtrMagntomtr_fxos8700.obj (.text)
                  2000e572    00000002     --HOLE-- [fill = 0]
                  2000e574    000005de     cc3200_utils.obj (.text)
                  2000eb52    00000002     --HOLE-- [fill = 0]
                  2000eb54    0000057c     tasks.obj (.text)
                  2000f0d0    000004b0     installation.obj (.text)
                  2000f580    00000480     rtsv7M4_T_le_eabi.lib : pow.obj (.text)
                  2000fa00    00000474     main.obj (.text)
                  2000fe74    0000045c     free_rtos.a : osi_freertos.obj (.text)
                  200102d0    000003dc     rtsv7M4_T_le_eabi.lib : memory.obj (.text)
                  200106ac    000003a6     simplelink.a : driver.obj (.text:_SlDrvMsgRead)
                  20010a52    00000002     --HOLE-- [fill = 0]
                  20010a54    0000037c     cc3200_socket.obj (.text)
                  20010dd0    00000378     rtsv7M4_T_le_eabi.lib : powf.obj (.text)
                  20011148    0000034c     simplelink.a : driver.obj (.text:_SlAsyncEventGenericHandler)
                  20011494    00000318     simplejson.obj (.text)
                  200117ac    0000030c     rtsv7M4_T_le_eabi.lib : lowlev.obj (.text)
                  20011ab8    000002e4                           : xlog.obj (.text)
                  20011d9c    000002d4     parse_uploads.obj (.text)
                  20012070    000002d4     rtsv7M4_T_le_eabi.lib : trgdrv.obj (.text)
                  20012344    00000298                           : vla_alloc.obj (.text)
                  200125dc    00000290     cc3200_client_state.obj (.text)
                  2001286c    00000244     main_FXOS8700.obj (.text)
                  20012ab0    00000230     approximations.obj (.text)
                  20012ce0    000001fc     rtsv7M4_T_le_eabi.lib : xexp.obj (.text)
                  20012edc    000001f4                           : ull_div_t2.obj (.text)
                  200130d0    000001c4                           : fopen.obj (.text)
                  20013294    000001bc                           : xflog.obj (.text)
                  20013450    000001b8     uartA1_if.obj (.text)
                  20013608    000001b6     rtsv7M4_T_le_eabi.lib : fd_add_t2.obj (.text)
                  200137be    00000002     --HOLE-- [fill = 0]
                  200137c0    000001ac     cc3200_certificate.obj (.text)
                  2001396c    000001ac     flash_files.obj (.text)
                  20013b18    0000019c     rtsv7M4_T_le_eabi.lib : xfsin.obj (.text)
                  20013cb4    0000019c     simplelink.a : wlan.obj (.text:sl_WlanConnect)
                  20013e50    00000194     udma_if.obj (.text)
                  20013fe4    0000018c     i2c_if.obj (.text)
                  20014170    00000188     rtsv7M4_T_le_eabi.lib : xlatan.obj (.text)
                  200142f8    00000180     drivers.obj (.text)
                  20014478    00000178     rtsv7M4_T_le_eabi.lib : tanf.obj (.text)
                  200145f0    00000178                           : xfexp.obj (.text)
                  20014768    00000174     fusion.obj (.text)
                  200148dc    00000170     i2cconfig.obj (.text)
                  20014a4c    00000168     hibernate_related_fns.obj (.text)
                  20014bb4    00000168     rtsv7M4_T_le_eabi.lib : atan2l.obj (.text)
                  20014d1c    00000164     simplelink.a : driver.obj (.text:_SlDrvDataReadOp)
                  20014e80    00000150     http.obj (.text)
                  20014fd0    00000140     simplelink.a : driver.obj (.text:_SlDrvRxHdrRead)
                  20015110    00000140     rtsv7M4_T_le_eabi.lib : sqrt.obj (.text)
                  20015250    0000013c                           : fmodf.obj (.text)
                  2001538c    00000136                           : fd_div_t2.obj (.text)
                  200154c2    00000002     --HOLE-- [fill = 0]
                  200154c4    00000134     driverlib.a : prcm.obj (.text:PRCMCC3200MCUInit)
                  200155f8    00000134     rtsv7M4_T_le_eabi.lib : fputs.obj (.text)
                  2001572c    00000130     simplelink.a : cc_pal.obj (.text:spi_Open)
                  2001585c    0000012c                  : driver.obj (.text:_SlDrvDataWriteOp)
                  20015988    0000012a     free_rtos.a : list.obj (.text)
                  20015ab2    00000002     --HOLE-- [fill = 0]
                  20015ab4    00000124     collect_and_txit.obj (.text)
                  20015bd8    00000118     lightSens_isl29035.obj (.text)
                  20015cf0    00000114     simplelink.a : driver.obj (.text:_SlDrvMsgWrite)
                  20015e04    00000110     free_rtos.a : port.obj (.text)
                  20015f14    00000110     i2c_app.obj (.text)
                  20016024    00000110     rtsv7M4_T_le_eabi.lib : xdscale.obj (.text)
                  20016134    0000010c     simplelink.a : driver.obj (.text:_SlDrvWaitForPoolObj)
                  20016240    00000108                  : socket.obj (.text:sl_Select)
                  20016348    00000104                  : driver.obj (.text:_SlDrvReleasePoolObj)
                  2001644c    000000fe     parse_impl.obj (.text)
                  2001654a    000000fc     rtsv7M4_T_le_eabi.lib : fd_mul_t2.obj (.text)
                  20016646    000000fa                           : fs_add_t2.obj (.text)
                  20016740    000000f0     driverlib.a : udma.obj (.text:uDMAChannelTransferSet)
                  20016830    000000e8     pinmux.obj (.text)
                  20016918    000000e8     simplelink.a : socket.obj (.text:sl_Connect)
                  20016a00    000000e8                  : cc_pal.obj (.text:spi_Write)
                  20016ae8    000000dc     app_common.obj (.text)
                  20016bc4    000000dc     rtsv7M4_T_le_eabi.lib : setvbuf.obj (.text)
                  20016ca0    000000d8                           : xfatan.obj (.text)
                  20016d78    000000d8     simplelink.a : netapp.obj (.text:sl_NetAppDnsGetHostByName)
                  20016e50    000000d0     rtsv7M4_T_le_eabi.lib : xfdscale.obj (.text)
                  20016f20    000000cc                           : sqrtf.obj (.text)
                  20016fec    000000cc     simplelink.a : cc_pal.obj (.text:spi_Read)
                  200170b8    000000c8     rtsv7M4_T_le_eabi.lib : fflush.obj (.text)
                  20017180    000000c4     simplelink.a : device.obj (.text:sl_Stop)
                  20017244    000000c0     rtsv7M4_T_le_eabi.lib : xdint.obj (.text)
                  20017304    000000c0     simplelink.a : device.obj (.text:sl_Start)
                  200173c4    000000be     rtsv7M4_T_le_eabi.lib : xdnorm.obj (.text)
                  20017482    00000002     --HOLE-- [fill = 0]
                  20017484    000000bc                           : acosf.obj (.text)
                  20017540    000000ba     free_rtos.a : portasm.obj (.text)
                  200175fa    00000002     --HOLE-- [fill = 0]
                  200175fc    000000b4     simplelink.a : driver.obj (.text:_SlDrvMsgReadCmdCtx)
                  200176b0    000000b2                  : netapp.obj (.text:_SlDrvNetAppEventHandler)
                  20017762    00000002     --HOLE-- [fill = 0]
                  20017764    000000b0                  : socket.obj (.text:sl_Send)
                  20017814    000000ac     rtsv7M4_T_le_eabi.lib : _io_perm.obj (.text)
                  200178c0    000000a8     driverlib.a : interrupt.obj (.text:IntDisable)
                  20017968    000000a8                 : interrupt.obj (.text:IntEnable)
                  20017a10    000000a0                 : spi.obj (.text:SPIConfigSetExpClk)
                  20017ab0    0000009c     rtsv7M4_T_le_eabi.lib : memcpy_t2.obj (.text)
                  20017b4c    00000098     simplelink.a : driver.obj (.text:_SlFindAndSetActiveObj)
                  20017be4    00000098     rtsv7M4_T_le_eabi.lib : fclose.obj (.text)
                  20017c7c    00000098                           : fputc.obj (.text)
                  20017d14    00000094     driverlib.a : prcm.obj (.text:PRCMPeripheralClockGet)
                  20017da8    00000094     simplelink.a : driver.obj (.text:_SlDrvClassifyRxMsg)
                  20017e3c    00000094     rtsv7M4_T_le_eabi.lib : snprintf.obj (.text)
                  20017ed0    00000092                           : fs_div_t2.obj (.text)
                  20017f62    00000002     --HOLE-- [fill = 0]
                  20017f64    00000090     simplelink.a : driver.obj (.text:_SlDrvMsgReadSpawnCtx)
                  20017ff4    0000008c     rtsv7M4_T_le_eabi.lib : xfdint.obj (.text)
                  20018080    0000008c     simplelink.a : fs.obj (.text:sl_FsRead)
                  2001810c    0000008c                  : fs.obj (.text:sl_FsWrite)
                  20018198    00000088     driverlib.a : prcm.obj (.text:PRCMHibernateIntervalSet)
                  20018220    00000088                 : pin.obj (.text:PinConfigSet)
                  200182a8    00000088     rtsv7M4_T_le_eabi.lib : vsnprintf.obj (.text)
                  20018330    00000088     simplelink.a : netapp.obj (.text:sl_NetAppMDNSRegisterUnregisterService)
                  200183b8    00000086     rtsv7M4_T_le_eabi.lib : fd_cmp_t2.obj (.text:__aeabi_cdcmple)
                  2001843e    00000086                           : fd_cmp_t2.obj (.text:__aeabi_cdrcmple)
                  200184c4    00000084     driverlib.a : i2c.obj (.text:I2CMasterInitExpClk)
                  20018548    00000084     simplelink.a : driver.obj (.text:_SlDrvCmdOp)
                  200185cc    00000080                  : cc_pal.obj (.text:NwpPowerOnPreamble)
                  2001864c    00000080     cc3200_debug.obj (.text)
                  200186cc    0000007c     simplelink.a : driver.obj (.text:_SlDrvDriverCBInit)
                  20018748    0000007c                  : netapp.obj (.text:_sl_HandleAsync_DnsGetHostByName)
                  200187c4    0000007c                  : device.obj (.text:sl_DevGet)
                  20018840    0000007c                  : fs.obj (.text:sl_FsClose)
                  200188bc    0000007a     rtsv7M4_T_le_eabi.lib : fs_mul_t2.obj (.text)
                  20018936    0000007a                           : memset_t2.obj (.text)
                  200189b0    0000007a                           : xfdnorm.obj (.text)
                  20018a2a    00000002     --HOLE-- [fill = 0]
                  20018a2c    00000078     simplelink.a : cc_pal.obj (.text:SetupDMAReceive)
                  20018aa4    00000076     driverlib.a : uart.obj (.text:UARTConfigSetExpClk)
                  20018b1a    00000002     --HOLE-- [fill = 0]
                  20018b1c    00000074     simplelink.a : device.obj (.text:_sl_HandleAsync_InitComplete)
                  20018b90    00000074                  : wlan.obj (.text:sl_WlanGet)
                  20018c04    00000074                  : cc_pal.obj (.text:spi_Close)
                  20018c78    00000070                  : netapp.obj (.text:_sl_HandleAsync_PingResponse)
                  20018ce8    0000006e                  : socket.obj (.text:_sl_TruncatePayloadByProtocol)
                  20018d56    00000002     --HOLE-- [fill = 0]
                  20018d58    0000006c     rtsv7M4_T_le_eabi.lib : autoinit.obj (.text)
                  20018dc4    0000006c                           : fprintf.obj (.text)
                  20018e30    0000006a                           : copy_decompress_rle.obj (.text)
                  20018e9a    00000002     --HOLE-- [fill = 0]
                  20018e9c    00000068     driverlib.a : prcm.obj (.text:PRCMHibernateWakeUpGPIOSelect)
                  20018f04    00000068     simplelink.a : socket.obj (.text:_sl_HandleAsync_Connect)
                  20018f6c    00000068                  : netapp.obj (.text:_sl_HandleAsync_DnsGetHostByService)
                  20018fd4    00000068     rtsv7M4_T_le_eabi.lib : trgmsg.obj (.text)
                  2001903c    00000068     simplelink.a : fs.obj (.text:sl_FsGetInfo)
                  200190a4    00000066     rtsv7M4_T_le_eabi.lib : xdunscal.obj (.text)
                  2001910a    00000002     --HOLE-- [fill = 0]
                  2001910c    00000064     simplelink.a : fs.obj (.text:_sl_GetCreateFsMode)
                  20019170    00000064                  : socket.obj (.text:_sl_HandleAsync_Accept)
                  200191d4    00000064     rtsv7M4_T_le_eabi.lib : fseek.obj (.text)
                  20019238    00000064     driverlib.a : udma.obj (.text:uDMAChannelAttributeDisable)
                  2001929c    00000064                 : udma.obj (.text:uDMAChannelAttributeEnable)
                  20019300    00000060     rtsv7M4_T_le_eabi.lib : fs_cmp_t2.obj (.text:__aeabi_cfcmple)
                  20019360    00000060                           : fs_cmp_t2.obj (.text:__aeabi_cfrcmple)
                  200193c0    00000060                           : sprintf.obj (.text)
                  20019420    00000058     driverlib.a : interrupt.obj (.text:IntPendClear)
                  20019478    00000058                 : prcm.obj (.text:PRCMPeripheralReset)
                  200194d0    00000058     simplelink.a : driver.obj (.text:_SlDrvDriverCBDeinit)
                  20019528    00000058                  : socket.obj (.text:_sl_HandleAsync_Select)
                  20019580    00000056     rtsv7M4_T_le_eabi.lib : ltoa.obj (.text)
                  200195d6    00000056                           : xfdunsca.obj (.text)
                  2001962c    00000054     driverlib.a : interrupt.obj (.text:IntPrioritySet)
                  20019680    00000054     simplelink.a : device.obj (.text:_sl_HandleAsync_Stop)
                  200196d4    00000054                  : fs.obj (.text:sl_FsOpen)
                  20019728    00000054                  : netapp.obj (.text:sl_NetAppSendTokenValue)
                  2001977c    00000050     rtsv7M4_T_le_eabi.lib : fs_toull_t2.obj (.text)
                  200197cc    0000004c     driverlib.a : spi.obj (.text:SPIIntEnable)
                  20019818    0000004c     rtsv7M4_T_le_eabi.lib : atoi.obj (.text)
                  20019864    0000004c                           : cpy_tbl.obj (.text)
                  200198b0    0000004c                           : rand.obj (.text)
                  200198fc    0000004c     simplelink.a : socket.obj (.text:sl_SetSockOpt)
                  20019948    0000004c     driverlib.a : udma.obj (.text:uDMAChannelAssign)
                  20019994    0000004a     simplelink.a : device.obj (.text:_sl_GetStartResponseConvert)
                  200199de    0000004a     rtsv7M4_T_le_eabi.lib : fd_tos_t2.obj (.text)
                  20019a28    00000048     driverlib.a : prcm.obj (.text:PRCMHibernateWakeupSourceDisable)
                  20019a70    00000048                 : prcm.obj (.text:PRCMHibernateWakeupSourceEnable)
                  20019ab8    00000048                 : spi.obj (.text:SPIIntClear)
                  20019b00    00000048     rtsv7M4_T_le_eabi.lib : fd_toi_t2.obj (.text)
                  20019b48    00000048     simplelink.a : device.obj (.text:sl_DevSet)
                  20019b90    00000048                  : fs.obj (.text:sl_FsDel)
                  20019bd8    00000048                  : wlan.obj (.text:sl_WlanSet)
                  20019c20    00000046     rtsv7M4_T_le_eabi.lib : ldexp.obj (.text)
                  20019c66    00000002     --HOLE-- [fill = 0]
                  20019c68    00000044     driverlib.a : spi.obj (.text:SPIDmaMaskGet)
                  20019cac    00000044     rtsv7M4_T_le_eabi.lib : exit.obj (.text)
                  20019cf0    00000044                           : fd_tou_t2.obj (.text)
                  20019d34    00000044     simplelink.a : netcfg.obj (.text:sl_NetCfgSet)
                  20019d78    00000044                  : socket.obj (.text:sl_Recv)
                  20019dbc    00000040     driverlib.a : pin.obj (.text:PinModeSet)
                  20019dfc    00000040     simplelink.a : driver.obj (.text:_SlDrvRxIrqHandler)
                  20019e3c    00000040                  : driver.obj (.text:_SlRemoveFromList)
                  20019e7c    00000040     rtsv7M4_T_le_eabi.lib : signal.obj (.text)
                  20019ebc    00000040     simplelink.a : wlan.obj (.text:sl_WlanPolicySet)
                  20019efc    00000040                  : wlan.obj (.text:sl_WlanRxFilterSet)
                  20019f3c    0000003e     rtsv7M4_T_le_eabi.lib : strncasecmp.obj (.text)
                  20019f7a    00000002     --HOLE-- [fill = 0]
                  20019f7c    0000003c     simplelink.a : cc_pal.obj (.text:NwpPowerOff)
                  20019fb8    0000003c     driverlib.a : prcm.obj (.text:PRCMPeripheralClkEnable)
                  20019ff4    0000003c     simplelink.a : driver.obj (.text:_SlDrvObjInit)
                  2001a030    0000003c     rtsv7M4_T_le_eabi.lib : boot.obj (.text)
                  2001a06c    0000003c     driverlib.a : udma.obj (.text:uDMAChannelControlSet)
                  2001a0a8    0000003a                 : camera.obj (.text:CameraCaptureStop)
                  2001a0e2    0000003a                 : camera.obj (.text:CameraXClkConfig)
                  2001a11c    00000038     free_rtos.a : heap_3.obj (.text)
                  2001a154    00000038     rtsv7M4_T_le_eabi.lib : fs_tod_t2.obj (.text)
                  2001a18c    00000038                           : fs_toi_t2.obj (.text)
                  2001a1c4    00000038                           : i_tofs_t2.obj (.text)
                  2001a1fc    00000038     simplelink.a : socket.obj (.text:sl_Htonl)
                  2001a234    00000036     driverlib.a : gpio.obj (.text:GPIODirModeSet)
                  2001a26a    00000034                 : camera.obj (.text:CameraParamsConfig)
                  2001a29e    00000002     --HOLE-- [fill = 0]
                  2001a2a0    00000034                 : prcm.obj (.text:PRCMPeripheralStatusGet)
                  2001a2d4    00000034                 : spi.obj (.text:SPIFIFOLevelSet)
                  2001a308    00000034     simplelink.a : driver.obj (.text:_SlDrvBasicCmd)
                  2001a33c    00000034     rtsv7M4_T_le_eabi.lib : feraiseexcept.obj (.text)
                  2001a370    00000034                           : fs_tou_t2.obj (.text)
                  2001a3a4    00000034                           : strstr.obj (.text)
                  2001a3d8    00000034     simplelink.a : socket.obj (.text:sl_Htons)
                  2001a40c    00000030                  : cc_pal.obj (.text:NwpPowerOn)
                  2001a43c    00000030     driverlib.a : pin.obj (.text:PinTypeGPIO)
                  2001a46c    00000030                 : uart.obj (.text:UARTDisable)
                  2001a49c    00000030     rtsv7M4_T_le_eabi.lib : strncpy.obj (.text)
                  2001a4cc    00000030                           : xferaise.obj (.text)
                  2001a4fc    00000030     simplelink.a : socket.obj (.text:sl_Socket)
                  2001a52c    0000002e     rtsv7M4_T_le_eabi.lib : i_tofd_t2.obj (.text)
                  2001a55a    0000002e                           : raise.obj (.text)
                  2001a588    0000002c     driverlib.a : camera.obj (.text:CameraIntEnable)
                  2001a5b4    0000002c     simplelink.a : cc_pal.obj (.text:DmaSpiSwIntHandler)
                  2001a5e0    0000002c     driverlib.a : i2c.obj (.text:I2CMasterErr)
                  2001a60c    0000002c                 : prcm.obj (.text:PRCMSysResetCauseGet)
                  2001a638    0000002c     simplelink.a : flowcont.obj (.text:_SlDrvFlowContDeinit)
                  2001a664    0000002c                  : flowcont.obj (.text:_SlDrvFlowContInit)
                  2001a690    0000002a     rtsv7M4_T_le_eabi.lib : xdclass.obj (.text)
                  2001a6ba    00000002     --HOLE-- [fill = 0]
                  2001a6bc    00000028     driverlib.a : camera.obj (.text:CameraIntStatus)
                  2001a6e4    00000028                 : prcm.obj (.text:PRCMPeripheralClkDisable)
                  2001a70c    00000028     simplelink.a : socket.obj (.text:_sl_BuildAddress)
                  2001a734    00000028     rtsv7M4_T_le_eabi.lib : strncat.obj (.text)
                  2001a75c    00000028     simplelink.a : wlan.obj (.text:sl_WlanSetMode)
                  2001a784    00000026     driverlib.a : camera.obj (.text:CameraThresholdSet)
                  2001a7aa    00000026     rtsv7M4_T_le_eabi.lib : strncmp.obj (.text)
                  2001a7d0    00000024     driverlib.a : camera.obj (.text:CameraIntClear)
                  2001a7f4    00000024                 : interrupt.obj (.text:IntUnregister)
                  2001a818    00000024                 : uart.obj (.text:UARTEnable)
                  2001a83c    00000024     rtsv7M4_T_le_eabi.lib : memmov.obj (.text)
                  2001a860    00000024     simplelink.a : socket.obj (.text:sl_Close)
                  2001a884    00000024                  : netapp.obj (.text:sl_NetAppStart)
                  2001a8a8    00000024                  : netapp.obj (.text:sl_NetAppStop)
                  2001a8cc    00000024                  : wlan.obj (.text:sl_WlanProfileDel)
                  2001a8f0    00000022     driverlib.a : camera.obj (.text:CameraCaptureStart)
                  2001a912    00000022                 : i2c.obj (.text:I2CMasterSlaveAddrSet)
                  2001a934    00000022     simplelink.a : cc_pal.obj (.text:NwpRegisterInterruptHandler)
                  2001a956    00000022     driverlib.a : spi.obj (.text:SPIReset)
                  2001a978    00000022                 : spi.obj (.text:SPIWordCountSet)
                  2001a99a    00000022     rtsv7M4_T_le_eabi.lib : frexp.obj (.text)
                  2001a9bc    00000022                           : memcmp.obj (.text)
                  2001a9de    00000020     driverlib.a : gpio.obj (.text:GPIOPinWrite)
                  2001a9fe    00000002     --HOLE-- [fill = 0]
                  2001aa00    00000020                 : interrupt.obj (.text:IntRegister)
                  2001aa20    00000020     simplelink.a : driver.obj (.text:_SlDrvCmdSend)
                  2001aa40    00000020     rtsv7M4_T_le_eabi.lib : memchr.obj (.text)
                  2001aa60    0000001e     driverlib.a : i2c.obj (.text:I2CMasterIntStatusEx)
                  2001aa7e    0000001e                 : uart.obj (.text:UARTCharPut)
                  2001aa9c    0000001c                 : pin.obj (.text:PinTypeI2C)
                  2001aab8    0000001c     simplelink.a : driver.obj (.text:_SlDrvObjDeInit)
                  2001aad4    0000001c     rtsv7M4_T_le_eabi.lib : memccpy.obj (.text)
                  2001aaf0    0000001c     driverlib.a : udma.obj (.text:uDMAChannelDisable)
                  2001ab0c    0000001c                 : udma.obj (.text:uDMAChannelEnable)
                  2001ab28    0000001a     simplelink.a : netapp.obj (.text:CopyPingResultsToReport)
                  2001ab42    0000001a     driverlib.a : pin.obj (.text:PinTypeCamera)
                  2001ab5c    0000001a                 : pin.obj (.text:PinTypeUART)
                  2001ab76    0000001a                 : spi.obj (.text:SPIDmaDisable)
                  2001ab90    0000001a                 : spi.obj (.text:SPIDmaEnable)
                  2001abaa    0000001a                 : spi.obj (.text:SPIFIFODisable)
                  2001abc4    0000001a                 : spi.obj (.text:SPIFIFOEnable)
                  2001abde    0000001a     simplelink.a : device.obj (.text:_SlDrvDeviceEventHandler)
                  2001abf8    00000018     driverlib.a : camera.obj (.text:CameraReset)
                  2001ac10    00000018                 : gpio.obj (.text:GPIOPinRead)
                  2001ac28    00000018                 : prcm.obj (.text:PRCMHibernateEnter)
                  2001ac40    00000018                 : spi.obj (.text:SPICSDisable)
                  2001ac58    00000018                 : spi.obj (.text:SPICSEnable)
                  2001ac70    00000018                 : spi.obj (.text:SPIDisable)
                  2001ac88    00000018                 : spi.obj (.text:SPIEnable)
                  2001aca0    00000018     rtsv7M4_T_le_eabi.lib : args_main.obj (.text)
                  2001acb8    00000018                           : strcmp.obj (.text)
                  2001acd0    00000016     driverlib.a : camera.obj (.text:CameraDMAEnable)
                  2001ace6    00000016                 : camera.obj (.text:CameraIntRegister)
                  2001acfc    00000016                 : i2c.obj (.text:I2CMasterDataPut)
                  2001ad12    00000016                 : i2c.obj (.text:I2CMasterEnable)
                  2001ad28    00000016                 : prcm.obj (.text:PRCMHIBRegRead)
                  2001ad3e    00000016                 : prcm.obj (.text:PRCMHIBRegWrite)
                  2001ad54    00000016                 : uart.obj (.text:UARTCharGet)
                  2001ad6a    00000016     simplelink.a : fs.obj (.text:_sl_Strlen)
                  2001ad80    00000016     rtsv7M4_T_le_eabi.lib : strchr.obj (.text)
                  2001ad96    00000016     driverlib.a : udma.obj (.text:uDMAIntRegister)
                  2001adac    00000014                 : cpu.obj (.text:CPUcpsie)
                  2001adc0    00000014                 : interrupt.obj (.text:IntVTableBaseSet)
                  2001add4    00000014     simplelink.a : driver.obj (.text:_SlDrvShiftDWord)
                  2001ade8    00000014     rtsv7M4_T_le_eabi.lib : _lock.obj (.text)
                  2001adfc    00000014                           : strcpy.obj (.text)
                  2001ae10    00000014                           : strlen.obj (.text)
                  2001ae24    00000014     driverlib.a : udma.obj (.text:uDMAControlBaseSet)
                  2001ae38    00000014                 : udma.obj (.text:uDMAIntClear)
                  2001ae4c    00000012                 : i2c.obj (.text:I2CMasterControl)
                  2001ae5e    00000012                 : i2c.obj (.text:I2CMasterIntClearEx)
                  2001ae70    00000012                 : i2c.obj (.text:I2CMasterTimeoutSet)
                  2001ae82    00000012     simplelink.a : netapp.obj (.text:sl_NetAppMDNSUnRegisterService)
                  2001ae94    00000012     driverlib.a : udma.obj (.text:uDMAIntUnregister)
                  2001aea6    00000002     --HOLE-- [fill = 0]
                  2001aea8    00000010     simplelink.a : cc_pal.obj (.text:NwpMaskInterrupt)
                  2001aeb8    00000010                  : socket.obj (.text:SL_FD_SET)
                  2001aec8    0000000e     driverlib.a : i2c.obj (.text:I2CMasterDataGet)
                  2001aed6    0000000e     rtsv7M4_T_le_eabi.lib : copy_decompress_none.obj (.text:decompress:none)
                  2001aee4    0000000e     startup_ccs.obj (.text)
                  2001aef2    00000002     --HOLE-- [fill = 0]
                  2001aef4    0000000c     simplelink.a : cc_pal.obj (.text:NwpUnMaskInterrupt)
                  2001af00    0000000c     rtsv7M4_T_le_eabi.lib : copy_zero_init.obj (.text:decompress:ZI)
                  2001af0c    0000000c     driverlib.a : udma.obj (.text:uDMADisable)
                  2001af18    0000000c                 : udma.obj (.text:uDMAEnable)
                  2001af24    0000000c                 : udma.obj (.text:uDMAIntStatus)
                  2001af30    0000000a                 : interrupt.obj (.text:IntMasterEnable)
                  2001af3a    00000008     simplelink.a : wlan.obj (.text:sl_WlanDisconnect)
                  2001af42    00000006     i2cconfig.obj (.text:MT9D111Delay)
                  2001af48    00000006     simplelink.a : socket.obj (.text:SL_FD_ZERO)
                  2001af4e    00000006     driverlib.a : utils.obj (.text:UtilsDelay)
                  2001af54    00000006     rtsv7M4_T_le_eabi.lib : copy_decompress_rle.obj (.text:decompress:rle24)
                  2001af5a    00000006                           : log.obj (.text)
                  2001af60    00000006                           : logf.obj (.text)
                  2001af66    00000006                           : sinf.obj (.text)
                  2001af6c    00000004                           : error.obj (.text)
                  2001af70    00000004                           : pre_init.obj (.text)

.const     0    2001af78    00000e64     
                  2001af78    0000013c     mt9d111.obj (.const:init_cmds_list)
                  2001b0b4    00000101     rtsv7M4_T_le_eabi.lib : ctype.obj (.const:.string:_ctypes_)
                  2001b1b5    00000003     --HOLE-- [fill = 0]
                  2001b1b8    00000100     driverlib.a : pin.obj (.const:g_ulPinToPadMap)
                  2001b2b8    000000ec     simplelink.a : wlan.obj (.const)
                  2001b3a4    000000d4     driverlib.a : interrupt.obj (.const:g_pulRegs)
                  2001b478    000000c8     mt9d111.obj (.const)
                  2001b540    000000c4     mt9d111.obj (.const:capture_cmds_list)
                  2001b604    000000a8     driverlib.a : prcm.obj (.const:PRCM_PeriphRegsList)
                  2001b6ac    00000004     --HOLE-- [fill = 0]
                  2001b6b0    00000088     rtsv7M4_T_le_eabi.lib : xlatan.obj (.const)
                  2001b738    00000080     driverlib.a : interrupt.obj (.const)
                  2001b7b8    0000005d     mt9d111.obj (.const:.string)
                  2001b815    00000053     network_relater_fns.obj (.const:.string)
                  2001b868    00000050     mt9d111.obj (.const:$P$T24$25)
                  2001b8b8    0000004c     mt9d111.obj (.const:$P$T5$6)
                  2001b904    0000004c     simplelink.a : driver.obj (.const)
                  2001b950    0000004a     camera_app.obj (.const:.string)
                  2001b99a    00000006     --HOLE-- [fill = 0]
                  2001b9a0    00000048     rtsv7M4_T_le_eabi.lib : xexp.obj (.const)
                  2001b9e8    00000038     main.obj (.const:.string)
                  2001ba20    00000038     rtsv7M4_T_le_eabi.lib : xlog.obj (.const:p)
                  2001ba58    00000038                           : xflog.obj (.const)
                  2001ba90    00000038     simplelink.a : fs.obj (.const)
                  2001bac8    00000036     flash_files.obj (.const:.string)
                  2001bafe    00000002     --HOLE-- [fill = 0]
                  2001bb00    00000034     rtsv7M4_T_le_eabi.lib : xfatan.obj (.const)
                  2001bb34    00000034     simplelink.a : socket.obj (.const)
                  2001bb68    00000030     rtsv7M4_T_le_eabi.lib : xdint.obj (.const)
                  2001bb98    0000002c     cc3200_utils.obj (.const:$P$T0$1)
                  2001bbc4    0000002c     network_relater_fns.obj (.const:$P$T1$2)
                  2001bbf0    0000002b     parse_uploads.obj (.const:.string)
                  2001bc1b    00000001     --HOLE-- [fill = 0]
                  2001bc1c    00000028     rtsv7M4_T_le_eabi.lib : xfdint.obj (.const)
                  2001bc44    00000028                           : xfsin.obj (.const)
                  2001bc6c    00000028     simplelink.a : netapp.obj (.const)
                  2001bc94    00000025     camera_app.obj (.const:.string:$P$T1$2)
                  2001bcb9    00000023     mt9d111.obj (.const:.string:$P$T1$2)
                  2001bcdc    00000022     network_relater_fns.obj (.const:.string:$P$T0$1)
                  2001bcfe    00000002     --HOLE-- [fill = 0]
                  2001bd00    00000020     network_relater_fns.obj (.const)
                  2001bd20    0000001c     rtsv7M4_T_le_eabi.lib : tanf.obj (.const)
                  2001bd3c    0000001c                           : xfexp.obj (.const)
                  2001bd58    00000018     driverlib.a : spi.obj (.const)
                  2001bd70    00000017     request.obj (.const:.string)
                  2001bd87    00000016     collect_and_txit.obj (.const:.string)
                  2001bd9d    00000014     lightSens_isl29035.obj (.const:.string)
                  2001bdb1    00000003     --HOLE-- [fill = 0]
                  2001bdb4    00000014     simplelink.a : device.obj (.const)
                  2001bdc8    0000000b     app_common.obj (.const:.string)
                  2001bdd3    00000001     --HOLE-- [fill = 0]
                  2001bdd4    00000008     simplelink.a : netcfg.obj (.const)

.cinit     0    2001bde0    00000bf0     
                  2001bde0    00000bcb     (.cinit..data.load) [load image, compression = rle]
                  2001c9ab    00000001     --HOLE-- [fill = 0]
                  2001c9ac    0000000c     (__TI_handler_table)
                  2001c9b8    00000008     (.cinit..bss.load) [load image, compression = zero_init]
                  2001c9c0    00000010     (__TI_cinit_table)

.init_array 
*          0    20004000    00000000     UNINITIALIZED

.bss       0    2001d000    00015da1     UNINITIALIZED
                  2001d000    00014000     main.obj (.bss:g_image_buffer)
                  20031000    00000b58     tasks.obj (.bss:thisMagBuffer)
                  20031b58    00000418     tasks.obj (.bss:thisMagCal)
                  20031f70    00000058     tasks.obj (.bss:thisMag)
                  20031fc8    00000034     cc3200_client_state.obj (.bss:clientStateFileName)
                  20031ffc    00000004     (.common:__Errorlog)
                  20032000    00000400     udma_if.obj (.bss:gpCtlTbl)
                  20032400    00000370     main.obj (.bss:g_NetEntries)
                  20032770    00000120     rtsv7M4_T_le_eabi.lib : trgmsg.obj (.bss:__CIOBUF_)
                  20032890    00000100     udma_if.obj (.bss:gfpAppCallbackHndl)
                  20032990    000000c8     free_rtos.a : tasks.obj (.bss:pxReadyTasksLists)
                  20032a58    000000ac     tasks.obj (.bss:thisSV_6DOF_GB_BASIC)
                  20032b04    000000a0     rtsv7M4_T_le_eabi.lib : defs.obj (.bss:__TI_tmpnams)
                  20032ba4    00000050     free_rtos.a : queue.obj (.bss:xQueueRegistry)
                  20032bf4    00000034     main.obj (.bss:g_cWlanSecurityKey)
                  20032c28    00000034     tasks.obj (.bss:thisAccel)
                  20032c5c    00000024     main.obj (.bss:g_cWlanSSID)
                  20032c80    00000024     main.obj (.bss:g_ucConnectionSSID)
                  20032ca4    0000001c     rtsv7M4_T_le_eabi.lib : vla_alloc.obj (.bss)
                  20032cc0    00000014     (.common:g_flag_blockFull)
                  20032cd4    00000014     (.common:xDelayedTaskList1)
                  20032ce8    00000014     (.common:xDelayedTaskList2)
                  20032cfc    00000014     (.common:xPendingReadyList)
                  20032d10    00000014     (.common:xSuspendedTaskList)
                  20032d24    00000014     (.common:xTasksWaitingTermination)
                  20032d38    00000010     (.common:globals)
                  20032d48    00000010     (.common:mqxglobals)
                  20032d58    0000000c     (.common:g_SecParams)
                  20032d64    00000008     (.common:g_ucConnectionBSSID)
                  20032d6c    00000008     (.common:parmbuf)
                  20032d74    00000004     (.common:dataBuffer)
                  20032d78    00000004     (.common:g_block_lastFilled)
                  20032d7c    00000004     (.common:g_cWlanSecurityType)
                  20032d80    00000004     (.common:g_frame_size_in_bytes)
                  20032d84    00000004     (.common:g_header_length)
                  20032d88    00000004     (.common:g_position_in_block)
                  20032d8c    00000004     (.common:g_readHeader)
                  20032d90    00000004     (.common:g_total_dma_intrpts)
                  20032d94    00000004     (.common:pxDelayedTaskList)
                  20032d98    00000004     (.common:pxOverflowDelayedTaskList)
                  20032d9c    00000001     (.common:cnt_prakz)
                  20032d9d    00000001     (.common:g_dma_txn_done)
                  20032d9e    00000001     (.common:g_flag_DataBlockFilled)
                  20032d9f    00000001     (.common:g_frame_end)
                  20032da0    00000001     (.common:iDone)

.TI.noinit 
*          0    2001d000    00000000     UNINITIALIZED

.sysmem    0    20032da8    00004000     UNINITIALIZED
                  20032da8    00000008     rtsv7M4_T_le_eabi.lib : memory.obj (.sysmem)
                  20032db0    00003ff8     --HOLE--


LINKER GENERATED COPY TABLES

__TI_cinit_table @ 2001c9c0 records: 2, size/record: 8, table size: 16
	.data: load addr=2001bde0, load size=00000bcb bytes, run addr=20000000, run size=0000158c bytes, compression=rle
	.bss: load addr=2001c9b8, load size=00000008 bytes, run addr=2001d000, run size=00015da1 bytes, compression=zero_init


LINKER GENERATED HANDLER TABLE

__TI_handler_table @ 2001c9ac records: 3, size/record: 4, table size: 12
	index: 0, handler: __TI_decompress_rle24
	index: 1, handler: __TI_decompress_none
	index: 2, handler: __TI_zero_init


GLOBAL SYMBOLS: SORTED ALPHABETICALLY BY Name 

address   name                                  
-------   ----                                  
2000ce89  AnalogGainReg_Read                    
2000efc7  ApplyAccelHAL                         
2000efd3  ApplyMagHAL                           
20019cad  C$$EXIT                               
20019003  C$$IO$$                               
2000cded  CCMRegs_Read                          
2001adad  CPUcpsie                              
2000a993  CamControllerInit                     
2001a8f1  CameraCaptureStart                    
2001a0a9  CameraCaptureStop                     
2001acd1  CameraDMAEnable                       
2001a7d1  CameraIntClear                        
2001a589  CameraIntEnable                       
2001ace7  CameraIntRegister                     
2001a6bd  CameraIntStatus                       
2001a26b  CameraParamsConfig                    
2001abf9  CameraReset                           
2000c8a9  CameraSensorInit                      
2000c8b1  CameraSensorInit_SettingsFromFlash    
2001a785  CameraThresholdSet                    
2001a0e3  CameraXClkConfig                      
2000a427  CaptureAndStore_Image                 
2000a6b1  CaptureinRAM_StoreAfterCapture_Image  
20013489  ClearTerm                             
20015ab5  CollectTxit_ImgTempRH                 
2000fc43  Config_And_Start_CameraCapture        
20009679  ConfigureMode                         
200093d5  ConfigureSimpleLinkToDefaultState     
200096d5  ConnectToNetwork                      
20009835  ConnectToNetwork_2                    
200098f9  ConnectToNetwork_STA                  
200098d5  ConnectToNetwork_STA_2                
20011e49  ConstructDeviceStateObject            
2001ab29  CopyPingResultsToReport               
2001396d  CreateFile_Flash                      
20001324  DMAMsgQ                               
20013f99  DMASetupTransfer                      
20001574  DigiCertHighAssuranceEVRootCA_der_len 
2000ce1d  DigitalGainRegs_Read                  
20013e63  DmaErrorIntHandler                    
2001a5b5  DmaSpiSwIntHandler                    
20013e51  DmaSwIntHandler                       
2000d151  EnterStandby_mt9d111                  
2001348f  Error                                 
2000d1c9  ExitStandby_mt9d111                   
2000e209  FXOS8700CQ_Init                       
2000e2ed  FXOS8700CQ_Mag_Calibration            
200142f9  FXOS8700_Init                         
2001437b  FXOS8700_ReadData                     
2000eb73  Fusion_Init                           
2000eca5  Fusion_Run                            
2001a235  GPIODirModeSet                        
2001ac11  GPIOPinRead                           
2001a9df  GPIOPinWrite                          
200134c3  GetCmd                                
20014a4d  HIBernate                             
200122fd  HOSTclock                             
200122c5  HOSTclose                             
20012287  HOSTgetenv                            
2001222b  HOSTlseek                             
200121d9  HOSTopen                              
2001218d  HOSTread                              
2001212f  HOSTrename                            
200120f5  HOSTtime                              
200120bd  HOSTunlink                            
20012071  HOSTwrite                             
200148fb  I2CBufferRead                         
200149a3  I2CBufferWrite                        
200148dd  I2CInit                               
2001ae4d  I2CMasterControl                      
2001aec9  I2CMasterDataGet                      
2001acfd  I2CMasterDataPut                      
2001ad13  I2CMasterEnable                       
2001a5e1  I2CMasterErr                          
200184c5  I2CMasterInitExpClk                   
2001ae5f  I2CMasterIntClearEx                   
2001aa61  I2CMasterIntStatusEx                  
2001a913  I2CMasterSlaveAddrSet                 
2001ae71  I2CMasterTimeoutSet                   
2001415b  I2C_IF_Close                          
20014131  I2C_IF_Open                           
200140a9  I2C_IF_Read                           
20014111  I2C_IF_ReadFrom                       
20014047  I2C_IF_Write                          
20013451  InitTerm                              
20011d9d  InitialiseParse                       
200093a5  InitializeAppVariables                
200178c1  IntDisable                            
20017969  IntEnable                             
2001af31  IntMasterEnable                       
20019421  IntPendClear                          
2001962d  IntPrioritySet                        
2001aa01  IntRegister                           
2001a7f5  IntUnregister                         
2001adc1  IntVTableBaseSet                      
2000ceff  JPEGDataLength_read                   
20000000  JPEG_StdHuffmanTbl                    
2000137c  JPEG_StdQuantTblC                     
200013bc  JPEG_StdQuantTblY                     
2000cdc5  JpegConfigReg_Read                    
20016b33  LED_Blink                             
20016b99  LED_Off                               
20016b8f  LED_On                                
2001af43  MT9D111Delay                          
2000ee8d  MagCal_Run                            
2000fbd7  Main_Task                             
2001346f  Message                               
2001aea9  NwpMaskInterrupt                      
20019f7d  NwpPowerOff                           
2001a40d  NwpPowerOn                            
200185cd  NwpPowerOnPreamble                    
2001a935  NwpRegisterInterruptHandler           
2001aef5  NwpUnMaskInterrupt                    
2000cec1  PCLK_Rate_read                        
200154c5  PRCMCC3200MCUInit                     
2001ad29  PRCMHIBRegRead                        
2001ad3f  PRCMHIBRegWrite                       
2001ac29  PRCMHibernateEnter                    
20018199  PRCMHibernateIntervalSet              
20018e9d  PRCMHibernateWakeUpGPIOSelect         
20019a29  PRCMHibernateWakeupSourceDisable      
20019a71  PRCMHibernateWakeupSourceEnable       
2001a6e5  PRCMPeripheralClkDisable              
20019fb9  PRCMPeripheralClkEnable               
20017d15  PRCMPeripheralClockGet                
20019479  PRCMPeripheralReset                   
2001a2a1  PRCMPeripheralStatusGet               
2001a60d  PRCMSysResetCauseGet                  
20018221  PinConfigSet                          
20019dbd  PinModeSet                            
20016831  PinMuxConfig                          
2001ab43  PinTypeCamera                         
2001a43d  PinTypeGPIO                           
2001aa9d  PinTypeI2C                            
2001ab5d  PinTypeUART                           
2000eb55  RdSensData_Init                       
2000eb8d  RdSensData_Run                        
2000cc0d  ReadAllAEnAWBRegs                     
20013a63  ReadFile_FromFlash                    
2000cf77  ReadMCUBootModeReg                    
2000cba9  RegStatusRead                         
2001356d  Report                                
2001aee5  ResetISR                              
2000cf49  ResetImageSensorMCU                   
UNDEFED   SHT$$INIT_ARRAY$$Base                 
UNDEFED   SHT$$INIT_ARRAY$$Limit                
2001aeb9  SL_FD_SET                             
2001af49  SL_FD_ZERO                            
2001ac41  SPICSDisable                          
2001ac59  SPICSEnable                           
20017a11  SPIConfigSetExpClk                    
2001ac71  SPIDisable                            
2001ab77  SPIDmaDisable                         
2001ab91  SPIDmaEnable                          
2001ac89  SPIEnable                             
2001abab  SPIFIFODisable                        
2001abc5  SPIFIFOEnable                         
2001a2d5  SPIFIFOLevelSet                       
20019ab9  SPIIntClear                           
200197cd  SPIIntEnable                          
2001a957  SPIReset                              
2001a979  SPIWordCountSet                       
200014d8  SecurityParams                        
20013ee1  SetupTransfer                         
2000ce51  ShutterRegs_Read                      
2000a0fd  SimpleLinkHttpServerCallback          
20009c6d  SimpleLinkNetAppEventHandler          
20009ffd  SimpleLinkSockEventHandler            
20009b41  SimpleLinkWlanEventHandler            
2000cf91  SoftReset_ImageSensor                 
2000a401  Standby_ImageSensor                   
2000c8d9  StartCapture_SettingsFromFlash        
2000c9fd  StartSensorInJpegMode                 
2000fbcb  Testing_fxos                          
20013523  TrimSpace                             
2001ad55  UARTCharGet                           
2001aa7f  UARTCharPut                           
20018aa5  UARTConfigSetExpClk                   
2001a46d  UARTDisable                           
2001a819  UARTEnable                            
20013eb9  UDMAChannelSelect                     
20013f85  UDMADeInit                            
20013e6f  UDMAInit                              
20013f17  UDMASetupAutoMemTransfer              
20013f3b  UDMASetupPingPongTransfer             
2001aaf1  UDMAStopTransfer                      
20011db3  UploadImageToParse                    
20011de9  UploadSensorDataToParse               
2001af4f  UtilsDelay                            
2001013d  VDeleteSimpleLinkSpawnTask            
200100ed  VStartSimpleLinkSpawnTask             
2000cfe9  Variable_Read                         
2000cfb9  Verify_ImageSensor                    
2000a41b  Wakeup_ImageSensor                    
2000cbcf  WriteAllAEnAWBRegs                    
2000c907  WriteConfigRegFile_toFlash            
2000c9d1  WriteConfigRegFilefromUser_toFlash    
200139c1  WriteFile_ToFlash                     
2001a691  _Dclass                               
200011c0  _Denorm                               
20017245  _Dint                                 
200173c5  _Dnorm                                
20016025  _Dscale                               
200190a5  _Dunscale                             
200011d0  _Eps                                  
2000157c  _Errno                                
20012ce1  _Exp                                  
20016ca1  _FAtan                                
200012b0  _FDenorm                              
20017ff5  _FDint                                
200189b1  _FDnorm                               
20016e51  _FDscale                              
200195d7  _FDunscale                            
200012c0  _FEps                                 
200145f1  _FExp                                 
200012d0  _FInf                                 
20013295  _FLog                                 
200012e0  _FNan                                 
20001300  _FRteps                               
20013b19  _FSin                                 
200012f0  _FSnan                                
20001310  _FXbig                                
20001314  _FZero                                
20001564  _Fenv                                 
2001a4cd  _Feraise                              
200011e0  _Hugeval                              
200011f0  _Inf                                  
20014171  _LAtan                                
20001240  _LDenorm                              
20001250  _LEps                                 
20001260  _LInf                                 
20001270  _LNan                                 
20001290  _LRteps                               
20001280  _LSnan                                
200012a0  _LXbig                                
200012a8  _LZero                                
20011ab9  _Log                                  
20001200  _Nan                                  
20001220  _Rteps                                
2001bb54  _SlAcceptCmdCtrl                      
2001b918  _SlActionLookupTable                  
20011149  _SlAsyncEventGenericHandler           
2001bdc0  _SlDeviceGetCmdCtrl                   
2001bdc4  _SlDeviceSetCmdCtrl                   
2001a309  _SlDrvBasicCmd                        
20017da9  _SlDrvClassifyRxMsg                   
20018549  _SlDrvCmdOp                           
2001aa21  _SlDrvCmdSend                         
20014d1d  _SlDrvDataReadOp                      
2001585d  _SlDrvDataWriteOp                     
2001abdf  _SlDrvDeviceEventHandler              
200194d1  _SlDrvDriverCBDeinit                  
200186cd  _SlDrvDriverCBInit                    
2001a639  _SlDrvFlowContDeinit                  
2001a665  _SlDrvFlowContInit                    
200106ad  _SlDrvMsgRead                         
200175fd  _SlDrvMsgReadCmdCtx                   
20017f65  _SlDrvMsgReadSpawnCtx                 
20015cf1  _SlDrvMsgWrite                        
200176b1  _SlDrvNetAppEventHandler              
2001aab9  _SlDrvObjDeInit                       
20019ff5  _SlDrvObjInit                         
20016349  _SlDrvReleasePoolObj                  
20014fd1  _SlDrvRxHdrRead                       
20019dfd  _SlDrvRxIrqHandler                    
2001add5  _SlDrvShiftDWord                      
20016135  _SlDrvWaitForPoolObj                  
2001bdbc  _SlEventMaskGetCmdCtrl                
2001bdb8  _SlEventMaskSetCmdCtrl                
20017b4d  _SlFindAndSetActiveObj                
2001ba94  _SlFsCloseCmdCtrl                     
2001baa4  _SlFsDeleteCmdCtrl                    
2001baa0  _SlFsGetInfoCmdCtrl                   
2001ba90  _SlFsOpenCmdCtrl                      
2001ba98  _SlFsReadCmdCtrl                      
2001ba9c  _SlFsWriteCmdCtrl                     
2001bc84  _SlGetHostByNameCtrl                  
2001bc80  _SlGetHostByServiceCtrl               
2001bc78  _SlGetServiceListeCtrl                
2001bb60  _SlGetSockOptCmdCtrl                  
2001bb50  _SlListenCmdCtrl                      
2001bc90  _SlNetAppGetCmdCtrl                   
2001bc8c  _SlNetAppSendTokenValueCmdCtrl        
2001bc88  _SlNetAppSetCmdCtrl                   
2001bc70  _SlNetAppStartCtrl                    
2001bc74  _SlNetAppStopCtrl                     
2001bdd8  _SlNetCfgGetCmdCtrl                   
2001bdd4  _SlNetCfgSetCmdCtrl                   
2001b2c0  _SlPolicyGetCmdCtrl                   
2001b2bc  _SlPolicySetCmdCtrl                   
2001b2c8  _SlProfileDelCmdCtrl                  
2001b2c4  _SlProfileGetCmdCtrl                  
2001bb58  _SlRecvCmdCtrl                        
2001bb48  _SlRecvfomCmdCtrl                     
2001bc7c  _SlRegisterServiceCtrl                
20019e3d  _SlRemoveFromList                     
2001b2d0  _SlRxFilterAddtCmdCtrl                
2001b2d8  _SlRxFilterGetCmdCtrl                 
2001b2d4  _SlRxFilterSetCmdCtrl                 
2001bb64  _SlSelectCmdCtrl                      
2001bb4c  _SlSendCmdCtrl                        
2001bb5c  _SlSetSockOptCmdCtrl                  
2001b2dc  _SlSmartConfigStartCmdCtrl            
2001bb44  _SlSockCloseCmdCtrl                   
2001bb40  _SlSockSocketCmdCtrl                  
2001bdb4  _SlStopCmdCtrl                        
2001b2e8  _SlWlanCfgGetCmdCtrl                  
2001b2e4  _SlWlanCfgSetCmdCtrl                  
2001b2cc  _SlWlanGetNetworkListCtrl             
2001b2e0  _SlWlanSetModeCmdCtrl                 
20001210  _Snan                                 
20001568  _Tls_setup__Fenv                      
20001230  _Xbig                                 
20001238  _Zero                                 
20032770  __CIOBUF_                             
20004000  __STACK_END                           
00001000  __STACK_SIZE                          
00004000  __SYSMEM_SIZE                         
2001c9c0  __TI_CINIT_Base                       
2001c9d0  __TI_CINIT_Limit                      
2001c9ac  __TI_Handler_Table_Base               
2001c9b8  __TI_Handler_Table_Limit              
20018d59  __TI_auto_init                        
20013199  __TI_cleanup                          
2000155c  __TI_cleanup_ptr                      
20017be5  __TI_closefile                        
2001aed7  __TI_decompress_none                  
2001af55  __TI_decompress_rle24                 
200170b9  __TI_doflush                          
20001560  __TI_dtors_ptr                        
20001524  __TI_ft_end                           
2000909d  __TI_printfi                          
20017877  __TI_rd_ok                            
20019007  __TI_readmsg                          
2001bde0  __TI_static_base__                    
20032b04  __TI_tmpnams                          
20018fd5  __TI_writemsg                         
20017815  __TI_wrt_ok                           
2001af01  __TI_zero_init                        
2001af6d  __abort_execution                     
200183b9  __aeabi_cdcmpeq                       
200183b9  __aeabi_cdcmple                       
2001843f  __aeabi_cdrcmple                      
20019301  __aeabi_cfcmpeq                       
20019301  __aeabi_cfcmple                       
20019361  __aeabi_cfrcmple                      
200199df  __aeabi_d2f                           
20019b01  __aeabi_d2iz                          
20019cf1  __aeabi_d2uiz                         
20013613  __aeabi_dadd                          
2001538d  __aeabi_ddiv                          
2001654b  __aeabi_dmul                          
20013609  __aeabi_dsub                          
2001a155  __aeabi_f2d                           
2001a18d  __aeabi_f2iz                          
2001a371  __aeabi_f2uiz                         
2001977d  __aeabi_f2ulz                         
2001664b  __aeabi_fadd                          
20017ed1  __aeabi_fdiv                          
200188bd  __aeabi_fmul                          
20016647  __aeabi_fsub                          
2001a52d  __aeabi_i2d                           
2001a1c5  __aeabi_i2f                           
20018937  __aeabi_memclr                        
20018937  __aeabi_memclr4                       
20018937  __aeabi_memclr8                       
20017ab1  __aeabi_memcpy                        
20017ab1  __aeabi_memcpy4                       
20017ab1  __aeabi_memcpy8                       
20018939  __aeabi_memset                        
20018939  __aeabi_memset4                       
20018939  __aeabi_memset8                       
20001530  __aeabi_stderr                        
20001528  __aeabi_stdin                         
2000152c  __aeabi_stdout                        
20012edd  __aeabi_uldivmod                      
ffffffff  __binit__                             
ffffffff  __c_args__                            
20003000  __stack                               
2001244d  __vla_alloc                           
20012345  __vla_dealloc                         
200123cd  __vla_dealloc_eh                      
2001aca1  _args_main                            
2001a031  _c_int00                              
2001b0b4  _ctypes_                              
20000f50  _ftable                               
20001554  _lock                                 
2001adf7  _nop                                  
2001adef  _register_lock                        
2001ade9  _register_unlock                      
2001a70d  _sl_BuildAddress                      
2001910d  _sl_GetCreateFsMode                   
20019995  _sl_GetStartResponseConvert           
20019171  _sl_HandleAsync_Accept                
20018f05  _sl_HandleAsync_Connect               
20018749  _sl_HandleAsync_DnsGetHostByName      
20018f6d  _sl_HandleAsync_DnsGetHostByService   
20018b1d  _sl_HandleAsync_InitComplete          
20018c79  _sl_HandleAsync_PingResponse          
20019529  _sl_HandleAsync_Select                
20019681  _sl_HandleAsync_Stop                  
2001ad6b  _sl_Strlen                            
20018ce9  _sl_TruncatePayloadByProtocol         
20032da8  _sys_memory                           
2001af71  _system_pre_init                      
20001558  _unlock                               
20019cb1  abort                                 
20017485  acosf                                 
20014efb  addHttpRequestHeader                  
20014f21  addHttpRequestHeaderInt               
20014e81  addHttpRequestLine                    
20011a0d  add_device                            
20014bb5  atan2l                                
20019819  atoi                                  
20014ebf  beginHttpGetRequest                   
20014eb3  beginHttpRequest                      
ffffffff  binit                                 
2000d2b1  buildRequestHeaders                   
20010679  calloc                                
2000e1b1  clearAccelMotionIntrpt                
20031fc8  clientStateFileName                   
200119bd  close                                 
2000151c  cnt                                   
20032d9c  cnt_prakz                             
2000dc59  configureFXOS8700                     
20015bd9  configureISL29035                     
20019865  copy_in                               
2000b09d  createAndWrite_ImageHeaderFile        
2000f20d  createInstallation                    
2000e6b5  createNewInstallationId               
2000b1f5  create_JpegImageFile                  
20032d74  dataBuffer                            
20001520  dataBufferSize                        
2001864d  debugPrint                            
20018667  debugPrintf                           
2000cd77  disableAE                             
2000cced  disableAWB                            
20007335  eTaskGetState                         
2000c0f5  eigencompute                          
2000cd39  enableAE                              
2000cca9  enableAWB                             
200137c1  ensureCertificateFile                 
20019cb9  exit                                  
20004697  f3DOFMagnetometerMatrixAndroid        
20004633  f3DOFMagnetometerMatrixNED            
20004697  f3DOFMagnetometerMatrixWin8           
20004401  f3DOFTiltAndroid                      
20004401  f3DOFTiltNED                          
20004509  f3DOFTiltWin8                         
2000bebb  f3x3matrixAeqAxScalar                 
2000be3d  f3x3matrixAeqI                        
2000bf19  f3x3matrixAeqInvSymB                  
2000beef  f3x3matrixAeqMinusA                   
2000be97  f3x3matrixAeqScalar                   
2000c05f  f3x3matrixDetA                        
20004f85  fAndroidAnglesDegFromRotationMatrix   
20005d89  fInitMagCalibration                   
20014769  fInit_6DOF_GB_BASIC                   
20006151  fInvertMagCal                         
200057b9  fLPFOrientationQuaternion             
200058f1  fLPFScalar                            
20004ee1  fNEDAnglesDegFromRotationMatrix       
200052c5  fQuaternionFromRotationMatrix         
20005165  fQuaternionFromRotationVectorDeg      
20005411  fRotationMatrixFromQuaternion         
20005713  fRotationVectorDegFromQuaternion      
2000553d  fRotationVectorDegFromRotationMatrix  
200147bd  fRun_6DOF_GB_BASIC                    
20006aad  fUpdateCalibration10EIG               
20006281  fUpdateCalibration4INV                
20006701  fUpdateCalibration7EIG                
20005029  fWin8AnglesDegFromRotationMatrix      
20012af1  facos_deg                             
20012ab1  fasin_deg                             
20012bff  fatan2_deg                            
20012c7b  fatan_15deg                           
20012b6f  fatan_deg                             
20017c4b  fclose                                
200049a5  feCompassAndroid                      
20004705  feCompassNED                          
20004c41  feCompassWin8                         
2001a33d  feraiseexcept                         
2000e64f  fetchDeviceOSVersion                  
20017105  fflush                                
2001171f  findSecondJson                        
2000be69  fmatrixAeqI                           
2000c4e5  fmatrixAeqInvA                        
2000c6c7  fmatrixAeqRenormRotA                  
20015251  fmodf                                 
200131ef  fopen                                 
20018dcd  fprintf                               
20017c7d  fputc                                 
200155f9  fputs                                 
20005d6f  fqAeq1                                
20005cab  fqAeqNormqA                           
200103c7  free                                  
200131c5  freopen                               
2001a99b  frexp                                 
200191d5  fseek                                 
200128b3  fxos_calibrate                        
2001290b  fxos_get_initialYaw                   
2001286d  fxos_main                             
2000fa09  fxos_testing                          
2000faf1  fxos_testing_2                        
2000fb37  fxos_testing_3                        
2000fb7b  fxos_testing_4                        
2001296b  fxos_waitFor40Degrees                 
20000dd0  gFirstCmdMode                         
2001b910  g_H2NCnysPattern                      
2001b908  g_H2NSyncPattern                      
20032400  g_NetEntries                          
20032d58  g_SecParams                           
20001318  g_SpiFd                               
20000dd8  g_StatMem                             
20032d78  g_block_lastFilled                    
20001328  g_cDummy                              
20032c5c  g_cWlanSSID                           
20032bf4  g_cWlanSecurityKey                    
20032d7c  g_cWlanSecurityType                   
2001bd70  g_deviceClientVersion                 
20032d9e  g_flag_DataBlockFilled                
20032cc0  g_flag_blockFull                      
20032d9f  g_frame_end                           
20032d80  g_frame_size_in_bytes                 
20000600  g_header                              
20032d84  g_header_length                       
2001d000  g_image_buffer                        
200014f4  g_osVersion                           
20000dd4  g_pCB                                 
2000131c  g_pHostIntHdl                         
20004000  g_pfnVectors                          
20032d88  g_position_in_block                   
20032d8c  g_readHeader                          
2000143c  g_token_get                           
200014f1  g_ucConnectedToConfAP                 
20032d64  g_ucConnectionBSSID                   
20032c80  g_ucConnectionSSID                    
20001320  g_ucDMAEnabled                        
2000132c  g_ucDinDout                           
200014f3  g_ucPriority                          
200014f0  g_ucProfileAdded                      
200014f2  g_ucProvisioningDone                  
200014ec  g_uiSimplelinkRole                    
200014e8  g_ulGatewayIP                         
20001550  g_ulPingPacketsRecv                   
200014e4  g_ulStatus                            
2000e01d  getAccelerationMagnitude              
2000dedf  getDoorDirection                      
20014f59  getHttpResponseBody                   
20014f2f  getHttpResponseStatus                 
2000f25b  getInstallation                       
200164e9  getInternalClient                     
20015c47  getLightsensor_data                   
20015c73  getLightsensor_intrptStatus           
2000df99  getMagnFlux_3axis                     
20011751  getPushJson                           
20032890  gfpAppCallbackHndl                    
20032d38  globals                               
20032000  gpCtlTbl                              
2000d4e9  headerSend                            
20015f15  i2cReadRegisters                      
20015fc3  i2cReadRegistersTwoBytes              
20015f57  i2cWriteRegisters                     
20032da0  iDone                                 
20005e3d  iUpdateMagnetometerBuffer             
200099d9  initNetwork                           
2000fa1d  initial_magnetometerReadings          
20016ae9  intToASCII                            
20011737  isCompleteJson                        
2000e5ef  isPingTime                            
20019c21  ldexp                                 
200125dd  loadClientState                       
2001af5b  log                                   
2001af61  logf                                  
20011999  lseek                                 
20019581  ltoa                                  
2000fcb9  main                                  
20001588  main_func_sp                          
2001035f  malloc                                
20010241  mem_Free                              
20010235  mem_Malloc                            
20010261  mem_copy                              
2001024d  mem_set                               
20010595  memalign                              
2001aad5  memccpy                               
2001aa41  memchr                                
2001a9bd  memcmp                                
20017ab1  memcpy                                
2001a83d  memmove                               
2001893f  memset                                
200102d1  minit                                 
20032d48  mqxglobals                            
200118eb  open                                  
200102b7  osi_ContextRestore                    
200102b5  osi_ContextSave                       
20010275  osi_EnterCritical                     
2001027f  osi_ExitCritical                      
2000fe9b  osi_InterruptDeRegister               
2000fe75  osi_InterruptRegister                 
2000ffa5  osi_LockObjCreate                     
20010019  osi_LockObjDelete                     
20010029  osi_LockObjLock                       
20010055  osi_LockObjUnlock                     
20010169  osi_MsgQCreate                        
200101ad  osi_MsgQDelete                        
200101f9  osi_MsgQRead                          
200101c7  osi_MsgQWrite                         
20010291  osi_Sleep                             
2001007f  osi_Spawn                             
2000ff83  osi_SyncObjClear                      
2000fead  osi_SyncObjCreate                     
2000fedd  osi_SyncObjDelete                     
2000fef7  osi_SyncObjSignal                     
2000ff1f  osi_SyncObjSignalFromISR              
2000ff57  osi_SyncObjWait                       
2000ffcb  osi_TaskCreate                        
2001000b  osi_TaskDelete                        
200102a1  osi_TaskDisable                       
200102ab  osi_TaskEnable                        
20010289  osi_start                             
20000dcc  pPingCallBackFunc                     
2000da59  parseGetErrorCode                     
2000f35d  parseGetInstallationId                
2001644d  parseInitialize                       
2000da1b  parseSendRequest                      
2000d9a5  parseSendRequestInternal              
2000f2e1  parseSetInstallationId                
2000d631  payloadSend                           
2001bdc8  pcDigits                              
20007859  pcTaskGetTaskName                     
200175f5  portCLZ                               
2000f581  pow                                   
20010dd1  powf                                  
200175dd  prvPortStartFirstTask                 
20017c7d  putc                                  
20017d01  putchar                               
20015705  puts                                  
2001a11d  pvPortMalloc                          
20001478  pxCurrentTCB                          
20015e05  pxPortInitialiseStack                 
20005a45  qAeqAxB                               
20005921  qAeqBxC                               
20005b79  qconjgAxB                             
2001a55b  raise                                 
200198c7  rand                                  
200118c7  read                                  
20010489  realloc                               
2001183d  remove                                
2001189f  remove_device                         
20011861  rename                                
20011e0f  retreiveImageIDfromHTTPResponse       
20012685  saveClientState                       
2000d86f  sendRequest                           
20014add  sensorsTriggerSetup                   
2000d2a1  setDataBufferPointer                  
2000de9d  setMotionDetectionThreshold           
20015c07  setThreshold_lightsensor              
20016bc5  setvbuf                               
20019e7d  signal                                
20011495  simpleJsonProcessor                   
2001af67  sinf                                  
2001a861  sl_Close                              
20016919  sl_Connect                            
200187c5  sl_DevGet                             
20019b49  sl_DevSet                             
20018841  sl_FsClose                            
20019b91  sl_FsDel                              
2001903d  sl_FsGetInfo                          
200196d5  sl_FsOpen                             
20018081  sl_FsRead                             
2001810d  sl_FsWrite                            
2001a1fd  sl_Htonl                              
2001a3d9  sl_Htons                              
20016d79  sl_NetAppDnsGetHostByName             
20018331  sl_NetAppMDNSRegisterUnregisterService
2001ae83  sl_NetAppMDNSUnRegisterService        
20019729  sl_NetAppSendTokenValue               
2001a885  sl_NetAppStart                        
2001a8a9  sl_NetAppStop                         
20019d35  sl_NetCfgSet                          
20019d79  sl_Recv                               
20016241  sl_Select                             
20017765  sl_Send                               
200198fd  sl_SetSockOpt                         
2001a4fd  sl_Socket                             
20017305  sl_Start                              
20017181  sl_Stop                               
20013cb5  sl_WlanConnect                        
2001af3b  sl_WlanDisconnect                     
20018b91  sl_WlanGet                            
20019ebd  sl_WlanPolicySet                      
2001a8cd  sl_WlanProfileDel                     
20019efd  sl_WlanRxFilterSet                    
20019bd9  sl_WlanSet                            
2001a75d  sl_WlanSetMode                        
20017e3d  snprintf                              
2001a861  socketClose                           
20010bc5  socketRead                            
20010aa3  socketSslConnect                      
20010a55  socketWait                            
20010c45  socketWrite                           
20018c05  spi_Close                             
2001572d  spi_Open                              
20016fed  spi_Read                              
20016a01  spi_Write                             
200193c1  sprintf                               
20015111  sqrt                                  
20016f21  sqrtf                                 
200198b1  srand                                 
2000151a  sshPort                               
2000dc43  standby_accelMagn_fxos8700            
2001ad81  strchr                                
2001acb9  strcmp                                
2001adfd  strcpy                                
[...]
20015ab5  CollectTxit_ImgTempRH                 
20015bd9  configureISL29035                     
20015c07  setThreshold_lightsensor              
20015c47  getLightsensor_data                   
20015c73  getLightsensor_intrptStatus           
20015c87  verifyISL29035                        
20015cf1  _SlDrvMsgWrite                        
20015e05  pxPortInitialiseStack                 
20015e55  xPortStartScheduler                   
20015e81  vPortEndScheduler                     
20015e83  vPortYield                            
20015e95  vPortEnterCritical                    
20015ead  vPortExitCritical                     
20015ec5  xPortSysTickHandler                   
20015ee1  vPortSetupTimerInterrupt              
20015f15  i2cReadRegisters                      
20015f57  i2cWriteRegisters                     
20015fc3  i2cReadRegistersTwoBytes              
20016025  _Dscale                               
20016135  _SlDrvWaitForPoolObj                  
20016241  sl_Select                             
20016349  _SlDrvReleasePoolObj                  
2001644d  parseInitialize                       
200164e9  getInternalClient                     
2001654b  __aeabi_dmul                          
20016647  __aeabi_fsub                          
2001664b  __aeabi_fadd                          
20016741  uDMAChannelTransferSet                
20016831  PinMuxConfig                          
20016919  sl_Connect                            
20016a01  spi_Write                             
20016ae9  intToASCII                            
20016b33  LED_Blink                             
20016b8f  LED_On                                
20016b99  LED_Off                               
20016bc5  setvbuf                               
20016ca1  _FAtan                                
20016d79  sl_NetAppDnsGetHostByName             
20016e51  _FDscale                              
20016f21  sqrtf                                 
20016fed  spi_Read                              
200170b9  __TI_doflush                          
20017105  fflush                                
20017181  sl_Stop                               
20017245  _Dint                                 
20017305  sl_Start                              
200173c5  _Dnorm                                
20017485  acosf                                 
20017545  ulPortSetInterruptMask                
2001755b  vPortClearInterruptMask               
20017569  xPortPendSVHandler                    
200175b5  vPortSVCHandler                       
200175dd  prvPortStartFirstTask                 
200175f5  portCLZ                               
200175fd  _SlDrvMsgReadCmdCtx                   
200176b1  _SlDrvNetAppEventHandler              
20017765  sl_Send                               
20017815  __TI_wrt_ok                           
20017877  __TI_rd_ok                            
200178c1  IntDisable                            
20017969  IntEnable                             
20017a11  SPIConfigSetExpClk                    
20017ab1  __aeabi_memcpy                        
20017ab1  __aeabi_memcpy4                       
20017ab1  __aeabi_memcpy8                       
20017ab1  memcpy                                
20017b4d  _SlFindAndSetActiveObj                
20017be5  __TI_closefile                        
20017c4b  fclose                                
20017c7d  fputc                                 
20017c7d  putc                                  
20017d01  putchar                               
20017d15  PRCMPeripheralClockGet                
20017da9  _SlDrvClassifyRxMsg                   
20017e3d  snprintf                              
20017ed1  __aeabi_fdiv                          
20017f65  _SlDrvMsgReadSpawnCtx                 
20017ff5  _FDint                                
20018081  sl_FsRead                             
2001810d  sl_FsWrite                            
20018199  PRCMHibernateIntervalSet              
20018221  PinConfigSet                          
200182a9  vsnprintf                             
20018331  sl_NetAppMDNSRegisterUnregisterService
200183b9  __aeabi_cdcmpeq                       
200183b9  __aeabi_cdcmple                       
2001843f  __aeabi_cdrcmple                      
200184c5  I2CMasterInitExpClk                   
20018549  _SlDrvCmdOp                           
200185cd  NwpPowerOnPreamble                    
2001864d  debugPrint                            
20018667  debugPrintf                           
200186cd  _SlDrvDriverCBInit                    
20018749  _sl_HandleAsync_DnsGetHostByName      
200187c5  sl_DevGet                             
20018841  sl_FsClose                            
200188bd  __aeabi_fmul                          
20018937  __aeabi_memclr                        
20018937  __aeabi_memclr4                       
20018937  __aeabi_memclr8                       
20018939  __aeabi_memset                        
20018939  __aeabi_memset4                       
20018939  __aeabi_memset8                       
2001893f  memset                                
200189b1  _FDnorm                               
20018aa5  UARTConfigSetExpClk                   
20018b1d  _sl_HandleAsync_InitComplete          
20018b91  sl_WlanGet                            
20018c05  spi_Close                             
20018c79  _sl_HandleAsync_PingResponse          
20018ce9  _sl_TruncatePayloadByProtocol         
20018d59  __TI_auto_init                        
20018dcd  fprintf                               
20018e9d  PRCMHibernateWakeUpGPIOSelect         
20018f05  _sl_HandleAsync_Connect               
20018f6d  _sl_HandleAsync_DnsGetHostByService   
20018fd5  __TI_writemsg                         
20019003  C$$IO$$                               
20019007  __TI_readmsg                          
2001903d  sl_FsGetInfo                          
200190a5  _Dunscale                             
2001910d  _sl_GetCreateFsMode                   
20019171  _sl_HandleAsync_Accept                
200191d5  fseek                                 
20019239  uDMAChannelAttributeDisable           
2001929d  uDMAChannelAttributeEnable            
20019301  __aeabi_cfcmpeq                       
20019301  __aeabi_cfcmple                       
20019361  __aeabi_cfrcmple                      
200193c1  sprintf                               
20019421  IntPendClear                          
20019479  PRCMPeripheralReset                   
200194d1  _SlDrvDriverCBDeinit                  
20019529  _sl_HandleAsync_Select                
20019581  ltoa                                  
200195d7  _FDunscale                            
2001962d  IntPrioritySet                        
20019681  _sl_HandleAsync_Stop                  
200196d5  sl_FsOpen                             
20019729  sl_NetAppSendTokenValue               
2001977d  __aeabi_f2ulz                         
200197cd  SPIIntEnable                          
20019819  atoi                                  
20019865  copy_in                               
200198b1  srand                                 
200198c7  rand                                  
200198fd  sl_SetSockOpt                         
20019949  uDMAChannelAssign                     
20019995  _sl_GetStartResponseConvert           
200199df  __aeabi_d2f                           
20019a29  PRCMHibernateWakeupSourceDisable      
20019a71  PRCMHibernateWakeupSourceEnable       
20019ab9  SPIIntClear                           
20019b01  __aeabi_d2iz                          
20019b49  sl_DevSet                             
20019b91  sl_FsDel                              
20019bd9  sl_WlanSet                            
20019c21  ldexp                                 
20019cad  C$$EXIT                               
20019cb1  abort                                 
20019cb9  exit                                  
20019cf1  __aeabi_d2uiz                         
20019d35  sl_NetCfgSet                          
20019d79  sl_Recv                               
20019dbd  PinModeSet                            
20019dfd  _SlDrvRxIrqHandler                    
20019e3d  _SlRemoveFromList                     
20019e7d  signal                                
20019ebd  sl_WlanPolicySet                      
20019efd  sl_WlanRxFilterSet                    
20019f3d  strncasecmp                           
20019f7d  NwpPowerOff                           
20019fb9  PRCMPeripheralClkEnable               
20019ff5  _SlDrvObjInit                         
2001a031  _c_int00                              
2001a06d  uDMAChannelControlSet                 
2001a0a9  CameraCaptureStop                     
2001a0e3  CameraXClkConfig                      
2001a11d  pvPortMalloc                          
2001a13d  vPortFree                             
2001a155  __aeabi_f2d                           
2001a18d  __aeabi_f2iz                          
2001a1c5  __aeabi_i2f                           
2001a1fd  sl_Htonl                              
2001a235  GPIODirModeSet                        
2001a26b  CameraParamsConfig                    
2001a2a1  PRCMPeripheralStatusGet               
2001a2d5  SPIFIFOLevelSet                       
2001a309  _SlDrvBasicCmd                        
2001a33d  feraiseexcept                         
2001a371  __aeabi_f2uiz                         
2001a3a5  strstr                                
2001a3d9  sl_Htons                              
2001a40d  NwpPowerOn                            
2001a43d  PinTypeGPIO                           
2001a46d  UARTDisable                           
2001a49d  strncpy                               
2001a4cd  _Feraise                              
2001a4fd  sl_Socket                             
2001a52d  __aeabi_i2d                           
2001a55b  raise                                 
2001a589  CameraIntEnable                       
2001a5b5  DmaSpiSwIntHandler                    
2001a5e1  I2CMasterErr                          
2001a60d  PRCMSysResetCauseGet                  
2001a639  _SlDrvFlowContDeinit                  
2001a665  _SlDrvFlowContInit                    
2001a691  _Dclass                               
2001a6bd  CameraIntStatus                       
2001a6e5  PRCMPeripheralClkDisable              
2001a70d  _sl_BuildAddress                      
2001a735  strncat                               
2001a75d  sl_WlanSetMode                        
2001a785  CameraThresholdSet                    
2001a7ab  strncmp                               
2001a7d1  CameraIntClear                        
2001a7f5  IntUnregister                         
2001a819  UARTEnable                            
2001a83d  memmove                               
2001a861  sl_Close                              
2001a861  socketClose                           
2001a885  sl_NetAppStart                        
2001a8a9  sl_NetAppStop                         
2001a8cd  sl_WlanProfileDel                     
2001a8f1  CameraCaptureStart                    
2001a913  I2CMasterSlaveAddrSet                 
2001a935  NwpRegisterInterruptHandler           
2001a957  SPIReset                              
2001a979  SPIWordCountSet                       
2001a99b  frexp                                 
2001a9bd  memcmp                                
2001a9df  GPIOPinWrite                          
2001aa01  IntRegister                           
2001aa21  _SlDrvCmdSend                         
2001aa41  memchr                                
2001aa61  I2CMasterIntStatusEx                  
2001aa7f  UARTCharPut                           
2001aa9d  PinTypeI2C                            
2001aab9  _SlDrvObjDeInit                       
2001aad5  memccpy                               
2001aaf1  UDMAStopTransfer                      
2001aaf1  uDMAChannelDisable                    
2001ab0d  uDMAChannelEnable                     
2001ab29  CopyPingResultsToReport               
2001ab43  PinTypeCamera                         
2001ab5d  PinTypeUART                           
2001ab77  SPIDmaDisable                         
2001ab91  SPIDmaEnable                          
2001abab  SPIFIFODisable                        
2001abc5  SPIFIFOEnable                         
2001abdf  _SlDrvDeviceEventHandler              
2001abf9  CameraReset                           
2001ac11  GPIOPinRead                           
2001ac29  PRCMHibernateEnter                    
2001ac41  SPICSDisable                          
2001ac59  SPICSEnable                           
2001ac71  SPIDisable                            
2001ac89  SPIEnable                             
2001aca1  _args_main                            
2001acb9  strcmp                                
2001acd1  CameraDMAEnable                       
2001ace7  CameraIntRegister                     
2001acfd  I2CMasterDataPut                      
2001ad13  I2CMasterEnable                       
2001ad29  PRCMHIBRegRead                        
2001ad3f  PRCMHIBRegWrite                       
2001ad55  UARTCharGet                           
2001ad6b  _sl_Strlen                            
2001ad81  strchr                                
2001ad97  uDMAIntRegister                       
2001adad  CPUcpsie                              
2001adc1  IntVTableBaseSet                      
2001add5  _SlDrvShiftDWord                      
2001ade9  _register_unlock                      
2001adef  _register_lock                        
2001adf7  _nop                                  
2001adfd  strcpy                                
2001ae11  strlen                                
2001ae25  uDMAControlBaseSet                    
2001ae39  uDMAIntClear                          
2001ae4d  I2CMasterControl                      
2001ae5f  I2CMasterIntClearEx                   
2001ae71  I2CMasterTimeoutSet                   
2001ae83  sl_NetAppMDNSUnRegisterService        
2001ae95  uDMAIntUnregister                     
2001aea9  NwpMaskInterrupt                      
2001aeb9  SL_FD_SET                             
2001aec9  I2CMasterDataGet                      
2001aed7  __TI_decompress_none                  
2001aee5  ResetISR                              
2001aef5  NwpUnMaskInterrupt                    
2001af01  __TI_zero_init                        
2001af0d  uDMADisable                           
2001af19  uDMAEnable                            
2001af25  uDMAIntStatus                         
2001af31  IntMasterEnable                       
2001af3b  sl_WlanDisconnect                     
2001af43  MT9D111Delay                          
2001af49  SL_FD_ZERO                            
2001af4f  UtilsDelay                            
2001af55  __TI_decompress_rle24                 
2001af5b  log                                   
2001af61  logf                                  
2001af67  sinf                                  
2001af6d  __abort_execution                     
2001af71  _system_pre_init                      
2001b0b4  _ctypes_                              
2001b2bc  _SlPolicySetCmdCtrl                   
2001b2c0  _SlPolicyGetCmdCtrl                   
2001b2c4  _SlProfileGetCmdCtrl                  
2001b2c8  _SlProfileDelCmdCtrl                  
2001b2cc  _SlWlanGetNetworkListCtrl             
2001b2d0  _SlRxFilterAddtCmdCtrl                
2001b2d4  _SlRxFilterSetCmdCtrl                 
2001b2d8  _SlRxFilterGetCmdCtrl                 
2001b2dc  _SlSmartConfigStartCmdCtrl            
2001b2e0  _SlWlanSetModeCmdCtrl                 
2001b2e4  _SlWlanCfgSetCmdCtrl                  
2001b2e8  _SlWlanCfgGetCmdCtrl                  
2001b908  g_H2NSyncPattern                      
2001b910  g_H2NCnysPattern                      
2001b918  _SlActionLookupTable                  
2001ba90  _SlFsOpenCmdCtrl                      
2001ba94  _SlFsCloseCmdCtrl                     
2001ba98  _SlFsReadCmdCtrl                      
2001ba9c  _SlFsWriteCmdCtrl                     
2001baa0  _SlFsGetInfoCmdCtrl                   
2001baa4  _SlFsDeleteCmdCtrl                    
2001bb40  _SlSockSocketCmdCtrl                  
2001bb44  _SlSockCloseCmdCtrl                   
2001bb48  _SlRecvfomCmdCtrl                     
2001bb4c  _SlSendCmdCtrl                        
2001bb50  _SlListenCmdCtrl                      
2001bb54  _SlAcceptCmdCtrl                      
2001bb58  _SlRecvCmdCtrl                        
2001bb5c  _SlSetSockOptCmdCtrl                  
2001bb60  _SlGetSockOptCmdCtrl                  
2001bb64  _SlSelectCmdCtrl                      
2001bc70  _SlNetAppStartCtrl                    
2001bc74  _SlNetAppStopCtrl                     
2001bc78  _SlGetServiceListeCtrl                
2001bc7c  _SlRegisterServiceCtrl                
2001bc80  _SlGetHostByServiceCtrl               
2001bc84  _SlGetHostByNameCtrl                  
2001bc88  _SlNetAppSetCmdCtrl                   
2001bc8c  _SlNetAppSendTokenValueCmdCtrl        
2001bc90  _SlNetAppGetCmdCtrl                   
2001bd70  g_deviceClientVersion                 
2001bdb4  _SlStopCmdCtrl                        
2001bdb8  _SlEventMaskSetCmdCtrl                
2001bdbc  _SlEventMaskGetCmdCtrl                
2001bdc0  _SlDeviceGetCmdCtrl                   
2001bdc4  _SlDeviceSetCmdCtrl                   
2001bdc8  pcDigits                              
2001bdd4  _SlNetCfgSetCmdCtrl                   
2001bdd8  _SlNetCfgGetCmdCtrl                   
2001bde0  __TI_static_base__                    
2001c9ac  __TI_Handler_Table_Base               
2001c9b8  __TI_Handler_Table_Limit              
2001c9c0  __TI_CINIT_Base                       
2001c9d0  __TI_CINIT_Limit                      
2001d000  g_image_buffer                        
20031000  thisMagBuffer                         
20031b58  thisMagCal                            
20031f70  thisMag                               
20031fc8  clientStateFileName                   
20032000  gpCtlTbl                              
20032400  g_NetEntries                          
20032770  __CIOBUF_                             
20032890  gfpAppCallbackHndl                    
20032a58  thisSV_6DOF_GB_BASIC                  
20032b04  __TI_tmpnams                          
20032ba4  xQueueRegistry                        
20032bf4  g_cWlanSecurityKey                    
20032c28  thisAccel                             
20032c5c  g_cWlanSSID                           
20032c80  g_ucConnectionSSID                    
20032cc0  g_flag_blockFull                      
20032d38  globals                               
20032d48  mqxglobals                            
20032d58  g_SecParams                           
20032d64  g_ucConnectionBSSID                   
20032d74  dataBuffer                            
20032d78  g_block_lastFilled                    
20032d7c  g_cWlanSecurityType                   
20032d80  g_frame_size_in_bytes                 
20032d84  g_header_length                       
20032d88  g_position_in_block                   
20032d8c  g_readHeader                          
20032d9c  cnt_prakz                             
20032d9e  g_flag_DataBlockFilled                
20032d9f  g_frame_end                           
20032da0  iDone                                 
20032da8  _sys_memory                           
ffffffff  __binit__                             
ffffffff  __c_args__                            
ffffffff  binit                                 
UNDEFED   SHT$$INIT_ARRAY$$Base                 
UNDEFED   SHT$$INIT_ARRAY$$Limit                

[835 symbols]
