******************************************************************************
                  TI ARM Linker PC v5.2.2                      
******************************************************************************
>> Linked Tue Jul 07 13:29:54 2015

OUTPUT FILE NAME:   <ULP_SEC_CAM.out>
ENTRY POINT SYMBOL: "_c_int00"  address: 2001f111


MEMORY CONFIGURATION

         name            origin    length      used     unused   attr    fill
----------------------  --------  ---------  --------  --------  ----  --------
  SRAM_BOOTLDR          20000000   00004000  000023f4  00001c0c  RW X
  SRAM_CODE             20004000   0001e200  0001e0d6  0000012a  RW X
  SRAM_DATA             20022200   0001de00  0001c2ff  00001b01  RW X


SEGMENT ALLOCATION MAP

run origin  load origin   length   init length attrs members
----------  ----------- ---------- ----------- ----- -------
20000000    20000000    000013f4   00000000    rw-
  20000000    20000000    000013f4   00000000    rw- .data
20003000    20003000    00001000   00000000    rw-
  20003000    20003000    00001000   00000000    rw- .stack
20004000    20004000    0001e0d8   0001e0d8    r-x
  20004000    20004000    00000400   00000400    r-- .intvecs
  20004400    20004400    0001c230   0001c230    r-x .text
  20020630    20020630    00000ede   00000ede    r-- .const
  20021510    20021510    00000bc8   00000bc8    r-- .cinit
20022400    20022400    0001c300   00000000    rw-
  20022400    20022400    000172ff   00000000    rw- .bss
  20039700    20039700    00005000   00000000    rw- .sysmem


SECTION ALLOCATION MAP

 output                                  attributes/
section   page    origin      length       input sections
--------  ----  ----------  ----------   ----------------
.data      0    20000000    000013f4     UNINITIALIZED
                  20000000    00000600     camera_app.obj (.data:JPEG_StdHuffmanTbl)
                  20000600    00000400     camera_app.obj (.data:g_header)
                  20000a00    000003c9     cc3200_certificate.obj (.data:DigiCertHighAssuranceEVRootCA_der)
                  20000dc9    00000001     tasks.obj (.data)
                  20000dca    00000002     --HOLE--
                  20000dcc    000000f0     rtsv7M4_T_le_eabi.lib : defs.obj (.data:_ftable)
                  20000ebc    000000d0                           : lowlev.obj (.data)
                  20000f8c    000000b0                           : signal.obj (.data:sigtable)
                  2000103c    00000004     cc3200_certificate.obj (.data)
                  20001040    00000080     rtsv7M4_T_le_eabi.lib : xvalues.obj (.data)
                  200010c0    00000068                           : xfvalues.obj (.data)
                  20001128    00000064     network_relater_fns.obj (.data:Token)
                  2000118c    00000064     network_relater_fns.obj (.data:Value)
                  200011f0    00000040     camera_app.obj (.data:JPEG_StdQuantTblC)
                  20001230    00000040     camera_app.obj (.data:JPEG_StdQuantTblY)
                  20001270    00000040     camera_app.obj (.data:zigzag)
                  200012b0    0000003c     main.obj (.data:g_token_get)
                  200012ec    00000034     free_rtos.a : tasks.obj (.data)
                  20001320    00000024     main.obj (.data)
                  20001344    00000018     cc3200_utils.obj (.data)
                  2000135c    00000018     request.obj (.data)
                  20001374    00000010     rtsv7M4_T_le_eabi.lib : defs.obj (.data)
                  20001384    0000000c     free_rtos.a : osi_freertos.obj (.data)
                  20001390    0000000c     rtsv7M4_T_le_eabi.lib : memory.obj (.data)
                  2000139c    00000009     simplelink.a : cc_pal.obj (.data)
                  200013a5    00000003     --HOLE--
                  200013a8    00000009                  : driver.obj (.data)
                  200013b1    00000003     --HOLE--
                  200013b4    00000008     camera_app.obj (.data)
                  200013bc    00000008     rtsv7M4_T_le_eabi.lib : _lock.obj (.data)
                  200013c4    00000008                           : exit.obj (.data)
                  200013cc    00000008                           : feraiseexcept.obj (.data)
                  200013d4    00000006     http.obj (.data)
                  200013da    00000002     --HOLE--
                  200013dc    00000004     free_rtos.a : port.obj (.data)
                  200013e0    00000004     ota.a : OtaHttp.obj (.data)
                  200013e4    00000004     rtsv7M4_T_le_eabi.lib : errno.obj (.data)
                  200013e8    00000004                           : fopen.obj (.data)
                  200013ec    00000004                           : rand.obj (.data)
                  200013f0    00000004                           : stkdepth_vars.obj (.data)

.TI.persistent 
*          0    20000000    00000000     UNINITIALIZED

.stack     0    20003000    00001000     UNINITIALIZED
                  20003000    00001000     --HOLE--

.intvecs   0    20004000    00000400     
                  20004000    00000400     startup_ccs.obj (.intvecs)

.text      0    20004400    0001c230     
                  20004400    00001258     free_rtos.a : tasks.obj (.text)
                  20005658    000010a6     rtsv7M4_T_le_eabi.lib : _printfi.obj (.text)
                  200066fe    00000002     startup_ccs.obj (.text:BusFaultHandler)
                  20006700    00000b24     free_rtos.a : queue.obj (.text)
                  20007224    00000b02     ota.a : OtaApp.obj (.text)
                  20007d26    00000002     startup_ccs.obj (.text:FaultISR)
                  20007d28    00000a08     magnetic.obj (.text:fUpdateCalibration10EIG)
                  20008730    00000940     ota.a : OtaClient.obj (.text)
                  20009070    000008a4           : CdnClient.obj (.text)
                  20009914    00000884           : OtaHttp.obj (.text)
                  2000a198    00000788     magnetic.obj (.text:fUpdateCalibration4INV)
                  2000a920    00000694     magnetic.obj (.text:fUpdateCalibration7EIG)
                  2000afb4    00000688     matrix.obj (.text:eigencompute)
                  2000b63c    000005ec     simplelink.a : driver.obj (.text:_SlDrvMsgRead)
                  2000bc28    00000584     magnetic.obj (.text:iUpdateMagnetometerBuffer)
                  2000c1ac    000004dc     network_relater_fns.obj (.text:SimpleLinkHttpServerCallback)
                  2000c688    000004be     cc3200_utils.obj (.text:createNewInstallationId)
                  2000cb46    00000002     driverlib.a : interrupt.obj (.text:IntDefaultHandler)
                  2000cb48    000004a0     ota.a : LogClient.obj (.text)
                  2000cfe8    0000045c     free_rtos.a : osi_freertos.obj (.text)
                  2000d444    0000044c     request.obj (.text:buildRequestHeaders)
                  2000d890    0000040c     camera_app.obj (.text:CaptureAndStore_Image)
                  2000dc9c    000003dc     rtsv7M4_T_le_eabi.lib : memory.obj (.text)
                  2000e078    000003b8     matrix.obj (.text:fmatrixAeqInvA)
                  2000e430    0000039c     network_relater_fns.obj (.text:SimpleLinkWlanEventHandler)
                  2000e7cc    00000378     rtsv7M4_T_le_eabi.lib : powf.obj (.text)
                  2000eb44    00000354     orientation.obj (.text:feCompassAndroid)
                  2000ee98    00000354     orientation.obj (.text:feCompassWin8)
                  2000f1ec    00000350     orientation.obj (.text:feCompassNED)
                  2000f53c    00000350     flc.a : flc.obj (.text)
                  2000f88c    00000324     tasks.obj (.text:MagCal_Run)
                  2000fbb0    0000030c     rtsv7M4_T_le_eabi.lib : lowlev.obj (.text)
                  2000febc    000002d4                           : trgdrv.obj (.text)
                  20010190    000002c0     network_relater_fns.obj (.text:ConfigureSimpleLinkToDefaultState)
                  20010450    000002c0     wifi_provisioning_thruAPmode.obj (.text:WiFiProvisioning)
                  20010710    00000298     rtsv7M4_T_le_eabi.lib : vla_alloc.obj (.text)
                  200109a8    0000026e     simplejson.obj (.text:simpleJsonProcessor)
                  20010c16    00000002     startup_ccs.obj (.text:IntDefaultHandler)
                  20010c18    0000026c     mt9d111.obj (.text:RegLstWrite)
                  20010e84    00000254     lightSens_isl29035.obj (.text:configureISL29035)
                  200110d8    00000248     simplelink.a : driver.obj (.text:_SlDrvRxHdrRead)
                  20011320    00000244                  : wlan.obj (.text:sl_WlanConnect)
                  20011564    0000023c     wifi_provisioning_thruAPmode.obj (.text:User_Configure)
                  200117a0    00000218     request.obj (.text:payloadSend)
                  200119b8    00000210     wifi_provisioning_thruAPmode.obj (.text:CalibrateMagSensor)
                  20011bc8    000001f8     algorithm_basic.obj (.text:check_doorpos)
                  20011dc0    000001f4     rtsv7M4_T_le_eabi.lib : ull_div_t2.obj (.text)
                  20011fb4    000001dc     main_FXOS8700.obj (.text:angleCheck_Initializations)
                  20012190    000001d0     collect_and_txit.obj (.text:CollectTxit_ImgTempRH)
                  20012360    000001d0     simplelink.a : driver.obj (.text:_SlDrvReleasePoolObj)
                  20012530    000001cf     camera_app.obj (.text:DefineHuffmanTableMarkerAC)
                  200126ff    00000001     --HOLE-- [fill = 0]
                  20012700    000001cc     simplelink.a : driver.obj (.text:_SlDrvMsgWrite)
                  200128cc    000001c4     tasks.obj (.text:RdSensData_Run)
                  20012a90    000001c4     camera_app.obj (.text:createAndWrite_ImageHeaderFile)
                  20012c54    000001c4     rtsv7M4_T_le_eabi.lib : fopen.obj (.text)
                  20012e18    000001c0     magnetic.obj (.text:fInvertMagCal)
                  20012fd8    000001bc     rtsv7M4_T_le_eabi.lib : xflog.obj (.text)
                  20013194    000001b6                           : fd_add_t2.obj (.text)
                  2001334a    00000002     startup_ccs.obj (.text:NmiSR)
                  2001334c    000001ad     camera_app.obj (.text:FrameHeaderMarker)
                  200134f9    00000001     --HOLE-- [fill = 0]
                  200134fa    00000002     main.obj (.text:vApplicationIdleHook)
                  200134fc    000001a4     ota.obj (.text:OTA_Run)
                  200136a0    000001a4     orientation.obj (.text:fQuaternionFromRotationMatrix)
                  20013844    000001a4     cc3200_socket.obj (.text:socketSslConnect)
                  200139e8    0000019c     camera_app.obj (.text:CameraIntHandler)
                  20013b84    0000019c     rtsv7M4_T_le_eabi.lib : xfsin.obj (.text)
                  20013d20    00000190     wifi_provisioning_thruAPmode.obj (.text:AccessPtMode_HTTPServer_Start)
                  20013eb0    00000190     simplelink.a : driver.obj (.text:_SlDrvWaitForPoolObj)
                  20014040    0000018c     parse_uploads.obj (.text:ConstructDeviceStateObject)
                  200141cc    0000018c     request.obj (.text:sendRequest)
                  20014358    00000188     matrix.obj (.text:f3x3matrixAeqInvSymB)
                  200144e0    00000188     network_relater_fns.obj (.text:initNetwork)
                  20014668    00000180     camera_app.obj (.text:DefineQuantizationTableMarker)
                  200147e8    00000180     orientation.obj (.text:fWin8AnglesDegFromRotationMatrix)
                  20014968    00000178     wifi_provisioning_thruAPmode.obj (.text:CollectAngle)
                  20014ae0    00000178     rtsv7M4_T_le_eabi.lib : tanf.obj (.text)
                  20014c58    00000178                           : xfexp.obj (.text)
                  20014dd0    00000174     simplelink.a : driver.obj (.text:_SlDrvDriverCBInit)
                  20014f44    00000174     magnetic.obj (.text:fInitMagCalibration)
                  200150b8    00000170     network_relater_fns.obj (.text:SimpleLinkNetAppEventHandler)
                  20015228    00000170     simplelink.a : driver.obj (.text:_SlFindAndSetActiveObj)
                  20015398    00000168     ota.obj (.text:OTAServerInfoSet)
                  20015500    00000165     network_relater_fns.obj (.text:SimpleLinkSockEventHandler)
                  20015665    00000003     --HOLE-- [fill = 0]
                  20015668    00000164     drivers.obj (.text:FXOS8700_Init)
                  200157cc    00000160     tasks.obj (.text:Fusion_Run)
                  2001592c    0000015c     hibernate_related_fns.obj (.text:HIBernate)
                  20015a88    00000158     orientation.obj (.text:qAeqAxB)
                  20015be0    00000158     orientation.obj (.text:qconjgAxB)
                  20015d38    0000014c     simplelink.a : cc_pal.obj (.text:spi_Open)
                  20015e84    00000144     fusion.obj (.text:fRun_6DOF_GB_BASIC)
                  20015fc8    0000013c     rtsv7M4_T_le_eabi.lib : fmodf.obj (.text)
                  20016104    0000013c     simplelink.a : socket.obj (.text:sl_Select)
                  20016240    00000138     i2cconfig.obj (.text:I2CBufferRead)
                  20016378    00000138     mt9d111.obj (.text:Register_Read)
                  200164b0    00000138     orientation.obj (.text:fLPFOrientationQuaternion)
                  200165e8    00000138     orientation.obj (.text:fRotationMatrixFromQuaternion)
                  20016720    00000136     rtsv7M4_T_le_eabi.lib : fd_div_t2.obj (.text)
                  20016856    00000002     --HOLE-- [fill = 0]
                  20016858    00000134     camera_app.obj (.text:CreateJpegHeader)
                  2001698c    00000134     driverlib.a : prcm.obj (.text:PRCMCC3200MCUInit)
                  20016ac0    00000134     rtsv7M4_T_le_eabi.lib : fputs.obj (.text)
                  20016bf4    00000130     i2cconfig.obj (.text:I2CBufferWrite)
                  20016d24    00000130     camera_app.obj (.text:create_JpegImageFile)
                  20016e54    0000012c     i2c_app.obj (.text:i2cWriteRegisters)
                  20016f80    0000012a     free_rtos.a : list.obj (.text)
                  200170aa    00000002     --HOLE-- [fill = 0]
                  200170ac    00000128     simplelink.a : driver.obj (.text:_SlDrvDataReadOp)
                  200171d4    00000128     tempRHSens_si7020.obj (.text:getTempRH)
                  200172fc    0000011f     camera_app.obj (.text:DefineHuffmanTableMarkerDC)
                  2001741b    00000001     --HOLE-- [fill = 0]
                  2001741c    00000118     network_relater_fns.obj (.text:ConnectToNetwork_STA)
                  20017534    00000116     drivers.obj (.text:FXOS8700_ReadData)
                  2001764a    00000002     --HOLE-- [fill = 0]
                  2001764c    00000114     main.obj (.text:Main_Task_withHibernate)
                  20017760    00000114     main.obj (.text:main)
                  20017874    00000110     free_rtos.a : port.obj (.text)
                  20017984    00000110     rtsv7M4_T_le_eabi.lib : xdscale.obj (.text)
                  20017a94    00000110     lightSens_isl29035.obj (.text:verifyISL29035)
                  20017ba4    00000110     tempRHSens_si7020.obj (.text:verifyTempRHSensor)
                  20017cb4    0000010c     flash_files.obj (.text:WriteFile_ToFlash)
                  20017dc0    00000108     simplelink.a : socket.obj (.text:sl_Connect)
                  20017ec8    00000108                  : socket.obj (.text:sl_Send)
                  20017fd0    00000104     dbgFns.obj (.text:Check_I2CDevices)
                  200180d4    00000104     simplelink.a : driver.obj (.text:_SlDrvDataWriteOp)
                  200181d8    00000104                  : netapp.obj (.text:sl_NetAppDnsGetHostByName)
                  200182dc    00000100     cc3200_client_state.obj (.text:loadClientState)
                  200183dc    000000fe     simplelink.a : netapp.obj (.text:_SlDrvNetAppEventHandler)
                  200184da    00000002     --HOLE-- [fill = 0]
                  200184dc    000000fc     pinmux.obj (.text:PinMuxConfig)
                  200185d8    000000fc     orientation.obj (.text:fqAeqNormqA)
                  200186d4    000000fc     rtsv7M4_T_le_eabi.lib : fd_mul_t2.obj (.text)
                  200187d0    000000fa                           : fs_add_t2.obj (.text)
                  200188ca    00000002     --HOLE-- [fill = 0]
                  200188cc    000000f8     cc3200_certificate.obj (.text:ensureCertificateFile)
                  200189c4    000000f8     orientation.obj (.text:fAndroidAnglesDegFromRotationMatrix)
                  20018abc    000000f8     orientation.obj (.text:fNEDAnglesDegFromRotationMatrix)
                  20018bb4    000000f8     i2c_app.obj (.text:i2cReadRegistersTwoBytes)
                  20018cac    000000f4     simplelink.a : driver.obj (.text:_SlDrvDriverCBDeinit)
                  20018da0    000000f4     installation.obj (.text:getInstallation)
                  20018e94    000000f4     simplelink.a : fs.obj (.text:sl_FsRead)
                  20018f88    000000f4     accelomtrMagntomtr_fxos8700.obj (.text:verifyAccelMagnSensor)
                  2001907c    000000f2     cc3200_socket.obj (.text:socketRead)
                  2001916e    00000002     --HOLE-- [fill = 0]
                  20019170    000000f0     camera_app.obj (.text:DMAConfig)
                  20019260    000000f0     i2c_app.obj (.text:i2cReadRegisters)
                  20019350    000000f0     driverlib.a : udma.obj (.text:uDMAChannelTransferSet)
                  20019440    000000ef     camera_app.obj (.text:ScanHeaderMarker)
                  2001952f    00000001     --HOLE-- [fill = 0]
                  20019530    000000ec     orientation.obj (.text:fRotationVectorDegFromQuaternion)
                  2001961c    000000ec     simplelink.a : fs.obj (.text:sl_FsWrite)
                  20019708    000000e8     appFns_BatteryLevelSense.obj (.text:Get_BatteryPercent)
                  200197f0    000000e0     flash_files.obj (.text:ReadFile_FromFlash)
                  200198d0    000000dc     ota.obj (.text:OTA_CommitImage)
                  200199ac    000000dc     rtsv7M4_T_le_eabi.lib : setvbuf.obj (.text)
                  20019a88    000000dc     simplelink.a : cc_pal.obj (.text:spi_Read)
                  20019b64    000000d8                  : driver.obj (.text:_SlDrvClassifyRxMsg)
                  20019c3c    000000d8     rtsv7M4_T_le_eabi.lib : xfatan.obj (.text)
                  20019d14    000000d7     camera_app.obj (.text:JfifApp0Marker)
                  20019deb    00000001     --HOLE-- [fill = 0]
                  20019dec    000000d4     simplelink.a : device.obj (.text:sl_Stop)
                  20019ec0    000000d0     main.obj (.text:UserConfigure_Task)
                  20019f90    000000d0     rtsv7M4_T_le_eabi.lib : xfdscale.obj (.text)
                  2001a060    000000cc     approximations.obj (.text:fatan_deg)
                  2001a12c    000000cc     rtsv7M4_T_le_eabi.lib : sqrtf.obj (.text)
                  2001a1f8    000000c8     simplelink.a : netapp.obj (.text:_sl_HandleAsync_DnsGetHostByService)
                  2001a2c0    000000c8     rtsv7M4_T_le_eabi.lib : fflush.obj (.text)
                  2001a388    000000c4     main.obj (.text:Config_And_Start_CameraCapture)
                  2001a44c    000000c4     flash_files.obj (.text:CreateFile_Flash)
                  2001a510    000000c0     i2c_if.obj (.text:I2C_IF_Read)
                  2001a5d0    000000c0     wifi_provisioning_thruAPmode.obj (.text:WlanConnect)
                  2001a690    000000c0     simplelink.a : driver.obj (.text:_SlRemoveFromList)
                  2001a750    000000be     rtsv7M4_T_le_eabi.lib : xdnorm.obj (.text)
                  2001a80e    00000002     --HOLE-- [fill = 0]
                  2001a810    000000bc     i2c_if.obj (.text:I2C_IF_Write)
                  2001a8cc    000000bc     simplelink.a : driver.obj (.text:_SlDrvMsgReadCmdCtx)
                  2001a988    000000bc     tempRHSens_si7020.obj (.text:configureTempRHSensor)
                  2001aa44    000000bc     rtsv7M4_T_le_eabi.lib : acosf.obj (.text)
                  2001ab00    000000bc     simplelink.a : device.obj (.text:sl_Start)
                  2001abbc    000000ba     free_rtos.a : portasm.obj (.text)
                  2001ac76    00000002     --HOLE-- [fill = 0]
                  2001ac78    000000b8     simplelink.a : driver.obj (.text:_SlAsyncEventGenericHandler)
                  2001ad30    000000b8     installation.obj (.text:createInstallation)
                  2001ade8    000000b4     simplelink.a : netapp.obj (.text:sl_NetAppMDNSRegisterUnregisterService)
                  2001ae9c    000000b0     app_common.obj (.text:intToASCII)
                  2001af4c    000000ac     mt9d111.obj (.text:Verify_ImageSensor)
                  2001aff8    000000ac     rtsv7M4_T_le_eabi.lib : _io_perm.obj (.text)
                  2001b0a4    000000ab     installation.obj (.text:getInstallationByIdCallback)
                  2001b14f    00000001     --HOLE-- [fill = 0]
                  2001b150    000000aa     uartA1_if.obj (.text:Report)
                  2001b1fa    00000002     --HOLE-- [fill = 0]
                  2001b1fc    000000a8     driverlib.a : interrupt.obj (.text:IntDisable)
                  2001b2a4    000000a8                 : interrupt.obj (.text:IntEnable)
                  2001b34c    000000a8     parse_uploads.obj (.text:UploadImageToParse)
                  2001b3f4    000000a8     simplelink.a : netcfg.obj (.text:sl_NetCfgGet)
                  2001b49c    000000a4     app_common.obj (.text:LED_Blink)
                  2001b540    000000a0     driverlib.a : spi.obj (.text:SPIConfigSetExpClk)
                  2001b5e0    000000a0     cc3200_socket.obj (.text:socketWrite)
                  2001b680    0000009e     matrix.obj (.text:f3x3matrixDetA)
                  2001b71e    00000002     --HOLE-- [fill = 0]
                  2001b720    0000009c     simplelink.a : driver.obj (.text:_SlDrvMsgReadSpawnCtx)
                  2001b7bc    0000009c     approximations.obj (.text:fatan2_deg)
                  2001b858    0000009c     rtsv7M4_T_le_eabi.lib : memcpy_t2.obj (.text)
                  2001b8f4    0000009c     simplelink.a : device.obj (.text:sl_DevGet)
                  2001b990    00000098                  : fs.obj (.text:_sl_GetCreateFsMode)
                  2001ba28    00000098     rtsv7M4_T_le_eabi.lib : fclose.obj (.text)
                  2001bac0    00000098                           : fputc.obj (.text)
                  2001bb58    00000094     driverlib.a : prcm.obj (.text:PRCMPeripheralClockGet)
                  2001bbec    00000094     approximations.obj (.text:facos_deg)
                  2001bc80    00000094     lightSens_isl29035.obj (.text:getLightsensor_data)
                  2001bd14    00000094     rtsv7M4_T_le_eabi.lib : snprintf.obj (.text)
                  2001bda8    00000092     parse_impl.obj (.text:parseInitialize)
                  2001be3a    00000092     rtsv7M4_T_le_eabi.lib : fs_div_t2.obj (.text)
                  2001becc    00000090     network_relater_fns.obj (.text:InitializeUserConfigVariables)
                  2001bf5c    00000090     parse_uploads.obj (.text:UploadSensorDataToParse)
                  2001bfec    0000008c     simplelink.a : cc_pal.obj (.text:SetupDMAReceive)
                  2001c078    0000008c                  : cc_pal.obj (.text:SetupDMASend)
                  2001c104    0000008c                  : netapp.obj (.text:_sl_HandleAsync_DnsGetHostByName)
                  2001c190    0000008c                  : netapp.obj (.text:_sl_HandleAsync_PingResponse)
                  2001c21c    0000008c     rtsv7M4_T_le_eabi.lib : xfdint.obj (.text)
                  2001c2a8    0000008c     simplelink.a : cc_pal.obj (.text:spi_Write)
                  2001c334    00000088     driverlib.a : prcm.obj (.text:PRCMHibernateIntervalSet)
                  2001c3bc    00000088                 : pin.obj (.text:PinConfigSet)
                  2001c444    00000088     rtsv7M4_T_le_eabi.lib : vsnprintf.obj (.text)
                  2001c4cc    00000088     simplelink.a : fs.obj (.text:sl_FsClose)
                  2001c554    00000086     rtsv7M4_T_le_eabi.lib : fd_cmp_t2.obj (.text:__aeabi_cdcmple)
                  2001c5da    00000086                           : fd_cmp_t2.obj (.text:__aeabi_cdrcmple)
                  2001c660    00000084     timer_if.obj (.text:GetPeripheralIntNum)
                  2001c6e4    00000084     driverlib.a : i2c.obj (.text:I2CMasterInitExpClk)
                  2001c768    00000084     simplelink.a : cc_pal.obj (.text:NwpPowerOnPreamble)
                  2001c7ec    00000084     matrix.obj (.text:f3x3matrixAeqI)
                  2001c870    00000084     fusion.obj (.text:fInit_6DOF_GB_BASIC)
                  2001c8f4    00000080     simplelink.a : driver.obj (.text:_SlDrvCmdOp)
                  2001c974    00000080                  : cc_pal.obj (.text:spi_Read_CPU)
                  2001c9f4    00000080                  : cc_pal.obj (.text:spi_Write_CPU)
                  2001ca74    0000007c     network_relater_fns.obj (.text:ConfigureMode)
                  2001caf0    0000007c     simplelink.a : device.obj (.text:_sl_HandleAsync_InitComplete)
                  2001cb6c    0000007c     matrix.obj (.text:fmatrixAeqI)
                  2001cbe8    0000007c     simplelink.a : fs.obj (.text:sl_FsGetInfo)
                  2001cc64    0000007a     rtsv7M4_T_le_eabi.lib : fs_mul_t2.obj (.text)
                  2001ccde    0000007a                           : memset_t2.obj (.text)
                  2001cd58    0000007a                           : xfdnorm.obj (.text)
                  2001cdd2    00000002     --HOLE-- [fill = 0]
                  2001cdd4    00000078     i2c_if.obj (.text:I2CTransact)
                  2001ce4c    00000078     parse_uploads.obj (.text:InitialiseParse)
                  2001cec4    00000078     simplelink.a : socket.obj (.text:_sl_HandleAsync_Connect)
                  2001cf3c    00000078                  : fs.obj (.text:sl_FsOpen)
                  2001cfb4    00000078                  : cc_pal.obj (.text:spi_Close)
                  2001d02c    00000076     driverlib.a : uart.obj (.text:UARTConfigSetExpClk)
                  2001d0a2    00000002     --HOLE-- [fill = 0]
                  2001d0a4    00000074     simplelink.a : socket.obj (.text:sl_Recv)
                  2001d118    00000073     installation.obj (.text:getInstallationCallback)
                  2001d18b    00000001     --HOLE-- [fill = 0]
                  2001d18c    00000072     timer_if.obj (.text:Timer_IF_IntSetup)
                  2001d1fe    00000002     --HOLE-- [fill = 0]
                  2001d200    00000070     batteryVoltLvlSens_adc081c021.obj (.text:Get_BatteryVoltageLevel_ADC081C021)
                  2001d270    0000006c     camera_app.obj (.text:CamControllerInit)
                  2001d2dc    0000006c     udma_if.obj (.text:UDMAInit)
                  2001d348    0000006c     simplelink.a : driver.obj (.text:_SlDrvCmdSend)
                  2001d3b4    0000006c     matrix.obj (.text:f3x3matrixAeqMinusA)
                  2001d420    0000006c     request.obj (.text:parseSendRequestInternal)
                  2001d48c    0000006c     rtsv7M4_T_le_eabi.lib : autoinit.obj (.text)
                  2001d4f8    0000006c                           : fprintf.obj (.text)
                  2001d564    0000006a     matrix.obj (.text:f3x3matrixAeqAxScalar)
                  2001d5ce    0000006a     rtsv7M4_T_le_eabi.lib : copy_decompress_rle.obj (.text)
                  2001d638    00000069     http.obj (.text:beginHttpGetRequest)
                  2001d6a1    00000003     --HOLE-- [fill = 0]
                  2001d6a4    00000068     driverlib.a : prcm.obj (.text:PRCMHibernateWakeUpGPIOSelect)
                  2001d70c    00000068     mt9d111.obj (.text:StartSensorInJpegMode)
                  2001d774    00000068     simplelink.a : netapp.obj (.text:_sl_NetAppSendTokenValue)
                  2001d7dc    00000068     cc3200_utils.obj (.text:fetchDeviceOSVersion)
                  2001d844    00000068     rtsv7M4_T_le_eabi.lib : trgmsg.obj (.text)
                  2001d8ac    00000068     simplelink.a : device.obj (.text:sl_DevSet)
                  2001d914    00000068                  : netcfg.obj (.text:sl_NetCfgSet)
                  2001d97c    00000068                  : socket.obj (.text:sl_SetSockOpt)
                  2001d9e4    00000068                  : wlan.obj (.text:sl_WlanSet)
                  2001da4c    00000067     camera_app.obj (.text:DefineRestartIntervalMarker)
                  2001dab3    00000001     --HOLE-- [fill = 0]
                  2001dab4    00000066     matrix.obj (.text:f3x3matrixAeqScalar)
                  2001db1a    00000066     rtsv7M4_T_le_eabi.lib : xdunscal.obj (.text)
                  2001db80    00000064                           : fseek.obj (.text)
                  2001dbe4    00000064     cc3200_socket.obj (.text:socketWait)
                  2001dc48    00000064     tempRHSens_si7020.obj (.text:softResetTempRHSensor)
                  2001dcac    00000064     driverlib.a : udma.obj (.text:uDMAChannelAttributeDisable)
                  2001dd10    00000064                 : udma.obj (.text:uDMAChannelAttributeEnable)
                  2001dd74    00000060     rtsv7M4_T_le_eabi.lib : fs_cmp_t2.obj (.text:__aeabi_cfcmple)
                  2001ddd4    00000060                           : fs_cmp_t2.obj (.text:__aeabi_cfrcmple)
                  2001de34    00000060     simplelink.a : socket.obj (.text:_sl_HandleAsync_Accept)
                  2001de94    00000060     main_FXOS8700.obj (.text:fxosDefault_Initializations)
                  2001def4    00000060     accelomtrMagntomtr_fxos8700.obj (.text:getMagntData)
                  2001df54    00000060     rtsv7M4_T_le_eabi.lib : sprintf.obj (.text)
                  2001dfb4    00000060     simplelink.a : wlan.obj (.text:sl_WlanPolicySet)
                  2001e014    00000060     accelomtrMagntomtr_fxos8700.obj (.text:standby_accelMagn_fxos8700)
                  2001e074    0000005c     ota.obj (.text:OTA_Init)
                  2001e0d0    0000005c     lightSens_isl29035.obj (.text:getLightsensor_intrptStatus)
                  2001e12c    0000005c     simplelink.a : socket.obj (.text:sl_Socket)
                  2001e188    00000058     driverlib.a : interrupt.obj (.text:IntPendClear)
                  2001e1e0    00000058                 : prcm.obj (.text:PRCMPeripheralReset)
                  2001e238    00000056     rtsv7M4_T_le_eabi.lib : ltoa.obj (.text)
                  2001e28e    00000056                           : xfdunsca.obj (.text)
                  2001e2e4    00000054     driverlib.a : interrupt.obj (.text:IntPrioritySet)
                  2001e338    00000054     simplelink.a : socket.obj (.text:_sl_HandleAsync_Select)
                  2001e38c    00000054     approximations.obj (.text:fasin_deg)
                  2001e3e0    00000054     request.obj (.text:headerSend)
                  2001e434    00000054     simplelink.a : wlan.obj (.text:sl_WlanRxFilterSet)
                  2001e488    00000051     installation.obj (.text:createInstallationCallback)
                  2001e4d9    00000003     --HOLE-- [fill = 0]
                  2001e4dc    00000050     i2c_if.obj (.text:I2C_IF_Open)
                  2001e52c    00000050     simplelink.a : device.obj (.text:_sl_HandleAsync_Stop)
                  2001e57c    00000050     mt9d111.obj (.text:disableAE)
                  2001e5cc    00000050     mt9d111.obj (.text:disableAWB)
                  2001e61c    00000050     rtsv7M4_T_le_eabi.lib : fs_toull_t2.obj (.text)
                  2001e66c    00000050     simplelink.a : fs.obj (.text:sl_FsDel)
                  2001e6bc    0000004c     tasks.obj (.text:RdSensData_Init)
                  2001e708    0000004c     driverlib.a : spi.obj (.text:SPIIntEnable)
                  2001e754    0000004c     simplelink.a : driver.obj (.text:_SlDrvProtectAsyncRespSetting)
                  2001e7a0    0000004c                  : driver.obj (.text:_SlDrvRxIrqHandler)
                  2001e7ec    0000004c                  : socket.obj (.text:_sl_BuildAddress)
                  2001e838    0000004c     rtsv7M4_T_le_eabi.lib : atoi.obj (.text)
                  2001e884    0000004c                           : atol.obj (.text)
                  2001e8d0    0000004c                           : cpy_tbl.obj (.text)
                  2001e91c    0000004c                           : rand.obj (.text)
                  2001e968    0000004c     driverlib.a : udma.obj (.text:uDMAChannelAssign)
                  2001e9b4    0000004a     rtsv7M4_T_le_eabi.lib : fd_tos_t2.obj (.text)
                  2001e9fe    00000002     --HOLE-- [fill = 0]
                  2001ea00    00000048     driverlib.a : prcm.obj (.text:PRCMHibernateWakeupSourceDisable)
                  2001ea48    00000048                 : prcm.obj (.text:PRCMHibernateWakeupSourceEnable)
                  2001ea90    00000048                 : spi.obj (.text:SPIIntClear)
                  2001ead8    00000048     simplelink.a : driver.obj (.text:_SlDrvBasicCmd)
                  2001eb20    00000048     http.obj (.text:addHttpRequestLine)
                  2001eb68    00000048     approximations.obj (.text:fatan_15deg)
                  2001ebb0    00000048     rtsv7M4_T_le_eabi.lib : fd_toi_t2.obj (.text)
                  2001ebf8    00000046                           : ldexp.obj (.text)
                  2001ec3e    00000002     --HOLE-- [fill = 0]
                  2001ec40    00000044     driverlib.a : spi.obj (.text:SPIDmaMaskGet)
                  2001ec84    00000044                 : timer.obj (.text:TimerConfigure)
                  2001ecc8    00000044     udma_if.obj (.text:UDMASetupTransfer)
                  2001ed0c    00000044     simplelink.a : cc_pal.obj (.text:cc_SetupTransfer)
                  2001ed50    00000044     main_FXOS8700.obj (.text:fxos_Calibration)
                  2001ed94    00000044     rtsv7M4_T_le_eabi.lib : exit.obj (.text)
                  2001edd8    00000044                           : fd_tou_t2.obj (.text)
                  2001ee1c    00000043     ota.obj (.text:OTA_Update)
                  2001ee5f    00000001     --HOLE-- [fill = 0]
                  2001ee60    00000042     simplelink.a : socket.obj (.text:sl_Htonl)
                  2001eea2    00000002     --HOLE-- [fill = 0]
                  2001eea4    00000040     driverlib.a : pin.obj (.text:PinModeSet)
                  2001eee4    00000040     http.obj (.text:getHttpResponseBody)
                  2001ef24    00000040     rtsv7M4_T_le_eabi.lib : signal.obj (.text)
                  2001ef64    00000040     timer_fns.obj (.text:start_100mSecTimer)
                  2001efa4    0000003e     appflile_lightSensor.obj (.text:IsLightOff)
                  2001efe2    0000003e     rtsv7M4_T_le_eabi.lib : strncasecmp.obj (.text)
                  2001f020    0000003c     simplelink.a : netapp.obj (.text:CopyPingResultsToReport)
                  2001f05c    0000003c     tasks.obj (.text:Fusion_Init)
                  2001f098    0000003c     driverlib.a : prcm.obj (.text:PRCMPeripheralClkEnable)
                  2001f0d4    0000003c     simplelink.a : socket.obj (.text:_sl_TruncatePayloadByProtocol)
                  2001f110    0000003c     rtsv7M4_T_le_eabi.lib : boot.obj (.text)
                  2001f14c    0000003c     simplelink.a : socket.obj (.text:sl_Htons)
                  2001f188    0000003c     driverlib.a : udma.obj (.text:uDMAChannelControlSet)
                  2001f1c4    0000003a                 : camera.obj (.text:CameraCaptureStop)
                  2001f1fe    0000003a                 : camera.obj (.text:CameraXClkConfig)
                  2001f238    0000003a     orientation.obj (.text:fLPFScalar)
                  2001f272    0000003a     request.obj (.text:parseSendRequest)
                  2001f2ac    00000039     http.obj (.text:addHttpRequestHeader)
                  2001f2e5    00000003     --HOLE-- [fill = 0]
                  2001f2e8    00000038     simplelink.a : cc_pal.obj (.text:NwpPowerOff)
                  2001f320    00000038     free_rtos.a : heap_3.obj (.text)
                  2001f358    00000038     rtsv7M4_T_le_eabi.lib : fs_tod_t2.obj (.text)
                  2001f390    00000038                           : fs_toi_t2.obj (.text)
                  2001f3c8    00000038                           : i_tofs_t2.obj (.text)
                  2001f400    00000036     driverlib.a : gpio.obj (.text:GPIODirModeSet)
                  2001f436    00000036     simplelink.a : netapp.obj (.text:sl_NetAppMDNSUnRegisterService)
                  2001f46c    00000035     http.obj (.text:beginHttpRequest)
                  2001f4a1    00000001     --HOLE-- [fill = 0]
                  2001f4a2    00000034     driverlib.a : camera.obj (.text:CameraParamsConfig)
                  2001f4d6    00000002     --HOLE-- [fill = 0]
                  2001f4d8    00000034                 : prcm.obj (.text:PRCMPeripheralStatusGet)
                  2001f50c    00000034                 : spi.obj (.text:SPIFIFOLevelSet)
                  2001f540    00000034     http.obj (.text:getHttpResponseStatus)
                  2001f574    00000034     main_FXOS8700.obj (.text:get_angle)
                  2001f5a8    00000034     rtsv7M4_T_le_eabi.lib : feraiseexcept.obj (.text)
                  2001f5dc    00000034                           : fs_tou_t2.obj (.text)
                  2001f610    00000034                           : strstr.obj (.text)
                  2001f644    00000032     timer_if.obj (.text:Timer_IF_Init)
                  2001f676    00000030     driverlib.a : pin.obj (.text:PinTypeGPIO)
                  2001f6a6    00000002     --HOLE-- [fill = 0]
                  2001f6a8    00000030                 : uart.obj (.text:UARTDisable)
                  2001f6d8    00000030     simplelink.a : device.obj (.text:_SlDrvDeviceEventHandler)
                  2001f708    00000030                  : fs.obj (.text:_sl_Strlen)
                  2001f738    00000030     main_FXOS8700.obj (.text:angleCheck)
                  2001f768    00000030     rtsv7M4_T_le_eabi.lib : strncpy.obj (.text)
                  2001f798    00000030                           : xferaise.obj (.text)
                  2001f7c8    00000030     simplelink.a : socket.obj (.text:sl_Close)
                  2001f7f8    00000030                  : wlan.obj (.text:sl_WlanProfileDel)
                  2001f828    00000030                  : wlan.obj (.text:sl_WlanSetMode)
                  2001f858    0000002e     rtsv7M4_T_le_eabi.lib : i_tofd_t2.obj (.text)
                  2001f886    0000002e                           : raise.obj (.text)
                  2001f8b4    0000002d     http.obj (.text:addHttpRequestHeaderInt)
                  2001f8e1    00000003     --HOLE-- [fill = 0]
                  2001f8e4    0000002c     tasks.obj (.text:ApplyMagHAL)
                  2001f910    0000002c     driverlib.a : camera.obj (.text:CameraIntEnable)
                  2001f93c    0000002c     simplelink.a : cc_pal.obj (.text:DmaSpiSwIntHandler)
                  2001f968    0000002c     driverlib.a : i2c.obj (.text:I2CMasterErr)
                  2001f994    0000002c     simplelink.a : cc_pal.obj (.text:NwpPowerOn)
                  2001f9c0    0000002c     driverlib.a : prcm.obj (.text:PRCMSysResetCauseGet)
                  2001f9ec    0000002c     mt9d111.obj (.text:SoftReset_ImageSensor)
                  2001fa18    0000002c     cc3200_utils.obj (.text:getDeviceTimeDate)
                  2001fa44    0000002c     request.obj (.text:setDataBufferPointer)
                  2001fa70    0000002a     driverlib.a : timer.obj (.text:TimerLoadSet)
                  2001fa9a    0000002a                 : timer.obj (.text:TimerPrescaleSet)
                  2001fac4    0000002a     rtsv7M4_T_le_eabi.lib : xdclass.obj (.text)
                  2001faee    00000002     --HOLE-- [fill = 0]
                  2001faf0    00000028     driverlib.a : camera.obj (.text:CameraIntStatus)
                  2001fb18    00000028     uartA1_if.obj (.text:InitTerm)
                  2001fb40    00000028     uartA1_if.obj (.text:Message)
                  2001fb68    00000028     driverlib.a : prcm.obj (.text:PRCMPeripheralClkDisable)
                  2001fb90    00000028     rtsv7M4_T_le_eabi.lib : strncat.obj (.text)
                  2001fbb8    00000028     simplelink.a : netapp.obj (.text:sl_NetAppStart)
                  2001fbe0    00000028                  : netapp.obj (.text:sl_NetAppStop)
                  2001fc08    00000026     driverlib.a : camera.obj (.text:CameraThresholdSet)
                  2001fc2e    00000026     simplelink.a : cc_pal.obj (.text:NwpRegisterInterruptHandler)
                  2001fc54    00000026     rtsv7M4_T_le_eabi.lib : strncmp.obj (.text)
                  2001fc7a    00000002     --HOLE-- [fill = 0]
                  2001fc7c    00000024     driverlib.a : camera.obj (.text:CameraIntClear)
                  2001fca0    00000024     timer_fns.obj (.text:IntHandler_100mSecTimer)
                  2001fcc4    00000024     driverlib.a : interrupt.obj (.text:IntUnregister)
                  2001fce8    00000024     ota.obj (.text:RebootMCU)
                  2001fd0c    00000024     timer_if.obj (.text:Timer_IF_Start)
                  2001fd30    00000024     driverlib.a : uart.obj (.text:UARTEnable)
                  2001fd54    00000024     mt9d111.obj (.text:WriteAllAEnAWBRegs)
                  2001fd78    00000024     simplelink.a : driver.obj (.text:_SlDrvProtectionObjLockWaitForever)
                  2001fd9c    00000024     rtsv7M4_T_le_eabi.lib : u_tofs_t2.obj (.text)
                  2001fdc0    00000022     driverlib.a : camera.obj (.text:CameraCaptureStart)
                  2001fde2    00000022                 : i2c.obj (.text:I2CMasterSlaveAddrSet)
                  2001fe04    00000022     simplelink.a : socket.obj (.text:SL_FD_SET)
                  2001fe26    00000022     driverlib.a : spi.obj (.text:SPIReset)
                  2001fe48    00000022                 : spi.obj (.text:SPIWordCountSet)
                  2001fe6a    00000022     rtsv7M4_T_le_eabi.lib : frexp.obj (.text)
                  2001fe8c    00000022                           : memcmp.obj (.text)
                  2001feae    00000020     driverlib.a : gpio.obj (.text:GPIOPinWrite)
                  2001fece    00000002     --HOLE-- [fill = 0]
                  2001fed0    00000020                 : interrupt.obj (.text:IntRegister)
                  2001fef0    00000020     mt9d111.obj (.text:Refresh_mt9d111Firmware)
                  2001ff10    00000020     simplelink.a : driver.obj (.text:_SlDrvProtectionObjUnLock)
                  2001ff30    00000020     rtsv7M4_T_le_eabi.lib : memchr.obj (.text)
                  2001ff50    00000020                           : u_tofd_t2.obj (.text)
                  2001ff70    0000001e     driverlib.a : i2c.obj (.text:I2CMasterIntStatusEx)
                  2001ff8e    0000001e                 : timer.obj (.text:TimerDisable)
                  2001ffac    0000001e                 : timer.obj (.text:TimerEnable)
                  2001ffca    0000001e                 : timer.obj (.text:TimerIntStatus)
                  2001ffe8    0000001e                 : uart.obj (.text:UARTCharPut)
                  20020006    0000001e     simplelink.a : cc_pal.obj (.text:cc_UDMAChannelSelect)
                  20020024    0000001e     rtsv7M4_T_le_eabi.lib : strcat.obj (.text)
                  20020042    00000002     --HOLE-- [fill = 0]
                  20020044    0000001c     tasks.obj (.text:ApplyAccelHAL)
                  20020060    0000001c     main.obj (.text:BoardInit)
                  2002007c    0000001c     mt9d111.obj (.text:CameraSensorInit)
                  20020098    0000001c     udma_if.obj (.text:DmaSwIntHandler)
                  200200b4    0000001c     driverlib.a : pin.obj (.text:PinTypeI2C)
                  200200d0    0000001c     simplelink.a : driver.obj (.text:_SlDrvObjLockWaitForever)
                  200200ec    0000001c                  : driver.obj (.text:_SlDrvSyncObjWaitForever)
                  20020108    0000001c     rtsv7M4_T_le_eabi.lib : memccpy.obj (.text)
                  20020124    0000001c     timer_fns.obj (.text:stop_100mSecTimer)
                  20020140    0000001c     driverlib.a : udma.obj (.text:uDMAChannelDisable)
                  2002015c    0000001c                 : udma.obj (.text:uDMAChannelEnable)
                  20020178    0000001c     main.obj (.text:vApplicationMallocFailedHook)
                  20020194    0000001a     driverlib.a : pin.obj (.text:PinTypeCamera)
                  200201ae    0000001a                 : pin.obj (.text:PinTypeUART)
                  200201c8    0000001a                 : spi.obj (.text:SPIDmaDisable)
                  200201e2    0000001a                 : spi.obj (.text:SPIDmaEnable)
                  200201fc    0000001a                 : spi.obj (.text:SPIFIFODisable)
                  20020216    0000001a                 : spi.obj (.text:SPIFIFOEnable)
                  20020230    00000018                 : camera.obj (.text:CameraReset)
                  20020248    00000018                 : gpio.obj (.text:GPIOPinRead)
                  20020260    00000018                 : prcm.obj (.text:PRCMHibernateEnter)
                  20020278    00000018                 : spi.obj (.text:SPICSDisable)
                  20020290    00000018                 : spi.obj (.text:SPICSEnable)
                  200202a8    00000018                 : spi.obj (.text:SPIDisable)
                  200202c0    00000018                 : spi.obj (.text:SPIEnable)
                  200202d8    00000018                 : timer.obj (.text:TimerIntEnable)
                  200202f0    00000018     timer_if.obj (.text:Timer_IF_InterruptClear)
                  20020308    00000018     simplelink.a : driver.obj (.text:_SlDrvObjUnLock)
                  20020320    00000018                  : driver.obj (.text:_SlDrvSyncObjSignal)
                  20020338    00000018                  : device.obj (.text:_sl_GetStartResponseConvert)
                  20020350    00000018     rtsv7M4_T_le_eabi.lib : args_main.obj (.text)
                  20020368    00000018                           : strcmp.obj (.text)
                  20020380    00000016     driverlib.a : camera.obj (.text:CameraDMAEnable)
                  20020396    00000016                 : camera.obj (.text:CameraIntRegister)
                  200203ac    00000016                 : i2c.obj (.text:I2CMasterDataPut)
                  200203c2    00000016                 : i2c.obj (.text:I2CMasterEnable)
                  200203d8    00000016                 : prcm.obj (.text:PRCMHIBRegRead)
                  200203ee    00000016                 : prcm.obj (.text:PRCMHIBRegWrite)
                  20020404    00000016     simplelink.a : driver.obj (.text:_SlDrvMemZero)
                  2002041a    00000016     rtsv7M4_T_le_eabi.lib : strchr.obj (.text)
                  20020430    00000014     driverlib.a : cpu.obj (.text:CPUcpsie)
                  20020444    00000014                 : interrupt.obj (.text:IntVTableBaseSet)
                  20020458    00000014     app_common.obj (.text:LED_Off)
                  2002046c    00000014     app_common.obj (.text:LED_On)
                  20020480    00000014     rtsv7M4_T_le_eabi.lib : _lock.obj (.text)
                  20020494    00000014                           : strcpy.obj (.text)
                  200204a8    00000014                           : strlen.obj (.text)
                  200204bc    00000014     driverlib.a : udma.obj (.text:uDMAControlBaseSet)
                  200204d0    00000014                 : udma.obj (.text:uDMAIntClear)
                  200204e4    00000012                 : i2c.obj (.text:I2CMasterControl)
                  200204f6    00000012                 : i2c.obj (.text:I2CMasterIntClearEx)
                  20020508    00000012                 : i2c.obj (.text:I2CMasterTimeoutSet)
                  2002051a    00000012                 : timer.obj (.text:TimerIntClear)
                  2002052c    00000010     simplelink.a : socket.obj (.text:SL_FD_ZERO)
                  2002053c    00000010     timer_if.obj (.text:Timer_IF_Stop)
                  2002054c    00000010     cc3200_socket.obj (.text:socketClose)
                  2002055c    0000000e     driverlib.a : i2c.obj (.text:I2CMasterDataGet)
                  2002056a    0000000e     simplelink.a : driver.obj (.text:_SlDrvResetCmdExt)
                  20020578    0000000e     rtsv7M4_T_le_eabi.lib : copy_decompress_none.obj (.text:decompress:none)
                  20020586    0000000c     udma_if.obj (.text:DmaErrorIntHandler)
                  20020592    00000002     --HOLE-- [fill = 0]
                  20020594    0000000c     simplelink.a : cc_pal.obj (.text:NwpMaskInterrupt)
                  200205a0    0000000c                  : cc_pal.obj (.text:NwpUnMaskInterrupt)
                  200205ac    0000000c     rtsv7M4_T_le_eabi.lib : copy_zero_init.obj (.text:decompress:ZI)
                  200205b8    0000000c     parse_impl.obj (.text:getInternalClient)
                  200205c4    0000000c     simplelink.a : wlan.obj (.text:sl_WlanDisconnect)
                  200205d0    0000000c     driverlib.a : udma.obj (.text:uDMAEnable)
                  200205dc    0000000c                 : udma.obj (.text:uDMAIntStatus)
                  200205e8    0000000a                 : interrupt.obj (.text:IntMasterEnable)
                  200205f2    0000000a     main.obj (.text:vApplicationStackOverflowHook)
                  200205fc    00000008     hibernate_related_fns.obj (.text:sensorsTriggerSetup)
                  20020604    00000006     i2cconfig.obj (.text:MT9D111Delay)
                  2002060a    00000006     startup_ccs.obj (.text:ResetISR)
                  20020610    00000006     driverlib.a : utils.obj (.text:UtilsDelay)
                  20020616    00000006     rtsv7M4_T_le_eabi.lib : copy_decompress_rle.obj (.text:decompress:rle24)
                  2002061c    00000006                           : logf.obj (.text)
                  20020622    00000006                           : sinf.obj (.text)
                  20020628    00000004                           : error.obj (.text)
                  2002062c    00000004                           : pre_init.obj (.text)

.const     0    20020630    00000ede     
                  20020630    0000013c     mt9d111.obj (.const:init_cmds_list)
                  2002076c    00000101     rtsv7M4_T_le_eabi.lib : ctype.obj (.const:.string:_ctypes_)
                  2002086d    00000003     --HOLE-- [fill = 0]
                  20020870    00000100     driverlib.a : pin.obj (.const:g_ulPinToPadMap)
                  20020970    000000d4                 : interrupt.obj (.const:g_pulRegs)
                  20020a44    000000d0     mt9d111.obj (.const)
                  20020b14    000000c4     mt9d111.obj (.const:capture_cmds_list)
                  20020bd8    000000b0     simplelink.a : wlan.obj (.const:$P$T0$1)
                  20020c88    000000a8     driverlib.a : prcm.obj (.const:PRCM_PeriphRegsList)
                  20020d30    00000090     wifi_provisioning_thruAPmode.obj (.const:.string)
                  20020dc0    00000080     driverlib.a : interrupt.obj (.const)
                  20020e40    00000072     lightSens_isl29035.obj (.const:.string)
                  20020eb2    00000002     --HOLE-- [fill = 0]
                  20020eb4    00000068     appFns_BatteryLevelSense.obj (.const:V2CEntry$1)
                  20020f1c    00000050     accelomtrMagntomtr_fxos8700.obj (.const:.string)
                  20020f6c    0000004c     mt9d111.obj (.const:$P$T4$5)
                  20020fb8    0000004b     tempRHSens_si7020.obj (.const:.string)
                  20021003    0000004a     camera_app.obj (.const:.string)
                  2002104d    00000042     mt9d111.obj (.const:.string)
                  2002108f    00000040     network_relater_fns.obj (.const:.string)
                  200210cf    0000003c     i2c_app.obj (.const:.string)
                  2002110b    00000001     --HOLE-- [fill = 0]
                  2002110c    0000003c     simplelink.a : driver.obj (.const:OpcodeTranslateTable)
                  20021148    0000003c                  : wlan.obj (.const)
                  20021184    00000038                  : driver.obj (.const:_SlActionLookupTable)
                  200211bc    00000038     rtsv7M4_T_le_eabi.lib : xflog.obj (.const)
                  200211f4    00000038     simplelink.a : fs.obj (.const)
                  2002122c    00000036     flash_files.obj (.const:.string)
                  20021262    00000002     --HOLE-- [fill = 0]
                  20021264    00000034     rtsv7M4_T_le_eabi.lib : xfatan.obj (.const)
                  20021298    00000034     simplelink.a : driver.obj (.const)
                  200212cc    00000034                  : socket.obj (.const)
                  20021300    0000002c     network_relater_fns.obj (.const:$P$T1$2)
                  2002132c    0000002b     parse_uploads.obj (.const:.string)
                  20021357    00000001     --HOLE-- [fill = 0]
                  20021358    00000028     rtsv7M4_T_le_eabi.lib : xfdint.obj (.const)
                  20021380    00000028                           : xfsin.obj (.const)
                  200213a8    00000028     simplelink.a : netapp.obj (.const)
                  200213d0    00000024     main.obj (.const:.string)
                  200213f4    00000023     batteryVoltLvlSens_adc081c021.obj (.const:.string:$P$T0$1)
                  20021417    00000022     network_relater_fns.obj (.const:.string:$P$T0$1)
                  20021439    00000003     --HOLE-- [fill = 0]
                  2002143c    0000001c     rtsv7M4_T_le_eabi.lib : tanf.obj (.const)
                  20021458    0000001c                           : xfexp.obj (.const)
                  20021474    00000018     driverlib.a : spi.obj (.const)
                  2002148c    00000017     request.obj (.const:.string)
                  200214a3    00000016     collect_and_txit.obj (.const:.string)
                  200214b9    00000014     network_relater_fns.obj (.const)
                  200214cd    00000001     --HOLE-- [fill = 0]
                  200214ce    00000014     simplelink.a : device.obj (.const)
                  200214e2    00000010                  : socket.obj (.const:.string)
                  200214f2    0000000b     app_common.obj (.const:.string)
                  200214fd    00000008     simplelink.a : device.obj (.const:.string)
                  20021505    00000001     --HOLE-- [fill = 0]
                  20021506    00000008                  : netcfg.obj (.const)

.cinit     0    20021510    00000bc8     
                  20021510    00000ba2     (.cinit..data.load) [load image, compression = rle]
                  200220b2    00000002     --HOLE-- [fill = 0]
                  200220b4    0000000c     (__TI_handler_table)
                  200220c0    00000008     (.cinit..bss.load) [load image, compression = zero_init]
                  200220c8    00000010     (__TI_cinit_table)

.init_array 
*          0    20004000    00000000     UNINITIALIZED

.bss       0    20022400    000172ff     UNINITIALIZED
                  20022400    00014000     main.obj (.bss:g_image_buffer)
                  20036400    00000b58     tasks.obj (.bss:thisMagBuffer)
                  20036f58    000005a0     ota.a : OtaHttp.obj (.bss:recv_buf)
                  200374f8    0000044c           : OtaClient.obj (.bss:g_OtaCheckUpdateResponse)
                  20037944    00000418     wifi_provisioning_thruAPmode.obj (.bss:thisMagCal)
                  20037d5c    00000240     ota.obj (.bss:g_otaOptServerInfo)
                  20037f9c    00000058     tasks.obj (.bss:thisMag)
                  20037ff4    0000000c     (.common:g_SecParams)
                  20038000    00000400     udma_if.obj (.bss:gpCtlTbl)
                  20038400    000003d8     ota.a : OtaClient.obj (.bss:g_OtaFileMetadata)
                  200387d8    00000370     main.obj (.bss:g_NetEntries)
                  20038b48    00000200     ota.a : OtaHttp.obj (.bss:send_buf)
                  20038d48    00000178     simplelink.a : driver.obj (.bss:g_StatMem)
                  20038ec0    00000120     rtsv7M4_T_le_eabi.lib : trgmsg.obj (.bss:__CIOBUF_)
                  20038fe0    00000100     udma_if.obj (.bss:gfpAppCallbackHndl)
                  200390e0    000000c8     free_rtos.a : tasks.obj (.bss:pxReadyTasksLists)
                  200391a8    000000ac     tasks.obj (.bss:thisSV_6DOF_GB_BASIC)
                  20039254    000000a0     rtsv7M4_T_le_eabi.lib : defs.obj (.bss:__TI_tmpnams)
                  200392f4    00000074     ota.a : CdnClient.obj (.bss:g_CdnClient)
                  20039368    00000050     simplelink.a : cc_pal.obj (.bss:g_ucDinDout)
                  200393b8    00000050     free_rtos.a : queue.obj (.bss:xQueueRegistry)
                  20039408    0000004c     ota.a : OtaApp.obj (.bss:g_OtaApp)
                  20039454    0000004c           : OtaApp.obj (.bss:g_OtaApp_statistics)
                  200394a0    00000034     cc3200_client_state.obj (.bss:clientStateFileName)
                  200394d4    00000034     main.obj (.bss:g_cWlanSecurityKey)
                  20039508    00000034     tasks.obj (.bss:thisAccel)
                  2003953c    00000024     ota.a : OtaClient.obj (.bss:g_OtaClient)
                  20039560    00000024     main.obj (.bss:g_cWlanSSID)
                  20039584    00000024     main.obj (.bss:g_ucConnectionSSID)
                  200395a8    0000001c     rtsv7M4_T_le_eabi.lib : vla_alloc.obj (.bss)
                  200395c4    00000014     (.common:g_FlcSflashCb)
                  200395d8    00000014     (.common:g_flag_blockFull)
                  200395ec    00000014     (.common:xDelayedTaskList1)
                  20039600    00000014     (.common:xDelayedTaskList2)
                  20039614    00000014     (.common:xPendingReadyList)
                  20039628    00000014     (.common:xSuspendedTaskList)
                  2003963c    00000014     (.common:xTasksWaitingTermination)
                  20039650    00000010     (.common:ang_buf)
                  20039660    00000010     (.common:globals)
                  20039670    00000010     (.common:mqxglobals)
                  20039680    00000008     (.common:g_LogClient)
                  20039688    00000008     (.common:g_ucConnectionBSSID)
                  20039690    00000008     (.common:parmbuf)
                  20039698    00000008     (.common:sBootInfo)
                  200396a0    00000004     (.common:DMAMsgQ)
                  200396a4    00000004     (.common:Elapsed_100MilliSecs)
                  200396a8    00000004     (.common:__Errorlog)
                  200396ac    00000004     (.common:angle_avg)
                  200396b0    00000004     (.common:dataBuffer)
                  200396b4    00000004     (.common:g_block_lastFilled)
                  200396b8    00000004     (.common:g_cDummy)
                  200396bc    00000004     (.common:g_cWlanSecurityType)
                  200396c0    00000004     (.common:g_frame_size_in_bytes)
                  200396c4    00000004     (.common:g_header_length)
                  200396c8    00000004     (.common:g_position_in_block)
                  200396cc    00000004     (.common:g_readHeader)
                  200396d0    00000004     (.common:g_total_dma_intrpts)
                  200396d4    00000004     (.common:g_ulAppStatus)
                  200396d8    00000004     (.common:gdoor_40deg_angle)
                  200396dc    00000004     (.common:gdoor_90deg_angle)
                  200396e0    00000004     (.common:pvOtaApp)
                  200396e4    00000004     (.common:pxDelayedTaskList)
                  200396e8    00000004     (.common:pxOverflowDelayedTaskList)
                  200396ec    00000001     (.common:RxIrqCnt)
                  200396ed    00000001     (.common:avg_buffer_cnt)
                  200396ee    00000001     (.common:checkForLight_Flag)
                  200396ef    00000001     (.common:g_dma_txn_done)
                  200396f0    00000001     (.common:g_flag_DataBlockFilled)
                  200396f1    00000001     (.common:g_flag_door_closing_45degree)
                  200396f2    00000001     (.common:g_frame_end)
                  200396f3    00000001     (.common:g_ucAngle40)
                  200396f4    00000001     (.common:g_ucAngle90)
                  200396f5    00000001     (.common:g_ucCalibration)
                  200396f6    00000001     (.common:g_ucConfig)
                  200396f7    00000001     (.common:g_ucExitButton)
                  200396f8    00000001     (.common:g_ucMagCalb)
                  200396f9    00000001     (.common:g_ucProfileAdded)
                  200396fa    00000001     (.common:g_ucPushButtonPressedTwice)
                  200396fb    00000001     (.common:iDone)
                  200396fc    00000001     (.common:isitfirsttime)
                  200396fd    00000001     (.common:print_count)
                  200396fe    00000001     (.common:valid_case)

.TI.noinit 
*          0    20022400    00000000     UNINITIALIZED

.sysmem    0    20039700    00005000     UNINITIALIZED
                  20039700    00000008     rtsv7M4_T_le_eabi.lib : memory.obj (.sysmem)
                  20039708    00004ff8     --HOLE--


LINKER GENERATED COPY TABLES

__TI_cinit_table @ 200220c8 records: 2, size/record: 8, table size: 16
	.data: load addr=20021510, load size=00000ba2 bytes, run addr=20000000, run size=000013f4 bytes, compression=rle
	.bss: load addr=200220c0, load size=00000008 bytes, run addr=20022400, run size=000172ff bytes, compression=zero_init


LINKER GENERATED HANDLER TABLE

__TI_handler_table @ 200220b4 records: 3, size/record: 4, table size: 12
	index: 0, handler: __TI_decompress_rle24
	index: 1, handler: __TI_decompress_none
	index: 2, handler: __TI_zero_init


GLOBAL SYMBOLS: SORTED ALPHABETICALLY BY Name 

address   name                                  
-------   ----                                  
20013d21  AccessPtMode_HTTPServer_Start         
20020045  ApplyAccelHAL                         
2001f8e5  ApplyMagHAL                           
2001ed95  C$$EXIT                               
2001d873  C$$IO$$                               
20020431  CPUcpsie                              
200119b9  CalibrateMagSensor                    
2001d271  CamControllerInit                     
2001fdc1  CameraCaptureStart                    
2001f1c5  CameraCaptureStop                     
20020381  CameraDMAEnable                       
2001fc7d  CameraIntClear                        
2001f911  CameraIntEnable                       
20020397  CameraIntRegister                     
2001faf1  CameraIntStatus                       
2001f4a3  CameraParamsConfig                    
20020231  CameraReset                           
2002007d  CameraSensorInit                      
2001fc09  CameraThresholdSet                    
2001f1ff  CameraXClkConfig                      
2000d891  CaptureAndStore_Image                 
20009769  CdnClient_CloseServer                 
20009787  CdnClient_ConnectByUrl                
20009737  CdnClient_Init                        
200091cd  CdnClient_Run                         
200091c3  CdnClient_SetFileInfo                 
20017fd1  Check_I2CDevices                      
20014969  CollectAngle                          
20012191  CollectTxit_ImgTempRH                 
2001a389  Config_And_Start_CameraCapture        
2001ca75  ConfigureMode                         
20010191  ConfigureSimpleLinkToDefaultState     
2001741d  ConnectToNetwork_STA                  
20014041  ConstructDeviceStateObject            
2001f021  CopyPingResultsToReport               
2001a44d  CreateFile_Flash                      
200396a0  DMAMsgQ                               
2000103c  DigiCertHighAssuranceEVRootCA_der_len 
20020587  DmaErrorIntHandler                    
2001f93d  DmaSpiSwIntHandler                    
20020099  DmaSwIntHandler                       
200396a4  Elapsed_100MilliSecs                  
20015669  FXOS8700_Init                         
20017535  FXOS8700_ReadData                     
2001f05d  Fusion_Init                           
200157cd  Fusion_Run                            
2001f401  GPIODirModeSet                        
20020249  GPIOPinRead                           
2001feaf  GPIOPinWrite                          
20019709  Get_BatteryPercent                    
2001d201  Get_BatteryVoltageLevel_ADC081C021    
2001592d  HIBernate                             
20010149  HOSTclock                             
20010111  HOSTclose                             
200100d3  HOSTgetenv                            
20010077  HOSTlseek                             
20010025  HOSTopen                              
2000ffd9  HOSTread                              
2000ff7b  HOSTrename                            
2000ff41  HOSTtime                              
2000ff09  HOSTunlink                            
2000febd  HOSTwrite                             
20016241  I2CBufferRead                         
20016bf5  I2CBufferWrite                        
200204e5  I2CMasterControl                      
2002055d  I2CMasterDataGet                      
200203ad  I2CMasterDataPut                      
200203c3  I2CMasterEnable                       
2001f969  I2CMasterErr                          
2001c6e5  I2CMasterInitExpClk                   
200204f7  I2CMasterIntClearEx                   
2001ff71  I2CMasterIntStatusEx                  
2001fde3  I2CMasterSlaveAddrSet                 
20020509  I2CMasterTimeoutSet                   
2001e4dd  I2C_IF_Open                           
2001a511  I2C_IF_Read                           
2001a811  I2C_IF_Write                          
2001fb19  InitTerm                              
2001ce4d  InitialiseParse                       
2001becd  InitializeUserConfigVariables         
2001b1fd  IntDisable                            
2001b2a5  IntEnable                             
2001fca1  IntHandler_100mSecTimer               
200205e9  IntMasterEnable                       
2001e189  IntPendClear                          
2001e2e5  IntPrioritySet                        
2001fed1  IntRegister                           
2001fcc5  IntUnregister                         
20020445  IntVTableBaseSet                      
2001efa5  IsLightOff                            
20000000  JPEG_StdHuffmanTbl                    
200011f0  JPEG_StdQuantTblC                     
20001230  JPEG_StdQuantTblY                     
2001b49d  LED_Blink                             
20020459  LED_Off                               
2002046d  LED_On                                
2000cd01  LogClient_Close                       
2000cd19  LogClient_ConnectAndPrint             
2000ccb9  LogClient_ConnectServer               
2000cca1  LogClient_Init                        
2000cb49  LogClient_Print                       
20020605  MT9D111Delay                          
2000f88d  MagCal_Run                            
2001764d  Main_Task_withHibernate               
2001fb41  Message                               
20020595  NwpMaskInterrupt                      
2001f2e9  NwpPowerOff                           
2001f995  NwpPowerOn                            
2001c769  NwpPowerOnPreamble                    
2001fc2f  NwpRegisterInterruptHandler           
200205a1  NwpUnMaskInterrupt                    
20015399  OTAServerInfoSet                      
200198d1  OTA_CommitImage                       
2001e075  OTA_Init                              
200134fd  OTA_Run                               
2001ee1d  OTA_Update                            
2002110c  OpcodeTranslateTable                  
20008fdf  OtaClient_CloseServer                 
20008f95  OtaClient_ConnectServer               
20008db1  OtaClient_GetNextUpdate               
20008c07  OtaClient_Init                        
20008ab9  OtaClient_ResourceMetadata            
200087fb  OtaClient_ResourceNameConvert         
20008731  OtaClient_UpdateCheck                 
2001698d  PRCMCC3200MCUInit                     
200203d9  PRCMHIBRegRead                        
200203ef  PRCMHIBRegWrite                       
20020261  PRCMHibernateEnter                    
2001c335  PRCMHibernateIntervalSet              
2001d6a5  PRCMHibernateWakeUpGPIOSelect         
2001ea01  PRCMHibernateWakeupSourceDisable      
2001ea49  PRCMHibernateWakeupSourceEnable       
2001fb69  PRCMPeripheralClkDisable              
2001f099  PRCMPeripheralClkEnable               
2001bb59  PRCMPeripheralClockGet                
2001e1e1  PRCMPeripheralReset                   
2001f4d9  PRCMPeripheralStatusGet               
2001f9c1  PRCMSysResetCauseGet                  
2001c3bd  PinConfigSet                          
2001eea5  PinModeSet                            
200184dd  PinMuxConfig                          
20020195  PinTypeCamera                         
2001f677  PinTypeGPIO                           
200200b5  PinTypeI2C                            
200201af  PinTypeUART                           
2001e6bd  RdSensData_Init                       
200128cd  RdSensData_Run                        
200197f1  ReadFile_FromFlash                    
2001fef1  Refresh_mt9d111Firmware               
2001b151  Report                                
2002060b  ResetISR                              
200396ec  RxIrqCnt                              
200212a8  RxMsgClassLUT                         
UNDEFED   SHT$$INIT_ARRAY$$Base                 
UNDEFED   SHT$$INIT_ARRAY$$Limit                
2001fe05  SL_FD_SET                             
2002052d  SL_FD_ZERO                            
20020279  SPICSDisable                          
20020291  SPICSEnable                           
2001b541  SPIConfigSetExpClk                    
200202a9  SPIDisable                            
200201c9  SPIDmaDisable                         
200201e3  SPIDmaEnable                          
200202c1  SPIEnable                             
200201fd  SPIFIFODisable                        
20020217  SPIFIFOEnable                         
2001f50d  SPIFIFOLevelSet                       
2001ea91  SPIIntClear                           
2001e709  SPIIntEnable                          
2001fe27  SPIReset                              
2001fe49  SPIWordCountSet                       
20001320  SecurityParams                        
2000c1ad  SimpleLinkHttpServerCallback          
200150b9  SimpleLinkNetAppEventHandler          
20015501  SimpleLinkSockEventHandler            
2000e431  SimpleLinkWlanEventHandler            
2001f9ed  SoftReset_ImageSensor                 
200214fd  StartResponseLUT                      
2001d70d  StartSensorInJpegMode                 
2001ec85  TimerConfigure                        
2001ff8f  TimerDisable                          
2001ffad  TimerEnable                           
2002051b  TimerIntClear                         
200202d9  TimerIntEnable                        
2001ffcb  TimerIntStatus                        
2001fa71  TimerLoadSet                          
2001fa9b  TimerPrescaleSet                      
2001f645  Timer_IF_Init                         
2001d18d  Timer_IF_IntSetup                     
200202f1  Timer_IF_InterruptClear               
2001fd0d  Timer_IF_Start                        
2002053d  Timer_IF_Stop                         
20001128  Token                                 
2001ffe9  UARTCharPut                           
2001d02d  UARTConfigSetExpClk                   
2001f6a9  UARTDisable                           
2001fd31  UARTEnable                            
2001d2dd  UDMAInit                              
2001ecc9  UDMASetupTransfer                     
2001b34d  UploadImageToParse                    
2001bf5d  UploadSensorDataToParse               
20019ec1  UserConfigure_Task                    
20011565  User_Configure                        
20020611  UtilsDelay                            
2000d2b1  VDeleteSimpleLinkSpawnTask            
2000d261  VStartSimpleLinkSpawnTask             
2000118c  Value                                 
2001af4d  Verify_ImageSensor                    
20010451  WiFiProvisioning                      
2001fd55  WriteAllAEnAWBRegs                    
20017cb5  WriteFile_ToFlash                     
2001fac5  _Dclass                               
20001040  _Denorm                               
2001a751  _Dnorm                                
20017985  _Dscale                               
2001db1b  _Dunscale                             
20001050  _Eps                                  
200013e4  _Errno                                
20019c3d  _FAtan                                
200010c0  _FDenorm                              
2001c21d  _FDint                                
2001cd59  _FDnorm                               
20019f91  _FDscale                              
2001e28f  _FDunscale                            
200010d0  _FEps                                 
20014c59  _FExp                                 
200010e0  _FInf                                 
20012fd9  _FLog                                 
200010f0  _FNan                                 
20001110  _FRteps                               
20013b85  _FSin                                 
20001100  _FSnan                                
20001120  _FXbig                                
20001124  _FZero                                
200013cc  _Fenv                                 
2001f799  _Feraise                              
20001060  _Hugeval                              
20001070  _Inf                                  
20001080  _Nan                                  
2000914f  _OpenStorageFile                      
20007229  _OtaCleanToIdle                       
200090e5  _ReadFileHeaders                      
2000733b  _ReadStatFile                         
200090d9  _RecvFileChunk                        
200010a0  _Rteps                                
200212e0  _SlAcceptCmdCtrl                      
20021184  _SlActionLookupTable                  
2001ac79  _SlAsyncEventGenericHandler           
200214da  _SlDeviceGetCmdCtrl                   
200214de  _SlDeviceSetCmdCtrl                   
2001ead9  _SlDrvBasicCmd                        
20019b65  _SlDrvClassifyRxMsg                   
2001c8f5  _SlDrvCmdOp                           
2001d349  _SlDrvCmdSend                         
200170ad  _SlDrvDataReadOp                      
200180d5  _SlDrvDataWriteOp                     
2001f6d9  _SlDrvDeviceEventHandler              
20018cad  _SlDrvDriverCBDeinit                  
20014dd1  _SlDrvDriverCBInit                    
20020405  _SlDrvMemZero                         
2000b63d  _SlDrvMsgRead                         
2001a8cd  _SlDrvMsgReadCmdCtx                   
2001b721  _SlDrvMsgReadSpawnCtx                 
20012701  _SlDrvMsgWrite                        
200183dd  _SlDrvNetAppEventHandler              
200200d1  _SlDrvObjLockWaitForever              
20020309  _SlDrvObjUnLock                       
2001e755  _SlDrvProtectAsyncRespSetting         
2001fd79  _SlDrvProtectionObjLockWaitForever    
2001ff11  _SlDrvProtectionObjUnLock             
20012361  _SlDrvReleasePoolObj                  
2002056b  _SlDrvResetCmdExt                     
200110d9  _SlDrvRxHdrRead                       
2001e7a1  _SlDrvRxIrqHandler                    
20020321  _SlDrvSyncObjSignal                   
200200ed  _SlDrvSyncObjWaitForever              
20013eb1  _SlDrvWaitForPoolObj                  
200214d6  _SlEventMaskGetCmdCtrl                
200214d2  _SlEventMaskSetCmdCtrl                
20015229  _SlFindAndSetActiveObj                
200211f8  _SlFsCloseCmdCtrl                     
20021208  _SlFsDeleteCmdCtrl                    
20021204  _SlFsGetInfoCmdCtrl                   
200211f4  _SlFsOpenCmdCtrl                      
200211fc  _SlFsReadCmdCtrl                      
20021200  _SlFsWriteCmdCtrl                     
200213bc  _SlGetHostByNameCtrl                  
200213b8  _SlGetHostByServiceCtrl               
200213b0  _SlGetServiceListeCtrl                
200212ec  _SlGetSockOptCmdCtrl                  
200212dc  _SlListenCmdCtrl                      
200213c8  _SlNetAppGetCmdCtrl                   
200213c4  _SlNetAppSendTokenValueCmdCtrl        
200213c0  _SlNetAppSetCmdCtrl                   
200213a8  _SlNetAppStartCtrl                    
200213ac  _SlNetAppStopCtrl                     
2002150a  _SlNetCfgGetCmdCtrl                   
20021506  _SlNetCfgSetCmdCtrl                   
200214e2  _SlPayloadByProtocolLUT               
2002114c  _SlPolicyGetCmdCtrl                   
20021148  _SlPolicySetCmdCtrl                   
20021154  _SlProfileDelCmdCtrl                  
20021150  _SlProfileGetCmdCtrl                  
200212e4  _SlRecvCmdCtrl                        
200212d4  _SlRecvfomCmdCtrl                     
200213b4  _SlRegisterServiceCtrl                
2001a691  _SlRemoveFromList                     
2002115c  _SlRxFilterAddtCmdCtrl                
20021164  _SlRxFilterGetCmdCtrl                 
20021160  _SlRxFilterSetCmdCtrl                 
200212f0  _SlSelectCmdCtrl                      
200212d8  _SlSendCmdCtrl                        
200212e8  _SlSetSockOptCmdCtrl                  
20021168  _SlSmartConfigStartCmdCtrl            
200212d0  _SlSockCloseCmdCtrl                   
200212cc  _SlSockSocketCmdCtrl                  
[...]
2001cce1  __aeabi_memset8                       
2001cce7  memset                                
2001cd59  _FDnorm                               
2001ce4d  InitialiseParse                       
2001cec5  _sl_HandleAsync_Connect               
2001cf3d  sl_FsOpen                             
2001cfb5  spi_Close                             
2001d02d  UARTConfigSetExpClk                   
2001d0a5  sl_Recv                               
2001d18d  Timer_IF_IntSetup                     
2001d201  Get_BatteryVoltageLevel_ADC081C021    
2001d271  CamControllerInit                     
2001d2dd  UDMAInit                              
2001d349  _SlDrvCmdSend                         
2001d3b5  f3x3matrixAeqMinusA                   
2001d421  parseSendRequestInternal              
2001d48d  __TI_auto_init                        
2001d501  fprintf                               
2001d565  f3x3matrixAeqAxScalar                 
2001d639  beginHttpGetRequest                   
2001d6a5  PRCMHibernateWakeUpGPIOSelect         
2001d70d  StartSensorInJpegMode                 
2001d775  _sl_NetAppSendTokenValue              
2001d7dd  fetchDeviceOSVersion                  
2001d845  __TI_writemsg                         
2001d873  C$$IO$$                               
2001d877  __TI_readmsg                          
2001d8ad  sl_DevSet                             
2001d915  sl_NetCfgSet                          
2001d97d  sl_SetSockOpt                         
2001d9e5  sl_WlanSet                            
2001dab5  f3x3matrixAeqScalar                   
2001db1b  _Dunscale                             
2001db81  fseek                                 
2001dbe5  socketWait                            
2001dc49  softResetTempRHSensor                 
2001dcad  uDMAChannelAttributeDisable           
2001dd11  uDMAChannelAttributeEnable            
2001dd75  __aeabi_cfcmpeq                       
2001dd75  __aeabi_cfcmple                       
2001ddd5  __aeabi_cfrcmple                      
2001de35  _sl_HandleAsync_Accept                
2001de95  fxosDefault_Initializations           
2001def5  getMagntData                          
2001df55  sprintf                               
2001dfb5  sl_WlanPolicySet                      
2001e015  standby_accelMagn_fxos8700            
2001e075  OTA_Init                              
2001e0d1  getLightsensor_intrptStatus           
2001e12d  sl_Socket                             
2001e189  IntPendClear                          
2001e1e1  PRCMPeripheralReset                   
2001e239  ltoa                                  
2001e28f  _FDunscale                            
2001e2e5  IntPrioritySet                        
2001e339  _sl_HandleAsync_Select                
2001e38d  fasin_deg                             
2001e3e1  headerSend                            
2001e435  sl_WlanRxFilterSet                    
2001e4dd  I2C_IF_Open                           
2001e52d  _sl_HandleAsync_Stop                  
2001e57d  disableAE                             
2001e5cd  disableAWB                            
2001e61d  __aeabi_f2ulz                         
2001e66d  sl_FsDel                              
2001e6bd  RdSensData_Init                       
2001e709  SPIIntEnable                          
2001e755  _SlDrvProtectAsyncRespSetting         
2001e7a1  _SlDrvRxIrqHandler                    
2001e7ed  _sl_BuildAddress                      
2001e839  atoi                                  
2001e885  atol                                  
2001e8d1  copy_in                               
2001e91d  srand                                 
2001e933  rand                                  
2001e969  uDMAChannelAssign                     
2001e9b5  __aeabi_d2f                           
2001ea01  PRCMHibernateWakeupSourceDisable      
2001ea49  PRCMHibernateWakeupSourceEnable       
2001ea91  SPIIntClear                           
2001ead9  _SlDrvBasicCmd                        
2001eb21  addHttpRequestLine                    
2001eb69  fatan_15deg                           
2001ebb1  __aeabi_d2iz                          
2001ebf9  ldexp                                 
2001ec85  TimerConfigure                        
2001ecc9  UDMASetupTransfer                     
2001ed51  fxos_Calibration                      
2001ed95  C$$EXIT                               
2001ed99  abort                                 
2001eda1  exit                                  
2001edd9  __aeabi_d2uiz                         
2001ee1d  OTA_Update                            
2001ee61  sl_Htonl                              
2001eea5  PinModeSet                            
2001eee5  getHttpResponseBody                   
2001ef25  signal                                
2001ef65  start_100mSecTimer                    
2001efa5  IsLightOff                            
2001efe3  strncasecmp                           
2001f021  CopyPingResultsToReport               
2001f05d  Fusion_Init                           
2001f099  PRCMPeripheralClkEnable               
2001f0d5  _sl_TruncatePayloadByProtocol         
2001f111  _c_int00                              
2001f14d  sl_Htons                              
2001f189  uDMAChannelControlSet                 
2001f1c5  CameraCaptureStop                     
2001f1ff  CameraXClkConfig                      
2001f239  fLPFScalar                            
2001f273  parseSendRequest                      
2001f2ad  addHttpRequestHeader                  
2001f2e9  NwpPowerOff                           
2001f321  pvPortMalloc                          
2001f341  vPortFree                             
2001f359  __aeabi_f2d                           
2001f391  __aeabi_f2iz                          
2001f3c9  __aeabi_i2f                           
2001f401  GPIODirModeSet                        
2001f437  sl_NetAppMDNSUnRegisterService        
2001f46d  beginHttpRequest                      
2001f4a3  CameraParamsConfig                    
2001f4d9  PRCMPeripheralStatusGet               
2001f50d  SPIFIFOLevelSet                       
2001f541  getHttpResponseStatus                 
2001f575  get_angle                             
2001f5a9  feraiseexcept                         
2001f5dd  __aeabi_f2uiz                         
2001f611  strstr                                
2001f645  Timer_IF_Init                         
2001f677  PinTypeGPIO                           
2001f6a9  UARTDisable                           
2001f6d9  _SlDrvDeviceEventHandler              
2001f709  _sl_Strlen                            
2001f739  angleCheck                            
2001f769  strncpy                               
2001f799  _Feraise                              
2001f7c9  sl_Close                              
2001f7f9  sl_WlanProfileDel                     
2001f829  sl_WlanSetMode                        
2001f859  __aeabi_i2d                           
2001f887  raise                                 
2001f8b5  addHttpRequestHeaderInt               
2001f8e5  ApplyMagHAL                           
2001f911  CameraIntEnable                       
2001f93d  DmaSpiSwIntHandler                    
2001f969  I2CMasterErr                          
2001f995  NwpPowerOn                            
2001f9c1  PRCMSysResetCauseGet                  
2001f9ed  SoftReset_ImageSensor                 
2001fa45  setDataBufferPointer                  
2001fa71  TimerLoadSet                          
2001fa9b  TimerPrescaleSet                      
2001fac5  _Dclass                               
2001faf1  CameraIntStatus                       
2001fb19  InitTerm                              
2001fb41  Message                               
2001fb69  PRCMPeripheralClkDisable              
2001fb91  strncat                               
2001fbb9  sl_NetAppStart                        
2001fbe1  sl_NetAppStop                         
2001fc09  CameraThresholdSet                    
2001fc2f  NwpRegisterInterruptHandler           
2001fc55  strncmp                               
2001fc7d  CameraIntClear                        
2001fca1  IntHandler_100mSecTimer               
2001fcc5  IntUnregister                         
2001fd0d  Timer_IF_Start                        
2001fd31  UARTEnable                            
2001fd55  WriteAllAEnAWBRegs                    
2001fd79  _SlDrvProtectionObjLockWaitForever    
2001fd9d  __aeabi_ui2f                          
2001fdc1  CameraCaptureStart                    
2001fde3  I2CMasterSlaveAddrSet                 
2001fe05  SL_FD_SET                             
2001fe27  SPIReset                              
2001fe49  SPIWordCountSet                       
2001fe6b  frexp                                 
2001fe8d  memcmp                                
2001feaf  GPIOPinWrite                          
2001fed1  IntRegister                           
2001fef1  Refresh_mt9d111Firmware               
2001ff11  _SlDrvProtectionObjUnLock             
2001ff31  memchr                                
2001ff51  __aeabi_ui2d                          
2001ff71  I2CMasterIntStatusEx                  
2001ff8f  TimerDisable                          
2001ffad  TimerEnable                           
2001ffcb  TimerIntStatus                        
2001ffe9  UARTCharPut                           
20020025  strcat                                
20020045  ApplyAccelHAL                         
2002007d  CameraSensorInit                      
20020099  DmaSwIntHandler                       
200200b5  PinTypeI2C                            
200200d1  _SlDrvObjLockWaitForever              
200200ed  _SlDrvSyncObjWaitForever              
20020109  memccpy                               
20020125  stop_100mSecTimer                     
20020141  uDMAChannelDisable                    
2002015d  uDMAChannelEnable                     
20020179  vApplicationMallocFailedHook          
20020195  PinTypeCamera                         
200201af  PinTypeUART                           
200201c9  SPIDmaDisable                         
200201e3  SPIDmaEnable                          
200201fd  SPIFIFODisable                        
20020217  SPIFIFOEnable                         
20020231  CameraReset                           
20020249  GPIOPinRead                           
20020261  PRCMHibernateEnter                    
20020279  SPICSDisable                          
20020291  SPICSEnable                           
200202a9  SPIDisable                            
200202c1  SPIEnable                             
200202d9  TimerIntEnable                        
200202f1  Timer_IF_InterruptClear               
20020309  _SlDrvObjUnLock                       
20020321  _SlDrvSyncObjSignal                   
20020339  _sl_GetStartResponseConvert           
20020351  _args_main                            
20020369  strcmp                                
20020381  CameraDMAEnable                       
20020397  CameraIntRegister                     
200203ad  I2CMasterDataPut                      
200203c3  I2CMasterEnable                       
200203d9  PRCMHIBRegRead                        
200203ef  PRCMHIBRegWrite                       
20020405  _SlDrvMemZero                         
2002041b  strchr                                
20020431  CPUcpsie                              
20020445  IntVTableBaseSet                      
20020459  LED_Off                               
2002046d  LED_On                                
20020481  _register_unlock                      
20020487  _register_lock                        
2002048f  _nop                                  
20020495  strcpy                                
200204a9  strlen                                
200204bd  uDMAControlBaseSet                    
200204d1  uDMAIntClear                          
200204e5  I2CMasterControl                      
200204f7  I2CMasterIntClearEx                   
20020509  I2CMasterTimeoutSet                   
2002051b  TimerIntClear                         
2002052d  SL_FD_ZERO                            
2002053d  Timer_IF_Stop                         
2002054d  socketClose                           
2002055d  I2CMasterDataGet                      
2002056b  _SlDrvResetCmdExt                     
20020579  __TI_decompress_none                  
20020587  DmaErrorIntHandler                    
20020595  NwpMaskInterrupt                      
200205a1  NwpUnMaskInterrupt                    
200205ad  __TI_zero_init                        
200205b9  getInternalClient                     
200205c5  sl_WlanDisconnect                     
200205d1  uDMAEnable                            
200205dd  uDMAIntStatus                         
200205e9  IntMasterEnable                       
200205f3  vApplicationStackOverflowHook         
200205fd  sensorsTriggerSetup                   
20020605  MT9D111Delay                          
2002060b  ResetISR                              
20020611  UtilsDelay                            
20020617  __TI_decompress_rle24                 
2002061d  logf                                  
20020623  sinf                                  
20020629  __abort_execution                     
2002062d  _system_pre_init                      
2002076c  _ctypes_                              
2002110c  OpcodeTranslateTable                  
20021148  _SlPolicySetCmdCtrl                   
2002114c  _SlPolicyGetCmdCtrl                   
20021150  _SlProfileGetCmdCtrl                  
20021154  _SlProfileDelCmdCtrl                  
20021158  _SlWlanGetNetworkListCtrl             
2002115c  _SlRxFilterAddtCmdCtrl                
20021160  _SlRxFilterSetCmdCtrl                 
20021164  _SlRxFilterGetCmdCtrl                 
20021168  _SlSmartConfigStartCmdCtrl            
2002116c  _SlWlanSetModeCmdCtrl                 
20021170  _SlWlanCfgSetCmdCtrl                  
20021174  _SlWlanCfgGetCmdCtrl                  
20021184  _SlActionLookupTable                  
200211f4  _SlFsOpenCmdCtrl                      
200211f8  _SlFsCloseCmdCtrl                     
200211fc  _SlFsReadCmdCtrl                      
20021200  _SlFsWriteCmdCtrl                     
20021204  _SlFsGetInfoCmdCtrl                   
20021208  _SlFsDeleteCmdCtrl                    
20021298  g_H2NSyncPattern                      
200212a0  g_H2NCnysPattern                      
200212a8  RxMsgClassLUT                         
200212cc  _SlSockSocketCmdCtrl                  
200212d0  _SlSockCloseCmdCtrl                   
200212d4  _SlRecvfomCmdCtrl                     
200212d8  _SlSendCmdCtrl                        
200212dc  _SlListenCmdCtrl                      
200212e0  _SlAcceptCmdCtrl                      
200212e4  _SlRecvCmdCtrl                        
200212e8  _SlSetSockOptCmdCtrl                  
200212ec  _SlGetSockOptCmdCtrl                  
200212f0  _SlSelectCmdCtrl                      
200213a8  _SlNetAppStartCtrl                    
200213ac  _SlNetAppStopCtrl                     
200213b0  _SlGetServiceListeCtrl                
200213b4  _SlRegisterServiceCtrl                
200213b8  _SlGetHostByServiceCtrl               
200213bc  _SlGetHostByNameCtrl                  
200213c0  _SlNetAppSetCmdCtrl                   
200213c4  _SlNetAppSendTokenValueCmdCtrl        
200213c8  _SlNetAppGetCmdCtrl                   
2002148c  g_deviceClientVersion                 
200214ce  _SlStopCmdCtrl                        
200214d2  _SlEventMaskSetCmdCtrl                
200214d6  _SlEventMaskGetCmdCtrl                
200214da  _SlDeviceGetCmdCtrl                   
200214de  _SlDeviceSetCmdCtrl                   
200214e2  _SlPayloadByProtocolLUT               
200214f2  pcDigits                              
200214fd  StartResponseLUT                      
20021506  _SlNetCfgSetCmdCtrl                   
2002150a  _SlNetCfgGetCmdCtrl                   
20021510  __TI_static_base__                    
200220b4  __TI_Handler_Table_Base               
200220c0  __TI_Handler_Table_Limit              
200220c8  __TI_CINIT_Base                       
200220d8  __TI_CINIT_Limit                      
20022400  g_image_buffer                        
20036400  thisMagBuffer                         
200374f8  g_OtaCheckUpdateResponse              
20037944  thisMagCal                            
20037f9c  thisMag                               
20037ff4  g_SecParams                           
20038000  gpCtlTbl                              
20038400  g_OtaFileMetadata                     
200387d8  g_NetEntries                          
20038d48  g_StatMem                             
20038ec0  __CIOBUF_                             
20038fe0  gfpAppCallbackHndl                    
200391a8  thisSV_6DOF_GB_BASIC                  
20039254  __TI_tmpnams                          
200392f4  g_CdnClient                           
20039368  g_ucDinDout                           
200393b8  xQueueRegistry                        
20039408  g_OtaApp                              
20039454  g_OtaApp_statistics                   
200394a0  clientStateFileName                   
200394d4  g_cWlanSecurityKey                    
20039508  thisAccel                             
2003953c  g_OtaClient                           
20039560  g_cWlanSSID                           
20039584  g_ucConnectionSSID                    
200395c4  g_FlcSflashCb                         
200395d8  g_flag_blockFull                      
20039650  ang_buf                               
20039660  globals                               
20039670  mqxglobals                            
20039680  g_LogClient                           
20039688  g_ucConnectionBSSID                   
200396a0  DMAMsgQ                               
200396a4  Elapsed_100MilliSecs                  
200396ac  angle_avg                             
200396b0  dataBuffer                            
200396b4  g_block_lastFilled                    
200396b8  g_cDummy                              
200396bc  g_cWlanSecurityType                   
200396c0  g_frame_size_in_bytes                 
200396c4  g_header_length                       
200396c8  g_position_in_block                   
200396cc  g_readHeader                          
200396d4  g_ulAppStatus                         
200396d8  gdoor_40deg_angle                     
200396dc  gdoor_90deg_angle                     
200396ec  RxIrqCnt                              
200396ed  avg_buffer_cnt                        
200396ee  checkForLight_Flag                    
200396f0  g_flag_DataBlockFilled                
200396f1  g_flag_door_closing_45degree          
200396f2  g_frame_end                           
200396f3  g_ucAngle40                           
200396f4  g_ucAngle90                           
200396f5  g_ucCalibration                       
200396f6  g_ucConfig                            
200396f7  g_ucExitButton                        
200396f8  g_ucMagCalb                           
200396f9  g_ucProfileAdded                      
200396fa  g_ucPushButtonPressedTwice            
200396fb  iDone                                 
200396fc  isitfirsttime                         
200396fd  print_count                           
200396fe  valid_case                            
20039700  _sys_memory                           
ffffffff  __binit__                             
ffffffff  __c_args__                            
ffffffff  binit                                 
UNDEFED   SHT$$INIT_ARRAY$$Base                 
UNDEFED   SHT$$INIT_ARRAY$$Limit                

[867 symbols]
