******************************************************************************
                  TI ARM Linker PC v5.2.3                      
******************************************************************************
>> Linked Wed Aug 19 16:34:00 2015

OUTPUT FILE NAME:   <ULP_SEC_CAM.out>
ENTRY POINT SYMBOL: "_c_int00"  address: 2001fa7d


MEMORY CONFIGURATION

         name            origin    length      used     unused   attr    fill
----------------------  --------  ---------  --------  --------  ----  --------
  SRAM_BOOTLDR          20000000   00004000  00002908  000016f8  RW X
  SRAM_CODE             20004000   0001fc00  0001eb53  000010ad  RW X
  SRAM_DATA             20023c00   0001c400  0001c072  0000038e  RW X


SEGMENT ALLOCATION MAP

run origin  load origin   length   init length attrs members
----------  ----------- ---------- ----------- ----- -------
20000000    20000000    00000908   00000000    rw-
  20000000    20000000    00000908   00000000    rw- .data
20002000    20002000    00002000   00000000    rw-
  20002000    20002000    00002000   00000000    rw- .stack
20004000    20004000    0001eb58   0001eb58    r-x
  20004000    20004000    00000400   00000400    r-- .intvecs
  20004400    20004400    0001ceec   0001ceec    r-x .text
  200212ec    200212ec    0000136f   0000136f    r-- .const
  20022660    20022660    000004f8   000004f8    r-- .cinit
20023c00    20023c00    0001c078   00000000    rw-
  20023c00    20023c00    00017072   00000000    rw- .bss
  2003ac78    2003ac78    00005000   00000000    rw- .sysmem


SECTION ALLOCATION MAP

 output                                  attributes/
section   page    origin      length       input sections
--------  ----  ----------  ----------   ----------------
.data      0    20000000    00000908     UNINITIALIZED
                  20000000    000003c9     cc3200_certificate.obj (.data:DigiCertHighAssuranceEVRootCA_der)
                  200003c9    00000001     tasks.obj (.data)
                  200003ca    00000002     --HOLE--
                  200003cc    000000f0     rtsv7M4_T_le_eabi.lib : defs.obj (.data:_ftable)
                  200004bc    000000d0                           : lowlev.obj (.data)
                  2000058c    000000b0                           : signal.obj (.data:sigtable)
                  2000063c    00000004     cc3200_certificate.obj (.data)
                  20000640    00000080     rtsv7M4_T_le_eabi.lib : xvalues.obj (.data)
                  200006c0    00000068                           : xfvalues.obj (.data)
                  20000728    00000064     network_relater_fns.obj (.data:Token)
                  2000078c    00000064     network_relater_fns.obj (.data:Value)
                  200007f0    00000034     free_rtos.a : tasks.obj (.data)
                  20000824    00000024     main.obj (.data)
                  20000848    00000018     cc3200_utils.obj (.data)
                  20000860    00000018     request.obj (.data)
                  20000878    00000010     rtsv7M4_T_le_eabi.lib : defs.obj (.data)
                  20000888    0000000c     camera_app.obj (.data)
                  20000894    0000000c     free_rtos.a : osi_freertos.obj (.data)
                  200008a0    0000000c     rtsv7M4_T_le_eabi.lib : memory.obj (.data)
                  200008ac    00000009     simplelink.a : cc_pal.obj (.data)
                  200008b5    00000003     --HOLE--
                  200008b8    00000009                  : driver.obj (.data)
                  200008c1    00000003     --HOLE--
                  200008c4    00000008     rtsv7M4_T_le_eabi.lib : _lock.obj (.data)
                  200008cc    00000008                           : exit.obj (.data)
                  200008d4    00000008                           : feraiseexcept.obj (.data)
                  200008dc    00000008     user_configure_fn.obj (.data)
                  200008e4    00000006     http.obj (.data)
                  200008ea    00000002     --HOLE--
                  200008ec    00000004     free_rtos.a : port.obj (.data)
                  200008f0    00000004     middleware.a : rtc_hal.obj (.data)
                  200008f4    00000004     ota.a : OtaHttp.obj (.data)
                  200008f8    00000004     rtsv7M4_T_le_eabi.lib : errno.obj (.data)
                  200008fc    00000004                           : fopen.obj (.data)
                  20000900    00000004                           : rand.obj (.data)
                  20000904    00000004                           : stkdepth_vars.obj (.data)

.TI.persistent 
*          0    20000000    00000000     UNINITIALIZED

.stack     0    20002000    00002000     UNINITIALIZED
                  20002000    00002000     --HOLE--

.intvecs   0    20004000    00000400     
                  20004000    00000400     startup_ccs.obj (.intvecs)

.text      0    20004400    0001ceec     
                  20004400    00001258     free_rtos.a : tasks.obj (.text)
                  20005658    000010a6     rtsv7M4_T_le_eabi.lib : _printfi.obj (.text)
                  200066fe    00000002     startup_ccs.obj (.text:BusFaultHandler)
                  20006700    00000b24     free_rtos.a : queue.obj (.text)
                  20007224    00000a08     magnetic.obj (.text:fUpdateCalibration10EIG)
                  20007c2c    00000788     magnetic.obj (.text:fUpdateCalibration4INV)
                  200083b4    00000694     magnetic.obj (.text:fUpdateCalibration7EIG)
                  20008a48    00000688     matrix.obj (.text:eigencompute)
                  200090d0    00000610     ota.a : OtaHttp.obj (.text)
                  200096e0    000005ec     simplelink.a : driver.obj (.text:_SlDrvMsgRead)
                  20009ccc    00000584     magnetic.obj (.text:iUpdateMagnetometerBuffer)
                  2000a250    00000580     network_relater_fns.obj (.text:SimpleLinkHttpServerCallback)
                  2000a7d0    000004be     cc3200_utils.obj (.text:createNewInstallationId)
                  2000ac8e    00000002     startup_ccs.obj (.text:FaultISR)
                  2000ac90    000004b0     user_configure_fn.obj (.text:User_Configure)
                  2000b140    000004a8     application_fn.obj (.text:application_fn)
                  2000b5e8    000004a0     network_relater_fns.obj (.text:GetSNTPTime)
                  2000ba88    0000045c     free_rtos.a : osi_freertos.obj (.text)
                  2000bee4    0000044c     request.obj (.text:buildRequestHeaders)
                  2000c330    00000424     ota.a : OtaClient.obj (.text)
                  2000c754    0000040c           : OtaApp.obj (.text)
                  2000cb60    000003dc     rtsv7M4_T_le_eabi.lib : memory.obj (.text)
                  2000cf3c    000003b8     matrix.obj (.text:fmatrixAeqInvA)
                  2000d2f4    00000378     rtsv7M4_T_le_eabi.lib : powf.obj (.text)
                  2000d66c    0000035c     ota.a : CdnClient.obj (.text)
                  2000d9c8    00000354     orientation.obj (.text:feCompassWin8)
                  2000dd1c    00000338     parse_uploads.obj (.text:ConstructGroundDataObject)
                  2000e054    00000338     ota.a : LogClient.obj (.text)
                  2000e38c    0000030c     rtsv7M4_T_le_eabi.lib : lowlev.obj (.text)
                  2000e698    000002d4                           : trgdrv.obj (.text)
                  2000e96c    000002c4     tasks.obj (.text:MagCal_Run)
                  2000ec30    000002b0     network_relater_fns.obj (.text:ConfigureSimpleLinkToDefaultState)
                  2000eee0    00000298     mt9d111.obj (.text:RegLstWrite)
                  2000f178    00000298     user_configure_fn.obj (.text:WiFiProvisioning)
                  2000f410    00000298     rtsv7M4_T_le_eabi.lib : vla_alloc.obj (.text)
                  2000f6a8    00000290     user_configure_fn.obj (.text:Get_Calibration_MagSensor)
                  2000f938    0000026e     simplejson.obj (.text:simpleJsonProcessor)
                  2000fba6    00000002     driverlib.a : interrupt.obj (.text:IntDefaultHandler)
                  2000fba8    0000026c     camera_app.obj (.text:CaptureImage)
                  2000fe14    00000268     parse_uploads.obj (.text:ConstructUserConfigObject)
                  2001007c    00000268     main_FXOS8700.obj (.text:angleCheck_Initializations)
                  200102e4    0000025c     lightSens_isl29035.obj (.text:configureISL29035)
                  20010540    00000248     simplelink.a : driver.obj (.text:_SlDrvRxHdrRead)
                  20010788    00000244                  : wlan.obj (.text:sl_WlanConnect)
                  200109cc    00000220     door_position_detection_algorithm.obj (.text:check_doorpos)
                  20010bec    0000021e     rtsv7M4_T_le_eabi.lib : ll_div_t2.obj (.text)
                  20010e0a    00000002     startup_ccs.obj (.text:IntDefaultHandler)
                  20010e0c    00000204     request.obj (.text:payloadSend)
                  20011010    000001f4     rtsv7M4_T_le_eabi.lib : ull_div_t2.obj (.text)
                  20011204    000001d0     simplelink.a : driver.obj (.text:_SlDrvReleasePoolObj)
                  200113d4    000001cc                  : driver.obj (.text:_SlDrvMsgWrite)
                  200115a0    000001c8     main.obj (.text:main)
                  20011768    000001c4     tasks.obj (.text:RdSensData_Run)
                  2001192c    000001c4     rtsv7M4_T_le_eabi.lib : fopen.obj (.text)
                  20011af0    000001c0     magnetic.obj (.text:fInvertMagCal)
                  20011cb0    000001bc     rtsv7M4_T_le_eabi.lib : xflog.obj (.text)
                  20011e6c    000001b8     parse_uploads.obj (.text:ConstructDeviceStateObject)
                  20012024    000001b6     rtsv7M4_T_le_eabi.lib : fd_add_t2.obj (.text)
                  200121da    00000002     startup_ccs.obj (.text:NmiSR)
                  200121dc    000001b4     SendObject_ToParse.obj (.text:SendObject_ToParse)
                  20012390    000001b0     user_configure_fn.obj (.text:AccessPtMode_HTTPServer_Start)
                  20012540    000001ac     request.obj (.text:sendRequest)
                  200126ec    000001a4     orientation.obj (.text:fQuaternionFromRotationMatrix)
                  20012890    000001a4     cc3200_socket.obj (.text:socketSslConnect)
                  20012a34    000001a0     camera_app.obj (.text:CameraIntHandler)
                  20012bd4    000001a0     network_relater_fns.obj (.text:initNetwork)
                  20012d74    0000019c     rtsv7M4_T_le_eabi.lib : xfsin.obj (.text)
                  20012f10    00000198     ota.obj (.text:OTA_Run)
                  200130a8    00000190     camera_app.obj (.text:CaptureandSavePreviewImage)
                  20013238    00000190     simplelink.a : driver.obj (.text:_SlDrvWaitForPoolObj)
                  200133c8    0000018c     SendObject_ToParse.obj (.text:Calculate_TrueMinMaxAngles)
                  20013554    0000018c     network_relater_fns.obj (.text:SimpleLinkWlanEventHandler)
                  200136e0    00000188     sendGroundData.obj (.text:SendGroundData)
                  20013868    00000188     matrix.obj (.text:f3x3matrixAeqInvSymB)
                  200139f0    00000184     parse_uploads.obj (.text:UploadFirmwareVersionObjectToParse)
                  20013b74    00000184     flc.a : flc.obj (.text)
                  20013cf8    00000180     orientation.obj (.text:fWin8AnglesDegFromRotationMatrix)
                  20013e78    00000178     door_position_detection_algorithm.obj (.text:Calculate_DoorOpenThresholdAngle)
                  20013ff0    00000178     rtsv7M4_T_le_eabi.lib : tanf.obj (.text)
                  20014168    00000178                           : xfexp.obj (.text)
                  200142e0    00000174     simplelink.a : driver.obj (.text:_SlDrvDriverCBInit)
                  20014454    00000174     magnetic.obj (.text:fInitMagCalibration)
                  200145c8    00000170     simplelink.a : driver.obj (.text:_SlFindAndSetActiveObj)
                  20014738    00000168     ota.obj (.text:OTAServerInfoSet)
                  200148a0    00000160     tasks.obj (.text:Fusion_Run)
                  20014a00    00000160     tempRHSens_si7020.obj (.text:getTempRH)
                  20014b60    00000158     drivers.obj (.text:FXOS8700_Init)
                  20014cb8    00000158     orientation.obj (.text:qAeqAxB)
                  20014e10    00000158     orientation.obj (.text:qconjgAxB)
                  20014f68    00000154     Task_ImageCaptureConfigs.obj (.text:ImageSensor_CaptureConfigs_Task)
                  200150bc    00000150     simplelink.a : cc_pal.obj (.text:spi_Open)
                  2001520c    00000148     mt9d111.obj (.text:RestartSensorInJpegMode)
                  20015354    00000140     network_relater_fns.obj (.text:WiFi_Connect)
                  20015494    0000013c     rtsv7M4_T_le_eabi.lib : fmodf.obj (.text)
                  200155d0    0000013c     simplelink.a : socket.obj (.text:sl_Select)
                  2001570c    00000138     network_relater_fns.obj (.text:GetTimeNTP)
                  20015844    00000138     i2cconfig.obj (.text:I2CBufferRead)
                  2001597c    00000138     mt9d111.obj (.text:Register_Read)
                  20015ab4    00000138     orientation.obj (.text:fLPFOrientationQuaternion)
                  20015bec    00000138     orientation.obj (.text:fRotationMatrixFromQuaternion)
                  20015d24    00000138     i2c_app.obj (.text:i2cWriteRegisters)
                  20015e5c    00000136     rtsv7M4_T_le_eabi.lib : fd_div_t2.obj (.text)
                  20015f92    00000002                           : l_div0.obj (.text)
                  20015f94    00000134     driverlib.a : prcm.obj (.text:PRCMCC3200MCUInit)
                  200160c8    00000134     rtsv7M4_T_le_eabi.lib : fputs.obj (.text)
                  200161fc    00000130     i2cconfig.obj (.text:I2CBufferWrite)
                  2001632c    00000130     mt9d111.obj (.text:Read_AllRegisters)
                  2001645c    0000012a     free_rtos.a : list.obj (.text)
                  20016586    00000002     main.obj (.text:vApplicationIdleHook)
                  20016588    00000128     simplelink.a : driver.obj (.text:_SlDrvDataReadOp)
                  200166b0    0000011c     mt9d111.obj (.text:SetInitialGain)
                  200167cc    00000118     simplelink.a : socket.obj (.text:sl_SendTo)
                  200168e4    00000116     drivers.obj (.text:FXOS8700_ReadData)
                  200169fa    00000002     --HOLE-- [fill = 0]
                  200169fc    00000110     free_rtos.a : port.obj (.text)
                  20016b0c    00000110     rtsv7M4_T_le_eabi.lib : xdscale.obj (.text)
                  20016c1c    0000010c     hibernate_related_fns.obj (.text:HIBernate)
                  20016d28    0000010c     flash_files.obj (.text:WriteFile_ToFlash)
                  20016e34    0000010c     simplelink.a : socket.obj (.text:sl_RecvFrom)
                  20016f40    00000108     middleware.a : rtc_hal.obj (.text:rtc_fast_domain_counter_rd)
                  20017048    00000108     simplelink.a : socket.obj (.text:sl_Connect)
                  20017150    00000108                  : socket.obj (.text:sl_Send)
                  20017258    00000104                  : driver.obj (.text:_SlDrvDataWriteOp)
                  2001735c    00000104     i2c_app.obj (.text:i2cReadRegistersTwoBytes)
                  20017460    00000104     simplelink.a : netapp.obj (.text:sl_NetAppDnsGetHostByName)
                  20017564    00000104     tempRHSens_si7020.obj (.text:verifyTempRHSensor)
                  20017668    00000100     i2c_app.obj (.text:i2cReadRegisters)
                  20017768    00000100     cc3200_client_state.obj (.text:loadClientState)
                  20017868    000000fe     simplelink.a : netapp.obj (.text:_SlDrvNetAppEventHandler)
                  20017966    00000002     --HOLE-- [fill = 0]
                  20017968    000000fc     pinmux.obj (.text:PinMuxConfig)
                  20017a64    000000fc     parse_uploads.obj (.text:UploadSensorDataToParse)
                  20017b60    000000fc     orientation.obj (.text:fqAeqNormqA)
                  20017c5c    000000fc     rtsv7M4_T_le_eabi.lib : fd_mul_t2.obj (.text)
                  20017d58    000000fa                           : fs_add_t2.obj (.text)
                  20017e52    00000002     --HOLE-- [fill = 0]
                  20017e54    000000f8     Task_Main.obj (.text:Main_Task_withHibernate)
                  20017f4c    000000f8     cc3200_certificate.obj (.text:ensureCertificateFile)
                  20018044    000000f8     fusion.obj (.text:fRun_6DOF_GB_BASIC)
                  2001813c    000000f6     app_common.obj (.text:Get_FridgeCamID)
                  20018232    000000f4     mt9d111.obj (.text:SetAnalogGain)
                  20018326    000000f4     mt9d111.obj (.text:SetDigitalGain)
                  2001841a    00000002     --HOLE-- [fill = 0]
                  2001841c    000000f4     simplelink.a : driver.obj (.text:_SlDrvDriverCBDeinit)
                  20018510    000000f4     installation.obj (.text:getInstallation)
                  20018604    000000f4     app_common.obj (.text:intToASCII)
                  200186f8    000000f4     simplelink.a : fs.obj (.text:sl_FsRead)
                  200187ec    000000f2     cc3200_socket.obj (.text:socketRead)
                  200188de    00000002     --HOLE-- [fill = 0]
                  200188e0    000000f0     driverlib.a : udma.obj (.text:uDMAChannelTransferSet)
                  200189d0    000000ec     network_relater_fns.obj (.text:SimpleLinkNetAppEventHandler)
                  20018abc    000000ec     orientation.obj (.text:fRotationVectorDegFromQuaternion)
                  20018ba8    000000ec     simplelink.a : fs.obj (.text:sl_FsWrite)
                  20018c94    000000e8     lightSens_isl29035.obj (.text:verifyISL29035)
                  20018d7c    000000e4     appFns_BatteryLevelSense.obj (.text:Get_BatteryPercent)
                  20018e60    000000e4     parse_uploads.obj (.text:UploadImageToParse)
                  20018f44    000000e0     flash_files.obj (.text:ReadFile_FromFlash)
                  20019024    000000e0     parse_uploads.obj (.text:UploadGroundDataObjectToParse)
                  20019104    000000e0     accelomtrMagntomtr_fxos8700.obj (.text:verifyAccelMagnSensor)
                  200191e4    000000dc     camera_app.obj (.text:Start_CameraCapture)
                  200192c0    000000dc     parse_uploads.obj (.text:UploadUserConfigObjectToParse)
                  2001939c    000000dc     Task_UserConfig.obj (.text:UserConfigure_Task)
                  20019478    000000dc     rtsv7M4_T_le_eabi.lib : setvbuf.obj (.text)
                  20019554    000000dc     simplelink.a : cc_pal.obj (.text:spi_Read)
                  20019630    000000d8                  : driver.obj (.text:_SlDrvClassifyRxMsg)
                  20019708    000000d8     rtsv7M4_T_le_eabi.lib : xfatan.obj (.text)
                  200197e0    000000d4     simplelink.a : device.obj (.text:sl_Stop)
                  200198b4    000000d0     rtsv7M4_T_le_eabi.lib : xfdscale.obj (.text)
                  20019984    000000cc     user_configure_fn.obj (.text:CollectAngle)
                  20019a50    000000cc     main.obj (.text:InitializeAppVariables)
                  20019b1c    000000cc     approximations.obj (.text:fatan_deg)
                  20019be8    000000cc     rtsv7M4_T_le_eabi.lib : sqrtf.obj (.text)
                  20019cb4    000000c8     camera_app.obj (.text:DMAConfig)
                  20019d7c    000000c8     mt9d111.obj (.text:EnterStandby_mt9d111)
                  20019e44    000000c8     mt9d111.obj (.text:ReadGainReg)
                  20019f0c    000000c8     simplelink.a : netapp.obj (.text:_sl_HandleAsync_DnsGetHostByService)
                  20019fd4    000000c8     rtsv7M4_T_le_eabi.lib : fflush.obj (.text)
                  2001a09c    000000c4     mt9d111.obj (.text:ExitStandby_mt9d111)
                  2001a160    000000c4     simplelink.a : driver.obj (.text:_SlRemoveFromList)
                  2001a224    000000c0     i2c_if.obj (.text:I2C_IF_Read)
                  2001a2e4    000000c0     network_relater_fns.obj (.text:SimpleLinkSockEventHandler)
                  2001a3a4    000000be     rtsv7M4_T_le_eabi.lib : xdnorm.obj (.text)
                  2001a462    00000002     --HOLE-- [fill = 0]
                  2001a464    000000bc     i2c_if.obj (.text:I2C_IF_Write)
                  2001a520    000000bc     camera_app.obj (.text:Standby_ImageSensor)
                  2001a5dc    000000bc     user_configure_fn.obj (.text:WlanConnect)
                  2001a698    000000bc     simplelink.a : driver.obj (.text:_SlDrvMsgReadCmdCtx)
                  2001a754    000000bc     tempRHSens_si7020.obj (.text:configureTempRHSensor)
                  2001a810    000000bc     rtsv7M4_T_le_eabi.lib : acosf.obj (.text)
                  2001a8cc    000000bc     simplelink.a : device.obj (.text:sl_Start)
                  2001a988    000000ba     free_rtos.a : portasm.obj (.text)
                  2001aa42    00000002     --HOLE-- [fill = 0]
                  2001aa44    000000b8     door_position_detection_algorithm.obj (.text:Check_MinMax)
                  2001aafc    000000b8     simplelink.a : driver.obj (.text:_SlAsyncEventGenericHandler)
                  2001abb4    000000b8     installation.obj (.text:createInstallation)
                  2001ac6c    000000b4     user_configure_fn.obj (.text:SaveImageConfig)
                  2001ad20    000000b4     simplelink.a : netapp.obj (.text:sl_NetAppMDNSRegisterUnregisterService)
                  2001add4    000000ac     rtsv7M4_T_le_eabi.lib : _io_perm.obj (.text)
                  2001ae80    000000ab     installation.obj (.text:getInstallationByIdCallback)
                  2001af2b    00000001     --HOLE-- [fill = 0]
                  2001af2c    000000aa     uartA1_if.obj (.text:Report)
                  2001afd6    00000002     --HOLE-- [fill = 0]
                  2001afd8    000000a8     driverlib.a : interrupt.obj (.text:IntDisable)
                  2001b080    000000a8                 : interrupt.obj (.text:IntEnable)
                  2001b128    000000a8     simplelink.a : netcfg.obj (.text:sl_NetCfgGet)
                  2001b1d0    000000a0     driverlib.a : spi.obj (.text:SPIConfigSetExpClk)
                  2001b270    000000a0     cc3200_socket.obj (.text:socketWrite)
                  2001b310    0000009e     matrix.obj (.text:f3x3matrixDetA)
                  2001b3ae    00000002     --HOLE-- [fill = 0]
                  2001b3b0    0000009c     simplelink.a : driver.obj (.text:_SlDrvMsgReadSpawnCtx)
                  2001b44c    0000009c     approximations.obj (.text:fatan2_deg)
                  2001b4e8    0000009c     rtsv7M4_T_le_eabi.lib : memcpy_t2.obj (.text)
                  2001b584    0000009c     simplelink.a : device.obj (.text:sl_DevGet)
                  2001b620    00000098     network_relater_fns.obj (.text:InitializeUserConfigVariables)
                  2001b6b8    00000098     LED_timer.obj (.text:IntrptHandler_LEDTimer)
                  2001b750    00000098     ota.obj (.text:OTA_CommitImage)
                  2001b7e8    00000098     mt9d111.obj (.text:Verify_ImageSensor)
                  2001b880    00000098     simplelink.a : fs.obj (.text:_sl_GetCreateFsMode)
                  2001b918    00000098     rtsv7M4_T_le_eabi.lib : fclose.obj (.text)
                  2001b9b0    00000098                           : fputc.obj (.text)
                  2001ba48    00000096     parse_uploads.obj (.text:Add_NumberField_ToJSONString)
                  2001bade    00000002     --HOLE-- [fill = 0]
                  2001bae0    00000094     dbgFns.obj (.text:Check_I2CDevices)
                  2001bb74    00000094     camera_app.obj (.text:Config_CameraCapture)
                  2001bc08    00000094     Task_UserConfig.obj (.text:IsLongPress)
                  2001bc9c    00000094     driverlib.a : prcm.obj (.text:PRCMPeripheralClockGet)
                  2001bd30    00000094     approximations.obj (.text:facos_deg)
                  2001bdc4    00000094     lightSens_isl29035.obj (.text:getLightsensor_data)
                  2001be58    00000094     rtsv7M4_T_le_eabi.lib : snprintf.obj (.text)
                  2001beec    00000092     parse_impl.obj (.text:parseInitialize)
                  2001bf7e    00000092     rtsv7M4_T_le_eabi.lib : fs_div_t2.obj (.text)
                  2001c010    0000008c     app_common.obj (.text:LED_Blink_2)
                  2001c09c    0000008c     simplelink.a : cc_pal.obj (.text:SetupDMAReceive)
                  2001c128    0000008c                  : cc_pal.obj (.text:SetupDMASend)
                  2001c1b4    0000008c                  : netapp.obj (.text:_sl_HandleAsync_DnsGetHostByName)
                  2001c240    0000008c                  : netapp.obj (.text:_sl_HandleAsync_PingResponse)
                  2001c2cc    0000008c     rtsv7M4_T_le_eabi.lib : xfdint.obj (.text)
                  2001c358    0000008c     simplelink.a : cc_pal.obj (.text:spi_Write)
                  2001c3e4    00000088     driverlib.a : prcm.obj (.text:PRCMHibernateIntervalSet)
                  2001c46c    00000088                 : pin.obj (.text:PinConfigSet)
                  2001c4f4    00000088     rtsv7M4_T_le_eabi.lib : vsnprintf.obj (.text)
                  2001c57c    00000088     simplelink.a : socket.obj (.text:sl_Bind)
                  2001c604    00000088                  : fs.obj (.text:sl_FsClose)
                  2001c68c    00000086     rtsv7M4_T_le_eabi.lib : fd_cmp_t2.obj (.text:__aeabi_cdcmple)
                  2001c712    00000086                           : fd_cmp_t2.obj (.text:__aeabi_cdrcmple)
                  2001c798    00000084     timer_if.obj (.text:GetPeripheralIntNum)
                  2001c81c    00000084     driverlib.a : i2c.obj (.text:I2CMasterInitExpClk)
                  2001c8a0    00000084     simplelink.a : cc_pal.obj (.text:NwpPowerOnPreamble)
                  2001c924    00000084     matrix.obj (.text:f3x3matrixAeqI)
                  2001c9a8    00000084     fusion.obj (.text:fInit_6DOF_GB_BASIC)
                  2001ca2c    00000080     camera_app.obj (.text:Wakeup_ImageSensor)
                  2001caac    00000080     simplelink.a : driver.obj (.text:_SlDrvCmdOp)
                  2001cb2c    00000080                  : cc_pal.obj (.text:spi_Read_CPU)
                  2001cbac    00000080                  : cc_pal.obj (.text:spi_Write_CPU)
                  2001cc2c    0000007c     driverlib.a : prcm.obj (.text:PRCMRTCGet)
                  2001cca8    0000007c     simplelink.a : device.obj (.text:_sl_HandleAsync_InitComplete)
                  2001cd24    0000007c     matrix.obj (.text:fmatrixAeqI)
                  2001cda0    0000007c     simplelink.a : fs.obj (.text:sl_FsGetInfo)
                  2001ce1c    0000007a     rtsv7M4_T_le_eabi.lib : fs_mul_t2.obj (.text)
                  2001ce96    0000007a                           : memset_t2.obj (.text)
                  2001cf10    0000007a                           : xfdnorm.obj (.text)
                  2001cf8a    00000002     --HOLE-- [fill = 0]
                  2001cf8c    00000078     network_relater_fns.obj (.text:ConfigureMode)
                  2001d004    00000078     i2c_if.obj (.text:I2CTransact)
                  2001d07c    00000078     parse_uploads.obj (.text:InitialiseParse)
                  2001d0f4    00000078     NWP.obj (.text:NWP_SwitchOn)
                  2001d16c    00000078     simplelink.a : socket.obj (.text:_sl_HandleAsync_Connect)
                  2001d1e4    00000078                  : fs.obj (.text:sl_FsOpen)
                  2001d25c    00000078                  : cc_pal.obj (.text:spi_Close)
                  2001d2d4    00000076     driverlib.a : uart.obj (.text:UARTConfigSetExpClk)
                  2001d34a    00000002     --HOLE-- [fill = 0]
                  2001d34c    00000074     NWP.obj (.text:NWP_SwitchOff)
                  2001d3c0    00000074     camera_app.obj (.text:ReStart_CameraCapture)
                  2001d434    00000074     middleware.a : rtc_hal.obj (.text:rtc_value_rd)
                  2001d4a8    00000074     simplelink.a : socket.obj (.text:sl_Recv)
                  2001d51c    00000073     installation.obj (.text:getInstallationCallback)
                  2001d58f    00000001     --HOLE-- [fill = 0]
                  2001d590    00000072     timer_if.obj (.text:Timer_IF_IntSetup)
                  2001d602    00000002     --HOLE-- [fill = 0]
                  2001d604    00000070     batteryVoltLvlSens_adc081c021.obj (.text:Get_BatteryVoltageLevel_ADC081C021)
                  2001d674    00000070     network_relater_fns.obj (.text:Network_IF_GetHostIP)
                  2001d6e4    00000070     appFns_LightSensor.obj (.text:PowerDown_LightSensor)
                  2001d754    00000070     timer_fns.obj (.text:get_timeDuration)
                  2001d7c4    0000006c     camera_app.obj (.text:CamControllerInit)
                  2001d830    0000006c     lightSens_isl29035.obj (.text:PowerDown_ISL29035)
                  2001d89c    0000006c     mt9d111.obj (.text:ReadImageConfigReg)
                  2001d908    0000006c     udma_if.obj (.text:UDMAInit)
                  2001d974    0000006c     simplelink.a : driver.obj (.text:_SlDrvCmdSend)
                  2001d9e0    0000006c     matrix.obj (.text:f3x3matrixAeqMinusA)
                  2001da4c    0000006c     request.obj (.text:parseSendRequestInternal)
                  2001dab8    0000006c     rtsv7M4_T_le_eabi.lib : autoinit.obj (.text)
                  2001db24    0000006c                           : fprintf.obj (.text)
                  2001db90    0000006c                           : fs_toll_t2.obj (.text)
                  2001dbfc    0000006a     matrix.obj (.text:f3x3matrixAeqAxScalar)
                  2001dc66    0000006a     rtsv7M4_T_le_eabi.lib : copy_decompress_rle.obj (.text)
                  2001dcd0    00000069     http.obj (.text:beginHttpGetRequest)
                  2001dd39    00000003     --HOLE-- [fill = 0]
                  2001dd3c    00000068     driverlib.a : prcm.obj (.text:PRCMHibernateWakeUpGPIOSelect)
                  2001dda4    00000068     mt9d111.obj (.text:StartSensorInJpegMode)
                  2001de0c    00000068     simplelink.a : netapp.obj (.text:_sl_NetAppSendTokenValue)
                  2001de74    00000068     cc3200_utils.obj (.text:fetchDeviceOSVersion)
                  2001dedc    00000068     rtsv7M4_T_le_eabi.lib : trgmsg.obj (.text)
                  2001df44    00000068     simplelink.a : device.obj (.text:sl_DevSet)
                  2001dfac    00000068                  : netcfg.obj (.text:sl_NetCfgSet)
                  2001e014    00000068                  : socket.obj (.text:sl_SetSockOpt)
                  2001e07c    00000068                  : wlan.obj (.text:sl_WlanSet)
                  2001e0e4    00000066     matrix.obj (.text:f3x3matrixAeqScalar)
                  2001e14a    00000066     rtsv7M4_T_le_eabi.lib : xdunscal.obj (.text)
                  2001e1b0    00000064                           : fseek.obj (.text)
                  2001e214    00000064     cc3200_socket.obj (.text:socketWait)
                  2001e278    00000064     tempRHSens_si7020.obj (.text:softResetTempRHSensor)
                  2001e2dc    00000064     driverlib.a : udma.obj (.text:uDMAChannelAttributeDisable)
                  2001e340    00000064                 : udma.obj (.text:uDMAChannelAttributeEnable)
                  2001e3a4    00000060     mt9d111.obj (.text:CCMRegs_Read)
                  2001e404    00000060     watchdog.obj (.text:WatchdogIntHandler)
                  2001e464    00000060     rtsv7M4_T_le_eabi.lib : fs_cmp_t2.obj (.text:__aeabi_cfcmple)
                  2001e4c4    00000060                           : fs_cmp_t2.obj (.text:__aeabi_cfrcmple)
                  2001e524    00000060     simplelink.a : socket.obj (.text:_sl_HandleAsync_Accept)
                  2001e584    00000060     main_FXOS8700.obj (.text:fxosDefault_Initializations)
                  2001e5e4    00000060     rtsv7M4_T_le_eabi.lib : sprintf.obj (.text)
                  2001e644    00000060     simplelink.a : wlan.obj (.text:sl_WlanPolicySet)
                  2001e6a4    00000060     accelomtrMagntomtr_fxos8700.obj (.text:standby_accelMagn_fxos8700)
                  2001e704    0000005c     lightSens_isl29035.obj (.text:getLightsensor_intrptStatus)
                  2001e760    0000005c     accelomtrMagntomtr_fxos8700.obj (.text:getMagntData)
                  2001e7bc    0000005c     simplelink.a : socket.obj (.text:sl_Socket)
                  2001e818    00000058     driverlib.a : interrupt.obj (.text:IntPendClear)
                  2001e870    00000058     mt9d111.obj (.text:PCLK_Rate_read)
                  2001e8c8    00000058     driverlib.a : prcm.obj (.text:PRCMPeripheralReset)
                  2001e920    00000056     rtsv7M4_T_le_eabi.lib : ltoa.obj (.text)
                  2001e976    00000056                           : xfdunsca.obj (.text)
                  2001e9cc    00000054     driverlib.a : interrupt.obj (.text:IntPrioritySet)
                  2001ea20    00000054     simplelink.a : socket.obj (.text:_sl_HandleAsync_Select)
                  2001ea74    00000054     approximations.obj (.text:fasin_deg)
                  2001eac8    00000054     request.obj (.text:headerSend)
                  2001eb1c    00000054     simplelink.a : wlan.obj (.text:sl_WlanRxFilterSet)
                  2001eb70    00000051     installation.obj (.text:createInstallationCallback)
                  2001ebc1    00000003     --HOLE-- [fill = 0]
                  2001ebc4    00000050     i2c_if.obj (.text:I2C_IF_Open)
                  2001ec14    00000050     driverlib.a : prcm.obj (.text:PRCMSlowClkCtrGet)
                  2001ec64    00000050     camera_app.obj (.text:Restart_Camera)
                  2001ecb4    00000050     simplelink.a : device.obj (.text:_sl_HandleAsync_Stop)
                  2001ed04    00000050     mt9d111.obj (.text:disableAE)
                  2001ed54    00000050     mt9d111.obj (.text:disableAWB)
                  2001eda4    00000050     mt9d111.obj (.text:enableAWB)
                  2001edf4    00000050     rtsv7M4_T_le_eabi.lib : fs_toull_t2.obj (.text)
                  2001ee44    00000050     simplelink.a : fs.obj (.text:sl_FsDel)
                  2001ee94    0000004c     tasks.obj (.text:RdSensData_Init)
                  2001eee0    0000004c     driverlib.a : spi.obj (.text:SPIIntEnable)
                  2001ef2c    0000004c     watchdog.obj (.text:WDT_init)
                  2001ef78    0000004c     simplelink.a : driver.obj (.text:_SlDrvProtectAsyncRespSetting)
                  2001efc4    0000004c                  : driver.obj (.text:_SlDrvRxIrqHandler)
                  2001f010    0000004c                  : socket.obj (.text:_sl_BuildAddress)
                  2001f05c    0000004c     rtsv7M4_T_le_eabi.lib : atoi.obj (.text)
                  2001f0a8    0000004c                           : atol.obj (.text)
                  2001f0f4    0000004c                           : cpy_tbl.obj (.text)
                  2001f140    0000004c                           : rand.obj (.text)
                  2001f18c    0000004c     driverlib.a : udma.obj (.text:uDMAChannelAssign)
                  2001f1d8    0000004c     middleware.a : util64.obj (.text:util_u32_nsec_add)
                  2001f224    0000004a     rtsv7M4_T_le_eabi.lib : fd_tos_t2.obj (.text)
                  2001f26e    00000002     --HOLE-- [fill = 0]
                  2001f270    00000048     driverlib.a : prcm.obj (.text:PRCMHibernateWakeupSourceDisable)
                  2001f2b8    00000048                 : prcm.obj (.text:PRCMHibernateWakeupSourceEnable)
                  2001f300    00000048                 : spi.obj (.text:SPIIntClear)
                  2001f348    00000048     mt9d111.obj (.text:Variable_Read)
                  2001f390    00000048     simplelink.a : driver.obj (.text:_SlDrvBasicCmd)
                  2001f3d8    00000048     http.obj (.text:addHttpRequestLine)
                  2001f420    00000048     approximations.obj (.text:fatan_15deg)
                  2001f468    00000048     rtsv7M4_T_le_eabi.lib : fd_toi_t2.obj (.text)
                  2001f4b0    00000046                           : ldexp.obj (.text)
                  2001f4f6    00000002     --HOLE-- [fill = 0]
                  2001f4f8    00000044     driverlib.a : spi.obj (.text:SPIDmaMaskGet)
                  2001f53c    00000044                 : timer.obj (.text:TimerConfigure)
                  2001f580    00000044     udma_if.obj (.text:UDMASetupTransfer)
                  2001f5c4    00000044     simplelink.a : cc_pal.obj (.text:cc_SetupTransfer)
                  2001f608    00000044     main_FXOS8700.obj (.text:fxos_Calibration)
                  2001f64c    00000044     rtsv7M4_T_le_eabi.lib : exit.obj (.text)
                  2001f690    00000044                           : fd_tou_t2.obj (.text)
                  2001f6d4    00000042     simplelink.a : socket.obj (.text:sl_Htonl)
                  2001f716    00000002     --HOLE-- [fill = 0]
                  2001f718    00000040     camera_app.obj (.text:ImagCapture_Init)
                  2001f758    00000040     driverlib.a : pin.obj (.text:PinModeSet)
                  2001f798    00000040     mt9d111.obj (.text:Variable_Write)
                  2001f7d8    00000040     http.obj (.text:getHttpResponseBody)
                  2001f818    00000040     rtsv7M4_T_le_eabi.lib : signal.obj (.text)
                  2001f858    00000040     timer_fns.obj (.text:start_1Sec_TimeoutTimer)
                  2001f898    0000003e     rtsv7M4_T_le_eabi.lib : strncasecmp.obj (.text)
                  2001f8d6    0000003c     simplelink.a : netapp.obj (.text:CopyPingResultsToReport)
                  2001f912    00000002     --HOLE-- [fill = 0]
                  2001f914    0000003c     tasks.obj (.text:Fusion_Init)
                  2001f950    0000003c     ota.obj (.text:OTA_Init)
                  2001f98c    0000003c     driverlib.a : prcm.obj (.text:PRCMPeripheralClkEnable)
                  2001f9c8    0000003c                 : prcm.obj (.text:PRCMSlowClkCtrFastGet)
                  2001fa04    0000003c     mt9d111.obj (.text:Reg_Read)
                  2001fa40    0000003c     simplelink.a : socket.obj (.text:_sl_TruncatePayloadByProtocol)
                  2001fa7c    0000003c     rtsv7M4_T_le_eabi.lib : boot.obj (.text)
                  2001fab8    0000003c     simplelink.a : socket.obj (.text:sl_Htons)
                  2001faf4    0000003c     timer_fns.obj (.text:start_100mSecTimer)
                  2001fb30    0000003c     driverlib.a : udma.obj (.text:uDMAChannelControlSet)
                  2001fb6c    0000003a                 : camera.obj (.text:CameraCaptureStop)
                  2001fba6    0000003a                 : camera.obj (.text:CameraXClkConfig)
                  2001fbe0    0000003a     appFns_LightSensor.obj (.text:IsLightOff)
                  2001fc1a    0000003a     mt9d111.obj (.text:Reg_Write)
                  2001fc54    0000003a     orientation.obj (.text:fLPFScalar)
                  2001fc8e    0000003a     request.obj (.text:parseSendRequest)
                  2001fcc8    00000039     http.obj (.text:addHttpRequestHeader)
                  2001fd01    00000003     --HOLE-- [fill = 0]
                  2001fd04    00000038     main.obj (.text:BoardInit)
                  2001fd3c    00000038     LED_timer.obj (.text:LEDTimer_Enable)
                  2001fd74    00000038     simplelink.a : cc_pal.obj (.text:NwpPowerOff)
                  2001fdac    00000038     wdt_if.obj (.text:WDT_IF_Init)
                  2001fde4    00000038     free_rtos.a : heap_3.obj (.text)
                  2001fe1c    00000038     rtsv7M4_T_le_eabi.lib : fs_tod_t2.obj (.text)
                  2001fe54    00000038                           : fs_toi_t2.obj (.text)
                  2001fe8c    00000038                           : i_tofs_t2.obj (.text)
                  2001fec4    00000036     driverlib.a : gpio.obj (.text:GPIODirModeSet)
                  2001fefa    00000036     simplelink.a : netapp.obj (.text:sl_NetAppMDNSUnRegisterService)
                  2001ff30    00000035     http.obj (.text:beginHttpRequest)
                  2001ff65    00000001     --HOLE-- [fill = 0]
                  2001ff66    00000034     driverlib.a : camera.obj (.text:CameraParamsConfig)
                  2001ff9a    00000002     --HOLE-- [fill = 0]
                  2001ff9c    00000034     LED_timer.obj (.text:LEDTimer_Start)
                  2001ffd0    00000034     driverlib.a : prcm.obj (.text:PRCMPeripheralStatusGet)
                  20020004    00000034                 : spi.obj (.text:SPIFIFOLevelSet)
                  20020038    00000034     http.obj (.text:getHttpResponseStatus)
                  2002006c    00000034     main_FXOS8700.obj (.text:get_angle)
                  200200a0    00000034     rtsv7M4_T_le_eabi.lib : feraiseexcept.obj (.text)
                  200200d4    00000034                           : fs_tou_t2.obj (.text)
                  20020108    00000034                           : strstr.obj (.text)
                  2002013c    00000032     timer_if.obj (.text:Timer_IF_Init)
                  2002016e    00000030     driverlib.a : pin.obj (.text:PinTypeGPIO)
                  2002019e    00000002     --HOLE-- [fill = 0]
                  200201a0    00000030                 : uart.obj (.text:UARTDisable)
                  200201d0    00000030     simplelink.a : device.obj (.text:_SlDrvDeviceEventHandler)
                  20020200    00000030                  : fs.obj (.text:_sl_Strlen)
                  20020230    00000030     middleware.a : rtc_hal.obj (.text:hw_access_time_addup)
                  20020260    00000030     rtsv7M4_T_le_eabi.lib : strncpy.obj (.text)
                  20020290    00000030                           : xferaise.obj (.text)
                  200202c0    00000030     simplelink.a : socket.obj (.text:sl_Close)
                  200202f0    00000030                  : wlan.obj (.text:sl_WlanProfileDel)
                  20020320    00000030                  : wlan.obj (.text:sl_WlanSetMode)
                  20020350    0000002e     rtsv7M4_T_le_eabi.lib : i_tofd_t2.obj (.text)
                  2002037e    0000002e                           : raise.obj (.text)
                  200203ac    0000002d     http.obj (.text:addHttpRequestHeaderInt)
                  200203d9    00000003     --HOLE-- [fill = 0]
                  200203dc    0000002c     tasks.obj (.text:ApplyMagHAL)
                  20020408    0000002c     driverlib.a : camera.obj (.text:CameraIntEnable)
                  20020434    0000002c     simplelink.a : cc_pal.obj (.text:DmaSpiSwIntHandler)
                  20020460    0000002c     driverlib.a : i2c.obj (.text:I2CMasterErr)
                  2002048c    0000002c     timer_fns.obj (.text:IntHandler_1Sec_TimeoutTimer)
                  200204b8    0000002c     driverlib.a : prcm.obj (.text:PRCMSysResetCauseGet)
                  200204e4    0000002c     mt9d111.obj (.text:SoftReset_ImageSensor)
                  20020510    0000002c     cc3200_utils.obj (.text:getDeviceTimeDate)
                  2002053c    0000002c     request.obj (.text:setDataBufferPointer)
                  20020568    0000002a     driverlib.a : timer.obj (.text:TimerLoadSet)
                  20020592    0000002a                 : timer.obj (.text:TimerPrescaleSet)
                  200205bc    0000002a     rtsv7M4_T_le_eabi.lib : xdclass.obj (.text)
                  200205e6    0000002a     middleware.a : util64.obj (.text:util_u64_time_add)
                  20020610    00000029     ota.obj (.text:OTA_Update)
                  20020639    00000003     --HOLE-- [fill = 0]
                  2002063c    00000028     driverlib.a : camera.obj (.text:CameraIntStatus)
                  20020664    00000028     uartA1_if.obj (.text:InitTerm)
                  2002068c    00000028     driverlib.a : prcm.obj (.text:IsRTCUsed)
                  200206b4    00000028     uartA1_if.obj (.text:Message)
                  200206dc    00000028     driverlib.a : prcm.obj (.text:PRCMPeripheralClkDisable)
                  20020704    00000028     rtsv7M4_T_le_eabi.lib : strncat.obj (.text)
                  2002072c    00000028     simplelink.a : netapp.obj (.text:sl_NetAppStart)
                  20020754    00000028                  : netapp.obj (.text:sl_NetAppStop)
                  2002077c    00000026     driverlib.a : camera.obj (.text:CameraThresholdSet)
                  200207a2    00000026     simplelink.a : cc_pal.obj (.text:NwpRegisterInterruptHandler)
                  200207c8    00000026     rtsv7M4_T_le_eabi.lib : strncmp.obj (.text)
                  200207ee    00000002     --HOLE-- [fill = 0]
                  200207f0    00000024     driverlib.a : camera.obj (.text:CameraIntClear)
                  20020814    00000024     timer_fns.obj (.text:IntHandler_100mSecTimer)
                  20020838    00000024     driverlib.a : interrupt.obj (.text:IntUnregister)
                  2002085c    00000024                 : prcm.obj (.text:RTCU16MSecRegRead)
                  20020880    00000024     timer_if.obj (.text:Timer_IF_Start)
                  200208a4    00000024     driverlib.a : uart.obj (.text:UARTEnable)
                  200208c8    00000024     mt9d111.obj (.text:WriteAllAEnAWBRegs)
                  200208ec    00000024     simplelink.a : driver.obj (.text:_SlDrvProtectionObjLockWaitForever)
                  20020910    00000024     main_FXOS8700.obj (.text:magnetometer_initialize)
                  20020934    00000024     rtsv7M4_T_le_eabi.lib : u_tofs_t2.obj (.text)
                  20020958    00000022     driverlib.a : camera.obj (.text:CameraCaptureStart)
                  2002097a    00000022                 : i2c.obj (.text:I2CMasterSlaveAddrSet)
                  2002099c    00000022     simplelink.a : socket.obj (.text:SL_FD_SET)
                  200209be    00000022     driverlib.a : spi.obj (.text:SPIReset)
                  200209e0    00000022                 : spi.obj (.text:SPIWordCountSet)
                  20020a02    00000022     rtsv7M4_T_le_eabi.lib : frexp.obj (.text)
                  20020a24    00000022                           : memcmp.obj (.text)
                  20020a46    00000020     driverlib.a : gpio.obj (.text:GPIOPinWrite)
                  20020a66    00000002     --HOLE-- [fill = 0]
                  20020a68    00000020                 : interrupt.obj (.text:IntRegister)
                  20020a88    00000020     simplelink.a : cc_pal.obj (.text:NwpPowerOn)
                  20020aa8    00000020     mt9d111.obj (.text:Refresh_mt9d111Firmware)
                  20020ac8    00000020     reset.obj (.text:Reset_byStarvingWDT)
                  20020ae8    00000020     simplelink.a : driver.obj (.text:_SlDrvProtectionObjUnLock)
                  20020b08    00000020     rtsv7M4_T_le_eabi.lib : memchr.obj (.text)
                  20020b28    00000020                           : u_tofd_t2.obj (.text)
                  20020b48    0000001e     driverlib.a : i2c.obj (.text:I2CMasterIntStatusEx)
                  20020b66    0000001e                 : timer.obj (.text:TimerDisable)
                  20020b84    0000001e                 : timer.obj (.text:TimerEnable)
                  20020ba2    0000001e                 : timer.obj (.text:TimerIntStatus)
                  20020bc0    0000001e                 : uart.obj (.text:UARTCharPut)
                  20020bde    0000001e     simplelink.a : cc_pal.obj (.text:cc_UDMAChannelSelect)
                  20020bfc    0000001e     rtsv7M4_T_le_eabi.lib : strcat.obj (.text)
                  20020c1a    00000002     --HOLE-- [fill = 0]
                  20020c1c    0000001c     tasks.obj (.text:ApplyAccelHAL)
                  20020c38    0000001c     mt9d111.obj (.text:CameraSensorInit)
                  20020c54    0000001c     udma_if.obj (.text:DmaSwIntHandler)
                  20020c70    0000001c     driverlib.a : pin.obj (.text:PinTypeI2C)
                  20020c8c    0000001c                 : timer.obj (.text:TimerValueGet)
                  20020ca8    0000001c     simplelink.a : driver.obj (.text:_SlDrvObjLockWaitForever)
                  20020cc4    0000001c                  : driver.obj (.text:_SlDrvSyncObjWaitForever)
                  20020ce0    0000001c     rtsv7M4_T_le_eabi.lib : memccpy.obj (.text)
                  20020cfc    0000001c     timer_fns.obj (.text:stop_100mSecTimer)
                  20020d18    0000001c     timer_fns.obj (.text:stop_1Sec_TimeoutTimer)
                  20020d34    0000001c     driverlib.a : udma.obj (.text:uDMAChannelDisable)
                  20020d50    0000001c                 : udma.obj (.text:uDMAChannelEnable)
                  20020d6c    0000001c     main.obj (.text:vApplicationMallocFailedHook)
                  20020d88    0000001a     driverlib.a : pin.obj (.text:PinTypeCamera)
                  20020da2    0000001a                 : pin.obj (.text:PinTypeUART)
                  20020dbc    0000001a                 : spi.obj (.text:SPIDmaDisable)
                  20020dd6    0000001a                 : spi.obj (.text:SPIDmaEnable)
                  20020df0    0000001a                 : spi.obj (.text:SPIFIFODisable)
                  20020e0a    0000001a                 : spi.obj (.text:SPIFIFOEnable)
                  20020e24    00000018                 : camera.obj (.text:CameraReset)
                  20020e3c    00000018                 : gpio.obj (.text:GPIOPinRead)
                  20020e54    00000018     app_common.obj (.text:LED_Off)
                  20020e6c    00000018     app_common.obj (.text:LED_On)
                  20020e84    00000018     driverlib.a : prcm.obj (.text:PRCMHibernateEnter)
                  20020e9c    00000018                 : spi.obj (.text:SPICSDisable)
                  20020eb4    00000018                 : spi.obj (.text:SPICSEnable)
                  20020ecc    00000018                 : spi.obj (.text:SPIDisable)
                  20020ee4    00000018                 : spi.obj (.text:SPIEnable)
                  20020efc    00000018                 : timer.obj (.text:TimerIntEnable)
                  20020f14    00000018     timer_if.obj (.text:Timer_IF_InterruptClear)
                  20020f2c    00000018     driverlib.a : wdt.obj (.text:WatchdogUnlock)
                  20020f44    00000018     simplelink.a : driver.obj (.text:_SlDrvObjUnLock)
                  20020f5c    00000018                  : driver.obj (.text:_SlDrvSyncObjSignal)
                  20020f74    00000018                  : device.obj (.text:_sl_GetStartResponseConvert)
                  20020f8c    00000018     middleware.a : rtc_hal.obj (.text:get_value)
                  20020fa4    00000018     rtsv7M4_T_le_eabi.lib : args_main.obj (.text)
                  20020fbc    00000018                           : strcmp.obj (.text)
                  20020fd4    00000016     driverlib.a : camera.obj (.text:CameraDMAEnable)
                  20020fea    00000016                 : camera.obj (.text:CameraIntRegister)
                  20021000    00000016                 : i2c.obj (.text:I2CMasterDataPut)
                  20021016    00000016                 : i2c.obj (.text:I2CMasterEnable)
                  2002102c    00000016                 : prcm.obj (.text:PRCMHIBRegRead)
                  20021042    00000016                 : prcm.obj (.text:PRCMHIBRegWrite)
                  20021058    00000016                 : wdt.obj (.text:WatchdogEnable)
                  2002106e    00000016     simplelink.a : driver.obj (.text:_SlDrvMemZero)
                  20021084    00000016     rtsv7M4_T_le_eabi.lib : strchr.obj (.text)
                  2002109a    00000014     driverlib.a : cpu.obj (.text:CPUcpsie)
                  200210ae    00000002     --HOLE-- [fill = 0]
                  200210b0    00000014                 : interrupt.obj (.text:IntVTableBaseSet)
                  200210c4    00000014     LED_timer.obj (.text:LEDTimer_Stop)
                  200210d8    00000014     mt9d111.obj (.text:SetShutterWidth)
                  200210ec    00000014     rtsv7M4_T_le_eabi.lib : _lock.obj (.text)
                  20021100    00000014                           : strcpy.obj (.text)
                  20021114    00000014                           : strlen.obj (.text)
                  20021128    00000014     driverlib.a : udma.obj (.text:uDMAControlBaseSet)
                  2002113c    00000014                 : udma.obj (.text:uDMAIntClear)
                  20021150    00000012                 : i2c.obj (.text:I2CMasterControl)
                  20021162    00000012                 : i2c.obj (.text:I2CMasterIntClearEx)
                  20021174    00000012                 : i2c.obj (.text:I2CMasterTimeoutSet)
                  20021186    00000012                 : timer.obj (.text:TimerIntClear)
                  20021198    00000012                 : wdt.obj (.text:WatchdogReloadSet)
                  200211aa    00000002     --HOLE-- [fill = 0]
                  200211ac    00000010                 : prcm.obj (.text:PRCMSOCReset)
                  200211bc    00000010                 : prcm.obj (.text:RTCU32SecRegRead)
                  200211cc    00000010     simplelink.a : socket.obj (.text:SL_FD_ZERO)
                  200211dc    00000010     timer_if.obj (.text:Timer_IF_Stop)
                  200211ec    00000010     driverlib.a : wdt.obj (.text:WatchdogIntClear)
                  200211fc    00000010     cc3200_socket.obj (.text:socketClose)
                  2002120c    0000000e     driverlib.a : i2c.obj (.text:I2CMasterDataGet)
                  2002121a    0000000e     simplelink.a : driver.obj (.text:_SlDrvResetCmdExt)
                  20021228    0000000e     rtsv7M4_T_le_eabi.lib : copy_decompress_none.obj (.text:decompress:none)
                  20021236    0000000c     udma_if.obj (.text:DmaErrorIntHandler)
                  20021242    00000002     --HOLE-- [fill = 0]
                  20021244    0000000c     simplelink.a : cc_pal.obj (.text:NwpMaskInterrupt)
                  20021250    0000000c                  : cc_pal.obj (.text:NwpUnMaskInterrupt)
                  2002125c    0000000c     middleware.a : rtc_hal.obj (.text:cc_rtc_get)
                  20021268    0000000c     rtsv7M4_T_le_eabi.lib : copy_zero_init.obj (.text:decompress:ZI)
                  20021274    0000000c     parse_impl.obj (.text:getInternalClient)
                  20021280    0000000c     simplelink.a : wlan.obj (.text:sl_WlanDisconnect)
                  2002128c    0000000c     driverlib.a : udma.obj (.text:uDMAEnable)
                  20021298    0000000c                 : udma.obj (.text:uDMAIntStatus)
                  200212a4    0000000a                 : interrupt.obj (.text:IntMasterEnable)
                  200212ae    0000000a     main.obj (.text:vApplicationStackOverflowHook)
                  200212b8    00000008     hibernate_related_fns.obj (.text:sensorsTriggerSetup)
                  200212c0    00000006     i2cconfig.obj (.text:MT9D111Delay)
                  200212c6    00000006     startup_ccs.obj (.text:ResetISR)
                  200212cc    00000006     driverlib.a : utils.obj (.text:UtilsDelay)
                  200212d2    00000006     rtsv7M4_T_le_eabi.lib : copy_decompress_rle.obj (.text:decompress:rle24)
                  200212d8    00000006                           : logf.obj (.text)
                  200212de    00000006                           : sinf.obj (.text)
                  200212e4    00000004                           : error.obj (.text)
                  200212e8    00000004                           : pre_init.obj (.text)

.const     0    200212ec    0000136f     
                  200212ec    00000170     mt9d111.obj (.const:capture_cmds_list)
                  2002145c    00000140     mt9d111.obj (.const:init_cmds_list)
                  2002159c    00000101     rtsv7M4_T_le_eabi.lib : ctype.obj (.const:.string:_ctypes_)
                  2002169d    00000003     --HOLE-- [fill = 0]
                  200216a0    00000100     driverlib.a : pin.obj (.const:g_ulPinToPadMap)
                  200217a0    000000f8     mt9d111.obj (.const:$P$T18$19)
                  20021898    000000d4     driverlib.a : interrupt.obj (.const:g_pulRegs)
                  2002196c    000000cc     mt9d111.obj (.const)
                  20021a38    000000b0     simplelink.a : wlan.obj (.const:$P$T0$1)
                  20021ae8    000000a8     driverlib.a : prcm.obj (.const:PRCM_PeriphRegsList)
                  20021b90    000000a4     mt9d111.obj (.const:$P$T2$3)
                  20021c34    0000009e     mt9d111.obj (.const:.string)
                  20021cd2    00000088     network_relater_fns.obj (.const:.string)
                  20021d5a    00000085     lightSens_isl29035.obj (.const:.string)
                  20021ddf    00000081     parse_uploads.obj (.const:.string)
                  20021e60    00000080     driverlib.a : interrupt.obj (.const)
                  20021ee0    0000007a     camera_app.obj (.const:.string)
                  20021f5a    00000074     user_configure_fn.obj (.const:.string)
                  20021fce    00000068     mt9d111.obj (.const:$P$T17$18)
                  20022036    00000002     --HOLE-- [fill = 0]
                  20022038    00000068     appFns_BatteryLevelSense.obj (.const:V2CEntry$1)
                  200220a0    00000054     mt9d111.obj (.const:$P$T22$23)
                  200220f4    00000050     accelomtrMagntomtr_fxos8700.obj (.const:.string)
                  20022144    0000004c     mt9d111.obj (.const:$P$T6$7)
                  20022190    0000004b     tempRHSens_si7020.obj (.const:.string)
                  200221db    0000003c     i2c_app.obj (.const:.string)
                  20022217    00000001     --HOLE-- [fill = 0]
                  20022218    0000003c     simplelink.a : driver.obj (.const:OpcodeTranslateTable)
                  20022254    0000003c                  : wlan.obj (.const)
                  20022290    00000038                  : driver.obj (.const:_SlActionLookupTable)
                  200222c8    00000038     rtsv7M4_T_le_eabi.lib : xflog.obj (.const)
                  20022300    00000038     simplelink.a : fs.obj (.const)
                  20022338    00000036     flash_files.obj (.const:.string)
                  2002236e    00000002     --HOLE-- [fill = 0]
                  20022370    00000034     rtsv7M4_T_le_eabi.lib : xfatan.obj (.const)
                  200223a4    00000034     simplelink.a : driver.obj (.const)
                  200223d8    00000034                  : socket.obj (.const)
                  2002240c    0000002c     network_relater_fns.obj (.const:$P$T1$2)
                  20022438    00000029     network_relater_fns.obj (.const)
                  20022461    00000003     --HOLE-- [fill = 0]
                  20022464    00000028     rtsv7M4_T_le_eabi.lib : xfdint.obj (.const)
                  2002248c    00000028                           : xfsin.obj (.const)
                  200224b4    00000028     simplelink.a : netapp.obj (.const)
                  200224dc    00000024     network_relater_fns.obj (.const:g_acMonthOfYear)
                  20022500    00000023     batteryVoltLvlSens_adc081c021.obj (.const:.string:$P$T0$1)
                  20022523    00000023     parse_uploads.obj (.const:.string:$P$T5$6)
                  20022546    00000022     network_relater_fns.obj (.const:.string:$P$T0$1)
                  20022568    0000001c     rtsv7M4_T_le_eabi.lib : tanf.obj (.const)
                  20022584    0000001c                           : xfexp.obj (.const)
                  200225a0    00000018     driverlib.a : spi.obj (.const)
                  200225b8    00000017     request.obj (.const:.string)
                  200225cf    00000016     appFns_LightSensor.obj (.const:.string)
                  200225e5    00000001     --HOLE-- [fill = 0]
                  200225e6    00000014     simplelink.a : device.obj (.const)
                  200225fa    00000013     SendObject_ToParse.obj (.const:.string)
                  2002260d    00000010     simplelink.a : socket.obj (.const:.string)
                  2002261d    0000000f     application_fn.obj (.const:.string)
                  2002262c    0000000f     sendGroundData.obj (.const:.string)
                  2002263b    0000000b     app_common.obj (.const:.string)
                  20022646    00000008     simplelink.a : device.obj (.const:.string)
                  2002264e    00000008                  : netcfg.obj (.const)
                  20022656    00000005     main.obj (.const:.string)

.cinit     0    20022660    000004f8     
                  20022660    000004d1     (.cinit..data.load) [load image, compression = rle]
                  20022b31    00000003     --HOLE-- [fill = 0]
                  20022b34    0000000c     (__TI_handler_table)
                  20022b40    00000008     (.cinit..bss.load) [load image, compression = zero_init]
                  20022b48    00000010     (__TI_cinit_table)

.init_array 
*          0    20004000    00000000     UNINITIALIZED

.bss       0    20023c00    00017072     UNINITIALIZED
                  20023c00    00014000     main.obj (.bss:g_image_buffer)
                  20037c00    00000b58     tasks.obj (.bss:thisMagBuffer)
                  20038758    000005a0     ota.a : OtaHttp.obj (.bss:recv_buf)
                  20038cf8    0000044c           : OtaClient.obj (.bss:g_OtaCheckUpdateResponse)
                  20039144    00000418     user_configure_fn.obj (.bss:thisMagCal)
                  2003955c    00000240     ota.obj (.bss:g_otaOptServerInfo)
                  2003979c    00000058     tasks.obj (.bss:thisMag)
                  200397f4    0000000c     (.common:g_SecParams)
                  20039800    00000400     udma_if.obj (.bss:gpCtlTbl)
                  20039c00    000003d8     ota.a : OtaClient.obj (.bss:g_OtaFileMetadata)
                  20039fd8    00000200           : OtaHttp.obj (.bss:send_buf)
                  2003a1d8    00000178     simplelink.a : driver.obj (.bss:g_StatMem)
                  2003a350    00000120     rtsv7M4_T_le_eabi.lib : trgmsg.obj (.bss:__CIOBUF_)
                  2003a470    00000100     udma_if.obj (.bss:gfpAppCallbackHndl)
                  2003a570    000000c8     free_rtos.a : tasks.obj (.bss:pxReadyTasksLists)
                  2003a638    000000ac     tasks.obj (.bss:thisSV_6DOF_GB_BASIC)
                  2003a6e4    000000a0     rtsv7M4_T_le_eabi.lib : defs.obj (.bss:__TI_tmpnams)
                  2003a784    00000074     ota.a : CdnClient.obj (.bss:g_CdnClient)
                  2003a7f8    00000050     simplelink.a : cc_pal.obj (.bss:g_ucDinDout)
                  2003a848    00000050     free_rtos.a : queue.obj (.bss:xQueueRegistry)
                  2003a898    0000004c     ota.a : OtaApp.obj (.bss:g_OtaApp)
                  2003a8e4    0000004c           : OtaApp.obj (.bss:g_OtaApp_statistics)
                  2003a930    00000040     network_relater_fns.obj (.bss:g_TimeData)
                  2003a970    00000034     cc3200_client_state.obj (.bss:clientStateFileName)
                  2003a9a4    00000034     main.obj (.bss:g_cWlanSecurityKey)
                  2003a9d8    00000034     tasks.obj (.bss:thisAccel)
                  2003aa0c    00000024     ota.a : OtaClient.obj (.bss:g_OtaClient)
                  2003aa30    00000024     main.obj (.bss:g_cWlanSSID)
                  2003aa54    00000024     main.obj (.bss:g_ucConnectionSSID)
                  2003aa78    0000001c     rtsv7M4_T_le_eabi.lib : vla_alloc.obj (.bss)
                  2003aa94    00000014     (.common:g_FlcSflashCb)
                  2003aaa8    00000014     (.common:g_flag_blockFull)
                  2003aabc    00000014     (.common:xDelayedTaskList1)
                  2003aad0    00000014     (.common:xDelayedTaskList2)
                  2003aae4    00000014     (.common:xPendingReadyList)
                  2003aaf8    00000014     (.common:xSuspendedTaskList)
                  2003ab0c    00000014     (.common:xTasksWaitingTermination)
                  2003ab20    00000010     (.common:ang_buf)
                  2003ab30    00000010     (.common:g_cResponseObjectID)
                  2003ab40    00000010     (.common:globals)
                  2003ab50    00000010     (.common:mqxglobals)
                  2003ab60    00000008     (.common:g_Gain)
                  2003ab68    00000008     (.common:g_LogClient)
                  2003ab70    00000008     (.common:g_Struct_TimeStamp_MaxAngle)
                  2003ab78    00000008     (.common:g_Struct_TimeStamp_MinAngle)
                  2003ab80    00000008     (.common:g_Struct_TimeStamp_SnapAngle)
                  2003ab88    00000008     (.common:g_TimeStamp_CamUp)
                  2003ab90    00000008     (.common:g_TimeStamp_DoorClosed)
                  2003ab98    00000008     (.common:g_TimeStamp_MaxAngle)
                  2003aba0    00000008     (.common:g_TimeStamp_MinAngle)
                  2003aba8    00000008     (.common:g_TimeStamp_NWPUp)
                  2003abb0    00000008     (.common:g_TimeStamp_PhotoSnap)
                  2003abb8    00000008     (.common:g_TimeStamp_PhotoUploaded)
                  2003abc0    00000008     (.common:g_TimeStamp_SnapAngle)
                  2003abc8    00000008     (.common:g_TimeStamp_cc3200Up)
                  2003abd0    00000008     (.common:g_ucConnectionBSSID)
                  2003abd8    00000008     (.common:parmbuf)
                  2003abe0    00000008     (.common:sBootInfo)
                  2003abe8    00000004     (.common:DMAMsgQ)
                  2003abec    00000004     (.common:Elapsed_100MilliSecs)
                  2003abf0    00000004     (.common:Elapsed_1Secs)
                  2003abf4    00000004     (.common:__Errorlog)
                  2003abf8    00000004     (.common:angle_avg)
                  2003abfc    00000004     (.common:dataBuffer)
                  2003ac00    00000004     (.common:g_angleOffset_to180)
                  2003ac04    00000004     (.common:g_block_lastFilled)
                  2003ac08    00000004     (.common:g_cDummy)
                  2003ac0c    00000004     (.common:g_cWlanSecurityType)
                  2003ac10    00000004     (.common:g_frame_size_in_bytes)
                  2003ac14    00000004     (.common:g_position_in_block)
                  2003ac18    00000004     (.common:g_readHeader)
                  2003ac1c    00000004     (.common:g_total_dma_intrpts)
                  2003ac20    00000004     (.common:g_ulAppStatus)
                  2003ac24    00000004     (.common:g_ulAppTimeout_ms)
                  2003ac28    00000004     (.common:g_ulSimplelinkStatus)
                  2003ac2c    00000004     (.common:g_ulWatchdogCycles)
                  2003ac30    00000004     (.common:gdoor_40deg_angle)
                  2003ac34    00000004     (.common:gdoor_90deg_angle)
                  2003ac38    00000004     (.common:gdoor_OpenDeg_angle)
                  2003ac3c    00000004     (.common:pvOtaApp)
                  2003ac40    00000004     (.common:pxDelayedTaskList)
                  2003ac44    00000004     (.common:pxOverflowDelayedTaskList)
                  2003ac48    00000002     (.common:g_fMaxAngle)
                  2003ac4a    00000002     (.common:g_fMinAngle)
                  2003ac4c    00000001     (.common:RxIrqCnt)
                  2003ac4d    00000001     (.common:avg_buffer_cnt)
                  2003ac4e    00000001     (.common:captureTimeout_Flag)
                  2003ac4f    00000001     (.common:checkForLight_Flag)
                  2003ac50    00000001     (.common:cnt_LED_Timer)
                  2003ac51    00000001     (.common:g_BlinkCount)
                  2003ac52    00000001     (.common:g_I2CPeripheral_inUse_Flag)
                  2003ac53    00000001     (.common:g_NoOfBlinks)
                  2003ac54    00000001     (.common:g_OffTime)
                  2003ac55    00000001     (.common:g_OnTime)
                  2003ac56    00000001     (.common:g_PhoneConnected_ToCC3200AP_flag)
                  2003ac57    00000001     (.common:g_Task1_Notification)
                  2003ac58    00000001     (.common:g_Task3_Notification)
                  2003ac59    00000001     (.common:g_dma_txn_done)
                  2003ac5a    00000001     (.common:g_flag_DataBlockFilled)
                  2003ac5b    00000001     (.common:g_flag_door_closing_45degree)
                  2003ac5c    00000001     (.common:g_frame_end)
                  2003ac5d    00000001     (.common:g_ucAWBOff)
                  2003ac5e    00000001     (.common:g_ucAWBOn)
                  2003ac5f    00000001     (.common:g_ucAction)
                  2003ac60    00000001     (.common:g_ucActionButton)
                  2003ac61    00000001     (.common:g_ucAngle40)
                  2003ac62    00000001     (.common:g_ucAngle90)
                  2003ac63    00000001     (.common:g_ucCalibration)
                  2003ac64    00000001     (.common:g_ucConfig)
                  2003ac65    00000001     (.common:g_ucExitButton)
                  2003ac66    00000001     (.common:g_ucFeedWatchdog)
                  2003ac67    00000001     (.common:g_ucMagCalb)
                  2003ac68    00000001     (.common:g_ucPreviewStart)
                  2003ac69    00000001     (.common:g_ucPreviewStop)
                  2003ac6a    00000001     (.common:g_ucProfileAdded)
                  2003ac6b    00000001     (.common:g_ucPushButtonPressedTwice)
                  2003ac6c    00000001     (.common:g_ucReasonForFailure)
                  2003ac6d    00000001     (.common:g_ucSAVE)
                  2003ac6e    00000001     (.common:iDone)
                  2003ac6f    00000001     (.common:isitfirsttime)
                  2003ac70    00000001     (.common:print_count)
                  2003ac71    00000001     (.common:valid_case)

.TI.noinit 
*          0    20023c00    00000000     UNINITIALIZED

.sysmem    0    2003ac78    00005000     UNINITIALIZED
                  2003ac78    00000008     rtsv7M4_T_le_eabi.lib : memory.obj (.sysmem)
                  2003ac80    00004ff8     --HOLE--


LINKER GENERATED COPY TABLES

__TI_cinit_table @ 20022b48 records: 2, size/record: 8, table size: 16
	.data: load addr=20022660, load size=000004d1 bytes, run addr=20000000, run size=00000908 bytes, compression=rle
	.bss: load addr=20022b40, load size=00000008 bytes, run addr=20023c00, run size=00017072 bytes, compression=zero_init


LINKER GENERATED HANDLER TABLE

__TI_handler_table @ 20022b34 records: 3, size/record: 4, table size: 12
	index: 0, handler: __TI_decompress_rle24
	index: 1, handler: __TI_decompress_none
	index: 2, handler: __TI_zero_init


GLOBAL SYMBOLS: SORTED ALPHABETICALLY BY Name 

address   name                                  
-------   ----                                  
2001ba49  Add_NumberField_ToJSONString          
20020c1d  ApplyAccelHAL                         
200203dd  ApplyMagHAL                           
2001f64d  C$$EXIT                               
2001df0b  C$$IO$$                               
2001e3a5  CCMRegs_Read                          
2002109b  CPUcpsie                              
20013e79  Calculate_DoorOpenThresholdAngle      
200133c9  Calculate_TrueMinMaxAngles            
2001d7c5  CamControllerInit                     
20020959  CameraCaptureStart                    
2001fb6d  CameraCaptureStop                     
20020fd5  CameraDMAEnable                       
200207f1  CameraIntClear                        
20020409  CameraIntEnable                       
20020feb  CameraIntRegister                     
2002063d  CameraIntStatus                       
2001ff67  CameraParamsConfig                    
20020e25  CameraReset                           
20020c39  CameraSensorInit                      
2002077d  CameraThresholdSet                    
2001fba7  CameraXClkConfig                      
2000fba9  CaptureImage                          
200130a9  CaptureandSavePreviewImage            
2000d8f3  CdnClient_CloseServer                 
2000d911  CdnClient_ConnectByUrl                
2000d8c1  CdnClient_Init                        
2000d78b  CdnClient_Run                         
2000d781  CdnClient_SetFileInfo                 
2001bae1  Check_I2CDevices                      
2001aa45  Check_MinMax                          
2001bb75  Config_CameraCapture                  
2001cf8d  ConfigureMode                         
2000ec31  ConfigureSimpleLinkToDefaultState     
20011e6d  ConstructDeviceStateObject            
2000dd1d  ConstructGroundDataObject             
2000fe15  ConstructUserConfigObject             
2001f8d7  CopyPingResultsToReport               
2003abe8  DMAMsgQ                               
2000063c  DigiCertHighAssuranceEVRootCA_der_len 
20021237  DmaErrorIntHandler                    
20020435  DmaSpiSwIntHandler                    
20020c55  DmaSwIntHandler                       
2003abec  Elapsed_100MilliSecs                  
2003abf0  Elapsed_1Secs                         
20019d7d  EnterStandby_mt9d111                  
2001a09d  ExitStandby_mt9d111                   
20014b61  FXOS8700_Init                         
200168e5  FXOS8700_ReadData                     
2001f915  Fusion_Init                           
200148a1  Fusion_Run                            
2001fec5  GPIODirModeSet                        
20020e3d  GPIOPinRead                           
20020a47  GPIOPinWrite                          
2000b5e9  GetSNTPTime                           
2001570d  GetTimeNTP                            
20018d7d  Get_BatteryPercent                    
2001d605  Get_BatteryVoltageLevel_ADC081C021    
2001813d  Get_FridgeCamID                       
20016c1d  HIBernate                             
2000e925  HOSTclock                             
2000e8ed  HOSTclose                             
2000e8af  HOSTgetenv                            
2000e853  HOSTlseek                             
2000e801  HOSTopen                              
2000e7b5  HOSTread                              
2000e757  HOSTrename                            
2000e71d  HOSTtime                              
2000e6e5  HOSTunlink                            
2000e699  HOSTwrite                             
20015845  I2CBufferRead                         
200161fd  I2CBufferWrite                        
20021151  I2CMasterControl                      
2002120d  I2CMasterDataGet                      
20021001  I2CMasterDataPut                      
20021017  I2CMasterEnable                       
20020461  I2CMasterErr                          
2001c81d  I2CMasterInitExpClk                   
20021163  I2CMasterIntClearEx                   
20020b49  I2CMasterIntStatusEx                  
2002097b  I2CMasterSlaveAddrSet                 
20021175  I2CMasterTimeoutSet                   
2001ebc5  I2C_IF_Open                           
2001a225  I2C_IF_Read                           
2001a465  I2C_IF_Write                          
2001f719  ImagCapture_Init                      
20014f69  ImageSensor_CaptureConfigs_Task       
20020665  InitTerm                              
2001d07d  InitialiseParse                       
2001b621  InitializeUserConfigVariables         
2001afd9  IntDisable                            
2001b081  IntEnable                             
20020815  IntHandler_100mSecTimer               
2002048d  IntHandler_1Sec_TimeoutTimer          
200212a5  IntMasterEnable                       
2001e819  IntPendClear                          
2001e9cd  IntPrioritySet                        
20020a69  IntRegister                           
20020839  IntUnregister                         
200210b1  IntVTableBaseSet                      
2001b6b9  IntrptHandler_LEDTimer                
2001fbe1  IsLightOff                            
2001bc09  IsLongPress                           
2001fd3d  LEDTimer_Enable                       
2001ff9d  LEDTimer_Start                        
200210c5  LEDTimer_Stop                         
2001c011  LED_Blink_2                           
20020e55  LED_Off                               
20020e6d  LED_On                                
2000e1e7  LogClient_Close                       
2000e1ff  LogClient_ConnectAndPrint             
2000e1b1  LogClient_ConnectServer               
2000e199  LogClient_Init                        
2000e055  LogClient_Print                       
200212c1  MT9D111Delay                          
2000e96d  MagCal_Run                            
20017e55  Main_Task_withHibernate               
200206b5  Message                               
2001d34d  NWP_SwitchOff                         
2001d0f5  NWP_SwitchOn                          
2001d675  Network_IF_GetHostIP                  
20021245  NwpMaskInterrupt                      
2001fd75  NwpPowerOff                           
20020a89  NwpPowerOn                            
2001c8a1  NwpPowerOnPreamble                    
200207a3  NwpRegisterInterruptHandler           
20021251  NwpUnMaskInterrupt                    
20014739  OTAServerInfoSet                      
2001b751  OTA_CommitImage                       
20020611  OTA_Update                            
20022218  OpcodeTranslateTable                  
2000c713  OtaClient_CloseServer                 
2000c6dd  OtaClient_ConnectServer               
2000c6ab  OtaClient_GetNextUpdate               
2000c679  OtaClient_Init                        
2000c5a3  OtaClient_ResourceMetadata            
2000c3df  OtaClient_ResourceNameConvert         
2000c331  OtaClient_UpdateCheck                 
2001e871  PCLK_Rate_read                        
20015f95  PRCMCC3200MCUInit                     
[...]
2001f011  _sl_BuildAddress                      
2001f05d  atoi                                  
2001f0a9  atol                                  
2001f0f5  copy_in                               
2001f141  srand                                 
2001f157  rand                                  
2001f18d  uDMAChannelAssign                     
2001f1d9  util_u32_nsec_add                     
2001f225  __aeabi_d2f                           
2001f271  PRCMHibernateWakeupSourceDisable      
2001f2b9  PRCMHibernateWakeupSourceEnable       
2001f301  SPIIntClear                           
2001f349  Variable_Read                         
2001f391  _SlDrvBasicCmd                        
2001f3d9  addHttpRequestLine                    
2001f421  fatan_15deg                           
2001f469  __aeabi_d2iz                          
2001f4b1  ldexp                                 
2001f53d  TimerConfigure                        
2001f581  UDMASetupTransfer                     
2001f609  fxos_Calibration                      
2001f64d  C$$EXIT                               
2001f651  abort                                 
2001f659  exit                                  
2001f691  __aeabi_d2uiz                         
2001f6d5  sl_Htonl                              
2001f719  ImagCapture_Init                      
2001f759  PinModeSet                            
2001f799  Variable_Write                        
2001f7d9  getHttpResponseBody                   
2001f819  signal                                
2001f859  start_1Sec_TimeoutTimer               
2001f899  strncasecmp                           
2001f8d7  CopyPingResultsToReport               
2001f915  Fusion_Init                           
2001f98d  PRCMPeripheralClkEnable               
2001f9c9  PRCMSlowClkCtrFastGet                 
2001fa05  Reg_Read                              
2001fa41  _sl_TruncatePayloadByProtocol         
2001fa7d  _c_int00                              
2001fab9  sl_Htons                              
2001faf5  start_100mSecTimer                    
2001fb31  uDMAChannelControlSet                 
2001fb6d  CameraCaptureStop                     
2001fba7  CameraXClkConfig                      
2001fbe1  IsLightOff                            
2001fc1b  Reg_Write                             
2001fc55  fLPFScalar                            
2001fc8f  parseSendRequest                      
2001fcc9  addHttpRequestHeader                  
2001fd3d  LEDTimer_Enable                       
2001fd75  NwpPowerOff                           
2001fdad  WDT_IF_Init                           
2001fde5  pvPortMalloc                          
2001fe05  vPortFree                             
2001fe1d  __aeabi_f2d                           
2001fe55  __aeabi_f2iz                          
2001fe8d  __aeabi_i2f                           
2001fec5  GPIODirModeSet                        
2001fefb  sl_NetAppMDNSUnRegisterService        
2001ff31  beginHttpRequest                      
2001ff67  CameraParamsConfig                    
2001ff9d  LEDTimer_Start                        
2001ffd1  PRCMPeripheralStatusGet               
20020005  SPIFIFOLevelSet                       
20020039  getHttpResponseStatus                 
2002006d  get_angle                             
200200a1  feraiseexcept                         
200200d5  __aeabi_f2uiz                         
20020109  strstr                                
2002013d  Timer_IF_Init                         
2002016f  PinTypeGPIO                           
200201a1  UARTDisable                           
200201d1  _SlDrvDeviceEventHandler              
20020201  _sl_Strlen                            
20020261  strncpy                               
20020291  _Feraise                              
200202c1  sl_Close                              
200202f1  sl_WlanProfileDel                     
20020321  sl_WlanSetMode                        
20020351  __aeabi_i2d                           
2002037f  raise                                 
200203ad  addHttpRequestHeaderInt               
200203dd  ApplyMagHAL                           
20020409  CameraIntEnable                       
20020435  DmaSpiSwIntHandler                    
20020461  I2CMasterErr                          
2002048d  IntHandler_1Sec_TimeoutTimer          
200204b9  PRCMSysResetCauseGet                  
200204e5  SoftReset_ImageSensor                 
2002053d  setDataBufferPointer                  
20020569  TimerLoadSet                          
20020593  TimerPrescaleSet                      
200205bd  _Dclass                               
200205e7  util_u64_time_add                     
20020611  OTA_Update                            
2002063d  CameraIntStatus                       
20020665  InitTerm                              
200206b5  Message                               
200206dd  PRCMPeripheralClkDisable              
20020705  strncat                               
2002072d  sl_NetAppStart                        
20020755  sl_NetAppStop                         
2002077d  CameraThresholdSet                    
200207a3  NwpRegisterInterruptHandler           
200207c9  strncmp                               
200207f1  CameraIntClear                        
20020815  IntHandler_100mSecTimer               
20020839  IntUnregister                         
20020881  Timer_IF_Start                        
200208a5  UARTEnable                            
200208c9  WriteAllAEnAWBRegs                    
200208ed  _SlDrvProtectionObjLockWaitForever    
20020911  magnetometer_initialize               
20020935  __aeabi_ui2f                          
20020959  CameraCaptureStart                    
2002097b  I2CMasterSlaveAddrSet                 
2002099d  SL_FD_SET                             
200209bf  SPIReset                              
200209e1  SPIWordCountSet                       
20020a03  frexp                                 
20020a25  memcmp                                
20020a47  GPIOPinWrite                          
20020a69  IntRegister                           
20020a89  NwpPowerOn                            
20020aa9  Refresh_mt9d111Firmware               
20020ac9  Reset_byStarvingWDT                   
20020ae9  _SlDrvProtectionObjUnLock             
20020b09  memchr                                
20020b29  __aeabi_ui2d                          
20020b49  I2CMasterIntStatusEx                  
20020b67  TimerDisable                          
20020b85  TimerEnable                           
20020ba3  TimerIntStatus                        
20020bc1  UARTCharPut                           
20020bfd  strcat                                
20020c1d  ApplyAccelHAL                         
20020c39  CameraSensorInit                      
20020c55  DmaSwIntHandler                       
20020c71  PinTypeI2C                            
20020c8d  TimerValueGet                         
20020ca9  _SlDrvObjLockWaitForever              
20020cc5  _SlDrvSyncObjWaitForever              
20020ce1  memccpy                               
20020cfd  stop_100mSecTimer                     
20020d19  stop_1Sec_TimeoutTimer                
20020d35  uDMAChannelDisable                    
20020d51  uDMAChannelEnable                     
20020d6d  vApplicationMallocFailedHook          
20020d89  PinTypeCamera                         
20020da3  PinTypeUART                           
20020dbd  SPIDmaDisable                         
20020dd7  SPIDmaEnable                          
20020df1  SPIFIFODisable                        
20020e0b  SPIFIFOEnable                         
20020e25  CameraReset                           
20020e3d  GPIOPinRead                           
20020e55  LED_Off                               
20020e6d  LED_On                                
20020e85  PRCMHibernateEnter                    
20020e9d  SPICSDisable                          
20020eb5  SPICSEnable                           
20020ecd  SPIDisable                            
20020ee5  SPIEnable                             
20020efd  TimerIntEnable                        
20020f15  Timer_IF_InterruptClear               
20020f2d  WatchdogUnlock                        
20020f45  _SlDrvObjUnLock                       
20020f5d  _SlDrvSyncObjSignal                   
20020f75  _sl_GetStartResponseConvert           
20020fa5  _args_main                            
20020fbd  strcmp                                
20020fd5  CameraDMAEnable                       
20020feb  CameraIntRegister                     
20021001  I2CMasterDataPut                      
20021017  I2CMasterEnable                       
2002102d  PRCMHIBRegRead                        
20021043  PRCMHIBRegWrite                       
20021059  WatchdogEnable                        
2002106f  _SlDrvMemZero                         
20021085  strchr                                
2002109b  CPUcpsie                              
200210b1  IntVTableBaseSet                      
200210c5  LEDTimer_Stop                         
200210d9  SetShutterWidth                       
200210ed  _register_unlock                      
200210f3  _register_lock                        
200210fb  _nop                                  
20021101  strcpy                                
20021115  strlen                                
20021129  uDMAControlBaseSet                    
2002113d  uDMAIntClear                          
20021151  I2CMasterControl                      
20021163  I2CMasterIntClearEx                   
20021175  I2CMasterTimeoutSet                   
20021187  TimerIntClear                         
20021199  WatchdogReloadSet                     
200211ad  PRCMSOCReset                          
200211cd  SL_FD_ZERO                            
200211dd  Timer_IF_Stop                         
200211ed  WatchdogIntClear                      
200211fd  socketClose                           
2002120d  I2CMasterDataGet                      
2002121b  _SlDrvResetCmdExt                     
20021229  __TI_decompress_none                  
20021237  DmaErrorIntHandler                    
20021245  NwpMaskInterrupt                      
20021251  NwpUnMaskInterrupt                    
2002125d  cc_rtc_get                            
20021269  __TI_zero_init                        
20021275  getInternalClient                     
20021281  sl_WlanDisconnect                     
2002128d  uDMAEnable                            
20021299  uDMAIntStatus                         
200212a5  IntMasterEnable                       
200212af  vApplicationStackOverflowHook         
200212b9  sensorsTriggerSetup                   
200212c1  MT9D111Delay                          
200212c7  ResetISR                              
200212cd  UtilsDelay                            
200212d3  __TI_decompress_rle24                 
200212d9  logf                                  
200212df  sinf                                  
200212e5  __abort_execution                     
200212e9  _system_pre_init                      
2002159c  _ctypes_                              
20021cd2  g_acSNTPserver                        
20021cf0  g_acNumOfDaysPerMonth                 
20021cfc  g_acDigits                            
20022218  OpcodeTranslateTable                  
20022254  _SlPolicySetCmdCtrl                   
20022258  _SlPolicyGetCmdCtrl                   
2002225c  _SlProfileGetCmdCtrl                  
20022260  _SlProfileDelCmdCtrl                  
20022264  _SlWlanGetNetworkListCtrl             
20022268  _SlRxFilterAddtCmdCtrl                
2002226c  _SlRxFilterSetCmdCtrl                 
20022270  _SlRxFilterGetCmdCtrl                 
20022274  _SlSmartConfigStartCmdCtrl            
20022278  _SlWlanSetModeCmdCtrl                 
2002227c  _SlWlanCfgSetCmdCtrl                  
20022280  _SlWlanCfgGetCmdCtrl                  
20022290  _SlActionLookupTable                  
20022300  _SlFsOpenCmdCtrl                      
20022304  _SlFsCloseCmdCtrl                     
20022308  _SlFsReadCmdCtrl                      
2002230c  _SlFsWriteCmdCtrl                     
20022310  _SlFsGetInfoCmdCtrl                   
20022314  _SlFsDeleteCmdCtrl                    
200223a4  g_H2NSyncPattern                      
200223ac  g_H2NCnysPattern                      
200223b4  RxMsgClassLUT                         
200223d8  _SlSockSocketCmdCtrl                  
200223dc  _SlSockCloseCmdCtrl                   
200223e0  _SlRecvfomCmdCtrl                     
200223e4  _SlSendCmdCtrl                        
200223e8  _SlListenCmdCtrl                      
200223ec  _SlAcceptCmdCtrl                      
200223f0  _SlRecvCmdCtrl                        
200223f4  _SlSetSockOptCmdCtrl                  
200223f8  _SlGetSockOptCmdCtrl                  
200223fc  _SlSelectCmdCtrl                      
20022438  g_acDaysOfWeek2013                    
200224b4  _SlNetAppStartCtrl                    
200224b8  _SlNetAppStopCtrl                     
200224bc  _SlGetServiceListeCtrl                
200224c0  _SlRegisterServiceCtrl                
200224c4  _SlGetHostByServiceCtrl               
200224c8  _SlGetHostByNameCtrl                  
200224cc  _SlNetAppSetCmdCtrl                   
200224d0  _SlNetAppSendTokenValueCmdCtrl        
200224d4  _SlNetAppGetCmdCtrl                   
200224dc  g_acMonthOfYear                       
200225b8  g_deviceClientVersion                 
200225e6  _SlStopCmdCtrl                        
200225ea  _SlEventMaskSetCmdCtrl                
200225ee  _SlEventMaskGetCmdCtrl                
200225f2  _SlDeviceGetCmdCtrl                   
200225f6  _SlDeviceSetCmdCtrl                   
2002260d  _SlPayloadByProtocolLUT               
2002263b  pcDigits                              
20022646  StartResponseLUT                      
2002264e  _SlNetCfgSetCmdCtrl                   
20022652  _SlNetCfgGetCmdCtrl                   
20022660  __TI_static_base__                    
20022b34  __TI_Handler_Table_Base               
20022b40  __TI_Handler_Table_Limit              
20022b48  __TI_CINIT_Base                       
20022b58  __TI_CINIT_Limit                      
20023c00  g_image_buffer                        
20037c00  thisMagBuffer                         
20038cf8  g_OtaCheckUpdateResponse              
20039144  thisMagCal                            
2003979c  thisMag                               
200397f4  g_SecParams                           
20039800  gpCtlTbl                              
20039c00  g_OtaFileMetadata                     
2003a1d8  g_StatMem                             
2003a350  __CIOBUF_                             
2003a470  gfpAppCallbackHndl                    
2003a638  thisSV_6DOF_GB_BASIC                  
2003a6e4  __TI_tmpnams                          
2003a784  g_CdnClient                           
2003a7f8  g_ucDinDout                           
2003a848  xQueueRegistry                        
2003a898  g_OtaApp                              
2003a8e4  g_OtaApp_statistics                   
2003a930  g_TimeData                            
2003a970  clientStateFileName                   
2003a9a4  g_cWlanSecurityKey                    
2003a9d8  thisAccel                             
2003aa0c  g_OtaClient                           
2003aa30  g_cWlanSSID                           
2003aa54  g_ucConnectionSSID                    
2003aa94  g_FlcSflashCb                         
2003aaa8  g_flag_blockFull                      
2003ab20  ang_buf                               
2003ab30  g_cResponseObjectID                   
2003ab40  globals                               
2003ab50  mqxglobals                            
2003ab60  g_Gain                                
2003ab68  g_LogClient                           
2003ab70  g_Struct_TimeStamp_MaxAngle           
2003ab78  g_Struct_TimeStamp_MinAngle           
2003ab80  g_Struct_TimeStamp_SnapAngle          
2003ab88  g_TimeStamp_CamUp                     
2003ab90  g_TimeStamp_DoorClosed                
2003ab98  g_TimeStamp_MaxAngle                  
2003aba0  g_TimeStamp_MinAngle                  
2003aba8  g_TimeStamp_NWPUp                     
2003abb0  g_TimeStamp_PhotoSnap                 
2003abb8  g_TimeStamp_PhotoUploaded             
2003abc0  g_TimeStamp_SnapAngle                 
2003abc8  g_TimeStamp_cc3200Up                  
2003abd0  g_ucConnectionBSSID                   
2003abe8  DMAMsgQ                               
2003abec  Elapsed_100MilliSecs                  
2003abf0  Elapsed_1Secs                         
2003abf8  angle_avg                             
2003abfc  dataBuffer                            
2003ac00  g_angleOffset_to180                   
2003ac04  g_block_lastFilled                    
2003ac08  g_cDummy                              
2003ac0c  g_cWlanSecurityType                   
2003ac10  g_frame_size_in_bytes                 
2003ac14  g_position_in_block                   
2003ac18  g_readHeader                          
2003ac20  g_ulAppStatus                         
2003ac24  g_ulAppTimeout_ms                     
2003ac28  g_ulSimplelinkStatus                  
2003ac2c  g_ulWatchdogCycles                    
2003ac30  gdoor_40deg_angle                     
2003ac34  gdoor_90deg_angle                     
2003ac38  gdoor_OpenDeg_angle                   
2003ac48  g_fMaxAngle                           
2003ac4a  g_fMinAngle                           
2003ac4c  RxIrqCnt                              
2003ac4d  avg_buffer_cnt                        
2003ac4e  captureTimeout_Flag                   
2003ac4f  checkForLight_Flag                    
2003ac50  cnt_LED_Timer                         
2003ac51  g_BlinkCount                          
2003ac52  g_I2CPeripheral_inUse_Flag            
2003ac53  g_NoOfBlinks                          
2003ac54  g_OffTime                             
2003ac55  g_OnTime                              
2003ac56  g_PhoneConnected_ToCC3200AP_flag      
2003ac57  g_Task1_Notification                  
2003ac58  g_Task3_Notification                  
2003ac5a  g_flag_DataBlockFilled                
2003ac5b  g_flag_door_closing_45degree          
2003ac5c  g_frame_end                           
2003ac5d  g_ucAWBOff                            
2003ac5e  g_ucAWBOn                             
2003ac5f  g_ucAction                            
2003ac60  g_ucActionButton                      
2003ac61  g_ucAngle40                           
2003ac62  g_ucAngle90                           
2003ac63  g_ucCalibration                       
2003ac64  g_ucConfig                            
2003ac65  g_ucExitButton                        
2003ac66  g_ucFeedWatchdog                      
2003ac67  g_ucMagCalb                           
2003ac68  g_ucPreviewStart                      
2003ac69  g_ucPreviewStop                       
2003ac6a  g_ucProfileAdded                      
2003ac6b  g_ucPushButtonPressedTwice            
2003ac6c  g_ucReasonForFailure                  
2003ac6d  g_ucSAVE                              
2003ac6e  iDone                                 
2003ac6f  isitfirsttime                         
2003ac70  print_count                           
2003ac71  valid_case                            
2003ac78  _sys_memory                           
ffffffff  __binit__                             
ffffffff  __c_args__                            
ffffffff  binit                                 
UNDEFED   SHT$$INIT_ARRAY$$Base                 
UNDEFED   SHT$$INIT_ARRAY$$Limit                

[971 symbols]
