******************************************************************************
                  TI ARM Linker PC v5.2.2                      
******************************************************************************
>> Linked Mon Jul 27 20:08:26 2015

OUTPUT FILE NAME:   <ULP_SEC_CAM.out>
ENTRY POINT SYMBOL: "_c_int00"  address: 2001e665


MEMORY CONFIGURATION

         name            origin    length      used     unused   attr    fill
----------------------  --------  ---------  --------  --------  ----  --------
  SRAM_BOOTLDR          20000000   00004000  0000293c  000016c4  RW X
  SRAM_CODE             20004000   0001e300  0001d30f  00000ff1  RW X
  SRAM_DATA             20022300   0001dd00  0001c357  000019a9  RW X


SEGMENT ALLOCATION MAP

run origin  load origin   length   init length attrs members
----------  ----------- ---------- ----------- ----- -------
20000000    20000000    0000093c   00000000    rw-
  20000000    20000000    0000093c   00000000    rw- .data
20002000    20002000    00002000   00000000    rw-
  20002000    20002000    00002000   00000000    rw- .stack
20004000    20004000    0001d310   0001d310    r-x
  20004000    20004000    00000400   00000400    r-- .intvecs
  20004400    20004400    0001b908   0001b908    r-x .text
  2001fd08    2001fd08    000010d7   000010d7    r-- .const
  20020de0    20020de0    00000530   00000530    r-- .cinit
20022400    20022400    0001c358   00000000    rw-
  20022400    20022400    00017357   00000000    rw- .bss
  20039758    20039758    00005000   00000000    rw- .sysmem


SECTION ALLOCATION MAP

 output                                  attributes/
section   page    origin      length       input sections
--------  ----  ----------  ----------   ----------------
.data      0    20000000    0000093c     UNINITIALIZED
                  20000000    000003c9     cc3200_certificate.obj (.data:DigiCertHighAssuranceEVRootCA_der)
                  200003c9    00000001     tasks.obj (.data)
                  200003ca    00000002     --HOLE--
                  200003cc    000000f0     rtsv7M4_T_le_eabi.lib : defs.obj (.data:_ftable)
                  200004bc    000000d0                           : lowlev.obj (.data)
                  2000058c    000000b0                           : signal.obj (.data:sigtable)
                  2000063c    00000004     cc3200_certificate.obj (.data)
                  20000640    00000080     rtsv7M4_T_le_eabi.lib : xvalues.obj (.data)
                  200006c0    00000068                           : xfvalues.obj (.data)
                  20000728    00000064     network_relater_fns.obj (.data:Token)
                  2000078c    00000064     network_relater_fns.obj (.data:Value)
                  200007f0    0000003c     main.obj (.data:g_token_get)
                  2000082c    00000034     free_rtos.a : tasks.obj (.data)
                  20000860    00000028     main.obj (.data)
                  20000888    00000018     cc3200_utils.obj (.data)
                  200008a0    00000018     request.obj (.data)
                  200008b8    00000010     rtsv7M4_T_le_eabi.lib : defs.obj (.data)
                  200008c8    0000000c     free_rtos.a : osi_freertos.obj (.data)
                  200008d4    0000000c     rtsv7M4_T_le_eabi.lib : memory.obj (.data)
                  200008e0    00000009     simplelink.a : cc_pal.obj (.data)
                  200008e9    00000003     --HOLE--
                  200008ec    00000009                  : driver.obj (.data)
                  200008f5    00000003     --HOLE--
                  200008f8    00000008     camera_app.obj (.data)
                  20000900    00000008     rtsv7M4_T_le_eabi.lib : _lock.obj (.data)
                  20000908    00000008                           : exit.obj (.data)
                  20000910    00000008                           : feraiseexcept.obj (.data)
                  20000918    00000006     http.obj (.data)
                  2000091e    00000002     --HOLE--
                  20000920    00000004     free_rtos.a : port.obj (.data)
                  20000924    00000004     middleware.a : rtc_hal.obj (.data)
                  20000928    00000004     ota.a : OtaHttp.obj (.data)
                  2000092c    00000004     rtsv7M4_T_le_eabi.lib : errno.obj (.data)
                  20000930    00000004                           : fopen.obj (.data)
                  20000934    00000004                           : rand.obj (.data)
                  20000938    00000004                           : stkdepth_vars.obj (.data)

.TI.persistent 
*          0    20000000    00000000     UNINITIALIZED

.stack     0    20002000    00002000     UNINITIALIZED
                  20002000    00002000     --HOLE--

.intvecs   0    20004000    00000400     
                  20004000    00000400     startup_ccs.obj (.intvecs)

.text      0    20004400    0001b908     
                  20004400    00001258     free_rtos.a : tasks.obj (.text)
                  20005658    000010a6     rtsv7M4_T_le_eabi.lib : _printfi.obj (.text)
                  200066fe    00000002     startup_ccs.obj (.text:BusFaultHandler)
                  20006700    00000b24     free_rtos.a : queue.obj (.text)
                  20007224    00000a08     magnetic.obj (.text:fUpdateCalibration10EIG)
                  20007c2c    00000788     magnetic.obj (.text:fUpdateCalibration4INV)
                  200083b4    00000694     magnetic.obj (.text:fUpdateCalibration7EIG)
                  20008a48    00000688     matrix.obj (.text:eigencompute)
                  200090d0    00000610     ota.a : OtaHttp.obj (.text)
                  200096e0    000005ec     simplelink.a : driver.obj (.text:_SlDrvMsgRead)
                  20009ccc    000005a4     application_fn.obj (.text:application_fn)
                  2000a270    00000584     magnetic.obj (.text:iUpdateMagnetometerBuffer)
                  2000a7f4    000004dc     network_relater_fns.obj (.text:SimpleLinkHttpServerCallback)
                  2000acd0    000004be     cc3200_utils.obj (.text:createNewInstallationId)
                  2000b18e    00000002     driverlib.a : interrupt.obj (.text:IntDefaultHandler)
                  2000b190    0000045c     free_rtos.a : osi_freertos.obj (.text)
                  2000b5ec    0000044c     request.obj (.text:buildRequestHeaders)
                  2000ba38    00000424     ota.a : OtaClient.obj (.text)
                  2000be5c    0000040c           : OtaApp.obj (.text)
                  2000c268    000003dc     rtsv7M4_T_le_eabi.lib : memory.obj (.text)
                  2000c644    000003b8     matrix.obj (.text:fmatrixAeqInvA)
                  2000c9fc    000003a0     network_relater_fns.obj (.text:SimpleLinkWlanEventHandler)
                  2000cd9c    00000378     rtsv7M4_T_le_eabi.lib : powf.obj (.text)
                  2000d114    0000035c     ota.a : CdnClient.obj (.text)
                  2000d470    00000354     orientation.obj (.text:feCompassAndroid)
                  2000d7c4    00000354     orientation.obj (.text:feCompassWin8)
                  2000db18    00000350     orientation.obj (.text:feCompassNED)
                  2000de68    00000338     ota.a : LogClient.obj (.text)
                  2000e1a0    00000324     tasks.obj (.text:MagCal_Run)
                  2000e4c4    0000030c     rtsv7M4_T_le_eabi.lib : lowlev.obj (.text)
                  2000e7d0    000002ec     network_relater_fns.obj (.text:ConfigureSimpleLinkToDefaultState)
                  2000eabc    000002d4     rtsv7M4_T_le_eabi.lib : trgdrv.obj (.text)
                  2000ed90    000002ac     user_configure_fn.obj (.text:WiFiProvisioning)
                  2000f03c    00000298     mt9d111.obj (.text:RegLstWrite)
                  2000f2d4    00000298     rtsv7M4_T_le_eabi.lib : vla_alloc.obj (.text)
                  2000f56c    00000284     camera_app.obj (.text:CaptureImage)
                  2000f7f0    0000026e     simplejson.obj (.text:simpleJsonProcessor)
                  2000fa5e    00000002     startup_ccs.obj (.text:IntDefaultHandler)
                  2000fa60    00000260     door_position_detection_algorithm.obj (.text:check_doorpos)
                  2000fcc0    0000025c     parse_uploads.obj (.text:ConstructGroundDataObject)
                  2000ff1c    0000025c     lightSens_isl29035.obj (.text:configureISL29035)
                  20010178    00000250     user_configure_fn.obj (.text:User_Configure)
                  200103c8    00000248     simplelink.a : driver.obj (.text:_SlDrvRxHdrRead)
                  20010610    00000244                  : wlan.obj (.text:sl_WlanConnect)
                  20010854    00000220     rtsv7M4_T_le_eabi.lib : ll_div_t2.obj (.text)
                  20010a74    00000218     request.obj (.text:payloadSend)
                  20010c8c    00000214     main_FXOS8700.obj (.text:angleCheck_Initializations)
                  20010ea0    0000020c     ota.obj (.text:OTA_Run)
                  200110ac    000001f4     rtsv7M4_T_le_eabi.lib : ull_div_t2.obj (.text)
                  200112a0    000001f0     user_configure_fn.obj (.text:Get_Calibration_MagSensor)
                  20011490    000001d0     simplelink.a : driver.obj (.text:_SlDrvReleasePoolObj)
                  20011660    000001cc                  : driver.obj (.text:_SlDrvMsgWrite)
                  2001182c    000001c4     tasks.obj (.text:RdSensData_Run)
                  200119f0    000001c4     rtsv7M4_T_le_eabi.lib : fopen.obj (.text)
                  20011bb4    000001c0     magnetic.obj (.text:fInvertMagCal)
                  20011d74    000001bc     rtsv7M4_T_le_eabi.lib : xflog.obj (.text)
                  20011f30    000001b6                           : fd_add_t2.obj (.text)
                  200120e6    00000002     startup_ccs.obj (.text:NmiSR)
                  200120e8    000001b0     Task_UserConfig.obj (.text:UserConfigure_Task)
                  20012298    000001ac     parse_uploads.obj (.text:ConstructDeviceStateObject)
                  20012444    000001a4     orientation.obj (.text:fQuaternionFromRotationMatrix)
                  200125e8    000001a4     cc3200_socket.obj (.text:socketSslConnect)
                  2001278c    000001a0     camera_app.obj (.text:CameraIntHandler)
                  2001292c    0000019c     rtsv7M4_T_le_eabi.lib : xfsin.obj (.text)
                  20012ac8    00000190     simplelink.a : driver.obj (.text:_SlDrvWaitForPoolObj)
                  20012c58    0000018c     user_configure_fn.obj (.text:AccessPtMode_HTTPServer_Start)
                  20012de4    0000018c     request.obj (.text:sendRequest)
                  20012f70    00000188     matrix.obj (.text:f3x3matrixAeqInvSymB)
                  200130f8    00000184     flc.a : flc.obj (.text)
                  2001327c    00000180     orientation.obj (.text:fWin8AnglesDegFromRotationMatrix)
                  200133fc    0000017c     main.obj (.text:main)
                  20013578    00000178     rtsv7M4_T_le_eabi.lib : tanf.obj (.text)
                  200136f0    00000178                           : xfexp.obj (.text)
                  20013868    00000174     simplelink.a : driver.obj (.text:_SlDrvDriverCBInit)
                  200139dc    00000174     magnetic.obj (.text:fInitMagCalibration)
                  20013b50    00000174     network_relater_fns.obj (.text:initNetwork)
                  20013cc4    00000170     network_relater_fns.obj (.text:SimpleLinkNetAppEventHandler)
                  20013e34    00000170     simplelink.a : driver.obj (.text:_SlFindAndSetActiveObj)
                  20013fa4    00000168     ota.obj (.text:OTAServerInfoSet)
                  2001410c    00000165     network_relater_fns.obj (.text:SimpleLinkSockEventHandler)
                  20014271    00000001     --HOLE-- [fill = 0]
                  20014272    00000002     main.obj (.text:vApplicationIdleHook)
                  20014274    00000164     network_relater_fns.obj (.text:WiFi_Connect)
                  200143d8    00000164     tempRHSens_si7020.obj (.text:getTempRH)
                  2001453c    00000160     tasks.obj (.text:Fusion_Run)
                  2001469c    0000015c     hibernate_related_fns.obj (.text:HIBernate)
                  200147f8    00000158     drivers.obj (.text:FXOS8700_Init)
                  20014950    00000158     orientation.obj (.text:qAeqAxB)
                  20014aa8    00000158     orientation.obj (.text:qconjgAxB)
                  20014c00    00000154     user_configure_fn.obj (.text:CollectAngle)
                  20014d54    00000150     simplelink.a : cc_pal.obj (.text:spi_Open)
                  20014ea4    00000144     fusion.obj (.text:fRun_6DOF_GB_BASIC)
                  20014fe8    0000013c     rtsv7M4_T_le_eabi.lib : fmodf.obj (.text)
                  20015124    0000013c     simplelink.a : socket.obj (.text:sl_Select)
                  20015260    00000138     i2cconfig.obj (.text:I2CBufferRead)
                  20015398    00000138     mt9d111.obj (.text:Register_Read)
                  200154d0    00000138     orientation.obj (.text:fLPFOrientationQuaternion)
                  20015608    00000138     orientation.obj (.text:fRotationMatrixFromQuaternion)
                  20015740    00000138     i2c_app.obj (.text:i2cWriteRegisters)
                  20015878    00000136     rtsv7M4_T_le_eabi.lib : fd_div_t2.obj (.text)
                  200159ae    00000002     --HOLE-- [fill = 0]
                  200159b0    00000134     driverlib.a : prcm.obj (.text:PRCMCC3200MCUInit)
                  20015ae4    00000134     rtsv7M4_T_le_eabi.lib : fputs.obj (.text)
                  20015c18    00000130     i2cconfig.obj (.text:I2CBufferWrite)
                  20015d48    0000012a     free_rtos.a : list.obj (.text)
                  20015e72    00000002     --HOLE-- [fill = 0]
                  20015e74    00000128     mt9d111.obj (.text:Read_AllRegisters)
                  20015f9c    00000128     simplelink.a : driver.obj (.text:_SlDrvDataReadOp)
                  200160c4    00000116     drivers.obj (.text:FXOS8700_ReadData)
                  200161da    00000002     --HOLE-- [fill = 0]
                  200161dc    00000110     free_rtos.a : port.obj (.text)
                  200162ec    00000110     rtsv7M4_T_le_eabi.lib : xdscale.obj (.text)
                  200163fc    00000110     lightSens_isl29035.obj (.text:verifyISL29035)
                  2001650c    00000110     tempRHSens_si7020.obj (.text:verifyTempRHSensor)
                  2001661c    0000010c     flash_files.obj (.text:WriteFile_ToFlash)
                  20016728    00000108     middleware.a : rtc_hal.obj (.text:rtc_fast_domain_counter_rd)
                  20016830    00000108     simplelink.a : socket.obj (.text:sl_Connect)
                  20016938    00000108                  : socket.obj (.text:sl_Send)
                  20016a40    00000104     dbgFns.obj (.text:Check_I2CDevices)
                  20016b44    00000104     simplelink.a : driver.obj (.text:_SlDrvDataWriteOp)
                  20016c48    00000104     i2c_app.obj (.text:i2cReadRegistersTwoBytes)
                  20016d4c    00000104     simplelink.a : netapp.obj (.text:sl_NetAppDnsGetHostByName)
                  20016e50    00000100     i2c_app.obj (.text:i2cReadRegisters)
                  20016f50    00000100     cc3200_client_state.obj (.text:loadClientState)
                  20017050    000000fe     simplelink.a : netapp.obj (.text:_SlDrvNetAppEventHandler)
                  2001714e    00000002     --HOLE-- [fill = 0]
                  20017150    000000fc     pinmux.obj (.text:PinMuxConfig)
                  2001724c    000000fc     orientation.obj (.text:fqAeqNormqA)
                  20017348    000000fc     rtsv7M4_T_le_eabi.lib : fd_mul_t2.obj (.text)
                  20017444    000000fa                           : fs_add_t2.obj (.text)
                  2001753e    00000002     --HOLE-- [fill = 0]
                  20017540    000000f8     Task_Main.obj (.text:Main_Task_withHibernate)
                  20017638    000000f8     cc3200_certificate.obj (.text:ensureCertificateFile)
                  20017730    000000f8     orientation.obj (.text:fAndroidAnglesDegFromRotationMatrix)
                  20017828    000000f8     orientation.obj (.text:fNEDAnglesDegFromRotationMatrix)
                  20017920    000000f7     parse_uploads.obj (.text:Get_FridgeCamID)
                  20017a17    00000001     --HOLE-- [fill = 0]
                  20017a18    000000f4     simplelink.a : driver.obj (.text:_SlDrvDriverCBDeinit)
                  20017b0c    000000f4     installation.obj (.text:getInstallation)
                  20017c00    000000f4     app_common.obj (.text:intToASCII)
                  20017cf4    000000f4     simplelink.a : fs.obj (.text:sl_FsRead)
                  20017de8    000000f4     accelomtrMagntomtr_fxos8700.obj (.text:verifyAccelMagnSensor)
                  20017edc    000000f2     cc3200_socket.obj (.text:socketRead)
                  20017fce    00000002     --HOLE-- [fill = 0]
                  20017fd0    000000f0     camera_app.obj (.text:DMAConfig)
                  200180c0    000000f0     driverlib.a : udma.obj (.text:uDMAChannelTransferSet)
                  200181b0    000000ec     orientation.obj (.text:fRotationVectorDegFromQuaternion)
                  2001829c    000000ec     simplelink.a : fs.obj (.text:sl_FsWrite)
                  20018388    000000e8     appFns_BatteryLevelSense.obj (.text:Get_BatteryPercent)
                  20018470    000000e4     parse_uploads.obj (.text:UploadImageToParse)
                  20018554    000000e0     flash_files.obj (.text:ReadFile_FromFlash)
                  20018634    000000e0     camera_app.obj (.text:Start_CameraCapture)
                  20018714    000000e0     parse_uploads.obj (.text:UploadGroundDataObjectToParse)
                  200187f4    000000dc     ota.obj (.text:OTA_CommitImage)
                  200188d0    000000dc     parse_uploads.obj (.text:UploadSensorDataToParse)
                  200189ac    000000dc     rtsv7M4_T_le_eabi.lib : setvbuf.obj (.text)
                  20018a88    000000dc     simplelink.a : cc_pal.obj (.text:spi_Read)
                  20018b64    000000d8                  : driver.obj (.text:_SlDrvClassifyRxMsg)
                  20018c3c    000000d8     rtsv7M4_T_le_eabi.lib : xfatan.obj (.text)
                  20018d14    000000d4     simplelink.a : device.obj (.text:sl_Stop)
                  20018de8    000000d0     rtsv7M4_T_le_eabi.lib : xfdscale.obj (.text)
                  20018eb8    000000cc     approximations.obj (.text:fatan_deg)
                  20018f84    000000cc     rtsv7M4_T_le_eabi.lib : sqrtf.obj (.text)
                  20019050    000000c8     mt9d111.obj (.text:EnterStandby_mt9d111)
                  20019118    000000c8     simplelink.a : netapp.obj (.text:_sl_HandleAsync_DnsGetHostByService)
                  200191e0    000000c8     rtsv7M4_T_le_eabi.lib : fflush.obj (.text)
                  200192a8    000000c4     mt9d111.obj (.text:ExitStandby_mt9d111)
                  2001936c    000000c4     simplelink.a : driver.obj (.text:_SlRemoveFromList)
                  20019430    000000c0     i2c_if.obj (.text:I2C_IF_Read)
                  200194f0    000000c0     user_configure_fn.obj (.text:WlanConnect)
                  200195b0    000000be     rtsv7M4_T_le_eabi.lib : xdnorm.obj (.text)
                  2001966e    00000002     --HOLE-- [fill = 0]
                  20019670    000000bc     i2c_if.obj (.text:I2C_IF_Write)
                  2001972c    000000bc     Task_ImageCaptureConfigs.obj (.text:ImageSensor_CaptureConfigs_Task)
                  200197e8    000000bc     simplelink.a : driver.obj (.text:_SlDrvMsgReadCmdCtx)
                  200198a4    000000bc     tempRHSens_si7020.obj (.text:configureTempRHSensor)
                  20019960    000000bc     rtsv7M4_T_le_eabi.lib : acosf.obj (.text)
                  20019a1c    000000bc     simplelink.a : device.obj (.text:sl_Start)
                  20019ad8    000000ba     free_rtos.a : portasm.obj (.text)
                  20019b92    00000002     --HOLE-- [fill = 0]
                  20019b94    000000b8     simplelink.a : driver.obj (.text:_SlAsyncEventGenericHandler)
                  20019c4c    000000b8     installation.obj (.text:createInstallation)
                  20019d04    000000b4     main.obj (.text:InitializeAppVariables)
                  20019db8    000000b4     simplelink.a : netapp.obj (.text:sl_NetAppMDNSRegisterUnregisterService)
                  20019e6c    000000ac     camera_app.obj (.text:ReStart_CameraCapture)
                  20019f18    000000ac     mt9d111.obj (.text:Verify_ImageSensor)
                  20019fc4    000000ac     rtsv7M4_T_le_eabi.lib : _io_perm.obj (.text)
                  2001a070    000000ab     installation.obj (.text:getInstallationByIdCallback)
                  2001a11b    00000001     --HOLE-- [fill = 0]
                  2001a11c    000000aa     uartA1_if.obj (.text:Report)
                  2001a1c6    00000002     --HOLE-- [fill = 0]
                  2001a1c8    000000a8     driverlib.a : interrupt.obj (.text:IntDisable)
                  2001a270    000000a8                 : interrupt.obj (.text:IntEnable)
                  2001a318    000000a8     simplelink.a : netcfg.obj (.text:sl_NetCfgGet)
                  2001a3c0    000000a4     app_common.obj (.text:LED_Blink)
                  2001a464    000000a0     driverlib.a : spi.obj (.text:SPIConfigSetExpClk)
                  2001a504    000000a0     cc3200_socket.obj (.text:socketWrite)
                  2001a5a4    0000009e     matrix.obj (.text:f3x3matrixDetA)
                  2001a642    00000002     --HOLE-- [fill = 0]
                  2001a644    0000009c     simplelink.a : driver.obj (.text:_SlDrvMsgReadSpawnCtx)
                  2001a6e0    0000009c     approximations.obj (.text:fatan2_deg)
                  2001a77c    0000009c     rtsv7M4_T_le_eabi.lib : memcpy_t2.obj (.text)
                  2001a818    0000009c     simplelink.a : device.obj (.text:sl_DevGet)
                  2001a8b4    00000098     camera_app.obj (.text:Config_CameraCapture)
                  2001a94c    00000098     simplelink.a : fs.obj (.text:_sl_GetCreateFsMode)
                  2001a9e4    00000098     rtsv7M4_T_le_eabi.lib : fclose.obj (.text)
                  2001aa7c    00000098                           : fputc.obj (.text)
                  2001ab14    00000096     parse_uploads.obj (.text:Add_NumberField_ToJSONString)
                  2001abaa    00000002     --HOLE-- [fill = 0]
                  2001abac    00000094     driverlib.a : prcm.obj (.text:PRCMPeripheralClockGet)
                  2001ac40    00000094     approximations.obj (.text:facos_deg)
                  2001acd4    00000094     lightSens_isl29035.obj (.text:getLightsensor_data)
                  2001ad68    00000094     rtsv7M4_T_le_eabi.lib : snprintf.obj (.text)
                  2001adfc    00000092     parse_impl.obj (.text:parseInitialize)
                  2001ae8e    00000092     rtsv7M4_T_le_eabi.lib : fs_div_t2.obj (.text)
                  2001af20    00000090     network_relater_fns.obj (.text:InitializeUserConfigVariables)
                  2001afb0    0000008c     sendGroundData.obj (.text:SendGroundData)
                  2001b03c    0000008c     simplelink.a : cc_pal.obj (.text:SetupDMAReceive)
                  2001b0c8    0000008c                  : cc_pal.obj (.text:SetupDMASend)
                  2001b154    0000008c                  : netapp.obj (.text:_sl_HandleAsync_DnsGetHostByName)
                  2001b1e0    0000008c                  : netapp.obj (.text:_sl_HandleAsync_PingResponse)
                  2001b26c    0000008c     rtsv7M4_T_le_eabi.lib : xfdint.obj (.text)
                  2001b2f8    0000008c     simplelink.a : cc_pal.obj (.text:spi_Write)
                  2001b384    00000088     driverlib.a : prcm.obj (.text:PRCMHibernateIntervalSet)
                  2001b40c    00000088                 : pin.obj (.text:PinConfigSet)
                  2001b494    00000088     rtsv7M4_T_le_eabi.lib : vsnprintf.obj (.text)
                  2001b51c    00000088     simplelink.a : fs.obj (.text:sl_FsClose)
                  2001b5a4    00000086     rtsv7M4_T_le_eabi.lib : fd_cmp_t2.obj (.text:__aeabi_cdcmple)
                  2001b62a    00000086                           : fd_cmp_t2.obj (.text:__aeabi_cdrcmple)
                  2001b6b0    00000084     timer_if.obj (.text:GetPeripheralIntNum)
                  2001b734    00000084     driverlib.a : i2c.obj (.text:I2CMasterInitExpClk)
                  2001b7b8    00000084     simplelink.a : cc_pal.obj (.text:NwpPowerOnPreamble)
                  2001b83c    00000084     matrix.obj (.text:f3x3matrixAeqI)
                  2001b8c0    00000084     fusion.obj (.text:fInit_6DOF_GB_BASIC)
                  2001b944    00000080     simplelink.a : driver.obj (.text:_SlDrvCmdOp)
                  2001b9c4    00000080                  : cc_pal.obj (.text:spi_Read_CPU)
                  2001ba44    00000080                  : cc_pal.obj (.text:spi_Write_CPU)
                  2001bac4    0000007c     network_relater_fns.obj (.text:ConfigureMode)
                  2001bb40    0000007c     driverlib.a : prcm.obj (.text:PRCMRTCGet)
                  2001bbbc    0000007c     camera_app.obj (.text:Standby_ImageSensor)
                  2001bc38    0000007c     camera_app.obj (.text:Wakeup_ImageSensor)
                  2001bcb4    0000007c     simplelink.a : device.obj (.text:_sl_HandleAsync_InitComplete)
                  2001bd30    0000007c     matrix.obj (.text:fmatrixAeqI)
                  2001bdac    0000007c     simplelink.a : fs.obj (.text:sl_FsGetInfo)
                  2001be28    0000007a     rtsv7M4_T_le_eabi.lib : fs_mul_t2.obj (.text)
                  2001bea2    0000007a                           : memset_t2.obj (.text)
                  2001bf1c    0000007a                           : xfdnorm.obj (.text)
                  2001bf96    00000002     --HOLE-- [fill = 0]
                  2001bf98    00000078     i2c_if.obj (.text:I2CTransact)
                  2001c010    00000078     parse_uploads.obj (.text:InitialiseParse)
                  2001c088    00000078     simplelink.a : socket.obj (.text:_sl_HandleAsync_Connect)
                  2001c100    00000078                  : fs.obj (.text:sl_FsOpen)
                  2001c178    00000078                  : cc_pal.obj (.text:spi_Close)
                  2001c1f0    00000076     driverlib.a : uart.obj (.text:UARTConfigSetExpClk)
                  2001c266    00000002     --HOLE-- [fill = 0]
                  2001c268    00000074     middleware.a : rtc_hal.obj (.text:rtc_value_rd)
                  2001c2dc    00000074     simplelink.a : socket.obj (.text:sl_Recv)
                  2001c350    00000073     installation.obj (.text:getInstallationCallback)
                  2001c3c3    00000001     --HOLE-- [fill = 0]
                  2001c3c4    00000072     timer_if.obj (.text:Timer_IF_IntSetup)
                  2001c436    00000002     --HOLE-- [fill = 0]
                  2001c438    00000070     batteryVoltLvlSens_adc081c021.obj (.text:Get_BatteryVoltageLevel_ADC081C021)
                  2001c4a8    00000070     timer_fns.obj (.text:get_timeDuration)
                  2001c518    0000006c     camera_app.obj (.text:CamControllerInit)
                  2001c584    0000006c     udma_if.obj (.text:UDMAInit)
                  2001c5f0    0000006c     simplelink.a : driver.obj (.text:_SlDrvCmdSend)
                  2001c65c    0000006c     matrix.obj (.text:f3x3matrixAeqMinusA)
                  2001c6c8    0000006c     request.obj (.text:parseSendRequestInternal)
                  2001c734    0000006c     rtsv7M4_T_le_eabi.lib : autoinit.obj (.text)
                  2001c7a0    0000006c                           : fprintf.obj (.text)
                  2001c80c    0000006c                           : fs_toll_t2.obj (.text)
                  2001c878    0000006a     matrix.obj (.text:f3x3matrixAeqAxScalar)
                  2001c8e2    0000006a     rtsv7M4_T_le_eabi.lib : copy_decompress_rle.obj (.text)
                  2001c94c    00000069     http.obj (.text:beginHttpGetRequest)
                  2001c9b5    00000003     --HOLE-- [fill = 0]
                  2001c9b8    00000068     driverlib.a : prcm.obj (.text:PRCMHibernateWakeUpGPIOSelect)
                  2001ca20    00000068     mt9d111.obj (.text:RestartSensorInJpegMode)
                  2001ca88    00000068     mt9d111.obj (.text:StartSensorInJpegMode)
                  2001caf0    00000068     simplelink.a : netapp.obj (.text:_sl_NetAppSendTokenValue)
                  2001cb58    00000068     cc3200_utils.obj (.text:fetchDeviceOSVersion)
                  2001cbc0    00000068     rtsv7M4_T_le_eabi.lib : trgmsg.obj (.text)
                  2001cc28    00000068     simplelink.a : device.obj (.text:sl_DevSet)
                  2001cc90    00000068                  : netcfg.obj (.text:sl_NetCfgSet)
                  2001ccf8    00000068                  : socket.obj (.text:sl_SetSockOpt)
                  2001cd60    00000068                  : wlan.obj (.text:sl_WlanSet)
                  2001cdc8    00000066     matrix.obj (.text:f3x3matrixAeqScalar)
                  2001ce2e    00000066     rtsv7M4_T_le_eabi.lib : xdunscal.obj (.text)
                  2001ce94    00000064     mt9d111.obj (.text:CCMRegs_Read)
                  2001cef8    00000064     rtsv7M4_T_le_eabi.lib : fseek.obj (.text)
                  2001cf5c    00000064     cc3200_socket.obj (.text:socketWait)
                  2001cfc0    00000064     tempRHSens_si7020.obj (.text:softResetTempRHSensor)
                  2001d024    00000064     driverlib.a : udma.obj (.text:uDMAChannelAttributeDisable)
                  2001d088    00000064                 : udma.obj (.text:uDMAChannelAttributeEnable)
                  2001d0ec    00000060     rtsv7M4_T_le_eabi.lib : fs_cmp_t2.obj (.text:__aeabi_cfcmple)
                  2001d14c    00000060                           : fs_cmp_t2.obj (.text:__aeabi_cfrcmple)
                  2001d1ac    00000060     simplelink.a : socket.obj (.text:_sl_HandleAsync_Accept)
                  2001d20c    00000060     main_FXOS8700.obj (.text:fxosDefault_Initializations)
                  2001d26c    00000060     lightSens_isl29035.obj (.text:getLightsensor_intrptStatus)
                  2001d2cc    00000060     accelomtrMagntomtr_fxos8700.obj (.text:getMagntData)
                  2001d32c    00000060     rtsv7M4_T_le_eabi.lib : sprintf.obj (.text)
                  2001d38c    00000060     simplelink.a : wlan.obj (.text:sl_WlanPolicySet)
                  2001d3ec    00000060     accelomtrMagntomtr_fxos8700.obj (.text:standby_accelMagn_fxos8700)
                  2001d44c    0000005c     ota.obj (.text:OTA_Init)
                  2001d4a8    0000005c     mt9d111.obj (.text:PCLK_Rate_read)
                  2001d504    0000005c     simplelink.a : socket.obj (.text:sl_Socket)
                  2001d560    00000058     driverlib.a : interrupt.obj (.text:IntPendClear)
                  2001d5b8    00000058                 : prcm.obj (.text:PRCMPeripheralReset)
                  2001d610    00000056     rtsv7M4_T_le_eabi.lib : ltoa.obj (.text)
                  2001d666    00000056                           : xfdunsca.obj (.text)
                  2001d6bc    00000054     driverlib.a : interrupt.obj (.text:IntPrioritySet)
                  2001d710    00000054     simplelink.a : socket.obj (.text:_sl_HandleAsync_Select)
                  2001d764    00000054     approximations.obj (.text:fasin_deg)
                  2001d7b8    00000054     request.obj (.text:headerSend)
                  2001d80c    00000054     simplelink.a : wlan.obj (.text:sl_WlanRxFilterSet)
                  2001d860    00000051     installation.obj (.text:createInstallationCallback)
                  2001d8b1    00000003     --HOLE-- [fill = 0]
                  2001d8b4    00000050     i2c_if.obj (.text:I2C_IF_Open)
                  2001d904    00000050     camera_app.obj (.text:ImagCapture_Init)
                  2001d954    00000050     driverlib.a : prcm.obj (.text:PRCMSlowClkCtrGet)
                  2001d9a4    00000050     simplelink.a : device.obj (.text:_sl_HandleAsync_Stop)
                  2001d9f4    00000050     mt9d111.obj (.text:disableAE)
                  2001da44    00000050     mt9d111.obj (.text:disableAWB)
                  2001da94    00000050     rtsv7M4_T_le_eabi.lib : fs_toull_t2.obj (.text)
                  2001dae4    00000050     simplelink.a : fs.obj (.text:sl_FsDel)
                  2001db34    00000050     timer_fns.obj (.text:start_100mSecTimer)
                  2001db84    0000004c     tasks.obj (.text:RdSensData_Init)
                  2001dbd0    0000004c     driverlib.a : spi.obj (.text:SPIIntEnable)
                  2001dc1c    0000004c     simplelink.a : driver.obj (.text:_SlDrvProtectAsyncRespSetting)
                  2001dc68    0000004c                  : driver.obj (.text:_SlDrvRxIrqHandler)
                  2001dcb4    0000004c                  : socket.obj (.text:_sl_BuildAddress)
                  2001dd00    0000004c     rtsv7M4_T_le_eabi.lib : atoi.obj (.text)
                  2001dd4c    0000004c                           : atol.obj (.text)
                  2001dd98    0000004c                           : cpy_tbl.obj (.text)
                  2001dde4    0000004c                           : rand.obj (.text)
                  2001de30    0000004c     driverlib.a : udma.obj (.text:uDMAChannelAssign)
                  2001de7c    0000004c     middleware.a : util64.obj (.text:util_u32_nsec_add)
                  2001dec8    0000004a     rtsv7M4_T_le_eabi.lib : fd_tos_t2.obj (.text)
                  2001df12    00000002     --HOLE-- [fill = 0]
                  2001df14    00000048     driverlib.a : prcm.obj (.text:PRCMHibernateWakeupSourceDisable)
                  2001df5c    00000048                 : prcm.obj (.text:PRCMHibernateWakeupSourceEnable)
                  2001dfa4    00000048                 : spi.obj (.text:SPIIntClear)
                  2001dfec    00000048     mt9d111.obj (.text:Variable_Read)
                  2001e034    00000048     simplelink.a : driver.obj (.text:_SlDrvBasicCmd)
                  2001e07c    00000048     http.obj (.text:addHttpRequestLine)
                  2001e0c4    00000048     approximations.obj (.text:fatan_15deg)
                  2001e10c    00000048     rtsv7M4_T_le_eabi.lib : fd_toi_t2.obj (.text)
                  2001e154    00000046                           : ldexp.obj (.text)
                  2001e19a    00000002     --HOLE-- [fill = 0]
                  2001e19c    00000044     driverlib.a : spi.obj (.text:SPIDmaMaskGet)
                  2001e1e0    00000044                 : timer.obj (.text:TimerConfigure)
                  2001e224    00000044     udma_if.obj (.text:UDMASetupTransfer)
                  2001e268    00000044     simplelink.a : cc_pal.obj (.text:cc_SetupTransfer)
                  2001e2ac    00000044     main_FXOS8700.obj (.text:fxos_Calibration)
                  2001e2f0    00000044     rtsv7M4_T_le_eabi.lib : exit.obj (.text)
                  2001e334    00000044                           : fd_tou_t2.obj (.text)
                  2001e378    00000042     simplelink.a : socket.obj (.text:sl_Htonl)
                  2001e3ba    00000002     --HOLE-- [fill = 0]
                  2001e3bc    00000040     driverlib.a : pin.obj (.text:PinModeSet)
                  2001e3fc    00000040     http.obj (.text:getHttpResponseBody)
                  2001e43c    00000040     rtsv7M4_T_le_eabi.lib : signal.obj (.text)
                  2001e47c    00000040     timer_fns.obj (.text:start_1Sec_TimeoutTimer)
                  2001e4bc    0000003e     appFns_LightSensor.obj (.text:IsLightOff)
                  2001e4fa    0000003e     rtsv7M4_T_le_eabi.lib : strncasecmp.obj (.text)
                  2001e538    0000003c     simplelink.a : netapp.obj (.text:CopyPingResultsToReport)
                  2001e574    0000003c     tasks.obj (.text:Fusion_Init)
                  2001e5b0    0000003c     driverlib.a : prcm.obj (.text:PRCMPeripheralClkEnable)
                  2001e5ec    0000003c                 : prcm.obj (.text:PRCMSlowClkCtrFastGet)
                  2001e628    0000003c     simplelink.a : socket.obj (.text:_sl_TruncatePayloadByProtocol)
                  2001e664    0000003c     rtsv7M4_T_le_eabi.lib : boot.obj (.text)
                  2001e6a0    0000003c     simplelink.a : socket.obj (.text:sl_Htons)
                  2001e6dc    0000003c     driverlib.a : udma.obj (.text:uDMAChannelControlSet)
                  2001e718    0000003a                 : camera.obj (.text:CameraCaptureStop)
                  2001e752    0000003a                 : camera.obj (.text:CameraXClkConfig)
                  2001e78c    0000003a     orientation.obj (.text:fLPFScalar)
                  2001e7c6    0000003a     request.obj (.text:parseSendRequest)
                  2001e800    00000039     http.obj (.text:addHttpRequestHeader)
                  2001e839    00000003     --HOLE-- [fill = 0]
                  2001e83c    00000038     simplelink.a : cc_pal.obj (.text:NwpPowerOff)
                  2001e874    00000038     free_rtos.a : heap_3.obj (.text)
                  2001e8ac    00000038     rtsv7M4_T_le_eabi.lib : fs_tod_t2.obj (.text)
                  2001e8e4    00000038                           : fs_toi_t2.obj (.text)
                  2001e91c    00000038                           : i_tofs_t2.obj (.text)
                  2001e954    00000037     ota.obj (.text:OTA_Update)
                  2001e98b    00000001     --HOLE-- [fill = 0]
                  2001e98c    00000036     driverlib.a : gpio.obj (.text:GPIODirModeSet)
                  2001e9c2    00000036     simplelink.a : netapp.obj (.text:sl_NetAppMDNSUnRegisterService)
                  2001e9f8    00000035     http.obj (.text:beginHttpRequest)
                  2001ea2d    00000001     --HOLE-- [fill = 0]
                  2001ea2e    00000034     driverlib.a : camera.obj (.text:CameraParamsConfig)
                  2001ea62    00000002     --HOLE-- [fill = 0]
                  2001ea64    00000034                 : prcm.obj (.text:PRCMPeripheralStatusGet)
                  2001ea98    00000034                 : spi.obj (.text:SPIFIFOLevelSet)
                  2001eacc    00000034     http.obj (.text:getHttpResponseStatus)
                  2001eb00    00000034     main_FXOS8700.obj (.text:get_angle)
                  2001eb34    00000034     rtsv7M4_T_le_eabi.lib : feraiseexcept.obj (.text)
                  2001eb68    00000034                           : fs_tou_t2.obj (.text)
                  2001eb9c    00000034                           : strstr.obj (.text)
                  2001ebd0    00000032     timer_if.obj (.text:Timer_IF_Init)
                  2001ec02    00000002     --HOLE-- [fill = 0]
                  2001ec04    00000030     main.obj (.text:BoardInit)
                  2001ec34    00000030     driverlib.a : pin.obj (.text:PinTypeGPIO)
                  2001ec64    00000030                 : uart.obj (.text:UARTDisable)
                  2001ec94    00000030     simplelink.a : device.obj (.text:_SlDrvDeviceEventHandler)
                  2001ecc4    00000030                  : fs.obj (.text:_sl_Strlen)
                  2001ecf4    00000030     middleware.a : rtc_hal.obj (.text:hw_access_time_addup)
                  2001ed24    00000030     rtsv7M4_T_le_eabi.lib : strncpy.obj (.text)
                  2001ed54    00000030                           : xferaise.obj (.text)
                  2001ed84    00000030     simplelink.a : socket.obj (.text:sl_Close)
                  2001edb4    00000030                  : wlan.obj (.text:sl_WlanProfileDel)
                  2001ede4    00000030                  : wlan.obj (.text:sl_WlanSetMode)
                  2001ee14    0000002e     rtsv7M4_T_le_eabi.lib : i_tofd_t2.obj (.text)
                  2001ee42    0000002e                           : raise.obj (.text)
                  2001ee70    0000002d     http.obj (.text:addHttpRequestHeaderInt)
                  2001ee9d    00000003     --HOLE-- [fill = 0]
                  2001eea0    0000002c     tasks.obj (.text:ApplyMagHAL)
                  2001eecc    0000002c     driverlib.a : camera.obj (.text:CameraIntEnable)
                  2001eef8    0000002c     simplelink.a : cc_pal.obj (.text:DmaSpiSwIntHandler)
                  2001ef24    0000002c     driverlib.a : i2c.obj (.text:I2CMasterErr)
                  2001ef50    0000002c     timer_fns.obj (.text:IntHandler_1Sec_TimeoutTimer)
                  2001ef7c    0000002c     driverlib.a : prcm.obj (.text:PRCMSysResetCauseGet)
                  2001efa8    0000002c     mt9d111.obj (.text:SoftReset_ImageSensor)
                  2001efd4    0000002c     cc3200_utils.obj (.text:getDeviceTimeDate)
                  2001f000    0000002c     request.obj (.text:setDataBufferPointer)
                  2001f02c    0000002c     timer_fns.obj (.text:stop_100mSecTimer)
                  2001f058    0000002a     driverlib.a : timer.obj (.text:TimerLoadSet)
                  2001f082    0000002a                 : timer.obj (.text:TimerPrescaleSet)
                  2001f0ac    0000002a     rtsv7M4_T_le_eabi.lib : xdclass.obj (.text)
                  2001f0d6    0000002a     middleware.a : util64.obj (.text:util_u64_time_add)
                  2001f100    00000028     driverlib.a : camera.obj (.text:CameraIntStatus)
                  2001f128    00000028     uartA1_if.obj (.text:InitTerm)
                  2001f150    00000028     driverlib.a : prcm.obj (.text:IsRTCUsed)
                  2001f178    00000028     uartA1_if.obj (.text:Message)
                  2001f1a0    00000028     driverlib.a : prcm.obj (.text:PRCMPeripheralClkDisable)
                  2001f1c8    00000028     rtsv7M4_T_le_eabi.lib : strncat.obj (.text)
                  2001f1f0    00000028     simplelink.a : netapp.obj (.text:sl_NetAppStart)
                  2001f218    00000028                  : netapp.obj (.text:sl_NetAppStop)
                  2001f240    00000026     driverlib.a : camera.obj (.text:CameraThresholdSet)
                  2001f266    00000026     simplelink.a : cc_pal.obj (.text:NwpRegisterInterruptHandler)
                  2001f28c    00000026     rtsv7M4_T_le_eabi.lib : strncmp.obj (.text)
                  2001f2b2    00000002     --HOLE-- [fill = 0]
                  2001f2b4    00000024     driverlib.a : camera.obj (.text:CameraIntClear)
                  2001f2d8    00000024     timer_fns.obj (.text:IntHandler_100mSecTimer)
                  2001f2fc    00000024     driverlib.a : interrupt.obj (.text:IntUnregister)
                  2001f320    00000024                 : prcm.obj (.text:RTCU16MSecRegRead)
                  2001f344    00000024     timer_if.obj (.text:Timer_IF_Start)
                  2001f368    00000024     driverlib.a : uart.obj (.text:UARTEnable)
                  2001f38c    00000024     mt9d111.obj (.text:WriteAllAEnAWBRegs)
                  2001f3b0    00000024     simplelink.a : driver.obj (.text:_SlDrvProtectionObjLockWaitForever)
                  2001f3d4    00000024     main_FXOS8700.obj (.text:magnetometer_initialize)
                  2001f3f8    00000024     rtsv7M4_T_le_eabi.lib : u_tofs_t2.obj (.text)
                  2001f41c    00000022     driverlib.a : camera.obj (.text:CameraCaptureStart)
                  2001f43e    00000022                 : i2c.obj (.text:I2CMasterSlaveAddrSet)
                  2001f460    00000022     simplelink.a : socket.obj (.text:SL_FD_SET)
                  2001f482    00000022     driverlib.a : spi.obj (.text:SPIReset)
                  2001f4a4    00000022                 : spi.obj (.text:SPIWordCountSet)
                  2001f4c6    00000022     rtsv7M4_T_le_eabi.lib : frexp.obj (.text)
                  2001f4e8    00000022                           : memcmp.obj (.text)
                  2001f50a    00000020     driverlib.a : gpio.obj (.text:GPIOPinWrite)
                  2001f52a    00000002     --HOLE-- [fill = 0]
                  2001f52c    00000020                 : interrupt.obj (.text:IntRegister)
                  2001f54c    00000020     simplelink.a : cc_pal.obj (.text:NwpPowerOn)
                  2001f56c    00000020     mt9d111.obj (.text:Refresh_mt9d111Firmware)
                  2001f58c    00000020     simplelink.a : driver.obj (.text:_SlDrvProtectionObjUnLock)
                  2001f5ac    00000020     rtsv7M4_T_le_eabi.lib : memchr.obj (.text)
                  2001f5cc    00000020                           : u_tofd_t2.obj (.text)
                  2001f5ec    0000001e     driverlib.a : i2c.obj (.text:I2CMasterIntStatusEx)
                  2001f60a    0000001e                 : timer.obj (.text:TimerDisable)
                  2001f628    0000001e                 : timer.obj (.text:TimerEnable)
                  2001f646    0000001e                 : timer.obj (.text:TimerIntStatus)
                  2001f664    0000001e                 : uart.obj (.text:UARTCharPut)
                  2001f682    0000001e     simplelink.a : cc_pal.obj (.text:cc_UDMAChannelSelect)
                  2001f6a0    0000001e     rtsv7M4_T_le_eabi.lib : strcat.obj (.text)
                  2001f6be    00000002     --HOLE-- [fill = 0]
                  2001f6c0    0000001c     tasks.obj (.text:ApplyAccelHAL)
                  2001f6dc    0000001c     mt9d111.obj (.text:CameraSensorInit)
                  2001f6f8    0000001c     udma_if.obj (.text:DmaSwIntHandler)
                  2001f714    0000001c     driverlib.a : pin.obj (.text:PinTypeI2C)
                  2001f730    0000001c                 : timer.obj (.text:TimerValueGet)
                  2001f74c    0000001c     simplelink.a : driver.obj (.text:_SlDrvObjLockWaitForever)
                  2001f768    0000001c                  : driver.obj (.text:_SlDrvSyncObjWaitForever)
                  2001f784    0000001c     rtsv7M4_T_le_eabi.lib : memccpy.obj (.text)
                  2001f7a0    0000001c     timer_fns.obj (.text:stop_1Sec_TimeoutTimer)
                  2001f7bc    0000001c     driverlib.a : udma.obj (.text:uDMAChannelDisable)
                  2001f7d8    0000001c                 : udma.obj (.text:uDMAChannelEnable)
                  2001f7f4    0000001c     main.obj (.text:vApplicationMallocFailedHook)
                  2001f810    0000001a     driverlib.a : pin.obj (.text:PinTypeCamera)
                  2001f82a    0000001a                 : pin.obj (.text:PinTypeUART)
                  2001f844    0000001a                 : spi.obj (.text:SPIDmaDisable)
                  2001f85e    0000001a                 : spi.obj (.text:SPIDmaEnable)
                  2001f878    0000001a                 : spi.obj (.text:SPIFIFODisable)
                  2001f892    0000001a                 : spi.obj (.text:SPIFIFOEnable)
                  2001f8ac    00000018                 : camera.obj (.text:CameraReset)
                  2001f8c4    00000018     startup_ccs.obj (.text:FaultISR)
                  2001f8dc    00000018     driverlib.a : gpio.obj (.text:GPIOPinRead)
                  2001f8f4    00000018                 : prcm.obj (.text:PRCMHibernateEnter)
                  2001f90c    00000018                 : spi.obj (.text:SPICSDisable)
                  2001f924    00000018                 : spi.obj (.text:SPICSEnable)
                  2001f93c    00000018                 : spi.obj (.text:SPIDisable)
                  2001f954    00000018                 : spi.obj (.text:SPIEnable)
                  2001f96c    00000018                 : timer.obj (.text:TimerIntEnable)
                  2001f984    00000018     timer_if.obj (.text:Timer_IF_InterruptClear)
                  2001f99c    00000018     simplelink.a : driver.obj (.text:_SlDrvObjUnLock)
                  2001f9b4    00000018                  : driver.obj (.text:_SlDrvSyncObjSignal)
                  2001f9cc    00000018                  : device.obj (.text:_sl_GetStartResponseConvert)
                  2001f9e4    00000018     middleware.a : rtc_hal.obj (.text:get_value)
                  2001f9fc    00000018     rtsv7M4_T_le_eabi.lib : args_main.obj (.text)
                  2001fa14    00000018                           : strcmp.obj (.text)
                  2001fa2c    00000016     driverlib.a : camera.obj (.text:CameraDMAEnable)
                  2001fa42    00000016                 : camera.obj (.text:CameraIntRegister)
                  2001fa58    00000016                 : i2c.obj (.text:I2CMasterDataPut)
                  2001fa6e    00000016                 : i2c.obj (.text:I2CMasterEnable)
                  2001fa84    00000016                 : prcm.obj (.text:PRCMHIBRegRead)
                  2001fa9a    00000016                 : prcm.obj (.text:PRCMHIBRegWrite)
                  2001fab0    00000016     simplelink.a : driver.obj (.text:_SlDrvMemZero)
                  2001fac6    00000016     rtsv7M4_T_le_eabi.lib : strchr.obj (.text)
                  2001fadc    00000014     driverlib.a : cpu.obj (.text:CPUcpsie)
                  2001faf0    00000014                 : interrupt.obj (.text:IntVTableBaseSet)
                  2001fb04    00000014     app_common.obj (.text:LED_Off)
                  2001fb18    00000014     app_common.obj (.text:LED_On)
                  2001fb2c    00000014     rtsv7M4_T_le_eabi.lib : _lock.obj (.text)
                  2001fb40    00000014                           : strcpy.obj (.text)
                  2001fb54    00000014                           : strlen.obj (.text)
                  2001fb68    00000014     driverlib.a : udma.obj (.text:uDMAControlBaseSet)
                  2001fb7c    00000014                 : udma.obj (.text:uDMAIntClear)
                  2001fb90    00000012                 : i2c.obj (.text:I2CMasterControl)
                  2001fba2    00000012                 : i2c.obj (.text:I2CMasterIntClearEx)
                  2001fbb4    00000012                 : i2c.obj (.text:I2CMasterTimeoutSet)
                  2001fbc6    00000012                 : timer.obj (.text:TimerIntClear)
                  2001fbd8    00000010                 : prcm.obj (.text:PRCMSOCReset)
                  2001fbe8    00000010                 : prcm.obj (.text:RTCU32SecRegRead)
                  2001fbf8    00000010     simplelink.a : socket.obj (.text:SL_FD_ZERO)
                  2001fc08    00000010     timer_if.obj (.text:Timer_IF_Stop)
                  2001fc18    00000010     cc3200_socket.obj (.text:socketClose)
                  2001fc28    0000000e     driverlib.a : i2c.obj (.text:I2CMasterDataGet)
                  2001fc36    0000000e     simplelink.a : driver.obj (.text:_SlDrvResetCmdExt)
                  2001fc44    0000000e     rtsv7M4_T_le_eabi.lib : copy_decompress_none.obj (.text:decompress:none)
                  2001fc52    0000000c     udma_if.obj (.text:DmaErrorIntHandler)
                  2001fc5e    00000002     --HOLE-- [fill = 0]
                  2001fc60    0000000c     simplelink.a : cc_pal.obj (.text:NwpMaskInterrupt)
                  2001fc6c    0000000c                  : cc_pal.obj (.text:NwpUnMaskInterrupt)
                  2001fc78    0000000c     middleware.a : rtc_hal.obj (.text:cc_rtc_get)
                  2001fc84    0000000c     rtsv7M4_T_le_eabi.lib : copy_zero_init.obj (.text:decompress:ZI)
                  2001fc90    0000000c     parse_impl.obj (.text:getInternalClient)
                  2001fc9c    0000000c     simplelink.a : wlan.obj (.text:sl_WlanDisconnect)
                  2001fca8    0000000c     driverlib.a : udma.obj (.text:uDMAEnable)
                  2001fcb4    0000000c                 : udma.obj (.text:uDMAIntStatus)
                  2001fcc0    0000000a                 : interrupt.obj (.text:IntMasterEnable)
                  2001fcca    0000000a     main.obj (.text:vApplicationStackOverflowHook)
                  2001fcd4    00000008     hibernate_related_fns.obj (.text:sensorsTriggerSetup)
                  2001fcdc    00000006     i2cconfig.obj (.text:MT9D111Delay)
                  2001fce2    00000006     startup_ccs.obj (.text:ResetISR)
                  2001fce8    00000006     driverlib.a : utils.obj (.text:UtilsDelay)
                  2001fcee    00000006     rtsv7M4_T_le_eabi.lib : copy_decompress_rle.obj (.text:decompress:rle24)
                  2001fcf4    00000006                           : logf.obj (.text)
                  2001fcfa    00000006                           : sinf.obj (.text)
                  2001fd00    00000004                           : error.obj (.text)
                  2001fd04    00000004                           : pre_init.obj (.text)

.const     0    2001fd08    000010d7     
                  2001fd08    0000013c     mt9d111.obj (.const:init_cmds_list)
                  2001fe44    00000101     rtsv7M4_T_le_eabi.lib : ctype.obj (.const:.string:_ctypes_)
                  2001ff45    00000003     --HOLE-- [fill = 0]
                  2001ff48    00000100     driverlib.a : pin.obj (.const:g_ulPinToPadMap)
                  20020048    00000100     mt9d111.obj (.const)
                  20020148    000000f8     mt9d111.obj (.const:$P$T4$5)
                  20020240    000000d4     driverlib.a : interrupt.obj (.const:g_pulRegs)
                  20020314    000000c8     mt9d111.obj (.const:capture_cmds_list)
                  200203dc    000000b0     simplelink.a : wlan.obj (.const:$P$T0$1)
                  2002048c    000000a8     driverlib.a : prcm.obj (.const:PRCM_PeriphRegsList)
                  20020534    00000092     mt9d111.obj (.const:.string)
                  200205c6    00000002     --HOLE-- [fill = 0]
                  200205c8    00000080     driverlib.a : interrupt.obj (.const)
                  20020648    0000007e     camera_app.obj (.const:.string)
                  200206c6    00000072     lightSens_isl29035.obj (.const:.string)
                  20020738    00000071     user_configure_fn.obj (.const:.string)
                  200207a9    00000003     --HOLE-- [fill = 0]
                  200207ac    00000068     appFns_BatteryLevelSense.obj (.const:V2CEntry$1)
                  20020814    00000054     mt9d111.obj (.const:$P$T30$31)
                  20020868    00000050     accelomtrMagntomtr_fxos8700.obj (.const:.string)
                  200208b8    0000004c     mt9d111.obj (.const:$P$T8$9)
                  20020904    0000004b     tempRHSens_si7020.obj (.const:.string)
                  2002094f    00000049     parse_uploads.obj (.const:.string)
                  20020998    0000003c     i2c_app.obj (.const:.string)
                  200209d4    0000003c     simplelink.a : driver.obj (.const:OpcodeTranslateTable)
                  20020a10    0000003c                  : wlan.obj (.const)
                  20020a4c    00000038                  : driver.obj (.const:_SlActionLookupTable)
                  20020a84    00000038     rtsv7M4_T_le_eabi.lib : xflog.obj (.const)
                  20020abc    00000038     simplelink.a : fs.obj (.const)
                  20020af4    00000036     flash_files.obj (.const:.string)
                  20020b2a    00000002     --HOLE-- [fill = 0]
                  20020b2c    00000034     rtsv7M4_T_le_eabi.lib : xfatan.obj (.const)
                  20020b60    00000034     simplelink.a : driver.obj (.const)
                  20020b94    00000034                  : socket.obj (.const)
                  20020bc8    0000002c     network_relater_fns.obj (.const:$P$T1$2)
                  20020bf4    00000028     rtsv7M4_T_le_eabi.lib : xfdint.obj (.const)
                  20020c1c    00000028                           : xfsin.obj (.const)
                  20020c44    00000028     simplelink.a : netapp.obj (.const)
                  20020c6c    00000027     network_relater_fns.obj (.const:.string)
                  20020c93    00000001     --HOLE-- [fill = 0]
                  20020c94    00000024     mt9d111.obj (.const:recapture_cmds_list)
                  20020cb8    00000023     batteryVoltLvlSens_adc081c021.obj (.const:.string:$P$T0$1)
                  20020cdb    00000022     network_relater_fns.obj (.const:.string:$P$T0$1)
                  20020cfd    00000003     --HOLE-- [fill = 0]
                  20020d00    0000001c     rtsv7M4_T_le_eabi.lib : tanf.obj (.const)
                  20020d1c    0000001c                           : xfexp.obj (.const)
                  20020d38    00000018     driverlib.a : spi.obj (.const)
                  20020d50    00000017     request.obj (.const:.string)
                  20020d67    00000014     network_relater_fns.obj (.const)
                  20020d7b    00000001     --HOLE-- [fill = 0]
                  20020d7c    00000014     simplelink.a : device.obj (.const)
                  20020d90    00000010                  : socket.obj (.const:.string)
                  20020da0    0000000f     application_fn.obj (.const:.string)
                  20020daf    0000000f     sendGroundData.obj (.const:.string)
                  20020dbe    0000000b     app_common.obj (.const:.string)
                  20020dc9    00000008     simplelink.a : device.obj (.const:.string)
                  20020dd1    00000001     --HOLE-- [fill = 0]
                  20020dd2    00000008                  : netcfg.obj (.const)
                  20020dda    00000005     main.obj (.const:.string)

.cinit     0    20020de0    00000530     
                  20020de0    00000506     (.cinit..data.load) [load image, compression = rle]
                  200212e6    00000002     --HOLE-- [fill = 0]
                  200212e8    0000000c     (__TI_handler_table)
                  200212f4    00000004     --HOLE-- [fill = 0]
                  200212f8    00000008     (.cinit..bss.load) [load image, compression = zero_init]
                  20021300    00000010     (__TI_cinit_table)

.init_array 
*          0    20004000    00000000     UNINITIALIZED

.bss       0    20022400    00017357     UNINITIALIZED
                  20022400    00014000     main.obj (.bss:g_image_buffer)
                  20036400    00000b58     tasks.obj (.bss:thisMagBuffer)
                  20036f58    000005a0     ota.a : OtaHttp.obj (.bss:recv_buf)
                  200374f8    0000044c           : OtaClient.obj (.bss:g_OtaCheckUpdateResponse)
                  20037944    00000418     user_configure_fn.obj (.bss:thisMagCal)
                  20037d5c    00000240     ota.obj (.bss:g_otaOptServerInfo)
                  20037f9c    00000058     tasks.obj (.bss:thisMag)
                  20037ff4    0000000c     (.common:g_SecParams)
                  20038000    00000400     udma_if.obj (.bss:gpCtlTbl)
                  20038400    000003d8     ota.a : OtaClient.obj (.bss:g_OtaFileMetadata)
                  200387d8    00000370     main.obj (.bss:g_NetEntries)
                  20038b48    00000200     ota.a : OtaHttp.obj (.bss:send_buf)
                  20038d48    00000178     simplelink.a : driver.obj (.bss:g_StatMem)
                  20038ec0    00000120     rtsv7M4_T_le_eabi.lib : trgmsg.obj (.bss:__CIOBUF_)
                  20038fe0    00000100     udma_if.obj (.bss:gfpAppCallbackHndl)
                  200390e0    000000c8     free_rtos.a : tasks.obj (.bss:pxReadyTasksLists)
                  200391a8    000000ac     tasks.obj (.bss:thisSV_6DOF_GB_BASIC)
                  20039254    000000a0     rtsv7M4_T_le_eabi.lib : defs.obj (.bss:__TI_tmpnams)
                  200392f4    00000074     ota.a : CdnClient.obj (.bss:g_CdnClient)
                  20039368    00000050     simplelink.a : cc_pal.obj (.bss:g_ucDinDout)
                  200393b8    00000050     free_rtos.a : queue.obj (.bss:xQueueRegistry)
                  20039408    0000004c     ota.a : OtaApp.obj (.bss:g_OtaApp)
                  20039454    0000004c           : OtaApp.obj (.bss:g_OtaApp_statistics)
                  200394a0    00000034     cc3200_client_state.obj (.bss:clientStateFileName)
                  200394d4    00000034     main.obj (.bss:g_cWlanSecurityKey)
                  20039508    00000034     tasks.obj (.bss:thisAccel)
                  2003953c    00000024     ota.a : OtaClient.obj (.bss:g_OtaClient)
                  20039560    00000024     main.obj (.bss:g_cWlanSSID)
                  20039584    00000024     main.obj (.bss:g_ucConnectionSSID)
                  200395a8    0000001c     rtsv7M4_T_le_eabi.lib : vla_alloc.obj (.bss)
                  200395c4    00000014     (.common:g_FlcSflashCb)
                  200395d8    00000014     (.common:g_flag_blockFull)
                  200395ec    00000014     (.common:xDelayedTaskList1)
                  20039600    00000014     (.common:xDelayedTaskList2)
                  20039614    00000014     (.common:xPendingReadyList)
                  20039628    00000014     (.common:xSuspendedTaskList)
                  2003963c    00000014     (.common:xTasksWaitingTermination)
                  20039650    00000010     (.common:ang_buf)
                  20039660    00000010     (.common:globals)
                  20039670    00000010     (.common:mqxglobals)
                  20039680    00000008     (.common:g_LogClient)
                  20039688    00000008     (.common:g_Struct_TimeStamp_MaxAngle)
                  20039690    00000008     (.common:g_Struct_TimeStamp_MinAngle)
                  20039698    00000008     (.common:g_TimeStamp_CamUp)
                  200396a0    00000008     (.common:g_TimeStamp_DoorClosed)
                  200396a8    00000008     (.common:g_TimeStamp_NWPUp)
                  200396b0    00000008     (.common:g_TimeStamp_PhotoSnap)
                  200396b8    00000008     (.common:g_TimeStamp_PhotoUploaded)
                  200396c0    00000008     (.common:g_TimeStamp_cc3200Up)
                  200396c8    00000008     (.common:g_TimeStamp_maxAngle)
                  200396d0    00000008     (.common:g_TimeStamp_minAngle)
                  200396d8    00000008     (.common:g_ucConnectionBSSID)
                  200396e0    00000008     (.common:parmbuf)
                  200396e8    00000008     (.common:sBootInfo)
                  200396f0    00000004     (.common:DMAMsgQ)
                  200396f4    00000004     (.common:Elapsed_100MilliSecs)
                  200396f8    00000004     (.common:Elapsed_1Secs)
                  200396fc    00000004     (.common:__Errorlog)
                  20039700    00000004     (.common:angle_avg)
                  20039704    00000004     (.common:dataBuffer)
                  20039708    00000004     (.common:g_block_lastFilled)
                  2003970c    00000004     (.common:g_cDummy)
                  20039710    00000004     (.common:g_cWlanSecurityType)
                  20039714    00000004     (.common:g_frame_size_in_bytes)
                  20039718    00000004     (.common:g_position_in_block)
                  2003971c    00000004     (.common:g_readHeader)
                  20039720    00000004     (.common:g_total_dma_intrpts)
                  20039724    00000004     (.common:g_ulAppStatus)
                  20039728    00000004     (.common:gdoor_40deg_angle)
                  2003972c    00000004     (.common:gdoor_90deg_angle)
                  20039730    00000004     (.common:pvOtaApp)
                  20039734    00000004     (.common:pxDelayedTaskList)
                  20039738    00000004     (.common:pxOverflowDelayedTaskList)
                  2003973c    00000002     (.common:g_fMaxAngle)
                  2003973e    00000002     (.common:g_fMinAngle)
                  20039740    00000001     (.common:RxIrqCnt)
                  20039741    00000001     (.common:avg_buffer_cnt)
                  20039742    00000001     (.common:captureTimeout_Flag)
                  20039743    00000001     (.common:checkForLight_Flag)
                  20039744    00000001     (.common:g_I2CPeripheral_inUse_Flag)
                  20039745    00000001     (.common:g_Task3_Notification)
                  20039746    00000001     (.common:g_dma_txn_done)
                  20039747    00000001     (.common:g_flag_DataBlockFilled)
                  20039748    00000001     (.common:g_flag_door_closing_45degree)
                  20039749    00000001     (.common:g_frame_end)
                  2003974a    00000001     (.common:g_ucAngle40)
                  2003974b    00000001     (.common:g_ucAngle90)
                  2003974c    00000001     (.common:g_ucCalibration)
                  2003974d    00000001     (.common:g_ucConfig)
                  2003974e    00000001     (.common:g_ucExitButton)
                  2003974f    00000001     (.common:g_ucMagCalb)
                  20039750    00000001     (.common:g_ucProfileAdded)
                  20039751    00000001     (.common:g_ucPushButtonPressedTwice)
                  20039752    00000001     (.common:g_ucReasonForFailure)
                  20039753    00000001     (.common:iDone)
                  20039754    00000001     (.common:isitfirsttime)
                  20039755    00000001     (.common:print_count)
                  20039756    00000001     (.common:valid_case)

.TI.noinit 
*          0    20022400    00000000     UNINITIALIZED

.sysmem    0    20039758    00005000     UNINITIALIZED
                  20039758    00000008     rtsv7M4_T_le_eabi.lib : memory.obj (.sysmem)
                  20039760    00004ff8     --HOLE--


LINKER GENERATED COPY TABLES

__TI_cinit_table @ 20021300 records: 2, size/record: 8, table size: 16
	.data: load addr=20020de0, load size=00000506 bytes, run addr=20000000, run size=0000093c bytes, compression=rle
	.bss: load addr=200212f8, load size=00000008 bytes, run addr=20022400, run size=00017357 bytes, compression=zero_init


LINKER GENERATED HANDLER TABLE

__TI_handler_table @ 200212e8 records: 3, size/record: 4, table size: 12
	index: 0, handler: __TI_decompress_rle24
	index: 1, handler: __TI_decompress_none
	index: 2, handler: __TI_zero_init


GLOBAL SYMBOLS: SORTED ALPHABETICALLY BY Name 

address   name                                  
-------   ----                                  
2001ab15  Add_NumberField_ToJSONString          
2001f6c1  ApplyAccelHAL                         
2001eea1  ApplyMagHAL                           
2001e2f1  C$$EXIT                               
2001cbef  C$$IO$$                               
2001ce95  CCMRegs_Read                          
2001fadd  CPUcpsie                              
2001c519  CamControllerInit                     
2001f41d  CameraCaptureStart                    
2001e719  CameraCaptureStop                     
2001fa2d  CameraDMAEnable                       
2001f2b5  CameraIntClear                        
2001eecd  CameraIntEnable                       
2001fa43  CameraIntRegister                     
2001f101  CameraIntStatus                       
2001ea2f  CameraParamsConfig                    
2001f8ad  CameraReset                           
2001f6dd  CameraSensorInit                      
2001f241  CameraThresholdSet                    
2001e753  CameraXClkConfig                      
2000f56d  CaptureImage                          
2000d39b  CdnClient_CloseServer                 
2000d3b9  CdnClient_ConnectByUrl                
2000d369  CdnClient_Init                        
2000d233  CdnClient_Run                         
2000d229  CdnClient_SetFileInfo                 
20016a41  Check_I2CDevices                      
2001a8b5  Config_CameraCapture                  
2001bac5  ConfigureMode                         
2000e7d1  ConfigureSimpleLinkToDefaultState     
20012299  ConstructDeviceStateObject            
2000fcc1  ConstructGroundDataObject             
2001e539  CopyPingResultsToReport               
200396f0  DMAMsgQ                               
2000063c  DigiCertHighAssuranceEVRootCA_der_len 
2001fc53  DmaErrorIntHandler                    
2001eef9  DmaSpiSwIntHandler                    
2001f6f9  DmaSwIntHandler                       
200396f4  Elapsed_100MilliSecs                  
200396f8  Elapsed_1Secs                         
20019051  EnterStandby_mt9d111                  
200192a9  ExitStandby_mt9d111                   
200147f9  FXOS8700_Init                         
200160c5  FXOS8700_ReadData                     
2001e575  Fusion_Init                           
2001453d  Fusion_Run                            
2001e98d  GPIODirModeSet                        
2001f8dd  GPIOPinRead                           
2001f50b  GPIOPinWrite                          
20018389  Get_BatteryPercent                    
2001c439  Get_BatteryVoltageLevel_ADC081C021    
20017921  Get_FridgeCamID                       
2001469d  HIBernate                             
2000ed49  HOSTclock                             
2000ed11  HOSTclose                             
2000ecd3  HOSTgetenv                            
2000ec77  HOSTlseek                             
2000ec25  HOSTopen                              
2000ebd9  HOSTread                              
2000eb7b  HOSTrename                            
2000eb41  HOSTtime                              
2000eb09  HOSTunlink                            
2000eabd  HOSTwrite                             
20015261  I2CBufferRead                         
20015c19  I2CBufferWrite                        
2001fb91  I2CMasterControl                      
2001fc29  I2CMasterDataGet                      
2001fa59  I2CMasterDataPut                      
2001fa6f  I2CMasterEnable                       
2001ef25  I2CMasterErr                          
2001b735  I2CMasterInitExpClk                   
2001fba3  I2CMasterIntClearEx                   
2001f5ed  I2CMasterIntStatusEx                  
2001f43f  I2CMasterSlaveAddrSet                 
2001fbb5  I2CMasterTimeoutSet                   
2001d8b5  I2C_IF_Open                           
20019431  I2C_IF_Read                           
20019671  I2C_IF_Write                          
2001d905  ImagCapture_Init                      
2001972d  ImageSensor_CaptureConfigs_Task       
2001f129  InitTerm                              
2001c011  InitialiseParse                       
2001af21  InitializeUserConfigVariables         
2001a1c9  IntDisable                            
2001a271  IntEnable                             
2001f2d9  IntHandler_100mSecTimer               
2001ef51  IntHandler_1Sec_TimeoutTimer          
2001fcc1  IntMasterEnable                       
2001d561  IntPendClear                          
2001d6bd  IntPrioritySet                        
2001f52d  IntRegister                           
2001f2fd  IntUnregister                         
2001faf1  IntVTableBaseSet                      
2001e4bd  IsLightOff                            
2001a3c1  LED_Blink                             
2001fb05  LED_Off                               
2001fb19  LED_On                                
2000dffb  LogClient_Close                       
2000e013  LogClient_ConnectAndPrint             
2000dfc5  LogClient_ConnectServer               
2000dfad  LogClient_Init                        
2000de69  LogClient_Print                       
2001fcdd  MT9D111Delay                          
2000e1a1  MagCal_Run                            
20017541  Main_Task_withHibernate               
2001f179  Message                               
2001fc61  NwpMaskInterrupt                      
2001e83d  NwpPowerOff                           
2001f54d  NwpPowerOn                            
2001b7b9  NwpPowerOnPreamble                    
2001f267  NwpRegisterInterruptHandler           
2001fc6d  NwpUnMaskInterrupt                    
20013fa5  OTAServerInfoSet                      
200187f5  OTA_CommitImage                       
2001e955  OTA_Update                            
200209d4  OpcodeTranslateTable                  
2000be1b  OtaClient_CloseServer                 
2000bde5  OtaClient_ConnectServer               
2000bdb3  OtaClient_GetNextUpdate               
2000bd81  OtaClient_Init                        
2000bcab  OtaClient_ResourceMetadata            
2000bae7  OtaClient_ResourceNameConvert         
2000ba39  OtaClient_UpdateCheck                 
2001d4a9  PCLK_Rate_read                        
200159b1  PRCMCC3200MCUInit                     
2001fa85  PRCMHIBRegRead                        
2001fa9b  PRCMHIBRegWrite                       
2001f8f5  PRCMHibernateEnter                    
2001b385  PRCMHibernateIntervalSet              
2001c9b9  PRCMHibernateWakeUpGPIOSelect         
2001df15  PRCMHibernateWakeupSourceDisable      
2001df5d  PRCMHibernateWakeupSourceEnable       
2001f1a1  PRCMPeripheralClkDisable              
2001e5b1  PRCMPeripheralClkEnable               
2001abad  PRCMPeripheralClockGet                
2001d5b9  PRCMPeripheralReset                   
2001ea65  PRCMPeripheralStatusGet               
2001bb41  PRCMRTCGet                            
2001fbd9  PRCMSOCReset                          
2001e5ed  PRCMSlowClkCtrFastGet                 
2001d955  PRCMSlowClkCtrGet                     
2001ef7d  PRCMSysResetCauseGet                  
2001b40d  PinConfigSet                          
2001e3bd  PinModeSet                            
20017151  PinMuxConfig                          
2001f811  PinTypeCamera                         
2001ec35  PinTypeGPIO                           
2001f715  PinTypeI2C                            
2001f82b  PinTypeUART                           
2001db85  RdSensData_Init                       
2001182d  RdSensData_Run                        
20019e6d  ReStart_CameraCapture                 
20018555  ReadFile_FromFlash                    
20015e75  Read_AllRegisters                     
2001f56d  Refresh_mt9d111Firmware               
2001a11d  Report                                
2001fce3  ResetISR                              
2001ca21  RestartSensorInJpegMode               
20039740  RxIrqCnt                              
20020b70  RxMsgClassLUT                         
UNDEFED   SHT$$INIT_ARRAY$$Base                 
UNDEFED   SHT$$INIT_ARRAY$$Limit                
2001f461  SL_FD_SET                             
2001fbf9  SL_FD_ZERO                            
2001f90d  SPICSDisable                          
2001f925  SPICSEnable                           
2001a465  SPIConfigSetExpClk                    
2001f93d  SPIDisable                            
2001f845  SPIDmaDisable                         
2001f85f  SPIDmaEnable                          
2001f955  SPIEnable                             
2001f879  SPIFIFODisable                        
2001f893  SPIFIFOEnable                         
2001ea99  SPIFIFOLevelSet                       
2001dfa5  SPIIntClear                           
2001dbd1  SPIIntEnable                          
2001f483  SPIReset                              
2001f4a5  SPIWordCountSet                       
20000860  SecurityParams                        
2001afb1  SendGroundData                        
2000a7f5  SimpleLinkHttpServerCallback          
20013cc5  SimpleLinkNetAppEventHandler          
2001410d  SimpleLinkSockEventHandler            
2000c9fd  SimpleLinkWlanEventHandler            
2001efa9  SoftReset_ImageSensor                 
2001bbbd  Standby_ImageSensor                   
20020dc9  StartResponseLUT                      
2001ca89  StartSensorInJpegMode                 
20018635  Start_CameraCapture                   
2001e1e1  TimerConfigure                        
2001f60b  TimerDisable                          
2001f629  TimerEnable                           
2001fbc7  TimerIntClear                         
2001f96d  TimerIntEnable                        
2001f647  TimerIntStatus                        
2001f059  TimerLoadSet                          
2001f083  TimerPrescaleSet                      
2001f731  TimerValueGet                         
2001ebd1  Timer_IF_Init                         
2001c3c5  Timer_IF_IntSetup                     
2001f985  Timer_IF_InterruptClear               
2001f345  Timer_IF_Start                        
2001fc09  Timer_IF_Stop                         
20000728  Token                                 
2001f665  UARTCharPut                           
2001c1f1  UARTConfigSetExpClk                   
2001ec65  UARTDisable                           
2001f369  UARTEnable                            
2001c585  UDMAInit                              
2001e225  UDMASetupTransfer                     
20018715  UploadGroundDataObjectToParse         
20018471  UploadImageToParse                    
200188d1  UploadSensorDataToParse               
200120e9  UserConfigure_Task                    
20010179  User_Configure                        
2001fce9  UtilsDelay                            
2000b459  VDeleteSimpleLinkSpawnTask            
2000b409  VStartSimpleLinkSpawnTask             
2000078c  Value                                 
2001dfed  Variable_Read                         
20019f19  Verify_ImageSensor                    
2001bc39  Wakeup_ImageSensor                    
20014275  WiFi_Connect                          
2001f38d  WriteAllAEnAWBRegs                    
2001661d  WriteFile_ToFlash                     
2001f0ad  _Dclass                               
20000640  _Denorm                               
200195b1  _Dnorm                                
200162ed  _Dscale                               
2001ce2f  _Dunscale                             
20000650  _Eps                                  
2000092c  _Errno                                
20018c3d  _FAtan                                
200006c0  _FDenorm                              
2001b26d  _FDint                                
2001bf1d  _FDnorm                               
20018de9  _FDscale                              
2001d667  _FDunscale                            
200006d0  _FEps                                 
200136f1  _FExp                                 
200006e0  _FInf                                 
20011d75  _FLog                                 
200006f0  _FNan                                 
20000710  _FRteps                               
2001292d  _FSin                                 
20000700  _FSnan                                
20000720  _FXbig                                
20000724  _FZero                                
[...]
2001ccf9  sl_SetSockOpt                         
2001cd61  sl_WlanSet                            
2001cdc9  f3x3matrixAeqScalar                   
2001ce2f  _Dunscale                             
2001ce95  CCMRegs_Read                          
2001cef9  fseek                                 
2001cf5d  socketWait                            
2001cfc1  softResetTempRHSensor                 
2001d025  uDMAChannelAttributeDisable           
2001d089  uDMAChannelAttributeEnable            
2001d0ed  __aeabi_cfcmpeq                       
2001d0ed  __aeabi_cfcmple                       
2001d14d  __aeabi_cfrcmple                      
2001d1ad  _sl_HandleAsync_Accept                
2001d20d  fxosDefault_Initializations           
2001d26d  getLightsensor_intrptStatus           
2001d2cd  getMagntData                          
2001d32d  sprintf                               
2001d38d  sl_WlanPolicySet                      
2001d3ed  standby_accelMagn_fxos8700            
2001d4a9  PCLK_Rate_read                        
2001d505  sl_Socket                             
2001d561  IntPendClear                          
2001d5b9  PRCMPeripheralReset                   
2001d611  ltoa                                  
2001d667  _FDunscale                            
2001d6bd  IntPrioritySet                        
2001d711  _sl_HandleAsync_Select                
2001d765  fasin_deg                             
2001d7b9  headerSend                            
2001d80d  sl_WlanRxFilterSet                    
2001d8b5  I2C_IF_Open                           
2001d905  ImagCapture_Init                      
2001d955  PRCMSlowClkCtrGet                     
2001d9a5  _sl_HandleAsync_Stop                  
2001d9f5  disableAE                             
2001da45  disableAWB                            
2001da95  __aeabi_f2ulz                         
2001dae5  sl_FsDel                              
2001db35  start_100mSecTimer                    
2001db85  RdSensData_Init                       
2001dbd1  SPIIntEnable                          
2001dc1d  _SlDrvProtectAsyncRespSetting         
2001dc69  _SlDrvRxIrqHandler                    
2001dcb5  _sl_BuildAddress                      
2001dd01  atoi                                  
2001dd4d  atol                                  
2001dd99  copy_in                               
2001dde5  srand                                 
2001ddfb  rand                                  
2001de31  uDMAChannelAssign                     
2001de7d  util_u32_nsec_add                     
2001dec9  __aeabi_d2f                           
2001df15  PRCMHibernateWakeupSourceDisable      
2001df5d  PRCMHibernateWakeupSourceEnable       
2001dfa5  SPIIntClear                           
2001dfed  Variable_Read                         
2001e035  _SlDrvBasicCmd                        
2001e07d  addHttpRequestLine                    
2001e0c5  fatan_15deg                           
2001e10d  __aeabi_d2iz                          
2001e155  ldexp                                 
2001e1e1  TimerConfigure                        
2001e225  UDMASetupTransfer                     
2001e2ad  fxos_Calibration                      
2001e2f1  C$$EXIT                               
2001e2f5  abort                                 
2001e2fd  exit                                  
2001e335  __aeabi_d2uiz                         
2001e379  sl_Htonl                              
2001e3bd  PinModeSet                            
2001e3fd  getHttpResponseBody                   
2001e43d  signal                                
2001e47d  start_1Sec_TimeoutTimer               
2001e4bd  IsLightOff                            
2001e4fb  strncasecmp                           
2001e539  CopyPingResultsToReport               
2001e575  Fusion_Init                           
2001e5b1  PRCMPeripheralClkEnable               
2001e5ed  PRCMSlowClkCtrFastGet                 
2001e629  _sl_TruncatePayloadByProtocol         
2001e665  _c_int00                              
2001e6a1  sl_Htons                              
2001e6dd  uDMAChannelControlSet                 
2001e719  CameraCaptureStop                     
2001e753  CameraXClkConfig                      
2001e78d  fLPFScalar                            
2001e7c7  parseSendRequest                      
2001e801  addHttpRequestHeader                  
2001e83d  NwpPowerOff                           
2001e875  pvPortMalloc                          
2001e895  vPortFree                             
2001e8ad  __aeabi_f2d                           
2001e8e5  __aeabi_f2iz                          
2001e91d  __aeabi_i2f                           
2001e955  OTA_Update                            
2001e98d  GPIODirModeSet                        
2001e9c3  sl_NetAppMDNSUnRegisterService        
2001e9f9  beginHttpRequest                      
2001ea2f  CameraParamsConfig                    
2001ea65  PRCMPeripheralStatusGet               
2001ea99  SPIFIFOLevelSet                       
2001eacd  getHttpResponseStatus                 
2001eb01  get_angle                             
2001eb35  feraiseexcept                         
2001eb69  __aeabi_f2uiz                         
2001eb9d  strstr                                
2001ebd1  Timer_IF_Init                         
2001ec35  PinTypeGPIO                           
2001ec65  UARTDisable                           
2001ec95  _SlDrvDeviceEventHandler              
2001ecc5  _sl_Strlen                            
2001ed25  strncpy                               
2001ed55  _Feraise                              
2001ed85  sl_Close                              
2001edb5  sl_WlanProfileDel                     
2001ede5  sl_WlanSetMode                        
2001ee15  __aeabi_i2d                           
2001ee43  raise                                 
2001ee71  addHttpRequestHeaderInt               
2001eea1  ApplyMagHAL                           
2001eecd  CameraIntEnable                       
2001eef9  DmaSpiSwIntHandler                    
2001ef25  I2CMasterErr                          
2001ef51  IntHandler_1Sec_TimeoutTimer          
2001ef7d  PRCMSysResetCauseGet                  
2001efa9  SoftReset_ImageSensor                 
2001f001  setDataBufferPointer                  
2001f02d  stop_100mSecTimer                     
2001f059  TimerLoadSet                          
2001f083  TimerPrescaleSet                      
2001f0ad  _Dclass                               
2001f0d7  util_u64_time_add                     
2001f101  CameraIntStatus                       
2001f129  InitTerm                              
2001f179  Message                               
2001f1a1  PRCMPeripheralClkDisable              
2001f1c9  strncat                               
2001f1f1  sl_NetAppStart                        
2001f219  sl_NetAppStop                         
2001f241  CameraThresholdSet                    
2001f267  NwpRegisterInterruptHandler           
2001f28d  strncmp                               
2001f2b5  CameraIntClear                        
2001f2d9  IntHandler_100mSecTimer               
2001f2fd  IntUnregister                         
2001f345  Timer_IF_Start                        
2001f369  UARTEnable                            
2001f38d  WriteAllAEnAWBRegs                    
2001f3b1  _SlDrvProtectionObjLockWaitForever    
2001f3d5  magnetometer_initialize               
2001f3f9  __aeabi_ui2f                          
2001f41d  CameraCaptureStart                    
2001f43f  I2CMasterSlaveAddrSet                 
2001f461  SL_FD_SET                             
2001f483  SPIReset                              
2001f4a5  SPIWordCountSet                       
2001f4c7  frexp                                 
2001f4e9  memcmp                                
2001f50b  GPIOPinWrite                          
2001f52d  IntRegister                           
2001f54d  NwpPowerOn                            
2001f56d  Refresh_mt9d111Firmware               
2001f58d  _SlDrvProtectionObjUnLock             
2001f5ad  memchr                                
2001f5cd  __aeabi_ui2d                          
2001f5ed  I2CMasterIntStatusEx                  
2001f60b  TimerDisable                          
2001f629  TimerEnable                           
2001f647  TimerIntStatus                        
2001f665  UARTCharPut                           
2001f6a1  strcat                                
2001f6c1  ApplyAccelHAL                         
2001f6dd  CameraSensorInit                      
2001f6f9  DmaSwIntHandler                       
2001f715  PinTypeI2C                            
2001f731  TimerValueGet                         
2001f74d  _SlDrvObjLockWaitForever              
2001f769  _SlDrvSyncObjWaitForever              
2001f785  memccpy                               
2001f7a1  stop_1Sec_TimeoutTimer                
2001f7bd  uDMAChannelDisable                    
2001f7d9  uDMAChannelEnable                     
2001f7f5  vApplicationMallocFailedHook          
2001f811  PinTypeCamera                         
2001f82b  PinTypeUART                           
2001f845  SPIDmaDisable                         
2001f85f  SPIDmaEnable                          
2001f879  SPIFIFODisable                        
2001f893  SPIFIFOEnable                         
2001f8ad  CameraReset                           
2001f8dd  GPIOPinRead                           
2001f8f5  PRCMHibernateEnter                    
2001f90d  SPICSDisable                          
2001f925  SPICSEnable                           
2001f93d  SPIDisable                            
2001f955  SPIEnable                             
2001f96d  TimerIntEnable                        
2001f985  Timer_IF_InterruptClear               
2001f99d  _SlDrvObjUnLock                       
2001f9b5  _SlDrvSyncObjSignal                   
2001f9cd  _sl_GetStartResponseConvert           
2001f9fd  _args_main                            
2001fa15  strcmp                                
2001fa2d  CameraDMAEnable                       
2001fa43  CameraIntRegister                     
2001fa59  I2CMasterDataPut                      
2001fa6f  I2CMasterEnable                       
2001fa85  PRCMHIBRegRead                        
2001fa9b  PRCMHIBRegWrite                       
2001fab1  _SlDrvMemZero                         
2001fac7  strchr                                
2001fadd  CPUcpsie                              
2001faf1  IntVTableBaseSet                      
2001fb05  LED_Off                               
2001fb19  LED_On                                
2001fb2d  _register_unlock                      
2001fb33  _register_lock                        
2001fb3b  _nop                                  
2001fb41  strcpy                                
2001fb55  strlen                                
2001fb69  uDMAControlBaseSet                    
2001fb7d  uDMAIntClear                          
2001fb91  I2CMasterControl                      
2001fba3  I2CMasterIntClearEx                   
2001fbb5  I2CMasterTimeoutSet                   
2001fbc7  TimerIntClear                         
2001fbd9  PRCMSOCReset                          
2001fbf9  SL_FD_ZERO                            
2001fc09  Timer_IF_Stop                         
2001fc19  socketClose                           
2001fc29  I2CMasterDataGet                      
2001fc37  _SlDrvResetCmdExt                     
2001fc45  __TI_decompress_none                  
2001fc53  DmaErrorIntHandler                    
2001fc61  NwpMaskInterrupt                      
2001fc6d  NwpUnMaskInterrupt                    
2001fc79  cc_rtc_get                            
2001fc85  __TI_zero_init                        
2001fc91  getInternalClient                     
2001fc9d  sl_WlanDisconnect                     
2001fca9  uDMAEnable                            
2001fcb5  uDMAIntStatus                         
2001fcc1  IntMasterEnable                       
2001fccb  vApplicationStackOverflowHook         
2001fcd5  sensorsTriggerSetup                   
2001fcdd  MT9D111Delay                          
2001fce3  ResetISR                              
2001fce9  UtilsDelay                            
2001fcef  __TI_decompress_rle24                 
2001fcf5  logf                                  
2001fcfb  sinf                                  
2001fd01  __abort_execution                     
2001fd05  _system_pre_init                      
2001fe44  _ctypes_                              
200209d4  OpcodeTranslateTable                  
20020a10  _SlPolicySetCmdCtrl                   
20020a14  _SlPolicyGetCmdCtrl                   
20020a18  _SlProfileGetCmdCtrl                  
20020a1c  _SlProfileDelCmdCtrl                  
20020a20  _SlWlanGetNetworkListCtrl             
20020a24  _SlRxFilterAddtCmdCtrl                
20020a28  _SlRxFilterSetCmdCtrl                 
20020a2c  _SlRxFilterGetCmdCtrl                 
20020a30  _SlSmartConfigStartCmdCtrl            
20020a34  _SlWlanSetModeCmdCtrl                 
20020a38  _SlWlanCfgSetCmdCtrl                  
20020a3c  _SlWlanCfgGetCmdCtrl                  
20020a4c  _SlActionLookupTable                  
20020abc  _SlFsOpenCmdCtrl                      
20020ac0  _SlFsCloseCmdCtrl                     
20020ac4  _SlFsReadCmdCtrl                      
20020ac8  _SlFsWriteCmdCtrl                     
20020acc  _SlFsGetInfoCmdCtrl                   
20020ad0  _SlFsDeleteCmdCtrl                    
20020b60  g_H2NSyncPattern                      
20020b68  g_H2NCnysPattern                      
20020b70  RxMsgClassLUT                         
20020b94  _SlSockSocketCmdCtrl                  
20020b98  _SlSockCloseCmdCtrl                   
20020b9c  _SlRecvfomCmdCtrl                     
20020ba0  _SlSendCmdCtrl                        
20020ba4  _SlListenCmdCtrl                      
20020ba8  _SlAcceptCmdCtrl                      
20020bac  _SlRecvCmdCtrl                        
20020bb0  _SlSetSockOptCmdCtrl                  
20020bb4  _SlGetSockOptCmdCtrl                  
20020bb8  _SlSelectCmdCtrl                      
20020c44  _SlNetAppStartCtrl                    
20020c48  _SlNetAppStopCtrl                     
20020c4c  _SlGetServiceListeCtrl                
20020c50  _SlRegisterServiceCtrl                
20020c54  _SlGetHostByServiceCtrl               
20020c58  _SlGetHostByNameCtrl                  
20020c5c  _SlNetAppSetCmdCtrl                   
20020c60  _SlNetAppSendTokenValueCmdCtrl        
20020c64  _SlNetAppGetCmdCtrl                   
20020d50  g_deviceClientVersion                 
20020d7c  _SlStopCmdCtrl                        
20020d80  _SlEventMaskSetCmdCtrl                
20020d84  _SlEventMaskGetCmdCtrl                
20020d88  _SlDeviceGetCmdCtrl                   
20020d8c  _SlDeviceSetCmdCtrl                   
20020d90  _SlPayloadByProtocolLUT               
20020dbe  pcDigits                              
20020dc9  StartResponseLUT                      
20020dd2  _SlNetCfgSetCmdCtrl                   
20020dd6  _SlNetCfgGetCmdCtrl                   
20020de0  __TI_static_base__                    
200212e8  __TI_Handler_Table_Base               
200212f4  __TI_Handler_Table_Limit              
20021300  __TI_CINIT_Base                       
20021310  __TI_CINIT_Limit                      
20022400  g_image_buffer                        
20036400  thisMagBuffer                         
200374f8  g_OtaCheckUpdateResponse              
20037944  thisMagCal                            
20037f9c  thisMag                               
20037ff4  g_SecParams                           
20038000  gpCtlTbl                              
20038400  g_OtaFileMetadata                     
200387d8  g_NetEntries                          
20038d48  g_StatMem                             
20038ec0  __CIOBUF_                             
20038fe0  gfpAppCallbackHndl                    
200391a8  thisSV_6DOF_GB_BASIC                  
20039254  __TI_tmpnams                          
200392f4  g_CdnClient                           
20039368  g_ucDinDout                           
200393b8  xQueueRegistry                        
20039408  g_OtaApp                              
20039454  g_OtaApp_statistics                   
200394a0  clientStateFileName                   
200394d4  g_cWlanSecurityKey                    
20039508  thisAccel                             
2003953c  g_OtaClient                           
20039560  g_cWlanSSID                           
20039584  g_ucConnectionSSID                    
200395c4  g_FlcSflashCb                         
200395d8  g_flag_blockFull                      
20039650  ang_buf                               
20039660  globals                               
20039670  mqxglobals                            
20039680  g_LogClient                           
20039688  g_Struct_TimeStamp_MaxAngle           
20039690  g_Struct_TimeStamp_MinAngle           
20039698  g_TimeStamp_CamUp                     
200396a0  g_TimeStamp_DoorClosed                
200396a8  g_TimeStamp_NWPUp                     
200396b0  g_TimeStamp_PhotoSnap                 
200396b8  g_TimeStamp_PhotoUploaded             
200396c0  g_TimeStamp_cc3200Up                  
200396c8  g_TimeStamp_maxAngle                  
200396d0  g_TimeStamp_minAngle                  
200396d8  g_ucConnectionBSSID                   
200396f0  DMAMsgQ                               
200396f4  Elapsed_100MilliSecs                  
200396f8  Elapsed_1Secs                         
20039700  angle_avg                             
20039704  dataBuffer                            
20039708  g_block_lastFilled                    
2003970c  g_cDummy                              
20039710  g_cWlanSecurityType                   
20039714  g_frame_size_in_bytes                 
20039718  g_position_in_block                   
2003971c  g_readHeader                          
20039724  g_ulAppStatus                         
20039728  gdoor_40deg_angle                     
2003972c  gdoor_90deg_angle                     
2003973c  g_fMaxAngle                           
2003973e  g_fMinAngle                           
20039740  RxIrqCnt                              
20039741  avg_buffer_cnt                        
20039742  captureTimeout_Flag                   
20039743  checkForLight_Flag                    
20039744  g_I2CPeripheral_inUse_Flag            
20039745  g_Task3_Notification                  
20039747  g_flag_DataBlockFilled                
20039748  g_flag_door_closing_45degree          
20039749  g_frame_end                           
2003974a  g_ucAngle40                           
2003974b  g_ucAngle90                           
2003974c  g_ucCalibration                       
2003974d  g_ucConfig                            
2003974e  g_ucExitButton                        
2003974f  g_ucMagCalb                           
20039750  g_ucProfileAdded                      
20039751  g_ucPushButtonPressedTwice            
20039752  g_ucReasonForFailure                  
20039753  iDone                                 
20039754  isitfirsttime                         
20039755  print_count                           
20039756  valid_case                            
20039758  _sys_memory                           
ffffffff  __binit__                             
ffffffff  __c_args__                            
ffffffff  binit                                 
UNDEFED   SHT$$INIT_ARRAY$$Base                 
UNDEFED   SHT$$INIT_ARRAY$$Limit                

[901 symbols]
