******************************************************************************
                  TI ARM Linker PC v5.1.6                      
******************************************************************************
>> Linked Tue Apr 21 15:13:40 2015

OUTPUT FILE NAME:   <ULP_SEC_CAM.out>
ENTRY POINT SYMBOL: "_c_int00"  address: 200137e1


MEMORY CONFIGURATION

         name            origin    length      used     unused   attr    fill
----------------------  --------  ---------  --------  --------  ----  --------
  SRAM_BOOTLDR          20000000   00004000  00002550  00001ab0  RW X
  SRAM_CODE             20004000   00014000  0001194f  000026b1  RW X
  SRAM_DATA             20018000   00024000  000228e4  0000171c  RW X


SEGMENT ALLOCATION MAP

run origin  load origin   length   init length attrs members
----------  ----------- ---------- ----------- ----- -------
20000000    20000000    00001550   00000000    rw-
  20000000    20000000    00001550   00000000    rw- .data
20003000    20003000    00001000   00000000    rw-
  20003000    20003000    00001000   00000000    rw- .stack
20004000    20004000    00011958   00011958    r-x
  20004000    20004000    00000400   00000400    r-- .intvecs
  20004400    20004400    00010132   00010132    r-x .text
  20014538    20014538    0000086d   0000086d    r-- .const
  20014da8    20014da8    00000bb0   00000bb0    r-- .cinit
20018000    20018000    000228e8   00000000    rw-
  20018000    20018000    0001e8e4   00000000    rw- .bss
  200368e8    200368e8    00004000   00000000    rw- .sysmem


SECTION ALLOCATION MAP

 output                                  attributes/
section   page    origin      length       input sections
--------  ----  ----------  ----------   ----------------
.init_array 
*          0    20004000    00000000     UNINITIALIZED

.data      0    20000000    00001550     UNINITIALIZED
                  20000000    00000600     camera_app.obj (.data:JPEG_StdHuffmanTbl)
                  20000600    00000400     camera_app.obj (.data:g_header)
                  20000a00    000003c9     libparse.a : cc3200_certificate.obj (.data:DigiCertHighAssuranceEVRootCA_der)
                  20000dc9    00000003     --HOLE--
                  20000dcc    00000184     simplelink.a : driver.obj (.data)
                  20000f50    000000f0     rtsv7M4_T_le_eabi.lib : defs.obj (.data:_ftable)
                  20001040    000000d0                           : lowlev.obj (.data)
                  20001110    000000b0                           : signal.obj (.data:sigtable)
                  200011c0    00000080                           : xvalues.obj (.data)
                  20001240    00000070                           : xlvalues.obj (.data)
                  200012b0    00000068                           : xfvalues.obj (.data)
                  20001318    00000064     simplelink.a : cc_pal.obj (.data)
                  2000137c    00000040     camera_app.obj (.data:JPEG_StdQuantTblC)
                  200013bc    00000040     camera_app.obj (.data:JPEG_StdQuantTblY)
                  200013fc    00000040     camera_app.obj (.data:zigzag)
                  2000143c    00000034     free_rtos.a : tasks.obj (.data)
                  20001470    0000002c     libparse.a : cc3200_utils.obj (.data:lastDateTime)
                  2000149c    00000018                : cc3200_utils.obj (.data)
                  200014b4    00000018                : request.obj (.data)
                  200014cc    00000010     rtsv7M4_T_le_eabi.lib : defs.obj (.data)
                  200014dc    0000000e     main.obj (.data)
                  200014ea    00000002     --HOLE--
                  200014ec    0000000c     free_rtos.a : osi_freertos.obj (.data)
                  200014f8    0000000c     network_relater_fns.obj (.data)
                  20001504    0000000c     rtsv7M4_T_le_eabi.lib : memory.obj (.data)
                  20001510    00000008     camera_app.obj (.data)
                  20001518    00000008     rtsv7M4_T_le_eabi.lib : _lock.obj (.data)
                  20001520    00000008                           : exit.obj (.data)
                  20001528    00000008                           : feraiseexcept.obj (.data)
                  20001530    00000006     libparse.a : http.obj (.data)
                  20001536    00000002     --HOLE--
                  20001538    00000004     free_rtos.a : port.obj (.data)
                  2000153c    00000004     libparse.a : cc3200_certificate.obj (.data)
                  20001540    00000004     rtsv7M4_T_le_eabi.lib : errno.obj (.data)
                  20001544    00000004                           : fopen.obj (.data)
                  20001548    00000004                           : rand.obj (.data)
                  2000154c    00000004                           : stkdepth_vars.obj (.data)

.stack     0    20003000    00001000     UNINITIALIZED
                  20003000    00001000     --HOLE--

.intvecs   0    20004000    00000400     
                  20004000    00000400     startup_ccs.obj (.intvecs)

.text      0    20004400    00010132     
                  20004400    00001258     free_rtos.a : tasks.obj (.text)
                  20005658    00000ec0     rtsv7M4_T_le_eabi.lib : _printfi.obj (.text)
                  20006518    00000c20     network_relater_fns.obj (.text)
                  20007138    00000b60     camera_app.obj (.text)
                  20007c98    00000b24     free_rtos.a : queue.obj (.text)
                  200087bc    0000097c     libparse.a : request.obj (.text)
                  20009138    0000093a     accelomtrMagntomtr_fxos8700.obj (.text)
                  20009a72    00000002     driverlib.a : interrupt.obj (.text:IntDefaultHandler)
                  20009a74    0000064e     libparse.a : cc3200_utils.obj (.text)
                  2000a0c2    00000002     --HOLE-- [fill = 0]
                  2000a0c4    00000518                : installation.obj (.text)
                  2000a5dc    000004a2                : simplejson.obj (.text)
                  2000aa7e    00000002     --HOLE-- [fill = 0]
                  2000aa80    0000049c                : cc3200_socket.obj (.text)
                  2000af1c    00000490     rtsv7M4_T_le_eabi.lib : pow.obj (.text)
                  2000b3ac    0000045c     free_rtos.a : osi_freertos.obj (.text)
                  2000b808    000003cc     rtsv7M4_T_le_eabi.lib : memory.obj (.text)
                  2000bbd4    000003b4     libparse.a : cc3200_client_state.obj (.text)
                  2000bf88    000003a6     simplelink.a : driver.obj (.text:_SlDrvMsgRead)
                  2000c32e    00000002     --HOLE-- [fill = 0]
                  2000c330    0000034c                  : driver.obj (.text:_SlAsyncEventGenericHandler)
                  2000c67c    00000334     main.obj (.text)
                  2000c9b0    00000310     rtsv7M4_T_le_eabi.lib : lowlev.obj (.text)
                  2000ccc0    000002e4                           : xlog.obj (.text)
                  2000cfa4    000002d4                           : trgdrv.obj (.text)
                  2000d278    000002a0                           : vla_alloc.obj (.text)
                  2000d518    0000027c     parse_uploads.obj (.text)
                  2000d794    000001fc     rtsv7M4_T_le_eabi.lib : xexp.obj (.text)
                  2000d990    000001f4                           : ull_div_t2.obj (.text)
                  2000db84    000001dc     libparse.a : cc3200_certificate.obj (.text)
                  2000dd60    000001c0     rtsv7M4_T_le_eabi.lib : fopen.obj (.text)
                  2000df20    000001b8     uartA1_if.obj (.text)
                  2000e0d8    000001b6     rtsv7M4_T_le_eabi.lib : fd_add_t2.obj (.text)
                  2000e28e    00000002     --HOLE-- [fill = 0]
                  2000e290    000001b0     libparse.a : http.obj (.text)
                  2000e440    0000019c     simplelink.a : wlan.obj (.text:sl_WlanConnect)
                  2000e5dc    00000194     udma_if.obj (.text)
                  2000e770    0000018c     i2c_if.obj (.text)
                  2000e8fc    00000188     rtsv7M4_T_le_eabi.lib : xlatan.obj (.text)
                  2000ea84    00000164     simplelink.a : driver.obj (.text:_SlDrvDataReadOp)
                  2000ebe8    00000140                  : driver.obj (.text:_SlDrvRxHdrRead)
                  2000ed28    00000140     rtsv7M4_T_le_eabi.lib : sqrt.obj (.text)
                  2000ee68    00000136                           : fd_div_t2.obj (.text)
                  2000ef9e    00000002     --HOLE-- [fill = 0]
                  2000efa0    00000134     driverlib.a : prcm.obj (.text:PRCMCC3200MCUInit)
                  2000f0d4    00000134     rtsv7M4_T_le_eabi.lib : fputs.obj (.text)
                  2000f208    00000130     simplelink.a : cc_pal.obj (.text:spi_Open)
                  2000f338    0000012c                  : driver.obj (.text:_SlDrvDataWriteOp)
                  2000f464    0000012a     free_rtos.a : list.obj (.text)
                  2000f58e    00000002     --HOLE-- [fill = 0]
                  2000f590    00000116     libparse.a : parse_impl.obj (.text)
                  2000f6a6    00000002     --HOLE-- [fill = 0]
                  2000f6a8    00000114     simplelink.a : driver.obj (.text:_SlDrvMsgWrite)
                  2000f7bc    00000110     free_rtos.a : port.obj (.text)
                  2000f8cc    00000110     rtsv7M4_T_le_eabi.lib : xdscale.obj (.text)
                  2000f9dc    0000010c     simplelink.a : driver.obj (.text:_SlDrvWaitForPoolObj)
                  2000fae8    0000010c     i2c_app.obj (.text)
                  2000fbf4    00000108     simplelink.a : socket.obj (.text:sl_Select)
                  2000fcfc    00000104                  : driver.obj (.text:_SlDrvReleasePoolObj)
                  2000fe00    00000104     rtsv7M4_T_le_eabi.lib : atan2l.obj (.text)
                  2000ff04    000000fc                           : fd_mul_t2.obj (.text)
                  20010000    000000fa                           : fs_add_t2.obj (.text)
                  200100fa    00000002     --HOLE-- [fill = 0]
                  200100fc    000000f0     driverlib.a : udma.obj (.text:uDMAChannelTransferSet)
                  200101ec    000000e8     simplelink.a : socket.obj (.text:sl_Connect)
                  200102d4    000000e8                  : cc_pal.obj (.text:spi_Write)
                  200103bc    000000dc     rtsv7M4_T_le_eabi.lib : setvbuf.obj (.text)
                  20010498    000000d8     simplelink.a : netapp.obj (.text:sl_NetAppDnsGetHostByName)
                  20010570    000000d8     timer_fns.obj (.text)
                  20010648    000000cc     simplelink.a : cc_pal.obj (.text:spi_Read)
                  20010714    000000c4     rtsv7M4_T_le_eabi.lib : xdint.obj (.text)
                  200107d8    000000c4                           : xdnorm.obj (.text)
                  2001089c    000000c4     simplelink.a : device.obj (.text:sl_Stop)
                  20010960    000000c0     rtsv7M4_T_le_eabi.lib : fflush.obj (.text)
                  20010a20    000000c0     simplelink.a : device.obj (.text:sl_Start)
                  20010ae0    000000ba     free_rtos.a : portasm.obj (.text)
                  20010b9a    00000002     --HOLE-- [fill = 0]
                  20010b9c    000000b4     simplelink.a : driver.obj (.text:_SlDrvMsgReadCmdCtx)
                  20010c50    000000b4     libparse.a : cc3200_debug.obj (.text)
                  20010d04    000000b2     simplelink.a : netapp.obj (.text:_SlDrvNetAppEventHandler)
                  20010db6    000000b2     pinmux.obj (.text)
                  20010e68    000000b0     simplelink.a : socket.obj (.text:sl_Send)
                  20010f18    000000ac     rtsv7M4_T_le_eabi.lib : _io_perm.obj (.text)
                  20010fc4    000000a8     driverlib.a : interrupt.obj (.text:IntDisable)
                  2001106c    000000a8                 : interrupt.obj (.text:IntEnable)
                  20011114    000000a8     timer_if.obj (.text)
                  200111bc    000000a0     driverlib.a : spi.obj (.text:SPIConfigSetExpClk)
                  2001125c    0000009c     rtsv7M4_T_le_eabi.lib : fputc.obj (.text)
                  200112f8    0000009c                           : memcpy_t2.obj (.text)
                  20011394    00000098     simplelink.a : driver.obj (.text:_SlFindAndSetActiveObj)
                  2001142c    00000098     rtsv7M4_T_le_eabi.lib : fclose.obj (.text)
                  200114c4    00000098                           : snprintf.obj (.text)
                  2001155c    00000094     driverlib.a : prcm.obj (.text:PRCMPeripheralClockGet)
                  200115f0    00000094     simplelink.a : driver.obj (.text:_SlDrvClassifyRxMsg)
                  20011684    00000094     rtsv7M4_T_le_eabi.lib : auto_init.obj (.text)
                  20011718    00000090     simplelink.a : driver.obj (.text:_SlDrvMsgReadSpawnCtx)
                  200117a8    0000008c                  : fs.obj (.text:sl_FsRead)
                  20011834    0000008c                  : fs.obj (.text:sl_FsWrite)
                  200118c0    00000088     driverlib.a : pin.obj (.text:PinConfigSet)
                  20011948    00000088     rtsv7M4_T_le_eabi.lib : vsnprintf.obj (.text)
                  200119d0    00000088     simplelink.a : netapp.obj (.text:sl_NetAppMDNSRegisterUnregisterService)
                  20011a58    00000086     rtsv7M4_T_le_eabi.lib : fd_cmp_t2.obj (.text:__aeabi_cdcmple)
                  20011ade    00000086                           : fd_cmp_t2.obj (.text:__aeabi_cdrcmple)
                  20011b64    00000084     driverlib.a : i2c.obj (.text:I2CMasterInitExpClk)
                  20011be8    00000084     simplelink.a : driver.obj (.text:_SlDrvCmdOp)
                  20011c6c    00000080                  : cc_pal.obj (.text:NwpPowerOnPreamble)
                  20011cec    0000007c                  : driver.obj (.text:_SlDrvDriverCBInit)
                  20011d68    0000007c                  : netapp.obj (.text:_sl_HandleAsync_DnsGetHostByName)
                  20011de4    0000007c                  : device.obj (.text:sl_DevGet)
                  20011e60    0000007c                  : fs.obj (.text:sl_FsClose)
                  20011edc    0000007a     rtsv7M4_T_le_eabi.lib : fs_mul_t2.obj (.text)
                  20011f56    00000002     --HOLE-- [fill = 0]
                  20011f58    00000078     simplelink.a : cc_pal.obj (.text:SetupDMAReceive)
                  20011fd0    00000078     rtsv7M4_T_le_eabi.lib : memset_t2.obj (.text)
                  20012048    00000076     driverlib.a : uart.obj (.text:UARTConfigSetExpClk)
                  200120be    00000002     --HOLE-- [fill = 0]
                  200120c0    00000074     simplelink.a : device.obj (.text:_sl_HandleAsync_InitComplete)
                  20012134    00000074                  : wlan.obj (.text:sl_WlanGet)
                  200121a8    00000074                  : cc_pal.obj (.text:spi_Close)
                  2001221c    00000070     driverlib.a : timer.obj (.text:TimerIntRegister)
                  2001228c    00000070     simplelink.a : netapp.obj (.text:_sl_HandleAsync_PingResponse)
                  200122fc    0000006e                  : socket.obj (.text:_sl_TruncatePayloadByProtocol)
                  2001236a    00000002     --HOLE-- [fill = 0]
                  2001236c    0000006c     rtsv7M4_T_le_eabi.lib : fprintf.obj (.text)
                  200123d8    00000068     driverlib.a : timer.obj (.text:TimerIntUnregister)
                  20012440    00000068     simplelink.a : socket.obj (.text:_sl_HandleAsync_Connect)
                  200124a8    00000068                  : netapp.obj (.text:_sl_HandleAsync_DnsGetHostByService)
                  20012510    00000068                  : fs.obj (.text:sl_FsGetInfo)
                  20012578    00000064                  : fs.obj (.text:_sl_GetCreateFsMode)
                  200125dc    00000064                  : socket.obj (.text:_sl_HandleAsync_Accept)
                  20012640    00000064     rtsv7M4_T_le_eabi.lib : fseek.obj (.text)
                  200126a4    00000064                           : xdunscal.obj (.text)
                  20012708    00000064     driverlib.a : udma.obj (.text:uDMAChannelAttributeDisable)
                  2001276c    00000064                 : udma.obj (.text:uDMAChannelAttributeEnable)
                  200127d0    00000060     rtsv7M4_T_le_eabi.lib : fs_cmp_t2.obj (.text:__aeabi_cfcmple)
                  20012830    00000060                           : fs_cmp_t2.obj (.text:__aeabi_cfrcmple)
                  20012890    00000060                           : sprintf.obj (.text)
                  200128f0    00000060                           : trgmsg.obj (.text)
                  20012950    0000005e                           : copy_decompress_rle.obj (.text)
                  200129ae    0000005a                           : ltoa.obj (.text)
                  20012a08    00000058     driverlib.a : interrupt.obj (.text:IntPendClear)
                  20012a60    00000058                 : prcm.obj (.text:PRCMPeripheralReset)
                  20012ab8    00000058     simplelink.a : driver.obj (.text:_SlDrvDriverCBDeinit)
                  20012b10    00000058                  : socket.obj (.text:_sl_HandleAsync_Select)
                  20012b68    00000054     driverlib.a : interrupt.obj (.text:IntPrioritySet)
                  20012bbc    00000054     simplelink.a : device.obj (.text:_sl_HandleAsync_Stop)
                  20012c10    00000054                  : fs.obj (.text:sl_FsOpen)
                  20012c64    00000054                  : netapp.obj (.text:sl_NetAppSendTokenValue)
                  20012cb8    00000050     app_common.obj (.text)
                  20012d08    0000004c     driverlib.a : spi.obj (.text:SPIIntEnable)
                  20012d54    0000004c     rtsv7M4_T_le_eabi.lib : atoi.obj (.text)
                  20012da0    0000004c                           : rand.obj (.text)
                  20012dec    0000004c     simplelink.a : socket.obj (.text:sl_SetSockOpt)
                  20012e38    0000004c     driverlib.a : udma.obj (.text:uDMAChannelAssign)
                  20012e84    0000004a     simplelink.a : device.obj (.text:_sl_GetStartResponseConvert)
                  20012ece    0000004a     rtsv7M4_T_le_eabi.lib : fd_tos_t2.obj (.text)
                  20012f18    00000048     driverlib.a : spi.obj (.text:SPIIntClear)
                  20012f60    00000048     rtsv7M4_T_le_eabi.lib : fd_toi_t2.obj (.text)
                  20012fa8    00000048     simplelink.a : device.obj (.text:sl_DevSet)
                  20012ff0    00000048                  : fs.obj (.text:sl_FsDel)
                  20013038    00000048                  : wlan.obj (.text:sl_WlanSet)
                  20013080    00000044     driverlib.a : spi.obj (.text:SPIDmaMaskGet)
                  200130c4    00000044                 : timer.obj (.text:TimerConfigure)
                  20013108    00000044     rtsv7M4_T_le_eabi.lib : cpy_tbl.obj (.text)
                  2001314c    00000044                           : exit.obj (.text)
                  20013190    00000044                           : fd_tou_t2.obj (.text)
                  200131d4    00000044                           : xdtest.obj (.text)
                  20013218    00000044     simplelink.a : netcfg.obj (.text:sl_NetCfgSet)
                  2001325c    00000044                  : socket.obj (.text:sl_Recv)
                  200132a0    00000040     driverlib.a : pin.obj (.text:PinModeSet)
                  200132e0    00000040     simplelink.a : driver.obj (.text:_SlDrvRxIrqHandler)
                  20013320    00000040                  : driver.obj (.text:_SlRemoveFromList)
                  20013360    00000040     rtsv7M4_T_le_eabi.lib : signal.obj (.text)
                  200133a0    00000040     simplelink.a : wlan.obj (.text:sl_WlanPolicySet)
                  200133e0    00000040                  : wlan.obj (.text:sl_WlanRxFilterSet)
                  20013420    0000003c                  : cc_pal.obj (.text:NwpPowerOff)
                  2001345c    0000003c     driverlib.a : prcm.obj (.text:PRCMPeripheralClkEnable)
                  20013498    0000003c     simplelink.a : driver.obj (.text:_SlDrvObjInit)
                  200134d4    0000003c     rtsv7M4_T_le_eabi.lib : strncasecmp.obj (.text)
                  20013510    0000003c     driverlib.a : udma.obj (.text:uDMAChannelControlSet)
                  2001354c    0000003a                 : camera.obj (.text:CameraCaptureStop)
                  20013586    0000003a                 : camera.obj (.text:CameraXClkConfig)
                  200135c0    00000038     free_rtos.a : heap_3.obj (.text)
                  200135f8    00000038     rtsv7M4_T_le_eabi.lib : fs_tod_t2.obj (.text)
                  20013630    00000038                           : fs_toi_t2.obj (.text)
                  20013668    00000038                           : i_tofs_t2.obj (.text)
                  200136a0    00000038     simplelink.a : socket.obj (.text:sl_Htonl)
                  200136d8    00000036     driverlib.a : gpio.obj (.text:GPIODirModeSet)
                  2001370e    00000034                 : camera.obj (.text:CameraParamsConfig)
                  20013742    00000002     --HOLE-- [fill = 0]
                  20013744    00000034                 : prcm.obj (.text:PRCMPeripheralStatusGet)
                  20013778    00000034                 : spi.obj (.text:SPIFIFOLevelSet)
                  200137ac    00000034     simplelink.a : driver.obj (.text:_SlDrvBasicCmd)
                  200137e0    00000034     rtsv7M4_T_le_eabi.lib : boot.obj (.text)
                  20013814    00000034                           : feraiseexcept.obj (.text)
                  20013848    00000034                           : fs_tou_t2.obj (.text)
                  2001387c    00000034                           : strstr.obj (.text)
                  200138b0    00000034     simplelink.a : socket.obj (.text:sl_Htons)
                  200138e4    00000030                  : cc_pal.obj (.text:NwpPowerOn)
                  20013914    00000030     driverlib.a : pin.obj (.text:PinTypeGPIO)
                  20013944    00000030                 : uart.obj (.text:UARTDisable)
                  20013974    00000030     rtsv7M4_T_le_eabi.lib : strncpy.obj (.text)
                  200139a4    00000030                           : xferaise.obj (.text)
                  200139d4    00000030     simplelink.a : socket.obj (.text:sl_Socket)
                  20013a04    0000002e     rtsv7M4_T_le_eabi.lib : i_tofd_t2.obj (.text)
                  20013a32    0000002e                           : raise.obj (.text)
                  20013a60    0000002c     driverlib.a : camera.obj (.text:CameraIntEnable)
                  20013a8c    0000002c     simplelink.a : cc_pal.obj (.text:DmaSpiSwIntHandler)
                  20013ab8    0000002c     driverlib.a : i2c.obj (.text:I2CMasterErr)
                  20013ae4    0000002c                 : prcm.obj (.text:PRCMSysResetCauseGet)
                  20013b10    0000002c     simplelink.a : flowcont.obj (.text:_SlDrvFlowContDeinit)
                  20013b3c    0000002c                  : flowcont.obj (.text:_SlDrvFlowContInit)
                  20013b68    0000002a     driverlib.a : timer.obj (.text:TimerLoadSet)
                  20013b92    0000002a                 : timer.obj (.text:TimerPrescaleSet)
                  20013bbc    00000028                 : camera.obj (.text:CameraIntStatus)
                  20013be4    00000028                 : prcm.obj (.text:PRCMPeripheralClkDisable)
                  20013c0c    00000028     simplelink.a : socket.obj (.text:_sl_BuildAddress)
                  20013c34    00000028     rtsv7M4_T_le_eabi.lib : strncat.obj (.text)
                  20013c5c    00000028     simplelink.a : wlan.obj (.text:sl_WlanSetMode)
                  20013c84    00000026     driverlib.a : camera.obj (.text:CameraThresholdSet)
                  20013caa    00000026     rtsv7M4_T_le_eabi.lib : strncmp.obj (.text)
                  20013cd0    00000024     driverlib.a : camera.obj (.text:CameraIntClear)
                  20013cf4    00000024                 : interrupt.obj (.text:IntUnregister)
                  20013d18    00000024                 : uart.obj (.text:UARTEnable)
                  20013d3c    00000024     rtsv7M4_T_le_eabi.lib : memmov.obj (.text)
                  20013d60    00000024                           : u_tofs_t2.obj (.text)
                  20013d84    00000024     simplelink.a : socket.obj (.text:sl_Close)
                  20013da8    00000024                  : netapp.obj (.text:sl_NetAppStart)
                  20013dcc    00000024                  : netapp.obj (.text:sl_NetAppStop)
                  20013df0    00000024                  : wlan.obj (.text:sl_WlanProfileDel)
                  20013e14    00000022     driverlib.a : camera.obj (.text:CameraCaptureStart)
                  20013e36    00000022                 : i2c.obj (.text:I2CMasterSlaveAddrSet)
                  20013e58    00000022     simplelink.a : cc_pal.obj (.text:NwpRegisterInterruptHandler)
                  20013e7a    00000022     driverlib.a : spi.obj (.text:SPIReset)
                  20013e9c    00000022                 : spi.obj (.text:SPIWordCountSet)
                  20013ebe    00000022     rtsv7M4_T_le_eabi.lib : memcmp.obj (.text)
                  20013ee0    00000020     driverlib.a : interrupt.obj (.text:IntRegister)
                  20013f00    00000020     simplelink.a : driver.obj (.text:_SlDrvCmdSend)
                  20013f20    00000020     rtsv7M4_T_le_eabi.lib : u_tofd_t2.obj (.text)
                  20013f40    0000001e     driverlib.a : i2c.obj (.text:I2CMasterIntStatusEx)
                  20013f5e    0000001e                 : timer.obj (.text:TimerDisable)
                  20013f7c    0000001e                 : timer.obj (.text:TimerEnable)
                  20013f9a    0000001e                 : timer.obj (.text:TimerIntStatus)
                  20013fb8    0000001e                 : uart.obj (.text:UARTCharPut)
                  20013fd6    0000001c                 : pin.obj (.text:PinTypeI2C)
                  20013ff2    0000001c                 : timer.obj (.text:TimerValueGet)
                  2001400e    00000002     --HOLE-- [fill = 0]
                  20014010    0000001c     simplelink.a : driver.obj (.text:_SlDrvObjDeInit)
                  2001402c    0000001c     rtsv7M4_T_le_eabi.lib : memccpy.obj (.text)
                  20014048    0000001c     driverlib.a : udma.obj (.text:uDMAChannelDisable)
                  20014064    0000001c                 : udma.obj (.text:uDMAChannelEnable)
                  20014080    0000001a     simplelink.a : netapp.obj (.text:CopyPingResultsToReport)
                  2001409a    0000001a     driverlib.a : pin.obj (.text:PinTypeCamera)
                  200140b4    0000001a                 : pin.obj (.text:PinTypeUART)
                  200140ce    0000001a                 : spi.obj (.text:SPIDmaDisable)
                  200140e8    0000001a                 : spi.obj (.text:SPIDmaEnable)
                  20014102    0000001a                 : spi.obj (.text:SPIFIFODisable)
                  2001411c    0000001a                 : spi.obj (.text:SPIFIFOEnable)
                  20014136    0000001a     simplelink.a : device.obj (.text:_SlDrvDeviceEventHandler)
                  20014150    00000018     driverlib.a : camera.obj (.text:CameraReset)
                  20014168    00000018                 : gpio.obj (.text:GPIOPinRead)
                  20014180    00000018                 : spi.obj (.text:SPICSDisable)
                  20014198    00000018                 : spi.obj (.text:SPICSEnable)
                  200141b0    00000018                 : spi.obj (.text:SPIDisable)
                  200141c8    00000018                 : spi.obj (.text:SPIEnable)
                  200141e0    00000018                 : timer.obj (.text:TimerIntDisable)
                  200141f8    00000018                 : timer.obj (.text:TimerIntEnable)
                  20014210    00000018     rtsv7M4_T_le_eabi.lib : args_main.obj (.text)
                  20014228    00000018                           : ll_mul_t2.obj (.text)
                  20014240    00000018                           : strcmp.obj (.text)
                  20014258    00000016     driverlib.a : camera.obj (.text:CameraDMAEnable)
                  2001426e    00000016                 : camera.obj (.text:CameraIntRegister)
                  20014284    00000016                 : i2c.obj (.text:I2CMasterDataPut)
                  2001429a    00000016                 : i2c.obj (.text:I2CMasterEnable)
                  200142b0    00000016                 : prcm.obj (.text:PRCMHIBRegRead)
                  200142c6    00000016                 : prcm.obj (.text:PRCMHIBRegWrite)
                  200142dc    00000016                 : uart.obj (.text:UARTCharGet)
                  200142f2    00000016     simplelink.a : fs.obj (.text:_sl_Strlen)
                  20014308    00000016     rtsv7M4_T_le_eabi.lib : memchr.obj (.text)
                  2001431e    00000016                           : strchr.obj (.text)
                  20014334    00000016     driverlib.a : udma.obj (.text:uDMAIntRegister)
                  2001434a    00000014                 : cpu.obj (.text:CPUcpsie)
                  2001435e    00000002     --HOLE-- [fill = 0]
                  20014360    00000014                 : interrupt.obj (.text:IntVTableBaseSet)
                  20014374    00000014     simplelink.a : driver.obj (.text:_SlDrvShiftDWord)
                  20014388    00000014     rtsv7M4_T_le_eabi.lib : _lock.obj (.text)
                  2001439c    00000014                           : strlen.obj (.text)
                  200143b0    00000014     driverlib.a : udma.obj (.text:uDMAControlBaseSet)
                  200143c4    00000014                 : udma.obj (.text:uDMAIntClear)
                  200143d8    00000012                 : i2c.obj (.text:I2CMasterControl)
                  200143ea    00000012                 : i2c.obj (.text:I2CMasterIntClearEx)
                  200143fc    00000012                 : i2c.obj (.text:I2CMasterTimeoutSet)
                  2001440e    00000012                 : timer.obj (.text:TimerIntClear)
                  20014420    00000012     rtsv7M4_T_le_eabi.lib : copy_zero_init.obj (.text:decompress:ZI)
                  20014432    00000012     simplelink.a : netapp.obj (.text:sl_NetAppMDNSUnRegisterService)
                  20014444    00000012     driverlib.a : udma.obj (.text:uDMAIntUnregister)
                  20014456    00000002     --HOLE-- [fill = 0]
                  20014458    00000010     simplelink.a : cc_pal.obj (.text:NwpMaskInterrupt)
                  20014468    00000010                  : socket.obj (.text:SL_FD_SET)
                  20014478    00000010     rtsv7M4_T_le_eabi.lib : strcpy.obj (.text)
                  20014488    00000010                           : tolower.obj (.text)
                  20014498    0000000e     driverlib.a : i2c.obj (.text:I2CMasterDataGet)
                  200144a6    0000000e     rtsv7M4_T_le_eabi.lib : copy_decompress_none.obj (.text:decompress:none)
                  200144b4    0000000e                           : xdclass.obj (.text)
                  200144c2    0000000e     startup_ccs.obj (.text)
                  200144d0    0000000c     simplelink.a : cc_pal.obj (.text:NwpUnMaskInterrupt)
                  200144dc    0000000c     driverlib.a : udma.obj (.text:uDMADisable)
                  200144e8    0000000c                 : udma.obj (.text:uDMAEnable)
                  200144f4    0000000c                 : udma.obj (.text:uDMAIntStatus)
                  20014500    0000000a                 : interrupt.obj (.text:IntMasterEnable)
                  2001450a    00000008     simplelink.a : wlan.obj (.text:sl_WlanDisconnect)
                  20014512    00000006                  : socket.obj (.text:SL_FD_ZERO)
                  20014518    00000006     driverlib.a : utils.obj (.text:UtilsDelay)
                  2001451e    00000006     rtsv7M4_T_le_eabi.lib : copy_decompress_rle.obj (.text:decompress:rle24)
                  20014524    00000006                           : log.obj (.text)
                  2001452a    00000004                           : error.obj (.text)
                  2001452e    00000004                           : xldtest.obj (.text)

.const     0    20014538    0000086d     
                  20014538    00000102     rtsv7M4_T_le_eabi.lib : ctype.obj (.const:.string:_ctypes_)
                  2001463a    00000002     --HOLE-- [fill = 0]
                  2001463c    00000100     driverlib.a : pin.obj (.const:g_ulPinToPadMap)
                  2001473c    000000ec     simplelink.a : wlan.obj (.const)
                  20014828    000000d4     driverlib.a : interrupt.obj (.const:g_pulRegs)
                  200148fc    000000a8                 : prcm.obj (.const:PRCM_PeriphRegsList)
                  200149a4    00000004     --HOLE-- [fill = 0]
                  200149a8    00000088     rtsv7M4_T_le_eabi.lib : xlatan.obj (.const)
                  20014a30    00000080     driverlib.a : interrupt.obj (.const)
                  20014ab0    00000051     network_relater_fns.obj (.const:.string)
                  20014b01    00000003     --HOLE-- [fill = 0]
                  20014b04    0000004c     simplelink.a : driver.obj (.const)
                  20014b50    00000048     rtsv7M4_T_le_eabi.lib : xexp.obj (.const)
                  20014b98    00000038                           : xlog.obj (.const:p)
                  20014bd0    00000038     simplelink.a : fs.obj (.const)
                  20014c08    00000034                  : socket.obj (.const)
                  20014c3c    00000030     rtsv7M4_T_le_eabi.lib : xdint.obj (.const)
                  20014c6c    0000002c     libparse.a : cc3200_utils.obj (.const:$P$T0$1)
                  20014c98    0000002c     network_relater_fns.obj (.const:$P$T1$2)
                  20014cc4    00000028     simplelink.a : netapp.obj (.const)
                  20014cec    00000022     network_relater_fns.obj (.const:.string:$P$T0$1)
                  20014d0e    00000002     --HOLE-- [fill = 0]
                  20014d10    00000020     network_relater_fns.obj (.const)
                  20014d30    00000018     driverlib.a : spi.obj (.const)
                  20014d48    00000017     libparse.a : request.obj (.const:.string)
                  20014d5f    00000016     camera_app.obj (.const:.string)
                  20014d75    00000003     --HOLE-- [fill = 0]
                  20014d78    00000014     simplelink.a : device.obj (.const)
                  20014d8c    0000000b     app_common.obj (.const:.string)
                  20014d97    00000001     --HOLE-- [fill = 0]
                  20014d98    00000008     simplelink.a : netcfg.obj (.const)
                  20014da0    00000005     main.obj (.const:.string)

.cinit     0    20014da8    00000bb0     
                  20014da8    00000b8a     (.cinit..data.load) [load image, compression = rle]
                  20015932    00000002     --HOLE-- [fill = 0]
                  20015934    0000000c     (__TI_handler_table)
                  20015940    00000008     (.cinit..bss.load) [load image, compression = zero_init]
                  20015948    00000010     (__TI_cinit_table)

.bss       0    20018000    0001e8e4     UNINITIALIZED
                  20018000    0001e000     main.obj (.bss:g_image_buffer)
                  20036000    00000400     udma_if.obj (.bss:gpCtlTbl)
                  20036400    00000120     rtsv7M4_T_le_eabi.lib : trgmsg.obj (.bss:__CIOBUF_)
                  20036520    00000100     udma_if.obj (.bss:gfpAppCallbackHndl)
                  20036620    000000c8     free_rtos.a : tasks.obj (.bss:pxReadyTasksLists)
                  200366e8    000000a0     rtsv7M4_T_le_eabi.lib : defs.obj (.bss:__TI_tmpnams)
                  20036788    00000050     free_rtos.a : queue.obj (.bss:xQueueRegistry)
                  200367d8    00000034     libparse.a : cc3200_client_state.obj (.bss:clientStateFileName)
                  2003680c    00000024     network_relater_fns.obj (.bss:g_ucConnectionSSID)
                  20036830    0000001c     rtsv7M4_T_le_eabi.lib : vla_alloc.obj (.bss)
                  2003684c    00000014     (.common:xDelayedTaskList1)
                  20036860    00000014     (.common:xDelayedTaskList2)
                  20036874    00000014     (.common:xPendingReadyList)
                  20036888    00000014     (.common:xSuspendedTaskList)
                  2003689c    00000014     (.common:xTasksWaitingTermination)
                  200368b0    00000008     (.common:g_ucConnectionBSSID)
                  200368b8    00000008     (.common:parmbuf)
                  200368c0    00000004     (.common:__Errorlog)
                  200368c4    00000004     (.common:dataBuffer)
                  200368c8    00000004     (.common:g_frame_size_in_bytes)
                  200368cc    00000004     (.common:g_header_length)
                  200368d0    00000004     (.common:g_total_dma_intrpts)
                  200368d4    00000004     (.common:pxDelayedTaskList)
                  200368d8    00000004     (.common:pxOverflowDelayedTaskList)
                  200368dc    00000004     (.common:v_TimerOverflows)
                  200368e0    00000001     (.common:g_CaptureImage)
                  200368e1    00000001     (.common:g_dma_txn_done)
                  200368e2    00000001     (.common:g_frame_end)
                  200368e3    00000001     (.common:iDone)

.sysmem    0    200368e8    00004000     UNINITIALIZED
                  200368e8    00000008     rtsv7M4_T_le_eabi.lib : memory.obj (.sysmem)
                  200368f0    00003ff8     --HOLE--


LINKER GENERATED COPY TABLES

__TI_cinit_table @ 20015948 records: 2, size/record: 8, table size: 16
	.data: load addr=20014da8, load size=00000b8a bytes, run addr=20000000, run size=00001550 bytes, compression=rle
	.bss: load addr=20015940, load size=00000008 bytes, run addr=20018000, run size=0001e8e4 bytes, compression=zero_init


LINKER GENERATED HANDLER TABLE

__TI_handler_table @ 20015934 records: 3, size/record: 4, table size: 12
	index: 0, handler: __TI_decompress_rle24
	index: 1, handler: __TI_decompress_none
	index: 2, handler: __TI_zero_init


GLOBAL SYMBOLS: SORTED ALPHABETICALLY BY Name 

address    name
--------   ----
2001314d   C$$EXIT
2001291b   C$$IO$$
2001434b   CPUcpsie
200074d9   CamControllerInit
20013e15   CameraCaptureStart
2001354d   CameraCaptureStop
20014259   CameraDMAEnable
20013cd1   CameraIntClear
20013a61   CameraIntEnable
2001426f   CameraIntRegister
20013bbd   CameraIntStatus
2001370f   CameraParamsConfig
20014151   CameraReset
20013c85   CameraThresholdSet
20013587   CameraXClkConfig
20007139   CaptureAndStore_Image
2000df59   ClearTerm
2000c685   CollectTxit_ImgTempRH
200067e1   ConfigureMode
20006541   ConfigureSimpleLinkToDefaultState
2000681d   ConnectToNetwork
20006989   ConnectToNetwork_2
20006a4b   ConnectToNetwork_STA
20006a2f   ConnectToNetwork_STA_2
2000d599   ConstructDeviceStateObject
20014081   CopyPingResultsToReport
20001324   DMAMsgQ
2000e725   DMASetupTransfer
2000153c   DigiCertHighAssuranceEVRootCA_der_len
2000e5ef   DmaErrorIntHandler
20013a8d   DmaSpiSwIntHandler
2000e5dd   DmaSwIntHandler
2000df5f   Error
20009701   FXOS8700CQ_Init
200097ed   FXOS8700CQ_Mag_Calibration
200136d9   GPIODirModeSet
20014169   GPIOPinRead
2000df93   GetCmd
200105d9   GetTimeDuration
2000d231   HOSTclock
2000d1f9   HOSTclose
2000d1bb   HOSTgetenv
2000d15f   HOSTlseek
2000d10d   HOSTopen
2000d0c1   HOSTread
2000d063   HOSTrename
2000d029   HOSTtime
2000cff1   HOSTunlink
2000cfa5   HOSTwrite
200143d9   I2CMasterControl
20014499   I2CMasterDataGet
20014285   I2CMasterDataPut
2001429b   I2CMasterEnable
20013ab9   I2CMasterErr
20011b65   I2CMasterInitExpClk
200143eb   I2CMasterIntClearEx
20013f41   I2CMasterIntStatusEx
20013e37   I2CMasterSlaveAddrSet
200143fd   I2CMasterTimeoutSet
2000e8e7   I2C_IF_Close
2000e8bd   I2C_IF_Open
2000e835   I2C_IF_Read
2000e89d   I2C_IF_ReadFrom
2000e7d3   I2C_IF_Write
2000df21   InitTerm
2000d519   InitialiseParse
20006519   InitializeAppVariables
20010583   InitializeTimer
20010fc5   IntDisable
2001106d   IntEnable
20014501   IntMasterEnable
20012a09   IntPendClear
20012b69   IntPrioritySet
20013ee1   IntRegister
20013cf5   IntUnregister
20014361   IntVTableBaseSet
20000000   JPEG_StdHuffmanTbl
2000137c   JPEG_StdQuantTblC
200013bc   JPEG_StdQuantTblY
2000c6e3   Main_Task
2000df3f   Message
20014459   NwpMaskInterrupt
20013421   NwpPowerOff
200138e5   NwpPowerOn
20011c6d   NwpPowerOnPreamble
20013e59   NwpRegisterInterruptHandler
200144d1   NwpUnMaskInterrupt
2000efa1   PRCMCC3200MCUInit
200142b1   PRCMHIBRegRead
200142c7   PRCMHIBRegWrite
20013be5   PRCMPeripheralClkDisable
2001345d   PRCMPeripheralClkEnable
2001155d   PRCMPeripheralClockGet
20012a61   PRCMPeripheralReset
20013745   PRCMPeripheralStatusGet
20013ae5   PRCMSysResetCauseGet
200118c1   PinConfigSet
200132a1   PinModeSet
20010db7   PinMuxConfig
2001409b   PinTypeCamera
20013915   PinTypeGPIO
20013fd7   PinTypeI2C
200140b5   PinTypeUART
2000e03d   Report
200144c3   ResetISR
UNDEFED    SHT$$INIT_ARRAY$$Base
UNDEFED    SHT$$INIT_ARRAY$$Limit
20014469   SL_FD_SET
20014513   SL_FD_ZERO
20014181   SPICSDisable
20014199   SPICSEnable
200111bd   SPIConfigSetExpClk
200141b1   SPIDisable
200140cf   SPIDmaDisable
200140e9   SPIDmaEnable
200141c9   SPIEnable
20014103   SPIFIFODisable
2001411d   SPIFIFOEnable
20013779   SPIFIFOLevelSet
20012f19   SPIIntClear
20012d09   SPIIntEnable
20013e7b   SPIReset
20013e9d   SPIWordCountSet
200014dc   SecurityParams
2000e66d   SetupTransfer
20006dd9   SimpleLinkHttpServerCallback
20006cdd   SimpleLinkNetAppEventHandler
20006d81   SimpleLinkSockEventHandler
20006bf9   SimpleLinkWlanEventHandler
200105af   StartTimer
200105cb   StopTimer
20010571   TimerBaseIntHandler
200130c5   TimerConfigure
20013f5f   TimerDisable
20013f7d   TimerEnable
2001440f   TimerIntClear
200141e1   TimerIntDisable
200141f9   TimerIntEnable
2001221d   TimerIntRegister
20013f9b   TimerIntStatus
200123d9   TimerIntUnregister
20013b69   TimerLoadSet
20013b93   TimerPrescaleSet
20013ff3   TimerValueGet
20011199   Timer_IF_DeInit
200111b1   Timer_IF_GetCount
20011115   Timer_IF_Init
2001113f   Timer_IF_IntSetup
20011171   Timer_IF_InterruptClear
20013b69   Timer_IF_ReLoad
20011185   Timer_IF_Start
20013f5f   Timer_IF_Stop
2000dff3   TrimSpace
200142dd   UARTCharGet
20013fb9   UARTCharPut
20012049   UARTConfigSetExpClk
20013945   UARTDisable
20013d19   UARTEnable
2000e645   UDMAChannelSelect
2000e711   UDMADeInit
2000e5fb   UDMAInit
2000e6a3   UDMASetupAutoMemTransfer
2000e6c7   UDMASetupPingPongTransfer
20014049   UDMAStopTransfer
2000d52f   UploadImageToParse
2000d54d   UploadSensorDataToParse
20014519   UtilsDelay
2000b675   VDeleteSimpleLinkSpawnTask
2000b625   VStartSimpleLinkSpawnTask
200144b5   _Dclass
200011c0   _Denorm
20010715   _Dint
200107d9   _Dnorm
2000f8cd   _Dscale
200131d5   _Dtest
200126a5   _Dunscale
200011d0   _Eps
20001540   _Errno
2000d795   _Exp
200012b0   _FDenorm
200012c0   _FEps
200012d0   _FInf
200012e0   _FNan
20001300   _FRteps
200012f0   _FSnan
20001310   _FXbig
20001314   _FZero
20001528   _Fenv
200139a5   _Feraise
200011e0   _Hugeval
200011f0   _Inf
2000e8fd   _LAtan
20001240   _LDenorm
2001452f   _LDtest
20001250   _LEps
20001260   _LInf
20001270   _LNan
20001290   _LRteps
20001280   _LSnan
200012a0   _LXbig
200012a8   _LZero
2000ccc1   _Log
20001200   _Nan
20001220   _Rteps
20014c28   _SlAcceptCmdCtrl
20014b18   _SlActionLookupTable
2000c331   _SlAsyncEventGenericHandler
20014d84   _SlDeviceGetCmdCtrl
20014d88   _SlDeviceSetCmdCtrl
200137ad   _SlDrvBasicCmd
200115f1   _SlDrvClassifyRxMsg
20011be9   _SlDrvCmdOp
20013f01   _SlDrvCmdSend
2000ea85   _SlDrvDataReadOp
2000f339   _SlDrvDataWriteOp
20014137   _SlDrvDeviceEventHandler
20012ab9   _SlDrvDriverCBDeinit
20011ced   _SlDrvDriverCBInit
20013b11   _SlDrvFlowContDeinit
20013b3d   _SlDrvFlowContInit
2000bf89   _SlDrvMsgRead
20010b9d   _SlDrvMsgReadCmdCtx
20011719   _SlDrvMsgReadSpawnCtx
2000f6a9   _SlDrvMsgWrite
20010d05   _SlDrvNetAppEventHandler
20014011   _SlDrvObjDeInit
20013499   _SlDrvObjInit
2000fcfd   _SlDrvReleasePoolObj
2000ebe9   _SlDrvRxHdrRead
200132e1   _SlDrvRxIrqHandler
20014375   _SlDrvShiftDWord
2000f9dd   _SlDrvWaitForPoolObj
20014d80   _SlEventMaskGetCmdCtrl
20014d7c   _SlEventMaskSetCmdCtrl
20011395   _SlFindAndSetActiveObj
20014bd4   _SlFsCloseCmdCtrl
20014be4   _SlFsDeleteCmdCtrl
20014be0   _SlFsGetInfoCmdCtrl
20014bd0   _SlFsOpenCmdCtrl
20014bd8   _SlFsReadCmdCtrl
20014bdc   _SlFsWriteCmdCtrl
20014cdc   _SlGetHostByNameCtrl
20014cd8   _SlGetHostByServiceCtrl
20014cd0   _SlGetServiceListeCtrl
20014c34   _SlGetSockOptCmdCtrl
20014c24   _SlListenCmdCtrl
20014ce8   _SlNetAppGetCmdCtrl
20014ce4   _SlNetAppSendTokenValueCmdCtrl
20014ce0   _SlNetAppSetCmdCtrl
20014cc8   _SlNetAppStartCtrl
20014ccc   _SlNetAppStopCtrl
20014d9c   _SlNetCfgGetCmdCtrl
20014d98   _SlNetCfgSetCmdCtrl
20014744   _SlPolicyGetCmdCtrl
20014740   _SlPolicySetCmdCtrl
2001474c   _SlProfileDelCmdCtrl
20014748   _SlProfileGetCmdCtrl
20014c2c   _SlRecvCmdCtrl
20014c1c   _SlRecvfomCmdCtrl
20014cd4   _SlRegisterServiceCtrl
20013321   _SlRemoveFromList
20014754   _SlRxFilterAddtCmdCtrl
2001475c   _SlRxFilterGetCmdCtrl
20014758   _SlRxFilterSetCmdCtrl
20014c38   _SlSelectCmdCtrl
20014c20   _SlSendCmdCtrl
20014c30   _SlSetSockOptCmdCtrl
20014760   _SlSmartConfigStartCmdCtrl
20014c18   _SlSockCloseCmdCtrl
20014c14   _SlSockSocketCmdCtrl
20014d78   _SlStopCmdCtrl
2001476c   _SlWlanCfgGetCmdCtrl
20014768   _SlWlanCfgSetCmdCtrl
20014750   _SlWlanGetNetworkListCtrl
20014764   _SlWlanSetModeCmdCtrl
20001210   _Snan
2000152c   _Tls_setup__Fenv
20001230   _Xbig
20001238   _Zero
20036400   __CIOBUF_
20004000   __STACK_END
00001000   __STACK_SIZE
00004000   __SYSMEM_SIZE
20015948   __TI_CINIT_Base
20015958   __TI_CINIT_Limit
20015934   __TI_Handler_Table_Base
20015940   __TI_Handler_Table_Limit
00000001   __TI_args_main
20011685   __TI_auto_init
2000de29   __TI_cleanup
20001520   __TI_cleanup_ptr
2001142d   __TI_closefile
200144a7   __TI_decompress_none
2001451f   __TI_decompress_rle24
20010961   __TI_doflush
20001524   __TI_dtors_ptr
200014cc   __TI_ft_end
2000620f   __TI_printfi
20010f7b   __TI_rd_ok
2001291f   __TI_readmsg
20014da8   __TI_static_base__
200366e8   __TI_tmpnams
200128f1   __TI_writemsg
20010f19   __TI_wrt_ok
20014421   __TI_zero_init
2001452b   __abort_execution
20011a59   __aeabi_cdcmpeq
20011a59   __aeabi_cdcmple
20011adf   __aeabi_cdrcmple
200127d1   __aeabi_cfcmpeq
200127d1   __aeabi_cfcmple
20012831   __aeabi_cfrcmple
20012ecf   __aeabi_d2f
20012f61   __aeabi_d2iz
20013191   __aeabi_d2uiz
2000e0e3   __aeabi_dadd
2000ee69   __aeabi_ddiv
2000ff05   __aeabi_dmul
2000e0d9   __aeabi_dsub
200135f9   __aeabi_f2d
20013631   __aeabi_f2iz
20013849   __aeabi_f2uiz
20010005   __aeabi_fadd
20011edd   __aeabi_fmul
20010001   __aeabi_fsub
20013a05   __aeabi_i2d
20013669   __aeabi_i2f
20014229   __aeabi_lmul
20011fd1   __aeabi_memclr
20011fd1   __aeabi_memclr4
20011fd1   __aeabi_memclr8
200112f9   __aeabi_memcpy
200112f9   __aeabi_memcpy4
200112f9   __aeabi_memcpy8
20011fd3   __aeabi_memset
20011fd3   __aeabi_memset4
20011fd3   __aeabi_memset8
200014d8   __aeabi_stderr
200014d0   __aeabi_stdin
200014d4   __aeabi_stdout
20013f21   __aeabi_ui2d
20013d61   __aeabi_ui2f
2000d991   __aeabi_uldivmod
ffffffff   __binit__
ffffffff   __c_args__
20003000   __stack
2000d387   __vla_alloc
2000d279   __vla_dealloc
2000d307   __vla_dealloc_eh
20014211   _args_main
200137e1   _c_int00
20014538   _ctypes_
20000f50   _ftable
20001518   _lock
20014397   _nop
2001438f   _register_lock
20014389   _register_unlock
20013c0d   _sl_BuildAddress
20012579   _sl_GetCreateFsMode
20012e85   _sl_GetStartResponseConvert
200125dd   _sl_HandleAsync_Accept
20012441   _sl_HandleAsync_Connect
20011d69   _sl_HandleAsync_DnsGetHostByName
200124a9   _sl_HandleAsync_DnsGetHostByService
200120c1   _sl_HandleAsync_InitComplete
2001228d   _sl_HandleAsync_PingResponse
20012b11   _sl_HandleAsync_Select
20012bbd   _sl_HandleAsync_Stop
200142f3   _sl_Strlen
200122fd   _sl_TruncatePayloadByProtocol
200368e8   _sys_memory
2000151c   _unlock
20013151   abort
2000e33f   addHttpRequestHeader
2000e36d   addHttpRequestHeaderInt
2000e291   addHttpRequestLine
2000cc13   add_device
2000fe01   atan2l
20012d55   atoi
2000e2fb   beginHttpGetRequest
2000e2d9   beginHttpRequest
ffffffff   binit
200087df   buildRequestHeaders
2000bb9d   calloc
200096b1   clearAccelMotionIntrpt
200367d8   clientStateFileName
2000cbc1   close
200014c4   cnt
20009167   configureFXOS8700
20013109   copy_in
2000a23b   createInstallation
20009c05   createNewInstallationId
200368c4   dataBuffer
200014c8   dataBufferSize
20010c51   debugPrint
20010c73   debugPrintf
20004691   eTaskGetState
2000db85   ensureCertificateFile
20013159   exit
20011493   fclose
20013815   feraiseexcept
20009b91   fetchDeviceOSVersion
200109ad   fflush
2000a9a7   findSecondJson
2000de7f   fopen
20012375   fprintf
2001125d   fputc
2000f0d5   fputs
2000b8f7   free
2000de55   freopen
20012641   fseek
20000dd0   gFirstCmdMode
200368e0   g_CaptureImage
20014b10   g_H2NCnysPattern
20014b08   g_H2NSyncPattern
20001318   g_SpiFd
20000dd8   g_StatMem
20001328   g_cDummy
20014d48   g_deviceClientVersion
200014e8   g_flagPingFull
200014e9   g_flagPongFull
200368e2   g_frame_end
200368c8   g_frame_size_in_bytes
20000600   g_header
200368cc   g_header_length
20018000   g_image_buffer
2000149c   g_osVersion
20000dd4   g_pCB
2000131c   g_pHostIntHdl
20004000   g_pfnVectors
200368b0   g_ucConnectionBSSID
2003680c   g_ucConnectionSSID
20001320   g_ucDMAEnabled
2000132c   g_ucDinDout
20001500   g_uiSimplelinkRole
200014fc   g_ulGatewayIP
20001514   g_ulPingPacketsRecv
200014f8   g_ulStatus
2000951d   getAccelerationMagnitude
200093e3   getDoorDirection
2000e3bb   getHttpResponseBody
2000e38f   getHttpResponseStatus
2000a28b   getInstallation
2000f63b   getInternalClient
20009499   getMagnFlux_3axis
2000a9f7   getPushJson
20036520   gfpAppCallbackHndl
20036000   gpCtlTbl
2000fae9   i2cReadRegisters
2000fb95   i2cReadRegistersTwoBytes
2000fb2b   i2cWriteRegisters
200368e3   iDone
20006ad5   initNetwork
20012cb9   intToASCII
2000a9d3   isCompleteJson
20009b2d   isPingTime
2000bbd5   loadClientState
20014525   log
2000cb9d   lseek
200129af   ltoa
2000c755   main
2000154c   main_func_sp
2000b895   malloc
2000b779   mem_Free
2000b76d   mem_Malloc
2000b799   mem_copy
2000b785   mem_set
2000babd   memalign
2001402d   memccpy
20014309   memchr
20013ebf   memcmp
200112f9   memcpy
20013d3d   memmove
20011fd9   memset
2000b809   minit
2000caef   open
2000b7ef   osi_ContextRestore
2000b7ed   osi_ContextSave
2000b7ad   osi_EnterCritical
2000b7b7   osi_ExitCritical
2000b3d3   osi_InterruptDeRegister
2000b3ad   osi_InterruptRegister
2000b4dd   osi_LockObjCreate
2000b551   osi_LockObjDelete
2000b561   osi_LockObjLock
2000b58d   osi_LockObjUnlock
2000b6a1   osi_MsgQCreate
2000b6e5   osi_MsgQDelete
2000b731   osi_MsgQRead
2000b6ff   osi_MsgQWrite
2000b7c9   osi_Sleep
2000b5b7   osi_Spawn
2000b4bb   osi_SyncObjClear
2000b3e5   osi_SyncObjCreate
2000b415   osi_SyncObjDelete
2000b42f   osi_SyncObjSignal
2000b457   osi_SyncObjSignalFromISR
2000b48f   osi_SyncObjWait
2000b503   osi_TaskCreate
2000b543   osi_TaskDelete
2000b7d9   osi_TaskDisable
2000b7e3   osi_TaskEnable
2000b7c1   osi_start
20000dcc   pPingCallBackFunc
20008f87   parseGetErrorCode
2000a4ad   parseGetInstallationId
2000f591   parseInitialize
20008f51   parseSendRequest
20008ee1   parseSendRequestInternal
2000a3ff   parseSetInstallationId
20014d8c   pcDigits
20004bb5   pcTaskGetTaskName
20010b95   portCLZ
2000af1d   pow
20010b7d   prvPortStartFirstTask
200112e1   putc
200112e5   putchar
2000f1e1   puts
200135c1   pvPortMalloc
2000143c   pxCurrentTCB
2000f7bd   pxPortInitialiseStack
20013a33   raise
20012db7   rand
2000cacb   read
2000b9b7   realloc
2000ca41   remove
2000caa3   remove_device
2000ca65   rename
2000d561   retreiveImageIDfromHTTPResponse
2000bce7   saveClientState
20008d61   sendRequest
200087bd   setDataBufferPointer
200093a1   setMotionDetectionThreshold
200103bd   setvbuf
20013361   signal
2000a5dd   simpleJsonProcessor
20013d85   sl_Close
200101ed   sl_Connect
20011de5   sl_DevGet
20012fa9   sl_DevSet
20011e61   sl_FsClose
20012ff1   sl_FsDel
20012511   sl_FsGetInfo
20012c11   sl_FsOpen
200117a9   sl_FsRead
20011835   sl_FsWrite
200136a1   sl_Htonl
200138b1   sl_Htons
20010499   sl_NetAppDnsGetHostByName
200119d1   sl_NetAppMDNSRegisterUnregisterService
20014433   sl_NetAppMDNSUnRegisterService
20012c65   sl_NetAppSendTokenValue
20013da9   sl_NetAppStart
20013dcd   sl_NetAppStop
20013219   sl_NetCfgSet
2001325d   sl_Recv
2000fbf5   sl_Select
20010e69   sl_Send
20012ded   sl_SetSockOpt
200139d5   sl_Socket
20010a21   sl_Start
2001089d   sl_Stop
2000e441   sl_WlanConnect
2001450b   sl_WlanDisconnect
20012135   sl_WlanGet
200133a1   sl_WlanPolicySet
20013df1   sl_WlanProfileDel
200133e1   sl_WlanRxFilterSet
20013039   sl_WlanSet
20013c5d   sl_WlanSetMode
200114c5   snprintf
2000ae19   socketClose
2000ac7d   socketRead
2000aae1   socketSslConnect
2000aa81   socketWait
2000ad79   socketWrite
200121a9   spi_Close
2000f209   spi_Open
20010649   spi_Read
200102d5   spi_Write
20012891   sprintf
2000ed29   sqrt
20012da1   srand
200014c2   sshPort
2001431f   strchr
20014241   strcmp
20014479   strcpy
2001439d   strlen
200134d5   strncasecmp
20013c35   strncat
20013cab   strncmp
20013975   strncpy
2001387d   strstr
20014489   tolower
20012e39   uDMAChannelAssign
20012709   uDMAChannelAttributeDisable
2001276d   uDMAChannelAttributeEnable
20013511   uDMAChannelControlSet
20014049   uDMAChannelDisable
20014065   uDMAChannelEnable
200100fd   uDMAChannelTransferSet
200143b1   uDMAControlBaseSet
200144dd   uDMADisable
200144e9   uDMAEnable
200143c5   uDMAIntClear
20014335   uDMAIntRegister
200144f5   uDMAIntStatus
20014445   uDMAIntUnregister
20008419   ucQueueGetQueueType
20010ae5   ulPortSetInterruptMask
2000ca41   unlink
20009671   updateConfigReg
20009b87   updateLastPingTime
2000f547   uxListRemove
200083f9   uxQueueGetQueueNumber
2000838d   uxQueueMessagesWaiting
200083c3   uxQueueMessagesWaitingFromISR
200083a3   uxQueueSpacesAvailable
20004ba9   uxTaskGetNumberOfTasks
20004bd9   uxTaskGetSystemState
200050c9   uxTaskGetTaskNumber
20004725   uxTaskPriorityGet
20005621   uxTaskResetEventItemValue
2000c67f   vApplicationIdleHook
2000c681   vApplicationMallocFailedHook
2000c683   vApplicationStackOverflowHook
2000c67d   vAssertCalled
2000f465   vListInitialise
2000f495   vListInitialiseItem
2000f4e1   vListInsert
2000f4a5   vListInsertEnd
20010afb   vPortClearInterruptMask
2000f839   vPortEndScheduler
2000f84d   vPortEnterCritical
2000f865   vPortExitCritical
200135e1   vPortFree
20010b55   vPortSVCHandler
2000f899   vPortSetupTimerInterrupt
2000f83b   vPortYield
20008633   vQueueAddToRegistry
200083d5   vQueueDelete
20008407   vQueueSetQueueNumber
20008675   vQueueUnregisterQueue
2000463b   vTaskDelay
2000459f   vTaskDelayUntil
2000450f   vTaskDelete
20004a8d   vTaskEndScheduler
200050bb   vTaskMissedYield
20004e51   vTaskPlaceOnEventList
20004eb5   vTaskPlaceOnUnorderedEventList
20005597   vTaskPriorityDisinherit
200054dd   vTaskPriorityInherit
2000475d   vTaskPrioritySet
20004955   vTaskResume
200050e9   vTaskSetTaskNumber
2000501b   vTaskSetTimeOutState
20004a43   vTaskStartScheduler
20004861   vTaskSuspend
20004a9f   vTaskSuspendAll
20004dd1   vTaskSwitchContext
200368dc   v_TimerOverflows
20009139   verifyAccelMagnSensor
20011949   vsnprintf
2000c9b1   write
20009997   writeMagntCalibrationValue
200014ec   xHigherPriorityTaskWoken
20010b09   xPortPendSVHandler
2000f80d   xPortStartScheduler
2000f87d   xPortSysTickHandler
200086c3   xQueueAddToSet
20007ff5   xQueueAltGenericReceive
20007f49   xQueueAltGenericSend
20007e1d   xQueueCreateCountingSemaphore
20007d9f   xQueueCreateMutex
200086af   xQueueCreateSet
20007d29   xQueueGenericCreate
2000818f   xQueueGenericReceive
20007c99   xQueueGenericReset
20007e3d   xQueueGenericSend
200080f3   xQueueGenericSendFromISR
200085cf   xQueueIsQueueEmptyFromISR
20008611   xQueueIsQueueFullFromISR
20008349   xQueuePeekFromISR
200082d1   xQueueReceiveFromISR
20036788   xQueueRegistry
200086f7   xQueueRemoveFromSet
20008739   xQueueSelectFromSet
20008753   xQueueSelectFromSetFromISR
200014f0   xSimpleLinkSpawnQueue
200014f4   xSimpleLinkSpawnTaskHndl
20005041   xTaskCheckForTimeOut
20004401   xTaskGenericCreate
20005491   xTaskGetCurrentTaskHandle
20004c97   xTaskGetIdleTaskHandle
200054a5   xTaskGetSchedulerState
20004b7d   xTaskGetTickCount
20004b91   xTaskGetTickCountFromISR
20004cb5   xTaskIncrementTick
20004f25   xTaskRemoveFromEventList
20004fad   xTaskRemoveFromUnorderedEventList
20004ab1   xTaskResumeAll
200049c9   xTaskResumeFromISR


GLOBAL SYMBOLS: SORTED BY Symbol Address 

address    name
--------   ----
00000001   __TI_args_main
00001000   __STACK_SIZE
00004000   __SYSMEM_SIZE
20000000   JPEG_StdHuffmanTbl
20000600   g_header
20000dcc   pPingCallBackFunc
20000dd0   gFirstCmdMode
20000dd4   g_pCB
20000dd8   g_StatMem
20000f50   _ftable
200011c0   _Denorm
200011d0   _Eps
200011e0   _Hugeval
200011f0   _Inf
20001200   _Nan
20001210   _Snan
20001220   _Rteps
20001230   _Xbig
20001238   _Zero
20001240   _LDenorm
20001250   _LEps
20001260   _LInf
20001270   _LNan
20001280   _LSnan
20001290   _LRteps
200012a0   _LXbig
200012a8   _LZero
200012b0   _FDenorm
200012c0   _FEps
200012d0   _FInf
200012e0   _FNan
200012f0   _FSnan
20001300   _FRteps
20001310   _FXbig
20001314   _FZero
20001318   g_SpiFd
2000131c   g_pHostIntHdl
20001320   g_ucDMAEnabled
20001324   DMAMsgQ
20001328   g_cDummy
2000132c   g_ucDinDout
2000137c   JPEG_StdQuantTblC
200013bc   JPEG_StdQuantTblY
2000143c   pxCurrentTCB
2000149c   g_osVersion
200014c2   sshPort
200014c4   cnt
200014c8   dataBufferSize
200014cc   __TI_ft_end
200014d0   __aeabi_stdin
200014d4   __aeabi_stdout
200014d8   __aeabi_stderr
200014dc   SecurityParams
200014e8   g_flagPingFull
200014e9   g_flagPongFull
200014ec   xHigherPriorityTaskWoken
200014f0   xSimpleLinkSpawnQueue
200014f4   xSimpleLinkSpawnTaskHndl
200014f8   g_ulStatus
200014fc   g_ulGatewayIP
20001500   g_uiSimplelinkRole
20001514   g_ulPingPacketsRecv
20001518   _lock
2000151c   _unlock
20001520   __TI_cleanup_ptr
20001524   __TI_dtors_ptr
20001528   _Fenv
2000152c   _Tls_setup__Fenv
2000153c   DigiCertHighAssuranceEVRootCA_der_len
20001540   _Errno
2000154c   main_func_sp
20003000   __stack
20004000   __STACK_END
20004000   g_pfnVectors
20004401   xTaskGenericCreate
2000450f   vTaskDelete
2000459f   vTaskDelayUntil
2000463b   vTaskDelay
20004691   eTaskGetState
20004725   uxTaskPriorityGet
2000475d   vTaskPrioritySet
20004861   vTaskSuspend
20004955   vTaskResume
200049c9   xTaskResumeFromISR
20004a43   vTaskStartScheduler
20004a8d   vTaskEndScheduler
20004a9f   vTaskSuspendAll
20004ab1   xTaskResumeAll
20004b7d   xTaskGetTickCount
20004b91   xTaskGetTickCountFromISR
20004ba9   uxTaskGetNumberOfTasks
20004bb5   pcTaskGetTaskName
20004bd9   uxTaskGetSystemState
20004c97   xTaskGetIdleTaskHandle
20004cb5   xTaskIncrementTick
20004dd1   vTaskSwitchContext
20004e51   vTaskPlaceOnEventList
20004eb5   vTaskPlaceOnUnorderedEventList
20004f25   xTaskRemoveFromEventList
20004fad   xTaskRemoveFromUnorderedEventList
2000501b   vTaskSetTimeOutState
20005041   xTaskCheckForTimeOut
200050bb   vTaskMissedYield
200050c9   uxTaskGetTaskNumber
200050e9   vTaskSetTaskNumber
20005491   xTaskGetCurrentTaskHandle
200054a5   xTaskGetSchedulerState
200054dd   vTaskPriorityInherit
20005597   vTaskPriorityDisinherit
20005621   uxTaskResetEventItemValue
2000620f   __TI_printfi
20006519   InitializeAppVariables
20006541   ConfigureSimpleLinkToDefaultState
200067e1   ConfigureMode
2000681d   ConnectToNetwork
20006989   ConnectToNetwork_2
20006a2f   ConnectToNetwork_STA_2
20006a4b   ConnectToNetwork_STA
20006ad5   initNetwork
20006bf9   SimpleLinkWlanEventHandler
20006cdd   SimpleLinkNetAppEventHandler
20006d81   SimpleLinkSockEventHandler
20006dd9   SimpleLinkHttpServerCallback
20007139   CaptureAndStore_Image
200074d9   CamControllerInit
20007c99   xQueueGenericReset
20007d29   xQueueGenericCreate
20007d9f   xQueueCreateMutex
20007e1d   xQueueCreateCountingSemaphore
20007e3d   xQueueGenericSend
20007f49   xQueueAltGenericSend
20007ff5   xQueueAltGenericReceive
200080f3   xQueueGenericSendFromISR
2000818f   xQueueGenericReceive
200082d1   xQueueReceiveFromISR
20008349   xQueuePeekFromISR
2000838d   uxQueueMessagesWaiting
200083a3   uxQueueSpacesAvailable
200083c3   uxQueueMessagesWaitingFromISR
200083d5   vQueueDelete
200083f9   uxQueueGetQueueNumber
20008407   vQueueSetQueueNumber
20008419   ucQueueGetQueueType
200085cf   xQueueIsQueueEmptyFromISR
20008611   xQueueIsQueueFullFromISR
20008633   vQueueAddToRegistry
20008675   vQueueUnregisterQueue
200086af   xQueueCreateSet
200086c3   xQueueAddToSet
200086f7   xQueueRemoveFromSet
20008739   xQueueSelectFromSet
20008753   xQueueSelectFromSetFromISR
200087bd   setDataBufferPointer
200087df   buildRequestHeaders
20008d61   sendRequest
20008ee1   parseSendRequestInternal
20008f51   parseSendRequest
20008f87   parseGetErrorCode
20009139   verifyAccelMagnSensor
20009167   configureFXOS8700
200093a1   setMotionDetectionThreshold
200093e3   getDoorDirection
20009499   getMagnFlux_3axis
2000951d   getAccelerationMagnitude
20009671   updateConfigReg
200096b1   clearAccelMotionIntrpt
20009701   FXOS8700CQ_Init
200097ed   FXOS8700CQ_Mag_Calibration
20009997   writeMagntCalibrationValue
20009b2d   isPingTime
20009b87   updateLastPingTime
20009b91   fetchDeviceOSVersion
20009c05   createNewInstallationId
2000a23b   createInstallation
2000a28b   getInstallation
2000a3ff   parseSetInstallationId
2000a4ad   parseGetInstallationId
2000a5dd   simpleJsonProcessor
2000a9a7   findSecondJson
2000a9d3   isCompleteJson
2000a9f7   getPushJson
2000aa81   socketWait
2000aae1   socketSslConnect
2000ac7d   socketRead
2000ad79   socketWrite
2000ae19   socketClose
2000af1d   pow
2000b3ad   osi_InterruptRegister
2000b3d3   osi_InterruptDeRegister
2000b3e5   osi_SyncObjCreate
2000b415   osi_SyncObjDelete
2000b42f   osi_SyncObjSignal
2000b457   osi_SyncObjSignalFromISR
2000b48f   osi_SyncObjWait
2000b4bb   osi_SyncObjClear
2000b4dd   osi_LockObjCreate
2000b503   osi_TaskCreate
2000b543   osi_TaskDelete
2000b551   osi_LockObjDelete
2000b561   osi_LockObjLock
2000b58d   osi_LockObjUnlock
2000b5b7   osi_Spawn
2000b625   VStartSimpleLinkSpawnTask
2000b675   VDeleteSimpleLinkSpawnTask
2000b6a1   osi_MsgQCreate
2000b6e5   osi_MsgQDelete
2000b6ff   osi_MsgQWrite
2000b731   osi_MsgQRead
2000b76d   mem_Malloc
2000b779   mem_Free
2000b785   mem_set
2000b799   mem_copy
2000b7ad   osi_EnterCritical
2000b7b7   osi_ExitCritical
2000b7c1   osi_start
2000b7c9   osi_Sleep
2000b7d9   osi_TaskDisable
2000b7e3   osi_TaskEnable
2000b7ed   osi_ContextSave
2000b7ef   osi_ContextRestore
2000b809   minit
2000b895   malloc
2000b8f7   free
2000b9b7   realloc
2000babd   memalign
2000bb9d   calloc
2000bbd5   loadClientState
2000bce7   saveClientState
2000bf89   _SlDrvMsgRead
2000c331   _SlAsyncEventGenericHandler
2000c67d   vAssertCalled
2000c67f   vApplicationIdleHook
2000c681   vApplicationMallocFailedHook
2000c683   vApplicationStackOverflowHook
2000c685   CollectTxit_ImgTempRH
2000c6e3   Main_Task
2000c755   main
2000c9b1   write
2000ca41   remove
2000ca41   unlink
2000ca65   rename
2000caa3   remove_device
2000cacb   read
2000caef   open
2000cb9d   lseek
2000cbc1   close
2000cc13   add_device
2000ccc1   _Log
2000cfa5   HOSTwrite
2000cff1   HOSTunlink
2000d029   HOSTtime
2000d063   HOSTrename
2000d0c1   HOSTread
2000d10d   HOSTopen
2000d15f   HOSTlseek
2000d1bb   HOSTgetenv
2000d1f9   HOSTclose
2000d231   HOSTclock
2000d279   __vla_dealloc
2000d307   __vla_dealloc_eh
2000d387   __vla_alloc
2000d519   InitialiseParse
2000d52f   UploadImageToParse
2000d54d   UploadSensorDataToParse
2000d561   retreiveImageIDfromHTTPResponse
2000d599   ConstructDeviceStateObject
2000d795   _Exp
2000d991   __aeabi_uldivmod
2000db85   ensureCertificateFile
2000de29   __TI_cleanup
2000de55   freopen
2000de7f   fopen
2000df21   InitTerm
2000df3f   Message
2000df59   ClearTerm
2000df5f   Error
2000df93   GetCmd
2000dff3   TrimSpace
2000e03d   Report
2000e0d9   __aeabi_dsub
2000e0e3   __aeabi_dadd
2000e291   addHttpRequestLine
2000e2d9   beginHttpRequest
2000e2fb   beginHttpGetRequest
2000e33f   addHttpRequestHeader
2000e36d   addHttpRequestHeaderInt
2000e38f   getHttpResponseStatus
2000e3bb   getHttpResponseBody
2000e441   sl_WlanConnect
2000e5dd   DmaSwIntHandler
2000e5ef   DmaErrorIntHandler
2000e5fb   UDMAInit
2000e645   UDMAChannelSelect
2000e66d   SetupTransfer
2000e6a3   UDMASetupAutoMemTransfer
2000e6c7   UDMASetupPingPongTransfer
2000e711   UDMADeInit
2000e725   DMASetupTransfer
2000e7d3   I2C_IF_Write
2000e835   I2C_IF_Read
2000e89d   I2C_IF_ReadFrom
2000e8bd   I2C_IF_Open
2000e8e7   I2C_IF_Close
2000e8fd   _LAtan
2000ea85   _SlDrvDataReadOp
2000ebe9   _SlDrvRxHdrRead
2000ed29   sqrt
2000ee69   __aeabi_ddiv
2000efa1   PRCMCC3200MCUInit
2000f0d5   fputs
2000f1e1   puts
2000f209   spi_Open
2000f339   _SlDrvDataWriteOp
2000f465   vListInitialise
2000f495   vListInitialiseItem
2000f4a5   vListInsertEnd
2000f4e1   vListInsert
2000f547   uxListRemove
2000f591   parseInitialize
2000f63b   getInternalClient
2000f6a9   _SlDrvMsgWrite
2000f7bd   pxPortInitialiseStack
2000f80d   xPortStartScheduler
2000f839   vPortEndScheduler
2000f83b   vPortYield
2000f84d   vPortEnterCritical
2000f865   vPortExitCritical
2000f87d   xPortSysTickHandler
2000f899   vPortSetupTimerInterrupt
2000f8cd   _Dscale
2000f9dd   _SlDrvWaitForPoolObj
2000fae9   i2cReadRegisters
2000fb2b   i2cWriteRegisters
2000fb95   i2cReadRegistersTwoBytes
2000fbf5   sl_Select
2000fcfd   _SlDrvReleasePoolObj
2000fe01   atan2l
2000ff05   __aeabi_dmul
20010001   __aeabi_fsub
20010005   __aeabi_fadd
200100fd   uDMAChannelTransferSet
200101ed   sl_Connect
200102d5   spi_Write
200103bd   setvbuf
20010499   sl_NetAppDnsGetHostByName
20010571   TimerBaseIntHandler
20010583   InitializeTimer
200105af   StartTimer
200105cb   StopTimer
200105d9   GetTimeDuration
20010649   spi_Read
20010715   _Dint
200107d9   _Dnorm
2001089d   sl_Stop
20010961   __TI_doflush
200109ad   fflush
20010a21   sl_Start
20010ae5   ulPortSetInterruptMask
20010afb   vPortClearInterruptMask
20010b09   xPortPendSVHandler
20010b55   vPortSVCHandler
20010b7d   prvPortStartFirstTask
20010b95   portCLZ
20010b9d   _SlDrvMsgReadCmdCtx
20010c51   debugPrint
20010c73   debugPrintf
20010d05   _SlDrvNetAppEventHandler
20010db7   PinMuxConfig
20010e69   sl_Send
20010f19   __TI_wrt_ok
20010f7b   __TI_rd_ok
20010fc5   IntDisable
2001106d   IntEnable
20011115   Timer_IF_Init
2001113f   Timer_IF_IntSetup
20011171   Timer_IF_InterruptClear
20011185   Timer_IF_Start
20011199   Timer_IF_DeInit
200111b1   Timer_IF_GetCount
200111bd   SPIConfigSetExpClk
2001125d   fputc
200112e1   putc
200112e5   putchar
200112f9   __aeabi_memcpy
200112f9   __aeabi_memcpy4
200112f9   __aeabi_memcpy8
200112f9   memcpy
20011395   _SlFindAndSetActiveObj
2001142d   __TI_closefile
20011493   fclose
200114c5   snprintf
2001155d   PRCMPeripheralClockGet
200115f1   _SlDrvClassifyRxMsg
20011685   __TI_auto_init
20011719   _SlDrvMsgReadSpawnCtx
200117a9   sl_FsRead
20011835   sl_FsWrite
200118c1   PinConfigSet
20011949   vsnprintf
200119d1   sl_NetAppMDNSRegisterUnregisterService
20011a59   __aeabi_cdcmpeq
20011a59   __aeabi_cdcmple
20011adf   __aeabi_cdrcmple
20011b65   I2CMasterInitExpClk
20011be9   _SlDrvCmdOp
20011c6d   NwpPowerOnPreamble
20011ced   _SlDrvDriverCBInit
20011d69   _sl_HandleAsync_DnsGetHostByName
20011de5   sl_DevGet
20011e61   sl_FsClose
20011edd   __aeabi_fmul
20011fd1   __aeabi_memclr
20011fd1   __aeabi_memclr4
20011fd1   __aeabi_memclr8
20011fd3   __aeabi_memset
20011fd3   __aeabi_memset4
20011fd3   __aeabi_memset8
20011fd9   memset
20012049   UARTConfigSetExpClk
200120c1   _sl_HandleAsync_InitComplete
20012135   sl_WlanGet
200121a9   spi_Close
2001221d   TimerIntRegister
2001228d   _sl_HandleAsync_PingResponse
200122fd   _sl_TruncatePayloadByProtocol
20012375   fprintf
200123d9   TimerIntUnregister
20012441   _sl_HandleAsync_Connect
200124a9   _sl_HandleAsync_DnsGetHostByService
20012511   sl_FsGetInfo
20012579   _sl_GetCreateFsMode
200125dd   _sl_HandleAsync_Accept
20012641   fseek
200126a5   _Dunscale
20012709   uDMAChannelAttributeDisable
2001276d   uDMAChannelAttributeEnable
200127d1   __aeabi_cfcmpeq
200127d1   __aeabi_cfcmple
20012831   __aeabi_cfrcmple
20012891   sprintf
200128f1   __TI_writemsg
2001291b   C$$IO$$
2001291f   __TI_readmsg
200129af   ltoa
20012a09   IntPendClear
20012a61   PRCMPeripheralReset
20012ab9   _SlDrvDriverCBDeinit
20012b11   _sl_HandleAsync_Select
20012b69   IntPrioritySet
20012bbd   _sl_HandleAsync_Stop
20012c11   sl_FsOpen
20012c65   sl_NetAppSendTokenValue
20012cb9   intToASCII
20012d09   SPIIntEnable
20012d55   atoi
20012da1   srand
20012db7   rand
20012ded   sl_SetSockOpt
20012e39   uDMAChannelAssign
20012e85   _sl_GetStartResponseConvert
20012ecf   __aeabi_d2f
20012f19   SPIIntClear
20012f61   __aeabi_d2iz
20012fa9   sl_DevSet
20012ff1   sl_FsDel
20013039   sl_WlanSet
200130c5   TimerConfigure
20013109   copy_in
2001314d   C$$EXIT
20013151   abort
20013159   exit
20013191   __aeabi_d2uiz
200131d5   _Dtest
20013219   sl_NetCfgSet
2001325d   sl_Recv
200132a1   PinModeSet
200132e1   _SlDrvRxIrqHandler
20013321   _SlRemoveFromList
20013361   signal
200133a1   sl_WlanPolicySet
200133e1   sl_WlanRxFilterSet
20013421   NwpPowerOff
2001345d   PRCMPeripheralClkEnable
20013499   _SlDrvObjInit
200134d5   strncasecmp
20013511   uDMAChannelControlSet
2001354d   CameraCaptureStop
20013587   CameraXClkConfig
200135c1   pvPortMalloc
200135e1   vPortFree
200135f9   __aeabi_f2d
20013631   __aeabi_f2iz
20013669   __aeabi_i2f
200136a1   sl_Htonl
200136d9   GPIODirModeSet
2001370f   CameraParamsConfig
20013745   PRCMPeripheralStatusGet
20013779   SPIFIFOLevelSet
200137ad   _SlDrvBasicCmd
200137e1   _c_int00
20013815   feraiseexcept
20013849   __aeabi_f2uiz
2001387d   strstr
200138b1   sl_Htons
200138e5   NwpPowerOn
20013915   PinTypeGPIO
20013945   UARTDisable
20013975   strncpy
200139a5   _Feraise
200139d5   sl_Socket
20013a05   __aeabi_i2d
20013a33   raise
20013a61   CameraIntEnable
20013a8d   DmaSpiSwIntHandler
20013ab9   I2CMasterErr
20013ae5   PRCMSysResetCauseGet
20013b11   _SlDrvFlowContDeinit
20013b3d   _SlDrvFlowContInit
20013b69   TimerLoadSet
20013b69   Timer_IF_ReLoad
20013b93   TimerPrescaleSet
20013bbd   CameraIntStatus
20013be5   PRCMPeripheralClkDisable
20013c0d   _sl_BuildAddress
20013c35   strncat
20013c5d   sl_WlanSetMode
20013c85   CameraThresholdSet
20013cab   strncmp
20013cd1   CameraIntClear
20013cf5   IntUnregister
20013d19   UARTEnable
20013d3d   memmove
20013d61   __aeabi_ui2f
20013d85   sl_Close
20013da9   sl_NetAppStart
20013dcd   sl_NetAppStop
20013df1   sl_WlanProfileDel
20013e15   CameraCaptureStart
20013e37   I2CMasterSlaveAddrSet
20013e59   NwpRegisterInterruptHandler
20013e7b   SPIReset
20013e9d   SPIWordCountSet
20013ebf   memcmp
20013ee1   IntRegister
20013f01   _SlDrvCmdSend
20013f21   __aeabi_ui2d
20013f41   I2CMasterIntStatusEx
20013f5f   TimerDisable
20013f5f   Timer_IF_Stop
20013f7d   TimerEnable
20013f9b   TimerIntStatus
20013fb9   UARTCharPut
20013fd7   PinTypeI2C
20013ff3   TimerValueGet
20014011   _SlDrvObjDeInit
2001402d   memccpy
20014049   UDMAStopTransfer
20014049   uDMAChannelDisable
20014065   uDMAChannelEnable
20014081   CopyPingResultsToReport
2001409b   PinTypeCamera
200140b5   PinTypeUART
200140cf   SPIDmaDisable
200140e9   SPIDmaEnable
20014103   SPIFIFODisable
2001411d   SPIFIFOEnable
20014137   _SlDrvDeviceEventHandler
20014151   CameraReset
20014169   GPIOPinRead
20014181   SPICSDisable
20014199   SPICSEnable
200141b1   SPIDisable
200141c9   SPIEnable
200141e1   TimerIntDisable
200141f9   TimerIntEnable
20014211   _args_main
20014229   __aeabi_lmul
20014241   strcmp
20014259   CameraDMAEnable
2001426f   CameraIntRegister
20014285   I2CMasterDataPut
2001429b   I2CMasterEnable
200142b1   PRCMHIBRegRead
200142c7   PRCMHIBRegWrite
200142dd   UARTCharGet
200142f3   _sl_Strlen
20014309   memchr
2001431f   strchr
20014335   uDMAIntRegister
2001434b   CPUcpsie
20014361   IntVTableBaseSet
20014375   _SlDrvShiftDWord
20014389   _register_unlock
2001438f   _register_lock
20014397   _nop
2001439d   strlen
200143b1   uDMAControlBaseSet
200143c5   uDMAIntClear
200143d9   I2CMasterControl
200143eb   I2CMasterIntClearEx
200143fd   I2CMasterTimeoutSet
2001440f   TimerIntClear
20014421   __TI_zero_init
20014433   sl_NetAppMDNSUnRegisterService
20014445   uDMAIntUnregister
20014459   NwpMaskInterrupt
20014469   SL_FD_SET
20014479   strcpy
20014489   tolower
20014499   I2CMasterDataGet
200144a7   __TI_decompress_none
200144b5   _Dclass
200144c3   ResetISR
200144d1   NwpUnMaskInterrupt
200144dd   uDMADisable
200144e9   uDMAEnable
200144f5   uDMAIntStatus
20014501   IntMasterEnable
2001450b   sl_WlanDisconnect
20014513   SL_FD_ZERO
20014519   UtilsDelay
2001451f   __TI_decompress_rle24
20014525   log
2001452b   __abort_execution
2001452f   _LDtest
20014538   _ctypes_
20014740   _SlPolicySetCmdCtrl
20014744   _SlPolicyGetCmdCtrl
20014748   _SlProfileGetCmdCtrl
2001474c   _SlProfileDelCmdCtrl
20014750   _SlWlanGetNetworkListCtrl
20014754   _SlRxFilterAddtCmdCtrl
20014758   _SlRxFilterSetCmdCtrl
2001475c   _SlRxFilterGetCmdCtrl
20014760   _SlSmartConfigStartCmdCtrl
20014764   _SlWlanSetModeCmdCtrl
20014768   _SlWlanCfgSetCmdCtrl
2001476c   _SlWlanCfgGetCmdCtrl
20014b08   g_H2NSyncPattern
20014b10   g_H2NCnysPattern
20014b18   _SlActionLookupTable
20014bd0   _SlFsOpenCmdCtrl
20014bd4   _SlFsCloseCmdCtrl
20014bd8   _SlFsReadCmdCtrl
20014bdc   _SlFsWriteCmdCtrl
20014be0   _SlFsGetInfoCmdCtrl
20014be4   _SlFsDeleteCmdCtrl
20014c14   _SlSockSocketCmdCtrl
20014c18   _SlSockCloseCmdCtrl
20014c1c   _SlRecvfomCmdCtrl
20014c20   _SlSendCmdCtrl
20014c24   _SlListenCmdCtrl
20014c28   _SlAcceptCmdCtrl
20014c2c   _SlRecvCmdCtrl
20014c30   _SlSetSockOptCmdCtrl
20014c34   _SlGetSockOptCmdCtrl
20014c38   _SlSelectCmdCtrl
20014cc8   _SlNetAppStartCtrl
20014ccc   _SlNetAppStopCtrl
20014cd0   _SlGetServiceListeCtrl
20014cd4   _SlRegisterServiceCtrl
20014cd8   _SlGetHostByServiceCtrl
20014cdc   _SlGetHostByNameCtrl
20014ce0   _SlNetAppSetCmdCtrl
20014ce4   _SlNetAppSendTokenValueCmdCtrl
20014ce8   _SlNetAppGetCmdCtrl
20014d48   g_deviceClientVersion
20014d78   _SlStopCmdCtrl
20014d7c   _SlEventMaskSetCmdCtrl
20014d80   _SlEventMaskGetCmdCtrl
20014d84   _SlDeviceGetCmdCtrl
20014d88   _SlDeviceSetCmdCtrl
20014d8c   pcDigits
20014d98   _SlNetCfgSetCmdCtrl
20014d9c   _SlNetCfgGetCmdCtrl
20014da8   __TI_static_base__
20015934   __TI_Handler_Table_Base
20015940   __TI_Handler_Table_Limit
20015948   __TI_CINIT_Base
20015958   __TI_CINIT_Limit
20018000   g_image_buffer
20036000   gpCtlTbl
20036400   __CIOBUF_
20036520   gfpAppCallbackHndl
200366e8   __TI_tmpnams
20036788   xQueueRegistry
200367d8   clientStateFileName
2003680c   g_ucConnectionSSID
200368b0   g_ucConnectionBSSID
200368c4   dataBuffer
200368c8   g_frame_size_in_bytes
200368cc   g_header_length
200368dc   v_TimerOverflows
200368e0   g_CaptureImage
200368e2   g_frame_end
200368e3   iDone
200368e8   _sys_memory
ffffffff   __binit__
ffffffff   __c_args__
ffffffff   binit
UNDEFED    SHT$$INIT_ARRAY$$Base
UNDEFED    SHT$$INIT_ARRAY$$Limit

[702 symbols]
