******************************************************************************
                  TI ARM Linker PC v5.1.6                      
******************************************************************************
>> Linked Mon Apr 27 18:17:57 2015

OUTPUT FILE NAME:   <ULP_SEC_CAM.out>
ENTRY POINT SYMBOL: "_c_int00"  address: 20011581


MEMORY CONFIGURATION

         name            origin    length      used     unused   attr    fill
----------------------  --------  ---------  --------  --------  ----  --------
  SRAM_BOOTLDR          20000000   00004000  00002158  00001ea8  RW X
  SRAM_CODE             20004000   00014000  0000f6e3  0000491d  RW X
  SRAM_DATA             20018000   00024000  00018721  0000b8df  RW X


SEGMENT ALLOCATION MAP

run origin  load origin   length   init length attrs members
----------  ----------- ---------- ----------- ----- -------
20000000    20000000    00001158   00000000    rw-
  20000000    20000000    00001158   00000000    rw- .data
20003000    20003000    00001000   00000000    rw-
  20003000    20003000    00001000   00000000    rw- .stack
20004000    20004000    0000f6e8   0000f6e8    r-x
  20004000    20004000    00000400   00000400    r-- .intvecs
  20004400    20004400    0000ddce   0000ddce    r-x .text
  200121d0    200121d0    00000a3d   00000a3d    r-- .const
  20012c10    20012c10    00000ad8   00000ad8    r-- .cinit
20018000    20018000    00018728   00000000    rw-
  20018000    20018000    00014721   00000000    rw- .bss
  2002c728    2002c728    00004000   00000000    rw- .sysmem


SECTION ALLOCATION MAP

 output                                  attributes/
section   page    origin      length       input sections
--------  ----  ----------  ----------   ----------------
.init_array 
*          0    20004000    00000000     UNINITIALIZED

.data      0    20000000    00001158     UNINITIALIZED
                  20000000    00000600     camera_app.obj (.data:JPEG_StdHuffmanTbl)
                  20000600    00000400     camera_app.obj (.data:g_header)
                  20000a00    000003c9     libparse.a : cc3200_certificate.obj (.data:DigiCertHighAssuranceEVRootCA_der)
                  20000dc9    00000003     --HOLE--
                  20000dcc    00000184     simplelink.a : driver.obj (.data)
                  20000f50    00000064                  : cc_pal.obj (.data)
                  20000fb4    00000040     camera_app.obj (.data:JPEG_StdQuantTblC)
                  20000ff4    00000040     camera_app.obj (.data:JPEG_StdQuantTblY)
                  20001034    00000040     camera_app.obj (.data:zigzag)
                  20001074    00000034     free_rtos.a : tasks.obj (.data)
                  200010a8    0000002c     libparse.a : cc3200_utils.obj (.data:lastDateTime)
                  200010d4    00000018                : cc3200_utils.obj (.data)
                  200010ec    00000018                : request.obj (.data)
                  20001104    0000000c     free_rtos.a : osi_freertos.obj (.data)
                  20001110    0000000c     network_relater_fns.obj (.data)
                  2000111c    0000000c     rtsv7M4_T_le_eabi.lib : memory.obj (.data)
                  20001128    00000008     camera_app.obj (.data)
                  20001130    00000008     rtsv7M4_T_le_eabi.lib : _lock.obj (.data)
                  20001138    00000008                           : exit.obj (.data)
                  20001140    00000006     libparse.a : http.obj (.data)
                  20001146    00000002     --HOLE--
                  20001148    00000004     free_rtos.a : port.obj (.data)
                  2000114c    00000004     libparse.a : cc3200_certificate.obj (.data)
                  20001150    00000004     rtsv7M4_T_le_eabi.lib : rand.obj (.data)
                  20001154    00000004                           : stkdepth_vars.obj (.data)

.stack     0    20003000    00001000     UNINITIALIZED
                  20003000    00001000     --HOLE--

.intvecs   0    20004000    00000400     
                  20004000    00000400     startup_ccs.obj (.intvecs)

.text      0    20004400    0000ddce     
                  20004400    00001258     free_rtos.a : tasks.obj (.text)
                  20005658    00000ec0     rtsv7M4_T_le_eabi.lib : _printfi.obj (.text)
                  20006518    00000c24     network_relater_fns.obj (.text)
                  2000713c    00000bec     camera_app.obj (.text)
                  20007d28    00000b24     free_rtos.a : queue.obj (.text)
                  2000884c    00000b10     libparse.a : request.obj (.text)
                  2000935c    000006f8     mt9d111.obj (.text)
                  20009a54    0000064e     libparse.a : cc3200_utils.obj (.text)
                  2000a0a2    00000002     driverlib.a : interrupt.obj (.text:IntDefaultHandler)
                  2000a0a4    00000518     libparse.a : installation.obj (.text)
                  2000a5bc    000004a2                : simplejson.obj (.text)
                  2000aa5e    00000002     --HOLE-- [fill = 0]
                  2000aa60    0000049c                : cc3200_socket.obj (.text)
                  2000aefc    0000045c     free_rtos.a : osi_freertos.obj (.text)
                  2000b358    000003cc     rtsv7M4_T_le_eabi.lib : memory.obj (.text)
                  2000b724    000003b4     libparse.a : cc3200_client_state.obj (.text)
                  2000bad8    000003a6     simplelink.a : driver.obj (.text:_SlDrvMsgRead)
                  2000be7e    00000002     --HOLE-- [fill = 0]
                  2000be80    0000034c                  : driver.obj (.text:_SlAsyncEventGenericHandler)
                  2000c1cc    000002c8     main.obj (.text)
                  2000c494    0000027c     parse_uploads.obj (.text)
                  2000c710    000001f4     rtsv7M4_T_le_eabi.lib : ull_div_t2.obj (.text)
                  2000c904    000001dc     libparse.a : cc3200_certificate.obj (.text)
                  2000cae0    000001b8     uartA1_if.obj (.text)
                  2000cc98    000001b6     rtsv7M4_T_le_eabi.lib : fd_add_t2.obj (.text)
                  2000ce4e    00000002     --HOLE-- [fill = 0]
                  2000ce50    000001b0     libparse.a : http.obj (.text)
                  2000d000    0000019c     simplelink.a : wlan.obj (.text:sl_WlanConnect)
                  2000d19c    00000194     udma_if.obj (.text)
                  2000d330    0000018c     i2c_if.obj (.text)
                  2000d4bc    00000170     i2cconfig.obj (.text)
                  2000d62c    00000164     simplelink.a : driver.obj (.text:_SlDrvDataReadOp)
                  2000d790    00000140                  : driver.obj (.text:_SlDrvRxHdrRead)
                  2000d8d0    00000136     rtsv7M4_T_le_eabi.lib : fd_div_t2.obj (.text)
                  2000da06    00000002     --HOLE-- [fill = 0]
                  2000da08    00000134     driverlib.a : prcm.obj (.text:PRCMCC3200MCUInit)
                  2000db3c    00000130     simplelink.a : cc_pal.obj (.text:spi_Open)
                  2000dc6c    0000012c                  : driver.obj (.text:_SlDrvDataWriteOp)
                  2000dd98    0000012a     free_rtos.a : list.obj (.text)
                  2000dec2    00000002     --HOLE-- [fill = 0]
                  2000dec4    00000116     libparse.a : parse_impl.obj (.text)
                  2000dfda    00000002     --HOLE-- [fill = 0]
                  2000dfdc    00000114     simplelink.a : driver.obj (.text:_SlDrvMsgWrite)
                  2000e0f0    00000110     free_rtos.a : port.obj (.text)
                  2000e200    0000010c     simplelink.a : driver.obj (.text:_SlDrvWaitForPoolObj)
                  2000e30c    00000108                  : socket.obj (.text:sl_Select)
                  2000e414    00000104                  : driver.obj (.text:_SlDrvReleasePoolObj)
                  2000e518    000000fc     rtsv7M4_T_le_eabi.lib : fd_mul_t2.obj (.text)
                  2000e614    000000f0     driverlib.a : udma.obj (.text:uDMAChannelTransferSet)
                  2000e704    000000e8     simplelink.a : socket.obj (.text:sl_Connect)
                  2000e7ec    000000e8                  : cc_pal.obj (.text:spi_Write)
                  2000e8d4    000000d8                  : netapp.obj (.text:sl_NetAppDnsGetHostByName)
                  2000e9ac    000000d8     timer_fns.obj (.text)
                  2000ea84    000000cc     simplelink.a : cc_pal.obj (.text:spi_Read)
                  2000eb50    000000c4                  : device.obj (.text:sl_Stop)
                  2000ec14    000000c0                  : device.obj (.text:sl_Start)
                  2000ecd4    000000ba     free_rtos.a : portasm.obj (.text)
                  2000ed8e    00000002     --HOLE-- [fill = 0]
                  2000ed90    000000b4     simplelink.a : driver.obj (.text:_SlDrvMsgReadCmdCtx)
                  2000ee44    000000b4     libparse.a : cc3200_debug.obj (.text)
                  2000eef8    000000b2     simplelink.a : netapp.obj (.text:_SlDrvNetAppEventHandler)
                  2000efaa    000000b2     pinmux.obj (.text)
                  2000f05c    000000b0     simplelink.a : socket.obj (.text:sl_Send)
                  2000f10c    000000a8     driverlib.a : interrupt.obj (.text:IntDisable)
                  2000f1b4    000000a8                 : interrupt.obj (.text:IntEnable)
                  2000f25c    000000a8     timer_if.obj (.text)
                  2000f304    000000a0     driverlib.a : spi.obj (.text:SPIConfigSetExpClk)
                  2000f3a4    0000009c     collect_and_txit.obj (.text)
                  2000f440    0000009c     rtsv7M4_T_le_eabi.lib : memcpy_t2.obj (.text)
                  2000f4dc    00000098     simplelink.a : driver.obj (.text:_SlFindAndSetActiveObj)
                  2000f574    00000098     rtsv7M4_T_le_eabi.lib : snprintf.obj (.text)
                  2000f60c    00000094     driverlib.a : prcm.obj (.text:PRCMPeripheralClockGet)
                  2000f6a0    00000094     simplelink.a : driver.obj (.text:_SlDrvClassifyRxMsg)
                  2000f734    00000094     rtsv7M4_T_le_eabi.lib : auto_init.obj (.text)
                  2000f7c8    00000090     simplelink.a : driver.obj (.text:_SlDrvMsgReadSpawnCtx)
                  2000f858    0000008c                  : fs.obj (.text:sl_FsRead)
                  2000f8e4    0000008c                  : fs.obj (.text:sl_FsWrite)
                  2000f970    00000088     driverlib.a : pin.obj (.text:PinConfigSet)
                  2000f9f8    00000088     rtsv7M4_T_le_eabi.lib : vsnprintf.obj (.text)
                  2000fa80    00000088     simplelink.a : netapp.obj (.text:sl_NetAppMDNSRegisterUnregisterService)
                  2000fb08    00000086     rtsv7M4_T_le_eabi.lib : fd_cmp_t2.obj (.text:__aeabi_cdcmple)
                  2000fb8e    00000086                           : fd_cmp_t2.obj (.text:__aeabi_cdrcmple)
                  2000fc14    00000084     driverlib.a : i2c.obj (.text:I2CMasterInitExpClk)
                  2000fc98    00000084     simplelink.a : driver.obj (.text:_SlDrvCmdOp)
                  2000fd1c    00000080                  : cc_pal.obj (.text:NwpPowerOnPreamble)
                  2000fd9c    0000007c                  : driver.obj (.text:_SlDrvDriverCBInit)
                  2000fe18    0000007c                  : netapp.obj (.text:_sl_HandleAsync_DnsGetHostByName)
                  2000fe94    0000007c                  : device.obj (.text:sl_DevGet)
                  2000ff10    0000007c                  : fs.obj (.text:sl_FsClose)
                  2000ff8c    0000007a     rtsv7M4_T_le_eabi.lib : fs_mul_t2.obj (.text)
                  20010006    00000002     --HOLE-- [fill = 0]
                  20010008    00000078     simplelink.a : cc_pal.obj (.text:SetupDMAReceive)
                  20010080    00000078     rtsv7M4_T_le_eabi.lib : memset_t2.obj (.text)
                  200100f8    00000076     driverlib.a : uart.obj (.text:UARTConfigSetExpClk)
                  2001016e    00000002     --HOLE-- [fill = 0]
                  20010170    00000074     simplelink.a : device.obj (.text:_sl_HandleAsync_InitComplete)
                  200101e4    00000074                  : wlan.obj (.text:sl_WlanGet)
                  20010258    00000074                  : cc_pal.obj (.text:spi_Close)
                  200102cc    00000070     driverlib.a : timer.obj (.text:TimerIntRegister)
                  2001033c    00000070     simplelink.a : netapp.obj (.text:_sl_HandleAsync_PingResponse)
                  200103ac    0000006e                  : socket.obj (.text:_sl_TruncatePayloadByProtocol)
                  2001041a    00000002     --HOLE-- [fill = 0]
                  2001041c    00000068     driverlib.a : timer.obj (.text:TimerIntUnregister)
                  20010484    00000068     simplelink.a : socket.obj (.text:_sl_HandleAsync_Connect)
                  200104ec    00000068                  : netapp.obj (.text:_sl_HandleAsync_DnsGetHostByService)
                  20010554    00000068                  : fs.obj (.text:sl_FsGetInfo)
                  200105bc    00000064                  : fs.obj (.text:_sl_GetCreateFsMode)
                  20010620    00000064                  : socket.obj (.text:_sl_HandleAsync_Accept)
                  20010684    00000064     driverlib.a : udma.obj (.text:uDMAChannelAttributeDisable)
                  200106e8    00000064                 : udma.obj (.text:uDMAChannelAttributeEnable)
                  2001074c    00000060     rtsv7M4_T_le_eabi.lib : sprintf.obj (.text)
                  200107ac    0000005e                           : copy_decompress_rle.obj (.text)
                  2001080a    0000005a                           : ltoa.obj (.text)
                  20010864    00000058     driverlib.a : interrupt.obj (.text:IntPendClear)
                  200108bc    00000058                 : prcm.obj (.text:PRCMPeripheralReset)
                  20010914    00000058     simplelink.a : driver.obj (.text:_SlDrvDriverCBDeinit)
                  2001096c    00000058                  : socket.obj (.text:_sl_HandleAsync_Select)
                  200109c4    00000054     driverlib.a : interrupt.obj (.text:IntPrioritySet)
                  20010a18    00000054     simplelink.a : device.obj (.text:_sl_HandleAsync_Stop)
                  20010a6c    00000054                  : fs.obj (.text:sl_FsOpen)
                  20010ac0    00000054                  : netapp.obj (.text:sl_NetAppSendTokenValue)
                  20010b14    00000050     app_common.obj (.text)
                  20010b64    0000004c     driverlib.a : spi.obj (.text:SPIIntEnable)
                  20010bb0    0000004c     rtsv7M4_T_le_eabi.lib : atoi.obj (.text)
                  20010bfc    0000004c                           : rand.obj (.text)
                  20010c48    0000004c     simplelink.a : socket.obj (.text:sl_SetSockOpt)
                  20010c94    0000004c     driverlib.a : udma.obj (.text:uDMAChannelAssign)
                  20010ce0    0000004a     simplelink.a : device.obj (.text:_sl_GetStartResponseConvert)
                  20010d2a    0000004a     rtsv7M4_T_le_eabi.lib : fd_tos_t2.obj (.text)
                  20010d74    00000048     driverlib.a : spi.obj (.text:SPIIntClear)
                  20010dbc    00000048     rtsv7M4_T_le_eabi.lib : fd_toi_t2.obj (.text)
                  20010e04    00000048     simplelink.a : device.obj (.text:sl_DevSet)
                  20010e4c    00000048                  : fs.obj (.text:sl_FsDel)
                  20010e94    00000048                  : wlan.obj (.text:sl_WlanSet)
                  20010edc    00000044     driverlib.a : spi.obj (.text:SPIDmaMaskGet)
                  20010f20    00000044                 : timer.obj (.text:TimerConfigure)
                  20010f64    00000044     rtsv7M4_T_le_eabi.lib : cpy_tbl.obj (.text)
                  20010fa8    00000044                           : exit.obj (.text)
                  20010fec    00000044                           : xdtest.obj (.text)
                  20011030    00000044     simplelink.a : netcfg.obj (.text:sl_NetCfgSet)
                  20011074    00000044                  : socket.obj (.text:sl_Recv)
                  200110b8    00000040     driverlib.a : pin.obj (.text:PinModeSet)
                  200110f8    00000040     simplelink.a : driver.obj (.text:_SlDrvRxIrqHandler)
                  20011138    00000040                  : driver.obj (.text:_SlRemoveFromList)
                  20011178    00000040                  : wlan.obj (.text:sl_WlanPolicySet)
                  200111b8    00000040                  : wlan.obj (.text:sl_WlanRxFilterSet)
                  200111f8    0000003c                  : cc_pal.obj (.text:NwpPowerOff)
                  20011234    0000003c     driverlib.a : prcm.obj (.text:PRCMPeripheralClkEnable)
                  20011270    0000003c     simplelink.a : driver.obj (.text:_SlDrvObjInit)
                  200112ac    0000003c     rtsv7M4_T_le_eabi.lib : strncasecmp.obj (.text)
                  200112e8    0000003c     driverlib.a : udma.obj (.text:uDMAChannelControlSet)
                  20011324    0000003a                 : camera.obj (.text:CameraCaptureStop)
                  2001135e    0000003a                 : camera.obj (.text:CameraXClkConfig)
                  20011398    00000038     free_rtos.a : heap_3.obj (.text)
                  200113d0    00000038     rtsv7M4_T_le_eabi.lib : fs_tod_t2.obj (.text)
                  20011408    00000038                           : fs_toi_t2.obj (.text)
                  20011440    00000038     simplelink.a : socket.obj (.text:sl_Htonl)
                  20011478    00000036     driverlib.a : gpio.obj (.text:GPIODirModeSet)
                  200114ae    00000034                 : camera.obj (.text:CameraParamsConfig)
                  200114e2    00000002     --HOLE-- [fill = 0]
                  200114e4    00000034                 : prcm.obj (.text:PRCMPeripheralStatusGet)
                  20011518    00000034                 : spi.obj (.text:SPIFIFOLevelSet)
                  2001154c    00000034     simplelink.a : driver.obj (.text:_SlDrvBasicCmd)
                  20011580    00000034     rtsv7M4_T_le_eabi.lib : boot.obj (.text)
                  200115b4    00000034                           : fs_tou_t2.obj (.text)
                  200115e8    00000034                           : strstr.obj (.text)
                  2001161c    00000034     simplelink.a : socket.obj (.text:sl_Htons)
                  20011650    00000030                  : cc_pal.obj (.text:NwpPowerOn)
                  20011680    00000030     driverlib.a : pin.obj (.text:PinTypeGPIO)
                  200116b0    00000030                 : uart.obj (.text:UARTDisable)
                  200116e0    00000030     rtsv7M4_T_le_eabi.lib : strncpy.obj (.text)
                  20011710    00000030     simplelink.a : socket.obj (.text:sl_Socket)
                  20011740    0000002e     rtsv7M4_T_le_eabi.lib : i_tofd_t2.obj (.text)
                  2001176e    00000002     --HOLE-- [fill = 0]
                  20011770    0000002c     driverlib.a : camera.obj (.text:CameraIntEnable)
                  2001179c    0000002c     simplelink.a : cc_pal.obj (.text:DmaSpiSwIntHandler)
                  200117c8    0000002c     driverlib.a : i2c.obj (.text:I2CMasterErr)
                  200117f4    0000002c                 : prcm.obj (.text:PRCMSysResetCauseGet)
                  20011820    0000002c     simplelink.a : flowcont.obj (.text:_SlDrvFlowContDeinit)
                  2001184c    0000002c                  : flowcont.obj (.text:_SlDrvFlowContInit)
                  20011878    0000002a     driverlib.a : timer.obj (.text:TimerLoadSet)
                  200118a2    0000002a                 : timer.obj (.text:TimerPrescaleSet)
                  200118cc    00000028                 : camera.obj (.text:CameraIntStatus)
                  200118f4    00000028                 : prcm.obj (.text:PRCMPeripheralClkDisable)
                  2001191c    00000028     simplelink.a : socket.obj (.text:_sl_BuildAddress)
                  20011944    00000028     rtsv7M4_T_le_eabi.lib : strncat.obj (.text)
                  2001196c    00000028     simplelink.a : wlan.obj (.text:sl_WlanSetMode)
                  20011994    00000026     driverlib.a : camera.obj (.text:CameraThresholdSet)
                  200119ba    00000026     rtsv7M4_T_le_eabi.lib : strncmp.obj (.text)
                  200119e0    00000024     driverlib.a : camera.obj (.text:CameraIntClear)
                  20011a04    00000024                 : interrupt.obj (.text:IntUnregister)
                  20011a28    00000024                 : uart.obj (.text:UARTEnable)
                  20011a4c    00000024     rtsv7M4_T_le_eabi.lib : memmov.obj (.text)
                  20011a70    00000024                           : u_tofs_t2.obj (.text)
                  20011a94    00000024     simplelink.a : socket.obj (.text:sl_Close)
                  20011ab8    00000024                  : netapp.obj (.text:sl_NetAppStart)
                  20011adc    00000024                  : netapp.obj (.text:sl_NetAppStop)
                  20011b00    00000024                  : wlan.obj (.text:sl_WlanProfileDel)
                  20011b24    00000022     driverlib.a : camera.obj (.text:CameraCaptureStart)
                  20011b46    00000022                 : i2c.obj (.text:I2CMasterSlaveAddrSet)
                  20011b68    00000022     simplelink.a : cc_pal.obj (.text:NwpRegisterInterruptHandler)
                  20011b8a    00000022     driverlib.a : spi.obj (.text:SPIReset)
                  20011bac    00000022                 : spi.obj (.text:SPIWordCountSet)
                  20011bce    00000022     rtsv7M4_T_le_eabi.lib : memcmp.obj (.text)
                  20011bf0    00000020     driverlib.a : interrupt.obj (.text:IntRegister)
                  20011c10    00000020     simplelink.a : driver.obj (.text:_SlDrvCmdSend)
                  20011c30    00000020     rtsv7M4_T_le_eabi.lib : u_tofd_t2.obj (.text)
                  20011c50    0000001e     driverlib.a : i2c.obj (.text:I2CMasterIntStatusEx)
                  20011c6e    0000001e                 : timer.obj (.text:TimerDisable)
                  20011c8c    0000001e                 : timer.obj (.text:TimerEnable)
                  20011caa    0000001e                 : timer.obj (.text:TimerIntStatus)
                  20011cc8    0000001e                 : uart.obj (.text:UARTCharPut)
                  20011ce6    0000001c                 : pin.obj (.text:PinTypeI2C)
                  20011d02    0000001c                 : timer.obj (.text:TimerValueGet)
                  20011d1e    00000002     --HOLE-- [fill = 0]
                  20011d20    0000001c     simplelink.a : driver.obj (.text:_SlDrvObjDeInit)
                  20011d3c    0000001c     rtsv7M4_T_le_eabi.lib : memccpy.obj (.text)
                  20011d58    0000001c     driverlib.a : udma.obj (.text:uDMAChannelDisable)
                  20011d74    0000001c                 : udma.obj (.text:uDMAChannelEnable)
                  20011d90    0000001a     simplelink.a : netapp.obj (.text:CopyPingResultsToReport)
                  20011daa    0000001a     driverlib.a : pin.obj (.text:PinTypeCamera)
                  20011dc4    0000001a                 : pin.obj (.text:PinTypeUART)
                  20011dde    0000001a                 : spi.obj (.text:SPIDmaDisable)
                  20011df8    0000001a                 : spi.obj (.text:SPIDmaEnable)
                  20011e12    0000001a                 : spi.obj (.text:SPIFIFODisable)
                  20011e2c    0000001a                 : spi.obj (.text:SPIFIFOEnable)
                  20011e46    0000001a     simplelink.a : device.obj (.text:_SlDrvDeviceEventHandler)
                  20011e60    00000018     driverlib.a : camera.obj (.text:CameraReset)
                  20011e78    00000018                 : spi.obj (.text:SPICSDisable)
                  20011e90    00000018                 : spi.obj (.text:SPICSEnable)
                  20011ea8    00000018                 : spi.obj (.text:SPIDisable)
                  20011ec0    00000018                 : spi.obj (.text:SPIEnable)
                  20011ed8    00000018                 : timer.obj (.text:TimerIntDisable)
                  20011ef0    00000018                 : timer.obj (.text:TimerIntEnable)
                  20011f08    00000018     rtsv7M4_T_le_eabi.lib : args_main.obj (.text)
                  20011f20    00000018                           : ll_mul_t2.obj (.text)
                  20011f38    00000016     driverlib.a : camera.obj (.text:CameraDMAEnable)
                  20011f4e    00000016                 : camera.obj (.text:CameraIntRegister)
                  20011f64    00000016                 : i2c.obj (.text:I2CMasterDataPut)
                  20011f7a    00000016                 : i2c.obj (.text:I2CMasterEnable)
                  20011f90    00000016                 : prcm.obj (.text:PRCMHIBRegRead)
                  20011fa6    00000016                 : prcm.obj (.text:PRCMHIBRegWrite)
                  20011fbc    00000016                 : uart.obj (.text:UARTCharGet)
                  20011fd2    00000016     simplelink.a : fs.obj (.text:_sl_Strlen)
                  20011fe8    00000016     driverlib.a : udma.obj (.text:uDMAIntRegister)
                  20011ffe    00000014                 : cpu.obj (.text:CPUcpsie)
                  20012012    00000002     --HOLE-- [fill = 0]
                  20012014    00000014                 : interrupt.obj (.text:IntVTableBaseSet)
                  20012028    00000014     simplelink.a : driver.obj (.text:_SlDrvShiftDWord)
                  2001203c    00000014     rtsv7M4_T_le_eabi.lib : _lock.obj (.text)
                  20012050    00000014                           : strlen.obj (.text)
                  20012064    00000014     driverlib.a : udma.obj (.text:uDMAControlBaseSet)
                  20012078    00000014                 : udma.obj (.text:uDMAIntClear)
                  2001208c    00000012                 : i2c.obj (.text:I2CMasterControl)
                  2001209e    00000012                 : i2c.obj (.text:I2CMasterIntClearEx)
                  200120b0    00000012                 : i2c.obj (.text:I2CMasterTimeoutSet)
                  200120c2    00000012                 : timer.obj (.text:TimerIntClear)
                  200120d4    00000012     rtsv7M4_T_le_eabi.lib : copy_zero_init.obj (.text:decompress:ZI)
                  200120e6    00000012     simplelink.a : netapp.obj (.text:sl_NetAppMDNSUnRegisterService)
                  200120f8    00000012     driverlib.a : udma.obj (.text:uDMAIntUnregister)
                  2001210a    00000002     --HOLE-- [fill = 0]
                  2001210c    00000010     simplelink.a : cc_pal.obj (.text:NwpMaskInterrupt)
                  2001211c    00000010                  : socket.obj (.text:SL_FD_SET)
                  2001212c    00000010     rtsv7M4_T_le_eabi.lib : tolower.obj (.text)
                  2001213c    0000000e     driverlib.a : i2c.obj (.text:I2CMasterDataGet)
                  2001214a    0000000e     rtsv7M4_T_le_eabi.lib : copy_decompress_none.obj (.text:decompress:none)
                  20012158    0000000e                           : xdclass.obj (.text)
                  20012166    0000000e     startup_ccs.obj (.text)
                  20012174    0000000c     simplelink.a : cc_pal.obj (.text:NwpUnMaskInterrupt)
                  20012180    0000000c     driverlib.a : udma.obj (.text:uDMADisable)
                  2001218c    0000000c                 : udma.obj (.text:uDMAEnable)
                  20012198    0000000c                 : udma.obj (.text:uDMAIntStatus)
                  200121a4    0000000a                 : interrupt.obj (.text:IntMasterEnable)
                  200121ae    00000008     simplelink.a : wlan.obj (.text:sl_WlanDisconnect)
                  200121b6    00000006     i2cconfig.obj (.text:MT9D111Delay)
                  200121bc    00000006     simplelink.a : socket.obj (.text:SL_FD_ZERO)
                  200121c2    00000006     driverlib.a : utils.obj (.text:UtilsDelay)
                  200121c8    00000006     rtsv7M4_T_le_eabi.lib : copy_decompress_rle.obj (.text:decompress:rle24)

.const     0    200121d0    00000a3d     
                  200121d0    0000013c     mt9d111.obj (.const:init_cmds_list)
                  2001230c    00000102     rtsv7M4_T_le_eabi.lib : ctype.obj (.const:.string:_ctypes_)
                  2001240e    00000002     --HOLE-- [fill = 0]
                  20012410    00000100     driverlib.a : pin.obj (.const:g_ulPinToPadMap)
                  20012510    000000ec     simplelink.a : wlan.obj (.const)
                  200125fc    000000d4     driverlib.a : interrupt.obj (.const:g_pulRegs)
                  200126d0    000000b4     mt9d111.obj (.const:capture_cmds_list)
                  20012784    000000a8     driverlib.a : prcm.obj (.const:PRCM_PeriphRegsList)
                  2001282c    0000008c     mt9d111.obj (.const)
                  200128b8    00000080     driverlib.a : interrupt.obj (.const)
                  20012938    00000051     network_relater_fns.obj (.const:.string)
                  20012989    00000001     --HOLE-- [fill = 0]
                  2001298a    0000004c     mt9d111.obj (.const:$P$T3$4)
                  200129d6    00000002     --HOLE-- [fill = 0]
                  200129d8    0000004c     simplelink.a : driver.obj (.const)
                  20012a24    00000042     mt9d111.obj (.const:.string)
                  20012a66    00000002     --HOLE-- [fill = 0]
                  20012a68    00000038     simplelink.a : fs.obj (.const)
                  20012aa0    00000034                  : socket.obj (.const)
                  20012ad4    0000002c     libparse.a : cc3200_utils.obj (.const:$P$T0$1)
                  20012b00    0000002c     network_relater_fns.obj (.const:$P$T1$2)
                  20012b2c    00000028     simplelink.a : netapp.obj (.const)
                  20012b54    00000022     network_relater_fns.obj (.const:.string:$P$T0$1)
                  20012b76    00000002     --HOLE-- [fill = 0]
                  20012b78    00000020     network_relater_fns.obj (.const)
                  20012b98    00000018     driverlib.a : spi.obj (.const)
                  20012bb0    00000017     libparse.a : request.obj (.const:.string)
                  20012bc7    00000016     camera_app.obj (.const:.string)
                  20012bdd    00000003     --HOLE-- [fill = 0]
                  20012be0    00000014     simplelink.a : device.obj (.const)
                  20012bf4    0000000b     app_common.obj (.const:.string)
                  20012bff    00000001     --HOLE-- [fill = 0]
                  20012c00    00000008     simplelink.a : netcfg.obj (.const)
                  20012c08    00000005     main.obj (.const:.string)

.cinit     0    20012c10    00000ad8     
                  20012c10    00000ab1     (.cinit..data.load) [load image, compression = rle]
                  200136c1    00000003     --HOLE-- [fill = 0]
                  200136c4    0000000c     (__TI_handler_table)
                  200136d0    00000008     (.cinit..bss.load) [load image, compression = zero_init]
                  200136d8    00000010     (__TI_cinit_table)

.bss       0    20018000    00014721     UNINITIALIZED
                  20018000    00014000     main.obj (.bss:g_image_buffer)
                  2002c000    00000400     udma_if.obj (.bss:gpCtlTbl)
                  2002c400    00000100     udma_if.obj (.bss:gfpAppCallbackHndl)
                  2002c500    000000c8     free_rtos.a : tasks.obj (.bss:pxReadyTasksLists)
                  2002c5c8    00000050                 : queue.obj (.bss:xQueueRegistry)
                  2002c618    00000034     libparse.a : cc3200_client_state.obj (.bss:clientStateFileName)
                  2002c64c    00000024     network_relater_fns.obj (.bss:g_ucConnectionSSID)
                  2002c670    00000014     (.common:g_flag_blockFull)
                  2002c684    00000014     (.common:xDelayedTaskList1)
                  2002c698    00000014     (.common:xDelayedTaskList2)
                  2002c6ac    00000014     (.common:xPendingReadyList)
                  2002c6c0    00000014     (.common:xSuspendedTaskList)
                  2002c6d4    00000014     (.common:xTasksWaitingTermination)
                  2002c6e8    00000008     (.common:g_ucConnectionBSSID)
                  2002c6f0    00000004     (.common:__Errorlog)
                  2002c6f4    00000004     (.common:dataBuffer)
                  2002c6f8    00000004     (.common:g_block_lastFilled)
                  2002c6fc    00000004     (.common:g_frame_size_in_bytes)
                  2002c700    00000004     (.common:g_header_length)
                  2002c704    00000004     (.common:g_position_in_block)
                  2002c708    00000004     (.common:g_readHeader)
                  2002c70c    00000004     (.common:g_total_dma_intrpts)
                  2002c710    00000004     (.common:pxDelayedTaskList)
                  2002c714    00000004     (.common:pxOverflowDelayedTaskList)
                  2002c718    00000004     (.common:v_TimerOverflows)
                  2002c71c    00000001     (.common:g_CaptureImage)
                  2002c71d    00000001     (.common:g_dma_txn_done)
                  2002c71e    00000001     (.common:g_flag_DataBlockFilled)
                  2002c71f    00000001     (.common:g_frame_end)
                  2002c720    00000001     (.common:iDone)

.sysmem    0    2002c728    00004000     UNINITIALIZED
                  2002c728    00000008     rtsv7M4_T_le_eabi.lib : memory.obj (.sysmem)
                  2002c730    00003ff8     --HOLE--


LINKER GENERATED COPY TABLES

__TI_cinit_table @ 200136d8 records: 2, size/record: 8, table size: 16
	.data: load addr=20012c10, load size=00000ab1 bytes, run addr=20000000, run size=00001158 bytes, compression=rle
	.bss: load addr=200136d0, load size=00000008 bytes, run addr=20018000, run size=00014721 bytes, compression=zero_init


LINKER GENERATED HANDLER TABLE

__TI_handler_table @ 200136c4 records: 3, size/record: 4, table size: 12
	index: 0, handler: __TI_decompress_rle24
	index: 1, handler: __TI_decompress_none
	index: 2, handler: __TI_zero_init


GLOBAL SYMBOLS: SORTED ALPHABETICALLY BY Name 

address    name
--------   ----
2000978f   AnalogGainReg_Read
20010fa9   C$$EXIT
200096fb   CCMRegs_Read
20011fff   CPUcpsie
2000756d   CamControllerInit
20011b25   CameraCaptureStart
20011325   CameraCaptureStop
20011f39   CameraDMAEnable
200119e1   CameraIntClear
20011771   CameraIntEnable
20011f4f   CameraIntRegister
200118cd   CameraIntStatus
200114af   CameraParamsConfig
20011e61   CameraReset
2000935d   CameraSensorInit
20011995   CameraThresholdSet
2001135f   CameraXClkConfig
2000713d   CaptureAndStore_Image
2000cb19   ClearTerm
2000f3a5   CollectTxit_ImgTempRH
200067e1   ConfigureMode
20006541   ConfigureSimpleLinkToDefaultState
2000681d   ConnectToNetwork
20006985   ConnectToNetwork_2
20006a47   ConnectToNetwork_STA
20006a2b   ConnectToNetwork_STA_2
2000c515   ConstructDeviceStateObject
20011d91   CopyPingResultsToReport
20000f5c   DMAMsgQ
2000d2e5   DMASetupTransfer
2000114c   DigiCertHighAssuranceEVRootCA_der_len
20009731   DigitalGainRegs_Read
2000d1af   DmaErrorIntHandler
2001179d   DmaSpiSwIntHandler
2000d19d   DmaSwIntHandler
2000cb1f   Error
20011479   GPIODirModeSet
2000cb53   GetCmd
2000ea15   GetTimeDuration
2000d4db   I2CBufferRead
2000d583   I2CBufferWrite
2000d4bd   I2CInit
2001208d   I2CMasterControl
2001213d   I2CMasterDataGet
20011f65   I2CMasterDataPut
20011f7b   I2CMasterEnable
200117c9   I2CMasterErr
2000fc15   I2CMasterInitExpClk
2001209f   I2CMasterIntClearEx
20011c51   I2CMasterIntStatusEx
20011b47   I2CMasterSlaveAddrSet
200120b1   I2CMasterTimeoutSet
2000d4a7   I2C_IF_Close
2000d47d   I2C_IF_Open
2000d3f5   I2C_IF_Read
2000d45d   I2C_IF_ReadFrom
2000d393   I2C_IF_Write
2000cae1   InitTerm
2000c495   InitialiseParse
20006519   InitializeAppVariables
2000e9bf   InitializeTimer
2000f10d   IntDisable
2000f1b5   IntEnable
200121a5   IntMasterEnable
20010865   IntPendClear
200109c5   IntPrioritySet
20011bf1   IntRegister
20011a05   IntUnregister
20012015   IntVTableBaseSet
20000000   JPEG_StdHuffmanTbl
20000fb4   JPEG_StdQuantTblC
20000ff4   JPEG_StdQuantTblY
200121b7   MT9D111Delay
2000c1d5   Main_Task
2000caff   Message
2001210d   NwpMaskInterrupt
200111f9   NwpPowerOff
20011651   NwpPowerOn
2000fd1d   NwpPowerOnPreamble
20011b69   NwpRegisterInterruptHandler
20012175   NwpUnMaskInterrupt
2000da09   PRCMCC3200MCUInit
20011f91   PRCMHIBRegRead
20011fa7   PRCMHIBRegWrite
200118f5   PRCMPeripheralClkDisable
20011235   PRCMPeripheralClkEnable
2000f60d   PRCMPeripheralClockGet
200108bd   PRCMPeripheralReset
200114e5   PRCMPeripheralStatusGet
200117f5   PRCMSysResetCauseGet
2000f971   PinConfigSet
200110b9   PinModeSet
2000efab   PinMuxConfig
20011dab   PinTypeCamera
20011681   PinTypeGPIO
20011ce7   PinTypeI2C
20011dc5   PinTypeUART
2000954b   ReadAllAEnAWBRegs
20009809   ReadMCUBootModeReg
20009511   RegStatusRead
2000cbfd   Report
20012167   ResetISR
200097d5   ResetImageSensorMCU
UNDEFED    SHT$$INIT_ARRAY$$Base
UNDEFED    SHT$$INIT_ARRAY$$Limit
2001211d   SL_FD_SET
200121bd   SL_FD_ZERO
20011e79   SPICSDisable
20011e91   SPICSEnable
2000f305   SPIConfigSetExpClk
20011ea9   SPIDisable
20011ddf   SPIDmaDisable
20011df9   SPIDmaEnable
20011ec1   SPIEnable
20011e13   SPIFIFODisable
20011e2d   SPIFIFOEnable
20011519   SPIFIFOLevelSet
20010d75   SPIIntClear
20010b65   SPIIntEnable
20011b8b   SPIReset
20011bad   SPIWordCountSet
2000d22d   SetupTransfer
20009761   ShutterRegs_Read
20006dd5   SimpleLinkHttpServerCallback
20006cd9   SimpleLinkNetAppEventHandler
20006d7d   SimpleLinkSockEventHandler
20006bf5   SimpleLinkWlanEventHandler
20009825   SoftReset_ImageSensor
20009365   StartSensorInJpegMode
2000e9eb   StartTimer
2000ea07   StopTimer
2000e9ad   TimerBaseIntHandler
20010f21   TimerConfigure
20011c6f   TimerDisable
20011c8d   TimerEnable
200120c3   TimerIntClear
20011ed9   TimerIntDisable
20011ef1   TimerIntEnable
200102cd   TimerIntRegister
20011cab   TimerIntStatus
2001041d   TimerIntUnregister
20011879   TimerLoadSet
200118a3   TimerPrescaleSet
20011d03   TimerValueGet
2000f2e1   Timer_IF_DeInit
2000f2f9   Timer_IF_GetCount
2000f25d   Timer_IF_Init
2000f287   Timer_IF_IntSetup
2000f2b9   Timer_IF_InterruptClear
20011879   Timer_IF_ReLoad
2000f2cd   Timer_IF_Start
20011c6f   Timer_IF_Stop
2000cbb3   TrimSpace
20011fbd   UARTCharGet
20011cc9   UARTCharPut
200100f9   UARTConfigSetExpClk
200116b1   UARTDisable
20011a29   UARTEnable
2000d205   UDMAChannelSelect
2000d2d1   UDMADeInit
2000d1bb   UDMAInit
2000d263   UDMASetupAutoMemTransfer
2000d287   UDMASetupPingPongTransfer
20011d59   UDMAStopTransfer
2000c4ab   UploadImageToParse
2000c4c9   UploadSensorDataToParse
200121c3   UtilsDelay
2000b1c5   VDeleteSimpleLinkSpawnTask
2000b175   VStartSimpleLinkSpawnTask
2000984b   Verify_ImageSensor
2000952f   WriteAllAEnAWBRegs
20012159   _Dclass
20010fed   _Dtest
20012ac0   _SlAcceptCmdCtrl
200129ec   _SlActionLookupTable
2000be81   _SlAsyncEventGenericHandler
20012bec   _SlDeviceGetCmdCtrl
20012bf0   _SlDeviceSetCmdCtrl
2001154d   _SlDrvBasicCmd
2000f6a1   _SlDrvClassifyRxMsg
2000fc99   _SlDrvCmdOp
20011c11   _SlDrvCmdSend
2000d62d   _SlDrvDataReadOp
2000dc6d   _SlDrvDataWriteOp
20011e47   _SlDrvDeviceEventHandler
20010915   _SlDrvDriverCBDeinit
2000fd9d   _SlDrvDriverCBInit
20011821   _SlDrvFlowContDeinit
2001184d   _SlDrvFlowContInit
2000bad9   _SlDrvMsgRead
2000ed91   _SlDrvMsgReadCmdCtx
2000f7c9   _SlDrvMsgReadSpawnCtx
2000dfdd   _SlDrvMsgWrite
2000eef9   _SlDrvNetAppEventHandler
20011d21   _SlDrvObjDeInit
20011271   _SlDrvObjInit
2000e415   _SlDrvReleasePoolObj
2000d791   _SlDrvRxHdrRead
200110f9   _SlDrvRxIrqHandler
20012029   _SlDrvShiftDWord
2000e201   _SlDrvWaitForPoolObj
20012be8   _SlEventMaskGetCmdCtrl
20012be4   _SlEventMaskSetCmdCtrl
2000f4dd   _SlFindAndSetActiveObj
20012a6c   _SlFsCloseCmdCtrl
20012a7c   _SlFsDeleteCmdCtrl
20012a78   _SlFsGetInfoCmdCtrl
20012a68   _SlFsOpenCmdCtrl
20012a70   _SlFsReadCmdCtrl
20012a74   _SlFsWriteCmdCtrl
20012b44   _SlGetHostByNameCtrl
20012b40   _SlGetHostByServiceCtrl
20012b38   _SlGetServiceListeCtrl
20012acc   _SlGetSockOptCmdCtrl
20012abc   _SlListenCmdCtrl
20012b50   _SlNetAppGetCmdCtrl
20012b4c   _SlNetAppSendTokenValueCmdCtrl
20012b48   _SlNetAppSetCmdCtrl
20012b30   _SlNetAppStartCtrl
20012b34   _SlNetAppStopCtrl
20012c04   _SlNetCfgGetCmdCtrl
20012c00   _SlNetCfgSetCmdCtrl
20012518   _SlPolicyGetCmdCtrl
20012514   _SlPolicySetCmdCtrl
20012520   _SlProfileDelCmdCtrl
2001251c   _SlProfileGetCmdCtrl
20012ac4   _SlRecvCmdCtrl
20012ab4   _SlRecvfomCmdCtrl
20012b3c   _SlRegisterServiceCtrl
20011139   _SlRemoveFromList
20012528   _SlRxFilterAddtCmdCtrl
20012530   _SlRxFilterGetCmdCtrl
2001252c   _SlRxFilterSetCmdCtrl
20012ad0   _SlSelectCmdCtrl
20012ab8   _SlSendCmdCtrl
20012ac8   _SlSetSockOptCmdCtrl
20012534   _SlSmartConfigStartCmdCtrl
20012ab0   _SlSockCloseCmdCtrl
20012aac   _SlSockSocketCmdCtrl
20012be0   _SlStopCmdCtrl
20012540   _SlWlanCfgGetCmdCtrl
2001253c   _SlWlanCfgSetCmdCtrl
20012524   _SlWlanGetNetworkListCtrl
20012538   _SlWlanSetModeCmdCtrl
20004000   __STACK_END
00001000   __STACK_SIZE
00004000   __SYSMEM_SIZE
200136d8   __TI_CINIT_Base
200136e8   __TI_CINIT_Limit
200136c4   __TI_Handler_Table_Base
200136d0   __TI_Handler_Table_Limit
00000001   __TI_args_main
2000f735   __TI_auto_init
20001138   __TI_cleanup_ptr
2001214b   __TI_decompress_none
200121c9   __TI_decompress_rle24
2000113c   __TI_dtors_ptr
2000620f   __TI_printfi
20012c10   __TI_static_base__
200120d5   __TI_zero_init
2000fb09   __aeabi_cdcmpeq
2000fb09   __aeabi_cdcmple
2000fb8f   __aeabi_cdrcmple
20010d2b   __aeabi_d2f
20010dbd   __aeabi_d2iz
2000cca3   __aeabi_dadd
2000d8d1   __aeabi_ddiv
2000e519   __aeabi_dmul
2000cc99   __aeabi_dsub
200113d1   __aeabi_f2d
20011409   __aeabi_f2iz
200115b5   __aeabi_f2uiz
2000ff8d   __aeabi_fmul
20011741   __aeabi_i2d
20011f21   __aeabi_lmul
20010081   __aeabi_memclr
20010081   __aeabi_memclr4
20010081   __aeabi_memclr8
2000f441   __aeabi_memcpy
2000f441   __aeabi_memcpy4
2000f441   __aeabi_memcpy8
20010083   __aeabi_memset
20010083   __aeabi_memset4
20010083   __aeabi_memset8
20011c31   __aeabi_ui2d
20011a71   __aeabi_ui2f
2000c711   __aeabi_uldivmod
ffffffff   __binit__
ffffffff   __c_args__
20003000   __stack
20011f09   _args_main
20011581   _c_int00
2001230c   _ctypes_
20001130   _lock
2001204b   _nop
20012043   _register_lock
2001203d   _register_unlock
2001191d   _sl_BuildAddress
200105bd   _sl_GetCreateFsMode
20010ce1   _sl_GetStartResponseConvert
20010621   _sl_HandleAsync_Accept
20010485   _sl_HandleAsync_Connect
2000fe19   _sl_HandleAsync_DnsGetHostByName
200104ed   _sl_HandleAsync_DnsGetHostByService
20010171   _sl_HandleAsync_InitComplete
2001033d   _sl_HandleAsync_PingResponse
2001096d   _sl_HandleAsync_Select
20010a19   _sl_HandleAsync_Stop
20011fd3   _sl_Strlen
200103ad   _sl_TruncatePayloadByProtocol
2002c728   _sys_memory
20001134   _unlock
20010fad   abort
2000ceff   addHttpRequestHeader
2000cf2d   addHttpRequestHeaderInt
2000ce51   addHttpRequestLine
20010bb1   atoi
2000cebb   beginHttpGetRequest
2000ce99   beginHttpRequest
ffffffff   binit
2000886f   buildRequestHeaders
2000b6ed   calloc
2002c618   clientStateFileName
200010fc   cnt
20010f65   copy_in
2000a21b   createInstallation
20009be5   createNewInstallationId
2002c6f4   dataBuffer
20001100   dataBufferSize
2000ee45   debugPrint
2000ee67   debugPrintf
20009689   disableAE
200095ff   disableAWB
20004691   eTaskGetState
2000963d   enableAE
200095c1   enableAWB
2000c905   ensureCertificateFile
20010fb5   exit
20009b71   fetchDeviceOSVersion
2000a987   findSecondJson
2000b447   free
20000dd0   gFirstCmdMode
2002c71c   g_CaptureImage
200129e4   g_H2NCnysPattern
200129dc   g_H2NSyncPattern
20000f50   g_SpiFd
20000dd8   g_StatMem
2002c6f8   g_block_lastFilled
20000f60   g_cDummy
20012bb0   g_deviceClientVersion
2002c71e   g_flag_DataBlockFilled
2002c670   g_flag_blockFull
2002c71f   g_frame_end
2002c6fc   g_frame_size_in_bytes
20000600   g_header
2002c700   g_header_length
20018000   g_image_buffer
200010d4   g_osVersion
20000dd4   g_pCB
20000f54   g_pHostIntHdl
20004000   g_pfnVectors
2002c704   g_position_in_block
2002c708   g_readHeader
2002c6e8   g_ucConnectionBSSID
2002c64c   g_ucConnectionSSID
20000f58   g_ucDMAEnabled
20000f64   g_ucDinDout
20001118   g_uiSimplelinkRole
20001114   g_ulGatewayIP
2000112c   g_ulPingPacketsRecv
20001110   g_ulStatus
2000cf7b   getHttpResponseBody
2000cf4f   getHttpResponseStatus
2000a26b   getInstallation
2000df6f   getInternalClient
2000a9d7   getPushJson
2002c400   gfpAppCallbackHndl
2002c000   gpCtlTbl
20008c35   headerSend
2002c720   iDone
20006ad1   initNetwork
20010b15   intToASCII
2000a9b3   isCompleteJson
20009b0d   isPingTime
2000b725   loadClientState
2001080b   ltoa
2000c27b   main
20001154   main_func_sp
2000b3e5   malloc
2000b2c9   mem_Free
2000b2bd   mem_Malloc
2000b2e9   mem_copy
2000b2d5   mem_set
2000b60d   memalign
20011d3d   memccpy
20011bcf   memcmp
2000f441   memcpy
20011a4d   memmove
20010089   memset
2000b359   minit
2000b33f   osi_ContextRestore
2000b33d   osi_ContextSave
2000b2fd   osi_EnterCritical
2000b307   osi_ExitCritical
2000af23   osi_InterruptDeRegister
2000aefd   osi_InterruptRegister
2000b02d   osi_LockObjCreate
2000b0a1   osi_LockObjDelete
2000b0b1   osi_LockObjLock
2000b0dd   osi_LockObjUnlock
2000b1f1   osi_MsgQCreate
2000b235   osi_MsgQDelete
2000b281   osi_MsgQRead
2000b24f   osi_MsgQWrite
2000b319   osi_Sleep
2000b107   osi_Spawn
2000b00b   osi_SyncObjClear
2000af35   osi_SyncObjCreate
2000af65   osi_SyncObjDelete
2000af7f   osi_SyncObjSignal
2000afa7   osi_SyncObjSignalFromISR
2000afdf   osi_SyncObjWait
2000b053   osi_TaskCreate
2000b093   osi_TaskDelete
2000b329   osi_TaskDisable
2000b333   osi_TaskEnable
2000b311   osi_start
20000dcc   pPingCallBackFunc
200091ef   parseGetErrorCode
2000a48d   parseGetInstallationId
2000dec5   parseInitialize
20009151   parseSendRequest
200090dd   parseSendRequestInternal
2000a3df   parseSetInstallationId
20008d31   payloadSend
20012bf4   pcDigits
20004bb5   pcTaskGetTaskName
2000ed89   portCLZ
2000ed71   prvPortStartFirstTask
20011399   pvPortMalloc
20001074   pxCurrentTCB
2000e0f1   pxPortInitialiseStack
20010c13   rand
2000b507   realloc
2000c4dd   retreiveImageIDfromHTTPResponse
2000b837   saveClientState
20008fad   sendRequest
2000884d   setDataBufferPointer
2000a5bd   simpleJsonProcessor
20011a95   sl_Close
2000e705   sl_Connect
2000fe95   sl_DevGet
20010e05   sl_DevSet
2000ff11   sl_FsClose
20010e4d   sl_FsDel
20010555   sl_FsGetInfo
20010a6d   sl_FsOpen
2000f859   sl_FsRead
2000f8e5   sl_FsWrite
20011441   sl_Htonl
2001161d   sl_Htons
2000e8d5   sl_NetAppDnsGetHostByName
2000fa81   sl_NetAppMDNSRegisterUnregisterService
200120e7   sl_NetAppMDNSUnRegisterService
20010ac1   sl_NetAppSendTokenValue
20011ab9   sl_NetAppStart
20011add   sl_NetAppStop
20011031   sl_NetCfgSet
20011075   sl_Recv
2000e30d   sl_Select
2000f05d   sl_Send
20010c49   sl_SetSockOpt
20011711   sl_Socket
2000ec15   sl_Start
2000eb51   sl_Stop
2000d001   sl_WlanConnect
200121af   sl_WlanDisconnect
200101e5   sl_WlanGet
20011179   sl_WlanPolicySet
20011b01   sl_WlanProfileDel
200111b9   sl_WlanRxFilterSet
20010e95   sl_WlanSet
2001196d   sl_WlanSetMode
2000f575   snprintf
2000adf9   socketClose
2000ac5d   socketRead
2000aac1   socketSslConnect
2000aa61   socketWait
2000ad59   socketWrite
20010259   spi_Close
2000db3d   spi_Open
2000ea85   spi_Read
2000e7ed   spi_Write
2001074d   sprintf
20010bfd   srand
200010fa   sshPort
20012051   strlen
200112ad   strncasecmp
20011945   strncat
200119bb   strncmp
200116e1   strncpy
200115e9   strstr
2001212d   tolower
20010c95   uDMAChannelAssign
20010685   uDMAChannelAttributeDisable
200106e9   uDMAChannelAttributeEnable
200112e9   uDMAChannelControlSet
20011d59   uDMAChannelDisable
20011d75   uDMAChannelEnable
2000e615   uDMAChannelTransferSet
20012065   uDMAControlBaseSet
20012181   uDMADisable
2001218d   uDMAEnable
20012079   uDMAIntClear
20011fe9   uDMAIntRegister
20012199   uDMAIntStatus
200120f9   uDMAIntUnregister
200084a9   ucQueueGetQueueType
2000ecd9   ulPortSetInterruptMask
20009b67   updateLastPingTime
2000de7b   uxListRemove
20008489   uxQueueGetQueueNumber
2000841d   uxQueueMessagesWaiting
20008453   uxQueueMessagesWaitingFromISR
20008433   uxQueueSpacesAvailable
20004ba9   uxTaskGetNumberOfTasks
20004bd9   uxTaskGetSystemState
200050c9   uxTaskGetTaskNumber
20004725   uxTaskPriorityGet
20005621   uxTaskResetEventItemValue
2000c1cf   vApplicationIdleHook
2000c1d1   vApplicationMallocFailedHook
2000c1d3   vApplicationStackOverflowHook
2000c1cd   vAssertCalled
2000dd99   vListInitialise
2000ddc9   vListInitialiseItem
2000de15   vListInsert
2000ddd9   vListInsertEnd
2000ecef   vPortClearInterruptMask
2000e16d   vPortEndScheduler
2000e181   vPortEnterCritical
2000e199   vPortExitCritical
200113b9   vPortFree
2000ed49   vPortSVCHandler
2000e1cd   vPortSetupTimerInterrupt
2000e16f   vPortYield
200086c3   vQueueAddToRegistry
20008465   vQueueDelete
20008497   vQueueSetQueueNumber
20008705   vQueueUnregisterQueue
2000463b   vTaskDelay
2000459f   vTaskDelayUntil
2000450f   vTaskDelete
20004a8d   vTaskEndScheduler
200050bb   vTaskMissedYield
20004e51   vTaskPlaceOnEventList
20004eb5   vTaskPlaceOnUnorderedEventList
20005597   vTaskPriorityDisinherit
200054dd   vTaskPriorityInherit
2000475d   vTaskPrioritySet
20004955   vTaskResume
200050e9   vTaskSetTaskNumber
2000501b   vTaskSetTimeOutState
20004a43   vTaskStartScheduler
20004861   vTaskSuspend
20004a9f   vTaskSuspendAll
20004dd1   vTaskSwitchContext
2002c718   v_TimerOverflows
2000f9f9   vsnprintf
20001104   xHigherPriorityTaskWoken
2000ecfd   xPortPendSVHandler
2000e141   xPortStartScheduler
2000e1b1   xPortSysTickHandler
20008753   xQueueAddToSet
20008085   xQueueAltGenericReceive
20007fd9   xQueueAltGenericSend
20007ead   xQueueCreateCountingSemaphore
20007e2f   xQueueCreateMutex
2000873f   xQueueCreateSet
20007db9   xQueueGenericCreate
2000821f   xQueueGenericReceive
20007d29   xQueueGenericReset
20007ecd   xQueueGenericSend
20008183   xQueueGenericSendFromISR
2000865f   xQueueIsQueueEmptyFromISR
200086a1   xQueueIsQueueFullFromISR
200083d9   xQueuePeekFromISR
20008361   xQueueReceiveFromISR
2002c5c8   xQueueRegistry
20008787   xQueueRemoveFromSet
200087c9   xQueueSelectFromSet
200087e3   xQueueSelectFromSetFromISR
20001108   xSimpleLinkSpawnQueue
2000110c   xSimpleLinkSpawnTaskHndl
20005041   xTaskCheckForTimeOut
20004401   xTaskGenericCreate
20005491   xTaskGetCurrentTaskHandle
20004c97   xTaskGetIdleTaskHandle
200054a5   xTaskGetSchedulerState
20004b7d   xTaskGetTickCount
20004b91   xTaskGetTickCountFromISR
20004cb5   xTaskIncrementTick
20004f25   xTaskRemoveFromEventList
20004fad   xTaskRemoveFromUnorderedEventList
20004ab1   xTaskResumeAll
200049c9   xTaskResumeFromISR


GLOBAL SYMBOLS: SORTED BY Symbol Address 

address    name
--------   ----
00000001   __TI_args_main
00001000   __STACK_SIZE
00004000   __SYSMEM_SIZE
20000000   JPEG_StdHuffmanTbl
20000600   g_header
20000dcc   pPingCallBackFunc
20000dd0   gFirstCmdMode
20000dd4   g_pCB
20000dd8   g_StatMem
20000f50   g_SpiFd
20000f54   g_pHostIntHdl
20000f58   g_ucDMAEnabled
20000f5c   DMAMsgQ
20000f60   g_cDummy
20000f64   g_ucDinDout
20000fb4   JPEG_StdQuantTblC
20000ff4   JPEG_StdQuantTblY
20001074   pxCurrentTCB
200010d4   g_osVersion
200010fa   sshPort
200010fc   cnt
20001100   dataBufferSize
20001104   xHigherPriorityTaskWoken
20001108   xSimpleLinkSpawnQueue
2000110c   xSimpleLinkSpawnTaskHndl
20001110   g_ulStatus
20001114   g_ulGatewayIP
20001118   g_uiSimplelinkRole
2000112c   g_ulPingPacketsRecv
20001130   _lock
20001134   _unlock
20001138   __TI_cleanup_ptr
2000113c   __TI_dtors_ptr
2000114c   DigiCertHighAssuranceEVRootCA_der_len
20001154   main_func_sp
20003000   __stack
20004000   __STACK_END
20004000   g_pfnVectors
20004401   xTaskGenericCreate
2000450f   vTaskDelete
2000459f   vTaskDelayUntil
2000463b   vTaskDelay
20004691   eTaskGetState
20004725   uxTaskPriorityGet
2000475d   vTaskPrioritySet
20004861   vTaskSuspend
20004955   vTaskResume
200049c9   xTaskResumeFromISR
20004a43   vTaskStartScheduler
20004a8d   vTaskEndScheduler
20004a9f   vTaskSuspendAll
20004ab1   xTaskResumeAll
20004b7d   xTaskGetTickCount
20004b91   xTaskGetTickCountFromISR
20004ba9   uxTaskGetNumberOfTasks
20004bb5   pcTaskGetTaskName
20004bd9   uxTaskGetSystemState
20004c97   xTaskGetIdleTaskHandle
20004cb5   xTaskIncrementTick
20004dd1   vTaskSwitchContext
20004e51   vTaskPlaceOnEventList
20004eb5   vTaskPlaceOnUnorderedEventList
20004f25   xTaskRemoveFromEventList
20004fad   xTaskRemoveFromUnorderedEventList
2000501b   vTaskSetTimeOutState
20005041   xTaskCheckForTimeOut
200050bb   vTaskMissedYield
200050c9   uxTaskGetTaskNumber
200050e9   vTaskSetTaskNumber
20005491   xTaskGetCurrentTaskHandle
200054a5   xTaskGetSchedulerState
200054dd   vTaskPriorityInherit
20005597   vTaskPriorityDisinherit
20005621   uxTaskResetEventItemValue
2000620f   __TI_printfi
20006519   InitializeAppVariables
20006541   ConfigureSimpleLinkToDefaultState
200067e1   ConfigureMode
2000681d   ConnectToNetwork
20006985   ConnectToNetwork_2
20006a2b   ConnectToNetwork_STA_2
20006a47   ConnectToNetwork_STA
20006ad1   initNetwork
20006bf5   SimpleLinkWlanEventHandler
20006cd9   SimpleLinkNetAppEventHandler
20006d7d   SimpleLinkSockEventHandler
20006dd5   SimpleLinkHttpServerCallback
2000713d   CaptureAndStore_Image
2000756d   CamControllerInit
20007d29   xQueueGenericReset
20007db9   xQueueGenericCreate
20007e2f   xQueueCreateMutex
20007ead   xQueueCreateCountingSemaphore
20007ecd   xQueueGenericSend
20007fd9   xQueueAltGenericSend
20008085   xQueueAltGenericReceive
20008183   xQueueGenericSendFromISR
2000821f   xQueueGenericReceive
20008361   xQueueReceiveFromISR
200083d9   xQueuePeekFromISR
2000841d   uxQueueMessagesWaiting
20008433   uxQueueSpacesAvailable
20008453   uxQueueMessagesWaitingFromISR
20008465   vQueueDelete
20008489   uxQueueGetQueueNumber
20008497   vQueueSetQueueNumber
200084a9   ucQueueGetQueueType
2000865f   xQueueIsQueueEmptyFromISR
200086a1   xQueueIsQueueFullFromISR
200086c3   vQueueAddToRegistry
20008705   vQueueUnregisterQueue
2000873f   xQueueCreateSet
20008753   xQueueAddToSet
20008787   xQueueRemoveFromSet
200087c9   xQueueSelectFromSet
200087e3   xQueueSelectFromSetFromISR
2000884d   setDataBufferPointer
2000886f   buildRequestHeaders
20008c35   headerSend
20008d31   payloadSend
20008fad   sendRequest
200090dd   parseSendRequestInternal
20009151   parseSendRequest
200091ef   parseGetErrorCode
2000935d   CameraSensorInit
20009365   StartSensorInJpegMode
20009511   RegStatusRead
2000952f   WriteAllAEnAWBRegs
2000954b   ReadAllAEnAWBRegs
200095c1   enableAWB
200095ff   disableAWB
2000963d   enableAE
20009689   disableAE
200096fb   CCMRegs_Read
20009731   DigitalGainRegs_Read
20009761   ShutterRegs_Read
2000978f   AnalogGainReg_Read
200097d5   ResetImageSensorMCU
20009809   ReadMCUBootModeReg
20009825   SoftReset_ImageSensor
2000984b   Verify_ImageSensor
20009b0d   isPingTime
20009b67   updateLastPingTime
20009b71   fetchDeviceOSVersion
20009be5   createNewInstallationId
2000a21b   createInstallation
2000a26b   getInstallation
2000a3df   parseSetInstallationId
2000a48d   parseGetInstallationId
2000a5bd   simpleJsonProcessor
2000a987   findSecondJson
2000a9b3   isCompleteJson
2000a9d7   getPushJson
2000aa61   socketWait
2000aac1   socketSslConnect
2000ac5d   socketRead
2000ad59   socketWrite
2000adf9   socketClose
2000aefd   osi_InterruptRegister
2000af23   osi_InterruptDeRegister
2000af35   osi_SyncObjCreate
2000af65   osi_SyncObjDelete
2000af7f   osi_SyncObjSignal
2000afa7   osi_SyncObjSignalFromISR
2000afdf   osi_SyncObjWait
2000b00b   osi_SyncObjClear
2000b02d   osi_LockObjCreate
2000b053   osi_TaskCreate
2000b093   osi_TaskDelete
2000b0a1   osi_LockObjDelete
2000b0b1   osi_LockObjLock
2000b0dd   osi_LockObjUnlock
2000b107   osi_Spawn
2000b175   VStartSimpleLinkSpawnTask
2000b1c5   VDeleteSimpleLinkSpawnTask
2000b1f1   osi_MsgQCreate
2000b235   osi_MsgQDelete
2000b24f   osi_MsgQWrite
2000b281   osi_MsgQRead
2000b2bd   mem_Malloc
2000b2c9   mem_Free
2000b2d5   mem_set
2000b2e9   mem_copy
2000b2fd   osi_EnterCritical
2000b307   osi_ExitCritical
2000b311   osi_start
2000b319   osi_Sleep
2000b329   osi_TaskDisable
2000b333   osi_TaskEnable
2000b33d   osi_ContextSave
2000b33f   osi_ContextRestore
2000b359   minit
2000b3e5   malloc
2000b447   free
2000b507   realloc
2000b60d   memalign
2000b6ed   calloc
2000b725   loadClientState
2000b837   saveClientState
2000bad9   _SlDrvMsgRead
2000be81   _SlAsyncEventGenericHandler
2000c1cd   vAssertCalled
2000c1cf   vApplicationIdleHook
2000c1d1   vApplicationMallocFailedHook
2000c1d3   vApplicationStackOverflowHook
2000c1d5   Main_Task
2000c27b   main
2000c495   InitialiseParse
2000c4ab   UploadImageToParse
2000c4c9   UploadSensorDataToParse
2000c4dd   retreiveImageIDfromHTTPResponse
2000c515   ConstructDeviceStateObject
2000c711   __aeabi_uldivmod
2000c905   ensureCertificateFile
2000cae1   InitTerm
2000caff   Message
2000cb19   ClearTerm
2000cb1f   Error
2000cb53   GetCmd
2000cbb3   TrimSpace
2000cbfd   Report
2000cc99   __aeabi_dsub
2000cca3   __aeabi_dadd
2000ce51   addHttpRequestLine
2000ce99   beginHttpRequest
2000cebb   beginHttpGetRequest
2000ceff   addHttpRequestHeader
2000cf2d   addHttpRequestHeaderInt
2000cf4f   getHttpResponseStatus
2000cf7b   getHttpResponseBody
2000d001   sl_WlanConnect
2000d19d   DmaSwIntHandler
2000d1af   DmaErrorIntHandler
2000d1bb   UDMAInit
2000d205   UDMAChannelSelect
2000d22d   SetupTransfer
2000d263   UDMASetupAutoMemTransfer
2000d287   UDMASetupPingPongTransfer
2000d2d1   UDMADeInit
2000d2e5   DMASetupTransfer
2000d393   I2C_IF_Write
2000d3f5   I2C_IF_Read
2000d45d   I2C_IF_ReadFrom
2000d47d   I2C_IF_Open
2000d4a7   I2C_IF_Close
2000d4bd   I2CInit
2000d4db   I2CBufferRead
2000d583   I2CBufferWrite
2000d62d   _SlDrvDataReadOp
2000d791   _SlDrvRxHdrRead
2000d8d1   __aeabi_ddiv
2000da09   PRCMCC3200MCUInit
2000db3d   spi_Open
2000dc6d   _SlDrvDataWriteOp
2000dd99   vListInitialise
2000ddc9   vListInitialiseItem
2000ddd9   vListInsertEnd
2000de15   vListInsert
2000de7b   uxListRemove
2000dec5   parseInitialize
2000df6f   getInternalClient
2000dfdd   _SlDrvMsgWrite
2000e0f1   pxPortInitialiseStack
2000e141   xPortStartScheduler
2000e16d   vPortEndScheduler
2000e16f   vPortYield
2000e181   vPortEnterCritical
2000e199   vPortExitCritical
2000e1b1   xPortSysTickHandler
2000e1cd   vPortSetupTimerInterrupt
2000e201   _SlDrvWaitForPoolObj
2000e30d   sl_Select
2000e415   _SlDrvReleasePoolObj
2000e519   __aeabi_dmul
2000e615   uDMAChannelTransferSet
2000e705   sl_Connect
2000e7ed   spi_Write
2000e8d5   sl_NetAppDnsGetHostByName
2000e9ad   TimerBaseIntHandler
2000e9bf   InitializeTimer
2000e9eb   StartTimer
2000ea07   StopTimer
2000ea15   GetTimeDuration
2000ea85   spi_Read
2000eb51   sl_Stop
2000ec15   sl_Start
2000ecd9   ulPortSetInterruptMask
2000ecef   vPortClearInterruptMask
2000ecfd   xPortPendSVHandler
2000ed49   vPortSVCHandler
2000ed71   prvPortStartFirstTask
2000ed89   portCLZ
2000ed91   _SlDrvMsgReadCmdCtx
2000ee45   debugPrint
2000ee67   debugPrintf
2000eef9   _SlDrvNetAppEventHandler
2000efab   PinMuxConfig
2000f05d   sl_Send
2000f10d   IntDisable
2000f1b5   IntEnable
2000f25d   Timer_IF_Init
2000f287   Timer_IF_IntSetup
2000f2b9   Timer_IF_InterruptClear
2000f2cd   Timer_IF_Start
2000f2e1   Timer_IF_DeInit
2000f2f9   Timer_IF_GetCount
2000f305   SPIConfigSetExpClk
2000f3a5   CollectTxit_ImgTempRH
2000f441   __aeabi_memcpy
2000f441   __aeabi_memcpy4
2000f441   __aeabi_memcpy8
2000f441   memcpy
2000f4dd   _SlFindAndSetActiveObj
2000f575   snprintf
2000f60d   PRCMPeripheralClockGet
2000f6a1   _SlDrvClassifyRxMsg
2000f735   __TI_auto_init
2000f7c9   _SlDrvMsgReadSpawnCtx
2000f859   sl_FsRead
2000f8e5   sl_FsWrite
2000f971   PinConfigSet
2000f9f9   vsnprintf
2000fa81   sl_NetAppMDNSRegisterUnregisterService
2000fb09   __aeabi_cdcmpeq
2000fb09   __aeabi_cdcmple
2000fb8f   __aeabi_cdrcmple
2000fc15   I2CMasterInitExpClk
2000fc99   _SlDrvCmdOp
2000fd1d   NwpPowerOnPreamble
2000fd9d   _SlDrvDriverCBInit
2000fe19   _sl_HandleAsync_DnsGetHostByName
2000fe95   sl_DevGet
2000ff11   sl_FsClose
2000ff8d   __aeabi_fmul
20010081   __aeabi_memclr
20010081   __aeabi_memclr4
20010081   __aeabi_memclr8
20010083   __aeabi_memset
20010083   __aeabi_memset4
20010083   __aeabi_memset8
20010089   memset
200100f9   UARTConfigSetExpClk
20010171   _sl_HandleAsync_InitComplete
200101e5   sl_WlanGet
20010259   spi_Close
200102cd   TimerIntRegister
2001033d   _sl_HandleAsync_PingResponse
200103ad   _sl_TruncatePayloadByProtocol
2001041d   TimerIntUnregister
20010485   _sl_HandleAsync_Connect
200104ed   _sl_HandleAsync_DnsGetHostByService
20010555   sl_FsGetInfo
200105bd   _sl_GetCreateFsMode
20010621   _sl_HandleAsync_Accept
20010685   uDMAChannelAttributeDisable
200106e9   uDMAChannelAttributeEnable
2001074d   sprintf
2001080b   ltoa
20010865   IntPendClear
200108bd   PRCMPeripheralReset
20010915   _SlDrvDriverCBDeinit
2001096d   _sl_HandleAsync_Select
200109c5   IntPrioritySet
20010a19   _sl_HandleAsync_Stop
20010a6d   sl_FsOpen
20010ac1   sl_NetAppSendTokenValue
20010b15   intToASCII
20010b65   SPIIntEnable
20010bb1   atoi
20010bfd   srand
20010c13   rand
20010c49   sl_SetSockOpt
20010c95   uDMAChannelAssign
20010ce1   _sl_GetStartResponseConvert
20010d2b   __aeabi_d2f
20010d75   SPIIntClear
20010dbd   __aeabi_d2iz
20010e05   sl_DevSet
20010e4d   sl_FsDel
20010e95   sl_WlanSet
20010f21   TimerConfigure
20010f65   copy_in
20010fa9   C$$EXIT
20010fad   abort
20010fb5   exit
20010fed   _Dtest
20011031   sl_NetCfgSet
20011075   sl_Recv
200110b9   PinModeSet
200110f9   _SlDrvRxIrqHandler
20011139   _SlRemoveFromList
20011179   sl_WlanPolicySet
200111b9   sl_WlanRxFilterSet
200111f9   NwpPowerOff
20011235   PRCMPeripheralClkEnable
20011271   _SlDrvObjInit
200112ad   strncasecmp
200112e9   uDMAChannelControlSet
20011325   CameraCaptureStop
2001135f   CameraXClkConfig
20011399   pvPortMalloc
200113b9   vPortFree
200113d1   __aeabi_f2d
20011409   __aeabi_f2iz
20011441   sl_Htonl
20011479   GPIODirModeSet
200114af   CameraParamsConfig
200114e5   PRCMPeripheralStatusGet
20011519   SPIFIFOLevelSet
2001154d   _SlDrvBasicCmd
20011581   _c_int00
200115b5   __aeabi_f2uiz
200115e9   strstr
2001161d   sl_Htons
20011651   NwpPowerOn
20011681   PinTypeGPIO
200116b1   UARTDisable
200116e1   strncpy
20011711   sl_Socket
20011741   __aeabi_i2d
20011771   CameraIntEnable
2001179d   DmaSpiSwIntHandler
200117c9   I2CMasterErr
200117f5   PRCMSysResetCauseGet
20011821   _SlDrvFlowContDeinit
2001184d   _SlDrvFlowContInit
20011879   TimerLoadSet
20011879   Timer_IF_ReLoad
200118a3   TimerPrescaleSet
200118cd   CameraIntStatus
200118f5   PRCMPeripheralClkDisable
2001191d   _sl_BuildAddress
20011945   strncat
2001196d   sl_WlanSetMode
20011995   CameraThresholdSet
200119bb   strncmp
200119e1   CameraIntClear
20011a05   IntUnregister
20011a29   UARTEnable
20011a4d   memmove
20011a71   __aeabi_ui2f
20011a95   sl_Close
20011ab9   sl_NetAppStart
20011add   sl_NetAppStop
20011b01   sl_WlanProfileDel
20011b25   CameraCaptureStart
20011b47   I2CMasterSlaveAddrSet
20011b69   NwpRegisterInterruptHandler
20011b8b   SPIReset
20011bad   SPIWordCountSet
20011bcf   memcmp
20011bf1   IntRegister
20011c11   _SlDrvCmdSend
20011c31   __aeabi_ui2d
20011c51   I2CMasterIntStatusEx
20011c6f   TimerDisable
20011c6f   Timer_IF_Stop
20011c8d   TimerEnable
20011cab   TimerIntStatus
20011cc9   UARTCharPut
20011ce7   PinTypeI2C
20011d03   TimerValueGet
20011d21   _SlDrvObjDeInit
20011d3d   memccpy
20011d59   UDMAStopTransfer
20011d59   uDMAChannelDisable
20011d75   uDMAChannelEnable
20011d91   CopyPingResultsToReport
20011dab   PinTypeCamera
20011dc5   PinTypeUART
20011ddf   SPIDmaDisable
20011df9   SPIDmaEnable
20011e13   SPIFIFODisable
20011e2d   SPIFIFOEnable
20011e47   _SlDrvDeviceEventHandler
20011e61   CameraReset
20011e79   SPICSDisable
20011e91   SPICSEnable
20011ea9   SPIDisable
20011ec1   SPIEnable
20011ed9   TimerIntDisable
20011ef1   TimerIntEnable
20011f09   _args_main
20011f21   __aeabi_lmul
20011f39   CameraDMAEnable
20011f4f   CameraIntRegister
20011f65   I2CMasterDataPut
20011f7b   I2CMasterEnable
20011f91   PRCMHIBRegRead
20011fa7   PRCMHIBRegWrite
20011fbd   UARTCharGet
20011fd3   _sl_Strlen
20011fe9   uDMAIntRegister
20011fff   CPUcpsie
20012015   IntVTableBaseSet
20012029   _SlDrvShiftDWord
2001203d   _register_unlock
20012043   _register_lock
2001204b   _nop
20012051   strlen
20012065   uDMAControlBaseSet
20012079   uDMAIntClear
2001208d   I2CMasterControl
2001209f   I2CMasterIntClearEx
200120b1   I2CMasterTimeoutSet
200120c3   TimerIntClear
200120d5   __TI_zero_init
200120e7   sl_NetAppMDNSUnRegisterService
200120f9   uDMAIntUnregister
2001210d   NwpMaskInterrupt
2001211d   SL_FD_SET
2001212d   tolower
2001213d   I2CMasterDataGet
2001214b   __TI_decompress_none
20012159   _Dclass
20012167   ResetISR
20012175   NwpUnMaskInterrupt
20012181   uDMADisable
2001218d   uDMAEnable
20012199   uDMAIntStatus
200121a5   IntMasterEnable
200121af   sl_WlanDisconnect
200121b7   MT9D111Delay
200121bd   SL_FD_ZERO
200121c3   UtilsDelay
200121c9   __TI_decompress_rle24
2001230c   _ctypes_
20012514   _SlPolicySetCmdCtrl
20012518   _SlPolicyGetCmdCtrl
2001251c   _SlProfileGetCmdCtrl
20012520   _SlProfileDelCmdCtrl
20012524   _SlWlanGetNetworkListCtrl
20012528   _SlRxFilterAddtCmdCtrl
2001252c   _SlRxFilterSetCmdCtrl
20012530   _SlRxFilterGetCmdCtrl
20012534   _SlSmartConfigStartCmdCtrl
20012538   _SlWlanSetModeCmdCtrl
2001253c   _SlWlanCfgSetCmdCtrl
20012540   _SlWlanCfgGetCmdCtrl
200129dc   g_H2NSyncPattern
200129e4   g_H2NCnysPattern
200129ec   _SlActionLookupTable
20012a68   _SlFsOpenCmdCtrl
20012a6c   _SlFsCloseCmdCtrl
20012a70   _SlFsReadCmdCtrl
20012a74   _SlFsWriteCmdCtrl
20012a78   _SlFsGetInfoCmdCtrl
20012a7c   _SlFsDeleteCmdCtrl
20012aac   _SlSockSocketCmdCtrl
20012ab0   _SlSockCloseCmdCtrl
20012ab4   _SlRecvfomCmdCtrl
20012ab8   _SlSendCmdCtrl
20012abc   _SlListenCmdCtrl
20012ac0   _SlAcceptCmdCtrl
20012ac4   _SlRecvCmdCtrl
20012ac8   _SlSetSockOptCmdCtrl
20012acc   _SlGetSockOptCmdCtrl
20012ad0   _SlSelectCmdCtrl
20012b30   _SlNetAppStartCtrl
20012b34   _SlNetAppStopCtrl
20012b38   _SlGetServiceListeCtrl
20012b3c   _SlRegisterServiceCtrl
20012b40   _SlGetHostByServiceCtrl
20012b44   _SlGetHostByNameCtrl
20012b48   _SlNetAppSetCmdCtrl
20012b4c   _SlNetAppSendTokenValueCmdCtrl
20012b50   _SlNetAppGetCmdCtrl
20012bb0   g_deviceClientVersion
20012be0   _SlStopCmdCtrl
20012be4   _SlEventMaskSetCmdCtrl
20012be8   _SlEventMaskGetCmdCtrl
20012bec   _SlDeviceGetCmdCtrl
20012bf0   _SlDeviceSetCmdCtrl
20012bf4   pcDigits
20012c00   _SlNetCfgSetCmdCtrl
20012c04   _SlNetCfgGetCmdCtrl
20012c10   __TI_static_base__
200136c4   __TI_Handler_Table_Base
200136d0   __TI_Handler_Table_Limit
200136d8   __TI_CINIT_Base
200136e8   __TI_CINIT_Limit
20018000   g_image_buffer
2002c000   gpCtlTbl
2002c400   gfpAppCallbackHndl
2002c5c8   xQueueRegistry
2002c618   clientStateFileName
2002c64c   g_ucConnectionSSID
2002c670   g_flag_blockFull
2002c6e8   g_ucConnectionBSSID
2002c6f4   dataBuffer
2002c6f8   g_block_lastFilled
2002c6fc   g_frame_size_in_bytes
2002c700   g_header_length
2002c704   g_position_in_block
2002c708   g_readHeader
2002c718   v_TimerOverflows
2002c71c   g_CaptureImage
2002c71e   g_flag_DataBlockFilled
2002c71f   g_frame_end
2002c720   iDone
2002c728   _sys_memory
ffffffff   __binit__
ffffffff   __c_args__
ffffffff   binit
UNDEFED    SHT$$INIT_ARRAY$$Base
UNDEFED    SHT$$INIT_ARRAY$$Limit

[606 symbols]
