******************************************************************************
                  TI ARM Linker PC v5.2.2                      
******************************************************************************
>> Linked Fri Jul 03 17:41:31 2015

OUTPUT FILE NAME:   <ULP_SEC_CAM.out>
ENTRY POINT SYMBOL: "_c_int00"  address: 20019965


MEMORY CONFIGURATION

         name            origin    length      used     unused   attr    fill
----------------------  --------  ---------  --------  --------  ----  --------
  SRAM_BOOTLDR          20000000   00004000  000025ec  00001a14  RW X
  SRAM_CODE             20004000   0001a000  0001854e  00001ab2  RW X
  SRAM_DATA             2001e000   0001e000  0001add2  0000322e  RW X


SEGMENT ALLOCATION MAP

run origin  load origin   length   init length attrs members
----------  ----------- ---------- ----------- ----- -------
20000000    20000000    000015ec   00000000    rw-
  20000000    20000000    000015ec   00000000    rw- .data
20003000    20003000    00001000   00000000    rw-
  20003000    20003000    00001000   00000000    rw- .stack
20004000    20004000    00018550   00018550    r-x
  20004000    20004000    00000400   00000400    r-- .intvecs
  20004400    20004400    0001664a   0001664a    r-x .text
  2001aa4c    2001aa4c    00000f34   00000f34    r-- .const
  2001b980    2001b980    00000bd0   00000bd0    r-- .cinit
2001e000    2001e000    0001add8   00000000    rw-
  2001e000    2001e000    00015dd2   00000000    rw- .bss
  20033dd8    20033dd8    00005000   00000000    rw- .sysmem


SECTION ALLOCATION MAP

 output                                  attributes/
section   page    origin      length       input sections
--------  ----  ----------  ----------   ----------------
.data      0    20000000    000015ec     UNINITIALIZED
                  20000000    00000600     camera_app.obj (.data:JPEG_StdHuffmanTbl)
                  20000600    00000400     camera_app.obj (.data:g_header)
                  20000a00    000003c9     cc3200_certificate.obj (.data:DigiCertHighAssuranceEVRootCA_der)
                  20000dc9    00000001     main_FXOS8700.obj (.data)
                  20000dca    00000001     tasks.obj (.data)
                  20000dcb    00000001     --HOLE--
                  20000dcc    00000184     simplelink.a : driver.obj (.data)
                  20000f50    000000f0     rtsv7M4_T_le_eabi.lib : defs.obj (.data:_ftable)
                  20001040    000000d0                           : lowlev.obj (.data)
                  20001110    000000b0                           : signal.obj (.data:sigtable)
                  200011c0    00000080                           : xvalues.obj (.data)
                  20001240    00000068                           : xfvalues.obj (.data)
                  200012a8    00000064     network_relater_fns.obj (.data:Token)
                  2000130c    00000064     network_relater_fns.obj (.data:Value)
                  20001370    00000064     simplelink.a : cc_pal.obj (.data)
                  200013d4    00000040     camera_app.obj (.data:JPEG_StdQuantTblC)
                  20001414    00000040     camera_app.obj (.data:JPEG_StdQuantTblY)
                  20001454    00000040     camera_app.obj (.data:zigzag)
                  20001494    0000003c     main.obj (.data:g_token_get)
                  200014d0    00000034     free_rtos.a : tasks.obj (.data)
                  20001504    0000002c     cc3200_utils.obj (.data:lastDateTime)
                  20001530    00000024     main.obj (.data)
                  20001554    00000018     cc3200_utils.obj (.data)
                  2000156c    00000018     request.obj (.data)
                  20001584    00000010     rtsv7M4_T_le_eabi.lib : defs.obj (.data)
                  20001594    0000000c     free_rtos.a : osi_freertos.obj (.data)
                  200015a0    0000000c     rtsv7M4_T_le_eabi.lib : memory.obj (.data)
                  200015ac    00000008     camera_app.obj (.data)
                  200015b4    00000008     rtsv7M4_T_le_eabi.lib : _lock.obj (.data)
                  200015bc    00000008                           : exit.obj (.data)
                  200015c4    00000008                           : feraiseexcept.obj (.data)
                  200015cc    00000006     http.obj (.data)
                  200015d2    00000002     --HOLE--
                  200015d4    00000004     cc3200_certificate.obj (.data)
                  200015d8    00000004     free_rtos.a : port.obj (.data)
                  200015dc    00000004     rtsv7M4_T_le_eabi.lib : errno.obj (.data)
                  200015e0    00000004                           : fopen.obj (.data)
                  200015e4    00000004                           : rand.obj (.data)
                  200015e8    00000004                           : stkdepth_vars.obj (.data)

.TI.persistent 
*          0    20000000    00000000     UNINITIALIZED

.stack     0    20003000    00001000     UNINITIALIZED
                  20003000    00001000     --HOLE--

.intvecs   0    20004000    00000400     
                  20004000    00000400     startup_ccs.obj (.intvecs)

.text      0    20004400    0001664a     
                  20004400    0000197c     orientation.obj (.text)
                  20005d7c    000012e8     magnetic.obj (.text)
                  20007064    00001258     free_rtos.a : tasks.obj (.text)
                  200082bc    000010a6     rtsv7M4_T_le_eabi.lib : _printfi.obj (.text)
                  20009362    00000002     driverlib.a : interrupt.obj (.text:IntDefaultHandler)
                  20009364    00000fc0     network_relater_fns.obj (.text)
                  2000a324    00000f0c     camera_app.obj (.text)
                  2000b230    00000b50     wifi_provisioning_thruAPmode.obj (.text)
                  2000bd80    00000b24     free_rtos.a : queue.obj (.text)
                  2000c8a4    00000a58     matrix.obj (.text)
                  2000d2fc    0000090c     mt9d111.obj (.text)
                  2000dc08    000006fc     request.obj (.text)
                  2000e304    000004d8     tasks.obj (.text)
                  2000e7dc    00000468     cc3200_utils.obj (.text)
                  2000ec44    0000045c     free_rtos.a : osi_freertos.obj (.text)
                  2000f0a0    00000448     main_FXOS8700.obj (.text)
                  2000f4e8    000003f0     simplelink.a : driver.obj (.text:_SlDrvMsgRead)
                  2000f8d8    000003dc     rtsv7M4_T_le_eabi.lib : memory.obj (.text)
                  2000fcb4    000003c0     main.obj (.text)
                  20010074    00000378     rtsv7M4_T_le_eabi.lib : powf.obj (.text)
                  200103ec    0000036c     simplelink.a : driver.obj (.text:_SlAsyncEventGenericHandler)
                  20010758    00000334     accelomtrMagntomtr_fxos8700.obj (.text)
                  20010a8c    0000032c     installation.obj (.text)
                  20010db8    0000031a     simplejson.obj (.text)
                  200110d2    00000002     --HOLE-- [fill = 0]
                  200110d4    0000030c     rtsv7M4_T_le_eabi.lib : lowlev.obj (.text)
                  200113e0    00000308     parse_uploads.obj (.text)
                  200116e8    000002d4     rtsv7M4_T_le_eabi.lib : trgdrv.obj (.text)
                  200119bc    000002a8     lightSens_isl29035.obj (.text)
                  20011c64    00000298     rtsv7M4_T_le_eabi.lib : vla_alloc.obj (.text)
                  20011efc    0000026c     tempRHSens_si7020.obj (.text)
                  20012168    0000024c     i2c_app.obj (.text)
                  200123b4    00000230     approximations.obj (.text)
                  200125e4    00000228     cc3200_socket.obj (.text)
                  2001280c    00000200     flash_files.obj (.text)
                  20012a0c    000001f8     i2cconfig.obj (.text)
                  20012c04    000001f4     rtsv7M4_T_le_eabi.lib : ull_div_t2.obj (.text)
                  20012df8    000001c4                           : fopen.obj (.text)
                  20012fbc    000001bc     algorithm_basic.obj (.text)
                  20013178    000001bc     rtsv7M4_T_le_eabi.lib : xflog.obj (.text)
                  20013334    000001b8     uartA1_if.obj (.text)
                  200134ec    000001b6     rtsv7M4_T_le_eabi.lib : fd_add_t2.obj (.text)
                  200136a2    00000002     --HOLE-- [fill = 0]
                  200136a4    000001a4     simplelink.a : wlan.obj (.text:sl_WlanConnect)
                  20013848    0000019c     collect_and_txit.obj (.text)
                  200139e4    0000019c     rtsv7M4_T_le_eabi.lib : xfsin.obj (.text)
                  20013b80    00000198     udma_if.obj (.text)
                  20013d18    0000018c     i2c_if.obj (.text)
                  20013ea4    00000178     rtsv7M4_T_le_eabi.lib : tanf.obj (.text)
                  2001401c    00000178                           : xfexp.obj (.text)
                  20014194    00000174     drivers.obj (.text)
                  20014308    00000174     fusion.obj (.text)
                  2001447c    0000016c     simplelink.a : driver.obj (.text:_SlDrvDataReadOp)
                  200145e8    00000154     hibernate_related_fns.obj (.text)
                  2001473c    00000150     cc3200_client_state.obj (.text)
                  2001488c    00000150     http.obj (.text)
                  200149dc    00000140     simplelink.a : driver.obj (.text:_SlDrvRxHdrRead)
                  20014b1c    0000013c     rtsv7M4_T_le_eabi.lib : fmodf.obj (.text)
                  20014c58    00000136                           : fd_div_t2.obj (.text)
                  20014d8e    00000002     --HOLE-- [fill = 0]
                  20014d90    00000134     driverlib.a : prcm.obj (.text:PRCMCC3200MCUInit)
                  20014ec4    00000134     rtsv7M4_T_le_eabi.lib : fputs.obj (.text)
                  20014ff8    00000130     simplelink.a : cc_pal.obj (.text:spi_Open)
                  20015128    0000012c                  : driver.obj (.text:_SlDrvDataWriteOp)
                  20015254    0000012a     free_rtos.a : list.obj (.text)
                  2001537e    00000002     --HOLE-- [fill = 0]
                  20015380    00000120     simplelink.a : driver.obj (.text:_SlDrvMsgWrite)
                  200154a0    0000011c                  : driver.obj (.text:_SlDrvWaitForPoolObj)
                  200155bc    00000110     free_rtos.a : port.obj (.text)
                  200156cc    00000110     rtsv7M4_T_le_eabi.lib : xdscale.obj (.text)
                  200157dc    00000108     simplelink.a : socket.obj (.text:sl_Select)
                  200158e4    00000104     dbgFns.obj (.text)
                  200159e8    00000100     pinmux.obj (.text)
                  20015ae8    000000fc     rtsv7M4_T_le_eabi.lib : fd_mul_t2.obj (.text)
                  20015be4    000000fa                           : fs_add_t2.obj (.text)
                  20015cde    00000002     --HOLE-- [fill = 0]
                  20015ce0    000000f0     simplelink.a : driver.obj (.text:_SlDrvReleasePoolObj)
                  20015dd0    000000f0     driverlib.a : udma.obj (.text:uDMAChannelTransferSet)
                  20015ec0    000000e8     simplelink.a : socket.obj (.text:sl_Connect)
                  20015fa8    000000e8                  : cc_pal.obj (.text:spi_Write)
                  20016090    000000dc     app_common.obj (.text)
                  2001616c    000000dc     rtsv7M4_T_le_eabi.lib : setvbuf.obj (.text)
                  20016248    000000dc     simplelink.a : netapp.obj (.text:sl_NetAppDnsGetHostByName)
                  20016324    000000d8     rtsv7M4_T_le_eabi.lib : xfatan.obj (.text)
                  200163fc    000000d0                           : xfdscale.obj (.text)
                  200164cc    000000cc                           : sqrtf.obj (.text)
                  20016598    000000cc     simplelink.a : cc_pal.obj (.text:spi_Read)
                  20016664    000000c8     rtsv7M4_T_le_eabi.lib : fflush.obj (.text)
                  2001672c    000000c8     simplelink.a : device.obj (.text:sl_Start)
                  200167f4    000000c4                  : device.obj (.text:sl_Stop)
                  200168b8    000000be     rtsv7M4_T_le_eabi.lib : xdnorm.obj (.text)
                  20016976    00000002     --HOLE-- [fill = 0]
                  20016978    000000bc                           : acosf.obj (.text)
                  20016a34    000000ba     free_rtos.a : portasm.obj (.text)
                  20016aee    00000002     --HOLE-- [fill = 0]
                  20016af0    000000b8     cc3200_certificate.obj (.text)
                  20016ba8    000000b4     simplelink.a : driver.obj (.text:_SlDrvMsgReadCmdCtx)
                  20016c5c    000000b4                  : netapp.obj (.text:_SlDrvNetAppEventHandler)
                  20016d10    000000b4     appFns_BatteryLevelSense.obj (.text)
                  20016dc4    000000b0     simplelink.a : socket.obj (.text:sl_Send)
                  20016e74    000000ac     rtsv7M4_T_le_eabi.lib : _io_perm.obj (.text)
                  20016f20    000000a8     driverlib.a : interrupt.obj (.text:IntDisable)
                  20016fc8    000000a8                 : interrupt.obj (.text:IntEnable)
                  20017070    000000a8     timer_if.obj (.text)
                  20017118    000000a0     driverlib.a : spi.obj (.text:SPIConfigSetExpClk)
                  200171b8    0000009c     rtsv7M4_T_le_eabi.lib : memcpy_t2.obj (.text)
                  20017254    00000098     simplelink.a : driver.obj (.text:_SlDrvClassifyRxMsg)
                  200172ec    00000098                  : driver.obj (.text:_SlFindAndSetActiveObj)
                  20017384    00000098     rtsv7M4_T_le_eabi.lib : fclose.obj (.text)
                  2001741c    00000098                           : fputc.obj (.text)
                  200174b4    00000094     driverlib.a : prcm.obj (.text:PRCMPeripheralClockGet)
                  20017548    00000094     rtsv7M4_T_le_eabi.lib : snprintf.obj (.text)
                  200175dc    00000092                           : fs_div_t2.obj (.text)
                  2001766e    00000002     --HOLE-- [fill = 0]
                  20017670    00000090     simplelink.a : driver.obj (.text:_SlDrvMsgReadSpawnCtx)
                  20017700    0000008c     rtsv7M4_T_le_eabi.lib : xfdint.obj (.text)
                  2001778c    0000008c     simplelink.a : fs.obj (.text:sl_FsRead)
                  20017818    0000008c                  : fs.obj (.text:sl_FsWrite)
                  200178a4    0000008c                  : netapp.obj (.text:sl_NetAppMDNSRegisterUnregisterService)
                  20017930    00000088     driverlib.a : prcm.obj (.text:PRCMHibernateIntervalSet)
                  200179b8    00000088                 : pin.obj (.text:PinConfigSet)
                  20017a40    00000088     parse_impl.obj (.text)
                  20017ac8    00000088     rtsv7M4_T_le_eabi.lib : vsnprintf.obj (.text)
                  20017b50    00000086                           : fd_cmp_t2.obj (.text:__aeabi_cdcmple)
                  20017bd6    00000086                           : fd_cmp_t2.obj (.text:__aeabi_cdrcmple)
                  20017c5c    00000084     driverlib.a : i2c.obj (.text:I2CMasterInitExpClk)
                  20017ce0    00000084     simplelink.a : driver.obj (.text:_SlDrvCmdOp)
                  20017d64    00000080                  : cc_pal.obj (.text:NwpPowerOnPreamble)
                  20017de4    0000007c                  : driver.obj (.text:_SlDrvDriverCBInit)
                  20017e60    0000007c                  : device.obj (.text:sl_DevGet)
                  20017edc    0000007c                  : fs.obj (.text:sl_FsClose)
                  20017f58    0000007a     rtsv7M4_T_le_eabi.lib : fs_mul_t2.obj (.text)
                  20017fd2    0000007a                           : memset_t2.obj (.text)
                  2001804c    0000007a                           : xfdnorm.obj (.text)
                  200180c6    00000002     --HOLE-- [fill = 0]
                  200180c8    00000078     simplelink.a : cc_pal.obj (.text:SetupDMAReceive)
                  20018140    00000078                  : netapp.obj (.text:_sl_HandleAsync_DnsGetHostByName)
                  200181b8    00000078                  : netapp.obj (.text:_sl_HandleAsync_PingResponse)
                  20018230    00000078                  : wlan.obj (.text:sl_WlanGet)
                  200182a8    00000076     driverlib.a : uart.obj (.text:UARTConfigSetExpClk)
                  2001831e    00000002     --HOLE-- [fill = 0]
                  20018320    00000074     simplelink.a : device.obj (.text:_sl_HandleAsync_InitComplete)
                  20018394    00000074                  : cc_pal.obj (.text:spi_Close)
                  20018408    00000074     timer_fns.obj (.text)
                  2001847c    00000070     driverlib.a : timer.obj (.text:TimerIntRegister)
                  200184ec    00000070     simplelink.a : fs.obj (.text:sl_FsGetInfo)
                  2001855c    0000006c                  : socket.obj (.text:_sl_TruncatePayloadByProtocol)
                  200185c8    0000006c     rtsv7M4_T_le_eabi.lib : autoinit.obj (.text)
                  20018634    0000006c                           : fprintf.obj (.text)
                  200186a0    0000006a                           : copy_decompress_rle.obj (.text)
                  2001870a    00000002     --HOLE-- [fill = 0]
                  2001870c    00000068     driverlib.a : prcm.obj (.text:PRCMHibernateWakeUpGPIOSelect)
                  20018774    00000068                 : timer.obj (.text:TimerIntUnregister)
                  200187dc    00000068     simplelink.a : fs.obj (.text:_sl_GetCreateFsMode)
                  20018844    00000068                  : socket.obj (.text:_sl_HandleAsync_Connect)
                  200188ac    00000068     batteryVoltLvlSens_adc081c021.obj (.text)
                  20018914    00000068     rtsv7M4_T_le_eabi.lib : trgmsg.obj (.text)
                  2001897c    00000066                           : xdunscal.obj (.text)
                  200189e2    00000002     --HOLE-- [fill = 0]
                  200189e4    00000064     simplelink.a : socket.obj (.text:_sl_HandleAsync_Accept)
                  20018a48    00000064                  : netapp.obj (.text:_sl_HandleAsync_DnsGetHostByService)
                  20018aac    00000064     rtsv7M4_T_le_eabi.lib : fseek.obj (.text)
                  20018b10    00000064     driverlib.a : udma.obj (.text:uDMAChannelAttributeDisable)
                  20018b74    00000064                 : udma.obj (.text:uDMAChannelAttributeEnable)
                  20018bd8    00000060     rtsv7M4_T_le_eabi.lib : fs_cmp_t2.obj (.text:__aeabi_cfcmple)
                  20018c38    00000060                           : fs_cmp_t2.obj (.text:__aeabi_cfrcmple)
                  20018c98    00000060                           : sprintf.obj (.text)
                  20018cf8    00000058     driverlib.a : interrupt.obj (.text:IntPendClear)
                  20018d50    00000058                 : prcm.obj (.text:PRCMPeripheralReset)
                  20018da8    00000058     simplelink.a : driver.obj (.text:_SlDrvDriverCBDeinit)
                  20018e00    00000058                  : socket.obj (.text:_sl_HandleAsync_Select)
                  20018e58    00000058                  : netapp.obj (.text:sl_NetAppSendTokenValue)
                  20018eb0    00000056     rtsv7M4_T_le_eabi.lib : ltoa.obj (.text)
                  20018f06    00000056                           : xfdunsca.obj (.text)
                  20018f5c    00000054     driverlib.a : interrupt.obj (.text:IntPrioritySet)
                  20018fb0    00000054     simplelink.a : device.obj (.text:_sl_HandleAsync_Stop)
                  20019004    00000054                  : fs.obj (.text:sl_FsOpen)
                  20019058    00000050     rtsv7M4_T_le_eabi.lib : fs_toull_t2.obj (.text)
                  200190a8    0000004c     driverlib.a : spi.obj (.text:SPIIntEnable)
                  200190f4    0000004c     rtsv7M4_T_le_eabi.lib : atoi.obj (.text)
                  20019140    0000004c                           : cpy_tbl.obj (.text)
                  2001918c    0000004c                           : rand.obj (.text)
                  200191d8    0000004c     simplelink.a : device.obj (.text:sl_DevSet)
                  20019224    0000004c                  : socket.obj (.text:sl_SetSockOpt)
                  20019270    0000004c                  : wlan.obj (.text:sl_WlanSet)
                  200192bc    0000004c     driverlib.a : udma.obj (.text:uDMAChannelAssign)
                  20019308    0000004a     simplelink.a : device.obj (.text:_sl_GetStartResponseConvert)
                  20019352    0000004a     rtsv7M4_T_le_eabi.lib : fd_tos_t2.obj (.text)
                  2001939c    00000048     driverlib.a : prcm.obj (.text:PRCMHibernateWakeupSourceDisable)
                  200193e4    00000048                 : prcm.obj (.text:PRCMHibernateWakeupSourceEnable)
                  2001942c    00000048                 : spi.obj (.text:SPIIntClear)
                  20019474    00000048     simplelink.a : driver.obj (.text:_SlRemoveFromList)
                  200194bc    00000048     rtsv7M4_T_le_eabi.lib : fd_toi_t2.obj (.text)
                  20019504    00000048     simplelink.a : fs.obj (.text:sl_FsDel)
                  2001954c    00000048                  : netcfg.obj (.text:sl_NetCfgSet)
                  20019594    00000046     rtsv7M4_T_le_eabi.lib : ldexp.obj (.text)
                  200195da    00000002     --HOLE-- [fill = 0]
                  200195dc    00000044     driverlib.a : spi.obj (.text:SPIDmaMaskGet)
                  20019620    00000044                 : timer.obj (.text:TimerConfigure)
                  20019664    00000044     rtsv7M4_T_le_eabi.lib : exit.obj (.text)
                  200196a8    00000044                           : fd_tou_t2.obj (.text)
                  200196ec    00000044     simplelink.a : socket.obj (.text:sl_Recv)
                  20019730    00000040     driverlib.a : pin.obj (.text:PinModeSet)
                  20019770    00000040     simplelink.a : driver.obj (.text:_SlDrvRxIrqHandler)
                  200197b0    00000040     rtsv7M4_T_le_eabi.lib : signal.obj (.text)
                  200197f0    00000040     simplelink.a : wlan.obj (.text:sl_WlanPolicySet)
                  20019830    00000040                  : wlan.obj (.text:sl_WlanRxFilterSet)
                  20019870    0000003e     rtsv7M4_T_le_eabi.lib : strncasecmp.obj (.text)
                  200198ae    00000002     --HOLE-- [fill = 0]
                  200198b0    0000003c     simplelink.a : cc_pal.obj (.text:NwpPowerOff)
                  200198ec    0000003c     driverlib.a : prcm.obj (.text:PRCMPeripheralClkEnable)
                  20019928    0000003c     simplelink.a : driver.obj (.text:_SlDrvObjInit)
                  20019964    0000003c     rtsv7M4_T_le_eabi.lib : boot.obj (.text)
                  200199a0    0000003c     driverlib.a : udma.obj (.text:uDMAChannelControlSet)
                  200199dc    0000003a                 : camera.obj (.text:CameraCaptureStop)
                  20019a16    0000003a                 : camera.obj (.text:CameraXClkConfig)
                  20019a50    00000038     free_rtos.a : heap_3.obj (.text)
                  20019a88    00000038     rtsv7M4_T_le_eabi.lib : fs_tod_t2.obj (.text)
                  20019ac0    00000038                           : fs_toi_t2.obj (.text)
                  20019af8    00000038                           : i_tofs_t2.obj (.text)
                  20019b30    00000038     simplelink.a : socket.obj (.text:sl_Htonl)
                  20019b68    00000036     driverlib.a : gpio.obj (.text:GPIODirModeSet)
                  20019b9e    00000002     --HOLE-- [fill = 0]
                  20019ba0    00000036     appflile_lightSensor.obj (.text)
                  20019bd6    00000034     driverlib.a : camera.obj (.text:CameraParamsConfig)
                  20019c0a    00000002     --HOLE-- [fill = 0]
                  20019c0c    00000034                 : prcm.obj (.text:PRCMPeripheralStatusGet)
                  20019c40    00000034                 : spi.obj (.text:SPIFIFOLevelSet)
                  20019c74    00000034     simplelink.a : driver.obj (.text:_SlDrvBasicCmd)
                  20019ca8    00000034     rtsv7M4_T_le_eabi.lib : feraiseexcept.obj (.text)
                  20019cdc    00000034                           : fs_tou_t2.obj (.text)
                  20019d10    00000034                           : strstr.obj (.text)
                  20019d44    00000034     simplelink.a : socket.obj (.text:sl_Htons)
                  20019d78    00000030                  : cc_pal.obj (.text:NwpPowerOn)
                  20019da8    00000030     driverlib.a : pin.obj (.text:PinTypeGPIO)
                  20019dd8    00000030                 : uart.obj (.text:UARTDisable)
                  20019e08    00000030     rtsv7M4_T_le_eabi.lib : strncpy.obj (.text)
                  20019e38    00000030                           : xferaise.obj (.text)
                  20019e68    00000030     simplelink.a : socket.obj (.text:sl_Socket)
                  20019e98    0000002e     rtsv7M4_T_le_eabi.lib : i_tofd_t2.obj (.text)
                  20019ec6    0000002e                           : raise.obj (.text)
                  20019ef4    0000002c     driverlib.a : camera.obj (.text:CameraIntEnable)
                  20019f20    0000002c     simplelink.a : cc_pal.obj (.text:DmaSpiSwIntHandler)
                  20019f4c    0000002c     driverlib.a : i2c.obj (.text:I2CMasterErr)
                  20019f78    0000002c                 : prcm.obj (.text:PRCMSysResetCauseGet)
                  20019fa4    0000002c     simplelink.a : flowcont.obj (.text:_SlDrvFlowContDeinit)
                  20019fd0    0000002c                  : flowcont.obj (.text:_SlDrvFlowContInit)
                  20019ffc    0000002a     driverlib.a : timer.obj (.text:TimerLoadSet)
                  2001a026    0000002a                 : timer.obj (.text:TimerPrescaleSet)
                  2001a050    0000002a     simplelink.a : socket.obj (.text:_sl_BuildAddress)
                  2001a07a    0000002a     rtsv7M4_T_le_eabi.lib : xdclass.obj (.text)
                  2001a0a4    00000028     driverlib.a : camera.obj (.text:CameraIntStatus)
                  2001a0cc    00000028                 : prcm.obj (.text:PRCMPeripheralClkDisable)
                  2001a0f4    00000028     rtsv7M4_T_le_eabi.lib : strncat.obj (.text)
                  2001a11c    00000028     simplelink.a : wlan.obj (.text:sl_WlanSetMode)
                  2001a144    00000026     driverlib.a : camera.obj (.text:CameraThresholdSet)
                  2001a16a    00000026     rtsv7M4_T_le_eabi.lib : strncmp.obj (.text)
                  2001a190    00000024     driverlib.a : camera.obj (.text:CameraIntClear)
                  2001a1b4    00000024                 : interrupt.obj (.text:IntUnregister)
                  2001a1d8    00000024                 : uart.obj (.text:UARTEnable)
                  2001a1fc    00000024     rtsv7M4_T_le_eabi.lib : memmov.obj (.text)
                  2001a220    00000024                           : u_tofs_t2.obj (.text)
                  2001a244    00000024     simplelink.a : socket.obj (.text:sl_Close)
                  2001a268    00000024                  : netapp.obj (.text:sl_NetAppStart)
                  2001a28c    00000024                  : netapp.obj (.text:sl_NetAppStop)
                  2001a2b0    00000024                  : wlan.obj (.text:sl_WlanProfileDel)
                  2001a2d4    00000024     startup_ccs.obj (.text)
                  2001a2f8    00000022     driverlib.a : camera.obj (.text:CameraCaptureStart)
                  2001a31a    00000022                 : i2c.obj (.text:I2CMasterSlaveAddrSet)
                  2001a33c    00000022     simplelink.a : cc_pal.obj (.text:NwpRegisterInterruptHandler)
                  2001a35e    00000022     driverlib.a : spi.obj (.text:SPIReset)
                  2001a380    00000022                 : spi.obj (.text:SPIWordCountSet)
                  2001a3a2    00000022     rtsv7M4_T_le_eabi.lib : frexp.obj (.text)
                  2001a3c4    00000022                           : memcmp.obj (.text)
                  2001a3e6    00000020     driverlib.a : gpio.obj (.text:GPIOPinWrite)
                  2001a406    00000002     --HOLE-- [fill = 0]
                  2001a408    00000020                 : interrupt.obj (.text:IntRegister)
                  2001a428    00000020     simplelink.a : driver.obj (.text:_SlDrvCmdSend)
                  2001a448    00000020                  : device.obj (.text:_SlDrvDeviceEventHandler)
                  2001a468    00000020     rtsv7M4_T_le_eabi.lib : memchr.obj (.text)
                  2001a488    00000020                           : u_tofd_t2.obj (.text)
                  2001a4a8    0000001e     driverlib.a : i2c.obj (.text:I2CMasterIntStatusEx)
                  2001a4c6    0000001e                 : timer.obj (.text:TimerDisable)
                  2001a4e4    0000001e                 : timer.obj (.text:TimerEnable)
                  2001a502    0000001e                 : timer.obj (.text:TimerIntStatus)
                  2001a520    0000001e                 : uart.obj (.text:UARTCharPut)
                  2001a53e    0000001c                 : pin.obj (.text:PinTypeI2C)
                  2001a55a    0000001c                 : timer.obj (.text:TimerValueGet)
                  2001a576    00000002     --HOLE-- [fill = 0]
                  2001a578    0000001c     simplelink.a : driver.obj (.text:_SlDrvObjDeInit)
                  2001a594    0000001c     rtsv7M4_T_le_eabi.lib : memccpy.obj (.text)
                  2001a5b0    0000001c     driverlib.a : udma.obj (.text:uDMAChannelDisable)
                  2001a5cc    0000001c                 : udma.obj (.text:uDMAChannelEnable)
                  2001a5e8    0000001a     simplelink.a : netapp.obj (.text:CopyPingResultsToReport)
                  2001a602    0000001a     driverlib.a : pin.obj (.text:PinTypeCamera)
                  2001a61c    0000001a                 : pin.obj (.text:PinTypeUART)
                  2001a636    0000001a                 : spi.obj (.text:SPIDmaDisable)
                  2001a650    0000001a                 : spi.obj (.text:SPIDmaEnable)
                  2001a66a    0000001a                 : spi.obj (.text:SPIFIFODisable)
                  2001a684    0000001a                 : spi.obj (.text:SPIFIFOEnable)
                  2001a69e    00000018                 : camera.obj (.text:CameraReset)
                  2001a6b6    00000018                 : gpio.obj (.text:GPIOPinRead)
                  2001a6ce    00000002     --HOLE-- [fill = 0]
                  2001a6d0    00000018                 : prcm.obj (.text:PRCMHibernateEnter)
                  2001a6e8    00000018                 : spi.obj (.text:SPICSDisable)
                  2001a700    00000018                 : spi.obj (.text:SPICSEnable)
                  2001a718    00000018                 : spi.obj (.text:SPIDisable)
                  2001a730    00000018                 : spi.obj (.text:SPIEnable)
                  2001a748    00000018                 : timer.obj (.text:TimerIntDisable)
                  2001a760    00000018                 : timer.obj (.text:TimerIntEnable)
                  2001a778    00000018     rtsv7M4_T_le_eabi.lib : args_main.obj (.text)
                  2001a790    00000018                           : strcmp.obj (.text)
                  2001a7a8    00000016     driverlib.a : camera.obj (.text:CameraDMAEnable)
                  2001a7be    00000016                 : camera.obj (.text:CameraIntRegister)
                  2001a7d4    00000016                 : i2c.obj (.text:I2CMasterDataPut)
                  2001a7ea    00000016                 : i2c.obj (.text:I2CMasterEnable)
                  2001a800    00000016                 : prcm.obj (.text:PRCMHIBRegRead)
                  2001a816    00000016                 : prcm.obj (.text:PRCMHIBRegWrite)
                  2001a82c    00000016                 : uart.obj (.text:UARTCharGet)
                  2001a842    00000016     simplelink.a : driver.obj (.text:_SlDrvShiftDWord)
                  2001a858    00000016                  : fs.obj (.text:_sl_Strlen)
                  2001a86e    00000016     rtsv7M4_T_le_eabi.lib : strchr.obj (.text)
                  2001a884    00000016     driverlib.a : udma.obj (.text:uDMAIntRegister)
                  2001a89a    00000014                 : cpu.obj (.text:CPUcpsie)
                  2001a8ae    00000002     --HOLE-- [fill = 0]
                  2001a8b0    00000014                 : interrupt.obj (.text:IntVTableBaseSet)
                  2001a8c4    00000014     rtsv7M4_T_le_eabi.lib : _lock.obj (.text)
                  2001a8d8    00000014                           : strcpy.obj (.text)
                  2001a8ec    00000014                           : strlen.obj (.text)
                  2001a900    00000014     driverlib.a : udma.obj (.text:uDMAControlBaseSet)
                  2001a914    00000014                 : udma.obj (.text:uDMAIntClear)
                  2001a928    00000012                 : i2c.obj (.text:I2CMasterControl)
                  2001a93a    00000012                 : i2c.obj (.text:I2CMasterIntClearEx)
                  2001a94c    00000012                 : i2c.obj (.text:I2CMasterTimeoutSet)
                  2001a95e    00000012                 : timer.obj (.text:TimerIntClear)
                  2001a970    00000012     simplelink.a : netapp.obj (.text:sl_NetAppMDNSUnRegisterService)
                  2001a982    00000012     driverlib.a : udma.obj (.text:uDMAIntUnregister)
                  2001a994    00000010     simplelink.a : cc_pal.obj (.text:NwpMaskInterrupt)
                  2001a9a4    00000010                  : socket.obj (.text:SL_FD_SET)
                  2001a9b4    0000000e     driverlib.a : i2c.obj (.text:I2CMasterDataGet)
                  2001a9c2    0000000e     rtsv7M4_T_le_eabi.lib : copy_decompress_none.obj (.text:decompress:none)
                  2001a9d0    0000000c     simplelink.a : cc_pal.obj (.text:NwpUnMaskInterrupt)
                  2001a9dc    0000000c     rtsv7M4_T_le_eabi.lib : copy_zero_init.obj (.text:decompress:ZI)
                  2001a9e8    0000000c     driverlib.a : udma.obj (.text:uDMADisable)
                  2001a9f4    0000000c                 : udma.obj (.text:uDMAEnable)
                  2001aa00    0000000c                 : udma.obj (.text:uDMAIntStatus)
                  2001aa0c    0000000a                 : interrupt.obj (.text:IntMasterEnable)
                  2001aa16    00000008     simplelink.a : wlan.obj (.text:sl_WlanDisconnect)
                  2001aa1e    00000006     i2cconfig.obj (.text:MT9D111Delay)
                  2001aa24    00000006     simplelink.a : socket.obj (.text:SL_FD_ZERO)
                  2001aa2a    00000006     driverlib.a : utils.obj (.text:UtilsDelay)
                  2001aa30    00000006     rtsv7M4_T_le_eabi.lib : copy_decompress_rle.obj (.text:decompress:rle24)
                  2001aa36    00000006                           : logf.obj (.text)
                  2001aa3c    00000006                           : sinf.obj (.text)
                  2001aa42    00000004                           : error.obj (.text)
                  2001aa46    00000004                           : pre_init.obj (.text)

.const     0    2001aa4c    00000f34     
                  2001aa4c    0000013c     mt9d111.obj (.const:init_cmds_list)
                  2001ab88    00000101     rtsv7M4_T_le_eabi.lib : ctype.obj (.const:.string:_ctypes_)
                  2001ac89    00000003     --HOLE-- [fill = 0]
                  2001ac8c    00000100     driverlib.a : pin.obj (.const:g_ulPinToPadMap)
                  2001ad8c    000000ec     simplelink.a : wlan.obj (.const)
                  2001ae78    000000d4     driverlib.a : interrupt.obj (.const:g_pulRegs)
                  2001af4c    000000d0     mt9d111.obj (.const)
                  2001b01c    000000c4     mt9d111.obj (.const:capture_cmds_list)
                  2001b0e0    000000a8     driverlib.a : prcm.obj (.const:PRCM_PeriphRegsList)
                  2001b188    00000090     wifi_provisioning_thruAPmode.obj (.const:.string)
                  2001b218    00000080     driverlib.a : interrupt.obj (.const)
                  2001b298    00000072     lightSens_isl29035.obj (.const:.string)
                  2001b30a    00000002     --HOLE-- [fill = 0]
                  2001b30c    00000068     appFns_BatteryLevelSense.obj (.const:V2CEntry$1)
                  2001b374    00000050     mt9d111.obj (.const:$P$T24$25)
                  2001b3c4    00000050     accelomtrMagntomtr_fxos8700.obj (.const:.string)
                  2001b414    0000004c     mt9d111.obj (.const:$P$T4$5)
                  2001b460    0000004c     simplelink.a : driver.obj (.const)
                  2001b4ac    0000004b     tempRHSens_si7020.obj (.const:.string)
                  2001b4f7    0000004a     camera_app.obj (.const:.string)
                  2001b541    00000042     mt9d111.obj (.const:.string)
                  2001b583    00000040     network_relater_fns.obj (.const:.string)
                  2001b5c3    0000003c     i2c_app.obj (.const:.string)
                  2001b5ff    00000001     --HOLE-- [fill = 0]
                  2001b600    00000038     rtsv7M4_T_le_eabi.lib : xflog.obj (.const)
                  2001b638    00000038     simplelink.a : fs.obj (.const)
                  2001b670    00000036     flash_files.obj (.const:.string)
                  2001b6a6    00000002     --HOLE-- [fill = 0]
                  2001b6a8    00000034     rtsv7M4_T_le_eabi.lib : xfatan.obj (.const)
                  2001b6dc    00000034     simplelink.a : socket.obj (.const)
                  2001b710    0000002c     cc3200_utils.obj (.const:$P$T0$1)
                  2001b73c    0000002c     network_relater_fns.obj (.const:$P$T1$2)
                  2001b768    0000002b     parse_uploads.obj (.const:.string)
                  2001b793    00000001     --HOLE-- [fill = 0]
                  2001b794    00000028     mt9d111.obj (.const:$P$T3$4)
                  2001b7bc    00000028     rtsv7M4_T_le_eabi.lib : xfdint.obj (.const)
                  2001b7e4    00000028                           : xfsin.obj (.const)
                  2001b80c    00000028     simplelink.a : netapp.obj (.const)
                  2001b834    00000025     camera_app.obj (.const:.string:$P$T1$2)
                  2001b859    00000024     main.obj (.const:.string)
                  2001b87d    00000023     batteryVoltLvlSens_adc081c021.obj (.const:.string:$P$T0$1)
                  2001b8a0    00000022     network_relater_fns.obj (.const:.string:$P$T0$1)
                  2001b8c2    00000002     --HOLE-- [fill = 0]
                  2001b8c4    0000001c     rtsv7M4_T_le_eabi.lib : tanf.obj (.const)
                  2001b8e0    0000001c                           : xfexp.obj (.const)
                  2001b8fc    00000018     driverlib.a : spi.obj (.const)
                  2001b914    00000017     request.obj (.const:.string)
                  2001b92b    00000016     collect_and_txit.obj (.const:.string)
                  2001b941    00000014     network_relater_fns.obj (.const)
                  2001b955    00000003     --HOLE-- [fill = 0]
                  2001b958    00000014     simplelink.a : device.obj (.const)
                  2001b96c    0000000b     app_common.obj (.const:.string)
                  2001b977    00000001     --HOLE-- [fill = 0]
                  2001b978    00000008     simplelink.a : netcfg.obj (.const)

.cinit     0    2001b980    00000bd0     
                  2001b980    00000ba6     (.cinit..data.load) [load image, compression = rle]
                  2001c526    00000002     --HOLE-- [fill = 0]
                  2001c528    0000000c     (__TI_handler_table)
                  2001c534    00000004     --HOLE-- [fill = 0]
                  2001c538    00000008     (.cinit..bss.load) [load image, compression = zero_init]
                  2001c540    00000010     (__TI_cinit_table)

.init_array 
*          0    20004000    00000000     UNINITIALIZED

.bss       0    2001e000    00015dd2     UNINITIALIZED
                  2001e000    00014000     main.obj (.bss:g_image_buffer)
                  20032000    00000b58     tasks.obj (.bss:thisMagBuffer)
                  20032b58    00000418     wifi_provisioning_thruAPmode.obj (.bss:thisMagCal)
                  20032f70    00000058     tasks.obj (.bss:thisMag)
                  20032fc8    00000034     cc3200_client_state.obj (.bss:clientStateFileName)
                  20032ffc    00000004     (.common:Elapsed_100MilliSecs)
                  20033000    00000400     udma_if.obj (.bss:gpCtlTbl)
                  20033400    00000370     main.obj (.bss:g_NetEntries)
                  20033770    00000120     rtsv7M4_T_le_eabi.lib : trgmsg.obj (.bss:__CIOBUF_)
                  20033890    00000100     udma_if.obj (.bss:gfpAppCallbackHndl)
                  20033990    000000c8     free_rtos.a : tasks.obj (.bss:pxReadyTasksLists)
                  20033a58    000000ac     tasks.obj (.bss:thisSV_6DOF_GB_BASIC)
                  20033b04    000000a0     rtsv7M4_T_le_eabi.lib : defs.obj (.bss:__TI_tmpnams)
                  20033ba4    00000050     free_rtos.a : queue.obj (.bss:xQueueRegistry)
                  20033bf4    00000034     main.obj (.bss:g_cWlanSecurityKey)
                  20033c28    00000034     tasks.obj (.bss:thisAccel)
                  20033c5c    00000024     main.obj (.bss:g_cWlanSSID)
                  20033c80    00000024     main.obj (.bss:g_ucConnectionSSID)
                  20033ca4    0000001c     rtsv7M4_T_le_eabi.lib : vla_alloc.obj (.bss)
                  20033cc0    00000014     (.common:g_flag_blockFull)
                  20033cd4    00000014     (.common:xDelayedTaskList1)
                  20033ce8    00000014     (.common:xDelayedTaskList2)
                  20033cfc    00000014     (.common:xPendingReadyList)
                  20033d10    00000014     (.common:xSuspendedTaskList)
                  20033d24    00000014     (.common:xTasksWaitingTermination)
                  20033d38    00000010     (.common:ang_buf)
                  20033d48    00000010     (.common:globals)
                  20033d58    00000010     (.common:mqxglobals)
                  20033d68    0000000c     (.common:g_SecParams)
                  20033d74    00000008     (.common:g_ucConnectionBSSID)
                  20033d7c    00000008     (.common:parmbuf)
                  20033d84    00000004     (.common:__Errorlog)
                  20033d88    00000004     (.common:angle_avg)
                  20033d8c    00000004     (.common:dataBuffer)
                  20033d90    00000004     (.common:g_block_lastFilled)
                  20033d94    00000004     (.common:g_cWlanSecurityType)
                  20033d98    00000004     (.common:g_frame_size_in_bytes)
                  20033d9c    00000004     (.common:g_header_length)
                  20033da0    00000004     (.common:g_position_in_block)
                  20033da4    00000004     (.common:g_readHeader)
                  20033da8    00000004     (.common:g_total_dma_intrpts)
                  20033dac    00000004     (.common:g_ulAppStatus)
                  20033db0    00000004     (.common:gdoor_40deg_angle)
                  20033db4    00000004     (.common:gdoor_90deg_angle)
                  20033db8    00000004     (.common:pxDelayedTaskList)
                  20033dbc    00000004     (.common:pxOverflowDelayedTaskList)
                  20033dc0    00000001     (.common:avg_buffer_cnt)
                  20033dc1    00000001     (.common:checkForLight_Flag)
                  20033dc2    00000001     (.common:cnt_prakz2)
                  20033dc3    00000001     (.common:g_dma_txn_done)
                  20033dc4    00000001     (.common:g_flag_DataBlockFilled)
                  20033dc5    00000001     (.common:g_flag_door_closing_45degree)
                  20033dc6    00000001     (.common:g_frame_end)
                  20033dc7    00000001     (.common:g_ucAngle40)
                  20033dc8    00000001     (.common:g_ucAngle90)
                  20033dc9    00000001     (.common:g_ucCalibration)
                  20033dca    00000001     (.common:g_ucConfig)
                  20033dcb    00000001     (.common:g_ucExitButton)
                  20033dcc    00000001     (.common:g_ucMagCalb)
                  20033dcd    00000001     (.common:g_ucProfileAdded)
                  20033dce    00000001     (.common:iDone)
                  20033dcf    00000001     (.common:isitfirsttime)
                  20033dd0    00000001     (.common:print_count)
                  20033dd1    00000001     (.common:valid_case)

.TI.noinit 
*          0    2001e000    00000000     UNINITIALIZED

.sysmem    0    20033dd8    00005000     UNINITIALIZED
                  20033dd8    00000008     rtsv7M4_T_le_eabi.lib : memory.obj (.sysmem)
                  20033de0    00004ff8     --HOLE--


LINKER GENERATED COPY TABLES

__TI_cinit_table @ 2001c540 records: 2, size/record: 8, table size: 16
	.data: load addr=2001b980, load size=00000ba6 bytes, run addr=20000000, run size=000015ec bytes, compression=rle
	.bss: load addr=2001c538, load size=00000008 bytes, run addr=2001e000, run size=00015dd2 bytes, compression=zero_init


LINKER GENERATED HANDLER TABLE

__TI_handler_table @ 2001c528 records: 3, size/record: 4, table size: 12
	index: 0, handler: __TI_decompress_rle24
	index: 1, handler: __TI_decompress_none
	index: 2, handler: __TI_zero_init


GLOBAL SYMBOLS: SORTED ALPHABETICALLY BY Name 

address   name                                  
-------   ----                                  
2000b929  AccessPtMode_HTTPServer_Start         
2000d78d  AnalogGainReg_Read                    
2000e6f1  ApplyAccelHAL                         
2000e6fd  ApplyMagHAL                           
20019665  C$$EXIT                               
20018943  C$$IO$$                               
2000d6f1  CCMRegs_Read                          
2001a89b  CPUcpsie                              
2000b891  CalibrateMagSensor                    
2000a8e3  CamControllerInit                     
2001a2f9  CameraCaptureStart                    
200199dd  CameraCaptureStop                     
2001a7a9  CameraDMAEnable                       
2001a191  CameraIntClear                        
20019ef5  CameraIntEnable                       
2001a7bf  CameraIntRegister                     
2001a0a5  CameraIntStatus                       
20019bd7  CameraParamsConfig                    
2001a69f  CameraReset                           
2000d2fd  CameraSensorInit                      
2001a145  CameraThresholdSet                    
20019a17  CameraXClkConfig                      
2000a34b  CaptureAndStore_Image                 
2000a5e1  CaptureinRAM                          
2000a6b9  CaptureinRAM_StoreAfterCapture_Image  
200158e5  Check_I2CDevices                      
2001336d  ClearTerm                             
2000b7d1  CollectAngle                          
20013849  CollectTxit_ImgTempRH                 
2000fe15  Config_And_Start_CameraCapture        
200095db  ConfigureMode                         
200093a7  ConfigureSimpleLinkToDefaultState     
20009645  ConnectToNetwork                      
20009725  ConnectToNetwork_STA                  
20011493  ConstructDeviceStateObject            
2001a5e9  CopyPingResultsToReport               
2001280d  CreateFile_Flash                      
2000137c  DMAMsgQ                               
20013ccd  DMASetupTransfer                      
200015d4  DigiCertHighAssuranceEVRootCA_der_len 
2000d721  DigitalGainRegs_Read                  
20013b93  DmaErrorIntHandler                    
20019f21  DmaSpiSwIntHandler                    
20013b81  DmaSwIntHandler                       
20032ffc  Elapsed_100MilliSecs                  
2000dadd  EnterStandby_mt9d111                  
20013373  Error                                 
2000db19  ExitStandby_mt9d111                   
20014195  FXOS8700_Init                         
20014217  FXOS8700_ReadData                     
2000e323  Fusion_Init                           
2000e455  Fusion_Run                            
20019b69  GPIODirModeSet                        
2001a6b7  GPIOPinRead                           
2001a3e7  GPIOPinWrite                          
200133a7  GetCmd                                
20016d11  Get_BatteryPercent                    
200188ad  Get_BatteryVoltageLevel_ADC081C021    
200145e9  HIBernate                             
20011975  HOSTclock                             
2001193d  HOSTclose                             
200118ff  HOSTgetenv                            
200118a3  HOSTlseek                             
20011851  HOSTopen                              
20011805  HOSTread                              
200117a7  HOSTrename                            
2001176d  HOSTtime                              
20011735  HOSTunlink                            
200116e9  HOSTwrite                             
20012a2b  I2CBufferRead                         
20012b17  I2CBufferWrite                        
20012a0d  I2CInit                               
2001a929  I2CMasterControl                      
2001a9b5  I2CMasterDataGet                      
2001a7d5  I2CMasterDataPut                      
2001a7eb  I2CMasterEnable                       
20019f4d  I2CMasterErr                          
20017c5d  I2CMasterInitExpClk                   
2001a93b  I2CMasterIntClearEx                   
2001a4a9  I2CMasterIntStatusEx                  
2001a31b  I2CMasterSlaveAddrSet                 
2001a94d  I2CMasterTimeoutSet                   
20013e8d  I2C_IF_Close                          
20013e63  I2C_IF_Open                           
20013ddd  I2C_IF_Read                           
20013e43  I2C_IF_ReadFrom                       
20013d7b  I2C_IF_Write                          
20013335  InitTerm                              
200113e1  InitialiseParse                       
20009365  InitializeUserConfigVariables         
20016f21  IntDisable                            
20016fc9  IntEnable                             
20018409  IntHandler_100mSecTimer               
2001aa0d  IntMasterEnable                       
20018cf9  IntPendClear                          
20018f5d  IntPrioritySet                        
2001a409  IntRegister                           
2001a1b5  IntUnregister                         
2001a8b1  IntVTableBaseSet                      
20019ba1  IsLightOff                            
2000d80d  JPEGDataLength_read                   
20000000  JPEG_StdHuffmanTbl                    
200013d4  JPEG_StdQuantTblC                     
20001414  JPEG_StdQuantTblY                     
2000d6c9  JpegConfigReg_Read                    
200160db  LED_Blink                             
20016141  LED_Off                               
20016137  LED_On                                
2000d4d3  LL_Configs                            
2001aa1f  MT9D111Delay                          
2000e56d  MagCal_Run                            
2000fcc5  Main_Task                             
2000fd67  Main_Task_withHibernate               
20013353  Message                               
2001a995  NwpMaskInterrupt                      
200198b1  NwpPowerOff                           
20019d79  NwpPowerOn                            
20017d65  NwpPowerOnPreamble                    
2001a33d  NwpRegisterInterruptHandler           
2001a9d1  NwpUnMaskInterrupt                    
2000d7c9  PCLK_Rate_read                        
20014d91  PRCMCC3200MCUInit                     
2001a801  PRCMHIBRegRead                        
2001a817  PRCMHIBRegWrite                       
2001a6d1  PRCMHibernateEnter                    
20017931  PRCMHibernateIntervalSet              
2001870d  PRCMHibernateWakeUpGPIOSelect         
2001939d  PRCMHibernateWakeupSourceDisable      
200193e5  PRCMHibernateWakeupSourceEnable       
2001a0cd  PRCMPeripheralClkDisable              
200198ed  PRCMPeripheralClkEnable               
200174b5  PRCMPeripheralClockGet                
20018d51  PRCMPeripheralReset                   
20019c0d  PRCMPeripheralStatusGet               
20019f79  PRCMSysResetCauseGet                  
200179b9  PinConfigSet                          
20019731  PinModeSet                            
200159e9  PinMuxConfig                          
2001a603  PinTypeCamera                         
20019da9  PinTypeGPIO                           
2001a53f  PinTypeI2C                            
2001a61d  PinTypeUART                           
2000b231  ProvisioningAP                        
2000e305  RdSensData_Init                       
2000e341  RdSensData_Run                        
2000d50b  ReadAllAEnAWBRegs                     
20012927  ReadFile_FromFlash                    
2000d887  ReadMCUBootModeReg                    
2000d915  Refresh_mt9d111Firmware               
2000d4ad  RegStatusRead                         
20013451  Report                                
2001a2d5  ResetISR                              
2000d859  ResetImageSensorMCU                   
UNDEFED   SHT$$INIT_ARRAY$$Base                 
UNDEFED   SHT$$INIT_ARRAY$$Limit                
2001a9a5  SL_FD_SET                             
2001aa25  SL_FD_ZERO                            
2001a6e9  SPICSDisable                          
2001a701  SPICSEnable                           
20017119  SPIConfigSetExpClk                    
2001a719  SPIDisable                            
2001a637  SPIDmaDisable                         
2001a651  SPIDmaEnable                          
2001a731  SPIEnable                             
2001a66b  SPIFIFODisable                        
2001a685  SPIFIFOEnable                         
20019c41  SPIFIFOLevelSet                       
2001942d  SPIIntClear                           
200190a9  SPIIntEnable                          
2001a35f  SPIReset                              
2001a381  SPIWordCountSet                       
20001530  SecurityParams                        
20013c11  SetupTransfer                         
2000d751  ShutterRegs_Read                      
20009f27  SimpleLinkHttpServerCallback          
20009a79  SimpleLinkNetAppEventHandler          
20009af9  SimpleLinkSockEventHandler            
20009941  SimpleLinkWlanEventHandler            
2000d8a1  SoftReset_ImageSensor                 
2000a325  Standby_ImageSensor                   
2000d305  StartSensorInJpegMode                 
2000fcf5  Test_Task                             
20019621  TimerConfigure                        
2001a4c7  TimerDisable                          
2001a4e5  TimerEnable                           
2001a95f  TimerIntClear                         
2001a749  TimerIntDisable                       
2001a761  TimerIntEnable                        
2001847d  TimerIntRegister                      
2001a503  TimerIntStatus                        
20018775  TimerIntUnregister                    
20019ffd  TimerLoadSet                          
2001a027  TimerPrescaleSet                      
2001a55b  TimerValueGet                         
200170f5  Timer_IF_DeInit                       
2001710d  Timer_IF_GetCount                     
20017071  Timer_IF_Init                         
2001709b  Timer_IF_IntSetup                     
200170cd  Timer_IF_InterruptClear               
20019ffd  Timer_IF_ReLoad                       
200170e1  Timer_IF_Start                        
2001a4c7  Timer_IF_Stop                         
200012a8  Token                                 
20013407  TrimSpace                             
2001a82d  UARTCharGet                           
2001a521  UARTCharPut                           
200182a9  UARTConfigSetExpClk                   
20019dd9  UARTDisable                           
2001a1d9  UARTEnable                            
20013be9  UDMAChannelSelect                     
20013cb9  UDMADeInit                            
20013b9f  UDMAInit                              
20013c49  UDMASetupAutoMemTransfer              
20013c6f  UDMASetupPingPongTransfer             
2001a5b1  UDMAStopTransfer                      
200113f7  UploadImageToParse                    
20011433  UploadSensorDataToParse               
2000fd0f  UserConfigure_Task                    
2000ba49  User_Configure                        
2001aa2b  UtilsDelay                            
2000ef0d  VDeleteSimpleLinkSpawnTask            
2000eebd  VStartSimpleLinkSpawnTask             
2000130c  Value                                 
2000d931  Variable_Read                         
2000d8cd  Verify_ImageSensor                    
2000a33f  Wakeup_ImageSensor                    
2000b56d  WiFiProvisioning                      
2000d4ef  WriteAllAEnAWBRegs                    
20012861  WriteFile_ToFlash                     
2001a07b  _Dclass                               
200011c0  _Denorm                               
200168b9  _Dnorm                                
200156cd  _Dscale                               
2001897d  _Dunscale                             
200011d0  _Eps                                  
200015dc  _Errno                                
20016325  _FAtan                                
20001240  _FDenorm                              
20017701  _FDint                                
2001804d  _FDnorm                               
200163fd  _FDscale                              
20018f07  _FDunscale                            
20001250  _FEps                                 
2001401d  _FExp                                 
20001260  _FInf                                 
20013179  _FLog                                 
20001270  _FNan                                 
20001290  _FRteps                               
200139e5  _FSin                                 
20001280  _FSnan                                
200012a0  _FXbig                                
200012a4  _FZero                                
200015c4  _Fenv                                 
20019e39  _Feraise                              
200011e0  _Hugeval                              
200011f0  _Inf                                  
20001200  _Nan                                  
20001220  _Rteps                                
2001b6fc  _SlAcceptCmdCtrl                      
2001b474  _SlActionLookupTable                  
200103ed  _SlAsyncEventGenericHandler           
2001b964  _SlDeviceGetCmdCtrl                   
2001b968  _SlDeviceSetCmdCtrl                   
20019c75  _SlDrvBasicCmd                        
20017255  _SlDrvClassifyRxMsg                   
20017ce1  _SlDrvCmdOp                           
2001a429  _SlDrvCmdSend                         
2001447d  _SlDrvDataReadOp                      
20015129  _SlDrvDataWriteOp                     
2001a449  _SlDrvDeviceEventHandler              
20018da9  _SlDrvDriverCBDeinit                  
20017de5  _SlDrvDriverCBInit                    
20019fa5  _SlDrvFlowContDeinit                  
20019fd1  _SlDrvFlowContInit                    
2000f4e9  _SlDrvMsgRead                         
20016ba9  _SlDrvMsgReadCmdCtx                   
20017671  _SlDrvMsgReadSpawnCtx                 
20015381  _SlDrvMsgWrite                        
20016c5d  _SlDrvNetAppEventHandler              
2001a579  _SlDrvObjDeInit                       
20019929  _SlDrvObjInit                         
20015ce1  _SlDrvReleasePoolObj                  
200149dd  _SlDrvRxHdrRead                       
20019771  _SlDrvRxIrqHandler                    
2001a843  _SlDrvShiftDWord                      
200154a1  _SlDrvWaitForPoolObj                  
2001b960  _SlEventMaskGetCmdCtrl                
2001b95c  _SlEventMaskSetCmdCtrl                
200172ed  _SlFindAndSetActiveObj                
2001b63c  _SlFsCloseCmdCtrl                     
2001b64c  _SlFsDeleteCmdCtrl                    
2001b648  _SlFsGetInfoCmdCtrl                   
2001b638  _SlFsOpenCmdCtrl                      
2001b640  _SlFsReadCmdCtrl                      
2001b644  _SlFsWriteCmdCtrl                     
2001b824  _SlGetHostByNameCtrl                  
2001b820  _SlGetHostByServiceCtrl               
2001b818  _SlGetServiceListeCtrl                
2001b708  _SlGetSockOptCmdCtrl                  
2001b6f8  _SlListenCmdCtrl                      
2001b830  _SlNetAppGetCmdCtrl                   
2001b82c  _SlNetAppSendTokenValueCmdCtrl        
2001b828  _SlNetAppSetCmdCtrl                   
2001b810  _SlNetAppStartCtrl                    
2001b814  _SlNetAppStopCtrl                     
2001b97c  _SlNetCfgGetCmdCtrl                   
2001b978  _SlNetCfgSetCmdCtrl                   
2001ad94  _SlPolicyGetCmdCtrl                   
2001ad90  _SlPolicySetCmdCtrl                   
2001ad9c  _SlProfileDelCmdCtrl                  
2001ad98  _SlProfileGetCmdCtrl                  
2001b700  _SlRecvCmdCtrl                        
2001b6f0  _SlRecvfomCmdCtrl                     
2001b81c  _SlRegisterServiceCtrl                
20019475  _SlRemoveFromList                     
2001ada4  _SlRxFilterAddtCmdCtrl                
2001adac  _SlRxFilterGetCmdCtrl                 
2001ada8  _SlRxFilterSetCmdCtrl                 
2001b70c  _SlSelectCmdCtrl                      
2001b6f4  _SlSendCmdCtrl                        
2001b704  _SlSetSockOptCmdCtrl                  
2001adb0  _SlSmartConfigStartCmdCtrl            
2001b6ec  _SlSockCloseCmdCtrl                   
2001b6e8  _SlSockSocketCmdCtrl                  
2001b958  _SlStopCmdCtrl                        
2001adbc  _SlWlanCfgGetCmdCtrl                  
2001adb8  _SlWlanCfgSetCmdCtrl                  
2001ada0  _SlWlanGetNetworkListCtrl             
2001adb4  _SlWlanSetModeCmdCtrl                 
20001210  _Snan                                 
200015c8  _Tls_setup__Fenv                      
20001230  _Xbig                                 
20001238  _Zero                                 
20033770  __CIOBUF_                             
20004000  __STACK_END                           
00001000  __STACK_SIZE                          
00005000  __SYSMEM_SIZE                         
2001c540  __TI_CINIT_Base                       
2001c550  __TI_CINIT_Limit                      
2001c528  __TI_Handler_Table_Base               
2001c534  __TI_Handler_Table_Limit              
200185c9  __TI_auto_init                        
20012ec1  __TI_cleanup                          
200015bc  __TI_cleanup_ptr                      
20017385  __TI_closefile                        
2001a9c3  __TI_decompress_none                  
2001aa31  __TI_decompress_rle24                 
20016665  __TI_doflush                          
200015c0  __TI_dtors_ptr                        
20001584  __TI_ft_end                           
2000905d  __TI_printfi                          
20016ed7  __TI_rd_ok                            
20018947  __TI_readmsg                          
2001b980  __TI_static_base__                    
20033b04  __TI_tmpnams                          
20018915  __TI_writemsg                         
20016e75  __TI_wrt_ok                           
2001a9dd  __TI_zero_init                        
2001aa43  __abort_execution                     
20017b51  __aeabi_cdcmpeq                       
20017b51  __aeabi_cdcmple                       
20017bd7  __aeabi_cdrcmple                      
20018bd9  __aeabi_cfcmpeq                       
20018bd9  __aeabi_cfcmple                       
20018c39  __aeabi_cfrcmple                      
20019353  __aeabi_d2f                           
200194bd  __aeabi_d2iz                          
200196a9  __aeabi_d2uiz                         
200134f7  __aeabi_dadd                          
20014c59  __aeabi_ddiv                          
20015ae9  __aeabi_dmul                          
200134ed  __aeabi_dsub                          
20019a89  __aeabi_f2d                           
20019ac1  __aeabi_f2iz                          
20019cdd  __aeabi_f2uiz                         
20019059  __aeabi_f2ulz                         
20015be9  __aeabi_fadd                          
200175dd  __aeabi_fdiv                          
20017f59  __aeabi_fmul                          
20015be5  __aeabi_fsub                          
20019e99  __aeabi_i2d                           
20019af9  __aeabi_i2f                           
20017fd3  __aeabi_memclr                        
20017fd3  __aeabi_memclr4                       
20017fd3  __aeabi_memclr8                       
200171b9  __aeabi_memcpy                        
200171b9  __aeabi_memcpy4                       
200171b9  __aeabi_memcpy8                       
20017fd5  __aeabi_memset                        
20017fd5  __aeabi_memset4                       
20017fd5  __aeabi_memset8                       
20001590  __aeabi_stderr                        
20001588  __aeabi_stdin                         
2000158c  __aeabi_stdout                        
2001a489  __aeabi_ui2d                          
2001a221  __aeabi_ui2f                          
20012c05  __aeabi_uldivmod                      
ffffffff  __binit__                             
ffffffff  __c_args__                            
20003000  __stack                               
20011d6d  __vla_alloc                           
20011c65  __vla_dealloc                         
20011ced  __vla_dealloc_eh                      
2001a779  _args_main                            
20019965  _c_int00                              
2001ab88  _ctypes_                              
20000f50  _ftable                               
200015b4  _lock                                 
2001a8d3  _nop                                  
2001a8cb  _register_lock                        
2001a8c5  _register_unlock                      
2001a051  _sl_BuildAddress                      
200187dd  _sl_GetCreateFsMode                   
20019309  _sl_GetStartResponseConvert           
200189e5  _sl_HandleAsync_Accept                
20018845  _sl_HandleAsync_Connect               
20018141  _sl_HandleAsync_DnsGetHostByName      
20018a49  _sl_HandleAsync_DnsGetHostByService   
20018321  _sl_HandleAsync_InitComplete          
200181b9  _sl_HandleAsync_PingResponse          
20018e01  _sl_HandleAsync_Select                
20018fb1  _sl_HandleAsync_Stop                  
2001a859  _sl_Strlen                            
2001855d  _sl_TruncatePayloadByProtocol         
20033dd8  _sys_memory                           
2001aa47  _system_pre_init                      
200015b8  _unlock                               
20019669  abort                                 
20016979  acosf                                 
20014907  addHttpRequestHeader                  
2001492d  addHttpRequestHeaderInt               
2001488d  addHttpRequestLine                    
20011335  add_device                            
20033d38  ang_buf                               
2000f143  angleCheck                            
2000f0a1  angleCheck_Initializations            
20033d88  angle_avg                             
200190f5  atoi                                  
20033dc0  avg_buffer_cnt                        
200148cb  beginHttpGetRequest                   
200148bf  beginHttpRequest                      
ffffffff  binit                                 
2000dc19  buildRequestHeaders                   
2000fc81  calloc                                
20033dc1  checkForLight_Flag                    
20012fbd  check_doorpos                         
20032fc8  clientStateFileName                   
200112e5  close                                 
2000157c  cnt                                   
20033dc2  cnt_prakz2                            
200107c5  configureFXOS8700                     
200119bd  configureISL29035                     
20011f7f  configureTempRHSensor                 
20019141  copy_in                               
2000afe1  createAndWrite_ImageHeaderFile        
20010b7b  createInstallation                    
2000e905  createNewInstallationId               
2000bb59  create_AngleValuesFile                
2000b131  create_JpegImageFile                  
20033d8c  dataBuffer                            
20001580  dataBufferSize                        
2000d649  disableAE                             
2000d5b7  disableAWB                            
200072f5  eTaskGetState                         
2000cb5d  eigencompute                          
2000d605  enableAE                              
2000d579  enableAWB                             
20016af1  ensureCertificateFile                 
20019671  exit                                  
20004693  f3DOFMagnetometerMatrixAndroid        
2000462f  f3DOFMagnetometerMatrixNED            
20004693  f3DOFMagnetometerMatrixWin8           
20004401  f3DOFTiltAndroid                      
20004401  f3DOFTiltNED                          
20004507  f3DOFTiltWin8                         
2000c923  f3x3matrixAeqAxScalar                 
2000c8a5  f3x3matrixAeqI                        
2000c981  f3x3matrixAeqInvSymB                  
2000c957  f3x3matrixAeqMinusA                   
2000c8ff  f3x3matrixAeqScalar                   
2000cac7  f3x3matrixDetA                        
20004f7d  fAndroidAnglesDegFromRotationMatrix   
20005d7d  fInitMagCalibration                   
20014309  fInit_6DOF_GB_BASIC                   
20006151  fInvertMagCal                         
200057b1  fLPFOrientationQuaternion             
200058e5  fLPFScalar                            
20004ed9  fNEDAnglesDegFromRotationMatrix       
200052bd  fQuaternionFromRotationMatrix         
2000515d  fQuaternionFromRotationVectorDeg      
20005409  fRotationMatrixFromQuaternion         
2000570b  fRotationVectorDegFromQuaternion      
20005535  fRotationVectorDegFromRotationMatrix  
2001435d  fRun_6DOF_GB_BASIC                    
20006a65  fUpdateCalibration10EIG               
20006237  fUpdateCalibration4INV                
200066b5  fUpdateCalibration7EIG                
20005021  fWin8AnglesDegFromRotationMatrix      
200123f5  facos_deg                             
200123b5  fasin_deg                             
20012501  fatan2_deg                            
2001257d  fatan_15deg                           
20012473  fatan_deg                             
200173eb  fclose                                
2000499f  feCompassAndroid                      
20004701  feCompassNED                          
20004c39  feCompassWin8                         
20019ca9  feraiseexcept                         
2000e8b5  fetchDeviceOSVersion                  
200166b1  fflush                                
2001103f  findSecondJson                        
20000dc9  flag                                  
2000c8d1  fmatrixAeqI                           
2000cf39  fmatrixAeqInvA                        
2000d11b  fmatrixAeqRenormRotA                  
20014b1d  fmodf                                 
20012f17  fopen                                 
2001863d  fprintf                               
2001741d  fputc                                 
20014ec5  fputs                                 
20005d63  fqAeq1                                
20005c9f  fqAeqNormqA                           
2000f9cf  free                                  
20012eed  freopen                               
2001a3a3  frexp                                 
20018aad  fseek                                 
2000f11d  fxosDefault_Initializations           
2000f163  fxos_Calibration                      
2000f297  fxos_calibrate                        
2000f2f5  fxos_get_initialYaw                   
2000f1ad  fxos_main                             
2000f213  fxos_main_waitfor40degrees            
2000f37d  fxos_waitFor40Degrees                 
20000dd0  gFirstCmdMode                         
2001b46c  g_H2NCnysPattern                      
2001b464  g_H2NSyncPattern                      
20001550  g_MainTaskHandle                      
20033400  g_NetEntries                          
20033d68  g_SecParams                           
20001370  g_SpiFd                               
20000dd8  g_StatMem                             
2000154c  g_UserConfigTaskHandle                
20033d90  g_block_lastFilled                    
20001380  g_cDummy                              
20033c5c  g_cWlanSSID                           
20033bf4  g_cWlanSecurityKey                    
20033d94  g_cWlanSecurityType                   
2001b914  g_deviceClientVersion                 
20033dc4  g_flag_DataBlockFilled                
20033cc0  g_flag_blockFull                      
20033dc5  g_flag_door_closing_45degree          
20033dc6  g_frame_end                           
20033d98  g_frame_size_in_bytes                 
20000600  g_header                              
20033d9c  g_header_length                       
2001e000  g_image_buffer                        
20001554  g_osVersion                           
20000dd4  g_pCB                                 
20001374  g_pHostIntHdl                         
20004000  g_pfnVectors                          
20033da0  g_position_in_block                   
20033da4  g_readHeader                          
20001494  g_token_get                           
20033dc7  g_ucAngle40                           
20033dc8  g_ucAngle90                           
20033dc9  g_ucCalibration                       
20033dca  g_ucConfig                            
2000154b  g_ucConfigsDone                       
20001548  g_ucConnectedToConfAP                 
20033d74  g_ucConnectionBSSID                   
20033c80  g_ucConnectionSSID                    
20001378  g_ucDMAEnabled                        
20001384  g_ucDinDout                           
20033dcb  g_ucExitButton                        
20033dcc  g_ucMagCalb                           
2000154a  g_ucPriority                          
20033dcd  g_ucProfileAdded                      
20001549  g_ucProvisioningDone                  
20001544  g_uiSimplelinkRole                    
20033dac  g_ulAppStatus                         
20001540  g_ulGatewayIP                         
200015b0  g_ulPingPacketsRecv                   
2000153c  g_ulStatus                            
20033db0  gdoor_40deg_angle                     
20033db4  gdoor_90deg_angle                     
20014965  getHttpResponseBody                   
2001493b  getHttpResponseStatus                 
20010bc3  getInstallation                       
20017ac7  getInternalClient                     
20011ae9  getLightsensor_data                   
20011b23  getLightsensor_intrptStatus           
200109af  getMagntData                          
20011071  getPushJson                           
20011fd1  getTempRH                             
2000f18f  get_angle                             
20033890  gfpAppCallbackHndl                    
20033d48  globals                               
20033000  gpCtlTbl                              
2000de45  headerSend                            
20012169  i2cReadRegisters                      
2001228b  i2cReadRegistersTwoBytes              
200121f9  i2cWriteRegisters                     
20033dce  iDone                                 
20005e3d  iUpdateMagnetometerBuffer             
2000980f  initNetwork                           
20016091  intToASCII                            
20011057  isCompleteJson                        
2000e855  isPingTime                            
20033dcf  isitfirsttime                         
20019595  ldexp                                 
2001473d  loadClientState                       
2001aa37  logf                                  
200112c1  lseek                                 
20018eb1  ltoa                                  
2000fe89  main                                  
200015e8  main_func_sp                          
2000f967  malloc                                
2000f011  mem_Free                              
2000f005  mem_Malloc                            
2000f031  mem_copy                              
2000f01d  mem_set                               
2000fb9d  memalign                              
2001a595  memccpy                               
2001a469  memchr                                
2001a3c5  memcmp                                
200171b9  memcpy                                
2001a1fd  memmove                               
20017fdb  memset                                
2000f8d9  minit                                 
20033d58  mqxglobals                            
20011213  open                                  
2000f087  osi_ContextRestore                    
2000f085  osi_ContextSave                       
2000f045  osi_EnterCritical                     
2000f04f  osi_ExitCritical                      
2000ec6b  osi_InterruptDeRegister               
2000ec45  osi_InterruptRegister                 
2000ed75  osi_LockObjCreate                     
2000ede9  osi_LockObjDelete                     
2000edf9  osi_LockObjLock                       
2000ee25  osi_LockObjUnlock                     
2000ef39  osi_MsgQCreate                        
2000ef7d  osi_MsgQDelete                        
2000efc9  osi_MsgQRead                          
2000ef97  osi_MsgQWrite                         
2000f061  osi_Sleep                             
2000ee4f  osi_Spawn                             
2000ed53  osi_SyncObjClear                      
2000ec7d  osi_SyncObjCreate                     
2000ecad  osi_SyncObjDelete                     
2000ecc7  osi_SyncObjSignal                     
2000ecef  osi_SyncObjSignalFromISR              
2000ed27  osi_SyncObjWait                       
2000ed9b  osi_TaskCreate                        
2000eddb  osi_TaskDelete                        
2000f071  osi_TaskDisable                       
2000f07b  osi_TaskEnable                        
2000f059  osi_start                             
[...]
20016979  acosf                                 
20016a39  ulPortSetInterruptMask                
20016a4f  vPortClearInterruptMask               
20016a5d  xPortPendSVHandler                    
20016aa9  vPortSVCHandler                       
20016ad1  prvPortStartFirstTask                 
20016ae9  portCLZ                               
20016af1  ensureCertificateFile                 
20016ba9  _SlDrvMsgReadCmdCtx                   
20016c5d  _SlDrvNetAppEventHandler              
20016d11  Get_BatteryPercent                    
20016dc5  sl_Send                               
20016e75  __TI_wrt_ok                           
20016ed7  __TI_rd_ok                            
20016f21  IntDisable                            
20016fc9  IntEnable                             
20017071  Timer_IF_Init                         
2001709b  Timer_IF_IntSetup                     
200170cd  Timer_IF_InterruptClear               
200170e1  Timer_IF_Start                        
200170f5  Timer_IF_DeInit                       
2001710d  Timer_IF_GetCount                     
20017119  SPIConfigSetExpClk                    
200171b9  __aeabi_memcpy                        
200171b9  __aeabi_memcpy4                       
200171b9  __aeabi_memcpy8                       
200171b9  memcpy                                
20017255  _SlDrvClassifyRxMsg                   
200172ed  _SlFindAndSetActiveObj                
20017385  __TI_closefile                        
200173eb  fclose                                
2001741d  fputc                                 
2001741d  putc                                  
200174a1  putchar                               
200174b5  PRCMPeripheralClockGet                
20017549  snprintf                              
200175dd  __aeabi_fdiv                          
20017671  _SlDrvMsgReadSpawnCtx                 
20017701  _FDint                                
2001778d  sl_FsRead                             
20017819  sl_FsWrite                            
200178a5  sl_NetAppMDNSRegisterUnregisterService
20017931  PRCMHibernateIntervalSet              
200179b9  PinConfigSet                          
20017a41  parseInitialize                       
20017ac7  getInternalClient                     
20017ac9  vsnprintf                             
20017b51  __aeabi_cdcmpeq                       
20017b51  __aeabi_cdcmple                       
20017bd7  __aeabi_cdrcmple                      
20017c5d  I2CMasterInitExpClk                   
20017ce1  _SlDrvCmdOp                           
20017d65  NwpPowerOnPreamble                    
20017de5  _SlDrvDriverCBInit                    
20017e61  sl_DevGet                             
20017edd  sl_FsClose                            
20017f59  __aeabi_fmul                          
20017fd3  __aeabi_memclr                        
20017fd3  __aeabi_memclr4                       
20017fd3  __aeabi_memclr8                       
20017fd5  __aeabi_memset                        
20017fd5  __aeabi_memset4                       
20017fd5  __aeabi_memset8                       
20017fdb  memset                                
2001804d  _FDnorm                               
20018141  _sl_HandleAsync_DnsGetHostByName      
200181b9  _sl_HandleAsync_PingResponse          
20018231  sl_WlanGet                            
200182a9  UARTConfigSetExpClk                   
20018321  _sl_HandleAsync_InitComplete          
20018395  spi_Close                             
20018409  IntHandler_100mSecTimer               
20018421  start_100mSecTimer                    
20018451  stop_100mSecTimer                     
2001847d  TimerIntRegister                      
200184ed  sl_FsGetInfo                          
2001855d  _sl_TruncatePayloadByProtocol         
200185c9  __TI_auto_init                        
2001863d  fprintf                               
2001870d  PRCMHibernateWakeUpGPIOSelect         
20018775  TimerIntUnregister                    
200187dd  _sl_GetCreateFsMode                   
20018845  _sl_HandleAsync_Connect               
200188ad  Get_BatteryVoltageLevel_ADC081C021    
20018915  __TI_writemsg                         
20018943  C$$IO$$                               
20018947  __TI_readmsg                          
2001897d  _Dunscale                             
200189e5  _sl_HandleAsync_Accept                
20018a49  _sl_HandleAsync_DnsGetHostByService   
20018aad  fseek                                 
20018b11  uDMAChannelAttributeDisable           
20018b75  uDMAChannelAttributeEnable            
20018bd9  __aeabi_cfcmpeq                       
20018bd9  __aeabi_cfcmple                       
20018c39  __aeabi_cfrcmple                      
20018c99  sprintf                               
20018cf9  IntPendClear                          
20018d51  PRCMPeripheralReset                   
20018da9  _SlDrvDriverCBDeinit                  
20018e01  _sl_HandleAsync_Select                
20018e59  sl_NetAppSendTokenValue               
20018eb1  ltoa                                  
20018f07  _FDunscale                            
20018f5d  IntPrioritySet                        
20018fb1  _sl_HandleAsync_Stop                  
20019005  sl_FsOpen                             
20019059  __aeabi_f2ulz                         
200190a9  SPIIntEnable                          
200190f5  atoi                                  
20019141  copy_in                               
2001918d  srand                                 
200191a3  rand                                  
200191d9  sl_DevSet                             
20019225  sl_SetSockOpt                         
20019271  sl_WlanSet                            
200192bd  uDMAChannelAssign                     
20019309  _sl_GetStartResponseConvert           
20019353  __aeabi_d2f                           
2001939d  PRCMHibernateWakeupSourceDisable      
200193e5  PRCMHibernateWakeupSourceEnable       
2001942d  SPIIntClear                           
20019475  _SlRemoveFromList                     
200194bd  __aeabi_d2iz                          
20019505  sl_FsDel                              
2001954d  sl_NetCfgSet                          
20019595  ldexp                                 
20019621  TimerConfigure                        
20019665  C$$EXIT                               
20019669  abort                                 
20019671  exit                                  
200196a9  __aeabi_d2uiz                         
200196ed  sl_Recv                               
20019731  PinModeSet                            
20019771  _SlDrvRxIrqHandler                    
200197b1  signal                                
200197f1  sl_WlanPolicySet                      
20019831  sl_WlanRxFilterSet                    
20019871  strncasecmp                           
200198b1  NwpPowerOff                           
200198ed  PRCMPeripheralClkEnable               
20019929  _SlDrvObjInit                         
20019965  _c_int00                              
200199a1  uDMAChannelControlSet                 
200199dd  CameraCaptureStop                     
20019a17  CameraXClkConfig                      
20019a51  pvPortMalloc                          
20019a71  vPortFree                             
20019a89  __aeabi_f2d                           
20019ac1  __aeabi_f2iz                          
20019af9  __aeabi_i2f                           
20019b31  sl_Htonl                              
20019b69  GPIODirModeSet                        
20019ba1  IsLightOff                            
20019bd7  CameraParamsConfig                    
20019c0d  PRCMPeripheralStatusGet               
20019c41  SPIFIFOLevelSet                       
20019c75  _SlDrvBasicCmd                        
20019ca9  feraiseexcept                         
20019cdd  __aeabi_f2uiz                         
20019d11  strstr                                
20019d45  sl_Htons                              
20019d79  NwpPowerOn                            
20019da9  PinTypeGPIO                           
20019dd9  UARTDisable                           
20019e09  strncpy                               
20019e39  _Feraise                              
20019e69  sl_Socket                             
20019e99  __aeabi_i2d                           
20019ec7  raise                                 
20019ef5  CameraIntEnable                       
20019f21  DmaSpiSwIntHandler                    
20019f4d  I2CMasterErr                          
20019f79  PRCMSysResetCauseGet                  
20019fa5  _SlDrvFlowContDeinit                  
20019fd1  _SlDrvFlowContInit                    
20019ffd  TimerLoadSet                          
20019ffd  Timer_IF_ReLoad                       
2001a027  TimerPrescaleSet                      
2001a051  _sl_BuildAddress                      
2001a07b  _Dclass                               
2001a0a5  CameraIntStatus                       
2001a0cd  PRCMPeripheralClkDisable              
2001a0f5  strncat                               
2001a11d  sl_WlanSetMode                        
2001a145  CameraThresholdSet                    
2001a16b  strncmp                               
2001a191  CameraIntClear                        
2001a1b5  IntUnregister                         
2001a1d9  UARTEnable                            
2001a1fd  memmove                               
2001a221  __aeabi_ui2f                          
2001a245  sl_Close                              
2001a245  socketClose                           
2001a269  sl_NetAppStart                        
2001a28d  sl_NetAppStop                         
2001a2b1  sl_WlanProfileDel                     
2001a2d5  ResetISR                              
2001a2f9  CameraCaptureStart                    
2001a31b  I2CMasterSlaveAddrSet                 
2001a33d  NwpRegisterInterruptHandler           
2001a35f  SPIReset                              
2001a381  SPIWordCountSet                       
2001a3a3  frexp                                 
2001a3c5  memcmp                                
2001a3e7  GPIOPinWrite                          
2001a409  IntRegister                           
2001a429  _SlDrvCmdSend                         
2001a449  _SlDrvDeviceEventHandler              
2001a469  memchr                                
2001a489  __aeabi_ui2d                          
2001a4a9  I2CMasterIntStatusEx                  
2001a4c7  TimerDisable                          
2001a4c7  Timer_IF_Stop                         
2001a4e5  TimerEnable                           
2001a503  TimerIntStatus                        
2001a521  UARTCharPut                           
2001a53f  PinTypeI2C                            
2001a55b  TimerValueGet                         
2001a579  _SlDrvObjDeInit                       
2001a595  memccpy                               
2001a5b1  UDMAStopTransfer                      
2001a5b1  uDMAChannelDisable                    
2001a5cd  uDMAChannelEnable                     
2001a5e9  CopyPingResultsToReport               
2001a603  PinTypeCamera                         
2001a61d  PinTypeUART                           
2001a637  SPIDmaDisable                         
2001a651  SPIDmaEnable                          
2001a66b  SPIFIFODisable                        
2001a685  SPIFIFOEnable                         
2001a69f  CameraReset                           
2001a6b7  GPIOPinRead                           
2001a6d1  PRCMHibernateEnter                    
2001a6e9  SPICSDisable                          
2001a701  SPICSEnable                           
2001a719  SPIDisable                            
2001a731  SPIEnable                             
2001a749  TimerIntDisable                       
2001a761  TimerIntEnable                        
2001a779  _args_main                            
2001a791  strcmp                                
2001a7a9  CameraDMAEnable                       
2001a7bf  CameraIntRegister                     
2001a7d5  I2CMasterDataPut                      
2001a7eb  I2CMasterEnable                       
2001a801  PRCMHIBRegRead                        
2001a817  PRCMHIBRegWrite                       
2001a82d  UARTCharGet                           
2001a843  _SlDrvShiftDWord                      
2001a859  _sl_Strlen                            
2001a86f  strchr                                
2001a885  uDMAIntRegister                       
2001a89b  CPUcpsie                              
2001a8b1  IntVTableBaseSet                      
2001a8c5  _register_unlock                      
2001a8cb  _register_lock                        
2001a8d3  _nop                                  
2001a8d9  strcpy                                
2001a8ed  strlen                                
2001a901  uDMAControlBaseSet                    
2001a915  uDMAIntClear                          
2001a929  I2CMasterControl                      
2001a93b  I2CMasterIntClearEx                   
2001a94d  I2CMasterTimeoutSet                   
2001a95f  TimerIntClear                         
2001a971  sl_NetAppMDNSUnRegisterService        
2001a983  uDMAIntUnregister                     
2001a995  NwpMaskInterrupt                      
2001a9a5  SL_FD_SET                             
2001a9b5  I2CMasterDataGet                      
2001a9c3  __TI_decompress_none                  
2001a9d1  NwpUnMaskInterrupt                    
2001a9dd  __TI_zero_init                        
2001a9e9  uDMADisable                           
2001a9f5  uDMAEnable                            
2001aa01  uDMAIntStatus                         
2001aa0d  IntMasterEnable                       
2001aa17  sl_WlanDisconnect                     
2001aa1f  MT9D111Delay                          
2001aa25  SL_FD_ZERO                            
2001aa2b  UtilsDelay                            
2001aa31  __TI_decompress_rle24                 
2001aa37  logf                                  
2001aa3d  sinf                                  
2001aa43  __abort_execution                     
2001aa47  _system_pre_init                      
2001ab88  _ctypes_                              
2001ad90  _SlPolicySetCmdCtrl                   
2001ad94  _SlPolicyGetCmdCtrl                   
2001ad98  _SlProfileGetCmdCtrl                  
2001ad9c  _SlProfileDelCmdCtrl                  
2001ada0  _SlWlanGetNetworkListCtrl             
2001ada4  _SlRxFilterAddtCmdCtrl                
2001ada8  _SlRxFilterSetCmdCtrl                 
2001adac  _SlRxFilterGetCmdCtrl                 
2001adb0  _SlSmartConfigStartCmdCtrl            
2001adb4  _SlWlanSetModeCmdCtrl                 
2001adb8  _SlWlanCfgSetCmdCtrl                  
2001adbc  _SlWlanCfgGetCmdCtrl                  
2001b464  g_H2NSyncPattern                      
2001b46c  g_H2NCnysPattern                      
2001b474  _SlActionLookupTable                  
2001b638  _SlFsOpenCmdCtrl                      
2001b63c  _SlFsCloseCmdCtrl                     
2001b640  _SlFsReadCmdCtrl                      
2001b644  _SlFsWriteCmdCtrl                     
2001b648  _SlFsGetInfoCmdCtrl                   
2001b64c  _SlFsDeleteCmdCtrl                    
2001b6e8  _SlSockSocketCmdCtrl                  
2001b6ec  _SlSockCloseCmdCtrl                   
2001b6f0  _SlRecvfomCmdCtrl                     
2001b6f4  _SlSendCmdCtrl                        
2001b6f8  _SlListenCmdCtrl                      
2001b6fc  _SlAcceptCmdCtrl                      
2001b700  _SlRecvCmdCtrl                        
2001b704  _SlSetSockOptCmdCtrl                  
2001b708  _SlGetSockOptCmdCtrl                  
2001b70c  _SlSelectCmdCtrl                      
2001b810  _SlNetAppStartCtrl                    
2001b814  _SlNetAppStopCtrl                     
2001b818  _SlGetServiceListeCtrl                
2001b81c  _SlRegisterServiceCtrl                
2001b820  _SlGetHostByServiceCtrl               
2001b824  _SlGetHostByNameCtrl                  
2001b828  _SlNetAppSetCmdCtrl                   
2001b82c  _SlNetAppSendTokenValueCmdCtrl        
2001b830  _SlNetAppGetCmdCtrl                   
2001b914  g_deviceClientVersion                 
2001b958  _SlStopCmdCtrl                        
2001b95c  _SlEventMaskSetCmdCtrl                
2001b960  _SlEventMaskGetCmdCtrl                
2001b964  _SlDeviceGetCmdCtrl                   
2001b968  _SlDeviceSetCmdCtrl                   
2001b96c  pcDigits                              
2001b978  _SlNetCfgSetCmdCtrl                   
2001b97c  _SlNetCfgGetCmdCtrl                   
2001b980  __TI_static_base__                    
2001c528  __TI_Handler_Table_Base               
2001c534  __TI_Handler_Table_Limit              
2001c540  __TI_CINIT_Base                       
2001c550  __TI_CINIT_Limit                      
2001e000  g_image_buffer                        
20032000  thisMagBuffer                         
20032b58  thisMagCal                            
20032f70  thisMag                               
20032fc8  clientStateFileName                   
20032ffc  Elapsed_100MilliSecs                  
20033000  gpCtlTbl                              
20033400  g_NetEntries                          
20033770  __CIOBUF_                             
20033890  gfpAppCallbackHndl                    
20033a58  thisSV_6DOF_GB_BASIC                  
20033b04  __TI_tmpnams                          
20033ba4  xQueueRegistry                        
20033bf4  g_cWlanSecurityKey                    
20033c28  thisAccel                             
20033c5c  g_cWlanSSID                           
20033c80  g_ucConnectionSSID                    
20033cc0  g_flag_blockFull                      
20033d38  ang_buf                               
20033d48  globals                               
20033d58  mqxglobals                            
20033d68  g_SecParams                           
20033d74  g_ucConnectionBSSID                   
20033d88  angle_avg                             
20033d8c  dataBuffer                            
20033d90  g_block_lastFilled                    
20033d94  g_cWlanSecurityType                   
20033d98  g_frame_size_in_bytes                 
20033d9c  g_header_length                       
20033da0  g_position_in_block                   
20033da4  g_readHeader                          
20033dac  g_ulAppStatus                         
20033db0  gdoor_40deg_angle                     
20033db4  gdoor_90deg_angle                     
20033dc0  avg_buffer_cnt                        
20033dc1  checkForLight_Flag                    
20033dc2  cnt_prakz2                            
20033dc4  g_flag_DataBlockFilled                
20033dc5  g_flag_door_closing_45degree          
20033dc6  g_frame_end                           
20033dc7  g_ucAngle40                           
20033dc8  g_ucAngle90                           
20033dc9  g_ucCalibration                       
20033dca  g_ucConfig                            
20033dcb  g_ucExitButton                        
20033dcc  g_ucMagCalb                           
20033dcd  g_ucProfileAdded                      
20033dce  iDone                                 
20033dcf  isitfirsttime                         
20033dd0  print_count                           
20033dd1  valid_case                            
20033dd8  _sys_memory                           
ffffffff  __binit__                             
ffffffff  __c_args__                            
ffffffff  binit                                 
UNDEFED   SHT$$INIT_ARRAY$$Base                 
UNDEFED   SHT$$INIT_ARRAY$$Limit                

[873 symbols]
