******************************************************************************
                  TI ARM Linker PC v5.2.2                      
******************************************************************************
>> Linked Wed Aug 05 09:44:35 2015

OUTPUT FILE NAME:   <ULP_SEC_CAM.out>
ENTRY POINT SYMBOL: "_c_int00"  address: 2001f029


MEMORY CONFIGURATION

         name            origin    length      used     unused   attr    fill
----------------------  --------  ---------  --------  --------  ----  --------
  SRAM_BOOTLDR          20000000   00004000  0000293c  000016c4  RW X
  SRAM_CODE             20004000   0001e300  0001df5b  000003a5  RW X
  SRAM_DATA             20022300   0001dd00  0001c36d  00001993  RW X


SEGMENT ALLOCATION MAP

run origin  load origin   length   init length attrs members
----------  ----------- ---------- ----------- ----- -------
20000000    20000000    0000093c   00000000    rw-
  20000000    20000000    0000093c   00000000    rw- .data
20002000    20002000    00002000   00000000    rw-
  20002000    20002000    00002000   00000000    rw- .stack
20004000    20004000    0001df60   0001df60    r-x
  20004000    20004000    00000400   00000400    r-- .intvecs
  20004400    20004400    0001c3f0   0001c3f0    r-x .text
  200207f0    200207f0    0000123b   0000123b    r-- .const
  20021a30    20021a30    00000530   00000530    r-- .cinit
20022400    20022400    0001c370   00000000    rw-
  20022400    20022400    0001736d   00000000    rw- .bss
  20039770    20039770    00005000   00000000    rw- .sysmem


SECTION ALLOCATION MAP

 output                                  attributes/
section   page    origin      length       input sections
--------  ----  ----------  ----------   ----------------
.data      0    20000000    0000093c     UNINITIALIZED
                  20000000    000003c9     cc3200_certificate.obj (.data:DigiCertHighAssuranceEVRootCA_der)
                  200003c9    00000001     tasks.obj (.data)
                  200003ca    00000002     --HOLE--
                  200003cc    000000f0     rtsv7M4_T_le_eabi.lib : defs.obj (.data:_ftable)
                  200004bc    000000d0                           : lowlev.obj (.data)
                  2000058c    000000b0                           : signal.obj (.data:sigtable)
                  2000063c    00000004     cc3200_certificate.obj (.data)
                  20000640    00000080     rtsv7M4_T_le_eabi.lib : xvalues.obj (.data)
                  200006c0    00000068                           : xfvalues.obj (.data)
                  20000728    00000064     network_relater_fns.obj (.data:Token)
                  2000078c    00000064     network_relater_fns.obj (.data:Value)
                  200007f0    0000003c     main.obj (.data:g_token_get)
                  2000082c    00000034     free_rtos.a : tasks.obj (.data)
                  20000860    00000024     main.obj (.data)
                  20000884    00000018     cc3200_utils.obj (.data)
                  2000089c    00000018     request.obj (.data)
                  200008b4    00000010     rtsv7M4_T_le_eabi.lib : defs.obj (.data)
                  200008c4    0000000c     free_rtos.a : osi_freertos.obj (.data)
                  200008d0    0000000c     rtsv7M4_T_le_eabi.lib : memory.obj (.data)
                  200008dc    00000009     simplelink.a : cc_pal.obj (.data)
                  200008e5    00000003     --HOLE--
                  200008e8    00000009                  : driver.obj (.data)
                  200008f1    00000003     --HOLE--
                  200008f4    00000008     camera_app.obj (.data)
                  200008fc    00000008     rtsv7M4_T_le_eabi.lib : _lock.obj (.data)
                  20000904    00000008                           : exit.obj (.data)
                  2000090c    00000008                           : feraiseexcept.obj (.data)
                  20000914    00000006     http.obj (.data)
                  2000091a    00000002     --HOLE--
                  2000091c    00000004     free_rtos.a : port.obj (.data)
                  20000920    00000004     middleware.a : rtc_hal.obj (.data)
                  20000924    00000004     ota.a : OtaHttp.obj (.data)
                  20000928    00000004     rtsv7M4_T_le_eabi.lib : errno.obj (.data)
                  2000092c    00000004                           : fopen.obj (.data)
                  20000930    00000004                           : rand.obj (.data)
                  20000934    00000004                           : stkdepth_vars.obj (.data)
                  20000938    00000004     user_configure_fn.obj (.data)

.TI.persistent 
*          0    20000000    00000000     UNINITIALIZED

.stack     0    20002000    00002000     UNINITIALIZED
                  20002000    00002000     --HOLE--

.intvecs   0    20004000    00000400     
                  20004000    00000400     startup_ccs.obj (.intvecs)

.text      0    20004400    0001c3f0     
                  20004400    00001258     free_rtos.a : tasks.obj (.text)
                  20005658    000010a6     rtsv7M4_T_le_eabi.lib : _printfi.obj (.text)
                  200066fe    00000002     startup_ccs.obj (.text:BusFaultHandler)
                  20006700    00000b24     free_rtos.a : queue.obj (.text)
                  20007224    00000a08     magnetic.obj (.text:fUpdateCalibration10EIG)
                  20007c2c    00000788     magnetic.obj (.text:fUpdateCalibration4INV)
                  200083b4    00000694     magnetic.obj (.text:fUpdateCalibration7EIG)
                  20008a48    00000688     matrix.obj (.text:eigencompute)
                  200090d0    00000610     ota.a : OtaHttp.obj (.text)
                  200096e0    000005ec     simplelink.a : driver.obj (.text:_SlDrvMsgRead)
                  20009ccc    00000584     application_fn.obj (.text:application_fn)
                  2000a250    00000584     magnetic.obj (.text:iUpdateMagnetometerBuffer)
                  2000a7d4    000004dc     network_relater_fns.obj (.text:SimpleLinkHttpServerCallback)
                  2000acb0    000004be     cc3200_utils.obj (.text:createNewInstallationId)
                  2000b16e    00000002     driverlib.a : interrupt.obj (.text:IntDefaultHandler)
                  2000b170    0000045c     free_rtos.a : osi_freertos.obj (.text)
                  2000b5cc    0000044c     request.obj (.text:buildRequestHeaders)
                  2000ba18    00000424     ota.a : OtaClient.obj (.text)
                  2000be3c    0000040c           : OtaApp.obj (.text)
                  2000c248    000003dc     rtsv7M4_T_le_eabi.lib : memory.obj (.text)
                  2000c624    000003b8     matrix.obj (.text:fmatrixAeqInvA)
                  2000c9dc    000003b4     network_relater_fns.obj (.text:SimpleLinkWlanEventHandler)
                  2000cd90    00000378     rtsv7M4_T_le_eabi.lib : powf.obj (.text)
                  2000d108    0000035c     ota.a : CdnClient.obj (.text)
                  2000d464    00000354     orientation.obj (.text:feCompassAndroid)
                  2000d7b8    00000354     orientation.obj (.text:feCompassWin8)
                  2000db0c    00000350     orientation.obj (.text:feCompassNED)
                  2000de5c    0000033c     door_position_detection_algorithm.obj (.text:Calculate_DoorOpenThresholdAngle)
                  2000e198    00000338     ota.a : LogClient.obj (.text)
                  2000e4d0    00000324     tasks.obj (.text:MagCal_Run)
                  2000e7f4    0000030c     rtsv7M4_T_le_eabi.lib : lowlev.obj (.text)
                  2000eb00    000002dc     network_relater_fns.obj (.text:ConfigureSimpleLinkToDefaultState)
                  2000eddc    000002d4     rtsv7M4_T_le_eabi.lib : trgdrv.obj (.text)
                  2000f0b0    000002a4     user_configure_fn.obj (.text:User_Configure)
                  2000f354    00000298     mt9d111.obj (.text:RegLstWrite)
                  2000f5ec    00000298     rtsv7M4_T_le_eabi.lib : vla_alloc.obj (.text)
                  2000f884    00000284     camera_app.obj (.text:CaptureImage)
                  2000fb08    00000284     parse_uploads.obj (.text:ConstructGroundDataObject)
                  2000fd8c    0000027c     door_position_detection_algorithm.obj (.text:check_doorpos)
                  20010008    00000270     user_configure_fn.obj (.text:WiFiProvisioning)
                  20010278    0000026e     simplejson.obj (.text:simpleJsonProcessor)
                  200104e6    00000002     startup_ccs.obj (.text:IntDefaultHandler)
                  200104e8    00000268     user_configure_fn.obj (.text:Get_Calibration_MagSensor)
                  20010750    0000025c     lightSens_isl29035.obj (.text:configureISL29035)
                  200109ac    00000248     simplelink.a : driver.obj (.text:_SlDrvRxHdrRead)
                  20010bf4    00000244                  : wlan.obj (.text:sl_WlanConnect)
                  20010e38    00000220     ota.obj (.text:OTA_Run)
                  20011058    00000220     rtsv7M4_T_le_eabi.lib : ll_div_t2.obj (.text)
                  20011278    00000218     request.obj (.text:payloadSend)
                  20011490    000001f4     rtsv7M4_T_le_eabi.lib : ull_div_t2.obj (.text)
                  20011684    000001ec     main_FXOS8700.obj (.text:angleCheck_Initializations)
                  20011870    000001d4     Task_UserConfig.obj (.text:UserConfigure_Task)
                  20011a44    000001d0     simplelink.a : driver.obj (.text:_SlDrvReleasePoolObj)
                  20011c14    000001cc                  : driver.obj (.text:_SlDrvMsgWrite)
                  20011de0    000001c8     main.obj (.text:main)
                  20011fa8    000001c4     tasks.obj (.text:RdSensData_Run)
                  2001216c    000001c4     rtsv7M4_T_le_eabi.lib : fopen.obj (.text)
                  20012330    000001c0     magnetic.obj (.text:fInvertMagCal)
                  200124f0    000001bc     rtsv7M4_T_le_eabi.lib : xflog.obj (.text)
                  200126ac    000001b6                           : fd_add_t2.obj (.text)
                  20012862    00000002     startup_ccs.obj (.text:NmiSR)
                  20012864    000001ac     parse_uploads.obj (.text:ConstructDeviceStateObject)
                  20012a10    000001a8     user_configure_fn.obj (.text:AccessPtMode_HTTPServer_Start)
                  20012bb8    000001a8     parse_uploads.obj (.text:ConstructUserConfigObject)
                  20012d60    000001a4     orientation.obj (.text:fQuaternionFromRotationMatrix)
                  20012f04    000001a4     cc3200_socket.obj (.text:socketSslConnect)
                  200130a8    000001a0     camera_app.obj (.text:CameraIntHandler)
                  20013248    0000019c     rtsv7M4_T_le_eabi.lib : xfsin.obj (.text)
                  200133e4    00000190     simplelink.a : driver.obj (.text:_SlDrvWaitForPoolObj)
                  20013574    00000190     network_relater_fns.obj (.text:initNetwork)
                  20013704    0000018c     request.obj (.text:sendRequest)
                  20013890    00000188     matrix.obj (.text:f3x3matrixAeqInvSymB)
                  20013a18    00000184     flc.a : flc.obj (.text)
                  20013b9c    00000180     orientation.obj (.text:fWin8AnglesDegFromRotationMatrix)
                  20013d1c    00000178     rtsv7M4_T_le_eabi.lib : tanf.obj (.text)
                  20013e94    00000178                           : xfexp.obj (.text)
                  2001400c    00000174     simplelink.a : driver.obj (.text:_SlDrvDriverCBInit)
                  20014180    00000174     magnetic.obj (.text:fInitMagCalibration)
                  200142f4    00000170     network_relater_fns.obj (.text:SimpleLinkNetAppEventHandler)
                  20014464    00000170     simplelink.a : driver.obj (.text:_SlFindAndSetActiveObj)
                  200145d4    00000168     ota.obj (.text:OTAServerInfoSet)
                  2001473c    00000165     network_relater_fns.obj (.text:SimpleLinkSockEventHandler)
                  200148a1    00000001     --HOLE-- [fill = 0]
                  200148a2    00000002     main.obj (.text:vApplicationIdleHook)
                  200148a4    00000164     tempRHSens_si7020.obj (.text:getTempRH)
                  20014a08    00000160     tasks.obj (.text:Fusion_Run)
                  20014b68    00000160     network_relater_fns.obj (.text:WiFi_Connect)
                  20014cc8    0000015c     hibernate_related_fns.obj (.text:HIBernate)
                  20014e24    00000158     drivers.obj (.text:FXOS8700_Init)
                  20014f7c    00000158     orientation.obj (.text:qAeqAxB)
                  200150d4    00000158     orientation.obj (.text:qconjgAxB)
                  2001522c    00000150     simplelink.a : cc_pal.obj (.text:spi_Open)
                  2001537c    00000144     fusion.obj (.text:fRun_6DOF_GB_BASIC)
                  200154c0    0000013c     rtsv7M4_T_le_eabi.lib : fmodf.obj (.text)
                  200155fc    0000013c     simplelink.a : socket.obj (.text:sl_Select)
                  20015738    00000138     i2cconfig.obj (.text:I2CBufferRead)
                  20015870    00000138     mt9d111.obj (.text:Register_Read)
                  200159a8    00000138     orientation.obj (.text:fLPFOrientationQuaternion)
                  20015ae0    00000138     orientation.obj (.text:fRotationMatrixFromQuaternion)
                  20015c18    00000138     i2c_app.obj (.text:i2cWriteRegisters)
                  20015d50    00000136     rtsv7M4_T_le_eabi.lib : fd_div_t2.obj (.text)
                  20015e86    00000002     --HOLE-- [fill = 0]
                  20015e88    00000134     driverlib.a : prcm.obj (.text:PRCMCC3200MCUInit)
                  20015fbc    00000134     rtsv7M4_T_le_eabi.lib : fputs.obj (.text)
                  200160f0    00000130     i2cconfig.obj (.text:I2CBufferWrite)
                  20016220    0000012a     free_rtos.a : list.obj (.text)
                  2001634a    00000002     --HOLE-- [fill = 0]
                  2001634c    00000128     mt9d111.obj (.text:Read_AllRegisters)
                  20016474    00000128     simplelink.a : driver.obj (.text:_SlDrvDataReadOp)
                  2001659c    00000116     drivers.obj (.text:FXOS8700_ReadData)
                  200166b2    00000002     --HOLE-- [fill = 0]
                  200166b4    00000110     free_rtos.a : port.obj (.text)
                  200167c4    00000110     rtsv7M4_T_le_eabi.lib : xdscale.obj (.text)
                  200168d4    00000110     lightSens_isl29035.obj (.text:verifyISL29035)
                  200169e4    00000110     tempRHSens_si7020.obj (.text:verifyTempRHSensor)
                  20016af4    0000010c     flash_files.obj (.text:WriteFile_ToFlash)
                  20016c00    00000108     middleware.a : rtc_hal.obj (.text:rtc_fast_domain_counter_rd)
                  20016d08    00000108     simplelink.a : socket.obj (.text:sl_Connect)
                  20016e10    00000108                  : socket.obj (.text:sl_Send)
                  20016f18    00000104     dbgFns.obj (.text:Check_I2CDevices)
                  2001701c    00000104     simplelink.a : driver.obj (.text:_SlDrvDataWriteOp)
                  20017120    00000104     i2c_app.obj (.text:i2cReadRegistersTwoBytes)
                  20017224    00000104     simplelink.a : netapp.obj (.text:sl_NetAppDnsGetHostByName)
                  20017328    00000100     i2c_app.obj (.text:i2cReadRegisters)
                  20017428    00000100     cc3200_client_state.obj (.text:loadClientState)
                  20017528    000000fe     simplelink.a : netapp.obj (.text:_SlDrvNetAppEventHandler)
                  20017626    00000002     --HOLE-- [fill = 0]
                  20017628    000000fc     pinmux.obj (.text:PinMuxConfig)
                  20017724    000000fc     orientation.obj (.text:fqAeqNormqA)
                  20017820    000000fc     rtsv7M4_T_le_eabi.lib : fd_mul_t2.obj (.text)
                  2001791c    000000fa                           : fs_add_t2.obj (.text)
                  20017a16    00000002     --HOLE-- [fill = 0]
                  20017a18    000000f8     Task_Main.obj (.text:Main_Task_withHibernate)
                  20017b10    000000f8     cc3200_certificate.obj (.text:ensureCertificateFile)
                  20017c08    000000f8     orientation.obj (.text:fAndroidAnglesDegFromRotationMatrix)
                  20017d00    000000f8     orientation.obj (.text:fNEDAnglesDegFromRotationMatrix)
                  20017df8    000000f7     parse_uploads.obj (.text:Get_FridgeCamID)
                  20017eef    00000001     --HOLE-- [fill = 0]
                  20017ef0    000000f4     simplelink.a : driver.obj (.text:_SlDrvDriverCBDeinit)
                  20017fe4    000000f4     installation.obj (.text:getInstallation)
                  200180d8    000000f4     app_common.obj (.text:intToASCII)
                  200181cc    000000f4     simplelink.a : fs.obj (.text:sl_FsRead)
                  200182c0    000000f4     accelomtrMagntomtr_fxos8700.obj (.text:verifyAccelMagnSensor)
                  200183b4    000000f2     cc3200_socket.obj (.text:socketRead)
                  200184a6    00000002     --HOLE-- [fill = 0]
                  200184a8    000000f0     camera_app.obj (.text:DMAConfig)
                  20018598    000000f0     driverlib.a : udma.obj (.text:uDMAChannelTransferSet)
                  20018688    000000ec     orientation.obj (.text:fRotationVectorDegFromQuaternion)
                  20018774    000000ec     simplelink.a : fs.obj (.text:sl_FsWrite)
                  20018860    000000e8     appFns_BatteryLevelSense.obj (.text:Get_BatteryPercent)
                  20018948    000000e4     parse_uploads.obj (.text:UploadImageToParse)
                  20018a2c    000000e0     flash_files.obj (.text:ReadFile_FromFlash)
                  20018b0c    000000e0     camera_app.obj (.text:Start_CameraCapture)
                  20018bec    000000e0     parse_uploads.obj (.text:UploadGroundDataObjectToParse)
                  20018ccc    000000dc     parse_uploads.obj (.text:UploadSensorDataToParse)
                  20018da8    000000dc     parse_uploads.obj (.text:UploadUserConfigObjectToParse)
                  20018e84    000000dc     rtsv7M4_T_le_eabi.lib : setvbuf.obj (.text)
                  20018f60    000000dc     simplelink.a : cc_pal.obj (.text:spi_Read)
                  2001903c    000000d8     user_configure_fn.obj (.text:CollectAngle)
                  20019114    000000d8     simplelink.a : driver.obj (.text:_SlDrvClassifyRxMsg)
                  200191ec    000000d8     rtsv7M4_T_le_eabi.lib : xfatan.obj (.text)
                  200192c4    000000d4     ota.obj (.text:OTA_CommitImage)
                  20019398    000000d4     simplelink.a : device.obj (.text:sl_Stop)
                  2001946c    000000d0     rtsv7M4_T_le_eabi.lib : xfdscale.obj (.text)
                  2001953c    000000cc     approximations.obj (.text:fatan_deg)
                  20019608    000000cc     rtsv7M4_T_le_eabi.lib : sqrtf.obj (.text)
                  200196d4    000000c8     mt9d111.obj (.text:EnterStandby_mt9d111)
                  2001979c    000000c8     simplelink.a : netapp.obj (.text:_sl_HandleAsync_DnsGetHostByService)
                  20019864    000000c8     rtsv7M4_T_le_eabi.lib : fflush.obj (.text)
                  2001992c    000000c4     mt9d111.obj (.text:ExitStandby_mt9d111)
                  200199f0    000000c4     simplelink.a : driver.obj (.text:_SlRemoveFromList)
                  20019ab4    000000c0     i2c_if.obj (.text:I2C_IF_Read)
                  20019b74    000000c0     user_configure_fn.obj (.text:WlanConnect)
                  20019c34    000000be     rtsv7M4_T_le_eabi.lib : xdnorm.obj (.text)
                  20019cf2    00000002     --HOLE-- [fill = 0]
                  20019cf4    000000bc     i2c_if.obj (.text:I2C_IF_Write)
                  20019db0    000000bc     main.obj (.text:InitializeAppVariables)
                  20019e6c    000000bc     simplelink.a : driver.obj (.text:_SlDrvMsgReadCmdCtx)
                  20019f28    000000bc     tempRHSens_si7020.obj (.text:configureTempRHSensor)
                  20019fe4    000000bc     rtsv7M4_T_le_eabi.lib : acosf.obj (.text)
                  2001a0a0    000000bc     simplelink.a : device.obj (.text:sl_Start)
                  2001a15c    000000ba     free_rtos.a : portasm.obj (.text)
                  2001a216    00000002     --HOLE-- [fill = 0]
                  2001a218    000000b8     simplelink.a : driver.obj (.text:_SlAsyncEventGenericHandler)
                  2001a2d0    000000b8     installation.obj (.text:createInstallation)
                  2001a388    000000b4     simplelink.a : netapp.obj (.text:sl_NetAppMDNSRegisterUnregisterService)
                  2001a43c    000000ac     Task_ImageCaptureConfigs.obj (.text:ImageSensor_CaptureConfigs_Task)
                  2001a4e8    000000ac     mt9d111.obj (.text:Verify_ImageSensor)
                  2001a594    000000ac     rtsv7M4_T_le_eabi.lib : _io_perm.obj (.text)
                  2001a640    000000ab     installation.obj (.text:getInstallationByIdCallback)
                  2001a6eb    00000001     --HOLE-- [fill = 0]
                  2001a6ec    000000aa     uartA1_if.obj (.text:Report)
                  2001a796    00000002     --HOLE-- [fill = 0]
                  2001a798    000000a8     driverlib.a : interrupt.obj (.text:IntDisable)
                  2001a840    000000a8                 : interrupt.obj (.text:IntEnable)
                  2001a8e8    000000a8     simplelink.a : netcfg.obj (.text:sl_NetCfgGet)
                  2001a990    000000a0     driverlib.a : spi.obj (.text:SPIConfigSetExpClk)
                  2001aa30    000000a0     camera_app.obj (.text:Standby_ImageSensor)
                  2001aad0    000000a0     cc3200_socket.obj (.text:socketWrite)
                  2001ab70    0000009e     matrix.obj (.text:f3x3matrixDetA)
                  2001ac0e    00000002     --HOLE-- [fill = 0]
                  2001ac10    0000009c     simplelink.a : driver.obj (.text:_SlDrvMsgReadSpawnCtx)
                  2001acac    0000009c     approximations.obj (.text:fatan2_deg)
                  2001ad48    0000009c     rtsv7M4_T_le_eabi.lib : memcpy_t2.obj (.text)
                  2001ade4    0000009c     simplelink.a : device.obj (.text:sl_DevGet)
                  2001ae80    00000098     camera_app.obj (.text:Config_CameraCapture)
                  2001af18    00000098     LED_timer.obj (.text:IntrptHandler_LEDTimer)
                  2001afb0    00000098     simplelink.a : fs.obj (.text:_sl_GetCreateFsMode)
                  2001b048    00000098     rtsv7M4_T_le_eabi.lib : fclose.obj (.text)
                  2001b0e0    00000098                           : fputc.obj (.text)
                  2001b178    00000096     parse_uploads.obj (.text:Add_NumberField_ToJSONString)
                  2001b20e    00000002     --HOLE-- [fill = 0]
                  2001b210    00000094     driverlib.a : prcm.obj (.text:PRCMPeripheralClockGet)
                  2001b2a4    00000094     approximations.obj (.text:facos_deg)
                  2001b338    00000094     lightSens_isl29035.obj (.text:getLightsensor_data)
                  2001b3cc    00000094     rtsv7M4_T_le_eabi.lib : snprintf.obj (.text)
                  2001b460    00000092     parse_impl.obj (.text:parseInitialize)
                  2001b4f2    00000092     rtsv7M4_T_le_eabi.lib : fs_div_t2.obj (.text)
                  2001b584    00000090     network_relater_fns.obj (.text:InitializeUserConfigVariables)
                  2001b614    0000008c     app_common.obj (.text:LED_Blink_2)
                  2001b6a0    0000008c     simplelink.a : cc_pal.obj (.text:SetupDMAReceive)
                  2001b72c    0000008c                  : cc_pal.obj (.text:SetupDMASend)
                  2001b7b8    0000008c                  : netapp.obj (.text:_sl_HandleAsync_DnsGetHostByName)
                  2001b844    0000008c                  : netapp.obj (.text:_sl_HandleAsync_PingResponse)
                  2001b8d0    0000008c     rtsv7M4_T_le_eabi.lib : xfdint.obj (.text)
                  2001b95c    0000008c     simplelink.a : cc_pal.obj (.text:spi_Write)
                  2001b9e8    00000088     driverlib.a : prcm.obj (.text:PRCMHibernateIntervalSet)
                  2001ba70    00000088                 : pin.obj (.text:PinConfigSet)
                  2001baf8    00000088     rtsv7M4_T_le_eabi.lib : vsnprintf.obj (.text)
                  2001bb80    00000088     simplelink.a : fs.obj (.text:sl_FsClose)
                  2001bc08    00000086     rtsv7M4_T_le_eabi.lib : fd_cmp_t2.obj (.text:__aeabi_cdcmple)
                  2001bc8e    00000086                           : fd_cmp_t2.obj (.text:__aeabi_cdrcmple)
                  2001bd14    00000084     timer_if.obj (.text:GetPeripheralIntNum)
                  2001bd98    00000084     driverlib.a : i2c.obj (.text:I2CMasterInitExpClk)
                  2001be1c    00000084     simplelink.a : cc_pal.obj (.text:NwpPowerOnPreamble)
                  2001bea0    00000084     sendGroundData.obj (.text:SendGroundData)
                  2001bf24    00000084     matrix.obj (.text:f3x3matrixAeqI)
                  2001bfa8    00000084     fusion.obj (.text:fInit_6DOF_GB_BASIC)
                  2001c02c    00000084     sendUserConfigDataToParse.obj (.text:sendUserConfigData)
                  2001c0b0    00000080     simplelink.a : driver.obj (.text:_SlDrvCmdOp)
                  2001c130    00000080                  : cc_pal.obj (.text:spi_Read_CPU)
                  2001c1b0    00000080                  : cc_pal.obj (.text:spi_Write_CPU)
                  2001c230    0000007c     driverlib.a : prcm.obj (.text:PRCMRTCGet)
                  2001c2ac    0000007c     camera_app.obj (.text:Wakeup_ImageSensor)
                  2001c328    0000007c     simplelink.a : device.obj (.text:_sl_HandleAsync_InitComplete)
                  2001c3a4    0000007c     matrix.obj (.text:fmatrixAeqI)
                  2001c420    0000007c     simplelink.a : fs.obj (.text:sl_FsGetInfo)
                  2001c49c    0000007a     rtsv7M4_T_le_eabi.lib : fs_mul_t2.obj (.text)
                  2001c516    0000007a                           : memset_t2.obj (.text)
                  2001c590    0000007a                           : xfdnorm.obj (.text)
                  2001c60a    00000002     --HOLE-- [fill = 0]
                  2001c60c    00000078     network_relater_fns.obj (.text:ConfigureMode)
                  2001c684    00000078     i2c_if.obj (.text:I2CTransact)
                  2001c6fc    00000078     parse_uploads.obj (.text:InitialiseParse)
                  2001c774    00000078     NWP.obj (.text:NWP_SwitchOn)
                  2001c7ec    00000078     simplelink.a : socket.obj (.text:_sl_HandleAsync_Connect)
                  2001c864    00000078                  : fs.obj (.text:sl_FsOpen)
                  2001c8dc    00000078                  : cc_pal.obj (.text:spi_Close)
                  2001c954    00000076     driverlib.a : uart.obj (.text:UARTConfigSetExpClk)
                  2001c9ca    00000002     --HOLE-- [fill = 0]
                  2001c9cc    00000074     NWP.obj (.text:NWP_SwitchOff)
                  2001ca40    00000074     appFns_LightSensor.obj (.text:PowerDown_LightSensor)
                  2001cab4    00000074     middleware.a : rtc_hal.obj (.text:rtc_value_rd)
                  2001cb28    00000074     simplelink.a : socket.obj (.text:sl_Recv)
                  2001cb9c    00000073     installation.obj (.text:getInstallationCallback)
                  2001cc0f    00000001     --HOLE-- [fill = 0]
                  2001cc10    00000072     timer_if.obj (.text:Timer_IF_IntSetup)
                  2001cc82    00000002     --HOLE-- [fill = 0]
                  2001cc84    00000070     batteryVoltLvlSens_adc081c021.obj (.text:Get_BatteryVoltageLevel_ADC081C021)
                  2001ccf4    00000070     camera_app.obj (.text:ReStart_CameraCapture)
                  2001cd64    00000070     timer_fns.obj (.text:get_timeDuration)
                  2001cdd4    0000006c     camera_app.obj (.text:CamControllerInit)
                  2001ce40    0000006c     lightSens_isl29035.obj (.text:PowerDown_ISL29035)
                  2001ceac    0000006c     udma_if.obj (.text:UDMAInit)
                  2001cf18    0000006c     simplelink.a : driver.obj (.text:_SlDrvCmdSend)
                  2001cf84    0000006c     matrix.obj (.text:f3x3matrixAeqMinusA)
                  2001cff0    0000006c     request.obj (.text:parseSendRequestInternal)
                  2001d05c    0000006c     rtsv7M4_T_le_eabi.lib : autoinit.obj (.text)
                  2001d0c8    0000006c                           : fprintf.obj (.text)
                  2001d134    0000006c                           : fs_toll_t2.obj (.text)
                  2001d1a0    0000006a     matrix.obj (.text:f3x3matrixAeqAxScalar)
                  2001d20a    0000006a     rtsv7M4_T_le_eabi.lib : copy_decompress_rle.obj (.text)
                  2001d274    00000069     http.obj (.text:beginHttpGetRequest)
                  2001d2dd    00000003     --HOLE-- [fill = 0]
                  2001d2e0    00000068     driverlib.a : prcm.obj (.text:PRCMHibernateWakeUpGPIOSelect)
                  2001d348    00000068     mt9d111.obj (.text:RestartSensorInJpegMode)
                  2001d3b0    00000068     mt9d111.obj (.text:StartSensorInJpegMode)
                  2001d418    00000068     simplelink.a : netapp.obj (.text:_sl_NetAppSendTokenValue)
                  2001d480    00000068     cc3200_utils.obj (.text:fetchDeviceOSVersion)
                  2001d4e8    00000068     rtsv7M4_T_le_eabi.lib : trgmsg.obj (.text)
                  2001d550    00000068     simplelink.a : device.obj (.text:sl_DevSet)
                  2001d5b8    00000068                  : netcfg.obj (.text:sl_NetCfgSet)
                  2001d620    00000068                  : socket.obj (.text:sl_SetSockOpt)
                  2001d688    00000068                  : wlan.obj (.text:sl_WlanSet)
                  2001d6f0    00000066     matrix.obj (.text:f3x3matrixAeqScalar)
                  2001d756    00000066     rtsv7M4_T_le_eabi.lib : xdunscal.obj (.text)
                  2001d7bc    00000064     mt9d111.obj (.text:CCMRegs_Read)
                  2001d820    00000064     rtsv7M4_T_le_eabi.lib : fseek.obj (.text)
                  2001d884    00000064     cc3200_socket.obj (.text:socketWait)
                  2001d8e8    00000064     tempRHSens_si7020.obj (.text:softResetTempRHSensor)
                  2001d94c    00000064     driverlib.a : udma.obj (.text:uDMAChannelAttributeDisable)
                  2001d9b0    00000064                 : udma.obj (.text:uDMAChannelAttributeEnable)
                  2001da14    00000060     watchdog.obj (.text:WatchdogIntHandler)
                  2001da74    00000060     rtsv7M4_T_le_eabi.lib : fs_cmp_t2.obj (.text:__aeabi_cfcmple)
                  2001dad4    00000060                           : fs_cmp_t2.obj (.text:__aeabi_cfrcmple)
                  2001db34    00000060     simplelink.a : socket.obj (.text:_sl_HandleAsync_Accept)
                  2001db94    00000060     main_FXOS8700.obj (.text:fxosDefault_Initializations)
                  2001dbf4    00000060     lightSens_isl29035.obj (.text:getLightsensor_intrptStatus)
                  2001dc54    00000060     accelomtrMagntomtr_fxos8700.obj (.text:getMagntData)
                  2001dcb4    00000060     rtsv7M4_T_le_eabi.lib : sprintf.obj (.text)
                  2001dd14    00000060     simplelink.a : wlan.obj (.text:sl_WlanPolicySet)
                  2001dd74    00000060     accelomtrMagntomtr_fxos8700.obj (.text:standby_accelMagn_fxos8700)
                  2001ddd4    0000005c     ota.obj (.text:OTA_Init)
                  2001de30    0000005c     mt9d111.obj (.text:PCLK_Rate_read)
                  2001de8c    0000005c     simplelink.a : socket.obj (.text:sl_Socket)
                  2001dee8    00000058     driverlib.a : interrupt.obj (.text:IntPendClear)
                  2001df40    00000058                 : prcm.obj (.text:PRCMPeripheralReset)
                  2001df98    00000056     rtsv7M4_T_le_eabi.lib : ltoa.obj (.text)
                  2001dfee    00000056                           : xfdunsca.obj (.text)
                  2001e044    00000054     driverlib.a : interrupt.obj (.text:IntPrioritySet)
                  2001e098    00000054     simplelink.a : socket.obj (.text:_sl_HandleAsync_Select)
                  2001e0ec    00000054     approximations.obj (.text:fasin_deg)
                  2001e140    00000054     request.obj (.text:headerSend)
                  2001e194    00000054     simplelink.a : wlan.obj (.text:sl_WlanRxFilterSet)
                  2001e1e8    00000051     installation.obj (.text:createInstallationCallback)
                  2001e239    00000003     --HOLE-- [fill = 0]
                  2001e23c    00000050     i2c_if.obj (.text:I2C_IF_Open)
                  2001e28c    00000050     camera_app.obj (.text:ImagCapture_Init)
                  2001e2dc    00000050     driverlib.a : prcm.obj (.text:PRCMSlowClkCtrGet)
                  2001e32c    00000050     simplelink.a : device.obj (.text:_sl_HandleAsync_Stop)
                  2001e37c    00000050     mt9d111.obj (.text:disableAE)
                  2001e3cc    00000050     mt9d111.obj (.text:disableAWB)
                  2001e41c    00000050     rtsv7M4_T_le_eabi.lib : fs_toull_t2.obj (.text)
                  2001e46c    00000050     simplelink.a : fs.obj (.text:sl_FsDel)
                  2001e4bc    0000004c     tasks.obj (.text:RdSensData_Init)
                  2001e508    0000004c     driverlib.a : spi.obj (.text:SPIIntEnable)
                  2001e554    0000004c     watchdog.obj (.text:WDT_init)
                  2001e5a0    0000004c     simplelink.a : driver.obj (.text:_SlDrvProtectAsyncRespSetting)
                  2001e5ec    0000004c                  : driver.obj (.text:_SlDrvRxIrqHandler)
                  2001e638    0000004c                  : socket.obj (.text:_sl_BuildAddress)
                  2001e684    0000004c     rtsv7M4_T_le_eabi.lib : atoi.obj (.text)
                  2001e6d0    0000004c                           : atol.obj (.text)
                  2001e71c    0000004c                           : cpy_tbl.obj (.text)
                  2001e768    0000004c                           : rand.obj (.text)
                  2001e7b4    0000004c     driverlib.a : udma.obj (.text:uDMAChannelAssign)
                  2001e800    0000004c     middleware.a : util64.obj (.text:util_u32_nsec_add)
                  2001e84c    0000004a     rtsv7M4_T_le_eabi.lib : fd_tos_t2.obj (.text)
                  2001e896    00000002     --HOLE-- [fill = 0]
                  2001e898    00000048     driverlib.a : prcm.obj (.text:PRCMHibernateWakeupSourceDisable)
                  2001e8e0    00000048                 : prcm.obj (.text:PRCMHibernateWakeupSourceEnable)
                  2001e928    00000048                 : spi.obj (.text:SPIIntClear)
                  2001e970    00000048     mt9d111.obj (.text:Variable_Read)
                  2001e9b8    00000048     simplelink.a : driver.obj (.text:_SlDrvBasicCmd)
                  2001ea00    00000048     http.obj (.text:addHttpRequestLine)
                  2001ea48    00000048     approximations.obj (.text:fatan_15deg)
                  2001ea90    00000048     rtsv7M4_T_le_eabi.lib : fd_toi_t2.obj (.text)
                  2001ead8    00000046                           : ldexp.obj (.text)
                  2001eb1e    00000002     --HOLE-- [fill = 0]
                  2001eb20    00000044     driverlib.a : spi.obj (.text:SPIDmaMaskGet)
                  2001eb64    00000044                 : timer.obj (.text:TimerConfigure)
                  2001eba8    00000044     udma_if.obj (.text:UDMASetupTransfer)
                  2001ebec    00000044     simplelink.a : cc_pal.obj (.text:cc_SetupTransfer)
                  2001ec30    00000044     main_FXOS8700.obj (.text:fxos_Calibration)
                  2001ec74    00000044     rtsv7M4_T_le_eabi.lib : exit.obj (.text)
                  2001ecb8    00000044                           : fd_tou_t2.obj (.text)
                  2001ecfc    00000042     simplelink.a : socket.obj (.text:sl_Htonl)
                  2001ed3e    00000002     --HOLE-- [fill = 0]
                  2001ed40    00000040     driverlib.a : pin.obj (.text:PinModeSet)
                  2001ed80    00000040     wdt_if.obj (.text:WDT_IF_Init)
                  2001edc0    00000040     http.obj (.text:getHttpResponseBody)
                  2001ee00    00000040     rtsv7M4_T_le_eabi.lib : signal.obj (.text)
                  2001ee40    00000040     timer_fns.obj (.text:start_1Sec_TimeoutTimer)
                  2001ee80    0000003e     appFns_LightSensor.obj (.text:IsLightOff)
                  2001eebe    0000003e     rtsv7M4_T_le_eabi.lib : strncasecmp.obj (.text)
                  2001eefc    0000003c     simplelink.a : netapp.obj (.text:CopyPingResultsToReport)
                  2001ef38    0000003c     tasks.obj (.text:Fusion_Init)
                  2001ef74    0000003c     driverlib.a : prcm.obj (.text:PRCMPeripheralClkEnable)
                  2001efb0    0000003c                 : prcm.obj (.text:PRCMSlowClkCtrFastGet)
                  2001efec    0000003c     simplelink.a : socket.obj (.text:_sl_TruncatePayloadByProtocol)
                  2001f028    0000003c     rtsv7M4_T_le_eabi.lib : boot.obj (.text)
                  2001f064    0000003c     simplelink.a : socket.obj (.text:sl_Htons)
                  2001f0a0    0000003c     timer_fns.obj (.text:start_100mSecTimer)
                  2001f0dc    0000003c     driverlib.a : udma.obj (.text:uDMAChannelControlSet)
                  2001f118    0000003a                 : camera.obj (.text:CameraCaptureStop)
                  2001f152    0000003a                 : camera.obj (.text:CameraXClkConfig)
                  2001f18c    0000003a     orientation.obj (.text:fLPFScalar)
                  2001f1c6    0000003a     request.obj (.text:parseSendRequest)
                  2001f200    00000039     http.obj (.text:addHttpRequestHeader)
                  2001f239    00000003     --HOLE-- [fill = 0]
                  2001f23c    00000038     main.obj (.text:BoardInit)
                  2001f274    00000038     LED_timer.obj (.text:LEDTimer_Enable)
                  2001f2ac    00000038     simplelink.a : cc_pal.obj (.text:NwpPowerOff)
                  2001f2e4    00000038     free_rtos.a : heap_3.obj (.text)
                  2001f31c    00000038     rtsv7M4_T_le_eabi.lib : fs_tod_t2.obj (.text)
                  2001f354    00000038                           : fs_toi_t2.obj (.text)
                  2001f38c    00000038                           : i_tofs_t2.obj (.text)
                  2001f3c4    00000036     driverlib.a : gpio.obj (.text:GPIODirModeSet)
                  2001f3fa    00000036     simplelink.a : netapp.obj (.text:sl_NetAppMDNSUnRegisterService)
                  2001f430    00000035     http.obj (.text:beginHttpRequest)
                  2001f465    00000001     --HOLE-- [fill = 0]
                  2001f466    00000034     driverlib.a : camera.obj (.text:CameraParamsConfig)
                  2001f49a    00000002     --HOLE-- [fill = 0]
                  2001f49c    00000034     LED_timer.obj (.text:LEDTimer_Start)
                  2001f4d0    00000034     driverlib.a : prcm.obj (.text:PRCMPeripheralStatusGet)
                  2001f504    00000034                 : spi.obj (.text:SPIFIFOLevelSet)
                  2001f538    00000034     http.obj (.text:getHttpResponseStatus)
                  2001f56c    00000034     main_FXOS8700.obj (.text:get_angle)
                  2001f5a0    00000034     rtsv7M4_T_le_eabi.lib : feraiseexcept.obj (.text)
                  2001f5d4    00000034                           : fs_tou_t2.obj (.text)
                  2001f608    00000034                           : strstr.obj (.text)
                  2001f63c    00000033     ota.obj (.text:OTA_Update)
                  2001f66f    00000001     --HOLE-- [fill = 0]
                  2001f670    00000032     timer_if.obj (.text:Timer_IF_Init)
                  2001f6a2    00000030     driverlib.a : pin.obj (.text:PinTypeGPIO)
                  2001f6d2    00000002     --HOLE-- [fill = 0]
                  2001f6d4    00000030                 : uart.obj (.text:UARTDisable)
                  2001f704    00000030     simplelink.a : device.obj (.text:_SlDrvDeviceEventHandler)
                  2001f734    00000030                  : fs.obj (.text:_sl_Strlen)
                  2001f764    00000030     middleware.a : rtc_hal.obj (.text:hw_access_time_addup)
                  2001f794    00000030     rtsv7M4_T_le_eabi.lib : strncpy.obj (.text)
                  2001f7c4    00000030                           : xferaise.obj (.text)
                  2001f7f4    00000030     simplelink.a : socket.obj (.text:sl_Close)
                  2001f824    00000030                  : wlan.obj (.text:sl_WlanProfileDel)
                  2001f854    00000030                  : wlan.obj (.text:sl_WlanSetMode)
                  2001f884    0000002e     rtsv7M4_T_le_eabi.lib : i_tofd_t2.obj (.text)
                  2001f8b2    0000002e                           : raise.obj (.text)
                  2001f8e0    0000002d     http.obj (.text:addHttpRequestHeaderInt)
                  2001f90d    00000003     --HOLE-- [fill = 0]
                  2001f910    0000002c     tasks.obj (.text:ApplyMagHAL)
                  2001f93c    0000002c     driverlib.a : camera.obj (.text:CameraIntEnable)
                  2001f968    0000002c     simplelink.a : cc_pal.obj (.text:DmaSpiSwIntHandler)
                  2001f994    0000002c     driverlib.a : i2c.obj (.text:I2CMasterErr)
                  2001f9c0    0000002c     timer_fns.obj (.text:IntHandler_1Sec_TimeoutTimer)
                  2001f9ec    0000002c     driverlib.a : prcm.obj (.text:PRCMSysResetCauseGet)
                  2001fa18    0000002c     mt9d111.obj (.text:SoftReset_ImageSensor)
                  2001fa44    0000002c     cc3200_utils.obj (.text:getDeviceTimeDate)
                  2001fa70    0000002c     request.obj (.text:setDataBufferPointer)
                  2001fa9c    0000002a     driverlib.a : timer.obj (.text:TimerLoadSet)
                  2001fac6    0000002a                 : timer.obj (.text:TimerPrescaleSet)
                  2001faf0    0000002a     rtsv7M4_T_le_eabi.lib : xdclass.obj (.text)
                  2001fb1a    0000002a     middleware.a : util64.obj (.text:util_u64_time_add)
                  2001fb44    00000028     driverlib.a : camera.obj (.text:CameraIntStatus)
                  2001fb6c    00000028     uartA1_if.obj (.text:InitTerm)
                  2001fb94    00000028     driverlib.a : prcm.obj (.text:IsRTCUsed)
                  2001fbbc    00000028     uartA1_if.obj (.text:Message)
                  2001fbe4    00000028     driverlib.a : prcm.obj (.text:PRCMPeripheralClkDisable)
                  2001fc0c    00000028     rtsv7M4_T_le_eabi.lib : strncat.obj (.text)
                  2001fc34    00000028     simplelink.a : netapp.obj (.text:sl_NetAppStart)
                  2001fc5c    00000028                  : netapp.obj (.text:sl_NetAppStop)
                  2001fc84    00000026     driverlib.a : camera.obj (.text:CameraThresholdSet)
                  2001fcaa    00000026     simplelink.a : cc_pal.obj (.text:NwpRegisterInterruptHandler)
                  2001fcd0    00000026     rtsv7M4_T_le_eabi.lib : strncmp.obj (.text)
                  2001fcf6    00000002     --HOLE-- [fill = 0]
                  2001fcf8    00000024     driverlib.a : camera.obj (.text:CameraIntClear)
                  2001fd1c    00000024     timer_fns.obj (.text:IntHandler_100mSecTimer)
                  2001fd40    00000024     driverlib.a : interrupt.obj (.text:IntUnregister)
                  2001fd64    00000024                 : prcm.obj (.text:RTCU16MSecRegRead)
                  2001fd88    00000024     timer_if.obj (.text:Timer_IF_Start)
                  2001fdac    00000024     driverlib.a : uart.obj (.text:UARTEnable)
                  2001fdd0    00000024     mt9d111.obj (.text:WriteAllAEnAWBRegs)
                  2001fdf4    00000024     simplelink.a : driver.obj (.text:_SlDrvProtectionObjLockWaitForever)
                  2001fe18    00000024     main_FXOS8700.obj (.text:magnetometer_initialize)
                  2001fe3c    00000024     rtsv7M4_T_le_eabi.lib : u_tofs_t2.obj (.text)
                  2001fe60    00000022     driverlib.a : camera.obj (.text:CameraCaptureStart)
                  2001fe82    00000022                 : i2c.obj (.text:I2CMasterSlaveAddrSet)
                  2001fea4    00000022     simplelink.a : socket.obj (.text:SL_FD_SET)
                  2001fec6    00000022     driverlib.a : spi.obj (.text:SPIReset)
                  2001fee8    00000022                 : spi.obj (.text:SPIWordCountSet)
                  2001ff0a    00000022     rtsv7M4_T_le_eabi.lib : frexp.obj (.text)
                  2001ff2c    00000022                           : memcmp.obj (.text)
                  2001ff4e    00000020     driverlib.a : gpio.obj (.text:GPIOPinWrite)
                  2001ff6e    00000002     --HOLE-- [fill = 0]
                  2001ff70    00000020                 : interrupt.obj (.text:IntRegister)
                  2001ff90    00000020     simplelink.a : cc_pal.obj (.text:NwpPowerOn)
                  2001ffb0    00000020     mt9d111.obj (.text:Refresh_mt9d111Firmware)
                  2001ffd0    00000020     simplelink.a : driver.obj (.text:_SlDrvProtectionObjUnLock)
                  2001fff0    00000020     rtsv7M4_T_le_eabi.lib : memchr.obj (.text)
                  20020010    00000020                           : u_tofd_t2.obj (.text)
                  20020030    0000001e     driverlib.a : i2c.obj (.text:I2CMasterIntStatusEx)
                  2002004e    0000001e                 : timer.obj (.text:TimerDisable)
                  2002006c    0000001e                 : timer.obj (.text:TimerEnable)
                  2002008a    0000001e                 : timer.obj (.text:TimerIntStatus)
                  200200a8    0000001e                 : uart.obj (.text:UARTCharPut)
                  200200c6    0000001e     simplelink.a : cc_pal.obj (.text:cc_UDMAChannelSelect)
                  200200e4    0000001e     rtsv7M4_T_le_eabi.lib : strcat.obj (.text)
                  20020102    00000002     --HOLE-- [fill = 0]
                  20020104    0000001c     tasks.obj (.text:ApplyAccelHAL)
                  20020120    0000001c     mt9d111.obj (.text:CameraSensorInit)
                  2002013c    0000001c     udma_if.obj (.text:DmaSwIntHandler)
                  20020158    0000001c     driverlib.a : pin.obj (.text:PinTypeI2C)
                  20020174    0000001c                 : timer.obj (.text:TimerValueGet)
                  20020190    0000001c     simplelink.a : driver.obj (.text:_SlDrvObjLockWaitForever)
                  200201ac    0000001c                  : driver.obj (.text:_SlDrvSyncObjWaitForever)
                  200201c8    0000001c     rtsv7M4_T_le_eabi.lib : memccpy.obj (.text)
                  200201e4    0000001c     timer_fns.obj (.text:stop_100mSecTimer)
                  20020200    0000001c     timer_fns.obj (.text:stop_1Sec_TimeoutTimer)
                  2002021c    0000001c     driverlib.a : udma.obj (.text:uDMAChannelDisable)
                  20020238    0000001c                 : udma.obj (.text:uDMAChannelEnable)
                  20020254    0000001c     main.obj (.text:vApplicationMallocFailedHook)
                  20020270    0000001a     driverlib.a : pin.obj (.text:PinTypeCamera)
                  2002028a    0000001a                 : pin.obj (.text:PinTypeUART)
                  200202a4    0000001a                 : spi.obj (.text:SPIDmaDisable)
                  200202be    0000001a                 : spi.obj (.text:SPIDmaEnable)
                  200202d8    0000001a                 : spi.obj (.text:SPIFIFODisable)
                  200202f2    0000001a                 : spi.obj (.text:SPIFIFOEnable)
                  2002030c    00000018                 : camera.obj (.text:CameraReset)
                  20020324    00000018     startup_ccs.obj (.text:FaultISR)
                  2002033c    00000018     driverlib.a : gpio.obj (.text:GPIOPinRead)
                  20020354    00000018     app_common.obj (.text:LED_Off)
                  2002036c    00000018     app_common.obj (.text:LED_On)
                  20020384    00000018     driverlib.a : prcm.obj (.text:PRCMHibernateEnter)
                  2002039c    00000018                 : spi.obj (.text:SPICSDisable)
                  200203b4    00000018                 : spi.obj (.text:SPICSEnable)
                  200203cc    00000018                 : spi.obj (.text:SPIDisable)
                  200203e4    00000018                 : spi.obj (.text:SPIEnable)
                  200203fc    00000018                 : timer.obj (.text:TimerIntEnable)
                  20020414    00000018     timer_if.obj (.text:Timer_IF_InterruptClear)
                  2002042c    00000018     driverlib.a : wdt.obj (.text:WatchdogStallEnable)
                  20020444    00000018                 : wdt.obj (.text:WatchdogUnlock)
                  2002045c    00000018     simplelink.a : driver.obj (.text:_SlDrvObjUnLock)
                  20020474    00000018                  : driver.obj (.text:_SlDrvSyncObjSignal)
                  2002048c    00000018                  : device.obj (.text:_sl_GetStartResponseConvert)
                  200204a4    00000018     middleware.a : rtc_hal.obj (.text:get_value)
                  200204bc    00000018     rtsv7M4_T_le_eabi.lib : args_main.obj (.text)
                  200204d4    00000018                           : strcmp.obj (.text)
                  200204ec    00000016     driverlib.a : camera.obj (.text:CameraDMAEnable)
                  20020502    00000016                 : camera.obj (.text:CameraIntRegister)
                  20020518    00000016                 : i2c.obj (.text:I2CMasterDataPut)
                  2002052e    00000016                 : i2c.obj (.text:I2CMasterEnable)
                  20020544    00000016                 : prcm.obj (.text:PRCMHIBRegRead)
                  2002055a    00000016                 : prcm.obj (.text:PRCMHIBRegWrite)
                  20020570    00000016                 : wdt.obj (.text:WatchdogEnable)
                  20020586    00000016     simplelink.a : driver.obj (.text:_SlDrvMemZero)
                  2002059c    00000016     rtsv7M4_T_le_eabi.lib : strchr.obj (.text)
                  200205b2    00000014     driverlib.a : cpu.obj (.text:CPUcpsie)
                  200205c6    00000002     --HOLE-- [fill = 0]
                  200205c8    00000014                 : interrupt.obj (.text:IntVTableBaseSet)
                  200205dc    00000014     LED_timer.obj (.text:LEDTimer_Stop)
                  200205f0    00000014     rtsv7M4_T_le_eabi.lib : _lock.obj (.text)
                  20020604    00000014                           : strcpy.obj (.text)
                  20020618    00000014                           : strlen.obj (.text)
                  2002062c    00000014     driverlib.a : udma.obj (.text:uDMAControlBaseSet)
                  20020640    00000014                 : udma.obj (.text:uDMAIntClear)
                  20020654    00000012                 : i2c.obj (.text:I2CMasterControl)
                  20020666    00000012                 : i2c.obj (.text:I2CMasterIntClearEx)
                  20020678    00000012                 : i2c.obj (.text:I2CMasterTimeoutSet)
                  2002068a    00000012                 : timer.obj (.text:TimerIntClear)
                  2002069c    00000012                 : wdt.obj (.text:WatchdogReloadSet)
                  200206ae    00000002     --HOLE-- [fill = 0]
                  200206b0    00000010                 : prcm.obj (.text:PRCMSOCReset)
                  200206c0    00000010                 : prcm.obj (.text:RTCU32SecRegRead)
                  200206d0    00000010     simplelink.a : socket.obj (.text:SL_FD_ZERO)
                  200206e0    00000010     timer_if.obj (.text:Timer_IF_Stop)
                  200206f0    00000010     driverlib.a : wdt.obj (.text:WatchdogIntClear)
                  20020700    00000010     cc3200_socket.obj (.text:socketClose)
                  20020710    0000000e     driverlib.a : i2c.obj (.text:I2CMasterDataGet)
                  2002071e    0000000e     simplelink.a : driver.obj (.text:_SlDrvResetCmdExt)
                  2002072c    0000000e     rtsv7M4_T_le_eabi.lib : copy_decompress_none.obj (.text:decompress:none)
                  2002073a    0000000c     udma_if.obj (.text:DmaErrorIntHandler)
                  20020746    00000002     --HOLE-- [fill = 0]
                  20020748    0000000c     simplelink.a : cc_pal.obj (.text:NwpMaskInterrupt)
                  20020754    0000000c                  : cc_pal.obj (.text:NwpUnMaskInterrupt)
                  20020760    0000000c     middleware.a : rtc_hal.obj (.text:cc_rtc_get)
                  2002076c    0000000c     rtsv7M4_T_le_eabi.lib : copy_zero_init.obj (.text:decompress:ZI)
                  20020778    0000000c     parse_impl.obj (.text:getInternalClient)
                  20020784    0000000c     simplelink.a : wlan.obj (.text:sl_WlanDisconnect)
                  20020790    0000000c     driverlib.a : udma.obj (.text:uDMAEnable)
                  2002079c    0000000c                 : udma.obj (.text:uDMAIntStatus)
                  200207a8    0000000a                 : interrupt.obj (.text:IntMasterEnable)
                  200207b2    0000000a     main.obj (.text:vApplicationStackOverflowHook)
                  200207bc    00000008     hibernate_related_fns.obj (.text:sensorsTriggerSetup)
                  200207c4    00000006     i2cconfig.obj (.text:MT9D111Delay)
                  200207ca    00000006     startup_ccs.obj (.text:ResetISR)
                  200207d0    00000006     driverlib.a : utils.obj (.text:UtilsDelay)
                  200207d6    00000006     rtsv7M4_T_le_eabi.lib : copy_decompress_rle.obj (.text:decompress:rle24)
                  200207dc    00000006                           : logf.obj (.text)
                  200207e2    00000006                           : sinf.obj (.text)
                  200207e8    00000004                           : error.obj (.text)
                  200207ec    00000004                           : pre_init.obj (.text)

.const     0    200207f0    0000123b     
                  200207f0    00000170     mt9d111.obj (.const:capture_cmds_list)
                  20020960    0000013c     mt9d111.obj (.const:init_cmds_list)
                  20020a9c    00000101     rtsv7M4_T_le_eabi.lib : ctype.obj (.const:.string:_ctypes_)
                  20020b9d    00000003     --HOLE-- [fill = 0]
                  20020ba0    00000100     driverlib.a : pin.obj (.const:g_ulPinToPadMap)
                  20020ca0    00000100     mt9d111.obj (.const)
                  20020da0    000000f8     mt9d111.obj (.const:$P$T4$5)
                  20020e98    000000d4     driverlib.a : interrupt.obj (.const:g_pulRegs)
                  20020f6c    000000b0     simplelink.a : wlan.obj (.const:$P$T0$1)
                  2002101c    000000a8     driverlib.a : prcm.obj (.const:PRCM_PeriphRegsList)
                  200210c4    00000092     mt9d111.obj (.const:.string)
                  20021156    00000085     lightSens_isl29035.obj (.const:.string)
                  200211db    00000081     parse_uploads.obj (.const:.string)
                  2002125c    00000080     driverlib.a : interrupt.obj (.const)
                  200212dc    0000007e     camera_app.obj (.const:.string)
                  2002135a    0000006c     mt9d111.obj (.const:recapture_cmds_list)
                  200213c6    00000002     --HOLE-- [fill = 0]
                  200213c8    00000068     appFns_BatteryLevelSense.obj (.const:V2CEntry$1)
                  20021430    00000064     user_configure_fn.obj (.const:.string)
                  20021494    00000062     accelomtrMagntomtr_fxos8700.obj (.const:.string)
                  200214f6    00000054     mt9d111.obj (.const:$P$T30$31)
                  2002154a    0000004c     mt9d111.obj (.const:$P$T8$9)
                  20021596    0000004b     tempRHSens_si7020.obj (.const:.string)
                  200215e1    0000003c     i2c_app.obj (.const:.string)
                  2002161d    00000001     --HOLE-- [fill = 0]
                  2002161e    0000003c     simplelink.a : driver.obj (.const:OpcodeTranslateTable)
                  2002165a    0000003c                  : wlan.obj (.const)
                  20021696    00000002     --HOLE-- [fill = 0]
                  20021698    00000038                  : driver.obj (.const:_SlActionLookupTable)
                  200216d0    00000038     rtsv7M4_T_le_eabi.lib : xflog.obj (.const)
                  20021708    00000038     simplelink.a : fs.obj (.const)
                  20021740    00000036     flash_files.obj (.const:.string)
                  20021776    00000002     --HOLE-- [fill = 0]
                  20021778    00000034     rtsv7M4_T_le_eabi.lib : xfatan.obj (.const)
                  200217ac    00000034     simplelink.a : driver.obj (.const)
                  200217e0    00000034                  : socket.obj (.const)
                  20021814    0000002c     network_relater_fns.obj (.const:$P$T1$2)
                  20021840    00000028     rtsv7M4_T_le_eabi.lib : xfdint.obj (.const)
                  20021868    00000028                           : xfsin.obj (.const)
                  20021890    00000028     simplelink.a : netapp.obj (.const)
                  200218b8    00000027     network_relater_fns.obj (.const:.string)
                  200218df    00000023     batteryVoltLvlSens_adc081c021.obj (.const:.string:$P$T0$1)
                  20021902    00000022     network_relater_fns.obj (.const:.string:$P$T0$1)
                  20021924    0000001c     rtsv7M4_T_le_eabi.lib : tanf.obj (.const)
                  20021940    0000001c                           : xfexp.obj (.const)
                  2002195c    00000018     driverlib.a : spi.obj (.const)
                  20021974    00000017     request.obj (.const:.string)
                  2002198b    00000016     appFns_LightSensor.obj (.const:.string)
                  200219a1    00000014     network_relater_fns.obj (.const)
                  200219b5    00000001     --HOLE-- [fill = 0]
                  200219b6    00000014     simplelink.a : device.obj (.const)
                  200219ca    00000013     sendUserConfigDataToParse.obj (.const:.string)
                  200219dd    00000010     simplelink.a : socket.obj (.const:.string)
                  200219ed    0000000f     application_fn.obj (.const:.string)
                  200219fc    0000000f     sendGroundData.obj (.const:.string)
                  20021a0b    0000000b     app_common.obj (.const:.string)
                  20021a16    00000008     simplelink.a : device.obj (.const:.string)
                  20021a1e    00000008                  : netcfg.obj (.const)
                  20021a26    00000005     main.obj (.const:.string)

.cinit     0    20021a30    00000530     
                  20021a30    00000509     (.cinit..data.load) [load image, compression = rle]
                  20021f39    00000003     --HOLE-- [fill = 0]
                  20021f3c    0000000c     (__TI_handler_table)
                  20021f48    00000008     (.cinit..bss.load) [load image, compression = zero_init]
                  20021f50    00000010     (__TI_cinit_table)

.init_array 
*          0    20004000    00000000     UNINITIALIZED

.bss       0    20022400    0001736d     UNINITIALIZED
                  20022400    00014000     main.obj (.bss:g_image_buffer)
                  20036400    00000b58     tasks.obj (.bss:thisMagBuffer)
                  20036f58    000005a0     ota.a : OtaHttp.obj (.bss:recv_buf)
                  200374f8    0000044c           : OtaClient.obj (.bss:g_OtaCheckUpdateResponse)
                  20037944    00000418     user_configure_fn.obj (.bss:thisMagCal)
                  20037d5c    00000240     ota.obj (.bss:g_otaOptServerInfo)
                  20037f9c    00000058     tasks.obj (.bss:thisMag)
                  20037ff4    0000000c     (.common:g_SecParams)
                  20038000    00000400     udma_if.obj (.bss:gpCtlTbl)
                  20038400    000003d8     ota.a : OtaClient.obj (.bss:g_OtaFileMetadata)
                  200387d8    00000370     main.obj (.bss:g_NetEntries)
                  20038b48    00000200     ota.a : OtaHttp.obj (.bss:send_buf)
                  20038d48    00000178     simplelink.a : driver.obj (.bss:g_StatMem)
                  20038ec0    00000120     rtsv7M4_T_le_eabi.lib : trgmsg.obj (.bss:__CIOBUF_)
                  20038fe0    00000100     udma_if.obj (.bss:gfpAppCallbackHndl)
                  200390e0    000000c8     free_rtos.a : tasks.obj (.bss:pxReadyTasksLists)
                  200391a8    000000ac     tasks.obj (.bss:thisSV_6DOF_GB_BASIC)
                  20039254    000000a0     rtsv7M4_T_le_eabi.lib : defs.obj (.bss:__TI_tmpnams)
                  200392f4    00000074     ota.a : CdnClient.obj (.bss:g_CdnClient)
                  20039368    00000050     simplelink.a : cc_pal.obj (.bss:g_ucDinDout)
                  200393b8    00000050     free_rtos.a : queue.obj (.bss:xQueueRegistry)
                  20039408    0000004c     ota.a : OtaApp.obj (.bss:g_OtaApp)
                  20039454    0000004c           : OtaApp.obj (.bss:g_OtaApp_statistics)
                  200394a0    00000034     cc3200_client_state.obj (.bss:clientStateFileName)
                  200394d4    00000034     main.obj (.bss:g_cWlanSecurityKey)
                  20039508    00000034     tasks.obj (.bss:thisAccel)
                  2003953c    00000024     ota.a : OtaClient.obj (.bss:g_OtaClient)
                  20039560    00000024     main.obj (.bss:g_cWlanSSID)
                  20039584    00000024     main.obj (.bss:g_ucConnectionSSID)
                  200395a8    0000001c     rtsv7M4_T_le_eabi.lib : vla_alloc.obj (.bss)
                  200395c4    00000014     (.common:g_FlcSflashCb)
                  200395d8    00000014     (.common:g_flag_blockFull)
                  200395ec    00000014     (.common:xDelayedTaskList1)
                  20039600    00000014     (.common:xDelayedTaskList2)
                  20039614    00000014     (.common:xPendingReadyList)
                  20039628    00000014     (.common:xSuspendedTaskList)
                  2003963c    00000014     (.common:xTasksWaitingTermination)
                  20039650    00000010     (.common:ang_buf)
                  20039660    00000010     (.common:globals)
                  20039670    00000010     (.common:mqxglobals)
                  20039680    00000008     (.common:g_LogClient)
                  20039688    00000008     (.common:g_Struct_TimeStamp_MaxAngle)
                  20039690    00000008     (.common:g_Struct_TimeStamp_MinAngle)
                  20039698    00000008     (.common:g_TimeStamp_CamUp)
                  200396a0    00000008     (.common:g_TimeStamp_DoorClosed)
                  200396a8    00000008     (.common:g_TimeStamp_NWPUp)
                  200396b0    00000008     (.common:g_TimeStamp_PhotoSnap)
                  200396b8    00000008     (.common:g_TimeStamp_PhotoUploaded)
                  200396c0    00000008     (.common:g_TimeStamp_cc3200Up)
                  200396c8    00000008     (.common:g_TimeStamp_maxAngle)
                  200396d0    00000008     (.common:g_TimeStamp_minAngle)
                  200396d8    00000008     (.common:g_ucConnectionBSSID)
                  200396e0    00000008     (.common:parmbuf)
                  200396e8    00000008     (.common:sBootInfo)
                  200396f0    00000004     (.common:DMAMsgQ)
                  200396f4    00000004     (.common:Elapsed_100MilliSecs)
                  200396f8    00000004     (.common:Elapsed_1Secs)
                  200396fc    00000004     (.common:__Errorlog)
                  20039700    00000004     (.common:angle_avg)
                  20039704    00000004     (.common:dataBuffer)
                  20039708    00000004     (.common:g_block_lastFilled)
                  2003970c    00000004     (.common:g_cDummy)
                  20039710    00000004     (.common:g_cWlanSecurityType)
                  20039714    00000004     (.common:g_frame_size_in_bytes)
                  20039718    00000004     (.common:g_position_in_block)
                  2003971c    00000004     (.common:g_readHeader)
                  20039720    00000004     (.common:g_total_dma_intrpts)
                  20039724    00000004     (.common:g_ulAppStatus)
                  20039728    00000004     (.common:g_ulAppTimeout_ms)
                  2003972c    00000004     (.common:g_ulSimplelinkStatus)
                  20039730    00000004     (.common:g_ulWatchdogCycles)
                  20039734    00000004     (.common:gdoor_40deg_angle)
                  20039738    00000004     (.common:gdoor_90deg_angle)
                  2003973c    00000004     (.common:gdoor_OpenDeg_angle)
                  20039740    00000004     (.common:pvOtaApp)
                  20039744    00000004     (.common:pxDelayedTaskList)
                  20039748    00000004     (.common:pxOverflowDelayedTaskList)
                  2003974c    00000002     (.common:g_fMaxAngle)
                  2003974e    00000002     (.common:g_fMinAngle)
                  20039750    00000001     (.common:RxIrqCnt)
                  20039751    00000001     (.common:avg_buffer_cnt)
                  20039752    00000001     (.common:captureTimeout_Flag)
                  20039753    00000001     (.common:checkForLight_Flag)
                  20039754    00000001     (.common:cnt_LED_Timer)
                  20039755    00000001     (.common:g_BlinkCount)
                  20039756    00000001     (.common:g_I2CPeripheral_inUse_Flag)
                  20039757    00000001     (.common:g_NoOfBlinks)
                  20039758    00000001     (.common:g_OffTime)
                  20039759    00000001     (.common:g_OnTime)
                  2003975a    00000001     (.common:g_Task3_Notification)
                  2003975b    00000001     (.common:g_dma_txn_done)
                  2003975c    00000001     (.common:g_flag_DataBlockFilled)
                  2003975d    00000001     (.common:g_flag_door_closing_45degree)
                  2003975e    00000001     (.common:g_frame_end)
                  2003975f    00000001     (.common:g_ucAngle40)
                  20039760    00000001     (.common:g_ucAngle90)
                  20039761    00000001     (.common:g_ucCalibration)
                  20039762    00000001     (.common:g_ucConfig)
                  20039763    00000001     (.common:g_ucExitButton)
                  20039764    00000001     (.common:g_ucFeedWatchdog)
                  20039765    00000001     (.common:g_ucMagCalb)
                  20039766    00000001     (.common:g_ucProfileAdded)
                  20039767    00000001     (.common:g_ucPushButtonPressedTwice)
                  20039768    00000001     (.common:g_ucReasonForFailure)
                  20039769    00000001     (.common:iDone)
                  2003976a    00000001     (.common:isitfirsttime)
                  2003976b    00000001     (.common:print_count)
                  2003976c    00000001     (.common:valid_case)

.TI.noinit 
*          0    20022400    00000000     UNINITIALIZED

.sysmem    0    20039770    00005000     UNINITIALIZED
                  20039770    00000008     rtsv7M4_T_le_eabi.lib : memory.obj (.sysmem)
                  20039778    00004ff8     --HOLE--


LINKER GENERATED COPY TABLES

__TI_cinit_table @ 20021f50 records: 2, size/record: 8, table size: 16
	.data: load addr=20021a30, load size=00000509 bytes, run addr=20000000, run size=0000093c bytes, compression=rle
	.bss: load addr=20021f48, load size=00000008 bytes, run addr=20022400, run size=0001736d bytes, compression=zero_init


LINKER GENERATED HANDLER TABLE

__TI_handler_table @ 20021f3c records: 3, size/record: 4, table size: 12
	index: 0, handler: __TI_decompress_rle24
	index: 1, handler: __TI_decompress_none
	index: 2, handler: __TI_zero_init


GLOBAL SYMBOLS: SORTED ALPHABETICALLY BY Name 

address   name                                  
-------   ----                                  
2001b179  Add_NumberField_ToJSONString          
20020105  ApplyAccelHAL                         
2001f911  ApplyMagHAL                           
2001ec75  C$$EXIT                               
2001d517  C$$IO$$                               
2001d7bd  CCMRegs_Read                          
200205b3  CPUcpsie                              
2000de5d  Calculate_DoorOpenThresholdAngle      
2001cdd5  CamControllerInit                     
2001fe61  CameraCaptureStart                    
2001f119  CameraCaptureStop                     
200204ed  CameraDMAEnable                       
2001fcf9  CameraIntClear                        
2001f93d  CameraIntEnable                       
20020503  CameraIntRegister                     
2001fb45  CameraIntStatus                       
2001f467  CameraParamsConfig                    
2002030d  CameraReset                           
20020121  CameraSensorInit                      
2001fc85  CameraThresholdSet                    
2001f153  CameraXClkConfig                      
2000f885  CaptureImage                          
2000d38f  CdnClient_CloseServer                 
2000d3ad  CdnClient_ConnectByUrl                
2000d35d  CdnClient_Init                        
2000d227  CdnClient_Run                         
2000d21d  CdnClient_SetFileInfo                 
20016f19  Check_I2CDevices                      
2001ae81  Config_CameraCapture                  
2001c60d  ConfigureMode                         
2000eb01  ConfigureSimpleLinkToDefaultState     
20012865  ConstructDeviceStateObject            
2000fb09  ConstructGroundDataObject             
20012bb9  ConstructUserConfigObject             
2001eefd  CopyPingResultsToReport               
200396f0  DMAMsgQ                               
2000063c  DigiCertHighAssuranceEVRootCA_der_len 
2002073b  DmaErrorIntHandler                    
2001f969  DmaSpiSwIntHandler                    
2002013d  DmaSwIntHandler                       
200396f4  Elapsed_100MilliSecs                  
200396f8  Elapsed_1Secs                         
200196d5  EnterStandby_mt9d111                  
2001992d  ExitStandby_mt9d111                   
20014e25  FXOS8700_Init                         
2001659d  FXOS8700_ReadData                     
2001ef39  Fusion_Init                           
20014a09  Fusion_Run                            
2001f3c5  GPIODirModeSet                        
2002033d  GPIOPinRead                           
2001ff4f  GPIOPinWrite                          
20018861  Get_BatteryPercent                    
2001cc85  Get_BatteryVoltageLevel_ADC081C021    
20017df9  Get_FridgeCamID                       
20014cc9  HIBernate                             
2000f069  HOSTclock                             
2000f031  HOSTclose                             
2000eff3  HOSTgetenv                            
2000ef97  HOSTlseek                             
2000ef45  HOSTopen                              
2000eef9  HOSTread                              
2000ee9b  HOSTrename                            
2000ee61  HOSTtime                              
2000ee29  HOSTunlink                            
2000eddd  HOSTwrite                             
20015739  I2CBufferRead                         
200160f1  I2CBufferWrite                        
20020655  I2CMasterControl                      
20020711  I2CMasterDataGet                      
20020519  I2CMasterDataPut                      
2002052f  I2CMasterEnable                       
2001f995  I2CMasterErr                          
2001bd99  I2CMasterInitExpClk                   
20020667  I2CMasterIntClearEx                   
20020031  I2CMasterIntStatusEx                  
2001fe83  I2CMasterSlaveAddrSet                 
20020679  I2CMasterTimeoutSet                   
2001e23d  I2C_IF_Open                           
20019ab5  I2C_IF_Read                           
20019cf5  I2C_IF_Write                          
2001e28d  ImagCapture_Init                      
2001a43d  ImageSensor_CaptureConfigs_Task       
2001fb6d  InitTerm                              
2001c6fd  InitialiseParse                       
2001b585  InitializeUserConfigVariables         
2001a799  IntDisable                            
2001a841  IntEnable                             
2001fd1d  IntHandler_100mSecTimer               
2001f9c1  IntHandler_1Sec_TimeoutTimer          
200207a9  IntMasterEnable                       
2001dee9  IntPendClear                          
2001e045  IntPrioritySet                        
2001ff71  IntRegister                           
2001fd41  IntUnregister                         
200205c9  IntVTableBaseSet                      
2001af19  IntrptHandler_LEDTimer                
2001ee81  IsLightOff                            
2001f275  LEDTimer_Enable                       
2001f49d  LEDTimer_Start                        
200205dd  LEDTimer_Stop                         
2001b615  LED_Blink_2                           
20020355  LED_Off                               
2002036d  LED_On                                
2000e32b  LogClient_Close                       
2000e343  LogClient_ConnectAndPrint             
2000e2f5  LogClient_ConnectServer               
2000e2dd  LogClient_Init                        
2000e199  LogClient_Print                       
200207c5  MT9D111Delay                          
2000e4d1  MagCal_Run                            
20017a19  Main_Task_withHibernate               
2001fbbd  Message                               
2001c9cd  NWP_SwitchOff                         
2001c775  NWP_SwitchOn                          
20020749  NwpMaskInterrupt                      
2001f2ad  NwpPowerOff                           
2001ff91  NwpPowerOn                            
2001be1d  NwpPowerOnPreamble                    
2001fcab  NwpRegisterInterruptHandler           
20020755  NwpUnMaskInterrupt                    
200145d5  OTAServerInfoSet                      
200192c5  OTA_CommitImage                       
2001f63d  OTA_Update                            
2002161e  OpcodeTranslateTable                  
2000bdfb  OtaClient_CloseServer                 
2000bdc5  OtaClient_ConnectServer               
2000bd93  OtaClient_GetNextUpdate               
2000bd61  OtaClient_Init                        
2000bc8b  OtaClient_ResourceMetadata            
2000bac7  OtaClient_ResourceNameConvert         
2000ba19  OtaClient_UpdateCheck                 
2001de31  PCLK_Rate_read                        
20015e89  PRCMCC3200MCUInit                     
20020545  PRCMHIBRegRead                        
2002055b  PRCMHIBRegWrite                       
20020385  PRCMHibernateEnter                    
2001b9e9  PRCMHibernateIntervalSet              
2001d2e1  PRCMHibernateWakeUpGPIOSelect         
2001e899  PRCMHibernateWakeupSourceDisable      
2001e8e1  PRCMHibernateWakeupSourceEnable       
2001fbe5  PRCMPeripheralClkDisable              
2001ef75  PRCMPeripheralClkEnable               
2001b211  PRCMPeripheralClockGet                
2001df41  PRCMPeripheralReset                   
2001f4d1  PRCMPeripheralStatusGet               
2001c231  PRCMRTCGet                            
200206b1  PRCMSOCReset                          
2001efb1  PRCMSlowClkCtrFastGet                 
2001e2dd  PRCMSlowClkCtrGet                     
2001f9ed  PRCMSysResetCauseGet                  
2001ba71  PinConfigSet                          
2001ed41  PinModeSet                            
20017629  PinMuxConfig                          
20020271  PinTypeCamera                         
2001f6a3  PinTypeGPIO                           
20020159  PinTypeI2C                            
2002028b  PinTypeUART                           
2001ce41  PowerDown_ISL29035                    
2001ca41  PowerDown_LightSensor                 
2001e4bd  RdSensData_Init                       
20011fa9  RdSensData_Run                        
2001ccf5  ReStart_CameraCapture                 
20018a2d  ReadFile_FromFlash                    
2001634d  Read_AllRegisters                     
2001ffb1  Refresh_mt9d111Firmware               
2001a6ed  Report                                
200207cb  ResetISR                              
2001d349  RestartSensorInJpegMode               
20039750  RxIrqCnt                              
200217bc  RxMsgClassLUT                         
UNDEFED   SHT$$INIT_ARRAY$$Base                 
UNDEFED   SHT$$INIT_ARRAY$$Limit                
2001fea5  SL_FD_SET                             
200206d1  SL_FD_ZERO                            
2002039d  SPICSDisable                          
200203b5  SPICSEnable                           
2001a991  SPIConfigSetExpClk                    
200203cd  SPIDisable                            
200202a5  SPIDmaDisable                         
200202bf  SPIDmaEnable                          
200203e5  SPIEnable                             
200202d9  SPIFIFODisable                        
200202f3  SPIFIFOEnable                         
2001f505  SPIFIFOLevelSet                       
2001e929  SPIIntClear                           
2001e509  SPIIntEnable                          
2001fec7  SPIReset                              
2001fee9  SPIWordCountSet                       
20000860  SecurityParams                        
2001bea1  SendGroundData                        
2000a7d5  SimpleLinkHttpServerCallback          
200142f5  SimpleLinkNetAppEventHandler          
2001473d  SimpleLinkSockEventHandler            
2000c9dd  SimpleLinkWlanEventHandler            
2001fa19  SoftReset_ImageSensor                 
[...]
2001de31  PCLK_Rate_read                        
2001de8d  sl_Socket                             
2001dee9  IntPendClear                          
2001df41  PRCMPeripheralReset                   
2001df99  ltoa                                  
2001dfef  _FDunscale                            
2001e045  IntPrioritySet                        
2001e099  _sl_HandleAsync_Select                
2001e0ed  fasin_deg                             
2001e141  headerSend                            
2001e195  sl_WlanRxFilterSet                    
2001e23d  I2C_IF_Open                           
2001e28d  ImagCapture_Init                      
2001e2dd  PRCMSlowClkCtrGet                     
2001e32d  _sl_HandleAsync_Stop                  
2001e37d  disableAE                             
2001e3cd  disableAWB                            
2001e41d  __aeabi_f2ulz                         
2001e46d  sl_FsDel                              
2001e4bd  RdSensData_Init                       
2001e509  SPIIntEnable                          
2001e555  WDT_init                              
2001e5a1  _SlDrvProtectAsyncRespSetting         
2001e5ed  _SlDrvRxIrqHandler                    
2001e639  _sl_BuildAddress                      
2001e685  atoi                                  
2001e6d1  atol                                  
2001e71d  copy_in                               
2001e769  srand                                 
2001e77f  rand                                  
2001e7b5  uDMAChannelAssign                     
2001e801  util_u32_nsec_add                     
2001e84d  __aeabi_d2f                           
2001e899  PRCMHibernateWakeupSourceDisable      
2001e8e1  PRCMHibernateWakeupSourceEnable       
2001e929  SPIIntClear                           
2001e971  Variable_Read                         
2001e9b9  _SlDrvBasicCmd                        
2001ea01  addHttpRequestLine                    
2001ea49  fatan_15deg                           
2001ea91  __aeabi_d2iz                          
2001ead9  ldexp                                 
2001eb65  TimerConfigure                        
2001eba9  UDMASetupTransfer                     
2001ec31  fxos_Calibration                      
2001ec75  C$$EXIT                               
2001ec79  abort                                 
2001ec81  exit                                  
2001ecb9  __aeabi_d2uiz                         
2001ecfd  sl_Htonl                              
2001ed41  PinModeSet                            
2001ed81  WDT_IF_Init                           
2001edc1  getHttpResponseBody                   
2001ee01  signal                                
2001ee41  start_1Sec_TimeoutTimer               
2001ee81  IsLightOff                            
2001eebf  strncasecmp                           
2001eefd  CopyPingResultsToReport               
2001ef39  Fusion_Init                           
2001ef75  PRCMPeripheralClkEnable               
2001efb1  PRCMSlowClkCtrFastGet                 
2001efed  _sl_TruncatePayloadByProtocol         
2001f029  _c_int00                              
2001f065  sl_Htons                              
2001f0a1  start_100mSecTimer                    
2001f0dd  uDMAChannelControlSet                 
2001f119  CameraCaptureStop                     
2001f153  CameraXClkConfig                      
2001f18d  fLPFScalar                            
2001f1c7  parseSendRequest                      
2001f201  addHttpRequestHeader                  
2001f275  LEDTimer_Enable                       
2001f2ad  NwpPowerOff                           
2001f2e5  pvPortMalloc                          
2001f305  vPortFree                             
2001f31d  __aeabi_f2d                           
2001f355  __aeabi_f2iz                          
2001f38d  __aeabi_i2f                           
2001f3c5  GPIODirModeSet                        
2001f3fb  sl_NetAppMDNSUnRegisterService        
2001f431  beginHttpRequest                      
2001f467  CameraParamsConfig                    
2001f49d  LEDTimer_Start                        
2001f4d1  PRCMPeripheralStatusGet               
2001f505  SPIFIFOLevelSet                       
2001f539  getHttpResponseStatus                 
2001f56d  get_angle                             
2001f5a1  feraiseexcept                         
2001f5d5  __aeabi_f2uiz                         
2001f609  strstr                                
2001f63d  OTA_Update                            
2001f671  Timer_IF_Init                         
2001f6a3  PinTypeGPIO                           
2001f6d5  UARTDisable                           
2001f705  _SlDrvDeviceEventHandler              
2001f735  _sl_Strlen                            
2001f795  strncpy                               
2001f7c5  _Feraise                              
2001f7f5  sl_Close                              
2001f825  sl_WlanProfileDel                     
2001f855  sl_WlanSetMode                        
2001f885  __aeabi_i2d                           
2001f8b3  raise                                 
2001f8e1  addHttpRequestHeaderInt               
2001f911  ApplyMagHAL                           
2001f93d  CameraIntEnable                       
2001f969  DmaSpiSwIntHandler                    
2001f995  I2CMasterErr                          
2001f9c1  IntHandler_1Sec_TimeoutTimer          
2001f9ed  PRCMSysResetCauseGet                  
2001fa19  SoftReset_ImageSensor                 
2001fa71  setDataBufferPointer                  
2001fa9d  TimerLoadSet                          
2001fac7  TimerPrescaleSet                      
2001faf1  _Dclass                               
2001fb1b  util_u64_time_add                     
2001fb45  CameraIntStatus                       
2001fb6d  InitTerm                              
2001fbbd  Message                               
2001fbe5  PRCMPeripheralClkDisable              
2001fc0d  strncat                               
2001fc35  sl_NetAppStart                        
2001fc5d  sl_NetAppStop                         
2001fc85  CameraThresholdSet                    
2001fcab  NwpRegisterInterruptHandler           
2001fcd1  strncmp                               
2001fcf9  CameraIntClear                        
2001fd1d  IntHandler_100mSecTimer               
2001fd41  IntUnregister                         
2001fd89  Timer_IF_Start                        
2001fdad  UARTEnable                            
2001fdd1  WriteAllAEnAWBRegs                    
2001fdf5  _SlDrvProtectionObjLockWaitForever    
2001fe19  magnetometer_initialize               
2001fe3d  __aeabi_ui2f                          
2001fe61  CameraCaptureStart                    
2001fe83  I2CMasterSlaveAddrSet                 
2001fea5  SL_FD_SET                             
2001fec7  SPIReset                              
2001fee9  SPIWordCountSet                       
2001ff0b  frexp                                 
2001ff2d  memcmp                                
2001ff4f  GPIOPinWrite                          
2001ff71  IntRegister                           
2001ff91  NwpPowerOn                            
2001ffb1  Refresh_mt9d111Firmware               
2001ffd1  _SlDrvProtectionObjUnLock             
2001fff1  memchr                                
20020011  __aeabi_ui2d                          
20020031  I2CMasterIntStatusEx                  
2002004f  TimerDisable                          
2002006d  TimerEnable                           
2002008b  TimerIntStatus                        
200200a9  UARTCharPut                           
200200e5  strcat                                
20020105  ApplyAccelHAL                         
20020121  CameraSensorInit                      
2002013d  DmaSwIntHandler                       
20020159  PinTypeI2C                            
20020175  TimerValueGet                         
20020191  _SlDrvObjLockWaitForever              
200201ad  _SlDrvSyncObjWaitForever              
200201c9  memccpy                               
200201e5  stop_100mSecTimer                     
20020201  stop_1Sec_TimeoutTimer                
2002021d  uDMAChannelDisable                    
20020239  uDMAChannelEnable                     
20020255  vApplicationMallocFailedHook          
20020271  PinTypeCamera                         
2002028b  PinTypeUART                           
200202a5  SPIDmaDisable                         
200202bf  SPIDmaEnable                          
200202d9  SPIFIFODisable                        
200202f3  SPIFIFOEnable                         
2002030d  CameraReset                           
2002033d  GPIOPinRead                           
20020355  LED_Off                               
2002036d  LED_On                                
20020385  PRCMHibernateEnter                    
2002039d  SPICSDisable                          
200203b5  SPICSEnable                           
200203cd  SPIDisable                            
200203e5  SPIEnable                             
200203fd  TimerIntEnable                        
20020415  Timer_IF_InterruptClear               
2002042d  WatchdogStallEnable                   
20020445  WatchdogUnlock                        
2002045d  _SlDrvObjUnLock                       
20020475  _SlDrvSyncObjSignal                   
2002048d  _sl_GetStartResponseConvert           
200204bd  _args_main                            
200204d5  strcmp                                
200204ed  CameraDMAEnable                       
20020503  CameraIntRegister                     
20020519  I2CMasterDataPut                      
2002052f  I2CMasterEnable                       
20020545  PRCMHIBRegRead                        
2002055b  PRCMHIBRegWrite                       
20020571  WatchdogEnable                        
20020587  _SlDrvMemZero                         
2002059d  strchr                                
200205b3  CPUcpsie                              
200205c9  IntVTableBaseSet                      
200205dd  LEDTimer_Stop                         
200205f1  _register_unlock                      
200205f7  _register_lock                        
200205ff  _nop                                  
20020605  strcpy                                
20020619  strlen                                
2002062d  uDMAControlBaseSet                    
20020641  uDMAIntClear                          
20020655  I2CMasterControl                      
20020667  I2CMasterIntClearEx                   
20020679  I2CMasterTimeoutSet                   
2002068b  TimerIntClear                         
2002069d  WatchdogReloadSet                     
200206b1  PRCMSOCReset                          
200206d1  SL_FD_ZERO                            
200206e1  Timer_IF_Stop                         
200206f1  WatchdogIntClear                      
20020701  socketClose                           
20020711  I2CMasterDataGet                      
2002071f  _SlDrvResetCmdExt                     
2002072d  __TI_decompress_none                  
2002073b  DmaErrorIntHandler                    
20020749  NwpMaskInterrupt                      
20020755  NwpUnMaskInterrupt                    
20020761  cc_rtc_get                            
2002076d  __TI_zero_init                        
20020779  getInternalClient                     
20020785  sl_WlanDisconnect                     
20020791  uDMAEnable                            
2002079d  uDMAIntStatus                         
200207a9  IntMasterEnable                       
200207b3  vApplicationStackOverflowHook         
200207bd  sensorsTriggerSetup                   
200207c5  MT9D111Delay                          
200207cb  ResetISR                              
200207d1  UtilsDelay                            
200207d7  __TI_decompress_rle24                 
200207dd  logf                                  
200207e3  sinf                                  
200207e9  __abort_execution                     
200207ed  _system_pre_init                      
20020a9c  _ctypes_                              
2002161e  OpcodeTranslateTable                  
2002165a  _SlPolicySetCmdCtrl                   
2002165e  _SlPolicyGetCmdCtrl                   
20021662  _SlProfileGetCmdCtrl                  
20021666  _SlProfileDelCmdCtrl                  
2002166a  _SlWlanGetNetworkListCtrl             
2002166e  _SlRxFilterAddtCmdCtrl                
20021672  _SlRxFilterSetCmdCtrl                 
20021676  _SlRxFilterGetCmdCtrl                 
2002167a  _SlSmartConfigStartCmdCtrl            
2002167e  _SlWlanSetModeCmdCtrl                 
20021682  _SlWlanCfgSetCmdCtrl                  
20021686  _SlWlanCfgGetCmdCtrl                  
20021698  _SlActionLookupTable                  
20021708  _SlFsOpenCmdCtrl                      
2002170c  _SlFsCloseCmdCtrl                     
20021710  _SlFsReadCmdCtrl                      
20021714  _SlFsWriteCmdCtrl                     
20021718  _SlFsGetInfoCmdCtrl                   
2002171c  _SlFsDeleteCmdCtrl                    
200217ac  g_H2NSyncPattern                      
200217b4  g_H2NCnysPattern                      
200217bc  RxMsgClassLUT                         
200217e0  _SlSockSocketCmdCtrl                  
200217e4  _SlSockCloseCmdCtrl                   
200217e8  _SlRecvfomCmdCtrl                     
200217ec  _SlSendCmdCtrl                        
200217f0  _SlListenCmdCtrl                      
200217f4  _SlAcceptCmdCtrl                      
200217f8  _SlRecvCmdCtrl                        
200217fc  _SlSetSockOptCmdCtrl                  
20021800  _SlGetSockOptCmdCtrl                  
20021804  _SlSelectCmdCtrl                      
20021890  _SlNetAppStartCtrl                    
20021894  _SlNetAppStopCtrl                     
20021898  _SlGetServiceListeCtrl                
2002189c  _SlRegisterServiceCtrl                
200218a0  _SlGetHostByServiceCtrl               
200218a4  _SlGetHostByNameCtrl                  
200218a8  _SlNetAppSetCmdCtrl                   
200218ac  _SlNetAppSendTokenValueCmdCtrl        
200218b0  _SlNetAppGetCmdCtrl                   
20021974  g_deviceClientVersion                 
200219b6  _SlStopCmdCtrl                        
200219ba  _SlEventMaskSetCmdCtrl                
200219be  _SlEventMaskGetCmdCtrl                
200219c2  _SlDeviceGetCmdCtrl                   
200219c6  _SlDeviceSetCmdCtrl                   
200219dd  _SlPayloadByProtocolLUT               
20021a0b  pcDigits                              
20021a16  StartResponseLUT                      
20021a1e  _SlNetCfgSetCmdCtrl                   
20021a22  _SlNetCfgGetCmdCtrl                   
20021a30  __TI_static_base__                    
20021f3c  __TI_Handler_Table_Base               
20021f48  __TI_Handler_Table_Limit              
20021f50  __TI_CINIT_Base                       
20021f60  __TI_CINIT_Limit                      
20022400  g_image_buffer                        
20036400  thisMagBuffer                         
200374f8  g_OtaCheckUpdateResponse              
20037944  thisMagCal                            
20037f9c  thisMag                               
20037ff4  g_SecParams                           
20038000  gpCtlTbl                              
20038400  g_OtaFileMetadata                     
200387d8  g_NetEntries                          
20038d48  g_StatMem                             
20038ec0  __CIOBUF_                             
20038fe0  gfpAppCallbackHndl                    
200391a8  thisSV_6DOF_GB_BASIC                  
20039254  __TI_tmpnams                          
200392f4  g_CdnClient                           
20039368  g_ucDinDout                           
200393b8  xQueueRegistry                        
20039408  g_OtaApp                              
20039454  g_OtaApp_statistics                   
200394a0  clientStateFileName                   
200394d4  g_cWlanSecurityKey                    
20039508  thisAccel                             
2003953c  g_OtaClient                           
20039560  g_cWlanSSID                           
20039584  g_ucConnectionSSID                    
200395c4  g_FlcSflashCb                         
200395d8  g_flag_blockFull                      
20039650  ang_buf                               
20039660  globals                               
20039670  mqxglobals                            
20039680  g_LogClient                           
20039688  g_Struct_TimeStamp_MaxAngle           
20039690  g_Struct_TimeStamp_MinAngle           
20039698  g_TimeStamp_CamUp                     
200396a0  g_TimeStamp_DoorClosed                
200396a8  g_TimeStamp_NWPUp                     
200396b0  g_TimeStamp_PhotoSnap                 
200396b8  g_TimeStamp_PhotoUploaded             
200396c0  g_TimeStamp_cc3200Up                  
200396c8  g_TimeStamp_maxAngle                  
200396d0  g_TimeStamp_minAngle                  
200396d8  g_ucConnectionBSSID                   
200396f0  DMAMsgQ                               
200396f4  Elapsed_100MilliSecs                  
200396f8  Elapsed_1Secs                         
20039700  angle_avg                             
20039704  dataBuffer                            
20039708  g_block_lastFilled                    
2003970c  g_cDummy                              
20039710  g_cWlanSecurityType                   
20039714  g_frame_size_in_bytes                 
20039718  g_position_in_block                   
2003971c  g_readHeader                          
20039724  g_ulAppStatus                         
20039728  g_ulAppTimeout_ms                     
2003972c  g_ulSimplelinkStatus                  
20039730  g_ulWatchdogCycles                    
20039734  gdoor_40deg_angle                     
20039738  gdoor_90deg_angle                     
2003973c  gdoor_OpenDeg_angle                   
2003974c  g_fMaxAngle                           
2003974e  g_fMinAngle                           
20039750  RxIrqCnt                              
20039751  avg_buffer_cnt                        
20039752  captureTimeout_Flag                   
20039753  checkForLight_Flag                    
20039754  cnt_LED_Timer                         
20039755  g_BlinkCount                          
20039756  g_I2CPeripheral_inUse_Flag            
20039757  g_NoOfBlinks                          
20039758  g_OffTime                             
20039759  g_OnTime                              
2003975a  g_Task3_Notification                  
2003975c  g_flag_DataBlockFilled                
2003975d  g_flag_door_closing_45degree          
2003975e  g_frame_end                           
2003975f  g_ucAngle40                           
20039760  g_ucAngle90                           
20039761  g_ucCalibration                       
20039762  g_ucConfig                            
20039763  g_ucExitButton                        
20039764  g_ucFeedWatchdog                      
20039765  g_ucMagCalb                           
20039766  g_ucProfileAdded                      
20039767  g_ucPushButtonPressedTwice            
20039768  g_ucReasonForFailure                  
20039769  iDone                                 
2003976a  isitfirsttime                         
2003976b  print_count                           
2003976c  valid_case                            
20039770  _sys_memory                           
ffffffff  __binit__                             
ffffffff  __c_args__                            
ffffffff  binit                                 
UNDEFED   SHT$$INIT_ARRAY$$Base                 
UNDEFED   SHT$$INIT_ARRAY$$Limit                

[931 symbols]
