******************************************************************************
                  TI ARM Linker PC v5.2.2                      
******************************************************************************
>> Linked Tue Jun 30 17:48:13 2015

OUTPUT FILE NAME:   <ULP_SEC_CAM.out>
ENTRY POINT SYMBOL: "_c_int00"  address: 2001ac11


MEMORY CONFIGURATION

         name            origin    length      used     unused   attr    fill
----------------------  --------  ---------  --------  --------  ----  --------
  SRAM_BOOTLDR          20000000   00004000  0000265c  000019a4  RW X
  SRAM_CODE             20004000   0001a000  000197e8  00000818  RW X
  SRAM_DATA             2001e000   0001e000  0001ade8  00003218  RW X


SEGMENT ALLOCATION MAP

run origin  load origin   length   init length attrs members
----------  ----------- ---------- ----------- ----- -------
20000000    20000000    0000165c   00000000    rw-
  20000000    20000000    0000165c   00000000    rw- .data
20003000    20003000    00001000   00000000    rw-
  20003000    20003000    00001000   00000000    rw- .stack
20004000    20004000    000197e8   000197e8    r-x
  20004000    20004000    00000400   00000400    r-- .intvecs
  20004400    20004400    00017908   00017908    r-x .text
  2001bd08    2001bd08    00000ef0   00000ef0    r-- .const
  2001cbf8    2001cbf8    00000bf0   00000bf0    r-- .cinit
2001e000    2001e000    0001ade8   00000000    rw-
  2001e000    2001e000    00015de8   00000000    rw- .bss
  20033de8    20033de8    00005000   00000000    rw- .sysmem


SECTION ALLOCATION MAP

 output                                  attributes/
section   page    origin      length       input sections
--------  ----  ----------  ----------   ----------------
.data      0    20000000    0000165c     UNINITIALIZED
                  20000000    00000600     camera_app.obj (.data:JPEG_StdHuffmanTbl)
                  20000600    00000400     camera_app.obj (.data:g_header)
                  20000a00    000003c9     cc3200_certificate.obj (.data:DigiCertHighAssuranceEVRootCA_der)
                  20000dc9    00000001     main_FXOS8700.obj (.data)
                  20000dca    00000001     tasks.obj (.data)
                  20000dcb    00000001     --HOLE--
                  20000dcc    00000184     simplelink.a : driver.obj (.data)
                  20000f50    000000f0     rtsv7M4_T_le_eabi.lib : defs.obj (.data:_ftable)
                  20001040    000000d0                           : lowlev.obj (.data)
                  20001110    000000b0                           : signal.obj (.data:sigtable)
                  200011c0    00000080                           : xvalues.obj (.data)
                  20001240    00000070                           : xlvalues.obj (.data)
                  200012b0    00000068                           : xfvalues.obj (.data)
                  20001318    00000064     network_relater_fns.obj (.data:Token)
                  2000137c    00000064     network_relater_fns.obj (.data:Value)
                  200013e0    00000064     simplelink.a : cc_pal.obj (.data)
                  20001444    00000040     camera_app.obj (.data:JPEG_StdQuantTblC)
                  20001484    00000040     camera_app.obj (.data:JPEG_StdQuantTblY)
                  200014c4    00000040     camera_app.obj (.data:zigzag)
                  20001504    0000003c     main.obj (.data:g_token_get)
                  20001540    00000034     free_rtos.a : tasks.obj (.data)
                  20001574    0000002c     cc3200_utils.obj (.data:lastDateTime)
                  200015a0    00000024     main.obj (.data)
                  200015c4    00000018     cc3200_utils.obj (.data)
                  200015dc    00000018     request.obj (.data)
                  200015f4    00000010     rtsv7M4_T_le_eabi.lib : defs.obj (.data)
                  20001604    0000000c     free_rtos.a : osi_freertos.obj (.data)
                  20001610    0000000c     rtsv7M4_T_le_eabi.lib : memory.obj (.data)
                  2000161c    00000008     camera_app.obj (.data)
                  20001624    00000008     rtsv7M4_T_le_eabi.lib : _lock.obj (.data)
                  2000162c    00000008                           : exit.obj (.data)
                  20001634    00000008                           : feraiseexcept.obj (.data)
                  2000163c    00000006     http.obj (.data)
                  20001642    00000002     --HOLE--
                  20001644    00000004     cc3200_certificate.obj (.data)
                  20001648    00000004     free_rtos.a : port.obj (.data)
                  2000164c    00000004     rtsv7M4_T_le_eabi.lib : errno.obj (.data)
                  20001650    00000004                           : fopen.obj (.data)
                  20001654    00000004                           : rand.obj (.data)
                  20001658    00000004                           : stkdepth_vars.obj (.data)

.TI.persistent 
*          0    20000000    00000000     UNINITIALIZED

.stack     0    20003000    00001000     UNINITIALIZED
                  20003000    00001000     --HOLE--

.intvecs   0    20004000    00000400     
                  20004000    00000400     startup_ccs.obj (.intvecs)

.text      0    20004400    00017908     
                  20004400    0000197c     orientation.obj (.text)
                  20005d7c    000012e8     magnetic.obj (.text)
                  20007064    00001258     free_rtos.a : tasks.obj (.text)
                  200082bc    000010a6     rtsv7M4_T_le_eabi.lib : _printfi.obj (.text)
                  20009362    00000002     driverlib.a : interrupt.obj (.text:IntDefaultHandler)
                  20009364    00000fc0     network_relater_fns.obj (.text)
                  2000a324    00000ef4     camera_app.obj (.text)
                  2000b218    00000b50     wifi_provisioning_thruAPmode.obj (.text)
                  2000bd68    00000b24     free_rtos.a : queue.obj (.text)
                  2000c88c    00000a58     matrix.obj (.text)
                  2000d2e4    0000092a     accelomtrMagntomtr_fxos8700.obj (.text)
                  2000dc0e    00000002     --HOLE-- [fill = 0]
                  2000dc10    0000090c     mt9d111.obj (.text)
                  2000e51c    000006fc     request.obj (.text)
                  2000ec18    000004f0     tasks.obj (.text)
                  2000f108    00000480     rtsv7M4_T_le_eabi.lib : pow.obj (.text)
                  2000f588    00000468     cc3200_utils.obj (.text)
                  2000f9f0    0000045c     free_rtos.a : osi_freertos.obj (.text)
                  2000fe4c    00000448     main_FXOS8700.obj (.text)
                  20010294    000003f0     simplelink.a : driver.obj (.text:_SlDrvMsgRead)
                  20010684    000003dc     rtsv7M4_T_le_eabi.lib : memory.obj (.text)
                  20010a60    000003a4     algorithm.obj (.text)
                  20010e04    00000378     rtsv7M4_T_le_eabi.lib : powf.obj (.text)
                  2001117c    0000036c     simplelink.a : driver.obj (.text:_SlAsyncEventGenericHandler)
                  200114e8    00000364     main.obj (.text)
                  2001184c    0000032c     installation.obj (.text)
                  20011b78    0000031a     simplejson.obj (.text)
                  20011e92    00000002     --HOLE-- [fill = 0]
                  20011e94    0000030c     parse_uploads.obj (.text)
                  200121a0    0000030c     rtsv7M4_T_le_eabi.lib : lowlev.obj (.text)
                  200124ac    000002e4                           : xlog.obj (.text)
                  20012790    000002d4                           : trgdrv.obj (.text)
                  20012a64    00000298                           : vla_alloc.obj (.text)
                  20012cfc    00000230     approximations.obj (.text)
                  20012f2c    00000228     cc3200_socket.obj (.text)
                  20013154    0000021c     lightSens_isl29035.obj (.text)
                  20013370    00000200     flash_files.obj (.text)
                  20013570    000001fc     rtsv7M4_T_le_eabi.lib : xexp.obj (.text)
                  2001376c    000001f8     i2cconfig.obj (.text)
                  20013964    000001f4     rtsv7M4_T_le_eabi.lib : ull_div_t2.obj (.text)
                  20013b58    000001c4                           : fopen.obj (.text)
                  20013d1c    000001bc                           : xflog.obj (.text)
                  20013ed8    000001b8     uartA1_if.obj (.text)
                  20014090    000001b6     rtsv7M4_T_le_eabi.lib : fd_add_t2.obj (.text)
                  20014246    00000002     --HOLE-- [fill = 0]
                  20014248    000001a4     simplelink.a : wlan.obj (.text:sl_WlanConnect)
                  200143ec    000001a0     collect_and_txit.obj (.text)
                  2001458c    0000019c     rtsv7M4_T_le_eabi.lib : xfsin.obj (.text)
                  20014728    00000198     tempRHSens_si7020.obj (.text)
                  200148c0    00000198     udma_if.obj (.text)
                  20014a58    0000018c     i2c_if.obj (.text)
                  20014be4    00000188     rtsv7M4_T_le_eabi.lib : xlatan.obj (.text)
                  20014d6c    00000178     drivers.obj (.text)
                  20014ee4    00000178     rtsv7M4_T_le_eabi.lib : tanf.obj (.text)
                  2001505c    00000178                           : xfexp.obj (.text)
                  200151d4    00000174     fusion.obj (.text)
                  20015348    0000016c     simplelink.a : driver.obj (.text:_SlDrvDataReadOp)
                  200154b4    00000168     rtsv7M4_T_le_eabi.lib : atan2l.obj (.text)
                  2001561c    00000150     cc3200_client_state.obj (.text)
                  2001576c    00000150     http.obj (.text)
                  200158bc    00000140     simplelink.a : driver.obj (.text:_SlDrvRxHdrRead)
                  200159fc    00000140     rtsv7M4_T_le_eabi.lib : sqrt.obj (.text)
                  20015b3c    0000013c                           : fmodf.obj (.text)
                  20015c78    00000136                           : fd_div_t2.obj (.text)
                  20015dae    00000002     --HOLE-- [fill = 0]
                  20015db0    00000134     driverlib.a : prcm.obj (.text:PRCMCC3200MCUInit)
                  20015ee4    00000134     rtsv7M4_T_le_eabi.lib : fputs.obj (.text)
                  20016018    00000130     simplelink.a : cc_pal.obj (.text:spi_Open)
                  20016148    0000012c                  : driver.obj (.text:_SlDrvDataWriteOp)
                  20016274    0000012c     hibernate_related_fns.obj (.text)
                  200163a0    0000012a     free_rtos.a : list.obj (.text)
                  200164ca    00000002     --HOLE-- [fill = 0]
                  200164cc    00000120     simplelink.a : driver.obj (.text:_SlDrvMsgWrite)
                  200165ec    0000011c                  : driver.obj (.text:_SlDrvWaitForPoolObj)
                  20016708    00000110     free_rtos.a : port.obj (.text)
                  20016818    00000110     rtsv7M4_T_le_eabi.lib : xdscale.obj (.text)
                  20016928    00000108     i2c_app.obj (.text)
                  20016a30    00000108     simplelink.a : socket.obj (.text:sl_Select)
                  20016b38    00000104     dbgFns.obj (.text)
                  20016c3c    00000100     pinmux.obj (.text)
                  20016d3c    000000fc     rtsv7M4_T_le_eabi.lib : fd_mul_t2.obj (.text)
                  20016e38    000000fa                           : fs_add_t2.obj (.text)
                  20016f32    00000002     --HOLE-- [fill = 0]
                  20016f34    000000f0     simplelink.a : driver.obj (.text:_SlDrvReleasePoolObj)
                  20017024    000000f0     driverlib.a : udma.obj (.text:uDMAChannelTransferSet)
                  20017114    000000e8     simplelink.a : socket.obj (.text:sl_Connect)
                  200171fc    000000e8                  : cc_pal.obj (.text:spi_Write)
                  200172e4    000000dc     app_common.obj (.text)
                  200173c0    000000dc     rtsv7M4_T_le_eabi.lib : setvbuf.obj (.text)
                  2001749c    000000dc     simplelink.a : netapp.obj (.text:sl_NetAppDnsGetHostByName)
                  20017578    000000d8     rtsv7M4_T_le_eabi.lib : xfatan.obj (.text)
                  20017650    000000d0                           : xfdscale.obj (.text)
                  20017720    000000cc                           : sqrtf.obj (.text)
                  200177ec    000000cc     simplelink.a : cc_pal.obj (.text:spi_Read)
                  200178b8    000000c8     rtsv7M4_T_le_eabi.lib : fflush.obj (.text)
                  20017980    000000c8     simplelink.a : device.obj (.text:sl_Start)
                  20017a48    000000c4                  : device.obj (.text:sl_Stop)
                  20017b0c    000000c0     rtsv7M4_T_le_eabi.lib : xdint.obj (.text)
                  20017bcc    000000be                           : xdnorm.obj (.text)
                  20017c8a    00000002     --HOLE-- [fill = 0]
                  20017c8c    000000bc                           : acosf.obj (.text)
                  20017d48    000000ba     free_rtos.a : portasm.obj (.text)
                  20017e02    00000002     --HOLE-- [fill = 0]
                  20017e04    000000b8     cc3200_certificate.obj (.text)
                  20017ebc    000000b4     simplelink.a : driver.obj (.text:_SlDrvMsgReadCmdCtx)
                  20017f70    000000b4                  : netapp.obj (.text:_SlDrvNetAppEventHandler)
                  20018024    000000b4     appFns_BatteryLevelSense.obj (.text)
                  200180d8    000000b0     simplelink.a : socket.obj (.text:sl_Send)
                  20018188    000000ac     rtsv7M4_T_le_eabi.lib : _io_perm.obj (.text)
                  20018234    000000a8     driverlib.a : interrupt.obj (.text:IntDisable)
                  200182dc    000000a8                 : interrupt.obj (.text:IntEnable)
                  20018384    000000a8     timer_if.obj (.text)
                  2001842c    000000a0     driverlib.a : spi.obj (.text:SPIConfigSetExpClk)
                  200184cc    0000009c     rtsv7M4_T_le_eabi.lib : memcpy_t2.obj (.text)
                  20018568    00000098     simplelink.a : driver.obj (.text:_SlDrvClassifyRxMsg)
                  20018600    00000098                  : driver.obj (.text:_SlFindAndSetActiveObj)
                  20018698    00000098     rtsv7M4_T_le_eabi.lib : fclose.obj (.text)
                  20018730    00000098                           : fputc.obj (.text)
                  200187c8    00000094     driverlib.a : prcm.obj (.text:PRCMPeripheralClockGet)
                  2001885c    00000094     rtsv7M4_T_le_eabi.lib : snprintf.obj (.text)
                  200188f0    00000092                           : fs_div_t2.obj (.text)
                  20018982    00000002     --HOLE-- [fill = 0]
                  20018984    00000090     simplelink.a : driver.obj (.text:_SlDrvMsgReadSpawnCtx)
                  20018a14    0000008c     rtsv7M4_T_le_eabi.lib : xfdint.obj (.text)
                  20018aa0    0000008c     simplelink.a : fs.obj (.text:sl_FsRead)
                  20018b2c    0000008c                  : fs.obj (.text:sl_FsWrite)
                  20018bb8    0000008c                  : netapp.obj (.text:sl_NetAppMDNSRegisterUnregisterService)
                  20018c44    00000088     driverlib.a : prcm.obj (.text:PRCMHibernateIntervalSet)
                  20018ccc    00000088                 : pin.obj (.text:PinConfigSet)
                  20018d54    00000088     parse_impl.obj (.text)
                  20018ddc    00000088     rtsv7M4_T_le_eabi.lib : vsnprintf.obj (.text)
                  20018e64    00000086                           : fd_cmp_t2.obj (.text:__aeabi_cdcmple)
                  20018eea    00000086                           : fd_cmp_t2.obj (.text:__aeabi_cdrcmple)
                  20018f70    00000084     driverlib.a : i2c.obj (.text:I2CMasterInitExpClk)
                  20018ff4    00000084     simplelink.a : driver.obj (.text:_SlDrvCmdOp)
                  20019078    00000080                  : cc_pal.obj (.text:NwpPowerOnPreamble)
                  200190f8    0000007c                  : driver.obj (.text:_SlDrvDriverCBInit)
                  20019174    0000007c                  : device.obj (.text:sl_DevGet)
                  200191f0    0000007c                  : fs.obj (.text:sl_FsClose)
                  2001926c    0000007a     rtsv7M4_T_le_eabi.lib : fs_mul_t2.obj (.text)
                  200192e6    0000007a                           : memset_t2.obj (.text)
                  20019360    0000007a                           : xfdnorm.obj (.text)
                  200193da    00000002     --HOLE-- [fill = 0]
                  200193dc    00000078     simplelink.a : cc_pal.obj (.text:SetupDMAReceive)
                  20019454    00000078                  : netapp.obj (.text:_sl_HandleAsync_DnsGetHostByName)
                  200194cc    00000078                  : netapp.obj (.text:_sl_HandleAsync_PingResponse)
                  20019544    00000078                  : wlan.obj (.text:sl_WlanGet)
                  200195bc    00000076     driverlib.a : uart.obj (.text:UARTConfigSetExpClk)
                  20019632    00000002     --HOLE-- [fill = 0]
                  20019634    00000074     simplelink.a : device.obj (.text:_sl_HandleAsync_InitComplete)
                  200196a8    00000074                  : cc_pal.obj (.text:spi_Close)
                  2001971c    00000074     timer_fns.obj (.text)
                  20019790    00000070     driverlib.a : timer.obj (.text:TimerIntRegister)
                  20019800    00000070     simplelink.a : fs.obj (.text:sl_FsGetInfo)
                  20019870    0000006c                  : socket.obj (.text:_sl_TruncatePayloadByProtocol)
                  200198dc    0000006c     rtsv7M4_T_le_eabi.lib : autoinit.obj (.text)
                  20019948    0000006c                           : fprintf.obj (.text)
                  200199b4    0000006a                           : copy_decompress_rle.obj (.text)
                  20019a1e    00000002     --HOLE-- [fill = 0]
                  20019a20    00000068     driverlib.a : prcm.obj (.text:PRCMHibernateWakeUpGPIOSelect)
                  20019a88    00000068                 : timer.obj (.text:TimerIntUnregister)
                  20019af0    00000068     simplelink.a : fs.obj (.text:_sl_GetCreateFsMode)
                  20019b58    00000068                  : socket.obj (.text:_sl_HandleAsync_Connect)
                  20019bc0    00000068     rtsv7M4_T_le_eabi.lib : trgmsg.obj (.text)
                  20019c28    00000066                           : xdunscal.obj (.text)
                  20019c8e    00000002     --HOLE-- [fill = 0]
                  20019c90    00000064     simplelink.a : socket.obj (.text:_sl_HandleAsync_Accept)
                  20019cf4    00000064                  : netapp.obj (.text:_sl_HandleAsync_DnsGetHostByService)
                  20019d58    00000064     rtsv7M4_T_le_eabi.lib : fseek.obj (.text)
                  20019dbc    00000064     driverlib.a : udma.obj (.text:uDMAChannelAttributeDisable)
                  20019e20    00000064                 : udma.obj (.text:uDMAChannelAttributeEnable)
                  20019e84    00000060     rtsv7M4_T_le_eabi.lib : fs_cmp_t2.obj (.text:__aeabi_cfcmple)
                  20019ee4    00000060                           : fs_cmp_t2.obj (.text:__aeabi_cfrcmple)
                  20019f44    00000060                           : sprintf.obj (.text)
                  20019fa4    00000058     driverlib.a : interrupt.obj (.text:IntPendClear)
                  20019ffc    00000058                 : prcm.obj (.text:PRCMPeripheralReset)
                  2001a054    00000058     simplelink.a : driver.obj (.text:_SlDrvDriverCBDeinit)
                  2001a0ac    00000058                  : socket.obj (.text:_sl_HandleAsync_Select)
                  2001a104    00000058                  : netapp.obj (.text:sl_NetAppSendTokenValue)
                  2001a15c    00000056     rtsv7M4_T_le_eabi.lib : ltoa.obj (.text)
                  2001a1b2    00000056                           : xfdunsca.obj (.text)
                  2001a208    00000054     driverlib.a : interrupt.obj (.text:IntPrioritySet)
                  2001a25c    00000054     simplelink.a : device.obj (.text:_sl_HandleAsync_Stop)
                  2001a2b0    00000054                  : fs.obj (.text:sl_FsOpen)
                  2001a304    00000050     rtsv7M4_T_le_eabi.lib : fs_toull_t2.obj (.text)
                  2001a354    0000004c     driverlib.a : spi.obj (.text:SPIIntEnable)
                  2001a3a0    0000004c     rtsv7M4_T_le_eabi.lib : atoi.obj (.text)
                  2001a3ec    0000004c                           : cpy_tbl.obj (.text)
                  2001a438    0000004c                           : rand.obj (.text)
                  2001a484    0000004c     simplelink.a : device.obj (.text:sl_DevSet)
                  2001a4d0    0000004c                  : socket.obj (.text:sl_SetSockOpt)
                  2001a51c    0000004c                  : wlan.obj (.text:sl_WlanSet)
                  2001a568    0000004c     driverlib.a : udma.obj (.text:uDMAChannelAssign)
                  2001a5b4    0000004a     simplelink.a : device.obj (.text:_sl_GetStartResponseConvert)
                  2001a5fe    0000004a     rtsv7M4_T_le_eabi.lib : fd_tos_t2.obj (.text)
                  2001a648    00000048     driverlib.a : prcm.obj (.text:PRCMHibernateWakeupSourceDisable)
                  2001a690    00000048                 : prcm.obj (.text:PRCMHibernateWakeupSourceEnable)
                  2001a6d8    00000048                 : spi.obj (.text:SPIIntClear)
                  2001a720    00000048     simplelink.a : driver.obj (.text:_SlRemoveFromList)
                  2001a768    00000048     rtsv7M4_T_le_eabi.lib : fd_toi_t2.obj (.text)
                  2001a7b0    00000048     simplelink.a : fs.obj (.text:sl_FsDel)
                  2001a7f8    00000048                  : netcfg.obj (.text:sl_NetCfgSet)
                  2001a840    00000046     rtsv7M4_T_le_eabi.lib : ldexp.obj (.text)
                  2001a886    00000002     --HOLE-- [fill = 0]
                  2001a888    00000044     driverlib.a : spi.obj (.text:SPIDmaMaskGet)
                  2001a8cc    00000044                 : timer.obj (.text:TimerConfigure)
                  2001a910    00000044     rtsv7M4_T_le_eabi.lib : exit.obj (.text)
                  2001a954    00000044                           : fd_tou_t2.obj (.text)
                  2001a998    00000044     simplelink.a : socket.obj (.text:sl_Recv)
                  2001a9dc    00000040     driverlib.a : pin.obj (.text:PinModeSet)
                  2001aa1c    00000040     simplelink.a : driver.obj (.text:_SlDrvRxIrqHandler)
                  2001aa5c    00000040     rtsv7M4_T_le_eabi.lib : signal.obj (.text)
                  2001aa9c    00000040     simplelink.a : wlan.obj (.text:sl_WlanPolicySet)
                  2001aadc    00000040                  : wlan.obj (.text:sl_WlanRxFilterSet)
                  2001ab1c    0000003e     rtsv7M4_T_le_eabi.lib : strncasecmp.obj (.text)
                  2001ab5a    00000002     --HOLE-- [fill = 0]
                  2001ab5c    0000003c     simplelink.a : cc_pal.obj (.text:NwpPowerOff)
                  2001ab98    0000003c     driverlib.a : prcm.obj (.text:PRCMPeripheralClkEnable)
                  2001abd4    0000003c     simplelink.a : driver.obj (.text:_SlDrvObjInit)
                  2001ac10    0000003c     rtsv7M4_T_le_eabi.lib : boot.obj (.text)
                  2001ac4c    0000003c     driverlib.a : udma.obj (.text:uDMAChannelControlSet)
                  2001ac88    0000003a                 : camera.obj (.text:CameraCaptureStop)
                  2001acc2    0000003a                 : camera.obj (.text:CameraXClkConfig)
                  2001acfc    00000038     free_rtos.a : heap_3.obj (.text)
                  2001ad34    00000038     rtsv7M4_T_le_eabi.lib : fs_tod_t2.obj (.text)
                  2001ad6c    00000038                           : fs_toi_t2.obj (.text)
                  2001ada4    00000038                           : i_tofs_t2.obj (.text)
                  2001addc    00000038     simplelink.a : socket.obj (.text:sl_Htonl)
                  2001ae14    00000036     driverlib.a : gpio.obj (.text:GPIODirModeSet)
                  2001ae4a    00000002     --HOLE-- [fill = 0]
                  2001ae4c    00000036     appflile_lightSensor.obj (.text)
                  2001ae82    00000034     driverlib.a : camera.obj (.text:CameraParamsConfig)
                  2001aeb6    00000002     --HOLE-- [fill = 0]
                  2001aeb8    00000034                 : prcm.obj (.text:PRCMPeripheralStatusGet)
                  2001aeec    00000034                 : spi.obj (.text:SPIFIFOLevelSet)
                  2001af20    00000034     simplelink.a : driver.obj (.text:_SlDrvBasicCmd)
                  2001af54    00000034     rtsv7M4_T_le_eabi.lib : feraiseexcept.obj (.text)
                  2001af88    00000034                           : fs_tou_t2.obj (.text)
                  2001afbc    00000034                           : strstr.obj (.text)
                  2001aff0    00000034     simplelink.a : socket.obj (.text:sl_Htons)
                  2001b024    00000030                  : cc_pal.obj (.text:NwpPowerOn)
                  2001b054    00000030     driverlib.a : pin.obj (.text:PinTypeGPIO)
                  2001b084    00000030                 : uart.obj (.text:UARTDisable)
                  2001b0b4    00000030     rtsv7M4_T_le_eabi.lib : strncpy.obj (.text)
                  2001b0e4    00000030                           : xferaise.obj (.text)
                  2001b114    00000030     simplelink.a : socket.obj (.text:sl_Socket)
                  2001b144    0000002e     rtsv7M4_T_le_eabi.lib : i_tofd_t2.obj (.text)
                  2001b172    0000002e                           : raise.obj (.text)
                  2001b1a0    0000002c     driverlib.a : camera.obj (.text:CameraIntEnable)
                  2001b1cc    0000002c     simplelink.a : cc_pal.obj (.text:DmaSpiSwIntHandler)
                  2001b1f8    0000002c     driverlib.a : i2c.obj (.text:I2CMasterErr)
                  2001b224    0000002c                 : prcm.obj (.text:PRCMSysResetCauseGet)
                  2001b250    0000002c     simplelink.a : flowcont.obj (.text:_SlDrvFlowContDeinit)
                  2001b27c    0000002c                  : flowcont.obj (.text:_SlDrvFlowContInit)
                  2001b2a8    0000002a     driverlib.a : timer.obj (.text:TimerLoadSet)
                  2001b2d2    0000002a                 : timer.obj (.text:TimerPrescaleSet)
                  2001b2fc    0000002a     simplelink.a : socket.obj (.text:_sl_BuildAddress)
                  2001b326    0000002a     rtsv7M4_T_le_eabi.lib : xdclass.obj (.text)
                  2001b350    00000028     driverlib.a : camera.obj (.text:CameraIntStatus)
                  2001b378    00000028                 : prcm.obj (.text:PRCMPeripheralClkDisable)
                  2001b3a0    00000028     rtsv7M4_T_le_eabi.lib : strncat.obj (.text)
                  2001b3c8    00000028     simplelink.a : wlan.obj (.text:sl_WlanSetMode)
                  2001b3f0    00000026     driverlib.a : camera.obj (.text:CameraThresholdSet)
                  2001b416    00000026     rtsv7M4_T_le_eabi.lib : strncmp.obj (.text)
                  2001b43c    00000024     driverlib.a : camera.obj (.text:CameraIntClear)
                  2001b460    00000024                 : interrupt.obj (.text:IntUnregister)
                  2001b484    00000024                 : uart.obj (.text:UARTEnable)
                  2001b4a8    00000024     rtsv7M4_T_le_eabi.lib : memmov.obj (.text)
                  2001b4cc    00000024                           : u_tofs_t2.obj (.text)
                  2001b4f0    00000024     simplelink.a : socket.obj (.text:sl_Close)
                  2001b514    00000024                  : netapp.obj (.text:sl_NetAppStart)
                  2001b538    00000024                  : netapp.obj (.text:sl_NetAppStop)
                  2001b55c    00000024                  : wlan.obj (.text:sl_WlanProfileDel)
                  2001b580    00000022     driverlib.a : camera.obj (.text:CameraCaptureStart)
                  2001b5a2    00000022                 : i2c.obj (.text:I2CMasterSlaveAddrSet)
                  2001b5c4    00000022     simplelink.a : cc_pal.obj (.text:NwpRegisterInterruptHandler)
                  2001b5e6    00000022     driverlib.a : spi.obj (.text:SPIReset)
                  2001b608    00000022                 : spi.obj (.text:SPIWordCountSet)
                  2001b62a    00000022     batteryVoltLvlSens_adc081c021.obj (.text)
                  2001b64c    00000022     rtsv7M4_T_le_eabi.lib : frexp.obj (.text)
                  2001b66e    00000022                           : memcmp.obj (.text)
                  2001b690    00000020     driverlib.a : gpio.obj (.text:GPIOPinWrite)
                  2001b6b0    00000020                 : interrupt.obj (.text:IntRegister)
                  2001b6d0    00000020     simplelink.a : driver.obj (.text:_SlDrvCmdSend)
                  2001b6f0    00000020                  : device.obj (.text:_SlDrvDeviceEventHandler)
                  2001b710    00000020     rtsv7M4_T_le_eabi.lib : memchr.obj (.text)
                  2001b730    00000020                           : u_tofd_t2.obj (.text)
                  2001b750    0000001e     driverlib.a : i2c.obj (.text:I2CMasterIntStatusEx)
                  2001b76e    0000001e                 : timer.obj (.text:TimerDisable)
                  2001b78c    0000001e                 : timer.obj (.text:TimerEnable)
                  2001b7aa    0000001e                 : timer.obj (.text:TimerIntStatus)
                  2001b7c8    0000001e                 : uart.obj (.text:UARTCharPut)
                  2001b7e6    0000001c                 : pin.obj (.text:PinTypeI2C)
                  2001b802    0000001c                 : timer.obj (.text:TimerValueGet)
                  2001b81e    00000002     --HOLE-- [fill = 0]
                  2001b820    0000001c     simplelink.a : driver.obj (.text:_SlDrvObjDeInit)
                  2001b83c    0000001c     rtsv7M4_T_le_eabi.lib : memccpy.obj (.text)
                  2001b858    0000001c     driverlib.a : udma.obj (.text:uDMAChannelDisable)
                  2001b874    0000001c                 : udma.obj (.text:uDMAChannelEnable)
                  2001b890    0000001a     simplelink.a : netapp.obj (.text:CopyPingResultsToReport)
                  2001b8aa    0000001a     driverlib.a : pin.obj (.text:PinTypeCamera)
                  2001b8c4    0000001a                 : pin.obj (.text:PinTypeUART)
                  2001b8de    0000001a                 : spi.obj (.text:SPIDmaDisable)
                  2001b8f8    0000001a                 : spi.obj (.text:SPIDmaEnable)
                  2001b912    0000001a                 : spi.obj (.text:SPIFIFODisable)
                  2001b92c    0000001a                 : spi.obj (.text:SPIFIFOEnable)
                  2001b946    00000018                 : camera.obj (.text:CameraReset)
                  2001b95e    00000018                 : gpio.obj (.text:GPIOPinRead)
                  2001b976    00000002     --HOLE-- [fill = 0]
                  2001b978    00000018                 : prcm.obj (.text:PRCMHibernateEnter)
                  2001b990    00000018                 : spi.obj (.text:SPICSDisable)
                  2001b9a8    00000018                 : spi.obj (.text:SPICSEnable)
                  2001b9c0    00000018                 : spi.obj (.text:SPIDisable)
                  2001b9d8    00000018                 : spi.obj (.text:SPIEnable)
                  2001b9f0    00000018                 : timer.obj (.text:TimerIntDisable)
                  2001ba08    00000018                 : timer.obj (.text:TimerIntEnable)
                  2001ba20    00000018     rtsv7M4_T_le_eabi.lib : args_main.obj (.text)
                  2001ba38    00000018                           : strcmp.obj (.text)
                  2001ba50    00000016     driverlib.a : camera.obj (.text:CameraDMAEnable)
                  2001ba66    00000016                 : camera.obj (.text:CameraIntRegister)
                  2001ba7c    00000016                 : i2c.obj (.text:I2CMasterDataPut)
                  2001ba92    00000016                 : i2c.obj (.text:I2CMasterEnable)
                  2001baa8    00000016                 : prcm.obj (.text:PRCMHIBRegRead)
                  2001babe    00000016                 : prcm.obj (.text:PRCMHIBRegWrite)
                  2001bad4    00000016                 : uart.obj (.text:UARTCharGet)
                  2001baea    00000016     simplelink.a : driver.obj (.text:_SlDrvShiftDWord)
                  2001bb00    00000016                  : fs.obj (.text:_sl_Strlen)
                  2001bb16    00000016     rtsv7M4_T_le_eabi.lib : strchr.obj (.text)
                  2001bb2c    00000016     driverlib.a : udma.obj (.text:uDMAIntRegister)
                  2001bb42    00000014                 : cpu.obj (.text:CPUcpsie)
                  2001bb56    00000002     --HOLE-- [fill = 0]
                  2001bb58    00000014                 : interrupt.obj (.text:IntVTableBaseSet)
                  2001bb6c    00000014     rtsv7M4_T_le_eabi.lib : _lock.obj (.text)
                  2001bb80    00000014                           : strcpy.obj (.text)
                  2001bb94    00000014                           : strlen.obj (.text)
                  2001bba8    00000014     driverlib.a : udma.obj (.text:uDMAControlBaseSet)
                  2001bbbc    00000014                 : udma.obj (.text:uDMAIntClear)
                  2001bbd0    00000012                 : i2c.obj (.text:I2CMasterControl)
                  2001bbe2    00000012                 : i2c.obj (.text:I2CMasterIntClearEx)
                  2001bbf4    00000012                 : i2c.obj (.text:I2CMasterTimeoutSet)
                  2001bc06    00000012                 : timer.obj (.text:TimerIntClear)
                  2001bc18    00000012     simplelink.a : netapp.obj (.text:sl_NetAppMDNSUnRegisterService)
                  2001bc2a    00000012     driverlib.a : udma.obj (.text:uDMAIntUnregister)
                  2001bc3c    00000010     simplelink.a : cc_pal.obj (.text:NwpMaskInterrupt)
                  2001bc4c    00000010                  : socket.obj (.text:SL_FD_SET)
                  2001bc5c    0000000e     driverlib.a : i2c.obj (.text:I2CMasterDataGet)
                  2001bc6a    0000000e     rtsv7M4_T_le_eabi.lib : copy_decompress_none.obj (.text:decompress:none)
                  2001bc78    0000000e     startup_ccs.obj (.text)
                  2001bc86    00000002     --HOLE-- [fill = 0]
                  2001bc88    0000000c     simplelink.a : cc_pal.obj (.text:NwpUnMaskInterrupt)
                  2001bc94    0000000c     rtsv7M4_T_le_eabi.lib : copy_zero_init.obj (.text:decompress:ZI)
                  2001bca0    0000000c     driverlib.a : udma.obj (.text:uDMADisable)
                  2001bcac    0000000c                 : udma.obj (.text:uDMAEnable)
                  2001bcb8    0000000c                 : udma.obj (.text:uDMAIntStatus)
                  2001bcc4    0000000a                 : interrupt.obj (.text:IntMasterEnable)
                  2001bcce    00000008     simplelink.a : wlan.obj (.text:sl_WlanDisconnect)
                  2001bcd6    00000006     i2cconfig.obj (.text:MT9D111Delay)
                  2001bcdc    00000006     simplelink.a : socket.obj (.text:SL_FD_ZERO)
                  2001bce2    00000006     driverlib.a : utils.obj (.text:UtilsDelay)
                  2001bce8    00000006     rtsv7M4_T_le_eabi.lib : copy_decompress_rle.obj (.text:decompress:rle24)
                  2001bcee    00000006                           : log.obj (.text)
                  2001bcf4    00000006                           : logf.obj (.text)
                  2001bcfa    00000006                           : sinf.obj (.text)
                  2001bd00    00000004                           : error.obj (.text)
                  2001bd04    00000004                           : pre_init.obj (.text)

.const     0    2001bd08    00000ef0     
                  2001bd08    0000013c     mt9d111.obj (.const:init_cmds_list)
                  2001be44    00000101     rtsv7M4_T_le_eabi.lib : ctype.obj (.const:.string:_ctypes_)
                  2001bf45    00000002     tempRHSens_si7020.obj (.const:.string)
                  2001bf47    00000001     --HOLE-- [fill = 0]
                  2001bf48    00000100     driverlib.a : pin.obj (.const:g_ulPinToPadMap)
                  2001c048    000000ec     simplelink.a : wlan.obj (.const)
                  2001c134    000000d4     driverlib.a : interrupt.obj (.const:g_pulRegs)
                  2001c208    000000d0     mt9d111.obj (.const)
                  2001c2d8    000000c4     mt9d111.obj (.const:capture_cmds_list)
                  2001c39c    000000a8     driverlib.a : prcm.obj (.const:PRCM_PeriphRegsList)
                  2001c444    00000090     wifi_provisioning_thruAPmode.obj (.const:.string)
                  2001c4d4    00000004     --HOLE-- [fill = 0]
                  2001c4d8    00000088     rtsv7M4_T_le_eabi.lib : xlatan.obj (.const)
                  2001c560    00000080     driverlib.a : interrupt.obj (.const)
                  2001c5e0    00000068     appFns_BatteryLevelSense.obj (.const:V2CEntry$1)
                  2001c648    00000050     mt9d111.obj (.const:$P$T24$25)
                  2001c698    0000004c     mt9d111.obj (.const:$P$T4$5)
                  2001c6e4    0000004c     simplelink.a : driver.obj (.const)
                  2001c730    0000004a     camera_app.obj (.const:.string)
                  2001c77a    00000005     main.obj (.const:.string)
                  2001c77f    00000001     --HOLE-- [fill = 0]
                  2001c780    00000048     rtsv7M4_T_le_eabi.lib : xexp.obj (.const)
                  2001c7c8    00000042     mt9d111.obj (.const:.string)
                  2001c80a    00000040     network_relater_fns.obj (.const:.string)
                  2001c84a    00000006     --HOLE-- [fill = 0]
                  2001c850    00000038     rtsv7M4_T_le_eabi.lib : xlog.obj (.const:p)
                  2001c888    00000038                           : xflog.obj (.const)
                  2001c8c0    00000038     simplelink.a : fs.obj (.const)
                  2001c8f8    00000036     flash_files.obj (.const:.string)
                  2001c92e    00000002     --HOLE-- [fill = 0]
                  2001c930    00000034     rtsv7M4_T_le_eabi.lib : xfatan.obj (.const)
                  2001c964    00000034     simplelink.a : socket.obj (.const)
                  2001c998    00000030     rtsv7M4_T_le_eabi.lib : xdint.obj (.const)
                  2001c9c8    0000002c     cc3200_utils.obj (.const:$P$T0$1)
                  2001c9f4    0000002c     network_relater_fns.obj (.const:$P$T1$2)
                  2001ca20    0000002b     parse_uploads.obj (.const:.string)
                  2001ca4b    00000001     --HOLE-- [fill = 0]
                  2001ca4c    00000028     mt9d111.obj (.const:$P$T3$4)
                  2001ca74    00000028     rtsv7M4_T_le_eabi.lib : xfdint.obj (.const)
                  2001ca9c    00000028                           : xfsin.obj (.const)
                  2001cac4    00000028     simplelink.a : netapp.obj (.const)
                  2001caec    00000025     camera_app.obj (.const:.string:$P$T1$2)
                  2001cb11    00000022     network_relater_fns.obj (.const:.string:$P$T0$1)
                  2001cb33    00000001     --HOLE-- [fill = 0]
                  2001cb34    0000001c     rtsv7M4_T_le_eabi.lib : tanf.obj (.const)
                  2001cb50    0000001c                           : xfexp.obj (.const)
                  2001cb6c    00000018     driverlib.a : spi.obj (.const)
                  2001cb84    00000017     request.obj (.const:.string)
                  2001cb9b    00000016     collect_and_txit.obj (.const:.string)
                  2001cbb1    00000014     network_relater_fns.obj (.const)
                  2001cbc5    00000003     --HOLE-- [fill = 0]
                  2001cbc8    00000014     simplelink.a : device.obj (.const)
                  2001cbdc    0000000b     app_common.obj (.const:.string)
                  2001cbe7    00000008     lightSens_isl29035.obj (.const:.string)
                  2001cbef    00000001     --HOLE-- [fill = 0]
                  2001cbf0    00000008     simplelink.a : netcfg.obj (.const)

.cinit     0    2001cbf8    00000bf0     
                  2001cbf8    00000bcc     (.cinit..data.load) [load image, compression = rle]
                  2001d7c4    0000000c     (__TI_handler_table)
                  2001d7d0    00000008     (.cinit..bss.load) [load image, compression = zero_init]
                  2001d7d8    00000010     (__TI_cinit_table)

.init_array 
*          0    20004000    00000000     UNINITIALIZED

.bss       0    2001e000    00015de8     UNINITIALIZED
                  2001e000    00014000     main.obj (.bss:g_image_buffer)
                  20032000    00000b58     tasks.obj (.bss:thisMagBuffer)
                  20032b58    00000418     wifi_provisioning_thruAPmode.obj (.bss:thisMagCal)
                  20032f70    00000058     tasks.obj (.bss:thisMag)
                  20032fc8    00000034     cc3200_client_state.obj (.bss:clientStateFileName)
                  20032ffc    00000004     (.common:Elapsed_100MilliSecs)
                  20033000    00000400     udma_if.obj (.bss:gpCtlTbl)
                  20033400    00000370     main.obj (.bss:g_NetEntries)
                  20033770    00000120     rtsv7M4_T_le_eabi.lib : trgmsg.obj (.bss:__CIOBUF_)
                  20033890    00000100     udma_if.obj (.bss:gfpAppCallbackHndl)
                  20033990    000000c8     free_rtos.a : tasks.obj (.bss:pxReadyTasksLists)
                  20033a58    000000ac     tasks.obj (.bss:thisSV_6DOF_GB_BASIC)
                  20033b04    000000a0     rtsv7M4_T_le_eabi.lib : defs.obj (.bss:__TI_tmpnams)
                  20033ba4    00000050     free_rtos.a : queue.obj (.bss:xQueueRegistry)
                  20033bf4    00000034     main.obj (.bss:g_cWlanSecurityKey)
                  20033c28    00000034     tasks.obj (.bss:thisAccel)
                  20033c5c    00000024     main.obj (.bss:g_cWlanSSID)
                  20033c80    00000024     main.obj (.bss:g_ucConnectionSSID)
                  20033ca4    0000001c     rtsv7M4_T_le_eabi.lib : vla_alloc.obj (.bss)
                  20033cc0    00000014     (.common:g_flag_blockFull)
                  20033cd4    00000014     (.common:xDelayedTaskList1)
                  20033ce8    00000014     (.common:xDelayedTaskList2)
                  20033cfc    00000014     (.common:xPendingReadyList)
                  20033d10    00000014     (.common:xSuspendedTaskList)
                  20033d24    00000014     (.common:xTasksWaitingTermination)
                  20033d38    00000010     (.common:ang_buf)
                  20033d48    00000010     (.common:globals)
                  20033d58    00000010     (.common:mqxglobals)
                  20033d68    0000000c     (.common:g_SecParams)
                  20033d74    00000008     (.common:g_ucConnectionBSSID)
                  20033d7c    00000008     (.common:parmbuf)
                  20033d84    00000004     (.common:__Errorlog)
                  20033d88    00000004     (.common:angle_avg)
                  20033d8c    00000004     (.common:angle_min)
                  20033d90    00000004     (.common:angle_reading_del1)
                  20033d94    00000004     (.common:angle_reading_del2)
                  20033d98    00000004     (.common:angle_reading_del3)
                  20033d9c    00000004     (.common:angle_reading_del4)
                  20033da0    00000004     (.common:dataBuffer)
                  20033da4    00000004     (.common:g_block_lastFilled)
                  20033da8    00000004     (.common:g_cWlanSecurityType)
                  20033dac    00000004     (.common:g_frame_size_in_bytes)
                  20033db0    00000004     (.common:g_header_length)
                  20033db4    00000004     (.common:g_position_in_block)
                  20033db8    00000004     (.common:g_readHeader)
                  20033dbc    00000004     (.common:g_total_dma_intrpts)
                  20033dc0    00000004     (.common:g_ulAppStatus)
                  20033dc4    00000004     (.common:gdoor_40deg_angle)
                  20033dc8    00000004     (.common:gdoor_90deg_angle)
                  20033dcc    00000004     (.common:pxDelayedTaskList)
                  20033dd0    00000004     (.common:pxOverflowDelayedTaskList)
                  20033dd4    00000001     (.common:avg_buffer_cnt)
                  20033dd5    00000001     (.common:checkForLight_Flag)
                  20033dd6    00000001     (.common:cnt_prakz2)
                  20033dd7    00000001     (.common:g_dma_txn_done)
                  20033dd8    00000001     (.common:g_flag_DataBlockFilled)
                  20033dd9    00000001     (.common:g_flag_door_closing_45degree)
                  20033dda    00000001     (.common:g_frame_end)
                  20033ddb    00000001     (.common:g_ucAngle40)
                  20033ddc    00000001     (.common:g_ucAngle90)
                  20033ddd    00000001     (.common:g_ucCalibration)
                  20033dde    00000001     (.common:g_ucConfig)
                  20033ddf    00000001     (.common:g_ucExitButton)
                  20033de0    00000001     (.common:g_ucMagCalb)
                  20033de1    00000001     (.common:g_ucProfileAdded)
                  20033de2    00000001     (.common:gdoor_dirCW)
                  20033de3    00000001     (.common:ginvalid_angle_entry)
                  20033de4    00000001     (.common:iDone)
                  20033de5    00000001     (.common:isitfirsttime)
                  20033de6    00000001     (.common:open1_close0_invalid2)
                  20033de7    00000001     (.common:valid_case)

.TI.noinit 
*          0    2001e000    00000000     UNINITIALIZED

.sysmem    0    20033de8    00005000     UNINITIALIZED
                  20033de8    00000008     rtsv7M4_T_le_eabi.lib : memory.obj (.sysmem)
                  20033df0    00004ff8     --HOLE--


LINKER GENERATED COPY TABLES

__TI_cinit_table @ 2001d7d8 records: 2, size/record: 8, table size: 16
	.data: load addr=2001cbf8, load size=00000bcc bytes, run addr=20000000, run size=0000165c bytes, compression=rle
	.bss: load addr=2001d7d0, load size=00000008 bytes, run addr=2001e000, run size=00015de8 bytes, compression=zero_init


LINKER GENERATED HANDLER TABLE

__TI_handler_table @ 2001d7c4 records: 3, size/record: 4, table size: 12
	index: 0, handler: __TI_decompress_rle24
	index: 1, handler: __TI_decompress_none
	index: 2, handler: __TI_zero_init


GLOBAL SYMBOLS: SORTED ALPHABETICALLY BY Name 

address   name                                  
-------   ----                                  
2000b911  AccessPtMode_HTTPServer_Start         
2000e0a1  AnalogGainReg_Read                    
2000f025  ApplyAccelHAL                         
2000f031  ApplyMagHAL                           
2001a911  C$$EXIT                               
20019bef  C$$IO$$                               
2000e005  CCMRegs_Read                          
2001bb43  CPUcpsie                              
2000b879  CalibrateMagSensor                    
2000a8c7  CamControllerInit                     
2001b581  CameraCaptureStart                    
2001ac89  CameraCaptureStop                     
2001ba51  CameraDMAEnable                       
2001b43d  CameraIntClear                        
2001b1a1  CameraIntEnable                       
2001ba67  CameraIntRegister                     
2001b351  CameraIntStatus                       
2001ae83  CameraParamsConfig                    
2001b947  CameraReset                           
2000dc11  CameraSensorInit                      
2001b3f1  CameraThresholdSet                    
2001acc3  CameraXClkConfig                      
2000a34b  CaptureAndStore_Image                 
2000a5cd  CaptureinRAM                          
2000a6a1  CaptureinRAM_StoreAfterCapture_Image  
20016b39  Check_I2CDevices                      
20013f11  ClearTerm                             
2000b7b9  CollectAngle                          
200143ed  CollectTxit_ImgTempRH                 
20011645  Config_And_Start_CameraCapture        
200095db  ConfigureMode                         
200093a7  ConfigureSimpleLinkToDefaultState     
20009645  ConnectToNetwork                      
20009725  ConnectToNetwork_STA                  
20011f47  ConstructDeviceStateObject            
2001b891  CopyPingResultsToReport               
20013371  CreateFile_Flash                      
200013ec  DMAMsgQ                               
20014a0d  DMASetupTransfer                      
20001644  DigiCertHighAssuranceEVRootCA_der_len 
2000e035  DigitalGainRegs_Read                  
200148d3  DmaErrorIntHandler                    
2001b1cd  DmaSpiSwIntHandler                    
200148c1  DmaSwIntHandler                       
20032ffc  Elapsed_100MilliSecs                  
2000e3f1  EnterStandby_mt9d111                  
20013f17  Error                                 
2000e42d  ExitStandby_mt9d111                   
2000d8b5  FXOS8700CQ_Init                       
2000d989  FXOS8700CQ_Mag_Calibration            
20014d6d  FXOS8700_Init                         
20014def  FXOS8700_ReadData                     
2000ec37  Fusion_Init                           
2000ed69  Fusion_Run                            
2001ae15  GPIODirModeSet                        
2001b95f  GPIOPinRead                           
2001b691  GPIOPinWrite                          
20013f4b  GetCmd                                
20018025  Get_BatteryPercent                    
2001b62b  Get_BatteryVoltageLevel_ADC081C021    
20016275  HIBernate                             
20012a1d  HOSTclock                             
200129e5  HOSTclose                             
200129a7  HOSTgetenv                            
2001294b  HOSTlseek                             
200128f9  HOSTopen                              
200128ad  HOSTread                              
2001284f  HOSTrename                            
20012815  HOSTtime                              
200127dd  HOSTunlink                            
20012791  HOSTwrite                             
2001378b  I2CBufferRead                         
20013877  I2CBufferWrite                        
2001376d  I2CInit                               
2001bbd1  I2CMasterControl                      
2001bc5d  I2CMasterDataGet                      
2001ba7d  I2CMasterDataPut                      
2001ba93  I2CMasterEnable                       
2001b1f9  I2CMasterErr                          
20018f71  I2CMasterInitExpClk                   
2001bbe3  I2CMasterIntClearEx                   
2001b751  I2CMasterIntStatusEx                  
2001b5a3  I2CMasterSlaveAddrSet                 
2001bbf5  I2CMasterTimeoutSet                   
20014bcd  I2C_IF_Close                          
20014ba3  I2C_IF_Open                           
20014b1d  I2C_IF_Read                           
20014b83  I2C_IF_ReadFrom                       
20014abb  I2C_IF_Write                          
20013ed9  InitTerm                              
20011e95  InitialiseParse                       
20009365  InitializeUserConfigVariables         
20018235  IntDisable                            
200182dd  IntEnable                             
2001971d  IntHandler_100mSecTimer               
2001bcc5  IntMasterEnable                       
20019fa5  IntPendClear                          
2001a209  IntPrioritySet                        
2001b6b1  IntRegister                           
2001b461  IntUnregister                         
2001bb59  IntVTableBaseSet                      
2001ae4d  IsLightOff                            
2000e121  JPEGDataLength_read                   
20000000  JPEG_StdHuffmanTbl                    
20001444  JPEG_StdQuantTblC                     
20001484  JPEG_StdQuantTblY                     
2000dfdd  JpegConfigReg_Read                    
2001732f  LED_Blink                             
20017395  LED_Off                               
2001738b  LED_On                                
2000dde7  LL_Configs                            
2001bcd7  MT9D111Delay                          
2000eeb5  MagCal_Run                            
200114f1  Main_Task                             
2001159b  Main_Task_withHibernate               
20013ef7  Message                               
2001bc3d  NwpMaskInterrupt                      
2001ab5d  NwpPowerOff                           
2001b025  NwpPowerOn                            
20019079  NwpPowerOnPreamble                    
2001b5c5  NwpRegisterInterruptHandler           
2001bc89  NwpUnMaskInterrupt                    
2000e0dd  PCLK_Rate_read                        
20015db1  PRCMCC3200MCUInit                     
2001baa9  PRCMHIBRegRead                        
2001babf  PRCMHIBRegWrite                       
2001b979  PRCMHibernateEnter                    
20018c45  PRCMHibernateIntervalSet              
20019a21  PRCMHibernateWakeUpGPIOSelect         
2001a649  PRCMHibernateWakeupSourceDisable      
2001a691  PRCMHibernateWakeupSourceEnable       
2001b379  PRCMPeripheralClkDisable              
2001ab99  PRCMPeripheralClkEnable               
200187c9  PRCMPeripheralClockGet                
20019ffd  PRCMPeripheralReset                   
2001aeb9  PRCMPeripheralStatusGet               
2001b225  PRCMSysResetCauseGet                  
20018ccd  PinConfigSet                          
2001a9dd  PinModeSet                            
20016c3d  PinMuxConfig                          
2001b8ab  PinTypeCamera                         
2001b055  PinTypeGPIO                           
2001b7e7  PinTypeI2C                            
2001b8c5  PinTypeUART                           
2000b219  ProvisioningAP                        
2000ec19  RdSensData_Init                       
2000ec55  RdSensData_Run                        
2000de1f  ReadAllAEnAWBRegs                     
2001348b  ReadFile_FromFlash                    
2000e19b  ReadMCUBootModeReg                    
2000e229  Refresh_mt9d111Firmware               
2000ddc1  RegStatusRead                         
20013ff5  Report                                
2001bc79  ResetISR                              
2000e16d  ResetImageSensorMCU                   
UNDEFED   SHT$$INIT_ARRAY$$Base                 
UNDEFED   SHT$$INIT_ARRAY$$Limit                
2001bc4d  SL_FD_SET                             
2001bcdd  SL_FD_ZERO                            
2001b991  SPICSDisable                          
2001b9a9  SPICSEnable                           
2001842d  SPIConfigSetExpClk                    
2001b9c1  SPIDisable                            
2001b8df  SPIDmaDisable                         
2001b8f9  SPIDmaEnable                          
2001b9d9  SPIEnable                             
2001b913  SPIFIFODisable                        
2001b92d  SPIFIFOEnable                         
2001aeed  SPIFIFOLevelSet                       
2001a6d9  SPIIntClear                           
2001a355  SPIIntEnable                          
2001b5e7  SPIReset                              
2001b609  SPIWordCountSet                       
200015a0  SecurityParams                        
20014951  SetupTransfer                         
2000e065  ShutterRegs_Read                      
20009f27  SimpleLinkHttpServerCallback          
20009a79  SimpleLinkNetAppEventHandler          
20009af9  SimpleLinkSockEventHandler            
20009941  SimpleLinkWlanEventHandler            
2000e1b5  SoftReset_ImageSensor                 
2000a325  Standby_ImageSensor                   
2000dc19  StartSensorInJpegMode                 
20011531  Test_Task                             
2001a8cd  TimerConfigure                        
2001b76f  TimerDisable                          
2001b78d  TimerEnable                           
2001bc07  TimerIntClear                         
2001b9f1  TimerIntDisable                       
2001ba09  TimerIntEnable                        
20019791  TimerIntRegister                      
2001b7ab  TimerIntStatus                        
20019a89  TimerIntUnregister                    
2001b2a9  TimerLoadSet                          
2001b2d3  TimerPrescaleSet                      
2001b803  TimerValueGet                         
20018409  Timer_IF_DeInit                       
20018421  Timer_IF_GetCount                     
20018385  Timer_IF_Init                         
200183af  Timer_IF_IntSetup                     
200183e1  Timer_IF_InterruptClear               
2001b2a9  Timer_IF_ReLoad                       
200183f5  Timer_IF_Start                        
2001b76f  Timer_IF_Stop                         
20001318  Token                                 
20013fab  TrimSpace                             
2001bad5  UARTCharGet                           
2001b7c9  UARTCharPut                           
200195bd  UARTConfigSetExpClk                   
2001b085  UARTDisable                           
2001b485  UARTEnable                            
20014929  UDMAChannelSelect                     
200149f9  UDMADeInit                            
200148df  UDMAInit                              
20014989  UDMASetupAutoMemTransfer              
200149af  UDMASetupPingPongTransfer             
2001b859  UDMAStopTransfer                      
20011eab  UploadImageToParse                    
20011ee7  UploadSensorDataToParse               
2001154b  UserConfigure_Task                    
2000ba31  User_Configure                        
2001bce3  UtilsDelay                            
2000fcb9  VDeleteSimpleLinkSpawnTask            
2000fc69  VStartSimpleLinkSpawnTask             
2000137c  Value                                 
2000e245  Variable_Read                         
2000e1e1  Verify_ImageSensor                    
2000a33f  Wakeup_ImageSensor                    
2000b555  WiFiProvisioning                      
2000de03  WriteAllAEnAWBRegs                    
200133c5  WriteFile_ToFlash                     
2001b327  _Dclass                               
200011c0  _Denorm                               
20017b0d  _Dint                                 
20017bcd  _Dnorm                                
20016819  _Dscale                               
20019c29  _Dunscale                             
200011d0  _Eps                                  
2000164c  _Errno                                
20013571  _Exp                                  
20017579  _FAtan                                
200012b0  _FDenorm                              
20018a15  _FDint                                
20019361  _FDnorm                               
20017651  _FDscale                              
2001a1b3  _FDunscale                            
200012c0  _FEps                                 
2001505d  _FExp                                 
200012d0  _FInf                                 
20013d1d  _FLog                                 
200012e0  _FNan                                 
20001300  _FRteps                               
2001458d  _FSin                                 
200012f0  _FSnan                                
20001310  _FXbig                                
20001314  _FZero                                
20001634  _Fenv                                 
2001b0e5  _Feraise                              
200011e0  _Hugeval                              
200011f0  _Inf                                  
20014be5  _LAtan                                
20001240  _LDenorm                              
20001250  _LEps                                 
20001260  _LInf                                 
20001270  _LNan                                 
20001290  _LRteps                               
20001280  _LSnan                                
200012a0  _LXbig                                
200012a8  _LZero                                
200124ad  _Log                                  
20001200  _Nan                                  
20001220  _Rteps                                
2001c984  _SlAcceptCmdCtrl                      
2001c6f8  _SlActionLookupTable                  
2001117d  _SlAsyncEventGenericHandler           
2001cbd4  _SlDeviceGetCmdCtrl                   
2001cbd8  _SlDeviceSetCmdCtrl                   
2001af21  _SlDrvBasicCmd                        
20018569  _SlDrvClassifyRxMsg                   
20018ff5  _SlDrvCmdOp                           
2001b6d1  _SlDrvCmdSend                         
20015349  _SlDrvDataReadOp                      
20016149  _SlDrvDataWriteOp                     
2001b6f1  _SlDrvDeviceEventHandler              
2001a055  _SlDrvDriverCBDeinit                  
200190f9  _SlDrvDriverCBInit                    
2001b251  _SlDrvFlowContDeinit                  
2001b27d  _SlDrvFlowContInit                    
20010295  _SlDrvMsgRead                         
20017ebd  _SlDrvMsgReadCmdCtx                   
20018985  _SlDrvMsgReadSpawnCtx                 
200164cd  _SlDrvMsgWrite                        
20017f71  _SlDrvNetAppEventHandler              
2001b821  _SlDrvObjDeInit                       
2001abd5  _SlDrvObjInit                         
20016f35  _SlDrvReleasePoolObj                  
200158bd  _SlDrvRxHdrRead                       
2001aa1d  _SlDrvRxIrqHandler                    
2001baeb  _SlDrvShiftDWord                      
200165ed  _SlDrvWaitForPoolObj                  
2001cbd0  _SlEventMaskGetCmdCtrl                
2001cbcc  _SlEventMaskSetCmdCtrl                
20018601  _SlFindAndSetActiveObj                
2001c8c4  _SlFsCloseCmdCtrl                     
2001c8d4  _SlFsDeleteCmdCtrl                    
2001c8d0  _SlFsGetInfoCmdCtrl                   
2001c8c0  _SlFsOpenCmdCtrl                      
2001c8c8  _SlFsReadCmdCtrl                      
2001c8cc  _SlFsWriteCmdCtrl                     
2001cadc  _SlGetHostByNameCtrl                  
2001cad8  _SlGetHostByServiceCtrl               
2001cad0  _SlGetServiceListeCtrl                
2001c990  _SlGetSockOptCmdCtrl                  
2001c980  _SlListenCmdCtrl                      
2001cae8  _SlNetAppGetCmdCtrl                   
2001cae4  _SlNetAppSendTokenValueCmdCtrl        
2001cae0  _SlNetAppSetCmdCtrl                   
2001cac8  _SlNetAppStartCtrl                    
2001cacc  _SlNetAppStopCtrl                     
2001cbf4  _SlNetCfgGetCmdCtrl                   
2001cbf0  _SlNetCfgSetCmdCtrl                   
2001c050  _SlPolicyGetCmdCtrl                   
2001c04c  _SlPolicySetCmdCtrl                   
2001c058  _SlProfileDelCmdCtrl                  
2001c054  _SlProfileGetCmdCtrl                  
2001c988  _SlRecvCmdCtrl                        
2001c978  _SlRecvfomCmdCtrl                     
2001cad4  _SlRegisterServiceCtrl                
2001a721  _SlRemoveFromList                     
2001c060  _SlRxFilterAddtCmdCtrl                
2001c068  _SlRxFilterGetCmdCtrl                 
2001c064  _SlRxFilterSetCmdCtrl                 
2001c994  _SlSelectCmdCtrl                      
2001c97c  _SlSendCmdCtrl                        
2001c98c  _SlSetSockOptCmdCtrl                  
2001c06c  _SlSmartConfigStartCmdCtrl            
2001c974  _SlSockCloseCmdCtrl                   
2001c970  _SlSockSocketCmdCtrl                  
2001cbc8  _SlStopCmdCtrl                        
2001c078  _SlWlanCfgGetCmdCtrl                  
2001c074  _SlWlanCfgSetCmdCtrl                  
2001c05c  _SlWlanGetNetworkListCtrl             
2001c070  _SlWlanSetModeCmdCtrl                 
20001210  _Snan                                 
20001638  _Tls_setup__Fenv                      
20001230  _Xbig                                 
20001238  _Zero                                 
20033770  __CIOBUF_                             
20004000  __STACK_END                           
00001000  __STACK_SIZE                          
00005000  __SYSMEM_SIZE                         
2001d7d8  __TI_CINIT_Base                       
2001d7e8  __TI_CINIT_Limit                      
2001d7c4  __TI_Handler_Table_Base               
2001d7d0  __TI_Handler_Table_Limit              
200198dd  __TI_auto_init                        
20013c21  __TI_cleanup                          
2000162c  __TI_cleanup_ptr                      
20018699  __TI_closefile                        
2001bc6b  __TI_decompress_none                  
2001bce9  __TI_decompress_rle24                 
200178b9  __TI_doflush                          
20001630  __TI_dtors_ptr                        
200015f4  __TI_ft_end                           
2000905d  __TI_printfi                          
200181eb  __TI_rd_ok                            
20019bf3  __TI_readmsg                          
2001cbf8  __TI_static_base__                    
20033b04  __TI_tmpnams                          
20019bc1  __TI_writemsg                         
20018189  __TI_wrt_ok                           
2001bc95  __TI_zero_init                        
2001bd01  __abort_execution                     
20018e65  __aeabi_cdcmpeq                       
20018e65  __aeabi_cdcmple                       
20018eeb  __aeabi_cdrcmple                      
20019e85  __aeabi_cfcmpeq                       
20019e85  __aeabi_cfcmple                       
20019ee5  __aeabi_cfrcmple                      
2001a5ff  __aeabi_d2f                           
2001a769  __aeabi_d2iz                          
2001a955  __aeabi_d2uiz                         
2001409b  __aeabi_dadd                          
20015c79  __aeabi_ddiv                          
20016d3d  __aeabi_dmul                          
20014091  __aeabi_dsub                          
2001ad35  __aeabi_f2d                           
2001ad6d  __aeabi_f2iz                          
2001af89  __aeabi_f2uiz                         
2001a305  __aeabi_f2ulz                         
20016e3d  __aeabi_fadd                          
200188f1  __aeabi_fdiv                          
2001926d  __aeabi_fmul                          
20016e39  __aeabi_fsub                          
2001b145  __aeabi_i2d                           
2001ada5  __aeabi_i2f                           
200192e7  __aeabi_memclr                        
200192e7  __aeabi_memclr4                       
200192e7  __aeabi_memclr8                       
200184cd  __aeabi_memcpy                        
200184cd  __aeabi_memcpy4                       
200184cd  __aeabi_memcpy8                       
200192e9  __aeabi_memset                        
200192e9  __aeabi_memset4                       
200192e9  __aeabi_memset8                       
20001600  __aeabi_stderr                        
200015f8  __aeabi_stdin                         
200015fc  __aeabi_stdout                        
2001b731  __aeabi_ui2d                          
2001b4cd  __aeabi_ui2f                          
20013965  __aeabi_uldivmod                      
ffffffff  __binit__                             
ffffffff  __c_args__                            
20003000  __stack                               
20012b6d  __vla_alloc                           
20012a65  __vla_dealloc                         
20012aed  __vla_dealloc_eh                      
2001ba21  _args_main                            
2001ac11  _c_int00                              
2001be44  _ctypes_                              
20000f50  _ftable                               
20001624  _lock                                 
2001bb7b  _nop                                  
2001bb73  _register_lock                        
2001bb6d  _register_unlock                      
2001b2fd  _sl_BuildAddress                      
20019af1  _sl_GetCreateFsMode                   
2001a5b5  _sl_GetStartResponseConvert           
20019c91  _sl_HandleAsync_Accept                
20019b59  _sl_HandleAsync_Connect               
20019455  _sl_HandleAsync_DnsGetHostByName      
20019cf5  _sl_HandleAsync_DnsGetHostByService   
20019635  _sl_HandleAsync_InitComplete          
200194cd  _sl_HandleAsync_PingResponse          
2001a0ad  _sl_HandleAsync_Select                
2001a25d  _sl_HandleAsync_Stop                  
2001bb01  _sl_Strlen                            
20019871  _sl_TruncatePayloadByProtocol         
20033de8  _sys_memory                           
2001bd05  _system_pre_init                      
20001628  _unlock                               
2001a915  abort                                 
20017c8d  acosf                                 
200157e7  addHttpRequestHeader                  
2001580d  addHttpRequestHeaderInt               
2001576d  addHttpRequestLine                    
20012401  add_device                            
20033d38  ang_buf                               
2000feef  angleCheck                            
2000fe4d  angleCheck_Initializations            
20033d88  angle_avg                             
20033d8c  angle_min                             
20033d90  angle_reading_del1                    
20033d94  angle_reading_del2                    
20033d98  angle_reading_del3                    
20033d9c  angle_reading_del4                    
200154b5  atan2l                                
2001a3a1  atoi                                  
20033dd4  avg_buffer_cnt                        
200157ab  beginHttpGetRequest                   
2001579f  beginHttpRequest                      
ffffffff  binit                                 
2000e52d  buildRequestHeaders                   
20010a2d  calloc                                
20033dd5  checkForLight_Flag                    
20010a61  check_doorpos                         
2000d851  clearAccelMotionIntrpt                
20032fc8  clientStateFileName                   
200123b1  close                                 
200015ec  cnt                                   
20033dd6  cnt_prakz2                            
2000d331  configureFXOS8700                     
20013155  configureISL29035                     
2001476f  configureTempRHSensor                 
2001a3ed  copy_in                               
2000afc9  createAndWrite_ImageHeaderFile        
2001193b  createInstallation                    
2000f6b1  createNewInstallationId               
2000bb41  create_AngleValuesFile                
2000b119  create_JpegImageFile                  
20033da0  dataBuffer                            
200015f0  dataBufferSize                        
2000df5d  disableAE                             
2000decb  disableAWB                            
200072f5  eTaskGetState                         
2000cb45  eigencompute                          
2000df19  enableAE                              
2000de8d  enableAWB                             
20017e05  ensureCertificateFile                 
2001a91d  exit                                  
20004693  f3DOFMagnetometerMatrixAndroid        
2000462f  f3DOFMagnetometerMatrixNED            
20004693  f3DOFMagnetometerMatrixWin8           
20004401  f3DOFTiltAndroid                      
20004401  f3DOFTiltNED                          
20004507  f3DOFTiltWin8                         
2000c90b  f3x3matrixAeqAxScalar                 
2000c88d  f3x3matrixAeqI                        
2000c969  f3x3matrixAeqInvSymB                  
2000c93f  f3x3matrixAeqMinusA                   
2000c8e7  f3x3matrixAeqScalar                   
2000caaf  f3x3matrixDetA                        
20004f7d  fAndroidAnglesDegFromRotationMatrix   
20005d7d  fInitMagCalibration                   
200151d5  fInit_6DOF_GB_BASIC                   
20006151  fInvertMagCal                         
200057b1  fLPFOrientationQuaternion             
200058e5  fLPFScalar                            
20004ed9  fNEDAnglesDegFromRotationMatrix       
200052bd  fQuaternionFromRotationMatrix         
2000515d  fQuaternionFromRotationVectorDeg      
20005409  fRotationMatrixFromQuaternion         
2000570b  fRotationVectorDegFromQuaternion      
20005535  fRotationVectorDegFromRotationMatrix  
20015229  fRun_6DOF_GB_BASIC                    
20006a65  fUpdateCalibration10EIG               
20006237  fUpdateCalibration4INV                
200066b5  fUpdateCalibration7EIG                
20005021  fWin8AnglesDegFromRotationMatrix      
20012d3d  facos_deg                             
20012cfd  fasin_deg                             
20012e49  fatan2_deg                            
20012ec5  fatan_15deg                           
20012dbb  fatan_deg                             
200186ff  fclose                                
2000499f  feCompassAndroid                      
20004701  feCompassNED                          
20004c39  feCompassWin8                         
2001af55  feraiseexcept                         
2000f661  fetchDeviceOSVersion                  
20017905  fflush                                
20011dff  findSecondJson                        
20010cb5  find_door_direction                   
20000dc9  flag                                  
2000c8b9  fmatrixAeqI                           
2000cf21  fmatrixAeqInvA                        
2000d103  fmatrixAeqRenormRotA                  
20015b3d  fmodf                                 
20013c77  fopen                                 
20019951  fprintf                               
20018731  fputc                                 
20015ee5  fputs                                 
20005d63  fqAeq1                                
20005c9f  fqAeqNormqA                           
2001077b  free                                  
20013c4d  freopen                               
2001b64d  frexp                                 
20019d59  fseek                                 
2000fec9  fxosDefault_Initializations           
2000ff0f  fxos_Calibration                      
20010043  fxos_calibrate                        
200100a1  fxos_get_initialYaw                   
2000ff59  fxos_main                             
2000ffbf  fxos_main_waitfor40degrees            
20010129  fxos_waitFor40Degrees                 
20000dd0  gFirstCmdMode                         
2001c6f0  g_H2NCnysPattern                      
2001c6e8  g_H2NSyncPattern                      
200015c0  g_MainTaskHandle                      
20033400  g_NetEntries                          
20033d68  g_SecParams                           
200013e0  g_SpiFd                               
20000dd8  g_StatMem                             
200015bc  g_UserConfigTaskHandle                
20033da4  g_block_lastFilled                    
200013f0  g_cDummy                              
20033c5c  g_cWlanSSID                           
20033bf4  g_cWlanSecurityKey                    
20033da8  g_cWlanSecurityType                   
2001cb84  g_deviceClientVersion                 
20033dd8  g_flag_DataBlockFilled                
20033cc0  g_flag_blockFull                      
20033dd9  g_flag_door_closing_45degree          
20033dda  g_frame_end                           
20033dac  g_frame_size_in_bytes                 
20000600  g_header                              
20033db0  g_header_length                       
2001e000  g_image_buffer                        
200015c4  g_osVersion                           
20000dd4  g_pCB                                 
200013e4  g_pHostIntHdl                         
20004000  g_pfnVectors                          
20033db4  g_position_in_block                   
20033db8  g_readHeader                          
20001504  g_token_get                           
20033ddb  g_ucAngle40                           
20033ddc  g_ucAngle90                           
20033ddd  g_ucCalibration                       
20033dde  g_ucConfig                            
200015bb  g_ucConfigsDone                       
200015b8  g_ucConnectedToConfAP                 
20033d74  g_ucConnectionBSSID                   
20033c80  g_ucConnectionSSID                    
200013e8  g_ucDMAEnabled                        
200013f4  g_ucDinDout                           
20033ddf  g_ucExitButton                        
20033de0  g_ucMagCalb                           
200015ba  g_ucPriority                          
20033de1  g_ucProfileAdded                      
200015b9  g_ucProvisioningDone                  
200015b4  g_uiSimplelinkRole                    
20033dc0  g_ulAppStatus                         
200015b0  g_ulGatewayIP                         
20001620  g_ulPingPacketsRecv                   
200015ac  g_ulStatus                            
20033dc4  gdoor_40deg_angle                     
20033dc8  gdoor_90deg_angle                     
20033de2  gdoor_dirCW                           
2000d6b7  getAccelerationMagnitude              
2000d54f  getDoorDirection                      
20015845  getHttpResponseBody                   
2001581b  getHttpResponseStatus                 
20011983  getInstallation                       
20018ddb  getInternalClient                     
20013265  getLightsensor_data                   
20013291  getLightsensor_intrptStatus           
2000d633  getMagnFlux_3axis                     
20011e31  getPushJson                           
2001479b  getTempRH                             
2000ff3b  get_angle                             
20033890  gfpAppCallbackHndl                    
20033de3  ginvalid_angle_entry                  
20033d48  globals                               
20033000  gpCtlTbl                              
2000e759  headerSend                            
20016929  i2cReadRegisters                      
200169d1  i2cReadRegistersTwoBytes              
2001696b  i2cWriteRegisters                     
20033de4  iDone                                 
20005e3d  iUpdateMagnetometerBuffer             
2000980f  initNetwork                           
[...]
20017ebd  _SlDrvMsgReadCmdCtx                   
20017f71  _SlDrvNetAppEventHandler              
20018025  Get_BatteryPercent                    
200180d9  sl_Send                               
20018189  __TI_wrt_ok                           
200181eb  __TI_rd_ok                            
20018235  IntDisable                            
200182dd  IntEnable                             
20018385  Timer_IF_Init                         
200183af  Timer_IF_IntSetup                     
200183e1  Timer_IF_InterruptClear               
200183f5  Timer_IF_Start                        
20018409  Timer_IF_DeInit                       
20018421  Timer_IF_GetCount                     
2001842d  SPIConfigSetExpClk                    
200184cd  __aeabi_memcpy                        
200184cd  __aeabi_memcpy4                       
200184cd  __aeabi_memcpy8                       
200184cd  memcpy                                
20018569  _SlDrvClassifyRxMsg                   
20018601  _SlFindAndSetActiveObj                
20018699  __TI_closefile                        
200186ff  fclose                                
20018731  fputc                                 
20018731  putc                                  
200187b5  putchar                               
200187c9  PRCMPeripheralClockGet                
2001885d  snprintf                              
200188f1  __aeabi_fdiv                          
20018985  _SlDrvMsgReadSpawnCtx                 
20018a15  _FDint                                
20018aa1  sl_FsRead                             
20018b2d  sl_FsWrite                            
20018bb9  sl_NetAppMDNSRegisterUnregisterService
20018c45  PRCMHibernateIntervalSet              
20018ccd  PinConfigSet                          
20018d55  parseInitialize                       
20018ddb  getInternalClient                     
20018ddd  vsnprintf                             
20018e65  __aeabi_cdcmpeq                       
20018e65  __aeabi_cdcmple                       
20018eeb  __aeabi_cdrcmple                      
20018f71  I2CMasterInitExpClk                   
20018ff5  _SlDrvCmdOp                           
20019079  NwpPowerOnPreamble                    
200190f9  _SlDrvDriverCBInit                    
20019175  sl_DevGet                             
200191f1  sl_FsClose                            
2001926d  __aeabi_fmul                          
200192e7  __aeabi_memclr                        
200192e7  __aeabi_memclr4                       
200192e7  __aeabi_memclr8                       
200192e9  __aeabi_memset                        
200192e9  __aeabi_memset4                       
200192e9  __aeabi_memset8                       
200192ef  memset                                
20019361  _FDnorm                               
20019455  _sl_HandleAsync_DnsGetHostByName      
200194cd  _sl_HandleAsync_PingResponse          
20019545  sl_WlanGet                            
200195bd  UARTConfigSetExpClk                   
20019635  _sl_HandleAsync_InitComplete          
200196a9  spi_Close                             
2001971d  IntHandler_100mSecTimer               
20019735  start_100mSecTimer                    
20019765  stop_100mSecTimer                     
20019791  TimerIntRegister                      
20019801  sl_FsGetInfo                          
20019871  _sl_TruncatePayloadByProtocol         
200198dd  __TI_auto_init                        
20019951  fprintf                               
20019a21  PRCMHibernateWakeUpGPIOSelect         
20019a89  TimerIntUnregister                    
20019af1  _sl_GetCreateFsMode                   
20019b59  _sl_HandleAsync_Connect               
20019bc1  __TI_writemsg                         
20019bef  C$$IO$$                               
20019bf3  __TI_readmsg                          
20019c29  _Dunscale                             
20019c91  _sl_HandleAsync_Accept                
20019cf5  _sl_HandleAsync_DnsGetHostByService   
20019d59  fseek                                 
20019dbd  uDMAChannelAttributeDisable           
20019e21  uDMAChannelAttributeEnable            
20019e85  __aeabi_cfcmpeq                       
20019e85  __aeabi_cfcmple                       
20019ee5  __aeabi_cfrcmple                      
20019f45  sprintf                               
20019fa5  IntPendClear                          
20019ffd  PRCMPeripheralReset                   
2001a055  _SlDrvDriverCBDeinit                  
2001a0ad  _sl_HandleAsync_Select                
2001a105  sl_NetAppSendTokenValue               
2001a15d  ltoa                                  
2001a1b3  _FDunscale                            
2001a209  IntPrioritySet                        
2001a25d  _sl_HandleAsync_Stop                  
2001a2b1  sl_FsOpen                             
2001a305  __aeabi_f2ulz                         
2001a355  SPIIntEnable                          
2001a3a1  atoi                                  
2001a3ed  copy_in                               
2001a439  srand                                 
2001a44f  rand                                  
2001a485  sl_DevSet                             
2001a4d1  sl_SetSockOpt                         
2001a51d  sl_WlanSet                            
2001a569  uDMAChannelAssign                     
2001a5b5  _sl_GetStartResponseConvert           
2001a5ff  __aeabi_d2f                           
2001a649  PRCMHibernateWakeupSourceDisable      
2001a691  PRCMHibernateWakeupSourceEnable       
2001a6d9  SPIIntClear                           
2001a721  _SlRemoveFromList                     
2001a769  __aeabi_d2iz                          
2001a7b1  sl_FsDel                              
2001a7f9  sl_NetCfgSet                          
2001a841  ldexp                                 
2001a8cd  TimerConfigure                        
2001a911  C$$EXIT                               
2001a915  abort                                 
2001a91d  exit                                  
2001a955  __aeabi_d2uiz                         
2001a999  sl_Recv                               
2001a9dd  PinModeSet                            
2001aa1d  _SlDrvRxIrqHandler                    
2001aa5d  signal                                
2001aa9d  sl_WlanPolicySet                      
2001aadd  sl_WlanRxFilterSet                    
2001ab1d  strncasecmp                           
2001ab5d  NwpPowerOff                           
2001ab99  PRCMPeripheralClkEnable               
2001abd5  _SlDrvObjInit                         
2001ac11  _c_int00                              
2001ac4d  uDMAChannelControlSet                 
2001ac89  CameraCaptureStop                     
2001acc3  CameraXClkConfig                      
2001acfd  pvPortMalloc                          
2001ad1d  vPortFree                             
2001ad35  __aeabi_f2d                           
2001ad6d  __aeabi_f2iz                          
2001ada5  __aeabi_i2f                           
2001addd  sl_Htonl                              
2001ae15  GPIODirModeSet                        
2001ae4d  IsLightOff                            
2001ae83  CameraParamsConfig                    
2001aeb9  PRCMPeripheralStatusGet               
2001aeed  SPIFIFOLevelSet                       
2001af21  _SlDrvBasicCmd                        
2001af55  feraiseexcept                         
2001af89  __aeabi_f2uiz                         
2001afbd  strstr                                
2001aff1  sl_Htons                              
2001b025  NwpPowerOn                            
2001b055  PinTypeGPIO                           
2001b085  UARTDisable                           
2001b0b5  strncpy                               
2001b0e5  _Feraise                              
2001b115  sl_Socket                             
2001b145  __aeabi_i2d                           
2001b173  raise                                 
2001b1a1  CameraIntEnable                       
2001b1cd  DmaSpiSwIntHandler                    
2001b1f9  I2CMasterErr                          
2001b225  PRCMSysResetCauseGet                  
2001b251  _SlDrvFlowContDeinit                  
2001b27d  _SlDrvFlowContInit                    
2001b2a9  TimerLoadSet                          
2001b2a9  Timer_IF_ReLoad                       
2001b2d3  TimerPrescaleSet                      
2001b2fd  _sl_BuildAddress                      
2001b327  _Dclass                               
2001b351  CameraIntStatus                       
2001b379  PRCMPeripheralClkDisable              
2001b3a1  strncat                               
2001b3c9  sl_WlanSetMode                        
2001b3f1  CameraThresholdSet                    
2001b417  strncmp                               
2001b43d  CameraIntClear                        
2001b461  IntUnregister                         
2001b485  UARTEnable                            
2001b4a9  memmove                               
2001b4cd  __aeabi_ui2f                          
2001b4f1  sl_Close                              
2001b4f1  socketClose                           
2001b515  sl_NetAppStart                        
2001b539  sl_NetAppStop                         
2001b55d  sl_WlanProfileDel                     
2001b581  CameraCaptureStart                    
2001b5a3  I2CMasterSlaveAddrSet                 
2001b5c5  NwpRegisterInterruptHandler           
2001b5e7  SPIReset                              
2001b609  SPIWordCountSet                       
2001b62b  Get_BatteryVoltageLevel_ADC081C021    
2001b64d  frexp                                 
2001b66f  memcmp                                
2001b691  GPIOPinWrite                          
2001b6b1  IntRegister                           
2001b6d1  _SlDrvCmdSend                         
2001b6f1  _SlDrvDeviceEventHandler              
2001b711  memchr                                
2001b731  __aeabi_ui2d                          
2001b751  I2CMasterIntStatusEx                  
2001b76f  TimerDisable                          
2001b76f  Timer_IF_Stop                         
2001b78d  TimerEnable                           
2001b7ab  TimerIntStatus                        
2001b7c9  UARTCharPut                           
2001b7e7  PinTypeI2C                            
2001b803  TimerValueGet                         
2001b821  _SlDrvObjDeInit                       
2001b83d  memccpy                               
2001b859  UDMAStopTransfer                      
2001b859  uDMAChannelDisable                    
2001b875  uDMAChannelEnable                     
2001b891  CopyPingResultsToReport               
2001b8ab  PinTypeCamera                         
2001b8c5  PinTypeUART                           
2001b8df  SPIDmaDisable                         
2001b8f9  SPIDmaEnable                          
2001b913  SPIFIFODisable                        
2001b92d  SPIFIFOEnable                         
2001b947  CameraReset                           
2001b95f  GPIOPinRead                           
2001b979  PRCMHibernateEnter                    
2001b991  SPICSDisable                          
2001b9a9  SPICSEnable                           
2001b9c1  SPIDisable                            
2001b9d9  SPIEnable                             
2001b9f1  TimerIntDisable                       
2001ba09  TimerIntEnable                        
2001ba21  _args_main                            
2001ba39  strcmp                                
2001ba51  CameraDMAEnable                       
2001ba67  CameraIntRegister                     
2001ba7d  I2CMasterDataPut                      
2001ba93  I2CMasterEnable                       
2001baa9  PRCMHIBRegRead                        
2001babf  PRCMHIBRegWrite                       
2001bad5  UARTCharGet                           
2001baeb  _SlDrvShiftDWord                      
2001bb01  _sl_Strlen                            
2001bb17  strchr                                
2001bb2d  uDMAIntRegister                       
2001bb43  CPUcpsie                              
2001bb59  IntVTableBaseSet                      
2001bb6d  _register_unlock                      
2001bb73  _register_lock                        
2001bb7b  _nop                                  
2001bb81  strcpy                                
2001bb95  strlen                                
2001bba9  uDMAControlBaseSet                    
2001bbbd  uDMAIntClear                          
2001bbd1  I2CMasterControl                      
2001bbe3  I2CMasterIntClearEx                   
2001bbf5  I2CMasterTimeoutSet                   
2001bc07  TimerIntClear                         
2001bc19  sl_NetAppMDNSUnRegisterService        
2001bc2b  uDMAIntUnregister                     
2001bc3d  NwpMaskInterrupt                      
2001bc4d  SL_FD_SET                             
2001bc5d  I2CMasterDataGet                      
2001bc6b  __TI_decompress_none                  
2001bc79  ResetISR                              
2001bc89  NwpUnMaskInterrupt                    
2001bc95  __TI_zero_init                        
2001bca1  uDMADisable                           
2001bcad  uDMAEnable                            
2001bcb9  uDMAIntStatus                         
2001bcc5  IntMasterEnable                       
2001bccf  sl_WlanDisconnect                     
2001bcd7  MT9D111Delay                          
2001bcdd  SL_FD_ZERO                            
2001bce3  UtilsDelay                            
2001bce9  __TI_decompress_rle24                 
2001bcef  log                                   
2001bcf5  logf                                  
2001bcfb  sinf                                  
2001bd01  __abort_execution                     
2001bd05  _system_pre_init                      
2001be44  _ctypes_                              
2001c04c  _SlPolicySetCmdCtrl                   
2001c050  _SlPolicyGetCmdCtrl                   
2001c054  _SlProfileGetCmdCtrl                  
2001c058  _SlProfileDelCmdCtrl                  
2001c05c  _SlWlanGetNetworkListCtrl             
2001c060  _SlRxFilterAddtCmdCtrl                
2001c064  _SlRxFilterSetCmdCtrl                 
2001c068  _SlRxFilterGetCmdCtrl                 
2001c06c  _SlSmartConfigStartCmdCtrl            
2001c070  _SlWlanSetModeCmdCtrl                 
2001c074  _SlWlanCfgSetCmdCtrl                  
2001c078  _SlWlanCfgGetCmdCtrl                  
2001c6e8  g_H2NSyncPattern                      
2001c6f0  g_H2NCnysPattern                      
2001c6f8  _SlActionLookupTable                  
2001c8c0  _SlFsOpenCmdCtrl                      
2001c8c4  _SlFsCloseCmdCtrl                     
2001c8c8  _SlFsReadCmdCtrl                      
2001c8cc  _SlFsWriteCmdCtrl                     
2001c8d0  _SlFsGetInfoCmdCtrl                   
2001c8d4  _SlFsDeleteCmdCtrl                    
2001c970  _SlSockSocketCmdCtrl                  
2001c974  _SlSockCloseCmdCtrl                   
2001c978  _SlRecvfomCmdCtrl                     
2001c97c  _SlSendCmdCtrl                        
2001c980  _SlListenCmdCtrl                      
2001c984  _SlAcceptCmdCtrl                      
2001c988  _SlRecvCmdCtrl                        
2001c98c  _SlSetSockOptCmdCtrl                  
2001c990  _SlGetSockOptCmdCtrl                  
2001c994  _SlSelectCmdCtrl                      
2001cac8  _SlNetAppStartCtrl                    
2001cacc  _SlNetAppStopCtrl                     
2001cad0  _SlGetServiceListeCtrl                
2001cad4  _SlRegisterServiceCtrl                
2001cad8  _SlGetHostByServiceCtrl               
2001cadc  _SlGetHostByNameCtrl                  
2001cae0  _SlNetAppSetCmdCtrl                   
2001cae4  _SlNetAppSendTokenValueCmdCtrl        
2001cae8  _SlNetAppGetCmdCtrl                   
2001cb84  g_deviceClientVersion                 
2001cbc8  _SlStopCmdCtrl                        
2001cbcc  _SlEventMaskSetCmdCtrl                
2001cbd0  _SlEventMaskGetCmdCtrl                
2001cbd4  _SlDeviceGetCmdCtrl                   
2001cbd8  _SlDeviceSetCmdCtrl                   
2001cbdc  pcDigits                              
2001cbf0  _SlNetCfgSetCmdCtrl                   
2001cbf4  _SlNetCfgGetCmdCtrl                   
2001cbf8  __TI_static_base__                    
2001d7c4  __TI_Handler_Table_Base               
2001d7d0  __TI_Handler_Table_Limit              
2001d7d8  __TI_CINIT_Base                       
2001d7e8  __TI_CINIT_Limit                      
2001e000  g_image_buffer                        
20032000  thisMagBuffer                         
20032b58  thisMagCal                            
20032f70  thisMag                               
20032fc8  clientStateFileName                   
20032ffc  Elapsed_100MilliSecs                  
20033000  gpCtlTbl                              
20033400  g_NetEntries                          
20033770  __CIOBUF_                             
20033890  gfpAppCallbackHndl                    
20033a58  thisSV_6DOF_GB_BASIC                  
20033b04  __TI_tmpnams                          
20033ba4  xQueueRegistry                        
20033bf4  g_cWlanSecurityKey                    
20033c28  thisAccel                             
20033c5c  g_cWlanSSID                           
20033c80  g_ucConnectionSSID                    
20033cc0  g_flag_blockFull                      
20033d38  ang_buf                               
20033d48  globals                               
20033d58  mqxglobals                            
20033d68  g_SecParams                           
20033d74  g_ucConnectionBSSID                   
20033d88  angle_avg                             
20033d8c  angle_min                             
20033d90  angle_reading_del1                    
20033d94  angle_reading_del2                    
20033d98  angle_reading_del3                    
20033d9c  angle_reading_del4                    
20033da0  dataBuffer                            
20033da4  g_block_lastFilled                    
20033da8  g_cWlanSecurityType                   
20033dac  g_frame_size_in_bytes                 
20033db0  g_header_length                       
20033db4  g_position_in_block                   
20033db8  g_readHeader                          
20033dc0  g_ulAppStatus                         
20033dc4  gdoor_40deg_angle                     
20033dc8  gdoor_90deg_angle                     
20033dd4  avg_buffer_cnt                        
20033dd5  checkForLight_Flag                    
20033dd6  cnt_prakz2                            
20033dd8  g_flag_DataBlockFilled                
20033dd9  g_flag_door_closing_45degree          
20033dda  g_frame_end                           
20033ddb  g_ucAngle40                           
20033ddc  g_ucAngle90                           
20033ddd  g_ucCalibration                       
20033dde  g_ucConfig                            
20033ddf  g_ucExitButton                        
20033de0  g_ucMagCalb                           
20033de1  g_ucProfileAdded                      
20033de2  gdoor_dirCW                           
20033de3  ginvalid_angle_entry                  
20033de4  iDone                                 
20033de5  isitfirsttime                         
20033de6  open1_close0_invalid2                 
20033de7  valid_case                            
20033de8  _sys_memory                           
ffffffff  __binit__                             
ffffffff  __c_args__                            
ffffffff  binit                                 
UNDEFED   SHT$$INIT_ARRAY$$Base                 
UNDEFED   SHT$$INIT_ARRAY$$Limit                

[904 symbols]
