******************************************************************************
                  TI ARM Linker PC v5.1.6                      
******************************************************************************
>> Linked Thu May 21 10:53:52 2015

OUTPUT FILE NAME:   <ULP_SEC_CAM.out>
ENTRY POINT SYMBOL: "_c_int00"  address: 20014efd


MEMORY CONFIGURATION

         name            origin    length      used     unused   attr    fill
----------------------  --------  ---------  --------  --------  ----  --------
  SRAM_BOOTLDR          20000000   00004000  0000258c  00001a74  RW X
  SRAM_CODE             20004000   00014000  000135cb  00000a35  RW X
  SRAM_DATA             20018000   00024000  00018cdc  0000b324  RW X


SEGMENT ALLOCATION MAP

run origin  load origin   length   init length attrs members
----------  ----------- ---------- ----------- ----- -------
20000000    20000000    0000158c   00000000    rw-
  20000000    20000000    0000158c   00000000    rw- .data
20003000    20003000    00001000   00000000    rw-
  20003000    20003000    00001000   00000000    rw- .stack
20004000    20004000    000135d0   000135d0    r-x
  20004000    20004000    00000400   00000400    r-- .intvecs
  20004400    20004400    0001187e   0001187e    r-x .text
  20015c80    20015c80    00000d5d   00000d5d    r-- .const
  200169e0    200169e0    00000bf0   00000bf0    r-- .cinit
20018000    20018000    00018ce0   00000000    rw-
  20018000    20018000    00014cdc   00000000    rw- .bss
  2002cce0    2002cce0    00004000   00000000    rw- .sysmem


SECTION ALLOCATION MAP

 output                                  attributes/
section   page    origin      length       input sections
--------  ----  ----------  ----------   ----------------
.init_array 
*          0    20004000    00000000     UNINITIALIZED

.data      0    20000000    0000158c     UNINITIALIZED
                  20000000    00000600     camera_app.obj (.data:JPEG_StdHuffmanTbl)
                  20000600    00000400     camera_app.obj (.data:g_header)
                  20000a00    000003c9     cc3200_certificate.obj (.data:DigiCertHighAssuranceEVRootCA_der)
                  20000dc9    00000003     --HOLE--
                  20000dcc    00000184     simplelink.a : driver.obj (.data)
                  20000f50    000000f0     rtsv7M4_T_le_eabi.lib : defs.obj (.data:_ftable)
                  20001040    000000d0                           : lowlev.obj (.data)
                  20001110    000000b0                           : signal.obj (.data:sigtable)
                  200011c0    00000080                           : xvalues.obj (.data)
                  20001240    00000070                           : xlvalues.obj (.data)
                  200012b0    00000068                           : xfvalues.obj (.data)
                  20001318    00000064     simplelink.a : cc_pal.obj (.data)
                  2000137c    00000040     camera_app.obj (.data:JPEG_StdQuantTblC)
                  200013bc    00000040     camera_app.obj (.data:JPEG_StdQuantTblY)
                  200013fc    00000040     camera_app.obj (.data:zigzag)
                  2000143c    0000003c     main.obj (.data:g_token_get)
                  20001478    00000034     free_rtos.a : tasks.obj (.data)
                  200014ac    0000002c     cc3200_utils.obj (.data:lastDateTime)
                  200014d8    0000001c     main.obj (.data)
                  200014f4    00000018     cc3200_utils.obj (.data)
                  2000150c    00000018     request.obj (.data)
                  20001524    00000010     rtsv7M4_T_le_eabi.lib : defs.obj (.data)
                  20001534    0000000c     free_rtos.a : osi_freertos.obj (.data)
                  20001540    0000000c     rtsv7M4_T_le_eabi.lib : memory.obj (.data)
                  2000154c    00000008     camera_app.obj (.data)
                  20001554    00000008     rtsv7M4_T_le_eabi.lib : _lock.obj (.data)
                  2000155c    00000008                           : exit.obj (.data)
                  20001564    00000008                           : feraiseexcept.obj (.data)
                  2000156c    00000006     http.obj (.data)
                  20001572    00000002     --HOLE--
                  20001574    00000004     cc3200_certificate.obj (.data)
                  20001578    00000004     free_rtos.a : port.obj (.data)
                  2000157c    00000004     rtsv7M4_T_le_eabi.lib : errno.obj (.data)
                  20001580    00000004                           : fopen.obj (.data)
                  20001584    00000004                           : rand.obj (.data)
                  20001588    00000004                           : stkdepth_vars.obj (.data)

.stack     0    20003000    00001000     UNINITIALIZED
                  20003000    00001000     --HOLE--

.intvecs   0    20004000    00000400     
                  20004000    00000400     startup_ccs.obj (.intvecs)

.text      0    20004400    0001187e     
                  20004400    00001258     free_rtos.a : tasks.obj (.text)
                  20005658    00000fac     network_relater_fns.obj (.text)
                  20006604    00000ec0     rtsv7M4_T_le_eabi.lib : _printfi.obj (.text)
                  200074c4    00000b24     free_rtos.a : queue.obj (.text)
                  20007fe8    00000aac     camera_app.obj (.text)
                  20008a94    00000a14     mt9d111.obj (.text)
                  200094a8    00000940     request.obj (.text)
                  20009de8    0000093a     accelomtrMagntomtr_fxos8700.obj (.text)
                  2000a722    00000002     driverlib.a : interrupt.obj (.text:IntDefaultHandler)
                  2000a724    000005de     cc3200_utils.obj (.text)
                  2000ad02    00000002     --HOLE-- [fill = 0]
                  2000ad04    000004b0     installation.obj (.text)
                  2000b1b4    00000490     rtsv7M4_T_le_eabi.lib : pow.obj (.text)
                  2000b644    00000460     appfile_magnmtr.obj (.text)
                  2000baa4    0000045c     free_rtos.a : osi_freertos.obj (.text)
                  2000bf00    000003cc     rtsv7M4_T_le_eabi.lib : memory.obj (.text)
                  2000c2cc    000003a6     simplelink.a : driver.obj (.text:_SlDrvMsgRead)
                  2000c672    00000002     --HOLE-- [fill = 0]
                  2000c674    00000388     cc3200_socket.obj (.text)
                  2000c9fc    0000034c     simplelink.a : driver.obj (.text:_SlAsyncEventGenericHandler)
                  2000cd48    00000316     simplejson.obj (.text)
                  2000d05e    00000002     --HOLE-- [fill = 0]
                  2000d060    00000310     rtsv7M4_T_le_eabi.lib : lowlev.obj (.text)
                  2000d370    000002e4                           : xlog.obj (.text)
                  2000d654    000002d4     parse_uploads.obj (.text)
                  2000d928    000002d4     rtsv7M4_T_le_eabi.lib : trgdrv.obj (.text)
                  2000dbfc    000002a0                           : vla_alloc.obj (.text)
                  2000de9c    00000290     cc3200_client_state.obj (.text)
                  2000e12c    00000270     main.obj (.text)
                  2000e39c    000001fc     rtsv7M4_T_le_eabi.lib : xexp.obj (.text)
                  2000e598    000001f4                           : ull_div_t2.obj (.text)
                  2000e78c    000001c0                           : fopen.obj (.text)
                  2000e94c    000001bc     flash_files.obj (.text)
                  2000eb08    000001b8     uartA1_if.obj (.text)
                  2000ecc0    000001b6     rtsv7M4_T_le_eabi.lib : fd_add_t2.obj (.text)
                  2000ee76    00000002     --HOLE-- [fill = 0]
                  2000ee78    000001ac     cc3200_certificate.obj (.text)
                  2000f024    0000019c     collect_and_txit.obj (.text)
                  2000f1c0    0000019c     simplelink.a : wlan.obj (.text:sl_WlanConnect)
                  2000f35c    00000198     rtsv7M4_T_le_eabi.lib : xfsin.obj (.text)
                  2000f4f4    00000194     udma_if.obj (.text)
                  2000f688    0000018c     i2c_if.obj (.text)
                  2000f814    00000188     rtsv7M4_T_le_eabi.lib : xlatan.obj (.text)
                  2000f99c    00000170     i2cconfig.obj (.text)
                  2000fb0c    00000164     simplelink.a : driver.obj (.text:_SlDrvDataReadOp)
                  2000fc70    00000154     http.obj (.text)
                  2000fdc4    00000140     simplelink.a : driver.obj (.text:_SlDrvRxHdrRead)
                  2000ff04    00000140     rtsv7M4_T_le_eabi.lib : sqrt.obj (.text)
                  20010044    00000136                           : fd_div_t2.obj (.text)
                  2001017a    00000002     --HOLE-- [fill = 0]
                  2001017c    00000134     driverlib.a : prcm.obj (.text:PRCMCC3200MCUInit)
                  200102b0    00000134     rtsv7M4_T_le_eabi.lib : fputs.obj (.text)
                  200103e4    00000130     simplelink.a : cc_pal.obj (.text:spi_Open)
                  20010514    0000012c                  : driver.obj (.text:_SlDrvDataWriteOp)
                  20010640    0000012a     free_rtos.a : list.obj (.text)
                  2001076a    00000002     --HOLE-- [fill = 0]
                  2001076c    00000114     simplelink.a : driver.obj (.text:_SlDrvMsgWrite)
                  20010880    00000110     free_rtos.a : port.obj (.text)
                  20010990    00000110     rtsv7M4_T_le_eabi.lib : xdscale.obj (.text)
                  20010aa0    0000010c     simplelink.a : driver.obj (.text:_SlDrvWaitForPoolObj)
                  20010bac    0000010c     i2c_app.obj (.text)
                  20010cb8    00000108     simplelink.a : socket.obj (.text:sl_Select)
                  20010dc0    00000104                  : driver.obj (.text:_SlDrvReleasePoolObj)
                  20010ec4    00000104     rtsv7M4_T_le_eabi.lib : atan2l.obj (.text)
                  20010fc8    000000fe     parse_impl.obj (.text)
                  200110c6    000000fc     rtsv7M4_T_le_eabi.lib : fd_mul_t2.obj (.text)
                  200111c2    000000fa                           : fs_add_t2.obj (.text)
                  200112bc    000000f8                           : fmodf.obj (.text)
                  200113b4    000000f0     driverlib.a : udma.obj (.text:uDMAChannelTransferSet)
                  200114a4    000000e8     simplelink.a : socket.obj (.text:sl_Connect)
                  2001158c    000000e8                  : cc_pal.obj (.text:spi_Write)
                  20011674    000000dc     rtsv7M4_T_le_eabi.lib : setvbuf.obj (.text)
                  20011750    000000d8                           : xfatan.obj (.text)
                  20011828    000000d8     simplelink.a : netapp.obj (.text:sl_NetAppDnsGetHostByName)
                  20011900    000000d8     timer_fns.obj (.text)
                  200119d8    000000cc     rtsv7M4_T_le_eabi.lib : sqrtf.obj (.text)
                  20011aa4    000000cc     simplelink.a : cc_pal.obj (.text:spi_Read)
                  20011b70    000000c8     pinmux.obj (.text)
                  20011c38    000000c4     rtsv7M4_T_le_eabi.lib : xdint.obj (.text)
                  20011cfc    000000c4                           : xdnorm.obj (.text)
                  20011dc0    000000c4     simplelink.a : device.obj (.text:sl_Stop)
                  20011e84    000000c0     rtsv7M4_T_le_eabi.lib : fflush.obj (.text)
                  20011f44    000000c0                           : xfdscale.obj (.text)
                  20012004    000000c0     simplelink.a : device.obj (.text:sl_Start)
                  200120c4    000000bc     rtsv7M4_T_le_eabi.lib : asinf.obj (.text)
                  20012180    000000ba     free_rtos.a : portasm.obj (.text)
                  2001223a    00000002     --HOLE-- [fill = 0]
                  2001223c    000000b4     simplelink.a : driver.obj (.text:_SlDrvMsgReadCmdCtx)
                  200122f0    000000b2                  : netapp.obj (.text:_SlDrvNetAppEventHandler)
                  200123a2    00000002     --HOLE-- [fill = 0]
                  200123a4    000000b0                  : socket.obj (.text:sl_Send)
                  20012454    000000ac     rtsv7M4_T_le_eabi.lib : _io_perm.obj (.text)
                  20012500    000000a8     driverlib.a : interrupt.obj (.text:IntDisable)
                  200125a8    000000a8                 : interrupt.obj (.text:IntEnable)
                  20012650    000000a8     timer_if.obj (.text)
                  200126f8    000000a0     driverlib.a : spi.obj (.text:SPIConfigSetExpClk)
                  20012798    0000009c     rtsv7M4_T_le_eabi.lib : fputc.obj (.text)
                  20012834    0000009c                           : memcpy_t2.obj (.text)
                  200128d0    00000098     simplelink.a : driver.obj (.text:_SlFindAndSetActiveObj)
                  20012968    00000098     rtsv7M4_T_le_eabi.lib : fclose.obj (.text)
                  20012a00    00000098                           : snprintf.obj (.text)
                  20012a98    00000094     driverlib.a : prcm.obj (.text:PRCMPeripheralClockGet)
                  20012b2c    00000094     simplelink.a : driver.obj (.text:_SlDrvClassifyRxMsg)
                  20012bc0    00000094     rtsv7M4_T_le_eabi.lib : auto_init.obj (.text)
                  20012c54    00000092                           : fs_div_t2.obj (.text)
                  20012ce6    00000002     --HOLE-- [fill = 0]
                  20012ce8    00000090     simplelink.a : driver.obj (.text:_SlDrvMsgReadSpawnCtx)
                  20012d78    0000008c                  : fs.obj (.text:sl_FsRead)
                  20012e04    0000008c                  : fs.obj (.text:sl_FsWrite)
                  20012e90    00000088     driverlib.a : pin.obj (.text:PinConfigSet)
                  20012f18    00000088     rtsv7M4_T_le_eabi.lib : vsnprintf.obj (.text)
                  20012fa0    00000088     simplelink.a : netapp.obj (.text:sl_NetAppMDNSRegisterUnregisterService)
                  20013028    00000086     rtsv7M4_T_le_eabi.lib : fd_cmp_t2.obj (.text:__aeabi_cdcmple)
                  200130ae    00000086                           : fd_cmp_t2.obj (.text:__aeabi_cdrcmple)
                  20013134    00000084     driverlib.a : i2c.obj (.text:I2CMasterInitExpClk)
                  200131b8    00000084     simplelink.a : driver.obj (.text:_SlDrvCmdOp)
                  2001323c    00000080                  : cc_pal.obj (.text:NwpPowerOnPreamble)
                  200132bc    00000080     cc3200_debug.obj (.text)
                  2001333c    0000007c     simplelink.a : driver.obj (.text:_SlDrvDriverCBInit)
                  200133b8    0000007c                  : netapp.obj (.text:_sl_HandleAsync_DnsGetHostByName)
                  20013434    0000007c                  : device.obj (.text:sl_DevGet)
                  200134b0    0000007c                  : fs.obj (.text:sl_FsClose)
                  2001352c    0000007a     rtsv7M4_T_le_eabi.lib : fs_mul_t2.obj (.text)
                  200135a6    0000007a                           : xfdnorm.obj (.text)
                  20013620    00000078     simplelink.a : cc_pal.obj (.text:SetupDMAReceive)
                  20013698    00000078     rtsv7M4_T_le_eabi.lib : memset_t2.obj (.text)
                  20013710    00000076     driverlib.a : uart.obj (.text:UARTConfigSetExpClk)
                  20013786    00000002     --HOLE-- [fill = 0]
                  20013788    00000074     simplelink.a : device.obj (.text:_sl_HandleAsync_InitComplete)
                  200137fc    00000074                  : wlan.obj (.text:sl_WlanGet)
                  20013870    00000074                  : cc_pal.obj (.text:spi_Close)
                  200138e4    00000070     driverlib.a : timer.obj (.text:TimerIntRegister)
                  20013954    00000070     simplelink.a : netapp.obj (.text:_sl_HandleAsync_PingResponse)
                  200139c4    0000006e                  : socket.obj (.text:_sl_TruncatePayloadByProtocol)
                  20013a32    00000002     --HOLE-- [fill = 0]
                  20013a34    0000006c     rtsv7M4_T_le_eabi.lib : fprintf.obj (.text)
                  20013aa0    00000068     driverlib.a : timer.obj (.text:TimerIntUnregister)
                  20013b08    00000068     simplelink.a : socket.obj (.text:_sl_HandleAsync_Connect)
                  20013b70    00000068                  : netapp.obj (.text:_sl_HandleAsync_DnsGetHostByService)
                  20013bd8    00000068                  : fs.obj (.text:sl_FsGetInfo)
                  20013c40    00000064                  : fs.obj (.text:_sl_GetCreateFsMode)
                  20013ca4    00000064                  : socket.obj (.text:_sl_HandleAsync_Accept)
                  20013d08    00000064     rtsv7M4_T_le_eabi.lib : fseek.obj (.text)
                  20013d6c    00000064                           : xdunscal.obj (.text)
                  20013dd0    00000064     driverlib.a : udma.obj (.text:uDMAChannelAttributeDisable)
                  20013e34    00000064                 : udma.obj (.text:uDMAChannelAttributeEnable)
                  20013e98    00000060     rtsv7M4_T_le_eabi.lib : fs_cmp_t2.obj (.text:__aeabi_cfcmple)
                  20013ef8    00000060                           : fs_cmp_t2.obj (.text:__aeabi_cfrcmple)
                  20013f58    00000060                           : sprintf.obj (.text)
                  20013fb8    00000060                           : trgmsg.obj (.text)
                  20014018    0000005e                           : copy_decompress_rle.obj (.text)
                  20014076    0000005a                           : ltoa.obj (.text)
                  200140d0    00000058     driverlib.a : interrupt.obj (.text:IntPendClear)
                  20014128    00000058                 : prcm.obj (.text:PRCMPeripheralReset)
                  20014180    00000058     simplelink.a : driver.obj (.text:_SlDrvDriverCBDeinit)
                  200141d8    00000058                  : socket.obj (.text:_sl_HandleAsync_Select)
                  20014230    00000054     driverlib.a : interrupt.obj (.text:IntPrioritySet)
                  20014284    00000054     simplelink.a : device.obj (.text:_sl_HandleAsync_Stop)
                  200142d8    00000054     rtsv7M4_T_le_eabi.lib : xfdunsca.obj (.text)
                  2001432c    00000054     simplelink.a : fs.obj (.text:sl_FsOpen)
                  20014380    00000054                  : netapp.obj (.text:sl_NetAppSendTokenValue)
                  200143d4    00000050     app_common.obj (.text)
                  20014424    0000004c     driverlib.a : spi.obj (.text:SPIIntEnable)
                  20014470    0000004c     rtsv7M4_T_le_eabi.lib : atoi.obj (.text)
                  200144bc    0000004c                           : rand.obj (.text)
                  20014508    0000004c     simplelink.a : socket.obj (.text:sl_SetSockOpt)
                  20014554    0000004c     driverlib.a : udma.obj (.text:uDMAChannelAssign)
                  200145a0    0000004a     simplelink.a : device.obj (.text:_sl_GetStartResponseConvert)
                  200145ea    0000004a     rtsv7M4_T_le_eabi.lib : fd_tos_t2.obj (.text)
                  20014634    00000048     driverlib.a : spi.obj (.text:SPIIntClear)
                  2001467c    00000048     rtsv7M4_T_le_eabi.lib : fd_toi_t2.obj (.text)
                  200146c4    00000048     simplelink.a : device.obj (.text:sl_DevSet)
                  2001470c    00000048                  : fs.obj (.text:sl_FsDel)
                  20014754    00000048                  : wlan.obj (.text:sl_WlanSet)
                  2001479c    00000044     driverlib.a : spi.obj (.text:SPIDmaMaskGet)
                  200147e0    00000044                 : timer.obj (.text:TimerConfigure)
                  20014824    00000044     rtsv7M4_T_le_eabi.lib : cpy_tbl.obj (.text)
                  20014868    00000044                           : exit.obj (.text)
                  200148ac    00000044                           : fd_tou_t2.obj (.text)
                  200148f0    00000044                           : xdtest.obj (.text)
                  20014934    00000044     simplelink.a : netcfg.obj (.text:sl_NetCfgSet)
                  20014978    00000044                  : socket.obj (.text:sl_Recv)
                  200149bc    00000040     driverlib.a : pin.obj (.text:PinModeSet)
                  200149fc    00000040     simplelink.a : driver.obj (.text:_SlDrvRxIrqHandler)
                  20014a3c    00000040                  : driver.obj (.text:_SlRemoveFromList)
                  20014a7c    00000040     rtsv7M4_T_le_eabi.lib : signal.obj (.text)
                  20014abc    00000040     simplelink.a : wlan.obj (.text:sl_WlanPolicySet)
                  20014afc    00000040                  : wlan.obj (.text:sl_WlanRxFilterSet)
                  20014b3c    0000003c                  : cc_pal.obj (.text:NwpPowerOff)
                  20014b78    0000003c     driverlib.a : prcm.obj (.text:PRCMPeripheralClkEnable)
                  20014bb4    0000003c     simplelink.a : driver.obj (.text:_SlDrvObjInit)
                  20014bf0    0000003c     rtsv7M4_T_le_eabi.lib : strncasecmp.obj (.text)
                  20014c2c    0000003c     driverlib.a : udma.obj (.text:uDMAChannelControlSet)
                  20014c68    0000003a                 : camera.obj (.text:CameraCaptureStop)
                  20014ca2    0000003a                 : camera.obj (.text:CameraXClkConfig)
                  20014cdc    00000038     free_rtos.a : heap_3.obj (.text)
                  20014d14    00000038     rtsv7M4_T_le_eabi.lib : fs_tod_t2.obj (.text)
                  20014d4c    00000038                           : fs_toi_t2.obj (.text)
                  20014d84    00000038                           : i_tofs_t2.obj (.text)
                  20014dbc    00000038     simplelink.a : socket.obj (.text:sl_Htonl)
                  20014df4    00000036     driverlib.a : gpio.obj (.text:GPIODirModeSet)
                  20014e2a    00000034                 : camera.obj (.text:CameraParamsConfig)
                  20014e5e    00000002     --HOLE-- [fill = 0]
                  20014e60    00000034                 : prcm.obj (.text:PRCMPeripheralStatusGet)
                  20014e94    00000034                 : spi.obj (.text:SPIFIFOLevelSet)
                  20014ec8    00000034     simplelink.a : driver.obj (.text:_SlDrvBasicCmd)
                  20014efc    00000034     rtsv7M4_T_le_eabi.lib : boot.obj (.text)
                  20014f30    00000034                           : feraiseexcept.obj (.text)
                  20014f64    00000034                           : fs_tou_t2.obj (.text)
                  20014f98    00000034                           : strstr.obj (.text)
                  20014fcc    00000034                           : xfdtest.obj (.text)
                  20015000    00000034     simplelink.a : socket.obj (.text:sl_Htons)
                  20015034    00000030                  : cc_pal.obj (.text:NwpPowerOn)
                  20015064    00000030     driverlib.a : pin.obj (.text:PinTypeGPIO)
                  20015094    00000030                 : uart.obj (.text:UARTDisable)
                  200150c4    00000030     rtsv7M4_T_le_eabi.lib : strncpy.obj (.text)
                  200150f4    00000030                           : xferaise.obj (.text)
                  20015124    00000030     simplelink.a : socket.obj (.text:sl_Socket)
                  20015154    0000002e     rtsv7M4_T_le_eabi.lib : i_tofd_t2.obj (.text)
                  20015182    0000002e                           : raise.obj (.text)
                  200151b0    0000002c     driverlib.a : camera.obj (.text:CameraIntEnable)
                  200151dc    0000002c     simplelink.a : cc_pal.obj (.text:DmaSpiSwIntHandler)
                  20015208    0000002c     driverlib.a : i2c.obj (.text:I2CMasterErr)
                  20015234    0000002c                 : prcm.obj (.text:PRCMSysResetCauseGet)
                  20015260    0000002c     simplelink.a : flowcont.obj (.text:_SlDrvFlowContDeinit)
                  2001528c    0000002c                  : flowcont.obj (.text:_SlDrvFlowContInit)
                  200152b8    0000002a     driverlib.a : timer.obj (.text:TimerLoadSet)
                  200152e2    0000002a                 : timer.obj (.text:TimerPrescaleSet)
                  2001530c    00000028                 : camera.obj (.text:CameraIntStatus)
                  20015334    00000028                 : prcm.obj (.text:PRCMPeripheralClkDisable)
                  2001535c    00000028     simplelink.a : socket.obj (.text:_sl_BuildAddress)
                  20015384    00000028     rtsv7M4_T_le_eabi.lib : strncat.obj (.text)
                  200153ac    00000028     simplelink.a : wlan.obj (.text:sl_WlanSetMode)
                  200153d4    00000026     driverlib.a : camera.obj (.text:CameraThresholdSet)
                  200153fa    00000026     rtsv7M4_T_le_eabi.lib : strncmp.obj (.text)
                  20015420    00000024     driverlib.a : camera.obj (.text:CameraIntClear)
                  20015444    00000024                 : interrupt.obj (.text:IntUnregister)
                  20015468    00000024                 : uart.obj (.text:UARTEnable)
                  2001548c    00000024     rtsv7M4_T_le_eabi.lib : memmov.obj (.text)
                  200154b0    00000024                           : u_tofs_t2.obj (.text)
                  200154d4    00000024     simplelink.a : socket.obj (.text:sl_Close)
                  200154f8    00000024                  : netapp.obj (.text:sl_NetAppStart)
                  2001551c    00000024                  : netapp.obj (.text:sl_NetAppStop)
                  20015540    00000024                  : wlan.obj (.text:sl_WlanProfileDel)
                  20015564    00000022     driverlib.a : camera.obj (.text:CameraCaptureStart)
                  20015586    00000022                 : i2c.obj (.text:I2CMasterSlaveAddrSet)
                  200155a8    00000022     simplelink.a : cc_pal.obj (.text:NwpRegisterInterruptHandler)
                  200155ca    00000022     driverlib.a : spi.obj (.text:SPIReset)
                  200155ec    00000022                 : spi.obj (.text:SPIWordCountSet)
                  2001560e    00000022     rtsv7M4_T_le_eabi.lib : memcmp.obj (.text)
                  20015630    00000020     driverlib.a : interrupt.obj (.text:IntRegister)
                  20015650    00000020     simplelink.a : driver.obj (.text:_SlDrvCmdSend)
                  20015670    00000020     rtsv7M4_T_le_eabi.lib : u_tofd_t2.obj (.text)
                  20015690    0000001e     driverlib.a : i2c.obj (.text:I2CMasterIntStatusEx)
                  200156ae    0000001e                 : timer.obj (.text:TimerDisable)
                  200156cc    0000001e                 : timer.obj (.text:TimerEnable)
                  200156ea    0000001e                 : timer.obj (.text:TimerIntStatus)
                  20015708    0000001e                 : uart.obj (.text:UARTCharPut)
                  20015726    0000001c                 : pin.obj (.text:PinTypeI2C)
                  20015742    0000001c                 : timer.obj (.text:TimerValueGet)
                  2001575e    00000002     --HOLE-- [fill = 0]
                  20015760    0000001c     simplelink.a : driver.obj (.text:_SlDrvObjDeInit)
                  2001577c    0000001c     rtsv7M4_T_le_eabi.lib : memccpy.obj (.text)
                  20015798    0000001c     driverlib.a : udma.obj (.text:uDMAChannelDisable)
                  200157b4    0000001c                 : udma.obj (.text:uDMAChannelEnable)
                  200157d0    0000001a     simplelink.a : netapp.obj (.text:CopyPingResultsToReport)
                  200157ea    0000001a     driverlib.a : pin.obj (.text:PinTypeCamera)
                  20015804    0000001a                 : pin.obj (.text:PinTypeUART)
                  2001581e    0000001a                 : spi.obj (.text:SPIDmaDisable)
                  20015838    0000001a                 : spi.obj (.text:SPIDmaEnable)
                  20015852    0000001a                 : spi.obj (.text:SPIFIFODisable)
                  2001586c    0000001a                 : spi.obj (.text:SPIFIFOEnable)
                  20015886    0000001a     simplelink.a : device.obj (.text:_SlDrvDeviceEventHandler)
                  200158a0    00000018     driverlib.a : camera.obj (.text:CameraReset)
                  200158b8    00000018                 : gpio.obj (.text:GPIOPinRead)
                  200158d0    00000018                 : spi.obj (.text:SPICSDisable)
                  200158e8    00000018                 : spi.obj (.text:SPICSEnable)
                  20015900    00000018                 : spi.obj (.text:SPIDisable)
                  20015918    00000018                 : spi.obj (.text:SPIEnable)
                  20015930    00000018                 : timer.obj (.text:TimerIntDisable)
                  20015948    00000018                 : timer.obj (.text:TimerIntEnable)
                  20015960    00000018     rtsv7M4_T_le_eabi.lib : args_main.obj (.text)
                  20015978    00000018                           : ll_mul_t2.obj (.text)
                  20015990    00000018                           : strcmp.obj (.text)
                  200159a8    00000016     driverlib.a : camera.obj (.text:CameraDMAEnable)
                  200159be    00000016                 : camera.obj (.text:CameraIntRegister)
                  200159d4    00000016                 : i2c.obj (.text:I2CMasterDataPut)
                  200159ea    00000016                 : i2c.obj (.text:I2CMasterEnable)
                  20015a00    00000016                 : prcm.obj (.text:PRCMHIBRegRead)
                  20015a16    00000016                 : prcm.obj (.text:PRCMHIBRegWrite)
                  20015a2c    00000016                 : uart.obj (.text:UARTCharGet)
                  20015a42    00000016     simplelink.a : fs.obj (.text:_sl_Strlen)
                  20015a58    00000016     rtsv7M4_T_le_eabi.lib : memchr.obj (.text)
                  20015a6e    00000016                           : strchr.obj (.text)
                  20015a84    00000016     driverlib.a : udma.obj (.text:uDMAIntRegister)
                  20015a9a    00000014                 : cpu.obj (.text:CPUcpsie)
                  20015aae    00000002     --HOLE-- [fill = 0]
                  20015ab0    00000014                 : interrupt.obj (.text:IntVTableBaseSet)
                  20015ac4    00000014     simplelink.a : driver.obj (.text:_SlDrvShiftDWord)
                  20015ad8    00000014     rtsv7M4_T_le_eabi.lib : _lock.obj (.text)
                  20015aec    00000014                           : strlen.obj (.text)
                  20015b00    00000014     driverlib.a : udma.obj (.text:uDMAControlBaseSet)
                  20015b14    00000014                 : udma.obj (.text:uDMAIntClear)
                  20015b28    00000012                 : i2c.obj (.text:I2CMasterControl)
                  20015b3a    00000012                 : i2c.obj (.text:I2CMasterIntClearEx)
                  20015b4c    00000012                 : i2c.obj (.text:I2CMasterTimeoutSet)
                  20015b5e    00000012                 : timer.obj (.text:TimerIntClear)
                  20015b70    00000012     rtsv7M4_T_le_eabi.lib : copy_zero_init.obj (.text:decompress:ZI)
                  20015b82    00000012     simplelink.a : netapp.obj (.text:sl_NetAppMDNSUnRegisterService)
                  20015b94    00000012     driverlib.a : udma.obj (.text:uDMAIntUnregister)
                  20015ba6    00000002     --HOLE-- [fill = 0]
                  20015ba8    00000010     simplelink.a : cc_pal.obj (.text:NwpMaskInterrupt)
                  20015bb8    00000010                  : socket.obj (.text:SL_FD_SET)
                  20015bc8    00000010     rtsv7M4_T_le_eabi.lib : strcpy.obj (.text)
                  20015bd8    0000000e     driverlib.a : i2c.obj (.text:I2CMasterDataGet)
                  20015be6    0000000e     rtsv7M4_T_le_eabi.lib : copy_decompress_none.obj (.text:decompress:none)
                  20015bf4    0000000e                           : xdclass.obj (.text)
                  20015c02    0000000e     startup_ccs.obj (.text)
                  20015c10    0000000c     simplelink.a : cc_pal.obj (.text:NwpUnMaskInterrupt)
                  20015c1c    0000000c     driverlib.a : udma.obj (.text:uDMADisable)
                  20015c28    0000000c                 : udma.obj (.text:uDMAEnable)
                  20015c34    0000000c                 : udma.obj (.text:uDMAIntStatus)
                  20015c40    0000000a                 : interrupt.obj (.text:IntMasterEnable)
                  20015c4a    00000008     simplelink.a : wlan.obj (.text:sl_WlanDisconnect)
                  20015c52    00000006     i2cconfig.obj (.text:MT9D111Delay)
                  20015c58    00000006     simplelink.a : socket.obj (.text:SL_FD_ZERO)
                  20015c5e    00000006     driverlib.a : utils.obj (.text:UtilsDelay)
                  20015c64    00000006     rtsv7M4_T_le_eabi.lib : copy_decompress_rle.obj (.text:decompress:rle24)
                  20015c6a    00000006                           : log.obj (.text)
                  20015c70    00000006                           : sinf.obj (.text)
                  20015c76    00000004                           : error.obj (.text)
                  20015c7a    00000004                           : xldtest.obj (.text)

.const     0    20015c80    00000d5d     
                  20015c80    00000140     mt9d111.obj (.const:init_cmds_list)
                  20015dc0    00000102     rtsv7M4_T_le_eabi.lib : ctype.obj (.const:.string:_ctypes_)
                  20015ec2    00000002     --HOLE-- [fill = 0]
                  20015ec4    00000100     driverlib.a : pin.obj (.const:g_ulPinToPadMap)
                  20015fc4    000000ec     simplelink.a : wlan.obj (.const)
                  200160b0    000000d4     driverlib.a : interrupt.obj (.const:g_pulRegs)
                  20016184    000000c8     mt9d111.obj (.const)
                  2001624c    000000c4     mt9d111.obj (.const:capture_cmds_list)
                  20016310    000000a8     driverlib.a : prcm.obj (.const:PRCM_PeriphRegsList)
                  200163b8    00000088     rtsv7M4_T_le_eabi.lib : xlatan.obj (.const)
                  20016440    00000080     driverlib.a : interrupt.obj (.const)
                  200164c0    0000005d     mt9d111.obj (.const:.string)
                  2001651d    00000053     network_relater_fns.obj (.const:.string)
                  20016570    00000050     mt9d111.obj (.const:$P$T24$25)
                  200165c0    0000004c     mt9d111.obj (.const:$P$T5$6)
                  2001660c    0000004c     simplelink.a : driver.obj (.const)
                  20016658    00000048     rtsv7M4_T_le_eabi.lib : xexp.obj (.const)
                  200166a0    00000038                           : xlog.obj (.const:p)
                  200166d8    00000038     simplelink.a : fs.obj (.const)
                  20016710    00000036     flash_files.obj (.const:.string)
                  20016746    00000002     --HOLE-- [fill = 0]
                  20016748    00000034     rtsv7M4_T_le_eabi.lib : xfatan.obj (.const)
                  2001677c    00000034     simplelink.a : socket.obj (.const)
                  200167b0    00000030     rtsv7M4_T_le_eabi.lib : xdint.obj (.const)
                  200167e0    0000002c     cc3200_utils.obj (.const:$P$T0$1)
                  2001680c    0000002c     network_relater_fns.obj (.const:$P$T1$2)
                  20016838    0000002b     parse_uploads.obj (.const:.string)
                  20016863    0000002a     appfile_magnmtr.obj (.const:.string)
                  2001688d    00000003     --HOLE-- [fill = 0]
                  20016890    00000028     rtsv7M4_T_le_eabi.lib : xfsin.obj (.const)
                  200168b8    00000028     simplelink.a : netapp.obj (.const)
                  200168e0    00000023     mt9d111.obj (.const:.string:$P$T1$2)
                  20016903    00000022     network_relater_fns.obj (.const:.string:$P$T0$1)
                  20016925    00000003     --HOLE-- [fill = 0]
                  20016928    00000020     network_relater_fns.obj (.const)
                  20016948    00000018     driverlib.a : spi.obj (.const)
                  20016960    00000017     request.obj (.const:.string)
                  20016977    00000016     camera_app.obj (.const:.string)
                  2001698d    00000016     collect_and_txit.obj (.const:.string)
                  200169a3    00000001     --HOLE-- [fill = 0]
                  200169a4    00000014     simplelink.a : device.obj (.const)
                  200169b8    0000000c     appfile_magnmtr.obj (.const)
                  200169c4    0000000b     app_common.obj (.const:.string)
                  200169cf    00000001     --HOLE-- [fill = 0]
                  200169d0    00000008     simplelink.a : netcfg.obj (.const)
                  200169d8    00000005     main.obj (.const:.string)

.cinit     0    200169e0    00000bf0     
                  200169e0    00000bcb     (.cinit..data.load) [load image, compression = rle]
                  200175ab    00000001     --HOLE-- [fill = 0]
                  200175ac    0000000c     (__TI_handler_table)
                  200175b8    00000008     (.cinit..bss.load) [load image, compression = zero_init]
                  200175c0    00000010     (__TI_cinit_table)

.bss       0    20018000    00014cdc     UNINITIALIZED
                  20018000    00014000     main.obj (.bss:g_image_buffer)
                  2002c000    00000400     udma_if.obj (.bss:gpCtlTbl)
                  2002c400    00000370     main.obj (.bss:g_NetEntries)
                  2002c770    00000120     rtsv7M4_T_le_eabi.lib : trgmsg.obj (.bss:__CIOBUF_)
                  2002c890    00000100     udma_if.obj (.bss:gfpAppCallbackHndl)
                  2002c990    000000c8     free_rtos.a : tasks.obj (.bss:pxReadyTasksLists)
                  2002ca58    000000a0     rtsv7M4_T_le_eabi.lib : defs.obj (.bss:__TI_tmpnams)
                  2002caf8    00000050     free_rtos.a : queue.obj (.bss:xQueueRegistry)
                  2002cb48    00000034     cc3200_client_state.obj (.bss:clientStateFileName)
                  2002cb7c    00000034     main.obj (.bss:g_cWlanSecurityKey)
                  2002cbb0    00000024     main.obj (.bss:g_cWlanSSID)
                  2002cbd4    00000024     main.obj (.bss:g_ucConnectionSSID)
                  2002cbf8    0000001c     rtsv7M4_T_le_eabi.lib : vla_alloc.obj (.bss)
                  2002cc14    00000014     (.common:g_flag_blockFull)
                  2002cc28    00000014     (.common:xDelayedTaskList1)
                  2002cc3c    00000014     (.common:xDelayedTaskList2)
                  2002cc50    00000014     (.common:xPendingReadyList)
                  2002cc64    00000014     (.common:xSuspendedTaskList)
                  2002cc78    00000014     (.common:xTasksWaitingTermination)
                  2002cc8c    0000000c     (.common:g_SecParams)
                  2002cc98    00000008     (.common:g_ucConnectionBSSID)
                  2002cca0    00000008     (.common:parmbuf)
                  2002cca8    00000004     (.common:__Errorlog)
                  2002ccac    00000004     (.common:dataBuffer)
                  2002ccb0    00000004     (.common:g_block_lastFilled)
                  2002ccb4    00000004     (.common:g_cWlanSecurityType)
                  2002ccb8    00000004     (.common:g_frame_size_in_bytes)
                  2002ccbc    00000004     (.common:g_header_length)
                  2002ccc0    00000004     (.common:g_position_in_block)
                  2002ccc4    00000004     (.common:g_readHeader)
                  2002ccc8    00000004     (.common:g_total_dma_intrpts)
                  2002cccc    00000004     (.common:pxDelayedTaskList)
                  2002ccd0    00000004     (.common:pxOverflowDelayedTaskList)
                  2002ccd4    00000004     (.common:v_TimerOverflows)
                  2002ccd8    00000001     (.common:g_dma_txn_done)
                  2002ccd9    00000001     (.common:g_flag_DataBlockFilled)
                  2002ccda    00000001     (.common:g_frame_end)
                  2002ccdb    00000001     (.common:iDone)

.sysmem    0    2002cce0    00004000     UNINITIALIZED
                  2002cce0    00000008     rtsv7M4_T_le_eabi.lib : memory.obj (.sysmem)
                  2002cce8    00003ff8     --HOLE--


LINKER GENERATED COPY TABLES

__TI_cinit_table @ 200175c0 records: 2, size/record: 8, table size: 16
	.data: load addr=200169e0, load size=00000bcb bytes, run addr=20000000, run size=0000158c bytes, compression=rle
	.bss: load addr=200175b8, load size=00000008 bytes, run addr=20018000, run size=00014cdc bytes, compression=zero_init


LINKER GENERATED HANDLER TABLE

__TI_handler_table @ 200175ac records: 3, size/record: 4, table size: 12
	index: 0, handler: __TI_decompress_rle24
	index: 1, handler: __TI_decompress_none
	index: 2, handler: __TI_zero_init


GLOBAL SYMBOLS: SORTED ALPHABETICALLY BY Name 

address    name
--------   ----
20009083   AnalogGainReg_Read
20014869   C$$EXIT
20013fe3   C$$IO$$
20008fed   CCMRegs_Read
20015a9b   CPUcpsie
200082c9   CamControllerInit
20015565   CameraCaptureStart
20014c69   CameraCaptureStop
200159a9   CameraDMAEnable
20015421   CameraIntClear
200151b1   CameraIntEnable
200159bf   CameraIntRegister
2001530d   CameraIntStatus
20014e2b   CameraParamsConfig
200158a1   CameraReset
20008a95   CameraSensorInit
20008a9d   CameraSensorInit_SettingsFromFlash
200153d5   CameraThresholdSet
20014ca3   CameraXClkConfig
2000800f   CaptureAndStore_Image
2000eb41   ClearTerm
2000f025   CollectTxit_ImgTempRH
2000b645   Collect_InitMangReadings
2000593d   ConfigureMode
20005695   ConfigureSimpleLinkToDefaultState
20005975   ConnectToNetwork
20005add   ConnectToNetwork_2
20005ba9   ConnectToNetwork_STA
20005b83   ConnectToNetwork_STA_2
2000d703   ConstructDeviceStateObject
200157d1   CopyPingResultsToReport
2000e94d   CreateFile_Flash
20001324   DMAMsgQ
2000f63d   DMASetupTransfer
20001574   DigiCertHighAssuranceEVRootCA_der_len
2000901d   DigitalGainRegs_Read
2000f507   DmaErrorIntHandler
200151dd   DmaSpiSwIntHandler
2000f4f5   DmaSwIntHandler
20009387   EnterStandby_mt9d111
2000eb47   Error
200093d1   ExitStandby_mt9d111
2000a3b1   FXOS8700CQ_Init
2000a49d   FXOS8700CQ_Mag_Calibration
20014df5   GPIODirModeSet
200158b9   GPIOPinRead
2000eb7b   GetCmd
20011969   GetTimeDuration
2000dbb5   HOSTclock
2000db7d   HOSTclose
2000db3f   HOSTgetenv
2000dae3   HOSTlseek
2000da91   HOSTopen
2000da45   HOSTread
2000d9e7   HOSTrename
2000d9ad   HOSTtime
2000d975   HOSTunlink
2000d929   HOSTwrite
2000f9bb   I2CBufferRead
2000fa63   I2CBufferWrite
2000f99d   I2CInit
20015b29   I2CMasterControl
20015bd9   I2CMasterDataGet
200159d5   I2CMasterDataPut
200159eb   I2CMasterEnable
20015209   I2CMasterErr
20013135   I2CMasterInitExpClk
20015b3b   I2CMasterIntClearEx
20015691   I2CMasterIntStatusEx
20015587   I2CMasterSlaveAddrSet
20015b4d   I2CMasterTimeoutSet
2000f7ff   I2C_IF_Close
2000f7d5   I2C_IF_Open
2000f74d   I2C_IF_Read
2000f7b5   I2C_IF_ReadFrom
2000f6eb   I2C_IF_Write
2000eb09   InitTerm
2000d655   InitialiseParse
20005659   InitializeAppVariables
20011913   InitializeTimer
20012501   IntDisable
200125a9   IntEnable
20015c41   IntMasterEnable
200140d1   IntPendClear
20014231   IntPrioritySet
20015631   IntRegister
20015445   IntUnregister
20015ab1   IntVTableBaseSet
200090ff   JPEGDataLength_read
20000000   JPEG_StdHuffmanTbl
2000137c   JPEG_StdQuantTblC
200013bc   JPEG_StdQuantTblY
20008fc5   JpegConfigReg_Read
20015c53   MT9D111Delay
2000e135   Main_Task
2000eb27   Message
20015ba9   NwpMaskInterrupt
20014b3d   NwpPowerOff
20015035   NwpPowerOn
2001323d   NwpPowerOnPreamble
200155a9   NwpRegisterInterruptHandler
20015c11   NwpUnMaskInterrupt
200090c1   PCLK_Rate_read
2001017d   PRCMCC3200MCUInit
20015a01   PRCMHIBRegRead
20015a17   PRCMHIBRegWrite
20015335   PRCMPeripheralClkDisable
20014b79   PRCMPeripheralClkEnable
20012a99   PRCMPeripheralClockGet
20014129   PRCMPeripheralReset
20014e61   PRCMPeripheralStatusGet
20015235   PRCMSysResetCauseGet
20012e91   PinConfigSet
200149bd   PinModeSet
20011b71   PinMuxConfig
200157eb   PinTypeCamera
20015065   PinTypeGPIO
20015727   PinTypeI2C
20015805   PinTypeUART
20008e09   ReadAllAEnAWBRegs
2000ea4d   ReadFile_FromFlash
20009177   ReadMCUBootModeReg
20008da7   RegStatusRead
2000ec25   Report
20015c03   ResetISR
20009149   ResetImageSensorMCU
UNDEFED    SHT$$INIT_ARRAY$$Base
UNDEFED    SHT$$INIT_ARRAY$$Limit
20015bb9   SL_FD_SET
20015c59   SL_FD_ZERO
200158d1   SPICSDisable
200158e9   SPICSEnable
200126f9   SPIConfigSetExpClk
20015901   SPIDisable
2001581f   SPIDmaDisable
20015839   SPIDmaEnable
20015919   SPIEnable
20015853   SPIFIFODisable
2001586d   SPIFIFOEnable
20014e95   SPIFIFOLevelSet
20014635   SPIIntClear
20014425   SPIIntEnable
200155cb   SPIReset
200155ed   SPIWordCountSet
200014d8   SecurityParams
2000f585   SetupTransfer
20009051   ShutterRegs_Read
200063cb   SimpleLinkHttpServerCallback
20005ef1   SimpleLinkNetAppEventHandler
20005f61   SimpleLinkSockEventHandler
20005d99   SimpleLinkWlanEventHandler
20009191   SoftReset_ImageSensor
20007fe9   Standby_ImageSensor
20008ac5   StartCapture_SettingsFromFlash
20008bf3   StartSensorInJpegMode
2001193f   StartTimer
2001195b   StopTimer
20011901   TimerBaseIntHandler
200147e1   TimerConfigure
200156af   TimerDisable
200156cd   TimerEnable
20015b5f   TimerIntClear
20015931   TimerIntDisable
20015949   TimerIntEnable
200138e5   TimerIntRegister
200156eb   TimerIntStatus
20013aa1   TimerIntUnregister
200152b9   TimerLoadSet
200152e3   TimerPrescaleSet
20015743   TimerValueGet
200126d5   Timer_IF_DeInit
200126ed   Timer_IF_GetCount
20012651   Timer_IF_Init
2001267b   Timer_IF_IntSetup
200126ad   Timer_IF_InterruptClear
200152b9   Timer_IF_ReLoad
200126c1   Timer_IF_Start
200156af   Timer_IF_Stop
2000ebdb   TrimSpace
20015a2d   UARTCharGet
20015709   UARTCharPut
20013711   UARTConfigSetExpClk
20015095   UARTDisable
20015469   UARTEnable
2000f55d   UDMAChannelSelect
2000f629   UDMADeInit
2000f513   UDMAInit
2000f5bb   UDMASetupAutoMemTransfer
2000f5df   UDMASetupPingPongTransfer
20015799   UDMAStopTransfer
2000d66b   UploadImageToParse
2000d6a1   UploadSensorDataToParse
20015c5f   UtilsDelay
2000bd6d   VDeleteSimpleLinkSpawnTask
2000bd1d   VStartSimpleLinkSpawnTask
200091e9   Variable_Read
200091b9   Verify_ImageSensor
2000b739   WaitFor40Degrees
20008001   Wakeup_ImageSensor
20008de7   WriteAllAEnAWBRegs
20008af3   WriteConfigRegFile_toFlash
20008bc5   WriteConfigRegFilefromUser_toFlash
2000e9a5   WriteFile_ToFlash
20015bf5   _Dclass
200011c0   _Denorm
20011c39   _Dint
20011cfd   _Dnorm
20010991   _Dscale
200148f1   _Dtest
20013d6d   _Dunscale
200011d0   _Eps
2000157c   _Errno
2000e39d   _Exp
20011751   _FAtan
200012b0   _FDenorm
200135a7   _FDnorm
20011f45   _FDscale
20014fcd   _FDtest
200142d9   _FDunscale
200012c0   _FEps
200012d0   _FInf
200012e0   _FNan
20001300   _FRteps
2000f35d   _FSin
200012f0   _FSnan
20001310   _FXbig
20001314   _FZero
20001564   _Fenv
200150f5   _Feraise
200011e0   _Hugeval
200011f0   _Inf
2000f815   _LAtan
20001240   _LDenorm
20015c7b   _LDtest
20001250   _LEps
20001260   _LInf
20001270   _LNan
20001290   _LRteps
20001280   _LSnan
200012a0   _LXbig
200012a8   _LZero
2000d371   _Log
20001200   _Nan
20001220   _Rteps
2001679c   _SlAcceptCmdCtrl
20016620   _SlActionLookupTable
2000c9fd   _SlAsyncEventGenericHandler
200169b0   _SlDeviceGetCmdCtrl
200169b4   _SlDeviceSetCmdCtrl
20014ec9   _SlDrvBasicCmd
20012b2d   _SlDrvClassifyRxMsg
200131b9   _SlDrvCmdOp
20015651   _SlDrvCmdSend
2000fb0d   _SlDrvDataReadOp
20010515   _SlDrvDataWriteOp
20015887   _SlDrvDeviceEventHandler
20014181   _SlDrvDriverCBDeinit
2001333d   _SlDrvDriverCBInit
20015261   _SlDrvFlowContDeinit
2001528d   _SlDrvFlowContInit
2000c2cd   _SlDrvMsgRead
2001223d   _SlDrvMsgReadCmdCtx
20012ce9   _SlDrvMsgReadSpawnCtx
2001076d   _SlDrvMsgWrite
200122f1   _SlDrvNetAppEventHandler
20015761   _SlDrvObjDeInit
20014bb5   _SlDrvObjInit
20010dc1   _SlDrvReleasePoolObj
2000fdc5   _SlDrvRxHdrRead
200149fd   _SlDrvRxIrqHandler
20015ac5   _SlDrvShiftDWord
20010aa1   _SlDrvWaitForPoolObj
200169ac   _SlEventMaskGetCmdCtrl
200169a8   _SlEventMaskSetCmdCtrl
200128d1   _SlFindAndSetActiveObj
200166dc   _SlFsCloseCmdCtrl
200166ec   _SlFsDeleteCmdCtrl
200166e8   _SlFsGetInfoCmdCtrl
200166d8   _SlFsOpenCmdCtrl
200166e0   _SlFsReadCmdCtrl
200166e4   _SlFsWriteCmdCtrl
200168d0   _SlGetHostByNameCtrl
200168cc   _SlGetHostByServiceCtrl
200168c4   _SlGetServiceListeCtrl
200167a8   _SlGetSockOptCmdCtrl
20016798   _SlListenCmdCtrl
200168dc   _SlNetAppGetCmdCtrl
200168d8   _SlNetAppSendTokenValueCmdCtrl
200168d4   _SlNetAppSetCmdCtrl
200168bc   _SlNetAppStartCtrl
200168c0   _SlNetAppStopCtrl
200169d4   _SlNetCfgGetCmdCtrl
200169d0   _SlNetCfgSetCmdCtrl
20015fcc   _SlPolicyGetCmdCtrl
20015fc8   _SlPolicySetCmdCtrl
20015fd4   _SlProfileDelCmdCtrl
20015fd0   _SlProfileGetCmdCtrl
200167a0   _SlRecvCmdCtrl
20016790   _SlRecvfomCmdCtrl
200168c8   _SlRegisterServiceCtrl
20014a3d   _SlRemoveFromList
20015fdc   _SlRxFilterAddtCmdCtrl
20015fe4   _SlRxFilterGetCmdCtrl
20015fe0   _SlRxFilterSetCmdCtrl
200167ac   _SlSelectCmdCtrl
20016794   _SlSendCmdCtrl
200167a4   _SlSetSockOptCmdCtrl
20015fe8   _SlSmartConfigStartCmdCtrl
2001678c   _SlSockCloseCmdCtrl
20016788   _SlSockSocketCmdCtrl
200169a4   _SlStopCmdCtrl
20015ff4   _SlWlanCfgGetCmdCtrl
20015ff0   _SlWlanCfgSetCmdCtrl
20015fd8   _SlWlanGetNetworkListCtrl
20015fec   _SlWlanSetModeCmdCtrl
20001210   _Snan
20001568   _Tls_setup__Fenv
20001230   _Xbig
20001238   _Zero
2002c770   __CIOBUF_
20004000   __STACK_END
00001000   __STACK_SIZE
00004000   __SYSMEM_SIZE
200175c0   __TI_CINIT_Base
200175d0   __TI_CINIT_Limit
200175ac   __TI_Handler_Table_Base
200175b8   __TI_Handler_Table_Limit
00000001   __TI_args_main
20012bc1   __TI_auto_init
2000e855   __TI_cleanup
2000155c   __TI_cleanup_ptr
20012969   __TI_closefile
20015be7   __TI_decompress_none
20015c65   __TI_decompress_rle24
20011e85   __TI_doflush
20001560   __TI_dtors_ptr
20001524   __TI_ft_end
200071bb   __TI_printfi
200124b7   __TI_rd_ok
20013fe7   __TI_readmsg
200169e0   __TI_static_base__
2002ca58   __TI_tmpnams
20013fb9   __TI_writemsg
20012455   __TI_wrt_ok
20015b71   __TI_zero_init
20015c77   __abort_execution
20013029   __aeabi_cdcmpeq
20013029   __aeabi_cdcmple
200130af   __aeabi_cdrcmple
20013e99   __aeabi_cfcmpeq
20013e99   __aeabi_cfcmple
20013ef9   __aeabi_cfrcmple
200145eb   __aeabi_d2f
2001467d   __aeabi_d2iz
200148ad   __aeabi_d2uiz
2000eccb   __aeabi_dadd
20010045   __aeabi_ddiv
200110c7   __aeabi_dmul
2000ecc1   __aeabi_dsub
20014d15   __aeabi_f2d
20014d4d   __aeabi_f2iz
20014f65   __aeabi_f2uiz
200111c7   __aeabi_fadd
20012c55   __aeabi_fdiv
2001352d   __aeabi_fmul
200111c3   __aeabi_fsub
20015155   __aeabi_i2d
20014d85   __aeabi_i2f
20015979   __aeabi_lmul
20013699   __aeabi_memclr
20013699   __aeabi_memclr4
20013699   __aeabi_memclr8
20012835   __aeabi_memcpy
20012835   __aeabi_memcpy4
20012835   __aeabi_memcpy8
2001369b   __aeabi_memset
2001369b   __aeabi_memset4
2001369b   __aeabi_memset8
20001530   __aeabi_stderr
20001528   __aeabi_stdin
2000152c   __aeabi_stdout
20015671   __aeabi_ui2d
200154b1   __aeabi_ui2f
2000e599   __aeabi_uldivmod
ffffffff   __binit__
ffffffff   __c_args__
20003000   __stack
2000dd0b   __vla_alloc
2000dbfd   __vla_dealloc
2000dc8b   __vla_dealloc_eh
20015961   _args_main
20014efd   _c_int00
20015dc0   _ctypes_
20000f50   _ftable
20001554   _lock
20015ae7   _nop
20015adf   _register_lock
20015ad9   _register_unlock
2001535d   _sl_BuildAddress
20013c41   _sl_GetCreateFsMode
200145a1   _sl_GetStartResponseConvert
20013ca5   _sl_HandleAsync_Accept
20013b09   _sl_HandleAsync_Connect
200133b9   _sl_HandleAsync_DnsGetHostByName
20013b71   _sl_HandleAsync_DnsGetHostByService
20013789   _sl_HandleAsync_InitComplete
20013955   _sl_HandleAsync_PingResponse
200141d9   _sl_HandleAsync_Select
20014285   _sl_HandleAsync_Stop
20015a43   _sl_Strlen
200139c5   _sl_TruncatePayloadByProtocol
2002cce0   _sys_memory
20001558   _unlock
2001486d   abort
2000fceb   addHttpRequestHeader
2000fd13   addHttpRequestHeaderInt
2000fc71   addHttpRequestLine
2000d2c3   add_device
200120c5   asinf
20010ec5   atan2l
20014471   atoi
2000fcaf   beginHttpGetRequest
2000fca3   beginHttpRequest
ffffffff   binit
200094b9   buildRequestHeaders
2000c295   calloc
2000a361   clearAccelMotionIntrpt
2002cb48   clientStateFileName
2000d271   close
2000151c   cnt
20009e17   configureFXOS8700
20014825   copy_in
2000ae43   createInstallation
2000a865   createNewInstallationId
2002ccac   dataBuffer
20001520   dataBufferSize
200132bd   debugPrint
200132d7   debugPrintf
20008f7b   disableAE
20008ef9   disableAWB
20004691   eTaskGetState
20008f3d   enableAE
20008eb5   enableAWB
2000ee79   ensureCertificateFile
20014875   exit
200129cf   fclose
20014f31   feraiseexcept
2000a7ff   fetchDeviceOSVersion
20011ed1   fflush
2000cfd1   findSecondJson
200112bd   fmodf
2000e8ab   fopen
20013a3d   fprintf
20012799   fputc
200102b1   fputs
2000bfef   free
2000e881   freopen
20013d09   fseek
20000dd0   gFirstCmdMode
20016618   g_H2NCnysPattern
20016610   g_H2NSyncPattern
2002c400   g_NetEntries
2002cc8c   g_SecParams
20001318   g_SpiFd
20000dd8   g_StatMem
2002ccb0   g_block_lastFilled
20001328   g_cDummy
2002cbb0   g_cWlanSSID
2002cb7c   g_cWlanSecurityKey
2002ccb4   g_cWlanSecurityType
20016960   g_deviceClientVersion
2002ccd9   g_flag_DataBlockFilled
2002cc14   g_flag_blockFull
2002ccda   g_frame_end
2002ccb8   g_frame_size_in_bytes
20000600   g_header
2002ccbc   g_header_length
20018000   g_image_buffer
200014f4   g_osVersion
20000dd4   g_pCB
2000131c   g_pHostIntHdl
20004000   g_pfnVectors
2002ccc0   g_position_in_block
2002ccc4   g_readHeader
2000143c   g_token_get
200014f1   g_ucConnectedToConfAP
2002cc98   g_ucConnectionBSSID
2002cbd4   g_ucConnectionSSID
20001320   g_ucDMAEnabled
2000132c   g_ucDinDout
200014f3   g_ucPriority
200014f0   g_ucProfileAdded
200014f2   g_ucProvisioningDone
200014ec   g_uiSimplelinkRole
200014e8   g_ulGatewayIP
20001550   g_ulPingPacketsRecv
200014e4   g_ulStatus
2000a1cd   getAccelerationMagnitude
2000a093   getDoorDirection
2000fd4d   getHttpResponseBody
2000fd23   getHttpResponseStatus
2000ae91   getInstallation
20011065   getInternalClient
2000a149   getMagnFlux_3axis
2000d003   getPushJson
2002c890   gfpAppCallbackHndl
2002c000   gpCtlTbl
20009711   headerSend
20010bad   i2cReadRegisters
20010c59   i2cReadRegistersTwoBytes
20010bef   i2cWriteRegisters
2002ccdb   iDone
20005c71   initNetwork
200143d5   intToASCII
2000cfe9   isCompleteJson
2000a79f   isPingTime
2000de9d   loadClientState
20015c6b   log
2000d24d   lseek
20014077   ltoa
2000e1b3   main
20001588   main_func_sp
2000bf8d   malloc
2000be71   mem_Free
2000be65   mem_Malloc
2000be91   mem_copy
2000be7d   mem_set
2000c1b5   memalign
2001577d   memccpy
20015a59   memchr
2001560f   memcmp
20012835   memcpy
2001548d   memmove
200136a1   memset
2000bf01   minit
2000d19f   open
2000bee7   osi_ContextRestore
2000bee5   osi_ContextSave
2000bea5   osi_EnterCritical
2000beaf   osi_ExitCritical
2000bacb   osi_InterruptDeRegister
2000baa5   osi_InterruptRegister
2000bbd5   osi_LockObjCreate
2000bc49   osi_LockObjDelete
2000bc59   osi_LockObjLock
2000bc85   osi_LockObjUnlock
2000bd99   osi_MsgQCreate
2000bddd   osi_MsgQDelete
2000be29   osi_MsgQRead
2000bdf7   osi_MsgQWrite
2000bec1   osi_Sleep
2000bcaf   osi_Spawn
2000bbb3   osi_SyncObjClear
2000badd   osi_SyncObjCreate
2000bb0d   osi_SyncObjDelete
2000bb27   osi_SyncObjSignal
2000bb4f   osi_SyncObjSignalFromISR
2000bb87   osi_SyncObjWait
2000bbfb   osi_TaskCreate
2000bc3b   osi_TaskDelete
2000bed1   osi_TaskDisable
2000bedb   osi_TaskEnable
2000beb9   osi_start
20000dcc   pPingCallBackFunc
20009c27   parseGetErrorCode
2000af93   parseGetInstallationId
20010fc9   parseInitialize
20009bf3   parseSendRequest
20009b7d   parseSendRequestInternal
2000af17   parseSetInstallationId
20009849   payloadSend
200169c4   pcDigits
20004bb5   pcTaskGetTaskName
20012235   portCLZ
2000b1b5   pow
2001221d   prvPortStartFirstTask
2001281d   putc
20012821   putchar
200103bd   puts
20014cdd   pvPortMalloc
20001478   pxCurrentTCB
20010881   pxPortInitialiseStack
20015183   raise
200144d3   rand
2000d17b   read
2000c0af   realloc
2000d0f1   remove
2000d153   remove_device
2000d115   rename
2000d6c9   retreiveImageIDfromHTTPResponse
2000df45   saveClientState
20009a67   sendRequest
200094a9   setDataBufferPointer
2000a051   setMotionDetectionThreshold
20011675   setvbuf
20014a7d   signal
2000cd49   simpleJsonProcessor
20015c71   sinf
200154d5   sl_Close
200114a5   sl_Connect
20013435   sl_DevGet
200146c5   sl_DevSet
200134b1   sl_FsClose
2001470d   sl_FsDel
20013bd9   sl_FsGetInfo
2001432d   sl_FsOpen
20012d79   sl_FsRead
20012e05   sl_FsWrite
20014dbd   sl_Htonl
20015001   sl_Htons
20011829   sl_NetAppDnsGetHostByName
20012fa1   sl_NetAppMDNSRegisterUnregisterService
20015b83   sl_NetAppMDNSUnRegisterService
20014381   sl_NetAppSendTokenValue
200154f9   sl_NetAppStart
2001551d   sl_NetAppStop
20014935   sl_NetCfgSet
20014979   sl_Recv
20010cb9   sl_Select
200123a5   sl_Send
20014509   sl_SetSockOpt
20015125   sl_Socket
20012005   sl_Start
20011dc1   sl_Stop
2000f1c1   sl_WlanConnect
20015c4b   sl_WlanDisconnect
200137fd   sl_WlanGet
20014abd   sl_WlanPolicySet
20015541   sl_WlanProfileDel
20014afd   sl_WlanRxFilterSet
20014755   sl_WlanSet
200153ad   sl_WlanSetMode
20012a01   snprintf
200154d5   socketClose
2000c7ef   socketRead
2000c6c1   socketSslConnect
2000c675   socketWait
2000c871   socketWrite
20013871   spi_Close
200103e5   spi_Open
20011aa5   spi_Read
2001158d   spi_Write
20013f59   sprintf
2000ff05   sqrt
200119d9   sqrtf
200144bd   srand
2000151a   sshPort
20015a6f   strchr
20015991   strcmp
20015bc9   strcpy
20015aed   strlen
20014bf1   strncasecmp
20015385   strncat
200153fb   strncmp
200150c5   strncpy
20014f99   strstr
20014555   uDMAChannelAssign
20013dd1   uDMAChannelAttributeDisable
20013e35   uDMAChannelAttributeEnable
20014c2d   uDMAChannelControlSet
20015799   uDMAChannelDisable
200157b5   uDMAChannelEnable
200113b5   uDMAChannelTransferSet
20015b01   uDMAControlBaseSet
20015c1d   uDMADisable
20015c29   uDMAEnable
20015b15   uDMAIntClear
20015a85   uDMAIntRegister
20015c35   uDMAIntStatus
20015b95   uDMAIntUnregister
20007c45   ucQueueGetQueueType
20012185   ulPortSetInterruptMask
2000d0f1   unlink
2000a321   updateConfigReg
2000a7f9   updateLastPingTime
20010723   uxListRemove
20007c25   uxQueueGetQueueNumber
20007bb9   uxQueueMessagesWaiting
20007bef   uxQueueMessagesWaitingFromISR
20007bcf   uxQueueSpacesAvailable
20004ba9   uxTaskGetNumberOfTasks
20004bd9   uxTaskGetSystemState
200050c9   uxTaskGetTaskNumber
20004725   uxTaskPriorityGet
20005621   uxTaskResetEventItemValue
2000e12f   vApplicationIdleHook
2000e131   vApplicationMallocFailedHook
2000e133   vApplicationStackOverflowHook
2000e12d   vAssertCalled
20010641   vListInitialise
20010671   vListInitialiseItem
200106bd   vListInsert
20010681   vListInsertEnd
2001219b   vPortClearInterruptMask
200108fd   vPortEndScheduler
20010911   vPortEnterCritical
20010929   vPortExitCritical
20014cfd   vPortFree
200121f5   vPortSVCHandler
2001095d   vPortSetupTimerInterrupt
200108ff   vPortYield
20007e5f   vQueueAddToRegistry
20007c01   vQueueDelete
20007c33   vQueueSetQueueNumber
20007ea1   vQueueUnregisterQueue
2000463b   vTaskDelay
2000459f   vTaskDelayUntil
2000450f   vTaskDelete
20004a8d   vTaskEndScheduler
200050bb   vTaskMissedYield
20004e51   vTaskPlaceOnEventList
20004eb5   vTaskPlaceOnUnorderedEventList
20005597   vTaskPriorityDisinherit
200054dd   vTaskPriorityInherit
2000475d   vTaskPrioritySet
20004955   vTaskResume
200050e9   vTaskSetTaskNumber
2000501b   vTaskSetTimeOutState
20004a43   vTaskStartScheduler
20004861   vTaskSuspend
20004a9f   vTaskSuspendAll
20004dd1   vTaskSwitchContext
2002ccd4   v_TimerOverflows
20009de9   verifyAccelMagnSensor
20012f19   vsnprintf
2000d061   write
2000a647   writeMagntCalibrationValue
20001534   xHigherPriorityTaskWoken
200121a9   xPortPendSVHandler
200108d1   xPortStartScheduler
20010941   xPortSysTickHandler
20007eef   xQueueAddToSet
20007821   xQueueAltGenericReceive
20007775   xQueueAltGenericSend
20007649   xQueueCreateCountingSemaphore
200075cb   xQueueCreateMutex
20007edb   xQueueCreateSet
20007555   xQueueGenericCreate
200079bb   xQueueGenericReceive
200074c5   xQueueGenericReset
20007669   xQueueGenericSend
2000791f   xQueueGenericSendFromISR
20007dfb   xQueueIsQueueEmptyFromISR
20007e3d   xQueueIsQueueFullFromISR
20007b75   xQueuePeekFromISR
20007afd   xQueueReceiveFromISR
2002caf8   xQueueRegistry
20007f23   xQueueRemoveFromSet
20007f65   xQueueSelectFromSet
20007f7f   xQueueSelectFromSetFromISR
20001538   xSimpleLinkSpawnQueue
2000153c   xSimpleLinkSpawnTaskHndl
20005041   xTaskCheckForTimeOut
20004401   xTaskGenericCreate
20005491   xTaskGetCurrentTaskHandle
20004c97   xTaskGetIdleTaskHandle
200054a5   xTaskGetSchedulerState
20004b7d   xTaskGetTickCount
20004b91   xTaskGetTickCountFromISR
20004cb5   xTaskIncrementTick
20004f25   xTaskRemoveFromEventList
20004fad   xTaskRemoveFromUnorderedEventList
20004ab1   xTaskResumeAll
200049c9   xTaskResumeFromISR


GLOBAL SYMBOLS: SORTED BY Symbol Address 

address    name
--------   ----
00000001   __TI_args_main
00001000   __STACK_SIZE
00004000   __SYSMEM_SIZE
20000000   JPEG_StdHuffmanTbl
20000600   g_header
20000dcc   pPingCallBackFunc
20000dd0   gFirstCmdMode
20000dd4   g_pCB
20000dd8   g_StatMem
20000f50   _ftable
200011c0   _Denorm
200011d0   _Eps
200011e0   _Hugeval
200011f0   _Inf
20001200   _Nan
20001210   _Snan
20001220   _Rteps
20001230   _Xbig
20001238   _Zero
20001240   _LDenorm
20001250   _LEps
20001260   _LInf
20001270   _LNan
20001280   _LSnan
20001290   _LRteps
200012a0   _LXbig
200012a8   _LZero
200012b0   _FDenorm
200012c0   _FEps
200012d0   _FInf
200012e0   _FNan
200012f0   _FSnan
20001300   _FRteps
20001310   _FXbig
20001314   _FZero
20001318   g_SpiFd
2000131c   g_pHostIntHdl
20001320   g_ucDMAEnabled
20001324   DMAMsgQ
20001328   g_cDummy
2000132c   g_ucDinDout
2000137c   JPEG_StdQuantTblC
200013bc   JPEG_StdQuantTblY
2000143c   g_token_get
20001478   pxCurrentTCB
200014d8   SecurityParams
200014e4   g_ulStatus
200014e8   g_ulGatewayIP
200014ec   g_uiSimplelinkRole
200014f0   g_ucProfileAdded
200014f1   g_ucConnectedToConfAP
200014f2   g_ucProvisioningDone
200014f3   g_ucPriority
200014f4   g_osVersion
2000151a   sshPort
2000151c   cnt
20001520   dataBufferSize
20001524   __TI_ft_end
20001528   __aeabi_stdin
2000152c   __aeabi_stdout
20001530   __aeabi_stderr
20001534   xHigherPriorityTaskWoken
20001538   xSimpleLinkSpawnQueue
2000153c   xSimpleLinkSpawnTaskHndl
20001550   g_ulPingPacketsRecv
20001554   _lock
20001558   _unlock
2000155c   __TI_cleanup_ptr
20001560   __TI_dtors_ptr
20001564   _Fenv
20001568   _Tls_setup__Fenv
20001574   DigiCertHighAssuranceEVRootCA_der_len
2000157c   _Errno
20001588   main_func_sp
20003000   __stack
20004000   __STACK_END
20004000   g_pfnVectors
20004401   xTaskGenericCreate
2000450f   vTaskDelete
2000459f   vTaskDelayUntil
2000463b   vTaskDelay
20004691   eTaskGetState
20004725   uxTaskPriorityGet
2000475d   vTaskPrioritySet
20004861   vTaskSuspend
20004955   vTaskResume
200049c9   xTaskResumeFromISR
20004a43   vTaskStartScheduler
20004a8d   vTaskEndScheduler
20004a9f   vTaskSuspendAll
20004ab1   xTaskResumeAll
20004b7d   xTaskGetTickCount
20004b91   xTaskGetTickCountFromISR
20004ba9   uxTaskGetNumberOfTasks
20004bb5   pcTaskGetTaskName
20004bd9   uxTaskGetSystemState
20004c97   xTaskGetIdleTaskHandle
20004cb5   xTaskIncrementTick
20004dd1   vTaskSwitchContext
20004e51   vTaskPlaceOnEventList
20004eb5   vTaskPlaceOnUnorderedEventList
20004f25   xTaskRemoveFromEventList
20004fad   xTaskRemoveFromUnorderedEventList
2000501b   vTaskSetTimeOutState
20005041   xTaskCheckForTimeOut
200050bb   vTaskMissedYield
200050c9   uxTaskGetTaskNumber
200050e9   vTaskSetTaskNumber
20005491   xTaskGetCurrentTaskHandle
200054a5   xTaskGetSchedulerState
200054dd   vTaskPriorityInherit
20005597   vTaskPriorityDisinherit
20005621   uxTaskResetEventItemValue
20005659   InitializeAppVariables
20005695   ConfigureSimpleLinkToDefaultState
2000593d   ConfigureMode
20005975   ConnectToNetwork
20005add   ConnectToNetwork_2
20005b83   ConnectToNetwork_STA_2
20005ba9   ConnectToNetwork_STA
20005c71   initNetwork
20005d99   SimpleLinkWlanEventHandler
20005ef1   SimpleLinkNetAppEventHandler
20005f61   SimpleLinkSockEventHandler
200063cb   SimpleLinkHttpServerCallback
200071bb   __TI_printfi
200074c5   xQueueGenericReset
20007555   xQueueGenericCreate
200075cb   xQueueCreateMutex
20007649   xQueueCreateCountingSemaphore
20007669   xQueueGenericSend
20007775   xQueueAltGenericSend
20007821   xQueueAltGenericReceive
2000791f   xQueueGenericSendFromISR
200079bb   xQueueGenericReceive
20007afd   xQueueReceiveFromISR
20007b75   xQueuePeekFromISR
20007bb9   uxQueueMessagesWaiting
20007bcf   uxQueueSpacesAvailable
20007bef   uxQueueMessagesWaitingFromISR
20007c01   vQueueDelete
20007c25   uxQueueGetQueueNumber
20007c33   vQueueSetQueueNumber
20007c45   ucQueueGetQueueType
20007dfb   xQueueIsQueueEmptyFromISR
20007e3d   xQueueIsQueueFullFromISR
20007e5f   vQueueAddToRegistry
20007ea1   vQueueUnregisterQueue
20007edb   xQueueCreateSet
20007eef   xQueueAddToSet
20007f23   xQueueRemoveFromSet
20007f65   xQueueSelectFromSet
20007f7f   xQueueSelectFromSetFromISR
20007fe9   Standby_ImageSensor
20008001   Wakeup_ImageSensor
2000800f   CaptureAndStore_Image
200082c9   CamControllerInit
20008a95   CameraSensorInit
20008a9d   CameraSensorInit_SettingsFromFlash
20008ac5   StartCapture_SettingsFromFlash
20008af3   WriteConfigRegFile_toFlash
20008bc5   WriteConfigRegFilefromUser_toFlash
20008bf3   StartSensorInJpegMode
20008da7   RegStatusRead
20008de7   WriteAllAEnAWBRegs
20008e09   ReadAllAEnAWBRegs
20008eb5   enableAWB
20008ef9   disableAWB
20008f3d   enableAE
20008f7b   disableAE
20008fc5   JpegConfigReg_Read
20008fed   CCMRegs_Read
2000901d   DigitalGainRegs_Read
20009051   ShutterRegs_Read
20009083   AnalogGainReg_Read
200090c1   PCLK_Rate_read
200090ff   JPEGDataLength_read
20009149   ResetImageSensorMCU
20009177   ReadMCUBootModeReg
20009191   SoftReset_ImageSensor
200091b9   Verify_ImageSensor
200091e9   Variable_Read
20009387   EnterStandby_mt9d111
200093d1   ExitStandby_mt9d111
200094a9   setDataBufferPointer
200094b9   buildRequestHeaders
20009711   headerSend
20009849   payloadSend
20009a67   sendRequest
20009b7d   parseSendRequestInternal
20009bf3   parseSendRequest
20009c27   parseGetErrorCode
20009de9   verifyAccelMagnSensor
20009e17   configureFXOS8700
2000a051   setMotionDetectionThreshold
2000a093   getDoorDirection
2000a149   getMagnFlux_3axis
2000a1cd   getAccelerationMagnitude
2000a321   updateConfigReg
2000a361   clearAccelMotionIntrpt
2000a3b1   FXOS8700CQ_Init
2000a49d   FXOS8700CQ_Mag_Calibration
2000a647   writeMagntCalibrationValue
2000a79f   isPingTime
2000a7f9   updateLastPingTime
2000a7ff   fetchDeviceOSVersion
2000a865   createNewInstallationId
2000ae43   createInstallation
2000ae91   getInstallation
2000af17   parseSetInstallationId
2000af93   parseGetInstallationId
2000b1b5   pow
2000b645   Collect_InitMangReadings
2000b739   WaitFor40Degrees
2000baa5   osi_InterruptRegister
2000bacb   osi_InterruptDeRegister
2000badd   osi_SyncObjCreate
2000bb0d   osi_SyncObjDelete
2000bb27   osi_SyncObjSignal
2000bb4f   osi_SyncObjSignalFromISR
2000bb87   osi_SyncObjWait
2000bbb3   osi_SyncObjClear
2000bbd5   osi_LockObjCreate
2000bbfb   osi_TaskCreate
2000bc3b   osi_TaskDelete
2000bc49   osi_LockObjDelete
2000bc59   osi_LockObjLock
2000bc85   osi_LockObjUnlock
2000bcaf   osi_Spawn
2000bd1d   VStartSimpleLinkSpawnTask
2000bd6d   VDeleteSimpleLinkSpawnTask
2000bd99   osi_MsgQCreate
2000bddd   osi_MsgQDelete
2000bdf7   osi_MsgQWrite
2000be29   osi_MsgQRead
2000be65   mem_Malloc
2000be71   mem_Free
2000be7d   mem_set
2000be91   mem_copy
2000bea5   osi_EnterCritical
2000beaf   osi_ExitCritical
2000beb9   osi_start
2000bec1   osi_Sleep
2000bed1   osi_TaskDisable
2000bedb   osi_TaskEnable
2000bee5   osi_ContextSave
2000bee7   osi_ContextRestore
2000bf01   minit
2000bf8d   malloc
2000bfef   free
2000c0af   realloc
2000c1b5   memalign
2000c295   calloc
2000c2cd   _SlDrvMsgRead
2000c675   socketWait
2000c6c1   socketSslConnect
2000c7ef   socketRead
2000c871   socketWrite
2000c9fd   _SlAsyncEventGenericHandler
2000cd49   simpleJsonProcessor
2000cfd1   findSecondJson
2000cfe9   isCompleteJson
2000d003   getPushJson
2000d061   write
2000d0f1   remove
2000d0f1   unlink
2000d115   rename
2000d153   remove_device
2000d17b   read
2000d19f   open
2000d24d   lseek
2000d271   close
2000d2c3   add_device
2000d371   _Log
2000d655   InitialiseParse
2000d66b   UploadImageToParse
2000d6a1   UploadSensorDataToParse
2000d6c9   retreiveImageIDfromHTTPResponse
2000d703   ConstructDeviceStateObject
2000d929   HOSTwrite
2000d975   HOSTunlink
2000d9ad   HOSTtime
2000d9e7   HOSTrename
2000da45   HOSTread
2000da91   HOSTopen
2000dae3   HOSTlseek
2000db3f   HOSTgetenv
2000db7d   HOSTclose
2000dbb5   HOSTclock
2000dbfd   __vla_dealloc
2000dc8b   __vla_dealloc_eh
2000dd0b   __vla_alloc
2000de9d   loadClientState
2000df45   saveClientState
2000e12d   vAssertCalled
2000e12f   vApplicationIdleHook
2000e131   vApplicationMallocFailedHook
2000e133   vApplicationStackOverflowHook
2000e135   Main_Task
2000e1b3   main
2000e39d   _Exp
2000e599   __aeabi_uldivmod
2000e855   __TI_cleanup
2000e881   freopen
2000e8ab   fopen
2000e94d   CreateFile_Flash
2000e9a5   WriteFile_ToFlash
2000ea4d   ReadFile_FromFlash
2000eb09   InitTerm
2000eb27   Message
2000eb41   ClearTerm
2000eb47   Error
2000eb7b   GetCmd
2000ebdb   TrimSpace
2000ec25   Report
2000ecc1   __aeabi_dsub
2000eccb   __aeabi_dadd
2000ee79   ensureCertificateFile
2000f025   CollectTxit_ImgTempRH
2000f1c1   sl_WlanConnect
2000f35d   _FSin
2000f4f5   DmaSwIntHandler
2000f507   DmaErrorIntHandler
2000f513   UDMAInit
2000f55d   UDMAChannelSelect
2000f585   SetupTransfer
2000f5bb   UDMASetupAutoMemTransfer
2000f5df   UDMASetupPingPongTransfer
2000f629   UDMADeInit
2000f63d   DMASetupTransfer
2000f6eb   I2C_IF_Write
2000f74d   I2C_IF_Read
2000f7b5   I2C_IF_ReadFrom
2000f7d5   I2C_IF_Open
2000f7ff   I2C_IF_Close
2000f815   _LAtan
2000f99d   I2CInit
2000f9bb   I2CBufferRead
2000fa63   I2CBufferWrite
2000fb0d   _SlDrvDataReadOp
2000fc71   addHttpRequestLine
2000fca3   beginHttpRequest
2000fcaf   beginHttpGetRequest
2000fceb   addHttpRequestHeader
2000fd13   addHttpRequestHeaderInt
2000fd23   getHttpResponseStatus
2000fd4d   getHttpResponseBody
2000fdc5   _SlDrvRxHdrRead
2000ff05   sqrt
20010045   __aeabi_ddiv
2001017d   PRCMCC3200MCUInit
200102b1   fputs
200103bd   puts
200103e5   spi_Open
20010515   _SlDrvDataWriteOp
20010641   vListInitialise
20010671   vListInitialiseItem
20010681   vListInsertEnd
200106bd   vListInsert
20010723   uxListRemove
2001076d   _SlDrvMsgWrite
20010881   pxPortInitialiseStack
200108d1   xPortStartScheduler
200108fd   vPortEndScheduler
200108ff   vPortYield
20010911   vPortEnterCritical
20010929   vPortExitCritical
20010941   xPortSysTickHandler
2001095d   vPortSetupTimerInterrupt
20010991   _Dscale
20010aa1   _SlDrvWaitForPoolObj
20010bad   i2cReadRegisters
20010bef   i2cWriteRegisters
20010c59   i2cReadRegistersTwoBytes
20010cb9   sl_Select
20010dc1   _SlDrvReleasePoolObj
20010ec5   atan2l
20010fc9   parseInitialize
20011065   getInternalClient
200110c7   __aeabi_dmul
200111c3   __aeabi_fsub
200111c7   __aeabi_fadd
200112bd   fmodf
200113b5   uDMAChannelTransferSet
200114a5   sl_Connect
2001158d   spi_Write
20011675   setvbuf
20011751   _FAtan
20011829   sl_NetAppDnsGetHostByName
20011901   TimerBaseIntHandler
20011913   InitializeTimer
2001193f   StartTimer
2001195b   StopTimer
20011969   GetTimeDuration
200119d9   sqrtf
20011aa5   spi_Read
20011b71   PinMuxConfig
20011c39   _Dint
20011cfd   _Dnorm
20011dc1   sl_Stop
20011e85   __TI_doflush
20011ed1   fflush
20011f45   _FDscale
20012005   sl_Start
200120c5   asinf
20012185   ulPortSetInterruptMask
2001219b   vPortClearInterruptMask
200121a9   xPortPendSVHandler
200121f5   vPortSVCHandler
2001221d   prvPortStartFirstTask
20012235   portCLZ
2001223d   _SlDrvMsgReadCmdCtx
200122f1   _SlDrvNetAppEventHandler
200123a5   sl_Send
20012455   __TI_wrt_ok
200124b7   __TI_rd_ok
20012501   IntDisable
200125a9   IntEnable
20012651   Timer_IF_Init
2001267b   Timer_IF_IntSetup
200126ad   Timer_IF_InterruptClear
200126c1   Timer_IF_Start
200126d5   Timer_IF_DeInit
200126ed   Timer_IF_GetCount
200126f9   SPIConfigSetExpClk
20012799   fputc
2001281d   putc
20012821   putchar
20012835   __aeabi_memcpy
20012835   __aeabi_memcpy4
20012835   __aeabi_memcpy8
20012835   memcpy
200128d1   _SlFindAndSetActiveObj
20012969   __TI_closefile
200129cf   fclose
20012a01   snprintf
20012a99   PRCMPeripheralClockGet
20012b2d   _SlDrvClassifyRxMsg
20012bc1   __TI_auto_init
20012c55   __aeabi_fdiv
20012ce9   _SlDrvMsgReadSpawnCtx
20012d79   sl_FsRead
20012e05   sl_FsWrite
20012e91   PinConfigSet
20012f19   vsnprintf
20012fa1   sl_NetAppMDNSRegisterUnregisterService
20013029   __aeabi_cdcmpeq
20013029   __aeabi_cdcmple
200130af   __aeabi_cdrcmple
20013135   I2CMasterInitExpClk
200131b9   _SlDrvCmdOp
2001323d   NwpPowerOnPreamble
200132bd   debugPrint
200132d7   debugPrintf
2001333d   _SlDrvDriverCBInit
200133b9   _sl_HandleAsync_DnsGetHostByName
20013435   sl_DevGet
200134b1   sl_FsClose
2001352d   __aeabi_fmul
200135a7   _FDnorm
20013699   __aeabi_memclr
20013699   __aeabi_memclr4
20013699   __aeabi_memclr8
2001369b   __aeabi_memset
2001369b   __aeabi_memset4
2001369b   __aeabi_memset8
200136a1   memset
20013711   UARTConfigSetExpClk
20013789   _sl_HandleAsync_InitComplete
200137fd   sl_WlanGet
20013871   spi_Close
200138e5   TimerIntRegister
20013955   _sl_HandleAsync_PingResponse
200139c5   _sl_TruncatePayloadByProtocol
20013a3d   fprintf
20013aa1   TimerIntUnregister
20013b09   _sl_HandleAsync_Connect
20013b71   _sl_HandleAsync_DnsGetHostByService
20013bd9   sl_FsGetInfo
20013c41   _sl_GetCreateFsMode
20013ca5   _sl_HandleAsync_Accept
20013d09   fseek
20013d6d   _Dunscale
20013dd1   uDMAChannelAttributeDisable
20013e35   uDMAChannelAttributeEnable
20013e99   __aeabi_cfcmpeq
20013e99   __aeabi_cfcmple
20013ef9   __aeabi_cfrcmple
20013f59   sprintf
20013fb9   __TI_writemsg
20013fe3   C$$IO$$
20013fe7   __TI_readmsg
20014077   ltoa
200140d1   IntPendClear
20014129   PRCMPeripheralReset
20014181   _SlDrvDriverCBDeinit
200141d9   _sl_HandleAsync_Select
20014231   IntPrioritySet
20014285   _sl_HandleAsync_Stop
200142d9   _FDunscale
2001432d   sl_FsOpen
20014381   sl_NetAppSendTokenValue
200143d5   intToASCII
20014425   SPIIntEnable
20014471   atoi
200144bd   srand
200144d3   rand
20014509   sl_SetSockOpt
20014555   uDMAChannelAssign
200145a1   _sl_GetStartResponseConvert
200145eb   __aeabi_d2f
20014635   SPIIntClear
2001467d   __aeabi_d2iz
200146c5   sl_DevSet
2001470d   sl_FsDel
20014755   sl_WlanSet
200147e1   TimerConfigure
20014825   copy_in
20014869   C$$EXIT
2001486d   abort
20014875   exit
200148ad   __aeabi_d2uiz
200148f1   _Dtest
20014935   sl_NetCfgSet
20014979   sl_Recv
200149bd   PinModeSet
200149fd   _SlDrvRxIrqHandler
20014a3d   _SlRemoveFromList
20014a7d   signal
20014abd   sl_WlanPolicySet
20014afd   sl_WlanRxFilterSet
20014b3d   NwpPowerOff
20014b79   PRCMPeripheralClkEnable
20014bb5   _SlDrvObjInit
20014bf1   strncasecmp
20014c2d   uDMAChannelControlSet
20014c69   CameraCaptureStop
20014ca3   CameraXClkConfig
20014cdd   pvPortMalloc
20014cfd   vPortFree
20014d15   __aeabi_f2d
20014d4d   __aeabi_f2iz
20014d85   __aeabi_i2f
20014dbd   sl_Htonl
20014df5   GPIODirModeSet
20014e2b   CameraParamsConfig
20014e61   PRCMPeripheralStatusGet
20014e95   SPIFIFOLevelSet
20014ec9   _SlDrvBasicCmd
20014efd   _c_int00
20014f31   feraiseexcept
20014f65   __aeabi_f2uiz
20014f99   strstr
20014fcd   _FDtest
20015001   sl_Htons
20015035   NwpPowerOn
20015065   PinTypeGPIO
20015095   UARTDisable
200150c5   strncpy
200150f5   _Feraise
20015125   sl_Socket
20015155   __aeabi_i2d
20015183   raise
200151b1   CameraIntEnable
200151dd   DmaSpiSwIntHandler
20015209   I2CMasterErr
20015235   PRCMSysResetCauseGet
20015261   _SlDrvFlowContDeinit
2001528d   _SlDrvFlowContInit
200152b9   TimerLoadSet
200152b9   Timer_IF_ReLoad
200152e3   TimerPrescaleSet
2001530d   CameraIntStatus
20015335   PRCMPeripheralClkDisable
2001535d   _sl_BuildAddress
20015385   strncat
200153ad   sl_WlanSetMode
200153d5   CameraThresholdSet
200153fb   strncmp
20015421   CameraIntClear
20015445   IntUnregister
20015469   UARTEnable
2001548d   memmove
200154b1   __aeabi_ui2f
200154d5   sl_Close
200154d5   socketClose
200154f9   sl_NetAppStart
2001551d   sl_NetAppStop
20015541   sl_WlanProfileDel
20015565   CameraCaptureStart
20015587   I2CMasterSlaveAddrSet
200155a9   NwpRegisterInterruptHandler
200155cb   SPIReset
200155ed   SPIWordCountSet
2001560f   memcmp
20015631   IntRegister
20015651   _SlDrvCmdSend
20015671   __aeabi_ui2d
20015691   I2CMasterIntStatusEx
200156af   TimerDisable
200156af   Timer_IF_Stop
200156cd   TimerEnable
200156eb   TimerIntStatus
20015709   UARTCharPut
20015727   PinTypeI2C
20015743   TimerValueGet
20015761   _SlDrvObjDeInit
2001577d   memccpy
20015799   UDMAStopTransfer
20015799   uDMAChannelDisable
200157b5   uDMAChannelEnable
200157d1   CopyPingResultsToReport
200157eb   PinTypeCamera
20015805   PinTypeUART
2001581f   SPIDmaDisable
20015839   SPIDmaEnable
20015853   SPIFIFODisable
2001586d   SPIFIFOEnable
20015887   _SlDrvDeviceEventHandler
200158a1   CameraReset
200158b9   GPIOPinRead
200158d1   SPICSDisable
200158e9   SPICSEnable
20015901   SPIDisable
20015919   SPIEnable
20015931   TimerIntDisable
20015949   TimerIntEnable
20015961   _args_main
20015979   __aeabi_lmul
20015991   strcmp
200159a9   CameraDMAEnable
200159bf   CameraIntRegister
200159d5   I2CMasterDataPut
200159eb   I2CMasterEnable
20015a01   PRCMHIBRegRead
20015a17   PRCMHIBRegWrite
20015a2d   UARTCharGet
20015a43   _sl_Strlen
20015a59   memchr
20015a6f   strchr
20015a85   uDMAIntRegister
20015a9b   CPUcpsie
20015ab1   IntVTableBaseSet
20015ac5   _SlDrvShiftDWord
20015ad9   _register_unlock
20015adf   _register_lock
20015ae7   _nop
20015aed   strlen
20015b01   uDMAControlBaseSet
20015b15   uDMAIntClear
20015b29   I2CMasterControl
20015b3b   I2CMasterIntClearEx
20015b4d   I2CMasterTimeoutSet
20015b5f   TimerIntClear
20015b71   __TI_zero_init
20015b83   sl_NetAppMDNSUnRegisterService
20015b95   uDMAIntUnregister
20015ba9   NwpMaskInterrupt
20015bb9   SL_FD_SET
20015bc9   strcpy
20015bd9   I2CMasterDataGet
20015be7   __TI_decompress_none
20015bf5   _Dclass
20015c03   ResetISR
20015c11   NwpUnMaskInterrupt
20015c1d   uDMADisable
20015c29   uDMAEnable
20015c35   uDMAIntStatus
20015c41   IntMasterEnable
20015c4b   sl_WlanDisconnect
20015c53   MT9D111Delay
20015c59   SL_FD_ZERO
20015c5f   UtilsDelay
20015c65   __TI_decompress_rle24
20015c6b   log
20015c71   sinf
20015c77   __abort_execution
20015c7b   _LDtest
20015dc0   _ctypes_
20015fc8   _SlPolicySetCmdCtrl
20015fcc   _SlPolicyGetCmdCtrl
20015fd0   _SlProfileGetCmdCtrl
20015fd4   _SlProfileDelCmdCtrl
20015fd8   _SlWlanGetNetworkListCtrl
20015fdc   _SlRxFilterAddtCmdCtrl
20015fe0   _SlRxFilterSetCmdCtrl
20015fe4   _SlRxFilterGetCmdCtrl
20015fe8   _SlSmartConfigStartCmdCtrl
20015fec   _SlWlanSetModeCmdCtrl
20015ff0   _SlWlanCfgSetCmdCtrl
20015ff4   _SlWlanCfgGetCmdCtrl
20016610   g_H2NSyncPattern
20016618   g_H2NCnysPattern
20016620   _SlActionLookupTable
200166d8   _SlFsOpenCmdCtrl
200166dc   _SlFsCloseCmdCtrl
200166e0   _SlFsReadCmdCtrl
200166e4   _SlFsWriteCmdCtrl
200166e8   _SlFsGetInfoCmdCtrl
200166ec   _SlFsDeleteCmdCtrl
20016788   _SlSockSocketCmdCtrl
2001678c   _SlSockCloseCmdCtrl
20016790   _SlRecvfomCmdCtrl
20016794   _SlSendCmdCtrl
20016798   _SlListenCmdCtrl
2001679c   _SlAcceptCmdCtrl
200167a0   _SlRecvCmdCtrl
200167a4   _SlSetSockOptCmdCtrl
200167a8   _SlGetSockOptCmdCtrl
200167ac   _SlSelectCmdCtrl
200168bc   _SlNetAppStartCtrl
200168c0   _SlNetAppStopCtrl
200168c4   _SlGetServiceListeCtrl
200168c8   _SlRegisterServiceCtrl
200168cc   _SlGetHostByServiceCtrl
200168d0   _SlGetHostByNameCtrl
200168d4   _SlNetAppSetCmdCtrl
200168d8   _SlNetAppSendTokenValueCmdCtrl
200168dc   _SlNetAppGetCmdCtrl
20016960   g_deviceClientVersion
200169a4   _SlStopCmdCtrl
200169a8   _SlEventMaskSetCmdCtrl
200169ac   _SlEventMaskGetCmdCtrl
200169b0   _SlDeviceGetCmdCtrl
200169b4   _SlDeviceSetCmdCtrl
200169c4   pcDigits
200169d0   _SlNetCfgSetCmdCtrl
200169d4   _SlNetCfgGetCmdCtrl
200169e0   __TI_static_base__
200175ac   __TI_Handler_Table_Base
200175b8   __TI_Handler_Table_Limit
200175c0   __TI_CINIT_Base
200175d0   __TI_CINIT_Limit
20018000   g_image_buffer
2002c000   gpCtlTbl
2002c400   g_NetEntries
2002c770   __CIOBUF_
2002c890   gfpAppCallbackHndl
2002ca58   __TI_tmpnams
2002caf8   xQueueRegistry
2002cb48   clientStateFileName
2002cb7c   g_cWlanSecurityKey
2002cbb0   g_cWlanSSID
2002cbd4   g_ucConnectionSSID
2002cc14   g_flag_blockFull
2002cc8c   g_SecParams
2002cc98   g_ucConnectionBSSID
2002ccac   dataBuffer
2002ccb0   g_block_lastFilled
2002ccb4   g_cWlanSecurityType
2002ccb8   g_frame_size_in_bytes
2002ccbc   g_header_length
2002ccc0   g_position_in_block
2002ccc4   g_readHeader
2002ccd4   v_TimerOverflows
2002ccd9   g_flag_DataBlockFilled
2002ccda   g_frame_end
2002ccdb   iDone
2002cce0   _sys_memory
ffffffff   __binit__
ffffffff   __c_args__
ffffffff   binit
UNDEFED    SHT$$INIT_ARRAY$$Base
UNDEFED    SHT$$INIT_ARRAY$$Limit

[764 symbols]
