******************************************************************************
                  TI ARM Linker PC v5.2.2                      
******************************************************************************
>> Linked Tue Jul 07 18:56:15 2015

OUTPUT FILE NAME:   <ULP_SEC_CAM.out>
ENTRY POINT SYMBOL: "_c_int00"  address: 2001f281


MEMORY CONFIGURATION

         name            origin    length      used     unused   attr    fill
----------------------  --------  ---------  --------  --------  ----  --------
  SRAM_BOOTLDR          20000000   00004000  000023f4  00001c0c  RW X
  SRAM_CODE             20004000   0001e300  0001e232  000000ce  RW X
  SRAM_DATA             20022300   0001dd00  0001c2ff  00001a01  RW X


SEGMENT ALLOCATION MAP

run origin  load origin   length   init length attrs members
----------  ----------- ---------- ----------- ----- -------
20000000    20000000    000013f4   00000000    rw-
  20000000    20000000    000013f4   00000000    rw- .data
20003000    20003000    00001000   00000000    rw-
  20003000    20003000    00001000   00000000    rw- .stack
20004000    20004000    0001e238   0001e238    r-x
  20004000    20004000    00000400   00000400    r-- .intvecs
  20004400    20004400    0001c38c   0001c38c    r-x .text
  2002078c    2002078c    00000ede   00000ede    r-- .const
  20021670    20021670    00000bc8   00000bc8    r-- .cinit
20022400    20022400    0001c300   00000000    rw-
  20022400    20022400    000172ff   00000000    rw- .bss
  20039700    20039700    00005000   00000000    rw- .sysmem


SECTION ALLOCATION MAP

 output                                  attributes/
section   page    origin      length       input sections
--------  ----  ----------  ----------   ----------------
.data      0    20000000    000013f4     UNINITIALIZED
                  20000000    00000600     camera_app.obj (.data:JPEG_StdHuffmanTbl)
                  20000600    00000400     camera_app.obj (.data:g_header)
                  20000a00    000003c9     cc3200_certificate.obj (.data:DigiCertHighAssuranceEVRootCA_der)
                  20000dc9    00000001     tasks.obj (.data)
                  20000dca    00000002     --HOLE--
                  20000dcc    000000f0     rtsv7M4_T_le_eabi.lib : defs.obj (.data:_ftable)
                  20000ebc    000000d0                           : lowlev.obj (.data)
                  20000f8c    000000b0                           : signal.obj (.data:sigtable)
                  2000103c    00000004     cc3200_certificate.obj (.data)
                  20001040    00000080     rtsv7M4_T_le_eabi.lib : xvalues.obj (.data)
                  200010c0    00000068                           : xfvalues.obj (.data)
                  20001128    00000064     network_relater_fns.obj (.data:Token)
                  2000118c    00000064     network_relater_fns.obj (.data:Value)
                  200011f0    00000040     camera_app.obj (.data:JPEG_StdQuantTblC)
                  20001230    00000040     camera_app.obj (.data:JPEG_StdQuantTblY)
                  20001270    00000040     camera_app.obj (.data:zigzag)
                  200012b0    0000003c     main.obj (.data:g_token_get)
                  200012ec    00000034     free_rtos.a : tasks.obj (.data)
                  20001320    00000024     main.obj (.data)
                  20001344    00000018     cc3200_utils.obj (.data)
                  2000135c    00000018     request.obj (.data)
                  20001374    00000010     rtsv7M4_T_le_eabi.lib : defs.obj (.data)
                  20001384    0000000c     free_rtos.a : osi_freertos.obj (.data)
                  20001390    0000000c     rtsv7M4_T_le_eabi.lib : memory.obj (.data)
                  2000139c    00000009     simplelink.a : cc_pal.obj (.data)
                  200013a5    00000003     --HOLE--
                  200013a8    00000009                  : driver.obj (.data)
                  200013b1    00000003     --HOLE--
                  200013b4    00000008     camera_app.obj (.data)
                  200013bc    00000008     rtsv7M4_T_le_eabi.lib : _lock.obj (.data)
                  200013c4    00000008                           : exit.obj (.data)
                  200013cc    00000008                           : feraiseexcept.obj (.data)
                  200013d4    00000006     http.obj (.data)
                  200013da    00000002     --HOLE--
                  200013dc    00000004     free_rtos.a : port.obj (.data)
                  200013e0    00000004     ota.a : OtaHttp.obj (.data)
                  200013e4    00000004     rtsv7M4_T_le_eabi.lib : errno.obj (.data)
                  200013e8    00000004                           : fopen.obj (.data)
                  200013ec    00000004                           : rand.obj (.data)
                  200013f0    00000004                           : stkdepth_vars.obj (.data)

.TI.persistent 
*          0    20000000    00000000     UNINITIALIZED

.stack     0    20003000    00001000     UNINITIALIZED
                  20003000    00001000     --HOLE--

.intvecs   0    20004000    00000400     
                  20004000    00000400     startup_ccs.obj (.intvecs)

.text      0    20004400    0001c38c     
                  20004400    00001258     free_rtos.a : tasks.obj (.text)
                  20005658    000010a6     rtsv7M4_T_le_eabi.lib : _printfi.obj (.text)
                  200066fe    00000002     startup_ccs.obj (.text:BusFaultHandler)
                  20006700    00000b24     free_rtos.a : queue.obj (.text)
                  20007224    00000b02     ota.a : OtaApp.obj (.text)
                  20007d26    00000002     startup_ccs.obj (.text:FaultISR)
                  20007d28    00000a08     magnetic.obj (.text:fUpdateCalibration10EIG)
                  20008730    00000940     ota.a : OtaClient.obj (.text)
                  20009070    000008a4           : CdnClient.obj (.text)
                  20009914    00000884           : OtaHttp.obj (.text)
                  2000a198    00000788     magnetic.obj (.text:fUpdateCalibration4INV)
                  2000a920    00000694     magnetic.obj (.text:fUpdateCalibration7EIG)
                  2000afb4    00000688     matrix.obj (.text:eigencompute)
                  2000b63c    000005ec     simplelink.a : driver.obj (.text:_SlDrvMsgRead)
                  2000bc28    00000584     magnetic.obj (.text:iUpdateMagnetometerBuffer)
                  2000c1ac    000004dc     network_relater_fns.obj (.text:SimpleLinkHttpServerCallback)
                  2000c688    000004be     cc3200_utils.obj (.text:createNewInstallationId)
                  2000cb46    00000002     driverlib.a : interrupt.obj (.text:IntDefaultHandler)
                  2000cb48    000004a0     ota.a : LogClient.obj (.text)
                  2000cfe8    0000045c     free_rtos.a : osi_freertos.obj (.text)
                  2000d444    0000044c     request.obj (.text:buildRequestHeaders)
                  2000d890    0000040c     camera_app.obj (.text:CaptureAndStore_Image)
                  2000dc9c    000003dc     rtsv7M4_T_le_eabi.lib : memory.obj (.text)
                  2000e078    000003b8     matrix.obj (.text:fmatrixAeqInvA)
                  2000e430    0000039c     network_relater_fns.obj (.text:SimpleLinkWlanEventHandler)
                  2000e7cc    00000378     rtsv7M4_T_le_eabi.lib : powf.obj (.text)
                  2000eb44    00000354     orientation.obj (.text:feCompassAndroid)
                  2000ee98    00000354     orientation.obj (.text:feCompassWin8)
                  2000f1ec    00000350     orientation.obj (.text:feCompassNED)
                  2000f53c    00000350     flc.a : flc.obj (.text)
                  2000f88c    00000324     tasks.obj (.text:MagCal_Run)
                  2000fbb0    0000030c     rtsv7M4_T_le_eabi.lib : lowlev.obj (.text)
                  2000febc    000002d4                           : trgdrv.obj (.text)
                  20010190    000002c0     network_relater_fns.obj (.text:ConfigureSimpleLinkToDefaultState)
                  20010450    000002c0     wifi_provisioning_thruAPmode.obj (.text:WiFiProvisioning)
                  20010710    00000298     rtsv7M4_T_le_eabi.lib : vla_alloc.obj (.text)
                  200109a8    0000026e     simplejson.obj (.text:simpleJsonProcessor)
                  20010c16    00000002     startup_ccs.obj (.text:IntDefaultHandler)
                  20010c18    0000026c     wifi_provisioning_thruAPmode.obj (.text:CalibrateMagSensor)
                  20010e84    0000026c     mt9d111.obj (.text:RegLstWrite)
                  200110f0    00000254     lightSens_isl29035.obj (.text:configureISL29035)
                  20011344    00000248     simplelink.a : driver.obj (.text:_SlDrvRxHdrRead)
                  2001158c    00000244                  : wlan.obj (.text:sl_WlanConnect)
                  200117d0    00000218     request.obj (.text:payloadSend)
                  200119e8    0000020c     ota.obj (.text:OTA_Run)
                  20011bf4    000001f8     algorithm_basic.obj (.text:check_doorpos)
                  20011dec    000001f4     rtsv7M4_T_le_eabi.lib : ull_div_t2.obj (.text)
                  20011fe0    000001dc     main_FXOS8700.obj (.text:angleCheck_Initializations)
                  200121bc    000001d0     collect_and_txit.obj (.text:CollectTxit_ImgTempRH)
                  2001238c    000001d0     wifi_provisioning_thruAPmode.obj (.text:User_Configure)
                  2001255c    000001d0     simplelink.a : driver.obj (.text:_SlDrvReleasePoolObj)
                  2001272c    000001cf     camera_app.obj (.text:DefineHuffmanTableMarkerAC)
                  200128fb    00000001     --HOLE-- [fill = 0]
                  200128fc    000001cc     simplelink.a : driver.obj (.text:_SlDrvMsgWrite)
                  20012ac8    000001c4     tasks.obj (.text:RdSensData_Run)
                  20012c8c    000001c4     camera_app.obj (.text:createAndWrite_ImageHeaderFile)
                  20012e50    000001c4     rtsv7M4_T_le_eabi.lib : fopen.obj (.text)
                  20013014    000001c0     magnetic.obj (.text:fInvertMagCal)
                  200131d4    000001bc     wifi_provisioning_thruAPmode.obj (.text:CollectAngle)
                  20013390    000001bc     rtsv7M4_T_le_eabi.lib : xflog.obj (.text)
                  2001354c    000001b8     main.obj (.text:UserConfigure_Task)
                  20013704    000001b6     rtsv7M4_T_le_eabi.lib : fd_add_t2.obj (.text)
                  200138ba    00000002     startup_ccs.obj (.text:NmiSR)
                  200138bc    000001ad     camera_app.obj (.text:FrameHeaderMarker)
                  20013a69    00000001     --HOLE-- [fill = 0]
                  20013a6a    00000002     main.obj (.text:vApplicationIdleHook)
                  20013a6c    000001a4     orientation.obj (.text:fQuaternionFromRotationMatrix)
                  20013c10    000001a4     cc3200_socket.obj (.text:socketSslConnect)
                  20013db4    0000019c     camera_app.obj (.text:CameraIntHandler)
                  20013f50    0000019c     rtsv7M4_T_le_eabi.lib : xfsin.obj (.text)
                  200140ec    00000190     wifi_provisioning_thruAPmode.obj (.text:AccessPtMode_HTTPServer_Start)
                  2001427c    00000190     simplelink.a : driver.obj (.text:_SlDrvWaitForPoolObj)
                  2001440c    0000018c     parse_uploads.obj (.text:ConstructDeviceStateObject)
                  20014598    0000018c     request.obj (.text:sendRequest)
                  20014724    00000188     matrix.obj (.text:f3x3matrixAeqInvSymB)
                  200148ac    00000188     network_relater_fns.obj (.text:initNetwork)
                  20014a34    00000180     camera_app.obj (.text:DefineQuantizationTableMarker)
                  20014bb4    00000180     orientation.obj (.text:fWin8AnglesDegFromRotationMatrix)
                  20014d34    00000178     rtsv7M4_T_le_eabi.lib : tanf.obj (.text)
                  20014eac    00000178                           : xfexp.obj (.text)
                  20015024    00000174     simplelink.a : driver.obj (.text:_SlDrvDriverCBInit)
                  20015198    00000174     magnetic.obj (.text:fInitMagCalibration)
                  2001530c    00000170     network_relater_fns.obj (.text:SimpleLinkNetAppEventHandler)
                  2001547c    00000170     simplelink.a : driver.obj (.text:_SlFindAndSetActiveObj)
                  200155ec    00000168     ota.obj (.text:OTAServerInfoSet)
                  20015754    00000165     network_relater_fns.obj (.text:SimpleLinkSockEventHandler)
                  200158b9    00000003     --HOLE-- [fill = 0]
                  200158bc    00000164     drivers.obj (.text:FXOS8700_Init)
                  20015a20    00000160     tasks.obj (.text:Fusion_Run)
                  20015b80    0000015c     hibernate_related_fns.obj (.text:HIBernate)
                  20015cdc    00000158     orientation.obj (.text:qAeqAxB)
                  20015e34    00000158     orientation.obj (.text:qconjgAxB)
                  20015f8c    0000014c     simplelink.a : cc_pal.obj (.text:spi_Open)
                  200160d8    00000144     fusion.obj (.text:fRun_6DOF_GB_BASIC)
                  2001621c    0000013c     rtsv7M4_T_le_eabi.lib : fmodf.obj (.text)
                  20016358    0000013c     simplelink.a : socket.obj (.text:sl_Select)
                  20016494    00000138     i2cconfig.obj (.text:I2CBufferRead)
                  200165cc    00000138     mt9d111.obj (.text:Register_Read)
                  20016704    00000138     orientation.obj (.text:fLPFOrientationQuaternion)
                  2001683c    00000138     orientation.obj (.text:fRotationMatrixFromQuaternion)
                  20016974    00000136     rtsv7M4_T_le_eabi.lib : fd_div_t2.obj (.text)
                  20016aaa    00000002     --HOLE-- [fill = 0]
                  20016aac    00000134     camera_app.obj (.text:CreateJpegHeader)
                  20016be0    00000134     driverlib.a : prcm.obj (.text:PRCMCC3200MCUInit)
                  20016d14    00000134     rtsv7M4_T_le_eabi.lib : fputs.obj (.text)
                  20016e48    00000130     i2cconfig.obj (.text:I2CBufferWrite)
                  20016f78    00000130     camera_app.obj (.text:create_JpegImageFile)
                  200170a8    0000012c     i2c_app.obj (.text:i2cWriteRegisters)
                  200171d4    0000012a     free_rtos.a : list.obj (.text)
                  200172fe    00000002     --HOLE-- [fill = 0]
                  20017300    00000128     simplelink.a : driver.obj (.text:_SlDrvDataReadOp)
                  20017428    00000128     tempRHSens_si7020.obj (.text:getTempRH)
                  20017550    0000011f     camera_app.obj (.text:DefineHuffmanTableMarkerDC)
                  2001766f    00000001     --HOLE-- [fill = 0]
                  20017670    00000118     network_relater_fns.obj (.text:ConnectToNetwork_STA)
                  20017788    00000116     drivers.obj (.text:FXOS8700_ReadData)
                  2001789e    00000002     --HOLE-- [fill = 0]
                  200178a0    00000114     main.obj (.text:main)
                  200179b4    00000110     free_rtos.a : port.obj (.text)
                  20017ac4    00000110     rtsv7M4_T_le_eabi.lib : xdscale.obj (.text)
                  20017bd4    00000110     lightSens_isl29035.obj (.text:verifyISL29035)
                  20017ce4    00000110     tempRHSens_si7020.obj (.text:verifyTempRHSensor)
                  20017df4    0000010c     flash_files.obj (.text:WriteFile_ToFlash)
                  20017f00    00000108     simplelink.a : socket.obj (.text:sl_Connect)
                  20018008    00000108                  : socket.obj (.text:sl_Send)
                  20018110    00000104     dbgFns.obj (.text:Check_I2CDevices)
                  20018214    00000104     simplelink.a : driver.obj (.text:_SlDrvDataWriteOp)
                  20018318    00000104                  : netapp.obj (.text:sl_NetAppDnsGetHostByName)
                  2001841c    00000100     main.obj (.text:Main_Task_withHibernate)
                  2001851c    00000100     cc3200_client_state.obj (.text:loadClientState)
                  2001861c    000000fe     simplelink.a : netapp.obj (.text:_SlDrvNetAppEventHandler)
                  2001871a    00000002     --HOLE-- [fill = 0]
                  2001871c    000000fc     pinmux.obj (.text:PinMuxConfig)
                  20018818    000000fc     orientation.obj (.text:fqAeqNormqA)
                  20018914    000000fc     rtsv7M4_T_le_eabi.lib : fd_mul_t2.obj (.text)
                  20018a10    000000fa                           : fs_add_t2.obj (.text)
                  20018b0a    00000002     --HOLE-- [fill = 0]
                  20018b0c    000000f8     cc3200_certificate.obj (.text:ensureCertificateFile)
                  20018c04    000000f8     orientation.obj (.text:fAndroidAnglesDegFromRotationMatrix)
                  20018cfc    000000f8     orientation.obj (.text:fNEDAnglesDegFromRotationMatrix)
                  20018df4    000000f8     i2c_app.obj (.text:i2cReadRegistersTwoBytes)
                  20018eec    000000f4     simplelink.a : driver.obj (.text:_SlDrvDriverCBDeinit)
                  20018fe0    000000f4     installation.obj (.text:getInstallation)
                  200190d4    000000f4     simplelink.a : fs.obj (.text:sl_FsRead)
                  200191c8    000000f4     accelomtrMagntomtr_fxos8700.obj (.text:verifyAccelMagnSensor)
                  200192bc    000000f2     cc3200_socket.obj (.text:socketRead)
                  200193ae    00000002     --HOLE-- [fill = 0]
                  200193b0    000000f0     camera_app.obj (.text:DMAConfig)
                  200194a0    000000f0     i2c_app.obj (.text:i2cReadRegisters)
                  20019590    000000f0     driverlib.a : udma.obj (.text:uDMAChannelTransferSet)
                  20019680    000000ef     camera_app.obj (.text:ScanHeaderMarker)
                  2001976f    00000001     --HOLE-- [fill = 0]
                  20019770    000000ec     orientation.obj (.text:fRotationVectorDegFromQuaternion)
                  2001985c    000000ec     simplelink.a : fs.obj (.text:sl_FsWrite)
                  20019948    000000e8     appFns_BatteryLevelSense.obj (.text:Get_BatteryPercent)
                  20019a30    000000e0     flash_files.obj (.text:ReadFile_FromFlash)
                  20019b10    000000dc     ota.obj (.text:OTA_CommitImage)
                  20019bec    000000dc     rtsv7M4_T_le_eabi.lib : setvbuf.obj (.text)
                  20019cc8    000000dc     simplelink.a : cc_pal.obj (.text:spi_Read)
                  20019da4    000000d8                  : driver.obj (.text:_SlDrvClassifyRxMsg)
                  20019e7c    000000d8     rtsv7M4_T_le_eabi.lib : xfatan.obj (.text)
                  20019f54    000000d7     camera_app.obj (.text:JfifApp0Marker)
                  2001a02b    00000001     --HOLE-- [fill = 0]
                  2001a02c    000000d4     simplelink.a : device.obj (.text:sl_Stop)
                  2001a100    000000d0     rtsv7M4_T_le_eabi.lib : xfdscale.obj (.text)
                  2001a1d0    000000cc     approximations.obj (.text:fatan_deg)
                  2001a29c    000000cc     rtsv7M4_T_le_eabi.lib : sqrtf.obj (.text)
                  2001a368    000000c8     simplelink.a : netapp.obj (.text:_sl_HandleAsync_DnsGetHostByService)
                  2001a430    000000c8     rtsv7M4_T_le_eabi.lib : fflush.obj (.text)
                  2001a4f8    000000c4     main.obj (.text:Config_And_Start_CameraCapture)
                  2001a5bc    000000c4     flash_files.obj (.text:CreateFile_Flash)
                  2001a680    000000c0     i2c_if.obj (.text:I2C_IF_Read)
                  2001a740    000000c0     wifi_provisioning_thruAPmode.obj (.text:WlanConnect)
                  2001a800    000000c0     simplelink.a : driver.obj (.text:_SlRemoveFromList)
                  2001a8c0    000000be     rtsv7M4_T_le_eabi.lib : xdnorm.obj (.text)
                  2001a97e    00000002     --HOLE-- [fill = 0]
                  2001a980    000000bc     i2c_if.obj (.text:I2C_IF_Write)
                  2001aa3c    000000bc     simplelink.a : driver.obj (.text:_SlDrvMsgReadCmdCtx)
                  2001aaf8    000000bc     tempRHSens_si7020.obj (.text:configureTempRHSensor)
                  2001abb4    000000bc     rtsv7M4_T_le_eabi.lib : acosf.obj (.text)
                  2001ac70    000000bc     simplelink.a : device.obj (.text:sl_Start)
                  2001ad2c    000000ba     free_rtos.a : portasm.obj (.text)
                  2001ade6    00000002     --HOLE-- [fill = 0]
                  2001ade8    000000b8     simplelink.a : driver.obj (.text:_SlAsyncEventGenericHandler)
                  2001aea0    000000b8     installation.obj (.text:createInstallation)
                  2001af58    000000b4     simplelink.a : netapp.obj (.text:sl_NetAppMDNSRegisterUnregisterService)
                  2001b00c    000000b0     app_common.obj (.text:intToASCII)
                  2001b0bc    000000ac     mt9d111.obj (.text:Verify_ImageSensor)
                  2001b168    000000ac     rtsv7M4_T_le_eabi.lib : _io_perm.obj (.text)
                  2001b214    000000ab     installation.obj (.text:getInstallationByIdCallback)
                  2001b2bf    00000001     --HOLE-- [fill = 0]
                  2001b2c0    000000aa     uartA1_if.obj (.text:Report)
                  2001b36a    00000002     --HOLE-- [fill = 0]
                  2001b36c    000000a8     driverlib.a : interrupt.obj (.text:IntDisable)
                  2001b414    000000a8                 : interrupt.obj (.text:IntEnable)
                  2001b4bc    000000a8     parse_uploads.obj (.text:UploadImageToParse)
                  2001b564    000000a8     simplelink.a : netcfg.obj (.text:sl_NetCfgGet)
                  2001b60c    000000a4     app_common.obj (.text:LED_Blink)
                  2001b6b0    000000a0     driverlib.a : spi.obj (.text:SPIConfigSetExpClk)
                  2001b750    000000a0     cc3200_socket.obj (.text:socketWrite)
                  2001b7f0    0000009e     matrix.obj (.text:f3x3matrixDetA)
                  2001b88e    00000002     --HOLE-- [fill = 0]
                  2001b890    0000009c     simplelink.a : driver.obj (.text:_SlDrvMsgReadSpawnCtx)
                  2001b92c    0000009c     approximations.obj (.text:fatan2_deg)
                  2001b9c8    0000009c     rtsv7M4_T_le_eabi.lib : memcpy_t2.obj (.text)
                  2001ba64    0000009c     simplelink.a : device.obj (.text:sl_DevGet)
                  2001bb00    00000098                  : fs.obj (.text:_sl_GetCreateFsMode)
                  2001bb98    00000098     rtsv7M4_T_le_eabi.lib : fclose.obj (.text)
                  2001bc30    00000098                           : fputc.obj (.text)
                  2001bcc8    00000094     driverlib.a : prcm.obj (.text:PRCMPeripheralClockGet)
                  2001bd5c    00000094     approximations.obj (.text:facos_deg)
                  2001bdf0    00000094     lightSens_isl29035.obj (.text:getLightsensor_data)
                  2001be84    00000094     rtsv7M4_T_le_eabi.lib : snprintf.obj (.text)
                  2001bf18    00000092     parse_impl.obj (.text:parseInitialize)
                  2001bfaa    00000092     rtsv7M4_T_le_eabi.lib : fs_div_t2.obj (.text)
                  2001c03c    00000090     network_relater_fns.obj (.text:InitializeUserConfigVariables)
                  2001c0cc    00000090     parse_uploads.obj (.text:UploadSensorDataToParse)
                  2001c15c    0000008c     simplelink.a : cc_pal.obj (.text:SetupDMAReceive)
                  2001c1e8    0000008c                  : cc_pal.obj (.text:SetupDMASend)
                  2001c274    0000008c                  : netapp.obj (.text:_sl_HandleAsync_DnsGetHostByName)
                  2001c300    0000008c                  : netapp.obj (.text:_sl_HandleAsync_PingResponse)
                  2001c38c    0000008c     rtsv7M4_T_le_eabi.lib : xfdint.obj (.text)
                  2001c418    0000008c     simplelink.a : cc_pal.obj (.text:spi_Write)
                  2001c4a4    00000088     driverlib.a : prcm.obj (.text:PRCMHibernateIntervalSet)
                  2001c52c    00000088                 : pin.obj (.text:PinConfigSet)
                  2001c5b4    00000088     rtsv7M4_T_le_eabi.lib : vsnprintf.obj (.text)
                  2001c63c    00000088     simplelink.a : fs.obj (.text:sl_FsClose)
                  2001c6c4    00000086     rtsv7M4_T_le_eabi.lib : fd_cmp_t2.obj (.text:__aeabi_cdcmple)
                  2001c74a    00000086                           : fd_cmp_t2.obj (.text:__aeabi_cdrcmple)
                  2001c7d0    00000084     timer_if.obj (.text:GetPeripheralIntNum)
                  2001c854    00000084     driverlib.a : i2c.obj (.text:I2CMasterInitExpClk)
                  2001c8d8    00000084     simplelink.a : cc_pal.obj (.text:NwpPowerOnPreamble)
                  2001c95c    00000084     matrix.obj (.text:f3x3matrixAeqI)
                  2001c9e0    00000084     fusion.obj (.text:fInit_6DOF_GB_BASIC)
                  2001ca64    00000080     simplelink.a : driver.obj (.text:_SlDrvCmdOp)
                  2001cae4    00000080                  : cc_pal.obj (.text:spi_Read_CPU)
                  2001cb64    00000080                  : cc_pal.obj (.text:spi_Write_CPU)
                  2001cbe4    0000007c     network_relater_fns.obj (.text:ConfigureMode)
                  2001cc60    0000007c     simplelink.a : device.obj (.text:_sl_HandleAsync_InitComplete)
                  2001ccdc    0000007c     matrix.obj (.text:fmatrixAeqI)
                  2001cd58    0000007c     simplelink.a : fs.obj (.text:sl_FsGetInfo)
                  2001cdd4    0000007a     rtsv7M4_T_le_eabi.lib : fs_mul_t2.obj (.text)
                  2001ce4e    0000007a                           : memset_t2.obj (.text)
                  2001cec8    0000007a                           : xfdnorm.obj (.text)
                  2001cf42    00000002     --HOLE-- [fill = 0]
                  2001cf44    00000078     i2c_if.obj (.text:I2CTransact)
                  2001cfbc    00000078     parse_uploads.obj (.text:InitialiseParse)
                  2001d034    00000078     simplelink.a : socket.obj (.text:_sl_HandleAsync_Connect)
                  2001d0ac    00000078                  : fs.obj (.text:sl_FsOpen)
                  2001d124    00000078                  : cc_pal.obj (.text:spi_Close)
                  2001d19c    00000076     driverlib.a : uart.obj (.text:UARTConfigSetExpClk)
                  2001d212    00000002     --HOLE-- [fill = 0]
                  2001d214    00000074     simplelink.a : socket.obj (.text:sl_Recv)
                  2001d288    00000073     installation.obj (.text:getInstallationCallback)
                  2001d2fb    00000001     --HOLE-- [fill = 0]
                  2001d2fc    00000072     timer_if.obj (.text:Timer_IF_IntSetup)
                  2001d36e    00000002     --HOLE-- [fill = 0]
                  2001d370    00000070     batteryVoltLvlSens_adc081c021.obj (.text:Get_BatteryVoltageLevel_ADC081C021)
                  2001d3e0    0000006c     camera_app.obj (.text:CamControllerInit)
                  2001d44c    0000006c     udma_if.obj (.text:UDMAInit)
                  2001d4b8    0000006c     simplelink.a : driver.obj (.text:_SlDrvCmdSend)
                  2001d524    0000006c     matrix.obj (.text:f3x3matrixAeqMinusA)
                  2001d590    0000006c     request.obj (.text:parseSendRequestInternal)
                  2001d5fc    0000006c     rtsv7M4_T_le_eabi.lib : autoinit.obj (.text)
                  2001d668    0000006c                           : fprintf.obj (.text)
                  2001d6d4    0000006a     matrix.obj (.text:f3x3matrixAeqAxScalar)
                  2001d73e    0000006a     rtsv7M4_T_le_eabi.lib : copy_decompress_rle.obj (.text)
                  2001d7a8    00000069     http.obj (.text:beginHttpGetRequest)
                  2001d811    00000003     --HOLE-- [fill = 0]
                  2001d814    00000068     driverlib.a : prcm.obj (.text:PRCMHibernateWakeUpGPIOSelect)
                  2001d87c    00000068     mt9d111.obj (.text:StartSensorInJpegMode)
                  2001d8e4    00000068     simplelink.a : netapp.obj (.text:_sl_NetAppSendTokenValue)
                  2001d94c    00000068     cc3200_utils.obj (.text:fetchDeviceOSVersion)
                  2001d9b4    00000068     rtsv7M4_T_le_eabi.lib : trgmsg.obj (.text)
                  2001da1c    00000068     simplelink.a : device.obj (.text:sl_DevSet)
                  2001da84    00000068                  : netcfg.obj (.text:sl_NetCfgSet)
                  2001daec    00000068                  : socket.obj (.text:sl_SetSockOpt)
                  2001db54    00000068                  : wlan.obj (.text:sl_WlanSet)
                  2001dbbc    00000067     camera_app.obj (.text:DefineRestartIntervalMarker)
                  2001dc23    00000001     --HOLE-- [fill = 0]
                  2001dc24    00000066     matrix.obj (.text:f3x3matrixAeqScalar)
                  2001dc8a    00000066     rtsv7M4_T_le_eabi.lib : xdunscal.obj (.text)
                  2001dcf0    00000064                           : fseek.obj (.text)
                  2001dd54    00000064     cc3200_socket.obj (.text:socketWait)
                  2001ddb8    00000064     tempRHSens_si7020.obj (.text:softResetTempRHSensor)
                  2001de1c    00000064     driverlib.a : udma.obj (.text:uDMAChannelAttributeDisable)
                  2001de80    00000064                 : udma.obj (.text:uDMAChannelAttributeEnable)
                  2001dee4    00000060     rtsv7M4_T_le_eabi.lib : fs_cmp_t2.obj (.text:__aeabi_cfcmple)
                  2001df44    00000060                           : fs_cmp_t2.obj (.text:__aeabi_cfrcmple)
                  2001dfa4    00000060     simplelink.a : socket.obj (.text:_sl_HandleAsync_Accept)
                  2001e004    00000060     main_FXOS8700.obj (.text:fxosDefault_Initializations)
                  2001e064    00000060     accelomtrMagntomtr_fxos8700.obj (.text:getMagntData)
                  2001e0c4    00000060     rtsv7M4_T_le_eabi.lib : sprintf.obj (.text)
                  2001e124    00000060     simplelink.a : wlan.obj (.text:sl_WlanPolicySet)
                  2001e184    00000060     accelomtrMagntomtr_fxos8700.obj (.text:standby_accelMagn_fxos8700)
                  2001e1e4    0000005c     ota.obj (.text:OTA_Init)
                  2001e240    0000005c     lightSens_isl29035.obj (.text:getLightsensor_intrptStatus)
                  2001e29c    0000005c     simplelink.a : socket.obj (.text:sl_Socket)
                  2001e2f8    00000058     driverlib.a : interrupt.obj (.text:IntPendClear)
                  2001e350    00000058                 : prcm.obj (.text:PRCMPeripheralReset)
                  2001e3a8    00000056     rtsv7M4_T_le_eabi.lib : ltoa.obj (.text)
                  2001e3fe    00000056                           : xfdunsca.obj (.text)
                  2001e454    00000054     driverlib.a : interrupt.obj (.text:IntPrioritySet)
                  2001e4a8    00000054     simplelink.a : socket.obj (.text:_sl_HandleAsync_Select)
                  2001e4fc    00000054     approximations.obj (.text:fasin_deg)
                  2001e550    00000054     request.obj (.text:headerSend)
                  2001e5a4    00000054     simplelink.a : wlan.obj (.text:sl_WlanRxFilterSet)
                  2001e5f8    00000051     installation.obj (.text:createInstallationCallback)
                  2001e649    00000003     --HOLE-- [fill = 0]
                  2001e64c    00000050     i2c_if.obj (.text:I2C_IF_Open)
                  2001e69c    00000050     simplelink.a : device.obj (.text:_sl_HandleAsync_Stop)
                  2001e6ec    00000050     mt9d111.obj (.text:disableAE)
                  2001e73c    00000050     mt9d111.obj (.text:disableAWB)
                  2001e78c    00000050     rtsv7M4_T_le_eabi.lib : fs_toull_t2.obj (.text)
                  2001e7dc    00000050     simplelink.a : fs.obj (.text:sl_FsDel)
                  2001e82c    0000004c     tasks.obj (.text:RdSensData_Init)
                  2001e878    0000004c     driverlib.a : spi.obj (.text:SPIIntEnable)
                  2001e8c4    0000004c     simplelink.a : driver.obj (.text:_SlDrvProtectAsyncRespSetting)
                  2001e910    0000004c                  : driver.obj (.text:_SlDrvRxIrqHandler)
                  2001e95c    0000004c                  : socket.obj (.text:_sl_BuildAddress)
                  2001e9a8    0000004c     rtsv7M4_T_le_eabi.lib : atoi.obj (.text)
                  2001e9f4    0000004c                           : atol.obj (.text)
                  2001ea40    0000004c                           : cpy_tbl.obj (.text)
                  2001ea8c    0000004c                           : rand.obj (.text)
                  2001ead8    0000004c     driverlib.a : udma.obj (.text:uDMAChannelAssign)
                  2001eb24    0000004a     rtsv7M4_T_le_eabi.lib : fd_tos_t2.obj (.text)
                  2001eb6e    00000002     --HOLE-- [fill = 0]
                  2001eb70    00000048     driverlib.a : prcm.obj (.text:PRCMHibernateWakeupSourceDisable)
                  2001ebb8    00000048                 : prcm.obj (.text:PRCMHibernateWakeupSourceEnable)
                  2001ec00    00000048                 : spi.obj (.text:SPIIntClear)
                  2001ec48    00000048     simplelink.a : driver.obj (.text:_SlDrvBasicCmd)
                  2001ec90    00000048     http.obj (.text:addHttpRequestLine)
                  2001ecd8    00000048     approximations.obj (.text:fatan_15deg)
                  2001ed20    00000048     rtsv7M4_T_le_eabi.lib : fd_toi_t2.obj (.text)
                  2001ed68    00000046                           : ldexp.obj (.text)
                  2001edae    00000002     --HOLE-- [fill = 0]
                  2001edb0    00000044     driverlib.a : spi.obj (.text:SPIDmaMaskGet)
                  2001edf4    00000044                 : timer.obj (.text:TimerConfigure)
                  2001ee38    00000044     udma_if.obj (.text:UDMASetupTransfer)
                  2001ee7c    00000044     simplelink.a : cc_pal.obj (.text:cc_SetupTransfer)
                  2001eec0    00000044     main_FXOS8700.obj (.text:fxos_Calibration)
                  2001ef04    00000044     rtsv7M4_T_le_eabi.lib : exit.obj (.text)
                  2001ef48    00000044                           : fd_tou_t2.obj (.text)
                  2001ef8c    00000043     ota.obj (.text:OTA_Update)
                  2001efcf    00000001     --HOLE-- [fill = 0]
                  2001efd0    00000042     simplelink.a : socket.obj (.text:sl_Htonl)
                  2001f012    00000002     --HOLE-- [fill = 0]
                  2001f014    00000040     driverlib.a : pin.obj (.text:PinModeSet)
                  2001f054    00000040     http.obj (.text:getHttpResponseBody)
                  2001f094    00000040     rtsv7M4_T_le_eabi.lib : signal.obj (.text)
                  2001f0d4    00000040     timer_fns.obj (.text:start_100mSecTimer)
                  2001f114    0000003e     appflile_lightSensor.obj (.text:IsLightOff)
                  2001f152    0000003e     rtsv7M4_T_le_eabi.lib : strncasecmp.obj (.text)
                  2001f190    0000003c     simplelink.a : netapp.obj (.text:CopyPingResultsToReport)
                  2001f1cc    0000003c     tasks.obj (.text:Fusion_Init)
                  2001f208    0000003c     driverlib.a : prcm.obj (.text:PRCMPeripheralClkEnable)
                  2001f244    0000003c     simplelink.a : socket.obj (.text:_sl_TruncatePayloadByProtocol)
                  2001f280    0000003c     rtsv7M4_T_le_eabi.lib : boot.obj (.text)
                  2001f2bc    0000003c     simplelink.a : socket.obj (.text:sl_Htons)
                  2001f2f8    0000003c     driverlib.a : udma.obj (.text:uDMAChannelControlSet)
                  2001f334    0000003a                 : camera.obj (.text:CameraCaptureStop)
                  2001f36e    0000003a                 : camera.obj (.text:CameraXClkConfig)
                  2001f3a8    0000003a     orientation.obj (.text:fLPFScalar)
                  2001f3e2    0000003a     request.obj (.text:parseSendRequest)
                  2001f41c    00000039     http.obj (.text:addHttpRequestHeader)
                  2001f455    00000003     --HOLE-- [fill = 0]
                  2001f458    00000038     simplelink.a : cc_pal.obj (.text:NwpPowerOff)
                  2001f490    00000038     free_rtos.a : heap_3.obj (.text)
                  2001f4c8    00000038     rtsv7M4_T_le_eabi.lib : fs_tod_t2.obj (.text)
                  2001f500    00000038                           : fs_toi_t2.obj (.text)
                  2001f538    00000038                           : i_tofs_t2.obj (.text)
                  2001f570    00000036     driverlib.a : gpio.obj (.text:GPIODirModeSet)
                  2001f5a6    00000036     simplelink.a : netapp.obj (.text:sl_NetAppMDNSUnRegisterService)
                  2001f5dc    00000035     http.obj (.text:beginHttpRequest)
                  2001f611    00000001     --HOLE-- [fill = 0]
                  2001f612    00000034     driverlib.a : camera.obj (.text:CameraParamsConfig)
                  2001f646    00000002     --HOLE-- [fill = 0]
                  2001f648    00000034                 : prcm.obj (.text:PRCMPeripheralStatusGet)
                  2001f67c    00000034                 : spi.obj (.text:SPIFIFOLevelSet)
                  2001f6b0    00000034     http.obj (.text:getHttpResponseStatus)
                  2001f6e4    00000034     main_FXOS8700.obj (.text:get_angle)
                  2001f718    00000034     rtsv7M4_T_le_eabi.lib : feraiseexcept.obj (.text)
                  2001f74c    00000034                           : fs_tou_t2.obj (.text)
                  2001f780    00000034                           : strstr.obj (.text)
                  2001f7b4    00000032     timer_if.obj (.text:Timer_IF_Init)
                  2001f7e6    00000030     driverlib.a : pin.obj (.text:PinTypeGPIO)
                  2001f816    00000002     --HOLE-- [fill = 0]
                  2001f818    00000030                 : uart.obj (.text:UARTDisable)
                  2001f848    00000030     simplelink.a : device.obj (.text:_SlDrvDeviceEventHandler)
                  2001f878    00000030                  : fs.obj (.text:_sl_Strlen)
                  2001f8a8    00000030     main_FXOS8700.obj (.text:angleCheck)
                  2001f8d8    00000030     rtsv7M4_T_le_eabi.lib : strncpy.obj (.text)
                  2001f908    00000030                           : xferaise.obj (.text)
                  2001f938    00000030     simplelink.a : socket.obj (.text:sl_Close)
                  2001f968    00000030                  : wlan.obj (.text:sl_WlanProfileDel)
                  2001f998    00000030                  : wlan.obj (.text:sl_WlanSetMode)
                  2001f9c8    0000002e     rtsv7M4_T_le_eabi.lib : i_tofd_t2.obj (.text)
                  2001f9f6    0000002e                           : raise.obj (.text)
                  2001fa24    0000002d     http.obj (.text:addHttpRequestHeaderInt)
                  2001fa51    00000003     --HOLE-- [fill = 0]
                  2001fa54    0000002c     tasks.obj (.text:ApplyMagHAL)
                  2001fa80    0000002c     driverlib.a : camera.obj (.text:CameraIntEnable)
                  2001faac    0000002c     simplelink.a : cc_pal.obj (.text:DmaSpiSwIntHandler)
                  2001fad8    0000002c     driverlib.a : i2c.obj (.text:I2CMasterErr)
                  2001fb04    0000002c     simplelink.a : cc_pal.obj (.text:NwpPowerOn)
                  2001fb30    0000002c     driverlib.a : prcm.obj (.text:PRCMSysResetCauseGet)
                  2001fb5c    0000002c     mt9d111.obj (.text:SoftReset_ImageSensor)
                  2001fb88    0000002c     cc3200_utils.obj (.text:getDeviceTimeDate)
                  2001fbb4    0000002c     request.obj (.text:setDataBufferPointer)
                  2001fbe0    0000002a     driverlib.a : timer.obj (.text:TimerLoadSet)
                  2001fc0a    0000002a                 : timer.obj (.text:TimerPrescaleSet)
                  2001fc34    0000002a     rtsv7M4_T_le_eabi.lib : xdclass.obj (.text)
                  2001fc5e    00000002     --HOLE-- [fill = 0]
                  2001fc60    00000028     driverlib.a : camera.obj (.text:CameraIntStatus)
                  2001fc88    00000028     uartA1_if.obj (.text:InitTerm)
                  2001fcb0    00000028     uartA1_if.obj (.text:Message)
                  2001fcd8    00000028     driverlib.a : prcm.obj (.text:PRCMPeripheralClkDisable)
                  2001fd00    00000028     rtsv7M4_T_le_eabi.lib : strncat.obj (.text)
                  2001fd28    00000028     simplelink.a : netapp.obj (.text:sl_NetAppStart)
                  2001fd50    00000028                  : netapp.obj (.text:sl_NetAppStop)
                  2001fd78    00000026     driverlib.a : camera.obj (.text:CameraThresholdSet)
                  2001fd9e    00000026     simplelink.a : cc_pal.obj (.text:NwpRegisterInterruptHandler)
                  2001fdc4    00000026     rtsv7M4_T_le_eabi.lib : strncmp.obj (.text)
                  2001fdea    00000002     --HOLE-- [fill = 0]
                  2001fdec    00000024     driverlib.a : camera.obj (.text:CameraIntClear)
                  2001fe10    00000024     timer_fns.obj (.text:IntHandler_100mSecTimer)
                  2001fe34    00000024     driverlib.a : interrupt.obj (.text:IntUnregister)
                  2001fe58    00000024     timer_if.obj (.text:Timer_IF_Start)
                  2001fe7c    00000024     driverlib.a : uart.obj (.text:UARTEnable)
                  2001fea0    00000024     mt9d111.obj (.text:WriteAllAEnAWBRegs)
                  2001fec4    00000024     simplelink.a : driver.obj (.text:_SlDrvProtectionObjLockWaitForever)
                  2001fee8    00000024     rtsv7M4_T_le_eabi.lib : u_tofs_t2.obj (.text)
                  2001ff0c    00000022     driverlib.a : camera.obj (.text:CameraCaptureStart)
                  2001ff2e    00000022                 : i2c.obj (.text:I2CMasterSlaveAddrSet)
                  2001ff50    00000022     simplelink.a : socket.obj (.text:SL_FD_SET)
                  2001ff72    00000022     driverlib.a : spi.obj (.text:SPIReset)
                  2001ff94    00000022                 : spi.obj (.text:SPIWordCountSet)
                  2001ffb6    00000022     rtsv7M4_T_le_eabi.lib : frexp.obj (.text)
                  2001ffd8    00000022                           : memcmp.obj (.text)
                  2001fffa    00000020     driverlib.a : gpio.obj (.text:GPIOPinWrite)
                  2002001a    00000002     --HOLE-- [fill = 0]
                  2002001c    00000020                 : interrupt.obj (.text:IntRegister)
                  2002003c    00000020     mt9d111.obj (.text:Refresh_mt9d111Firmware)
                  2002005c    00000020     simplelink.a : driver.obj (.text:_SlDrvProtectionObjUnLock)
                  2002007c    00000020     rtsv7M4_T_le_eabi.lib : memchr.obj (.text)
                  2002009c    00000020                           : u_tofd_t2.obj (.text)
                  200200bc    0000001e     driverlib.a : i2c.obj (.text:I2CMasterIntStatusEx)
                  200200da    0000001e                 : timer.obj (.text:TimerDisable)
                  200200f8    0000001e                 : timer.obj (.text:TimerEnable)
                  20020116    0000001e                 : timer.obj (.text:TimerIntStatus)
                  20020134    0000001e                 : uart.obj (.text:UARTCharPut)
                  20020152    0000001e     simplelink.a : cc_pal.obj (.text:cc_UDMAChannelSelect)
                  20020170    0000001e     rtsv7M4_T_le_eabi.lib : strcat.obj (.text)
                  2002018e    00000002     --HOLE-- [fill = 0]
                  20020190    0000001c     tasks.obj (.text:ApplyAccelHAL)
                  200201ac    0000001c     main.obj (.text:BoardInit)
                  200201c8    0000001c     mt9d111.obj (.text:CameraSensorInit)
                  200201e4    0000001c     udma_if.obj (.text:DmaSwIntHandler)
                  20020200    0000001c     driverlib.a : pin.obj (.text:PinTypeI2C)
                  2002021c    0000001c     simplelink.a : driver.obj (.text:_SlDrvObjLockWaitForever)
                  20020238    0000001c                  : driver.obj (.text:_SlDrvSyncObjWaitForever)
                  20020254    0000001c     rtsv7M4_T_le_eabi.lib : memccpy.obj (.text)
                  20020270    0000001c     timer_fns.obj (.text:stop_100mSecTimer)
                  2002028c    0000001c     driverlib.a : udma.obj (.text:uDMAChannelDisable)
                  200202a8    0000001c                 : udma.obj (.text:uDMAChannelEnable)
                  200202c4    0000001c     main.obj (.text:vApplicationMallocFailedHook)
                  200202e0    0000001a     driverlib.a : pin.obj (.text:PinTypeCamera)
                  200202fa    0000001a                 : pin.obj (.text:PinTypeUART)
                  20020314    0000001a                 : spi.obj (.text:SPIDmaDisable)
                  2002032e    0000001a                 : spi.obj (.text:SPIDmaEnable)
                  20020348    0000001a                 : spi.obj (.text:SPIFIFODisable)
                  20020362    0000001a                 : spi.obj (.text:SPIFIFOEnable)
                  2002037c    00000018                 : camera.obj (.text:CameraReset)
                  20020394    00000018                 : gpio.obj (.text:GPIOPinRead)
                  200203ac    00000018                 : prcm.obj (.text:PRCMHibernateEnter)
                  200203c4    00000018                 : spi.obj (.text:SPICSDisable)
                  200203dc    00000018                 : spi.obj (.text:SPICSEnable)
                  200203f4    00000018                 : spi.obj (.text:SPIDisable)
                  2002040c    00000018                 : spi.obj (.text:SPIEnable)
                  20020424    00000018                 : timer.obj (.text:TimerIntEnable)
                  2002043c    00000018     timer_if.obj (.text:Timer_IF_InterruptClear)
                  20020454    00000018     simplelink.a : driver.obj (.text:_SlDrvObjUnLock)
                  2002046c    00000018                  : driver.obj (.text:_SlDrvSyncObjSignal)
                  20020484    00000018                  : device.obj (.text:_sl_GetStartResponseConvert)
                  2002049c    00000018     rtsv7M4_T_le_eabi.lib : args_main.obj (.text)
                  200204b4    00000018                           : strcmp.obj (.text)
                  200204cc    00000016     driverlib.a : camera.obj (.text:CameraDMAEnable)
                  200204e2    00000016                 : camera.obj (.text:CameraIntRegister)
                  200204f8    00000016                 : i2c.obj (.text:I2CMasterDataPut)
                  2002050e    00000016                 : i2c.obj (.text:I2CMasterEnable)
                  20020524    00000016                 : prcm.obj (.text:PRCMHIBRegRead)
                  2002053a    00000016                 : prcm.obj (.text:PRCMHIBRegWrite)
                  20020550    00000016     simplelink.a : driver.obj (.text:_SlDrvMemZero)
                  20020566    00000016     rtsv7M4_T_le_eabi.lib : strchr.obj (.text)
                  2002057c    00000014     driverlib.a : cpu.obj (.text:CPUcpsie)
                  20020590    00000014                 : interrupt.obj (.text:IntVTableBaseSet)
                  200205a4    00000014     app_common.obj (.text:LED_Off)
                  200205b8    00000014     app_common.obj (.text:LED_On)
                  200205cc    00000014     rtsv7M4_T_le_eabi.lib : _lock.obj (.text)
                  200205e0    00000014                           : strcpy.obj (.text)
                  200205f4    00000014                           : strlen.obj (.text)
                  20020608    00000014     driverlib.a : udma.obj (.text:uDMAControlBaseSet)
                  2002061c    00000014                 : udma.obj (.text:uDMAIntClear)
                  20020630    00000012                 : i2c.obj (.text:I2CMasterControl)
                  20020642    00000012                 : i2c.obj (.text:I2CMasterIntClearEx)
                  20020654    00000012                 : i2c.obj (.text:I2CMasterTimeoutSet)
                  20020666    00000012                 : timer.obj (.text:TimerIntClear)
                  20020678    00000010                 : prcm.obj (.text:PRCMSOCReset)
                  20020688    00000010     simplelink.a : socket.obj (.text:SL_FD_ZERO)
                  20020698    00000010     timer_if.obj (.text:Timer_IF_Stop)
                  200206a8    00000010     cc3200_socket.obj (.text:socketClose)
                  200206b8    0000000e     driverlib.a : i2c.obj (.text:I2CMasterDataGet)
                  200206c6    0000000e     simplelink.a : driver.obj (.text:_SlDrvResetCmdExt)
                  200206d4    0000000e     rtsv7M4_T_le_eabi.lib : copy_decompress_none.obj (.text:decompress:none)
                  200206e2    0000000c     udma_if.obj (.text:DmaErrorIntHandler)
                  200206ee    00000002     --HOLE-- [fill = 0]
                  200206f0    0000000c     simplelink.a : cc_pal.obj (.text:NwpMaskInterrupt)
                  200206fc    0000000c                  : cc_pal.obj (.text:NwpUnMaskInterrupt)
                  20020708    0000000c     rtsv7M4_T_le_eabi.lib : copy_zero_init.obj (.text:decompress:ZI)
                  20020714    0000000c     parse_impl.obj (.text:getInternalClient)
                  20020720    0000000c     simplelink.a : wlan.obj (.text:sl_WlanDisconnect)
                  2002072c    0000000c     driverlib.a : udma.obj (.text:uDMAEnable)
                  20020738    0000000c                 : udma.obj (.text:uDMAIntStatus)
                  20020744    0000000a                 : interrupt.obj (.text:IntMasterEnable)
                  2002074e    0000000a     main.obj (.text:vApplicationStackOverflowHook)
                  20020758    00000008     hibernate_related_fns.obj (.text:sensorsTriggerSetup)
                  20020760    00000006     i2cconfig.obj (.text:MT9D111Delay)
                  20020766    00000006     startup_ccs.obj (.text:ResetISR)
                  2002076c    00000006     driverlib.a : utils.obj (.text:UtilsDelay)
                  20020772    00000006     rtsv7M4_T_le_eabi.lib : copy_decompress_rle.obj (.text:decompress:rle24)
                  20020778    00000006                           : logf.obj (.text)
                  2002077e    00000006                           : sinf.obj (.text)
                  20020784    00000004                           : error.obj (.text)
                  20020788    00000004                           : pre_init.obj (.text)

.const     0    2002078c    00000ede     
                  2002078c    0000013c     mt9d111.obj (.const:init_cmds_list)
                  200208c8    00000101     rtsv7M4_T_le_eabi.lib : ctype.obj (.const:.string:_ctypes_)
                  200209c9    00000003     --HOLE-- [fill = 0]
                  200209cc    00000100     driverlib.a : pin.obj (.const:g_ulPinToPadMap)
                  20020acc    000000d4                 : interrupt.obj (.const:g_pulRegs)
                  20020ba0    000000d0     mt9d111.obj (.const)
                  20020c70    000000c4     mt9d111.obj (.const:capture_cmds_list)
                  20020d34    000000b0     simplelink.a : wlan.obj (.const:$P$T0$1)
                  20020de4    000000a8     driverlib.a : prcm.obj (.const:PRCM_PeriphRegsList)
                  20020e8c    00000090     wifi_provisioning_thruAPmode.obj (.const:.string)
                  20020f1c    00000080     driverlib.a : interrupt.obj (.const)
                  20020f9c    00000072     lightSens_isl29035.obj (.const:.string)
                  2002100e    00000002     --HOLE-- [fill = 0]
                  20021010    00000068     appFns_BatteryLevelSense.obj (.const:V2CEntry$1)
                  20021078    00000050     accelomtrMagntomtr_fxos8700.obj (.const:.string)
                  200210c8    0000004c     mt9d111.obj (.const:$P$T4$5)
                  20021114    0000004b     tempRHSens_si7020.obj (.const:.string)
                  2002115f    0000004a     camera_app.obj (.const:.string)
                  200211a9    00000042     mt9d111.obj (.const:.string)
                  200211eb    00000040     network_relater_fns.obj (.const:.string)
                  2002122b    0000003c     i2c_app.obj (.const:.string)
                  20021267    00000001     --HOLE-- [fill = 0]
                  20021268    0000003c     simplelink.a : driver.obj (.const:OpcodeTranslateTable)
                  200212a4    0000003c                  : wlan.obj (.const)
                  200212e0    00000038                  : driver.obj (.const:_SlActionLookupTable)
                  20021318    00000038     rtsv7M4_T_le_eabi.lib : xflog.obj (.const)
                  20021350    00000038     simplelink.a : fs.obj (.const)
                  20021388    00000036     flash_files.obj (.const:.string)
                  200213be    00000002     --HOLE-- [fill = 0]
                  200213c0    00000034     rtsv7M4_T_le_eabi.lib : xfatan.obj (.const)
                  200213f4    00000034     simplelink.a : driver.obj (.const)
                  20021428    00000034                  : socket.obj (.const)
                  2002145c    0000002c     network_relater_fns.obj (.const:$P$T1$2)
                  20021488    0000002b     parse_uploads.obj (.const:.string)
                  200214b3    00000001     --HOLE-- [fill = 0]
                  200214b4    00000028     rtsv7M4_T_le_eabi.lib : xfdint.obj (.const)
                  200214dc    00000028                           : xfsin.obj (.const)
                  20021504    00000028     simplelink.a : netapp.obj (.const)
                  2002152c    00000024     main.obj (.const:.string)
                  20021550    00000023     batteryVoltLvlSens_adc081c021.obj (.const:.string:$P$T0$1)
                  20021573    00000022     network_relater_fns.obj (.const:.string:$P$T0$1)
                  20021595    00000003     --HOLE-- [fill = 0]
                  20021598    0000001c     rtsv7M4_T_le_eabi.lib : tanf.obj (.const)
                  200215b4    0000001c                           : xfexp.obj (.const)
                  200215d0    00000018     driverlib.a : spi.obj (.const)
                  200215e8    00000017     request.obj (.const:.string)
                  200215ff    00000016     collect_and_txit.obj (.const:.string)
                  20021615    00000014     network_relater_fns.obj (.const)
                  20021629    00000001     --HOLE-- [fill = 0]
                  2002162a    00000014     simplelink.a : device.obj (.const)
                  2002163e    00000010                  : socket.obj (.const:.string)
                  2002164e    0000000b     app_common.obj (.const:.string)
                  20021659    00000008     simplelink.a : device.obj (.const:.string)
                  20021661    00000001     --HOLE-- [fill = 0]
                  20021662    00000008                  : netcfg.obj (.const)

.cinit     0    20021670    00000bc8     
                  20021670    00000ba2     (.cinit..data.load) [load image, compression = rle]
                  20022212    00000002     --HOLE-- [fill = 0]
                  20022214    0000000c     (__TI_handler_table)
                  20022220    00000008     (.cinit..bss.load) [load image, compression = zero_init]
                  20022228    00000010     (__TI_cinit_table)

.init_array 
*          0    20004000    00000000     UNINITIALIZED

.bss       0    20022400    000172ff     UNINITIALIZED
                  20022400    00014000     main.obj (.bss:g_image_buffer)
                  20036400    00000b58     tasks.obj (.bss:thisMagBuffer)
                  20036f58    000005a0     ota.a : OtaHttp.obj (.bss:recv_buf)
                  200374f8    0000044c           : OtaClient.obj (.bss:g_OtaCheckUpdateResponse)
                  20037944    00000418     wifi_provisioning_thruAPmode.obj (.bss:thisMagCal)
                  20037d5c    00000240     ota.obj (.bss:g_otaOptServerInfo)
                  20037f9c    00000058     tasks.obj (.bss:thisMag)
                  20037ff4    0000000c     (.common:g_SecParams)
                  20038000    00000400     udma_if.obj (.bss:gpCtlTbl)
                  20038400    000003d8     ota.a : OtaClient.obj (.bss:g_OtaFileMetadata)
                  200387d8    00000370     main.obj (.bss:g_NetEntries)
                  20038b48    00000200     ota.a : OtaHttp.obj (.bss:send_buf)
                  20038d48    00000178     simplelink.a : driver.obj (.bss:g_StatMem)
                  20038ec0    00000120     rtsv7M4_T_le_eabi.lib : trgmsg.obj (.bss:__CIOBUF_)
                  20038fe0    00000100     udma_if.obj (.bss:gfpAppCallbackHndl)
                  200390e0    000000c8     free_rtos.a : tasks.obj (.bss:pxReadyTasksLists)
                  200391a8    000000ac     tasks.obj (.bss:thisSV_6DOF_GB_BASIC)
                  20039254    000000a0     rtsv7M4_T_le_eabi.lib : defs.obj (.bss:__TI_tmpnams)
                  200392f4    00000074     ota.a : CdnClient.obj (.bss:g_CdnClient)
                  20039368    00000050     simplelink.a : cc_pal.obj (.bss:g_ucDinDout)
                  200393b8    00000050     free_rtos.a : queue.obj (.bss:xQueueRegistry)
                  20039408    0000004c     ota.a : OtaApp.obj (.bss:g_OtaApp)
                  20039454    0000004c           : OtaApp.obj (.bss:g_OtaApp_statistics)
                  200394a0    00000034     cc3200_client_state.obj (.bss:clientStateFileName)
                  200394d4    00000034     main.obj (.bss:g_cWlanSecurityKey)
                  20039508    00000034     tasks.obj (.bss:thisAccel)
                  2003953c    00000024     ota.a : OtaClient.obj (.bss:g_OtaClient)
                  20039560    00000024     main.obj (.bss:g_cWlanSSID)
                  20039584    00000024     main.obj (.bss:g_ucConnectionSSID)
                  200395a8    0000001c     rtsv7M4_T_le_eabi.lib : vla_alloc.obj (.bss)
                  200395c4    00000014     (.common:g_FlcSflashCb)
                  200395d8    00000014     (.common:g_flag_blockFull)
                  200395ec    00000014     (.common:xDelayedTaskList1)
                  20039600    00000014     (.common:xDelayedTaskList2)
                  20039614    00000014     (.common:xPendingReadyList)
                  20039628    00000014     (.common:xSuspendedTaskList)
                  2003963c    00000014     (.common:xTasksWaitingTermination)
                  20039650    00000010     (.common:ang_buf)
                  20039660    00000010     (.common:globals)
                  20039670    00000010     (.common:mqxglobals)
                  20039680    00000008     (.common:g_LogClient)
                  20039688    00000008     (.common:g_ucConnectionBSSID)
                  20039690    00000008     (.common:parmbuf)
                  20039698    00000008     (.common:sBootInfo)
                  200396a0    00000004     (.common:DMAMsgQ)
                  200396a4    00000004     (.common:Elapsed_100MilliSecs)
                  200396a8    00000004     (.common:__Errorlog)
                  200396ac    00000004     (.common:angle_avg)
                  200396b0    00000004     (.common:dataBuffer)
                  200396b4    00000004     (.common:g_block_lastFilled)
                  200396b8    00000004     (.common:g_cDummy)
                  200396bc    00000004     (.common:g_cWlanSecurityType)
                  200396c0    00000004     (.common:g_frame_size_in_bytes)
                  200396c4    00000004     (.common:g_header_length)
                  200396c8    00000004     (.common:g_position_in_block)
                  200396cc    00000004     (.common:g_readHeader)
                  200396d0    00000004     (.common:g_total_dma_intrpts)
                  200396d4    00000004     (.common:g_ulAppStatus)
                  200396d8    00000004     (.common:gdoor_40deg_angle)
                  200396dc    00000004     (.common:gdoor_90deg_angle)
                  200396e0    00000004     (.common:pvOtaApp)
                  200396e4    00000004     (.common:pxDelayedTaskList)
                  200396e8    00000004     (.common:pxOverflowDelayedTaskList)
                  200396ec    00000001     (.common:RxIrqCnt)
                  200396ed    00000001     (.common:avg_buffer_cnt)
                  200396ee    00000001     (.common:checkForLight_Flag)
                  200396ef    00000001     (.common:g_dma_txn_done)
                  200396f0    00000001     (.common:g_flag_DataBlockFilled)
                  200396f1    00000001     (.common:g_flag_door_closing_45degree)
                  200396f2    00000001     (.common:g_frame_end)
                  200396f3    00000001     (.common:g_ucAngle40)
                  200396f4    00000001     (.common:g_ucAngle90)
                  200396f5    00000001     (.common:g_ucCalibration)
                  200396f6    00000001     (.common:g_ucConfig)
                  200396f7    00000001     (.common:g_ucExitButton)
                  200396f8    00000001     (.common:g_ucMagCalb)
                  200396f9    00000001     (.common:g_ucProfileAdded)
                  200396fa    00000001     (.common:g_ucPushButtonPressedTwice)
                  200396fb    00000001     (.common:iDone)
                  200396fc    00000001     (.common:isitfirsttime)
                  200396fd    00000001     (.common:print_count)
                  200396fe    00000001     (.common:valid_case)

.TI.noinit 
*          0    20022400    00000000     UNINITIALIZED

.sysmem    0    20039700    00005000     UNINITIALIZED
                  20039700    00000008     rtsv7M4_T_le_eabi.lib : memory.obj (.sysmem)
                  20039708    00004ff8     --HOLE--


LINKER GENERATED COPY TABLES

__TI_cinit_table @ 20022228 records: 2, size/record: 8, table size: 16
	.data: load addr=20021670, load size=00000ba2 bytes, run addr=20000000, run size=000013f4 bytes, compression=rle
	.bss: load addr=20022220, load size=00000008 bytes, run addr=20022400, run size=000172ff bytes, compression=zero_init


LINKER GENERATED HANDLER TABLE

__TI_handler_table @ 20022214 records: 3, size/record: 4, table size: 12
	index: 0, handler: __TI_decompress_rle24
	index: 1, handler: __TI_decompress_none
	index: 2, handler: __TI_zero_init


GLOBAL SYMBOLS: SORTED ALPHABETICALLY BY Name 

address   name                                  
-------   ----                                  
200140ed  AccessPtMode_HTTPServer_Start         
20020191  ApplyAccelHAL                         
2001fa55  ApplyMagHAL                           
2001ef05  C$$EXIT                               
2001d9e3  C$$IO$$                               
2002057d  CPUcpsie                              
20010c19  CalibrateMagSensor                    
2001d3e1  CamControllerInit                     
2001ff0d  CameraCaptureStart                    
2001f335  CameraCaptureStop                     
200204cd  CameraDMAEnable                       
2001fded  CameraIntClear                        
2001fa81  CameraIntEnable                       
200204e3  CameraIntRegister                     
2001fc61  CameraIntStatus                       
2001f613  CameraParamsConfig                    
2002037d  CameraReset                           
200201c9  CameraSensorInit                      
2001fd79  CameraThresholdSet                    
2001f36f  CameraXClkConfig                      
2000d891  CaptureAndStore_Image                 
20009769  CdnClient_CloseServer                 
20009787  CdnClient_ConnectByUrl                
20009737  CdnClient_Init                        
200091cd  CdnClient_Run                         
200091c3  CdnClient_SetFileInfo                 
20018111  Check_I2CDevices                      
200131d5  CollectAngle                          
200121bd  CollectTxit_ImgTempRH                 
2001a4f9  Config_And_Start_CameraCapture        
2001cbe5  ConfigureMode                         
20010191  ConfigureSimpleLinkToDefaultState     
20017671  ConnectToNetwork_STA                  
2001440d  ConstructDeviceStateObject            
2001f191  CopyPingResultsToReport               
2001a5bd  CreateFile_Flash                      
200396a0  DMAMsgQ                               
2000103c  DigiCertHighAssuranceEVRootCA_der_len 
200206e3  DmaErrorIntHandler                    
2001faad  DmaSpiSwIntHandler                    
200201e5  DmaSwIntHandler                       
200396a4  Elapsed_100MilliSecs                  
200158bd  FXOS8700_Init                         
20017789  FXOS8700_ReadData                     
2001f1cd  Fusion_Init                           
20015a21  Fusion_Run                            
2001f571  GPIODirModeSet                        
20020395  GPIOPinRead                           
2001fffb  GPIOPinWrite                          
20019949  Get_BatteryPercent                    
2001d371  Get_BatteryVoltageLevel_ADC081C021    
20015b81  HIBernate                             
20010149  HOSTclock                             
20010111  HOSTclose                             
200100d3  HOSTgetenv                            
20010077  HOSTlseek                             
20010025  HOSTopen                              
2000ffd9  HOSTread                              
2000ff7b  HOSTrename                            
2000ff41  HOSTtime                              
2000ff09  HOSTunlink                            
2000febd  HOSTwrite                             
20016495  I2CBufferRead                         
20016e49  I2CBufferWrite                        
20020631  I2CMasterControl                      
200206b9  I2CMasterDataGet                      
200204f9  I2CMasterDataPut                      
2002050f  I2CMasterEnable                       
2001fad9  I2CMasterErr                          
2001c855  I2CMasterInitExpClk                   
20020643  I2CMasterIntClearEx                   
200200bd  I2CMasterIntStatusEx                  
2001ff2f  I2CMasterSlaveAddrSet                 
20020655  I2CMasterTimeoutSet                   
2001e64d  I2C_IF_Open                           
2001a681  I2C_IF_Read                           
2001a981  I2C_IF_Write                          
2001fc89  InitTerm                              
2001cfbd  InitialiseParse                       
2001c03d  InitializeUserConfigVariables         
2001b36d  IntDisable                            
2001b415  IntEnable                             
2001fe11  IntHandler_100mSecTimer               
20020745  IntMasterEnable                       
2001e2f9  IntPendClear                          
2001e455  IntPrioritySet                        
2002001d  IntRegister                           
2001fe35  IntUnregister                         
20020591  IntVTableBaseSet                      
2001f115  IsLightOff                            
20000000  JPEG_StdHuffmanTbl                    
200011f0  JPEG_StdQuantTblC                     
20001230  JPEG_StdQuantTblY                     
2001b60d  LED_Blink                             
200205a5  LED_Off                               
200205b9  LED_On                                
2000cd01  LogClient_Close                       
2000cd19  LogClient_ConnectAndPrint             
2000ccb9  LogClient_ConnectServer               
2000cca1  LogClient_Init                        
2000cb49  LogClient_Print                       
20020761  MT9D111Delay                          
2000f88d  MagCal_Run                            
2001841d  Main_Task_withHibernate               
2001fcb1  Message                               
200206f1  NwpMaskInterrupt                      
2001f459  NwpPowerOff                           
2001fb05  NwpPowerOn                            
2001c8d9  NwpPowerOnPreamble                    
2001fd9f  NwpRegisterInterruptHandler           
200206fd  NwpUnMaskInterrupt                    
200155ed  OTAServerInfoSet                      
20019b11  OTA_CommitImage                       
2001e1e5  OTA_Init                              
200119e9  OTA_Run                               
2001ef8d  OTA_Update                            
20021268  OpcodeTranslateTable                  
20008fdf  OtaClient_CloseServer                 
20008f95  OtaClient_ConnectServer               
20008db1  OtaClient_GetNextUpdate               
20008c07  OtaClient_Init                        
20008ab9  OtaClient_ResourceMetadata            
200087fb  OtaClient_ResourceNameConvert         
20008731  OtaClient_UpdateCheck                 
20016be1  PRCMCC3200MCUInit                     
20020525  PRCMHIBRegRead                        
2002053b  PRCMHIBRegWrite                       
200203ad  PRCMHibernateEnter                    
2001c4a5  PRCMHibernateIntervalSet              
2001d815  PRCMHibernateWakeUpGPIOSelect         
2001eb71  PRCMHibernateWakeupSourceDisable      
2001ebb9  PRCMHibernateWakeupSourceEnable       
2001fcd9  PRCMPeripheralClkDisable              
2001f209  PRCMPeripheralClkEnable               
2001bcc9  PRCMPeripheralClockGet                
2001e351  PRCMPeripheralReset                   
2001f649  PRCMPeripheralStatusGet               
20020679  PRCMSOCReset                          
2001fb31  PRCMSysResetCauseGet                  
2001c52d  PinConfigSet                          
2001f015  PinModeSet                            
2001871d  PinMuxConfig                          
200202e1  PinTypeCamera                         
2001f7e7  PinTypeGPIO                           
20020201  PinTypeI2C                            
200202fb  PinTypeUART                           
2001e82d  RdSensData_Init                       
20012ac9  RdSensData_Run                        
20019a31  ReadFile_FromFlash                    
2002003d  Refresh_mt9d111Firmware               
2001b2c1  Report                                
20020767  ResetISR                              
200396ec  RxIrqCnt                              
20021404  RxMsgClassLUT                         
UNDEFED   SHT$$INIT_ARRAY$$Base                 
UNDEFED   SHT$$INIT_ARRAY$$Limit                
2001ff51  SL_FD_SET                             
20020689  SL_FD_ZERO                            
200203c5  SPICSDisable                          
200203dd  SPICSEnable                           
2001b6b1  SPIConfigSetExpClk                    
200203f5  SPIDisable                            
20020315  SPIDmaDisable                         
2002032f  SPIDmaEnable                          
2002040d  SPIEnable                             
20020349  SPIFIFODisable                        
20020363  SPIFIFOEnable                         
2001f67d  SPIFIFOLevelSet                       
2001ec01  SPIIntClear                           
2001e879  SPIIntEnable                          
2001ff73  SPIReset                              
2001ff95  SPIWordCountSet                       
20001320  SecurityParams                        
2000c1ad  SimpleLinkHttpServerCallback          
2001530d  SimpleLinkNetAppEventHandler          
20015755  SimpleLinkSockEventHandler            
2000e431  SimpleLinkWlanEventHandler            
2001fb5d  SoftReset_ImageSensor                 
20021659  StartResponseLUT                      
2001d87d  StartSensorInJpegMode                 
2001edf5  TimerConfigure                        
200200db  TimerDisable                          
200200f9  TimerEnable                           
20020667  TimerIntClear                         
20020425  TimerIntEnable                        
20020117  TimerIntStatus                        
2001fbe1  TimerLoadSet                          
2001fc0b  TimerPrescaleSet                      
2001f7b5  Timer_IF_Init                         
2001d2fd  Timer_IF_IntSetup                     
2002043d  Timer_IF_InterruptClear               
2001fe59  Timer_IF_Start                        
20020699  Timer_IF_Stop                         
20001128  Token                                 
20020135  UARTCharPut                           
2001d19d  UARTConfigSetExpClk                   
2001f819  UARTDisable                           
2001fe7d  UARTEnable                            
2001d44d  UDMAInit                              
2001ee39  UDMASetupTransfer                     
2001b4bd  UploadImageToParse                    
2001c0cd  UploadSensorDataToParse               
2001354d  UserConfigure_Task                    
2001238d  User_Configure                        
2002076d  UtilsDelay                            
2000d2b1  VDeleteSimpleLinkSpawnTask            
2000d261  VStartSimpleLinkSpawnTask             
2000118c  Value                                 
2001b0bd  Verify_ImageSensor                    
20010451  WiFiProvisioning                      
2001fea1  WriteAllAEnAWBRegs                    
20017df5  WriteFile_ToFlash                     
2001fc35  _Dclass                               
20001040  _Denorm                               
2001a8c1  _Dnorm                                
20017ac5  _Dscale                               
2001dc8b  _Dunscale                             
20001050  _Eps                                  
200013e4  _Errno                                
20019e7d  _FAtan                                
200010c0  _FDenorm                              
2001c38d  _FDint                                
2001cec9  _FDnorm                               
2001a101  _FDscale                              
2001e3ff  _FDunscale                            
200010d0  _FEps                                 
20014ead  _FExp                                 
200010e0  _FInf                                 
20013391  _FLog                                 
200010f0  _FNan                                 
20001110  _FRteps                               
20013f51  _FSin                                 
20001100  _FSnan                                
20001120  _FXbig                                
20001124  _FZero                                
200013cc  _Fenv                                 
2001f909  _Feraise                              
20001060  _Hugeval                              
20001070  _Inf                                  
20001080  _Nan                                  
2000914f  _OpenStorageFile                      
20007229  _OtaCleanToIdle                       
200090e5  _ReadFileHeaders                      
2000733b  _ReadStatFile                         
200090d9  _RecvFileChunk                        
200010a0  _Rteps                                
2002143c  _SlAcceptCmdCtrl                      
200212e0  _SlActionLookupTable                  
2001ade9  _SlAsyncEventGenericHandler           
20021636  _SlDeviceGetCmdCtrl                   
2002163a  _SlDeviceSetCmdCtrl                   
2001ec49  _SlDrvBasicCmd                        
20019da5  _SlDrvClassifyRxMsg                   
2001ca65  _SlDrvCmdOp                           
2001d4b9  _SlDrvCmdSend                         
20017301  _SlDrvDataReadOp                      
20018215  _SlDrvDataWriteOp                     
2001f849  _SlDrvDeviceEventHandler              
20018eed  _SlDrvDriverCBDeinit                  
20015025  _SlDrvDriverCBInit                    
20020551  _SlDrvMemZero                         
2000b63d  _SlDrvMsgRead                         
2001aa3d  _SlDrvMsgReadCmdCtx                   
2001b891  _SlDrvMsgReadSpawnCtx                 
200128fd  _SlDrvMsgWrite                        
2001861d  _SlDrvNetAppEventHandler              
2002021d  _SlDrvObjLockWaitForever              
20020455  _SlDrvObjUnLock                       
2001e8c5  _SlDrvProtectAsyncRespSetting         
2001fec5  _SlDrvProtectionObjLockWaitForever    
2002005d  _SlDrvProtectionObjUnLock             
2001255d  _SlDrvReleasePoolObj                  
200206c7  _SlDrvResetCmdExt                     
20011345  _SlDrvRxHdrRead                       
2001e911  _SlDrvRxIrqHandler                    
2002046d  _SlDrvSyncObjSignal                   
20020239  _SlDrvSyncObjWaitForever              
2001427d  _SlDrvWaitForPoolObj                  
20021632  _SlEventMaskGetCmdCtrl                
2002162e  _SlEventMaskSetCmdCtrl                
2001547d  _SlFindAndSetActiveObj                
20021354  _SlFsCloseCmdCtrl                     
20021364  _SlFsDeleteCmdCtrl                    
20021360  _SlFsGetInfoCmdCtrl                   
20021350  _SlFsOpenCmdCtrl                      
20021358  _SlFsReadCmdCtrl                      
2002135c  _SlFsWriteCmdCtrl                     
20021518  _SlGetHostByNameCtrl                  
20021514  _SlGetHostByServiceCtrl               
2002150c  _SlGetServiceListeCtrl                
20021448  _SlGetSockOptCmdCtrl                  
20021438  _SlListenCmdCtrl                      
20021524  _SlNetAppGetCmdCtrl                   
20021520  _SlNetAppSendTokenValueCmdCtrl        
2002151c  _SlNetAppSetCmdCtrl                   
20021504  _SlNetAppStartCtrl                    
20021508  _SlNetAppStopCtrl                     
20021666  _SlNetCfgGetCmdCtrl                   
20021662  _SlNetCfgSetCmdCtrl                   
2002163e  _SlPayloadByProtocolLUT               
200212a8  _SlPolicyGetCmdCtrl                   
200212a4  _SlPolicySetCmdCtrl                   
200212b0  _SlProfileDelCmdCtrl                  
200212ac  _SlProfileGetCmdCtrl                  
20021440  _SlRecvCmdCtrl                        
20021430  _SlRecvfomCmdCtrl                     
20021510  _SlRegisterServiceCtrl                
2001a801  _SlRemoveFromList                     
200212b8  _SlRxFilterAddtCmdCtrl                
200212c0  _SlRxFilterGetCmdCtrl                 
200212bc  _SlRxFilterSetCmdCtrl                 
2002144c  _SlSelectCmdCtrl                      
20021434  _SlSendCmdCtrl                        
20021444  _SlSetSockOptCmdCtrl                  
200212c4  _SlSmartConfigStartCmdCtrl            
2002142c  _SlSockCloseCmdCtrl                   
[...]
2001ce57  memset                                
2001cec9  _FDnorm                               
2001cfbd  InitialiseParse                       
2001d035  _sl_HandleAsync_Connect               
2001d0ad  sl_FsOpen                             
2001d125  spi_Close                             
2001d19d  UARTConfigSetExpClk                   
2001d215  sl_Recv                               
2001d2fd  Timer_IF_IntSetup                     
2001d371  Get_BatteryVoltageLevel_ADC081C021    
2001d3e1  CamControllerInit                     
2001d44d  UDMAInit                              
2001d4b9  _SlDrvCmdSend                         
2001d525  f3x3matrixAeqMinusA                   
2001d591  parseSendRequestInternal              
2001d5fd  __TI_auto_init                        
2001d671  fprintf                               
2001d6d5  f3x3matrixAeqAxScalar                 
2001d7a9  beginHttpGetRequest                   
2001d815  PRCMHibernateWakeUpGPIOSelect         
2001d87d  StartSensorInJpegMode                 
2001d8e5  _sl_NetAppSendTokenValue              
2001d94d  fetchDeviceOSVersion                  
2001d9b5  __TI_writemsg                         
2001d9e3  C$$IO$$                               
2001d9e7  __TI_readmsg                          
2001da1d  sl_DevSet                             
2001da85  sl_NetCfgSet                          
2001daed  sl_SetSockOpt                         
2001db55  sl_WlanSet                            
2001dc25  f3x3matrixAeqScalar                   
2001dc8b  _Dunscale                             
2001dcf1  fseek                                 
2001dd55  socketWait                            
2001ddb9  softResetTempRHSensor                 
2001de1d  uDMAChannelAttributeDisable           
2001de81  uDMAChannelAttributeEnable            
2001dee5  __aeabi_cfcmpeq                       
2001dee5  __aeabi_cfcmple                       
2001df45  __aeabi_cfrcmple                      
2001dfa5  _sl_HandleAsync_Accept                
2001e005  fxosDefault_Initializations           
2001e065  getMagntData                          
2001e0c5  sprintf                               
2001e125  sl_WlanPolicySet                      
2001e185  standby_accelMagn_fxos8700            
2001e1e5  OTA_Init                              
2001e241  getLightsensor_intrptStatus           
2001e29d  sl_Socket                             
2001e2f9  IntPendClear                          
2001e351  PRCMPeripheralReset                   
2001e3a9  ltoa                                  
2001e3ff  _FDunscale                            
2001e455  IntPrioritySet                        
2001e4a9  _sl_HandleAsync_Select                
2001e4fd  fasin_deg                             
2001e551  headerSend                            
2001e5a5  sl_WlanRxFilterSet                    
2001e64d  I2C_IF_Open                           
2001e69d  _sl_HandleAsync_Stop                  
2001e6ed  disableAE                             
2001e73d  disableAWB                            
2001e78d  __aeabi_f2ulz                         
2001e7dd  sl_FsDel                              
2001e82d  RdSensData_Init                       
2001e879  SPIIntEnable                          
2001e8c5  _SlDrvProtectAsyncRespSetting         
2001e911  _SlDrvRxIrqHandler                    
2001e95d  _sl_BuildAddress                      
2001e9a9  atoi                                  
2001e9f5  atol                                  
2001ea41  copy_in                               
2001ea8d  srand                                 
2001eaa3  rand                                  
2001ead9  uDMAChannelAssign                     
2001eb25  __aeabi_d2f                           
2001eb71  PRCMHibernateWakeupSourceDisable      
2001ebb9  PRCMHibernateWakeupSourceEnable       
2001ec01  SPIIntClear                           
2001ec49  _SlDrvBasicCmd                        
2001ec91  addHttpRequestLine                    
2001ecd9  fatan_15deg                           
2001ed21  __aeabi_d2iz                          
2001ed69  ldexp                                 
2001edf5  TimerConfigure                        
2001ee39  UDMASetupTransfer                     
2001eec1  fxos_Calibration                      
2001ef05  C$$EXIT                               
2001ef09  abort                                 
2001ef11  exit                                  
2001ef49  __aeabi_d2uiz                         
2001ef8d  OTA_Update                            
2001efd1  sl_Htonl                              
2001f015  PinModeSet                            
2001f055  getHttpResponseBody                   
2001f095  signal                                
2001f0d5  start_100mSecTimer                    
2001f115  IsLightOff                            
2001f153  strncasecmp                           
2001f191  CopyPingResultsToReport               
2001f1cd  Fusion_Init                           
2001f209  PRCMPeripheralClkEnable               
2001f245  _sl_TruncatePayloadByProtocol         
2001f281  _c_int00                              
2001f2bd  sl_Htons                              
2001f2f9  uDMAChannelControlSet                 
2001f335  CameraCaptureStop                     
2001f36f  CameraXClkConfig                      
2001f3a9  fLPFScalar                            
2001f3e3  parseSendRequest                      
2001f41d  addHttpRequestHeader                  
2001f459  NwpPowerOff                           
2001f491  pvPortMalloc                          
2001f4b1  vPortFree                             
2001f4c9  __aeabi_f2d                           
2001f501  __aeabi_f2iz                          
2001f539  __aeabi_i2f                           
2001f571  GPIODirModeSet                        
2001f5a7  sl_NetAppMDNSUnRegisterService        
2001f5dd  beginHttpRequest                      
2001f613  CameraParamsConfig                    
2001f649  PRCMPeripheralStatusGet               
2001f67d  SPIFIFOLevelSet                       
2001f6b1  getHttpResponseStatus                 
2001f6e5  get_angle                             
2001f719  feraiseexcept                         
2001f74d  __aeabi_f2uiz                         
2001f781  strstr                                
2001f7b5  Timer_IF_Init                         
2001f7e7  PinTypeGPIO                           
2001f819  UARTDisable                           
2001f849  _SlDrvDeviceEventHandler              
2001f879  _sl_Strlen                            
2001f8a9  angleCheck                            
2001f8d9  strncpy                               
2001f909  _Feraise                              
2001f939  sl_Close                              
2001f969  sl_WlanProfileDel                     
2001f999  sl_WlanSetMode                        
2001f9c9  __aeabi_i2d                           
2001f9f7  raise                                 
2001fa25  addHttpRequestHeaderInt               
2001fa55  ApplyMagHAL                           
2001fa81  CameraIntEnable                       
2001faad  DmaSpiSwIntHandler                    
2001fad9  I2CMasterErr                          
2001fb05  NwpPowerOn                            
2001fb31  PRCMSysResetCauseGet                  
2001fb5d  SoftReset_ImageSensor                 
2001fbb5  setDataBufferPointer                  
2001fbe1  TimerLoadSet                          
2001fc0b  TimerPrescaleSet                      
2001fc35  _Dclass                               
2001fc61  CameraIntStatus                       
2001fc89  InitTerm                              
2001fcb1  Message                               
2001fcd9  PRCMPeripheralClkDisable              
2001fd01  strncat                               
2001fd29  sl_NetAppStart                        
2001fd51  sl_NetAppStop                         
2001fd79  CameraThresholdSet                    
2001fd9f  NwpRegisterInterruptHandler           
2001fdc5  strncmp                               
2001fded  CameraIntClear                        
2001fe11  IntHandler_100mSecTimer               
2001fe35  IntUnregister                         
2001fe59  Timer_IF_Start                        
2001fe7d  UARTEnable                            
2001fea1  WriteAllAEnAWBRegs                    
2001fec5  _SlDrvProtectionObjLockWaitForever    
2001fee9  __aeabi_ui2f                          
2001ff0d  CameraCaptureStart                    
2001ff2f  I2CMasterSlaveAddrSet                 
2001ff51  SL_FD_SET                             
2001ff73  SPIReset                              
2001ff95  SPIWordCountSet                       
2001ffb7  frexp                                 
2001ffd9  memcmp                                
2001fffb  GPIOPinWrite                          
2002001d  IntRegister                           
2002003d  Refresh_mt9d111Firmware               
2002005d  _SlDrvProtectionObjUnLock             
2002007d  memchr                                
2002009d  __aeabi_ui2d                          
200200bd  I2CMasterIntStatusEx                  
200200db  TimerDisable                          
200200f9  TimerEnable                           
20020117  TimerIntStatus                        
20020135  UARTCharPut                           
20020171  strcat                                
20020191  ApplyAccelHAL                         
200201c9  CameraSensorInit                      
200201e5  DmaSwIntHandler                       
20020201  PinTypeI2C                            
2002021d  _SlDrvObjLockWaitForever              
20020239  _SlDrvSyncObjWaitForever              
20020255  memccpy                               
20020271  stop_100mSecTimer                     
2002028d  uDMAChannelDisable                    
200202a9  uDMAChannelEnable                     
200202c5  vApplicationMallocFailedHook          
200202e1  PinTypeCamera                         
200202fb  PinTypeUART                           
20020315  SPIDmaDisable                         
2002032f  SPIDmaEnable                          
20020349  SPIFIFODisable                        
20020363  SPIFIFOEnable                         
2002037d  CameraReset                           
20020395  GPIOPinRead                           
200203ad  PRCMHibernateEnter                    
200203c5  SPICSDisable                          
200203dd  SPICSEnable                           
200203f5  SPIDisable                            
2002040d  SPIEnable                             
20020425  TimerIntEnable                        
2002043d  Timer_IF_InterruptClear               
20020455  _SlDrvObjUnLock                       
2002046d  _SlDrvSyncObjSignal                   
20020485  _sl_GetStartResponseConvert           
2002049d  _args_main                            
200204b5  strcmp                                
200204cd  CameraDMAEnable                       
200204e3  CameraIntRegister                     
200204f9  I2CMasterDataPut                      
2002050f  I2CMasterEnable                       
20020525  PRCMHIBRegRead                        
2002053b  PRCMHIBRegWrite                       
20020551  _SlDrvMemZero                         
20020567  strchr                                
2002057d  CPUcpsie                              
20020591  IntVTableBaseSet                      
200205a5  LED_Off                               
200205b9  LED_On                                
200205cd  _register_unlock                      
200205d3  _register_lock                        
200205db  _nop                                  
200205e1  strcpy                                
200205f5  strlen                                
20020609  uDMAControlBaseSet                    
2002061d  uDMAIntClear                          
20020631  I2CMasterControl                      
20020643  I2CMasterIntClearEx                   
20020655  I2CMasterTimeoutSet                   
20020667  TimerIntClear                         
20020679  PRCMSOCReset                          
20020689  SL_FD_ZERO                            
20020699  Timer_IF_Stop                         
200206a9  socketClose                           
200206b9  I2CMasterDataGet                      
200206c7  _SlDrvResetCmdExt                     
200206d5  __TI_decompress_none                  
200206e3  DmaErrorIntHandler                    
200206f1  NwpMaskInterrupt                      
200206fd  NwpUnMaskInterrupt                    
20020709  __TI_zero_init                        
20020715  getInternalClient                     
20020721  sl_WlanDisconnect                     
2002072d  uDMAEnable                            
20020739  uDMAIntStatus                         
20020745  IntMasterEnable                       
2002074f  vApplicationStackOverflowHook         
20020759  sensorsTriggerSetup                   
20020761  MT9D111Delay                          
20020767  ResetISR                              
2002076d  UtilsDelay                            
20020773  __TI_decompress_rle24                 
20020779  logf                                  
2002077f  sinf                                  
20020785  __abort_execution                     
20020789  _system_pre_init                      
200208c8  _ctypes_                              
20021268  OpcodeTranslateTable                  
200212a4  _SlPolicySetCmdCtrl                   
200212a8  _SlPolicyGetCmdCtrl                   
200212ac  _SlProfileGetCmdCtrl                  
200212b0  _SlProfileDelCmdCtrl                  
200212b4  _SlWlanGetNetworkListCtrl             
200212b8  _SlRxFilterAddtCmdCtrl                
200212bc  _SlRxFilterSetCmdCtrl                 
200212c0  _SlRxFilterGetCmdCtrl                 
200212c4  _SlSmartConfigStartCmdCtrl            
200212c8  _SlWlanSetModeCmdCtrl                 
200212cc  _SlWlanCfgSetCmdCtrl                  
200212d0  _SlWlanCfgGetCmdCtrl                  
200212e0  _SlActionLookupTable                  
20021350  _SlFsOpenCmdCtrl                      
20021354  _SlFsCloseCmdCtrl                     
20021358  _SlFsReadCmdCtrl                      
2002135c  _SlFsWriteCmdCtrl                     
20021360  _SlFsGetInfoCmdCtrl                   
20021364  _SlFsDeleteCmdCtrl                    
200213f4  g_H2NSyncPattern                      
200213fc  g_H2NCnysPattern                      
20021404  RxMsgClassLUT                         
20021428  _SlSockSocketCmdCtrl                  
2002142c  _SlSockCloseCmdCtrl                   
20021430  _SlRecvfomCmdCtrl                     
20021434  _SlSendCmdCtrl                        
20021438  _SlListenCmdCtrl                      
2002143c  _SlAcceptCmdCtrl                      
20021440  _SlRecvCmdCtrl                        
20021444  _SlSetSockOptCmdCtrl                  
20021448  _SlGetSockOptCmdCtrl                  
2002144c  _SlSelectCmdCtrl                      
20021504  _SlNetAppStartCtrl                    
20021508  _SlNetAppStopCtrl                     
2002150c  _SlGetServiceListeCtrl                
20021510  _SlRegisterServiceCtrl                
20021514  _SlGetHostByServiceCtrl               
20021518  _SlGetHostByNameCtrl                  
2002151c  _SlNetAppSetCmdCtrl                   
20021520  _SlNetAppSendTokenValueCmdCtrl        
20021524  _SlNetAppGetCmdCtrl                   
200215e8  g_deviceClientVersion                 
2002162a  _SlStopCmdCtrl                        
2002162e  _SlEventMaskSetCmdCtrl                
20021632  _SlEventMaskGetCmdCtrl                
20021636  _SlDeviceGetCmdCtrl                   
2002163a  _SlDeviceSetCmdCtrl                   
2002163e  _SlPayloadByProtocolLUT               
2002164e  pcDigits                              
20021659  StartResponseLUT                      
20021662  _SlNetCfgSetCmdCtrl                   
20021666  _SlNetCfgGetCmdCtrl                   
20021670  __TI_static_base__                    
20022214  __TI_Handler_Table_Base               
20022220  __TI_Handler_Table_Limit              
20022228  __TI_CINIT_Base                       
20022238  __TI_CINIT_Limit                      
20022400  g_image_buffer                        
20036400  thisMagBuffer                         
200374f8  g_OtaCheckUpdateResponse              
20037944  thisMagCal                            
20037f9c  thisMag                               
20037ff4  g_SecParams                           
20038000  gpCtlTbl                              
20038400  g_OtaFileMetadata                     
200387d8  g_NetEntries                          
20038d48  g_StatMem                             
20038ec0  __CIOBUF_                             
20038fe0  gfpAppCallbackHndl                    
200391a8  thisSV_6DOF_GB_BASIC                  
20039254  __TI_tmpnams                          
200392f4  g_CdnClient                           
20039368  g_ucDinDout                           
200393b8  xQueueRegistry                        
20039408  g_OtaApp                              
20039454  g_OtaApp_statistics                   
200394a0  clientStateFileName                   
200394d4  g_cWlanSecurityKey                    
20039508  thisAccel                             
2003953c  g_OtaClient                           
20039560  g_cWlanSSID                           
20039584  g_ucConnectionSSID                    
200395c4  g_FlcSflashCb                         
200395d8  g_flag_blockFull                      
20039650  ang_buf                               
20039660  globals                               
20039670  mqxglobals                            
20039680  g_LogClient                           
20039688  g_ucConnectionBSSID                   
200396a0  DMAMsgQ                               
200396a4  Elapsed_100MilliSecs                  
200396ac  angle_avg                             
200396b0  dataBuffer                            
200396b4  g_block_lastFilled                    
200396b8  g_cDummy                              
200396bc  g_cWlanSecurityType                   
200396c0  g_frame_size_in_bytes                 
200396c4  g_header_length                       
200396c8  g_position_in_block                   
200396cc  g_readHeader                          
200396d4  g_ulAppStatus                         
200396d8  gdoor_40deg_angle                     
200396dc  gdoor_90deg_angle                     
200396ec  RxIrqCnt                              
200396ed  avg_buffer_cnt                        
200396ee  checkForLight_Flag                    
200396f0  g_flag_DataBlockFilled                
200396f1  g_flag_door_closing_45degree          
200396f2  g_frame_end                           
200396f3  g_ucAngle40                           
200396f4  g_ucAngle90                           
200396f5  g_ucCalibration                       
200396f6  g_ucConfig                            
200396f7  g_ucExitButton                        
200396f8  g_ucMagCalb                           
200396f9  g_ucProfileAdded                      
200396fa  g_ucPushButtonPressedTwice            
200396fb  iDone                                 
200396fc  isitfirsttime                         
200396fd  print_count                           
200396fe  valid_case                            
20039700  _sys_memory                           
ffffffff  __binit__                             
ffffffff  __c_args__                            
ffffffff  binit                                 
UNDEFED   SHT$$INIT_ARRAY$$Base                 
UNDEFED   SHT$$INIT_ARRAY$$Limit                

[868 symbols]
