******************************************************************************
                  TI ARM Linker PC v5.2.2                      
******************************************************************************
>> Linked Tue Jul 07 21:09:55 2015

OUTPUT FILE NAME:   <ULP_SEC_CAM.out>
ENTRY POINT SYMBOL: "_c_int00"  address: 2001dbf5


MEMORY CONFIGURATION

         name            origin    length      used     unused   attr    fill
----------------------  --------  ---------  --------  --------  ----  --------
  SRAM_BOOTLDR          20000000   00004000  000023f4  00001c0c  RW X
  SRAM_CODE             20004000   0001e300  0001cba6  0000175a  RW X
  SRAM_DATA             20022300   0001dd00  0001c2ff  00001a01  RW X


SEGMENT ALLOCATION MAP

run origin  load origin   length   init length attrs members
----------  ----------- ---------- ----------- ----- -------
20000000    20000000    000013f4   00000000    rw-
  20000000    20000000    000013f4   00000000    rw- .data
20003000    20003000    00001000   00000000    rw-
  20003000    20003000    00001000   00000000    rw- .stack
20004000    20004000    0001cba8   0001cba8    r-x
  20004000    20004000    00000400   00000400    r-- .intvecs
  20004400    20004400    0001ad00   0001ad00    r-x .text
  2001f100    2001f100    00000ede   00000ede    r-- .const
  2001ffe0    2001ffe0    00000bc8   00000bc8    r-- .cinit
20022400    20022400    0001c300   00000000    rw-
  20022400    20022400    000172ff   00000000    rw- .bss
  20039700    20039700    00005000   00000000    rw- .sysmem


SECTION ALLOCATION MAP

 output                                  attributes/
section   page    origin      length       input sections
--------  ----  ----------  ----------   ----------------
.data      0    20000000    000013f4     UNINITIALIZED
                  20000000    00000600     camera_app.obj (.data:JPEG_StdHuffmanTbl)
                  20000600    00000400     camera_app.obj (.data:g_header)
                  20000a00    000003c9     cc3200_certificate.obj (.data:DigiCertHighAssuranceEVRootCA_der)
                  20000dc9    00000001     tasks.obj (.data)
                  20000dca    00000002     --HOLE--
                  20000dcc    000000f0     rtsv7M4_T_le_eabi.lib : defs.obj (.data:_ftable)
                  20000ebc    000000d0                           : lowlev.obj (.data)
                  20000f8c    000000b0                           : signal.obj (.data:sigtable)
                  2000103c    00000004     cc3200_certificate.obj (.data)
                  20001040    00000080     rtsv7M4_T_le_eabi.lib : xvalues.obj (.data)
                  200010c0    00000068                           : xfvalues.obj (.data)
                  20001128    00000064     network_relater_fns.obj (.data:Token)
                  2000118c    00000064     network_relater_fns.obj (.data:Value)
                  200011f0    00000040     camera_app.obj (.data:JPEG_StdQuantTblC)
                  20001230    00000040     camera_app.obj (.data:JPEG_StdQuantTblY)
                  20001270    00000040     camera_app.obj (.data:zigzag)
                  200012b0    0000003c     main.obj (.data:g_token_get)
                  200012ec    00000034     free_rtos.a : tasks.obj (.data)
                  20001320    00000024     main.obj (.data)
                  20001344    00000018     cc3200_utils.obj (.data)
                  2000135c    00000018     request.obj (.data)
                  20001374    00000010     rtsv7M4_T_le_eabi.lib : defs.obj (.data)
                  20001384    0000000c     free_rtos.a : osi_freertos.obj (.data)
                  20001390    0000000c     rtsv7M4_T_le_eabi.lib : memory.obj (.data)
                  2000139c    00000009     simplelink.a : cc_pal.obj (.data)
                  200013a5    00000003     --HOLE--
                  200013a8    00000009                  : driver.obj (.data)
                  200013b1    00000003     --HOLE--
                  200013b4    00000008     camera_app.obj (.data)
                  200013bc    00000008     rtsv7M4_T_le_eabi.lib : _lock.obj (.data)
                  200013c4    00000008                           : exit.obj (.data)
                  200013cc    00000008                           : feraiseexcept.obj (.data)
                  200013d4    00000006     http.obj (.data)
                  200013da    00000002     --HOLE--
                  200013dc    00000004     free_rtos.a : port.obj (.data)
                  200013e0    00000004     ota.a : OtaHttp.obj (.data)
                  200013e4    00000004     rtsv7M4_T_le_eabi.lib : errno.obj (.data)
                  200013e8    00000004                           : fopen.obj (.data)
                  200013ec    00000004                           : rand.obj (.data)
                  200013f0    00000004                           : stkdepth_vars.obj (.data)

.TI.persistent 
*          0    20000000    00000000     UNINITIALIZED

.stack     0    20003000    00001000     UNINITIALIZED
                  20003000    00001000     --HOLE--

.intvecs   0    20004000    00000400     
                  20004000    00000400     startup_ccs.obj (.intvecs)

.text      0    20004400    0001ad00     
                  20004400    00001258     free_rtos.a : tasks.obj (.text)
                  20005658    000010a6     rtsv7M4_T_le_eabi.lib : _printfi.obj (.text)
                  200066fe    00000002     startup_ccs.obj (.text:BusFaultHandler)
                  20006700    00000b24     free_rtos.a : queue.obj (.text)
                  20007224    00000a08     magnetic.obj (.text:fUpdateCalibration10EIG)
                  20007c2c    00000788     magnetic.obj (.text:fUpdateCalibration4INV)
                  200083b4    00000694     magnetic.obj (.text:fUpdateCalibration7EIG)
                  20008a48    00000688     matrix.obj (.text:eigencompute)
                  200090d0    00000610     ota.a : OtaHttp.obj (.text)
                  200096e0    000005ec     simplelink.a : driver.obj (.text:_SlDrvMsgRead)
                  20009ccc    00000584     magnetic.obj (.text:iUpdateMagnetometerBuffer)
                  2000a250    000004dc     network_relater_fns.obj (.text:SimpleLinkHttpServerCallback)
                  2000a72c    000004be     cc3200_utils.obj (.text:createNewInstallationId)
                  2000abea    00000002     startup_ccs.obj (.text:FaultISR)
                  2000abec    0000045c     free_rtos.a : osi_freertos.obj (.text)
                  2000b048    0000044c     request.obj (.text:buildRequestHeaders)
                  2000b494    00000424     ota.a : OtaClient.obj (.text)
                  2000b8b8    0000040c     camera_app.obj (.text:CaptureAndStore_Image)
                  2000bcc4    0000040c     ota.a : OtaApp.obj (.text)
                  2000c0d0    000003dc     rtsv7M4_T_le_eabi.lib : memory.obj (.text)
                  2000c4ac    000003b8     matrix.obj (.text:fmatrixAeqInvA)
                  2000c864    0000039c     network_relater_fns.obj (.text:SimpleLinkWlanEventHandler)
                  2000cc00    00000378     rtsv7M4_T_le_eabi.lib : powf.obj (.text)
                  2000cf78    0000035c     ota.a : CdnClient.obj (.text)
                  2000d2d4    00000354     orientation.obj (.text:feCompassAndroid)
                  2000d628    00000354     orientation.obj (.text:feCompassWin8)
                  2000d97c    00000350     orientation.obj (.text:feCompassNED)
                  2000dccc    00000338     ota.a : LogClient.obj (.text)
                  2000e004    00000324     tasks.obj (.text:MagCal_Run)
                  2000e328    0000030c     rtsv7M4_T_le_eabi.lib : lowlev.obj (.text)
                  2000e634    000002d4                           : trgdrv.obj (.text)
                  2000e908    000002c0     network_relater_fns.obj (.text:ConfigureSimpleLinkToDefaultState)
                  2000ebc8    000002c0     wifi_provisioning_thruAPmode.obj (.text:WiFiProvisioning)
                  2000ee88    00000298     rtsv7M4_T_le_eabi.lib : vla_alloc.obj (.text)
                  2000f120    0000026e     simplejson.obj (.text:simpleJsonProcessor)
                  2000f38e    00000002     driverlib.a : interrupt.obj (.text:IntDefaultHandler)
                  2000f390    0000026c     mt9d111.obj (.text:RegLstWrite)
                  2000f5fc    00000264     wifi_provisioning_thruAPmode.obj (.text:CalibrateMagSensor)
                  2000f860    00000254     lightSens_isl29035.obj (.text:configureISL29035)
                  2000fab4    00000248     simplelink.a : driver.obj (.text:_SlDrvRxHdrRead)
                  2000fcfc    00000244                  : wlan.obj (.text:sl_WlanConnect)
                  2000ff40    0000023c     wifi_provisioning_thruAPmode.obj (.text:User_Configure)
                  2001017c    00000218     request.obj (.text:payloadSend)
                  20010394    0000020c     ota.obj (.text:OTA_Run)
                  200105a0    000001f8     algorithm_basic.obj (.text:check_doorpos)
                  20010798    000001f4     rtsv7M4_T_le_eabi.lib : ull_div_t2.obj (.text)
                  2001098c    000001dc     main_FXOS8700.obj (.text:angleCheck_Initializations)
                  20010b68    000001d0     wifi_provisioning_thruAPmode.obj (.text:CollectAngle)
                  20010d38    000001d0     collect_and_txit.obj (.text:CollectTxit_ImgTempRH)
                  20010f08    000001d0     simplelink.a : driver.obj (.text:_SlDrvReleasePoolObj)
                  200110d8    000001cf     camera_app.obj (.text:DefineHuffmanTableMarkerAC)
                  200112a7    00000001     --HOLE-- [fill = 0]
                  200112a8    000001cc     simplelink.a : driver.obj (.text:_SlDrvMsgWrite)
                  20011474    000001c4     tasks.obj (.text:RdSensData_Run)
                  20011638    000001c4     camera_app.obj (.text:createAndWrite_ImageHeaderFile)
                  200117fc    000001c4     rtsv7M4_T_le_eabi.lib : fopen.obj (.text)
                  200119c0    000001c0     magnetic.obj (.text:fInvertMagCal)
                  20011b80    000001bc     rtsv7M4_T_le_eabi.lib : xflog.obj (.text)
                  20011d3c    000001b8     main.obj (.text:UserConfigure_Task)
                  20011ef4    000001b6     rtsv7M4_T_le_eabi.lib : fd_add_t2.obj (.text)
                  200120aa    00000002     startup_ccs.obj (.text:IntDefaultHandler)
                  200120ac    000001ad     camera_app.obj (.text:FrameHeaderMarker)
                  20012259    00000001     --HOLE-- [fill = 0]
                  2001225a    00000002     startup_ccs.obj (.text:NmiSR)
                  2001225c    000001a4     orientation.obj (.text:fQuaternionFromRotationMatrix)
                  20012400    000001a4     cc3200_socket.obj (.text:socketSslConnect)
                  200125a4    0000019c     camera_app.obj (.text:CameraIntHandler)
                  20012740    0000019c     rtsv7M4_T_le_eabi.lib : xfsin.obj (.text)
                  200128dc    00000190     wifi_provisioning_thruAPmode.obj (.text:AccessPtMode_HTTPServer_Start)
                  20012a6c    00000190     simplelink.a : driver.obj (.text:_SlDrvWaitForPoolObj)
                  20012bfc    0000018c     parse_uploads.obj (.text:ConstructDeviceStateObject)
                  20012d88    0000018c     request.obj (.text:sendRequest)
                  20012f14    00000188     matrix.obj (.text:f3x3matrixAeqInvSymB)
                  2001309c    00000188     network_relater_fns.obj (.text:initNetwork)
                  20013224    00000184     flc.a : flc.obj (.text)
                  200133a8    00000180     camera_app.obj (.text:DefineQuantizationTableMarker)
                  20013528    00000180     orientation.obj (.text:fWin8AnglesDegFromRotationMatrix)
                  200136a8    00000178     rtsv7M4_T_le_eabi.lib : tanf.obj (.text)
                  20013820    00000178                           : xfexp.obj (.text)
                  20013998    00000174     simplelink.a : driver.obj (.text:_SlDrvDriverCBInit)
                  20013b0c    00000174     magnetic.obj (.text:fInitMagCalibration)
                  20013c80    00000170     network_relater_fns.obj (.text:SimpleLinkNetAppEventHandler)
                  20013df0    00000170     simplelink.a : driver.obj (.text:_SlFindAndSetActiveObj)
                  20013f60    00000168     ota.obj (.text:OTAServerInfoSet)
                  200140c8    00000165     network_relater_fns.obj (.text:SimpleLinkSockEventHandler)
                  2001422d    00000001     --HOLE-- [fill = 0]
                  2001422e    00000002     main.obj (.text:vApplicationIdleHook)
                  20014230    00000164     drivers.obj (.text:FXOS8700_Init)
                  20014394    00000160     tasks.obj (.text:Fusion_Run)
                  200144f4    0000015c     hibernate_related_fns.obj (.text:HIBernate)
                  20014650    00000158     orientation.obj (.text:qAeqAxB)
                  200147a8    00000158     orientation.obj (.text:qconjgAxB)
                  20014900    0000014c     simplelink.a : cc_pal.obj (.text:spi_Open)
                  20014a4c    00000144     fusion.obj (.text:fRun_6DOF_GB_BASIC)
                  20014b90    0000013c     rtsv7M4_T_le_eabi.lib : fmodf.obj (.text)
                  20014ccc    0000013c     simplelink.a : socket.obj (.text:sl_Select)
                  20014e08    00000138     i2cconfig.obj (.text:I2CBufferRead)
                  20014f40    00000138     mt9d111.obj (.text:Register_Read)
                  20015078    00000138     orientation.obj (.text:fLPFOrientationQuaternion)
                  200151b0    00000138     orientation.obj (.text:fRotationMatrixFromQuaternion)
                  200152e8    00000136     rtsv7M4_T_le_eabi.lib : fd_div_t2.obj (.text)
                  2001541e    00000002     --HOLE-- [fill = 0]
                  20015420    00000134     camera_app.obj (.text:CreateJpegHeader)
                  20015554    00000134     driverlib.a : prcm.obj (.text:PRCMCC3200MCUInit)
                  20015688    00000134     rtsv7M4_T_le_eabi.lib : fputs.obj (.text)
                  200157bc    00000130     i2cconfig.obj (.text:I2CBufferWrite)
                  200158ec    00000130     camera_app.obj (.text:create_JpegImageFile)
                  20015a1c    0000012c     i2c_app.obj (.text:i2cWriteRegisters)
                  20015b48    0000012a     free_rtos.a : list.obj (.text)
                  20015c72    00000002     --HOLE-- [fill = 0]
                  20015c74    00000128     simplelink.a : driver.obj (.text:_SlDrvDataReadOp)
                  20015d9c    00000128     tempRHSens_si7020.obj (.text:getTempRH)
                  20015ec4    0000011f     camera_app.obj (.text:DefineHuffmanTableMarkerDC)
                  20015fe3    00000001     --HOLE-- [fill = 0]
                  20015fe4    00000118     network_relater_fns.obj (.text:ConnectToNetwork_STA)
                  200160fc    00000116     drivers.obj (.text:FXOS8700_ReadData)
                  20016212    00000002     --HOLE-- [fill = 0]
                  20016214    00000114     main.obj (.text:main)
                  20016328    00000110     free_rtos.a : port.obj (.text)
                  20016438    00000110     rtsv7M4_T_le_eabi.lib : xdscale.obj (.text)
                  20016548    00000110     lightSens_isl29035.obj (.text:verifyISL29035)
                  20016658    00000110     tempRHSens_si7020.obj (.text:verifyTempRHSensor)
                  20016768    0000010c     flash_files.obj (.text:WriteFile_ToFlash)
                  20016874    00000108     simplelink.a : socket.obj (.text:sl_Connect)
                  2001697c    00000108                  : socket.obj (.text:sl_Send)
                  20016a84    00000104     dbgFns.obj (.text:Check_I2CDevices)
                  20016b88    00000104     simplelink.a : driver.obj (.text:_SlDrvDataWriteOp)
                  20016c8c    00000104                  : netapp.obj (.text:sl_NetAppDnsGetHostByName)
                  20016d90    00000100     main.obj (.text:Main_Task_withHibernate)
                  20016e90    00000100     cc3200_client_state.obj (.text:loadClientState)
                  20016f90    000000fe     simplelink.a : netapp.obj (.text:_SlDrvNetAppEventHandler)
                  2001708e    00000002     --HOLE-- [fill = 0]
                  20017090    000000fc     pinmux.obj (.text:PinMuxConfig)
                  2001718c    000000fc     orientation.obj (.text:fqAeqNormqA)
                  20017288    000000fc     rtsv7M4_T_le_eabi.lib : fd_mul_t2.obj (.text)
                  20017384    000000fa                           : fs_add_t2.obj (.text)
                  2001747e    00000002     --HOLE-- [fill = 0]
                  20017480    000000f8     cc3200_certificate.obj (.text:ensureCertificateFile)
                  20017578    000000f8     orientation.obj (.text:fAndroidAnglesDegFromRotationMatrix)
                  20017670    000000f8     orientation.obj (.text:fNEDAnglesDegFromRotationMatrix)
                  20017768    000000f8     i2c_app.obj (.text:i2cReadRegistersTwoBytes)
                  20017860    000000f4     simplelink.a : driver.obj (.text:_SlDrvDriverCBDeinit)
                  20017954    000000f4     installation.obj (.text:getInstallation)
                  20017a48    000000f4     simplelink.a : fs.obj (.text:sl_FsRead)
                  20017b3c    000000f4     accelomtrMagntomtr_fxos8700.obj (.text:verifyAccelMagnSensor)
                  20017c30    000000f2     cc3200_socket.obj (.text:socketRead)
                  20017d22    00000002     --HOLE-- [fill = 0]
                  20017d24    000000f0     camera_app.obj (.text:DMAConfig)
                  20017e14    000000f0     i2c_app.obj (.text:i2cReadRegisters)
                  20017f04    000000f0     driverlib.a : udma.obj (.text:uDMAChannelTransferSet)
                  20017ff4    000000ef     camera_app.obj (.text:ScanHeaderMarker)
                  200180e3    00000001     --HOLE-- [fill = 0]
                  200180e4    000000ec     orientation.obj (.text:fRotationVectorDegFromQuaternion)
                  200181d0    000000ec     simplelink.a : fs.obj (.text:sl_FsWrite)
                  200182bc    000000e8     appFns_BatteryLevelSense.obj (.text:Get_BatteryPercent)
                  200183a4    000000e0     flash_files.obj (.text:ReadFile_FromFlash)
                  20018484    000000dc     ota.obj (.text:OTA_CommitImage)
                  20018560    000000dc     rtsv7M4_T_le_eabi.lib : setvbuf.obj (.text)
                  2001863c    000000dc     simplelink.a : cc_pal.obj (.text:spi_Read)
                  20018718    000000d8                  : driver.obj (.text:_SlDrvClassifyRxMsg)
                  200187f0    000000d8     rtsv7M4_T_le_eabi.lib : xfatan.obj (.text)
                  200188c8    000000d7     camera_app.obj (.text:JfifApp0Marker)
                  2001899f    00000001     --HOLE-- [fill = 0]
                  200189a0    000000d4     simplelink.a : device.obj (.text:sl_Stop)
                  20018a74    000000d0     rtsv7M4_T_le_eabi.lib : xfdscale.obj (.text)
                  20018b44    000000cc     approximations.obj (.text:fatan_deg)
                  20018c10    000000cc     rtsv7M4_T_le_eabi.lib : sqrtf.obj (.text)
                  20018cdc    000000c8     simplelink.a : netapp.obj (.text:_sl_HandleAsync_DnsGetHostByService)
                  20018da4    000000c8     rtsv7M4_T_le_eabi.lib : fflush.obj (.text)
                  20018e6c    000000c4     main.obj (.text:Config_And_Start_CameraCapture)
                  20018f30    000000c4     flash_files.obj (.text:CreateFile_Flash)
                  20018ff4    000000c0     i2c_if.obj (.text:I2C_IF_Read)
                  200190b4    000000c0     wifi_provisioning_thruAPmode.obj (.text:WlanConnect)
                  20019174    000000c0     simplelink.a : driver.obj (.text:_SlRemoveFromList)
                  20019234    000000be     rtsv7M4_T_le_eabi.lib : xdnorm.obj (.text)
                  200192f2    00000002     --HOLE-- [fill = 0]
                  200192f4    000000bc     i2c_if.obj (.text:I2C_IF_Write)
                  200193b0    000000bc     simplelink.a : driver.obj (.text:_SlDrvMsgReadCmdCtx)
                  2001946c    000000bc     tempRHSens_si7020.obj (.text:configureTempRHSensor)
                  20019528    000000bc     rtsv7M4_T_le_eabi.lib : acosf.obj (.text)
                  200195e4    000000bc     simplelink.a : device.obj (.text:sl_Start)
                  200196a0    000000ba     free_rtos.a : portasm.obj (.text)
                  2001975a    00000002     --HOLE-- [fill = 0]
                  2001975c    000000b8     simplelink.a : driver.obj (.text:_SlAsyncEventGenericHandler)
                  20019814    000000b8     installation.obj (.text:createInstallation)
                  200198cc    000000b4     simplelink.a : netapp.obj (.text:sl_NetAppMDNSRegisterUnregisterService)
                  20019980    000000b0     app_common.obj (.text:intToASCII)
                  20019a30    000000ac     mt9d111.obj (.text:Verify_ImageSensor)
                  20019adc    000000ac     rtsv7M4_T_le_eabi.lib : _io_perm.obj (.text)
                  20019b88    000000ab     installation.obj (.text:getInstallationByIdCallback)
                  20019c33    00000001     --HOLE-- [fill = 0]
                  20019c34    000000aa     uartA1_if.obj (.text:Report)
                  20019cde    00000002     --HOLE-- [fill = 0]
                  20019ce0    000000a8     driverlib.a : interrupt.obj (.text:IntDisable)
                  20019d88    000000a8                 : interrupt.obj (.text:IntEnable)
                  20019e30    000000a8     parse_uploads.obj (.text:UploadImageToParse)
                  20019ed8    000000a8     simplelink.a : netcfg.obj (.text:sl_NetCfgGet)
                  20019f80    000000a4     app_common.obj (.text:LED_Blink)
                  2001a024    000000a0     driverlib.a : spi.obj (.text:SPIConfigSetExpClk)
                  2001a0c4    000000a0     cc3200_socket.obj (.text:socketWrite)
                  2001a164    0000009e     matrix.obj (.text:f3x3matrixDetA)
                  2001a202    00000002     --HOLE-- [fill = 0]
                  2001a204    0000009c     simplelink.a : driver.obj (.text:_SlDrvMsgReadSpawnCtx)
                  2001a2a0    0000009c     approximations.obj (.text:fatan2_deg)
                  2001a33c    0000009c     rtsv7M4_T_le_eabi.lib : memcpy_t2.obj (.text)
                  2001a3d8    0000009c     simplelink.a : device.obj (.text:sl_DevGet)
                  2001a474    00000098                  : fs.obj (.text:_sl_GetCreateFsMode)
                  2001a50c    00000098     rtsv7M4_T_le_eabi.lib : fclose.obj (.text)
                  2001a5a4    00000098                           : fputc.obj (.text)
                  2001a63c    00000094     driverlib.a : prcm.obj (.text:PRCMPeripheralClockGet)
                  2001a6d0    00000094     approximations.obj (.text:facos_deg)
                  2001a764    00000094     lightSens_isl29035.obj (.text:getLightsensor_data)
                  2001a7f8    00000094     rtsv7M4_T_le_eabi.lib : snprintf.obj (.text)
                  2001a88c    00000092     parse_impl.obj (.text:parseInitialize)
                  2001a91e    00000092     rtsv7M4_T_le_eabi.lib : fs_div_t2.obj (.text)
                  2001a9b0    00000090     network_relater_fns.obj (.text:InitializeUserConfigVariables)
                  2001aa40    00000090     parse_uploads.obj (.text:UploadSensorDataToParse)
                  2001aad0    0000008c     simplelink.a : cc_pal.obj (.text:SetupDMAReceive)
                  2001ab5c    0000008c                  : cc_pal.obj (.text:SetupDMASend)
                  2001abe8    0000008c                  : netapp.obj (.text:_sl_HandleAsync_DnsGetHostByName)
                  2001ac74    0000008c                  : netapp.obj (.text:_sl_HandleAsync_PingResponse)
                  2001ad00    0000008c     rtsv7M4_T_le_eabi.lib : xfdint.obj (.text)
                  2001ad8c    0000008c     simplelink.a : cc_pal.obj (.text:spi_Write)
                  2001ae18    00000088     driverlib.a : prcm.obj (.text:PRCMHibernateIntervalSet)
                  2001aea0    00000088                 : pin.obj (.text:PinConfigSet)
                  2001af28    00000088     rtsv7M4_T_le_eabi.lib : vsnprintf.obj (.text)
                  2001afb0    00000088     simplelink.a : fs.obj (.text:sl_FsClose)
                  2001b038    00000086     rtsv7M4_T_le_eabi.lib : fd_cmp_t2.obj (.text:__aeabi_cdcmple)
                  2001b0be    00000086                           : fd_cmp_t2.obj (.text:__aeabi_cdrcmple)
                  2001b144    00000084     timer_if.obj (.text:GetPeripheralIntNum)
                  2001b1c8    00000084     driverlib.a : i2c.obj (.text:I2CMasterInitExpClk)
                  2001b24c    00000084     simplelink.a : cc_pal.obj (.text:NwpPowerOnPreamble)
                  2001b2d0    00000084     matrix.obj (.text:f3x3matrixAeqI)
                  2001b354    00000084     fusion.obj (.text:fInit_6DOF_GB_BASIC)
                  2001b3d8    00000080     simplelink.a : driver.obj (.text:_SlDrvCmdOp)
                  2001b458    00000080                  : cc_pal.obj (.text:spi_Read_CPU)
                  2001b4d8    00000080                  : cc_pal.obj (.text:spi_Write_CPU)
                  2001b558    0000007c     network_relater_fns.obj (.text:ConfigureMode)
                  2001b5d4    0000007c     simplelink.a : device.obj (.text:_sl_HandleAsync_InitComplete)
                  2001b650    0000007c     matrix.obj (.text:fmatrixAeqI)
                  2001b6cc    0000007c     simplelink.a : fs.obj (.text:sl_FsGetInfo)
                  2001b748    0000007a     rtsv7M4_T_le_eabi.lib : fs_mul_t2.obj (.text)
                  2001b7c2    0000007a                           : memset_t2.obj (.text)
                  2001b83c    0000007a                           : xfdnorm.obj (.text)
                  2001b8b6    00000002     --HOLE-- [fill = 0]
                  2001b8b8    00000078     i2c_if.obj (.text:I2CTransact)
                  2001b930    00000078     parse_uploads.obj (.text:InitialiseParse)
                  2001b9a8    00000078     simplelink.a : socket.obj (.text:_sl_HandleAsync_Connect)
                  2001ba20    00000078                  : fs.obj (.text:sl_FsOpen)
                  2001ba98    00000078                  : cc_pal.obj (.text:spi_Close)
                  2001bb10    00000076     driverlib.a : uart.obj (.text:UARTConfigSetExpClk)
                  2001bb86    00000002     --HOLE-- [fill = 0]
                  2001bb88    00000074     simplelink.a : socket.obj (.text:sl_Recv)
                  2001bbfc    00000073     installation.obj (.text:getInstallationCallback)
                  2001bc6f    00000001     --HOLE-- [fill = 0]
                  2001bc70    00000072     timer_if.obj (.text:Timer_IF_IntSetup)
                  2001bce2    00000002     --HOLE-- [fill = 0]
                  2001bce4    00000070     batteryVoltLvlSens_adc081c021.obj (.text:Get_BatteryVoltageLevel_ADC081C021)
                  2001bd54    0000006c     camera_app.obj (.text:CamControllerInit)
                  2001bdc0    0000006c     udma_if.obj (.text:UDMAInit)
                  2001be2c    0000006c     simplelink.a : driver.obj (.text:_SlDrvCmdSend)
                  2001be98    0000006c     matrix.obj (.text:f3x3matrixAeqMinusA)
                  2001bf04    0000006c     request.obj (.text:parseSendRequestInternal)
                  2001bf70    0000006c     rtsv7M4_T_le_eabi.lib : autoinit.obj (.text)
                  2001bfdc    0000006c                           : fprintf.obj (.text)
                  2001c048    0000006a     matrix.obj (.text:f3x3matrixAeqAxScalar)
                  2001c0b2    0000006a     rtsv7M4_T_le_eabi.lib : copy_decompress_rle.obj (.text)
                  2001c11c    00000069     http.obj (.text:beginHttpGetRequest)
                  2001c185    00000003     --HOLE-- [fill = 0]
                  2001c188    00000068     driverlib.a : prcm.obj (.text:PRCMHibernateWakeUpGPIOSelect)
                  2001c1f0    00000068     mt9d111.obj (.text:StartSensorInJpegMode)
                  2001c258    00000068     simplelink.a : netapp.obj (.text:_sl_NetAppSendTokenValue)
                  2001c2c0    00000068     cc3200_utils.obj (.text:fetchDeviceOSVersion)
                  2001c328    00000068     rtsv7M4_T_le_eabi.lib : trgmsg.obj (.text)
                  2001c390    00000068     simplelink.a : device.obj (.text:sl_DevSet)
                  2001c3f8    00000068                  : netcfg.obj (.text:sl_NetCfgSet)
                  2001c460    00000068                  : socket.obj (.text:sl_SetSockOpt)
                  2001c4c8    00000068                  : wlan.obj (.text:sl_WlanSet)
                  2001c530    00000067     camera_app.obj (.text:DefineRestartIntervalMarker)
                  2001c597    00000001     --HOLE-- [fill = 0]
                  2001c598    00000066     matrix.obj (.text:f3x3matrixAeqScalar)
                  2001c5fe    00000066     rtsv7M4_T_le_eabi.lib : xdunscal.obj (.text)
                  2001c664    00000064                           : fseek.obj (.text)
                  2001c6c8    00000064     cc3200_socket.obj (.text:socketWait)
                  2001c72c    00000064     tempRHSens_si7020.obj (.text:softResetTempRHSensor)
                  2001c790    00000064     driverlib.a : udma.obj (.text:uDMAChannelAttributeDisable)
                  2001c7f4    00000064                 : udma.obj (.text:uDMAChannelAttributeEnable)
                  2001c858    00000060     rtsv7M4_T_le_eabi.lib : fs_cmp_t2.obj (.text:__aeabi_cfcmple)
                  2001c8b8    00000060                           : fs_cmp_t2.obj (.text:__aeabi_cfrcmple)
                  2001c918    00000060     simplelink.a : socket.obj (.text:_sl_HandleAsync_Accept)
                  2001c978    00000060     main_FXOS8700.obj (.text:fxosDefault_Initializations)
                  2001c9d8    00000060     accelomtrMagntomtr_fxos8700.obj (.text:getMagntData)
                  2001ca38    00000060     rtsv7M4_T_le_eabi.lib : sprintf.obj (.text)
                  2001ca98    00000060     simplelink.a : wlan.obj (.text:sl_WlanPolicySet)
                  2001caf8    00000060     accelomtrMagntomtr_fxos8700.obj (.text:standby_accelMagn_fxos8700)
                  2001cb58    0000005c     ota.obj (.text:OTA_Init)
                  2001cbb4    0000005c     lightSens_isl29035.obj (.text:getLightsensor_intrptStatus)
                  2001cc10    0000005c     simplelink.a : socket.obj (.text:sl_Socket)
                  2001cc6c    00000058     driverlib.a : interrupt.obj (.text:IntPendClear)
                  2001ccc4    00000058                 : prcm.obj (.text:PRCMPeripheralReset)
                  2001cd1c    00000056     rtsv7M4_T_le_eabi.lib : ltoa.obj (.text)
                  2001cd72    00000056                           : xfdunsca.obj (.text)
                  2001cdc8    00000054     driverlib.a : interrupt.obj (.text:IntPrioritySet)
                  2001ce1c    00000054     simplelink.a : socket.obj (.text:_sl_HandleAsync_Select)
                  2001ce70    00000054     approximations.obj (.text:fasin_deg)
                  2001cec4    00000054     request.obj (.text:headerSend)
                  2001cf18    00000054     simplelink.a : wlan.obj (.text:sl_WlanRxFilterSet)
                  2001cf6c    00000051     installation.obj (.text:createInstallationCallback)
                  2001cfbd    00000003     --HOLE-- [fill = 0]
                  2001cfc0    00000050     i2c_if.obj (.text:I2C_IF_Open)
                  2001d010    00000050     simplelink.a : device.obj (.text:_sl_HandleAsync_Stop)
                  2001d060    00000050     mt9d111.obj (.text:disableAE)
                  2001d0b0    00000050     mt9d111.obj (.text:disableAWB)
                  2001d100    00000050     rtsv7M4_T_le_eabi.lib : fs_toull_t2.obj (.text)
                  2001d150    00000050     simplelink.a : fs.obj (.text:sl_FsDel)
                  2001d1a0    0000004c     tasks.obj (.text:RdSensData_Init)
                  2001d1ec    0000004c     driverlib.a : spi.obj (.text:SPIIntEnable)
                  2001d238    0000004c     simplelink.a : driver.obj (.text:_SlDrvProtectAsyncRespSetting)
                  2001d284    0000004c                  : driver.obj (.text:_SlDrvRxIrqHandler)
                  2001d2d0    0000004c                  : socket.obj (.text:_sl_BuildAddress)
                  2001d31c    0000004c     rtsv7M4_T_le_eabi.lib : atoi.obj (.text)
                  2001d368    0000004c                           : atol.obj (.text)
                  2001d3b4    0000004c                           : cpy_tbl.obj (.text)
                  2001d400    0000004c                           : rand.obj (.text)
                  2001d44c    0000004c     driverlib.a : udma.obj (.text:uDMAChannelAssign)
                  2001d498    0000004a     rtsv7M4_T_le_eabi.lib : fd_tos_t2.obj (.text)
                  2001d4e2    00000002     --HOLE-- [fill = 0]
                  2001d4e4    00000048     driverlib.a : prcm.obj (.text:PRCMHibernateWakeupSourceDisable)
                  2001d52c    00000048                 : prcm.obj (.text:PRCMHibernateWakeupSourceEnable)
                  2001d574    00000048                 : spi.obj (.text:SPIIntClear)
                  2001d5bc    00000048     simplelink.a : driver.obj (.text:_SlDrvBasicCmd)
                  2001d604    00000048     http.obj (.text:addHttpRequestLine)
                  2001d64c    00000048     approximations.obj (.text:fatan_15deg)
                  2001d694    00000048     rtsv7M4_T_le_eabi.lib : fd_toi_t2.obj (.text)
                  2001d6dc    00000046                           : ldexp.obj (.text)
                  2001d722    00000002     --HOLE-- [fill = 0]
                  2001d724    00000044     driverlib.a : spi.obj (.text:SPIDmaMaskGet)
                  2001d768    00000044                 : timer.obj (.text:TimerConfigure)
                  2001d7ac    00000044     udma_if.obj (.text:UDMASetupTransfer)
                  2001d7f0    00000044     simplelink.a : cc_pal.obj (.text:cc_SetupTransfer)
                  2001d834    00000044     main_FXOS8700.obj (.text:fxos_Calibration)
                  2001d878    00000044     rtsv7M4_T_le_eabi.lib : exit.obj (.text)
                  2001d8bc    00000044                           : fd_tou_t2.obj (.text)
                  2001d900    00000043     ota.obj (.text:OTA_Update)
                  2001d943    00000001     --HOLE-- [fill = 0]
                  2001d944    00000042     simplelink.a : socket.obj (.text:sl_Htonl)
                  2001d986    00000002     --HOLE-- [fill = 0]
                  2001d988    00000040     driverlib.a : pin.obj (.text:PinModeSet)
                  2001d9c8    00000040     http.obj (.text:getHttpResponseBody)
                  2001da08    00000040     rtsv7M4_T_le_eabi.lib : signal.obj (.text)
                  2001da48    00000040     timer_fns.obj (.text:start_100mSecTimer)
                  2001da88    0000003e     appflile_lightSensor.obj (.text:IsLightOff)
                  2001dac6    0000003e     rtsv7M4_T_le_eabi.lib : strncasecmp.obj (.text)
                  2001db04    0000003c     simplelink.a : netapp.obj (.text:CopyPingResultsToReport)
                  2001db40    0000003c     tasks.obj (.text:Fusion_Init)
                  2001db7c    0000003c     driverlib.a : prcm.obj (.text:PRCMPeripheralClkEnable)
                  2001dbb8    0000003c     simplelink.a : socket.obj (.text:_sl_TruncatePayloadByProtocol)
                  2001dbf4    0000003c     rtsv7M4_T_le_eabi.lib : boot.obj (.text)
                  2001dc30    0000003c     simplelink.a : socket.obj (.text:sl_Htons)
                  2001dc6c    0000003c     driverlib.a : udma.obj (.text:uDMAChannelControlSet)
                  2001dca8    0000003a                 : camera.obj (.text:CameraCaptureStop)
                  2001dce2    0000003a                 : camera.obj (.text:CameraXClkConfig)
                  2001dd1c    0000003a     orientation.obj (.text:fLPFScalar)
                  2001dd56    0000003a     request.obj (.text:parseSendRequest)
                  2001dd90    00000039     http.obj (.text:addHttpRequestHeader)
                  2001ddc9    00000003     --HOLE-- [fill = 0]
                  2001ddcc    00000038     simplelink.a : cc_pal.obj (.text:NwpPowerOff)
                  2001de04    00000038     free_rtos.a : heap_3.obj (.text)
                  2001de3c    00000038     rtsv7M4_T_le_eabi.lib : fs_tod_t2.obj (.text)
                  2001de74    00000038                           : fs_toi_t2.obj (.text)
                  2001deac    00000038                           : i_tofs_t2.obj (.text)
                  2001dee4    00000036     driverlib.a : gpio.obj (.text:GPIODirModeSet)
                  2001df1a    00000036     simplelink.a : netapp.obj (.text:sl_NetAppMDNSUnRegisterService)
                  2001df50    00000035     http.obj (.text:beginHttpRequest)
                  2001df85    00000001     --HOLE-- [fill = 0]
                  2001df86    00000034     driverlib.a : camera.obj (.text:CameraParamsConfig)
                  2001dfba    00000002     --HOLE-- [fill = 0]
                  2001dfbc    00000034                 : prcm.obj (.text:PRCMPeripheralStatusGet)
                  2001dff0    00000034                 : spi.obj (.text:SPIFIFOLevelSet)
                  2001e024    00000034     http.obj (.text:getHttpResponseStatus)
                  2001e058    00000034     main_FXOS8700.obj (.text:get_angle)
                  2001e08c    00000034     rtsv7M4_T_le_eabi.lib : feraiseexcept.obj (.text)
                  2001e0c0    00000034                           : fs_tou_t2.obj (.text)
                  2001e0f4    00000034                           : strstr.obj (.text)
                  2001e128    00000032     timer_if.obj (.text:Timer_IF_Init)
                  2001e15a    00000030     driverlib.a : pin.obj (.text:PinTypeGPIO)
                  2001e18a    00000002     --HOLE-- [fill = 0]
                  2001e18c    00000030                 : uart.obj (.text:UARTDisable)
                  2001e1bc    00000030     simplelink.a : device.obj (.text:_SlDrvDeviceEventHandler)
                  2001e1ec    00000030                  : fs.obj (.text:_sl_Strlen)
                  2001e21c    00000030     main_FXOS8700.obj (.text:angleCheck)
                  2001e24c    00000030     rtsv7M4_T_le_eabi.lib : strncpy.obj (.text)
                  2001e27c    00000030                           : xferaise.obj (.text)
                  2001e2ac    00000030     simplelink.a : socket.obj (.text:sl_Close)
                  2001e2dc    00000030                  : wlan.obj (.text:sl_WlanProfileDel)
                  2001e30c    00000030                  : wlan.obj (.text:sl_WlanSetMode)
                  2001e33c    0000002e     rtsv7M4_T_le_eabi.lib : i_tofd_t2.obj (.text)
                  2001e36a    0000002e                           : raise.obj (.text)
                  2001e398    0000002d     http.obj (.text:addHttpRequestHeaderInt)
                  2001e3c5    00000003     --HOLE-- [fill = 0]
                  2001e3c8    0000002c     tasks.obj (.text:ApplyMagHAL)
                  2001e3f4    0000002c     driverlib.a : camera.obj (.text:CameraIntEnable)
                  2001e420    0000002c     simplelink.a : cc_pal.obj (.text:DmaSpiSwIntHandler)
                  2001e44c    0000002c     driverlib.a : i2c.obj (.text:I2CMasterErr)
                  2001e478    0000002c     simplelink.a : cc_pal.obj (.text:NwpPowerOn)
                  2001e4a4    0000002c     driverlib.a : prcm.obj (.text:PRCMSysResetCauseGet)
                  2001e4d0    0000002c     mt9d111.obj (.text:SoftReset_ImageSensor)
                  2001e4fc    0000002c     cc3200_utils.obj (.text:getDeviceTimeDate)
                  2001e528    0000002c     request.obj (.text:setDataBufferPointer)
                  2001e554    0000002a     driverlib.a : timer.obj (.text:TimerLoadSet)
                  2001e57e    0000002a                 : timer.obj (.text:TimerPrescaleSet)
                  2001e5a8    0000002a     rtsv7M4_T_le_eabi.lib : xdclass.obj (.text)
                  2001e5d2    00000002     --HOLE-- [fill = 0]
                  2001e5d4    00000028     driverlib.a : camera.obj (.text:CameraIntStatus)
                  2001e5fc    00000028     uartA1_if.obj (.text:InitTerm)
                  2001e624    00000028     uartA1_if.obj (.text:Message)
                  2001e64c    00000028     driverlib.a : prcm.obj (.text:PRCMPeripheralClkDisable)
                  2001e674    00000028     rtsv7M4_T_le_eabi.lib : strncat.obj (.text)
                  2001e69c    00000028     simplelink.a : netapp.obj (.text:sl_NetAppStart)
                  2001e6c4    00000028                  : netapp.obj (.text:sl_NetAppStop)
                  2001e6ec    00000026     driverlib.a : camera.obj (.text:CameraThresholdSet)
                  2001e712    00000026     simplelink.a : cc_pal.obj (.text:NwpRegisterInterruptHandler)
                  2001e738    00000026     rtsv7M4_T_le_eabi.lib : strncmp.obj (.text)
                  2001e75e    00000002     --HOLE-- [fill = 0]
                  2001e760    00000024     driverlib.a : camera.obj (.text:CameraIntClear)
                  2001e784    00000024     timer_fns.obj (.text:IntHandler_100mSecTimer)
                  2001e7a8    00000024     driverlib.a : interrupt.obj (.text:IntUnregister)
                  2001e7cc    00000024     timer_if.obj (.text:Timer_IF_Start)
                  2001e7f0    00000024     driverlib.a : uart.obj (.text:UARTEnable)
                  2001e814    00000024     mt9d111.obj (.text:WriteAllAEnAWBRegs)
                  2001e838    00000024     simplelink.a : driver.obj (.text:_SlDrvProtectionObjLockWaitForever)
                  2001e85c    00000024     rtsv7M4_T_le_eabi.lib : u_tofs_t2.obj (.text)
                  2001e880    00000022     driverlib.a : camera.obj (.text:CameraCaptureStart)
                  2001e8a2    00000022                 : i2c.obj (.text:I2CMasterSlaveAddrSet)
                  2001e8c4    00000022     simplelink.a : socket.obj (.text:SL_FD_SET)
                  2001e8e6    00000022     driverlib.a : spi.obj (.text:SPIReset)
                  2001e908    00000022                 : spi.obj (.text:SPIWordCountSet)
                  2001e92a    00000022     rtsv7M4_T_le_eabi.lib : frexp.obj (.text)
                  2001e94c    00000022                           : memcmp.obj (.text)
                  2001e96e    00000020     driverlib.a : gpio.obj (.text:GPIOPinWrite)
                  2001e98e    00000002     --HOLE-- [fill = 0]
                  2001e990    00000020                 : interrupt.obj (.text:IntRegister)
                  2001e9b0    00000020     mt9d111.obj (.text:Refresh_mt9d111Firmware)
                  2001e9d0    00000020     simplelink.a : driver.obj (.text:_SlDrvProtectionObjUnLock)
                  2001e9f0    00000020     rtsv7M4_T_le_eabi.lib : memchr.obj (.text)
                  2001ea10    00000020                           : u_tofd_t2.obj (.text)
                  2001ea30    0000001e     driverlib.a : i2c.obj (.text:I2CMasterIntStatusEx)
                  2001ea4e    0000001e                 : timer.obj (.text:TimerDisable)
                  2001ea6c    0000001e                 : timer.obj (.text:TimerEnable)
                  2001ea8a    0000001e                 : timer.obj (.text:TimerIntStatus)
                  2001eaa8    0000001e                 : uart.obj (.text:UARTCharPut)
                  2001eac6    0000001e     simplelink.a : cc_pal.obj (.text:cc_UDMAChannelSelect)
                  2001eae4    0000001e     rtsv7M4_T_le_eabi.lib : strcat.obj (.text)
                  2001eb02    00000002     --HOLE-- [fill = 0]
                  2001eb04    0000001c     tasks.obj (.text:ApplyAccelHAL)
                  2001eb20    0000001c     main.obj (.text:BoardInit)
                  2001eb3c    0000001c     mt9d111.obj (.text:CameraSensorInit)
                  2001eb58    0000001c     udma_if.obj (.text:DmaSwIntHandler)
                  2001eb74    0000001c     driverlib.a : pin.obj (.text:PinTypeI2C)
                  2001eb90    0000001c     simplelink.a : driver.obj (.text:_SlDrvObjLockWaitForever)
                  2001ebac    0000001c                  : driver.obj (.text:_SlDrvSyncObjWaitForever)
                  2001ebc8    0000001c     rtsv7M4_T_le_eabi.lib : memccpy.obj (.text)
                  2001ebe4    0000001c     timer_fns.obj (.text:stop_100mSecTimer)
                  2001ec00    0000001c     driverlib.a : udma.obj (.text:uDMAChannelDisable)
                  2001ec1c    0000001c                 : udma.obj (.text:uDMAChannelEnable)
                  2001ec38    0000001c     main.obj (.text:vApplicationMallocFailedHook)
                  2001ec54    0000001a     driverlib.a : pin.obj (.text:PinTypeCamera)
                  2001ec6e    0000001a                 : pin.obj (.text:PinTypeUART)
                  2001ec88    0000001a                 : spi.obj (.text:SPIDmaDisable)
                  2001eca2    0000001a                 : spi.obj (.text:SPIDmaEnable)
                  2001ecbc    0000001a                 : spi.obj (.text:SPIFIFODisable)
                  2001ecd6    0000001a                 : spi.obj (.text:SPIFIFOEnable)
                  2001ecf0    00000018                 : camera.obj (.text:CameraReset)
                  2001ed08    00000018                 : gpio.obj (.text:GPIOPinRead)
                  2001ed20    00000018                 : prcm.obj (.text:PRCMHibernateEnter)
                  2001ed38    00000018                 : spi.obj (.text:SPICSDisable)
                  2001ed50    00000018                 : spi.obj (.text:SPICSEnable)
                  2001ed68    00000018                 : spi.obj (.text:SPIDisable)
                  2001ed80    00000018                 : spi.obj (.text:SPIEnable)
                  2001ed98    00000018                 : timer.obj (.text:TimerIntEnable)
                  2001edb0    00000018     timer_if.obj (.text:Timer_IF_InterruptClear)
                  2001edc8    00000018     simplelink.a : driver.obj (.text:_SlDrvObjUnLock)
                  2001ede0    00000018                  : driver.obj (.text:_SlDrvSyncObjSignal)
                  2001edf8    00000018                  : device.obj (.text:_sl_GetStartResponseConvert)
                  2001ee10    00000018     rtsv7M4_T_le_eabi.lib : args_main.obj (.text)
                  2001ee28    00000018                           : strcmp.obj (.text)
                  2001ee40    00000016     driverlib.a : camera.obj (.text:CameraDMAEnable)
                  2001ee56    00000016                 : camera.obj (.text:CameraIntRegister)
                  2001ee6c    00000016                 : i2c.obj (.text:I2CMasterDataPut)
                  2001ee82    00000016                 : i2c.obj (.text:I2CMasterEnable)
                  2001ee98    00000016                 : prcm.obj (.text:PRCMHIBRegRead)
                  2001eeae    00000016                 : prcm.obj (.text:PRCMHIBRegWrite)
                  2001eec4    00000016     simplelink.a : driver.obj (.text:_SlDrvMemZero)
                  2001eeda    00000016     rtsv7M4_T_le_eabi.lib : strchr.obj (.text)
                  2001eef0    00000014     driverlib.a : cpu.obj (.text:CPUcpsie)
                  2001ef04    00000014                 : interrupt.obj (.text:IntVTableBaseSet)
                  2001ef18    00000014     app_common.obj (.text:LED_Off)
                  2001ef2c    00000014     app_common.obj (.text:LED_On)
                  2001ef40    00000014     rtsv7M4_T_le_eabi.lib : _lock.obj (.text)
                  2001ef54    00000014                           : strcpy.obj (.text)
                  2001ef68    00000014                           : strlen.obj (.text)
                  2001ef7c    00000014     driverlib.a : udma.obj (.text:uDMAControlBaseSet)
                  2001ef90    00000014                 : udma.obj (.text:uDMAIntClear)
                  2001efa4    00000012                 : i2c.obj (.text:I2CMasterControl)
                  2001efb6    00000012                 : i2c.obj (.text:I2CMasterIntClearEx)
                  2001efc8    00000012                 : i2c.obj (.text:I2CMasterTimeoutSet)
                  2001efda    00000012                 : timer.obj (.text:TimerIntClear)
                  2001efec    00000010                 : prcm.obj (.text:PRCMSOCReset)
                  2001effc    00000010     simplelink.a : socket.obj (.text:SL_FD_ZERO)
                  2001f00c    00000010     timer_if.obj (.text:Timer_IF_Stop)
                  2001f01c    00000010     cc3200_socket.obj (.text:socketClose)
                  2001f02c    0000000e     driverlib.a : i2c.obj (.text:I2CMasterDataGet)
                  2001f03a    0000000e     simplelink.a : driver.obj (.text:_SlDrvResetCmdExt)
                  2001f048    0000000e     rtsv7M4_T_le_eabi.lib : copy_decompress_none.obj (.text:decompress:none)
                  2001f056    0000000c     udma_if.obj (.text:DmaErrorIntHandler)
                  2001f062    00000002     --HOLE-- [fill = 0]
                  2001f064    0000000c     simplelink.a : cc_pal.obj (.text:NwpMaskInterrupt)
                  2001f070    0000000c                  : cc_pal.obj (.text:NwpUnMaskInterrupt)
                  2001f07c    0000000c     rtsv7M4_T_le_eabi.lib : copy_zero_init.obj (.text:decompress:ZI)
                  2001f088    0000000c     parse_impl.obj (.text:getInternalClient)
                  2001f094    0000000c     simplelink.a : wlan.obj (.text:sl_WlanDisconnect)
                  2001f0a0    0000000c     driverlib.a : udma.obj (.text:uDMAEnable)
                  2001f0ac    0000000c                 : udma.obj (.text:uDMAIntStatus)
                  2001f0b8    0000000a                 : interrupt.obj (.text:IntMasterEnable)
                  2001f0c2    0000000a     main.obj (.text:vApplicationStackOverflowHook)
                  2001f0cc    00000008     hibernate_related_fns.obj (.text:sensorsTriggerSetup)
                  2001f0d4    00000006     i2cconfig.obj (.text:MT9D111Delay)
                  2001f0da    00000006     startup_ccs.obj (.text:ResetISR)
                  2001f0e0    00000006     driverlib.a : utils.obj (.text:UtilsDelay)
                  2001f0e6    00000006     rtsv7M4_T_le_eabi.lib : copy_decompress_rle.obj (.text:decompress:rle24)
                  2001f0ec    00000006                           : logf.obj (.text)
                  2001f0f2    00000006                           : sinf.obj (.text)
                  2001f0f8    00000004                           : error.obj (.text)
                  2001f0fc    00000004                           : pre_init.obj (.text)

.const     0    2001f100    00000ede     
                  2001f100    0000013c     mt9d111.obj (.const:init_cmds_list)
                  2001f23c    00000101     rtsv7M4_T_le_eabi.lib : ctype.obj (.const:.string:_ctypes_)
                  2001f33d    00000003     --HOLE-- [fill = 0]
                  2001f340    00000100     driverlib.a : pin.obj (.const:g_ulPinToPadMap)
                  2001f440    000000d4                 : interrupt.obj (.const:g_pulRegs)
                  2001f514    000000d0     mt9d111.obj (.const)
                  2001f5e4    000000c4     mt9d111.obj (.const:capture_cmds_list)
                  2001f6a8    000000b0     simplelink.a : wlan.obj (.const:$P$T0$1)
                  2001f758    000000a8     driverlib.a : prcm.obj (.const:PRCM_PeriphRegsList)
                  2001f800    00000090     wifi_provisioning_thruAPmode.obj (.const:.string)
                  2001f890    00000080     driverlib.a : interrupt.obj (.const)
                  2001f910    00000072     lightSens_isl29035.obj (.const:.string)
                  2001f982    00000002     --HOLE-- [fill = 0]
                  2001f984    00000068     appFns_BatteryLevelSense.obj (.const:V2CEntry$1)
                  2001f9ec    00000050     accelomtrMagntomtr_fxos8700.obj (.const:.string)
                  2001fa3c    0000004c     mt9d111.obj (.const:$P$T4$5)
                  2001fa88    0000004b     tempRHSens_si7020.obj (.const:.string)
                  2001fad3    0000004a     camera_app.obj (.const:.string)
                  2001fb1d    00000042     mt9d111.obj (.const:.string)
                  2001fb5f    00000040     network_relater_fns.obj (.const:.string)
                  2001fb9f    0000003c     i2c_app.obj (.const:.string)
                  2001fbdb    00000001     --HOLE-- [fill = 0]
                  2001fbdc    0000003c     simplelink.a : driver.obj (.const:OpcodeTranslateTable)
                  2001fc18    0000003c                  : wlan.obj (.const)
                  2001fc54    00000038                  : driver.obj (.const:_SlActionLookupTable)
                  2001fc8c    00000038     rtsv7M4_T_le_eabi.lib : xflog.obj (.const)
                  2001fcc4    00000038     simplelink.a : fs.obj (.const)
                  2001fcfc    00000036     flash_files.obj (.const:.string)
                  2001fd32    00000002     --HOLE-- [fill = 0]
                  2001fd34    00000034     rtsv7M4_T_le_eabi.lib : xfatan.obj (.const)
                  2001fd68    00000034     simplelink.a : driver.obj (.const)
                  2001fd9c    00000034                  : socket.obj (.const)
                  2001fdd0    0000002c     network_relater_fns.obj (.const:$P$T1$2)
                  2001fdfc    0000002b     parse_uploads.obj (.const:.string)
                  2001fe27    00000001     --HOLE-- [fill = 0]
                  2001fe28    00000028     rtsv7M4_T_le_eabi.lib : xfdint.obj (.const)
                  2001fe50    00000028                           : xfsin.obj (.const)
                  2001fe78    00000028     simplelink.a : netapp.obj (.const)
                  2001fea0    00000024     main.obj (.const:.string)
                  2001fec4    00000023     batteryVoltLvlSens_adc081c021.obj (.const:.string:$P$T0$1)
                  2001fee7    00000022     network_relater_fns.obj (.const:.string:$P$T0$1)
                  2001ff09    00000003     --HOLE-- [fill = 0]
                  2001ff0c    0000001c     rtsv7M4_T_le_eabi.lib : tanf.obj (.const)
                  2001ff28    0000001c                           : xfexp.obj (.const)
                  2001ff44    00000018     driverlib.a : spi.obj (.const)
                  2001ff5c    00000017     request.obj (.const:.string)
                  2001ff73    00000016     collect_and_txit.obj (.const:.string)
                  2001ff89    00000014     network_relater_fns.obj (.const)
                  2001ff9d    00000001     --HOLE-- [fill = 0]
                  2001ff9e    00000014     simplelink.a : device.obj (.const)
                  2001ffb2    00000010                  : socket.obj (.const:.string)
                  2001ffc2    0000000b     app_common.obj (.const:.string)
                  2001ffcd    00000008     simplelink.a : device.obj (.const:.string)
                  2001ffd5    00000001     --HOLE-- [fill = 0]
                  2001ffd6    00000008                  : netcfg.obj (.const)

.cinit     0    2001ffe0    00000bc8     
                  2001ffe0    00000ba2     (.cinit..data.load) [load image, compression = rle]
                  20020b82    00000002     --HOLE-- [fill = 0]
                  20020b84    0000000c     (__TI_handler_table)
                  20020b90    00000008     (.cinit..bss.load) [load image, compression = zero_init]
                  20020b98    00000010     (__TI_cinit_table)

.init_array 
*          0    20004000    00000000     UNINITIALIZED

.bss       0    20022400    000172ff     UNINITIALIZED
                  20022400    00014000     main.obj (.bss:g_image_buffer)
                  20036400    00000b58     tasks.obj (.bss:thisMagBuffer)
                  20036f58    000005a0     ota.a : OtaHttp.obj (.bss:recv_buf)
                  200374f8    0000044c           : OtaClient.obj (.bss:g_OtaCheckUpdateResponse)
                  20037944    00000418     wifi_provisioning_thruAPmode.obj (.bss:thisMagCal)
                  20037d5c    00000240     ota.obj (.bss:g_otaOptServerInfo)
                  20037f9c    00000058     tasks.obj (.bss:thisMag)
                  20037ff4    0000000c     (.common:g_SecParams)
                  20038000    00000400     udma_if.obj (.bss:gpCtlTbl)
                  20038400    000003d8     ota.a : OtaClient.obj (.bss:g_OtaFileMetadata)
                  200387d8    00000370     main.obj (.bss:g_NetEntries)
                  20038b48    00000200     ota.a : OtaHttp.obj (.bss:send_buf)
                  20038d48    00000178     simplelink.a : driver.obj (.bss:g_StatMem)
                  20038ec0    00000120     rtsv7M4_T_le_eabi.lib : trgmsg.obj (.bss:__CIOBUF_)
                  20038fe0    00000100     udma_if.obj (.bss:gfpAppCallbackHndl)
                  200390e0    000000c8     free_rtos.a : tasks.obj (.bss:pxReadyTasksLists)
                  200391a8    000000ac     tasks.obj (.bss:thisSV_6DOF_GB_BASIC)
                  20039254    000000a0     rtsv7M4_T_le_eabi.lib : defs.obj (.bss:__TI_tmpnams)
                  200392f4    00000074     ota.a : CdnClient.obj (.bss:g_CdnClient)
                  20039368    00000050     simplelink.a : cc_pal.obj (.bss:g_ucDinDout)
                  200393b8    00000050     free_rtos.a : queue.obj (.bss:xQueueRegistry)
                  20039408    0000004c     ota.a : OtaApp.obj (.bss:g_OtaApp)
                  20039454    0000004c           : OtaApp.obj (.bss:g_OtaApp_statistics)
                  200394a0    00000034     cc3200_client_state.obj (.bss:clientStateFileName)
                  200394d4    00000034     main.obj (.bss:g_cWlanSecurityKey)
                  20039508    00000034     tasks.obj (.bss:thisAccel)
                  2003953c    00000024     ota.a : OtaClient.obj (.bss:g_OtaClient)
                  20039560    00000024     main.obj (.bss:g_cWlanSSID)
                  20039584    00000024     main.obj (.bss:g_ucConnectionSSID)
                  200395a8    0000001c     rtsv7M4_T_le_eabi.lib : vla_alloc.obj (.bss)
                  200395c4    00000014     (.common:g_FlcSflashCb)
                  200395d8    00000014     (.common:g_flag_blockFull)
                  200395ec    00000014     (.common:xDelayedTaskList1)
                  20039600    00000014     (.common:xDelayedTaskList2)
                  20039614    00000014     (.common:xPendingReadyList)
                  20039628    00000014     (.common:xSuspendedTaskList)
                  2003963c    00000014     (.common:xTasksWaitingTermination)
                  20039650    00000010     (.common:ang_buf)
                  20039660    00000010     (.common:globals)
                  20039670    00000010     (.common:mqxglobals)
                  20039680    00000008     (.common:g_LogClient)
                  20039688    00000008     (.common:g_ucConnectionBSSID)
                  20039690    00000008     (.common:parmbuf)
                  20039698    00000008     (.common:sBootInfo)
                  200396a0    00000004     (.common:DMAMsgQ)
                  200396a4    00000004     (.common:Elapsed_100MilliSecs)
                  200396a8    00000004     (.common:__Errorlog)
                  200396ac    00000004     (.common:angle_avg)
                  200396b0    00000004     (.common:dataBuffer)
                  200396b4    00000004     (.common:g_block_lastFilled)
                  200396b8    00000004     (.common:g_cDummy)
                  200396bc    00000004     (.common:g_cWlanSecurityType)
                  200396c0    00000004     (.common:g_frame_size_in_bytes)
                  200396c4    00000004     (.common:g_header_length)
                  200396c8    00000004     (.common:g_position_in_block)
                  200396cc    00000004     (.common:g_readHeader)
                  200396d0    00000004     (.common:g_total_dma_intrpts)
                  200396d4    00000004     (.common:g_ulAppStatus)
                  200396d8    00000004     (.common:gdoor_40deg_angle)
                  200396dc    00000004     (.common:gdoor_90deg_angle)
                  200396e0    00000004     (.common:pvOtaApp)
                  200396e4    00000004     (.common:pxDelayedTaskList)
                  200396e8    00000004     (.common:pxOverflowDelayedTaskList)
                  200396ec    00000001     (.common:RxIrqCnt)
                  200396ed    00000001     (.common:avg_buffer_cnt)
                  200396ee    00000001     (.common:checkForLight_Flag)
                  200396ef    00000001     (.common:g_dma_txn_done)
                  200396f0    00000001     (.common:g_flag_DataBlockFilled)
                  200396f1    00000001     (.common:g_flag_door_closing_45degree)
                  200396f2    00000001     (.common:g_frame_end)
                  200396f3    00000001     (.common:g_ucAngle40)
                  200396f4    00000001     (.common:g_ucAngle90)
                  200396f5    00000001     (.common:g_ucCalibration)
                  200396f6    00000001     (.common:g_ucConfig)
                  200396f7    00000001     (.common:g_ucExitButton)
                  200396f8    00000001     (.common:g_ucMagCalb)
                  200396f9    00000001     (.common:g_ucProfileAdded)
                  200396fa    00000001     (.common:g_ucPushButtonPressedTwice)
                  200396fb    00000001     (.common:iDone)
                  200396fc    00000001     (.common:isitfirsttime)
                  200396fd    00000001     (.common:print_count)
                  200396fe    00000001     (.common:valid_case)

.TI.noinit 
*          0    20022400    00000000     UNINITIALIZED

.sysmem    0    20039700    00005000     UNINITIALIZED
                  20039700    00000008     rtsv7M4_T_le_eabi.lib : memory.obj (.sysmem)
                  20039708    00004ff8     --HOLE--


LINKER GENERATED COPY TABLES

__TI_cinit_table @ 20020b98 records: 2, size/record: 8, table size: 16
	.data: load addr=2001ffe0, load size=00000ba2 bytes, run addr=20000000, run size=000013f4 bytes, compression=rle
	.bss: load addr=20020b90, load size=00000008 bytes, run addr=20022400, run size=000172ff bytes, compression=zero_init


LINKER GENERATED HANDLER TABLE

__TI_handler_table @ 20020b84 records: 3, size/record: 4, table size: 12
	index: 0, handler: __TI_decompress_rle24
	index: 1, handler: __TI_decompress_none
	index: 2, handler: __TI_zero_init


GLOBAL SYMBOLS: SORTED ALPHABETICALLY BY Name 

address   name                                  
-------   ----                                  
200128dd  AccessPtMode_HTTPServer_Start         
2001eb05  ApplyAccelHAL                         
2001e3c9  ApplyMagHAL                           
2001d879  C$$EXIT                               
2001c357  C$$IO$$                               
2001eef1  CPUcpsie                              
2000f5fd  CalibrateMagSensor                    
2001bd55  CamControllerInit                     
2001e881  CameraCaptureStart                    
2001dca9  CameraCaptureStop                     
2001ee41  CameraDMAEnable                       
2001e761  CameraIntClear                        
2001e3f5  CameraIntEnable                       
2001ee57  CameraIntRegister                     
2001e5d5  CameraIntStatus                       
2001df87  CameraParamsConfig                    
2001ecf1  CameraReset                           
2001eb3d  CameraSensorInit                      
2001e6ed  CameraThresholdSet                    
2001dce3  CameraXClkConfig                      
2000b8b9  CaptureAndStore_Image                 
2000d1ff  CdnClient_CloseServer                 
2000d21d  CdnClient_ConnectByUrl                
2000d1cd  CdnClient_Init                        
2000d097  CdnClient_Run                         
2000d08d  CdnClient_SetFileInfo                 
20016a85  Check_I2CDevices                      
20010b69  CollectAngle                          
20010d39  CollectTxit_ImgTempRH                 
20018e6d  Config_And_Start_CameraCapture        
2001b559  ConfigureMode                         
2000e909  ConfigureSimpleLinkToDefaultState     
20015fe5  ConnectToNetwork_STA                  
20012bfd  ConstructDeviceStateObject            
2001db05  CopyPingResultsToReport               
20018f31  CreateFile_Flash                      
200396a0  DMAMsgQ                               
2000103c  DigiCertHighAssuranceEVRootCA_der_len 
2001f057  DmaErrorIntHandler                    
2001e421  DmaSpiSwIntHandler                    
2001eb59  DmaSwIntHandler                       
200396a4  Elapsed_100MilliSecs                  
20014231  FXOS8700_Init                         
200160fd  FXOS8700_ReadData                     
2001db41  Fusion_Init                           
20014395  Fusion_Run                            
2001dee5  GPIODirModeSet                        
2001ed09  GPIOPinRead                           
2001e96f  GPIOPinWrite                          
200182bd  Get_BatteryPercent                    
2001bce5  Get_BatteryVoltageLevel_ADC081C021    
200144f5  HIBernate                             
2000e8c1  HOSTclock                             
2000e889  HOSTclose                             
2000e84b  HOSTgetenv                            
2000e7ef  HOSTlseek                             
2000e79d  HOSTopen                              
2000e751  HOSTread                              
2000e6f3  HOSTrename                            
2000e6b9  HOSTtime                              
2000e681  HOSTunlink                            
2000e635  HOSTwrite                             
20014e09  I2CBufferRead                         
200157bd  I2CBufferWrite                        
2001efa5  I2CMasterControl                      
2001f02d  I2CMasterDataGet                      
2001ee6d  I2CMasterDataPut                      
2001ee83  I2CMasterEnable                       
2001e44d  I2CMasterErr                          
2001b1c9  I2CMasterInitExpClk                   
2001efb7  I2CMasterIntClearEx                   
2001ea31  I2CMasterIntStatusEx                  
2001e8a3  I2CMasterSlaveAddrSet                 
2001efc9  I2CMasterTimeoutSet                   
2001cfc1  I2C_IF_Open                           
20018ff5  I2C_IF_Read                           
200192f5  I2C_IF_Write                          
2001e5fd  InitTerm                              
2001b931  InitialiseParse                       
2001a9b1  InitializeUserConfigVariables         
20019ce1  IntDisable                            
20019d89  IntEnable                             
2001e785  IntHandler_100mSecTimer               
2001f0b9  IntMasterEnable                       
2001cc6d  IntPendClear                          
2001cdc9  IntPrioritySet                        
2001e991  IntRegister                           
2001e7a9  IntUnregister                         
2001ef05  IntVTableBaseSet                      
2001da89  IsLightOff                            
20000000  JPEG_StdHuffmanTbl                    
200011f0  JPEG_StdQuantTblC                     
20001230  JPEG_StdQuantTblY                     
20019f81  LED_Blink                             
2001ef19  LED_Off                               
2001ef2d  LED_On                                
2000de5f  LogClient_Close                       
2000de77  LogClient_ConnectAndPrint             
2000de29  LogClient_ConnectServer               
2000de11  LogClient_Init                        
2000dccd  LogClient_Print                       
2001f0d5  MT9D111Delay                          
2000e005  MagCal_Run                            
20016d91  Main_Task_withHibernate               
2001e625  Message                               
2001f065  NwpMaskInterrupt                      
2001ddcd  NwpPowerOff                           
2001e479  NwpPowerOn                            
2001b24d  NwpPowerOnPreamble                    
2001e713  NwpRegisterInterruptHandler           
2001f071  NwpUnMaskInterrupt                    
20013f61  OTAServerInfoSet                      
20018485  OTA_CommitImage                       
2001cb59  OTA_Init                              
20010395  OTA_Run                               
2001d901  OTA_Update                            
2001fbdc  OpcodeTranslateTable                  
2000b877  OtaClient_CloseServer                 
2000b841  OtaClient_ConnectServer               
2000b80f  OtaClient_GetNextUpdate               
2000b7dd  OtaClient_Init                        
2000b707  OtaClient_ResourceMetadata            
2000b543  OtaClient_ResourceNameConvert         
2000b495  OtaClient_UpdateCheck                 
20015555  PRCMCC3200MCUInit                     
2001ee99  PRCMHIBRegRead                        
2001eeaf  PRCMHIBRegWrite                       
2001ed21  PRCMHibernateEnter                    
2001ae19  PRCMHibernateIntervalSet              
2001c189  PRCMHibernateWakeUpGPIOSelect         
2001d4e5  PRCMHibernateWakeupSourceDisable      
2001d52d  PRCMHibernateWakeupSourceEnable       
2001e64d  PRCMPeripheralClkDisable              
2001db7d  PRCMPeripheralClkEnable               
2001a63d  PRCMPeripheralClockGet                
2001ccc5  PRCMPeripheralReset                   
2001dfbd  PRCMPeripheralStatusGet               
2001efed  PRCMSOCReset                          
2001e4a5  PRCMSysResetCauseGet                  
2001aea1  PinConfigSet                          
2001d989  PinModeSet                            
20017091  PinMuxConfig                          
2001ec55  PinTypeCamera                         
2001e15b  PinTypeGPIO                           
2001eb75  PinTypeI2C                            
2001ec6f  PinTypeUART                           
2001d1a1  RdSensData_Init                       
20011475  RdSensData_Run                        
200183a5  ReadFile_FromFlash                    
2001e9b1  Refresh_mt9d111Firmware               
20019c35  Report                                
2001f0db  ResetISR                              
200396ec  RxIrqCnt                              
2001fd78  RxMsgClassLUT                         
UNDEFED   SHT$$INIT_ARRAY$$Base                 
UNDEFED   SHT$$INIT_ARRAY$$Limit                
2001e8c5  SL_FD_SET                             
2001effd  SL_FD_ZERO                            
2001ed39  SPICSDisable                          
2001ed51  SPICSEnable                           
2001a025  SPIConfigSetExpClk                    
2001ed69  SPIDisable                            
2001ec89  SPIDmaDisable                         
2001eca3  SPIDmaEnable                          
2001ed81  SPIEnable                             
2001ecbd  SPIFIFODisable                        
2001ecd7  SPIFIFOEnable                         
2001dff1  SPIFIFOLevelSet                       
2001d575  SPIIntClear                           
2001d1ed  SPIIntEnable                          
2001e8e7  SPIReset                              
2001e909  SPIWordCountSet                       
20001320  SecurityParams                        
2000a251  SimpleLinkHttpServerCallback          
20013c81  SimpleLinkNetAppEventHandler          
200140c9  SimpleLinkSockEventHandler            
2000c865  SimpleLinkWlanEventHandler            
2001e4d1  SoftReset_ImageSensor                 
2001ffcd  StartResponseLUT                      
2001c1f1  StartSensorInJpegMode                 
2001d769  TimerConfigure                        
2001ea4f  TimerDisable                          
2001ea6d  TimerEnable                           
2001efdb  TimerIntClear                         
2001ed99  TimerIntEnable                        
2001ea8b  TimerIntStatus                        
2001e555  TimerLoadSet                          
2001e57f  TimerPrescaleSet                      
2001e129  Timer_IF_Init                         
2001bc71  Timer_IF_IntSetup                     
2001edb1  Timer_IF_InterruptClear               
2001e7cd  Timer_IF_Start                        
2001f00d  Timer_IF_Stop                         
20001128  Token                                 
2001eaa9  UARTCharPut                           
2001bb11  UARTConfigSetExpClk                   
2001e18d  UARTDisable                           
2001e7f1  UARTEnable                            
2001bdc1  UDMAInit                              
2001d7ad  UDMASetupTransfer                     
20019e31  UploadImageToParse                    
2001aa41  UploadSensorDataToParse               
20011d3d  UserConfigure_Task                    
2000ff41  User_Configure                        
2001f0e1  UtilsDelay                            
2000aeb5  VDeleteSimpleLinkSpawnTask            
2000ae65  VStartSimpleLinkSpawnTask             
2000118c  Value                                 
20019a31  Verify_ImageSensor                    
2000ebc9  WiFiProvisioning                      
2001e815  WriteAllAEnAWBRegs                    
20016769  WriteFile_ToFlash                     
2001e5a9  _Dclass                               
20001040  _Denorm                               
20019235  _Dnorm                                
20016439  _Dscale                               
2001c5ff  _Dunscale                             
20001050  _Eps                                  
200013e4  _Errno                                
200187f1  _FAtan                                
200010c0  _FDenorm                              
2001ad01  _FDint                                
2001b83d  _FDnorm                               
20018a75  _FDscale                              
2001cd73  _FDunscale                            
200010d0  _FEps                                 
20013821  _FExp                                 
200010e0  _FInf                                 
20011b81  _FLog                                 
200010f0  _FNan                                 
20001110  _FRteps                               
20012741  _FSin                                 
20001100  _FSnan                                
20001120  _FXbig                                
20001124  _FZero                                
200013cc  _Fenv                                 
2001e27d  _Feraise                              
20001060  _Hugeval                              
20001070  _Inf                                  
20001080  _Nan                                  
2000d02f  _OpenStorageFile                      
2000bcc5  _OtaCleanToIdle                       
2000cfe1  _ReadFileHeaders                      
2000bdb3  _ReadStatFile                         
2000cfd5  _RecvFileChunk                        
200010a0  _Rteps                                
2001fdb0  _SlAcceptCmdCtrl                      
2001fc54  _SlActionLookupTable                  
2001975d  _SlAsyncEventGenericHandler           
2001ffaa  _SlDeviceGetCmdCtrl                   
2001ffae  _SlDeviceSetCmdCtrl                   
2001d5bd  _SlDrvBasicCmd                        
20018719  _SlDrvClassifyRxMsg                   
2001b3d9  _SlDrvCmdOp                           
2001be2d  _SlDrvCmdSend                         
20015c75  _SlDrvDataReadOp                      
20016b89  _SlDrvDataWriteOp                     
2001e1bd  _SlDrvDeviceEventHandler              
20017861  _SlDrvDriverCBDeinit                  
20013999  _SlDrvDriverCBInit                    
2001eec5  _SlDrvMemZero                         
200096e1  _SlDrvMsgRead                         
200193b1  _SlDrvMsgReadCmdCtx                   
2001a205  _SlDrvMsgReadSpawnCtx                 
200112a9  _SlDrvMsgWrite                        
20016f91  _SlDrvNetAppEventHandler              
2001eb91  _SlDrvObjLockWaitForever              
2001edc9  _SlDrvObjUnLock                       
2001d239  _SlDrvProtectAsyncRespSetting         
2001e839  _SlDrvProtectionObjLockWaitForever    
2001e9d1  _SlDrvProtectionObjUnLock             
20010f09  _SlDrvReleasePoolObj                  
2001f03b  _SlDrvResetCmdExt                     
2000fab5  _SlDrvRxHdrRead                       
2001d285  _SlDrvRxIrqHandler                    
2001ede1  _SlDrvSyncObjSignal                   
2001ebad  _SlDrvSyncObjWaitForever              
20012a6d  _SlDrvWaitForPoolObj                  
2001ffa6  _SlEventMaskGetCmdCtrl                
2001ffa2  _SlEventMaskSetCmdCtrl                
20013df1  _SlFindAndSetActiveObj                
2001fcc8  _SlFsCloseCmdCtrl                     
2001fcd8  _SlFsDeleteCmdCtrl                    
2001fcd4  _SlFsGetInfoCmdCtrl                   
2001fcc4  _SlFsOpenCmdCtrl                      
2001fccc  _SlFsReadCmdCtrl                      
2001fcd0  _SlFsWriteCmdCtrl                     
2001fe8c  _SlGetHostByNameCtrl                  
2001fe88  _SlGetHostByServiceCtrl               
2001fe80  _SlGetServiceListeCtrl                
2001fdbc  _SlGetSockOptCmdCtrl                  
2001fdac  _SlListenCmdCtrl                      
2001fe98  _SlNetAppGetCmdCtrl                   
2001fe94  _SlNetAppSendTokenValueCmdCtrl        
2001fe90  _SlNetAppSetCmdCtrl                   
2001fe78  _SlNetAppStartCtrl                    
2001fe7c  _SlNetAppStopCtrl                     
2001ffda  _SlNetCfgGetCmdCtrl                   
2001ffd6  _SlNetCfgSetCmdCtrl                   
2001ffb2  _SlPayloadByProtocolLUT               
2001fc1c  _SlPolicyGetCmdCtrl                   
2001fc18  _SlPolicySetCmdCtrl                   
2001fc24  _SlProfileDelCmdCtrl                  
2001fc20  _SlProfileGetCmdCtrl                  
2001fdb4  _SlRecvCmdCtrl                        
2001fda4  _SlRecvfomCmdCtrl                     
2001fe84  _SlRegisterServiceCtrl                
20019175  _SlRemoveFromList                     
2001fc2c  _SlRxFilterAddtCmdCtrl                
2001fc34  _SlRxFilterGetCmdCtrl                 
2001fc30  _SlRxFilterSetCmdCtrl                 
2001fdc0  _SlSelectCmdCtrl                      
2001fda8  _SlSendCmdCtrl                        
2001fdb8  _SlSetSockOptCmdCtrl                  
2001fc38  _SlSmartConfigStartCmdCtrl            
2001fda0  _SlSockCloseCmdCtrl                   
[...]
2001b7cb  memset                                
2001b83d  _FDnorm                               
2001b931  InitialiseParse                       
2001b9a9  _sl_HandleAsync_Connect               
2001ba21  sl_FsOpen                             
2001ba99  spi_Close                             
2001bb11  UARTConfigSetExpClk                   
2001bb89  sl_Recv                               
2001bc71  Timer_IF_IntSetup                     
2001bce5  Get_BatteryVoltageLevel_ADC081C021    
2001bd55  CamControllerInit                     
2001bdc1  UDMAInit                              
2001be2d  _SlDrvCmdSend                         
2001be99  f3x3matrixAeqMinusA                   
2001bf05  parseSendRequestInternal              
2001bf71  __TI_auto_init                        
2001bfe5  fprintf                               
2001c049  f3x3matrixAeqAxScalar                 
2001c11d  beginHttpGetRequest                   
2001c189  PRCMHibernateWakeUpGPIOSelect         
2001c1f1  StartSensorInJpegMode                 
2001c259  _sl_NetAppSendTokenValue              
2001c2c1  fetchDeviceOSVersion                  
2001c329  __TI_writemsg                         
2001c357  C$$IO$$                               
2001c35b  __TI_readmsg                          
2001c391  sl_DevSet                             
2001c3f9  sl_NetCfgSet                          
2001c461  sl_SetSockOpt                         
2001c4c9  sl_WlanSet                            
2001c599  f3x3matrixAeqScalar                   
2001c5ff  _Dunscale                             
2001c665  fseek                                 
2001c6c9  socketWait                            
2001c72d  softResetTempRHSensor                 
2001c791  uDMAChannelAttributeDisable           
2001c7f5  uDMAChannelAttributeEnable            
2001c859  __aeabi_cfcmpeq                       
2001c859  __aeabi_cfcmple                       
2001c8b9  __aeabi_cfrcmple                      
2001c919  _sl_HandleAsync_Accept                
2001c979  fxosDefault_Initializations           
2001c9d9  getMagntData                          
2001ca39  sprintf                               
2001ca99  sl_WlanPolicySet                      
2001caf9  standby_accelMagn_fxos8700            
2001cb59  OTA_Init                              
2001cbb5  getLightsensor_intrptStatus           
2001cc11  sl_Socket                             
2001cc6d  IntPendClear                          
2001ccc5  PRCMPeripheralReset                   
2001cd1d  ltoa                                  
2001cd73  _FDunscale                            
2001cdc9  IntPrioritySet                        
2001ce1d  _sl_HandleAsync_Select                
2001ce71  fasin_deg                             
2001cec5  headerSend                            
2001cf19  sl_WlanRxFilterSet                    
2001cfc1  I2C_IF_Open                           
2001d011  _sl_HandleAsync_Stop                  
2001d061  disableAE                             
2001d0b1  disableAWB                            
2001d101  __aeabi_f2ulz                         
2001d151  sl_FsDel                              
2001d1a1  RdSensData_Init                       
2001d1ed  SPIIntEnable                          
2001d239  _SlDrvProtectAsyncRespSetting         
2001d285  _SlDrvRxIrqHandler                    
2001d2d1  _sl_BuildAddress                      
2001d31d  atoi                                  
2001d369  atol                                  
2001d3b5  copy_in                               
2001d401  srand                                 
2001d417  rand                                  
2001d44d  uDMAChannelAssign                     
2001d499  __aeabi_d2f                           
2001d4e5  PRCMHibernateWakeupSourceDisable      
2001d52d  PRCMHibernateWakeupSourceEnable       
2001d575  SPIIntClear                           
2001d5bd  _SlDrvBasicCmd                        
2001d605  addHttpRequestLine                    
2001d64d  fatan_15deg                           
2001d695  __aeabi_d2iz                          
2001d6dd  ldexp                                 
2001d769  TimerConfigure                        
2001d7ad  UDMASetupTransfer                     
2001d835  fxos_Calibration                      
2001d879  C$$EXIT                               
2001d87d  abort                                 
2001d885  exit                                  
2001d8bd  __aeabi_d2uiz                         
2001d901  OTA_Update                            
2001d945  sl_Htonl                              
2001d989  PinModeSet                            
2001d9c9  getHttpResponseBody                   
2001da09  signal                                
2001da49  start_100mSecTimer                    
2001da89  IsLightOff                            
2001dac7  strncasecmp                           
2001db05  CopyPingResultsToReport               
2001db41  Fusion_Init                           
2001db7d  PRCMPeripheralClkEnable               
2001dbb9  _sl_TruncatePayloadByProtocol         
2001dbf5  _c_int00                              
2001dc31  sl_Htons                              
2001dc6d  uDMAChannelControlSet                 
2001dca9  CameraCaptureStop                     
2001dce3  CameraXClkConfig                      
2001dd1d  fLPFScalar                            
2001dd57  parseSendRequest                      
2001dd91  addHttpRequestHeader                  
2001ddcd  NwpPowerOff                           
2001de05  pvPortMalloc                          
2001de25  vPortFree                             
2001de3d  __aeabi_f2d                           
2001de75  __aeabi_f2iz                          
2001dead  __aeabi_i2f                           
2001dee5  GPIODirModeSet                        
2001df1b  sl_NetAppMDNSUnRegisterService        
2001df51  beginHttpRequest                      
2001df87  CameraParamsConfig                    
2001dfbd  PRCMPeripheralStatusGet               
2001dff1  SPIFIFOLevelSet                       
2001e025  getHttpResponseStatus                 
2001e059  get_angle                             
2001e08d  feraiseexcept                         
2001e0c1  __aeabi_f2uiz                         
2001e0f5  strstr                                
2001e129  Timer_IF_Init                         
2001e15b  PinTypeGPIO                           
2001e18d  UARTDisable                           
2001e1bd  _SlDrvDeviceEventHandler              
2001e1ed  _sl_Strlen                            
2001e21d  angleCheck                            
2001e24d  strncpy                               
2001e27d  _Feraise                              
2001e2ad  sl_Close                              
2001e2dd  sl_WlanProfileDel                     
2001e30d  sl_WlanSetMode                        
2001e33d  __aeabi_i2d                           
2001e36b  raise                                 
2001e399  addHttpRequestHeaderInt               
2001e3c9  ApplyMagHAL                           
2001e3f5  CameraIntEnable                       
2001e421  DmaSpiSwIntHandler                    
2001e44d  I2CMasterErr                          
2001e479  NwpPowerOn                            
2001e4a5  PRCMSysResetCauseGet                  
2001e4d1  SoftReset_ImageSensor                 
2001e529  setDataBufferPointer                  
2001e555  TimerLoadSet                          
2001e57f  TimerPrescaleSet                      
2001e5a9  _Dclass                               
2001e5d5  CameraIntStatus                       
2001e5fd  InitTerm                              
2001e625  Message                               
2001e64d  PRCMPeripheralClkDisable              
2001e675  strncat                               
2001e69d  sl_NetAppStart                        
2001e6c5  sl_NetAppStop                         
2001e6ed  CameraThresholdSet                    
2001e713  NwpRegisterInterruptHandler           
2001e739  strncmp                               
2001e761  CameraIntClear                        
2001e785  IntHandler_100mSecTimer               
2001e7a9  IntUnregister                         
2001e7cd  Timer_IF_Start                        
2001e7f1  UARTEnable                            
2001e815  WriteAllAEnAWBRegs                    
2001e839  _SlDrvProtectionObjLockWaitForever    
2001e85d  __aeabi_ui2f                          
2001e881  CameraCaptureStart                    
2001e8a3  I2CMasterSlaveAddrSet                 
2001e8c5  SL_FD_SET                             
2001e8e7  SPIReset                              
2001e909  SPIWordCountSet                       
2001e92b  frexp                                 
2001e94d  memcmp                                
2001e96f  GPIOPinWrite                          
2001e991  IntRegister                           
2001e9b1  Refresh_mt9d111Firmware               
2001e9d1  _SlDrvProtectionObjUnLock             
2001e9f1  memchr                                
2001ea11  __aeabi_ui2d                          
2001ea31  I2CMasterIntStatusEx                  
2001ea4f  TimerDisable                          
2001ea6d  TimerEnable                           
2001ea8b  TimerIntStatus                        
2001eaa9  UARTCharPut                           
2001eae5  strcat                                
2001eb05  ApplyAccelHAL                         
2001eb3d  CameraSensorInit                      
2001eb59  DmaSwIntHandler                       
2001eb75  PinTypeI2C                            
2001eb91  _SlDrvObjLockWaitForever              
2001ebad  _SlDrvSyncObjWaitForever              
2001ebc9  memccpy                               
2001ebe5  stop_100mSecTimer                     
2001ec01  uDMAChannelDisable                    
2001ec1d  uDMAChannelEnable                     
2001ec39  vApplicationMallocFailedHook          
2001ec55  PinTypeCamera                         
2001ec6f  PinTypeUART                           
2001ec89  SPIDmaDisable                         
2001eca3  SPIDmaEnable                          
2001ecbd  SPIFIFODisable                        
2001ecd7  SPIFIFOEnable                         
2001ecf1  CameraReset                           
2001ed09  GPIOPinRead                           
2001ed21  PRCMHibernateEnter                    
2001ed39  SPICSDisable                          
2001ed51  SPICSEnable                           
2001ed69  SPIDisable                            
2001ed81  SPIEnable                             
2001ed99  TimerIntEnable                        
2001edb1  Timer_IF_InterruptClear               
2001edc9  _SlDrvObjUnLock                       
2001ede1  _SlDrvSyncObjSignal                   
2001edf9  _sl_GetStartResponseConvert           
2001ee11  _args_main                            
2001ee29  strcmp                                
2001ee41  CameraDMAEnable                       
2001ee57  CameraIntRegister                     
2001ee6d  I2CMasterDataPut                      
2001ee83  I2CMasterEnable                       
2001ee99  PRCMHIBRegRead                        
2001eeaf  PRCMHIBRegWrite                       
2001eec5  _SlDrvMemZero                         
2001eedb  strchr                                
2001eef1  CPUcpsie                              
2001ef05  IntVTableBaseSet                      
2001ef19  LED_Off                               
2001ef2d  LED_On                                
2001ef41  _register_unlock                      
2001ef47  _register_lock                        
2001ef4f  _nop                                  
2001ef55  strcpy                                
2001ef69  strlen                                
2001ef7d  uDMAControlBaseSet                    
2001ef91  uDMAIntClear                          
2001efa5  I2CMasterControl                      
2001efb7  I2CMasterIntClearEx                   
2001efc9  I2CMasterTimeoutSet                   
2001efdb  TimerIntClear                         
2001efed  PRCMSOCReset                          
2001effd  SL_FD_ZERO                            
2001f00d  Timer_IF_Stop                         
2001f01d  socketClose                           
2001f02d  I2CMasterDataGet                      
2001f03b  _SlDrvResetCmdExt                     
2001f049  __TI_decompress_none                  
2001f057  DmaErrorIntHandler                    
2001f065  NwpMaskInterrupt                      
2001f071  NwpUnMaskInterrupt                    
2001f07d  __TI_zero_init                        
2001f089  getInternalClient                     
2001f095  sl_WlanDisconnect                     
2001f0a1  uDMAEnable                            
2001f0ad  uDMAIntStatus                         
2001f0b9  IntMasterEnable                       
2001f0c3  vApplicationStackOverflowHook         
2001f0cd  sensorsTriggerSetup                   
2001f0d5  MT9D111Delay                          
2001f0db  ResetISR                              
2001f0e1  UtilsDelay                            
2001f0e7  __TI_decompress_rle24                 
2001f0ed  logf                                  
2001f0f3  sinf                                  
2001f0f9  __abort_execution                     
2001f0fd  _system_pre_init                      
2001f23c  _ctypes_                              
2001fbdc  OpcodeTranslateTable                  
2001fc18  _SlPolicySetCmdCtrl                   
2001fc1c  _SlPolicyGetCmdCtrl                   
2001fc20  _SlProfileGetCmdCtrl                  
2001fc24  _SlProfileDelCmdCtrl                  
2001fc28  _SlWlanGetNetworkListCtrl             
2001fc2c  _SlRxFilterAddtCmdCtrl                
2001fc30  _SlRxFilterSetCmdCtrl                 
2001fc34  _SlRxFilterGetCmdCtrl                 
2001fc38  _SlSmartConfigStartCmdCtrl            
2001fc3c  _SlWlanSetModeCmdCtrl                 
2001fc40  _SlWlanCfgSetCmdCtrl                  
2001fc44  _SlWlanCfgGetCmdCtrl                  
2001fc54  _SlActionLookupTable                  
2001fcc4  _SlFsOpenCmdCtrl                      
2001fcc8  _SlFsCloseCmdCtrl                     
2001fccc  _SlFsReadCmdCtrl                      
2001fcd0  _SlFsWriteCmdCtrl                     
2001fcd4  _SlFsGetInfoCmdCtrl                   
2001fcd8  _SlFsDeleteCmdCtrl                    
2001fd68  g_H2NSyncPattern                      
2001fd70  g_H2NCnysPattern                      
2001fd78  RxMsgClassLUT                         
2001fd9c  _SlSockSocketCmdCtrl                  
2001fda0  _SlSockCloseCmdCtrl                   
2001fda4  _SlRecvfomCmdCtrl                     
2001fda8  _SlSendCmdCtrl                        
2001fdac  _SlListenCmdCtrl                      
2001fdb0  _SlAcceptCmdCtrl                      
2001fdb4  _SlRecvCmdCtrl                        
2001fdb8  _SlSetSockOptCmdCtrl                  
2001fdbc  _SlGetSockOptCmdCtrl                  
2001fdc0  _SlSelectCmdCtrl                      
2001fe78  _SlNetAppStartCtrl                    
2001fe7c  _SlNetAppStopCtrl                     
2001fe80  _SlGetServiceListeCtrl                
2001fe84  _SlRegisterServiceCtrl                
2001fe88  _SlGetHostByServiceCtrl               
2001fe8c  _SlGetHostByNameCtrl                  
2001fe90  _SlNetAppSetCmdCtrl                   
2001fe94  _SlNetAppSendTokenValueCmdCtrl        
2001fe98  _SlNetAppGetCmdCtrl                   
2001ff5c  g_deviceClientVersion                 
2001ff9e  _SlStopCmdCtrl                        
2001ffa2  _SlEventMaskSetCmdCtrl                
2001ffa6  _SlEventMaskGetCmdCtrl                
2001ffaa  _SlDeviceGetCmdCtrl                   
2001ffae  _SlDeviceSetCmdCtrl                   
2001ffb2  _SlPayloadByProtocolLUT               
2001ffc2  pcDigits                              
2001ffcd  StartResponseLUT                      
2001ffd6  _SlNetCfgSetCmdCtrl                   
2001ffda  _SlNetCfgGetCmdCtrl                   
2001ffe0  __TI_static_base__                    
20020b84  __TI_Handler_Table_Base               
20020b90  __TI_Handler_Table_Limit              
20020b98  __TI_CINIT_Base                       
20020ba8  __TI_CINIT_Limit                      
20022400  g_image_buffer                        
20036400  thisMagBuffer                         
200374f8  g_OtaCheckUpdateResponse              
20037944  thisMagCal                            
20037f9c  thisMag                               
20037ff4  g_SecParams                           
20038000  gpCtlTbl                              
20038400  g_OtaFileMetadata                     
200387d8  g_NetEntries                          
20038d48  g_StatMem                             
20038ec0  __CIOBUF_                             
20038fe0  gfpAppCallbackHndl                    
200391a8  thisSV_6DOF_GB_BASIC                  
20039254  __TI_tmpnams                          
200392f4  g_CdnClient                           
20039368  g_ucDinDout                           
200393b8  xQueueRegistry                        
20039408  g_OtaApp                              
20039454  g_OtaApp_statistics                   
200394a0  clientStateFileName                   
200394d4  g_cWlanSecurityKey                    
20039508  thisAccel                             
2003953c  g_OtaClient                           
20039560  g_cWlanSSID                           
20039584  g_ucConnectionSSID                    
200395c4  g_FlcSflashCb                         
200395d8  g_flag_blockFull                      
20039650  ang_buf                               
20039660  globals                               
20039670  mqxglobals                            
20039680  g_LogClient                           
20039688  g_ucConnectionBSSID                   
200396a0  DMAMsgQ                               
200396a4  Elapsed_100MilliSecs                  
200396ac  angle_avg                             
200396b0  dataBuffer                            
200396b4  g_block_lastFilled                    
200396b8  g_cDummy                              
200396bc  g_cWlanSecurityType                   
200396c0  g_frame_size_in_bytes                 
200396c4  g_header_length                       
200396c8  g_position_in_block                   
200396cc  g_readHeader                          
200396d4  g_ulAppStatus                         
200396d8  gdoor_40deg_angle                     
200396dc  gdoor_90deg_angle                     
200396ec  RxIrqCnt                              
200396ed  avg_buffer_cnt                        
200396ee  checkForLight_Flag                    
200396f0  g_flag_DataBlockFilled                
200396f1  g_flag_door_closing_45degree          
200396f2  g_frame_end                           
200396f3  g_ucAngle40                           
200396f4  g_ucAngle90                           
200396f5  g_ucCalibration                       
200396f6  g_ucConfig                            
200396f7  g_ucExitButton                        
200396f8  g_ucMagCalb                           
200396f9  g_ucProfileAdded                      
200396fa  g_ucPushButtonPressedTwice            
200396fb  iDone                                 
200396fc  isitfirsttime                         
200396fd  print_count                           
200396fe  valid_case                            
20039700  _sys_memory                           
ffffffff  __binit__                             
ffffffff  __c_args__                            
ffffffff  binit                                 
UNDEFED   SHT$$INIT_ARRAY$$Base                 
UNDEFED   SHT$$INIT_ARRAY$$Limit                

[866 symbols]
