******************************************************************************
                  TI ARM Linker PC v5.2.2                      
******************************************************************************
>> Linked Wed Jul 08 17:51:22 2015

OUTPUT FILE NAME:   <ULP_SEC_CAM.out>
ENTRY POINT SYMBOL: "_c_int00"  address: 2001cd95


MEMORY CONFIGURATION

         name            origin    length      used     unused   attr    fill
----------------------  --------  ---------  --------  --------  ----  --------
  SRAM_BOOTLDR          20000000   00004000  00001934  000026cc  RW X
  SRAM_CODE             20004000   0001e300  0001b69a  00002c66  RW X
  SRAM_DATA             20022300   0001dd00  0001c2fb  00001a05  RW X


SEGMENT ALLOCATION MAP

run origin  load origin   length   init length attrs members
----------  ----------- ---------- ----------- ----- -------
20000000    20000000    00000934   00000000    rw-
  20000000    20000000    00000934   00000000    rw- .data
20003000    20003000    00001000   00000000    rw-
  20003000    20003000    00001000   00000000    rw- .stack
20004000    20004000    0001b6a0   0001b6a0    r-x
  20004000    20004000    00000400   00000400    r-- .intvecs
  20004400    20004400    00019ea0   00019ea0    r-x .text
  2001e2a0    2001e2a0    00000eca   00000eca    r-- .const
  2001f170    2001f170    00000530   00000530    r-- .cinit
20022400    20022400    0001c300   00000000    rw-
  20022400    20022400    000172fb   00000000    rw- .bss
  20039700    20039700    00005000   00000000    rw- .sysmem


SECTION ALLOCATION MAP

 output                                  attributes/
section   page    origin      length       input sections
--------  ----  ----------  ----------   ----------------
.data      0    20000000    00000934     UNINITIALIZED
                  20000000    000003c9     cc3200_certificate.obj (.data:DigiCertHighAssuranceEVRootCA_der)
                  200003c9    00000001     tasks.obj (.data)
                  200003ca    00000002     --HOLE--
                  200003cc    000000f0     rtsv7M4_T_le_eabi.lib : defs.obj (.data:_ftable)
                  200004bc    000000d0                           : lowlev.obj (.data)
                  2000058c    000000b0                           : signal.obj (.data:sigtable)
                  2000063c    00000004     cc3200_certificate.obj (.data)
                  20000640    00000080     rtsv7M4_T_le_eabi.lib : xvalues.obj (.data)
                  200006c0    00000068                           : xfvalues.obj (.data)
                  20000728    00000064     network_relater_fns.obj (.data:Token)
                  2000078c    00000064     network_relater_fns.obj (.data:Value)
                  200007f0    0000003c     main.obj (.data:g_token_get)
                  2000082c    00000034     free_rtos.a : tasks.obj (.data)
                  20000860    00000024     main.obj (.data)
                  20000884    00000018     cc3200_utils.obj (.data)
                  2000089c    00000018     request.obj (.data)
                  200008b4    00000010     rtsv7M4_T_le_eabi.lib : defs.obj (.data)
                  200008c4    0000000c     free_rtos.a : osi_freertos.obj (.data)
                  200008d0    0000000c     rtsv7M4_T_le_eabi.lib : memory.obj (.data)
                  200008dc    00000009     simplelink.a : cc_pal.obj (.data)
                  200008e5    00000003     --HOLE--
                  200008e8    00000009                  : driver.obj (.data)
                  200008f1    00000003     --HOLE--
                  200008f4    00000008     camera_app.obj (.data)
                  200008fc    00000008     rtsv7M4_T_le_eabi.lib : _lock.obj (.data)
                  20000904    00000008                           : exit.obj (.data)
                  2000090c    00000008                           : feraiseexcept.obj (.data)
                  20000914    00000006     http.obj (.data)
                  2000091a    00000002     --HOLE--
                  2000091c    00000004     free_rtos.a : port.obj (.data)
                  20000920    00000004     ota.a : OtaHttp.obj (.data)
                  20000924    00000004     rtsv7M4_T_le_eabi.lib : errno.obj (.data)
                  20000928    00000004                           : fopen.obj (.data)
                  2000092c    00000004                           : rand.obj (.data)
                  20000930    00000004                           : stkdepth_vars.obj (.data)

.TI.persistent 
*          0    20000000    00000000     UNINITIALIZED

.stack     0    20003000    00001000     UNINITIALIZED
                  20003000    00001000     --HOLE--

.intvecs   0    20004000    00000400     
                  20004000    00000400     startup_ccs.obj (.intvecs)

.text      0    20004400    00019ea0     
                  20004400    00001258     free_rtos.a : tasks.obj (.text)
                  20005658    000010a6     rtsv7M4_T_le_eabi.lib : _printfi.obj (.text)
                  200066fe    00000002     startup_ccs.obj (.text:BusFaultHandler)
                  20006700    00000b24     free_rtos.a : queue.obj (.text)
                  20007224    00000a08     magnetic.obj (.text:fUpdateCalibration10EIG)
                  20007c2c    00000788     magnetic.obj (.text:fUpdateCalibration4INV)
                  200083b4    00000694     magnetic.obj (.text:fUpdateCalibration7EIG)
                  20008a48    00000688     matrix.obj (.text:eigencompute)
                  200090d0    00000610     ota.a : OtaHttp.obj (.text)
                  200096e0    000005ec     simplelink.a : driver.obj (.text:_SlDrvMsgRead)
                  20009ccc    00000584     magnetic.obj (.text:iUpdateMagnetometerBuffer)
                  2000a250    000004dc     network_relater_fns.obj (.text:SimpleLinkHttpServerCallback)
                  2000a72c    000004be     cc3200_utils.obj (.text:createNewInstallationId)
                  2000abea    00000002     startup_ccs.obj (.text:FaultISR)
                  2000abec    0000045c     free_rtos.a : osi_freertos.obj (.text)
                  2000b048    0000044c     request.obj (.text:buildRequestHeaders)
                  2000b494    00000424     ota.a : OtaClient.obj (.text)
                  2000b8b8    0000040c           : OtaApp.obj (.text)
                  2000bcc4    000003f8     camera_app.obj (.text:CaptureAndStore_Image)
                  2000c0bc    000003dc     rtsv7M4_T_le_eabi.lib : memory.obj (.text)
                  2000c498    000003b8     matrix.obj (.text:fmatrixAeqInvA)
                  2000c850    0000039c     network_relater_fns.obj (.text:SimpleLinkWlanEventHandler)
                  2000cbec    00000378     rtsv7M4_T_le_eabi.lib : powf.obj (.text)
                  2000cf64    0000035c     ota.a : CdnClient.obj (.text)
                  2000d2c0    00000354     orientation.obj (.text:feCompassAndroid)
                  2000d614    00000354     orientation.obj (.text:feCompassWin8)
                  2000d968    00000350     orientation.obj (.text:feCompassNED)
                  2000dcb8    00000338     ota.a : LogClient.obj (.text)
                  2000dff0    00000324     tasks.obj (.text:MagCal_Run)
                  2000e314    0000030c     rtsv7M4_T_le_eabi.lib : lowlev.obj (.text)
                  2000e620    000002d4                           : trgdrv.obj (.text)
                  2000e8f4    000002c0     network_relater_fns.obj (.text:ConfigureSimpleLinkToDefaultState)
                  2000ebb4    000002a4     wifi_provisioning_thruAPmode.obj (.text:WiFiProvisioning)
                  2000ee58    00000298     rtsv7M4_T_le_eabi.lib : vla_alloc.obj (.text)
                  2000f0f0    0000026e     simplejson.obj (.text:simpleJsonProcessor)
                  2000f35e    00000002     driverlib.a : interrupt.obj (.text:IntDefaultHandler)
                  2000f360    0000026c     mt9d111.obj (.text:RegLstWrite)
                  2000f5cc    00000254     lightSens_isl29035.obj (.text:configureISL29035)
                  2000f820    00000248     simplelink.a : driver.obj (.text:_SlDrvRxHdrRead)
                  2000fa68    00000244     wifi_provisioning_thruAPmode.obj (.text:User_Configure)
                  2000fcac    00000244     simplelink.a : wlan.obj (.text:sl_WlanConnect)
                  2000fef0    00000210     request.obj (.text:payloadSend)
                  20010100    0000020c     ota.obj (.text:OTA_Run)
                  2001030c    000001f8     algorithm_basic.obj (.text:check_doorpos)
                  20010504    000001f4     rtsv7M4_T_le_eabi.lib : ull_div_t2.obj (.text)
                  200106f8    000001ec     wifi_provisioning_thruAPmode.obj (.text:CalibrateMagSensor)
                  200108e4    000001e0     main_FXOS8700.obj (.text:angleCheck_Initializations)
                  20010ac4    000001d0     simplelink.a : driver.obj (.text:_SlDrvReleasePoolObj)
                  20010c94    000001cc                  : driver.obj (.text:_SlDrvMsgWrite)
                  20010e60    000001c4     tasks.obj (.text:RdSensData_Run)
                  20011024    000001c4     rtsv7M4_T_le_eabi.lib : fopen.obj (.text)
                  200111e8    000001c0     magnetic.obj (.text:fInvertMagCal)
                  200113a8    000001bc     collect_and_txit.obj (.text:CollectTxit_ImgTempRH)
                  20011564    000001bc     main.obj (.text:UserConfigure_Task)
                  20011720    000001bc     rtsv7M4_T_le_eabi.lib : xflog.obj (.text)
                  200118dc    000001b6                           : fd_add_t2.obj (.text)
                  20011a92    00000002     startup_ccs.obj (.text:IntDefaultHandler)
                  20011a94    000001a4     orientation.obj (.text:fQuaternionFromRotationMatrix)
                  20011c38    000001a4     cc3200_socket.obj (.text:socketSslConnect)
                  20011ddc    000001a0     camera_app.obj (.text:CameraIntHandler)
                  20011f7c    0000019c     rtsv7M4_T_le_eabi.lib : xfsin.obj (.text)
                  20012118    00000198     network_relater_fns.obj (.text:initNetwork)
                  200122b0    00000190     wifi_provisioning_thruAPmode.obj (.text:AccessPtMode_HTTPServer_Start)
                  20012440    00000190     simplelink.a : driver.obj (.text:_SlDrvWaitForPoolObj)
                  200125d0    0000018c     parse_uploads.obj (.text:ConstructDeviceStateObject)
                  2001275c    0000018c     request.obj (.text:sendRequest)
                  200128e8    00000188     matrix.obj (.text:f3x3matrixAeqInvSymB)
                  20012a70    00000184     flc.a : flc.obj (.text)
                  20012bf4    00000180     orientation.obj (.text:fWin8AnglesDegFromRotationMatrix)
                  20012d74    00000178     rtsv7M4_T_le_eabi.lib : tanf.obj (.text)
                  20012eec    00000178                           : xfexp.obj (.text)
                  20013064    00000174     simplelink.a : driver.obj (.text:_SlDrvDriverCBInit)
                  200131d8    00000174     magnetic.obj (.text:fInitMagCalibration)
                  2001334c    00000170     network_relater_fns.obj (.text:SimpleLinkNetAppEventHandler)
                  200134bc    00000170     simplelink.a : driver.obj (.text:_SlFindAndSetActiveObj)
                  2001362c    00000168     ota.obj (.text:OTAServerInfoSet)
                  20013794    00000165     network_relater_fns.obj (.text:SimpleLinkSockEventHandler)
                  200138f9    00000001     --HOLE-- [fill = 0]
                  200138fa    00000002     startup_ccs.obj (.text:NmiSR)
                  200138fc    00000164     drivers.obj (.text:FXOS8700_Init)
                  20013a60    00000160     tasks.obj (.text:Fusion_Run)
                  20013bc0    0000015c     hibernate_related_fns.obj (.text:HIBernate)
                  20013d1c    00000158     orientation.obj (.text:qAeqAxB)
                  20013e74    00000158     orientation.obj (.text:qconjgAxB)
                  20013fcc    00000150     wifi_provisioning_thruAPmode.obj (.text:CollectAngle)
                  2001411c    0000014c     simplelink.a : cc_pal.obj (.text:spi_Open)
                  20014268    00000144     fusion.obj (.text:fRun_6DOF_GB_BASIC)
                  200143ac    0000013c     rtsv7M4_T_le_eabi.lib : fmodf.obj (.text)
                  200144e8    0000013c     simplelink.a : socket.obj (.text:sl_Select)
                  20014624    00000138     i2cconfig.obj (.text:I2CBufferRead)
                  2001475c    00000138     mt9d111.obj (.text:Register_Read)
                  20014894    00000138     orientation.obj (.text:fLPFOrientationQuaternion)
                  200149cc    00000138     orientation.obj (.text:fRotationMatrixFromQuaternion)
                  20014b04    00000136     rtsv7M4_T_le_eabi.lib : fd_div_t2.obj (.text)
                  20014c3a    00000002     main.obj (.text:vApplicationIdleHook)
                  20014c3c    00000134     driverlib.a : prcm.obj (.text:PRCMCC3200MCUInit)
                  20014d70    00000134     rtsv7M4_T_le_eabi.lib : fputs.obj (.text)
                  20014ea4    00000130     i2cconfig.obj (.text:I2CBufferWrite)
                  20014fd4    0000012c     i2c_app.obj (.text:i2cWriteRegisters)
                  20015100    0000012a     free_rtos.a : list.obj (.text)
                  2001522a    00000002     --HOLE-- [fill = 0]
                  2001522c    00000128     simplelink.a : driver.obj (.text:_SlDrvDataReadOp)
                  20015354    00000128     tempRHSens_si7020.obj (.text:getTempRH)
                  2001547c    00000118     network_relater_fns.obj (.text:ConnectToNetwork_STA)
                  20015594    00000116     drivers.obj (.text:FXOS8700_ReadData)
                  200156aa    00000002     --HOLE-- [fill = 0]
                  200156ac    00000114     main.obj (.text:main)
                  200157c0    00000110     free_rtos.a : port.obj (.text)
                  200158d0    00000110     rtsv7M4_T_le_eabi.lib : xdscale.obj (.text)
                  200159e0    00000110     lightSens_isl29035.obj (.text:verifyISL29035)
                  20015af0    00000110     tempRHSens_si7020.obj (.text:verifyTempRHSensor)
                  20015c00    0000010c     flash_files.obj (.text:WriteFile_ToFlash)
                  20015d0c    00000108     simplelink.a : socket.obj (.text:sl_Connect)
                  20015e14    00000108                  : socket.obj (.text:sl_Send)
                  20015f1c    00000104     dbgFns.obj (.text:Check_I2CDevices)
                  20016020    00000104     simplelink.a : driver.obj (.text:_SlDrvDataWriteOp)
                  20016124    00000104                  : netapp.obj (.text:sl_NetAppDnsGetHostByName)
                  20016228    00000100     cc3200_client_state.obj (.text:loadClientState)
                  20016328    000000fe     simplelink.a : netapp.obj (.text:_SlDrvNetAppEventHandler)
                  20016426    00000002     --HOLE-- [fill = 0]
                  20016428    000000fc     main.obj (.text:Main_Task_withHibernate)
                  20016524    000000fc     pinmux.obj (.text:PinMuxConfig)
                  20016620    000000fc     orientation.obj (.text:fqAeqNormqA)
                  2001671c    000000fc     rtsv7M4_T_le_eabi.lib : fd_mul_t2.obj (.text)
                  20016818    000000fa                           : fs_add_t2.obj (.text)
                  20016912    00000002     --HOLE-- [fill = 0]
                  20016914    000000f8     cc3200_certificate.obj (.text:ensureCertificateFile)
                  20016a0c    000000f8     orientation.obj (.text:fAndroidAnglesDegFromRotationMatrix)
                  20016b04    000000f8     orientation.obj (.text:fNEDAnglesDegFromRotationMatrix)
                  20016bfc    000000f8     i2c_app.obj (.text:i2cReadRegistersTwoBytes)
                  20016cf4    000000f4     simplelink.a : driver.obj (.text:_SlDrvDriverCBDeinit)
                  20016de8    000000f4     installation.obj (.text:getInstallation)
                  20016edc    000000f4     simplelink.a : fs.obj (.text:sl_FsRead)
                  20016fd0    000000f4     accelomtrMagntomtr_fxos8700.obj (.text:verifyAccelMagnSensor)
                  200170c4    000000f2     cc3200_socket.obj (.text:socketRead)
                  200171b6    00000002     --HOLE-- [fill = 0]
                  200171b8    000000f0     camera_app.obj (.text:DMAConfig)
                  200172a8    000000f0     i2c_app.obj (.text:i2cReadRegisters)
                  20017398    000000f0     driverlib.a : udma.obj (.text:uDMAChannelTransferSet)
                  20017488    000000ec     orientation.obj (.text:fRotationVectorDegFromQuaternion)
                  20017574    000000ec     simplelink.a : fs.obj (.text:sl_FsWrite)
                  20017660    000000e8     appFns_BatteryLevelSense.obj (.text:Get_BatteryPercent)
                  20017748    000000e0     flash_files.obj (.text:ReadFile_FromFlash)
                  20017828    000000dc     ota.obj (.text:OTA_CommitImage)
                  20017904    000000dc     rtsv7M4_T_le_eabi.lib : setvbuf.obj (.text)
                  200179e0    000000dc     simplelink.a : cc_pal.obj (.text:spi_Read)
                  20017abc    000000d8                  : driver.obj (.text:_SlDrvClassifyRxMsg)
                  20017b94    000000d8     rtsv7M4_T_le_eabi.lib : xfatan.obj (.text)
                  20017c6c    000000d4     simplelink.a : device.obj (.text:sl_Stop)
                  20017d40    000000d0     rtsv7M4_T_le_eabi.lib : xfdscale.obj (.text)
                  20017e10    000000cc     approximations.obj (.text:fatan_deg)
                  20017edc    000000cc     rtsv7M4_T_le_eabi.lib : sqrtf.obj (.text)
                  20017fa8    000000c8     simplelink.a : netapp.obj (.text:_sl_HandleAsync_DnsGetHostByService)
                  20018070    000000c8     rtsv7M4_T_le_eabi.lib : fflush.obj (.text)
                  20018138    000000c4     main.obj (.text:Config_And_Start_CameraCapture)
                  200181fc    000000c0     i2c_if.obj (.text:I2C_IF_Read)
                  200182bc    000000c0     wifi_provisioning_thruAPmode.obj (.text:WlanConnect)
                  2001837c    000000c0     simplelink.a : driver.obj (.text:_SlRemoveFromList)
                  2001843c    000000be     rtsv7M4_T_le_eabi.lib : xdnorm.obj (.text)
                  200184fa    00000002     --HOLE-- [fill = 0]
                  200184fc    000000bc     i2c_if.obj (.text:I2C_IF_Write)
                  200185b8    000000bc     simplelink.a : driver.obj (.text:_SlDrvMsgReadCmdCtx)
                  20018674    000000bc     tempRHSens_si7020.obj (.text:configureTempRHSensor)
                  20018730    000000bc     rtsv7M4_T_le_eabi.lib : acosf.obj (.text)
                  200187ec    000000bc     simplelink.a : device.obj (.text:sl_Start)
                  200188a8    000000ba     free_rtos.a : portasm.obj (.text)
                  20018962    00000002     --HOLE-- [fill = 0]
                  20018964    000000b8     simplelink.a : driver.obj (.text:_SlAsyncEventGenericHandler)
                  20018a1c    000000b8     installation.obj (.text:createInstallation)
                  20018ad4    000000b4     simplelink.a : netapp.obj (.text:sl_NetAppMDNSRegisterUnregisterService)
                  20018b88    000000b0     app_common.obj (.text:intToASCII)
                  20018c38    000000ac     mt9d111.obj (.text:Verify_ImageSensor)
                  20018ce4    000000ac     rtsv7M4_T_le_eabi.lib : _io_perm.obj (.text)
                  20018d90    000000ab     installation.obj (.text:getInstallationByIdCallback)
                  20018e3b    00000001     --HOLE-- [fill = 0]
                  20018e3c    000000aa     uartA1_if.obj (.text:Report)
                  20018ee6    00000002     --HOLE-- [fill = 0]
                  20018ee8    000000a8     driverlib.a : interrupt.obj (.text:IntDisable)
                  20018f90    000000a8                 : interrupt.obj (.text:IntEnable)
                  20019038    000000a8     parse_uploads.obj (.text:UploadImageToParse)
                  200190e0    000000a8     simplelink.a : netcfg.obj (.text:sl_NetCfgGet)
                  20019188    000000a4     app_common.obj (.text:LED_Blink)
                  2001922c    000000a0     driverlib.a : spi.obj (.text:SPIConfigSetExpClk)
                  200192cc    000000a0     cc3200_socket.obj (.text:socketWrite)
                  2001936c    0000009e     matrix.obj (.text:f3x3matrixDetA)
                  2001940a    00000002     --HOLE-- [fill = 0]
                  2001940c    0000009c     simplelink.a : driver.obj (.text:_SlDrvMsgReadSpawnCtx)
                  200194a8    0000009c     approximations.obj (.text:fatan2_deg)
                  20019544    0000009c     rtsv7M4_T_le_eabi.lib : memcpy_t2.obj (.text)
                  200195e0    0000009c     simplelink.a : device.obj (.text:sl_DevGet)
                  2001967c    00000098                  : fs.obj (.text:_sl_GetCreateFsMode)
                  20019714    00000098     rtsv7M4_T_le_eabi.lib : fclose.obj (.text)
                  200197ac    00000098                           : fputc.obj (.text)
                  20019844    00000094     driverlib.a : prcm.obj (.text:PRCMPeripheralClockGet)
                  200198d8    00000094     approximations.obj (.text:facos_deg)
                  2001996c    00000094     lightSens_isl29035.obj (.text:getLightsensor_data)
                  20019a00    00000094     rtsv7M4_T_le_eabi.lib : snprintf.obj (.text)
                  20019a94    00000092     parse_impl.obj (.text:parseInitialize)
                  20019b26    00000092     rtsv7M4_T_le_eabi.lib : fs_div_t2.obj (.text)
                  20019bb8    00000090     network_relater_fns.obj (.text:InitializeUserConfigVariables)
                  20019c48    00000090     parse_uploads.obj (.text:UploadSensorDataToParse)
                  20019cd8    0000008c     simplelink.a : cc_pal.obj (.text:SetupDMAReceive)
                  20019d64    0000008c                  : cc_pal.obj (.text:SetupDMASend)
                  20019df0    0000008c                  : netapp.obj (.text:_sl_HandleAsync_DnsGetHostByName)
                  20019e7c    0000008c                  : netapp.obj (.text:_sl_HandleAsync_PingResponse)
                  20019f08    0000008c     rtsv7M4_T_le_eabi.lib : xfdint.obj (.text)
                  20019f94    0000008c     simplelink.a : cc_pal.obj (.text:spi_Write)
                  2001a020    00000088     driverlib.a : prcm.obj (.text:PRCMHibernateIntervalSet)
                  2001a0a8    00000088                 : pin.obj (.text:PinConfigSet)
                  2001a130    00000088     rtsv7M4_T_le_eabi.lib : vsnprintf.obj (.text)
                  2001a1b8    00000088     simplelink.a : fs.obj (.text:sl_FsClose)
                  2001a240    00000086     rtsv7M4_T_le_eabi.lib : fd_cmp_t2.obj (.text:__aeabi_cdcmple)
                  2001a2c6    00000086                           : fd_cmp_t2.obj (.text:__aeabi_cdrcmple)
                  2001a34c    00000084     timer_if.obj (.text:GetPeripheralIntNum)
                  2001a3d0    00000084     driverlib.a : i2c.obj (.text:I2CMasterInitExpClk)
                  2001a454    00000084     simplelink.a : cc_pal.obj (.text:NwpPowerOnPreamble)
                  2001a4d8    00000084     matrix.obj (.text:f3x3matrixAeqI)
                  2001a55c    00000084     fusion.obj (.text:fInit_6DOF_GB_BASIC)
                  2001a5e0    00000080     simplelink.a : driver.obj (.text:_SlDrvCmdOp)
                  2001a660    00000080                  : cc_pal.obj (.text:spi_Read_CPU)
                  2001a6e0    00000080                  : cc_pal.obj (.text:spi_Write_CPU)
                  2001a760    0000007c     network_relater_fns.obj (.text:ConfigureMode)
                  2001a7dc    0000007c     simplelink.a : device.obj (.text:_sl_HandleAsync_InitComplete)
                  2001a858    0000007c     matrix.obj (.text:fmatrixAeqI)
                  2001a8d4    0000007c     simplelink.a : fs.obj (.text:sl_FsGetInfo)
                  2001a950    0000007a     rtsv7M4_T_le_eabi.lib : fs_mul_t2.obj (.text)
                  2001a9ca    0000007a                           : memset_t2.obj (.text)
                  2001aa44    0000007a                           : xfdnorm.obj (.text)
                  2001aabe    00000002     --HOLE-- [fill = 0]
                  2001aac0    00000078     i2c_if.obj (.text:I2CTransact)
                  2001ab38    00000078     parse_uploads.obj (.text:InitialiseParse)
                  2001abb0    00000078     simplelink.a : socket.obj (.text:_sl_HandleAsync_Connect)
                  2001ac28    00000078                  : fs.obj (.text:sl_FsOpen)
                  2001aca0    00000078                  : cc_pal.obj (.text:spi_Close)
                  2001ad18    00000076     driverlib.a : uart.obj (.text:UARTConfigSetExpClk)
                  2001ad8e    00000002     --HOLE-- [fill = 0]
                  2001ad90    00000074     simplelink.a : socket.obj (.text:sl_Recv)
                  2001ae04    00000073     installation.obj (.text:getInstallationCallback)
                  2001ae77    00000001     --HOLE-- [fill = 0]
                  2001ae78    00000072     timer_if.obj (.text:Timer_IF_IntSetup)
                  2001aeea    00000002     --HOLE-- [fill = 0]
                  2001aeec    00000070     batteryVoltLvlSens_adc081c021.obj (.text:Get_BatteryVoltageLevel_ADC081C021)
                  2001af5c    0000006c     camera_app.obj (.text:CamControllerInit)
                  2001afc8    0000006c     udma_if.obj (.text:UDMAInit)
                  2001b034    0000006c     simplelink.a : driver.obj (.text:_SlDrvCmdSend)
                  2001b0a0    0000006c     matrix.obj (.text:f3x3matrixAeqMinusA)
                  2001b10c    0000006c     request.obj (.text:parseSendRequestInternal)
                  2001b178    0000006c     rtsv7M4_T_le_eabi.lib : autoinit.obj (.text)
                  2001b1e4    0000006c                           : fprintf.obj (.text)
                  2001b250    0000006a     matrix.obj (.text:f3x3matrixAeqAxScalar)
                  2001b2ba    0000006a     rtsv7M4_T_le_eabi.lib : copy_decompress_rle.obj (.text)
                  2001b324    00000069     http.obj (.text:beginHttpGetRequest)
                  2001b38d    00000003     --HOLE-- [fill = 0]
                  2001b390    00000068     driverlib.a : prcm.obj (.text:PRCMHibernateWakeUpGPIOSelect)
                  2001b3f8    00000068     mt9d111.obj (.text:StartSensorInJpegMode)
                  2001b460    00000068     simplelink.a : netapp.obj (.text:_sl_NetAppSendTokenValue)
                  2001b4c8    00000068     cc3200_utils.obj (.text:fetchDeviceOSVersion)
                  2001b530    00000068     rtsv7M4_T_le_eabi.lib : trgmsg.obj (.text)
                  2001b598    00000068     simplelink.a : device.obj (.text:sl_DevSet)
                  2001b600    00000068                  : netcfg.obj (.text:sl_NetCfgSet)
                  2001b668    00000068                  : socket.obj (.text:sl_SetSockOpt)
                  2001b6d0    00000068                  : wlan.obj (.text:sl_WlanSet)
                  2001b738    00000066     matrix.obj (.text:f3x3matrixAeqScalar)
                  2001b79e    00000066     rtsv7M4_T_le_eabi.lib : xdunscal.obj (.text)
                  2001b804    00000064                           : fseek.obj (.text)
                  2001b868    00000064     cc3200_socket.obj (.text:socketWait)
                  2001b8cc    00000064     tempRHSens_si7020.obj (.text:softResetTempRHSensor)
                  2001b930    00000064     driverlib.a : udma.obj (.text:uDMAChannelAttributeDisable)
                  2001b994    00000064                 : udma.obj (.text:uDMAChannelAttributeEnable)
                  2001b9f8    00000060     rtsv7M4_T_le_eabi.lib : fs_cmp_t2.obj (.text:__aeabi_cfcmple)
                  2001ba58    00000060                           : fs_cmp_t2.obj (.text:__aeabi_cfrcmple)
                  2001bab8    00000060     simplelink.a : socket.obj (.text:_sl_HandleAsync_Accept)
                  2001bb18    00000060     main_FXOS8700.obj (.text:fxosDefault_Initializations)
                  2001bb78    00000060     accelomtrMagntomtr_fxos8700.obj (.text:getMagntData)
                  2001bbd8    00000060     rtsv7M4_T_le_eabi.lib : sprintf.obj (.text)
                  2001bc38    00000060     simplelink.a : wlan.obj (.text:sl_WlanPolicySet)
                  2001bc98    00000060     accelomtrMagntomtr_fxos8700.obj (.text:standby_accelMagn_fxos8700)
                  2001bcf8    0000005c     ota.obj (.text:OTA_Init)
                  2001bd54    0000005c     lightSens_isl29035.obj (.text:getLightsensor_intrptStatus)
                  2001bdb0    0000005c     simplelink.a : socket.obj (.text:sl_Socket)
                  2001be0c    00000058     driverlib.a : interrupt.obj (.text:IntPendClear)
                  2001be64    00000058                 : prcm.obj (.text:PRCMPeripheralReset)
                  2001bebc    00000056     rtsv7M4_T_le_eabi.lib : ltoa.obj (.text)
                  2001bf12    00000056                           : xfdunsca.obj (.text)
                  2001bf68    00000054     driverlib.a : interrupt.obj (.text:IntPrioritySet)
                  2001bfbc    00000054     simplelink.a : socket.obj (.text:_sl_HandleAsync_Select)
                  2001c010    00000054     approximations.obj (.text:fasin_deg)
                  2001c064    00000054     request.obj (.text:headerSend)
                  2001c0b8    00000054     simplelink.a : wlan.obj (.text:sl_WlanRxFilterSet)
                  2001c10c    00000051     installation.obj (.text:createInstallationCallback)
                  2001c15d    00000003     --HOLE-- [fill = 0]
                  2001c160    00000050     i2c_if.obj (.text:I2C_IF_Open)
                  2001c1b0    00000050     simplelink.a : device.obj (.text:_sl_HandleAsync_Stop)
                  2001c200    00000050     mt9d111.obj (.text:disableAE)
                  2001c250    00000050     mt9d111.obj (.text:disableAWB)
                  2001c2a0    00000050     rtsv7M4_T_le_eabi.lib : fs_toull_t2.obj (.text)
                  2001c2f0    00000050     simplelink.a : fs.obj (.text:sl_FsDel)
                  2001c340    0000004c     tasks.obj (.text:RdSensData_Init)
                  2001c38c    0000004c     driverlib.a : spi.obj (.text:SPIIntEnable)
                  2001c3d8    0000004c     simplelink.a : driver.obj (.text:_SlDrvProtectAsyncRespSetting)
                  2001c424    0000004c                  : driver.obj (.text:_SlDrvRxIrqHandler)
                  2001c470    0000004c                  : socket.obj (.text:_sl_BuildAddress)
                  2001c4bc    0000004c     rtsv7M4_T_le_eabi.lib : atoi.obj (.text)
                  2001c508    0000004c                           : atol.obj (.text)
                  2001c554    0000004c                           : cpy_tbl.obj (.text)
                  2001c5a0    0000004c                           : rand.obj (.text)
                  2001c5ec    0000004c     driverlib.a : udma.obj (.text:uDMAChannelAssign)
                  2001c638    0000004a     rtsv7M4_T_le_eabi.lib : fd_tos_t2.obj (.text)
                  2001c682    00000002     --HOLE-- [fill = 0]
                  2001c684    00000048     driverlib.a : prcm.obj (.text:PRCMHibernateWakeupSourceDisable)
                  2001c6cc    00000048                 : prcm.obj (.text:PRCMHibernateWakeupSourceEnable)
                  2001c714    00000048                 : spi.obj (.text:SPIIntClear)
                  2001c75c    00000048     simplelink.a : driver.obj (.text:_SlDrvBasicCmd)
                  2001c7a4    00000048     http.obj (.text:addHttpRequestLine)
                  2001c7ec    00000048     approximations.obj (.text:fatan_15deg)
                  2001c834    00000048     rtsv7M4_T_le_eabi.lib : fd_toi_t2.obj (.text)
                  2001c87c    00000046                           : ldexp.obj (.text)
                  2001c8c2    00000002     --HOLE-- [fill = 0]
                  2001c8c4    00000044     driverlib.a : spi.obj (.text:SPIDmaMaskGet)
                  2001c908    00000044                 : timer.obj (.text:TimerConfigure)
                  2001c94c    00000044     udma_if.obj (.text:UDMASetupTransfer)
                  2001c990    00000044     simplelink.a : cc_pal.obj (.text:cc_SetupTransfer)
                  2001c9d4    00000044     main_FXOS8700.obj (.text:fxos_Calibration)
                  2001ca18    00000044     rtsv7M4_T_le_eabi.lib : exit.obj (.text)
                  2001ca5c    00000044                           : fd_tou_t2.obj (.text)
                  2001caa0    00000043     ota.obj (.text:OTA_Update)
                  2001cae3    00000001     --HOLE-- [fill = 0]
                  2001cae4    00000042     simplelink.a : socket.obj (.text:sl_Htonl)
                  2001cb26    00000002     --HOLE-- [fill = 0]
                  2001cb28    00000040     driverlib.a : pin.obj (.text:PinModeSet)
                  2001cb68    00000040     http.obj (.text:getHttpResponseBody)
                  2001cba8    00000040     rtsv7M4_T_le_eabi.lib : signal.obj (.text)
                  2001cbe8    00000040     timer_fns.obj (.text:start_100mSecTimer)
                  2001cc28    0000003e     appflile_lightSensor.obj (.text:IsLightOff)
                  2001cc66    0000003e     rtsv7M4_T_le_eabi.lib : strncasecmp.obj (.text)
                  2001cca4    0000003c     simplelink.a : netapp.obj (.text:CopyPingResultsToReport)
                  2001cce0    0000003c     tasks.obj (.text:Fusion_Init)
                  2001cd1c    0000003c     driverlib.a : prcm.obj (.text:PRCMPeripheralClkEnable)
                  2001cd58    0000003c     simplelink.a : socket.obj (.text:_sl_TruncatePayloadByProtocol)
                  2001cd94    0000003c     rtsv7M4_T_le_eabi.lib : boot.obj (.text)
                  2001cdd0    0000003c     simplelink.a : socket.obj (.text:sl_Htons)
                  2001ce0c    0000003c     driverlib.a : udma.obj (.text:uDMAChannelControlSet)
                  2001ce48    0000003a                 : camera.obj (.text:CameraCaptureStop)
                  2001ce82    0000003a                 : camera.obj (.text:CameraXClkConfig)
                  2001cebc    0000003a     orientation.obj (.text:fLPFScalar)
                  2001cef6    0000003a     request.obj (.text:parseSendRequest)
                  2001cf30    00000039     http.obj (.text:addHttpRequestHeader)
                  2001cf69    00000003     --HOLE-- [fill = 0]
                  2001cf6c    00000038     simplelink.a : cc_pal.obj (.text:NwpPowerOff)
                  2001cfa4    00000038     free_rtos.a : heap_3.obj (.text)
                  2001cfdc    00000038     rtsv7M4_T_le_eabi.lib : fs_tod_t2.obj (.text)
                  2001d014    00000038                           : fs_toi_t2.obj (.text)
                  2001d04c    00000038                           : i_tofs_t2.obj (.text)
                  2001d084    00000036     driverlib.a : gpio.obj (.text:GPIODirModeSet)
                  2001d0ba    00000036     simplelink.a : netapp.obj (.text:sl_NetAppMDNSUnRegisterService)
                  2001d0f0    00000035     http.obj (.text:beginHttpRequest)
                  2001d125    00000001     --HOLE-- [fill = 0]
                  2001d126    00000034     driverlib.a : camera.obj (.text:CameraParamsConfig)
                  2001d15a    00000002     --HOLE-- [fill = 0]
                  2001d15c    00000034                 : prcm.obj (.text:PRCMPeripheralStatusGet)
                  2001d190    00000034                 : spi.obj (.text:SPIFIFOLevelSet)
                  2001d1c4    00000034     http.obj (.text:getHttpResponseStatus)
                  2001d1f8    00000034     main_FXOS8700.obj (.text:get_angle)
                  2001d22c    00000034     rtsv7M4_T_le_eabi.lib : feraiseexcept.obj (.text)
                  2001d260    00000034                           : fs_tou_t2.obj (.text)
                  2001d294    00000034                           : strstr.obj (.text)
                  2001d2c8    00000032     timer_if.obj (.text:Timer_IF_Init)
                  2001d2fa    00000030     driverlib.a : pin.obj (.text:PinTypeGPIO)
                  2001d32a    00000002     --HOLE-- [fill = 0]
                  2001d32c    00000030                 : uart.obj (.text:UARTDisable)
                  2001d35c    00000030     simplelink.a : device.obj (.text:_SlDrvDeviceEventHandler)
                  2001d38c    00000030                  : fs.obj (.text:_sl_Strlen)
                  2001d3bc    00000030     main_FXOS8700.obj (.text:angleCheck)
                  2001d3ec    00000030     rtsv7M4_T_le_eabi.lib : strncpy.obj (.text)
                  2001d41c    00000030                           : xferaise.obj (.text)
                  2001d44c    00000030     simplelink.a : socket.obj (.text:sl_Close)
                  2001d47c    00000030                  : wlan.obj (.text:sl_WlanProfileDel)
                  2001d4ac    00000030                  : wlan.obj (.text:sl_WlanSetMode)
                  2001d4dc    0000002e     rtsv7M4_T_le_eabi.lib : i_tofd_t2.obj (.text)
                  2001d50a    0000002e                           : raise.obj (.text)
                  2001d538    0000002d     http.obj (.text:addHttpRequestHeaderInt)
                  2001d565    00000003     --HOLE-- [fill = 0]
                  2001d568    0000002c     tasks.obj (.text:ApplyMagHAL)
                  2001d594    0000002c     driverlib.a : camera.obj (.text:CameraIntEnable)
                  2001d5c0    0000002c     simplelink.a : cc_pal.obj (.text:DmaSpiSwIntHandler)
                  2001d5ec    0000002c     driverlib.a : i2c.obj (.text:I2CMasterErr)
                  2001d618    0000002c     simplelink.a : cc_pal.obj (.text:NwpPowerOn)
                  2001d644    0000002c     driverlib.a : prcm.obj (.text:PRCMSysResetCauseGet)
                  2001d670    0000002c     mt9d111.obj (.text:SoftReset_ImageSensor)
                  2001d69c    0000002c     cc3200_utils.obj (.text:getDeviceTimeDate)
                  2001d6c8    0000002c     request.obj (.text:setDataBufferPointer)
                  2001d6f4    0000002a     driverlib.a : timer.obj (.text:TimerLoadSet)
                  2001d71e    0000002a                 : timer.obj (.text:TimerPrescaleSet)
                  2001d748    0000002a     rtsv7M4_T_le_eabi.lib : xdclass.obj (.text)
                  2001d772    00000002     --HOLE-- [fill = 0]
                  2001d774    00000028     driverlib.a : camera.obj (.text:CameraIntStatus)
                  2001d79c    00000028     uartA1_if.obj (.text:InitTerm)
                  2001d7c4    00000028     uartA1_if.obj (.text:Message)
                  2001d7ec    00000028     driverlib.a : prcm.obj (.text:PRCMPeripheralClkDisable)
                  2001d814    00000028     rtsv7M4_T_le_eabi.lib : strncat.obj (.text)
                  2001d83c    00000028     simplelink.a : netapp.obj (.text:sl_NetAppStart)
                  2001d864    00000028                  : netapp.obj (.text:sl_NetAppStop)
                  2001d88c    00000026     driverlib.a : camera.obj (.text:CameraThresholdSet)
                  2001d8b2    00000026     simplelink.a : cc_pal.obj (.text:NwpRegisterInterruptHandler)
                  2001d8d8    00000026     rtsv7M4_T_le_eabi.lib : strncmp.obj (.text)
                  2001d8fe    00000002     --HOLE-- [fill = 0]
                  2001d900    00000024     driverlib.a : camera.obj (.text:CameraIntClear)
                  2001d924    00000024     timer_fns.obj (.text:IntHandler_100mSecTimer)
                  2001d948    00000024     driverlib.a : interrupt.obj (.text:IntUnregister)
                  2001d96c    00000024     timer_if.obj (.text:Timer_IF_Start)
                  2001d990    00000024     driverlib.a : uart.obj (.text:UARTEnable)
                  2001d9b4    00000024     mt9d111.obj (.text:WriteAllAEnAWBRegs)
                  2001d9d8    00000024     simplelink.a : driver.obj (.text:_SlDrvProtectionObjLockWaitForever)
                  2001d9fc    00000024     rtsv7M4_T_le_eabi.lib : u_tofs_t2.obj (.text)
                  2001da20    00000022     driverlib.a : camera.obj (.text:CameraCaptureStart)
                  2001da42    00000022                 : i2c.obj (.text:I2CMasterSlaveAddrSet)
                  2001da64    00000022     simplelink.a : socket.obj (.text:SL_FD_SET)
                  2001da86    00000022     driverlib.a : spi.obj (.text:SPIReset)
                  2001daa8    00000022                 : spi.obj (.text:SPIWordCountSet)
                  2001daca    00000022     rtsv7M4_T_le_eabi.lib : frexp.obj (.text)
                  2001daec    00000022                           : memcmp.obj (.text)
                  2001db0e    00000020     driverlib.a : gpio.obj (.text:GPIOPinWrite)
                  2001db2e    00000002     --HOLE-- [fill = 0]
                  2001db30    00000020                 : interrupt.obj (.text:IntRegister)
                  2001db50    00000020     mt9d111.obj (.text:Refresh_mt9d111Firmware)
                  2001db70    00000020     simplelink.a : driver.obj (.text:_SlDrvProtectionObjUnLock)
                  2001db90    00000020     rtsv7M4_T_le_eabi.lib : memchr.obj (.text)
                  2001dbb0    00000020                           : u_tofd_t2.obj (.text)
                  2001dbd0    0000001e     driverlib.a : i2c.obj (.text:I2CMasterIntStatusEx)
                  2001dbee    0000001e                 : timer.obj (.text:TimerDisable)
                  2001dc0c    0000001e                 : timer.obj (.text:TimerEnable)
                  2001dc2a    0000001e                 : timer.obj (.text:TimerIntStatus)
                  2001dc48    0000001e                 : uart.obj (.text:UARTCharPut)
                  2001dc66    0000001e     simplelink.a : cc_pal.obj (.text:cc_UDMAChannelSelect)
                  2001dc84    0000001e     rtsv7M4_T_le_eabi.lib : strcat.obj (.text)
                  2001dca2    00000002     --HOLE-- [fill = 0]
                  2001dca4    0000001c     tasks.obj (.text:ApplyAccelHAL)
                  2001dcc0    0000001c     main.obj (.text:BoardInit)
                  2001dcdc    0000001c     mt9d111.obj (.text:CameraSensorInit)
                  2001dcf8    0000001c     udma_if.obj (.text:DmaSwIntHandler)
                  2001dd14    0000001c     driverlib.a : pin.obj (.text:PinTypeI2C)
                  2001dd30    0000001c     simplelink.a : driver.obj (.text:_SlDrvObjLockWaitForever)
                  2001dd4c    0000001c                  : driver.obj (.text:_SlDrvSyncObjWaitForever)
                  2001dd68    0000001c     rtsv7M4_T_le_eabi.lib : memccpy.obj (.text)
                  2001dd84    0000001c     timer_fns.obj (.text:stop_100mSecTimer)
                  2001dda0    0000001c     driverlib.a : udma.obj (.text:uDMAChannelDisable)
                  2001ddbc    0000001c                 : udma.obj (.text:uDMAChannelEnable)
                  2001ddd8    0000001c     main.obj (.text:vApplicationMallocFailedHook)
                  2001ddf4    0000001a     driverlib.a : pin.obj (.text:PinTypeCamera)
                  2001de0e    0000001a                 : pin.obj (.text:PinTypeUART)
                  2001de28    0000001a                 : spi.obj (.text:SPIDmaDisable)
                  2001de42    0000001a                 : spi.obj (.text:SPIDmaEnable)
                  2001de5c    0000001a                 : spi.obj (.text:SPIFIFODisable)
                  2001de76    0000001a                 : spi.obj (.text:SPIFIFOEnable)
                  2001de90    00000018                 : camera.obj (.text:CameraReset)
                  2001dea8    00000018                 : gpio.obj (.text:GPIOPinRead)
                  2001dec0    00000018                 : prcm.obj (.text:PRCMHibernateEnter)
                  2001ded8    00000018                 : spi.obj (.text:SPICSDisable)
                  2001def0    00000018                 : spi.obj (.text:SPICSEnable)
                  2001df08    00000018                 : spi.obj (.text:SPIDisable)
                  2001df20    00000018                 : spi.obj (.text:SPIEnable)
                  2001df38    00000018                 : timer.obj (.text:TimerIntEnable)
                  2001df50    00000018     timer_if.obj (.text:Timer_IF_InterruptClear)
                  2001df68    00000018     simplelink.a : driver.obj (.text:_SlDrvObjUnLock)
                  2001df80    00000018                  : driver.obj (.text:_SlDrvSyncObjSignal)
                  2001df98    00000018                  : device.obj (.text:_sl_GetStartResponseConvert)
                  2001dfb0    00000018     rtsv7M4_T_le_eabi.lib : args_main.obj (.text)
                  2001dfc8    00000018                           : strcmp.obj (.text)
                  2001dfe0    00000016     driverlib.a : camera.obj (.text:CameraDMAEnable)
                  2001dff6    00000016                 : camera.obj (.text:CameraIntRegister)
                  2001e00c    00000016                 : i2c.obj (.text:I2CMasterDataPut)
                  2001e022    00000016                 : i2c.obj (.text:I2CMasterEnable)
                  2001e038    00000016                 : prcm.obj (.text:PRCMHIBRegRead)
                  2001e04e    00000016                 : prcm.obj (.text:PRCMHIBRegWrite)
                  2001e064    00000016     simplelink.a : driver.obj (.text:_SlDrvMemZero)
                  2001e07a    00000016     rtsv7M4_T_le_eabi.lib : strchr.obj (.text)
                  2001e090    00000014     driverlib.a : cpu.obj (.text:CPUcpsie)
                  2001e0a4    00000014                 : interrupt.obj (.text:IntVTableBaseSet)
                  2001e0b8    00000014     app_common.obj (.text:LED_Off)
                  2001e0cc    00000014     app_common.obj (.text:LED_On)
                  2001e0e0    00000014     rtsv7M4_T_le_eabi.lib : _lock.obj (.text)
                  2001e0f4    00000014                           : strcpy.obj (.text)
                  2001e108    00000014                           : strlen.obj (.text)
                  2001e11c    00000014     driverlib.a : udma.obj (.text:uDMAControlBaseSet)
                  2001e130    00000014                 : udma.obj (.text:uDMAIntClear)
                  2001e144    00000012                 : i2c.obj (.text:I2CMasterControl)
                  2001e156    00000012                 : i2c.obj (.text:I2CMasterIntClearEx)
                  2001e168    00000012                 : i2c.obj (.text:I2CMasterTimeoutSet)
                  2001e17a    00000012                 : timer.obj (.text:TimerIntClear)
                  2001e18c    00000010                 : prcm.obj (.text:PRCMSOCReset)
                  2001e19c    00000010     simplelink.a : socket.obj (.text:SL_FD_ZERO)
                  2001e1ac    00000010     timer_if.obj (.text:Timer_IF_Stop)
                  2001e1bc    00000010     cc3200_socket.obj (.text:socketClose)
                  2001e1cc    0000000e     driverlib.a : i2c.obj (.text:I2CMasterDataGet)
                  2001e1da    0000000e     simplelink.a : driver.obj (.text:_SlDrvResetCmdExt)
                  2001e1e8    0000000e     rtsv7M4_T_le_eabi.lib : copy_decompress_none.obj (.text:decompress:none)
                  2001e1f6    0000000c     udma_if.obj (.text:DmaErrorIntHandler)
                  2001e202    00000002     --HOLE-- [fill = 0]
                  2001e204    0000000c     simplelink.a : cc_pal.obj (.text:NwpMaskInterrupt)
                  2001e210    0000000c                  : cc_pal.obj (.text:NwpUnMaskInterrupt)
                  2001e21c    0000000c     rtsv7M4_T_le_eabi.lib : copy_zero_init.obj (.text:decompress:ZI)
                  2001e228    0000000c     parse_impl.obj (.text:getInternalClient)
                  2001e234    0000000c     simplelink.a : wlan.obj (.text:sl_WlanDisconnect)
                  2001e240    0000000c     driverlib.a : udma.obj (.text:uDMAEnable)
                  2001e24c    0000000c                 : udma.obj (.text:uDMAIntStatus)
                  2001e258    0000000a                 : interrupt.obj (.text:IntMasterEnable)
                  2001e262    0000000a     main.obj (.text:vApplicationStackOverflowHook)
                  2001e26c    00000008     hibernate_related_fns.obj (.text:sensorsTriggerSetup)
                  2001e274    00000006     i2cconfig.obj (.text:MT9D111Delay)
                  2001e27a    00000006     startup_ccs.obj (.text:ResetISR)
                  2001e280    00000006     driverlib.a : utils.obj (.text:UtilsDelay)
                  2001e286    00000006     rtsv7M4_T_le_eabi.lib : copy_decompress_rle.obj (.text:decompress:rle24)
                  2001e28c    00000006                           : logf.obj (.text)
                  2001e292    00000006                           : sinf.obj (.text)
                  2001e298    00000004                           : error.obj (.text)
                  2001e29c    00000004                           : pre_init.obj (.text)

.const     0    2001e2a0    00000eca     
                  2001e2a0    0000013c     mt9d111.obj (.const:init_cmds_list)
                  2001e3dc    00000101     rtsv7M4_T_le_eabi.lib : ctype.obj (.const:.string:_ctypes_)
                  2001e4dd    00000003     --HOLE-- [fill = 0]
                  2001e4e0    00000100     driverlib.a : pin.obj (.const:g_ulPinToPadMap)
                  2001e5e0    000000d4                 : interrupt.obj (.const:g_pulRegs)
                  2001e6b4    000000d0     mt9d111.obj (.const)
                  2001e784    000000c4     mt9d111.obj (.const:capture_cmds_list)
                  2001e848    000000b0     simplelink.a : wlan.obj (.const:$P$T0$1)
                  2001e8f8    000000a8     driverlib.a : prcm.obj (.const:PRCM_PeriphRegsList)
                  2001e9a0    00000080                 : interrupt.obj (.const)
                  2001ea20    00000072     lightSens_isl29035.obj (.const:.string)
                  2001ea92    0000006a     wifi_provisioning_thruAPmode.obj (.const:.string)
                  2001eafc    00000068     appFns_BatteryLevelSense.obj (.const:V2CEntry$1)
                  2001eb64    0000005b     camera_app.obj (.const:.string)
                  2001ebbf    00000050     accelomtrMagntomtr_fxos8700.obj (.const:.string)
                  2001ec0f    00000001     --HOLE-- [fill = 0]
                  2001ec10    0000004c     mt9d111.obj (.const:$P$T4$5)
                  2001ec5c    0000004b     tempRHSens_si7020.obj (.const:.string)
                  2001eca7    00000042     mt9d111.obj (.const:.string)
                  2001ece9    00000040     network_relater_fns.obj (.const:.string)
                  2001ed29    0000003c     i2c_app.obj (.const:.string)
                  2001ed65    00000001     --HOLE-- [fill = 0]
                  2001ed66    0000003c     simplelink.a : driver.obj (.const:OpcodeTranslateTable)
                  2001eda2    0000003c                  : wlan.obj (.const)
                  2001edde    00000002     --HOLE-- [fill = 0]
                  2001ede0    00000038                  : driver.obj (.const:_SlActionLookupTable)
                  2001ee18    00000038     rtsv7M4_T_le_eabi.lib : xflog.obj (.const)
                  2001ee50    00000038     simplelink.a : fs.obj (.const)
                  2001ee88    00000036     flash_files.obj (.const:.string)
                  2001eebe    00000002     --HOLE-- [fill = 0]
                  2001eec0    00000034     rtsv7M4_T_le_eabi.lib : xfatan.obj (.const)
                  2001eef4    00000034     simplelink.a : driver.obj (.const)
                  2001ef28    00000034                  : socket.obj (.const)
                  2001ef5c    0000002c     network_relater_fns.obj (.const:$P$T1$2)
                  2001ef88    0000002b     parse_uploads.obj (.const:.string)
                  2001efb3    00000001     --HOLE-- [fill = 0]
                  2001efb4    00000028     rtsv7M4_T_le_eabi.lib : xfdint.obj (.const)
                  2001efdc    00000028                           : xfsin.obj (.const)
                  2001f004    00000028     simplelink.a : netapp.obj (.const)
                  2001f02c    00000024     main.obj (.const:.string)
                  2001f050    00000023     batteryVoltLvlSens_adc081c021.obj (.const:.string:$P$T0$1)
                  2001f073    00000022     network_relater_fns.obj (.const:.string:$P$T0$1)
                  2001f095    00000003     --HOLE-- [fill = 0]
                  2001f098    0000001c     rtsv7M4_T_le_eabi.lib : tanf.obj (.const)
                  2001f0b4    0000001c                           : xfexp.obj (.const)
                  2001f0d0    00000018     driverlib.a : spi.obj (.const)
                  2001f0e8    00000017     request.obj (.const:.string)
                  2001f0ff    00000016     collect_and_txit.obj (.const:.string)
                  2001f115    00000014     network_relater_fns.obj (.const)
                  2001f129    00000001     --HOLE-- [fill = 0]
                  2001f12a    00000014     simplelink.a : device.obj (.const)
                  2001f13e    00000010                  : socket.obj (.const:.string)
                  2001f14e    0000000b     app_common.obj (.const:.string)
                  2001f159    00000008     simplelink.a : device.obj (.const:.string)
                  2001f161    00000001     --HOLE-- [fill = 0]
                  2001f162    00000008                  : netcfg.obj (.const)

.cinit     0    2001f170    00000530     
                  2001f170    00000506     (.cinit..data.load) [load image, compression = rle]
                  2001f676    00000002     --HOLE-- [fill = 0]
                  2001f678    0000000c     (__TI_handler_table)
                  2001f684    00000004     --HOLE-- [fill = 0]
                  2001f688    00000008     (.cinit..bss.load) [load image, compression = zero_init]
                  2001f690    00000010     (__TI_cinit_table)

.init_array 
*          0    20004000    00000000     UNINITIALIZED

.bss       0    20022400    000172fb     UNINITIALIZED
                  20022400    00014000     main.obj (.bss:g_image_buffer)
                  20036400    00000b58     tasks.obj (.bss:thisMagBuffer)
                  20036f58    000005a0     ota.a : OtaHttp.obj (.bss:recv_buf)
                  200374f8    0000044c           : OtaClient.obj (.bss:g_OtaCheckUpdateResponse)
                  20037944    00000418     wifi_provisioning_thruAPmode.obj (.bss:thisMagCal)
                  20037d5c    00000240     ota.obj (.bss:g_otaOptServerInfo)
                  20037f9c    00000058     tasks.obj (.bss:thisMag)
                  20037ff4    0000000c     (.common:g_SecParams)
                  20038000    00000400     udma_if.obj (.bss:gpCtlTbl)
                  20038400    000003d8     ota.a : OtaClient.obj (.bss:g_OtaFileMetadata)
                  200387d8    00000370     main.obj (.bss:g_NetEntries)
                  20038b48    00000200     ota.a : OtaHttp.obj (.bss:send_buf)
                  20038d48    00000178     simplelink.a : driver.obj (.bss:g_StatMem)
                  20038ec0    00000120     rtsv7M4_T_le_eabi.lib : trgmsg.obj (.bss:__CIOBUF_)
                  20038fe0    00000100     udma_if.obj (.bss:gfpAppCallbackHndl)
                  200390e0    000000c8     free_rtos.a : tasks.obj (.bss:pxReadyTasksLists)
                  200391a8    000000ac     tasks.obj (.bss:thisSV_6DOF_GB_BASIC)
                  20039254    000000a0     rtsv7M4_T_le_eabi.lib : defs.obj (.bss:__TI_tmpnams)
                  200392f4    00000074     ota.a : CdnClient.obj (.bss:g_CdnClient)
                  20039368    00000050     simplelink.a : cc_pal.obj (.bss:g_ucDinDout)
                  200393b8    00000050     free_rtos.a : queue.obj (.bss:xQueueRegistry)
                  20039408    0000004c     ota.a : OtaApp.obj (.bss:g_OtaApp)
                  20039454    0000004c           : OtaApp.obj (.bss:g_OtaApp_statistics)
                  200394a0    00000034     cc3200_client_state.obj (.bss:clientStateFileName)
                  200394d4    00000034     main.obj (.bss:g_cWlanSecurityKey)
                  20039508    00000034     tasks.obj (.bss:thisAccel)
                  2003953c    00000024     ota.a : OtaClient.obj (.bss:g_OtaClient)
                  20039560    00000024     main.obj (.bss:g_cWlanSSID)
                  20039584    00000024     main.obj (.bss:g_ucConnectionSSID)
                  200395a8    0000001c     rtsv7M4_T_le_eabi.lib : vla_alloc.obj (.bss)
                  200395c4    00000014     (.common:g_FlcSflashCb)
                  200395d8    00000014     (.common:g_flag_blockFull)
                  200395ec    00000014     (.common:xDelayedTaskList1)
                  20039600    00000014     (.common:xDelayedTaskList2)
                  20039614    00000014     (.common:xPendingReadyList)
                  20039628    00000014     (.common:xSuspendedTaskList)
                  2003963c    00000014     (.common:xTasksWaitingTermination)
                  20039650    00000010     (.common:ang_buf)
                  20039660    00000010     (.common:globals)
                  20039670    00000010     (.common:mqxglobals)
                  20039680    00000008     (.common:g_LogClient)
                  20039688    00000008     (.common:g_ucConnectionBSSID)
                  20039690    00000008     (.common:parmbuf)
                  20039698    00000008     (.common:sBootInfo)
                  200396a0    00000004     (.common:DMAMsgQ)
                  200396a4    00000004     (.common:Elapsed_100MilliSecs)
                  200396a8    00000004     (.common:__Errorlog)
                  200396ac    00000004     (.common:angle_avg)
                  200396b0    00000004     (.common:dataBuffer)
                  200396b4    00000004     (.common:g_block_lastFilled)
                  200396b8    00000004     (.common:g_cDummy)
                  200396bc    00000004     (.common:g_cWlanSecurityType)
                  200396c0    00000004     (.common:g_frame_size_in_bytes)
                  200396c4    00000004     (.common:g_position_in_block)
                  200396c8    00000004     (.common:g_readHeader)
                  200396cc    00000004     (.common:g_total_dma_intrpts)
                  200396d0    00000004     (.common:g_ulAppStatus)
                  200396d4    00000004     (.common:gdoor_40deg_angle)
                  200396d8    00000004     (.common:gdoor_90deg_angle)
                  200396dc    00000004     (.common:pvOtaApp)
                  200396e0    00000004     (.common:pxDelayedTaskList)
                  200396e4    00000004     (.common:pxOverflowDelayedTaskList)
                  200396e8    00000001     (.common:RxIrqCnt)
                  200396e9    00000001     (.common:avg_buffer_cnt)
                  200396ea    00000001     (.common:checkForLight_Flag)
                  200396eb    00000001     (.common:g_dma_txn_done)
                  200396ec    00000001     (.common:g_flag_DataBlockFilled)
                  200396ed    00000001     (.common:g_flag_door_closing_45degree)
                  200396ee    00000001     (.common:g_frame_end)
                  200396ef    00000001     (.common:g_ucAngle40)
                  200396f0    00000001     (.common:g_ucAngle90)
                  200396f1    00000001     (.common:g_ucCalibration)
                  200396f2    00000001     (.common:g_ucConfig)
                  200396f3    00000001     (.common:g_ucExitButton)
                  200396f4    00000001     (.common:g_ucMagCalb)
                  200396f5    00000001     (.common:g_ucProfileAdded)
                  200396f6    00000001     (.common:g_ucPushButtonPressedTwice)
                  200396f7    00000001     (.common:iDone)
                  200396f8    00000001     (.common:isitfirsttime)
                  200396f9    00000001     (.common:print_count)
                  200396fa    00000001     (.common:valid_case)

.TI.noinit 
*          0    20022400    00000000     UNINITIALIZED

.sysmem    0    20039700    00005000     UNINITIALIZED
                  20039700    00000008     rtsv7M4_T_le_eabi.lib : memory.obj (.sysmem)
                  20039708    00004ff8     --HOLE--


LINKER GENERATED COPY TABLES

__TI_cinit_table @ 2001f690 records: 2, size/record: 8, table size: 16
	.data: load addr=2001f170, load size=00000506 bytes, run addr=20000000, run size=00000934 bytes, compression=rle
	.bss: load addr=2001f688, load size=00000008 bytes, run addr=20022400, run size=000172fb bytes, compression=zero_init


LINKER GENERATED HANDLER TABLE

__TI_handler_table @ 2001f678 records: 3, size/record: 4, table size: 12
	index: 0, handler: __TI_decompress_rle24
	index: 1, handler: __TI_decompress_none
	index: 2, handler: __TI_zero_init


GLOBAL SYMBOLS: SORTED ALPHABETICALLY BY Name 

address   name                                  
-------   ----                                  
200122b1  AccessPtMode_HTTPServer_Start         
2001dca5  ApplyAccelHAL                         
2001d569  ApplyMagHAL                           
2001ca19  C$$EXIT                               
2001b55f  C$$IO$$                               
2001e091  CPUcpsie                              
200106f9  CalibrateMagSensor                    
2001af5d  CamControllerInit                     
2001da21  CameraCaptureStart                    
2001ce49  CameraCaptureStop                     
2001dfe1  CameraDMAEnable                       
2001d901  CameraIntClear                        
2001d595  CameraIntEnable                       
2001dff7  CameraIntRegister                     
2001d775  CameraIntStatus                       
2001d127  CameraParamsConfig                    
2001de91  CameraReset                           
2001dcdd  CameraSensorInit                      
2001d88d  CameraThresholdSet                    
2001ce83  CameraXClkConfig                      
2000bcc5  CaptureAndStore_Image                 
2000d1eb  CdnClient_CloseServer                 
2000d209  CdnClient_ConnectByUrl                
2000d1b9  CdnClient_Init                        
2000d083  CdnClient_Run                         
2000d079  CdnClient_SetFileInfo                 
20015f1d  Check_I2CDevices                      
20013fcd  CollectAngle                          
200113a9  CollectTxit_ImgTempRH                 
20018139  Config_And_Start_CameraCapture        
2001a761  ConfigureMode                         
2000e8f5  ConfigureSimpleLinkToDefaultState     
2001547d  ConnectToNetwork_STA                  
200125d1  ConstructDeviceStateObject            
2001cca5  CopyPingResultsToReport               
200396a0  DMAMsgQ                               
2000063c  DigiCertHighAssuranceEVRootCA_der_len 
2001e1f7  DmaErrorIntHandler                    
2001d5c1  DmaSpiSwIntHandler                    
2001dcf9  DmaSwIntHandler                       
200396a4  Elapsed_100MilliSecs                  
200138fd  FXOS8700_Init                         
20015595  FXOS8700_ReadData                     
2001cce1  Fusion_Init                           
20013a61  Fusion_Run                            
2001d085  GPIODirModeSet                        
2001dea9  GPIOPinRead                           
2001db0f  GPIOPinWrite                          
20017661  Get_BatteryPercent                    
2001aeed  Get_BatteryVoltageLevel_ADC081C021    
20013bc1  HIBernate                             
2000e8ad  HOSTclock                             
2000e875  HOSTclose                             
2000e837  HOSTgetenv                            
2000e7db  HOSTlseek                             
2000e789  HOSTopen                              
2000e73d  HOSTread                              
2000e6df  HOSTrename                            
2000e6a5  HOSTtime                              
2000e66d  HOSTunlink                            
2000e621  HOSTwrite                             
20014625  I2CBufferRead                         
20014ea5  I2CBufferWrite                        
2001e145  I2CMasterControl                      
2001e1cd  I2CMasterDataGet                      
2001e00d  I2CMasterDataPut                      
2001e023  I2CMasterEnable                       
2001d5ed  I2CMasterErr                          
2001a3d1  I2CMasterInitExpClk                   
2001e157  I2CMasterIntClearEx                   
2001dbd1  I2CMasterIntStatusEx                  
2001da43  I2CMasterSlaveAddrSet                 
2001e169  I2CMasterTimeoutSet                   
2001c161  I2C_IF_Open                           
200181fd  I2C_IF_Read                           
200184fd  I2C_IF_Write                          
2001d79d  InitTerm                              
2001ab39  InitialiseParse                       
20019bb9  InitializeUserConfigVariables         
20018ee9  IntDisable                            
20018f91  IntEnable                             
2001d925  IntHandler_100mSecTimer               
2001e259  IntMasterEnable                       
2001be0d  IntPendClear                          
2001bf69  IntPrioritySet                        
2001db31  IntRegister                           
2001d949  IntUnregister                         
2001e0a5  IntVTableBaseSet                      
2001cc29  IsLightOff                            
20019189  LED_Blink                             
2001e0b9  LED_Off                               
2001e0cd  LED_On                                
2000de4b  LogClient_Close                       
2000de63  LogClient_ConnectAndPrint             
2000de15  LogClient_ConnectServer               
2000ddfd  LogClient_Init                        
2000dcb9  LogClient_Print                       
2001e275  MT9D111Delay                          
2000dff1  MagCal_Run                            
20016429  Main_Task_withHibernate               
2001d7c5  Message                               
2001e205  NwpMaskInterrupt                      
2001cf6d  NwpPowerOff                           
2001d619  NwpPowerOn                            
2001a455  NwpPowerOnPreamble                    
2001d8b3  NwpRegisterInterruptHandler           
2001e211  NwpUnMaskInterrupt                    
2001362d  OTAServerInfoSet                      
20017829  OTA_CommitImage                       
2001bcf9  OTA_Init                              
20010101  OTA_Run                               
2001caa1  OTA_Update                            
2001ed66  OpcodeTranslateTable                  
2000b877  OtaClient_CloseServer                 
2000b841  OtaClient_ConnectServer               
2000b80f  OtaClient_GetNextUpdate               
2000b7dd  OtaClient_Init                        
2000b707  OtaClient_ResourceMetadata            
2000b543  OtaClient_ResourceNameConvert         
2000b495  OtaClient_UpdateCheck                 
20014c3d  PRCMCC3200MCUInit                     
2001e039  PRCMHIBRegRead                        
2001e04f  PRCMHIBRegWrite                       
2001dec1  PRCMHibernateEnter                    
2001a021  PRCMHibernateIntervalSet              
2001b391  PRCMHibernateWakeUpGPIOSelect         
2001c685  PRCMHibernateWakeupSourceDisable      
2001c6cd  PRCMHibernateWakeupSourceEnable       
2001d7ed  PRCMPeripheralClkDisable              
2001cd1d  PRCMPeripheralClkEnable               
20019845  PRCMPeripheralClockGet                
2001be65  PRCMPeripheralReset                   
2001d15d  PRCMPeripheralStatusGet               
2001e18d  PRCMSOCReset                          
2001d645  PRCMSysResetCauseGet                  
2001a0a9  PinConfigSet                          
2001cb29  PinModeSet                            
20016525  PinMuxConfig                          
2001ddf5  PinTypeCamera                         
2001d2fb  PinTypeGPIO                           
2001dd15  PinTypeI2C                            
2001de0f  PinTypeUART                           
2001c341  RdSensData_Init                       
20010e61  RdSensData_Run                        
20017749  ReadFile_FromFlash                    
2001db51  Refresh_mt9d111Firmware               
20018e3d  Report                                
2001e27b  ResetISR                              
200396e8  RxIrqCnt                              
2001ef04  RxMsgClassLUT                         
UNDEFED   SHT$$INIT_ARRAY$$Base                 
UNDEFED   SHT$$INIT_ARRAY$$Limit                
2001da65  SL_FD_SET                             
2001e19d  SL_FD_ZERO                            
2001ded9  SPICSDisable                          
2001def1  SPICSEnable                           
2001922d  SPIConfigSetExpClk                    
2001df09  SPIDisable                            
2001de29  SPIDmaDisable                         
2001de43  SPIDmaEnable                          
2001df21  SPIEnable                             
2001de5d  SPIFIFODisable                        
2001de77  SPIFIFOEnable                         
2001d191  SPIFIFOLevelSet                       
2001c715  SPIIntClear                           
2001c38d  SPIIntEnable                          
2001da87  SPIReset                              
2001daa9  SPIWordCountSet                       
20000860  SecurityParams                        
2000a251  SimpleLinkHttpServerCallback          
2001334d  SimpleLinkNetAppEventHandler          
20013795  SimpleLinkSockEventHandler            
2000c851  SimpleLinkWlanEventHandler            
2001d671  SoftReset_ImageSensor                 
2001f159  StartResponseLUT                      
2001b3f9  StartSensorInJpegMode                 
2001c909  TimerConfigure                        
2001dbef  TimerDisable                          
2001dc0d  TimerEnable                           
2001e17b  TimerIntClear                         
2001df39  TimerIntEnable                        
2001dc2b  TimerIntStatus                        
2001d6f5  TimerLoadSet                          
2001d71f  TimerPrescaleSet                      
2001d2c9  Timer_IF_Init                         
2001ae79  Timer_IF_IntSetup                     
2001df51  Timer_IF_InterruptClear               
2001d96d  Timer_IF_Start                        
2001e1ad  Timer_IF_Stop                         
20000728  Token                                 
2001dc49  UARTCharPut                           
2001ad19  UARTConfigSetExpClk                   
2001d32d  UARTDisable                           
2001d991  UARTEnable                            
2001afc9  UDMAInit                              
2001c94d  UDMASetupTransfer                     
20019039  UploadImageToParse                    
20019c49  UploadSensorDataToParse               
20011565  UserConfigure_Task                    
2000fa69  User_Configure                        
2001e281  UtilsDelay                            
2000aeb5  VDeleteSimpleLinkSpawnTask            
2000ae65  VStartSimpleLinkSpawnTask             
2000078c  Value                                 
20018c39  Verify_ImageSensor                    
2000ebb5  WiFiProvisioning                      
2001d9b5  WriteAllAEnAWBRegs                    
20015c01  WriteFile_ToFlash                     
2001d749  _Dclass                               
20000640  _Denorm                               
2001843d  _Dnorm                                
200158d1  _Dscale                               
2001b79f  _Dunscale                             
20000650  _Eps                                  
20000924  _Errno                                
20017b95  _FAtan                                
200006c0  _FDenorm                              
20019f09  _FDint                                
2001aa45  _FDnorm                               
20017d41  _FDscale                              
2001bf13  _FDunscale                            
200006d0  _FEps                                 
20012eed  _FExp                                 
200006e0  _FInf                                 
20011721  _FLog                                 
200006f0  _FNan                                 
20000710  _FRteps                               
20011f7d  _FSin                                 
20000700  _FSnan                                
20000720  _FXbig                                
20000724  _FZero                                
2000090c  _Fenv                                 
2001d41d  _Feraise                              
20000660  _Hugeval                              
20000670  _Inf                                  
20000680  _Nan                                  
2000d01b  _OpenStorageFile                      
2000b8b9  _OtaCleanToIdle                       
2000cfcd  _ReadFileHeaders                      
2000b9a7  _ReadStatFile                         
2000cfc1  _RecvFileChunk                        
200006a0  _Rteps                                
2001ef3c  _SlAcceptCmdCtrl                      
2001ede0  _SlActionLookupTable                  
20018965  _SlAsyncEventGenericHandler           
2001f136  _SlDeviceGetCmdCtrl                   
2001f13a  _SlDeviceSetCmdCtrl                   
2001c75d  _SlDrvBasicCmd                        
20017abd  _SlDrvClassifyRxMsg                   
2001a5e1  _SlDrvCmdOp                           
2001b035  _SlDrvCmdSend                         
2001522d  _SlDrvDataReadOp                      
20016021  _SlDrvDataWriteOp                     
2001d35d  _SlDrvDeviceEventHandler              
20016cf5  _SlDrvDriverCBDeinit                  
20013065  _SlDrvDriverCBInit                    
2001e065  _SlDrvMemZero                         
200096e1  _SlDrvMsgRead                         
200185b9  _SlDrvMsgReadCmdCtx                   
2001940d  _SlDrvMsgReadSpawnCtx                 
20010c95  _SlDrvMsgWrite                        
20016329  _SlDrvNetAppEventHandler              
2001dd31  _SlDrvObjLockWaitForever              
2001df69  _SlDrvObjUnLock                       
2001c3d9  _SlDrvProtectAsyncRespSetting         
2001d9d9  _SlDrvProtectionObjLockWaitForever    
2001db71  _SlDrvProtectionObjUnLock             
20010ac5  _SlDrvReleasePoolObj                  
2001e1db  _SlDrvResetCmdExt                     
2000f821  _SlDrvRxHdrRead                       
2001c425  _SlDrvRxIrqHandler                    
2001df81  _SlDrvSyncObjSignal                   
2001dd4d  _SlDrvSyncObjWaitForever              
20012441  _SlDrvWaitForPoolObj                  
2001f132  _SlEventMaskGetCmdCtrl                
2001f12e  _SlEventMaskSetCmdCtrl                
200134bd  _SlFindAndSetActiveObj                
2001ee54  _SlFsCloseCmdCtrl                     
2001ee64  _SlFsDeleteCmdCtrl                    
2001ee60  _SlFsGetInfoCmdCtrl                   
2001ee50  _SlFsOpenCmdCtrl                      
2001ee58  _SlFsReadCmdCtrl                      
2001ee5c  _SlFsWriteCmdCtrl                     
2001f018  _SlGetHostByNameCtrl                  
2001f014  _SlGetHostByServiceCtrl               
2001f00c  _SlGetServiceListeCtrl                
2001ef48  _SlGetSockOptCmdCtrl                  
2001ef38  _SlListenCmdCtrl                      
2001f024  _SlNetAppGetCmdCtrl                   
2001f020  _SlNetAppSendTokenValueCmdCtrl        
2001f01c  _SlNetAppSetCmdCtrl                   
2001f004  _SlNetAppStartCtrl                    
2001f008  _SlNetAppStopCtrl                     
2001f166  _SlNetCfgGetCmdCtrl                   
2001f162  _SlNetCfgSetCmdCtrl                   
2001f13e  _SlPayloadByProtocolLUT               
2001eda6  _SlPolicyGetCmdCtrl                   
2001eda2  _SlPolicySetCmdCtrl                   
2001edae  _SlProfileDelCmdCtrl                  
2001edaa  _SlProfileGetCmdCtrl                  
2001ef40  _SlRecvCmdCtrl                        
2001ef30  _SlRecvfomCmdCtrl                     
2001f010  _SlRegisterServiceCtrl                
2001837d  _SlRemoveFromList                     
2001edb6  _SlRxFilterAddtCmdCtrl                
2001edbe  _SlRxFilterGetCmdCtrl                 
2001edba  _SlRxFilterSetCmdCtrl                 
2001ef4c  _SlSelectCmdCtrl                      
2001ef34  _SlSendCmdCtrl                        
2001ef44  _SlSetSockOptCmdCtrl                  
2001edc2  _SlSmartConfigStartCmdCtrl            
2001ef2c  _SlSockCloseCmdCtrl                   
2001ef28  _SlSockSocketCmdCtrl                  
2001f12a  _SlStopCmdCtrl                        
2001edce  _SlWlanCfgGetCmdCtrl                  
2001edca  _SlWlanCfgSetCmdCtrl                  
2001edb2  _SlWlanGetNetworkListCtrl             
2001edc6  _SlWlanSetModeCmdCtrl                 
20000690  _Snan                                 
20000910  _Tls_setup__Fenv                      
2000b959  _WriteStatFile                        
200006b0  _Xbig                                 
200006b8  _Zero                                 
20038ec0  __CIOBUF_                             
20004000  __STACK_END                           
00001000  __STACK_SIZE                          
00005000  __SYSMEM_SIZE                         
2001f690  __TI_CINIT_Base                       
2001f6a0  __TI_CINIT_Limit                      
2001f678  __TI_Handler_Table_Base               
2001f684  __TI_Handler_Table_Limit              
2001b179  __TI_auto_init                        
200110ed  __TI_cleanup                          
20000904  __TI_cleanup_ptr                      
20019715  __TI_closefile                        
2001e1e9  __TI_decompress_none                  
2001e287  __TI_decompress_rle24                 
20018071  __TI_doflush                          
20000908  __TI_dtors_ptr                        
200008b4  __TI_ft_end                           
200063f9  __TI_printfi                          
20018d47  __TI_rd_ok                            
2001b563  __TI_readmsg                          
2001f170  __TI_static_base__                    
20039254  __TI_tmpnams                          
2001b531  __TI_writemsg                         
20018ce5  __TI_wrt_ok                           
2001e21d  __TI_zero_init                        
2001e299  __abort_execution                     
2001a241  __aeabi_cdcmpeq                       
2001a241  __aeabi_cdcmple                       
[...]
2001a9cd  __aeabi_memset8                       
2001a9d3  memset                                
2001aa45  _FDnorm                               
2001ab39  InitialiseParse                       
2001abb1  _sl_HandleAsync_Connect               
2001ac29  sl_FsOpen                             
2001aca1  spi_Close                             
2001ad19  UARTConfigSetExpClk                   
2001ad91  sl_Recv                               
2001ae79  Timer_IF_IntSetup                     
2001aeed  Get_BatteryVoltageLevel_ADC081C021    
2001af5d  CamControllerInit                     
2001afc9  UDMAInit                              
2001b035  _SlDrvCmdSend                         
2001b0a1  f3x3matrixAeqMinusA                   
2001b10d  parseSendRequestInternal              
2001b179  __TI_auto_init                        
2001b1ed  fprintf                               
2001b251  f3x3matrixAeqAxScalar                 
2001b325  beginHttpGetRequest                   
2001b391  PRCMHibernateWakeUpGPIOSelect         
2001b3f9  StartSensorInJpegMode                 
2001b461  _sl_NetAppSendTokenValue              
2001b4c9  fetchDeviceOSVersion                  
2001b531  __TI_writemsg                         
2001b55f  C$$IO$$                               
2001b563  __TI_readmsg                          
2001b599  sl_DevSet                             
2001b601  sl_NetCfgSet                          
2001b669  sl_SetSockOpt                         
2001b6d1  sl_WlanSet                            
2001b739  f3x3matrixAeqScalar                   
2001b79f  _Dunscale                             
2001b805  fseek                                 
2001b869  socketWait                            
2001b8cd  softResetTempRHSensor                 
2001b931  uDMAChannelAttributeDisable           
2001b995  uDMAChannelAttributeEnable            
2001b9f9  __aeabi_cfcmpeq                       
2001b9f9  __aeabi_cfcmple                       
2001ba59  __aeabi_cfrcmple                      
2001bab9  _sl_HandleAsync_Accept                
2001bb19  fxosDefault_Initializations           
2001bb79  getMagntData                          
2001bbd9  sprintf                               
2001bc39  sl_WlanPolicySet                      
2001bc99  standby_accelMagn_fxos8700            
2001bcf9  OTA_Init                              
2001bd55  getLightsensor_intrptStatus           
2001bdb1  sl_Socket                             
2001be0d  IntPendClear                          
2001be65  PRCMPeripheralReset                   
2001bebd  ltoa                                  
2001bf13  _FDunscale                            
2001bf69  IntPrioritySet                        
2001bfbd  _sl_HandleAsync_Select                
2001c011  fasin_deg                             
2001c065  headerSend                            
2001c0b9  sl_WlanRxFilterSet                    
2001c161  I2C_IF_Open                           
2001c1b1  _sl_HandleAsync_Stop                  
2001c201  disableAE                             
2001c251  disableAWB                            
2001c2a1  __aeabi_f2ulz                         
2001c2f1  sl_FsDel                              
2001c341  RdSensData_Init                       
2001c38d  SPIIntEnable                          
2001c3d9  _SlDrvProtectAsyncRespSetting         
2001c425  _SlDrvRxIrqHandler                    
2001c471  _sl_BuildAddress                      
2001c4bd  atoi                                  
2001c509  atol                                  
2001c555  copy_in                               
2001c5a1  srand                                 
2001c5b7  rand                                  
2001c5ed  uDMAChannelAssign                     
2001c639  __aeabi_d2f                           
2001c685  PRCMHibernateWakeupSourceDisable      
2001c6cd  PRCMHibernateWakeupSourceEnable       
2001c715  SPIIntClear                           
2001c75d  _SlDrvBasicCmd                        
2001c7a5  addHttpRequestLine                    
2001c7ed  fatan_15deg                           
2001c835  __aeabi_d2iz                          
2001c87d  ldexp                                 
2001c909  TimerConfigure                        
2001c94d  UDMASetupTransfer                     
2001c9d5  fxos_Calibration                      
2001ca19  C$$EXIT                               
2001ca1d  abort                                 
2001ca25  exit                                  
2001ca5d  __aeabi_d2uiz                         
2001caa1  OTA_Update                            
2001cae5  sl_Htonl                              
2001cb29  PinModeSet                            
2001cb69  getHttpResponseBody                   
2001cba9  signal                                
2001cbe9  start_100mSecTimer                    
2001cc29  IsLightOff                            
2001cc67  strncasecmp                           
2001cca5  CopyPingResultsToReport               
2001cce1  Fusion_Init                           
2001cd1d  PRCMPeripheralClkEnable               
2001cd59  _sl_TruncatePayloadByProtocol         
2001cd95  _c_int00                              
2001cdd1  sl_Htons                              
2001ce0d  uDMAChannelControlSet                 
2001ce49  CameraCaptureStop                     
2001ce83  CameraXClkConfig                      
2001cebd  fLPFScalar                            
2001cef7  parseSendRequest                      
2001cf31  addHttpRequestHeader                  
2001cf6d  NwpPowerOff                           
2001cfa5  pvPortMalloc                          
2001cfc5  vPortFree                             
2001cfdd  __aeabi_f2d                           
2001d015  __aeabi_f2iz                          
2001d04d  __aeabi_i2f                           
2001d085  GPIODirModeSet                        
2001d0bb  sl_NetAppMDNSUnRegisterService        
2001d0f1  beginHttpRequest                      
2001d127  CameraParamsConfig                    
2001d15d  PRCMPeripheralStatusGet               
2001d191  SPIFIFOLevelSet                       
2001d1c5  getHttpResponseStatus                 
2001d1f9  get_angle                             
2001d22d  feraiseexcept                         
2001d261  __aeabi_f2uiz                         
2001d295  strstr                                
2001d2c9  Timer_IF_Init                         
2001d2fb  PinTypeGPIO                           
2001d32d  UARTDisable                           
2001d35d  _SlDrvDeviceEventHandler              
2001d38d  _sl_Strlen                            
2001d3bd  angleCheck                            
2001d3ed  strncpy                               
2001d41d  _Feraise                              
2001d44d  sl_Close                              
2001d47d  sl_WlanProfileDel                     
2001d4ad  sl_WlanSetMode                        
2001d4dd  __aeabi_i2d                           
2001d50b  raise                                 
2001d539  addHttpRequestHeaderInt               
2001d569  ApplyMagHAL                           
2001d595  CameraIntEnable                       
2001d5c1  DmaSpiSwIntHandler                    
2001d5ed  I2CMasterErr                          
2001d619  NwpPowerOn                            
2001d645  PRCMSysResetCauseGet                  
2001d671  SoftReset_ImageSensor                 
2001d6c9  setDataBufferPointer                  
2001d6f5  TimerLoadSet                          
2001d71f  TimerPrescaleSet                      
2001d749  _Dclass                               
2001d775  CameraIntStatus                       
2001d79d  InitTerm                              
2001d7c5  Message                               
2001d7ed  PRCMPeripheralClkDisable              
2001d815  strncat                               
2001d83d  sl_NetAppStart                        
2001d865  sl_NetAppStop                         
2001d88d  CameraThresholdSet                    
2001d8b3  NwpRegisterInterruptHandler           
2001d8d9  strncmp                               
2001d901  CameraIntClear                        
2001d925  IntHandler_100mSecTimer               
2001d949  IntUnregister                         
2001d96d  Timer_IF_Start                        
2001d991  UARTEnable                            
2001d9b5  WriteAllAEnAWBRegs                    
2001d9d9  _SlDrvProtectionObjLockWaitForever    
2001d9fd  __aeabi_ui2f                          
2001da21  CameraCaptureStart                    
2001da43  I2CMasterSlaveAddrSet                 
2001da65  SL_FD_SET                             
2001da87  SPIReset                              
2001daa9  SPIWordCountSet                       
2001dacb  frexp                                 
2001daed  memcmp                                
2001db0f  GPIOPinWrite                          
2001db31  IntRegister                           
2001db51  Refresh_mt9d111Firmware               
2001db71  _SlDrvProtectionObjUnLock             
2001db91  memchr                                
2001dbb1  __aeabi_ui2d                          
2001dbd1  I2CMasterIntStatusEx                  
2001dbef  TimerDisable                          
2001dc0d  TimerEnable                           
2001dc2b  TimerIntStatus                        
2001dc49  UARTCharPut                           
2001dc85  strcat                                
2001dca5  ApplyAccelHAL                         
2001dcdd  CameraSensorInit                      
2001dcf9  DmaSwIntHandler                       
2001dd15  PinTypeI2C                            
2001dd31  _SlDrvObjLockWaitForever              
2001dd4d  _SlDrvSyncObjWaitForever              
2001dd69  memccpy                               
2001dd85  stop_100mSecTimer                     
2001dda1  uDMAChannelDisable                    
2001ddbd  uDMAChannelEnable                     
2001ddd9  vApplicationMallocFailedHook          
2001ddf5  PinTypeCamera                         
2001de0f  PinTypeUART                           
2001de29  SPIDmaDisable                         
2001de43  SPIDmaEnable                          
2001de5d  SPIFIFODisable                        
2001de77  SPIFIFOEnable                         
2001de91  CameraReset                           
2001dea9  GPIOPinRead                           
2001dec1  PRCMHibernateEnter                    
2001ded9  SPICSDisable                          
2001def1  SPICSEnable                           
2001df09  SPIDisable                            
2001df21  SPIEnable                             
2001df39  TimerIntEnable                        
2001df51  Timer_IF_InterruptClear               
2001df69  _SlDrvObjUnLock                       
2001df81  _SlDrvSyncObjSignal                   
2001df99  _sl_GetStartResponseConvert           
2001dfb1  _args_main                            
2001dfc9  strcmp                                
2001dfe1  CameraDMAEnable                       
2001dff7  CameraIntRegister                     
2001e00d  I2CMasterDataPut                      
2001e023  I2CMasterEnable                       
2001e039  PRCMHIBRegRead                        
2001e04f  PRCMHIBRegWrite                       
2001e065  _SlDrvMemZero                         
2001e07b  strchr                                
2001e091  CPUcpsie                              
2001e0a5  IntVTableBaseSet                      
2001e0b9  LED_Off                               
2001e0cd  LED_On                                
2001e0e1  _register_unlock                      
2001e0e7  _register_lock                        
2001e0ef  _nop                                  
2001e0f5  strcpy                                
2001e109  strlen                                
2001e11d  uDMAControlBaseSet                    
2001e131  uDMAIntClear                          
2001e145  I2CMasterControl                      
2001e157  I2CMasterIntClearEx                   
2001e169  I2CMasterTimeoutSet                   
2001e17b  TimerIntClear                         
2001e18d  PRCMSOCReset                          
2001e19d  SL_FD_ZERO                            
2001e1ad  Timer_IF_Stop                         
2001e1bd  socketClose                           
2001e1cd  I2CMasterDataGet                      
2001e1db  _SlDrvResetCmdExt                     
2001e1e9  __TI_decompress_none                  
2001e1f7  DmaErrorIntHandler                    
2001e205  NwpMaskInterrupt                      
2001e211  NwpUnMaskInterrupt                    
2001e21d  __TI_zero_init                        
2001e229  getInternalClient                     
2001e235  sl_WlanDisconnect                     
2001e241  uDMAEnable                            
2001e24d  uDMAIntStatus                         
2001e259  IntMasterEnable                       
2001e263  vApplicationStackOverflowHook         
2001e26d  sensorsTriggerSetup                   
2001e275  MT9D111Delay                          
2001e27b  ResetISR                              
2001e281  UtilsDelay                            
2001e287  __TI_decompress_rle24                 
2001e28d  logf                                  
2001e293  sinf                                  
2001e299  __abort_execution                     
2001e29d  _system_pre_init                      
2001e3dc  _ctypes_                              
2001ed66  OpcodeTranslateTable                  
2001eda2  _SlPolicySetCmdCtrl                   
2001eda6  _SlPolicyGetCmdCtrl                   
2001edaa  _SlProfileGetCmdCtrl                  
2001edae  _SlProfileDelCmdCtrl                  
2001edb2  _SlWlanGetNetworkListCtrl             
2001edb6  _SlRxFilterAddtCmdCtrl                
2001edba  _SlRxFilterSetCmdCtrl                 
2001edbe  _SlRxFilterGetCmdCtrl                 
2001edc2  _SlSmartConfigStartCmdCtrl            
2001edc6  _SlWlanSetModeCmdCtrl                 
2001edca  _SlWlanCfgSetCmdCtrl                  
2001edce  _SlWlanCfgGetCmdCtrl                  
2001ede0  _SlActionLookupTable                  
2001ee50  _SlFsOpenCmdCtrl                      
2001ee54  _SlFsCloseCmdCtrl                     
2001ee58  _SlFsReadCmdCtrl                      
2001ee5c  _SlFsWriteCmdCtrl                     
2001ee60  _SlFsGetInfoCmdCtrl                   
2001ee64  _SlFsDeleteCmdCtrl                    
2001eef4  g_H2NSyncPattern                      
2001eefc  g_H2NCnysPattern                      
2001ef04  RxMsgClassLUT                         
2001ef28  _SlSockSocketCmdCtrl                  
2001ef2c  _SlSockCloseCmdCtrl                   
2001ef30  _SlRecvfomCmdCtrl                     
2001ef34  _SlSendCmdCtrl                        
2001ef38  _SlListenCmdCtrl                      
2001ef3c  _SlAcceptCmdCtrl                      
2001ef40  _SlRecvCmdCtrl                        
2001ef44  _SlSetSockOptCmdCtrl                  
2001ef48  _SlGetSockOptCmdCtrl                  
2001ef4c  _SlSelectCmdCtrl                      
2001f004  _SlNetAppStartCtrl                    
2001f008  _SlNetAppStopCtrl                     
2001f00c  _SlGetServiceListeCtrl                
2001f010  _SlRegisterServiceCtrl                
2001f014  _SlGetHostByServiceCtrl               
2001f018  _SlGetHostByNameCtrl                  
2001f01c  _SlNetAppSetCmdCtrl                   
2001f020  _SlNetAppSendTokenValueCmdCtrl        
2001f024  _SlNetAppGetCmdCtrl                   
2001f0e8  g_deviceClientVersion                 
2001f12a  _SlStopCmdCtrl                        
2001f12e  _SlEventMaskSetCmdCtrl                
2001f132  _SlEventMaskGetCmdCtrl                
2001f136  _SlDeviceGetCmdCtrl                   
2001f13a  _SlDeviceSetCmdCtrl                   
2001f13e  _SlPayloadByProtocolLUT               
2001f14e  pcDigits                              
2001f159  StartResponseLUT                      
2001f162  _SlNetCfgSetCmdCtrl                   
2001f166  _SlNetCfgGetCmdCtrl                   
2001f170  __TI_static_base__                    
2001f678  __TI_Handler_Table_Base               
2001f684  __TI_Handler_Table_Limit              
2001f690  __TI_CINIT_Base                       
2001f6a0  __TI_CINIT_Limit                      
20022400  g_image_buffer                        
20036400  thisMagBuffer                         
200374f8  g_OtaCheckUpdateResponse              
20037944  thisMagCal                            
20037f9c  thisMag                               
20037ff4  g_SecParams                           
20038000  gpCtlTbl                              
20038400  g_OtaFileMetadata                     
200387d8  g_NetEntries                          
20038d48  g_StatMem                             
20038ec0  __CIOBUF_                             
20038fe0  gfpAppCallbackHndl                    
200391a8  thisSV_6DOF_GB_BASIC                  
20039254  __TI_tmpnams                          
200392f4  g_CdnClient                           
20039368  g_ucDinDout                           
200393b8  xQueueRegistry                        
20039408  g_OtaApp                              
20039454  g_OtaApp_statistics                   
200394a0  clientStateFileName                   
200394d4  g_cWlanSecurityKey                    
20039508  thisAccel                             
2003953c  g_OtaClient                           
20039560  g_cWlanSSID                           
20039584  g_ucConnectionSSID                    
200395c4  g_FlcSflashCb                         
200395d8  g_flag_blockFull                      
20039650  ang_buf                               
20039660  globals                               
20039670  mqxglobals                            
20039680  g_LogClient                           
20039688  g_ucConnectionBSSID                   
200396a0  DMAMsgQ                               
200396a4  Elapsed_100MilliSecs                  
200396ac  angle_avg                             
200396b0  dataBuffer                            
200396b4  g_block_lastFilled                    
200396b8  g_cDummy                              
200396bc  g_cWlanSecurityType                   
200396c0  g_frame_size_in_bytes                 
200396c4  g_position_in_block                   
200396c8  g_readHeader                          
200396d0  g_ulAppStatus                         
200396d4  gdoor_40deg_angle                     
200396d8  gdoor_90deg_angle                     
200396e8  RxIrqCnt                              
200396e9  avg_buffer_cnt                        
200396ea  checkForLight_Flag                    
200396ec  g_flag_DataBlockFilled                
200396ed  g_flag_door_closing_45degree          
200396ee  g_frame_end                           
200396ef  g_ucAngle40                           
200396f0  g_ucAngle90                           
200396f1  g_ucCalibration                       
200396f2  g_ucConfig                            
200396f3  g_ucExitButton                        
200396f4  g_ucMagCalb                           
200396f5  g_ucProfileAdded                      
200396f6  g_ucPushButtonPressedTwice            
200396f7  iDone                                 
200396f8  isitfirsttime                         
200396f9  print_count                           
200396fa  valid_case                            
20039700  _sys_memory                           
ffffffff  __binit__                             
ffffffff  __c_args__                            
ffffffff  binit                                 
UNDEFED   SHT$$INIT_ARRAY$$Base                 
UNDEFED   SHT$$INIT_ARRAY$$Limit                

[858 symbols]
