******************************************************************************
                  TI ARM Linker PC v5.2.2                      
******************************************************************************
>> Linked Sat Jun 06 16:20:05 2015

OUTPUT FILE NAME:   <ULP_SEC_CAM.out>
ENTRY POINT SYMBOL: "_c_int00"  address: 20018651


MEMORY CONFIGURATION

         name            origin    length      used     unused   attr    fill
----------------------  --------  ---------  --------  --------  ----  --------
  SRAM_BOOTLDR          20000000   00004000  0000251c  00001ae4  RW X
  SRAM_CODE             20004000   00019000  00016e37  000021c9  RW X
  SRAM_DATA             2001d000   0001f000  00019da1  0000525f  RW X


SEGMENT ALLOCATION MAP

run origin  load origin   length   init length attrs members
----------  ----------- ---------- ----------- ----- -------
20000000    20000000    0000151c   00000000    rw-
  20000000    20000000    0000151c   00000000    rw- .data
20003000    20003000    00001000   00000000    rw-
  20003000    20003000    00001000   00000000    rw- .stack
20004000    20004000    00016e40   00016e40    r-x
  20004000    20004000    00000400   00000400    r-- .intvecs
  20004400    20004400    00015176   00015176    r-x .text
  20019578    20019578    00000cf1   00000cf1    r-- .const
  2001a270    2001a270    00000bd0   00000bd0    r-- .cinit
2001d000    2001d000    00019da8   00000000    rw-
  2001d000    2001d000    00015da1   00000000    rw- .bss
  20032da8    20032da8    00004000   00000000    rw- .sysmem


SECTION ALLOCATION MAP

 output                                  attributes/
section   page    origin      length       input sections
--------  ----  ----------  ----------   ----------------
.data      0    20000000    0000151c     UNINITIALIZED
                  20000000    00000600     camera_app.obj (.data:JPEG_StdHuffmanTbl)
                  20000600    00000400     camera_app.obj (.data:g_header)
                  20000a00    000003c9     cc3200_certificate.obj (.data:DigiCertHighAssuranceEVRootCA_der)
                  20000dc9    00000001     tasks.obj (.data)
                  20000dca    00000002     --HOLE--
                  20000dcc    00000184     simplelink.a : driver.obj (.data)
                  20000f50    000000f0     rtsv7M4_T_le_eabi.lib : defs.obj (.data:_ftable)
                  20001040    000000d0                           : lowlev.obj (.data)
                  20001110    000000b0                           : signal.obj (.data:sigtable)
                  200011c0    00000080                           : xvalues.obj (.data)
                  20001240    00000068                           : xfvalues.obj (.data)
                  200012a8    00000064     simplelink.a : cc_pal.obj (.data)
                  2000130c    00000040     camera_app.obj (.data:JPEG_StdQuantTblC)
                  2000134c    00000040     camera_app.obj (.data:JPEG_StdQuantTblY)
                  2000138c    00000040     camera_app.obj (.data:zigzag)
                  200013cc    0000003c     main.obj (.data:g_token_get)
                  20001408    00000034     free_rtos.a : tasks.obj (.data)
                  2000143c    0000002c     cc3200_utils.obj (.data:lastDateTime)
                  20001468    0000001c     main.obj (.data)
                  20001484    00000018     cc3200_utils.obj (.data)
                  2000149c    00000018     request.obj (.data)
                  200014b4    00000010     rtsv7M4_T_le_eabi.lib : defs.obj (.data)
                  200014c4    0000000c     free_rtos.a : osi_freertos.obj (.data)
                  200014d0    0000000c     rtsv7M4_T_le_eabi.lib : memory.obj (.data)
                  200014dc    00000008     camera_app.obj (.data)
                  200014e4    00000008     rtsv7M4_T_le_eabi.lib : _lock.obj (.data)
                  200014ec    00000008                           : exit.obj (.data)
                  200014f4    00000008                           : feraiseexcept.obj (.data)
                  200014fc    00000006     http.obj (.data)
                  20001502    00000002     --HOLE--
                  20001504    00000004     cc3200_certificate.obj (.data)
                  20001508    00000004     free_rtos.a : port.obj (.data)
                  2000150c    00000004     rtsv7M4_T_le_eabi.lib : errno.obj (.data)
                  20001510    00000004                           : fopen.obj (.data)
                  20001514    00000004                           : rand.obj (.data)
                  20001518    00000004                           : stkdepth_vars.obj (.data)

.TI.persistent 
*          0    20000000    00000000     UNINITIALIZED

.stack     0    20003000    00001000     UNINITIALIZED
                  20003000    00001000     --HOLE--

.intvecs   0    20004000    00000400     
                  20004000    00000400     startup_ccs.obj (.intvecs)

.text      0    20004400    00015176     
                  20004400    00001988     orientation.obj (.text)
                  20005d88    0000131c     magnetic.obj (.text)
                  200070a4    00001258     free_rtos.a : tasks.obj (.text)
                  200082fc    000010a6     rtsv7M4_T_le_eabi.lib : _printfi.obj (.text)
                  200093a2    00000002     driverlib.a : interrupt.obj (.text:IntDefaultHandler)
                  200093a4    00001080     network_relater_fns.obj (.text)
                  2000a424    00000f18     camera_app.obj (.text)
                  2000b33c    00000b24     free_rtos.a : queue.obj (.text)
                  2000be60    00000a6c     matrix.obj (.text)
                  2000c8cc    000009f8     mt9d111.obj (.text)
                  2000d2c4    00000974     request.obj (.text)
                  2000dc38    000005de     cc3200_utils.obj (.text)
                  2000e216    00000002     --HOLE-- [fill = 0]
                  2000e218    0000057c     tasks.obj (.text)
                  2000e794    000004b0     installation.obj (.text)
                  2000ec44    0000045c     free_rtos.a : osi_freertos.obj (.text)
                  2000f0a0    000003dc     rtsv7M4_T_le_eabi.lib : memory.obj (.text)
                  2000f47c    000003a6     simplelink.a : driver.obj (.text:_SlDrvMsgRead)
                  2000f822    00000002     --HOLE-- [fill = 0]
                  2000f824    0000037c     cc3200_socket.obj (.text)
                  2000fba0    00000378     rtsv7M4_T_le_eabi.lib : powf.obj (.text)
                  2000ff18    0000034c     simplelink.a : driver.obj (.text:_SlAsyncEventGenericHandler)
                  20010264    00000318     simplejson.obj (.text)
                  2001057c    0000030c     rtsv7M4_T_le_eabi.lib : lowlev.obj (.text)
                  20010888    000002d4     parse_uploads.obj (.text)
                  20010b5c    000002d4     rtsv7M4_T_le_eabi.lib : trgdrv.obj (.text)
                  20010e30    00000298                           : vla_alloc.obj (.text)
                  200110c8    00000290     cc3200_client_state.obj (.text)
                  20011358    00000244     main_FXOS8700.obj (.text)
                  2001159c    00000230     approximations.obj (.text)
                  200117cc    00000220     main.obj (.text)
                  200119ec    000001f4     rtsv7M4_T_le_eabi.lib : ull_div_t2.obj (.text)
                  20011be0    000001c4                           : fopen.obj (.text)
                  20011da4    000001bc                           : xflog.obj (.text)
                  20011f60    000001b8     uartA1_if.obj (.text)
                  20012118    000001b6     rtsv7M4_T_le_eabi.lib : fd_add_t2.obj (.text)
                  200122ce    00000002     --HOLE-- [fill = 0]
                  200122d0    000001ac     cc3200_certificate.obj (.text)
                  2001247c    000001ac     flash_files.obj (.text)
                  20012628    0000019c     rtsv7M4_T_le_eabi.lib : xfsin.obj (.text)
                  200127c4    0000019c     simplelink.a : wlan.obj (.text:sl_WlanConnect)
                  20012960    00000194     udma_if.obj (.text)
                  20012af4    0000018c     i2c_if.obj (.text)
                  20012c80    00000180     drivers.obj (.text)
                  20012e00    00000178     rtsv7M4_T_le_eabi.lib : tanf.obj (.text)
                  20012f78    00000178                           : xfexp.obj (.text)
                  200130f0    00000174     fusion.obj (.text)
                  20013264    00000170     i2cconfig.obj (.text)
                  200133d4    00000168     hibernate_related_fns.obj (.text)
                  2001353c    00000164     simplelink.a : driver.obj (.text:_SlDrvDataReadOp)
                  200136a0    00000150     http.obj (.text)
                  200137f0    00000140     simplelink.a : driver.obj (.text:_SlDrvRxHdrRead)
                  20013930    0000013c     rtsv7M4_T_le_eabi.lib : fmodf.obj (.text)
                  20013a6c    00000136                           : fd_div_t2.obj (.text)
                  20013ba2    00000002     --HOLE-- [fill = 0]
                  20013ba4    00000134     driverlib.a : prcm.obj (.text:PRCMCC3200MCUInit)
                  20013cd8    00000134     rtsv7M4_T_le_eabi.lib : fputs.obj (.text)
                  20013e0c    00000130     simplelink.a : cc_pal.obj (.text:spi_Open)
                  20013f3c    0000012c                  : driver.obj (.text:_SlDrvDataWriteOp)
                  20014068    0000012a     free_rtos.a : list.obj (.text)
                  20014192    00000002     --HOLE-- [fill = 0]
                  20014194    00000124     collect_and_txit.obj (.text)
                  200142b8    00000118     lightSens_isl29035.obj (.text)
                  200143d0    00000114     simplelink.a : driver.obj (.text:_SlDrvMsgWrite)
                  200144e4    00000110     free_rtos.a : port.obj (.text)
                  200145f4    00000110     i2c_app.obj (.text)
                  20014704    00000110     rtsv7M4_T_le_eabi.lib : xdscale.obj (.text)
                  20014814    0000010c     simplelink.a : driver.obj (.text:_SlDrvWaitForPoolObj)
                  20014920    00000108                  : socket.obj (.text:sl_Select)
                  20014a28    00000104                  : driver.obj (.text:_SlDrvReleasePoolObj)
                  20014b2c    000000fe     parse_impl.obj (.text)
                  20014c2a    000000fc     rtsv7M4_T_le_eabi.lib : fd_mul_t2.obj (.text)
                  20014d26    000000fa                           : fs_add_t2.obj (.text)
                  20014e20    000000f0     driverlib.a : udma.obj (.text:uDMAChannelTransferSet)
                  20014f10    000000e8     pinmux.obj (.text)
                  20014ff8    000000e8     simplelink.a : socket.obj (.text:sl_Connect)
                  200150e0    000000e8                  : cc_pal.obj (.text:spi_Write)
                  200151c8    000000dc     app_common.obj (.text)
                  200152a4    000000dc     rtsv7M4_T_le_eabi.lib : setvbuf.obj (.text)
                  20015380    000000d8                           : xfatan.obj (.text)
                  20015458    000000d8     simplelink.a : netapp.obj (.text:sl_NetAppDnsGetHostByName)
                  20015530    000000d0     rtsv7M4_T_le_eabi.lib : xfdscale.obj (.text)
                  20015600    000000cc                           : sqrtf.obj (.text)
                  200156cc    000000cc     simplelink.a : cc_pal.obj (.text:spi_Read)
                  20015798    000000c8     rtsv7M4_T_le_eabi.lib : fflush.obj (.text)
                  20015860    000000c4     simplelink.a : device.obj (.text:sl_Stop)
                  20015924    000000c0                  : device.obj (.text:sl_Start)
                  200159e4    000000be     rtsv7M4_T_le_eabi.lib : xdnorm.obj (.text)
                  20015aa2    00000002     --HOLE-- [fill = 0]
                  20015aa4    000000bc                           : acosf.obj (.text)
                  20015b60    000000ba     free_rtos.a : portasm.obj (.text)
                  20015c1a    00000002     --HOLE-- [fill = 0]
                  20015c1c    000000b4     simplelink.a : driver.obj (.text:_SlDrvMsgReadCmdCtx)
                  20015cd0    000000b2                  : netapp.obj (.text:_SlDrvNetAppEventHandler)
                  20015d82    00000002     --HOLE-- [fill = 0]
                  20015d84    000000b0                  : socket.obj (.text:sl_Send)
                  20015e34    000000ac     rtsv7M4_T_le_eabi.lib : _io_perm.obj (.text)
                  20015ee0    000000a8     driverlib.a : interrupt.obj (.text:IntDisable)
                  20015f88    000000a8                 : interrupt.obj (.text:IntEnable)
                  20016030    000000a0                 : spi.obj (.text:SPIConfigSetExpClk)
                  200160d0    0000009c     rtsv7M4_T_le_eabi.lib : memcpy_t2.obj (.text)
                  2001616c    00000098     simplelink.a : driver.obj (.text:_SlFindAndSetActiveObj)
                  20016204    00000098     rtsv7M4_T_le_eabi.lib : fclose.obj (.text)
                  2001629c    00000098                           : fputc.obj (.text)
                  20016334    00000094     driverlib.a : prcm.obj (.text:PRCMPeripheralClockGet)
                  200163c8    00000094     simplelink.a : driver.obj (.text:_SlDrvClassifyRxMsg)
                  2001645c    00000094     rtsv7M4_T_le_eabi.lib : snprintf.obj (.text)
                  200164f0    00000092                           : fs_div_t2.obj (.text)
                  20016582    00000002     --HOLE-- [fill = 0]
                  20016584    00000090     simplelink.a : driver.obj (.text:_SlDrvMsgReadSpawnCtx)
                  20016614    0000008c     rtsv7M4_T_le_eabi.lib : xfdint.obj (.text)
                  200166a0    0000008c     simplelink.a : fs.obj (.text:sl_FsRead)
                  2001672c    0000008c                  : fs.obj (.text:sl_FsWrite)
                  200167b8    00000088     driverlib.a : prcm.obj (.text:PRCMHibernateIntervalSet)
                  20016840    00000088                 : pin.obj (.text:PinConfigSet)
                  200168c8    00000088     rtsv7M4_T_le_eabi.lib : vsnprintf.obj (.text)
                  20016950    00000088     simplelink.a : netapp.obj (.text:sl_NetAppMDNSRegisterUnregisterService)
                  200169d8    00000086     rtsv7M4_T_le_eabi.lib : fd_cmp_t2.obj (.text:__aeabi_cdcmple)
                  20016a5e    00000086                           : fd_cmp_t2.obj (.text:__aeabi_cdrcmple)
                  20016ae4    00000084     driverlib.a : i2c.obj (.text:I2CMasterInitExpClk)
                  20016b68    00000084     simplelink.a : driver.obj (.text:_SlDrvCmdOp)
                  20016bec    00000080                  : cc_pal.obj (.text:NwpPowerOnPreamble)
                  20016c6c    00000080     cc3200_debug.obj (.text)
                  20016cec    0000007c     simplelink.a : driver.obj (.text:_SlDrvDriverCBInit)
                  20016d68    0000007c                  : netapp.obj (.text:_sl_HandleAsync_DnsGetHostByName)
                  20016de4    0000007c                  : device.obj (.text:sl_DevGet)
                  20016e60    0000007c                  : fs.obj (.text:sl_FsClose)
                  20016edc    0000007a     rtsv7M4_T_le_eabi.lib : fs_mul_t2.obj (.text)
                  20016f56    0000007a                           : memset_t2.obj (.text)
                  20016fd0    0000007a                           : xfdnorm.obj (.text)
                  2001704a    00000002     --HOLE-- [fill = 0]
                  2001704c    00000078     simplelink.a : cc_pal.obj (.text:SetupDMAReceive)
                  200170c4    00000076     driverlib.a : uart.obj (.text:UARTConfigSetExpClk)
                  2001713a    00000002     --HOLE-- [fill = 0]
                  2001713c    00000074     simplelink.a : device.obj (.text:_sl_HandleAsync_InitComplete)
                  200171b0    00000074                  : wlan.obj (.text:sl_WlanGet)
                  20017224    00000074                  : cc_pal.obj (.text:spi_Close)
                  20017298    00000070                  : netapp.obj (.text:_sl_HandleAsync_PingResponse)
                  20017308    0000006e                  : socket.obj (.text:_sl_TruncatePayloadByProtocol)
                  20017376    00000002     --HOLE-- [fill = 0]
                  20017378    0000006c     rtsv7M4_T_le_eabi.lib : autoinit.obj (.text)
                  200173e4    0000006c                           : fprintf.obj (.text)
                  20017450    0000006a                           : copy_decompress_rle.obj (.text)
                  200174ba    00000002     --HOLE-- [fill = 0]
                  200174bc    00000068     driverlib.a : prcm.obj (.text:PRCMHibernateWakeUpGPIOSelect)
                  20017524    00000068     simplelink.a : socket.obj (.text:_sl_HandleAsync_Connect)
                  2001758c    00000068                  : netapp.obj (.text:_sl_HandleAsync_DnsGetHostByService)
                  200175f4    00000068     rtsv7M4_T_le_eabi.lib : trgmsg.obj (.text)
                  2001765c    00000068     simplelink.a : fs.obj (.text:sl_FsGetInfo)
                  200176c4    00000066     rtsv7M4_T_le_eabi.lib : xdunscal.obj (.text)
                  2001772a    00000002     --HOLE-- [fill = 0]
                  2001772c    00000064     simplelink.a : fs.obj (.text:_sl_GetCreateFsMode)
                  20017790    00000064                  : socket.obj (.text:_sl_HandleAsync_Accept)
                  200177f4    00000064     rtsv7M4_T_le_eabi.lib : fseek.obj (.text)
                  20017858    00000064     driverlib.a : udma.obj (.text:uDMAChannelAttributeDisable)
                  200178bc    00000064                 : udma.obj (.text:uDMAChannelAttributeEnable)
                  20017920    00000060     rtsv7M4_T_le_eabi.lib : fs_cmp_t2.obj (.text:__aeabi_cfcmple)
                  20017980    00000060                           : fs_cmp_t2.obj (.text:__aeabi_cfrcmple)
                  200179e0    00000060                           : sprintf.obj (.text)
                  20017a40    00000058     driverlib.a : interrupt.obj (.text:IntPendClear)
                  20017a98    00000058                 : prcm.obj (.text:PRCMPeripheralReset)
                  20017af0    00000058     simplelink.a : driver.obj (.text:_SlDrvDriverCBDeinit)
                  20017b48    00000058                  : socket.obj (.text:_sl_HandleAsync_Select)
                  20017ba0    00000056     rtsv7M4_T_le_eabi.lib : ltoa.obj (.text)
                  20017bf6    00000056                           : xfdunsca.obj (.text)
                  20017c4c    00000054     driverlib.a : interrupt.obj (.text:IntPrioritySet)
                  20017ca0    00000054     simplelink.a : device.obj (.text:_sl_HandleAsync_Stop)
                  20017cf4    00000054                  : fs.obj (.text:sl_FsOpen)
                  20017d48    00000054                  : netapp.obj (.text:sl_NetAppSendTokenValue)
                  20017d9c    00000050     rtsv7M4_T_le_eabi.lib : fs_toull_t2.obj (.text)
                  20017dec    0000004c     driverlib.a : spi.obj (.text:SPIIntEnable)
                  20017e38    0000004c     rtsv7M4_T_le_eabi.lib : atoi.obj (.text)
                  20017e84    0000004c                           : cpy_tbl.obj (.text)
                  20017ed0    0000004c                           : rand.obj (.text)
                  20017f1c    0000004c     simplelink.a : socket.obj (.text:sl_SetSockOpt)
                  20017f68    0000004c     driverlib.a : udma.obj (.text:uDMAChannelAssign)
                  20017fb4    0000004a     simplelink.a : device.obj (.text:_sl_GetStartResponseConvert)
                  20017ffe    0000004a     rtsv7M4_T_le_eabi.lib : fd_tos_t2.obj (.text)
                  20018048    00000048     driverlib.a : prcm.obj (.text:PRCMHibernateWakeupSourceDisable)
                  20018090    00000048                 : prcm.obj (.text:PRCMHibernateWakeupSourceEnable)
                  200180d8    00000048                 : spi.obj (.text:SPIIntClear)
                  20018120    00000048     rtsv7M4_T_le_eabi.lib : fd_toi_t2.obj (.text)
                  20018168    00000048     simplelink.a : device.obj (.text:sl_DevSet)
                  200181b0    00000048                  : fs.obj (.text:sl_FsDel)
                  200181f8    00000048                  : wlan.obj (.text:sl_WlanSet)
                  20018240    00000046     rtsv7M4_T_le_eabi.lib : ldexp.obj (.text)
                  20018286    00000002     --HOLE-- [fill = 0]
                  20018288    00000044     driverlib.a : spi.obj (.text:SPIDmaMaskGet)
                  200182cc    00000044     rtsv7M4_T_le_eabi.lib : exit.obj (.text)
                  20018310    00000044                           : fd_tou_t2.obj (.text)
                  20018354    00000044     simplelink.a : netcfg.obj (.text:sl_NetCfgSet)
                  20018398    00000044                  : socket.obj (.text:sl_Recv)
                  200183dc    00000040     driverlib.a : pin.obj (.text:PinModeSet)
                  2001841c    00000040     simplelink.a : driver.obj (.text:_SlDrvRxIrqHandler)
                  2001845c    00000040                  : driver.obj (.text:_SlRemoveFromList)
                  2001849c    00000040     rtsv7M4_T_le_eabi.lib : signal.obj (.text)
                  200184dc    00000040     simplelink.a : wlan.obj (.text:sl_WlanPolicySet)
                  2001851c    00000040                  : wlan.obj (.text:sl_WlanRxFilterSet)
                  2001855c    0000003e     rtsv7M4_T_le_eabi.lib : strncasecmp.obj (.text)
                  2001859a    00000002     --HOLE-- [fill = 0]
                  2001859c    0000003c     simplelink.a : cc_pal.obj (.text:NwpPowerOff)
                  200185d8    0000003c     driverlib.a : prcm.obj (.text:PRCMPeripheralClkEnable)
                  20018614    0000003c     simplelink.a : driver.obj (.text:_SlDrvObjInit)
                  20018650    0000003c     rtsv7M4_T_le_eabi.lib : boot.obj (.text)
                  2001868c    0000003c     driverlib.a : udma.obj (.text:uDMAChannelControlSet)
                  200186c8    0000003a                 : camera.obj (.text:CameraCaptureStop)
                  20018702    0000003a                 : camera.obj (.text:CameraXClkConfig)
                  2001873c    00000038     free_rtos.a : heap_3.obj (.text)
                  20018774    00000038     rtsv7M4_T_le_eabi.lib : fs_tod_t2.obj (.text)
                  200187ac    00000038                           : fs_toi_t2.obj (.text)
                  200187e4    00000038                           : i_tofs_t2.obj (.text)
                  2001881c    00000038     simplelink.a : socket.obj (.text:sl_Htonl)
                  20018854    00000036     driverlib.a : gpio.obj (.text:GPIODirModeSet)
                  2001888a    00000034                 : camera.obj (.text:CameraParamsConfig)
                  200188be    00000002     --HOLE-- [fill = 0]
                  200188c0    00000034                 : prcm.obj (.text:PRCMPeripheralStatusGet)
                  200188f4    00000034                 : spi.obj (.text:SPIFIFOLevelSet)
                  20018928    00000034     simplelink.a : driver.obj (.text:_SlDrvBasicCmd)
                  2001895c    00000034     rtsv7M4_T_le_eabi.lib : feraiseexcept.obj (.text)
                  20018990    00000034                           : fs_tou_t2.obj (.text)
                  200189c4    00000034                           : strstr.obj (.text)
                  200189f8    00000034     simplelink.a : socket.obj (.text:sl_Htons)
                  20018a2c    00000030                  : cc_pal.obj (.text:NwpPowerOn)
                  20018a5c    00000030     driverlib.a : pin.obj (.text:PinTypeGPIO)
                  20018a8c    00000030                 : uart.obj (.text:UARTDisable)
                  20018abc    00000030     rtsv7M4_T_le_eabi.lib : strncpy.obj (.text)
                  20018aec    00000030                           : xferaise.obj (.text)
                  20018b1c    00000030     simplelink.a : socket.obj (.text:sl_Socket)
                  20018b4c    0000002e     rtsv7M4_T_le_eabi.lib : i_tofd_t2.obj (.text)
                  20018b7a    0000002e                           : raise.obj (.text)
                  20018ba8    0000002c     driverlib.a : camera.obj (.text:CameraIntEnable)
                  20018bd4    0000002c     simplelink.a : cc_pal.obj (.text:DmaSpiSwIntHandler)
                  20018c00    0000002c     driverlib.a : i2c.obj (.text:I2CMasterErr)
                  20018c2c    0000002c                 : prcm.obj (.text:PRCMSysResetCauseGet)
                  20018c58    0000002c     simplelink.a : flowcont.obj (.text:_SlDrvFlowContDeinit)
                  20018c84    0000002c                  : flowcont.obj (.text:_SlDrvFlowContInit)
                  20018cb0    0000002a     rtsv7M4_T_le_eabi.lib : xdclass.obj (.text)
                  20018cda    00000002     --HOLE-- [fill = 0]
                  20018cdc    00000028     driverlib.a : camera.obj (.text:CameraIntStatus)
                  20018d04    00000028                 : prcm.obj (.text:PRCMPeripheralClkDisable)
                  20018d2c    00000028     simplelink.a : socket.obj (.text:_sl_BuildAddress)
                  20018d54    00000028     rtsv7M4_T_le_eabi.lib : strncat.obj (.text)
                  20018d7c    00000028     simplelink.a : wlan.obj (.text:sl_WlanSetMode)
                  20018da4    00000026     driverlib.a : camera.obj (.text:CameraThresholdSet)
                  20018dca    00000026     rtsv7M4_T_le_eabi.lib : strncmp.obj (.text)
                  20018df0    00000024     driverlib.a : camera.obj (.text:CameraIntClear)
                  20018e14    00000024                 : interrupt.obj (.text:IntUnregister)
                  20018e38    00000024                 : uart.obj (.text:UARTEnable)
                  20018e5c    00000024     rtsv7M4_T_le_eabi.lib : memmov.obj (.text)
                  20018e80    00000024     simplelink.a : socket.obj (.text:sl_Close)
                  20018ea4    00000024                  : netapp.obj (.text:sl_NetAppStart)
                  20018ec8    00000024                  : netapp.obj (.text:sl_NetAppStop)
                  20018eec    00000024                  : wlan.obj (.text:sl_WlanProfileDel)
                  20018f10    00000022     driverlib.a : camera.obj (.text:CameraCaptureStart)
                  20018f32    00000022                 : i2c.obj (.text:I2CMasterSlaveAddrSet)
                  20018f54    00000022     simplelink.a : cc_pal.obj (.text:NwpRegisterInterruptHandler)
                  20018f76    00000022     driverlib.a : spi.obj (.text:SPIReset)
                  20018f98    00000022                 : spi.obj (.text:SPIWordCountSet)
                  20018fba    00000022     rtsv7M4_T_le_eabi.lib : frexp.obj (.text)
                  20018fdc    00000022                           : memcmp.obj (.text)
                  20018ffe    00000020     driverlib.a : gpio.obj (.text:GPIOPinWrite)
                  2001901e    00000002     --HOLE-- [fill = 0]
                  20019020    00000020                 : interrupt.obj (.text:IntRegister)
                  20019040    00000020     simplelink.a : driver.obj (.text:_SlDrvCmdSend)
                  20019060    00000020     rtsv7M4_T_le_eabi.lib : memchr.obj (.text)
                  20019080    0000001e     driverlib.a : i2c.obj (.text:I2CMasterIntStatusEx)
                  2001909e    0000001e                 : uart.obj (.text:UARTCharPut)
                  200190bc    0000001c                 : pin.obj (.text:PinTypeI2C)
                  200190d8    0000001c     simplelink.a : driver.obj (.text:_SlDrvObjDeInit)
                  200190f4    0000001c     rtsv7M4_T_le_eabi.lib : memccpy.obj (.text)
                  20019110    0000001c     driverlib.a : udma.obj (.text:uDMAChannelDisable)
                  2001912c    0000001c                 : udma.obj (.text:uDMAChannelEnable)
                  20019148    0000001a     simplelink.a : netapp.obj (.text:CopyPingResultsToReport)
                  20019162    0000001a     driverlib.a : pin.obj (.text:PinTypeCamera)
                  2001917c    0000001a                 : pin.obj (.text:PinTypeUART)
                  20019196    0000001a                 : spi.obj (.text:SPIDmaDisable)
                  200191b0    0000001a                 : spi.obj (.text:SPIDmaEnable)
                  200191ca    0000001a                 : spi.obj (.text:SPIFIFODisable)
                  200191e4    0000001a                 : spi.obj (.text:SPIFIFOEnable)
                  200191fe    0000001a     simplelink.a : device.obj (.text:_SlDrvDeviceEventHandler)
                  20019218    00000018     driverlib.a : camera.obj (.text:CameraReset)
                  20019230    00000018                 : prcm.obj (.text:PRCMHibernateEnter)
                  20019248    00000018                 : spi.obj (.text:SPICSDisable)
                  20019260    00000018                 : spi.obj (.text:SPICSEnable)
                  20019278    00000018                 : spi.obj (.text:SPIDisable)
                  20019290    00000018                 : spi.obj (.text:SPIEnable)
                  200192a8    00000018     rtsv7M4_T_le_eabi.lib : args_main.obj (.text)
                  200192c0    00000018                           : strcmp.obj (.text)
                  200192d8    00000016     driverlib.a : camera.obj (.text:CameraDMAEnable)
                  200192ee    00000016                 : camera.obj (.text:CameraIntRegister)
                  20019304    00000016                 : i2c.obj (.text:I2CMasterDataPut)
                  2001931a    00000016                 : i2c.obj (.text:I2CMasterEnable)
                  20019330    00000016                 : prcm.obj (.text:PRCMHIBRegRead)
                  20019346    00000016                 : prcm.obj (.text:PRCMHIBRegWrite)
                  2001935c    00000016                 : uart.obj (.text:UARTCharGet)
                  20019372    00000016     simplelink.a : fs.obj (.text:_sl_Strlen)
                  20019388    00000016     rtsv7M4_T_le_eabi.lib : strchr.obj (.text)
                  2001939e    00000016     driverlib.a : udma.obj (.text:uDMAIntRegister)
                  200193b4    00000014                 : cpu.obj (.text:CPUcpsie)
                  200193c8    00000014                 : interrupt.obj (.text:IntVTableBaseSet)
                  200193dc    00000014     simplelink.a : driver.obj (.text:_SlDrvShiftDWord)
                  200193f0    00000014     rtsv7M4_T_le_eabi.lib : _lock.obj (.text)
                  20019404    00000014                           : strcpy.obj (.text)
                  20019418    00000014                           : strlen.obj (.text)
                  2001942c    00000014     driverlib.a : udma.obj (.text:uDMAControlBaseSet)
                  20019440    00000014                 : udma.obj (.text:uDMAIntClear)
                  20019454    00000012                 : i2c.obj (.text:I2CMasterControl)
                  20019466    00000012                 : i2c.obj (.text:I2CMasterIntClearEx)
                  20019478    00000012                 : i2c.obj (.text:I2CMasterTimeoutSet)
                  2001948a    00000012     simplelink.a : netapp.obj (.text:sl_NetAppMDNSUnRegisterService)
                  2001949c    00000012     driverlib.a : udma.obj (.text:uDMAIntUnregister)
                  200194ae    00000002     --HOLE-- [fill = 0]
                  200194b0    00000010     simplelink.a : cc_pal.obj (.text:NwpMaskInterrupt)
                  200194c0    00000010                  : socket.obj (.text:SL_FD_SET)
                  200194d0    0000000e     driverlib.a : i2c.obj (.text:I2CMasterDataGet)
                  200194de    0000000e     rtsv7M4_T_le_eabi.lib : copy_decompress_none.obj (.text:decompress:none)
                  200194ec    0000000e     startup_ccs.obj (.text)
                  200194fa    00000002     --HOLE-- [fill = 0]
                  200194fc    0000000c     simplelink.a : cc_pal.obj (.text:NwpUnMaskInterrupt)
                  20019508    0000000c     rtsv7M4_T_le_eabi.lib : copy_zero_init.obj (.text:decompress:ZI)
                  20019514    0000000c     driverlib.a : udma.obj (.text:uDMADisable)
                  20019520    0000000c                 : udma.obj (.text:uDMAEnable)
                  2001952c    0000000c                 : udma.obj (.text:uDMAIntStatus)
                  20019538    0000000a                 : interrupt.obj (.text:IntMasterEnable)
                  20019542    00000008     simplelink.a : wlan.obj (.text:sl_WlanDisconnect)
                  2001954a    00000006     i2cconfig.obj (.text:MT9D111Delay)
                  20019550    00000006     simplelink.a : socket.obj (.text:SL_FD_ZERO)
                  20019556    00000006     driverlib.a : utils.obj (.text:UtilsDelay)
                  2001955c    00000006     rtsv7M4_T_le_eabi.lib : copy_decompress_rle.obj (.text:decompress:rle24)
                  20019562    00000006                           : logf.obj (.text)
                  20019568    00000006                           : sinf.obj (.text)
                  2001956e    00000004                           : error.obj (.text)
                  20019572    00000004                           : pre_init.obj (.text)

.const     0    20019578    00000cf1     
                  20019578    0000013c     mt9d111.obj (.const:init_cmds_list)
                  200196b4    00000101     rtsv7M4_T_le_eabi.lib : ctype.obj (.const:.string:_ctypes_)
                  200197b5    00000003     --HOLE-- [fill = 0]
                  200197b8    00000100     driverlib.a : pin.obj (.const:g_ulPinToPadMap)
                  200198b8    000000ec     simplelink.a : wlan.obj (.const)
                  200199a4    000000d4     driverlib.a : interrupt.obj (.const:g_pulRegs)
                  20019a78    000000c8     mt9d111.obj (.const)
                  20019b40    000000c4     mt9d111.obj (.const:capture_cmds_list)
                  20019c04    000000a8     driverlib.a : prcm.obj (.const:PRCM_PeriphRegsList)
                  20019cac    00000080                 : interrupt.obj (.const)
                  20019d2c    0000005d     mt9d111.obj (.const:.string)
                  20019d89    00000053     network_relater_fns.obj (.const:.string)
                  20019ddc    00000050     mt9d111.obj (.const:$P$T24$25)
                  20019e2c    0000004c     mt9d111.obj (.const:$P$T5$6)
                  20019e78    0000004c     simplelink.a : driver.obj (.const)
                  20019ec4    0000004a     camera_app.obj (.const:.string)
                  20019f0e    00000002     --HOLE-- [fill = 0]
                  20019f10    00000038     rtsv7M4_T_le_eabi.lib : xflog.obj (.const)
                  20019f48    00000038     simplelink.a : fs.obj (.const)
                  20019f80    00000036     flash_files.obj (.const:.string)
                  20019fb6    00000002     --HOLE-- [fill = 0]
                  20019fb8    00000034     rtsv7M4_T_le_eabi.lib : xfatan.obj (.const)
                  20019fec    00000034     simplelink.a : socket.obj (.const)
                  2001a020    0000002c     cc3200_utils.obj (.const:$P$T0$1)
                  2001a04c    0000002c     network_relater_fns.obj (.const:$P$T1$2)
                  2001a078    0000002b     parse_uploads.obj (.const:.string)
                  2001a0a3    00000001     --HOLE-- [fill = 0]
                  2001a0a4    00000028     rtsv7M4_T_le_eabi.lib : xfdint.obj (.const)
                  2001a0cc    00000028                           : xfsin.obj (.const)
                  2001a0f4    00000028     simplelink.a : netapp.obj (.const)
                  2001a11c    00000025     camera_app.obj (.const:.string:$P$T1$2)
                  2001a141    00000023     mt9d111.obj (.const:.string:$P$T1$2)
                  2001a164    00000022     network_relater_fns.obj (.const:.string:$P$T0$1)
                  2001a186    00000002     --HOLE-- [fill = 0]
                  2001a188    00000020     network_relater_fns.obj (.const)
                  2001a1a8    0000001c     rtsv7M4_T_le_eabi.lib : tanf.obj (.const)
                  2001a1c4    0000001c                           : xfexp.obj (.const)
                  2001a1e0    00000018     driverlib.a : spi.obj (.const)
                  2001a1f8    00000017     request.obj (.const:.string)
                  2001a20f    00000016     collect_and_txit.obj (.const:.string)
                  2001a225    00000014     lightSens_isl29035.obj (.const:.string)
                  2001a239    00000003     --HOLE-- [fill = 0]
                  2001a23c    00000014     simplelink.a : device.obj (.const)
                  2001a250    0000000b     app_common.obj (.const:.string)
                  2001a25b    00000001     --HOLE-- [fill = 0]
                  2001a25c    00000008     simplelink.a : netcfg.obj (.const)
                  2001a264    00000005     main.obj (.const:.string)

.cinit     0    2001a270    00000bd0     
                  2001a270    00000ba5     (.cinit..data.load) [load image, compression = rle]
                  2001ae15    00000003     --HOLE-- [fill = 0]
                  2001ae18    0000000c     (__TI_handler_table)
                  2001ae24    00000004     --HOLE-- [fill = 0]
                  2001ae28    00000008     (.cinit..bss.load) [load image, compression = zero_init]
                  2001ae30    00000010     (__TI_cinit_table)

.init_array 
*          0    20004000    00000000     UNINITIALIZED

.bss       0    2001d000    00015da1     UNINITIALIZED
                  2001d000    00014000     main.obj (.bss:g_image_buffer)
                  20031000    00000b58     tasks.obj (.bss:thisMagBuffer)
                  20031b58    00000418     tasks.obj (.bss:thisMagCal)
                  20031f70    00000058     tasks.obj (.bss:thisMag)
                  20031fc8    00000034     cc3200_client_state.obj (.bss:clientStateFileName)
                  20031ffc    00000004     (.common:__Errorlog)
                  20032000    00000400     udma_if.obj (.bss:gpCtlTbl)
                  20032400    00000370     main.obj (.bss:g_NetEntries)
                  20032770    00000120     rtsv7M4_T_le_eabi.lib : trgmsg.obj (.bss:__CIOBUF_)
                  20032890    00000100     udma_if.obj (.bss:gfpAppCallbackHndl)
                  20032990    000000c8     free_rtos.a : tasks.obj (.bss:pxReadyTasksLists)
                  20032a58    000000ac     tasks.obj (.bss:thisSV_6DOF_GB_BASIC)
                  20032b04    000000a0     rtsv7M4_T_le_eabi.lib : defs.obj (.bss:__TI_tmpnams)
                  20032ba4    00000050     free_rtos.a : queue.obj (.bss:xQueueRegistry)
                  20032bf4    00000034     main.obj (.bss:g_cWlanSecurityKey)
                  20032c28    00000034     tasks.obj (.bss:thisAccel)
                  20032c5c    00000024     main.obj (.bss:g_cWlanSSID)
                  20032c80    00000024     main.obj (.bss:g_ucConnectionSSID)
                  20032ca4    0000001c     rtsv7M4_T_le_eabi.lib : vla_alloc.obj (.bss)
                  20032cc0    00000014     (.common:g_flag_blockFull)
                  20032cd4    00000014     (.common:xDelayedTaskList1)
                  20032ce8    00000014     (.common:xDelayedTaskList2)
                  20032cfc    00000014     (.common:xPendingReadyList)
                  20032d10    00000014     (.common:xSuspendedTaskList)
                  20032d24    00000014     (.common:xTasksWaitingTermination)
                  20032d38    00000010     (.common:globals)
                  20032d48    00000010     (.common:mqxglobals)
                  20032d58    0000000c     (.common:g_SecParams)
                  20032d64    00000008     (.common:g_ucConnectionBSSID)
                  20032d6c    00000008     (.common:parmbuf)
                  20032d74    00000004     (.common:dataBuffer)
                  20032d78    00000004     (.common:g_block_lastFilled)
                  20032d7c    00000004     (.common:g_cWlanSecurityType)
                  20032d80    00000004     (.common:g_frame_size_in_bytes)
                  20032d84    00000004     (.common:g_header_length)
                  20032d88    00000004     (.common:g_position_in_block)
                  20032d8c    00000004     (.common:g_readHeader)
                  20032d90    00000004     (.common:g_total_dma_intrpts)
                  20032d94    00000004     (.common:pxDelayedTaskList)
                  20032d98    00000004     (.common:pxOverflowDelayedTaskList)
                  20032d9c    00000001     (.common:cnt_prakz)
                  20032d9d    00000001     (.common:g_dma_txn_done)
                  20032d9e    00000001     (.common:g_flag_DataBlockFilled)
                  20032d9f    00000001     (.common:g_frame_end)
                  20032da0    00000001     (.common:iDone)

.TI.noinit 
*          0    2001d000    00000000     UNINITIALIZED

.sysmem    0    20032da8    00004000     UNINITIALIZED
                  20032da8    00000008     rtsv7M4_T_le_eabi.lib : memory.obj (.sysmem)
                  20032db0    00003ff8     --HOLE--


LINKER GENERATED COPY TABLES

__TI_cinit_table @ 2001ae30 records: 2, size/record: 8, table size: 16
	.data: load addr=2001a270, load size=00000ba5 bytes, run addr=20000000, run size=0000151c bytes, compression=rle
	.bss: load addr=2001ae28, load size=00000008 bytes, run addr=2001d000, run size=00015da1 bytes, compression=zero_init


LINKER GENERATED HANDLER TABLE

__TI_handler_table @ 2001ae18 records: 3, size/record: 4, table size: 12
	index: 0, handler: __TI_decompress_rle24
	index: 1, handler: __TI_decompress_none
	index: 2, handler: __TI_zero_init


GLOBAL SYMBOLS: SORTED ALPHABETICALLY BY Name 

address   name                                  
-------   ----                                  
2000cead  AnalogGainReg_Read                    
2000e68b  ApplyAccelHAL                         
2000e697  ApplyMagHAL                           
200182cd  C$$EXIT                               
20017623  C$$IO$$                               
2000ce11  CCMRegs_Read                          
200193b5  CPUcpsie                              
2000a9b7  CamControllerInit                     
20018f11  CameraCaptureStart                    
200186c9  CameraCaptureStop                     
200192d9  CameraDMAEnable                       
20018df1  CameraIntClear                        
20018ba9  CameraIntEnable                       
200192ef  CameraIntRegister                     
20018cdd  CameraIntStatus                       
2001888b  CameraParamsConfig                    
20019219  CameraReset                           
2000c8cd  CameraSensorInit                      
2000c8d5  CameraSensorInit_SettingsFromFlash    
20018da5  CameraThresholdSet                    
20018703  CameraXClkConfig                      
2000a44b  CaptureAndStore_Image                 
2000a6d5  CaptureinRAM_StoreAfterCapture_Image  
20011f99  ClearTerm                             
20014195  CollectTxit_ImgTempRH                 
20011841  Config_And_Start_CameraCapture        
20009679  ConfigureMode                         
200093d5  ConfigureSimpleLinkToDefaultState     
200096d5  ConnectToNetwork                      
20009835  ConnectToNetwork_2                    
2000990d  ConnectToNetwork_STA                  
200098e7  ConnectToNetwork_STA_2                
20010935  ConstructDeviceStateObject            
20019149  CopyPingResultsToReport               
2001247d  CreateFile_Flash                      
200012b4  DMAMsgQ                               
20012aa9  DMASetupTransfer                      
20001504  DigiCertHighAssuranceEVRootCA_der_len 
2000ce41  DigitalGainRegs_Read                  
20012973  DmaErrorIntHandler                    
20018bd5  DmaSpiSwIntHandler                    
20012961  DmaSwIntHandler                       
2000d175  EnterStandby_mt9d111                  
20011f9f  Error                                 
2000d1ed  ExitStandby_mt9d111                   
20012c81  FXOS8700_Init                         
20012d03  FXOS8700_ReadData                     
2000e237  Fusion_Init                           
2000e369  Fusion_Run                            
20018855  GPIODirModeSet                        
20018fff  GPIOPinWrite                          
20011fd3  GetCmd                                
200133d5  HIBernate                             
20010de9  HOSTclock                             
20010db1  HOSTclose                             
20010d73  HOSTgetenv                            
20010d17  HOSTlseek                             
20010cc5  HOSTopen                              
20010c79  HOSTread                              
20010c1b  HOSTrename                            
20010be1  HOSTtime                              
20010ba9  HOSTunlink                            
20010b5d  HOSTwrite                             
20013283  I2CBufferRead                         
2001332b  I2CBufferWrite                        
20013265  I2CInit                               
20019455  I2CMasterControl                      
200194d1  I2CMasterDataGet                      
20019305  I2CMasterDataPut                      
2001931b  I2CMasterEnable                       
20018c01  I2CMasterErr                          
20016ae5  I2CMasterInitExpClk                   
20019467  I2CMasterIntClearEx                   
20019081  I2CMasterIntStatusEx                  
20018f33  I2CMasterSlaveAddrSet                 
20019479  I2CMasterTimeoutSet                   
20012c6b  I2C_IF_Close                          
20012c41  I2C_IF_Open                           
20012bb9  I2C_IF_Read                           
20012c21  I2C_IF_ReadFrom                       
20012b57  I2C_IF_Write                          
20011f61  InitTerm                              
20010889  InitialiseParse                       
200093a5  InitializeAppVariables                
20015ee1  IntDisable                            
20015f89  IntEnable                             
20019539  IntMasterEnable                       
20017a41  IntPendClear                          
20017c4d  IntPrioritySet                        
20019021  IntRegister                           
20018e15  IntUnregister                         
200193c9  IntVTableBaseSet                      
2000cf23  JPEGDataLength_read                   
20000000  JPEG_StdHuffmanTbl                    
2000130c  JPEG_StdQuantTblC                     
2000134c  JPEG_StdQuantTblY                     
2000cde9  JpegConfigReg_Read                    
20015213  LED_Blink                             
20015279  LED_Off                               
2001526f  LED_On                                
2001954b  MT9D111Delay                          
2000e551  MagCal_Run                            
200117d5  Main_Task                             
20011f7f  Message                               
200194b1  NwpMaskInterrupt                      
2001859d  NwpPowerOff                           
20018a2d  NwpPowerOn                            
20016bed  NwpPowerOnPreamble                    
20018f55  NwpRegisterInterruptHandler           
200194fd  NwpUnMaskInterrupt                    
2000cee5  PCLK_Rate_read                        
20013ba5  PRCMCC3200MCUInit                     
20019331  PRCMHIBRegRead                        
20019347  PRCMHIBRegWrite                       
20019231  PRCMHibernateEnter                    
200167b9  PRCMHibernateIntervalSet              
200174bd  PRCMHibernateWakeUpGPIOSelect         
20018049  PRCMHibernateWakeupSourceDisable      
20018091  PRCMHibernateWakeupSourceEnable       
20018d05  PRCMPeripheralClkDisable              
200185d9  PRCMPeripheralClkEnable               
20016335  PRCMPeripheralClockGet                
20017a99  PRCMPeripheralReset                   
200188c1  PRCMPeripheralStatusGet               
20018c2d  PRCMSysResetCauseGet                  
20016841  PinConfigSet                          
200183dd  PinModeSet                            
20014f11  PinMuxConfig                          
20019163  PinTypeCamera                         
20018a5d  PinTypeGPIO                           
200190bd  PinTypeI2C                            
2001917d  PinTypeUART                           
2000e219  RdSensData_Init                       
2000e251  RdSensData_Run                        
2000cc31  ReadAllAEnAWBRegs                     
20012573  ReadFile_FromFlash                    
2000cf9b  ReadMCUBootModeReg                    
2000cbcd  RegStatusRead                         
2001207d  Report                                
200194ed  ResetISR                              
2000cf6d  ResetImageSensorMCU                   
UNDEFED   SHT$$INIT_ARRAY$$Base                 
UNDEFED   SHT$$INIT_ARRAY$$Limit                
200194c1  SL_FD_SET                             
20019551  SL_FD_ZERO                            
20019249  SPICSDisable                          
20019261  SPICSEnable                           
20016031  SPIConfigSetExpClk                    
20019279  SPIDisable                            
20019197  SPIDmaDisable                         
200191b1  SPIDmaEnable                          
20019291  SPIEnable                             
200191cb  SPIFIFODisable                        
200191e5  SPIFIFOEnable                         
200188f5  SPIFIFOLevelSet                       
200180d9  SPIIntClear                           
20017ded  SPIIntEnable                          
20018f77  SPIReset                              
20018f99  SPIWordCountSet                       
20001468  SecurityParams                        
200129f1  SetupTransfer                         
2000ce75  ShutterRegs_Read                      
2000a121  SimpleLinkHttpServerCallback          
20009c91  SimpleLinkNetAppEventHandler          
2000a021  SimpleLinkSockEventHandler            
20009b65  SimpleLinkWlanEventHandler            
2000cfb5  SoftReset_ImageSensor                 
2000a425  Standby_ImageSensor                   
2000c8fd  StartCapture_SettingsFromFlash        
2000ca21  StartSensorInJpegMode                 
20012033  TrimSpace                             
2001935d  UARTCharGet                           
2001909f  UARTCharPut                           
200170c5  UARTConfigSetExpClk                   
20018a8d  UARTDisable                           
20018e39  UARTEnable                            
200129c9  UDMAChannelSelect                     
20012a95  UDMADeInit                            
2001297f  UDMAInit                              
20012a27  UDMASetupAutoMemTransfer              
20012a4b  UDMASetupPingPongTransfer             
20019111  UDMAStopTransfer                      
2001089f  UploadImageToParse                    
200108d5  UploadSensorDataToParse               
20019557  UtilsDelay                            
2000ef0d  VDeleteSimpleLinkSpawnTask            
2000eebd  VStartSimpleLinkSpawnTask             
2000d00d  Variable_Read                         
2000cfdd  Verify_ImageSensor                    
2000a43f  Wakeup_ImageSensor                    
2000cbf3  WriteAllAEnAWBRegs                    
2000c92b  WriteConfigRegFile_toFlash            
2000c9f5  WriteConfigRegFilefromUser_toFlash    
200124d1  WriteFile_ToFlash                     
20018cb1  _Dclass                               
200011c0  _Denorm                               
200159e5  _Dnorm                                
20014705  _Dscale                               
200176c5  _Dunscale                             
200011d0  _Eps                                  
2000150c  _Errno                                
20015381  _FAtan                                
20001240  _FDenorm                              
20016615  _FDint                                
20016fd1  _FDnorm                               
20015531  _FDscale                              
20017bf7  _FDunscale                            
20001250  _FEps                                 
20012f79  _FExp                                 
20001260  _FInf                                 
20011da5  _FLog                                 
20001270  _FNan                                 
20001290  _FRteps                               
20012629  _FSin                                 
20001280  _FSnan                                
200012a0  _FXbig                                
200012a4  _FZero                                
200014f4  _Fenv                                 
20018aed  _Feraise                              
200011e0  _Hugeval                              
200011f0  _Inf                                  
20001200  _Nan                                  
20001220  _Rteps                                
2001a00c  _SlAcceptCmdCtrl                      
20019e8c  _SlActionLookupTable                  
2000ff19  _SlAsyncEventGenericHandler           
2001a248  _SlDeviceGetCmdCtrl                   
2001a24c  _SlDeviceSetCmdCtrl                   
20018929  _SlDrvBasicCmd                        
200163c9  _SlDrvClassifyRxMsg                   
20016b69  _SlDrvCmdOp                           
20019041  _SlDrvCmdSend                         
2001353d  _SlDrvDataReadOp                      
20013f3d  _SlDrvDataWriteOp                     
200191ff  _SlDrvDeviceEventHandler              
20017af1  _SlDrvDriverCBDeinit                  
20016ced  _SlDrvDriverCBInit                    
20018c59  _SlDrvFlowContDeinit                  
20018c85  _SlDrvFlowContInit                    
2000f47d  _SlDrvMsgRead                         
20015c1d  _SlDrvMsgReadCmdCtx                   
20016585  _SlDrvMsgReadSpawnCtx                 
200143d1  _SlDrvMsgWrite                        
20015cd1  _SlDrvNetAppEventHandler              
200190d9  _SlDrvObjDeInit                       
20018615  _SlDrvObjInit                         
20014a29  _SlDrvReleasePoolObj                  
200137f1  _SlDrvRxHdrRead                       
2001841d  _SlDrvRxIrqHandler                    
200193dd  _SlDrvShiftDWord                      
20014815  _SlDrvWaitForPoolObj                  
2001a244  _SlEventMaskGetCmdCtrl                
2001a240  _SlEventMaskSetCmdCtrl                
2001616d  _SlFindAndSetActiveObj                
20019f4c  _SlFsCloseCmdCtrl                     
20019f5c  _SlFsDeleteCmdCtrl                    
20019f58  _SlFsGetInfoCmdCtrl                   
20019f48  _SlFsOpenCmdCtrl                      
20019f50  _SlFsReadCmdCtrl                      
20019f54  _SlFsWriteCmdCtrl                     
2001a10c  _SlGetHostByNameCtrl                  
2001a108  _SlGetHostByServiceCtrl               
2001a100  _SlGetServiceListeCtrl                
2001a018  _SlGetSockOptCmdCtrl                  
2001a008  _SlListenCmdCtrl                      
2001a118  _SlNetAppGetCmdCtrl                   
2001a114  _SlNetAppSendTokenValueCmdCtrl        
2001a110  _SlNetAppSetCmdCtrl                   
2001a0f8  _SlNetAppStartCtrl                    
2001a0fc  _SlNetAppStopCtrl                     
2001a260  _SlNetCfgGetCmdCtrl                   
2001a25c  _SlNetCfgSetCmdCtrl                   
200198c0  _SlPolicyGetCmdCtrl                   
200198bc  _SlPolicySetCmdCtrl                   
200198c8  _SlProfileDelCmdCtrl                  
200198c4  _SlProfileGetCmdCtrl                  
2001a010  _SlRecvCmdCtrl                        
2001a000  _SlRecvfomCmdCtrl                     
2001a104  _SlRegisterServiceCtrl                
2001845d  _SlRemoveFromList                     
200198d0  _SlRxFilterAddtCmdCtrl                
200198d8  _SlRxFilterGetCmdCtrl                 
200198d4  _SlRxFilterSetCmdCtrl                 
2001a01c  _SlSelectCmdCtrl                      
2001a004  _SlSendCmdCtrl                        
2001a014  _SlSetSockOptCmdCtrl                  
200198dc  _SlSmartConfigStartCmdCtrl            
20019ffc  _SlSockCloseCmdCtrl                   
20019ff8  _SlSockSocketCmdCtrl                  
2001a23c  _SlStopCmdCtrl                        
200198e8  _SlWlanCfgGetCmdCtrl                  
200198e4  _SlWlanCfgSetCmdCtrl                  
200198cc  _SlWlanGetNetworkListCtrl             
200198e0  _SlWlanSetModeCmdCtrl                 
20001210  _Snan                                 
200014f8  _Tls_setup__Fenv                      
20001230  _Xbig                                 
20001238  _Zero                                 
20032770  __CIOBUF_                             
20004000  __STACK_END                           
00001000  __STACK_SIZE                          
00004000  __SYSMEM_SIZE                         
2001ae30  __TI_CINIT_Base                       
2001ae40  __TI_CINIT_Limit                      
2001ae18  __TI_Handler_Table_Base               
2001ae24  __TI_Handler_Table_Limit              
20017379  __TI_auto_init                        
20011ca9  __TI_cleanup                          
200014ec  __TI_cleanup_ptr                      
20016205  __TI_closefile                        
200194df  __TI_decompress_none                  
2001955d  __TI_decompress_rle24                 
20015799  __TI_doflush                          
200014f0  __TI_dtors_ptr                        
200014b4  __TI_ft_end                           
2000909d  __TI_printfi                          
20015e97  __TI_rd_ok                            
20017627  __TI_readmsg                          
2001a270  __TI_static_base__                    
20032b04  __TI_tmpnams                          
200175f5  __TI_writemsg                         
20015e35  __TI_wrt_ok                           
20019509  __TI_zero_init                        
2001956f  __abort_execution                     
200169d9  __aeabi_cdcmpeq                       
200169d9  __aeabi_cdcmple                       
20016a5f  __aeabi_cdrcmple                      
20017921  __aeabi_cfcmpeq                       
20017921  __aeabi_cfcmple                       
20017981  __aeabi_cfrcmple                      
20017fff  __aeabi_d2f                           
20018121  __aeabi_d2iz                          
20018311  __aeabi_d2uiz                         
20012123  __aeabi_dadd                          
20013a6d  __aeabi_ddiv                          
20014c2b  __aeabi_dmul                          
20012119  __aeabi_dsub                          
20018775  __aeabi_f2d                           
200187ad  __aeabi_f2iz                          
20018991  __aeabi_f2uiz                         
20017d9d  __aeabi_f2ulz                         
20014d2b  __aeabi_fadd                          
200164f1  __aeabi_fdiv                          
20016edd  __aeabi_fmul                          
20014d27  __aeabi_fsub                          
20018b4d  __aeabi_i2d                           
200187e5  __aeabi_i2f                           
20016f57  __aeabi_memclr                        
20016f57  __aeabi_memclr4                       
20016f57  __aeabi_memclr8                       
200160d1  __aeabi_memcpy                        
200160d1  __aeabi_memcpy4                       
200160d1  __aeabi_memcpy8                       
20016f59  __aeabi_memset                        
20016f59  __aeabi_memset4                       
20016f59  __aeabi_memset8                       
200014c0  __aeabi_stderr                        
200014b8  __aeabi_stdin                         
200014bc  __aeabi_stdout                        
200119ed  __aeabi_uldivmod                      
ffffffff  __binit__                             
ffffffff  __c_args__                            
20003000  __stack                               
20010f39  __vla_alloc                           
20010e31  __vla_dealloc                         
20010eb9  __vla_dealloc_eh                      
200192a9  _args_main                            
20018651  _c_int00                              
200196b4  _ctypes_                              
20000f50  _ftable                               
200014e4  _lock                                 
200193ff  _nop                                  
200193f7  _register_lock                        
200193f1  _register_unlock                      
20018d2d  _sl_BuildAddress                      
2001772d  _sl_GetCreateFsMode                   
20017fb5  _sl_GetStartResponseConvert           
20017791  _sl_HandleAsync_Accept                
20017525  _sl_HandleAsync_Connect               
20016d69  _sl_HandleAsync_DnsGetHostByName      
2001758d  _sl_HandleAsync_DnsGetHostByService   
2001713d  _sl_HandleAsync_InitComplete          
20017299  _sl_HandleAsync_PingResponse          
20017b49  _sl_HandleAsync_Select                
20017ca1  _sl_HandleAsync_Stop                  
20019373  _sl_Strlen                            
20017309  _sl_TruncatePayloadByProtocol         
20032da8  _sys_memory                           
20019573  _system_pre_init                      
200014e8  _unlock                               
200182d1  abort                                 
20015aa5  acosf                                 
2001371b  addHttpRequestHeader                  
20013741  addHttpRequestHeaderInt               
200136a1  addHttpRequestLine                    
200107dd  add_device                            
20017e39  atoi                                  
200136df  beginHttpGetRequest                   
200136d3  beginHttpRequest                      
ffffffff  binit                                 
2000d2d5  buildRequestHeaders                   
2000f449  calloc                                
20031fc8  clientStateFileName                   
2001078d  close                                 
200014ac  cnt                                   
20032d9c  cnt_prakz                             
200142b9  configureISL29035                     
20017e85  copy_in                               
2000b0c1  createAndWrite_ImageHeaderFile        
2000e8d1  createInstallation                    
2000dd79  createNewInstallationId               
2000b219  create_JpegImageFile                  
20032d74  dataBuffer                            
200014b0  dataBufferSize                        
20016c6d  debugPrint                            
20016c87  debugPrintf                           
2000cd9b  disableAE                             
2000cd11  disableAWB                            
20007335  eTaskGetState                         
2000c119  eigencompute                          
2000cd5d  enableAE                              
2000cccd  enableAWB                             
200122d1  ensureCertificateFile                 
200182d9  exit                                  
20004697  f3DOFMagnetometerMatrixAndroid        
20004633  f3DOFMagnetometerMatrixNED            
20004697  f3DOFMagnetometerMatrixWin8           
20004401  f3DOFTiltAndroid                      
20004401  f3DOFTiltNED                          
20004509  f3DOFTiltWin8                         
2000bedf  f3x3matrixAeqAxScalar                 
2000be61  f3x3matrixAeqI                        
2000bf3d  f3x3matrixAeqInvSymB                  
2000bf13  f3x3matrixAeqMinusA                   
2000bebb  f3x3matrixAeqScalar                   
2000c083  f3x3matrixDetA                        
20004f85  fAndroidAnglesDegFromRotationMatrix   
20005d89  fInitMagCalibration                   
200130f1  fInit_6DOF_GB_BASIC                   
20006151  fInvertMagCal                         
200057b9  fLPFOrientationQuaternion             
200058f1  fLPFScalar                            
20004ee1  fNEDAnglesDegFromRotationMatrix       
200052c5  fQuaternionFromRotationMatrix         
20005165  fQuaternionFromRotationVectorDeg      
20005411  fRotationMatrixFromQuaternion         
20005713  fRotationVectorDegFromQuaternion      
2000553d  fRotationVectorDegFromRotationMatrix  
20013145  fRun_6DOF_GB_BASIC                    
20006aad  fUpdateCalibration10EIG               
20006281  fUpdateCalibration4INV                
20006701  fUpdateCalibration7EIG                
20005029  fWin8AnglesDegFromRotationMatrix      
200115dd  facos_deg                             
2001159d  fasin_deg                             
200116eb  fatan2_deg                            
20011767  fatan_15deg                           
2001165b  fatan_deg                             
2001626b  fclose                                
200049a5  feCompassAndroid                      
20004705  feCompassNED                          
20004c41  feCompassWin8                         
2001895d  feraiseexcept                         
2000dd13  fetchDeviceOSVersion                  
200157e5  fflush                                
200104ef  findSecondJson                        
2000be8d  fmatrixAeqI                           
2000c509  fmatrixAeqInvA                        
2000c6eb  fmatrixAeqRenormRotA                  
20013931  fmodf                                 
20011cff  fopen                                 
200173ed  fprintf                               
2001629d  fputc                                 
20013cd9  fputs                                 
20005d6f  fqAeq1                                
20005cab  fqAeqNormqA                           
2000f197  free                                  
20011cd5  freopen                               
20018fbb  frexp                                 
200177f5  fseek                                 
2001139f  fxos_calibrate                        
200113f7  fxos_get_initialYaw                   
20011359  fxos_main                             
20011457  fxos_waitFor40Degrees                 
20000dd0  gFirstCmdMode                         
20019e84  g_H2NCnysPattern                      
20019e7c  g_H2NSyncPattern                      
20032400  g_NetEntries                          
20032d58  g_SecParams                           
200012a8  g_SpiFd                               
20000dd8  g_StatMem                             
20032d78  g_block_lastFilled                    
200012b8  g_cDummy                              
20032c5c  g_cWlanSSID                           
20032bf4  g_cWlanSecurityKey                    
20032d7c  g_cWlanSecurityType                   
2001a1f8  g_deviceClientVersion                 
20032d9e  g_flag_DataBlockFilled                
20032cc0  g_flag_blockFull                      
20032d9f  g_frame_end                           
20032d80  g_frame_size_in_bytes                 
20000600  g_header                              
20032d84  g_header_length                       
2001d000  g_image_buffer                        
20001484  g_osVersion                           
20000dd4  g_pCB                                 
200012ac  g_pHostIntHdl                         
20004000  g_pfnVectors                          
20032d88  g_position_in_block                   
20032d8c  g_readHeader                          
200013cc  g_token_get                           
20001481  g_ucConnectedToConfAP                 
20032d64  g_ucConnectionBSSID                   
20032c80  g_ucConnectionSSID                    
200012b0  g_ucDMAEnabled                        
200012bc  g_ucDinDout                           
20001483  g_ucPriority                          
20001480  g_ucProfileAdded                      
20001482  g_ucProvisioningDone                  
2000147c  g_uiSimplelinkRole                    
20001478  g_ulGatewayIP                         
200014e0  g_ulPingPacketsRecv                   
20001474  g_ulStatus                            
20013779  getHttpResponseBody                   
2001374f  getHttpResponseStatus                 
2000e91f  getInstallation                       
20014bc9  getInternalClient                     
20014327  getLightsensor_data                   
20014353  getLightsensor_intrptStatus           
20010521  getPushJson                           
20032890  gfpAppCallbackHndl                    
20032d38  globals                               
20032000  gpCtlTbl                              
2000d50d  headerSend                            
200145f5  i2cReadRegisters                      
200146a3  i2cReadRegistersTwoBytes              
20014637  i2cWriteRegisters                     
20032da0  iDone                                 
20005e3d  iUpdateMagnetometerBuffer             
200099ed  initNetwork                           
200151c9  intToASCII                            
20010507  isCompleteJson                        
2000dcb3  isPingTime                            
20018241  ldexp                                 
200110c9  loadClientState                       
20019563  logf                                  
20010769  lseek                                 
20017ba1  ltoa                                  
200118af  main                                  
20001518  main_func_sp                          
2000f12f  malloc                                
2000f011  mem_Free                              
2000f005  mem_Malloc                            
2000f031  mem_copy                              
2000f01d  mem_set                               
2000f365  memalign                              
200190f5  memccpy                               
20019061  memchr                                
20018fdd  memcmp                                
200160d1  memcpy                                
20018e5d  memmove                               
20016f5f  memset                                
2000f0a1  minit                                 
20032d48  mqxglobals                            
200106bb  open                                  
2000f087  osi_ContextRestore                    
2000f085  osi_ContextSave                       
2000f045  osi_EnterCritical                     
2000f04f  osi_ExitCritical                      
2000ec6b  osi_InterruptDeRegister               
2000ec45  osi_InterruptRegister                 
2000ed75  osi_LockObjCreate                     
2000ede9  osi_LockObjDelete                     
2000edf9  osi_LockObjLock                       
2000ee25  osi_LockObjUnlock                     
2000ef39  osi_MsgQCreate                        
2000ef7d  osi_MsgQDelete                        
2000efc9  osi_MsgQRead                          
2000ef97  osi_MsgQWrite                         
2000f061  osi_Sleep                             
2000ee4f  osi_Spawn                             
2000ed53  osi_SyncObjClear                      
2000ec7d  osi_SyncObjCreate                     
2000ecad  osi_SyncObjDelete                     
2000ecc7  osi_SyncObjSignal                     
2000ecef  osi_SyncObjSignalFromISR              
2000ed27  osi_SyncObjWait                       
2000ed9b  osi_TaskCreate                        
2000eddb  osi_TaskDelete                        
2000f071  osi_TaskDisable                       
2000f07b  osi_TaskEnable                        
2000f059  osi_start                             
20000dcc  pPingCallBackFunc                     
2000da7d  parseGetErrorCode                     
2000ea21  parseGetInstallationId                
20014b2d  parseInitialize                       
2000da3f  parseSendRequest                      
2000d9c9  parseSendRequestInternal              
2000e9a5  parseSetInstallationId                
2000d655  payloadSend                           
2001a250  pcDigits                              
20007859  pcTaskGetTaskName                     
20015c15  portCLZ                               
2000fba1  powf                                  
20015bfd  prvPortStartFirstTask                 
2001629d  putc                                  
20016321  putchar                               
20013de5  puts                                  
2001873d  pvPortMalloc                          
20001408  pxCurrentTCB                          
200144e5  pxPortInitialiseStack                 
20005a45  qAeqAxB                               
20005921  qAeqBxC                               
20005b79  qconjgAxB                             
20018b7b  raise                                 
20017ee7  rand                                  
20010697  read                                  
2000f259  realloc                               
2001060d  remove                                
2001066f  remove_device                         
20010631  rename                                
200108fb  retreiveImageIDfromHTTPResponse       
20011171  saveClientState                       
2000d893  sendRequest                           
20013465  sensorsTriggerSetup                   
2000d2c5  setDataBufferPointer                  
200142e7  setThreshold_lightsensor              
200152a5  setvbuf                               
2001849d  signal                                
20010265  simpleJsonProcessor                   
20019569  sinf                                  
20018e81  sl_Close                              
20014ff9  sl_Connect                            
20016de5  sl_DevGet                             
20018169  sl_DevSet                             
20016e61  sl_FsClose                            
200181b1  sl_FsDel                              
2001765d  sl_FsGetInfo                          
20017cf5  sl_FsOpen                             
200166a1  sl_FsRead                             
2001672d  sl_FsWrite                            
2001881d  sl_Htonl                              
200189f9  sl_Htons                              
20015459  sl_NetAppDnsGetHostByName             
20016951  sl_NetAppMDNSRegisterUnregisterService
2001948b  sl_NetAppMDNSUnRegisterService        
20017d49  sl_NetAppSendTokenValue               
20018ea5  sl_NetAppStart                        
20018ec9  sl_NetAppStop                         
20018355  sl_NetCfgSet                          
20018399  sl_Recv                               
20014921  sl_Select                             
20015d85  sl_Send                               
20017f1d  sl_SetSockOpt                         
20018b1d  sl_Socket                             
20015925  sl_Start                              
20015861  sl_Stop                               
200127c5  sl_WlanConnect                        
20019543  sl_WlanDisconnect                     
200171b1  sl_WlanGet                            
200184dd  sl_WlanPolicySet                      
20018eed  sl_WlanProfileDel                     
2001851d  sl_WlanRxFilterSet                    
200181f9  sl_WlanSet                            
20018d7d  sl_WlanSetMode                        
2001645d  snprintf                              
20018e81  socketClose                           
2000f995  socketRead                            
2000f873  socketSslConnect                      
2000f825  socketWait                            
2000fa15  socketWrite                           
20017225  spi_Close                             
20013e0d  spi_Open                              
200156cd  spi_Read                              
200150e1  spi_Write                             
200179e1  sprintf                               
20015601  sqrtf                                 
20017ed1  srand                                 
200014aa  sshPort                               
20019389  strchr                                
200192c1  strcmp                                
20019405  strcpy                                
20019419  strlen                                
2001855d  strncasecmp                           
20018d55  strncat                               
20018dcb  strncmp                               
20018abd  strncpy                               
200189c5  strstr                                
20012e01  tanf                                  
20032c28  thisAccel                             
20031f70  thisMag                               
20031000  thisMagBuffer                         
20031b58  thisMagCal                            
20032a58  thisSV_6DOF_GB_BASIC                  
20017f69  uDMAChannelAssign                     
20017859  uDMAChannelAttributeDisable           
200178bd  uDMAChannelAttributeEnable            
2001868d  uDMAChannelControlSet                 
20019111  uDMAChannelDisable                    
2001912d  uDMAChannelEnable                     
20014e21  uDMAChannelTransferSet                
2001942d  uDMAControlBaseSet                    
20019515  uDMADisable                           
20019521  uDMAEnable                            
20019441  uDMAIntClear                          
2001939f  uDMAIntRegister                       
2001952d  uDMAIntStatus                         
2001949d  uDMAIntUnregister                     
2000babd  ucQueueGetQueueType                   
20015b65  ulPortSetInterruptMask                
2001060d  unlink                                
2000dd0d  updateLastPingTime                    
2001414b  uxListRemove                          
2000ba9d  uxQueueGetQueueNumber                 
2000ba31  uxQueueMessagesWaiting                
2000ba67  uxQueueMessagesWaitingFromISR         
2000ba47  uxQueueSpacesAvailable                
2000784d  uxTaskGetNumberOfTasks                
2000787d  uxTaskGetSystemState                  
20007d6d  uxTaskGetTaskNumber                   
200073c9  uxTaskPriorityGet                     
200082c5  uxTaskResetEventItemValue             
200117cf  vApplicationIdleHook                  
200117d1  vApplicationMallocFailedHook          
200117d3  vApplicationStackOverflowHook         
200117cd  vAssertCalled                         
20014069  vListInitialise                       
20014099  vListInitialiseItem                   
200140e5  vListInsert                           
200140a9  vListInsertEnd                        
20015b7b  vPortClearInterruptMask               
20014561  vPortEndScheduler                     
20014575  vPortEnterCritical                    
2001458d  vPortExitCritical                     
2001875d  vPortFree                             
20015bd5  vPortSVCHandler                       
200145c1  vPortSetupTimerInterrupt              
20014563  vPortYield                            
2000bcd7  vQueueAddToRegistry                   
2000ba79  vQueueDelete                          
2000baab  vQueueSetQueueNumber                  
[...]
200140a9  vListInsertEnd                        
200140e5  vListInsert                           
2001414b  uxListRemove                          
20014195  CollectTxit_ImgTempRH                 
200142b9  configureISL29035                     
200142e7  setThreshold_lightsensor              
20014327  getLightsensor_data                   
20014353  getLightsensor_intrptStatus           
20014367  verifyISL29035                        
200143d1  _SlDrvMsgWrite                        
200144e5  pxPortInitialiseStack                 
20014535  xPortStartScheduler                   
20014561  vPortEndScheduler                     
20014563  vPortYield                            
20014575  vPortEnterCritical                    
2001458d  vPortExitCritical                     
200145a5  xPortSysTickHandler                   
200145c1  vPortSetupTimerInterrupt              
200145f5  i2cReadRegisters                      
20014637  i2cWriteRegisters                     
200146a3  i2cReadRegistersTwoBytes              
20014705  _Dscale                               
20014815  _SlDrvWaitForPoolObj                  
20014921  sl_Select                             
20014a29  _SlDrvReleasePoolObj                  
20014b2d  parseInitialize                       
20014bc9  getInternalClient                     
20014c2b  __aeabi_dmul                          
20014d27  __aeabi_fsub                          
20014d2b  __aeabi_fadd                          
20014e21  uDMAChannelTransferSet                
20014f11  PinMuxConfig                          
20014ff9  sl_Connect                            
200150e1  spi_Write                             
200151c9  intToASCII                            
20015213  LED_Blink                             
2001526f  LED_On                                
20015279  LED_Off                               
200152a5  setvbuf                               
20015381  _FAtan                                
20015459  sl_NetAppDnsGetHostByName             
20015531  _FDscale                              
20015601  sqrtf                                 
200156cd  spi_Read                              
20015799  __TI_doflush                          
200157e5  fflush                                
20015861  sl_Stop                               
20015925  sl_Start                              
200159e5  _Dnorm                                
20015aa5  acosf                                 
20015b65  ulPortSetInterruptMask                
20015b7b  vPortClearInterruptMask               
20015b89  xPortPendSVHandler                    
20015bd5  vPortSVCHandler                       
20015bfd  prvPortStartFirstTask                 
20015c15  portCLZ                               
20015c1d  _SlDrvMsgReadCmdCtx                   
20015cd1  _SlDrvNetAppEventHandler              
20015d85  sl_Send                               
20015e35  __TI_wrt_ok                           
20015e97  __TI_rd_ok                            
20015ee1  IntDisable                            
20015f89  IntEnable                             
20016031  SPIConfigSetExpClk                    
200160d1  __aeabi_memcpy                        
200160d1  __aeabi_memcpy4                       
200160d1  __aeabi_memcpy8                       
200160d1  memcpy                                
2001616d  _SlFindAndSetActiveObj                
20016205  __TI_closefile                        
2001626b  fclose                                
2001629d  fputc                                 
2001629d  putc                                  
20016321  putchar                               
20016335  PRCMPeripheralClockGet                
200163c9  _SlDrvClassifyRxMsg                   
2001645d  snprintf                              
200164f1  __aeabi_fdiv                          
20016585  _SlDrvMsgReadSpawnCtx                 
20016615  _FDint                                
200166a1  sl_FsRead                             
2001672d  sl_FsWrite                            
200167b9  PRCMHibernateIntervalSet              
20016841  PinConfigSet                          
200168c9  vsnprintf                             
20016951  sl_NetAppMDNSRegisterUnregisterService
200169d9  __aeabi_cdcmpeq                       
200169d9  __aeabi_cdcmple                       
20016a5f  __aeabi_cdrcmple                      
20016ae5  I2CMasterInitExpClk                   
20016b69  _SlDrvCmdOp                           
20016bed  NwpPowerOnPreamble                    
20016c6d  debugPrint                            
20016c87  debugPrintf                           
20016ced  _SlDrvDriverCBInit                    
20016d69  _sl_HandleAsync_DnsGetHostByName      
20016de5  sl_DevGet                             
20016e61  sl_FsClose                            
20016edd  __aeabi_fmul                          
20016f57  __aeabi_memclr                        
20016f57  __aeabi_memclr4                       
20016f57  __aeabi_memclr8                       
20016f59  __aeabi_memset                        
20016f59  __aeabi_memset4                       
20016f59  __aeabi_memset8                       
20016f5f  memset                                
20016fd1  _FDnorm                               
200170c5  UARTConfigSetExpClk                   
2001713d  _sl_HandleAsync_InitComplete          
200171b1  sl_WlanGet                            
20017225  spi_Close                             
20017299  _sl_HandleAsync_PingResponse          
20017309  _sl_TruncatePayloadByProtocol         
20017379  __TI_auto_init                        
200173ed  fprintf                               
200174bd  PRCMHibernateWakeUpGPIOSelect         
20017525  _sl_HandleAsync_Connect               
2001758d  _sl_HandleAsync_DnsGetHostByService   
200175f5  __TI_writemsg                         
20017623  C$$IO$$                               
20017627  __TI_readmsg                          
2001765d  sl_FsGetInfo                          
200176c5  _Dunscale                             
2001772d  _sl_GetCreateFsMode                   
20017791  _sl_HandleAsync_Accept                
200177f5  fseek                                 
20017859  uDMAChannelAttributeDisable           
200178bd  uDMAChannelAttributeEnable            
20017921  __aeabi_cfcmpeq                       
20017921  __aeabi_cfcmple                       
20017981  __aeabi_cfrcmple                      
200179e1  sprintf                               
20017a41  IntPendClear                          
20017a99  PRCMPeripheralReset                   
20017af1  _SlDrvDriverCBDeinit                  
20017b49  _sl_HandleAsync_Select                
20017ba1  ltoa                                  
20017bf7  _FDunscale                            
20017c4d  IntPrioritySet                        
20017ca1  _sl_HandleAsync_Stop                  
20017cf5  sl_FsOpen                             
20017d49  sl_NetAppSendTokenValue               
20017d9d  __aeabi_f2ulz                         
20017ded  SPIIntEnable                          
20017e39  atoi                                  
20017e85  copy_in                               
20017ed1  srand                                 
20017ee7  rand                                  
20017f1d  sl_SetSockOpt                         
20017f69  uDMAChannelAssign                     
20017fb5  _sl_GetStartResponseConvert           
20017fff  __aeabi_d2f                           
20018049  PRCMHibernateWakeupSourceDisable      
20018091  PRCMHibernateWakeupSourceEnable       
200180d9  SPIIntClear                           
20018121  __aeabi_d2iz                          
20018169  sl_DevSet                             
200181b1  sl_FsDel                              
200181f9  sl_WlanSet                            
20018241  ldexp                                 
200182cd  C$$EXIT                               
200182d1  abort                                 
200182d9  exit                                  
20018311  __aeabi_d2uiz                         
20018355  sl_NetCfgSet                          
20018399  sl_Recv                               
200183dd  PinModeSet                            
2001841d  _SlDrvRxIrqHandler                    
2001845d  _SlRemoveFromList                     
2001849d  signal                                
200184dd  sl_WlanPolicySet                      
2001851d  sl_WlanRxFilterSet                    
2001855d  strncasecmp                           
2001859d  NwpPowerOff                           
200185d9  PRCMPeripheralClkEnable               
20018615  _SlDrvObjInit                         
20018651  _c_int00                              
2001868d  uDMAChannelControlSet                 
200186c9  CameraCaptureStop                     
20018703  CameraXClkConfig                      
2001873d  pvPortMalloc                          
2001875d  vPortFree                             
20018775  __aeabi_f2d                           
200187ad  __aeabi_f2iz                          
200187e5  __aeabi_i2f                           
2001881d  sl_Htonl                              
20018855  GPIODirModeSet                        
2001888b  CameraParamsConfig                    
200188c1  PRCMPeripheralStatusGet               
200188f5  SPIFIFOLevelSet                       
20018929  _SlDrvBasicCmd                        
2001895d  feraiseexcept                         
20018991  __aeabi_f2uiz                         
200189c5  strstr                                
200189f9  sl_Htons                              
20018a2d  NwpPowerOn                            
20018a5d  PinTypeGPIO                           
20018a8d  UARTDisable                           
20018abd  strncpy                               
20018aed  _Feraise                              
20018b1d  sl_Socket                             
20018b4d  __aeabi_i2d                           
20018b7b  raise                                 
20018ba9  CameraIntEnable                       
20018bd5  DmaSpiSwIntHandler                    
20018c01  I2CMasterErr                          
20018c2d  PRCMSysResetCauseGet                  
20018c59  _SlDrvFlowContDeinit                  
20018c85  _SlDrvFlowContInit                    
20018cb1  _Dclass                               
20018cdd  CameraIntStatus                       
20018d05  PRCMPeripheralClkDisable              
20018d2d  _sl_BuildAddress                      
20018d55  strncat                               
20018d7d  sl_WlanSetMode                        
20018da5  CameraThresholdSet                    
20018dcb  strncmp                               
20018df1  CameraIntClear                        
20018e15  IntUnregister                         
20018e39  UARTEnable                            
20018e5d  memmove                               
20018e81  sl_Close                              
20018e81  socketClose                           
20018ea5  sl_NetAppStart                        
20018ec9  sl_NetAppStop                         
20018eed  sl_WlanProfileDel                     
20018f11  CameraCaptureStart                    
20018f33  I2CMasterSlaveAddrSet                 
20018f55  NwpRegisterInterruptHandler           
20018f77  SPIReset                              
20018f99  SPIWordCountSet                       
20018fbb  frexp                                 
20018fdd  memcmp                                
20018fff  GPIOPinWrite                          
20019021  IntRegister                           
20019041  _SlDrvCmdSend                         
20019061  memchr                                
20019081  I2CMasterIntStatusEx                  
2001909f  UARTCharPut                           
200190bd  PinTypeI2C                            
200190d9  _SlDrvObjDeInit                       
200190f5  memccpy                               
20019111  UDMAStopTransfer                      
20019111  uDMAChannelDisable                    
2001912d  uDMAChannelEnable                     
20019149  CopyPingResultsToReport               
20019163  PinTypeCamera                         
2001917d  PinTypeUART                           
20019197  SPIDmaDisable                         
200191b1  SPIDmaEnable                          
200191cb  SPIFIFODisable                        
200191e5  SPIFIFOEnable                         
200191ff  _SlDrvDeviceEventHandler              
20019219  CameraReset                           
20019231  PRCMHibernateEnter                    
20019249  SPICSDisable                          
20019261  SPICSEnable                           
20019279  SPIDisable                            
20019291  SPIEnable                             
200192a9  _args_main                            
200192c1  strcmp                                
200192d9  CameraDMAEnable                       
200192ef  CameraIntRegister                     
20019305  I2CMasterDataPut                      
2001931b  I2CMasterEnable                       
20019331  PRCMHIBRegRead                        
20019347  PRCMHIBRegWrite                       
2001935d  UARTCharGet                           
20019373  _sl_Strlen                            
20019389  strchr                                
2001939f  uDMAIntRegister                       
200193b5  CPUcpsie                              
200193c9  IntVTableBaseSet                      
200193dd  _SlDrvShiftDWord                      
200193f1  _register_unlock                      
200193f7  _register_lock                        
200193ff  _nop                                  
20019405  strcpy                                
20019419  strlen                                
2001942d  uDMAControlBaseSet                    
20019441  uDMAIntClear                          
20019455  I2CMasterControl                      
20019467  I2CMasterIntClearEx                   
20019479  I2CMasterTimeoutSet                   
2001948b  sl_NetAppMDNSUnRegisterService        
2001949d  uDMAIntUnregister                     
200194b1  NwpMaskInterrupt                      
200194c1  SL_FD_SET                             
200194d1  I2CMasterDataGet                      
200194df  __TI_decompress_none                  
200194ed  ResetISR                              
200194fd  NwpUnMaskInterrupt                    
20019509  __TI_zero_init                        
20019515  uDMADisable                           
20019521  uDMAEnable                            
2001952d  uDMAIntStatus                         
20019539  IntMasterEnable                       
20019543  sl_WlanDisconnect                     
2001954b  MT9D111Delay                          
20019551  SL_FD_ZERO                            
20019557  UtilsDelay                            
2001955d  __TI_decompress_rle24                 
20019563  logf                                  
20019569  sinf                                  
2001956f  __abort_execution                     
20019573  _system_pre_init                      
200196b4  _ctypes_                              
200198bc  _SlPolicySetCmdCtrl                   
200198c0  _SlPolicyGetCmdCtrl                   
200198c4  _SlProfileGetCmdCtrl                  
200198c8  _SlProfileDelCmdCtrl                  
200198cc  _SlWlanGetNetworkListCtrl             
200198d0  _SlRxFilterAddtCmdCtrl                
200198d4  _SlRxFilterSetCmdCtrl                 
200198d8  _SlRxFilterGetCmdCtrl                 
200198dc  _SlSmartConfigStartCmdCtrl            
200198e0  _SlWlanSetModeCmdCtrl                 
200198e4  _SlWlanCfgSetCmdCtrl                  
200198e8  _SlWlanCfgGetCmdCtrl                  
20019e7c  g_H2NSyncPattern                      
20019e84  g_H2NCnysPattern                      
20019e8c  _SlActionLookupTable                  
20019f48  _SlFsOpenCmdCtrl                      
20019f4c  _SlFsCloseCmdCtrl                     
20019f50  _SlFsReadCmdCtrl                      
20019f54  _SlFsWriteCmdCtrl                     
20019f58  _SlFsGetInfoCmdCtrl                   
20019f5c  _SlFsDeleteCmdCtrl                    
20019ff8  _SlSockSocketCmdCtrl                  
20019ffc  _SlSockCloseCmdCtrl                   
2001a000  _SlRecvfomCmdCtrl                     
2001a004  _SlSendCmdCtrl                        
2001a008  _SlListenCmdCtrl                      
2001a00c  _SlAcceptCmdCtrl                      
2001a010  _SlRecvCmdCtrl                        
2001a014  _SlSetSockOptCmdCtrl                  
2001a018  _SlGetSockOptCmdCtrl                  
2001a01c  _SlSelectCmdCtrl                      
2001a0f8  _SlNetAppStartCtrl                    
2001a0fc  _SlNetAppStopCtrl                     
2001a100  _SlGetServiceListeCtrl                
2001a104  _SlRegisterServiceCtrl                
2001a108  _SlGetHostByServiceCtrl               
2001a10c  _SlGetHostByNameCtrl                  
2001a110  _SlNetAppSetCmdCtrl                   
2001a114  _SlNetAppSendTokenValueCmdCtrl        
2001a118  _SlNetAppGetCmdCtrl                   
2001a1f8  g_deviceClientVersion                 
2001a23c  _SlStopCmdCtrl                        
2001a240  _SlEventMaskSetCmdCtrl                
2001a244  _SlEventMaskGetCmdCtrl                
2001a248  _SlDeviceGetCmdCtrl                   
2001a24c  _SlDeviceSetCmdCtrl                   
2001a250  pcDigits                              
2001a25c  _SlNetCfgSetCmdCtrl                   
2001a260  _SlNetCfgGetCmdCtrl                   
2001a270  __TI_static_base__                    
2001ae18  __TI_Handler_Table_Base               
2001ae24  __TI_Handler_Table_Limit              
2001ae30  __TI_CINIT_Base                       
2001ae40  __TI_CINIT_Limit                      
2001d000  g_image_buffer                        
20031000  thisMagBuffer                         
20031b58  thisMagCal                            
20031f70  thisMag                               
20031fc8  clientStateFileName                   
20032000  gpCtlTbl                              
20032400  g_NetEntries                          
20032770  __CIOBUF_                             
20032890  gfpAppCallbackHndl                    
20032a58  thisSV_6DOF_GB_BASIC                  
20032b04  __TI_tmpnams                          
20032ba4  xQueueRegistry                        
20032bf4  g_cWlanSecurityKey                    
20032c28  thisAccel                             
20032c5c  g_cWlanSSID                           
20032c80  g_ucConnectionSSID                    
20032cc0  g_flag_blockFull                      
20032d38  globals                               
20032d48  mqxglobals                            
20032d58  g_SecParams                           
20032d64  g_ucConnectionBSSID                   
20032d74  dataBuffer                            
20032d78  g_block_lastFilled                    
20032d7c  g_cWlanSecurityType                   
20032d80  g_frame_size_in_bytes                 
20032d84  g_header_length                       
20032d88  g_position_in_block                   
20032d8c  g_readHeader                          
20032d9c  cnt_prakz                             
20032d9e  g_flag_DataBlockFilled                
20032d9f  g_frame_end                           
20032da0  iDone                                 
20032da8  _sys_memory                           
ffffffff  __binit__                             
ffffffff  __c_args__                            
ffffffff  binit                                 
UNDEFED   SHT$$INIT_ARRAY$$Base                 
UNDEFED   SHT$$INIT_ARRAY$$Limit                

[799 symbols]
