******************************************************************************
                  TI ARM Linker PC v5.2.2                      
******************************************************************************
>> Linked Mon Jun 29 10:28:08 2015

OUTPUT FILE NAME:   <ULP_SEC_CAM.out>
ENTRY POINT SYMBOL: "_c_int00"  address: 2001b349


MEMORY CONFIGURATION

         name            origin    length      used     unused   attr    fill
----------------------  --------  ---------  --------  --------  ----  --------
  SRAM_BOOTLDR          20000000   00004000  0000265c  000019a4  RW X
  SRAM_CODE             20004000   0001a000  00019e98  00000168  RW X
  SRAM_DATA             2001e000   0001e000  0001ade8  00003218  RW X


SEGMENT ALLOCATION MAP

run origin  load origin   length   init length attrs members
----------  ----------- ---------- ----------- ----- -------
20000000    20000000    0000165c   00000000    rw-
  20000000    20000000    0000165c   00000000    rw- .data
20003000    20003000    00001000   00000000    rw-
  20003000    20003000    00001000   00000000    rw- .stack
20004000    20004000    00019e98   00019e98    r-x
  20004000    20004000    00000400   00000400    r-- .intvecs
  20004400    20004400    00018020   00018020    r-x .text
  2001c420    2001c420    00000e88   00000e88    r-- .const
  2001d2a8    2001d2a8    00000bf0   00000bf0    r-- .cinit
2001e000    2001e000    0001ade8   00000000    rw-
  2001e000    2001e000    00015de8   00000000    rw- .bss
  20033de8    20033de8    00005000   00000000    rw- .sysmem


SECTION ALLOCATION MAP

 output                                  attributes/
section   page    origin      length       input sections
--------  ----  ----------  ----------   ----------------
.data      0    20000000    0000165c     UNINITIALIZED
                  20000000    00000600     camera_app.obj (.data:JPEG_StdHuffmanTbl)
                  20000600    00000400     camera_app.obj (.data:g_header)
                  20000a00    000003c9     cc3200_certificate.obj (.data:DigiCertHighAssuranceEVRootCA_der)
                  20000dc9    00000001     main_FXOS8700.obj (.data)
                  20000dca    00000001     tasks.obj (.data)
                  20000dcb    00000001     --HOLE--
                  20000dcc    00000184     simplelink.a : driver.obj (.data)
                  20000f50    000000f0     rtsv7M4_T_le_eabi.lib : defs.obj (.data:_ftable)
                  20001040    000000d0                           : lowlev.obj (.data)
                  20001110    000000b0                           : signal.obj (.data:sigtable)
                  200011c0    00000080                           : xvalues.obj (.data)
                  20001240    00000070                           : xlvalues.obj (.data)
                  200012b0    00000068                           : xfvalues.obj (.data)
                  20001318    00000064     network_relater_fns.obj (.data:Token)
                  2000137c    00000064     network_relater_fns.obj (.data:Value)
                  200013e0    00000064     simplelink.a : cc_pal.obj (.data)
                  20001444    00000040     camera_app.obj (.data:JPEG_StdQuantTblC)
                  20001484    00000040     camera_app.obj (.data:JPEG_StdQuantTblY)
                  200014c4    00000040     camera_app.obj (.data:zigzag)
                  20001504    0000003c     main.obj (.data:g_token_get)
                  20001540    00000034     free_rtos.a : tasks.obj (.data)
                  20001574    0000002c     cc3200_utils.obj (.data:lastDateTime)
                  200015a0    00000024     main.obj (.data)
                  200015c4    00000018     cc3200_utils.obj (.data)
                  200015dc    00000018     request.obj (.data)
                  200015f4    00000010     rtsv7M4_T_le_eabi.lib : defs.obj (.data)
                  20001604    0000000c     free_rtos.a : osi_freertos.obj (.data)
                  20001610    0000000c     rtsv7M4_T_le_eabi.lib : memory.obj (.data)
                  2000161c    00000008     camera_app.obj (.data)
                  20001624    00000008     rtsv7M4_T_le_eabi.lib : _lock.obj (.data)
                  2000162c    00000008                           : exit.obj (.data)
                  20001634    00000008                           : feraiseexcept.obj (.data)
                  2000163c    00000006     http.obj (.data)
                  20001642    00000002     --HOLE--
                  20001644    00000004     cc3200_certificate.obj (.data)
                  20001648    00000004     free_rtos.a : port.obj (.data)
                  2000164c    00000004     rtsv7M4_T_le_eabi.lib : errno.obj (.data)
                  20001650    00000004                           : fopen.obj (.data)
                  20001654    00000004                           : rand.obj (.data)
                  20001658    00000004                           : stkdepth_vars.obj (.data)

.TI.persistent 
*          0    20000000    00000000     UNINITIALIZED

.stack     0    20003000    00001000     UNINITIALIZED
                  20003000    00001000     --HOLE--

.intvecs   0    20004000    00000400     
                  20004000    00000400     startup_ccs.obj (.intvecs)

.text      0    20004400    00018020     
                  20004400    0000197c     orientation.obj (.text)
                  20005d7c    000012e8     magnetic.obj (.text)
                  20007064    00001258     free_rtos.a : tasks.obj (.text)
                  200082bc    00001130     network_relater_fns.obj (.text)
                  200093ec    000010a6     rtsv7M4_T_le_eabi.lib : _printfi.obj (.text)
                  2000a492    00000002     driverlib.a : interrupt.obj (.text:IntDefaultHandler)
                  2000a494    00000f08     camera_app.obj (.text)
                  2000b39c    00000b30     wifi_provisioning_thruAPmode.obj (.text)
                  2000becc    00000b24     free_rtos.a : queue.obj (.text)
                  2000c9f0    00000a58     matrix.obj (.text)
                  2000d448    00000984     request.obj (.text)
                  2000ddcc    000008f6     accelomtrMagntomtr_fxos8700.obj (.text)
                  2000e6c2    00000002     --HOLE-- [fill = 0]
                  2000e6c4    000008c8     mt9d111.obj (.text)
                  2000ef8c    000004f0     tasks.obj (.text)
                  2000f47c    000004b0     installation.obj (.text)
                  2000f92c    00000484     main_FXOS8700.obj (.text)
                  2000fdb0    00000480     rtsv7M4_T_le_eabi.lib : pow.obj (.text)
                  20010230    00000468     cc3200_utils.obj (.text)
                  20010698    0000045c     free_rtos.a : osi_freertos.obj (.text)
                  20010af4    000003f0     simplelink.a : driver.obj (.text:_SlDrvMsgRead)
                  20010ee4    000003dc     rtsv7M4_T_le_eabi.lib : memory.obj (.text)
                  200112c0    000003a4     algorithm.obj (.text)
                  20011664    0000038c     cc3200_socket.obj (.text)
                  200119f0    00000388     main.obj (.text)
                  20011d78    00000378     rtsv7M4_T_le_eabi.lib : powf.obj (.text)
                  200120f0    0000036c     simplelink.a : driver.obj (.text:_SlAsyncEventGenericHandler)
                  2001245c    0000031a     simplejson.obj (.text)
                  20012776    00000002     --HOLE-- [fill = 0]
                  20012778    0000030c     rtsv7M4_T_le_eabi.lib : lowlev.obj (.text)
                  20012a84    000002e4                           : xlog.obj (.text)
                  20012d68    000002e0     parse_uploads.obj (.text)
                  20013048    000002d4     rtsv7M4_T_le_eabi.lib : trgdrv.obj (.text)
                  2001331c    00000298                           : vla_alloc.obj (.text)
                  200135b4    00000290     cc3200_client_state.obj (.text)
                  20013844    00000230     approximations.obj (.text)
                  20013a74    00000200     flash_files.obj (.text)
                  20013c74    000001fc     rtsv7M4_T_le_eabi.lib : xexp.obj (.text)
                  20013e70    000001f4                           : ull_div_t2.obj (.text)
                  20014064    000001cc     tempRHSens_si7020.obj (.text)
                  20014230    000001c4     rtsv7M4_T_le_eabi.lib : fopen.obj (.text)
                  200143f4    000001bc                           : xflog.obj (.text)
                  200145b0    000001b8     uartA1_if.obj (.text)
                  20014768    000001b6     rtsv7M4_T_le_eabi.lib : fd_add_t2.obj (.text)
                  2001491e    00000002     --HOLE-- [fill = 0]
                  20014920    000001ac     cc3200_certificate.obj (.text)
                  20014acc    000001a8     lightSens_isl29035.obj (.text)
                  20014c74    000001a4     simplelink.a : wlan.obj (.text:sl_WlanConnect)
                  20014e18    000001a0     collect_and_txit.obj (.text)
                  20014fb8    0000019c     rtsv7M4_T_le_eabi.lib : xfsin.obj (.text)
                  20015154    00000198     udma_if.obj (.text)
                  200152ec    0000018c     i2c_if.obj (.text)
                  20015478    00000188     rtsv7M4_T_le_eabi.lib : xlatan.obj (.text)
                  20015600    00000178     drivers.obj (.text)
                  20015778    00000178     rtsv7M4_T_le_eabi.lib : tanf.obj (.text)
                  200158f0    00000178                           : xfexp.obj (.text)
                  20015a68    00000174     fusion.obj (.text)
                  20015bdc    0000016c     simplelink.a : driver.obj (.text:_SlDrvDataReadOp)
                  20015d48    0000016c     i2cconfig.obj (.text)
                  20015eb4    00000168     rtsv7M4_T_le_eabi.lib : atan2l.obj (.text)
                  2001601c    00000150     http.obj (.text)
                  2001616c    00000140     simplelink.a : driver.obj (.text:_SlDrvRxHdrRead)
                  200162ac    00000140     rtsv7M4_T_le_eabi.lib : sqrt.obj (.text)
                  200163ec    0000013c                           : fmodf.obj (.text)
                  20016528    00000136                           : fd_div_t2.obj (.text)
                  2001665e    00000002     --HOLE-- [fill = 0]
                  20016660    00000134     driverlib.a : prcm.obj (.text:PRCMCC3200MCUInit)
                  20016794    00000134     rtsv7M4_T_le_eabi.lib : fputs.obj (.text)
                  200168c8    00000130     hibernate_related_fns.obj (.text)
                  200169f8    00000130     simplelink.a : cc_pal.obj (.text:spi_Open)
                  20016b28    0000012c                  : driver.obj (.text:_SlDrvDataWriteOp)
                  20016c54    0000012a     free_rtos.a : list.obj (.text)
                  20016d7e    00000002     --HOLE-- [fill = 0]
                  20016d80    00000120     simplelink.a : driver.obj (.text:_SlDrvMsgWrite)
                  20016ea0    0000011c                  : driver.obj (.text:_SlDrvWaitForPoolObj)
                  20016fbc    00000110     free_rtos.a : port.obj (.text)
                  200170cc    00000110     rtsv7M4_T_le_eabi.lib : xdscale.obj (.text)
                  200171dc    00000108     i2c_app.obj (.text)
                  200172e4    00000108     simplelink.a : socket.obj (.text:sl_Select)
                  200173ec    00000100     pinmux.obj (.text)
                  200174ec    000000fe     parse_impl.obj (.text)
                  200175ea    000000fc     rtsv7M4_T_le_eabi.lib : fd_mul_t2.obj (.text)
                  200176e6    000000fa                           : fs_add_t2.obj (.text)
                  200177e0    000000f0     simplelink.a : driver.obj (.text:_SlDrvReleasePoolObj)
                  200178d0    000000f0     driverlib.a : udma.obj (.text:uDMAChannelTransferSet)
                  200179c0    000000e8     simplelink.a : socket.obj (.text:sl_Connect)
                  20017aa8    000000e8                  : cc_pal.obj (.text:spi_Write)
                  20017b90    000000dc     app_common.obj (.text)
                  20017c6c    000000dc     rtsv7M4_T_le_eabi.lib : setvbuf.obj (.text)
                  20017d48    000000dc     simplelink.a : netapp.obj (.text:sl_NetAppDnsGetHostByName)
                  20017e24    000000d8     rtsv7M4_T_le_eabi.lib : xfatan.obj (.text)
                  20017efc    000000d0                           : xfdscale.obj (.text)
                  20017fcc    000000cc                           : sqrtf.obj (.text)
                  20018098    000000cc     simplelink.a : cc_pal.obj (.text:spi_Read)
                  20018164    000000c8     rtsv7M4_T_le_eabi.lib : fflush.obj (.text)
                  2001822c    000000c8     simplelink.a : device.obj (.text:sl_Start)
                  200182f4    000000c4                  : device.obj (.text:sl_Stop)
                  200183b8    000000c0     rtsv7M4_T_le_eabi.lib : xdint.obj (.text)
                  20018478    000000be                           : xdnorm.obj (.text)
                  20018536    00000002     --HOLE-- [fill = 0]
                  20018538    000000bc                           : acosf.obj (.text)
                  200185f4    000000ba     free_rtos.a : portasm.obj (.text)
                  200186ae    00000002     --HOLE-- [fill = 0]
                  200186b0    000000b4     simplelink.a : driver.obj (.text:_SlDrvMsgReadCmdCtx)
                  20018764    000000b4                  : netapp.obj (.text:_SlDrvNetAppEventHandler)
                  20018818    000000b0                  : socket.obj (.text:sl_Send)
                  200188c8    000000ac     rtsv7M4_T_le_eabi.lib : _io_perm.obj (.text)
                  20018974    000000a8     driverlib.a : interrupt.obj (.text:IntDisable)
                  20018a1c    000000a8                 : interrupt.obj (.text:IntEnable)
                  20018ac4    000000a8     timer_if.obj (.text)
                  20018b6c    000000a0     driverlib.a : spi.obj (.text:SPIConfigSetExpClk)
                  20018c0c    0000009c     rtsv7M4_T_le_eabi.lib : memcpy_t2.obj (.text)
                  20018ca8    00000098     simplelink.a : driver.obj (.text:_SlDrvClassifyRxMsg)
                  20018d40    00000098                  : driver.obj (.text:_SlFindAndSetActiveObj)
                  20018dd8    00000098     rtsv7M4_T_le_eabi.lib : fclose.obj (.text)
                  20018e70    00000098                           : fputc.obj (.text)
                  20018f08    00000094     driverlib.a : prcm.obj (.text:PRCMPeripheralClockGet)
                  20018f9c    00000094     rtsv7M4_T_le_eabi.lib : snprintf.obj (.text)
                  20019030    00000092                           : fs_div_t2.obj (.text)
                  200190c2    00000002     --HOLE-- [fill = 0]
                  200190c4    00000090     simplelink.a : driver.obj (.text:_SlDrvMsgReadSpawnCtx)
                  20019154    0000008c     rtsv7M4_T_le_eabi.lib : xfdint.obj (.text)
                  200191e0    0000008c     simplelink.a : fs.obj (.text:sl_FsRead)
                  2001926c    0000008c                  : fs.obj (.text:sl_FsWrite)
                  200192f8    0000008c                  : netapp.obj (.text:sl_NetAppMDNSRegisterUnregisterService)
                  20019384    00000088     driverlib.a : prcm.obj (.text:PRCMHibernateIntervalSet)
                  2001940c    00000088                 : pin.obj (.text:PinConfigSet)
                  20019494    00000088     rtsv7M4_T_le_eabi.lib : vsnprintf.obj (.text)
                  2001951c    00000086                           : fd_cmp_t2.obj (.text:__aeabi_cdcmple)
                  200195a2    00000086                           : fd_cmp_t2.obj (.text:__aeabi_cdrcmple)
                  20019628    00000084     driverlib.a : i2c.obj (.text:I2CMasterInitExpClk)
                  200196ac    00000084     simplelink.a : driver.obj (.text:_SlDrvCmdOp)
                  20019730    00000080                  : cc_pal.obj (.text:NwpPowerOnPreamble)
                  200197b0    00000080     cc3200_debug.obj (.text)
                  20019830    0000007c     simplelink.a : driver.obj (.text:_SlDrvDriverCBInit)
                  200198ac    0000007c                  : device.obj (.text:sl_DevGet)
                  20019928    0000007c                  : fs.obj (.text:sl_FsClose)
                  200199a4    0000007a     rtsv7M4_T_le_eabi.lib : fs_mul_t2.obj (.text)
                  20019a1e    0000007a                           : memset_t2.obj (.text)
                  20019a98    0000007a                           : xfdnorm.obj (.text)
                  20019b12    00000002     --HOLE-- [fill = 0]
                  20019b14    00000078     simplelink.a : cc_pal.obj (.text:SetupDMAReceive)
                  20019b8c    00000078                  : netapp.obj (.text:_sl_HandleAsync_DnsGetHostByName)
                  20019c04    00000078                  : netapp.obj (.text:_sl_HandleAsync_PingResponse)
                  20019c7c    00000078                  : wlan.obj (.text:sl_WlanGet)
                  20019cf4    00000076     driverlib.a : uart.obj (.text:UARTConfigSetExpClk)
                  20019d6a    00000002     --HOLE-- [fill = 0]
                  20019d6c    00000074     simplelink.a : device.obj (.text:_sl_HandleAsync_InitComplete)
                  20019de0    00000074                  : cc_pal.obj (.text:spi_Close)
                  20019e54    00000074     timer_fns.obj (.text)
                  20019ec8    00000070     driverlib.a : timer.obj (.text:TimerIntRegister)
                  20019f38    00000070     simplelink.a : fs.obj (.text:sl_FsGetInfo)
                  20019fa8    0000006c                  : socket.obj (.text:_sl_TruncatePayloadByProtocol)
                  2001a014    0000006c     rtsv7M4_T_le_eabi.lib : autoinit.obj (.text)
                  2001a080    0000006c                           : fprintf.obj (.text)
                  2001a0ec    0000006a                           : copy_decompress_rle.obj (.text)
                  2001a156    00000002     --HOLE-- [fill = 0]
                  2001a158    00000068     driverlib.a : prcm.obj (.text:PRCMHibernateWakeUpGPIOSelect)
                  2001a1c0    00000068                 : timer.obj (.text:TimerIntUnregister)
                  2001a228    00000068     simplelink.a : fs.obj (.text:_sl_GetCreateFsMode)
                  2001a290    00000068                  : socket.obj (.text:_sl_HandleAsync_Connect)
                  2001a2f8    00000068     rtsv7M4_T_le_eabi.lib : trgmsg.obj (.text)
                  2001a360    00000066                           : xdunscal.obj (.text)
                  2001a3c6    00000002     --HOLE-- [fill = 0]
                  2001a3c8    00000064     simplelink.a : socket.obj (.text:_sl_HandleAsync_Accept)
                  2001a42c    00000064                  : netapp.obj (.text:_sl_HandleAsync_DnsGetHostByService)
                  2001a490    00000064     rtsv7M4_T_le_eabi.lib : fseek.obj (.text)
                  2001a4f4    00000064     driverlib.a : udma.obj (.text:uDMAChannelAttributeDisable)
                  2001a558    00000064                 : udma.obj (.text:uDMAChannelAttributeEnable)
                  2001a5bc    00000060     rtsv7M4_T_le_eabi.lib : fs_cmp_t2.obj (.text:__aeabi_cfcmple)
                  2001a61c    00000060                           : fs_cmp_t2.obj (.text:__aeabi_cfrcmple)
                  2001a67c    00000060                           : sprintf.obj (.text)
                  2001a6dc    00000058     driverlib.a : interrupt.obj (.text:IntPendClear)
                  2001a734    00000058                 : prcm.obj (.text:PRCMPeripheralReset)
                  2001a78c    00000058     simplelink.a : driver.obj (.text:_SlDrvDriverCBDeinit)
                  2001a7e4    00000058                  : socket.obj (.text:_sl_HandleAsync_Select)
                  2001a83c    00000058                  : netapp.obj (.text:sl_NetAppSendTokenValue)
                  2001a894    00000056     rtsv7M4_T_le_eabi.lib : ltoa.obj (.text)
                  2001a8ea    00000056                           : xfdunsca.obj (.text)
                  2001a940    00000054     driverlib.a : interrupt.obj (.text:IntPrioritySet)
                  2001a994    00000054     simplelink.a : device.obj (.text:_sl_HandleAsync_Stop)
                  2001a9e8    00000054                  : fs.obj (.text:sl_FsOpen)
                  2001aa3c    00000050     rtsv7M4_T_le_eabi.lib : fs_toull_t2.obj (.text)
                  2001aa8c    0000004c     driverlib.a : spi.obj (.text:SPIIntEnable)
                  2001aad8    0000004c     rtsv7M4_T_le_eabi.lib : atoi.obj (.text)
                  2001ab24    0000004c                           : cpy_tbl.obj (.text)
                  2001ab70    0000004c                           : rand.obj (.text)
                  2001abbc    0000004c     simplelink.a : device.obj (.text:sl_DevSet)
                  2001ac08    0000004c                  : socket.obj (.text:sl_SetSockOpt)
                  2001ac54    0000004c                  : wlan.obj (.text:sl_WlanSet)
                  2001aca0    0000004c     driverlib.a : udma.obj (.text:uDMAChannelAssign)
                  2001acec    0000004a     simplelink.a : device.obj (.text:_sl_GetStartResponseConvert)
                  2001ad36    0000004a     rtsv7M4_T_le_eabi.lib : fd_tos_t2.obj (.text)
                  2001ad80    00000048     driverlib.a : prcm.obj (.text:PRCMHibernateWakeupSourceDisable)
                  2001adc8    00000048                 : prcm.obj (.text:PRCMHibernateWakeupSourceEnable)
                  2001ae10    00000048                 : spi.obj (.text:SPIIntClear)
                  2001ae58    00000048     simplelink.a : driver.obj (.text:_SlRemoveFromList)
                  2001aea0    00000048     rtsv7M4_T_le_eabi.lib : fd_toi_t2.obj (.text)
                  2001aee8    00000048     simplelink.a : fs.obj (.text:sl_FsDel)
                  2001af30    00000048                  : netcfg.obj (.text:sl_NetCfgSet)
                  2001af78    00000046     rtsv7M4_T_le_eabi.lib : ldexp.obj (.text)
                  2001afbe    00000002     --HOLE-- [fill = 0]
                  2001afc0    00000044     driverlib.a : spi.obj (.text:SPIDmaMaskGet)
                  2001b004    00000044                 : timer.obj (.text:TimerConfigure)
                  2001b048    00000044     rtsv7M4_T_le_eabi.lib : exit.obj (.text)
                  2001b08c    00000044                           : fd_tou_t2.obj (.text)
                  2001b0d0    00000044     simplelink.a : socket.obj (.text:sl_Recv)
                  2001b114    00000040     driverlib.a : pin.obj (.text:PinModeSet)
                  2001b154    00000040     simplelink.a : driver.obj (.text:_SlDrvRxIrqHandler)
                  2001b194    00000040     rtsv7M4_T_le_eabi.lib : signal.obj (.text)
                  2001b1d4    00000040     simplelink.a : wlan.obj (.text:sl_WlanPolicySet)
                  2001b214    00000040                  : wlan.obj (.text:sl_WlanRxFilterSet)
                  2001b254    0000003e     rtsv7M4_T_le_eabi.lib : strncasecmp.obj (.text)
                  2001b292    00000002     --HOLE-- [fill = 0]
                  2001b294    0000003c     simplelink.a : cc_pal.obj (.text:NwpPowerOff)
                  2001b2d0    0000003c     driverlib.a : prcm.obj (.text:PRCMPeripheralClkEnable)
                  2001b30c    0000003c     simplelink.a : driver.obj (.text:_SlDrvObjInit)
                  2001b348    0000003c     rtsv7M4_T_le_eabi.lib : boot.obj (.text)
                  2001b384    0000003c     driverlib.a : udma.obj (.text:uDMAChannelControlSet)
                  2001b3c0    0000003a                 : camera.obj (.text:CameraCaptureStop)
                  2001b3fa    0000003a                 : camera.obj (.text:CameraXClkConfig)
                  2001b434    00000038     free_rtos.a : heap_3.obj (.text)
                  2001b46c    00000038     rtsv7M4_T_le_eabi.lib : fs_tod_t2.obj (.text)
                  2001b4a4    00000038                           : fs_toi_t2.obj (.text)
                  2001b4dc    00000038                           : i_tofs_t2.obj (.text)
                  2001b514    00000038     simplelink.a : socket.obj (.text:sl_Htonl)
                  2001b54c    00000036     driverlib.a : gpio.obj (.text:GPIODirModeSet)
                  2001b582    00000002     --HOLE-- [fill = 0]
                  2001b584    00000036     appflile_lightSensor.obj (.text)
                  2001b5ba    00000034     driverlib.a : camera.obj (.text:CameraParamsConfig)
                  2001b5ee    00000002     --HOLE-- [fill = 0]
                  2001b5f0    00000034                 : prcm.obj (.text:PRCMPeripheralStatusGet)
                  2001b624    00000034                 : spi.obj (.text:SPIFIFOLevelSet)
                  2001b658    00000034     simplelink.a : driver.obj (.text:_SlDrvBasicCmd)
                  2001b68c    00000034     rtsv7M4_T_le_eabi.lib : feraiseexcept.obj (.text)
                  2001b6c0    00000034                           : fs_tou_t2.obj (.text)
                  2001b6f4    00000034                           : strstr.obj (.text)
                  2001b728    00000034     simplelink.a : socket.obj (.text:sl_Htons)
                  2001b75c    00000030                  : cc_pal.obj (.text:NwpPowerOn)
                  2001b78c    00000030     driverlib.a : pin.obj (.text:PinTypeGPIO)
                  2001b7bc    00000030                 : uart.obj (.text:UARTDisable)
                  2001b7ec    00000030     rtsv7M4_T_le_eabi.lib : strncpy.obj (.text)
                  2001b81c    00000030                           : xferaise.obj (.text)
                  2001b84c    00000030     simplelink.a : socket.obj (.text:sl_Socket)
                  2001b87c    0000002e     rtsv7M4_T_le_eabi.lib : i_tofd_t2.obj (.text)
                  2001b8aa    0000002e                           : raise.obj (.text)
                  2001b8d8    0000002c     driverlib.a : camera.obj (.text:CameraIntEnable)
                  2001b904    0000002c     simplelink.a : cc_pal.obj (.text:DmaSpiSwIntHandler)
                  2001b930    0000002c     driverlib.a : i2c.obj (.text:I2CMasterErr)
                  2001b95c    0000002c                 : prcm.obj (.text:PRCMSysResetCauseGet)
                  2001b988    0000002c     simplelink.a : flowcont.obj (.text:_SlDrvFlowContDeinit)
                  2001b9b4    0000002c                  : flowcont.obj (.text:_SlDrvFlowContInit)
                  2001b9e0    0000002a     driverlib.a : timer.obj (.text:TimerLoadSet)
                  2001ba0a    0000002a                 : timer.obj (.text:TimerPrescaleSet)
                  2001ba34    0000002a     simplelink.a : socket.obj (.text:_sl_BuildAddress)
                  2001ba5e    0000002a     rtsv7M4_T_le_eabi.lib : xdclass.obj (.text)
                  2001ba88    00000028     driverlib.a : camera.obj (.text:CameraIntStatus)
                  2001bab0    00000028                 : prcm.obj (.text:PRCMPeripheralClkDisable)
                  2001bad8    00000028     rtsv7M4_T_le_eabi.lib : strncat.obj (.text)
                  2001bb00    00000028     simplelink.a : wlan.obj (.text:sl_WlanSetMode)
                  2001bb28    00000026     driverlib.a : camera.obj (.text:CameraThresholdSet)
                  2001bb4e    00000026     rtsv7M4_T_le_eabi.lib : strncmp.obj (.text)
                  2001bb74    00000024     driverlib.a : camera.obj (.text:CameraIntClear)
                  2001bb98    00000024                 : interrupt.obj (.text:IntUnregister)
                  2001bbbc    00000024                 : uart.obj (.text:UARTEnable)
                  2001bbe0    00000024     rtsv7M4_T_le_eabi.lib : memmov.obj (.text)
                  2001bc04    00000024                           : u_tofs_t2.obj (.text)
                  2001bc28    00000024     simplelink.a : socket.obj (.text:sl_Close)
                  2001bc4c    00000024                  : netapp.obj (.text:sl_NetAppStart)
                  2001bc70    00000024                  : netapp.obj (.text:sl_NetAppStop)
                  2001bc94    00000024                  : wlan.obj (.text:sl_WlanProfileDel)
                  2001bcb8    00000022     driverlib.a : camera.obj (.text:CameraCaptureStart)
                  2001bcda    00000022                 : i2c.obj (.text:I2CMasterSlaveAddrSet)
                  2001bcfc    00000022     simplelink.a : cc_pal.obj (.text:NwpRegisterInterruptHandler)
                  2001bd1e    00000022     driverlib.a : spi.obj (.text:SPIReset)
                  2001bd40    00000022                 : spi.obj (.text:SPIWordCountSet)
                  2001bd62    00000022     rtsv7M4_T_le_eabi.lib : frexp.obj (.text)
                  2001bd84    00000022                           : memcmp.obj (.text)
                  2001bda6    00000020     driverlib.a : gpio.obj (.text:GPIOPinWrite)
                  2001bdc6    00000002     --HOLE-- [fill = 0]
                  2001bdc8    00000020                 : interrupt.obj (.text:IntRegister)
                  2001bde8    00000020     simplelink.a : driver.obj (.text:_SlDrvCmdSend)
                  2001be08    00000020                  : device.obj (.text:_SlDrvDeviceEventHandler)
                  2001be28    00000020     rtsv7M4_T_le_eabi.lib : memchr.obj (.text)
                  2001be48    00000020                           : u_tofd_t2.obj (.text)
                  2001be68    0000001e     driverlib.a : i2c.obj (.text:I2CMasterIntStatusEx)
                  2001be86    0000001e                 : timer.obj (.text:TimerDisable)
                  2001bea4    0000001e                 : timer.obj (.text:TimerEnable)
                  2001bec2    0000001e                 : timer.obj (.text:TimerIntStatus)
                  2001bee0    0000001e                 : uart.obj (.text:UARTCharPut)
                  2001befe    0000001c                 : pin.obj (.text:PinTypeI2C)
                  2001bf1a    0000001c                 : timer.obj (.text:TimerValueGet)
                  2001bf36    00000002     --HOLE-- [fill = 0]
                  2001bf38    0000001c     simplelink.a : driver.obj (.text:_SlDrvObjDeInit)
                  2001bf54    0000001c     rtsv7M4_T_le_eabi.lib : memccpy.obj (.text)
                  2001bf70    0000001c     driverlib.a : udma.obj (.text:uDMAChannelDisable)
                  2001bf8c    0000001c                 : udma.obj (.text:uDMAChannelEnable)
                  2001bfa8    0000001a     simplelink.a : netapp.obj (.text:CopyPingResultsToReport)
                  2001bfc2    0000001a     driverlib.a : pin.obj (.text:PinTypeCamera)
                  2001bfdc    0000001a                 : pin.obj (.text:PinTypeUART)
                  2001bff6    0000001a                 : spi.obj (.text:SPIDmaDisable)
                  2001c010    0000001a                 : spi.obj (.text:SPIDmaEnable)
                  2001c02a    0000001a                 : spi.obj (.text:SPIFIFODisable)
                  2001c044    0000001a                 : spi.obj (.text:SPIFIFOEnable)
                  2001c05e    00000018                 : camera.obj (.text:CameraReset)
                  2001c076    00000018                 : gpio.obj (.text:GPIOPinRead)
                  2001c08e    00000002     --HOLE-- [fill = 0]
                  2001c090    00000018                 : prcm.obj (.text:PRCMHibernateEnter)
                  2001c0a8    00000018                 : spi.obj (.text:SPICSDisable)
                  2001c0c0    00000018                 : spi.obj (.text:SPICSEnable)
                  2001c0d8    00000018                 : spi.obj (.text:SPIDisable)
                  2001c0f0    00000018                 : spi.obj (.text:SPIEnable)
                  2001c108    00000018                 : timer.obj (.text:TimerIntDisable)
                  2001c120    00000018                 : timer.obj (.text:TimerIntEnable)
                  2001c138    00000018     rtsv7M4_T_le_eabi.lib : args_main.obj (.text)
                  2001c150    00000018                           : strcmp.obj (.text)
                  2001c168    00000016     driverlib.a : camera.obj (.text:CameraDMAEnable)
                  2001c17e    00000016                 : camera.obj (.text:CameraIntRegister)
                  2001c194    00000016                 : i2c.obj (.text:I2CMasterDataPut)
                  2001c1aa    00000016                 : i2c.obj (.text:I2CMasterEnable)
                  2001c1c0    00000016                 : prcm.obj (.text:PRCMHIBRegRead)
                  2001c1d6    00000016                 : prcm.obj (.text:PRCMHIBRegWrite)
                  2001c1ec    00000016                 : uart.obj (.text:UARTCharGet)
                  2001c202    00000016     simplelink.a : driver.obj (.text:_SlDrvShiftDWord)
                  2001c218    00000016                  : fs.obj (.text:_sl_Strlen)
                  2001c22e    00000016     rtsv7M4_T_le_eabi.lib : strchr.obj (.text)
                  2001c244    00000016     driverlib.a : udma.obj (.text:uDMAIntRegister)
                  2001c25a    00000014                 : cpu.obj (.text:CPUcpsie)
                  2001c26e    00000002     --HOLE-- [fill = 0]
                  2001c270    00000014                 : interrupt.obj (.text:IntVTableBaseSet)
                  2001c284    00000014     rtsv7M4_T_le_eabi.lib : _lock.obj (.text)
                  2001c298    00000014                           : strcpy.obj (.text)
                  2001c2ac    00000014                           : strlen.obj (.text)
                  2001c2c0    00000014     driverlib.a : udma.obj (.text:uDMAControlBaseSet)
                  2001c2d4    00000014                 : udma.obj (.text:uDMAIntClear)
                  2001c2e8    00000012                 : i2c.obj (.text:I2CMasterControl)
                  2001c2fa    00000012                 : i2c.obj (.text:I2CMasterIntClearEx)
                  2001c30c    00000012                 : i2c.obj (.text:I2CMasterTimeoutSet)
                  2001c31e    00000012                 : timer.obj (.text:TimerIntClear)
                  2001c330    00000012     simplelink.a : netapp.obj (.text:sl_NetAppMDNSUnRegisterService)
                  2001c342    00000012     driverlib.a : udma.obj (.text:uDMAIntUnregister)
                  2001c354    00000010     simplelink.a : cc_pal.obj (.text:NwpMaskInterrupt)
                  2001c364    00000010                  : socket.obj (.text:SL_FD_SET)
                  2001c374    0000000e     driverlib.a : i2c.obj (.text:I2CMasterDataGet)
                  2001c382    0000000e     rtsv7M4_T_le_eabi.lib : copy_decompress_none.obj (.text:decompress:none)
                  2001c390    0000000e     startup_ccs.obj (.text)
                  2001c39e    00000002     --HOLE-- [fill = 0]
                  2001c3a0    0000000c     simplelink.a : cc_pal.obj (.text:NwpUnMaskInterrupt)
                  2001c3ac    0000000c     rtsv7M4_T_le_eabi.lib : copy_zero_init.obj (.text:decompress:ZI)
                  2001c3b8    0000000c     driverlib.a : udma.obj (.text:uDMADisable)
                  2001c3c4    0000000c                 : udma.obj (.text:uDMAEnable)
                  2001c3d0    0000000c                 : udma.obj (.text:uDMAIntStatus)
                  2001c3dc    0000000a                 : interrupt.obj (.text:IntMasterEnable)
                  2001c3e6    00000008     simplelink.a : wlan.obj (.text:sl_WlanDisconnect)
                  2001c3ee    00000006     i2cconfig.obj (.text:MT9D111Delay)
                  2001c3f4    00000006     simplelink.a : socket.obj (.text:SL_FD_ZERO)
                  2001c3fa    00000006     driverlib.a : utils.obj (.text:UtilsDelay)
                  2001c400    00000006     rtsv7M4_T_le_eabi.lib : copy_decompress_rle.obj (.text:decompress:rle24)
                  2001c406    00000006                           : log.obj (.text)
                  2001c40c    00000006                           : logf.obj (.text)
                  2001c412    00000006                           : sinf.obj (.text)
                  2001c418    00000004                           : error.obj (.text)
                  2001c41c    00000004                           : pre_init.obj (.text)

.const     0    2001c420    00000e88     
                  2001c420    0000013c     mt9d111.obj (.const:init_cmds_list)
                  2001c55c    00000101     rtsv7M4_T_le_eabi.lib : ctype.obj (.const:.string:_ctypes_)
                  2001c65d    00000002     tempRHSens_si7020.obj (.const:.string)
                  2001c65f    00000001     --HOLE-- [fill = 0]
                  2001c660    00000100     driverlib.a : pin.obj (.const:g_ulPinToPadMap)
                  2001c760    000000ec     simplelink.a : wlan.obj (.const)
                  2001c84c    000000d4     driverlib.a : interrupt.obj (.const:g_pulRegs)
                  2001c920    000000d0     mt9d111.obj (.const)
                  2001c9f0    000000c4     mt9d111.obj (.const:capture_cmds_list)
                  2001cab4    000000a8     driverlib.a : prcm.obj (.const:PRCM_PeriphRegsList)
                  2001cb5c    00000090     wifi_provisioning_thruAPmode.obj (.const:.string)
                  2001cbec    00000004     --HOLE-- [fill = 0]
                  2001cbf0    00000088     rtsv7M4_T_le_eabi.lib : xlatan.obj (.const)
                  2001cc78    00000080     driverlib.a : interrupt.obj (.const)
                  2001ccf8    00000050     mt9d111.obj (.const:$P$T24$25)
                  2001cd48    0000004c     mt9d111.obj (.const:$P$T4$5)
                  2001cd94    0000004c     simplelink.a : driver.obj (.const)
                  2001cde0    0000004a     camera_app.obj (.const:.string)
                  2001ce2a    00000005     main.obj (.const:.string)
                  2001ce2f    00000001     --HOLE-- [fill = 0]
                  2001ce30    00000048     rtsv7M4_T_le_eabi.lib : xexp.obj (.const)
                  2001ce78    00000042     mt9d111.obj (.const:.string)
                  2001ceba    00000040     network_relater_fns.obj (.const:.string)
                  2001cefa    00000006     --HOLE-- [fill = 0]
                  2001cf00    00000038     rtsv7M4_T_le_eabi.lib : xlog.obj (.const:p)
                  2001cf38    00000038                           : xflog.obj (.const)
                  2001cf70    00000038     simplelink.a : fs.obj (.const)
                  2001cfa8    00000036     flash_files.obj (.const:.string)
                  2001cfde    00000002     --HOLE-- [fill = 0]
                  2001cfe0    00000034     rtsv7M4_T_le_eabi.lib : xfatan.obj (.const)
                  2001d014    00000034     simplelink.a : socket.obj (.const)
                  2001d048    00000030     rtsv7M4_T_le_eabi.lib : xdint.obj (.const)
                  2001d078    0000002c     cc3200_utils.obj (.const:$P$T0$1)
                  2001d0a4    0000002c     network_relater_fns.obj (.const:$P$T1$2)
                  2001d0d0    0000002b     parse_uploads.obj (.const:.string)
                  2001d0fb    00000001     --HOLE-- [fill = 0]
                  2001d0fc    00000028     mt9d111.obj (.const:$P$T3$4)
                  2001d124    00000028     rtsv7M4_T_le_eabi.lib : xfdint.obj (.const)
                  2001d14c    00000028                           : xfsin.obj (.const)
                  2001d174    00000028     simplelink.a : netapp.obj (.const)
                  2001d19c    00000025     camera_app.obj (.const:.string:$P$T1$2)
                  2001d1c1    00000022     network_relater_fns.obj (.const:.string:$P$T0$1)
                  2001d1e3    00000001     --HOLE-- [fill = 0]
                  2001d1e4    0000001c     rtsv7M4_T_le_eabi.lib : tanf.obj (.const)
                  2001d200    0000001c                           : xfexp.obj (.const)
                  2001d21c    00000018     driverlib.a : spi.obj (.const)
                  2001d234    00000017     request.obj (.const:.string)
                  2001d24b    00000016     collect_and_txit.obj (.const:.string)
                  2001d261    00000014     network_relater_fns.obj (.const)
                  2001d275    00000003     --HOLE-- [fill = 0]
                  2001d278    00000014     simplelink.a : device.obj (.const)
                  2001d28c    0000000b     app_common.obj (.const:.string)
                  2001d297    00000008     lightSens_isl29035.obj (.const:.string)
                  2001d29f    00000001     --HOLE-- [fill = 0]
                  2001d2a0    00000008     simplelink.a : netcfg.obj (.const)

.cinit     0    2001d2a8    00000bf0     
                  2001d2a8    00000bcc     (.cinit..data.load) [load image, compression = rle]
                  2001de74    0000000c     (__TI_handler_table)
                  2001de80    00000008     (.cinit..bss.load) [load image, compression = zero_init]
                  2001de88    00000010     (__TI_cinit_table)

.init_array 
*          0    20004000    00000000     UNINITIALIZED

.bss       0    2001e000    00015de8     UNINITIALIZED
                  2001e000    00014000     main.obj (.bss:g_image_buffer)
                  20032000    00000b58     tasks.obj (.bss:thisMagBuffer)
                  20032b58    00000418     wifi_provisioning_thruAPmode.obj (.bss:thisMagCal)
                  20032f70    00000058     tasks.obj (.bss:thisMag)
                  20032fc8    00000034     cc3200_client_state.obj (.bss:clientStateFileName)
                  20032ffc    00000004     (.common:Elapsed_100MilliSecs)
                  20033000    00000400     udma_if.obj (.bss:gpCtlTbl)
                  20033400    00000370     main.obj (.bss:g_NetEntries)
                  20033770    00000120     rtsv7M4_T_le_eabi.lib : trgmsg.obj (.bss:__CIOBUF_)
                  20033890    00000100     udma_if.obj (.bss:gfpAppCallbackHndl)
                  20033990    000000c8     free_rtos.a : tasks.obj (.bss:pxReadyTasksLists)
                  20033a58    000000ac     tasks.obj (.bss:thisSV_6DOF_GB_BASIC)
                  20033b04    000000a0     rtsv7M4_T_le_eabi.lib : defs.obj (.bss:__TI_tmpnams)
                  20033ba4    00000050     free_rtos.a : queue.obj (.bss:xQueueRegistry)
                  20033bf4    00000034     main.obj (.bss:g_cWlanSecurityKey)
                  20033c28    00000034     tasks.obj (.bss:thisAccel)
                  20033c5c    00000024     main.obj (.bss:g_cWlanSSID)
                  20033c80    00000024     main.obj (.bss:g_ucConnectionSSID)
                  20033ca4    0000001c     rtsv7M4_T_le_eabi.lib : vla_alloc.obj (.bss)
                  20033cc0    00000014     (.common:g_flag_blockFull)
                  20033cd4    00000014     (.common:xDelayedTaskList1)
                  20033ce8    00000014     (.common:xDelayedTaskList2)
                  20033cfc    00000014     (.common:xPendingReadyList)
                  20033d10    00000014     (.common:xSuspendedTaskList)
                  20033d24    00000014     (.common:xTasksWaitingTermination)
                  20033d38    00000010     (.common:ang_buf)
                  20033d48    00000010     (.common:globals)
                  20033d58    00000010     (.common:mqxglobals)
                  20033d68    0000000c     (.common:g_SecParams)
                  20033d74    00000008     (.common:g_ucConnectionBSSID)
                  20033d7c    00000008     (.common:parmbuf)
                  20033d84    00000004     (.common:__Errorlog)
                  20033d88    00000004     (.common:angle_avg)
                  20033d8c    00000004     (.common:angle_min)
                  20033d90    00000004     (.common:angle_reading_del1)
                  20033d94    00000004     (.common:angle_reading_del2)
                  20033d98    00000004     (.common:angle_reading_del3)
                  20033d9c    00000004     (.common:angle_reading_del4)
                  20033da0    00000004     (.common:dataBuffer)
                  20033da4    00000004     (.common:g_block_lastFilled)
                  20033da8    00000004     (.common:g_cWlanSecurityType)
                  20033dac    00000004     (.common:g_frame_size_in_bytes)
                  20033db0    00000004     (.common:g_header_length)
                  20033db4    00000004     (.common:g_position_in_block)
                  20033db8    00000004     (.common:g_readHeader)
                  20033dbc    00000004     (.common:g_total_dma_intrpts)
                  20033dc0    00000004     (.common:g_ulAppStatus)
                  20033dc4    00000004     (.common:gdoor_40deg_angle)
                  20033dc8    00000004     (.common:gdoor_90deg_angle)
                  20033dcc    00000004     (.common:pxDelayedTaskList)
                  20033dd0    00000004     (.common:pxOverflowDelayedTaskList)
                  20033dd4    00000001     (.common:avg_buffer_cnt)
                  20033dd5    00000001     (.common:checkForLight_Flag)
                  20033dd6    00000001     (.common:cnt_prakz2)
                  20033dd7    00000001     (.common:g_dma_txn_done)
                  20033dd8    00000001     (.common:g_flag_DataBlockFilled)
                  20033dd9    00000001     (.common:g_flag_door_closing_45degree)
                  20033dda    00000001     (.common:g_frame_end)
                  20033ddb    00000001     (.common:g_ucAngle40)
                  20033ddc    00000001     (.common:g_ucAngle90)
                  20033ddd    00000001     (.common:g_ucCalibration)
                  20033dde    00000001     (.common:g_ucConfig)
                  20033ddf    00000001     (.common:g_ucExitButton)
                  20033de0    00000001     (.common:g_ucMagCalb)
                  20033de1    00000001     (.common:g_ucProfileAdded)
                  20033de2    00000001     (.common:gdoor_dirCW)
                  20033de3    00000001     (.common:ginvalid_angle_entry)
                  20033de4    00000001     (.common:iDone)
                  20033de5    00000001     (.common:isitfirsttime)
                  20033de6    00000001     (.common:open1_close0_invalid2)
                  20033de7    00000001     (.common:valid_case)

.TI.noinit 
*          0    2001e000    00000000     UNINITIALIZED

.sysmem    0    20033de8    00005000     UNINITIALIZED
                  20033de8    00000008     rtsv7M4_T_le_eabi.lib : memory.obj (.sysmem)
                  20033df0    00004ff8     --HOLE--


LINKER GENERATED COPY TABLES

__TI_cinit_table @ 2001de88 records: 2, size/record: 8, table size: 16
	.data: load addr=2001d2a8, load size=00000bcc bytes, run addr=20000000, run size=0000165c bytes, compression=rle
	.bss: load addr=2001de80, load size=00000008 bytes, run addr=2001e000, run size=00015de8 bytes, compression=zero_init


LINKER GENERATED HANDLER TABLE

__TI_handler_table @ 2001de74 records: 3, size/record: 4, table size: 12
	index: 0, handler: __TI_decompress_rle24
	index: 1, handler: __TI_decompress_none
	index: 2, handler: __TI_zero_init


GLOBAL SYMBOLS: SORTED ALPHABETICALLY BY Name 

address   name                                  
-------   ----                                  
2000bac9  AccessPtMode_HTTPServer_Start         
2000eb55  AnalogGainReg_Read                    
2000f399  ApplyAccelHAL                         
2000f3a5  ApplyMagHAL                           
2001b049  C$$EXIT                               
2001a327  C$$IO$$                               
2000eab9  CCMRegs_Read                          
2001c25b  CPUcpsie                              
2000ba0f  CalibrateMagSensor                    
2000aa6f  CamControllerInit                     
2001bcb9  CameraCaptureStart                    
2001b3c1  CameraCaptureStop                     
2001c169  CameraDMAEnable                       
2001bb75  CameraIntClear                        
2001b8d9  CameraIntEnable                       
2001c17f  CameraIntRegister                     
2001ba89  CameraIntStatus                       
2001b5bb  CameraParamsConfig                    
2001c05f  CameraReset                           
2000e6c5  CameraSensorInit                      
2001bb29  CameraThresholdSet                    
2001b3fb  CameraXClkConfig                      
2000a4bb  CaptureAndStore_Image                 
2000a759  CaptureinRAM                          
2000a81d  CaptureinRAM_StoreAfterCapture_Image  
200145e9  ClearTerm                             
2000b945  CollectAngle                          
20014e19  CollectTxit_ImgTempRH                 
20011b5b  Config_And_Start_CameraCapture        
200085b9  ConfigureMode                         
20008321  ConfigureSimpleLinkToDefaultState     
20008615  ConnectToNetwork                      
2000877d  ConnectToNetwork_STA                  
20012e1b  ConstructDeviceStateObject            
2001bfa9  CopyPingResultsToReport               
20013a75  CreateFile_Flash                      
200013ec  DMAMsgQ                               
200152a1  DMASetupTransfer                      
20001644  DigiCertHighAssuranceEVRootCA_der_len 
2000eae9  DigitalGainRegs_Read                  
20015167  DmaErrorIntHandler                    
2001b905  DmaSpiSwIntHandler                    
20015155  DmaSwIntHandler                       
20032ffc  Elapsed_100MilliSecs                  
2000ee69  EnterStandby_mt9d111                  
200145ef  Error                                 
2000eeb1  ExitStandby_mt9d111                   
2000e359  FXOS8700CQ_Init                       
2000e43d  FXOS8700CQ_Mag_Calibration            
20015601  FXOS8700_Init                         
20015683  FXOS8700_ReadData                     
2000efab  Fusion_Init                           
2000f0dd  Fusion_Run                            
2001b54d  GPIODirModeSet                        
2001c077  GPIOPinRead                           
2001bda7  GPIOPinWrite                          
20014623  GetCmd                                
200168c9  HIBernate                             
200132d5  HOSTclock                             
2001329d  HOSTclose                             
2001325f  HOSTgetenv                            
20013203  HOSTlseek                             
200131b1  HOSTopen                              
20013165  HOSTread                              
20013107  HOSTrename                            
200130cd  HOSTtime                              
20013095  HOSTunlink                            
20013049  HOSTwrite                             
20015d67  I2CBufferRead                         
20015e0d  I2CBufferWrite                        
20015d49  I2CInit                               
2001c2e9  I2CMasterControl                      
2001c375  I2CMasterDataGet                      
2001c195  I2CMasterDataPut                      
2001c1ab  I2CMasterEnable                       
2001b931  I2CMasterErr                          
20019629  I2CMasterInitExpClk                   
2001c2fb  I2CMasterIntClearEx                   
2001be69  I2CMasterIntStatusEx                  
2001bcdb  I2CMasterSlaveAddrSet                 
2001c30d  I2CMasterTimeoutSet                   
20015461  I2C_IF_Close                          
20015437  I2C_IF_Open                           
200153b1  I2C_IF_Read                           
20015417  I2C_IF_ReadFrom                       
2001534f  I2C_IF_Write                          
200145b1  InitTerm                              
20012d69  InitialiseParse                       
200082bd  InitializeUserConfigVariables         
20018975  IntDisable                            
20018a1d  IntEnable                             
20019e55  IntHandler_100mSecTimer               
2001c3dd  IntMasterEnable                       
2001a6dd  IntPendClear                          
2001a941  IntPrioritySet                        
2001bdc9  IntRegister                           
2001bb99  IntUnregister                         
2001c271  IntVTableBaseSet                      
2001b585  IsLightOff                            
2000ebd5  JPEGDataLength_read                   
20000000  JPEG_StdHuffmanTbl                    
20001444  JPEG_StdQuantTblC                     
20001484  JPEG_StdQuantTblY                     
2000ea91  JpegConfigReg_Read                    
20017bdb  LED_Blink                             
20017c41  LED_Off                               
20017c37  LED_On                                
2000e89b  LL_Configs                            
2001c3ef  MT9D111Delay                          
2000f229  MagCal_Run                            
200119f9  Main_Task                             
20011ab1  Main_Task_withHibernate               
200145cf  Message                               
2001c355  NwpMaskInterrupt                      
2001b295  NwpPowerOff                           
2001b75d  NwpPowerOn                            
20019731  NwpPowerOnPreamble                    
2001bcfd  NwpRegisterInterruptHandler           
2001c3a1  NwpUnMaskInterrupt                    
2000eb91  PCLK_Rate_read                        
20016661  PRCMCC3200MCUInit                     
2001c1c1  PRCMHIBRegRead                        
2001c1d7  PRCMHIBRegWrite                       
2001c091  PRCMHibernateEnter                    
20019385  PRCMHibernateIntervalSet              
2001a159  PRCMHibernateWakeUpGPIOSelect         
2001ad81  PRCMHibernateWakeupSourceDisable      
2001adc9  PRCMHibernateWakeupSourceEnable       
2001bab1  PRCMPeripheralClkDisable              
2001b2d1  PRCMPeripheralClkEnable               
20018f09  PRCMPeripheralClockGet                
2001a735  PRCMPeripheralReset                   
2001b5f1  PRCMPeripheralStatusGet               
2001b95d  PRCMSysResetCauseGet                  
2001940d  PinConfigSet                          
2001b115  PinModeSet                            
200173ed  PinMuxConfig                          
2001bfc3  PinTypeCamera                         
2001b78d  PinTypeGPIO                           
2001beff  PinTypeI2C                            
2001bfdd  PinTypeUART                           
20011a77  ProvisionAP_Task                      
2000b39d  ProvisioningAP                        
2000ef8d  RdSensData_Init                       
2000efc9  RdSensData_Run                        
2000e8d3  ReadAllAEnAWBRegs                     
20013b8f  ReadFile_FromFlash                    
2000ec4f  ReadMCUBootModeReg                    
2000ecbb  Refresh_mt9d111Firmware               
2000e875  RegStatusRead                         
200146cd  Report                                
2001c391  ResetISR                              
2000ec21  ResetImageSensorMCU                   
UNDEFED   SHT$$INIT_ARRAY$$Base                 
UNDEFED   SHT$$INIT_ARRAY$$Limit                
2001c365  SL_FD_SET                             
2001c3f5  SL_FD_ZERO                            
2001c0a9  SPICSDisable                          
2001c0c1  SPICSEnable                           
20018b6d  SPIConfigSetExpClk                    
2001c0d9  SPIDisable                            
2001bff7  SPIDmaDisable                         
2001c011  SPIDmaEnable                          
2001c0f1  SPIEnable                             
2001c02b  SPIFIFODisable                        
2001c045  SPIFIFOEnable                         
2001b625  SPIFIFOLevelSet                       
2001ae11  SPIIntClear                           
2001aa8d  SPIIntEnable                          
2001bd1f  SPIReset                              
2001bd41  SPIWordCountSet                       
200015a0  SecurityParams                        
200151e5  SetupTransfer                         
2000eb19  ShutterRegs_Read                      
20008ffd  SimpleLinkHttpServerCallback          
20008aa5  SimpleLinkNetAppEventHandler          
20008e35  SimpleLinkSockEventHandler            
20008975  SimpleLinkWlanEventHandler            
2000ec69  SoftReset_ImageSensor                 
2000a495  Standby_ImageSensor                   
2000e6cd  StartSensorInJpegMode                 
20011a4f  Test_Task                             
2001b005  TimerConfigure                        
2001be87  TimerDisable                          
2001bea5  TimerEnable                           
2001c31f  TimerIntClear                         
2001c109  TimerIntDisable                       
2001c121  TimerIntEnable                        
20019ec9  TimerIntRegister                      
2001bec3  TimerIntStatus                        
2001a1c1  TimerIntUnregister                    
2001b9e1  TimerLoadSet                          
2001ba0b  TimerPrescaleSet                      
2001bf1b  TimerValueGet                         
20018b49  Timer_IF_DeInit                       
20018b61  Timer_IF_GetCount                     
20018ac5  Timer_IF_Init                         
20018aef  Timer_IF_IntSetup                     
20018b21  Timer_IF_InterruptClear               
2001b9e1  Timer_IF_ReLoad                       
20018b35  Timer_IF_Start                        
2001be87  Timer_IF_Stop                         
20001318  Token                                 
20014683  TrimSpace                             
2001c1ed  UARTCharGet                           
2001bee1  UARTCharPut                           
20019cf5  UARTConfigSetExpClk                   
2001b7bd  UARTDisable                           
2001bbbd  UARTEnable                            
200151bd  UDMAChannelSelect                     
2001528d  UDMADeInit                            
20015173  UDMAInit                              
2001521d  UDMASetupAutoMemTransfer              
20015243  UDMASetupPingPongTransfer             
2001bf71  UDMAStopTransfer                      
20012d7f  UploadImageToParse                    
20012dbb  UploadSensorDataToParse               
2000bbd5  User_Configure                        
2001c3fb  UtilsDelay                            
20010961  VDeleteSimpleLinkSpawnTask            
20010911  VStartSimpleLinkSpawnTask             
2000137c  Value                                 
2000ecd1  Variable_Read                         
2000ec91  Verify_ImageSensor                    
2000a4af  Wakeup_ImageSensor                    
2000b6bd  WiFiProvisioning                      
2000e8b7  WriteAllAEnAWBRegs                    
20013ac9  WriteFile_ToFlash                     
2001ba5f  _Dclass                               
200011c0  _Denorm                               
200183b9  _Dint                                 
20018479  _Dnorm                                
200170cd  _Dscale                               
2001a361  _Dunscale                             
200011d0  _Eps                                  
2000164c  _Errno                                
20013c75  _Exp                                  
20017e25  _FAtan                                
200012b0  _FDenorm                              
20019155  _FDint                                
20019a99  _FDnorm                               
20017efd  _FDscale                              
2001a8eb  _FDunscale                            
200012c0  _FEps                                 
200158f1  _FExp                                 
200012d0  _FInf                                 
200143f5  _FLog                                 
200012e0  _FNan                                 
20001300  _FRteps                               
20014fb9  _FSin                                 
200012f0  _FSnan                                
20001310  _FXbig                                
20001314  _FZero                                
20001634  _Fenv                                 
2001b81d  _Feraise                              
200011e0  _Hugeval                              
200011f0  _Inf                                  
20015479  _LAtan                                
20001240  _LDenorm                              
20001250  _LEps                                 
20001260  _LInf                                 
20001270  _LNan                                 
20001290  _LRteps                               
20001280  _LSnan                                
200012a0  _LXbig                                
200012a8  _LZero                                
20012a85  _Log                                  
20001200  _Nan                                  
20001220  _Rteps                                
2001d034  _SlAcceptCmdCtrl                      
2001cda8  _SlActionLookupTable                  
200120f1  _SlAsyncEventGenericHandler           
2001d284  _SlDeviceGetCmdCtrl                   
2001d288  _SlDeviceSetCmdCtrl                   
2001b659  _SlDrvBasicCmd                        
20018ca9  _SlDrvClassifyRxMsg                   
200196ad  _SlDrvCmdOp                           
2001bde9  _SlDrvCmdSend                         
20015bdd  _SlDrvDataReadOp                      
20016b29  _SlDrvDataWriteOp                     
2001be09  _SlDrvDeviceEventHandler              
2001a78d  _SlDrvDriverCBDeinit                  
20019831  _SlDrvDriverCBInit                    
2001b989  _SlDrvFlowContDeinit                  
2001b9b5  _SlDrvFlowContInit                    
20010af5  _SlDrvMsgRead                         
200186b1  _SlDrvMsgReadCmdCtx                   
200190c5  _SlDrvMsgReadSpawnCtx                 
20016d81  _SlDrvMsgWrite                        
20018765  _SlDrvNetAppEventHandler              
2001bf39  _SlDrvObjDeInit                       
2001b30d  _SlDrvObjInit                         
200177e1  _SlDrvReleasePoolObj                  
2001616d  _SlDrvRxHdrRead                       
2001b155  _SlDrvRxIrqHandler                    
2001c203  _SlDrvShiftDWord                      
20016ea1  _SlDrvWaitForPoolObj                  
2001d280  _SlEventMaskGetCmdCtrl                
2001d27c  _SlEventMaskSetCmdCtrl                
20018d41  _SlFindAndSetActiveObj                
2001cf74  _SlFsCloseCmdCtrl                     
2001cf84  _SlFsDeleteCmdCtrl                    
2001cf80  _SlFsGetInfoCmdCtrl                   
2001cf70  _SlFsOpenCmdCtrl                      
2001cf78  _SlFsReadCmdCtrl                      
2001cf7c  _SlFsWriteCmdCtrl                     
2001d18c  _SlGetHostByNameCtrl                  
2001d188  _SlGetHostByServiceCtrl               
2001d180  _SlGetServiceListeCtrl                
2001d040  _SlGetSockOptCmdCtrl                  
2001d030  _SlListenCmdCtrl                      
2001d198  _SlNetAppGetCmdCtrl                   
2001d194  _SlNetAppSendTokenValueCmdCtrl        
2001d190  _SlNetAppSetCmdCtrl                   
2001d178  _SlNetAppStartCtrl                    
2001d17c  _SlNetAppStopCtrl                     
2001d2a4  _SlNetCfgGetCmdCtrl                   
2001d2a0  _SlNetCfgSetCmdCtrl                   
2001c768  _SlPolicyGetCmdCtrl                   
2001c764  _SlPolicySetCmdCtrl                   
2001c770  _SlProfileDelCmdCtrl                  
2001c76c  _SlProfileGetCmdCtrl                  
2001d038  _SlRecvCmdCtrl                        
2001d028  _SlRecvfomCmdCtrl                     
2001d184  _SlRegisterServiceCtrl                
2001ae59  _SlRemoveFromList                     
2001c778  _SlRxFilterAddtCmdCtrl                
2001c780  _SlRxFilterGetCmdCtrl                 
2001c77c  _SlRxFilterSetCmdCtrl                 
2001d044  _SlSelectCmdCtrl                      
2001d02c  _SlSendCmdCtrl                        
2001d03c  _SlSetSockOptCmdCtrl                  
2001c784  _SlSmartConfigStartCmdCtrl            
2001d024  _SlSockCloseCmdCtrl                   
2001d020  _SlSockSocketCmdCtrl                  
2001d278  _SlStopCmdCtrl                        
2001c790  _SlWlanCfgGetCmdCtrl                  
2001c78c  _SlWlanCfgSetCmdCtrl                  
2001c774  _SlWlanGetNetworkListCtrl             
2001c788  _SlWlanSetModeCmdCtrl                 
20001210  _Snan                                 
20001638  _Tls_setup__Fenv                      
20001230  _Xbig                                 
20001238  _Zero                                 
20033770  __CIOBUF_                             
20004000  __STACK_END                           
00001000  __STACK_SIZE                          
00005000  __SYSMEM_SIZE                         
2001de88  __TI_CINIT_Base                       
2001de98  __TI_CINIT_Limit                      
2001de74  __TI_Handler_Table_Base               
2001de80  __TI_Handler_Table_Limit              
2001a015  __TI_auto_init                        
200142f9  __TI_cleanup                          
2000162c  __TI_cleanup_ptr                      
20018dd9  __TI_closefile                        
2001c383  __TI_decompress_none                  
2001c401  __TI_decompress_rle24                 
20018165  __TI_doflush                          
20001630  __TI_dtors_ptr                        
200015f4  __TI_ft_end                           
2000a18d  __TI_printfi                          
2001892b  __TI_rd_ok                            
2001a32b  __TI_readmsg                          
2001d2a8  __TI_static_base__                    
20033b04  __TI_tmpnams                          
2001a2f9  __TI_writemsg                         
200188c9  __TI_wrt_ok                           
2001c3ad  __TI_zero_init                        
2001c419  __abort_execution                     
2001951d  __aeabi_cdcmpeq                       
2001951d  __aeabi_cdcmple                       
200195a3  __aeabi_cdrcmple                      
2001a5bd  __aeabi_cfcmpeq                       
2001a5bd  __aeabi_cfcmple                       
2001a61d  __aeabi_cfrcmple                      
2001ad37  __aeabi_d2f                           
2001aea1  __aeabi_d2iz                          
2001b08d  __aeabi_d2uiz                         
20014773  __aeabi_dadd                          
20016529  __aeabi_ddiv                          
200175eb  __aeabi_dmul                          
20014769  __aeabi_dsub                          
2001b46d  __aeabi_f2d                           
2001b4a5  __aeabi_f2iz                          
2001b6c1  __aeabi_f2uiz                         
2001aa3d  __aeabi_f2ulz                         
200176eb  __aeabi_fadd                          
20019031  __aeabi_fdiv                          
200199a5  __aeabi_fmul                          
200176e7  __aeabi_fsub                          
2001b87d  __aeabi_i2d                           
2001b4dd  __aeabi_i2f                           
20019a1f  __aeabi_memclr                        
20019a1f  __aeabi_memclr4                       
20019a1f  __aeabi_memclr8                       
20018c0d  __aeabi_memcpy                        
20018c0d  __aeabi_memcpy4                       
20018c0d  __aeabi_memcpy8                       
20019a21  __aeabi_memset                        
20019a21  __aeabi_memset4                       
20019a21  __aeabi_memset8                       
20001600  __aeabi_stderr                        
200015f8  __aeabi_stdin                         
200015fc  __aeabi_stdout                        
2001be49  __aeabi_ui2d                          
2001bc05  __aeabi_ui2f                          
20013e71  __aeabi_uldivmod                      
ffffffff  __binit__                             
ffffffff  __c_args__                            
20003000  __stack                               
20013425  __vla_alloc                           
2001331d  __vla_dealloc                         
200133a5  __vla_dealloc_eh                      
2001c139  _args_main                            
2001b349  _c_int00                              
2001c55c  _ctypes_                              
20000f50  _ftable                               
20001624  _lock                                 
2001c293  _nop                                  
2001c28b  _register_lock                        
2001c285  _register_unlock                      
2001ba35  _sl_BuildAddress                      
2001a229  _sl_GetCreateFsMode                   
2001aced  _sl_GetStartResponseConvert           
2001a3c9  _sl_HandleAsync_Accept                
2001a291  _sl_HandleAsync_Connect               
20019b8d  _sl_HandleAsync_DnsGetHostByName      
2001a42d  _sl_HandleAsync_DnsGetHostByService   
20019d6d  _sl_HandleAsync_InitComplete          
20019c05  _sl_HandleAsync_PingResponse          
2001a7e5  _sl_HandleAsync_Select                
2001a995  _sl_HandleAsync_Stop                  
2001c219  _sl_Strlen                            
20019fa9  _sl_TruncatePayloadByProtocol         
20033de8  _sys_memory                           
2001c41d  _system_pre_init                      
20001628  _unlock                               
2001b04d  abort                                 
20018539  acosf                                 
20016097  addHttpRequestHeader                  
200160bd  addHttpRequestHeaderInt               
2001601d  addHttpRequestLine                    
200129d9  add_device                            
20033d38  ang_buf                               
2000f9ed  angleCheck                            
2000f92d  angleCheck_Initializations            
20033d88  angle_avg                             
20033d8c  angle_min                             
20033d90  angle_reading_del1                    
20033d94  angle_reading_del2                    
20033d98  angle_reading_del3                    
20033d9c  angle_reading_del4                    
20015eb5  atan2l                                
2001aad9  atoi                                  
20033dd4  avg_buffer_cnt                        
2001605b  beginHttpGetRequest                   
2001604f  beginHttpRequest                      
ffffffff  binit                                 
2000d459  buildRequestHeaders                   
2001128d  calloc                                
20033dd5  checkForLight_Flag                    
200112c1  check_doorpos                         
2000e301  clearAccelMotionIntrpt                
20032fc8  clientStateFileName                   
20012989  close                                 
200015ec  cnt                                   
20033dd6  cnt_prakz2                            
2000de11  configureFXOS8700                     
20014acd  configureISL29035                     
200140ab  configureTempRHSensor                 
2001ab25  copy_in                               
2000b14d  createAndWrite_ImageHeaderFile        
2000f5bb  createInstallation                    
20010359  createNewInstallationId               
2000bced  create_AngleValuesFile                
2000b29d  create_JpegImageFile                  
20033da0  dataBuffer                            
200015f0  dataBufferSize                        
200197b1  debugPrint                            
200197cb  debugPrintf                           
2000ea11  disableAE                             
2000e97f  disableAWB                            
200072f5  eTaskGetState                         
2000cca9  eigencompute                          
2000e9cd  enableAE                              
2000e941  enableAWB                             
20014921  ensureCertificateFile                 
2001b055  exit                                  
20004693  f3DOFMagnetometerMatrixAndroid        
2000462f  f3DOFMagnetometerMatrixNED            
20004693  f3DOFMagnetometerMatrixWin8           
20004401  f3DOFTiltAndroid                      
20004401  f3DOFTiltNED                          
20004507  f3DOFTiltWin8                         
2000ca6f  f3x3matrixAeqAxScalar                 
2000c9f1  f3x3matrixAeqI                        
2000cacd  f3x3matrixAeqInvSymB                  
2000caa3  f3x3matrixAeqMinusA                   
2000ca4b  f3x3matrixAeqScalar                   
2000cc13  f3x3matrixDetA                        
20004f7d  fAndroidAnglesDegFromRotationMatrix   
20005d7d  fInitMagCalibration                   
20015a69  fInit_6DOF_GB_BASIC                   
20006151  fInvertMagCal                         
200057b1  fLPFOrientationQuaternion             
200058e5  fLPFScalar                            
20004ed9  fNEDAnglesDegFromRotationMatrix       
200052bd  fQuaternionFromRotationMatrix         
2000515d  fQuaternionFromRotationVectorDeg      
20005409  fRotationMatrixFromQuaternion         
2000570b  fRotationVectorDegFromQuaternion      
20005535  fRotationVectorDegFromRotationMatrix  
20015abd  fRun_6DOF_GB_BASIC                    
20006a65  fUpdateCalibration10EIG               
20006237  fUpdateCalibration4INV                
200066b5  fUpdateCalibration7EIG                
20005021  fWin8AnglesDegFromRotationMatrix      
20013885  facos_deg                             
20013845  fasin_deg                             
20013991  fatan2_deg                            
20013a0d  fatan_15deg                           
20013903  fatan_deg                             
20018e3f  fclose                                
2000499f  feCompassAndroid                      
20004701  feCompassNED                          
20004c39  feCompassWin8                         
2001b68d  feraiseexcept                         
20010309  fetchDeviceOSVersion                  
200181b1  fflush                                
200126e3  findSecondJson                        
20011515  find_door_direction                   
20000dc9  flag                                  
2000ca1d  fmatrixAeqI                           
2000d085  fmatrixAeqInvA                        
2000d267  fmatrixAeqRenormRotA                  
200163ed  fmodf                                 
2001434f  fopen                                 
2001a089  fprintf                               
20018e71  fputc                                 
20016795  fputs                                 
20005d63  fqAeq1                                
20005c9f  fqAeqNormqA                           
20010fdb  free                                  
20014325  freopen                               
2001bd63  frexp                                 
2001a491  fseek                                 
2000f9c7  fxosDefault_Initializations           
2000fa0d  fxos_Calibration                      
2000fb41  fxos_calibrate                        
2000fb9f  fxos_get_initialYaw                   
2000fa57  fxos_main                             
2000fabd  fxos_main_waitfor40degrees            
2000fc45  fxos_waitFor40Degrees                 
20000dd0  gFirstCmdMode                         
200015bc  g_ConfigTaskHandle                    
2001cda0  g_H2NCnysPattern                      
2001cd98  g_H2NSyncPattern                      
200015c0  g_MainTaskHandle                      
20033400  g_NetEntries                          
20033d68  g_SecParams                           
200013e0  g_SpiFd                               
20000dd8  g_StatMem                             
20033da4  g_block_lastFilled                    
200013f0  g_cDummy                              
20033c5c  g_cWlanSSID                           
20033bf4  g_cWlanSecurityKey                    
20033da8  g_cWlanSecurityType                   
2001d234  g_deviceClientVersion                 
20033dd8  g_flag_DataBlockFilled                
20033cc0  g_flag_blockFull                      
20033dd9  g_flag_door_closing_45degree          
20033dda  g_frame_end                           
20033dac  g_frame_size_in_bytes                 
20000600  g_header                              
20033db0  g_header_length                       
2001e000  g_image_buffer                        
200015c4  g_osVersion                           
20000dd4  g_pCB                                 
200013e4  g_pHostIntHdl                         
20004000  g_pfnVectors                          
20033db4  g_position_in_block                   
20033db8  g_readHeader                          
20001504  g_token_get                           
20033ddb  g_ucAngle40                           
20033ddc  g_ucAngle90                           
20033ddd  g_ucCalibration                       
20033dde  g_ucConfig                            
200015bb  g_ucConfigsDone                       
200015b8  g_ucConnectedToConfAP                 
20033d74  g_ucConnectionBSSID                   
20033c80  g_ucConnectionSSID                    
200013e8  g_ucDMAEnabled                        
200013f4  g_ucDinDout                           
20033ddf  g_ucExitButton                        
20033de0  g_ucMagCalb                           
200015ba  g_ucPriority                          
20033de1  g_ucProfileAdded                      
200015b9  g_ucProvisioningDone                  
200015b4  g_uiSimplelinkRole                    
20033dc0  g_ulAppStatus                         
200015b0  g_ulGatewayIP                         
20001620  g_ulPingPacketsRecv                   
200015ac  g_ulStatus                            
20033dc4  gdoor_40deg_angle                     
20033dc8  gdoor_90deg_angle                     
20033de2  gdoor_dirCW                           
2000e16d  getAccelerationMagnitude              
2000e02f  getDoorDirection                      
200160f5  getHttpResponseBody                   
200160cb  getHttpResponseStatus                 
2000f609  getInstallation                       
20017589  getInternalClient                     
20014bdd  getLightsensor_data                   
20014c09  getLightsensor_intrptStatus           
2000e0a1  getMagnFlux_3axis                     
20012715  getPushJson                           
200140d7  getTempRH                             
2000fa39  get_angle                             
20033890  gfpAppCallbackHndl                    
20033de3  ginvalid_angle_entry                  
20033d48  globals                               
20033000  gpCtlTbl                              
2000d68d  headerSend                            
200171dd  i2cReadRegisters                      
20017285  i2cReadRegistersTwoBytes              
2001721f  i2cWriteRegisters                     
20033de4  iDone                                 
20005e3d  iUpdateMagnetometerBuffer             
2000883d  initNetwork                           
20017b91  intToASCII                            
200126fb  isCompleteJson                        
200102a9  isPingTime                            
20033de5  isitfirsttime                         
2001af79  ldexp                                 
200135b5  loadClientState                       
[...]
20018691  prvPortStartFirstTask                 
200186a9  portCLZ                               
200186b1  _SlDrvMsgReadCmdCtx                   
20018765  _SlDrvNetAppEventHandler              
20018819  sl_Send                               
200188c9  __TI_wrt_ok                           
2001892b  __TI_rd_ok                            
20018975  IntDisable                            
20018a1d  IntEnable                             
20018ac5  Timer_IF_Init                         
20018aef  Timer_IF_IntSetup                     
20018b21  Timer_IF_InterruptClear               
20018b35  Timer_IF_Start                        
20018b49  Timer_IF_DeInit                       
20018b61  Timer_IF_GetCount                     
20018b6d  SPIConfigSetExpClk                    
20018c0d  __aeabi_memcpy                        
20018c0d  __aeabi_memcpy4                       
20018c0d  __aeabi_memcpy8                       
20018c0d  memcpy                                
20018ca9  _SlDrvClassifyRxMsg                   
20018d41  _SlFindAndSetActiveObj                
20018dd9  __TI_closefile                        
20018e3f  fclose                                
20018e71  fputc                                 
20018e71  putc                                  
20018ef5  putchar                               
20018f09  PRCMPeripheralClockGet                
20018f9d  snprintf                              
20019031  __aeabi_fdiv                          
200190c5  _SlDrvMsgReadSpawnCtx                 
20019155  _FDint                                
200191e1  sl_FsRead                             
2001926d  sl_FsWrite                            
200192f9  sl_NetAppMDNSRegisterUnregisterService
20019385  PRCMHibernateIntervalSet              
2001940d  PinConfigSet                          
20019495  vsnprintf                             
2001951d  __aeabi_cdcmpeq                       
2001951d  __aeabi_cdcmple                       
200195a3  __aeabi_cdrcmple                      
20019629  I2CMasterInitExpClk                   
200196ad  _SlDrvCmdOp                           
20019731  NwpPowerOnPreamble                    
200197b1  debugPrint                            
200197cb  debugPrintf                           
20019831  _SlDrvDriverCBInit                    
200198ad  sl_DevGet                             
20019929  sl_FsClose                            
200199a5  __aeabi_fmul                          
20019a1f  __aeabi_memclr                        
20019a1f  __aeabi_memclr4                       
20019a1f  __aeabi_memclr8                       
20019a21  __aeabi_memset                        
20019a21  __aeabi_memset4                       
20019a21  __aeabi_memset8                       
20019a27  memset                                
20019a99  _FDnorm                               
20019b8d  _sl_HandleAsync_DnsGetHostByName      
20019c05  _sl_HandleAsync_PingResponse          
20019c7d  sl_WlanGet                            
20019cf5  UARTConfigSetExpClk                   
20019d6d  _sl_HandleAsync_InitComplete          
20019de1  spi_Close                             
20019e55  IntHandler_100mSecTimer               
20019e6d  start_100mSecTimer                    
20019e9d  stop_100mSecTimer                     
20019ec9  TimerIntRegister                      
20019f39  sl_FsGetInfo                          
20019fa9  _sl_TruncatePayloadByProtocol         
2001a015  __TI_auto_init                        
2001a089  fprintf                               
2001a159  PRCMHibernateWakeUpGPIOSelect         
2001a1c1  TimerIntUnregister                    
2001a229  _sl_GetCreateFsMode                   
2001a291  _sl_HandleAsync_Connect               
2001a2f9  __TI_writemsg                         
2001a327  C$$IO$$                               
2001a32b  __TI_readmsg                          
2001a361  _Dunscale                             
2001a3c9  _sl_HandleAsync_Accept                
2001a42d  _sl_HandleAsync_DnsGetHostByService   
2001a491  fseek                                 
2001a4f5  uDMAChannelAttributeDisable           
2001a559  uDMAChannelAttributeEnable            
2001a5bd  __aeabi_cfcmpeq                       
2001a5bd  __aeabi_cfcmple                       
2001a61d  __aeabi_cfrcmple                      
2001a67d  sprintf                               
2001a6dd  IntPendClear                          
2001a735  PRCMPeripheralReset                   
2001a78d  _SlDrvDriverCBDeinit                  
2001a7e5  _sl_HandleAsync_Select                
2001a83d  sl_NetAppSendTokenValue               
2001a895  ltoa                                  
2001a8eb  _FDunscale                            
2001a941  IntPrioritySet                        
2001a995  _sl_HandleAsync_Stop                  
2001a9e9  sl_FsOpen                             
2001aa3d  __aeabi_f2ulz                         
2001aa8d  SPIIntEnable                          
2001aad9  atoi                                  
2001ab25  copy_in                               
2001ab71  srand                                 
2001ab87  rand                                  
2001abbd  sl_DevSet                             
2001ac09  sl_SetSockOpt                         
2001ac55  sl_WlanSet                            
2001aca1  uDMAChannelAssign                     
2001aced  _sl_GetStartResponseConvert           
2001ad37  __aeabi_d2f                           
2001ad81  PRCMHibernateWakeupSourceDisable      
2001adc9  PRCMHibernateWakeupSourceEnable       
2001ae11  SPIIntClear                           
2001ae59  _SlRemoveFromList                     
2001aea1  __aeabi_d2iz                          
2001aee9  sl_FsDel                              
2001af31  sl_NetCfgSet                          
2001af79  ldexp                                 
2001b005  TimerConfigure                        
2001b049  C$$EXIT                               
2001b04d  abort                                 
2001b055  exit                                  
2001b08d  __aeabi_d2uiz                         
2001b0d1  sl_Recv                               
2001b115  PinModeSet                            
2001b155  _SlDrvRxIrqHandler                    
2001b195  signal                                
2001b1d5  sl_WlanPolicySet                      
2001b215  sl_WlanRxFilterSet                    
2001b255  strncasecmp                           
2001b295  NwpPowerOff                           
2001b2d1  PRCMPeripheralClkEnable               
2001b30d  _SlDrvObjInit                         
2001b349  _c_int00                              
2001b385  uDMAChannelControlSet                 
2001b3c1  CameraCaptureStop                     
2001b3fb  CameraXClkConfig                      
2001b435  pvPortMalloc                          
2001b455  vPortFree                             
2001b46d  __aeabi_f2d                           
2001b4a5  __aeabi_f2iz                          
2001b4dd  __aeabi_i2f                           
2001b515  sl_Htonl                              
2001b54d  GPIODirModeSet                        
2001b585  IsLightOff                            
2001b5bb  CameraParamsConfig                    
2001b5f1  PRCMPeripheralStatusGet               
2001b625  SPIFIFOLevelSet                       
2001b659  _SlDrvBasicCmd                        
2001b68d  feraiseexcept                         
2001b6c1  __aeabi_f2uiz                         
2001b6f5  strstr                                
2001b729  sl_Htons                              
2001b75d  NwpPowerOn                            
2001b78d  PinTypeGPIO                           
2001b7bd  UARTDisable                           
2001b7ed  strncpy                               
2001b81d  _Feraise                              
2001b84d  sl_Socket                             
2001b87d  __aeabi_i2d                           
2001b8ab  raise                                 
2001b8d9  CameraIntEnable                       
2001b905  DmaSpiSwIntHandler                    
2001b931  I2CMasterErr                          
2001b95d  PRCMSysResetCauseGet                  
2001b989  _SlDrvFlowContDeinit                  
2001b9b5  _SlDrvFlowContInit                    
2001b9e1  TimerLoadSet                          
2001b9e1  Timer_IF_ReLoad                       
2001ba0b  TimerPrescaleSet                      
2001ba35  _sl_BuildAddress                      
2001ba5f  _Dclass                               
2001ba89  CameraIntStatus                       
2001bab1  PRCMPeripheralClkDisable              
2001bad9  strncat                               
2001bb01  sl_WlanSetMode                        
2001bb29  CameraThresholdSet                    
2001bb4f  strncmp                               
2001bb75  CameraIntClear                        
2001bb99  IntUnregister                         
2001bbbd  UARTEnable                            
2001bbe1  memmove                               
2001bc05  __aeabi_ui2f                          
2001bc29  sl_Close                              
2001bc29  socketClose                           
2001bc4d  sl_NetAppStart                        
2001bc71  sl_NetAppStop                         
2001bc95  sl_WlanProfileDel                     
2001bcb9  CameraCaptureStart                    
2001bcdb  I2CMasterSlaveAddrSet                 
2001bcfd  NwpRegisterInterruptHandler           
2001bd1f  SPIReset                              
2001bd41  SPIWordCountSet                       
2001bd63  frexp                                 
2001bd85  memcmp                                
2001bda7  GPIOPinWrite                          
2001bdc9  IntRegister                           
2001bde9  _SlDrvCmdSend                         
2001be09  _SlDrvDeviceEventHandler              
2001be29  memchr                                
2001be49  __aeabi_ui2d                          
2001be69  I2CMasterIntStatusEx                  
2001be87  TimerDisable                          
2001be87  Timer_IF_Stop                         
2001bea5  TimerEnable                           
2001bec3  TimerIntStatus                        
2001bee1  UARTCharPut                           
2001beff  PinTypeI2C                            
2001bf1b  TimerValueGet                         
2001bf39  _SlDrvObjDeInit                       
2001bf55  memccpy                               
2001bf71  UDMAStopTransfer                      
2001bf71  uDMAChannelDisable                    
2001bf8d  uDMAChannelEnable                     
2001bfa9  CopyPingResultsToReport               
2001bfc3  PinTypeCamera                         
2001bfdd  PinTypeUART                           
2001bff7  SPIDmaDisable                         
2001c011  SPIDmaEnable                          
2001c02b  SPIFIFODisable                        
2001c045  SPIFIFOEnable                         
2001c05f  CameraReset                           
2001c077  GPIOPinRead                           
2001c091  PRCMHibernateEnter                    
2001c0a9  SPICSDisable                          
2001c0c1  SPICSEnable                           
2001c0d9  SPIDisable                            
2001c0f1  SPIEnable                             
2001c109  TimerIntDisable                       
2001c121  TimerIntEnable                        
2001c139  _args_main                            
2001c151  strcmp                                
2001c169  CameraDMAEnable                       
2001c17f  CameraIntRegister                     
2001c195  I2CMasterDataPut                      
2001c1ab  I2CMasterEnable                       
2001c1c1  PRCMHIBRegRead                        
2001c1d7  PRCMHIBRegWrite                       
2001c1ed  UARTCharGet                           
2001c203  _SlDrvShiftDWord                      
2001c219  _sl_Strlen                            
2001c22f  strchr                                
2001c245  uDMAIntRegister                       
2001c25b  CPUcpsie                              
2001c271  IntVTableBaseSet                      
2001c285  _register_unlock                      
2001c28b  _register_lock                        
2001c293  _nop                                  
2001c299  strcpy                                
2001c2ad  strlen                                
2001c2c1  uDMAControlBaseSet                    
2001c2d5  uDMAIntClear                          
2001c2e9  I2CMasterControl                      
2001c2fb  I2CMasterIntClearEx                   
2001c30d  I2CMasterTimeoutSet                   
2001c31f  TimerIntClear                         
2001c331  sl_NetAppMDNSUnRegisterService        
2001c343  uDMAIntUnregister                     
2001c355  NwpMaskInterrupt                      
2001c365  SL_FD_SET                             
2001c375  I2CMasterDataGet                      
2001c383  __TI_decompress_none                  
2001c391  ResetISR                              
2001c3a1  NwpUnMaskInterrupt                    
2001c3ad  __TI_zero_init                        
2001c3b9  uDMADisable                           
2001c3c5  uDMAEnable                            
2001c3d1  uDMAIntStatus                         
2001c3dd  IntMasterEnable                       
2001c3e7  sl_WlanDisconnect                     
2001c3ef  MT9D111Delay                          
2001c3f5  SL_FD_ZERO                            
2001c3fb  UtilsDelay                            
2001c401  __TI_decompress_rle24                 
2001c407  log                                   
2001c40d  logf                                  
2001c413  sinf                                  
2001c419  __abort_execution                     
2001c41d  _system_pre_init                      
2001c55c  _ctypes_                              
2001c764  _SlPolicySetCmdCtrl                   
2001c768  _SlPolicyGetCmdCtrl                   
2001c76c  _SlProfileGetCmdCtrl                  
2001c770  _SlProfileDelCmdCtrl                  
2001c774  _SlWlanGetNetworkListCtrl             
2001c778  _SlRxFilterAddtCmdCtrl                
2001c77c  _SlRxFilterSetCmdCtrl                 
2001c780  _SlRxFilterGetCmdCtrl                 
2001c784  _SlSmartConfigStartCmdCtrl            
2001c788  _SlWlanSetModeCmdCtrl                 
2001c78c  _SlWlanCfgSetCmdCtrl                  
2001c790  _SlWlanCfgGetCmdCtrl                  
2001cd98  g_H2NSyncPattern                      
2001cda0  g_H2NCnysPattern                      
2001cda8  _SlActionLookupTable                  
2001cf70  _SlFsOpenCmdCtrl                      
2001cf74  _SlFsCloseCmdCtrl                     
2001cf78  _SlFsReadCmdCtrl                      
2001cf7c  _SlFsWriteCmdCtrl                     
2001cf80  _SlFsGetInfoCmdCtrl                   
2001cf84  _SlFsDeleteCmdCtrl                    
2001d020  _SlSockSocketCmdCtrl                  
2001d024  _SlSockCloseCmdCtrl                   
2001d028  _SlRecvfomCmdCtrl                     
2001d02c  _SlSendCmdCtrl                        
2001d030  _SlListenCmdCtrl                      
2001d034  _SlAcceptCmdCtrl                      
2001d038  _SlRecvCmdCtrl                        
2001d03c  _SlSetSockOptCmdCtrl                  
2001d040  _SlGetSockOptCmdCtrl                  
2001d044  _SlSelectCmdCtrl                      
2001d178  _SlNetAppStartCtrl                    
2001d17c  _SlNetAppStopCtrl                     
2001d180  _SlGetServiceListeCtrl                
2001d184  _SlRegisterServiceCtrl                
2001d188  _SlGetHostByServiceCtrl               
2001d18c  _SlGetHostByNameCtrl                  
2001d190  _SlNetAppSetCmdCtrl                   
2001d194  _SlNetAppSendTokenValueCmdCtrl        
2001d198  _SlNetAppGetCmdCtrl                   
2001d234  g_deviceClientVersion                 
2001d278  _SlStopCmdCtrl                        
2001d27c  _SlEventMaskSetCmdCtrl                
2001d280  _SlEventMaskGetCmdCtrl                
2001d284  _SlDeviceGetCmdCtrl                   
2001d288  _SlDeviceSetCmdCtrl                   
2001d28c  pcDigits                              
2001d2a0  _SlNetCfgSetCmdCtrl                   
2001d2a4  _SlNetCfgGetCmdCtrl                   
2001d2a8  __TI_static_base__                    
2001de74  __TI_Handler_Table_Base               
2001de80  __TI_Handler_Table_Limit              
2001de88  __TI_CINIT_Base                       
2001de98  __TI_CINIT_Limit                      
2001e000  g_image_buffer                        
20032000  thisMagBuffer                         
20032b58  thisMagCal                            
20032f70  thisMag                               
20032fc8  clientStateFileName                   
20032ffc  Elapsed_100MilliSecs                  
20033000  gpCtlTbl                              
20033400  g_NetEntries                          
20033770  __CIOBUF_                             
20033890  gfpAppCallbackHndl                    
20033a58  thisSV_6DOF_GB_BASIC                  
20033b04  __TI_tmpnams                          
20033ba4  xQueueRegistry                        
20033bf4  g_cWlanSecurityKey                    
20033c28  thisAccel                             
20033c5c  g_cWlanSSID                           
20033c80  g_ucConnectionSSID                    
20033cc0  g_flag_blockFull                      
20033d38  ang_buf                               
20033d48  globals                               
20033d58  mqxglobals                            
20033d68  g_SecParams                           
20033d74  g_ucConnectionBSSID                   
20033d88  angle_avg                             
20033d8c  angle_min                             
20033d90  angle_reading_del1                    
20033d94  angle_reading_del2                    
20033d98  angle_reading_del3                    
20033d9c  angle_reading_del4                    
20033da0  dataBuffer                            
20033da4  g_block_lastFilled                    
20033da8  g_cWlanSecurityType                   
20033dac  g_frame_size_in_bytes                 
20033db0  g_header_length                       
20033db4  g_position_in_block                   
20033db8  g_readHeader                          
20033dc0  g_ulAppStatus                         
20033dc4  gdoor_40deg_angle                     
20033dc8  gdoor_90deg_angle                     
20033dd4  avg_buffer_cnt                        
20033dd5  checkForLight_Flag                    
20033dd6  cnt_prakz2                            
20033dd8  g_flag_DataBlockFilled                
20033dd9  g_flag_door_closing_45degree          
20033dda  g_frame_end                           
20033ddb  g_ucAngle40                           
20033ddc  g_ucAngle90                           
20033ddd  g_ucCalibration                       
20033dde  g_ucConfig                            
20033ddf  g_ucExitButton                        
20033de0  g_ucMagCalb                           
20033de1  g_ucProfileAdded                      
20033de2  gdoor_dirCW                           
20033de3  ginvalid_angle_entry                  
20033de4  iDone                                 
20033de5  isitfirsttime                         
20033de6  open1_close0_invalid2                 
20033de7  valid_case                            
20033de8  _sys_memory                           
ffffffff  __binit__                             
ffffffff  __c_args__                            
ffffffff  binit                                 
UNDEFED   SHT$$INIT_ARRAY$$Base                 
UNDEFED   SHT$$INIT_ARRAY$$Limit                

[903 symbols]
