******************************************************************************
                  TI ARM Linker PC v5.2.2                      
******************************************************************************
>> Linked Wed Sep 30 17:16:59 2015

OUTPUT FILE NAME:   <ULP_SEC_CAM.out>
ENTRY POINT SYMBOL: "_c_int00"  address: 2001e319


MEMORY CONFIGURATION

         name            origin    length      used     unused   attr    fill
----------------------  --------  ---------  --------  --------  ----  --------
  SRAM_BOOTLDR          20000000   00004000  000029c0  00001640  RW X
  SRAM_CODE             20004000   0001fc00  0001d214  000029ec  RW X
  SRAM_DATA             20023c00   0001c400  0001c097  00000369  RW X


SEGMENT ALLOCATION MAP

run origin  load origin   length   init length attrs members
----------  ----------- ---------- ----------- ----- -------
20000000    20000000    000009c0   00000000    rw-
  20000000    20000000    000009c0   00000000    rw- .data
20002000    20002000    00002000   00000000    rw-
  20002000    20002000    00002000   00000000    rw- .stack
20004000    20004000    0001d218   0001d218    r-x
  20004000    20004000    00000400   00000400    r-- .intvecs
  20004400    20004400    0001ba38   0001ba38    r-x .text
  2001fe38    2001fe38    00000e4c   00000e4c    r-- .const
  20020c88    20020c88    00000590   00000590    r-- .cinit
20023c00    20023c00    0001c098   00000000    rw-
  20023c00    20023c00    00017097   00000000    rw- .bss
  2003ac98    2003ac98    00005000   00000000    rw- .sysmem


SECTION ALLOCATION MAP

 output                                  attributes/
section   page    origin      length       input sections
--------  ----  ----------  ----------   ----------------
.data      0    20000000    000009c0     UNINITIALIZED
                  20000000    000003c9     cc3200_certificate.obj (.data:DigiCertHighAssuranceEVRootCA_der)
                  200003c9    00000001     Camera_setup.obj (.data)
                  200003ca    00000001     tasks.obj (.data)
                  200003cb    00000001     --HOLE--
                  200003cc    000000f0     rtsv7M4_T_le_eabi.lib : defs.obj (.data:_ftable)
                  200004bc    000000d0                           : lowlev.obj (.data)
                  2000058c    000000b0                           : signal.obj (.data:sigtable)
                  2000063c    00000004     camera_peripheral.obj (.data)
                  20000640    00000080     rtsv7M4_T_le_eabi.lib : xvalues.obj (.data)
                  200006c0    00000068                           : xfvalues.obj (.data)
                  20000728    00000064     http_server_callback.obj (.data:Token)
                  2000078c    00000064     http_server_callback.obj (.data:Value)
                  200007f0    00000040     Jpeg.obj (.data:JPEG_StdQuantTblC)
                  20000830    00000040     Jpeg.obj (.data:JPEG_StdQuantTblY)
                  20000870    00000040     Jpeg.obj (.data:zigzag)
                  200008b0    00000034     free_rtos.a : tasks.obj (.data)
                  200008e4    00000024     main.obj (.data)
                  20000908    00000018     cc3200_utils.obj (.data)
                  20000920    00000018     request.obj (.data)
                  20000938    00000010     rtsv7M4_T_le_eabi.lib : defs.obj (.data)
                  20000948    0000000c     free_rtos.a : osi_freertos.obj (.data)
                  20000954    0000000c     rtsv7M4_T_le_eabi.lib : memory.obj (.data)
                  20000960    00000009     simplelink.a : cc_pal.obj (.data)
                  20000969    00000003     --HOLE--
                  2000096c    00000009                  : driver.obj (.data)
                  20000975    00000003     --HOLE--
                  20000978    00000008     rtsv7M4_T_le_eabi.lib : _lock.obj (.data)
                  20000980    00000008                           : exit.obj (.data)
                  20000988    00000008                           : feraiseexcept.obj (.data)
                  20000990    00000008     user_configure_fn.obj (.data)
                  20000998    00000006     http.obj (.data)
                  2000099e    00000002     --HOLE--
                  200009a0    00000004     cc3200_certificate.obj (.data)
                  200009a4    00000004     free_rtos.a : port.obj (.data)
                  200009a8    00000004     middleware.a : rtc_hal.obj (.data)
                  200009ac    00000004     ota.a : OtaHttp.obj (.data)
                  200009b0    00000004     rtsv7M4_T_le_eabi.lib : errno.obj (.data)
                  200009b4    00000004                           : fopen.obj (.data)
                  200009b8    00000004                           : rand.obj (.data)
                  200009bc    00000004                           : stkdepth_vars.obj (.data)

.TI.persistent 
*          0    20000000    00000000     UNINITIALIZED

.stack     0    20002000    00002000     UNINITIALIZED
                  20002000    00002000     --HOLE--

.intvecs   0    20004000    00000400     
                  20004000    00000400     startup_ccs.obj (.intvecs)

.text      0    20004400    0001ba38     
                  20004400    00001258     free_rtos.a : tasks.obj (.text)
                  20005658    000010a6     rtsv7M4_T_le_eabi.lib : _printfi.obj (.text)
                  200066fe    00000002     startup_ccs.obj (.text:BusFaultHandler)
                  20006700    00000b24     free_rtos.a : queue.obj (.text)
                  20007224    00000a08     magnetic.obj (.text:fUpdateCalibration10EIG)
                  20007c2c    00000788     magnetic.obj (.text:fUpdateCalibration4INV)
                  200083b4    00000694     magnetic.obj (.text:fUpdateCalibration7EIG)
                  20008a48    00000688     matrix.obj (.text:eigencompute)
                  200090d0    00000610     ota.a : OtaHttp.obj (.text)
                  200096e0    000005ec     simplelink.a : driver.obj (.text:_SlDrvMsgRead)
                  20009ccc    000005c0     user_configure_fn.obj (.text:User_Configure)
                  2000a28c    00000584     magnetic.obj (.text:iUpdateMagnetometerBuffer)
                  2000a810    00000580     http_server_callback.obj (.text:SimpleLinkHttpServerCallback)
                  2000ad90    000004be     cc3200_utils.obj (.text:createNewInstallationId)
                  2000b24e    00000002     startup_ccs.obj (.text:FaultISR)
                  2000b250    0000048c     request.obj (.text:buildRequestHeaders)
                  2000b6dc    0000045c     free_rtos.a : osi_freertos.obj (.text)
                  2000bb38    0000044c     application_fn.obj (.text:application_fn)
                  2000bf84    00000434     parse_uploads.obj (.text:ConstructGroundDataObject)
                  2000c3b8    00000424     ota.a : OtaClient.obj (.text)
                  2000c7dc    00000414     sntp.obj (.text:GetSNTPTime)
                  2000cbf0    0000040c     ota.a : OtaApp.obj (.text)
                  2000cffc    000003dc     rtsv7M4_T_le_eabi.lib : memory.obj (.text)
                  2000d3d8    000003b8     matrix.obj (.text:fmatrixAeqInvA)
                  2000d790    00000378     rtsv7M4_T_le_eabi.lib : powf.obj (.text)
                  2000db08    0000035c     ota.a : CdnClient.obj (.text)
                  2000de64    00000354     orientation.obj (.text:feCompassWin8)
                  2000e1b8    00000338     ota.a : LogClient.obj (.text)
                  2000e4f0    0000030c     rtsv7M4_T_le_eabi.lib : lowlev.obj (.text)
                  2000e7fc    000002d4                           : trgdrv.obj (.text)
                  2000ead0    00000298                           : vla_alloc.obj (.text)
                  2000ed68    0000026e     simplejson.obj (.text:simpleJsonProcessor)
                  2000efd6    00000002     driverlib.a : interrupt.obj (.text:IntDefaultHandler)
                  2000efd8    00000254     door_position_check_algorithm.obj (.text:check_doorpos)
                  2000f22c    00000248     Calibrate_magnetometer.obj (.text:Get_Calibration_MagSensor)
                  2000f474    00000248     simplelink.a : driver.obj (.text:_SlDrvRxHdrRead)
                  2000f6bc    00000244                  : wlan.obj (.text:sl_WlanConnect)
                  2000f900    00000230     nwp_configure.obj (.text:ConfigureSimpleLinkToDefaultState)
                  2000fb30    00000230     light_sens_isl29035.obj (.text:configureISL29035)
                  2000fd60    00000220     parse_uploads.obj (.text:ConstructUserConfigObject)
                  2000ff80    00000220     rtsv7M4_T_le_eabi.lib : ll_div_t2.obj (.text)
                  200101a0    0000021c     mt9d111_driver_read_write_fns.obj (.text:RegLstWrite)
                  200103bc    0000020c     Camera_capture.obj (.text:CaptureImage)
                  200105c8    00000200     request.obj (.text:payloadSend)
                  200107c8    000001f4     rtsv7M4_T_le_eabi.lib : ull_div_t2.obj (.text)
                  200109bc    000001ec     parse_uploads.obj (.text:ConstructDeviceStateObject)
                  20010ba8    000001e4     Wifi_provisioning.obj (.text:WiFiProvisioning)
                  20010d8c    000001e0     Fxos8700_initialization.obj (.text:angleCheck_Initializations)
                  20010f6c    000001d0     simplelink.a : driver.obj (.text:_SlDrvReleasePoolObj)
                  2001113c    000001cc                  : driver.obj (.text:_SlDrvMsgWrite)
                  20011308    000001c4     rtsv7M4_T_le_eabi.lib : fopen.obj (.text)
                  200114cc    000001c0     tasks.obj (.text:RdSensData_Run)
                  2001168c    000001c0     magnetic.obj (.text:fInvertMagCal)
                  2001184c    000001bc     tasks.obj (.text:MagCal_Run)
                  20011a08    000001bc     rtsv7M4_T_le_eabi.lib : xflog.obj (.text)
                  20011bc4    000001b6                           : fd_add_t2.obj (.text)
                  20011d7a    00000002     startup_ccs.obj (.text:IntDefaultHandler)
                  20011d7c    000001ac     main.obj (.text:main)
                  20011f28    000001a4     camera_peripheral.obj (.text:CameraIntHandler)
                  200120cc    000001a4     orientation.obj (.text:fQuaternionFromRotationMatrix)
                  20012270    000001a4     cc3200_socket.obj (.text:socketSslConnect)
                  20012414    0000019c     rtsv7M4_T_le_eabi.lib : xfsin.obj (.text)
                  200125b0    00000190     simplelink.a : driver.obj (.text:_SlDrvWaitForPoolObj)
                  20012740    00000188     matrix.obj (.text:f3x3matrixAeqInvSymB)
                  200128c8    00000184     flc.a : flc.obj (.text)
                  20012a4c    00000184     request.obj (.text:sendRequest)
                  20012bd0    00000180     orientation.obj (.text:fWin8AnglesDegFromRotationMatrix)
                  20012d50    00000178     rtsv7M4_T_le_eabi.lib : tanf.obj (.text)
                  20012ec8    00000178                           : xfexp.obj (.text)
                  20013040    00000174     simplelink.a : driver.obj (.text:_SlDrvDriverCBInit)
                  200131b4    00000174     magnetic.obj (.text:fInitMagCalibration)
                  20013328    00000170     simplelink.a : driver.obj (.text:_SlFindAndSetActiveObj)
                  20013498    0000016c     Send_object_to_Parse.obj (.text:SendObject_ToParse)
                  20013604    00000168     Ota_update.obj (.text:OTAServerInfoSet)
                  2001376c    00000160     tasks.obj (.text:Fusion_Run)
                  200138cc    00000158     Open_angle_calc_from_90_and_40.obj (.text:Calculate_DoorOpenThresholdAngle)
                  20013a24    00000158     drivers.obj (.text:FXOS8700_Init)
                  20013b7c    00000158     orientation.obj (.text:qAeqAxB)
                  20013cd4    00000158     orientation.obj (.text:qconjgAxB)
                  20013e2c    00000154     wlan_event_handler.obj (.text:SimpleLinkWlanEventHandler)
                  20013f80    00000150     simplelink.a : cc_pal.obj (.text:spi_Open)
                  200140d0    0000014c     Preview_image_capture.obj (.text:CaptureandSavePreviewImage)
                  2001421c    0000014c     Ota_update.obj (.text:OTA_Run)
                  20014368    0000014c     parse_uploads.obj (.text:UploadFirmwareVersionObjectToParse)
                  200144b4    00000140     Shift_to_true_min_max_angles.obj (.text:Calculate_TrueMinMaxAngles)
                  200145f4    0000013c     rtsv7M4_T_le_eabi.lib : fmodf.obj (.text)
                  20014730    0000013c     simplelink.a : socket.obj (.text:sl_Select)
                  2001486c    00000138     i2cconfig.obj (.text:I2CBufferRead)
                  200149a4    00000138     Task_capture_configs.obj (.text:ImageSensor_CaptureConfigs_Task)
                  20014adc    00000138     orientation.obj (.text:fLPFOrientationQuaternion)
                  20014c14    00000138     orientation.obj (.text:fRotationMatrixFromQuaternion)
                  20014d4c    00000136     rtsv7M4_T_le_eabi.lib : fd_div_t2.obj (.text)
                  20014e82    00000002     startup_ccs.obj (.text:NmiSR)
                  20014e84    00000134     driverlib.a : prcm.obj (.text:PRCMCC3200MCUInit)
                  20014fb8    00000134     rtsv7M4_T_le_eabi.lib : fputs.obj (.text)
                  200150ec    00000130     i2cconfig.obj (.text:I2CBufferWrite)
                  2001521c    0000012a     free_rtos.a : list.obj (.text)
                  20015346    00000002     main.obj (.text:vApplicationIdleHook)
                  20015348    00000128     simplelink.a : driver.obj (.text:_SlDrvDataReadOp)
                  20015470    00000120     Connect_to_wifi.obj (.text:initNetwork)
                  20015590    00000118     simplelink.a : socket.obj (.text:sl_SendTo)
                  200156a8    00000110     mt9d111_inits.obj (.text:RestartSensorInJpegMode)
                  200157b8    00000110     free_rtos.a : port.obj (.text)
                  200158c8    00000110     rtsv7M4_T_le_eabi.lib : xdscale.obj (.text)
                  200159d8    0000010c     hibernate.obj (.text:HIBernate)
                  20015ae4    0000010c     simplelink.a : socket.obj (.text:sl_RecvFrom)
                  20015bf0    0000010a     drivers.obj (.text:FXOS8700_ReadData)
                  20015cfa    00000002     main.obj (.text:vApplicationMallocFailedHook)
                  20015cfc    00000108     middleware.a : rtc_hal.obj (.text:rtc_fast_domain_counter_rd)
                  20015e04    00000108     simplelink.a : socket.obj (.text:sl_Connect)
                  20015f0c    00000108                  : socket.obj (.text:sl_Send)
                  20016014    00000104                  : driver.obj (.text:_SlDrvDataWriteOp)
                  20016118    00000104                  : netapp.obj (.text:sl_NetAppDnsGetHostByName)
                  2001621c    00000100     cc3200_client_state.obj (.text:loadClientState)
                  2001631c    000000fe     simplelink.a : netapp.obj (.text:_SlDrvNetAppEventHandler)
                  2001641a    00000002     --HOLE-- [fill = 0]
                  2001641c    000000fc     main.obj (.text:InitializeAppVariables)
                  20016518    000000fc     pinmux.obj (.text:PinMuxConfig)
                  20016614    000000fc     orientation.obj (.text:fqAeqNormqA)
                  20016710    000000fc     rtsv7M4_T_le_eabi.lib : fd_mul_t2.obj (.text)
                  2001680c    000000fa                           : fs_add_t2.obj (.text)
                  20016906    00000002     --HOLE-- [fill = 0]
                  20016908    000000f8     sntp.obj (.text:GetTimeNTP)
                  20016a00    000000f8     Task_main.obj (.text:Main_Task_withHibernate)
                  20016af8    000000f8     Connect_to_wifi.obj (.text:WiFi_Connect)
                  20016bf0    000000f8     cc3200_certificate.obj (.text:ensureCertificateFile)
                  20016ce8    000000f4     mt9d111_imaging_settings.obj (.text:SetAnalogGain)
                  20016ddc    000000f4     mt9d111_imaging_settings.obj (.text:SetDigitalGain)
                  20016ed0    000000f4     simplelink.a : driver.obj (.text:_SlDrvDriverCBDeinit)
                  20016fc4    000000f4     installation.obj (.text:getInstallation)
                  200170b8    000000f4     reusable.obj (.text:intToASCII)
                  200171ac    000000f4     simplelink.a : fs.obj (.text:sl_FsRead)
                  200172a0    000000f2     cc3200_socket.obj (.text:socketRead)
                  20017392    00000002     --HOLE-- [fill = 0]
                  20017394    000000f0     driverlib.a : udma.obj (.text:uDMAChannelTransferSet)
                  20017484    000000ec     orientation.obj (.text:fRotationVectorDegFromQuaternion)
                  20017570    000000ec     Temp_rh_sens_si7020.obj (.text:getTempRH)
                  2001765c    000000ec     simplelink.a : fs.obj (.text:sl_FsWrite)
                  20017748    000000e8     Min_max.obj (.text:Check_MinMax)
                  20017830    000000e8     mt9d111_driver_read_write_fns.obj (.text:Register_Read)
                  20017918    000000e4     mt9d111_imaging_settings.obj (.text:SetInitialGain)
                  200179fc    000000e4     fusion.obj (.text:fRun_6DOF_GB_BASIC)
                  20017ae0    000000e0     Start_AP_mode.obj (.text:AccessPtMode_HTTPServer_Start)
                  20017bc0    000000dc     rtsv7M4_T_le_eabi.lib : setvbuf.obj (.text)
                  20017c9c    000000dc     simplelink.a : cc_pal.obj (.text:spi_Read)
                  20017d78    000000da     get_fridge_cam_id.obj (.text:Get_FridgeCamID)
                  20017e52    00000002     --HOLE-- [fill = 0]
                  20017e54    000000d8     Config_angles.obj (.text:CollectAngle)
                  20017f2c    000000d8     simplelink.a : driver.obj (.text:_SlDrvClassifyRxMsg)
                  20018004    000000d8     rtsv7M4_T_le_eabi.lib : xfatan.obj (.text)
                  200180dc    000000d4     camera_peripheral.obj (.text:DMAConfig)
                  200181b0    000000d4     i2c_app.obj (.text:i2cWriteRegisters)
                  20018284    000000d4     simplelink.a : device.obj (.text:sl_Stop)
                  20018358    000000d0     rtsv7M4_T_le_eabi.lib : xfdscale.obj (.text)
                  20018428    000000cc     Task_user_config.obj (.text:UserConfigure_Task)
                  200184f4    000000cc     approximations.obj (.text:fatan_deg)
                  200185c0    000000cc     rtsv7M4_T_le_eabi.lib : sqrtf.obj (.text)
                  2001868c    000000c8     flash_file_operations.obj (.text:WriteFile_ToFlash)
                  20018754    000000c8     simplelink.a : netapp.obj (.text:_sl_HandleAsync_DnsGetHostByService)
                  2001881c    000000c8     rtsv7M4_T_le_eabi.lib : fflush.obj (.text)
                  200188e4    000000c4     simplelink.a : driver.obj (.text:_SlRemoveFromList)
                  200189a8    000000c0     i2c_if.obj (.text:I2C_IF_Read)
                  20018a68    000000c0     parse_uploads.obj (.text:UploadSensorDataToParse)
                  20018b28    000000be     rtsv7M4_T_le_eabi.lib : xdnorm.obj (.text)
                  20018be6    00000002     --HOLE-- [fill = 0]
                  20018be8    000000bc     i2c_if.obj (.text:I2C_IF_Write)
                  20018ca4    000000bc     simplelink.a : driver.obj (.text:_SlDrvMsgReadCmdCtx)
                  20018d60    000000bc     rtsv7M4_T_le_eabi.lib : acosf.obj (.text)
                  20018e1c    000000bc     simplelink.a : device.obj (.text:sl_Start)
                  20018ed8    000000ba     free_rtos.a : portasm.obj (.text)
                  20018f92    00000002     --HOLE-- [fill = 0]
                  20018f94    000000b8     simplelink.a : driver.obj (.text:_SlAsyncEventGenericHandler)
                  2001904c    000000b8     installation.obj (.text:createInstallation)
                  20019104    000000b4     simplelink.a : netapp.obj (.text:sl_NetAppMDNSRegisterUnregisterService)
                  200191b8    000000ac     rtsv7M4_T_le_eabi.lib : _io_perm.obj (.text)
                  20019264    000000ab     installation.obj (.text:getInstallationByIdCallback)
                  2001930f    00000001     --HOLE-- [fill = 0]
                  20019310    000000aa     uart_if.obj (.text:Report)
                  200193ba    00000002     --HOLE-- [fill = 0]
                  200193bc    000000a8     driverlib.a : interrupt.obj (.text:IntDisable)
                  20019464    000000a8                 : interrupt.obj (.text:IntEnable)
                  2001950c    000000a8     parse_uploads.obj (.text:UploadImageToParse)
                  200195b4    000000a8     simplelink.a : netcfg.obj (.text:sl_NetCfgGet)
                  2001965c    000000a0     flash_file_operations.obj (.text:ReadFile_FromFlash)
                  200196fc    000000a0     driverlib.a : spi.obj (.text:SPIConfigSetExpClk)
                  2001979c    000000a0     parse_uploads.obj (.text:UploadGroundDataObjectToParse)
                  2001983c    000000a0     cc3200_socket.obj (.text:socketWrite)
                  200198dc    0000009e     matrix.obj (.text:f3x3matrixDetA)
                  2001997a    00000002     --HOLE-- [fill = 0]
                  2001997c    0000009c     parse_uploads.obj (.text:UploadUserConfigObjectToParse)
                  20019a18    0000009c     simplelink.a : driver.obj (.text:_SlDrvMsgReadSpawnCtx)
                  20019ab4    0000009c     approximations.obj (.text:fatan2_deg)
                  20019b50    0000009c     i2c_app.obj (.text:i2cReadRegistersTwoBytes)
                  20019bec    0000009c     rtsv7M4_T_le_eabi.lib : memcpy_t2.obj (.text)
                  20019c88    0000009c     simplelink.a : device.obj (.text:sl_DevGet)
                  20019d24    00000098     timer_fns.obj (.text:IntrptHandler_LEDTimer)
                  20019dbc    00000098     simplelink.a : fs.obj (.text:_sl_GetCreateFsMode)
                  20019e54    00000098     i2c_app.obj (.text:i2cReadRegisters)
                  20019eec    00000098     rtsv7M4_T_le_eabi.lib : fclose.obj (.text)
                  20019f84    00000098                           : fputc.obj (.text)
                  2001a01c    00000096     add_number_field_to_json_string.obj (.text:Add_NumberField_ToJSONString)
                  2001a0b2    00000002     --HOLE-- [fill = 0]
                  2001a0b4    00000094     Jpeg.obj (.text:Modify_JPEGHeaderFile)
                  2001a148    00000094     driverlib.a : prcm.obj (.text:PRCMPeripheralClockGet)
                  2001a1dc    00000094     approximations.obj (.text:facos_deg)
                  2001a270    00000094     rtsv7M4_T_le_eabi.lib : snprintf.obj (.text)
                  2001a304    00000092     parse_impl.obj (.text:parseInitialize)
                  2001a396    00000092     rtsv7M4_T_le_eabi.lib : fs_div_t2.obj (.text)
                  2001a428    00000090     App_level_fns_battery_lvl.obj (.text:Get_BatteryPercent)
                  2001a4b8    00000090     user_configure_fn.obj (.text:InitializeUserConfigVariables)
                  2001a548    0000008c     led.obj (.text:LED_Blink_2)
                  2001a5d4    0000008c     mt9d111_imaging_settings.obj (.text:Read_AllRegisters)
                  2001a660    0000008c     simplelink.a : cc_pal.obj (.text:SetupDMAReceive)
                  2001a6ec    0000008c                  : cc_pal.obj (.text:SetupDMASend)
                  2001a778    0000008c                  : netapp.obj (.text:_sl_HandleAsync_DnsGetHostByName)
                  2001a804    0000008c                  : netapp.obj (.text:_sl_HandleAsync_PingResponse)
                  2001a890    0000008c     rtsv7M4_T_le_eabi.lib : xfdint.obj (.text)
                  2001a91c    0000008c     simplelink.a : cc_pal.obj (.text:spi_Write)
                  2001a9a8    00000088     mt9d111_power.obj (.text:EnterStandby_mt9d111)
                  2001aa30    00000088     Jpeg.obj (.text:Get_ChromQtable)
                  2001aab8    00000088     Jpeg.obj (.text:Get_LumQtable)
                  2001ab40    00000088     driverlib.a : prcm.obj (.text:PRCMHibernateIntervalSet)
                  2001abc8    00000088                 : pin.obj (.text:PinConfigSet)
                  2001ac50    00000088     Wifi_provisioning.obj (.text:WlanConnect)
                  2001acd8    00000088     rtsv7M4_T_le_eabi.lib : vsnprintf.obj (.text)
                  2001ad60    00000088     simplelink.a : socket.obj (.text:sl_Bind)
                  2001ade8    00000088                  : fs.obj (.text:sl_FsClose)
                  2001ae70    00000086     rtsv7M4_T_le_eabi.lib : fd_cmp_t2.obj (.text:__aeabi_cdcmple)
                  2001aef6    00000086                           : fd_cmp_t2.obj (.text:__aeabi_cdrcmple)
                  2001af7c    00000084     mt9d111_power.obj (.text:ExitStandby_mt9d111)
                  2001b000    00000084     timer_if.obj (.text:GetPeripheralIntNum)
                  2001b084    00000084     driverlib.a : i2c.obj (.text:I2CMasterInitExpClk)
                  2001b108    00000084     simplelink.a : cc_pal.obj (.text:NwpPowerOnPreamble)
                  2001b18c    00000084     matrix.obj (.text:f3x3matrixAeqI)
                  2001b210    00000084     fusion.obj (.text:fInit_6DOF_GB_BASIC)
                  2001b294    00000080     simplelink.a : driver.obj (.text:_SlDrvCmdOp)
                  2001b314    00000080     Temp_rh_sens_si7020.obj (.text:configureTempRHSensor)
                  2001b394    00000080     simplelink.a : cc_pal.obj (.text:spi_Read_CPU)
                  2001b414    00000080                  : cc_pal.obj (.text:spi_Write_CPU)
                  2001b494    0000007c     driverlib.a : prcm.obj (.text:PRCMRTCGet)
                  2001b510    0000007c     user_configure_fn.obj (.text:SaveImageConfig)
                  2001b58c    0000007c     simplelink.a : device.obj (.text:_sl_HandleAsync_InitComplete)
                  2001b608    0000007c     matrix.obj (.text:fmatrixAeqI)
                  2001b684    0000007c     simplelink.a : fs.obj (.text:sl_FsGetInfo)
                  2001b700    0000007a     rtsv7M4_T_le_eabi.lib : fs_mul_t2.obj (.text)
                  2001b77a    0000007a                           : memset_t2.obj (.text)
                  2001b7f4    0000007a                           : xfdnorm.obj (.text)
                  2001b86e    00000002     --HOLE-- [fill = 0]
                  2001b870    00000078     i2c_if.obj (.text:I2CTransact)
                  2001b8e8    00000078     Initialise_parse.obj (.text:InitialiseParse)
                  2001b960    00000078     Commit_firmware.obj (.text:OTA_CommitImage)
                  2001b9d8    00000078     simplelink.a : socket.obj (.text:_sl_HandleAsync_Connect)
                  2001ba50    00000078                  : fs.obj (.text:sl_FsOpen)
                  2001bac8    00000078                  : cc_pal.obj (.text:spi_Close)
                  2001bb40    00000076     driverlib.a : uart.obj (.text:UARTConfigSetExpClk)
                  2001bbb6    00000002     --HOLE-- [fill = 0]
                  2001bbb8    00000074     Camera_setup.obj (.text:Standby_ImageSensor)
                  2001bc2c    00000074     middleware.a : rtc_hal.obj (.text:rtc_value_rd)
                  2001bca0    00000074     simplelink.a : socket.obj (.text:sl_Recv)
                  2001bd14    00000073     installation.obj (.text:getInstallationCallback)
                  2001bd87    00000001     --HOLE-- [fill = 0]
                  2001bd88    00000072     timer_if.obj (.text:Timer_IF_IntSetup)
                  2001bdfa    00000002     --HOLE-- [fill = 0]
                  2001bdfc    00000070     Camera_setup.obj (.text:Start_CameraCapture)
                  2001be6c    00000070     timer_fns.obj (.text:get_timeDuration)
                  2001bedc    0000006c     camera_peripheral.obj (.text:CamControllerInit)
                  2001bf48    0000006c     udma_if.obj (.text:UDMAInit)
                  2001bfb4    0000006c     simplelink.a : driver.obj (.text:_SlDrvCmdSend)
                  2001c020    0000006c     matrix.obj (.text:f3x3matrixAeqMinusA)
                  2001c08c    0000006c     request.obj (.text:parseSendRequestInternal)
                  2001c0f8    0000006c     rtsv7M4_T_le_eabi.lib : autoinit.obj (.text)
                  2001c164    0000006c                           : fprintf.obj (.text)
                  2001c1d0    0000006c                           : fs_toll_t2.obj (.text)
                  2001c23c    0000006c     timer_fns.obj (.text:start_periodicInterrupt_timer)
                  2001c2a8    0000006a     matrix.obj (.text:f3x3matrixAeqAxScalar)
                  2001c312    0000006a     rtsv7M4_T_le_eabi.lib : copy_decompress_rle.obj (.text)
                  2001c37c    00000069     http.obj (.text:beginHttpGetRequest)
                  2001c3e5    00000003     --HOLE-- [fill = 0]
                  2001c3e8    00000068     driverlib.a : prcm.obj (.text:PRCMHibernateWakeUpGPIOSelect)
                  2001c450    00000068     mt9d111_imaging_settings.obj (.text:ReadGainReg)
                  2001c4b8    00000068     user_configure_fn.obj (.text:SaveUserConfigs)
                  2001c520    00000068     simplelink.a : netapp.obj (.text:_sl_NetAppSendTokenValue)
                  2001c588    00000068     cc3200_utils.obj (.text:fetchDeviceOSVersion)
                  2001c5f0    00000068     rtsv7M4_T_le_eabi.lib : trgmsg.obj (.text)
                  2001c658    00000068     simplelink.a : device.obj (.text:sl_DevSet)
                  2001c6c0    00000068                  : netcfg.obj (.text:sl_NetCfgSet)
                  2001c728    00000068                  : socket.obj (.text:sl_SetSockOpt)
                  2001c790    00000068                  : wlan.obj (.text:sl_WlanSet)
                  2001c7f8    00000066     matrix.obj (.text:f3x3matrixAeqScalar)
                  2001c85e    00000066     rtsv7M4_T_le_eabi.lib : xdunscal.obj (.text)
                  2001c8c4    00000064                           : fseek.obj (.text)
                  2001c928    00000064     cc3200_socket.obj (.text:socketWait)
                  2001c98c    00000064     driverlib.a : udma.obj (.text:uDMAChannelAttributeDisable)
                  2001c9f0    00000064                 : udma.obj (.text:uDMAChannelAttributeEnable)
                  2001ca54    00000060     rtsv7M4_T_le_eabi.lib : fs_cmp_t2.obj (.text:__aeabi_cfcmple)
                  2001cab4    00000060                           : fs_cmp_t2.obj (.text:__aeabi_cfrcmple)
                  2001cb14    00000060     simplelink.a : socket.obj (.text:_sl_HandleAsync_Accept)
                  2001cb74    00000060     Fxos8700_initialization.obj (.text:fxosDefault_Initializations)
                  2001cbd4    00000060     light_sens_isl29035.obj (.text:getLightsensor_data)
                  2001cc34    00000060     rtsv7M4_T_le_eabi.lib : sprintf.obj (.text)
                  2001cc94    00000060     simplelink.a : wlan.obj (.text:sl_WlanPolicySet)
                  2001ccf4    0000005c                  : socket.obj (.text:sl_Socket)
                  2001cd50    00000058     driverlib.a : interrupt.obj (.text:IntPendClear)
                  2001cda8    00000058                 : prcm.obj (.text:PRCMPeripheralReset)
                  2001ce00    00000056     rtsv7M4_T_le_eabi.lib : ltoa.obj (.text)
                  2001ce56    00000056                           : xfdunsca.obj (.text)
                  2001ceac    00000054     driverlib.a : interrupt.obj (.text:IntPrioritySet)
                  2001cf00    00000054     simplelink.a : socket.obj (.text:_sl_HandleAsync_Select)
                  2001cf54    00000054     approximations.obj (.text:fasin_deg)
                  2001cfa8    00000054     request.obj (.text:headerSend)
                  2001cffc    00000054     simplelink.a : wlan.obj (.text:sl_WlanRxFilterSet)
                  2001d050    00000051     installation.obj (.text:createInstallationCallback)
                  2001d0a1    00000003     --HOLE-- [fill = 0]
                  2001d0a4    00000050     i2c_if.obj (.text:I2C_IF_Open)
                  2001d0f4    00000050     driverlib.a : prcm.obj (.text:PRCMSlowClkCtrGet)
                  2001d144    00000050     Camera_setup.obj (.text:Restart_Camera)
                  2001d194    00000050     simplelink.a : device.obj (.text:_sl_HandleAsync_Stop)
                  2001d1e4    00000050     mt9d111_imaging_settings.obj (.text:disableAE)
                  2001d234    00000050     mt9d111_imaging_settings.obj (.text:disableAWB)
                  2001d284    00000050     mt9d111_imaging_settings.obj (.text:enableAWB)
                  2001d2d4    00000050     Get_door_angle.obj (.text:get_angle)
                  2001d324    00000050     rtsv7M4_T_le_eabi.lib : fs_toull_t2.obj (.text)
                  2001d374    00000050     simplelink.a : fs.obj (.text:sl_FsDel)
                  2001d3c4    0000004c     nwp.obj (.text:NWP_SwitchOn)
                  2001d410    0000004c     tasks.obj (.text:RdSensData_Init)
                  2001d45c    0000004c     driverlib.a : spi.obj (.text:SPIIntEnable)
                  2001d4a8    0000004c     simplelink.a : driver.obj (.text:_SlDrvProtectAsyncRespSetting)
                  2001d4f4    0000004c                  : driver.obj (.text:_SlDrvRxIrqHandler)
                  2001d540    0000004c                  : socket.obj (.text:_sl_BuildAddress)
                  2001d58c    0000004c     rtsv7M4_T_le_eabi.lib : atoi.obj (.text)
                  2001d5d8    0000004c                           : atol.obj (.text)
                  2001d624    0000004c                           : cpy_tbl.obj (.text)
                  2001d670    0000004c                           : rand.obj (.text)
                  2001d6bc    0000004c     driverlib.a : udma.obj (.text:uDMAChannelAssign)
                  2001d708    0000004c     middleware.a : util64.obj (.text:util_u32_nsec_add)
                  2001d754    0000004a     rtsv7M4_T_le_eabi.lib : fd_tos_t2.obj (.text)
                  2001d79e    00000002     --HOLE-- [fill = 0]
                  2001d7a0    00000048     nwp.obj (.text:NWP_SwitchOff)
                  2001d7e8    00000048     driverlib.a : prcm.obj (.text:PRCMHibernateWakeupSourceDisable)
                  2001d830    00000048                 : prcm.obj (.text:PRCMHibernateWakeupSourceEnable)
                  2001d878    00000048     mt9d111_imaging_settings.obj (.text:ReadImageConfigReg)
                  2001d8c0    00000048     driverlib.a : spi.obj (.text:SPIIntClear)
                  2001d908    00000048     mt9d111_driver_read_write_fns.obj (.text:Variable_Read)
                  2001d950    00000048     watchdog.obj (.text:WatchdogIntHandler)
                  2001d998    00000048     simplelink.a : driver.obj (.text:_SlDrvBasicCmd)
                  2001d9e0    00000048     http.obj (.text:addHttpRequestLine)
                  2001da28    00000048     approximations.obj (.text:fatan_15deg)
                  2001da70    00000048     rtsv7M4_T_le_eabi.lib : fd_toi_t2.obj (.text)
                  2001dab8    00000048     Temp_rh_sens_si7020.obj (.text:verifyTempRHSensor)
                  2001db00    00000046     rtsv7M4_T_le_eabi.lib : ldexp.obj (.text)
                  2001db46    00000002     --HOLE-- [fill = 0]
                  2001db48    00000044     App_level_fns_battery_lvl.obj (.text:Get_BatteryVoltage)
                  2001db8c    00000044     driverlib.a : spi.obj (.text:SPIDmaMaskGet)
                  2001dbd0    00000044     netapp_event_handler.obj (.text:SimpleLinkNetAppEventHandler)
                  2001dc14    00000044     driverlib.a : timer.obj (.text:TimerConfigure)
                  2001dc58    00000044     udma_if.obj (.text:UDMASetupTransfer)
                  2001dc9c    00000044     simplelink.a : cc_pal.obj (.text:cc_SetupTransfer)
                  2001dce0    00000044     fxos8700_calibrate.obj (.text:fxos_Calibration)
                  2001dd24    00000044     rtsv7M4_T_le_eabi.lib : exit.obj (.text)
                  2001dd68    00000044                           : fd_tou_t2.obj (.text)
                  2001ddac    00000044     light_sens_isl29035.obj (.text:verifyISL29035)
                  2001ddf0    00000042     simplelink.a : socket.obj (.text:sl_Htonl)
                  2001de32    00000002     --HOLE-- [fill = 0]
                  2001de34    00000040     mt9d111_imaging_settings.obj (.text:CCMRegs_Read)
                  2001de74    00000040     Camera_setup.obj (.text:Config_CameraCapture)
                  2001deb4    00000040     nwp_configure.obj (.text:ConfigureMode)
                  2001def4    00000040     Camera_setup.obj (.text:ImagCapture_Init)
                  2001df34    00000040     mt9d111_imaging_settings.obj (.text:PCLK_Rate_read)
                  2001df74    00000040     driverlib.a : pin.obj (.text:PinModeSet)
                  2001dfb4    00000040     mt9d111_driver_read_write_fns.obj (.text:Variable_Write)
                  2001dff4    00000040     watchdog.obj (.text:WDT_init)
                  2001e034    00000040     http.obj (.text:getHttpResponseBody)
                  2001e074    00000040     rtsv7M4_T_le_eabi.lib : signal.obj (.text)
                  2001e0b4    00000040     timer_fns.obj (.text:start_1Sec_TimeoutTimer)
                  2001e0f4    00000040     accelomtr_magntomtr_fxos8700.obj (.text:verifyAccelMagnSensor)
                  2001e134    0000003e     rtsv7M4_T_le_eabi.lib : strncasecmp.obj (.text)
                  2001e172    0000003c     simplelink.a : netapp.obj (.text:CopyPingResultsToReport)
                  2001e1ae    00000002     --HOLE-- [fill = 0]
                  2001e1b0    0000003c     tasks.obj (.text:Fusion_Init)
                  2001e1ec    0000003c     Ota_update.obj (.text:OTA_Init)
                  2001e228    0000003c     driverlib.a : prcm.obj (.text:PRCMPeripheralClkEnable)
                  2001e264    0000003c                 : prcm.obj (.text:PRCMSlowClkCtrFastGet)
                  2001e2a0    0000003c     mt9d111_driver_read_write_fns.obj (.text:Reg_Read)
                  2001e2dc    0000003c     simplelink.a : socket.obj (.text:_sl_TruncatePayloadByProtocol)
                  2001e318    0000003c     rtsv7M4_T_le_eabi.lib : boot.obj (.text)
                  2001e354    0000003c     simplelink.a : socket.obj (.text:sl_Htons)
                  2001e390    0000003c     timer_fns.obj (.text:start_100mSecTimer)
                  2001e3cc    0000003c     driverlib.a : udma.obj (.text:uDMAChannelControlSet)
                  2001e408    0000003a                 : camera.obj (.text:CameraCaptureStop)
                  2001e442    0000003a                 : camera.obj (.text:CameraXClkConfig)
                  2001e47c    0000003a     mt9d111_driver_read_write_fns.obj (.text:Reg_Write)
                  2001e4b6    0000003a     orientation.obj (.text:fLPFScalar)
                  2001e4f0    0000003a     request.obj (.text:parseSendRequest)
                  2001e52a    00000002     --HOLE-- [fill = 0]
                  2001e52c    00000039     http.obj (.text:addHttpRequestHeader)
                  2001e565    00000003     --HOLE-- [fill = 0]
                  2001e568    00000038     main.obj (.text:BoardInit)
                  2001e5a0    00000038     battery_volt_lvl_adc081c021.obj (.text:Get_BatteryVoltageLevel_ADC081C021)
                  2001e5d8    00000038     timer_fns.obj (.text:LEDTimer_Enable)
                  2001e610    00000038     sntp.obj (.text:Network_IF_GetHostIP)
                  2001e648    00000038     simplelink.a : cc_pal.obj (.text:NwpPowerOff)
                  2001e680    00000038     wdt_if.obj (.text:WDT_IF_Init)
                  2001e6b8    00000038     Camera_setup.obj (.text:Wakeup_ImageSensor)
                  2001e6f0    00000038     free_rtos.a : heap_3.obj (.text)
                  2001e728    00000038     rtsv7M4_T_le_eabi.lib : fs_tod_t2.obj (.text)
                  2001e760    00000038                           : fs_toi_t2.obj (.text)
                  2001e798    00000038                           : i_tofs_t2.obj (.text)
                  2001e7d0    00000036     driverlib.a : gpio.obj (.text:GPIODirModeSet)
                  2001e806    00000036     simplelink.a : netapp.obj (.text:sl_NetAppMDNSUnRegisterService)
                  2001e83c    00000035     http.obj (.text:beginHttpRequest)
                  2001e871    00000001     --HOLE-- [fill = 0]
                  2001e872    00000034     driverlib.a : camera.obj (.text:CameraParamsConfig)
                  2001e8a6    00000002     --HOLE-- [fill = 0]
                  2001e8a8    00000034     timer_fns.obj (.text:LEDTimer_Start)
                  2001e8dc    00000034     driverlib.a : prcm.obj (.text:PRCMPeripheralStatusGet)
                  2001e910    00000034     light_sens_isl29035.obj (.text:PowerDown_ISL29035)
                  2001e944    00000034     driverlib.a : spi.obj (.text:SPIFIFOLevelSet)
                  2001e978    00000034     mt9d111_common.obj (.text:Verify_ImageSensor)
                  2001e9ac    00000034     http.obj (.text:getHttpResponseStatus)
                  2001e9e0    00000034     rtsv7M4_T_le_eabi.lib : feraiseexcept.obj (.text)
                  2001ea14    00000034                           : fs_tou_t2.obj (.text)
                  2001ea48    00000034                           : strstr.obj (.text)
                  2001ea7c    00000032     timer_if.obj (.text:Timer_IF_Init)
                  2001eaae    00000030     driverlib.a : pin.obj (.text:PinTypeGPIO)
                  2001eade    00000002     --HOLE-- [fill = 0]
                  2001eae0    00000030     reset.obj (.text:Reset_byStarvingWDT)
                  2001eb10    00000030     mt9d111_inits.obj (.text:StartSensorInJpegMode)
                  2001eb40    00000030     driverlib.a : uart.obj (.text:UARTDisable)
                  2001eb70    00000030     simplelink.a : device.obj (.text:_SlDrvDeviceEventHandler)
                  2001eba0    00000030                  : fs.obj (.text:_sl_Strlen)
                  2001ebd0    00000030     middleware.a : rtc_hal.obj (.text:hw_access_time_addup)
                  2001ec00    00000030     rtsv7M4_T_le_eabi.lib : strncpy.obj (.text)
                  2001ec30    00000030                           : xferaise.obj (.text)
                  2001ec60    00000030     simplelink.a : socket.obj (.text:sl_Close)
                  2001ec90    00000030                  : wlan.obj (.text:sl_WlanProfileDel)
                  2001ecc0    00000030                  : wlan.obj (.text:sl_WlanSetMode)
                  2001ecf0    00000030     Temp_rh_sens_si7020.obj (.text:softResetTempRHSensor)
                  2001ed20    0000002e     rtsv7M4_T_le_eabi.lib : i_tofd_t2.obj (.text)
                  2001ed4e    0000002e                           : raise.obj (.text)
                  2001ed7c    0000002d     http.obj (.text:addHttpRequestHeaderInt)
                  2001eda9    00000003     --HOLE-- [fill = 0]
                  2001edac    0000002c     tasks.obj (.text:ApplyMagHAL)
                  2001edd8    0000002c     driverlib.a : camera.obj (.text:CameraIntDisable)
                  2001ee04    0000002c                 : camera.obj (.text:CameraIntEnable)
                  2001ee30    0000002c     simplelink.a : cc_pal.obj (.text:DmaSpiSwIntHandler)
                  2001ee5c    0000002c     driverlib.a : i2c.obj (.text:I2CMasterErr)
                  2001ee88    0000002c     timer_fns.obj (.text:IntHandler_1Sec_TimeoutTimer)
                  2001eeb4    0000002c     driverlib.a : prcm.obj (.text:PRCMSysResetCauseGet)
                  2001eee0    0000002c     mt9d111_common.obj (.text:SoftReset_ImageSensor)
                  2001ef0c    0000002c     cc3200_utils.obj (.text:getDeviceTimeDate)
                  2001ef38    0000002c     request.obj (.text:setDataBufferPointer)
                  2001ef64    0000002c     accelomtr_magntomtr_fxos8700.obj (.text:standby_accelMagn_fxos8700)
                  2001ef90    0000002a     driverlib.a : timer.obj (.text:TimerLoadSet)
                  2001efba    0000002a                 : timer.obj (.text:TimerPrescaleSet)
                  2001efe4    0000002a     rtsv7M4_T_le_eabi.lib : xdclass.obj (.text)
                  2001f00e    0000002a     middleware.a : util64.obj (.text:util_u64_time_add)
                  2001f038    00000028     driverlib.a : camera.obj (.text:CameraIntStatus)
                  2001f060    00000028     uart_if.obj (.text:InitTerm)
                  2001f088    00000028     driverlib.a : prcm.obj (.text:IsRTCUsed)
                  2001f0b0    00000028     uart_if.obj (.text:Message)
                  2001f0d8    00000028     Ota_update.obj (.text:OTA_Update)
                  2001f100    00000028     driverlib.a : prcm.obj (.text:PRCMPeripheralClkDisable)
                  2001f128    00000028     accelomtr_magntomtr_fxos8700.obj (.text:getAccelMagntData)
                  2001f150    00000028     light_sens_isl29035.obj (.text:getLightsensor_intrptStatus)
                  2001f178    00000028     rtsv7M4_T_le_eabi.lib : strncat.obj (.text)
                  2001f1a0    00000028     simplelink.a : netapp.obj (.text:sl_NetAppStart)
                  2001f1c8    00000028                  : netapp.obj (.text:sl_NetAppStop)
                  2001f1f0    00000026     driverlib.a : camera.obj (.text:CameraThresholdSet)
                  2001f216    00000026     simplelink.a : cc_pal.obj (.text:NwpRegisterInterruptHandler)
                  2001f23c    00000026     socket_event_handler.obj (.text:SimpleLinkSockEventHandler)
                  2001f262    00000026     rtsv7M4_T_le_eabi.lib : strncmp.obj (.text)
                  2001f288    00000024     driverlib.a : camera.obj (.text:CameraIntClear)
                  2001f2ac    00000024     dbgFns.obj (.text:Check_I2CDevices)
                  2001f2d0    00000024     timer_fns.obj (.text:IntHandler_100mSecTimer)
                  2001f2f4    00000024     driverlib.a : interrupt.obj (.text:IntUnregister)
                  2001f318    00000024                 : prcm.obj (.text:RTCU16MSecRegRead)
                  2001f33c    00000024     Camera_setup.obj (.text:ReStart_CameraCapture)
                  2001f360    00000024     timer_if.obj (.text:Timer_IF_Start)
                  2001f384    00000024     driverlib.a : uart.obj (.text:UARTEnable)
                  2001f3a8    00000024     mt9d111_imaging_settings.obj (.text:WriteAllAEnAWBRegs)
                  2001f3cc    00000024     simplelink.a : driver.obj (.text:_SlDrvProtectionObjLockWaitForever)
                  2001f3f0    00000024     Fxos8700_initialization.obj (.text:magnetometer_initialize)
                  2001f414    00000024     timer_fns.obj (.text:reload_periodicTimer)
                  2001f438    00000024     rtsv7M4_T_le_eabi.lib : u_tofs_t2.obj (.text)
                  2001f45c    00000022     driverlib.a : camera.obj (.text:CameraCaptureStart)
                  2001f47e    00000022                 : i2c.obj (.text:I2CMasterSlaveAddrSet)
                  2001f4a0    00000022     simplelink.a : socket.obj (.text:SL_FD_SET)
                  2001f4c2    00000022     driverlib.a : spi.obj (.text:SPIReset)
                  2001f4e4    00000022                 : spi.obj (.text:SPIWordCountSet)
                  2001f506    00000022     rtsv7M4_T_le_eabi.lib : frexp.obj (.text)
                  2001f528    00000022                           : memcmp.obj (.text)
                  2001f54a    00000020     driverlib.a : gpio.obj (.text:GPIOPinWrite)
                  2001f56a    00000002     --HOLE-- [fill = 0]
                  2001f56c    00000020                 : interrupt.obj (.text:IntRegister)
                  2001f58c    00000020     simplelink.a : cc_pal.obj (.text:NwpPowerOn)
                  2001f5ac    00000020     mt9d111_common.obj (.text:Refresh_mt9d111Firmware)
                  2001f5cc    00000020     simplelink.a : driver.obj (.text:_SlDrvProtectionObjUnLock)
                  2001f5ec    00000020     rtsv7M4_T_le_eabi.lib : memchr.obj (.text)
                  2001f60c    00000020                           : u_tofd_t2.obj (.text)
                  2001f62c    0000001e     driverlib.a : i2c.obj (.text:I2CMasterIntStatusEx)
                  2001f64a    0000001e                 : timer.obj (.text:TimerDisable)
                  2001f668    0000001e                 : timer.obj (.text:TimerEnable)
                  2001f686    0000001e                 : timer.obj (.text:TimerIntStatus)
                  2001f6a4    0000001e                 : uart.obj (.text:UARTCharPut)
                  2001f6c2    0000001e     simplelink.a : cc_pal.obj (.text:cc_UDMAChannelSelect)
                  2001f6e0    0000001e     rtsv7M4_T_le_eabi.lib : strcat.obj (.text)
                  2001f6fe    00000002     --HOLE-- [fill = 0]
                  2001f700    0000001c     tasks.obj (.text:ApplyAccelHAL)
                  2001f71c    0000001c     mt9d111_inits.obj (.text:CameraSensorInit)
                  2001f738    0000001c     udma_if.obj (.text:DmaSwIntHandler)
                  2001f754    0000001c     driverlib.a : pin.obj (.text:PinTypeI2C)
                  2001f770    0000001c     App_level_fns_light_sens.obj (.text:PowerDown_LightSensor)
                  2001f78c    0000001c     driverlib.a : timer.obj (.text:TimerValueGet)
                  2001f7a8    0000001c     simplelink.a : driver.obj (.text:_SlDrvObjLockWaitForever)
                  2001f7c4    0000001c                  : driver.obj (.text:_SlDrvSyncObjWaitForever)
                  2001f7e0    0000001c     rtsv7M4_T_le_eabi.lib : memccpy.obj (.text)
                  2001f7fc    0000001c     timer_fns.obj (.text:stop_100mSecTimer)
                  2001f818    0000001c     timer_fns.obj (.text:stop_1Sec_TimeoutTimer)
                  2001f834    0000001c     timer_fns.obj (.text:stop_periodicInterrupt_timer)
                  2001f850    0000001c     driverlib.a : udma.obj (.text:uDMAChannelDisable)
                  2001f86c    0000001c                 : udma.obj (.text:uDMAChannelEnable)
                  2001f888    0000001a     App_level_fns_light_sens.obj (.text:IsLightOff)
                  2001f8a2    0000001a     driverlib.a : pin.obj (.text:PinTypeCamera)
                  2001f8bc    0000001a                 : pin.obj (.text:PinTypeUART)
                  2001f8d6    0000001a                 : spi.obj (.text:SPIDmaDisable)
                  2001f8f0    0000001a                 : spi.obj (.text:SPIDmaEnable)
                  2001f90a    0000001a                 : spi.obj (.text:SPIFIFODisable)
                  2001f924    0000001a                 : spi.obj (.text:SPIFIFOEnable)
                  2001f93e    00000018                 : camera.obj (.text:CameraReset)
                  2001f956    00000018                 : gpio.obj (.text:GPIOPinRead)
                  2001f96e    00000002     --HOLE-- [fill = 0]
                  2001f970    00000018     timer_fns.obj (.text:ISR_periodicInterrupt_timer)
                  2001f988    00000018     led.obj (.text:LED_Off)
                  2001f9a0    00000018     led.obj (.text:LED_On)
                  2001f9b8    00000018     driverlib.a : prcm.obj (.text:PRCMHibernateEnter)
                  2001f9d0    00000018                 : spi.obj (.text:SPICSDisable)
                  2001f9e8    00000018                 : spi.obj (.text:SPICSEnable)
                  2001fa00    00000018                 : spi.obj (.text:SPIDisable)
                  2001fa18    00000018                 : spi.obj (.text:SPIEnable)
                  2001fa30    00000018                 : timer.obj (.text:TimerIntEnable)
                  2001fa48    00000018     timer_if.obj (.text:Timer_IF_InterruptClear)
                  2001fa60    00000018     driverlib.a : wdt.obj (.text:WatchdogStallEnable)
                  2001fa78    00000018                 : wdt.obj (.text:WatchdogUnlock)
                  2001fa90    00000018     simplelink.a : driver.obj (.text:_SlDrvObjUnLock)
                  2001faa8    00000018                  : driver.obj (.text:_SlDrvSyncObjSignal)
                  2001fac0    00000018                  : device.obj (.text:_sl_GetStartResponseConvert)
                  2001fad8    00000018     middleware.a : rtc_hal.obj (.text:get_value)
                  2001faf0    00000018     rtsv7M4_T_le_eabi.lib : args_main.obj (.text)
                  2001fb08    00000018                           : strcmp.obj (.text)
                  2001fb20    00000016     driverlib.a : camera.obj (.text:CameraDMAEnable)
                  2001fb36    00000016                 : camera.obj (.text:CameraIntRegister)
                  2001fb4c    00000016                 : i2c.obj (.text:I2CMasterDataPut)
                  2001fb62    00000016                 : i2c.obj (.text:I2CMasterEnable)
                  2001fb78    00000016                 : prcm.obj (.text:PRCMHIBRegRead)
                  2001fb8e    00000016                 : prcm.obj (.text:PRCMHIBRegWrite)
                  2001fba4    00000016                 : wdt.obj (.text:WatchdogEnable)
                  2001fbba    00000016     simplelink.a : driver.obj (.text:_SlDrvMemZero)
                  2001fbd0    00000016     rtsv7M4_T_le_eabi.lib : strchr.obj (.text)
                  2001fbe6    00000014     driverlib.a : cpu.obj (.text:CPUcpsie)
                  2001fbfa    00000002     --HOLE-- [fill = 0]
                  2001fbfc    00000014                 : interrupt.obj (.text:IntVTableBaseSet)
                  2001fc10    00000014     timer_fns.obj (.text:LEDTimer_Stop)
                  2001fc24    00000014     mt9d111_imaging_settings.obj (.text:SetShutterWidth)
                  2001fc38    00000014     rtsv7M4_T_le_eabi.lib : _lock.obj (.text)
                  2001fc4c    00000014                           : strcpy.obj (.text)
                  2001fc60    00000014                           : strlen.obj (.text)
                  2001fc74    00000014     driverlib.a : udma.obj (.text:uDMAControlBaseSet)
                  2001fc88    00000014                 : udma.obj (.text:uDMAIntClear)
                  2001fc9c    00000012                 : i2c.obj (.text:I2CMasterControl)
                  2001fcae    00000012                 : i2c.obj (.text:I2CMasterIntClearEx)
                  2001fcc0    00000012                 : i2c.obj (.text:I2CMasterTimeoutSet)
                  2001fcd2    00000012                 : timer.obj (.text:TimerIntClear)
                  2001fce4    00000012                 : wdt.obj (.text:WatchdogReloadSet)
                  2001fcf6    00000002     --HOLE-- [fill = 0]
                  2001fcf8    00000010                 : prcm.obj (.text:PRCMSOCReset)
                  2001fd08    00000010                 : prcm.obj (.text:RTCU32SecRegRead)
                  2001fd18    00000010     simplelink.a : socket.obj (.text:SL_FD_ZERO)
                  2001fd28    00000010     timer_if.obj (.text:Timer_IF_Stop)
                  2001fd38    00000010     driverlib.a : wdt.obj (.text:WatchdogIntClear)
                  2001fd48    00000010     cc3200_socket.obj (.text:socketClose)
                  2001fd58    0000000e     driverlib.a : i2c.obj (.text:I2CMasterDataGet)
                  2001fd66    0000000e     simplelink.a : driver.obj (.text:_SlDrvResetCmdExt)
                  2001fd74    0000000e     rtsv7M4_T_le_eabi.lib : copy_decompress_none.obj (.text:decompress:none)
                  2001fd82    0000000c     udma_if.obj (.text:DmaErrorIntHandler)
                  2001fd8e    00000002     --HOLE-- [fill = 0]
                  2001fd90    0000000c     simplelink.a : cc_pal.obj (.text:NwpMaskInterrupt)
                  2001fd9c    0000000c                  : cc_pal.obj (.text:NwpUnMaskInterrupt)
                  2001fda8    0000000c     middleware.a : rtc_hal.obj (.text:cc_rtc_get)
                  2001fdb4    0000000c     rtsv7M4_T_le_eabi.lib : copy_zero_init.obj (.text:decompress:ZI)
                  2001fdc0    0000000c     parse_impl.obj (.text:getInternalClient)
                  2001fdcc    0000000c     simplelink.a : wlan.obj (.text:sl_WlanDisconnect)
                  2001fdd8    0000000c     driverlib.a : udma.obj (.text:uDMAEnable)
                  2001fde4    0000000c                 : udma.obj (.text:uDMAIntStatus)
                  2001fdf0    0000000a                 : interrupt.obj (.text:IntMasterEnable)
                  2001fdfa    0000000a     main.obj (.text:vApplicationStackOverflowHook)
                  2001fe04    00000008     hibernate.obj (.text:sensorsTriggerSetup)
                  2001fe0c    00000006     i2cconfig.obj (.text:MT9D111Delay)
                  2001fe12    00000006     startup_ccs.obj (.text:ResetISR)
                  2001fe18    00000006     driverlib.a : utils.obj (.text:UtilsDelay)
                  2001fe1e    00000006     rtsv7M4_T_le_eabi.lib : copy_decompress_rle.obj (.text:decompress:rle24)
                  2001fe24    00000006                           : logf.obj (.text)
                  2001fe2a    00000006                           : sinf.obj (.text)
                  2001fe30    00000004                           : error.obj (.text)
                  2001fe34    00000004                           : pre_init.obj (.text)

.const     0    2001fe38    00000e4c     
                  2001fe38    00000170     mt9d111_inits.obj (.const:capture_cmds_list)
                  2001ffa8    00000140     mt9d111_inits.obj (.const:init_cmds_list)
                  200200e8    00000101     rtsv7M4_T_le_eabi.lib : ctype.obj (.const:.string:_ctypes_)
                  200201e9    00000002     Temp_rh_sens_si7020.obj (.const:.string)
                  200201eb    00000001     --HOLE-- [fill = 0]
                  200201ec    00000100     driverlib.a : pin.obj (.const:g_ulPinToPadMap)
                  200202ec    000000d4                 : interrupt.obj (.const:g_pulRegs)
                  200203c0    000000b0     simplelink.a : wlan.obj (.const:$P$T0$1)
                  20020470    000000a8     driverlib.a : prcm.obj (.const:PRCM_PeriphRegsList)
                  20020518    000000a4     mt9d111_inits.obj (.const:$P$T0$1)
                  200205bc    00000088     mt9d111_imaging_settings.obj (.const)
                  20020644    00000080     driverlib.a : interrupt.obj (.const)
                  200206c4    00000068     mt9d111_imaging_settings.obj (.const:$P$T10$11)
                  2002072c    00000068     App_level_fns_battery_lvl.obj (.const:V2CEntry$1)
                  20020794    00000054     mt9d111_power.obj (.const:$P$T0$1)
                  200207e8    0000004c     mt9d111_imaging_settings.obj (.const:$P$T0$1)
                  20020834    00000040     sntp.obj (.const:.string)
                  20020874    0000003c     simplelink.a : driver.obj (.const:OpcodeTranslateTable)
                  200208b0    0000003c                  : wlan.obj (.const)
                  200208ec    00000038                  : driver.obj (.const:_SlActionLookupTable)
                  20020924    00000038     rtsv7M4_T_le_eabi.lib : xflog.obj (.const)
                  2002095c    00000038     simplelink.a : fs.obj (.const)
                  20020994    00000034     rtsv7M4_T_le_eabi.lib : xfatan.obj (.const)
                  200209c8    00000034     simplelink.a : driver.obj (.const)
                  200209fc    00000034                  : socket.obj (.const)
                  20020a30    0000002c     nwp_configure.obj (.const:$P$T0$1)
                  20020a5c    0000002c     mt9d111_imaging_settings.obj (.const:$P$T12$13)
                  20020a88    00000028     rtsv7M4_T_le_eabi.lib : xfdint.obj (.const)
                  20020ab0    00000028                           : xfsin.obj (.const)
                  20020ad8    00000028     simplelink.a : netapp.obj (.const)
                  20020b00    00000024     sntp.obj (.const:g_acMonthOfYear)
                  20020b24    00000020     mt9d111_power.obj (.const)
                  20020b44    0000001e     Start_AP_mode.obj (.const:.string)
                  20020b62    0000001c     mt9d111_common.obj (.const)
                  20020b7e    00000002     --HOLE-- [fill = 0]
                  20020b80    0000001c     rtsv7M4_T_le_eabi.lib : tanf.obj (.const)
                  20020b9c    0000001c                           : xfexp.obj (.const)
                  20020bb8    00000018     driverlib.a : spi.obj (.const)
                  20020bd0    00000017     request.obj (.const:.string)
                  20020be7    00000015     sntp.obj (.const)
                  20020bfc    00000014     mt9d111_driver_read_write_fns.obj (.const)
                  20020c10    00000014     nwp_configure.obj (.const)
                  20020c24    00000014     simplelink.a : device.obj (.const)
                  20020c38    00000011     Wifi_provisioning.obj (.const:.string)
                  20020c49    00000010     simplelink.a : socket.obj (.const:.string)
                  20020c59    0000000f     user_configure_fn.obj (.const:.string)
                  20020c68    0000000b     reusable.obj (.const:.string)
                  20020c73    00000008     simplelink.a : device.obj (.const:.string)
                  20020c7b    00000001     --HOLE-- [fill = 0]
                  20020c7c    00000008                  : netcfg.obj (.const)

.cinit     0    20020c88    00000590     
                  20020c88    0000056a     (.cinit..data.load) [load image, compression = rle]
                  200211f2    00000002     --HOLE-- [fill = 0]
                  200211f4    0000000c     (__TI_handler_table)
                  20021200    00000008     (.cinit..bss.load) [load image, compression = zero_init]
                  20021208    00000010     (__TI_cinit_table)

.init_array 
*          0    20004000    00000000     UNINITIALIZED

.bss       0    20023c00    00017097     UNINITIALIZED
                  20023c00    00014000     main.obj (.bss:g_image_buffer)
                  20037c00    00000b58     tasks.obj (.bss:thisMagBuffer)
                  20038758    000005a0     ota.a : OtaHttp.obj (.bss:recv_buf)
                  20038cf8    0000044c           : OtaClient.obj (.bss:g_OtaCheckUpdateResponse)
                  20039144    00000418     Calibrate_magnetometer.obj (.bss:thisMagCal)
                  2003955c    00000240     Ota_update.obj (.bss:g_otaOptServerInfo)
                  2003979c    00000058     tasks.obj (.bss:thisMag)
                  200397f4    0000000c     (.common:g_SecParams)
                  20039800    00000400     udma_if.obj (.bss:gpCtlTbl)
                  20039c00    000003d8     ota.a : OtaClient.obj (.bss:g_OtaFileMetadata)
                  20039fd8    00000200           : OtaHttp.obj (.bss:send_buf)
                  2003a1d8    00000178     simplelink.a : driver.obj (.bss:g_StatMem)
                  2003a350    00000120     rtsv7M4_T_le_eabi.lib : trgmsg.obj (.bss:__CIOBUF_)
                  2003a470    00000100     udma_if.obj (.bss:gfpAppCallbackHndl)
                  2003a570    000000c8     free_rtos.a : tasks.obj (.bss:pxReadyTasksLists)
                  2003a638    000000ac     tasks.obj (.bss:thisSV_6DOF_GB_BASIC)
                  2003a6e4    000000a0     rtsv7M4_T_le_eabi.lib : defs.obj (.bss:__TI_tmpnams)
                  2003a784    00000074     ota.a : CdnClient.obj (.bss:g_CdnClient)
                  2003a7f8    00000050     simplelink.a : cc_pal.obj (.bss:g_ucDinDout)
                  2003a848    00000050     free_rtos.a : queue.obj (.bss:xQueueRegistry)
                  2003a898    0000004c     ota.a : OtaApp.obj (.bss:g_OtaApp)
                  2003a8e4    0000004c           : OtaApp.obj (.bss:g_OtaApp_statistics)
                  2003a930    00000040     sntp.obj (.bss:g_TimeData)
                  2003a970    00000034     cc3200_client_state.obj (.bss:clientStateFileName)
                  2003a9a4    00000034     main.obj (.bss:g_cWlanSecurityKey)
                  2003a9d8    00000034     tasks.obj (.bss:thisAccel)
                  2003aa0c    00000024     ota.a : OtaClient.obj (.bss:g_OtaClient)
                  2003aa30    00000024     main.obj (.bss:g_cWlanSSID)
                  2003aa54    00000024     main.obj (.bss:g_ucConnectionSSID)
                  2003aa78    0000001c     rtsv7M4_T_le_eabi.lib : vla_alloc.obj (.bss)
                  2003aa94    00000014     (.common:g_FlcSflashCb)
                  2003aaa8    00000014     (.common:g_flag_blockFull)
                  2003aabc    00000014     (.common:xDelayedTaskList1)
                  2003aad0    00000014     (.common:xDelayedTaskList2)
                  2003aae4    00000014     (.common:xPendingReadyList)
                  2003aaf8    00000014     (.common:xSuspendedTaskList)
                  2003ab0c    00000014     (.common:xTasksWaitingTermination)
                  2003ab20    00000010     (.common:ang_buf)
                  2003ab30    00000010     (.common:g_cResponseObjectID)
                  2003ab40    00000010     (.common:globals)
                  2003ab50    00000010     (.common:mqxglobals)
                  2003ab60    00000008     (.common:g_Gain)
                  2003ab68    00000008     (.common:g_LogClient)
                  2003ab70    00000008     (.common:g_Struct_TimeStamp_MaxAngle)
                  2003ab78    00000008     (.common:g_Struct_TimeStamp_MinAngle)
                  2003ab80    00000008     (.common:g_Struct_TimeStamp_OpenAngle)
                  2003ab88    00000008     (.common:g_Struct_TimeStamp_SnapAngle)
                  2003ab90    00000008     (.common:g_TimeStamp_CamUp)
                  2003ab98    00000008     (.common:g_TimeStamp_DoorClosed)
                  2003aba0    00000008     (.common:g_TimeStamp_MaxAngle)
                  2003aba8    00000008     (.common:g_TimeStamp_MinAngle)
                  2003abb0    00000008     (.common:g_TimeStamp_NWPUp)
                  2003abb8    00000008     (.common:g_TimeStamp_OpenAngle)
                  2003abc0    00000008     (.common:g_TimeStamp_PhotoSnap)
                  2003abc8    00000008     (.common:g_TimeStamp_PhotoUploaded)
                  2003abd0    00000008     (.common:g_TimeStamp_SnapAngle)
                  2003abd8    00000008     (.common:g_TimeStamp_cc3200Up)
                  2003abe0    00000008     (.common:g_ucConnectionBSSID)
                  2003abe8    00000008     (.common:parmbuf)
                  2003abf0    00000008     (.common:sBootInfo)
                  2003abf8    00000004     (.common:DMAMsgQ)
                  2003abfc    00000004     (.common:Elapsed_100MilliSecs)
                  2003ac00    00000004     (.common:Elapsed_1Secs)
                  2003ac04    00000004     (.common:__Errorlog)
                  2003ac08    00000004     (.common:angle_avg)
                  2003ac0c    00000004     (.common:dataBuffer)
                  2003ac10    00000004     (.common:g_angleOffset_to180)
                  2003ac14    00000004     (.common:g_block_lastFilled)
                  2003ac18    00000004     (.common:g_cDummy)
                  2003ac1c    00000004     (.common:g_cWlanSecurityType)
                  2003ac20    00000004     (.common:g_fBatteryVolt_atEnd)
                  2003ac24    00000004     (.common:g_fBatteryVolt_atStart)
                  2003ac28    00000004     (.common:g_frame_size_in_bytes)
                  2003ac2c    00000004     (.common:g_latest_error)
                  2003ac30    00000004     (.common:g_position_in_block)
                  2003ac34    00000004     (.common:g_readHeader)
                  2003ac38    00000004     (.common:g_total_dma_intrpts)
                  2003ac3c    00000004     (.common:g_ulAppStatus)
                  2003ac40    00000004     (.common:g_ulAppTimeout_ms)
                  2003ac44    00000004     (.common:g_ulReloadVal)
                  2003ac48    00000004     (.common:g_ulSimplelinkStatus)
                  2003ac4c    00000004     (.common:g_ulWatchdogCycles)
                  2003ac50    00000004     (.common:gdoor_40deg_angle)
                  2003ac54    00000004     (.common:gdoor_90deg_angle)
                  2003ac58    00000004     (.common:gdoor_OpenDeg_angle)
                  2003ac5c    00000004     (.common:pvOtaApp)
                  2003ac60    00000004     (.common:pxDelayedTaskList)
                  2003ac64    00000004     (.common:pxOverflowDelayedTaskList)
                  2003ac68    00000002     (.common:g_RawMaxAngle)
                  2003ac6a    00000002     (.common:g_RawMinAngle)
                  2003ac6c    00000002     (.common:g_fMaxAngle)
                  2003ac6e    00000002     (.common:g_fMinAngle)
                  2003ac70    00000001     (.common:RxIrqCnt)
                  2003ac71    00000001     (.common:avg_buffer_cnt)
                  2003ac72    00000001     (.common:captureTimeout_Flag)
                  2003ac73    00000001     (.common:checkForLight_Flag)
                  2003ac74    00000001     (.common:cnt_LED_Timer)
                  2003ac75    00000001     (.common:doPeriodicAction_flag)
                  2003ac76    00000001     (.common:g_BlinkCount)
                  2003ac77    00000001     (.common:g_I2CPeripheral_inUse_Flag)
                  2003ac78    00000001     (.common:g_NoOfBlinks)
                  2003ac79    00000001     (.common:g_OffTime)
                  2003ac7a    00000001     (.common:g_OnTime)
                  2003ac7b    00000001     (.common:g_PhoneConnected_ToCC3200AP_flag)
                  2003ac7c    00000001     (.common:g_Task1_Notification)
                  2003ac7d    00000001     (.common:g_Task3_Notification)
                  2003ac7e    00000001     (.common:g_collect_timestamp)
                  2003ac7f    00000001     (.common:g_dma_txn_done)
                  2003ac80    00000001     (.common:g_flag_DataBlockFilled)
                  2003ac81    00000001     (.common:g_flag_door_closing_45degree)
                  2003ac82    00000001     (.common:g_frame_end)
                  2003ac83    00000001     (.common:g_ucAWBOff)
                  2003ac84    00000001     (.common:g_ucAWBOn)
                  2003ac85    00000001     (.common:g_ucAction)
                  2003ac86    00000001     (.common:g_ucActionButton)
                  2003ac87    00000001     (.common:g_ucAngle40)
                  2003ac88    00000001     (.common:g_ucAngle90)
                  2003ac89    00000001     (.common:g_ucCalibration)
                  2003ac8a    00000001     (.common:g_ucConfig)
                  2003ac8b    00000001     (.common:g_ucExitButton)
                  2003ac8c    00000001     (.common:g_ucFeedWatchdog)
                  2003ac8d    00000001     (.common:g_ucMagCalb)
                  2003ac8e    00000001     (.common:g_ucPreviewStart)
                  2003ac8f    00000001     (.common:g_ucPreviewStop)
                  2003ac90    00000001     (.common:g_ucProfileAdded)
                  2003ac91    00000001     (.common:g_ucReasonForFailure)
                  2003ac92    00000001     (.common:g_ucSAVE)
                  2003ac93    00000001     (.common:iDone)
                  2003ac94    00000001     (.common:isitfirsttime)
                  2003ac95    00000001     (.common:print_count)
                  2003ac96    00000001     (.common:valid_case)

.TI.noinit 
*          0    20023c00    00000000     UNINITIALIZED

.sysmem    0    2003ac98    00005000     UNINITIALIZED
                  2003ac98    00000008     rtsv7M4_T_le_eabi.lib : memory.obj (.sysmem)
                  2003aca0    00004ff8     --HOLE--


LINKER GENERATED COPY TABLES

__TI_cinit_table @ 20021208 records: 2, size/record: 8, table size: 16
	.data: load addr=20020c88, load size=0000056a bytes, run addr=20000000, run size=000009c0 bytes, compression=rle
	.bss: load addr=20021200, load size=00000008 bytes, run addr=20023c00, run size=00017097 bytes, compression=zero_init


LINKER GENERATED HANDLER TABLE

__TI_handler_table @ 200211f4 records: 3, size/record: 4, table size: 12
	index: 0, handler: __TI_decompress_rle24
	index: 1, handler: __TI_decompress_none
	index: 2, handler: __TI_zero_init


GLOBAL SYMBOLS: SORTED ALPHABETICALLY BY Name 

address   name                                  
-------   ----                                  
20017ae1  AccessPtMode_HTTPServer_Start         
2001a01d  Add_NumberField_ToJSONString          
2001f701  ApplyAccelHAL                         
2001edad  ApplyMagHAL                           
2001dd25  C$$EXIT                               
2001c61f  C$$IO$$                               
2001de35  CCMRegs_Read                          
2001fbe7  CPUcpsie                              
200138cd  Calculate_DoorOpenThresholdAngle      
200144b5  Calculate_TrueMinMaxAngles            
2001bedd  CamControllerInit                     
2001f45d  CameraCaptureStart                    
2001e409  CameraCaptureStop                     
2001fb21  CameraDMAEnable                       
2001f289  CameraIntClear                        
2001edd9  CameraIntDisable                      
2001ee05  CameraIntEnable                       
2001fb37  CameraIntRegister                     
2001f039  CameraIntStatus                       
2001e873  CameraParamsConfig                    
2001f93f  CameraReset                           
2001f71d  CameraSensorInit                      
2001f1f1  CameraThresholdSet                    
2001e443  CameraXClkConfig                      
200103bd  CaptureImage                          
200140d1  CaptureandSavePreviewImage            
2000dd8f  CdnClient_CloseServer                 
2000ddad  CdnClient_ConnectByUrl                
2000dd5d  CdnClient_Init                        
2000dc27  CdnClient_Run                         
2000dc1d  CdnClient_SetFileInfo                 
2001f2ad  Check_I2CDevices                      
20017749  Check_MinMax                          
20017e55  CollectAngle                          
2001de75  Config_CameraCapture                  
2001deb5  ConfigureMode                         
2000f901  ConfigureSimpleLinkToDefaultState     
200109bd  ConstructDeviceStateObject            
2000bf85  ConstructGroundDataObject             
2000fd61  ConstructUserConfigObject             
2001e173  CopyPingResultsToReport               
200180dd  DMAConfig                             
2003abf8  DMAMsgQ                               
200009a0  DigiCertHighAssuranceEVRootCA_der_len 
2001fd83  DmaErrorIntHandler                    
2001ee31  DmaSpiSwIntHandler                    
2001f739  DmaSwIntHandler                       
2003abfc  Elapsed_100MilliSecs                  
2003ac00  Elapsed_1Secs                         
2001a9a9  EnterStandby_mt9d111                  
2001af7d  ExitStandby_mt9d111                   
20013a25  FXOS8700_Init                         
20015bf1  FXOS8700_ReadData                     
2001e1b1  Fusion_Init                           
2001376d  Fusion_Run                            
2001e7d1  GPIODirModeSet                        
2001f957  GPIOPinRead                           
2001f54b  GPIOPinWrite                          
2000c7dd  GetSNTPTime                           
20016909  GetTimeNTP                            
2001a429  Get_BatteryPercent                    
2001db49  Get_BatteryVoltage                    
2001e5a1  Get_BatteryVoltageLevel_ADC081C021    
2000f22d  Get_Calibration_MagSensor             
2001aa31  Get_ChromQtable                       
20017d79  Get_FridgeCamID                       
2001aab9  Get_LumQtable                         
200159d9  HIBernate                             
2000ea89  HOSTclock                             
2000ea51  HOSTclose                             
2000ea13  HOSTgetenv                            
2000e9b7  HOSTlseek                             
2000e965  HOSTopen                              
2000e919  HOSTread                              
2000e8bb  HOSTrename                            
2000e881  HOSTtime                              
2000e849  HOSTunlink                            
2000e7fd  HOSTwrite                             
2001486d  I2CBufferRead                         
200150ed  I2CBufferWrite                        
2001fc9d  I2CMasterControl                      
2001fd59  I2CMasterDataGet                      
2001fb4d  I2CMasterDataPut                      
2001fb63  I2CMasterEnable                       
2001ee5d  I2CMasterErr                          
2001b085  I2CMasterInitExpClk                   
2001fcaf  I2CMasterIntClearEx                   
2001f62d  I2CMasterIntStatusEx                  
2001f47f  I2CMasterSlaveAddrSet                 
2001fcc1  I2CMasterTimeoutSet                   
2001d0a5  I2C_IF_Open                           
200189a9  I2C_IF_Read                           
20018be9  I2C_IF_Write                          
2001f971  ISR_periodicInterrupt_timer           
2001def5  ImagCapture_Init                      
200149a5  ImageSensor_CaptureConfigs_Task       
2001f061  InitTerm                              
2001b8e9  InitialiseParse                       
2001a4b9  InitializeUserConfigVariables         
200193bd  IntDisable                            
20019465  IntEnable                             
2001f2d1  IntHandler_100mSecTimer               
2001ee89  IntHandler_1Sec_TimeoutTimer          
2001fdf1  IntMasterEnable                       
2001cd51  IntPendClear                          
2001cead  IntPrioritySet                        
2001f56d  IntRegister                           
2001f2f5  IntUnregister                         
2001fbfd  IntVTableBaseSet                      
20019d25  IntrptHandler_LEDTimer                
2001f889  IsLightOff                            
200007f0  JPEG_StdQuantTblC                     
20000830  JPEG_StdQuantTblY                     
2001e5d9  LEDTimer_Enable                       
2001e8a9  LEDTimer_Start                        
2001fc11  LEDTimer_Stop                         
2001a549  LED_Blink_2                           
[...]
2001e035  getHttpResponseBody                   
2001e075  signal                                
2001e0b5  start_1Sec_TimeoutTimer               
2001e0f5  verifyAccelMagnSensor                 
2001e135  strncasecmp                           
2001e173  CopyPingResultsToReport               
2001e1b1  Fusion_Init                           
2001e1ed  OTA_Init                              
2001e229  PRCMPeripheralClkEnable               
2001e265  PRCMSlowClkCtrFastGet                 
2001e2a1  Reg_Read                              
2001e2dd  _sl_TruncatePayloadByProtocol         
2001e319  _c_int00                              
2001e355  sl_Htons                              
2001e391  start_100mSecTimer                    
2001e3cd  uDMAChannelControlSet                 
2001e409  CameraCaptureStop                     
2001e443  CameraXClkConfig                      
2001e47d  Reg_Write                             
2001e4b7  fLPFScalar                            
2001e4f1  parseSendRequest                      
2001e52d  addHttpRequestHeader                  
2001e5a1  Get_BatteryVoltageLevel_ADC081C021    
2001e5d9  LEDTimer_Enable                       
2001e611  Network_IF_GetHostIP                  
2001e649  NwpPowerOff                           
2001e681  WDT_IF_Init                           
2001e6b9  Wakeup_ImageSensor                    
2001e6f1  pvPortMalloc                          
2001e711  vPortFree                             
2001e729  __aeabi_f2d                           
2001e761  __aeabi_f2iz                          
2001e799  __aeabi_i2f                           
2001e7d1  GPIODirModeSet                        
2001e807  sl_NetAppMDNSUnRegisterService        
2001e83d  beginHttpRequest                      
2001e873  CameraParamsConfig                    
2001e8a9  LEDTimer_Start                        
2001e8dd  PRCMPeripheralStatusGet               
2001e911  PowerDown_ISL29035                    
2001e945  SPIFIFOLevelSet                       
2001e979  Verify_ImageSensor                    
2001e9ad  getHttpResponseStatus                 
2001e9e1  feraiseexcept                         
2001ea15  __aeabi_f2uiz                         
2001ea49  strstr                                
2001ea7d  Timer_IF_Init                         
2001eaaf  PinTypeGPIO                           
2001eae1  Reset_byStarvingWDT                   
2001eb11  StartSensorInJpegMode                 
2001eb41  UARTDisable                           
2001eb71  _SlDrvDeviceEventHandler              
2001eba1  _sl_Strlen                            
2001ec01  strncpy                               
2001ec31  _Feraise                              
2001ec61  sl_Close                              
2001ec91  sl_WlanProfileDel                     
2001ecc1  sl_WlanSetMode                        
2001ecf1  softResetTempRHSensor                 
2001ed21  __aeabi_i2d                           
2001ed4f  raise                                 
2001ed7d  addHttpRequestHeaderInt               
2001edad  ApplyMagHAL                           
2001edd9  CameraIntDisable                      
2001ee05  CameraIntEnable                       
2001ee31  DmaSpiSwIntHandler                    
2001ee5d  I2CMasterErr                          
2001ee89  IntHandler_1Sec_TimeoutTimer          
2001eeb5  PRCMSysResetCauseGet                  
2001eee1  SoftReset_ImageSensor                 
2001ef39  setDataBufferPointer                  
2001ef65  standby_accelMagn_fxos8700            
2001ef91  TimerLoadSet                          
2001efbb  TimerPrescaleSet                      
2001efe5  _Dclass                               
2001f00f  util_u64_time_add                     
2001f039  CameraIntStatus                       
2001f061  InitTerm                              
2001f0b1  Message                               
2001f0d9  OTA_Update                            
2001f101  PRCMPeripheralClkDisable              
2001f129  getAccelMagntData                     
2001f151  getLightsensor_intrptStatus           
2001f179  strncat                               
2001f1a1  sl_NetAppStart                        
2001f1c9  sl_NetAppStop                         
2001f1f1  CameraThresholdSet                    
2001f217  NwpRegisterInterruptHandler           
2001f23d  SimpleLinkSockEventHandler            
2001f263  strncmp                               
2001f289  CameraIntClear                        
2001f2ad  Check_I2CDevices                      
2001f2d1  IntHandler_100mSecTimer               
2001f2f5  IntUnregister                         
2001f33d  ReStart_CameraCapture                 
2001f361  Timer_IF_Start                        
2001f385  UARTEnable                            
2001f3a9  WriteAllAEnAWBRegs                    
2001f3cd  _SlDrvProtectionObjLockWaitForever    
2001f3f1  magnetometer_initialize               
2001f415  reload_periodicTimer                  
2001f439  __aeabi_ui2f                          
2001f45d  CameraCaptureStart                    
2001f47f  I2CMasterSlaveAddrSet                 
2001f4a1  SL_FD_SET                             
2001f4c3  SPIReset                              
2001f4e5  SPIWordCountSet                       
2001f507  frexp                                 
2001f529  memcmp                                
2001f54b  GPIOPinWrite                          
2001f56d  IntRegister                           
2001f58d  NwpPowerOn                            
2001f5ad  Refresh_mt9d111Firmware               
2001f5cd  _SlDrvProtectionObjUnLock             
2001f5ed  memchr                                
2001f60d  __aeabi_ui2d                          
2001f62d  I2CMasterIntStatusEx                  
2001f64b  TimerDisable                          
2001f669  TimerEnable                           
2001f687  TimerIntStatus                        
2001f6a5  UARTCharPut                           
2001f6e1  strcat                                
2001f701  ApplyAccelHAL                         
2001f71d  CameraSensorInit                      
2001f739  DmaSwIntHandler                       
2001f755  PinTypeI2C                            
2001f771  PowerDown_LightSensor                 
2001f78d  TimerValueGet                         
2001f7a9  _SlDrvObjLockWaitForever              
2001f7c5  _SlDrvSyncObjWaitForever              
2001f7e1  memccpy                               
2001f7fd  stop_100mSecTimer                     
2001f819  stop_1Sec_TimeoutTimer                
2001f835  stop_periodicInterrupt_timer          
2001f851  uDMAChannelDisable                    
2001f86d  uDMAChannelEnable                     
2001f889  IsLightOff                            
2001f8a3  PinTypeCamera                         
2001f8bd  PinTypeUART                           
2001f8d7  SPIDmaDisable                         
2001f8f1  SPIDmaEnable                          
2001f90b  SPIFIFODisable                        
2001f925  SPIFIFOEnable                         
2001f93f  CameraReset                           
2001f957  GPIOPinRead                           
2001f971  ISR_periodicInterrupt_timer           
2001f989  LED_Off                               
2001f9a1  LED_On                                
2001f9b9  PRCMHibernateEnter                    
2001f9d1  SPICSDisable                          
2001f9e9  SPICSEnable                           
2001fa01  SPIDisable                            
2001fa19  SPIEnable                             
2001fa31  TimerIntEnable                        
2001fa49  Timer_IF_InterruptClear               
2001fa61  WatchdogStallEnable                   
2001fa79  WatchdogUnlock                        
2001fa91  _SlDrvObjUnLock                       
2001faa9  _SlDrvSyncObjSignal                   
2001fac1  _sl_GetStartResponseConvert           
2001faf1  _args_main                            
2001fb09  strcmp                                
2001fb21  CameraDMAEnable                       
2001fb37  CameraIntRegister                     
2001fb4d  I2CMasterDataPut                      
2001fb63  I2CMasterEnable                       
2001fb79  PRCMHIBRegRead                        
2001fb8f  PRCMHIBRegWrite                       
2001fba5  WatchdogEnable                        
2001fbbb  _SlDrvMemZero                         
2001fbd1  strchr                                
2001fbe7  CPUcpsie                              
2001fbfd  IntVTableBaseSet                      
2001fc11  LEDTimer_Stop                         
2001fc25  SetShutterWidth                       
2001fc39  _register_unlock                      
2001fc3f  _register_lock                        
2001fc47  _nop                                  
2001fc4d  strcpy                                
2001fc61  strlen                                
2001fc75  uDMAControlBaseSet                    
2001fc89  uDMAIntClear                          
2001fc9d  I2CMasterControl                      
2001fcaf  I2CMasterIntClearEx                   
2001fcc1  I2CMasterTimeoutSet                   
2001fcd3  TimerIntClear                         
2001fce5  WatchdogReloadSet                     
2001fcf9  PRCMSOCReset                          
2001fd19  SL_FD_ZERO                            
2001fd29  Timer_IF_Stop                         
2001fd39  WatchdogIntClear                      
2001fd49  socketClose                           
2001fd59  I2CMasterDataGet                      
2001fd67  _SlDrvResetCmdExt                     
2001fd75  __TI_decompress_none                  
2001fd83  DmaErrorIntHandler                    
2001fd91  NwpMaskInterrupt                      
2001fd9d  NwpUnMaskInterrupt                    
2001fda9  cc_rtc_get                            
2001fdb5  __TI_zero_init                        
2001fdc1  getInternalClient                     
2001fdcd  sl_WlanDisconnect                     
2001fdd9  uDMAEnable                            
2001fde5  uDMAIntStatus                         
2001fdf1  IntMasterEnable                       
2001fdfb  vApplicationStackOverflowHook         
2001fe05  sensorsTriggerSetup                   
2001fe0d  MT9D111Delay                          
2001fe13  ResetISR                              
2001fe19  UtilsDelay                            
2001fe1f  __TI_decompress_rle24                 
2001fe25  logf                                  
2001fe2b  sinf                                  
2001fe31  __abort_execution                     
2001fe35  _system_pre_init                      
200200e8  _ctypes_                              
20020834  g_acSNTPserver                        
20020852  g_acNumOfDaysPerMonth                 
2002085e  g_acDigits                            
20020874  OpcodeTranslateTable                  
200208b0  _SlPolicySetCmdCtrl                   
200208b4  _SlPolicyGetCmdCtrl                   
200208b8  _SlProfileGetCmdCtrl                  
200208bc  _SlProfileDelCmdCtrl                  
200208c0  _SlWlanGetNetworkListCtrl             
200208c4  _SlRxFilterAddtCmdCtrl                
200208c8  _SlRxFilterSetCmdCtrl                 
200208cc  _SlRxFilterGetCmdCtrl                 
200208d0  _SlSmartConfigStartCmdCtrl            
200208d4  _SlWlanSetModeCmdCtrl                 
200208d8  _SlWlanCfgSetCmdCtrl                  
200208dc  _SlWlanCfgGetCmdCtrl                  
200208ec  _SlActionLookupTable                  
2002095c  _SlFsOpenCmdCtrl                      
20020960  _SlFsCloseCmdCtrl                     
20020964  _SlFsReadCmdCtrl                      
20020968  _SlFsWriteCmdCtrl                     
2002096c  _SlFsGetInfoCmdCtrl                   
20020970  _SlFsDeleteCmdCtrl                    
200209c8  g_H2NSyncPattern                      
200209d0  g_H2NCnysPattern                      
200209d8  RxMsgClassLUT                         
200209fc  _SlSockSocketCmdCtrl                  
20020a00  _SlSockCloseCmdCtrl                   
20020a04  _SlRecvfomCmdCtrl                     
20020a08  _SlSendCmdCtrl                        
20020a0c  _SlListenCmdCtrl                      
20020a10  _SlAcceptCmdCtrl                      
20020a14  _SlRecvCmdCtrl                        
20020a18  _SlSetSockOptCmdCtrl                  
20020a1c  _SlGetSockOptCmdCtrl                  
20020a20  _SlSelectCmdCtrl                      
20020ad8  _SlNetAppStartCtrl                    
20020adc  _SlNetAppStopCtrl                     
20020ae0  _SlGetServiceListeCtrl                
20020ae4  _SlRegisterServiceCtrl                
20020ae8  _SlGetHostByServiceCtrl               
20020aec  _SlGetHostByNameCtrl                  
20020af0  _SlNetAppSetCmdCtrl                   
20020af4  _SlNetAppSendTokenValueCmdCtrl        
20020af8  _SlNetAppGetCmdCtrl                   
20020b00  g_acMonthOfYear                       
20020bd0  g_deviceClientVersion                 
20020be7  g_acDaysOfWeek2013                    
20020c24  _SlStopCmdCtrl                        
20020c28  _SlEventMaskSetCmdCtrl                
20020c2c  _SlEventMaskGetCmdCtrl                
20020c30  _SlDeviceGetCmdCtrl                   
20020c34  _SlDeviceSetCmdCtrl                   
20020c49  _SlPayloadByProtocolLUT               
20020c68  pcDigits                              
20020c73  StartResponseLUT                      
20020c7c  _SlNetCfgSetCmdCtrl                   
20020c80  _SlNetCfgGetCmdCtrl                   
20020c88  __TI_static_base__                    
200211f4  __TI_Handler_Table_Base               
20021200  __TI_Handler_Table_Limit              
20021208  __TI_CINIT_Base                       
20021218  __TI_CINIT_Limit                      
20023c00  g_image_buffer                        
20037c00  thisMagBuffer                         
20038cf8  g_OtaCheckUpdateResponse              
20039144  thisMagCal                            
2003979c  thisMag                               
200397f4  g_SecParams                           
20039800  gpCtlTbl                              
20039c00  g_OtaFileMetadata                     
2003a1d8  g_StatMem                             
2003a350  __CIOBUF_                             
2003a470  gfpAppCallbackHndl                    
2003a638  thisSV_6DOF_GB_BASIC                  
2003a6e4  __TI_tmpnams                          
2003a784  g_CdnClient                           
2003a7f8  g_ucDinDout                           
2003a848  xQueueRegistry                        
2003a898  g_OtaApp                              
2003a8e4  g_OtaApp_statistics                   
2003a930  g_TimeData                            
2003a970  clientStateFileName                   
2003a9a4  g_cWlanSecurityKey                    
2003a9d8  thisAccel                             
2003aa0c  g_OtaClient                           
2003aa30  g_cWlanSSID                           
2003aa54  g_ucConnectionSSID                    
2003aa94  g_FlcSflashCb                         
2003aaa8  g_flag_blockFull                      
2003ab20  ang_buf                               
2003ab30  g_cResponseObjectID                   
2003ab40  globals                               
2003ab50  mqxglobals                            
2003ab60  g_Gain                                
2003ab68  g_LogClient                           
2003ab70  g_Struct_TimeStamp_MaxAngle           
2003ab78  g_Struct_TimeStamp_MinAngle           
2003ab80  g_Struct_TimeStamp_OpenAngle          
2003ab88  g_Struct_TimeStamp_SnapAngle          
2003ab90  g_TimeStamp_CamUp                     
2003ab98  g_TimeStamp_DoorClosed                
2003aba0  g_TimeStamp_MaxAngle                  
2003aba8  g_TimeStamp_MinAngle                  
2003abb0  g_TimeStamp_NWPUp                     
2003abb8  g_TimeStamp_OpenAngle                 
2003abc0  g_TimeStamp_PhotoSnap                 
2003abc8  g_TimeStamp_PhotoUploaded             
2003abd0  g_TimeStamp_SnapAngle                 
2003abd8  g_TimeStamp_cc3200Up                  
2003abe0  g_ucConnectionBSSID                   
2003abf8  DMAMsgQ                               
2003abfc  Elapsed_100MilliSecs                  
2003ac00  Elapsed_1Secs                         
2003ac08  angle_avg                             
2003ac0c  dataBuffer                            
2003ac10  g_angleOffset_to180                   
2003ac14  g_block_lastFilled                    
2003ac18  g_cDummy                              
2003ac1c  g_cWlanSecurityType                   
2003ac20  g_fBatteryVolt_atEnd                  
2003ac24  g_fBatteryVolt_atStart                
2003ac28  g_frame_size_in_bytes                 
2003ac2c  g_latest_error                        
2003ac30  g_position_in_block                   
2003ac34  g_readHeader                          
2003ac3c  g_ulAppStatus                         
2003ac40  g_ulAppTimeout_ms                     
2003ac44  g_ulReloadVal                         
2003ac48  g_ulSimplelinkStatus                  
2003ac4c  g_ulWatchdogCycles                    
2003ac50  gdoor_40deg_angle                     
2003ac54  gdoor_90deg_angle                     
2003ac58  gdoor_OpenDeg_angle                   
2003ac5c  pvOtaApp                              
2003ac68  g_RawMaxAngle                         
2003ac6a  g_RawMinAngle                         
2003ac6c  g_fMaxAngle                           
2003ac6e  g_fMinAngle                           
2003ac70  RxIrqCnt                              
2003ac71  avg_buffer_cnt                        
2003ac72  captureTimeout_Flag                   
2003ac73  checkForLight_Flag                    
2003ac74  cnt_LED_Timer                         
2003ac75  doPeriodicAction_flag                 
2003ac76  g_BlinkCount                          
2003ac77  g_I2CPeripheral_inUse_Flag            
2003ac78  g_NoOfBlinks                          
2003ac79  g_OffTime                             
2003ac7a  g_OnTime                              
2003ac7b  g_PhoneConnected_ToCC3200AP_flag      
2003ac7c  g_Task1_Notification                  
2003ac7d  g_Task3_Notification                  
2003ac7e  g_collect_timestamp                   
2003ac80  g_flag_DataBlockFilled                
2003ac81  g_flag_door_closing_45degree          
2003ac82  g_frame_end                           
2003ac83  g_ucAWBOff                            
2003ac84  g_ucAWBOn                             
2003ac85  g_ucAction                            
2003ac86  g_ucActionButton                      
2003ac87  g_ucAngle40                           
2003ac88  g_ucAngle90                           
2003ac89  g_ucCalibration                       
2003ac8a  g_ucConfig                            
2003ac8b  g_ucExitButton                        
2003ac8c  g_ucFeedWatchdog                      
2003ac8d  g_ucMagCalb                           
2003ac8e  g_ucPreviewStart                      
2003ac8f  g_ucPreviewStop                       
2003ac90  g_ucProfileAdded                      
2003ac91  g_ucReasonForFailure                  
2003ac92  g_ucSAVE                              
2003ac93  iDone                                 
2003ac94  isitfirsttime                         
2003ac95  print_count                           
2003ac96  valid_case                            
2003ac98  _sys_memory                           
ffffffff  __binit__                             
ffffffff  __c_args__                            
ffffffff  binit                                 
UNDEFED   SHT$$INIT_ARRAY$$Base                 
UNDEFED   SHT$$INIT_ARRAY$$Limit                

[995 symbols]
