******************************************************************************
                  TI ARM Linker PC v5.2.2                      
******************************************************************************
>> Linked Fri Jul 10 18:53:58 2015

OUTPUT FILE NAME:   <ULP_SEC_CAM.out>
ENTRY POINT SYMBOL: "_c_int00"  address: 2001cee1


MEMORY CONFIGURATION

         name            origin    length      used     unused   attr    fill
----------------------  --------  ---------  --------  --------  ----  --------
  SRAM_BOOTLDR          20000000   00004000  00001934  000026cc  RW X
  SRAM_CODE             20004000   0001e300  0001b832  00002ace  RW X
  SRAM_DATA             20022300   0001dd00  0001c2fb  00001a05  RW X


SEGMENT ALLOCATION MAP

run origin  load origin   length   init length attrs members
----------  ----------- ---------- ----------- ----- -------
20000000    20000000    00000934   00000000    rw-
  20000000    20000000    00000934   00000000    rw- .data
20003000    20003000    00001000   00000000    rw-
  20003000    20003000    00001000   00000000    rw- .stack
20004000    20004000    0001b838   0001b838    r-x
  20004000    20004000    00000400   00000400    r-- .intvecs
  20004400    20004400    0001a038   0001a038    r-x .text
  2001e438    2001e438    00000eca   00000eca    r-- .const
  2001f308    2001f308    00000530   00000530    r-- .cinit
20022400    20022400    0001c300   00000000    rw-
  20022400    20022400    000172fb   00000000    rw- .bss
  20039700    20039700    00005000   00000000    rw- .sysmem


SECTION ALLOCATION MAP

 output                                  attributes/
section   page    origin      length       input sections
--------  ----  ----------  ----------   ----------------
.data      0    20000000    00000934     UNINITIALIZED
                  20000000    000003c9     cc3200_certificate.obj (.data:DigiCertHighAssuranceEVRootCA_der)
                  200003c9    00000001     tasks.obj (.data)
                  200003ca    00000002     --HOLE--
                  200003cc    000000f0     rtsv7M4_T_le_eabi.lib : defs.obj (.data:_ftable)
                  200004bc    000000d0                           : lowlev.obj (.data)
                  2000058c    000000b0                           : signal.obj (.data:sigtable)
                  2000063c    00000004     cc3200_certificate.obj (.data)
                  20000640    00000080     rtsv7M4_T_le_eabi.lib : xvalues.obj (.data)
                  200006c0    00000068                           : xfvalues.obj (.data)
                  20000728    00000064     network_relater_fns.obj (.data:Token)
                  2000078c    00000064     network_relater_fns.obj (.data:Value)
                  200007f0    0000003c     main.obj (.data:g_token_get)
                  2000082c    00000034     free_rtos.a : tasks.obj (.data)
                  20000860    00000024     main.obj (.data)
                  20000884    00000018     cc3200_utils.obj (.data)
                  2000089c    00000018     request.obj (.data)
                  200008b4    00000010     rtsv7M4_T_le_eabi.lib : defs.obj (.data)
                  200008c4    0000000c     free_rtos.a : osi_freertos.obj (.data)
                  200008d0    0000000c     rtsv7M4_T_le_eabi.lib : memory.obj (.data)
                  200008dc    00000009     simplelink.a : cc_pal.obj (.data)
                  200008e5    00000003     --HOLE--
                  200008e8    00000009                  : driver.obj (.data)
                  200008f1    00000003     --HOLE--
                  200008f4    00000008     camera_app.obj (.data)
                  200008fc    00000008     rtsv7M4_T_le_eabi.lib : _lock.obj (.data)
                  20000904    00000008                           : exit.obj (.data)
                  2000090c    00000008                           : feraiseexcept.obj (.data)
                  20000914    00000006     http.obj (.data)
                  2000091a    00000002     --HOLE--
                  2000091c    00000004     free_rtos.a : port.obj (.data)
                  20000920    00000004     ota.a : OtaHttp.obj (.data)
                  20000924    00000004     rtsv7M4_T_le_eabi.lib : errno.obj (.data)
                  20000928    00000004                           : fopen.obj (.data)
                  2000092c    00000004                           : rand.obj (.data)
                  20000930    00000004                           : stkdepth_vars.obj (.data)

.TI.persistent 
*          0    20000000    00000000     UNINITIALIZED

.stack     0    20003000    00001000     UNINITIALIZED
                  20003000    00001000     --HOLE--

.intvecs   0    20004000    00000400     
                  20004000    00000400     startup_ccs.obj (.intvecs)

.text      0    20004400    0001a038     
                  20004400    00001258     free_rtos.a : tasks.obj (.text)
                  20005658    000010a6     rtsv7M4_T_le_eabi.lib : _printfi.obj (.text)
                  200066fe    00000002     startup_ccs.obj (.text:BusFaultHandler)
                  20006700    00000b24     free_rtos.a : queue.obj (.text)
                  20007224    00000a08     magnetic.obj (.text:fUpdateCalibration10EIG)
                  20007c2c    00000788     magnetic.obj (.text:fUpdateCalibration4INV)
                  200083b4    00000694     magnetic.obj (.text:fUpdateCalibration7EIG)
                  20008a48    00000688     matrix.obj (.text:eigencompute)
                  200090d0    00000610     ota.a : OtaHttp.obj (.text)
                  200096e0    000005ec     simplelink.a : driver.obj (.text:_SlDrvMsgRead)
                  20009ccc    00000584     magnetic.obj (.text:iUpdateMagnetometerBuffer)
                  2000a250    000004dc     network_relater_fns.obj (.text:SimpleLinkHttpServerCallback)
                  2000a72c    000004be     cc3200_utils.obj (.text:createNewInstallationId)
                  2000abea    00000002     startup_ccs.obj (.text:FaultISR)
                  2000abec    0000045c     free_rtos.a : osi_freertos.obj (.text)
                  2000b048    0000044c     request.obj (.text:buildRequestHeaders)
                  2000b494    00000428     camera_app.obj (.text:CaptureAndStore_Image)
                  2000b8bc    00000424     ota.a : OtaClient.obj (.text)
                  2000bce0    0000040c           : OtaApp.obj (.text)
                  2000c0ec    000003dc     rtsv7M4_T_le_eabi.lib : memory.obj (.text)
                  2000c4c8    000003b8     matrix.obj (.text:fmatrixAeqInvA)
                  2000c880    0000039c     network_relater_fns.obj (.text:SimpleLinkWlanEventHandler)
                  2000cc1c    00000378     rtsv7M4_T_le_eabi.lib : powf.obj (.text)
                  2000cf94    0000035c     ota.a : CdnClient.obj (.text)
                  2000d2f0    00000354     orientation.obj (.text:feCompassAndroid)
                  2000d644    00000354     orientation.obj (.text:feCompassWin8)
                  2000d998    00000350     orientation.obj (.text:feCompassNED)
                  2000dce8    00000338     ota.a : LogClient.obj (.text)
                  2000e020    00000324     tasks.obj (.text:MagCal_Run)
                  2000e344    0000030c     rtsv7M4_T_le_eabi.lib : lowlev.obj (.text)
                  2000e650    000002d4                           : trgdrv.obj (.text)
                  2000e924    000002c0     network_relater_fns.obj (.text:ConfigureSimpleLinkToDefaultState)
                  2000ebe4    000002a4     wifi_provisioning_thruAPmode.obj (.text:WiFiProvisioning)
                  2000ee88    00000298     rtsv7M4_T_le_eabi.lib : vla_alloc.obj (.text)
                  2000f120    0000026e     simplejson.obj (.text:simpleJsonProcessor)
                  2000f38e    00000002     driverlib.a : interrupt.obj (.text:IntDefaultHandler)
                  2000f390    0000026c     mt9d111.obj (.text:RegLstWrite)
                  2000f5fc    00000254     lightSens_isl29035.obj (.text:configureISL29035)
                  2000f850    00000248     simplelink.a : driver.obj (.text:_SlDrvRxHdrRead)
                  2000fa98    00000244     wifi_provisioning_thruAPmode.obj (.text:User_Configure)
                  2000fcdc    00000244     simplelink.a : wlan.obj (.text:sl_WlanConnect)
                  2000ff20    00000210     request.obj (.text:payloadSend)
                  20010130    0000020c     ota.obj (.text:OTA_Run)
                  2001033c    000001f8     algorithm_basic.obj (.text:check_doorpos)
                  20010534    000001f4     rtsv7M4_T_le_eabi.lib : ull_div_t2.obj (.text)
                  20010728    000001ec     wifi_provisioning_thruAPmode.obj (.text:CalibrateMagSensor)
                  20010914    000001e8     collect_and_txit.obj (.text:CollectTxit_ImgTempRH)
                  20010afc    000001e0     main_FXOS8700.obj (.text:angleCheck_Initializations)
                  20010cdc    000001d0     simplelink.a : driver.obj (.text:_SlDrvReleasePoolObj)
                  20010eac    000001cc                  : driver.obj (.text:_SlDrvMsgWrite)
                  20011078    000001c4     tasks.obj (.text:RdSensData_Run)
                  2001123c    000001c4     rtsv7M4_T_le_eabi.lib : fopen.obj (.text)
                  20011400    000001c0     magnetic.obj (.text:fInvertMagCal)
                  200115c0    000001bc     rtsv7M4_T_le_eabi.lib : xflog.obj (.text)
                  2001177c    000001b8     main.obj (.text:UserConfigure_Task)
                  20011934    000001b6     rtsv7M4_T_le_eabi.lib : fd_add_t2.obj (.text)
                  20011aea    00000002     startup_ccs.obj (.text:IntDefaultHandler)
                  20011aec    000001a4     orientation.obj (.text:fQuaternionFromRotationMatrix)
                  20011c90    000001a4     cc3200_socket.obj (.text:socketSslConnect)
                  20011e34    000001a0     camera_app.obj (.text:CameraIntHandler)
                  20011fd4    0000019c     rtsv7M4_T_le_eabi.lib : xfsin.obj (.text)
                  20012170    00000198     network_relater_fns.obj (.text:initNetwork)
                  20012308    00000190     wifi_provisioning_thruAPmode.obj (.text:AccessPtMode_HTTPServer_Start)
                  20012498    00000190     simplelink.a : driver.obj (.text:_SlDrvWaitForPoolObj)
                  20012628    0000018c     parse_uploads.obj (.text:ConstructDeviceStateObject)
                  200127b4    0000018c     request.obj (.text:sendRequest)
                  20012940    00000188     matrix.obj (.text:f3x3matrixAeqInvSymB)
                  20012ac8    00000184     flc.a : flc.obj (.text)
                  20012c4c    00000180     orientation.obj (.text:fWin8AnglesDegFromRotationMatrix)
                  20012dcc    00000178     rtsv7M4_T_le_eabi.lib : tanf.obj (.text)
                  20012f44    00000178                           : xfexp.obj (.text)
                  200130bc    00000174     simplelink.a : driver.obj (.text:_SlDrvDriverCBInit)
                  20013230    00000174     magnetic.obj (.text:fInitMagCalibration)
                  200133a4    00000170     network_relater_fns.obj (.text:SimpleLinkNetAppEventHandler)
                  20013514    00000170     simplelink.a : driver.obj (.text:_SlFindAndSetActiveObj)
                  20013684    00000168     ota.obj (.text:OTAServerInfoSet)
                  200137ec    00000165     network_relater_fns.obj (.text:SimpleLinkSockEventHandler)
                  20013951    00000001     --HOLE-- [fill = 0]
                  20013952    00000002     startup_ccs.obj (.text:NmiSR)
                  20013954    00000160     tasks.obj (.text:Fusion_Run)
                  20013ab4    0000015c     hibernate_related_fns.obj (.text:HIBernate)
                  20013c10    00000158     drivers.obj (.text:FXOS8700_Init)
                  20013d68    00000158     orientation.obj (.text:qAeqAxB)
                  20013ec0    00000158     orientation.obj (.text:qconjgAxB)
                  20014018    00000150     wifi_provisioning_thruAPmode.obj (.text:CollectAngle)
                  20014168    00000150     simplelink.a : cc_pal.obj (.text:spi_Open)
                  200142b8    00000144     fusion.obj (.text:fRun_6DOF_GB_BASIC)
                  200143fc    0000013c     rtsv7M4_T_le_eabi.lib : fmodf.obj (.text)
                  20014538    0000013c     simplelink.a : socket.obj (.text:sl_Select)
                  20014674    00000138     i2cconfig.obj (.text:I2CBufferRead)
                  200147ac    00000138     mt9d111.obj (.text:Register_Read)
                  200148e4    00000138     orientation.obj (.text:fLPFOrientationQuaternion)
                  20014a1c    00000138     orientation.obj (.text:fRotationMatrixFromQuaternion)
                  20014b54    00000136     rtsv7M4_T_le_eabi.lib : fd_div_t2.obj (.text)
                  20014c8a    00000002     main.obj (.text:vApplicationIdleHook)
                  20014c8c    00000134     driverlib.a : prcm.obj (.text:PRCMCC3200MCUInit)
                  20014dc0    00000134     rtsv7M4_T_le_eabi.lib : fputs.obj (.text)
                  20014ef4    00000130     i2cconfig.obj (.text:I2CBufferWrite)
                  20015024    0000012c     i2c_app.obj (.text:i2cWriteRegisters)
                  20015150    0000012a     free_rtos.a : list.obj (.text)
                  2001527a    00000002     --HOLE-- [fill = 0]
                  2001527c    00000128     simplelink.a : driver.obj (.text:_SlDrvDataReadOp)
                  200153a4    00000128     tempRHSens_si7020.obj (.text:getTempRH)
                  200154cc    00000118     network_relater_fns.obj (.text:ConnectToNetwork_STA)
                  200155e4    00000116     drivers.obj (.text:FXOS8700_ReadData)
                  200156fa    00000002     --HOLE-- [fill = 0]
                  200156fc    00000114     main.obj (.text:main)
                  20015810    00000110     free_rtos.a : port.obj (.text)
                  20015920    00000110     rtsv7M4_T_le_eabi.lib : xdscale.obj (.text)
                  20015a30    00000110     lightSens_isl29035.obj (.text:verifyISL29035)
                  20015b40    00000110     tempRHSens_si7020.obj (.text:verifyTempRHSensor)
                  20015c50    0000010c     flash_files.obj (.text:WriteFile_ToFlash)
                  20015d5c    00000108     simplelink.a : socket.obj (.text:sl_Connect)
                  20015e64    00000108                  : socket.obj (.text:sl_Send)
                  20015f6c    00000104     dbgFns.obj (.text:Check_I2CDevices)
                  20016070    00000104     simplelink.a : driver.obj (.text:_SlDrvDataWriteOp)
                  20016174    00000104                  : netapp.obj (.text:sl_NetAppDnsGetHostByName)
                  20016278    00000100     cc3200_client_state.obj (.text:loadClientState)
                  20016378    000000fe     simplelink.a : netapp.obj (.text:_SlDrvNetAppEventHandler)
                  20016476    00000002     --HOLE-- [fill = 0]
                  20016478    000000fc     pinmux.obj (.text:PinMuxConfig)
                  20016574    000000fc     orientation.obj (.text:fqAeqNormqA)
                  20016670    000000fc     rtsv7M4_T_le_eabi.lib : fd_mul_t2.obj (.text)
                  2001676c    000000fa                           : fs_add_t2.obj (.text)
                  20016866    00000002     --HOLE-- [fill = 0]
                  20016868    000000f8     cc3200_certificate.obj (.text:ensureCertificateFile)
                  20016960    000000f8     orientation.obj (.text:fAndroidAnglesDegFromRotationMatrix)
                  20016a58    000000f8     orientation.obj (.text:fNEDAnglesDegFromRotationMatrix)
                  20016b50    000000f8     i2c_app.obj (.text:i2cReadRegistersTwoBytes)
                  20016c48    000000f4     simplelink.a : driver.obj (.text:_SlDrvDriverCBDeinit)
                  20016d3c    000000f4     installation.obj (.text:getInstallation)
                  20016e30    000000f4     simplelink.a : fs.obj (.text:sl_FsRead)
                  20016f24    000000f4     accelomtrMagntomtr_fxos8700.obj (.text:verifyAccelMagnSensor)
                  20017018    000000f2     cc3200_socket.obj (.text:socketRead)
                  2001710a    00000002     --HOLE-- [fill = 0]
                  2001710c    000000f0     camera_app.obj (.text:DMAConfig)
                  200171fc    000000f0     i2c_app.obj (.text:i2cReadRegisters)
                  200172ec    000000f0     driverlib.a : udma.obj (.text:uDMAChannelTransferSet)
                  200173dc    000000ec     orientation.obj (.text:fRotationVectorDegFromQuaternion)
                  200174c8    000000ec     simplelink.a : fs.obj (.text:sl_FsWrite)
                  200175b4    000000e8     appFns_BatteryLevelSense.obj (.text:Get_BatteryPercent)
                  2001769c    000000e1     parse_uploads.obj (.text:Get_FridgeCamID)
                  2001777d    00000003     --HOLE-- [fill = 0]
                  20017780    000000e0     main.obj (.text:Main_Task_withHibernate)
                  20017860    000000e0     flash_files.obj (.text:ReadFile_FromFlash)
                  20017940    000000dc     ota.obj (.text:OTA_CommitImage)
                  20017a1c    000000dc     rtsv7M4_T_le_eabi.lib : setvbuf.obj (.text)
                  20017af8    000000dc     simplelink.a : cc_pal.obj (.text:spi_Read)
                  20017bd4    000000d8                  : driver.obj (.text:_SlDrvClassifyRxMsg)
                  20017cac    000000d8     rtsv7M4_T_le_eabi.lib : xfatan.obj (.text)
                  20017d84    000000d4     simplelink.a : device.obj (.text:sl_Stop)
                  20017e58    000000d0     rtsv7M4_T_le_eabi.lib : xfdscale.obj (.text)
                  20017f28    000000cc     approximations.obj (.text:fatan_deg)
                  20017ff4    000000cc     rtsv7M4_T_le_eabi.lib : sqrtf.obj (.text)
                  200180c0    000000c8     simplelink.a : netapp.obj (.text:_sl_HandleAsync_DnsGetHostByService)
                  20018188    000000c8     rtsv7M4_T_le_eabi.lib : fflush.obj (.text)
                  20018250    000000c4     main.obj (.text:Config_And_Start_CameraCapture)
                  20018314    000000c4     simplelink.a : driver.obj (.text:_SlRemoveFromList)
                  200183d8    000000c0     i2c_if.obj (.text:I2C_IF_Read)
                  20018498    000000c0     wifi_provisioning_thruAPmode.obj (.text:WlanConnect)
                  20018558    000000be     rtsv7M4_T_le_eabi.lib : xdnorm.obj (.text)
                  20018616    00000002     --HOLE-- [fill = 0]
                  20018618    000000bc     i2c_if.obj (.text:I2C_IF_Write)
                  200186d4    000000bc     simplelink.a : driver.obj (.text:_SlDrvMsgReadCmdCtx)
                  20018790    000000bc     tempRHSens_si7020.obj (.text:configureTempRHSensor)
                  2001884c    000000bc     rtsv7M4_T_le_eabi.lib : acosf.obj (.text)
                  20018908    000000bc     simplelink.a : device.obj (.text:sl_Start)
                  200189c4    000000ba     free_rtos.a : portasm.obj (.text)
                  20018a7e    00000002     --HOLE-- [fill = 0]
                  20018a80    000000b8     simplelink.a : driver.obj (.text:_SlAsyncEventGenericHandler)
                  20018b38    000000b8     installation.obj (.text:createInstallation)
                  20018bf0    000000b4     simplelink.a : netapp.obj (.text:sl_NetAppMDNSRegisterUnregisterService)
                  20018ca4    000000b0     app_common.obj (.text:intToASCII)
                  20018d54    000000ac     mt9d111.obj (.text:Verify_ImageSensor)
                  20018e00    000000ac     rtsv7M4_T_le_eabi.lib : _io_perm.obj (.text)
                  20018eac    000000ab     installation.obj (.text:getInstallationByIdCallback)
                  20018f57    00000001     --HOLE-- [fill = 0]
                  20018f58    000000aa     uartA1_if.obj (.text:Report)
                  20019002    00000002     --HOLE-- [fill = 0]
                  20019004    000000a8     driverlib.a : interrupt.obj (.text:IntDisable)
                  200190ac    000000a8                 : interrupt.obj (.text:IntEnable)
                  20019154    000000a8     parse_uploads.obj (.text:UploadImageToParse)
                  200191fc    000000a8     simplelink.a : netcfg.obj (.text:sl_NetCfgGet)
                  200192a4    000000a4     app_common.obj (.text:LED_Blink)
                  20019348    000000a0     driverlib.a : spi.obj (.text:SPIConfigSetExpClk)
                  200193e8    000000a0     cc3200_socket.obj (.text:socketWrite)
                  20019488    0000009e     matrix.obj (.text:f3x3matrixDetA)
                  20019526    00000002     --HOLE-- [fill = 0]
                  20019528    0000009c     simplelink.a : driver.obj (.text:_SlDrvMsgReadSpawnCtx)
                  200195c4    0000009c     approximations.obj (.text:fatan2_deg)
                  20019660    0000009c     rtsv7M4_T_le_eabi.lib : memcpy_t2.obj (.text)
                  200196fc    0000009c     simplelink.a : device.obj (.text:sl_DevGet)
                  20019798    00000098                  : fs.obj (.text:_sl_GetCreateFsMode)
                  20019830    00000098     rtsv7M4_T_le_eabi.lib : fclose.obj (.text)
                  200198c8    00000098                           : fputc.obj (.text)
                  20019960    00000094     driverlib.a : prcm.obj (.text:PRCMPeripheralClockGet)
                  200199f4    00000094     approximations.obj (.text:facos_deg)
                  20019a88    00000094     lightSens_isl29035.obj (.text:getLightsensor_data)
                  20019b1c    00000094     rtsv7M4_T_le_eabi.lib : snprintf.obj (.text)
                  20019bb0    00000092     parse_impl.obj (.text:parseInitialize)
                  20019c42    00000092     rtsv7M4_T_le_eabi.lib : fs_div_t2.obj (.text)
                  20019cd4    00000090     network_relater_fns.obj (.text:InitializeUserConfigVariables)
                  20019d64    00000090     parse_uploads.obj (.text:UploadSensorDataToParse)
                  20019df4    0000008c     simplelink.a : cc_pal.obj (.text:SetupDMAReceive)
                  20019e80    0000008c                  : cc_pal.obj (.text:SetupDMASend)
                  20019f0c    0000008c                  : netapp.obj (.text:_sl_HandleAsync_DnsGetHostByName)
                  20019f98    0000008c                  : netapp.obj (.text:_sl_HandleAsync_PingResponse)
                  2001a024    0000008c     rtsv7M4_T_le_eabi.lib : xfdint.obj (.text)
                  2001a0b0    0000008c     simplelink.a : cc_pal.obj (.text:spi_Write)
                  2001a13c    00000088     driverlib.a : prcm.obj (.text:PRCMHibernateIntervalSet)
                  2001a1c4    00000088                 : pin.obj (.text:PinConfigSet)
                  2001a24c    00000088     rtsv7M4_T_le_eabi.lib : vsnprintf.obj (.text)
                  2001a2d4    00000088     simplelink.a : fs.obj (.text:sl_FsClose)
                  2001a35c    00000086     rtsv7M4_T_le_eabi.lib : fd_cmp_t2.obj (.text:__aeabi_cdcmple)
                  2001a3e2    00000086                           : fd_cmp_t2.obj (.text:__aeabi_cdrcmple)
                  2001a468    00000084     timer_if.obj (.text:GetPeripheralIntNum)
                  2001a4ec    00000084     driverlib.a : i2c.obj (.text:I2CMasterInitExpClk)
                  2001a570    00000084     simplelink.a : cc_pal.obj (.text:NwpPowerOnPreamble)
                  2001a5f4    00000084     matrix.obj (.text:f3x3matrixAeqI)
                  2001a678    00000084     fusion.obj (.text:fInit_6DOF_GB_BASIC)
                  2001a6fc    00000080     simplelink.a : driver.obj (.text:_SlDrvCmdOp)
                  2001a77c    00000080                  : cc_pal.obj (.text:spi_Read_CPU)
                  2001a7fc    00000080                  : cc_pal.obj (.text:spi_Write_CPU)
                  2001a87c    0000007c     network_relater_fns.obj (.text:ConfigureMode)
                  2001a8f8    0000007c     simplelink.a : device.obj (.text:_sl_HandleAsync_InitComplete)
                  2001a974    0000007c     matrix.obj (.text:fmatrixAeqI)
                  2001a9f0    0000007c     simplelink.a : fs.obj (.text:sl_FsGetInfo)
                  2001aa6c    0000007a     rtsv7M4_T_le_eabi.lib : fs_mul_t2.obj (.text)
                  2001aae6    0000007a                           : memset_t2.obj (.text)
                  2001ab60    0000007a                           : xfdnorm.obj (.text)
                  2001abda    00000002     --HOLE-- [fill = 0]
                  2001abdc    00000078     i2c_if.obj (.text:I2CTransact)
                  2001ac54    00000078     parse_uploads.obj (.text:InitialiseParse)
                  2001accc    00000078     simplelink.a : socket.obj (.text:_sl_HandleAsync_Connect)
                  2001ad44    00000078                  : fs.obj (.text:sl_FsOpen)
                  2001adbc    00000078                  : cc_pal.obj (.text:spi_Close)
                  2001ae34    00000076     driverlib.a : uart.obj (.text:UARTConfigSetExpClk)
                  2001aeaa    00000002     --HOLE-- [fill = 0]
                  2001aeac    00000074     simplelink.a : socket.obj (.text:sl_Recv)
                  2001af20    00000073     installation.obj (.text:getInstallationCallback)
                  2001af93    00000001     --HOLE-- [fill = 0]
                  2001af94    00000072     timer_if.obj (.text:Timer_IF_IntSetup)
                  2001b006    00000002     --HOLE-- [fill = 0]
                  2001b008    00000070     batteryVoltLvlSens_adc081c021.obj (.text:Get_BatteryVoltageLevel_ADC081C021)
                  2001b078    00000070     timer_fns.obj (.text:get_timeDuration)
                  2001b0e8    0000006c     camera_app.obj (.text:CamControllerInit)
                  2001b154    0000006c     udma_if.obj (.text:UDMAInit)
                  2001b1c0    0000006c     simplelink.a : driver.obj (.text:_SlDrvCmdSend)
                  2001b22c    0000006c     matrix.obj (.text:f3x3matrixAeqMinusA)
                  2001b298    0000006c     request.obj (.text:parseSendRequestInternal)
                  2001b304    0000006c     rtsv7M4_T_le_eabi.lib : autoinit.obj (.text)
                  2001b370    0000006c                           : fprintf.obj (.text)
                  2001b3dc    0000006a     matrix.obj (.text:f3x3matrixAeqAxScalar)
                  2001b446    0000006a     rtsv7M4_T_le_eabi.lib : copy_decompress_rle.obj (.text)
                  2001b4b0    00000069     http.obj (.text:beginHttpGetRequest)
                  2001b519    00000003     --HOLE-- [fill = 0]
                  2001b51c    00000068     driverlib.a : prcm.obj (.text:PRCMHibernateWakeUpGPIOSelect)
                  2001b584    00000068     mt9d111.obj (.text:StartSensorInJpegMode)
                  2001b5ec    00000068     simplelink.a : netapp.obj (.text:_sl_NetAppSendTokenValue)
                  2001b654    00000068     cc3200_utils.obj (.text:fetchDeviceOSVersion)
                  2001b6bc    00000068     rtsv7M4_T_le_eabi.lib : trgmsg.obj (.text)
                  2001b724    00000068     simplelink.a : device.obj (.text:sl_DevSet)
                  2001b78c    00000068                  : netcfg.obj (.text:sl_NetCfgSet)
                  2001b7f4    00000068                  : socket.obj (.text:sl_SetSockOpt)
                  2001b85c    00000068                  : wlan.obj (.text:sl_WlanSet)
                  2001b8c4    00000066     matrix.obj (.text:f3x3matrixAeqScalar)
                  2001b92a    00000066     rtsv7M4_T_le_eabi.lib : xdunscal.obj (.text)
                  2001b990    00000064                           : fseek.obj (.text)
                  2001b9f4    00000064     cc3200_socket.obj (.text:socketWait)
                  2001ba58    00000064     tempRHSens_si7020.obj (.text:softResetTempRHSensor)
                  2001babc    00000064     driverlib.a : udma.obj (.text:uDMAChannelAttributeDisable)
                  2001bb20    00000064                 : udma.obj (.text:uDMAChannelAttributeEnable)
                  2001bb84    00000060     rtsv7M4_T_le_eabi.lib : fs_cmp_t2.obj (.text:__aeabi_cfcmple)
                  2001bbe4    00000060                           : fs_cmp_t2.obj (.text:__aeabi_cfrcmple)
                  2001bc44    00000060     simplelink.a : socket.obj (.text:_sl_HandleAsync_Accept)
                  2001bca4    00000060     main_FXOS8700.obj (.text:fxosDefault_Initializations)
                  2001bd04    00000060     accelomtrMagntomtr_fxos8700.obj (.text:getMagntData)
                  2001bd64    00000060     rtsv7M4_T_le_eabi.lib : sprintf.obj (.text)
                  2001bdc4    00000060     simplelink.a : wlan.obj (.text:sl_WlanPolicySet)
                  2001be24    00000060     accelomtrMagntomtr_fxos8700.obj (.text:standby_accelMagn_fxos8700)
                  2001be84    0000005c     ota.obj (.text:OTA_Init)
                  2001bee0    0000005c     lightSens_isl29035.obj (.text:getLightsensor_intrptStatus)
                  2001bf3c    0000005c     simplelink.a : socket.obj (.text:sl_Socket)
                  2001bf98    00000058     driverlib.a : interrupt.obj (.text:IntPendClear)
                  2001bff0    00000058                 : prcm.obj (.text:PRCMPeripheralReset)
                  2001c048    00000056     rtsv7M4_T_le_eabi.lib : ltoa.obj (.text)
                  2001c09e    00000056                           : xfdunsca.obj (.text)
                  2001c0f4    00000054     driverlib.a : interrupt.obj (.text:IntPrioritySet)
                  2001c148    00000054     simplelink.a : socket.obj (.text:_sl_HandleAsync_Select)
                  2001c19c    00000054     approximations.obj (.text:fasin_deg)
                  2001c1f0    00000054     request.obj (.text:headerSend)
                  2001c244    00000054     simplelink.a : wlan.obj (.text:sl_WlanRxFilterSet)
                  2001c298    00000051     installation.obj (.text:createInstallationCallback)
                  2001c2e9    00000003     --HOLE-- [fill = 0]
                  2001c2ec    00000050     i2c_if.obj (.text:I2C_IF_Open)
                  2001c33c    00000050     simplelink.a : device.obj (.text:_sl_HandleAsync_Stop)
                  2001c38c    00000050     mt9d111.obj (.text:disableAE)
                  2001c3dc    00000050     mt9d111.obj (.text:disableAWB)
                  2001c42c    00000050     rtsv7M4_T_le_eabi.lib : fs_toull_t2.obj (.text)
                  2001c47c    00000050     simplelink.a : fs.obj (.text:sl_FsDel)
                  2001c4cc    0000004c     tasks.obj (.text:RdSensData_Init)
                  2001c518    0000004c     driverlib.a : spi.obj (.text:SPIIntEnable)
                  2001c564    0000004c     simplelink.a : driver.obj (.text:_SlDrvProtectAsyncRespSetting)
                  2001c5b0    0000004c                  : driver.obj (.text:_SlDrvRxIrqHandler)
                  2001c5fc    0000004c                  : socket.obj (.text:_sl_BuildAddress)
                  2001c648    0000004c     rtsv7M4_T_le_eabi.lib : atoi.obj (.text)
                  2001c694    0000004c                           : atol.obj (.text)
                  2001c6e0    0000004c                           : cpy_tbl.obj (.text)
                  2001c72c    0000004c                           : rand.obj (.text)
                  2001c778    0000004c     driverlib.a : udma.obj (.text:uDMAChannelAssign)
                  2001c7c4    0000004a     rtsv7M4_T_le_eabi.lib : fd_tos_t2.obj (.text)
                  2001c80e    00000002     --HOLE-- [fill = 0]
                  2001c810    00000048     driverlib.a : prcm.obj (.text:PRCMHibernateWakeupSourceDisable)
                  2001c858    00000048                 : prcm.obj (.text:PRCMHibernateWakeupSourceEnable)
                  2001c8a0    00000048                 : spi.obj (.text:SPIIntClear)
                  2001c8e8    00000048     simplelink.a : driver.obj (.text:_SlDrvBasicCmd)
                  2001c930    00000048     http.obj (.text:addHttpRequestLine)
                  2001c978    00000048     approximations.obj (.text:fatan_15deg)
                  2001c9c0    00000048     rtsv7M4_T_le_eabi.lib : fd_toi_t2.obj (.text)
                  2001ca08    00000046                           : ldexp.obj (.text)
                  2001ca4e    00000002     --HOLE-- [fill = 0]
                  2001ca50    00000044     driverlib.a : spi.obj (.text:SPIDmaMaskGet)
                  2001ca94    00000044                 : timer.obj (.text:TimerConfigure)
                  2001cad8    00000044     udma_if.obj (.text:UDMASetupTransfer)
                  2001cb1c    00000044     simplelink.a : cc_pal.obj (.text:cc_SetupTransfer)
                  2001cb60    00000044     main_FXOS8700.obj (.text:fxos_Calibration)
                  2001cba4    00000044     rtsv7M4_T_le_eabi.lib : exit.obj (.text)
                  2001cbe8    00000044                           : fd_tou_t2.obj (.text)
                  2001cc2c    00000043     ota.obj (.text:OTA_Update)
                  2001cc6f    00000001     --HOLE-- [fill = 0]
                  2001cc70    00000042     simplelink.a : socket.obj (.text:sl_Htonl)
                  2001ccb2    00000002     --HOLE-- [fill = 0]
                  2001ccb4    00000040     driverlib.a : pin.obj (.text:PinModeSet)
                  2001ccf4    00000040     http.obj (.text:getHttpResponseBody)
                  2001cd34    00000040     rtsv7M4_T_le_eabi.lib : signal.obj (.text)
                  2001cd74    0000003e     appflile_lightSensor.obj (.text:IsLightOff)
                  2001cdb2    0000003e     rtsv7M4_T_le_eabi.lib : strncasecmp.obj (.text)
                  2001cdf0    0000003c     simplelink.a : netapp.obj (.text:CopyPingResultsToReport)
                  2001ce2c    0000003c     tasks.obj (.text:Fusion_Init)
                  2001ce68    0000003c     driverlib.a : prcm.obj (.text:PRCMPeripheralClkEnable)
                  2001cea4    0000003c     simplelink.a : socket.obj (.text:_sl_TruncatePayloadByProtocol)
                  2001cee0    0000003c     rtsv7M4_T_le_eabi.lib : boot.obj (.text)
                  2001cf1c    0000003c     simplelink.a : socket.obj (.text:sl_Htons)
                  2001cf58    0000003c     timer_fns.obj (.text:start_100mSecTimer)
                  2001cf94    0000003c     driverlib.a : udma.obj (.text:uDMAChannelControlSet)
                  2001cfd0    0000003a                 : camera.obj (.text:CameraCaptureStop)
                  2001d00a    0000003a                 : camera.obj (.text:CameraXClkConfig)
                  2001d044    0000003a     orientation.obj (.text:fLPFScalar)
                  2001d07e    0000003a     request.obj (.text:parseSendRequest)
                  2001d0b8    00000039     http.obj (.text:addHttpRequestHeader)
                  2001d0f1    00000003     --HOLE-- [fill = 0]
                  2001d0f4    00000038     simplelink.a : cc_pal.obj (.text:NwpPowerOff)
                  2001d12c    00000038     free_rtos.a : heap_3.obj (.text)
                  2001d164    00000038     rtsv7M4_T_le_eabi.lib : fs_tod_t2.obj (.text)
                  2001d19c    00000038                           : fs_toi_t2.obj (.text)
                  2001d1d4    00000038                           : i_tofs_t2.obj (.text)
                  2001d20c    00000036     driverlib.a : gpio.obj (.text:GPIODirModeSet)
                  2001d242    00000036     simplelink.a : netapp.obj (.text:sl_NetAppMDNSUnRegisterService)
                  2001d278    00000035     http.obj (.text:beginHttpRequest)
                  2001d2ad    00000001     --HOLE-- [fill = 0]
                  2001d2ae    00000034     driverlib.a : camera.obj (.text:CameraParamsConfig)
                  2001d2e2    00000002     --HOLE-- [fill = 0]
                  2001d2e4    00000034                 : prcm.obj (.text:PRCMPeripheralStatusGet)
                  2001d318    00000034                 : spi.obj (.text:SPIFIFOLevelSet)
                  2001d34c    00000034     http.obj (.text:getHttpResponseStatus)
                  2001d380    00000034     main_FXOS8700.obj (.text:get_angle)
                  2001d3b4    00000034     rtsv7M4_T_le_eabi.lib : feraiseexcept.obj (.text)
                  2001d3e8    00000034                           : fs_tou_t2.obj (.text)
                  2001d41c    00000034                           : strstr.obj (.text)
                  2001d450    00000032     timer_if.obj (.text:Timer_IF_Init)
                  2001d482    00000030     driverlib.a : pin.obj (.text:PinTypeGPIO)
                  2001d4b2    00000002     --HOLE-- [fill = 0]
                  2001d4b4    00000030                 : uart.obj (.text:UARTDisable)
                  2001d4e4    00000030     simplelink.a : device.obj (.text:_SlDrvDeviceEventHandler)
                  2001d514    00000030                  : fs.obj (.text:_sl_Strlen)
                  2001d544    00000030     main_FXOS8700.obj (.text:angleCheck)
                  2001d574    00000030     rtsv7M4_T_le_eabi.lib : strncpy.obj (.text)
                  2001d5a4    00000030                           : xferaise.obj (.text)
                  2001d5d4    00000030     simplelink.a : socket.obj (.text:sl_Close)
                  2001d604    00000030                  : wlan.obj (.text:sl_WlanProfileDel)
                  2001d634    00000030                  : wlan.obj (.text:sl_WlanSetMode)
                  2001d664    0000002e     rtsv7M4_T_le_eabi.lib : i_tofd_t2.obj (.text)
                  2001d692    0000002e                           : raise.obj (.text)
                  2001d6c0    0000002d     http.obj (.text:addHttpRequestHeaderInt)
                  2001d6ed    00000003     --HOLE-- [fill = 0]
                  2001d6f0    0000002c     tasks.obj (.text:ApplyMagHAL)
                  2001d71c    0000002c     driverlib.a : camera.obj (.text:CameraIntEnable)
                  2001d748    0000002c     simplelink.a : cc_pal.obj (.text:DmaSpiSwIntHandler)
                  2001d774    0000002c     driverlib.a : i2c.obj (.text:I2CMasterErr)
                  2001d7a0    0000002c                 : prcm.obj (.text:PRCMSysResetCauseGet)
                  2001d7cc    0000002c     mt9d111.obj (.text:SoftReset_ImageSensor)
                  2001d7f8    0000002c     cc3200_utils.obj (.text:getDeviceTimeDate)
                  2001d824    0000002c     request.obj (.text:setDataBufferPointer)
                  2001d850    0000002a     driverlib.a : timer.obj (.text:TimerLoadSet)
                  2001d87a    0000002a                 : timer.obj (.text:TimerPrescaleSet)
                  2001d8a4    0000002a     rtsv7M4_T_le_eabi.lib : xdclass.obj (.text)
                  2001d8ce    00000002     --HOLE-- [fill = 0]
                  2001d8d0    00000028     driverlib.a : camera.obj (.text:CameraIntStatus)
                  2001d8f8    00000028     uartA1_if.obj (.text:InitTerm)
                  2001d920    00000028     uartA1_if.obj (.text:Message)
                  2001d948    00000028     driverlib.a : prcm.obj (.text:PRCMPeripheralClkDisable)
                  2001d970    00000028     rtsv7M4_T_le_eabi.lib : strncat.obj (.text)
                  2001d998    00000028     simplelink.a : netapp.obj (.text:sl_NetAppStart)
                  2001d9c0    00000028                  : netapp.obj (.text:sl_NetAppStop)
                  2001d9e8    00000026     driverlib.a : camera.obj (.text:CameraThresholdSet)
                  2001da0e    00000026     simplelink.a : cc_pal.obj (.text:NwpRegisterInterruptHandler)
                  2001da34    00000026     rtsv7M4_T_le_eabi.lib : strncmp.obj (.text)
                  2001da5a    00000002     --HOLE-- [fill = 0]
                  2001da5c    00000024     driverlib.a : camera.obj (.text:CameraIntClear)
                  2001da80    00000024     timer_fns.obj (.text:IntHandler_100mSecTimer)
                  2001daa4    00000024     driverlib.a : interrupt.obj (.text:IntUnregister)
                  2001dac8    00000024     timer_if.obj (.text:Timer_IF_Start)
                  2001daec    00000024     driverlib.a : uart.obj (.text:UARTEnable)
                  2001db10    00000024     mt9d111.obj (.text:WriteAllAEnAWBRegs)
                  2001db34    00000024     simplelink.a : driver.obj (.text:_SlDrvProtectionObjLockWaitForever)
                  2001db58    00000024     rtsv7M4_T_le_eabi.lib : u_tofs_t2.obj (.text)
                  2001db7c    00000022     driverlib.a : camera.obj (.text:CameraCaptureStart)
                  2001db9e    00000022                 : i2c.obj (.text:I2CMasterSlaveAddrSet)
                  2001dbc0    00000022     simplelink.a : socket.obj (.text:SL_FD_SET)
                  2001dbe2    00000022     driverlib.a : spi.obj (.text:SPIReset)
                  2001dc04    00000022                 : spi.obj (.text:SPIWordCountSet)
                  2001dc26    00000022     rtsv7M4_T_le_eabi.lib : frexp.obj (.text)
                  2001dc48    00000022                           : memcmp.obj (.text)
                  2001dc6a    00000020     driverlib.a : gpio.obj (.text:GPIOPinWrite)
                  2001dc8a    00000002     --HOLE-- [fill = 0]
                  2001dc8c    00000020                 : interrupt.obj (.text:IntRegister)
                  2001dcac    00000020     simplelink.a : cc_pal.obj (.text:NwpPowerOn)
                  2001dccc    00000020     mt9d111.obj (.text:Refresh_mt9d111Firmware)
                  2001dcec    00000020     simplelink.a : driver.obj (.text:_SlDrvProtectionObjUnLock)
                  2001dd0c    00000020     rtsv7M4_T_le_eabi.lib : memchr.obj (.text)
                  2001dd2c    00000020                           : u_tofd_t2.obj (.text)
                  2001dd4c    0000001e     driverlib.a : i2c.obj (.text:I2CMasterIntStatusEx)
                  2001dd6a    0000001e                 : timer.obj (.text:TimerDisable)
                  2001dd88    0000001e                 : timer.obj (.text:TimerEnable)
                  2001dda6    0000001e                 : timer.obj (.text:TimerIntStatus)
                  2001ddc4    0000001e                 : uart.obj (.text:UARTCharPut)
                  2001dde2    0000001e     simplelink.a : cc_pal.obj (.text:cc_UDMAChannelSelect)
                  2001de00    0000001e     rtsv7M4_T_le_eabi.lib : strcat.obj (.text)
                  2001de1e    00000002     --HOLE-- [fill = 0]
                  2001de20    0000001c     tasks.obj (.text:ApplyAccelHAL)
                  2001de3c    0000001c     main.obj (.text:BoardInit)
                  2001de58    0000001c     mt9d111.obj (.text:CameraSensorInit)
                  2001de74    0000001c     udma_if.obj (.text:DmaSwIntHandler)
                  2001de90    0000001c     driverlib.a : pin.obj (.text:PinTypeI2C)
                  2001deac    0000001c                 : timer.obj (.text:TimerValueGet)
                  2001dec8    0000001c     simplelink.a : driver.obj (.text:_SlDrvObjLockWaitForever)
                  2001dee4    0000001c                  : driver.obj (.text:_SlDrvSyncObjWaitForever)
                  2001df00    0000001c     rtsv7M4_T_le_eabi.lib : memccpy.obj (.text)
                  2001df1c    0000001c     timer_fns.obj (.text:stop_100mSecTimer)
                  2001df38    0000001c     driverlib.a : udma.obj (.text:uDMAChannelDisable)
                  2001df54    0000001c                 : udma.obj (.text:uDMAChannelEnable)
                  2001df70    0000001c     main.obj (.text:vApplicationMallocFailedHook)
                  2001df8c    0000001a     driverlib.a : pin.obj (.text:PinTypeCamera)
                  2001dfa6    0000001a                 : pin.obj (.text:PinTypeUART)
                  2001dfc0    0000001a                 : spi.obj (.text:SPIDmaDisable)
                  2001dfda    0000001a                 : spi.obj (.text:SPIDmaEnable)
                  2001dff4    0000001a                 : spi.obj (.text:SPIFIFODisable)
                  2001e00e    0000001a                 : spi.obj (.text:SPIFIFOEnable)
                  2001e028    00000018                 : camera.obj (.text:CameraReset)
                  2001e040    00000018                 : gpio.obj (.text:GPIOPinRead)
                  2001e058    00000018                 : prcm.obj (.text:PRCMHibernateEnter)
                  2001e070    00000018                 : spi.obj (.text:SPICSDisable)
                  2001e088    00000018                 : spi.obj (.text:SPICSEnable)
                  2001e0a0    00000018                 : spi.obj (.text:SPIDisable)
                  2001e0b8    00000018                 : spi.obj (.text:SPIEnable)
                  2001e0d0    00000018                 : timer.obj (.text:TimerIntEnable)
                  2001e0e8    00000018     timer_if.obj (.text:Timer_IF_InterruptClear)
                  2001e100    00000018     simplelink.a : driver.obj (.text:_SlDrvObjUnLock)
                  2001e118    00000018                  : driver.obj (.text:_SlDrvSyncObjSignal)
                  2001e130    00000018                  : device.obj (.text:_sl_GetStartResponseConvert)
                  2001e148    00000018     rtsv7M4_T_le_eabi.lib : args_main.obj (.text)
                  2001e160    00000018                           : strcmp.obj (.text)
                  2001e178    00000016     driverlib.a : camera.obj (.text:CameraDMAEnable)
                  2001e18e    00000016                 : camera.obj (.text:CameraIntRegister)
                  2001e1a4    00000016                 : i2c.obj (.text:I2CMasterDataPut)
                  2001e1ba    00000016                 : i2c.obj (.text:I2CMasterEnable)
                  2001e1d0    00000016                 : prcm.obj (.text:PRCMHIBRegRead)
                  2001e1e6    00000016                 : prcm.obj (.text:PRCMHIBRegWrite)
                  2001e1fc    00000016     simplelink.a : driver.obj (.text:_SlDrvMemZero)
                  2001e212    00000016     rtsv7M4_T_le_eabi.lib : strchr.obj (.text)
                  2001e228    00000014     driverlib.a : cpu.obj (.text:CPUcpsie)
                  2001e23c    00000014                 : interrupt.obj (.text:IntVTableBaseSet)
                  2001e250    00000014     app_common.obj (.text:LED_Off)
                  2001e264    00000014     app_common.obj (.text:LED_On)
                  2001e278    00000014     rtsv7M4_T_le_eabi.lib : _lock.obj (.text)
                  2001e28c    00000014                           : strcpy.obj (.text)
                  2001e2a0    00000014                           : strlen.obj (.text)
                  2001e2b4    00000014     driverlib.a : udma.obj (.text:uDMAControlBaseSet)
                  2001e2c8    00000014                 : udma.obj (.text:uDMAIntClear)
                  2001e2dc    00000012                 : i2c.obj (.text:I2CMasterControl)
                  2001e2ee    00000012                 : i2c.obj (.text:I2CMasterIntClearEx)
                  2001e300    00000012                 : i2c.obj (.text:I2CMasterTimeoutSet)
                  2001e312    00000012                 : timer.obj (.text:TimerIntClear)
                  2001e324    00000010                 : prcm.obj (.text:PRCMSOCReset)
                  2001e334    00000010     simplelink.a : socket.obj (.text:SL_FD_ZERO)
                  2001e344    00000010     timer_if.obj (.text:Timer_IF_Stop)
                  2001e354    00000010     cc3200_socket.obj (.text:socketClose)
                  2001e364    0000000e     driverlib.a : i2c.obj (.text:I2CMasterDataGet)
                  2001e372    0000000e     simplelink.a : driver.obj (.text:_SlDrvResetCmdExt)
                  2001e380    0000000e     rtsv7M4_T_le_eabi.lib : copy_decompress_none.obj (.text:decompress:none)
                  2001e38e    0000000c     udma_if.obj (.text:DmaErrorIntHandler)
                  2001e39a    00000002     --HOLE-- [fill = 0]
                  2001e39c    0000000c     simplelink.a : cc_pal.obj (.text:NwpMaskInterrupt)
                  2001e3a8    0000000c                  : cc_pal.obj (.text:NwpUnMaskInterrupt)
                  2001e3b4    0000000c     rtsv7M4_T_le_eabi.lib : copy_zero_init.obj (.text:decompress:ZI)
                  2001e3c0    0000000c     parse_impl.obj (.text:getInternalClient)
                  2001e3cc    0000000c     simplelink.a : wlan.obj (.text:sl_WlanDisconnect)
                  2001e3d8    0000000c     driverlib.a : udma.obj (.text:uDMAEnable)
                  2001e3e4    0000000c                 : udma.obj (.text:uDMAIntStatus)
                  2001e3f0    0000000a                 : interrupt.obj (.text:IntMasterEnable)
                  2001e3fa    0000000a     main.obj (.text:vApplicationStackOverflowHook)
                  2001e404    00000008     hibernate_related_fns.obj (.text:sensorsTriggerSetup)
                  2001e40c    00000006     i2cconfig.obj (.text:MT9D111Delay)
                  2001e412    00000006     startup_ccs.obj (.text:ResetISR)
                  2001e418    00000006     driverlib.a : utils.obj (.text:UtilsDelay)
                  2001e41e    00000006     rtsv7M4_T_le_eabi.lib : copy_decompress_rle.obj (.text:decompress:rle24)
                  2001e424    00000006                           : logf.obj (.text)
                  2001e42a    00000006                           : sinf.obj (.text)
                  2001e430    00000004                           : error.obj (.text)
                  2001e434    00000004                           : pre_init.obj (.text)

.const     0    2001e438    00000eca     
                  2001e438    0000013c     mt9d111.obj (.const:init_cmds_list)
                  2001e574    00000101     rtsv7M4_T_le_eabi.lib : ctype.obj (.const:.string:_ctypes_)
                  2001e675    00000003     --HOLE-- [fill = 0]
                  2001e678    00000100     driverlib.a : pin.obj (.const:g_ulPinToPadMap)
                  2001e778    000000d4                 : interrupt.obj (.const:g_pulRegs)
                  2001e84c    000000d0     mt9d111.obj (.const)
                  2001e91c    000000c4     mt9d111.obj (.const:capture_cmds_list)
                  2001e9e0    000000b0     simplelink.a : wlan.obj (.const:$P$T0$1)
                  2001ea90    000000a8     driverlib.a : prcm.obj (.const:PRCM_PeriphRegsList)
                  2001eb38    00000080                 : interrupt.obj (.const)
                  2001ebb8    00000072     lightSens_isl29035.obj (.const:.string)
                  2001ec2a    0000006a     wifi_provisioning_thruAPmode.obj (.const:.string)
                  2001ec94    00000068     appFns_BatteryLevelSense.obj (.const:V2CEntry$1)
                  2001ecfc    0000005b     camera_app.obj (.const:.string)
                  2001ed57    00000050     accelomtrMagntomtr_fxos8700.obj (.const:.string)
                  2001eda7    00000001     --HOLE-- [fill = 0]
                  2001eda8    0000004c     mt9d111.obj (.const:$P$T4$5)
                  2001edf4    0000004b     tempRHSens_si7020.obj (.const:.string)
                  2001ee3f    00000042     mt9d111.obj (.const:.string)
                  2001ee81    00000040     network_relater_fns.obj (.const:.string)
                  2001eec1    0000003c     i2c_app.obj (.const:.string)
                  2001eefd    00000001     --HOLE-- [fill = 0]
                  2001eefe    0000003c     simplelink.a : driver.obj (.const:OpcodeTranslateTable)
                  2001ef3a    0000003c                  : wlan.obj (.const)
                  2001ef76    00000002     --HOLE-- [fill = 0]
                  2001ef78    00000038                  : driver.obj (.const:_SlActionLookupTable)
                  2001efb0    00000038     rtsv7M4_T_le_eabi.lib : xflog.obj (.const)
                  2001efe8    00000038     simplelink.a : fs.obj (.const)
                  2001f020    00000036     flash_files.obj (.const:.string)
                  2001f056    00000002     --HOLE-- [fill = 0]
                  2001f058    00000034     rtsv7M4_T_le_eabi.lib : xfatan.obj (.const)
                  2001f08c    00000034     simplelink.a : driver.obj (.const)
                  2001f0c0    00000034                  : socket.obj (.const)
                  2001f0f4    0000002c     network_relater_fns.obj (.const:$P$T1$2)
                  2001f120    0000002b     parse_uploads.obj (.const:.string)
                  2001f14b    00000001     --HOLE-- [fill = 0]
                  2001f14c    00000028     rtsv7M4_T_le_eabi.lib : xfdint.obj (.const)
                  2001f174    00000028                           : xfsin.obj (.const)
                  2001f19c    00000028     simplelink.a : netapp.obj (.const)
                  2001f1c4    00000024     main.obj (.const:.string)
                  2001f1e8    00000023     batteryVoltLvlSens_adc081c021.obj (.const:.string:$P$T0$1)
                  2001f20b    00000022     network_relater_fns.obj (.const:.string:$P$T0$1)
                  2001f22d    00000003     --HOLE-- [fill = 0]
                  2001f230    0000001c     rtsv7M4_T_le_eabi.lib : tanf.obj (.const)
                  2001f24c    0000001c                           : xfexp.obj (.const)
                  2001f268    00000018     driverlib.a : spi.obj (.const)
                  2001f280    00000017     request.obj (.const:.string)
                  2001f297    00000016     collect_and_txit.obj (.const:.string)
                  2001f2ad    00000014     network_relater_fns.obj (.const)
                  2001f2c1    00000001     --HOLE-- [fill = 0]
                  2001f2c2    00000014     simplelink.a : device.obj (.const)
                  2001f2d6    00000010                  : socket.obj (.const:.string)
                  2001f2e6    0000000b     app_common.obj (.const:.string)
                  2001f2f1    00000008     simplelink.a : device.obj (.const:.string)
                  2001f2f9    00000001     --HOLE-- [fill = 0]
                  2001f2fa    00000008                  : netcfg.obj (.const)

.cinit     0    2001f308    00000530     
                  2001f308    00000506     (.cinit..data.load) [load image, compression = rle]
                  2001f80e    00000002     --HOLE-- [fill = 0]
                  2001f810    0000000c     (__TI_handler_table)
                  2001f81c    00000004     --HOLE-- [fill = 0]
                  2001f820    00000008     (.cinit..bss.load) [load image, compression = zero_init]
                  2001f828    00000010     (__TI_cinit_table)

.init_array 
*          0    20004000    00000000     UNINITIALIZED

.bss       0    20022400    000172fb     UNINITIALIZED
                  20022400    00014000     main.obj (.bss:g_image_buffer)
                  20036400    00000b58     tasks.obj (.bss:thisMagBuffer)
                  20036f58    000005a0     ota.a : OtaHttp.obj (.bss:recv_buf)
                  200374f8    0000044c           : OtaClient.obj (.bss:g_OtaCheckUpdateResponse)
                  20037944    00000418     wifi_provisioning_thruAPmode.obj (.bss:thisMagCal)
                  20037d5c    00000240     ota.obj (.bss:g_otaOptServerInfo)
                  20037f9c    00000058     tasks.obj (.bss:thisMag)
                  20037ff4    0000000c     (.common:g_SecParams)
                  20038000    00000400     udma_if.obj (.bss:gpCtlTbl)
                  20038400    000003d8     ota.a : OtaClient.obj (.bss:g_OtaFileMetadata)
                  200387d8    00000370     main.obj (.bss:g_NetEntries)
                  20038b48    00000200     ota.a : OtaHttp.obj (.bss:send_buf)
                  20038d48    00000178     simplelink.a : driver.obj (.bss:g_StatMem)
                  20038ec0    00000120     rtsv7M4_T_le_eabi.lib : trgmsg.obj (.bss:__CIOBUF_)
                  20038fe0    00000100     udma_if.obj (.bss:gfpAppCallbackHndl)
                  200390e0    000000c8     free_rtos.a : tasks.obj (.bss:pxReadyTasksLists)
                  200391a8    000000ac     tasks.obj (.bss:thisSV_6DOF_GB_BASIC)
                  20039254    000000a0     rtsv7M4_T_le_eabi.lib : defs.obj (.bss:__TI_tmpnams)
                  200392f4    00000074     ota.a : CdnClient.obj (.bss:g_CdnClient)
                  20039368    00000050     simplelink.a : cc_pal.obj (.bss:g_ucDinDout)
                  200393b8    00000050     free_rtos.a : queue.obj (.bss:xQueueRegistry)
                  20039408    0000004c     ota.a : OtaApp.obj (.bss:g_OtaApp)
                  20039454    0000004c           : OtaApp.obj (.bss:g_OtaApp_statistics)
                  200394a0    00000034     cc3200_client_state.obj (.bss:clientStateFileName)
                  200394d4    00000034     main.obj (.bss:g_cWlanSecurityKey)
                  20039508    00000034     tasks.obj (.bss:thisAccel)
                  2003953c    00000024     ota.a : OtaClient.obj (.bss:g_OtaClient)
                  20039560    00000024     main.obj (.bss:g_cWlanSSID)
                  20039584    00000024     main.obj (.bss:g_ucConnectionSSID)
                  200395a8    0000001c     rtsv7M4_T_le_eabi.lib : vla_alloc.obj (.bss)
                  200395c4    00000014     (.common:g_FlcSflashCb)
                  200395d8    00000014     (.common:g_flag_blockFull)
                  200395ec    00000014     (.common:xDelayedTaskList1)
                  20039600    00000014     (.common:xDelayedTaskList2)
                  20039614    00000014     (.common:xPendingReadyList)
                  20039628    00000014     (.common:xSuspendedTaskList)
                  2003963c    00000014     (.common:xTasksWaitingTermination)
                  20039650    00000010     (.common:ang_buf)
                  20039660    00000010     (.common:globals)
                  20039670    00000010     (.common:mqxglobals)
                  20039680    00000008     (.common:g_LogClient)
                  20039688    00000008     (.common:g_ucConnectionBSSID)
                  20039690    00000008     (.common:parmbuf)
                  20039698    00000008     (.common:sBootInfo)
                  200396a0    00000004     (.common:DMAMsgQ)
                  200396a4    00000004     (.common:Elapsed_100MilliSecs)
                  200396a8    00000004     (.common:__Errorlog)
                  200396ac    00000004     (.common:angle_avg)
                  200396b0    00000004     (.common:dataBuffer)
                  200396b4    00000004     (.common:g_block_lastFilled)
                  200396b8    00000004     (.common:g_cDummy)
                  200396bc    00000004     (.common:g_cWlanSecurityType)
                  200396c0    00000004     (.common:g_frame_size_in_bytes)
                  200396c4    00000004     (.common:g_position_in_block)
                  200396c8    00000004     (.common:g_readHeader)
                  200396cc    00000004     (.common:g_total_dma_intrpts)
                  200396d0    00000004     (.common:g_ulAppStatus)
                  200396d4    00000004     (.common:gdoor_40deg_angle)
                  200396d8    00000004     (.common:gdoor_90deg_angle)
                  200396dc    00000004     (.common:pvOtaApp)
                  200396e0    00000004     (.common:pxDelayedTaskList)
                  200396e4    00000004     (.common:pxOverflowDelayedTaskList)
                  200396e8    00000001     (.common:RxIrqCnt)
                  200396e9    00000001     (.common:avg_buffer_cnt)
                  200396ea    00000001     (.common:checkForLight_Flag)
                  200396eb    00000001     (.common:g_dma_txn_done)
                  200396ec    00000001     (.common:g_flag_DataBlockFilled)
                  200396ed    00000001     (.common:g_flag_door_closing_45degree)
                  200396ee    00000001     (.common:g_frame_end)
                  200396ef    00000001     (.common:g_ucAngle40)
                  200396f0    00000001     (.common:g_ucAngle90)
                  200396f1    00000001     (.common:g_ucCalibration)
                  200396f2    00000001     (.common:g_ucConfig)
                  200396f3    00000001     (.common:g_ucExitButton)
                  200396f4    00000001     (.common:g_ucMagCalb)
                  200396f5    00000001     (.common:g_ucProfileAdded)
                  200396f6    00000001     (.common:g_ucPushButtonPressedTwice)
                  200396f7    00000001     (.common:iDone)
                  200396f8    00000001     (.common:isitfirsttime)
                  200396f9    00000001     (.common:print_count)
                  200396fa    00000001     (.common:valid_case)

.TI.noinit 
*          0    20022400    00000000     UNINITIALIZED

.sysmem    0    20039700    00005000     UNINITIALIZED
                  20039700    00000008     rtsv7M4_T_le_eabi.lib : memory.obj (.sysmem)
                  20039708    00004ff8     --HOLE--


LINKER GENERATED COPY TABLES

__TI_cinit_table @ 2001f828 records: 2, size/record: 8, table size: 16
	.data: load addr=2001f308, load size=00000506 bytes, run addr=20000000, run size=00000934 bytes, compression=rle
	.bss: load addr=2001f820, load size=00000008 bytes, run addr=20022400, run size=000172fb bytes, compression=zero_init


LINKER GENERATED HANDLER TABLE

__TI_handler_table @ 2001f810 records: 3, size/record: 4, table size: 12
	index: 0, handler: __TI_decompress_rle24
	index: 1, handler: __TI_decompress_none
	index: 2, handler: __TI_zero_init


GLOBAL SYMBOLS: SORTED ALPHABETICALLY BY Name 

address   name                                  
-------   ----                                  
20012309  AccessPtMode_HTTPServer_Start         
2001de21  ApplyAccelHAL                         
2001d6f1  ApplyMagHAL                           
2001cba5  C$$EXIT                               
2001b6eb  C$$IO$$                               
2001e229  CPUcpsie                              
20010729  CalibrateMagSensor                    
2001b0e9  CamControllerInit                     
2001db7d  CameraCaptureStart                    
2001cfd1  CameraCaptureStop                     
2001e179  CameraDMAEnable                       
2001da5d  CameraIntClear                        
2001d71d  CameraIntEnable                       
2001e18f  CameraIntRegister                     
2001d8d1  CameraIntStatus                       
2001d2af  CameraParamsConfig                    
2001e029  CameraReset                           
2001de59  CameraSensorInit                      
2001d9e9  CameraThresholdSet                    
2001d00b  CameraXClkConfig                      
2000b495  CaptureAndStore_Image                 
2000d21b  CdnClient_CloseServer                 
2000d239  CdnClient_ConnectByUrl                
2000d1e9  CdnClient_Init                        
2000d0b3  CdnClient_Run                         
2000d0a9  CdnClient_SetFileInfo                 
20015f6d  Check_I2CDevices                      
20014019  CollectAngle                          
20010915  CollectTxit_ImgTempRH                 
20018251  Config_And_Start_CameraCapture        
2001a87d  ConfigureMode                         
2000e925  ConfigureSimpleLinkToDefaultState     
200154cd  ConnectToNetwork_STA                  
20012629  ConstructDeviceStateObject            
2001cdf1  CopyPingResultsToReport               
200396a0  DMAMsgQ                               
2000063c  DigiCertHighAssuranceEVRootCA_der_len 
2001e38f  DmaErrorIntHandler                    
2001d749  DmaSpiSwIntHandler                    
2001de75  DmaSwIntHandler                       
200396a4  Elapsed_100MilliSecs                  
20013c11  FXOS8700_Init                         
200155e5  FXOS8700_ReadData                     
2001ce2d  Fusion_Init                           
20013955  Fusion_Run                            
2001d20d  GPIODirModeSet                        
2001e041  GPIOPinRead                           
2001dc6b  GPIOPinWrite                          
200175b5  Get_BatteryPercent                    
2001b009  Get_BatteryVoltageLevel_ADC081C021    
2001769d  Get_FridgeCamID                       
20013ab5  HIBernate                             
2000e8dd  HOSTclock                             
2000e8a5  HOSTclose                             
2000e867  HOSTgetenv                            
2000e80b  HOSTlseek                             
2000e7b9  HOSTopen                              
2000e76d  HOSTread                              
2000e70f  HOSTrename                            
2000e6d5  HOSTtime                              
2000e69d  HOSTunlink                            
2000e651  HOSTwrite                             
20014675  I2CBufferRead                         
20014ef5  I2CBufferWrite                        
2001e2dd  I2CMasterControl                      
2001e365  I2CMasterDataGet                      
2001e1a5  I2CMasterDataPut                      
2001e1bb  I2CMasterEnable                       
2001d775  I2CMasterErr                          
2001a4ed  I2CMasterInitExpClk                   
2001e2ef  I2CMasterIntClearEx                   
2001dd4d  I2CMasterIntStatusEx                  
2001db9f  I2CMasterSlaveAddrSet                 
2001e301  I2CMasterTimeoutSet                   
2001c2ed  I2C_IF_Open                           
200183d9  I2C_IF_Read                           
20018619  I2C_IF_Write                          
2001d8f9  InitTerm                              
2001ac55  InitialiseParse                       
20019cd5  InitializeUserConfigVariables         
20019005  IntDisable                            
200190ad  IntEnable                             
2001da81  IntHandler_100mSecTimer               
2001e3f1  IntMasterEnable                       
2001bf99  IntPendClear                          
2001c0f5  IntPrioritySet                        
2001dc8d  IntRegister                           
2001daa5  IntUnregister                         
2001e23d  IntVTableBaseSet                      
2001cd75  IsLightOff                            
200192a5  LED_Blink                             
2001e251  LED_Off                               
2001e265  LED_On                                
2000de7b  LogClient_Close                       
2000de93  LogClient_ConnectAndPrint             
2000de45  LogClient_ConnectServer               
2000de2d  LogClient_Init                        
2000dce9  LogClient_Print                       
2001e40d  MT9D111Delay                          
2000e021  MagCal_Run                            
20017781  Main_Task_withHibernate               
2001d921  Message                               
2001e39d  NwpMaskInterrupt                      
2001d0f5  NwpPowerOff                           
2001dcad  NwpPowerOn                            
2001a571  NwpPowerOnPreamble                    
2001da0f  NwpRegisterInterruptHandler           
2001e3a9  NwpUnMaskInterrupt                    
20013685  OTAServerInfoSet                      
20017941  OTA_CommitImage                       
2001be85  OTA_Init                              
20010131  OTA_Run                               
2001cc2d  OTA_Update                            
2001eefe  OpcodeTranslateTable                  
2000bc9f  OtaClient_CloseServer                 
2000bc69  OtaClient_ConnectServer               
2000bc37  OtaClient_GetNextUpdate               
2000bc05  OtaClient_Init                        
2000bb2f  OtaClient_ResourceMetadata            
2000b96b  OtaClient_ResourceNameConvert         
2000b8bd  OtaClient_UpdateCheck                 
20014c8d  PRCMCC3200MCUInit                     
2001e1d1  PRCMHIBRegRead                        
2001e1e7  PRCMHIBRegWrite                       
2001e059  PRCMHibernateEnter                    
2001a13d  PRCMHibernateIntervalSet              
2001b51d  PRCMHibernateWakeUpGPIOSelect         
2001c811  PRCMHibernateWakeupSourceDisable      
2001c859  PRCMHibernateWakeupSourceEnable       
2001d949  PRCMPeripheralClkDisable              
2001ce69  PRCMPeripheralClkEnable               
20019961  PRCMPeripheralClockGet                
2001bff1  PRCMPeripheralReset                   
2001d2e5  PRCMPeripheralStatusGet               
2001e325  PRCMSOCReset                          
2001d7a1  PRCMSysResetCauseGet                  
2001a1c5  PinConfigSet                          
2001ccb5  PinModeSet                            
20016479  PinMuxConfig                          
2001df8d  PinTypeCamera                         
2001d483  PinTypeGPIO                           
2001de91  PinTypeI2C                            
2001dfa7  PinTypeUART                           
2001c4cd  RdSensData_Init                       
20011079  RdSensData_Run                        
20017861  ReadFile_FromFlash                    
2001dccd  Refresh_mt9d111Firmware               
20018f59  Report                                
2001e413  ResetISR                              
200396e8  RxIrqCnt                              
2001f09c  RxMsgClassLUT                         
UNDEFED   SHT$$INIT_ARRAY$$Base                 
UNDEFED   SHT$$INIT_ARRAY$$Limit                
2001dbc1  SL_FD_SET                             
2001e335  SL_FD_ZERO                            
2001e071  SPICSDisable                          
2001e089  SPICSEnable                           
20019349  SPIConfigSetExpClk                    
2001e0a1  SPIDisable                            
2001dfc1  SPIDmaDisable                         
2001dfdb  SPIDmaEnable                          
2001e0b9  SPIEnable                             
2001dff5  SPIFIFODisable                        
2001e00f  SPIFIFOEnable                         
2001d319  SPIFIFOLevelSet                       
2001c8a1  SPIIntClear                           
2001c519  SPIIntEnable                          
2001dbe3  SPIReset                              
2001dc05  SPIWordCountSet                       
20000860  SecurityParams                        
2000a251  SimpleLinkHttpServerCallback          
200133a5  SimpleLinkNetAppEventHandler          
200137ed  SimpleLinkSockEventHandler            
2000c881  SimpleLinkWlanEventHandler            
2001d7cd  SoftReset_ImageSensor                 
2001f2f1  StartResponseLUT                      
2001b585  StartSensorInJpegMode                 
2001ca95  TimerConfigure                        
2001dd6b  TimerDisable                          
2001dd89  TimerEnable                           
2001e313  TimerIntClear                         
2001e0d1  TimerIntEnable                        
2001dda7  TimerIntStatus                        
2001d851  TimerLoadSet                          
2001d87b  TimerPrescaleSet                      
2001dead  TimerValueGet                         
2001d451  Timer_IF_Init                         
2001af95  Timer_IF_IntSetup                     
2001e0e9  Timer_IF_InterruptClear               
2001dac9  Timer_IF_Start                        
2001e345  Timer_IF_Stop                         
20000728  Token                                 
2001ddc5  UARTCharPut                           
2001ae35  UARTConfigSetExpClk                   
2001d4b5  UARTDisable                           
2001daed  UARTEnable                            
2001b155  UDMAInit                              
2001cad9  UDMASetupTransfer                     
20019155  UploadImageToParse                    
20019d65  UploadSensorDataToParse               
2001177d  UserConfigure_Task                    
2000fa99  User_Configure                        
2001e419  UtilsDelay                            
2000aeb5  VDeleteSimpleLinkSpawnTask            
2000ae65  VStartSimpleLinkSpawnTask             
2000078c  Value                                 
20018d55  Verify_ImageSensor                    
2000ebe5  WiFiProvisioning                      
2001db11  WriteAllAEnAWBRegs                    
20015c51  WriteFile_ToFlash                     
2001d8a5  _Dclass                               
20000640  _Denorm                               
20018559  _Dnorm                                
20015921  _Dscale                               
2001b92b  _Dunscale                             
20000650  _Eps                                  
20000924  _Errno                                
20017cad  _FAtan                                
200006c0  _FDenorm                              
2001a025  _FDint                                
2001ab61  _FDnorm                               
20017e59  _FDscale                              
2001c09f  _FDunscale                            
200006d0  _FEps                                 
20012f45  _FExp                                 
200006e0  _FInf                                 
200115c1  _FLog                                 
200006f0  _FNan                                 
20000710  _FRteps                               
20011fd5  _FSin                                 
20000700  _FSnan                                
20000720  _FXbig                                
20000724  _FZero                                
2000090c  _Fenv                                 
2001d5a5  _Feraise                              
20000660  _Hugeval                              
20000670  _Inf                                  
20000680  _Nan                                  
2000d04b  _OpenStorageFile                      
2000bce1  _OtaCleanToIdle                       
2000cffd  _ReadFileHeaders                      
2000bdcf  _ReadStatFile                         
2000cff1  _RecvFileChunk                        
200006a0  _Rteps                                
2001f0d4  _SlAcceptCmdCtrl                      
2001ef78  _SlActionLookupTable                  
20018a81  _SlAsyncEventGenericHandler           
2001f2ce  _SlDeviceGetCmdCtrl                   
2001f2d2  _SlDeviceSetCmdCtrl                   
2001c8e9  _SlDrvBasicCmd                        
20017bd5  _SlDrvClassifyRxMsg                   
2001a6fd  _SlDrvCmdOp                           
2001b1c1  _SlDrvCmdSend                         
2001527d  _SlDrvDataReadOp                      
20016071  _SlDrvDataWriteOp                     
2001d4e5  _SlDrvDeviceEventHandler              
20016c49  _SlDrvDriverCBDeinit                  
200130bd  _SlDrvDriverCBInit                    
2001e1fd  _SlDrvMemZero                         
200096e1  _SlDrvMsgRead                         
200186d5  _SlDrvMsgReadCmdCtx                   
20019529  _SlDrvMsgReadSpawnCtx                 
20010ead  _SlDrvMsgWrite                        
20016379  _SlDrvNetAppEventHandler              
2001dec9  _SlDrvObjLockWaitForever              
2001e101  _SlDrvObjUnLock                       
2001c565  _SlDrvProtectAsyncRespSetting         
2001db35  _SlDrvProtectionObjLockWaitForever    
2001dced  _SlDrvProtectionObjUnLock             
20010cdd  _SlDrvReleasePoolObj                  
2001e373  _SlDrvResetCmdExt                     
2000f851  _SlDrvRxHdrRead                       
2001c5b1  _SlDrvRxIrqHandler                    
2001e119  _SlDrvSyncObjSignal                   
2001dee5  _SlDrvSyncObjWaitForever              
20012499  _SlDrvWaitForPoolObj                  
2001f2ca  _SlEventMaskGetCmdCtrl                
2001f2c6  _SlEventMaskSetCmdCtrl                
20013515  _SlFindAndSetActiveObj                
2001efec  _SlFsCloseCmdCtrl                     
2001effc  _SlFsDeleteCmdCtrl                    
2001eff8  _SlFsGetInfoCmdCtrl                   
2001efe8  _SlFsOpenCmdCtrl                      
2001eff0  _SlFsReadCmdCtrl                      
2001eff4  _SlFsWriteCmdCtrl                     
2001f1b0  _SlGetHostByNameCtrl                  
2001f1ac  _SlGetHostByServiceCtrl               
2001f1a4  _SlGetServiceListeCtrl                
2001f0e0  _SlGetSockOptCmdCtrl                  
2001f0d0  _SlListenCmdCtrl                      
2001f1bc  _SlNetAppGetCmdCtrl                   
2001f1b8  _SlNetAppSendTokenValueCmdCtrl        
2001f1b4  _SlNetAppSetCmdCtrl                   
2001f19c  _SlNetAppStartCtrl                    
2001f1a0  _SlNetAppStopCtrl                     
2001f2fe  _SlNetCfgGetCmdCtrl                   
2001f2fa  _SlNetCfgSetCmdCtrl                   
2001f2d6  _SlPayloadByProtocolLUT               
2001ef3e  _SlPolicyGetCmdCtrl                   
2001ef3a  _SlPolicySetCmdCtrl                   
2001ef46  _SlProfileDelCmdCtrl                  
2001ef42  _SlProfileGetCmdCtrl                  
2001f0d8  _SlRecvCmdCtrl                        
2001f0c8  _SlRecvfomCmdCtrl                     
2001f1a8  _SlRegisterServiceCtrl                
20018315  _SlRemoveFromList                     
2001ef4e  _SlRxFilterAddtCmdCtrl                
2001ef56  _SlRxFilterGetCmdCtrl                 
2001ef52  _SlRxFilterSetCmdCtrl                 
2001f0e4  _SlSelectCmdCtrl                      
2001f0cc  _SlSendCmdCtrl                        
2001f0dc  _SlSetSockOptCmdCtrl                  
2001ef5a  _SlSmartConfigStartCmdCtrl            
2001f0c4  _SlSockCloseCmdCtrl                   
2001f0c0  _SlSockSocketCmdCtrl                  
2001f2c2  _SlStopCmdCtrl                        
2001ef66  _SlWlanCfgGetCmdCtrl                  
2001ef62  _SlWlanCfgSetCmdCtrl                  
2001ef4a  _SlWlanGetNetworkListCtrl             
2001ef5e  _SlWlanSetModeCmdCtrl                 
20000690  _Snan                                 
20000910  _Tls_setup__Fenv                      
2000bd81  _WriteStatFile                        
200006b0  _Xbig                                 
200006b8  _Zero                                 
20038ec0  __CIOBUF_                             
20004000  __STACK_END                           
00001000  __STACK_SIZE                          
00005000  __SYSMEM_SIZE                         
2001f828  __TI_CINIT_Base                       
2001f838  __TI_CINIT_Limit                      
2001f810  __TI_Handler_Table_Base               
2001f81c  __TI_Handler_Table_Limit              
2001b305  __TI_auto_init                        
20011305  __TI_cleanup                          
20000904  __TI_cleanup_ptr                      
20019831  __TI_closefile                        
2001e381  __TI_decompress_none                  
2001e41f  __TI_decompress_rle24                 
20018189  __TI_doflush                          
20000908  __TI_dtors_ptr                        
200008b4  __TI_ft_end                           
200063f9  __TI_printfi                          
20018e63  __TI_rd_ok                            
2001b6ef  __TI_readmsg                          
[...]
2001ab61  _FDnorm                               
2001ac55  InitialiseParse                       
2001accd  _sl_HandleAsync_Connect               
2001ad45  sl_FsOpen                             
2001adbd  spi_Close                             
2001ae35  UARTConfigSetExpClk                   
2001aead  sl_Recv                               
2001af95  Timer_IF_IntSetup                     
2001b009  Get_BatteryVoltageLevel_ADC081C021    
2001b079  get_timeDuration                      
2001b0e9  CamControllerInit                     
2001b155  UDMAInit                              
2001b1c1  _SlDrvCmdSend                         
2001b22d  f3x3matrixAeqMinusA                   
2001b299  parseSendRequestInternal              
2001b305  __TI_auto_init                        
2001b379  fprintf                               
2001b3dd  f3x3matrixAeqAxScalar                 
2001b4b1  beginHttpGetRequest                   
2001b51d  PRCMHibernateWakeUpGPIOSelect         
2001b585  StartSensorInJpegMode                 
2001b5ed  _sl_NetAppSendTokenValue              
2001b655  fetchDeviceOSVersion                  
2001b6bd  __TI_writemsg                         
2001b6eb  C$$IO$$                               
2001b6ef  __TI_readmsg                          
2001b725  sl_DevSet                             
2001b78d  sl_NetCfgSet                          
2001b7f5  sl_SetSockOpt                         
2001b85d  sl_WlanSet                            
2001b8c5  f3x3matrixAeqScalar                   
2001b92b  _Dunscale                             
2001b991  fseek                                 
2001b9f5  socketWait                            
2001ba59  softResetTempRHSensor                 
2001babd  uDMAChannelAttributeDisable           
2001bb21  uDMAChannelAttributeEnable            
2001bb85  __aeabi_cfcmpeq                       
2001bb85  __aeabi_cfcmple                       
2001bbe5  __aeabi_cfrcmple                      
2001bc45  _sl_HandleAsync_Accept                
2001bca5  fxosDefault_Initializations           
2001bd05  getMagntData                          
2001bd65  sprintf                               
2001bdc5  sl_WlanPolicySet                      
2001be25  standby_accelMagn_fxos8700            
2001be85  OTA_Init                              
2001bee1  getLightsensor_intrptStatus           
2001bf3d  sl_Socket                             
2001bf99  IntPendClear                          
2001bff1  PRCMPeripheralReset                   
2001c049  ltoa                                  
2001c09f  _FDunscale                            
2001c0f5  IntPrioritySet                        
2001c149  _sl_HandleAsync_Select                
2001c19d  fasin_deg                             
2001c1f1  headerSend                            
2001c245  sl_WlanRxFilterSet                    
2001c2ed  I2C_IF_Open                           
2001c33d  _sl_HandleAsync_Stop                  
2001c38d  disableAE                             
2001c3dd  disableAWB                            
2001c42d  __aeabi_f2ulz                         
2001c47d  sl_FsDel                              
2001c4cd  RdSensData_Init                       
2001c519  SPIIntEnable                          
2001c565  _SlDrvProtectAsyncRespSetting         
2001c5b1  _SlDrvRxIrqHandler                    
2001c5fd  _sl_BuildAddress                      
2001c649  atoi                                  
2001c695  atol                                  
2001c6e1  copy_in                               
2001c72d  srand                                 
2001c743  rand                                  
2001c779  uDMAChannelAssign                     
2001c7c5  __aeabi_d2f                           
2001c811  PRCMHibernateWakeupSourceDisable      
2001c859  PRCMHibernateWakeupSourceEnable       
2001c8a1  SPIIntClear                           
2001c8e9  _SlDrvBasicCmd                        
2001c931  addHttpRequestLine                    
2001c979  fatan_15deg                           
2001c9c1  __aeabi_d2iz                          
2001ca09  ldexp                                 
2001ca95  TimerConfigure                        
2001cad9  UDMASetupTransfer                     
2001cb61  fxos_Calibration                      
2001cba5  C$$EXIT                               
2001cba9  abort                                 
2001cbb1  exit                                  
2001cbe9  __aeabi_d2uiz                         
2001cc2d  OTA_Update                            
2001cc71  sl_Htonl                              
2001ccb5  PinModeSet                            
2001ccf5  getHttpResponseBody                   
2001cd35  signal                                
2001cd75  IsLightOff                            
2001cdb3  strncasecmp                           
2001cdf1  CopyPingResultsToReport               
2001ce2d  Fusion_Init                           
2001ce69  PRCMPeripheralClkEnable               
2001cea5  _sl_TruncatePayloadByProtocol         
2001cee1  _c_int00                              
2001cf1d  sl_Htons                              
2001cf59  start_100mSecTimer                    
2001cf95  uDMAChannelControlSet                 
2001cfd1  CameraCaptureStop                     
2001d00b  CameraXClkConfig                      
2001d045  fLPFScalar                            
2001d07f  parseSendRequest                      
2001d0b9  addHttpRequestHeader                  
2001d0f5  NwpPowerOff                           
2001d12d  pvPortMalloc                          
2001d14d  vPortFree                             
2001d165  __aeabi_f2d                           
2001d19d  __aeabi_f2iz                          
2001d1d5  __aeabi_i2f                           
2001d20d  GPIODirModeSet                        
2001d243  sl_NetAppMDNSUnRegisterService        
2001d279  beginHttpRequest                      
2001d2af  CameraParamsConfig                    
2001d2e5  PRCMPeripheralStatusGet               
2001d319  SPIFIFOLevelSet                       
2001d34d  getHttpResponseStatus                 
2001d381  get_angle                             
2001d3b5  feraiseexcept                         
2001d3e9  __aeabi_f2uiz                         
2001d41d  strstr                                
2001d451  Timer_IF_Init                         
2001d483  PinTypeGPIO                           
2001d4b5  UARTDisable                           
2001d4e5  _SlDrvDeviceEventHandler              
2001d515  _sl_Strlen                            
2001d545  angleCheck                            
2001d575  strncpy                               
2001d5a5  _Feraise                              
2001d5d5  sl_Close                              
2001d605  sl_WlanProfileDel                     
2001d635  sl_WlanSetMode                        
2001d665  __aeabi_i2d                           
2001d693  raise                                 
2001d6c1  addHttpRequestHeaderInt               
2001d6f1  ApplyMagHAL                           
2001d71d  CameraIntEnable                       
2001d749  DmaSpiSwIntHandler                    
2001d775  I2CMasterErr                          
2001d7a1  PRCMSysResetCauseGet                  
2001d7cd  SoftReset_ImageSensor                 
2001d825  setDataBufferPointer                  
2001d851  TimerLoadSet                          
2001d87b  TimerPrescaleSet                      
2001d8a5  _Dclass                               
2001d8d1  CameraIntStatus                       
2001d8f9  InitTerm                              
2001d921  Message                               
2001d949  PRCMPeripheralClkDisable              
2001d971  strncat                               
2001d999  sl_NetAppStart                        
2001d9c1  sl_NetAppStop                         
2001d9e9  CameraThresholdSet                    
2001da0f  NwpRegisterInterruptHandler           
2001da35  strncmp                               
2001da5d  CameraIntClear                        
2001da81  IntHandler_100mSecTimer               
2001daa5  IntUnregister                         
2001dac9  Timer_IF_Start                        
2001daed  UARTEnable                            
2001db11  WriteAllAEnAWBRegs                    
2001db35  _SlDrvProtectionObjLockWaitForever    
2001db59  __aeabi_ui2f                          
2001db7d  CameraCaptureStart                    
2001db9f  I2CMasterSlaveAddrSet                 
2001dbc1  SL_FD_SET                             
2001dbe3  SPIReset                              
2001dc05  SPIWordCountSet                       
2001dc27  frexp                                 
2001dc49  memcmp                                
2001dc6b  GPIOPinWrite                          
2001dc8d  IntRegister                           
2001dcad  NwpPowerOn                            
2001dccd  Refresh_mt9d111Firmware               
2001dced  _SlDrvProtectionObjUnLock             
2001dd0d  memchr                                
2001dd2d  __aeabi_ui2d                          
2001dd4d  I2CMasterIntStatusEx                  
2001dd6b  TimerDisable                          
2001dd89  TimerEnable                           
2001dda7  TimerIntStatus                        
2001ddc5  UARTCharPut                           
2001de01  strcat                                
2001de21  ApplyAccelHAL                         
2001de59  CameraSensorInit                      
2001de75  DmaSwIntHandler                       
2001de91  PinTypeI2C                            
2001dead  TimerValueGet                         
2001dec9  _SlDrvObjLockWaitForever              
2001dee5  _SlDrvSyncObjWaitForever              
2001df01  memccpy                               
2001df1d  stop_100mSecTimer                     
2001df39  uDMAChannelDisable                    
2001df55  uDMAChannelEnable                     
2001df71  vApplicationMallocFailedHook          
2001df8d  PinTypeCamera                         
2001dfa7  PinTypeUART                           
2001dfc1  SPIDmaDisable                         
2001dfdb  SPIDmaEnable                          
2001dff5  SPIFIFODisable                        
2001e00f  SPIFIFOEnable                         
2001e029  CameraReset                           
2001e041  GPIOPinRead                           
2001e059  PRCMHibernateEnter                    
2001e071  SPICSDisable                          
2001e089  SPICSEnable                           
2001e0a1  SPIDisable                            
2001e0b9  SPIEnable                             
2001e0d1  TimerIntEnable                        
2001e0e9  Timer_IF_InterruptClear               
2001e101  _SlDrvObjUnLock                       
2001e119  _SlDrvSyncObjSignal                   
2001e131  _sl_GetStartResponseConvert           
2001e149  _args_main                            
2001e161  strcmp                                
2001e179  CameraDMAEnable                       
2001e18f  CameraIntRegister                     
2001e1a5  I2CMasterDataPut                      
2001e1bb  I2CMasterEnable                       
2001e1d1  PRCMHIBRegRead                        
2001e1e7  PRCMHIBRegWrite                       
2001e1fd  _SlDrvMemZero                         
2001e213  strchr                                
2001e229  CPUcpsie                              
2001e23d  IntVTableBaseSet                      
2001e251  LED_Off                               
2001e265  LED_On                                
2001e279  _register_unlock                      
2001e27f  _register_lock                        
2001e287  _nop                                  
2001e28d  strcpy                                
2001e2a1  strlen                                
2001e2b5  uDMAControlBaseSet                    
2001e2c9  uDMAIntClear                          
2001e2dd  I2CMasterControl                      
2001e2ef  I2CMasterIntClearEx                   
2001e301  I2CMasterTimeoutSet                   
2001e313  TimerIntClear                         
2001e325  PRCMSOCReset                          
2001e335  SL_FD_ZERO                            
2001e345  Timer_IF_Stop                         
2001e355  socketClose                           
2001e365  I2CMasterDataGet                      
2001e373  _SlDrvResetCmdExt                     
2001e381  __TI_decompress_none                  
2001e38f  DmaErrorIntHandler                    
2001e39d  NwpMaskInterrupt                      
2001e3a9  NwpUnMaskInterrupt                    
2001e3b5  __TI_zero_init                        
2001e3c1  getInternalClient                     
2001e3cd  sl_WlanDisconnect                     
2001e3d9  uDMAEnable                            
2001e3e5  uDMAIntStatus                         
2001e3f1  IntMasterEnable                       
2001e3fb  vApplicationStackOverflowHook         
2001e405  sensorsTriggerSetup                   
2001e40d  MT9D111Delay                          
2001e413  ResetISR                              
2001e419  UtilsDelay                            
2001e41f  __TI_decompress_rle24                 
2001e425  logf                                  
2001e42b  sinf                                  
2001e431  __abort_execution                     
2001e435  _system_pre_init                      
2001e574  _ctypes_                              
2001eefe  OpcodeTranslateTable                  
2001ef3a  _SlPolicySetCmdCtrl                   
2001ef3e  _SlPolicyGetCmdCtrl                   
2001ef42  _SlProfileGetCmdCtrl                  
2001ef46  _SlProfileDelCmdCtrl                  
2001ef4a  _SlWlanGetNetworkListCtrl             
2001ef4e  _SlRxFilterAddtCmdCtrl                
2001ef52  _SlRxFilterSetCmdCtrl                 
2001ef56  _SlRxFilterGetCmdCtrl                 
2001ef5a  _SlSmartConfigStartCmdCtrl            
2001ef5e  _SlWlanSetModeCmdCtrl                 
2001ef62  _SlWlanCfgSetCmdCtrl                  
2001ef66  _SlWlanCfgGetCmdCtrl                  
2001ef78  _SlActionLookupTable                  
2001efe8  _SlFsOpenCmdCtrl                      
2001efec  _SlFsCloseCmdCtrl                     
2001eff0  _SlFsReadCmdCtrl                      
2001eff4  _SlFsWriteCmdCtrl                     
2001eff8  _SlFsGetInfoCmdCtrl                   
2001effc  _SlFsDeleteCmdCtrl                    
2001f08c  g_H2NSyncPattern                      
2001f094  g_H2NCnysPattern                      
2001f09c  RxMsgClassLUT                         
2001f0c0  _SlSockSocketCmdCtrl                  
2001f0c4  _SlSockCloseCmdCtrl                   
2001f0c8  _SlRecvfomCmdCtrl                     
2001f0cc  _SlSendCmdCtrl                        
2001f0d0  _SlListenCmdCtrl                      
2001f0d4  _SlAcceptCmdCtrl                      
2001f0d8  _SlRecvCmdCtrl                        
2001f0dc  _SlSetSockOptCmdCtrl                  
2001f0e0  _SlGetSockOptCmdCtrl                  
2001f0e4  _SlSelectCmdCtrl                      
2001f19c  _SlNetAppStartCtrl                    
2001f1a0  _SlNetAppStopCtrl                     
2001f1a4  _SlGetServiceListeCtrl                
2001f1a8  _SlRegisterServiceCtrl                
2001f1ac  _SlGetHostByServiceCtrl               
2001f1b0  _SlGetHostByNameCtrl                  
2001f1b4  _SlNetAppSetCmdCtrl                   
2001f1b8  _SlNetAppSendTokenValueCmdCtrl        
2001f1bc  _SlNetAppGetCmdCtrl                   
2001f280  g_deviceClientVersion                 
2001f2c2  _SlStopCmdCtrl                        
2001f2c6  _SlEventMaskSetCmdCtrl                
2001f2ca  _SlEventMaskGetCmdCtrl                
2001f2ce  _SlDeviceGetCmdCtrl                   
2001f2d2  _SlDeviceSetCmdCtrl                   
2001f2d6  _SlPayloadByProtocolLUT               
2001f2e6  pcDigits                              
2001f2f1  StartResponseLUT                      
2001f2fa  _SlNetCfgSetCmdCtrl                   
2001f2fe  _SlNetCfgGetCmdCtrl                   
2001f308  __TI_static_base__                    
2001f810  __TI_Handler_Table_Base               
2001f81c  __TI_Handler_Table_Limit              
2001f828  __TI_CINIT_Base                       
2001f838  __TI_CINIT_Limit                      
20022400  g_image_buffer                        
20036400  thisMagBuffer                         
200374f8  g_OtaCheckUpdateResponse              
20037944  thisMagCal                            
20037f9c  thisMag                               
20037ff4  g_SecParams                           
20038000  gpCtlTbl                              
20038400  g_OtaFileMetadata                     
200387d8  g_NetEntries                          
20038d48  g_StatMem                             
20038ec0  __CIOBUF_                             
20038fe0  gfpAppCallbackHndl                    
200391a8  thisSV_6DOF_GB_BASIC                  
20039254  __TI_tmpnams                          
200392f4  g_CdnClient                           
20039368  g_ucDinDout                           
200393b8  xQueueRegistry                        
20039408  g_OtaApp                              
20039454  g_OtaApp_statistics                   
200394a0  clientStateFileName                   
200394d4  g_cWlanSecurityKey                    
20039508  thisAccel                             
2003953c  g_OtaClient                           
20039560  g_cWlanSSID                           
20039584  g_ucConnectionSSID                    
200395c4  g_FlcSflashCb                         
200395d8  g_flag_blockFull                      
20039650  ang_buf                               
20039660  globals                               
20039670  mqxglobals                            
20039680  g_LogClient                           
20039688  g_ucConnectionBSSID                   
200396a0  DMAMsgQ                               
200396a4  Elapsed_100MilliSecs                  
200396ac  angle_avg                             
200396b0  dataBuffer                            
200396b4  g_block_lastFilled                    
200396b8  g_cDummy                              
200396bc  g_cWlanSecurityType                   
200396c0  g_frame_size_in_bytes                 
200396c4  g_position_in_block                   
200396c8  g_readHeader                          
200396d0  g_ulAppStatus                         
200396d4  gdoor_40deg_angle                     
200396d8  gdoor_90deg_angle                     
200396e8  RxIrqCnt                              
200396e9  avg_buffer_cnt                        
200396ea  checkForLight_Flag                    
200396ec  g_flag_DataBlockFilled                
200396ed  g_flag_door_closing_45degree          
200396ee  g_frame_end                           
200396ef  g_ucAngle40                           
200396f0  g_ucAngle90                           
200396f1  g_ucCalibration                       
200396f2  g_ucConfig                            
200396f3  g_ucExitButton                        
200396f4  g_ucMagCalb                           
200396f5  g_ucProfileAdded                      
200396f6  g_ucPushButtonPressedTwice            
200396f7  iDone                                 
200396f8  isitfirsttime                         
200396f9  print_count                           
200396fa  valid_case                            
20039700  _sys_memory                           
ffffffff  __binit__                             
ffffffff  __c_args__                            
ffffffff  binit                                 
UNDEFED   SHT$$INIT_ARRAY$$Base                 
UNDEFED   SHT$$INIT_ARRAY$$Limit                

[861 symbols]
