******************************************************************************
                  TI ARM Linker PC v5.1.6                      
******************************************************************************
>> Linked Wed May 06 19:16:49 2015

OUTPUT FILE NAME:   <ULP_SEC_CAM.out>
ENTRY POINT SYMBOL: "_c_int00"  address: 200109e9


MEMORY CONFIGURATION

         name            origin    length      used     unused   attr    fill
----------------------  --------  ---------  --------  --------  ----  --------
  SRAM_BOOTLDR          20000000   00004000  00002158  00001ea8  RW X
  SRAM_CODE             20004000   00014000  0000ea7f  00005581  RW X
  SRAM_DATA             20018000   00024000  00018721  0000b8df  RW X


SEGMENT ALLOCATION MAP

run origin  load origin   length   init length attrs members
----------  ----------- ---------- ----------- ----- -------
20000000    20000000    00001158   00000000    rw-
  20000000    20000000    00001158   00000000    rw- .data
20003000    20003000    00001000   00000000    rw-
  20003000    20003000    00001000   00000000    rw- .stack
20004000    20004000    0000ea88   0000ea88    r-x
  20004000    20004000    00000400   00000400    r-- .intvecs
  20004400    20004400    0000d226   0000d226    r-x .text
  20011628    20011628    00000981   00000981    r-- .const
  20011fb0    20011fb0    00000ad8   00000ad8    r-- .cinit
20018000    20018000    00018728   00000000    rw-
  20018000    20018000    00014721   00000000    rw- .bss
  2002c728    2002c728    00004000   00000000    rw- .sysmem


SECTION ALLOCATION MAP

 output                                  attributes/
section   page    origin      length       input sections
--------  ----  ----------  ----------   ----------------
.init_array 
*          0    20004000    00000000     UNINITIALIZED

.data      0    20000000    00001158     UNINITIALIZED
                  20000000    00000600     camera_app.obj (.data:JPEG_StdHuffmanTbl)
                  20000600    00000400     camera_app.obj (.data:g_header)
                  20000a00    000003c9     cc3200_certificate.obj (.data:DigiCertHighAssuranceEVRootCA_der)
                  20000dc9    00000003     --HOLE--
                  20000dcc    00000184     simplelink.a : driver.obj (.data)
                  20000f50    00000064                  : cc_pal.obj (.data)
                  20000fb4    00000040     camera_app.obj (.data:JPEG_StdQuantTblC)
                  20000ff4    00000040     camera_app.obj (.data:JPEG_StdQuantTblY)
                  20001034    00000040     camera_app.obj (.data:zigzag)
                  20001074    00000034     free_rtos.a : tasks.obj (.data)
                  200010a8    0000002c     cc3200_utils.obj (.data:lastDateTime)
                  200010d4    00000018     cc3200_utils.obj (.data)
                  200010ec    00000018     request.obj (.data)
                  20001104    0000000c     free_rtos.a : osi_freertos.obj (.data)
                  20001110    0000000c     network_relater_fns.obj (.data)
                  2000111c    0000000c     rtsv7M4_T_le_eabi.lib : memory.obj (.data)
                  20001128    00000008     camera_app.obj (.data)
                  20001130    00000008     rtsv7M4_T_le_eabi.lib : _lock.obj (.data)
                  20001138    00000008                           : exit.obj (.data)
                  20001140    00000006     http.obj (.data)
                  20001146    00000002     --HOLE--
                  20001148    00000004     cc3200_certificate.obj (.data)
                  2000114c    00000004     free_rtos.a : port.obj (.data)
                  20001150    00000004     rtsv7M4_T_le_eabi.lib : rand.obj (.data)
                  20001154    00000004                           : stkdepth_vars.obj (.data)

.stack     0    20003000    00001000     UNINITIALIZED
                  20003000    00001000     --HOLE--

.intvecs   0    20004000    00000400     
                  20004000    00000400     startup_ccs.obj (.intvecs)

.text      0    20004400    0000d226     
                  20004400    00001258     free_rtos.a : tasks.obj (.text)
                  20005658    00000ec0     rtsv7M4_T_le_eabi.lib : _printfi.obj (.text)
                  20006518    00000c94     camera_app.obj (.text)
                  200071ac    00000c28     network_relater_fns.obj (.text)
                  20007dd4    00000b24     free_rtos.a : queue.obj (.text)
                  200088f8    0000093c     request.obj (.text)
                  20009234    000005de     cc3200_utils.obj (.text)
                  20009812    00000002     driverlib.a : interrupt.obj (.text:IntDefaultHandler)
                  20009814    000004b0     installation.obj (.text)
                  20009cc4    0000045c     free_rtos.a : osi_freertos.obj (.text)
                  2000a120    000003cc     rtsv7M4_T_le_eabi.lib : memory.obj (.text)
                  2000a4ec    000003a6     simplelink.a : driver.obj (.text:_SlDrvMsgRead)
                  2000a892    00000002     --HOLE-- [fill = 0]
                  2000a894    0000034c                  : driver.obj (.text:_SlAsyncEventGenericHandler)
                  2000abe0    0000031c     cc3200_socket.obj (.text)
                  2000aefc    00000314     simplejson.obj (.text)
                  2000b210    000002d4     parse_uploads.obj (.text)
                  2000b4e4    0000029c     main.obj (.text)
                  2000b780    00000290     cc3200_client_state.obj (.text)
                  2000ba10    00000204     mt9d111_oldV.obj (.text)
                  2000bc14    000001f4     rtsv7M4_T_le_eabi.lib : ull_div_t2.obj (.text)
                  2000be08    000001b8     uartA1_if.obj (.text)
                  2000bfc0    000001b6     rtsv7M4_T_le_eabi.lib : fd_add_t2.obj (.text)
                  2000c176    00000002     --HOLE-- [fill = 0]
                  2000c178    000001ac     cc3200_certificate.obj (.text)
                  2000c324    0000019c     simplelink.a : wlan.obj (.text:sl_WlanConnect)
                  2000c4c0    00000194     udma_if.obj (.text)
                  2000c654    0000018c     i2c_if.obj (.text)
                  2000c7e0    00000170     i2cconfig.obj (.text)
                  2000c950    00000164     simplelink.a : driver.obj (.text:_SlDrvDataReadOp)
                  2000cab4    00000154     http.obj (.text)
                  2000cc08    00000140     simplelink.a : driver.obj (.text:_SlDrvRxHdrRead)
                  2000cd48    00000136     rtsv7M4_T_le_eabi.lib : fd_div_t2.obj (.text)
                  2000ce7e    00000002     --HOLE-- [fill = 0]
                  2000ce80    00000134     driverlib.a : prcm.obj (.text:PRCMCC3200MCUInit)
                  2000cfb4    00000130     simplelink.a : cc_pal.obj (.text:spi_Open)
                  2000d0e4    0000012c                  : driver.obj (.text:_SlDrvDataWriteOp)
                  2000d210    0000012a     free_rtos.a : list.obj (.text)
                  2000d33a    00000002     --HOLE-- [fill = 0]
                  2000d33c    00000114     simplelink.a : driver.obj (.text:_SlDrvMsgWrite)
                  2000d450    00000110     free_rtos.a : port.obj (.text)
                  2000d560    0000010c     simplelink.a : driver.obj (.text:_SlDrvWaitForPoolObj)
                  2000d66c    00000108                  : socket.obj (.text:sl_Select)
                  2000d774    00000104                  : driver.obj (.text:_SlDrvReleasePoolObj)
                  2000d878    000000fe     parse_impl.obj (.text)
                  2000d976    000000fc     rtsv7M4_T_le_eabi.lib : fd_mul_t2.obj (.text)
                  2000da72    00000002     --HOLE-- [fill = 0]
                  2000da74    000000f0     driverlib.a : udma.obj (.text:uDMAChannelTransferSet)
                  2000db64    000000e8     simplelink.a : socket.obj (.text:sl_Connect)
                  2000dc4c    000000e8                  : cc_pal.obj (.text:spi_Write)
                  2000dd34    000000d8     collect_and_txit.obj (.text)
                  2000de0c    000000d8     simplelink.a : netapp.obj (.text:sl_NetAppDnsGetHostByName)
                  2000dee4    000000d8     timer_fns.obj (.text)
                  2000dfbc    000000cc     simplelink.a : cc_pal.obj (.text:spi_Read)
                  2000e088    000000c4                  : device.obj (.text:sl_Stop)
                  2000e14c    000000c0                  : device.obj (.text:sl_Start)
                  2000e20c    000000ba     free_rtos.a : portasm.obj (.text)
                  2000e2c6    00000002     --HOLE-- [fill = 0]
                  2000e2c8    000000b4     simplelink.a : driver.obj (.text:_SlDrvMsgReadCmdCtx)
                  2000e37c    000000b2                  : netapp.obj (.text:_SlDrvNetAppEventHandler)
                  2000e42e    000000b2     pinmux.obj (.text)
                  2000e4e0    000000b0     simplelink.a : socket.obj (.text:sl_Send)
                  2000e590    000000a8     driverlib.a : interrupt.obj (.text:IntDisable)
                  2000e638    000000a8                 : interrupt.obj (.text:IntEnable)
                  2000e6e0    000000a8     timer_if.obj (.text)
                  2000e788    000000a0     driverlib.a : spi.obj (.text:SPIConfigSetExpClk)
                  2000e828    0000009c     rtsv7M4_T_le_eabi.lib : memcpy_t2.obj (.text)
                  2000e8c4    00000098     simplelink.a : driver.obj (.text:_SlFindAndSetActiveObj)
                  2000e95c    00000098     rtsv7M4_T_le_eabi.lib : snprintf.obj (.text)
                  2000e9f4    00000094     driverlib.a : prcm.obj (.text:PRCMPeripheralClockGet)
                  2000ea88    00000094     simplelink.a : driver.obj (.text:_SlDrvClassifyRxMsg)
                  2000eb1c    00000094     rtsv7M4_T_le_eabi.lib : auto_init.obj (.text)
                  2000ebb0    00000090     simplelink.a : driver.obj (.text:_SlDrvMsgReadSpawnCtx)
                  2000ec40    0000008c                  : fs.obj (.text:sl_FsRead)
                  2000eccc    0000008c                  : fs.obj (.text:sl_FsWrite)
                  2000ed58    00000088     driverlib.a : pin.obj (.text:PinConfigSet)
                  2000ede0    00000088     rtsv7M4_T_le_eabi.lib : vsnprintf.obj (.text)
                  2000ee68    00000088     simplelink.a : netapp.obj (.text:sl_NetAppMDNSRegisterUnregisterService)
                  2000eef0    00000086     rtsv7M4_T_le_eabi.lib : fd_cmp_t2.obj (.text:__aeabi_cdcmple)
                  2000ef76    00000086                           : fd_cmp_t2.obj (.text:__aeabi_cdrcmple)
                  2000effc    00000084     driverlib.a : i2c.obj (.text:I2CMasterInitExpClk)
                  2000f080    00000084     simplelink.a : driver.obj (.text:_SlDrvCmdOp)
                  2000f104    00000080                  : cc_pal.obj (.text:NwpPowerOnPreamble)
                  2000f184    00000080     cc3200_debug.obj (.text)
                  2000f204    0000007c     simplelink.a : driver.obj (.text:_SlDrvDriverCBInit)
                  2000f280    0000007c                  : netapp.obj (.text:_sl_HandleAsync_DnsGetHostByName)
                  2000f2fc    0000007c                  : device.obj (.text:sl_DevGet)
                  2000f378    0000007c                  : fs.obj (.text:sl_FsClose)
                  2000f3f4    0000007a     rtsv7M4_T_le_eabi.lib : fs_mul_t2.obj (.text)
                  2000f46e    00000002     --HOLE-- [fill = 0]
                  2000f470    00000078     simplelink.a : cc_pal.obj (.text:SetupDMAReceive)
                  2000f4e8    00000078     rtsv7M4_T_le_eabi.lib : memset_t2.obj (.text)
                  2000f560    00000076     driverlib.a : uart.obj (.text:UARTConfigSetExpClk)
                  2000f5d6    00000002     --HOLE-- [fill = 0]
                  2000f5d8    00000074     simplelink.a : device.obj (.text:_sl_HandleAsync_InitComplete)
                  2000f64c    00000074                  : wlan.obj (.text:sl_WlanGet)
                  2000f6c0    00000074                  : cc_pal.obj (.text:spi_Close)
                  2000f734    00000070     driverlib.a : timer.obj (.text:TimerIntRegister)
                  2000f7a4    00000070     simplelink.a : netapp.obj (.text:_sl_HandleAsync_PingResponse)
                  2000f814    0000006e                  : socket.obj (.text:_sl_TruncatePayloadByProtocol)
                  2000f882    00000002     --HOLE-- [fill = 0]
                  2000f884    00000068     driverlib.a : timer.obj (.text:TimerIntUnregister)
                  2000f8ec    00000068     simplelink.a : socket.obj (.text:_sl_HandleAsync_Connect)
                  2000f954    00000068                  : netapp.obj (.text:_sl_HandleAsync_DnsGetHostByService)
                  2000f9bc    00000068                  : fs.obj (.text:sl_FsGetInfo)
                  2000fa24    00000064                  : fs.obj (.text:_sl_GetCreateFsMode)
                  2000fa88    00000064                  : socket.obj (.text:_sl_HandleAsync_Accept)
                  2000faec    00000064     driverlib.a : udma.obj (.text:uDMAChannelAttributeDisable)
                  2000fb50    00000064                 : udma.obj (.text:uDMAChannelAttributeEnable)
                  2000fbb4    00000060     rtsv7M4_T_le_eabi.lib : sprintf.obj (.text)
                  2000fc14    0000005e                           : copy_decompress_rle.obj (.text)
                  2000fc72    0000005a                           : ltoa.obj (.text)
                  2000fccc    00000058     driverlib.a : interrupt.obj (.text:IntPendClear)
                  2000fd24    00000058                 : prcm.obj (.text:PRCMPeripheralReset)
                  2000fd7c    00000058     simplelink.a : driver.obj (.text:_SlDrvDriverCBDeinit)
                  2000fdd4    00000058                  : socket.obj (.text:_sl_HandleAsync_Select)
                  2000fe2c    00000054     driverlib.a : interrupt.obj (.text:IntPrioritySet)
                  2000fe80    00000054     simplelink.a : device.obj (.text:_sl_HandleAsync_Stop)
                  2000fed4    00000054                  : fs.obj (.text:sl_FsOpen)
                  2000ff28    00000054                  : netapp.obj (.text:sl_NetAppSendTokenValue)
                  2000ff7c    00000050     app_common.obj (.text)
                  2000ffcc    0000004c     driverlib.a : spi.obj (.text:SPIIntEnable)
                  20010018    0000004c     rtsv7M4_T_le_eabi.lib : atoi.obj (.text)
                  20010064    0000004c                           : rand.obj (.text)
                  200100b0    0000004c     simplelink.a : socket.obj (.text:sl_SetSockOpt)
                  200100fc    0000004c     driverlib.a : udma.obj (.text:uDMAChannelAssign)
                  20010148    0000004a     simplelink.a : device.obj (.text:_sl_GetStartResponseConvert)
                  20010192    0000004a     rtsv7M4_T_le_eabi.lib : fd_tos_t2.obj (.text)
                  200101dc    00000048     driverlib.a : spi.obj (.text:SPIIntClear)
                  20010224    00000048     rtsv7M4_T_le_eabi.lib : fd_toi_t2.obj (.text)
                  2001026c    00000048     simplelink.a : device.obj (.text:sl_DevSet)
                  200102b4    00000048                  : fs.obj (.text:sl_FsDel)
                  200102fc    00000048                  : wlan.obj (.text:sl_WlanSet)
                  20010344    00000044     driverlib.a : spi.obj (.text:SPIDmaMaskGet)
                  20010388    00000044                 : timer.obj (.text:TimerConfigure)
                  200103cc    00000044     rtsv7M4_T_le_eabi.lib : cpy_tbl.obj (.text)
                  20010410    00000044                           : exit.obj (.text)
                  20010454    00000044                           : xdtest.obj (.text)
                  20010498    00000044     simplelink.a : netcfg.obj (.text:sl_NetCfgSet)
                  200104dc    00000044                  : socket.obj (.text:sl_Recv)
                  20010520    00000040     driverlib.a : pin.obj (.text:PinModeSet)
                  20010560    00000040     simplelink.a : driver.obj (.text:_SlDrvRxIrqHandler)
                  200105a0    00000040                  : driver.obj (.text:_SlRemoveFromList)
                  200105e0    00000040                  : wlan.obj (.text:sl_WlanPolicySet)
                  20010620    00000040                  : wlan.obj (.text:sl_WlanRxFilterSet)
                  20010660    0000003c                  : cc_pal.obj (.text:NwpPowerOff)
                  2001069c    0000003c     driverlib.a : prcm.obj (.text:PRCMPeripheralClkEnable)
                  200106d8    0000003c     simplelink.a : driver.obj (.text:_SlDrvObjInit)
                  20010714    0000003c     rtsv7M4_T_le_eabi.lib : strncasecmp.obj (.text)
                  20010750    0000003c     driverlib.a : udma.obj (.text:uDMAChannelControlSet)
                  2001078c    0000003a                 : camera.obj (.text:CameraCaptureStop)
                  200107c6    0000003a                 : camera.obj (.text:CameraXClkConfig)
                  20010800    00000038     free_rtos.a : heap_3.obj (.text)
                  20010838    00000038     rtsv7M4_T_le_eabi.lib : fs_tod_t2.obj (.text)
                  20010870    00000038                           : fs_toi_t2.obj (.text)
                  200108a8    00000038     simplelink.a : socket.obj (.text:sl_Htonl)
                  200108e0    00000036     driverlib.a : gpio.obj (.text:GPIODirModeSet)
                  20010916    00000034                 : camera.obj (.text:CameraParamsConfig)
                  2001094a    00000002     --HOLE-- [fill = 0]
                  2001094c    00000034                 : prcm.obj (.text:PRCMPeripheralStatusGet)
                  20010980    00000034                 : spi.obj (.text:SPIFIFOLevelSet)
                  200109b4    00000034     simplelink.a : driver.obj (.text:_SlDrvBasicCmd)
                  200109e8    00000034     rtsv7M4_T_le_eabi.lib : boot.obj (.text)
                  20010a1c    00000034                           : fs_tou_t2.obj (.text)
                  20010a50    00000034                           : strstr.obj (.text)
                  20010a84    00000034     simplelink.a : socket.obj (.text:sl_Htons)
                  20010ab8    00000030                  : cc_pal.obj (.text:NwpPowerOn)
                  20010ae8    00000030     driverlib.a : pin.obj (.text:PinTypeGPIO)
                  20010b18    00000030                 : uart.obj (.text:UARTDisable)
                  20010b48    00000030     rtsv7M4_T_le_eabi.lib : strncpy.obj (.text)
                  20010b78    00000030     simplelink.a : socket.obj (.text:sl_Socket)
                  20010ba8    0000002e     rtsv7M4_T_le_eabi.lib : i_tofd_t2.obj (.text)
                  20010bd6    00000002     --HOLE-- [fill = 0]
                  20010bd8    0000002c     driverlib.a : camera.obj (.text:CameraIntEnable)
                  20010c04    0000002c     simplelink.a : cc_pal.obj (.text:DmaSpiSwIntHandler)
                  20010c30    0000002c     driverlib.a : i2c.obj (.text:I2CMasterErr)
                  20010c5c    0000002c                 : prcm.obj (.text:PRCMSysResetCauseGet)
                  20010c88    0000002c     simplelink.a : flowcont.obj (.text:_SlDrvFlowContDeinit)
                  20010cb4    0000002c                  : flowcont.obj (.text:_SlDrvFlowContInit)
                  20010ce0    0000002a     driverlib.a : timer.obj (.text:TimerLoadSet)
                  20010d0a    0000002a                 : timer.obj (.text:TimerPrescaleSet)
                  20010d34    00000028                 : camera.obj (.text:CameraIntStatus)
                  20010d5c    00000028                 : prcm.obj (.text:PRCMPeripheralClkDisable)
                  20010d84    00000028     simplelink.a : socket.obj (.text:_sl_BuildAddress)
                  20010dac    00000028     rtsv7M4_T_le_eabi.lib : strncat.obj (.text)
                  20010dd4    00000028     simplelink.a : wlan.obj (.text:sl_WlanSetMode)
                  20010dfc    00000026     driverlib.a : camera.obj (.text:CameraThresholdSet)
                  20010e22    00000026     rtsv7M4_T_le_eabi.lib : strncmp.obj (.text)
                  20010e48    00000024     driverlib.a : camera.obj (.text:CameraIntClear)
                  20010e6c    00000024                 : interrupt.obj (.text:IntUnregister)
                  20010e90    00000024                 : uart.obj (.text:UARTEnable)
                  20010eb4    00000024     rtsv7M4_T_le_eabi.lib : memmov.obj (.text)
                  20010ed8    00000024                           : u_tofs_t2.obj (.text)
                  20010efc    00000024     simplelink.a : socket.obj (.text:sl_Close)
                  20010f20    00000024                  : netapp.obj (.text:sl_NetAppStart)
                  20010f44    00000024                  : netapp.obj (.text:sl_NetAppStop)
                  20010f68    00000024                  : wlan.obj (.text:sl_WlanProfileDel)
                  20010f8c    00000022     driverlib.a : camera.obj (.text:CameraCaptureStart)
                  20010fae    00000022                 : i2c.obj (.text:I2CMasterSlaveAddrSet)
                  20010fd0    00000022     simplelink.a : cc_pal.obj (.text:NwpRegisterInterruptHandler)
                  20010ff2    00000022     driverlib.a : spi.obj (.text:SPIReset)
                  20011014    00000022                 : spi.obj (.text:SPIWordCountSet)
                  20011036    00000022     rtsv7M4_T_le_eabi.lib : memcmp.obj (.text)
                  20011058    00000020     driverlib.a : interrupt.obj (.text:IntRegister)
                  20011078    00000020     simplelink.a : driver.obj (.text:_SlDrvCmdSend)
                  20011098    00000020     rtsv7M4_T_le_eabi.lib : u_tofd_t2.obj (.text)
                  200110b8    0000001e     driverlib.a : i2c.obj (.text:I2CMasterIntStatusEx)
                  200110d6    0000001e                 : timer.obj (.text:TimerDisable)
                  200110f4    0000001e                 : timer.obj (.text:TimerEnable)
                  20011112    0000001e                 : timer.obj (.text:TimerIntStatus)
                  20011130    0000001e                 : uart.obj (.text:UARTCharPut)
                  2001114e    0000001c                 : pin.obj (.text:PinTypeI2C)
                  2001116a    0000001c                 : timer.obj (.text:TimerValueGet)
                  20011186    00000002     --HOLE-- [fill = 0]
                  20011188    0000001c     simplelink.a : driver.obj (.text:_SlDrvObjDeInit)
                  200111a4    0000001c     rtsv7M4_T_le_eabi.lib : memccpy.obj (.text)
                  200111c0    0000001c     driverlib.a : udma.obj (.text:uDMAChannelDisable)
                  200111dc    0000001c                 : udma.obj (.text:uDMAChannelEnable)
                  200111f8    0000001a     simplelink.a : netapp.obj (.text:CopyPingResultsToReport)
                  20011212    0000001a     driverlib.a : pin.obj (.text:PinTypeCamera)
                  2001122c    0000001a                 : pin.obj (.text:PinTypeUART)
                  20011246    0000001a                 : spi.obj (.text:SPIDmaDisable)
                  20011260    0000001a                 : spi.obj (.text:SPIDmaEnable)
                  2001127a    0000001a                 : spi.obj (.text:SPIFIFODisable)
                  20011294    0000001a                 : spi.obj (.text:SPIFIFOEnable)
                  200112ae    0000001a     simplelink.a : device.obj (.text:_SlDrvDeviceEventHandler)
                  200112c8    00000018     driverlib.a : camera.obj (.text:CameraReset)
                  200112e0    00000018                 : spi.obj (.text:SPICSDisable)
                  200112f8    00000018                 : spi.obj (.text:SPICSEnable)
                  20011310    00000018                 : spi.obj (.text:SPIDisable)
                  20011328    00000018                 : spi.obj (.text:SPIEnable)
                  20011340    00000018                 : timer.obj (.text:TimerIntDisable)
                  20011358    00000018                 : timer.obj (.text:TimerIntEnable)
                  20011370    00000018     rtsv7M4_T_le_eabi.lib : args_main.obj (.text)
                  20011388    00000018                           : ll_mul_t2.obj (.text)
                  200113a0    00000016     driverlib.a : camera.obj (.text:CameraDMAEnable)
                  200113b6    00000016                 : camera.obj (.text:CameraIntRegister)
                  200113cc    00000016                 : i2c.obj (.text:I2CMasterDataPut)
                  200113e2    00000016                 : i2c.obj (.text:I2CMasterEnable)
                  200113f8    00000016                 : prcm.obj (.text:PRCMHIBRegRead)
                  2001140e    00000016                 : prcm.obj (.text:PRCMHIBRegWrite)
                  20011424    00000016                 : uart.obj (.text:UARTCharGet)
                  2001143a    00000016     simplelink.a : fs.obj (.text:_sl_Strlen)
                  20011450    00000016     driverlib.a : udma.obj (.text:uDMAIntRegister)
                  20011466    00000014                 : cpu.obj (.text:CPUcpsie)
                  2001147a    00000002     --HOLE-- [fill = 0]
                  2001147c    00000014                 : interrupt.obj (.text:IntVTableBaseSet)
                  20011490    00000014     simplelink.a : driver.obj (.text:_SlDrvShiftDWord)
                  200114a4    00000014     rtsv7M4_T_le_eabi.lib : _lock.obj (.text)
                  200114b8    00000014                           : strlen.obj (.text)
                  200114cc    00000014     driverlib.a : udma.obj (.text:uDMAControlBaseSet)
                  200114e0    00000014                 : udma.obj (.text:uDMAIntClear)
                  200114f4    00000012                 : i2c.obj (.text:I2CMasterControl)
                  20011506    00000012                 : i2c.obj (.text:I2CMasterIntClearEx)
                  20011518    00000012                 : i2c.obj (.text:I2CMasterTimeoutSet)
                  2001152a    00000012                 : timer.obj (.text:TimerIntClear)
                  2001153c    00000012     rtsv7M4_T_le_eabi.lib : copy_zero_init.obj (.text:decompress:ZI)
                  2001154e    00000012     simplelink.a : netapp.obj (.text:sl_NetAppMDNSUnRegisterService)
                  20011560    00000012     driverlib.a : udma.obj (.text:uDMAIntUnregister)
                  20011572    00000002     --HOLE-- [fill = 0]
                  20011574    00000010     simplelink.a : cc_pal.obj (.text:NwpMaskInterrupt)
                  20011584    00000010                  : socket.obj (.text:SL_FD_SET)
                  20011594    0000000e     driverlib.a : i2c.obj (.text:I2CMasterDataGet)
                  200115a2    0000000e     rtsv7M4_T_le_eabi.lib : copy_decompress_none.obj (.text:decompress:none)
                  200115b0    0000000e                           : xdclass.obj (.text)
                  200115be    0000000e     startup_ccs.obj (.text)
                  200115cc    0000000c     simplelink.a : cc_pal.obj (.text:NwpUnMaskInterrupt)
                  200115d8    0000000c     driverlib.a : udma.obj (.text:uDMADisable)
                  200115e4    0000000c                 : udma.obj (.text:uDMAEnable)
                  200115f0    0000000c                 : udma.obj (.text:uDMAIntStatus)
                  200115fc    0000000a                 : interrupt.obj (.text:IntMasterEnable)
                  20011606    00000008     simplelink.a : wlan.obj (.text:sl_WlanDisconnect)
                  2001160e    00000006     i2cconfig.obj (.text:MT9D111Delay)
                  20011614    00000006     simplelink.a : socket.obj (.text:SL_FD_ZERO)
                  2001161a    00000006     driverlib.a : utils.obj (.text:UtilsDelay)
                  20011620    00000006     rtsv7M4_T_le_eabi.lib : copy_decompress_rle.obj (.text:decompress:rle24)

.const     0    20011628    00000981     
                  20011628    0000013c     mt9d111_oldV.obj (.const:init_cmds_list)
                  20011764    00000102     rtsv7M4_T_le_eabi.lib : ctype.obj (.const:.string:_ctypes_)
                  20011866    00000002     --HOLE-- [fill = 0]
                  20011868    00000100     driverlib.a : pin.obj (.const:g_ulPinToPadMap)
                  20011968    000000ec     simplelink.a : wlan.obj (.const)
                  20011a54    000000d4     driverlib.a : interrupt.obj (.const:g_pulRegs)
                  20011b28    000000b4     mt9d111_oldV.obj (.const:capture_cmds_list)
                  20011bdc    000000a8     driverlib.a : prcm.obj (.const:PRCM_PeriphRegsList)
                  20011c84    00000080                 : interrupt.obj (.const)
                  20011d04    00000051     network_relater_fns.obj (.const:.string)
                  20011d55    00000003     --HOLE-- [fill = 0]
                  20011d58    0000004c     simplelink.a : driver.obj (.const)
                  20011da4    00000038                  : fs.obj (.const)
                  20011ddc    00000034                  : socket.obj (.const)
                  20011e10    0000002c     cc3200_utils.obj (.const:$P$T0$1)
                  20011e3c    0000002c     network_relater_fns.obj (.const:$P$T1$2)
                  20011e68    0000002b     parse_uploads.obj (.const:.string)
                  20011e93    00000001     --HOLE-- [fill = 0]
                  20011e94    00000028     simplelink.a : netapp.obj (.const)
                  20011ebc    00000022     network_relater_fns.obj (.const:.string:$P$T0$1)
                  20011ede    00000022     mt9d111_oldV.obj (.const:.string)
                  20011f00    00000020     network_relater_fns.obj (.const)
                  20011f20    00000018     driverlib.a : spi.obj (.const)
                  20011f38    00000017     request.obj (.const:.string)
                  20011f4f    00000016     camera_app.obj (.const:.string)
                  20011f65    00000016     collect_and_txit.obj (.const:.string)
                  20011f7b    00000001     --HOLE-- [fill = 0]
                  20011f7c    00000014     simplelink.a : device.obj (.const)
                  20011f90    0000000b     app_common.obj (.const:.string)
                  20011f9b    00000001     --HOLE-- [fill = 0]
                  20011f9c    00000008     simplelink.a : netcfg.obj (.const)
                  20011fa4    00000005     main.obj (.const:.string)

.cinit     0    20011fb0    00000ad8     
                  20011fb0    00000ab1     (.cinit..data.load) [load image, compression = rle]
                  20012a61    00000003     --HOLE-- [fill = 0]
                  20012a64    0000000c     (__TI_handler_table)
                  20012a70    00000008     (.cinit..bss.load) [load image, compression = zero_init]
                  20012a78    00000010     (__TI_cinit_table)

.bss       0    20018000    00014721     UNINITIALIZED
                  20018000    00014000     main.obj (.bss:g_image_buffer)
                  2002c000    00000400     udma_if.obj (.bss:gpCtlTbl)
                  2002c400    00000100     udma_if.obj (.bss:gfpAppCallbackHndl)
                  2002c500    000000c8     free_rtos.a : tasks.obj (.bss:pxReadyTasksLists)
                  2002c5c8    00000050                 : queue.obj (.bss:xQueueRegistry)
                  2002c618    00000034     cc3200_client_state.obj (.bss:clientStateFileName)
                  2002c64c    00000024     network_relater_fns.obj (.bss:g_ucConnectionSSID)
                  2002c670    00000014     (.common:g_flag_blockFull)
                  2002c684    00000014     (.common:xDelayedTaskList1)
                  2002c698    00000014     (.common:xDelayedTaskList2)
                  2002c6ac    00000014     (.common:xPendingReadyList)
                  2002c6c0    00000014     (.common:xSuspendedTaskList)
                  2002c6d4    00000014     (.common:xTasksWaitingTermination)
                  2002c6e8    00000008     (.common:g_ucConnectionBSSID)
                  2002c6f0    00000004     (.common:__Errorlog)
                  2002c6f4    00000004     (.common:dataBuffer)
                  2002c6f8    00000004     (.common:g_block_lastFilled)
                  2002c6fc    00000004     (.common:g_frame_size_in_bytes)
                  2002c700    00000004     (.common:g_header_length)
                  2002c704    00000004     (.common:g_position_in_block)
                  2002c708    00000004     (.common:g_readHeader)
                  2002c70c    00000004     (.common:g_total_dma_intrpts)
                  2002c710    00000004     (.common:pxDelayedTaskList)
                  2002c714    00000004     (.common:pxOverflowDelayedTaskList)
                  2002c718    00000004     (.common:v_TimerOverflows)
                  2002c71c    00000001     (.common:g_CaptureImage)
                  2002c71d    00000001     (.common:g_dma_txn_done)
                  2002c71e    00000001     (.common:g_flag_DataBlockFilled)
                  2002c71f    00000001     (.common:g_frame_end)
                  2002c720    00000001     (.common:iDone)

.sysmem    0    2002c728    00004000     UNINITIALIZED
                  2002c728    00000008     rtsv7M4_T_le_eabi.lib : memory.obj (.sysmem)
                  2002c730    00003ff8     --HOLE--


LINKER GENERATED COPY TABLES

__TI_cinit_table @ 20012a78 records: 2, size/record: 8, table size: 16
	.data: load addr=20011fb0, load size=00000ab1 bytes, run addr=20000000, run size=00001158 bytes, compression=rle
	.bss: load addr=20012a70, load size=00000008 bytes, run addr=20018000, run size=00014721 bytes, compression=zero_init


LINKER GENERATED HANDLER TABLE

__TI_handler_table @ 20012a64 records: 3, size/record: 4, table size: 12
	index: 0, handler: __TI_decompress_rle24
	index: 1, handler: __TI_decompress_none
	index: 2, handler: __TI_zero_init


GLOBAL SYMBOLS: SORTED ALPHABETICALLY BY Name 

address    name
--------   ----
20010411   C$$EXIT
20011467   CPUcpsie
200069f3   CamControllerInit
20010f8d   CameraCaptureStart
2001078d   CameraCaptureStop
200113a1   CameraDMAEnable
20010e49   CameraIntClear
20010bd9   CameraIntEnable
200113b7   CameraIntRegister
20010d35   CameraIntStatus
20010917   CameraParamsConfig
200112c9   CameraReset
2000ba11   CameraSensorInit
20010dfd   CameraThresholdSet
200107c7   CameraXClkConfig
20006519   CaptureAndStore_Image
2000be41   ClearTerm
2000dd35   CollectTxit_ImgTempRH
20007475   ConfigureMode
200071d5   ConfigureSimpleLinkToDefaultState
200074b1   ConnectToNetwork
20007619   ConnectToNetwork_2
200076db   ConnectToNetwork_STA
200076bf   ConnectToNetwork_STA_2
2000b2bf   ConstructDeviceStateObject
200111f9   CopyPingResultsToReport
20000f5c   DMAMsgQ
2000c609   DMASetupTransfer
20001148   DigiCertHighAssuranceEVRootCA_der_len
2000c4d3   DmaErrorIntHandler
20010c05   DmaSpiSwIntHandler
2000c4c1   DmaSwIntHandler
2000be47   Error
200108e1   GPIODirModeSet
2000be7b   GetCmd
2000df4d   GetTimeDuration
2000c7ff   I2CBufferRead
2000c8a7   I2CBufferWrite
2000c7e1   I2CInit
200114f5   I2CMasterControl
20011595   I2CMasterDataGet
200113cd   I2CMasterDataPut
200113e3   I2CMasterEnable
20010c31   I2CMasterErr
2000effd   I2CMasterInitExpClk
20011507   I2CMasterIntClearEx
200110b9   I2CMasterIntStatusEx
20010faf   I2CMasterSlaveAddrSet
20011519   I2CMasterTimeoutSet
2000c7cb   I2C_IF_Close
2000c7a1   I2C_IF_Open
2000c719   I2C_IF_Read
2000c781   I2C_IF_ReadFrom
2000c6b7   I2C_IF_Write
2000be09   InitTerm
2000b211   InitialiseParse
200071ad   InitializeAppVariables
2000def7   InitializeTimer
2000e591   IntDisable
2000e639   IntEnable
200115fd   IntMasterEnable
2000fccd   IntPendClear
2000fe2d   IntPrioritySet
20011059   IntRegister
20010e6d   IntUnregister
2001147d   IntVTableBaseSet
20000000   JPEG_StdHuffmanTbl
20000fb4   JPEG_StdQuantTblC
20000ff4   JPEG_StdQuantTblY
2001160f   MT9D111Delay
2000b4ed   Main_Task
2000be27   Message
20011575   NwpMaskInterrupt
20010661   NwpPowerOff
20010ab9   NwpPowerOn
2000f105   NwpPowerOnPreamble
20010fd1   NwpRegisterInterruptHandler
200115cd   NwpUnMaskInterrupt
2000ce81   PRCMCC3200MCUInit
200113f9   PRCMHIBRegRead
2001140f   PRCMHIBRegWrite
20010d5d   PRCMPeripheralClkDisable
2001069d   PRCMPeripheralClkEnable
2000e9f5   PRCMPeripheralClockGet
2000fd25   PRCMPeripheralReset
2001094d   PRCMPeripheralStatusGet
20010c5d   PRCMSysResetCauseGet
2000ed59   PinConfigSet
20010521   PinModeSet
2000e42f   PinMuxConfig
20011213   PinTypeCamera
20010ae9   PinTypeGPIO
2001114f   PinTypeI2C
2001122d   PinTypeUART
2000bf25   Report
200115bf   ResetISR
UNDEFED    SHT$$INIT_ARRAY$$Base
UNDEFED    SHT$$INIT_ARRAY$$Limit
20011585   SL_FD_SET
20011615   SL_FD_ZERO
200112e1   SPICSDisable
200112f9   SPICSEnable
2000e789   SPIConfigSetExpClk
20011311   SPIDisable
20011247   SPIDmaDisable
20011261   SPIDmaEnable
20011329   SPIEnable
2001127b   SPIFIFODisable
20011295   SPIFIFOEnable
20010981   SPIFIFOLevelSet
200101dd   SPIIntClear
2000ffcd   SPIIntEnable
20010ff3   SPIReset
20011015   SPIWordCountSet
2000c551   SetupTransfer
20007a6d   SimpleLinkHttpServerCallback
20007971   SimpleLinkNetAppEventHandler
20007a15   SimpleLinkSockEventHandler
2000788d   SimpleLinkWlanEventHandler
2000ba19   StartSensorInJpegMode
2000df23   StartTimer
2000df3f   StopTimer
2000dee5   TimerBaseIntHandler
20010389   TimerConfigure
200110d7   TimerDisable
200110f5   TimerEnable
2001152b   TimerIntClear
20011341   TimerIntDisable
20011359   TimerIntEnable
2000f735   TimerIntRegister
20011113   TimerIntStatus
2000f885   TimerIntUnregister
20010ce1   TimerLoadSet
20010d0b   TimerPrescaleSet
2001116b   TimerValueGet
2000e765   Timer_IF_DeInit
2000e77d   Timer_IF_GetCount
2000e6e1   Timer_IF_Init
2000e70b   Timer_IF_IntSetup
2000e73d   Timer_IF_InterruptClear
20010ce1   Timer_IF_ReLoad
2000e751   Timer_IF_Start
200110d7   Timer_IF_Stop
2000bedb   TrimSpace
20011425   UARTCharGet
20011131   UARTCharPut
2000f561   UARTConfigSetExpClk
20010b19   UARTDisable
20010e91   UARTEnable
2000c529   UDMAChannelSelect
2000c5f5   UDMADeInit
2000c4df   UDMAInit
2000c587   UDMASetupAutoMemTransfer
2000c5ab   UDMASetupPingPongTransfer
200111c1   UDMAStopTransfer
2000b227   UploadImageToParse
2000b25d   UploadSensorDataToParse
2001161b   UtilsDelay
20009f8d   VDeleteSimpleLinkSpawnTask
20009f3d   VStartSimpleLinkSpawnTask
200115b1   _Dclass
20010455   _Dtest
20011dfc   _SlAcceptCmdCtrl
20011d6c   _SlActionLookupTable
2000a895   _SlAsyncEventGenericHandler
20011f88   _SlDeviceGetCmdCtrl
20011f8c   _SlDeviceSetCmdCtrl
200109b5   _SlDrvBasicCmd
2000ea89   _SlDrvClassifyRxMsg
2000f081   _SlDrvCmdOp
20011079   _SlDrvCmdSend
2000c951   _SlDrvDataReadOp
2000d0e5   _SlDrvDataWriteOp
200112af   _SlDrvDeviceEventHandler
2000fd7d   _SlDrvDriverCBDeinit
2000f205   _SlDrvDriverCBInit
20010c89   _SlDrvFlowContDeinit
20010cb5   _SlDrvFlowContInit
2000a4ed   _SlDrvMsgRead
2000e2c9   _SlDrvMsgReadCmdCtx
2000ebb1   _SlDrvMsgReadSpawnCtx
2000d33d   _SlDrvMsgWrite
2000e37d   _SlDrvNetAppEventHandler
20011189   _SlDrvObjDeInit
200106d9   _SlDrvObjInit
2000d775   _SlDrvReleasePoolObj
2000cc09   _SlDrvRxHdrRead
20010561   _SlDrvRxIrqHandler
20011491   _SlDrvShiftDWord
2000d561   _SlDrvWaitForPoolObj
20011f84   _SlEventMaskGetCmdCtrl
20011f80   _SlEventMaskSetCmdCtrl
2000e8c5   _SlFindAndSetActiveObj
20011da8   _SlFsCloseCmdCtrl
20011db8   _SlFsDeleteCmdCtrl
20011db4   _SlFsGetInfoCmdCtrl
20011da4   _SlFsOpenCmdCtrl
20011dac   _SlFsReadCmdCtrl
20011db0   _SlFsWriteCmdCtrl
20011eac   _SlGetHostByNameCtrl
20011ea8   _SlGetHostByServiceCtrl
20011ea0   _SlGetServiceListeCtrl
20011e08   _SlGetSockOptCmdCtrl
20011df8   _SlListenCmdCtrl
20011eb8   _SlNetAppGetCmdCtrl
20011eb4   _SlNetAppSendTokenValueCmdCtrl
20011eb0   _SlNetAppSetCmdCtrl
20011e98   _SlNetAppStartCtrl
20011e9c   _SlNetAppStopCtrl
20011fa0   _SlNetCfgGetCmdCtrl
20011f9c   _SlNetCfgSetCmdCtrl
20011970   _SlPolicyGetCmdCtrl
2001196c   _SlPolicySetCmdCtrl
20011978   _SlProfileDelCmdCtrl
20011974   _SlProfileGetCmdCtrl
20011e00   _SlRecvCmdCtrl
20011df0   _SlRecvfomCmdCtrl
20011ea4   _SlRegisterServiceCtrl
200105a1   _SlRemoveFromList
20011980   _SlRxFilterAddtCmdCtrl
20011988   _SlRxFilterGetCmdCtrl
20011984   _SlRxFilterSetCmdCtrl
20011e0c   _SlSelectCmdCtrl
20011df4   _SlSendCmdCtrl
20011e04   _SlSetSockOptCmdCtrl
2001198c   _SlSmartConfigStartCmdCtrl
20011dec   _SlSockCloseCmdCtrl
20011de8   _SlSockSocketCmdCtrl
20011f7c   _SlStopCmdCtrl
20011998   _SlWlanCfgGetCmdCtrl
20011994   _SlWlanCfgSetCmdCtrl
2001197c   _SlWlanGetNetworkListCtrl
20011990   _SlWlanSetModeCmdCtrl
20004000   __STACK_END
00001000   __STACK_SIZE
00004000   __SYSMEM_SIZE
20012a78   __TI_CINIT_Base
20012a88   __TI_CINIT_Limit
20012a64   __TI_Handler_Table_Base
20012a70   __TI_Handler_Table_Limit
00000001   __TI_args_main
2000eb1d   __TI_auto_init
20001138   __TI_cleanup_ptr
200115a3   __TI_decompress_none
20011621   __TI_decompress_rle24
2000113c   __TI_dtors_ptr
2000620f   __TI_printfi
20011fb0   __TI_static_base__
2001153d   __TI_zero_init
2000eef1   __aeabi_cdcmpeq
2000eef1   __aeabi_cdcmple
2000ef77   __aeabi_cdrcmple
20010193   __aeabi_d2f
20010225   __aeabi_d2iz
2000bfcb   __aeabi_dadd
2000cd49   __aeabi_ddiv
2000d977   __aeabi_dmul
2000bfc1   __aeabi_dsub
20010839   __aeabi_f2d
20010871   __aeabi_f2iz
20010a1d   __aeabi_f2uiz
2000f3f5   __aeabi_fmul
20010ba9   __aeabi_i2d
20011389   __aeabi_lmul
2000f4e9   __aeabi_memclr
2000f4e9   __aeabi_memclr4
2000f4e9   __aeabi_memclr8
2000e829   __aeabi_memcpy
2000e829   __aeabi_memcpy4
2000e829   __aeabi_memcpy8
2000f4eb   __aeabi_memset
2000f4eb   __aeabi_memset4
2000f4eb   __aeabi_memset8
20011099   __aeabi_ui2d
20010ed9   __aeabi_ui2f
2000bc15   __aeabi_uldivmod
ffffffff   __binit__
ffffffff   __c_args__
20003000   __stack
20011371   _args_main
200109e9   _c_int00
20011764   _ctypes_
20001130   _lock
200114b3   _nop
200114ab   _register_lock
200114a5   _register_unlock
20010d85   _sl_BuildAddress
2000fa25   _sl_GetCreateFsMode
20010149   _sl_GetStartResponseConvert
2000fa89   _sl_HandleAsync_Accept
2000f8ed   _sl_HandleAsync_Connect
2000f281   _sl_HandleAsync_DnsGetHostByName
2000f955   _sl_HandleAsync_DnsGetHostByService
2000f5d9   _sl_HandleAsync_InitComplete
2000f7a5   _sl_HandleAsync_PingResponse
2000fdd5   _sl_HandleAsync_Select
2000fe81   _sl_HandleAsync_Stop
2001143b   _sl_Strlen
2000f815   _sl_TruncatePayloadByProtocol
2002c728   _sys_memory
20001134   _unlock
20010415   abort
2000cb2f   addHttpRequestHeader
2000cb57   addHttpRequestHeaderInt
2000cab5   addHttpRequestLine
20010019   atoi
2000caf3   beginHttpGetRequest
2000cae7   beginHttpRequest
ffffffff   binit
20008909   buildRequestHeaders
2000a4b5   calloc
2002c618   clientStateFileName
200010fc   cnt
200103cd   copy_in
20009953   createInstallation
20009375   createNewInstallationId
2002c6f4   dataBuffer
20001100   dataBufferSize
2000f185   debugPrint
2000f19f   debugPrintf
20004691   eTaskGetState
2000c179   ensureCertificateFile
2001041d   exit
2000930f   fetchDeviceOSVersion
2000b183   findSecondJson
2000a20f   free
20000dd0   gFirstCmdMode
2002c71c   g_CaptureImage
20011d64   g_H2NCnysPattern
20011d5c   g_H2NSyncPattern
20000f50   g_SpiFd
20000dd8   g_StatMem
2002c6f8   g_block_lastFilled
20000f60   g_cDummy
20011f38   g_deviceClientVersion
2002c71e   g_flag_DataBlockFilled
2002c670   g_flag_blockFull
2002c71f   g_frame_end
2002c6fc   g_frame_size_in_bytes
20000600   g_header
2002c700   g_header_length
20018000   g_image_buffer
200010d4   g_osVersion
20000dd4   g_pCB
20000f54   g_pHostIntHdl
20004000   g_pfnVectors
2002c704   g_position_in_block
2002c708   g_readHeader
2002c6e8   g_ucConnectionBSSID
2002c64c   g_ucConnectionSSID
20000f58   g_ucDMAEnabled
20000f64   g_ucDinDout
20001118   g_uiSimplelinkRole
20001114   g_ulGatewayIP
2000112c   g_ulPingPacketsRecv
20001110   g_ulStatus
2000cb91   getHttpResponseBody
2000cb67   getHttpResponseStatus
200099a1   getInstallation
2000d915   getInternalClient
2000b1b5   getPushJson
2002c400   gfpAppCallbackHndl
2002c000   gpCtlTbl
20008b61   headerSend
2002c720   iDone
20007769   initNetwork
2000ff7d   intToASCII
2000b19b   isCompleteJson
200092af   isPingTime
2000b781   loadClientState
2000fc73   ltoa
2000b585   main
20001154   main_func_sp
2000a1ad   malloc
2000a091   mem_Free
2000a085   mem_Malloc
2000a0b1   mem_copy
2000a09d   mem_set
2000a3d5   memalign
200111a5   memccpy
20011037   memcmp
2000e829   memcpy
20010eb5   memmove
2000f4f1   memset
2000a121   minit
2000a107   osi_ContextRestore
2000a105   osi_ContextSave
2000a0c5   osi_EnterCritical
2000a0cf   osi_ExitCritical
20009ceb   osi_InterruptDeRegister
20009cc5   osi_InterruptRegister
20009df5   osi_LockObjCreate
20009e69   osi_LockObjDelete
20009e79   osi_LockObjLock
20009ea5   osi_LockObjUnlock
20009fb9   osi_MsgQCreate
20009ffd   osi_MsgQDelete
2000a049   osi_MsgQRead
2000a017   osi_MsgQWrite
2000a0e1   osi_Sleep
20009ecf   osi_Spawn
20009dd3   osi_SyncObjClear
20009cfd   osi_SyncObjCreate
20009d2d   osi_SyncObjDelete
20009d47   osi_SyncObjSignal
20009d6f   osi_SyncObjSignalFromISR
20009da7   osi_SyncObjWait
20009e1b   osi_TaskCreate
20009e5b   osi_TaskDelete
2000a0f1   osi_TaskDisable
2000a0fb   osi_TaskEnable
2000a0d9   osi_start
20000dcc   pPingCallBackFunc
20009073   parseGetErrorCode
20009aa3   parseGetInstallationId
2000d879   parseInitialize
20009025   parseSendRequest
20008fc9   parseSendRequestInternal
20009a27   parseSetInstallationId
20008c99   payloadSend
20011f90   pcDigits
20004bb5   pcTaskGetTaskName
2000e2c1   portCLZ
2000e2a9   prvPortStartFirstTask
20010801   pvPortMalloc
20001074   pxCurrentTCB
2000d451   pxPortInitialiseStack
2001007b   rand
2000a2cf   realloc
2000b285   retreiveImageIDfromHTTPResponse
2000b829   saveClientState
20008eb7   sendRequest
200088f9   setDataBufferPointer
2000aefd   simpleJsonProcessor
20010efd   sl_Close
2000db65   sl_Connect
2000f2fd   sl_DevGet
2001026d   sl_DevSet
2000f379   sl_FsClose
200102b5   sl_FsDel
2000f9bd   sl_FsGetInfo
2000fed5   sl_FsOpen
2000ec41   sl_FsRead
2000eccd   sl_FsWrite
200108a9   sl_Htonl
20010a85   sl_Htons
2000de0d   sl_NetAppDnsGetHostByName
2000ee69   sl_NetAppMDNSRegisterUnregisterService
2001154f   sl_NetAppMDNSUnRegisterService
2000ff29   sl_NetAppSendTokenValue
20010f21   sl_NetAppStart
20010f45   sl_NetAppStop
20010499   sl_NetCfgSet
200104dd   sl_Recv
2000d66d   sl_Select
2000e4e1   sl_Send
200100b1   sl_SetSockOpt
20010b79   sl_Socket
2000e14d   sl_Start
2000e089   sl_Stop
2000c325   sl_WlanConnect
20011607   sl_WlanDisconnect
2000f64d   sl_WlanGet
200105e1   sl_WlanPolicySet
20010f69   sl_WlanProfileDel
20010621   sl_WlanRxFilterSet
200102fd   sl_WlanSet
20010dd5   sl_WlanSetMode
2000e95d   snprintf
20010efd   socketClose
2000ad4f   socketRead
2000ac2d   socketSslConnect
2000abe1   socketWait
2000adcb   socketWrite
2000f6c1   spi_Close
2000cfb5   spi_Open
2000dfbd   spi_Read
2000dc4d   spi_Write
2000fbb5   sprintf
20010065   srand
200010fa   sshPort
200114b9   strlen
20010715   strncasecmp
20010dad   strncat
20010e23   strncmp
20010b49   strncpy
20010a51   strstr
200100fd   uDMAChannelAssign
2000faed   uDMAChannelAttributeDisable
2000fb51   uDMAChannelAttributeEnable
20010751   uDMAChannelControlSet
200111c1   uDMAChannelDisable
200111dd   uDMAChannelEnable
2000da75   uDMAChannelTransferSet
200114cd   uDMAControlBaseSet
200115d9   uDMADisable
200115e5   uDMAEnable
200114e1   uDMAIntClear
20011451   uDMAIntRegister
200115f1   uDMAIntStatus
20011561   uDMAIntUnregister
20008555   ucQueueGetQueueType
2000e211   ulPortSetInterruptMask
20009309   updateLastPingTime
2000d2f3   uxListRemove
20008535   uxQueueGetQueueNumber
200084c9   uxQueueMessagesWaiting
200084ff   uxQueueMessagesWaitingFromISR
200084df   uxQueueSpacesAvailable
20004ba9   uxTaskGetNumberOfTasks
20004bd9   uxTaskGetSystemState
200050c9   uxTaskGetTaskNumber
20004725   uxTaskPriorityGet
20005621   uxTaskResetEventItemValue
2000b4e7   vApplicationIdleHook
2000b4e9   vApplicationMallocFailedHook
2000b4eb   vApplicationStackOverflowHook
2000b4e5   vAssertCalled
2000d211   vListInitialise
2000d241   vListInitialiseItem
2000d28d   vListInsert
2000d251   vListInsertEnd
2000e227   vPortClearInterruptMask
2000d4cd   vPortEndScheduler
2000d4e1   vPortEnterCritical
2000d4f9   vPortExitCritical
20010821   vPortFree
2000e281   vPortSVCHandler
2000d52d   vPortSetupTimerInterrupt
2000d4cf   vPortYield
2000876f   vQueueAddToRegistry
20008511   vQueueDelete
20008543   vQueueSetQueueNumber
200087b1   vQueueUnregisterQueue
2000463b   vTaskDelay
2000459f   vTaskDelayUntil
2000450f   vTaskDelete
20004a8d   vTaskEndScheduler
200050bb   vTaskMissedYield
20004e51   vTaskPlaceOnEventList
20004eb5   vTaskPlaceOnUnorderedEventList
20005597   vTaskPriorityDisinherit
200054dd   vTaskPriorityInherit
2000475d   vTaskPrioritySet
20004955   vTaskResume
200050e9   vTaskSetTaskNumber
2000501b   vTaskSetTimeOutState
20004a43   vTaskStartScheduler
20004861   vTaskSuspend
20004a9f   vTaskSuspendAll
20004dd1   vTaskSwitchContext
2002c718   v_TimerOverflows
2000ede1   vsnprintf
20001104   xHigherPriorityTaskWoken
2000e235   xPortPendSVHandler
2000d4a1   xPortStartScheduler
2000d511   xPortSysTickHandler
200087ff   xQueueAddToSet
20008131   xQueueAltGenericReceive
20008085   xQueueAltGenericSend
20007f59   xQueueCreateCountingSemaphore
20007edb   xQueueCreateMutex
200087eb   xQueueCreateSet
20007e65   xQueueGenericCreate
200082cb   xQueueGenericReceive
20007dd5   xQueueGenericReset
20007f79   xQueueGenericSend
2000822f   xQueueGenericSendFromISR
2000870b   xQueueIsQueueEmptyFromISR
2000874d   xQueueIsQueueFullFromISR
20008485   xQueuePeekFromISR
2000840d   xQueueReceiveFromISR
2002c5c8   xQueueRegistry
20008833   xQueueRemoveFromSet
20008875   xQueueSelectFromSet
2000888f   xQueueSelectFromSetFromISR
20001108   xSimpleLinkSpawnQueue
2000110c   xSimpleLinkSpawnTaskHndl
20005041   xTaskCheckForTimeOut
20004401   xTaskGenericCreate
20005491   xTaskGetCurrentTaskHandle
20004c97   xTaskGetIdleTaskHandle
200054a5   xTaskGetSchedulerState
20004b7d   xTaskGetTickCount
20004b91   xTaskGetTickCountFromISR
20004cb5   xTaskIncrementTick
20004f25   xTaskRemoveFromEventList
20004fad   xTaskRemoveFromUnorderedEventList
20004ab1   xTaskResumeAll
200049c9   xTaskResumeFromISR


GLOBAL SYMBOLS: SORTED BY Symbol Address 

address    name
--------   ----
00000001   __TI_args_main
00001000   __STACK_SIZE
00004000   __SYSMEM_SIZE
20000000   JPEG_StdHuffmanTbl
20000600   g_header
20000dcc   pPingCallBackFunc
20000dd0   gFirstCmdMode
20000dd4   g_pCB
20000dd8   g_StatMem
20000f50   g_SpiFd
20000f54   g_pHostIntHdl
20000f58   g_ucDMAEnabled
20000f5c   DMAMsgQ
20000f60   g_cDummy
20000f64   g_ucDinDout
20000fb4   JPEG_StdQuantTblC
20000ff4   JPEG_StdQuantTblY
20001074   pxCurrentTCB
200010d4   g_osVersion
200010fa   sshPort
200010fc   cnt
20001100   dataBufferSize
20001104   xHigherPriorityTaskWoken
20001108   xSimpleLinkSpawnQueue
2000110c   xSimpleLinkSpawnTaskHndl
20001110   g_ulStatus
20001114   g_ulGatewayIP
20001118   g_uiSimplelinkRole
2000112c   g_ulPingPacketsRecv
20001130   _lock
20001134   _unlock
20001138   __TI_cleanup_ptr
2000113c   __TI_dtors_ptr
20001148   DigiCertHighAssuranceEVRootCA_der_len
20001154   main_func_sp
20003000   __stack
20004000   __STACK_END
20004000   g_pfnVectors
20004401   xTaskGenericCreate
2000450f   vTaskDelete
2000459f   vTaskDelayUntil
2000463b   vTaskDelay
20004691   eTaskGetState
20004725   uxTaskPriorityGet
2000475d   vTaskPrioritySet
20004861   vTaskSuspend
20004955   vTaskResume
200049c9   xTaskResumeFromISR
20004a43   vTaskStartScheduler
20004a8d   vTaskEndScheduler
20004a9f   vTaskSuspendAll
20004ab1   xTaskResumeAll
20004b7d   xTaskGetTickCount
20004b91   xTaskGetTickCountFromISR
20004ba9   uxTaskGetNumberOfTasks
20004bb5   pcTaskGetTaskName
20004bd9   uxTaskGetSystemState
20004c97   xTaskGetIdleTaskHandle
20004cb5   xTaskIncrementTick
20004dd1   vTaskSwitchContext
20004e51   vTaskPlaceOnEventList
20004eb5   vTaskPlaceOnUnorderedEventList
20004f25   xTaskRemoveFromEventList
20004fad   xTaskRemoveFromUnorderedEventList
2000501b   vTaskSetTimeOutState
20005041   xTaskCheckForTimeOut
200050bb   vTaskMissedYield
200050c9   uxTaskGetTaskNumber
200050e9   vTaskSetTaskNumber
20005491   xTaskGetCurrentTaskHandle
200054a5   xTaskGetSchedulerState
200054dd   vTaskPriorityInherit
20005597   vTaskPriorityDisinherit
20005621   uxTaskResetEventItemValue
2000620f   __TI_printfi
20006519   CaptureAndStore_Image
200069f3   CamControllerInit
200071ad   InitializeAppVariables
200071d5   ConfigureSimpleLinkToDefaultState
20007475   ConfigureMode
200074b1   ConnectToNetwork
20007619   ConnectToNetwork_2
200076bf   ConnectToNetwork_STA_2
200076db   ConnectToNetwork_STA
20007769   initNetwork
2000788d   SimpleLinkWlanEventHandler
20007971   SimpleLinkNetAppEventHandler
20007a15   SimpleLinkSockEventHandler
20007a6d   SimpleLinkHttpServerCallback
20007dd5   xQueueGenericReset
20007e65   xQueueGenericCreate
20007edb   xQueueCreateMutex
20007f59   xQueueCreateCountingSemaphore
20007f79   xQueueGenericSend
20008085   xQueueAltGenericSend
20008131   xQueueAltGenericReceive
2000822f   xQueueGenericSendFromISR
200082cb   xQueueGenericReceive
2000840d   xQueueReceiveFromISR
20008485   xQueuePeekFromISR
200084c9   uxQueueMessagesWaiting
200084df   uxQueueSpacesAvailable
200084ff   uxQueueMessagesWaitingFromISR
20008511   vQueueDelete
20008535   uxQueueGetQueueNumber
20008543   vQueueSetQueueNumber
20008555   ucQueueGetQueueType
2000870b   xQueueIsQueueEmptyFromISR
2000874d   xQueueIsQueueFullFromISR
2000876f   vQueueAddToRegistry
200087b1   vQueueUnregisterQueue
200087eb   xQueueCreateSet
200087ff   xQueueAddToSet
20008833   xQueueRemoveFromSet
20008875   xQueueSelectFromSet
2000888f   xQueueSelectFromSetFromISR
200088f9   setDataBufferPointer
20008909   buildRequestHeaders
20008b61   headerSend
20008c99   payloadSend
20008eb7   sendRequest
20008fc9   parseSendRequestInternal
20009025   parseSendRequest
20009073   parseGetErrorCode
200092af   isPingTime
20009309   updateLastPingTime
2000930f   fetchDeviceOSVersion
20009375   createNewInstallationId
20009953   createInstallation
200099a1   getInstallation
20009a27   parseSetInstallationId
20009aa3   parseGetInstallationId
20009cc5   osi_InterruptRegister
20009ceb   osi_InterruptDeRegister
20009cfd   osi_SyncObjCreate
20009d2d   osi_SyncObjDelete
20009d47   osi_SyncObjSignal
20009d6f   osi_SyncObjSignalFromISR
20009da7   osi_SyncObjWait
20009dd3   osi_SyncObjClear
20009df5   osi_LockObjCreate
20009e1b   osi_TaskCreate
20009e5b   osi_TaskDelete
20009e69   osi_LockObjDelete
20009e79   osi_LockObjLock
20009ea5   osi_LockObjUnlock
20009ecf   osi_Spawn
20009f3d   VStartSimpleLinkSpawnTask
20009f8d   VDeleteSimpleLinkSpawnTask
20009fb9   osi_MsgQCreate
20009ffd   osi_MsgQDelete
2000a017   osi_MsgQWrite
2000a049   osi_MsgQRead
2000a085   mem_Malloc
2000a091   mem_Free
2000a09d   mem_set
2000a0b1   mem_copy
2000a0c5   osi_EnterCritical
2000a0cf   osi_ExitCritical
2000a0d9   osi_start
2000a0e1   osi_Sleep
2000a0f1   osi_TaskDisable
2000a0fb   osi_TaskEnable
2000a105   osi_ContextSave
2000a107   osi_ContextRestore
2000a121   minit
2000a1ad   malloc
2000a20f   free
2000a2cf   realloc
2000a3d5   memalign
2000a4b5   calloc
2000a4ed   _SlDrvMsgRead
2000a895   _SlAsyncEventGenericHandler
2000abe1   socketWait
2000ac2d   socketSslConnect
2000ad4f   socketRead
2000adcb   socketWrite
2000aefd   simpleJsonProcessor
2000b183   findSecondJson
2000b19b   isCompleteJson
2000b1b5   getPushJson
2000b211   InitialiseParse
2000b227   UploadImageToParse
2000b25d   UploadSensorDataToParse
2000b285   retreiveImageIDfromHTTPResponse
2000b2bf   ConstructDeviceStateObject
2000b4e5   vAssertCalled
2000b4e7   vApplicationIdleHook
2000b4e9   vApplicationMallocFailedHook
2000b4eb   vApplicationStackOverflowHook
2000b4ed   Main_Task
2000b585   main
2000b781   loadClientState
2000b829   saveClientState
2000ba11   CameraSensorInit
2000ba19   StartSensorInJpegMode
2000bc15   __aeabi_uldivmod
2000be09   InitTerm
2000be27   Message
2000be41   ClearTerm
2000be47   Error
2000be7b   GetCmd
2000bedb   TrimSpace
2000bf25   Report
2000bfc1   __aeabi_dsub
2000bfcb   __aeabi_dadd
2000c179   ensureCertificateFile
2000c325   sl_WlanConnect
2000c4c1   DmaSwIntHandler
2000c4d3   DmaErrorIntHandler
2000c4df   UDMAInit
2000c529   UDMAChannelSelect
2000c551   SetupTransfer
2000c587   UDMASetupAutoMemTransfer
2000c5ab   UDMASetupPingPongTransfer
2000c5f5   UDMADeInit
2000c609   DMASetupTransfer
2000c6b7   I2C_IF_Write
2000c719   I2C_IF_Read
2000c781   I2C_IF_ReadFrom
2000c7a1   I2C_IF_Open
2000c7cb   I2C_IF_Close
2000c7e1   I2CInit
2000c7ff   I2CBufferRead
2000c8a7   I2CBufferWrite
2000c951   _SlDrvDataReadOp
2000cab5   addHttpRequestLine
2000cae7   beginHttpRequest
2000caf3   beginHttpGetRequest
2000cb2f   addHttpRequestHeader
2000cb57   addHttpRequestHeaderInt
2000cb67   getHttpResponseStatus
2000cb91   getHttpResponseBody
2000cc09   _SlDrvRxHdrRead
2000cd49   __aeabi_ddiv
2000ce81   PRCMCC3200MCUInit
2000cfb5   spi_Open
2000d0e5   _SlDrvDataWriteOp
2000d211   vListInitialise
2000d241   vListInitialiseItem
2000d251   vListInsertEnd
2000d28d   vListInsert
2000d2f3   uxListRemove
2000d33d   _SlDrvMsgWrite
2000d451   pxPortInitialiseStack
2000d4a1   xPortStartScheduler
2000d4cd   vPortEndScheduler
2000d4cf   vPortYield
2000d4e1   vPortEnterCritical
2000d4f9   vPortExitCritical
2000d511   xPortSysTickHandler
2000d52d   vPortSetupTimerInterrupt
2000d561   _SlDrvWaitForPoolObj
2000d66d   sl_Select
2000d775   _SlDrvReleasePoolObj
2000d879   parseInitialize
2000d915   getInternalClient
2000d977   __aeabi_dmul
2000da75   uDMAChannelTransferSet
2000db65   sl_Connect
2000dc4d   spi_Write
2000dd35   CollectTxit_ImgTempRH
2000de0d   sl_NetAppDnsGetHostByName
2000dee5   TimerBaseIntHandler
2000def7   InitializeTimer
2000df23   StartTimer
2000df3f   StopTimer
2000df4d   GetTimeDuration
2000dfbd   spi_Read
2000e089   sl_Stop
2000e14d   sl_Start
2000e211   ulPortSetInterruptMask
2000e227   vPortClearInterruptMask
2000e235   xPortPendSVHandler
2000e281   vPortSVCHandler
2000e2a9   prvPortStartFirstTask
2000e2c1   portCLZ
2000e2c9   _SlDrvMsgReadCmdCtx
2000e37d   _SlDrvNetAppEventHandler
2000e42f   PinMuxConfig
2000e4e1   sl_Send
2000e591   IntDisable
2000e639   IntEnable
2000e6e1   Timer_IF_Init
2000e70b   Timer_IF_IntSetup
2000e73d   Timer_IF_InterruptClear
2000e751   Timer_IF_Start
2000e765   Timer_IF_DeInit
2000e77d   Timer_IF_GetCount
2000e789   SPIConfigSetExpClk
2000e829   __aeabi_memcpy
2000e829   __aeabi_memcpy4
2000e829   __aeabi_memcpy8
2000e829   memcpy
2000e8c5   _SlFindAndSetActiveObj
2000e95d   snprintf
2000e9f5   PRCMPeripheralClockGet
2000ea89   _SlDrvClassifyRxMsg
2000eb1d   __TI_auto_init
2000ebb1   _SlDrvMsgReadSpawnCtx
2000ec41   sl_FsRead
2000eccd   sl_FsWrite
2000ed59   PinConfigSet
2000ede1   vsnprintf
2000ee69   sl_NetAppMDNSRegisterUnregisterService
2000eef1   __aeabi_cdcmpeq
2000eef1   __aeabi_cdcmple
2000ef77   __aeabi_cdrcmple
2000effd   I2CMasterInitExpClk
2000f081   _SlDrvCmdOp
2000f105   NwpPowerOnPreamble
2000f185   debugPrint
2000f19f   debugPrintf
2000f205   _SlDrvDriverCBInit
2000f281   _sl_HandleAsync_DnsGetHostByName
2000f2fd   sl_DevGet
2000f379   sl_FsClose
2000f3f5   __aeabi_fmul
2000f4e9   __aeabi_memclr
2000f4e9   __aeabi_memclr4
2000f4e9   __aeabi_memclr8
2000f4eb   __aeabi_memset
2000f4eb   __aeabi_memset4
2000f4eb   __aeabi_memset8
2000f4f1   memset
2000f561   UARTConfigSetExpClk
2000f5d9   _sl_HandleAsync_InitComplete
2000f64d   sl_WlanGet
2000f6c1   spi_Close
2000f735   TimerIntRegister
2000f7a5   _sl_HandleAsync_PingResponse
2000f815   _sl_TruncatePayloadByProtocol
2000f885   TimerIntUnregister
2000f8ed   _sl_HandleAsync_Connect
2000f955   _sl_HandleAsync_DnsGetHostByService
2000f9bd   sl_FsGetInfo
2000fa25   _sl_GetCreateFsMode
2000fa89   _sl_HandleAsync_Accept
2000faed   uDMAChannelAttributeDisable
2000fb51   uDMAChannelAttributeEnable
2000fbb5   sprintf
2000fc73   ltoa
2000fccd   IntPendClear
2000fd25   PRCMPeripheralReset
2000fd7d   _SlDrvDriverCBDeinit
2000fdd5   _sl_HandleAsync_Select
2000fe2d   IntPrioritySet
2000fe81   _sl_HandleAsync_Stop
2000fed5   sl_FsOpen
2000ff29   sl_NetAppSendTokenValue
2000ff7d   intToASCII
2000ffcd   SPIIntEnable
20010019   atoi
20010065   srand
2001007b   rand
200100b1   sl_SetSockOpt
200100fd   uDMAChannelAssign
20010149   _sl_GetStartResponseConvert
20010193   __aeabi_d2f
200101dd   SPIIntClear
20010225   __aeabi_d2iz
2001026d   sl_DevSet
200102b5   sl_FsDel
200102fd   sl_WlanSet
20010389   TimerConfigure
200103cd   copy_in
20010411   C$$EXIT
20010415   abort
2001041d   exit
20010455   _Dtest
20010499   sl_NetCfgSet
200104dd   sl_Recv
20010521   PinModeSet
20010561   _SlDrvRxIrqHandler
200105a1   _SlRemoveFromList
200105e1   sl_WlanPolicySet
20010621   sl_WlanRxFilterSet
20010661   NwpPowerOff
2001069d   PRCMPeripheralClkEnable
200106d9   _SlDrvObjInit
20010715   strncasecmp
20010751   uDMAChannelControlSet
2001078d   CameraCaptureStop
200107c7   CameraXClkConfig
20010801   pvPortMalloc
20010821   vPortFree
20010839   __aeabi_f2d
20010871   __aeabi_f2iz
200108a9   sl_Htonl
200108e1   GPIODirModeSet
20010917   CameraParamsConfig
2001094d   PRCMPeripheralStatusGet
20010981   SPIFIFOLevelSet
200109b5   _SlDrvBasicCmd
200109e9   _c_int00
20010a1d   __aeabi_f2uiz
20010a51   strstr
20010a85   sl_Htons
20010ab9   NwpPowerOn
20010ae9   PinTypeGPIO
20010b19   UARTDisable
20010b49   strncpy
20010b79   sl_Socket
20010ba9   __aeabi_i2d
20010bd9   CameraIntEnable
20010c05   DmaSpiSwIntHandler
20010c31   I2CMasterErr
20010c5d   PRCMSysResetCauseGet
20010c89   _SlDrvFlowContDeinit
20010cb5   _SlDrvFlowContInit
20010ce1   TimerLoadSet
20010ce1   Timer_IF_ReLoad
20010d0b   TimerPrescaleSet
20010d35   CameraIntStatus
20010d5d   PRCMPeripheralClkDisable
20010d85   _sl_BuildAddress
20010dad   strncat
20010dd5   sl_WlanSetMode
20010dfd   CameraThresholdSet
20010e23   strncmp
20010e49   CameraIntClear
20010e6d   IntUnregister
20010e91   UARTEnable
20010eb5   memmove
20010ed9   __aeabi_ui2f
20010efd   sl_Close
20010efd   socketClose
20010f21   sl_NetAppStart
20010f45   sl_NetAppStop
20010f69   sl_WlanProfileDel
20010f8d   CameraCaptureStart
20010faf   I2CMasterSlaveAddrSet
20010fd1   NwpRegisterInterruptHandler
20010ff3   SPIReset
20011015   SPIWordCountSet
20011037   memcmp
20011059   IntRegister
20011079   _SlDrvCmdSend
20011099   __aeabi_ui2d
200110b9   I2CMasterIntStatusEx
200110d7   TimerDisable
200110d7   Timer_IF_Stop
200110f5   TimerEnable
20011113   TimerIntStatus
20011131   UARTCharPut
2001114f   PinTypeI2C
2001116b   TimerValueGet
20011189   _SlDrvObjDeInit
200111a5   memccpy
200111c1   UDMAStopTransfer
200111c1   uDMAChannelDisable
200111dd   uDMAChannelEnable
200111f9   CopyPingResultsToReport
20011213   PinTypeCamera
2001122d   PinTypeUART
20011247   SPIDmaDisable
20011261   SPIDmaEnable
2001127b   SPIFIFODisable
20011295   SPIFIFOEnable
200112af   _SlDrvDeviceEventHandler
200112c9   CameraReset
200112e1   SPICSDisable
200112f9   SPICSEnable
20011311   SPIDisable
20011329   SPIEnable
20011341   TimerIntDisable
20011359   TimerIntEnable
20011371   _args_main
20011389   __aeabi_lmul
200113a1   CameraDMAEnable
200113b7   CameraIntRegister
200113cd   I2CMasterDataPut
200113e3   I2CMasterEnable
200113f9   PRCMHIBRegRead
2001140f   PRCMHIBRegWrite
20011425   UARTCharGet
2001143b   _sl_Strlen
20011451   uDMAIntRegister
20011467   CPUcpsie
2001147d   IntVTableBaseSet
20011491   _SlDrvShiftDWord
200114a5   _register_unlock
200114ab   _register_lock
200114b3   _nop
200114b9   strlen
200114cd   uDMAControlBaseSet
200114e1   uDMAIntClear
200114f5   I2CMasterControl
20011507   I2CMasterIntClearEx
20011519   I2CMasterTimeoutSet
2001152b   TimerIntClear
2001153d   __TI_zero_init
2001154f   sl_NetAppMDNSUnRegisterService
20011561   uDMAIntUnregister
20011575   NwpMaskInterrupt
20011585   SL_FD_SET
20011595   I2CMasterDataGet
200115a3   __TI_decompress_none
200115b1   _Dclass
200115bf   ResetISR
200115cd   NwpUnMaskInterrupt
200115d9   uDMADisable
200115e5   uDMAEnable
200115f1   uDMAIntStatus
200115fd   IntMasterEnable
20011607   sl_WlanDisconnect
2001160f   MT9D111Delay
20011615   SL_FD_ZERO
2001161b   UtilsDelay
20011621   __TI_decompress_rle24
20011764   _ctypes_
2001196c   _SlPolicySetCmdCtrl
20011970   _SlPolicyGetCmdCtrl
20011974   _SlProfileGetCmdCtrl
20011978   _SlProfileDelCmdCtrl
2001197c   _SlWlanGetNetworkListCtrl
20011980   _SlRxFilterAddtCmdCtrl
20011984   _SlRxFilterSetCmdCtrl
20011988   _SlRxFilterGetCmdCtrl
2001198c   _SlSmartConfigStartCmdCtrl
20011990   _SlWlanSetModeCmdCtrl
20011994   _SlWlanCfgSetCmdCtrl
20011998   _SlWlanCfgGetCmdCtrl
20011d5c   g_H2NSyncPattern
20011d64   g_H2NCnysPattern
20011d6c   _SlActionLookupTable
20011da4   _SlFsOpenCmdCtrl
20011da8   _SlFsCloseCmdCtrl
20011dac   _SlFsReadCmdCtrl
20011db0   _SlFsWriteCmdCtrl
20011db4   _SlFsGetInfoCmdCtrl
20011db8   _SlFsDeleteCmdCtrl
20011de8   _SlSockSocketCmdCtrl
20011dec   _SlSockCloseCmdCtrl
20011df0   _SlRecvfomCmdCtrl
20011df4   _SlSendCmdCtrl
20011df8   _SlListenCmdCtrl
20011dfc   _SlAcceptCmdCtrl
20011e00   _SlRecvCmdCtrl
20011e04   _SlSetSockOptCmdCtrl
20011e08   _SlGetSockOptCmdCtrl
20011e0c   _SlSelectCmdCtrl
20011e98   _SlNetAppStartCtrl
20011e9c   _SlNetAppStopCtrl
20011ea0   _SlGetServiceListeCtrl
20011ea4   _SlRegisterServiceCtrl
20011ea8   _SlGetHostByServiceCtrl
20011eac   _SlGetHostByNameCtrl
20011eb0   _SlNetAppSetCmdCtrl
20011eb4   _SlNetAppSendTokenValueCmdCtrl
20011eb8   _SlNetAppGetCmdCtrl
20011f38   g_deviceClientVersion
20011f7c   _SlStopCmdCtrl
20011f80   _SlEventMaskSetCmdCtrl
20011f84   _SlEventMaskGetCmdCtrl
20011f88   _SlDeviceGetCmdCtrl
20011f8c   _SlDeviceSetCmdCtrl
20011f90   pcDigits
20011f9c   _SlNetCfgSetCmdCtrl
20011fa0   _SlNetCfgGetCmdCtrl
20011fb0   __TI_static_base__
20012a64   __TI_Handler_Table_Base
20012a70   __TI_Handler_Table_Limit
20012a78   __TI_CINIT_Base
20012a88   __TI_CINIT_Limit
20018000   g_image_buffer
2002c000   gpCtlTbl
2002c400   gfpAppCallbackHndl
2002c5c8   xQueueRegistry
2002c618   clientStateFileName
2002c64c   g_ucConnectionSSID
2002c670   g_flag_blockFull
2002c6e8   g_ucConnectionBSSID
2002c6f4   dataBuffer
2002c6f8   g_block_lastFilled
2002c6fc   g_frame_size_in_bytes
2002c700   g_header_length
2002c704   g_position_in_block
2002c708   g_readHeader
2002c718   v_TimerOverflows
2002c71c   g_CaptureImage
2002c71e   g_flag_DataBlockFilled
2002c71f   g_frame_end
2002c720   iDone
2002c728   _sys_memory
ffffffff   __binit__
ffffffff   __c_args__
ffffffff   binit
UNDEFED    SHT$$INIT_ARRAY$$Base
UNDEFED    SHT$$INIT_ARRAY$$Limit

[590 symbols]
