******************************************************************************
                  TI ARM Linker PC v5.2.2                      
******************************************************************************
>> Linked Wed Jul 22 10:51:27 2015

OUTPUT FILE NAME:   <ULP_SEC_CAM.out>
ENTRY POINT SYMBOL: "_c_int00"  address: 2001d3fd


MEMORY CONFIGURATION

         name            origin    length      used     unused   attr    fill
----------------------  --------  ---------  --------  --------  ----  --------
  SRAM_BOOTLDR          20000000   00004000  00001938  000026c8  RW X
  SRAM_CODE             20004000   0001e300  0001be3b  000024c5  RW X
  SRAM_DATA             20022300   0001dd00  0001c300  00001a00  RW X


SEGMENT ALLOCATION MAP

run origin  load origin   length   init length attrs members
----------  ----------- ---------- ----------- ----- -------
20000000    20000000    00000938   00000000    rw-
  20000000    20000000    00000938   00000000    rw- .data
20003000    20003000    00001000   00000000    rw-
  20003000    20003000    00001000   00000000    rw- .stack
20004000    20004000    0001be40   0001be40    r-x
  20004000    20004000    00000400   00000400    r-- .intvecs
  20004400    20004400    0001a5b4   0001a5b4    r-x .text
  2001e9b4    2001e9b4    00000f57   00000f57    r-- .const
  2001f910    2001f910    00000530   00000530    r-- .cinit
20022400    20022400    0001c300   00000000    rw-
  20022400    20022400    00017300   00000000    rw- .bss
  20039700    20039700    00005000   00000000    rw- .sysmem


SECTION ALLOCATION MAP

 output                                  attributes/
section   page    origin      length       input sections
--------  ----  ----------  ----------   ----------------
.data      0    20000000    00000938     UNINITIALIZED
                  20000000    000003c9     cc3200_certificate.obj (.data:DigiCertHighAssuranceEVRootCA_der)
                  200003c9    00000001     tasks.obj (.data)
                  200003ca    00000002     --HOLE--
                  200003cc    000000f0     rtsv7M4_T_le_eabi.lib : defs.obj (.data:_ftable)
                  200004bc    000000d0                           : lowlev.obj (.data)
                  2000058c    000000b0                           : signal.obj (.data:sigtable)
                  2000063c    00000004     cc3200_certificate.obj (.data)
                  20000640    00000080     rtsv7M4_T_le_eabi.lib : xvalues.obj (.data)
                  200006c0    00000068                           : xfvalues.obj (.data)
                  20000728    00000064     network_relater_fns.obj (.data:Token)
                  2000078c    00000064     network_relater_fns.obj (.data:Value)
                  200007f0    0000003c     main.obj (.data:g_token_get)
                  2000082c    00000034     free_rtos.a : tasks.obj (.data)
                  20000860    00000028     main.obj (.data)
                  20000888    00000018     cc3200_utils.obj (.data)
                  200008a0    00000018     request.obj (.data)
                  200008b8    00000010     rtsv7M4_T_le_eabi.lib : defs.obj (.data)
                  200008c8    0000000c     free_rtos.a : osi_freertos.obj (.data)
                  200008d4    0000000c     rtsv7M4_T_le_eabi.lib : memory.obj (.data)
                  200008e0    00000009     simplelink.a : cc_pal.obj (.data)
                  200008e9    00000003     --HOLE--
                  200008ec    00000009                  : driver.obj (.data)
                  200008f5    00000003     --HOLE--
                  200008f8    00000008     camera_app.obj (.data)
                  20000900    00000008     rtsv7M4_T_le_eabi.lib : _lock.obj (.data)
                  20000908    00000008                           : exit.obj (.data)
                  20000910    00000008                           : feraiseexcept.obj (.data)
                  20000918    00000006     http.obj (.data)
                  2000091e    00000002     --HOLE--
                  20000920    00000004     free_rtos.a : port.obj (.data)
                  20000924    00000004     ota.a : OtaHttp.obj (.data)
                  20000928    00000004     rtsv7M4_T_le_eabi.lib : errno.obj (.data)
                  2000092c    00000004                           : fopen.obj (.data)
                  20000930    00000004                           : rand.obj (.data)
                  20000934    00000004                           : stkdepth_vars.obj (.data)

.TI.persistent 
*          0    20000000    00000000     UNINITIALIZED

.stack     0    20003000    00001000     UNINITIALIZED
                  20003000    00001000     --HOLE--

.intvecs   0    20004000    00000400     
                  20004000    00000400     startup_ccs.obj (.intvecs)

.text      0    20004400    0001a5b4     
                  20004400    00001258     free_rtos.a : tasks.obj (.text)
                  20005658    000010a6     rtsv7M4_T_le_eabi.lib : _printfi.obj (.text)
                  200066fe    00000002     startup_ccs.obj (.text:BusFaultHandler)
                  20006700    00000b24     free_rtos.a : queue.obj (.text)
                  20007224    00000a08     magnetic.obj (.text:fUpdateCalibration10EIG)
                  20007c2c    00000788     magnetic.obj (.text:fUpdateCalibration4INV)
                  200083b4    00000694     magnetic.obj (.text:fUpdateCalibration7EIG)
                  20008a48    00000688     matrix.obj (.text:eigencompute)
                  200090d0    00000610     ota.a : OtaHttp.obj (.text)
                  200096e0    000005ec     simplelink.a : driver.obj (.text:_SlDrvMsgRead)
                  20009ccc    00000584     magnetic.obj (.text:iUpdateMagnetometerBuffer)
                  2000a250    000004dc     network_relater_fns.obj (.text:SimpleLinkHttpServerCallback)
                  2000a72c    000004be     cc3200_utils.obj (.text:createNewInstallationId)
                  2000abea    00000002     startup_ccs.obj (.text:FaultISR)
                  2000abec    0000045c     free_rtos.a : osi_freertos.obj (.text)
                  2000b048    0000044c     request.obj (.text:buildRequestHeaders)
                  2000b494    00000424     ota.a : OtaClient.obj (.text)
                  2000b8b8    0000040c           : OtaApp.obj (.text)
                  2000bcc4    000003dc     rtsv7M4_T_le_eabi.lib : memory.obj (.text)
                  2000c0a0    000003b8     matrix.obj (.text:fmatrixAeqInvA)
                  2000c458    0000039c     network_relater_fns.obj (.text:SimpleLinkWlanEventHandler)
                  2000c7f4    00000378     rtsv7M4_T_le_eabi.lib : powf.obj (.text)
                  2000cb6c    0000035c     ota.a : CdnClient.obj (.text)
                  2000cec8    00000354     orientation.obj (.text:feCompassAndroid)
                  2000d21c    00000354     orientation.obj (.text:feCompassWin8)
                  2000d570    00000350     orientation.obj (.text:feCompassNED)
                  2000d8c0    00000338     ota.a : LogClient.obj (.text)
                  2000dbf8    00000324     tasks.obj (.text:MagCal_Run)
                  2000df1c    0000030c     rtsv7M4_T_le_eabi.lib : lowlev.obj (.text)
                  2000e228    000002ec     network_relater_fns.obj (.text:ConfigureSimpleLinkToDefaultState)
                  2000e514    000002ec     application_fn.obj (.text:application_fn)
                  2000e800    000002d4     rtsv7M4_T_le_eabi.lib : trgdrv.obj (.text)
                  2000ead4    000002ac     user_configure_fn.obj (.text:WiFiProvisioning)
                  2000ed80    00000298     rtsv7M4_T_le_eabi.lib : vla_alloc.obj (.text)
                  2000f018    00000294     mt9d111.obj (.text:RegLstWrite)
                  2000f2ac    00000274     camera_app.obj (.text:CaptureImage)
                  2000f520    0000026e     simplejson.obj (.text:simpleJsonProcessor)
                  2000f78e    00000002     driverlib.a : interrupt.obj (.text:IntDefaultHandler)
                  2000f790    0000025c     lightSens_isl29035.obj (.text:configureISL29035)
                  2000f9ec    00000250     user_configure_fn.obj (.text:User_Configure)
                  2000fc3c    00000248     simplelink.a : driver.obj (.text:_SlDrvRxHdrRead)
                  2000fe84    00000248     main_FXOS8700.obj (.text:angleCheck_Initializations)
                  200100cc    00000244     simplelink.a : wlan.obj (.text:sl_WlanConnect)
                  20010310    00000218     request.obj (.text:payloadSend)
                  20010528    0000020c     ota.obj (.text:OTA_Run)
                  20010734    000001f8     door_position_detection_algorithm.obj (.text:check_doorpos)
                  2001092c    000001f4     rtsv7M4_T_le_eabi.lib : ull_div_t2.obj (.text)
                  20010b20    000001f0     user_configure_fn.obj (.text:Get_Calibration_MagSensor)
                  20010d10    000001d0     simplelink.a : driver.obj (.text:_SlDrvReleasePoolObj)
                  20010ee0    000001cc                  : driver.obj (.text:_SlDrvMsgWrite)
                  200110ac    000001c4     tasks.obj (.text:RdSensData_Run)
                  20011270    000001c4     rtsv7M4_T_le_eabi.lib : fopen.obj (.text)
                  20011434    000001c0     magnetic.obj (.text:fInvertMagCal)
                  200115f4    000001bc     rtsv7M4_T_le_eabi.lib : xflog.obj (.text)
                  200117b0    000001b6                           : fd_add_t2.obj (.text)
                  20011966    00000002     startup_ccs.obj (.text:IntDefaultHandler)
                  20011968    000001b0     Task_UserConfig.obj (.text:UserConfigure_Task)
                  20011b18    000001a4     orientation.obj (.text:fQuaternionFromRotationMatrix)
                  20011cbc    000001a4     cc3200_socket.obj (.text:socketSslConnect)
                  20011e60    000001a0     camera_app.obj (.text:CameraIntHandler)
                  20012000    0000019c     rtsv7M4_T_le_eabi.lib : xfsin.obj (.text)
                  2001219c    00000198     parse_uploads.obj (.text:ConstructDeviceStateObject)
                  20012334    00000190     simplelink.a : driver.obj (.text:_SlDrvWaitForPoolObj)
                  200124c4    0000018c     user_configure_fn.obj (.text:AccessPtMode_HTTPServer_Start)
                  20012650    0000018c     request.obj (.text:sendRequest)
                  200127dc    00000188     matrix.obj (.text:f3x3matrixAeqInvSymB)
                  20012964    00000184     flc.a : flc.obj (.text)
                  20012ae8    00000180     orientation.obj (.text:fWin8AnglesDegFromRotationMatrix)
                  20012c68    00000178     rtsv7M4_T_le_eabi.lib : tanf.obj (.text)
                  20012de0    00000178                           : xfexp.obj (.text)
                  20012f58    00000174     simplelink.a : driver.obj (.text:_SlDrvDriverCBInit)
                  200130cc    00000174     magnetic.obj (.text:fInitMagCalibration)
                  20013240    00000174     network_relater_fns.obj (.text:initNetwork)
                  200133b4    00000170     network_relater_fns.obj (.text:SimpleLinkNetAppEventHandler)
                  20013524    00000170     simplelink.a : driver.obj (.text:_SlFindAndSetActiveObj)
                  20013694    00000168     ota.obj (.text:OTAServerInfoSet)
                  200137fc    00000165     network_relater_fns.obj (.text:SimpleLinkSockEventHandler)
                  20013961    00000001     --HOLE-- [fill = 0]
                  20013962    00000002     startup_ccs.obj (.text:NmiSR)
                  20013964    00000164     network_relater_fns.obj (.text:WiFi_Connect)
                  20013ac8    00000164     tempRHSens_si7020.obj (.text:getTempRH)
                  20013c2c    00000160     tasks.obj (.text:Fusion_Run)
                  20013d8c    00000160     main.obj (.text:main)
                  20013eec    0000015c     hibernate_related_fns.obj (.text:HIBernate)
                  20014048    00000158     drivers.obj (.text:FXOS8700_Init)
                  200141a0    00000158     orientation.obj (.text:qAeqAxB)
                  200142f8    00000158     orientation.obj (.text:qconjgAxB)
                  20014450    00000154     user_configure_fn.obj (.text:CollectAngle)
                  200145a4    00000150     simplelink.a : cc_pal.obj (.text:spi_Open)
                  200146f4    00000144     fusion.obj (.text:fRun_6DOF_GB_BASIC)
                  20014838    0000013c     rtsv7M4_T_le_eabi.lib : fmodf.obj (.text)
                  20014974    0000013c     simplelink.a : socket.obj (.text:sl_Select)
                  20014ab0    00000138     i2cconfig.obj (.text:I2CBufferRead)
                  20014be8    00000138     mt9d111.obj (.text:Register_Read)
                  20014d20    00000138     orientation.obj (.text:fLPFOrientationQuaternion)
                  20014e58    00000138     orientation.obj (.text:fRotationMatrixFromQuaternion)
                  20014f90    00000138     i2c_app.obj (.text:i2cWriteRegisters)
                  200150c8    00000136     rtsv7M4_T_le_eabi.lib : fd_div_t2.obj (.text)
                  200151fe    00000002     main.obj (.text:vApplicationIdleHook)
                  20015200    00000134     driverlib.a : prcm.obj (.text:PRCMCC3200MCUInit)
                  20015334    00000134     rtsv7M4_T_le_eabi.lib : fputs.obj (.text)
                  20015468    00000130     i2cconfig.obj (.text:I2CBufferWrite)
                  20015598    0000012a     free_rtos.a : list.obj (.text)
                  200156c2    00000002     --HOLE-- [fill = 0]
                  200156c4    00000128     simplelink.a : driver.obj (.text:_SlDrvDataReadOp)
                  200157ec    00000116     drivers.obj (.text:FXOS8700_ReadData)
                  20015902    00000002     --HOLE-- [fill = 0]
                  20015904    00000110     free_rtos.a : port.obj (.text)
                  20015a14    00000110     rtsv7M4_T_le_eabi.lib : xdscale.obj (.text)
                  20015b24    00000110     lightSens_isl29035.obj (.text:verifyISL29035)
                  20015c34    00000110     tempRHSens_si7020.obj (.text:verifyTempRHSensor)
                  20015d44    0000010c     flash_files.obj (.text:WriteFile_ToFlash)
                  20015e50    00000108     simplelink.a : socket.obj (.text:sl_Connect)
                  20015f58    00000108                  : socket.obj (.text:sl_Send)
                  20016060    00000104     dbgFns.obj (.text:Check_I2CDevices)
                  20016164    00000104     simplelink.a : driver.obj (.text:_SlDrvDataWriteOp)
                  20016268    00000104     i2c_app.obj (.text:i2cReadRegistersTwoBytes)
                  2001636c    00000104     simplelink.a : netapp.obj (.text:sl_NetAppDnsGetHostByName)
                  20016470    00000100     i2c_app.obj (.text:i2cReadRegisters)
                  20016570    00000100     cc3200_client_state.obj (.text:loadClientState)
                  20016670    000000fe     simplelink.a : netapp.obj (.text:_SlDrvNetAppEventHandler)
                  2001676e    00000002     --HOLE-- [fill = 0]
                  20016770    000000fc     pinmux.obj (.text:PinMuxConfig)
                  2001686c    000000fc     orientation.obj (.text:fqAeqNormqA)
                  20016968    000000fc     rtsv7M4_T_le_eabi.lib : fd_mul_t2.obj (.text)
                  20016a64    000000fa                           : fs_add_t2.obj (.text)
                  20016b5e    00000002     --HOLE-- [fill = 0]
                  20016b60    000000f8     cc3200_certificate.obj (.text:ensureCertificateFile)
                  20016c58    000000f8     orientation.obj (.text:fAndroidAnglesDegFromRotationMatrix)
                  20016d50    000000f8     orientation.obj (.text:fNEDAnglesDegFromRotationMatrix)
                  20016e48    000000f7     parse_uploads.obj (.text:Get_FridgeCamID)
                  20016f3f    00000001     --HOLE-- [fill = 0]
                  20016f40    000000f4     simplelink.a : driver.obj (.text:_SlDrvDriverCBDeinit)
                  20017034    000000f4     installation.obj (.text:getInstallation)
                  20017128    000000f4     simplelink.a : fs.obj (.text:sl_FsRead)
                  2001721c    000000f4     accelomtrMagntomtr_fxos8700.obj (.text:verifyAccelMagnSensor)
                  20017310    000000f2     cc3200_socket.obj (.text:socketRead)
                  20017402    00000002     --HOLE-- [fill = 0]
                  20017404    000000f0     camera_app.obj (.text:DMAConfig)
                  200174f4    000000f0     driverlib.a : udma.obj (.text:uDMAChannelTransferSet)
                  200175e4    000000ec     orientation.obj (.text:fRotationVectorDegFromQuaternion)
                  200176d0    000000ec     simplelink.a : fs.obj (.text:sl_FsWrite)
                  200177bc    000000e8     appFns_BatteryLevelSense.obj (.text:Get_BatteryPercent)
                  200178a4    000000e4     Task_Main.obj (.text:Main_Task_withHibernate)
                  20017988    000000e4     parse_uploads.obj (.text:UploadSensorDataToParse)
                  20017a6c    000000e0     flash_files.obj (.text:ReadFile_FromFlash)
                  20017b4c    000000e0     camera_app.obj (.text:Start_CameraCapture)
                  20017c2c    000000dc     rtsv7M4_T_le_eabi.lib : setvbuf.obj (.text)
                  20017d08    000000dc     simplelink.a : cc_pal.obj (.text:spi_Read)
                  20017de4    000000d8     parse_uploads.obj (.text:UploadImageToParse)
                  20017ebc    000000d8     simplelink.a : driver.obj (.text:_SlDrvClassifyRxMsg)
                  20017f94    000000d8     rtsv7M4_T_le_eabi.lib : xfatan.obj (.text)
                  2001806c    000000d4     simplelink.a : device.obj (.text:sl_Stop)
                  20018140    000000d0     rtsv7M4_T_le_eabi.lib : xfdscale.obj (.text)
                  20018210    000000cc     approximations.obj (.text:fatan_deg)
                  200182dc    000000cc     rtsv7M4_T_le_eabi.lib : sqrtf.obj (.text)
                  200183a8    000000c8     mt9d111.obj (.text:EnterStandby_mt9d111)
                  20018470    000000c8     simplelink.a : netapp.obj (.text:_sl_HandleAsync_DnsGetHostByService)
                  20018538    000000c8     rtsv7M4_T_le_eabi.lib : fflush.obj (.text)
                  20018600    000000c4     mt9d111.obj (.text:ExitStandby_mt9d111)
                  200186c4    000000c4     simplelink.a : driver.obj (.text:_SlRemoveFromList)
                  20018788    000000c0     i2c_if.obj (.text:I2C_IF_Read)
                  20018848    000000c0     user_configure_fn.obj (.text:WlanConnect)
                  20018908    000000be     rtsv7M4_T_le_eabi.lib : xdnorm.obj (.text)
                  200189c6    00000002     --HOLE-- [fill = 0]
                  200189c8    000000bc     i2c_if.obj (.text:I2C_IF_Write)
                  20018a84    000000bc     simplelink.a : driver.obj (.text:_SlDrvMsgReadCmdCtx)
                  20018b40    000000bc     tempRHSens_si7020.obj (.text:configureTempRHSensor)
                  20018bfc    000000bc     rtsv7M4_T_le_eabi.lib : acosf.obj (.text)
                  20018cb8    000000bc     simplelink.a : device.obj (.text:sl_Start)
                  20018d74    000000ba     free_rtos.a : portasm.obj (.text)
                  20018e2e    00000002     --HOLE-- [fill = 0]
                  20018e30    000000b8     camera_app.obj (.text:ImagCapture_Init)
                  20018ee8    000000b8     simplelink.a : driver.obj (.text:_SlAsyncEventGenericHandler)
                  20018fa0    000000b8     installation.obj (.text:createInstallation)
                  20019058    000000b4     simplelink.a : netapp.obj (.text:sl_NetAppMDNSRegisterUnregisterService)
                  2001910c    000000b0     app_common.obj (.text:intToASCII)
                  200191bc    000000ac     mt9d111.obj (.text:Verify_ImageSensor)
                  20019268    000000ac     rtsv7M4_T_le_eabi.lib : _io_perm.obj (.text)
                  20019314    000000ab     installation.obj (.text:getInstallationByIdCallback)
                  200193bf    00000001     --HOLE-- [fill = 0]
                  200193c0    000000aa     uartA1_if.obj (.text:Report)
                  2001946a    00000002     --HOLE-- [fill = 0]
                  2001946c    000000a8     driverlib.a : interrupt.obj (.text:IntDisable)
                  20019514    000000a8                 : interrupt.obj (.text:IntEnable)
                  200195bc    000000a8     simplelink.a : netcfg.obj (.text:sl_NetCfgGet)
                  20019664    000000a4     app_common.obj (.text:LED_Blink)
                  20019708    000000a0     driverlib.a : spi.obj (.text:SPIConfigSetExpClk)
                  200197a8    000000a0     cc3200_socket.obj (.text:socketWrite)
                  20019848    0000009e     matrix.obj (.text:f3x3matrixDetA)
                  200198e6    00000002     --HOLE-- [fill = 0]
                  200198e8    0000009c     simplelink.a : driver.obj (.text:_SlDrvMsgReadSpawnCtx)
                  20019984    0000009c     approximations.obj (.text:fatan2_deg)
                  20019a20    0000009c     rtsv7M4_T_le_eabi.lib : memcpy_t2.obj (.text)
                  20019abc    0000009c     simplelink.a : device.obj (.text:sl_DevGet)
                  20019b58    00000098     camera_app.obj (.text:Config_CameraCapture)
                  20019bf0    00000098     simplelink.a : fs.obj (.text:_sl_GetCreateFsMode)
                  20019c88    00000098     rtsv7M4_T_le_eabi.lib : fclose.obj (.text)
                  20019d20    00000098                           : fputc.obj (.text)
                  20019db8    00000094     driverlib.a : prcm.obj (.text:PRCMPeripheralClockGet)
                  20019e4c    00000094     approximations.obj (.text:facos_deg)
                  20019ee0    00000094     lightSens_isl29035.obj (.text:getLightsensor_data)
                  20019f74    00000094     rtsv7M4_T_le_eabi.lib : snprintf.obj (.text)
                  2001a008    00000092     parse_impl.obj (.text:parseInitialize)
                  2001a09a    00000092     rtsv7M4_T_le_eabi.lib : fs_div_t2.obj (.text)
                  2001a12c    00000090     network_relater_fns.obj (.text:InitializeUserConfigVariables)
                  2001a1bc    0000008c     simplelink.a : cc_pal.obj (.text:SetupDMAReceive)
                  2001a248    0000008c                  : cc_pal.obj (.text:SetupDMASend)
                  2001a2d4    0000008c                  : netapp.obj (.text:_sl_HandleAsync_DnsGetHostByName)
                  2001a360    0000008c                  : netapp.obj (.text:_sl_HandleAsync_PingResponse)
                  2001a3ec    0000008c     rtsv7M4_T_le_eabi.lib : xfdint.obj (.text)
                  2001a478    0000008c     simplelink.a : cc_pal.obj (.text:spi_Write)
                  2001a504    00000088     driverlib.a : prcm.obj (.text:PRCMHibernateIntervalSet)
                  2001a58c    00000088                 : pin.obj (.text:PinConfigSet)
                  2001a614    00000088     rtsv7M4_T_le_eabi.lib : vsnprintf.obj (.text)
                  2001a69c    00000088     simplelink.a : fs.obj (.text:sl_FsClose)
                  2001a724    00000086     rtsv7M4_T_le_eabi.lib : fd_cmp_t2.obj (.text:__aeabi_cdcmple)
                  2001a7aa    00000086                           : fd_cmp_t2.obj (.text:__aeabi_cdrcmple)
                  2001a830    00000084     timer_if.obj (.text:GetPeripheralIntNum)
                  2001a8b4    00000084     driverlib.a : i2c.obj (.text:I2CMasterInitExpClk)
                  2001a938    00000084     simplelink.a : cc_pal.obj (.text:NwpPowerOnPreamble)
                  2001a9bc    00000084     matrix.obj (.text:f3x3matrixAeqI)
                  2001aa40    00000084     fusion.obj (.text:fInit_6DOF_GB_BASIC)
                  2001aac4    00000080     simplelink.a : driver.obj (.text:_SlDrvCmdOp)
                  2001ab44    00000080                  : cc_pal.obj (.text:spi_Read_CPU)
                  2001abc4    00000080                  : cc_pal.obj (.text:spi_Write_CPU)
                  2001ac44    0000007c     network_relater_fns.obj (.text:ConfigureMode)
                  2001acc0    0000007c     simplelink.a : device.obj (.text:_sl_HandleAsync_InitComplete)
                  2001ad3c    0000007c     matrix.obj (.text:fmatrixAeqI)
                  2001adb8    0000007c     simplelink.a : fs.obj (.text:sl_FsGetInfo)
                  2001ae34    0000007a     rtsv7M4_T_le_eabi.lib : fs_mul_t2.obj (.text)
                  2001aeae    0000007a                           : memset_t2.obj (.text)
                  2001af28    0000007a                           : xfdnorm.obj (.text)
                  2001afa2    00000002     --HOLE-- [fill = 0]
                  2001afa4    00000078     i2c_if.obj (.text:I2CTransact)
                  2001b01c    00000078     parse_uploads.obj (.text:InitialiseParse)
                  2001b094    00000078     camera_app.obj (.text:Standby_ImageSensor)
                  2001b10c    00000078     simplelink.a : socket.obj (.text:_sl_HandleAsync_Connect)
                  2001b184    00000078                  : fs.obj (.text:sl_FsOpen)
                  2001b1fc    00000078                  : cc_pal.obj (.text:spi_Close)
                  2001b274    00000076     driverlib.a : uart.obj (.text:UARTConfigSetExpClk)
                  2001b2ea    00000002     --HOLE-- [fill = 0]
                  2001b2ec    00000074     camera_app.obj (.text:Wakeup_ImageSensor)
                  2001b360    00000074     simplelink.a : socket.obj (.text:sl_Recv)
                  2001b3d4    00000073     installation.obj (.text:getInstallationCallback)
                  2001b447    00000001     --HOLE-- [fill = 0]
                  2001b448    00000072     timer_if.obj (.text:Timer_IF_IntSetup)
                  2001b4ba    00000002     --HOLE-- [fill = 0]
                  2001b4bc    00000070     batteryVoltLvlSens_adc081c021.obj (.text:Get_BatteryVoltageLevel_ADC081C021)
                  2001b52c    00000070     timer_fns.obj (.text:get_timeDuration)
                  2001b59c    0000006c     camera_app.obj (.text:CamControllerInit)
                  2001b608    0000006c     udma_if.obj (.text:UDMAInit)
                  2001b674    0000006c     simplelink.a : driver.obj (.text:_SlDrvCmdSend)
                  2001b6e0    0000006c     matrix.obj (.text:f3x3matrixAeqMinusA)
                  2001b74c    0000006c     request.obj (.text:parseSendRequestInternal)
                  2001b7b8    0000006c     rtsv7M4_T_le_eabi.lib : autoinit.obj (.text)
                  2001b824    0000006c                           : fprintf.obj (.text)
                  2001b890    0000006a     matrix.obj (.text:f3x3matrixAeqAxScalar)
                  2001b8fa    0000006a     rtsv7M4_T_le_eabi.lib : copy_decompress_rle.obj (.text)
                  2001b964    00000069     http.obj (.text:beginHttpGetRequest)
                  2001b9cd    00000003     --HOLE-- [fill = 0]
                  2001b9d0    00000068     Task_ImageCaptureConfigs.obj (.text:ImageSensor_CaptureConfigs_Task)
                  2001ba38    00000068     driverlib.a : prcm.obj (.text:PRCMHibernateWakeUpGPIOSelect)
                  2001baa0    00000068     mt9d111.obj (.text:StartSensorInJpegMode)
                  2001bb08    00000068     simplelink.a : netapp.obj (.text:_sl_NetAppSendTokenValue)
                  2001bb70    00000068     cc3200_utils.obj (.text:fetchDeviceOSVersion)
                  2001bbd8    00000068     rtsv7M4_T_le_eabi.lib : trgmsg.obj (.text)
                  2001bc40    00000068     simplelink.a : device.obj (.text:sl_DevSet)
                  2001bca8    00000068                  : netcfg.obj (.text:sl_NetCfgSet)
                  2001bd10    00000068                  : socket.obj (.text:sl_SetSockOpt)
                  2001bd78    00000068                  : wlan.obj (.text:sl_WlanSet)
                  2001bde0    00000066     matrix.obj (.text:f3x3matrixAeqScalar)
                  2001be46    00000066     rtsv7M4_T_le_eabi.lib : xdunscal.obj (.text)
                  2001beac    00000064                           : fseek.obj (.text)
                  2001bf10    00000064     cc3200_socket.obj (.text:socketWait)
                  2001bf74    00000064     tempRHSens_si7020.obj (.text:softResetTempRHSensor)
                  2001bfd8    00000064     driverlib.a : udma.obj (.text:uDMAChannelAttributeDisable)
                  2001c03c    00000064                 : udma.obj (.text:uDMAChannelAttributeEnable)
                  2001c0a0    00000060     rtsv7M4_T_le_eabi.lib : fs_cmp_t2.obj (.text:__aeabi_cfcmple)
                  2001c100    00000060                           : fs_cmp_t2.obj (.text:__aeabi_cfrcmple)
                  2001c160    00000060     simplelink.a : socket.obj (.text:_sl_HandleAsync_Accept)
                  2001c1c0    00000060     main_FXOS8700.obj (.text:fxosDefault_Initializations)
                  2001c220    00000060     lightSens_isl29035.obj (.text:getLightsensor_intrptStatus)
                  2001c280    00000060     accelomtrMagntomtr_fxos8700.obj (.text:getMagntData)
                  2001c2e0    00000060     rtsv7M4_T_le_eabi.lib : sprintf.obj (.text)
                  2001c340    00000060     simplelink.a : wlan.obj (.text:sl_WlanPolicySet)
                  2001c3a0    00000060     accelomtrMagntomtr_fxos8700.obj (.text:standby_accelMagn_fxos8700)
                  2001c400    0000005c     ota.obj (.text:OTA_Init)
                  2001c45c    0000005c     simplelink.a : socket.obj (.text:sl_Socket)
                  2001c4b8    00000058     driverlib.a : interrupt.obj (.text:IntPendClear)
                  2001c510    00000058                 : prcm.obj (.text:PRCMPeripheralReset)
                  2001c568    00000056     rtsv7M4_T_le_eabi.lib : ltoa.obj (.text)
                  2001c5be    00000056                           : xfdunsca.obj (.text)
                  2001c614    00000054     driverlib.a : interrupt.obj (.text:IntPrioritySet)
                  2001c668    00000054     simplelink.a : socket.obj (.text:_sl_HandleAsync_Select)
                  2001c6bc    00000054     approximations.obj (.text:fasin_deg)
                  2001c710    00000054     request.obj (.text:headerSend)
                  2001c764    00000054     simplelink.a : wlan.obj (.text:sl_WlanRxFilterSet)
                  2001c7b8    00000051     installation.obj (.text:createInstallationCallback)
                  2001c809    00000003     --HOLE-- [fill = 0]
                  2001c80c    00000050     i2c_if.obj (.text:I2C_IF_Open)
                  2001c85c    00000050     simplelink.a : device.obj (.text:_sl_HandleAsync_Stop)
                  2001c8ac    00000050     mt9d111.obj (.text:disableAE)
                  2001c8fc    00000050     mt9d111.obj (.text:disableAWB)
                  2001c94c    00000050     rtsv7M4_T_le_eabi.lib : fs_toull_t2.obj (.text)
                  2001c99c    00000050     simplelink.a : fs.obj (.text:sl_FsDel)
                  2001c9ec    0000004c     tasks.obj (.text:RdSensData_Init)
                  2001ca38    0000004c     driverlib.a : spi.obj (.text:SPIIntEnable)
                  2001ca84    0000004c     simplelink.a : driver.obj (.text:_SlDrvProtectAsyncRespSetting)
                  2001cad0    0000004c                  : driver.obj (.text:_SlDrvRxIrqHandler)
                  2001cb1c    0000004c                  : socket.obj (.text:_sl_BuildAddress)
                  2001cb68    0000004c     rtsv7M4_T_le_eabi.lib : atoi.obj (.text)
                  2001cbb4    0000004c                           : atol.obj (.text)
                  2001cc00    0000004c                           : cpy_tbl.obj (.text)
                  2001cc4c    0000004c                           : rand.obj (.text)
                  2001cc98    0000004c     driverlib.a : udma.obj (.text:uDMAChannelAssign)
                  2001cce4    0000004a     rtsv7M4_T_le_eabi.lib : fd_tos_t2.obj (.text)
                  2001cd2e    00000002     --HOLE-- [fill = 0]
                  2001cd30    00000048     driverlib.a : prcm.obj (.text:PRCMHibernateWakeupSourceDisable)
                  2001cd78    00000048                 : prcm.obj (.text:PRCMHibernateWakeupSourceEnable)
                  2001cdc0    00000048                 : spi.obj (.text:SPIIntClear)
                  2001ce08    00000048     simplelink.a : driver.obj (.text:_SlDrvBasicCmd)
                  2001ce50    00000048     http.obj (.text:addHttpRequestLine)
                  2001ce98    00000048     approximations.obj (.text:fatan_15deg)
                  2001cee0    00000048     rtsv7M4_T_le_eabi.lib : fd_toi_t2.obj (.text)
                  2001cf28    00000046                           : ldexp.obj (.text)
                  2001cf6e    00000002     --HOLE-- [fill = 0]
                  2001cf70    00000044     driverlib.a : spi.obj (.text:SPIDmaMaskGet)
                  2001cfb4    00000044                 : timer.obj (.text:TimerConfigure)
                  2001cff8    00000044     udma_if.obj (.text:UDMASetupTransfer)
                  2001d03c    00000044     simplelink.a : cc_pal.obj (.text:cc_SetupTransfer)
                  2001d080    00000044     main_FXOS8700.obj (.text:fxos_Calibration)
                  2001d0c4    00000044     rtsv7M4_T_le_eabi.lib : exit.obj (.text)
                  2001d108    00000044                           : fd_tou_t2.obj (.text)
                  2001d14c    00000042     simplelink.a : socket.obj (.text:sl_Htonl)
                  2001d18e    00000002     --HOLE-- [fill = 0]
                  2001d190    00000040     driverlib.a : pin.obj (.text:PinModeSet)
                  2001d1d0    00000040     http.obj (.text:getHttpResponseBody)
                  2001d210    00000040     rtsv7M4_T_le_eabi.lib : signal.obj (.text)
                  2001d250    00000040     timer_fns.obj (.text:start_1Sec_TimeoutTimer)
                  2001d290    0000003e     appFns_LightSensor.obj (.text:IsLightOff)
                  2001d2ce    0000003e     rtsv7M4_T_le_eabi.lib : strncasecmp.obj (.text)
                  2001d30c    0000003c     simplelink.a : netapp.obj (.text:CopyPingResultsToReport)
                  2001d348    0000003c     tasks.obj (.text:Fusion_Init)
                  2001d384    0000003c     driverlib.a : prcm.obj (.text:PRCMPeripheralClkEnable)
                  2001d3c0    0000003c     simplelink.a : socket.obj (.text:_sl_TruncatePayloadByProtocol)
                  2001d3fc    0000003c     rtsv7M4_T_le_eabi.lib : boot.obj (.text)
                  2001d438    0000003c     simplelink.a : socket.obj (.text:sl_Htons)
                  2001d474    0000003c     timer_fns.obj (.text:start_100mSecTimer)
                  2001d4b0    0000003c     driverlib.a : udma.obj (.text:uDMAChannelControlSet)
                  2001d4ec    0000003a                 : camera.obj (.text:CameraCaptureStop)
                  2001d526    0000003a                 : camera.obj (.text:CameraXClkConfig)
                  2001d560    0000003a     orientation.obj (.text:fLPFScalar)
                  2001d59a    0000003a     request.obj (.text:parseSendRequest)
                  2001d5d4    00000039     http.obj (.text:addHttpRequestHeader)
                  2001d60d    00000003     --HOLE-- [fill = 0]
                  2001d610    00000038     simplelink.a : cc_pal.obj (.text:NwpPowerOff)
                  2001d648    00000038     free_rtos.a : heap_3.obj (.text)
                  2001d680    00000038     rtsv7M4_T_le_eabi.lib : fs_tod_t2.obj (.text)
                  2001d6b8    00000038                           : fs_toi_t2.obj (.text)
                  2001d6f0    00000038                           : i_tofs_t2.obj (.text)
                  2001d728    00000037     ota.obj (.text:OTA_Update)
                  2001d75f    00000001     --HOLE-- [fill = 0]
                  2001d760    00000036     driverlib.a : gpio.obj (.text:GPIODirModeSet)
                  2001d796    00000036     simplelink.a : netapp.obj (.text:sl_NetAppMDNSUnRegisterService)
                  2001d7cc    00000035     http.obj (.text:beginHttpRequest)
                  2001d801    00000001     --HOLE-- [fill = 0]
                  2001d802    00000034     driverlib.a : camera.obj (.text:CameraParamsConfig)
                  2001d836    00000002     --HOLE-- [fill = 0]
                  2001d838    00000034                 : prcm.obj (.text:PRCMPeripheralStatusGet)
                  2001d86c    00000034                 : spi.obj (.text:SPIFIFOLevelSet)
                  2001d8a0    00000034     http.obj (.text:getHttpResponseStatus)
                  2001d8d4    00000034     main_FXOS8700.obj (.text:get_angle)
                  2001d908    00000034     rtsv7M4_T_le_eabi.lib : feraiseexcept.obj (.text)
                  2001d93c    00000034                           : fs_tou_t2.obj (.text)
                  2001d970    00000034                           : strstr.obj (.text)
                  2001d9a4    00000032     timer_if.obj (.text:Timer_IF_Init)
                  2001d9d6    00000002     --HOLE-- [fill = 0]
                  2001d9d8    00000030     main.obj (.text:BoardInit)
                  2001da08    00000030     driverlib.a : pin.obj (.text:PinTypeGPIO)
                  2001da38    00000030                 : uart.obj (.text:UARTDisable)
                  2001da68    00000030     simplelink.a : device.obj (.text:_SlDrvDeviceEventHandler)
                  2001da98    00000030                  : fs.obj (.text:_sl_Strlen)
                  2001dac8    00000030     rtsv7M4_T_le_eabi.lib : strncpy.obj (.text)
                  2001daf8    00000030                           : xferaise.obj (.text)
                  2001db28    00000030     simplelink.a : socket.obj (.text:sl_Close)
                  2001db58    00000030                  : wlan.obj (.text:sl_WlanProfileDel)
                  2001db88    00000030                  : wlan.obj (.text:sl_WlanSetMode)
                  2001dbb8    0000002e     rtsv7M4_T_le_eabi.lib : i_tofd_t2.obj (.text)
                  2001dbe6    0000002e                           : raise.obj (.text)
                  2001dc14    0000002d     http.obj (.text:addHttpRequestHeaderInt)
                  2001dc41    00000003     --HOLE-- [fill = 0]
                  2001dc44    0000002c     tasks.obj (.text:ApplyMagHAL)
                  2001dc70    0000002c     driverlib.a : camera.obj (.text:CameraIntEnable)
                  2001dc9c    0000002c     simplelink.a : cc_pal.obj (.text:DmaSpiSwIntHandler)
                  2001dcc8    0000002c     driverlib.a : i2c.obj (.text:I2CMasterErr)
                  2001dcf4    0000002c                 : prcm.obj (.text:PRCMSysResetCauseGet)
                  2001dd20    0000002c     mt9d111.obj (.text:SoftReset_ImageSensor)
                  2001dd4c    0000002c     cc3200_utils.obj (.text:getDeviceTimeDate)
                  2001dd78    0000002c     request.obj (.text:setDataBufferPointer)
                  2001dda4    0000002a     driverlib.a : timer.obj (.text:TimerLoadSet)
                  2001ddce    0000002a                 : timer.obj (.text:TimerPrescaleSet)
                  2001ddf8    0000002a     rtsv7M4_T_le_eabi.lib : xdclass.obj (.text)
                  2001de22    00000002     --HOLE-- [fill = 0]
                  2001de24    00000028     driverlib.a : camera.obj (.text:CameraIntStatus)
                  2001de4c    00000028     uartA1_if.obj (.text:InitTerm)
                  2001de74    00000028     timer_fns.obj (.text:IntHandler_1Sec_TimeoutTimer)
                  2001de9c    00000028     uartA1_if.obj (.text:Message)
                  2001dec4    00000028     driverlib.a : prcm.obj (.text:PRCMPeripheralClkDisable)
                  2001deec    00000028     rtsv7M4_T_le_eabi.lib : strncat.obj (.text)
                  2001df14    00000028     simplelink.a : netapp.obj (.text:sl_NetAppStart)
                  2001df3c    00000028                  : netapp.obj (.text:sl_NetAppStop)
                  2001df64    00000026     driverlib.a : camera.obj (.text:CameraThresholdSet)
                  2001df8a    00000026     simplelink.a : cc_pal.obj (.text:NwpRegisterInterruptHandler)
                  2001dfb0    00000026     rtsv7M4_T_le_eabi.lib : strncmp.obj (.text)
                  2001dfd6    00000002     --HOLE-- [fill = 0]
                  2001dfd8    00000024     driverlib.a : camera.obj (.text:CameraIntClear)
                  2001dffc    00000024     timer_fns.obj (.text:IntHandler_100mSecTimer)
                  2001e020    00000024     driverlib.a : interrupt.obj (.text:IntUnregister)
                  2001e044    00000024     timer_if.obj (.text:Timer_IF_Start)
                  2001e068    00000024     driverlib.a : uart.obj (.text:UARTEnable)
                  2001e08c    00000024     mt9d111.obj (.text:WriteAllAEnAWBRegs)
                  2001e0b0    00000024     simplelink.a : driver.obj (.text:_SlDrvProtectionObjLockWaitForever)
                  2001e0d4    00000024     rtsv7M4_T_le_eabi.lib : u_tofs_t2.obj (.text)
                  2001e0f8    00000022     driverlib.a : camera.obj (.text:CameraCaptureStart)
                  2001e11a    00000022                 : i2c.obj (.text:I2CMasterSlaveAddrSet)
                  2001e13c    00000022     simplelink.a : socket.obj (.text:SL_FD_SET)
                  2001e15e    00000022     driverlib.a : spi.obj (.text:SPIReset)
                  2001e180    00000022                 : spi.obj (.text:SPIWordCountSet)
                  2001e1a2    00000022     rtsv7M4_T_le_eabi.lib : frexp.obj (.text)
                  2001e1c4    00000022                           : memcmp.obj (.text)
                  2001e1e6    00000020     driverlib.a : gpio.obj (.text:GPIOPinWrite)
                  2001e206    00000002     --HOLE-- [fill = 0]
                  2001e208    00000020                 : interrupt.obj (.text:IntRegister)
                  2001e228    00000020     simplelink.a : cc_pal.obj (.text:NwpPowerOn)
                  2001e248    00000020     mt9d111.obj (.text:Refresh_mt9d111Firmware)
                  2001e268    00000020     simplelink.a : driver.obj (.text:_SlDrvProtectionObjUnLock)
                  2001e288    00000020     rtsv7M4_T_le_eabi.lib : memchr.obj (.text)
                  2001e2a8    00000020                           : u_tofd_t2.obj (.text)
                  2001e2c8    0000001e     driverlib.a : i2c.obj (.text:I2CMasterIntStatusEx)
                  2001e2e6    0000001e                 : timer.obj (.text:TimerDisable)
                  2001e304    0000001e                 : timer.obj (.text:TimerEnable)
                  2001e322    0000001e                 : timer.obj (.text:TimerIntStatus)
                  2001e340    0000001e                 : uart.obj (.text:UARTCharPut)
                  2001e35e    0000001e     simplelink.a : cc_pal.obj (.text:cc_UDMAChannelSelect)
                  2001e37c    0000001e     rtsv7M4_T_le_eabi.lib : strcat.obj (.text)
                  2001e39a    00000002     --HOLE-- [fill = 0]
                  2001e39c    0000001c     tasks.obj (.text:ApplyAccelHAL)
                  2001e3b8    0000001c     mt9d111.obj (.text:CameraSensorInit)
                  2001e3d4    0000001c     udma_if.obj (.text:DmaSwIntHandler)
                  2001e3f0    0000001c     driverlib.a : pin.obj (.text:PinTypeI2C)
                  2001e40c    0000001c                 : timer.obj (.text:TimerValueGet)
                  2001e428    0000001c     simplelink.a : driver.obj (.text:_SlDrvObjLockWaitForever)
                  2001e444    0000001c                  : driver.obj (.text:_SlDrvSyncObjWaitForever)
                  2001e460    0000001c     rtsv7M4_T_le_eabi.lib : memccpy.obj (.text)
                  2001e47c    0000001c     timer_fns.obj (.text:stop_100mSecTimer)
                  2001e498    0000001c     timer_fns.obj (.text:stop_1Sec_TimeoutTimer)
                  2001e4b4    0000001c     driverlib.a : udma.obj (.text:uDMAChannelDisable)
                  2001e4d0    0000001c                 : udma.obj (.text:uDMAChannelEnable)
                  2001e4ec    0000001c     main.obj (.text:vApplicationMallocFailedHook)
                  2001e508    0000001a     driverlib.a : pin.obj (.text:PinTypeCamera)
                  2001e522    0000001a                 : pin.obj (.text:PinTypeUART)
                  2001e53c    0000001a                 : spi.obj (.text:SPIDmaDisable)
                  2001e556    0000001a                 : spi.obj (.text:SPIDmaEnable)
                  2001e570    0000001a                 : spi.obj (.text:SPIFIFODisable)
                  2001e58a    0000001a                 : spi.obj (.text:SPIFIFOEnable)
                  2001e5a4    00000018                 : camera.obj (.text:CameraReset)
                  2001e5bc    00000018                 : gpio.obj (.text:GPIOPinRead)
                  2001e5d4    00000018                 : prcm.obj (.text:PRCMHibernateEnter)
                  2001e5ec    00000018                 : spi.obj (.text:SPICSDisable)
                  2001e604    00000018                 : spi.obj (.text:SPICSEnable)
                  2001e61c    00000018                 : spi.obj (.text:SPIDisable)
                  2001e634    00000018                 : spi.obj (.text:SPIEnable)
                  2001e64c    00000018                 : timer.obj (.text:TimerIntEnable)
                  2001e664    00000018     timer_if.obj (.text:Timer_IF_InterruptClear)
                  2001e67c    00000018     simplelink.a : driver.obj (.text:_SlDrvObjUnLock)
                  2001e694    00000018                  : driver.obj (.text:_SlDrvSyncObjSignal)
                  2001e6ac    00000018                  : device.obj (.text:_sl_GetStartResponseConvert)
                  2001e6c4    00000018     rtsv7M4_T_le_eabi.lib : args_main.obj (.text)
                  2001e6dc    00000018                           : strcmp.obj (.text)
                  2001e6f4    00000016     driverlib.a : camera.obj (.text:CameraDMAEnable)
                  2001e70a    00000016                 : camera.obj (.text:CameraIntRegister)
                  2001e720    00000016                 : i2c.obj (.text:I2CMasterDataPut)
                  2001e736    00000016                 : i2c.obj (.text:I2CMasterEnable)
                  2001e74c    00000016                 : prcm.obj (.text:PRCMHIBRegRead)
                  2001e762    00000016                 : prcm.obj (.text:PRCMHIBRegWrite)
                  2001e778    00000016     simplelink.a : driver.obj (.text:_SlDrvMemZero)
                  2001e78e    00000016     rtsv7M4_T_le_eabi.lib : strchr.obj (.text)
                  2001e7a4    00000014     driverlib.a : cpu.obj (.text:CPUcpsie)
                  2001e7b8    00000014                 : interrupt.obj (.text:IntVTableBaseSet)
                  2001e7cc    00000014     app_common.obj (.text:LED_Off)
                  2001e7e0    00000014     app_common.obj (.text:LED_On)
                  2001e7f4    00000014     rtsv7M4_T_le_eabi.lib : _lock.obj (.text)
                  2001e808    00000014                           : strcpy.obj (.text)
                  2001e81c    00000014                           : strlen.obj (.text)
                  2001e830    00000014     driverlib.a : udma.obj (.text:uDMAControlBaseSet)
                  2001e844    00000014                 : udma.obj (.text:uDMAIntClear)
                  2001e858    00000012                 : i2c.obj (.text:I2CMasterControl)
                  2001e86a    00000012                 : i2c.obj (.text:I2CMasterIntClearEx)
                  2001e87c    00000012                 : i2c.obj (.text:I2CMasterTimeoutSet)
                  2001e88e    00000012                 : timer.obj (.text:TimerIntClear)
                  2001e8a0    00000010                 : prcm.obj (.text:PRCMSOCReset)
                  2001e8b0    00000010     simplelink.a : socket.obj (.text:SL_FD_ZERO)
                  2001e8c0    00000010     timer_if.obj (.text:Timer_IF_Stop)
                  2001e8d0    00000010     cc3200_socket.obj (.text:socketClose)
                  2001e8e0    0000000e     driverlib.a : i2c.obj (.text:I2CMasterDataGet)
                  2001e8ee    0000000e     simplelink.a : driver.obj (.text:_SlDrvResetCmdExt)
                  2001e8fc    0000000e     rtsv7M4_T_le_eabi.lib : copy_decompress_none.obj (.text:decompress:none)
                  2001e90a    0000000c     udma_if.obj (.text:DmaErrorIntHandler)
                  2001e916    00000002     --HOLE-- [fill = 0]
                  2001e918    0000000c     simplelink.a : cc_pal.obj (.text:NwpMaskInterrupt)
                  2001e924    0000000c                  : cc_pal.obj (.text:NwpUnMaskInterrupt)
                  2001e930    0000000c     rtsv7M4_T_le_eabi.lib : copy_zero_init.obj (.text:decompress:ZI)
                  2001e93c    0000000c     parse_impl.obj (.text:getInternalClient)
                  2001e948    0000000c     simplelink.a : wlan.obj (.text:sl_WlanDisconnect)
                  2001e954    0000000c     driverlib.a : udma.obj (.text:uDMAEnable)
                  2001e960    0000000c                 : udma.obj (.text:uDMAIntStatus)
                  2001e96c    0000000a                 : interrupt.obj (.text:IntMasterEnable)
                  2001e976    0000000a     main.obj (.text:vApplicationStackOverflowHook)
                  2001e980    00000008     hibernate_related_fns.obj (.text:sensorsTriggerSetup)
                  2001e988    00000006     i2cconfig.obj (.text:MT9D111Delay)
                  2001e98e    00000006     startup_ccs.obj (.text:ResetISR)
                  2001e994    00000006     driverlib.a : utils.obj (.text:UtilsDelay)
                  2001e99a    00000006     rtsv7M4_T_le_eabi.lib : copy_decompress_rle.obj (.text:decompress:rle24)
                  2001e9a0    00000006                           : logf.obj (.text)
                  2001e9a6    00000006                           : sinf.obj (.text)
                  2001e9ac    00000004                           : error.obj (.text)
                  2001e9b0    00000004                           : pre_init.obj (.text)

.const     0    2001e9b4    00000f57     
                  2001e9b4    0000013c     mt9d111.obj (.const:init_cmds_list)
                  2001eaf0    00000101     rtsv7M4_T_le_eabi.lib : ctype.obj (.const:.string:_ctypes_)
                  2001ebf1    00000003     --HOLE-- [fill = 0]
                  2001ebf4    00000100     driverlib.a : pin.obj (.const:g_ulPinToPadMap)
                  2001ecf4    00000100     mt9d111.obj (.const)
                  2001edf4    000000d4     driverlib.a : interrupt.obj (.const:g_pulRegs)
                  2001eec8    000000c4     mt9d111.obj (.const:capture_cmds_list)
                  2001ef8c    000000b0     simplelink.a : wlan.obj (.const:$P$T0$1)
                  2001f03c    000000a8     driverlib.a : prcm.obj (.const:PRCM_PeriphRegsList)
                  2001f0e4    00000080                 : interrupt.obj (.const)
                  2001f164    0000007a     mt9d111.obj (.const:.string)
                  2001f1de    00000072     lightSens_isl29035.obj (.const:.string)
                  2001f250    00000071     user_configure_fn.obj (.const:.string)
                  2001f2c1    00000068     camera_app.obj (.const:.string)
                  2001f329    00000003     --HOLE-- [fill = 0]
                  2001f32c    00000068     appFns_BatteryLevelSense.obj (.const:V2CEntry$1)
                  2001f394    00000054     mt9d111.obj (.const:$P$T29$30)
                  2001f3e8    00000050     accelomtrMagntomtr_fxos8700.obj (.const:.string)
                  2001f438    0000004c     mt9d111.obj (.const:$P$T7$8)
                  2001f484    0000004b     tempRHSens_si7020.obj (.const:.string)
                  2001f4cf    0000003c     i2c_app.obj (.const:.string)
                  2001f50b    00000001     --HOLE-- [fill = 0]
                  2001f50c    0000003c     simplelink.a : driver.obj (.const:OpcodeTranslateTable)
                  2001f548    0000003c                  : wlan.obj (.const)
                  2001f584    00000038                  : driver.obj (.const:_SlActionLookupTable)
                  2001f5bc    00000038     rtsv7M4_T_le_eabi.lib : xflog.obj (.const)
                  2001f5f4    00000038     simplelink.a : fs.obj (.const)
                  2001f62c    00000036     flash_files.obj (.const:.string)
                  2001f662    00000002     --HOLE-- [fill = 0]
                  2001f664    00000034     rtsv7M4_T_le_eabi.lib : xfatan.obj (.const)
                  2001f698    00000034     simplelink.a : driver.obj (.const)
                  2001f6cc    00000034                  : socket.obj (.const)
                  2001f700    0000002c     network_relater_fns.obj (.const:$P$T1$2)
                  2001f72c    0000002b     parse_uploads.obj (.const:.string)
                  2001f757    00000001     --HOLE-- [fill = 0]
                  2001f758    00000028     rtsv7M4_T_le_eabi.lib : xfdint.obj (.const)
                  2001f780    00000028                           : xfsin.obj (.const)
                  2001f7a8    00000028     simplelink.a : netapp.obj (.const)
                  2001f7d0    00000027     network_relater_fns.obj (.const:.string)
                  2001f7f7    00000023     batteryVoltLvlSens_adc081c021.obj (.const:.string:$P$T0$1)
                  2001f81a    00000022     network_relater_fns.obj (.const:.string:$P$T0$1)
                  2001f83c    0000001c     rtsv7M4_T_le_eabi.lib : tanf.obj (.const)
                  2001f858    0000001c                           : xfexp.obj (.const)
                  2001f874    00000018     driverlib.a : spi.obj (.const)
                  2001f88c    00000017     request.obj (.const:.string)
                  2001f8a3    00000014     network_relater_fns.obj (.const)
                  2001f8b7    00000001     --HOLE-- [fill = 0]
                  2001f8b8    00000014     simplelink.a : device.obj (.const)
                  2001f8cc    00000010                  : socket.obj (.const:.string)
                  2001f8dc    0000000f     application_fn.obj (.const:.string)
                  2001f8eb    0000000b     app_common.obj (.const:.string)
                  2001f8f6    00000008     simplelink.a : device.obj (.const:.string)
                  2001f8fe    00000008                  : netcfg.obj (.const)
                  2001f906    00000005     main.obj (.const:.string)

.cinit     0    2001f910    00000530     
                  2001f910    00000506     (.cinit..data.load) [load image, compression = rle]
                  2001fe16    00000002     --HOLE-- [fill = 0]
                  2001fe18    0000000c     (__TI_handler_table)
                  2001fe24    00000004     --HOLE-- [fill = 0]
                  2001fe28    00000008     (.cinit..bss.load) [load image, compression = zero_init]
                  2001fe30    00000010     (__TI_cinit_table)

.init_array 
*          0    20004000    00000000     UNINITIALIZED

.bss       0    20022400    00017300     UNINITIALIZED
                  20022400    00014000     main.obj (.bss:g_image_buffer)
                  20036400    00000b58     tasks.obj (.bss:thisMagBuffer)
                  20036f58    000005a0     ota.a : OtaHttp.obj (.bss:recv_buf)
                  200374f8    0000044c           : OtaClient.obj (.bss:g_OtaCheckUpdateResponse)
                  20037944    00000418     user_configure_fn.obj (.bss:thisMagCal)
                  20037d5c    00000240     ota.obj (.bss:g_otaOptServerInfo)
                  20037f9c    00000058     tasks.obj (.bss:thisMag)
                  20037ff4    0000000c     (.common:g_SecParams)
                  20038000    00000400     udma_if.obj (.bss:gpCtlTbl)
                  20038400    000003d8     ota.a : OtaClient.obj (.bss:g_OtaFileMetadata)
                  200387d8    00000370     main.obj (.bss:g_NetEntries)
                  20038b48    00000200     ota.a : OtaHttp.obj (.bss:send_buf)
                  20038d48    00000178     simplelink.a : driver.obj (.bss:g_StatMem)
                  20038ec0    00000120     rtsv7M4_T_le_eabi.lib : trgmsg.obj (.bss:__CIOBUF_)
                  20038fe0    00000100     udma_if.obj (.bss:gfpAppCallbackHndl)
                  200390e0    000000c8     free_rtos.a : tasks.obj (.bss:pxReadyTasksLists)
                  200391a8    000000ac     tasks.obj (.bss:thisSV_6DOF_GB_BASIC)
                  20039254    000000a0     rtsv7M4_T_le_eabi.lib : defs.obj (.bss:__TI_tmpnams)
                  200392f4    00000074     ota.a : CdnClient.obj (.bss:g_CdnClient)
                  20039368    00000050     simplelink.a : cc_pal.obj (.bss:g_ucDinDout)
                  200393b8    00000050     free_rtos.a : queue.obj (.bss:xQueueRegistry)
                  20039408    0000004c     ota.a : OtaApp.obj (.bss:g_OtaApp)
                  20039454    0000004c           : OtaApp.obj (.bss:g_OtaApp_statistics)
                  200394a0    00000034     cc3200_client_state.obj (.bss:clientStateFileName)
                  200394d4    00000034     main.obj (.bss:g_cWlanSecurityKey)
                  20039508    00000034     tasks.obj (.bss:thisAccel)
                  2003953c    00000024     ota.a : OtaClient.obj (.bss:g_OtaClient)
                  20039560    00000024     main.obj (.bss:g_cWlanSSID)
                  20039584    00000024     main.obj (.bss:g_ucConnectionSSID)
                  200395a8    0000001c     rtsv7M4_T_le_eabi.lib : vla_alloc.obj (.bss)
                  200395c4    00000014     (.common:g_FlcSflashCb)
                  200395d8    00000014     (.common:g_flag_blockFull)
                  200395ec    00000014     (.common:xDelayedTaskList1)
                  20039600    00000014     (.common:xDelayedTaskList2)
                  20039614    00000014     (.common:xPendingReadyList)
                  20039628    00000014     (.common:xSuspendedTaskList)
                  2003963c    00000014     (.common:xTasksWaitingTermination)
                  20039650    00000010     (.common:ang_buf)
                  20039660    00000010     (.common:globals)
                  20039670    00000010     (.common:mqxglobals)
                  20039680    00000008     (.common:g_LogClient)
                  20039688    00000008     (.common:g_ucConnectionBSSID)
                  20039690    00000008     (.common:parmbuf)
                  20039698    00000008     (.common:sBootInfo)
                  200396a0    00000004     (.common:DMAMsgQ)
                  200396a4    00000004     (.common:Elapsed_100MilliSecs)
                  200396a8    00000004     (.common:Elapsed_1Secs)
                  200396ac    00000004     (.common:__Errorlog)
                  200396b0    00000004     (.common:angle_avg)
                  200396b4    00000004     (.common:dataBuffer)
                  200396b8    00000004     (.common:g_block_lastFilled)
                  200396bc    00000004     (.common:g_cDummy)
                  200396c0    00000004     (.common:g_cWlanSecurityType)
                  200396c4    00000004     (.common:g_frame_size_in_bytes)
                  200396c8    00000004     (.common:g_position_in_block)
                  200396cc    00000004     (.common:g_readHeader)
                  200396d0    00000004     (.common:g_total_dma_intrpts)
                  200396d4    00000004     (.common:g_ulAppStatus)
                  200396d8    00000004     (.common:gdoor_40deg_angle)
                  200396dc    00000004     (.common:gdoor_90deg_angle)
                  200396e0    00000004     (.common:pvOtaApp)
                  200396e4    00000004     (.common:pxDelayedTaskList)
                  200396e8    00000004     (.common:pxOverflowDelayedTaskList)
                  200396ec    00000001     (.common:RxIrqCnt)
                  200396ed    00000001     (.common:avg_buffer_cnt)
                  200396ee    00000001     (.common:checkForLight_Flag)
                  200396ef    00000001     (.common:g_I2CPeripheral_inUse_Flag)
                  200396f0    00000001     (.common:g_dma_txn_done)
                  200396f1    00000001     (.common:g_flag_DataBlockFilled)
                  200396f2    00000001     (.common:g_flag_door_closing_45degree)
                  200396f3    00000001     (.common:g_frame_end)
                  200396f4    00000001     (.common:g_ucAngle40)
                  200396f5    00000001     (.common:g_ucAngle90)
                  200396f6    00000001     (.common:g_ucCalibration)
                  200396f7    00000001     (.common:g_ucConfig)
                  200396f8    00000001     (.common:g_ucExitButton)
                  200396f9    00000001     (.common:g_ucMagCalb)
                  200396fa    00000001     (.common:g_ucProfileAdded)
                  200396fb    00000001     (.common:g_ucPushButtonPressedTwice)
                  200396fc    00000001     (.common:iDone)
                  200396fd    00000001     (.common:isitfirsttime)
                  200396fe    00000001     (.common:print_count)
                  200396ff    00000001     (.common:valid_case)

.TI.noinit 
*          0    20022400    00000000     UNINITIALIZED

.sysmem    0    20039700    00005000     UNINITIALIZED
                  20039700    00000008     rtsv7M4_T_le_eabi.lib : memory.obj (.sysmem)
                  20039708    00004ff8     --HOLE--


LINKER GENERATED COPY TABLES

__TI_cinit_table @ 2001fe30 records: 2, size/record: 8, table size: 16
	.data: load addr=2001f910, load size=00000506 bytes, run addr=20000000, run size=00000938 bytes, compression=rle
	.bss: load addr=2001fe28, load size=00000008 bytes, run addr=20022400, run size=00017300 bytes, compression=zero_init


LINKER GENERATED HANDLER TABLE

__TI_handler_table @ 2001fe18 records: 3, size/record: 4, table size: 12
	index: 0, handler: __TI_decompress_rle24
	index: 1, handler: __TI_decompress_none
	index: 2, handler: __TI_zero_init


GLOBAL SYMBOLS: SORTED ALPHABETICALLY BY Name 

address   name                                  
-------   ----                                  
2001e39d  ApplyAccelHAL                         
2001dc45  ApplyMagHAL                           
2001d0c5  C$$EXIT                               
2001bc07  C$$IO$$                               
2001e7a5  CPUcpsie                              
2001b59d  CamControllerInit                     
2001e0f9  CameraCaptureStart                    
2001d4ed  CameraCaptureStop                     
2001e6f5  CameraDMAEnable                       
2001dfd9  CameraIntClear                        
2001dc71  CameraIntEnable                       
2001e70b  CameraIntRegister                     
2001de25  CameraIntStatus                       
2001d803  CameraParamsConfig                    
2001e5a5  CameraReset                           
2001e3b9  CameraSensorInit                      
2001df65  CameraThresholdSet                    
2001d527  CameraXClkConfig                      
2000f2ad  CaptureImage                          
2000cdf3  CdnClient_CloseServer                 
2000ce11  CdnClient_ConnectByUrl                
2000cdc1  CdnClient_Init                        
2000cc8b  CdnClient_Run                         
2000cc81  CdnClient_SetFileInfo                 
20016061  Check_I2CDevices                      
20019b59  Config_CameraCapture                  
2001ac45  ConfigureMode                         
2000e229  ConfigureSimpleLinkToDefaultState     
2001219d  ConstructDeviceStateObject            
2001d30d  CopyPingResultsToReport               
200396a0  DMAMsgQ                               
2000063c  DigiCertHighAssuranceEVRootCA_der_len 
2001e90b  DmaErrorIntHandler                    
2001dc9d  DmaSpiSwIntHandler                    
2001e3d5  DmaSwIntHandler                       
200396a4  Elapsed_100MilliSecs                  
200396a8  Elapsed_1Secs                         
200183a9  EnterStandby_mt9d111                  
20018601  ExitStandby_mt9d111                   
20014049  FXOS8700_Init                         
200157ed  FXOS8700_ReadData                     
2001d349  Fusion_Init                           
20013c2d  Fusion_Run                            
2001d761  GPIODirModeSet                        
2001e5bd  GPIOPinRead                           
2001e1e7  GPIOPinWrite                          
200177bd  Get_BatteryPercent                    
2001b4bd  Get_BatteryVoltageLevel_ADC081C021    
20016e49  Get_FridgeCamID                       
20013eed  HIBernate                             
2000ea8d  HOSTclock                             
2000ea55  HOSTclose                             
2000ea17  HOSTgetenv                            
2000e9bb  HOSTlseek                             
2000e969  HOSTopen                              
2000e91d  HOSTread                              
2000e8bf  HOSTrename                            
2000e885  HOSTtime                              
2000e84d  HOSTunlink                            
2000e801  HOSTwrite                             
20014ab1  I2CBufferRead                         
20015469  I2CBufferWrite                        
2001e859  I2CMasterControl                      
2001e8e1  I2CMasterDataGet                      
2001e721  I2CMasterDataPut                      
2001e737  I2CMasterEnable                       
2001dcc9  I2CMasterErr                          
2001a8b5  I2CMasterInitExpClk                   
2001e86b  I2CMasterIntClearEx                   
2001e2c9  I2CMasterIntStatusEx                  
2001e11b  I2CMasterSlaveAddrSet                 
2001e87d  I2CMasterTimeoutSet                   
2001c80d  I2C_IF_Open                           
20018789  I2C_IF_Read                           
200189c9  I2C_IF_Write                          
20018e31  ImagCapture_Init                      
2001b9d1  ImageSensor_CaptureConfigs_Task       
2001de4d  InitTerm                              
2001b01d  InitialiseParse                       
2001a12d  InitializeUserConfigVariables         
2001946d  IntDisable                            
20019515  IntEnable                             
2001dffd  IntHandler_100mSecTimer               
2001de75  IntHandler_1Sec_TimeoutTimer          
2001e96d  IntMasterEnable                       
2001c4b9  IntPendClear                          
2001c615  IntPrioritySet                        
2001e209  IntRegister                           
2001e021  IntUnregister                         
2001e7b9  IntVTableBaseSet                      
2001d291  IsLightOff                            
20019665  LED_Blink                             
2001e7cd  LED_Off                               
2001e7e1  LED_On                                
2000da53  LogClient_Close                       
2000da6b  LogClient_ConnectAndPrint             
2000da1d  LogClient_ConnectServer               
2000da05  LogClient_Init                        
2000d8c1  LogClient_Print                       
2001e989  MT9D111Delay                          
2000dbf9  MagCal_Run                            
200178a5  Main_Task_withHibernate               
2001de9d  Message                               
2001e919  NwpMaskInterrupt                      
2001d611  NwpPowerOff                           
2001e229  NwpPowerOn                            
2001a939  NwpPowerOnPreamble                    
2001df8b  NwpRegisterInterruptHandler           
2001e925  NwpUnMaskInterrupt                    
20013695  OTAServerInfoSet                      
2001d729  OTA_Update                            
2001f50c  OpcodeTranslateTable                  
2000b877  OtaClient_CloseServer                 
2000b841  OtaClient_ConnectServer               
2000b80f  OtaClient_GetNextUpdate               
2000b7dd  OtaClient_Init                        
2000b707  OtaClient_ResourceMetadata            
2000b543  OtaClient_ResourceNameConvert         
2000b495  OtaClient_UpdateCheck                 
20015201  PRCMCC3200MCUInit                     
2001e74d  PRCMHIBRegRead                        
2001e763  PRCMHIBRegWrite                       
2001e5d5  PRCMHibernateEnter                    
2001a505  PRCMHibernateIntervalSet              
2001ba39  PRCMHibernateWakeUpGPIOSelect         
2001cd31  PRCMHibernateWakeupSourceDisable      
2001cd79  PRCMHibernateWakeupSourceEnable       
2001dec5  PRCMPeripheralClkDisable              
2001d385  PRCMPeripheralClkEnable               
20019db9  PRCMPeripheralClockGet                
2001c511  PRCMPeripheralReset                   
2001d839  PRCMPeripheralStatusGet               
2001e8a1  PRCMSOCReset                          
2001dcf5  PRCMSysResetCauseGet                  
2001a58d  PinConfigSet                          
2001d191  PinModeSet                            
20016771  PinMuxConfig                          
2001e509  PinTypeCamera                         
2001da09  PinTypeGPIO                           
2001e3f1  PinTypeI2C                            
2001e523  PinTypeUART                           
2001c9ed  RdSensData_Init                       
200110ad  RdSensData_Run                        
20017a6d  ReadFile_FromFlash                    
2001e249  Refresh_mt9d111Firmware               
200193c1  Report                                
2001e98f  ResetISR                              
200396ec  RxIrqCnt                              
2001f6a8  RxMsgClassLUT                         
UNDEFED   SHT$$INIT_ARRAY$$Base                 
UNDEFED   SHT$$INIT_ARRAY$$Limit                
2001e13d  SL_FD_SET                             
2001e8b1  SL_FD_ZERO                            
2001e5ed  SPICSDisable                          
2001e605  SPICSEnable                           
20019709  SPIConfigSetExpClk                    
2001e61d  SPIDisable                            
2001e53d  SPIDmaDisable                         
2001e557  SPIDmaEnable                          
2001e635  SPIEnable                             
2001e571  SPIFIFODisable                        
2001e58b  SPIFIFOEnable                         
2001d86d  SPIFIFOLevelSet                       
2001cdc1  SPIIntClear                           
2001ca39  SPIIntEnable                          
2001e15f  SPIReset                              
2001e181  SPIWordCountSet                       
20000860  SecurityParams                        
2000a251  SimpleLinkHttpServerCallback          
200133b5  SimpleLinkNetAppEventHandler          
200137fd  SimpleLinkSockEventHandler            
2000c459  SimpleLinkWlanEventHandler            
2001dd21  SoftReset_ImageSensor                 
2001b095  Standby_ImageSensor                   
2001f8f6  StartResponseLUT                      
2001baa1  StartSensorInJpegMode                 
20017b4d  Start_CameraCapture                   
2001cfb5  TimerConfigure                        
2001e2e7  TimerDisable                          
2001e305  TimerEnable                           
2001e88f  TimerIntClear                         
2001e64d  TimerIntEnable                        
2001e323  TimerIntStatus                        
2001dda5  TimerLoadSet                          
2001ddcf  TimerPrescaleSet                      
2001e40d  TimerValueGet                         
2001d9a5  Timer_IF_Init                         
2001b449  Timer_IF_IntSetup                     
2001e665  Timer_IF_InterruptClear               
2001e045  Timer_IF_Start                        
2001e8c1  Timer_IF_Stop                         
20000728  Token                                 
2001e341  UARTCharPut                           
2001b275  UARTConfigSetExpClk                   
2001da39  UARTDisable                           
2001e069  UARTEnable                            
2001b609  UDMAInit                              
2001cff9  UDMASetupTransfer                     
20017de5  UploadImageToParse                    
20017989  UploadSensorDataToParse               
20011969  UserConfigure_Task                    
2000f9ed  User_Configure                        
2001e995  UtilsDelay                            
2000aeb5  VDeleteSimpleLinkSpawnTask            
2000ae65  VStartSimpleLinkSpawnTask             
2000078c  Value                                 
200191bd  Verify_ImageSensor                    
2001b2ed  Wakeup_ImageSensor                    
20013965  WiFi_Connect                          
2001e08d  WriteAllAEnAWBRegs                    
20015d45  WriteFile_ToFlash                     
2001ddf9  _Dclass                               
20000640  _Denorm                               
20018909  _Dnorm                                
20015a15  _Dscale                               
2001be47  _Dunscale                             
20000650  _Eps                                  
20000928  _Errno                                
20017f95  _FAtan                                
200006c0  _FDenorm                              
2001a3ed  _FDint                                
2001af29  _FDnorm                               
20018141  _FDscale                              
2001c5bf  _FDunscale                            
200006d0  _FEps                                 
20012de1  _FExp                                 
200006e0  _FInf                                 
200115f5  _FLog                                 
200006f0  _FNan                                 
20000710  _FRteps                               
20012001  _FSin                                 
20000700  _FSnan                                
20000720  _FXbig                                
20000724  _FZero                                
20000910  _Fenv                                 
2001daf9  _Feraise                              
20000660  _Hugeval                              
20000670  _Inf                                  
20000680  _Nan                                  
2000cc23  _OpenStorageFile                      
2000b8b9  _OtaCleanToIdle                       
2000cbd5  _ReadFileHeaders                      
2000b9a7  _ReadStatFile                         
2000cbc9  _RecvFileChunk                        
200006a0  _Rteps                                
2001f6e0  _SlAcceptCmdCtrl                      
2001f584  _SlActionLookupTable                  
20018ee9  _SlAsyncEventGenericHandler           
2001f8c4  _SlDeviceGetCmdCtrl                   
2001f8c8  _SlDeviceSetCmdCtrl                   
2001ce09  _SlDrvBasicCmd                        
20017ebd  _SlDrvClassifyRxMsg                   
2001aac5  _SlDrvCmdOp                           
2001b675  _SlDrvCmdSend                         
200156c5  _SlDrvDataReadOp                      
20016165  _SlDrvDataWriteOp                     
2001da69  _SlDrvDeviceEventHandler              
20016f41  _SlDrvDriverCBDeinit                  
20012f59  _SlDrvDriverCBInit                    
2001e779  _SlDrvMemZero                         
200096e1  _SlDrvMsgRead                         
20018a85  _SlDrvMsgReadCmdCtx                   
200198e9  _SlDrvMsgReadSpawnCtx                 
20010ee1  _SlDrvMsgWrite                        
20016671  _SlDrvNetAppEventHandler              
2001e429  _SlDrvObjLockWaitForever              
2001e67d  _SlDrvObjUnLock                       
2001ca85  _SlDrvProtectAsyncRespSetting         
2001e0b1  _SlDrvProtectionObjLockWaitForever    
2001e269  _SlDrvProtectionObjUnLock             
20010d11  _SlDrvReleasePoolObj                  
2001e8ef  _SlDrvResetCmdExt                     
2000fc3d  _SlDrvRxHdrRead                       
2001cad1  _SlDrvRxIrqHandler                    
2001e695  _SlDrvSyncObjSignal                   
2001e445  _SlDrvSyncObjWaitForever              
20012335  _SlDrvWaitForPoolObj                  
2001f8c0  _SlEventMaskGetCmdCtrl                
2001f8bc  _SlEventMaskSetCmdCtrl                
20013525  _SlFindAndSetActiveObj                
2001f5f8  _SlFsCloseCmdCtrl                     
2001f608  _SlFsDeleteCmdCtrl                    
2001f604  _SlFsGetInfoCmdCtrl                   
2001f5f4  _SlFsOpenCmdCtrl                      
2001f5fc  _SlFsReadCmdCtrl                      
2001f600  _SlFsWriteCmdCtrl                     
2001f7bc  _SlGetHostByNameCtrl                  
2001f7b8  _SlGetHostByServiceCtrl               
2001f7b0  _SlGetServiceListeCtrl                
2001f6ec  _SlGetSockOptCmdCtrl                  
2001f6dc  _SlListenCmdCtrl                      
2001f7c8  _SlNetAppGetCmdCtrl                   
2001f7c4  _SlNetAppSendTokenValueCmdCtrl        
2001f7c0  _SlNetAppSetCmdCtrl                   
2001f7a8  _SlNetAppStartCtrl                    
2001f7ac  _SlNetAppStopCtrl                     
2001f902  _SlNetCfgGetCmdCtrl                   
2001f8fe  _SlNetCfgSetCmdCtrl                   
2001f8cc  _SlPayloadByProtocolLUT               
2001f54c  _SlPolicyGetCmdCtrl                   
2001f548  _SlPolicySetCmdCtrl                   
2001f554  _SlProfileDelCmdCtrl                  
2001f550  _SlProfileGetCmdCtrl                  
2001f6e4  _SlRecvCmdCtrl                        
2001f6d4  _SlRecvfomCmdCtrl                     
2001f7b4  _SlRegisterServiceCtrl                
200186c5  _SlRemoveFromList                     
2001f55c  _SlRxFilterAddtCmdCtrl                
2001f564  _SlRxFilterGetCmdCtrl                 
2001f560  _SlRxFilterSetCmdCtrl                 
2001f6f0  _SlSelectCmdCtrl                      
2001f6d8  _SlSendCmdCtrl                        
2001f6e8  _SlSetSockOptCmdCtrl                  
2001f568  _SlSmartConfigStartCmdCtrl            
2001f6d0  _SlSockCloseCmdCtrl                   
2001f6cc  _SlSockSocketCmdCtrl                  
2001f8b8  _SlStopCmdCtrl                        
2001f574  _SlWlanCfgGetCmdCtrl                  
2001f570  _SlWlanCfgSetCmdCtrl                  
2001f558  _SlWlanGetNetworkListCtrl             
2001f56c  _SlWlanSetModeCmdCtrl                 
20000690  _Snan                                 
20000914  _Tls_setup__Fenv                      
2000b959  _WriteStatFile                        
200006b0  _Xbig                                 
200006b8  _Zero                                 
20038ec0  __CIOBUF_                             
20004000  __STACK_END                           
00001000  __STACK_SIZE                          
00005000  __SYSMEM_SIZE                         
2001fe30  __TI_CINIT_Base                       
[...]
2001b275  UARTConfigSetExpClk                   
2001b2ed  Wakeup_ImageSensor                    
2001b361  sl_Recv                               
2001b449  Timer_IF_IntSetup                     
2001b4bd  Get_BatteryVoltageLevel_ADC081C021    
2001b52d  get_timeDuration                      
2001b59d  CamControllerInit                     
2001b609  UDMAInit                              
2001b675  _SlDrvCmdSend                         
2001b6e1  f3x3matrixAeqMinusA                   
2001b74d  parseSendRequestInternal              
2001b7b9  __TI_auto_init                        
2001b82d  fprintf                               
2001b891  f3x3matrixAeqAxScalar                 
2001b965  beginHttpGetRequest                   
2001b9d1  ImageSensor_CaptureConfigs_Task       
2001ba39  PRCMHibernateWakeUpGPIOSelect         
2001baa1  StartSensorInJpegMode                 
2001bb09  _sl_NetAppSendTokenValue              
2001bb71  fetchDeviceOSVersion                  
2001bbd9  __TI_writemsg                         
2001bc07  C$$IO$$                               
2001bc0b  __TI_readmsg                          
2001bc41  sl_DevSet                             
2001bca9  sl_NetCfgSet                          
2001bd11  sl_SetSockOpt                         
2001bd79  sl_WlanSet                            
2001bde1  f3x3matrixAeqScalar                   
2001be47  _Dunscale                             
2001bead  fseek                                 
2001bf11  socketWait                            
2001bf75  softResetTempRHSensor                 
2001bfd9  uDMAChannelAttributeDisable           
2001c03d  uDMAChannelAttributeEnable            
2001c0a1  __aeabi_cfcmpeq                       
2001c0a1  __aeabi_cfcmple                       
2001c101  __aeabi_cfrcmple                      
2001c161  _sl_HandleAsync_Accept                
2001c1c1  fxosDefault_Initializations           
2001c221  getLightsensor_intrptStatus           
2001c281  getMagntData                          
2001c2e1  sprintf                               
2001c341  sl_WlanPolicySet                      
2001c3a1  standby_accelMagn_fxos8700            
2001c45d  sl_Socket                             
2001c4b9  IntPendClear                          
2001c511  PRCMPeripheralReset                   
2001c569  ltoa                                  
2001c5bf  _FDunscale                            
2001c615  IntPrioritySet                        
2001c669  _sl_HandleAsync_Select                
2001c6bd  fasin_deg                             
2001c711  headerSend                            
2001c765  sl_WlanRxFilterSet                    
2001c80d  I2C_IF_Open                           
2001c85d  _sl_HandleAsync_Stop                  
2001c8ad  disableAE                             
2001c8fd  disableAWB                            
2001c94d  __aeabi_f2ulz                         
2001c99d  sl_FsDel                              
2001c9ed  RdSensData_Init                       
2001ca39  SPIIntEnable                          
2001ca85  _SlDrvProtectAsyncRespSetting         
2001cad1  _SlDrvRxIrqHandler                    
2001cb1d  _sl_BuildAddress                      
2001cb69  atoi                                  
2001cbb5  atol                                  
2001cc01  copy_in                               
2001cc4d  srand                                 
2001cc63  rand                                  
2001cc99  uDMAChannelAssign                     
2001cce5  __aeabi_d2f                           
2001cd31  PRCMHibernateWakeupSourceDisable      
2001cd79  PRCMHibernateWakeupSourceEnable       
2001cdc1  SPIIntClear                           
2001ce09  _SlDrvBasicCmd                        
2001ce51  addHttpRequestLine                    
2001ce99  fatan_15deg                           
2001cee1  __aeabi_d2iz                          
2001cf29  ldexp                                 
2001cfb5  TimerConfigure                        
2001cff9  UDMASetupTransfer                     
2001d081  fxos_Calibration                      
2001d0c5  C$$EXIT                               
2001d0c9  abort                                 
2001d0d1  exit                                  
2001d109  __aeabi_d2uiz                         
2001d14d  sl_Htonl                              
2001d191  PinModeSet                            
2001d1d1  getHttpResponseBody                   
2001d211  signal                                
2001d251  start_1Sec_TimeoutTimer               
2001d291  IsLightOff                            
2001d2cf  strncasecmp                           
2001d30d  CopyPingResultsToReport               
2001d349  Fusion_Init                           
2001d385  PRCMPeripheralClkEnable               
2001d3c1  _sl_TruncatePayloadByProtocol         
2001d3fd  _c_int00                              
2001d439  sl_Htons                              
2001d475  start_100mSecTimer                    
2001d4b1  uDMAChannelControlSet                 
2001d4ed  CameraCaptureStop                     
2001d527  CameraXClkConfig                      
2001d561  fLPFScalar                            
2001d59b  parseSendRequest                      
2001d5d5  addHttpRequestHeader                  
2001d611  NwpPowerOff                           
2001d649  pvPortMalloc                          
2001d669  vPortFree                             
2001d681  __aeabi_f2d                           
2001d6b9  __aeabi_f2iz                          
2001d6f1  __aeabi_i2f                           
2001d729  OTA_Update                            
2001d761  GPIODirModeSet                        
2001d797  sl_NetAppMDNSUnRegisterService        
2001d7cd  beginHttpRequest                      
2001d803  CameraParamsConfig                    
2001d839  PRCMPeripheralStatusGet               
2001d86d  SPIFIFOLevelSet                       
2001d8a1  getHttpResponseStatus                 
2001d8d5  get_angle                             
2001d909  feraiseexcept                         
2001d93d  __aeabi_f2uiz                         
2001d971  strstr                                
2001d9a5  Timer_IF_Init                         
2001da09  PinTypeGPIO                           
2001da39  UARTDisable                           
2001da69  _SlDrvDeviceEventHandler              
2001da99  _sl_Strlen                            
2001dac9  strncpy                               
2001daf9  _Feraise                              
2001db29  sl_Close                              
2001db59  sl_WlanProfileDel                     
2001db89  sl_WlanSetMode                        
2001dbb9  __aeabi_i2d                           
2001dbe7  raise                                 
2001dc15  addHttpRequestHeaderInt               
2001dc45  ApplyMagHAL                           
2001dc71  CameraIntEnable                       
2001dc9d  DmaSpiSwIntHandler                    
2001dcc9  I2CMasterErr                          
2001dcf5  PRCMSysResetCauseGet                  
2001dd21  SoftReset_ImageSensor                 
2001dd79  setDataBufferPointer                  
2001dda5  TimerLoadSet                          
2001ddcf  TimerPrescaleSet                      
2001ddf9  _Dclass                               
2001de25  CameraIntStatus                       
2001de4d  InitTerm                              
2001de75  IntHandler_1Sec_TimeoutTimer          
2001de9d  Message                               
2001dec5  PRCMPeripheralClkDisable              
2001deed  strncat                               
2001df15  sl_NetAppStart                        
2001df3d  sl_NetAppStop                         
2001df65  CameraThresholdSet                    
2001df8b  NwpRegisterInterruptHandler           
2001dfb1  strncmp                               
2001dfd9  CameraIntClear                        
2001dffd  IntHandler_100mSecTimer               
2001e021  IntUnregister                         
2001e045  Timer_IF_Start                        
2001e069  UARTEnable                            
2001e08d  WriteAllAEnAWBRegs                    
2001e0b1  _SlDrvProtectionObjLockWaitForever    
2001e0d5  __aeabi_ui2f                          
2001e0f9  CameraCaptureStart                    
2001e11b  I2CMasterSlaveAddrSet                 
2001e13d  SL_FD_SET                             
2001e15f  SPIReset                              
2001e181  SPIWordCountSet                       
2001e1a3  frexp                                 
2001e1c5  memcmp                                
2001e1e7  GPIOPinWrite                          
2001e209  IntRegister                           
2001e229  NwpPowerOn                            
2001e249  Refresh_mt9d111Firmware               
2001e269  _SlDrvProtectionObjUnLock             
2001e289  memchr                                
2001e2a9  __aeabi_ui2d                          
2001e2c9  I2CMasterIntStatusEx                  
2001e2e7  TimerDisable                          
2001e305  TimerEnable                           
2001e323  TimerIntStatus                        
2001e341  UARTCharPut                           
2001e37d  strcat                                
2001e39d  ApplyAccelHAL                         
2001e3b9  CameraSensorInit                      
2001e3d5  DmaSwIntHandler                       
2001e3f1  PinTypeI2C                            
2001e40d  TimerValueGet                         
2001e429  _SlDrvObjLockWaitForever              
2001e445  _SlDrvSyncObjWaitForever              
2001e461  memccpy                               
2001e47d  stop_100mSecTimer                     
2001e499  stop_1Sec_TimeoutTimer                
2001e4b5  uDMAChannelDisable                    
2001e4d1  uDMAChannelEnable                     
2001e4ed  vApplicationMallocFailedHook          
2001e509  PinTypeCamera                         
2001e523  PinTypeUART                           
2001e53d  SPIDmaDisable                         
2001e557  SPIDmaEnable                          
2001e571  SPIFIFODisable                        
2001e58b  SPIFIFOEnable                         
2001e5a5  CameraReset                           
2001e5bd  GPIOPinRead                           
2001e5d5  PRCMHibernateEnter                    
2001e5ed  SPICSDisable                          
2001e605  SPICSEnable                           
2001e61d  SPIDisable                            
2001e635  SPIEnable                             
2001e64d  TimerIntEnable                        
2001e665  Timer_IF_InterruptClear               
2001e67d  _SlDrvObjUnLock                       
2001e695  _SlDrvSyncObjSignal                   
2001e6ad  _sl_GetStartResponseConvert           
2001e6c5  _args_main                            
2001e6dd  strcmp                                
2001e6f5  CameraDMAEnable                       
2001e70b  CameraIntRegister                     
2001e721  I2CMasterDataPut                      
2001e737  I2CMasterEnable                       
2001e74d  PRCMHIBRegRead                        
2001e763  PRCMHIBRegWrite                       
2001e779  _SlDrvMemZero                         
2001e78f  strchr                                
2001e7a5  CPUcpsie                              
2001e7b9  IntVTableBaseSet                      
2001e7cd  LED_Off                               
2001e7e1  LED_On                                
2001e7f5  _register_unlock                      
2001e7fb  _register_lock                        
2001e803  _nop                                  
2001e809  strcpy                                
2001e81d  strlen                                
2001e831  uDMAControlBaseSet                    
2001e845  uDMAIntClear                          
2001e859  I2CMasterControl                      
2001e86b  I2CMasterIntClearEx                   
2001e87d  I2CMasterTimeoutSet                   
2001e88f  TimerIntClear                         
2001e8a1  PRCMSOCReset                          
2001e8b1  SL_FD_ZERO                            
2001e8c1  Timer_IF_Stop                         
2001e8d1  socketClose                           
2001e8e1  I2CMasterDataGet                      
2001e8ef  _SlDrvResetCmdExt                     
2001e8fd  __TI_decompress_none                  
2001e90b  DmaErrorIntHandler                    
2001e919  NwpMaskInterrupt                      
2001e925  NwpUnMaskInterrupt                    
2001e931  __TI_zero_init                        
2001e93d  getInternalClient                     
2001e949  sl_WlanDisconnect                     
2001e955  uDMAEnable                            
2001e961  uDMAIntStatus                         
2001e96d  IntMasterEnable                       
2001e977  vApplicationStackOverflowHook         
2001e981  sensorsTriggerSetup                   
2001e989  MT9D111Delay                          
2001e98f  ResetISR                              
2001e995  UtilsDelay                            
2001e99b  __TI_decompress_rle24                 
2001e9a1  logf                                  
2001e9a7  sinf                                  
2001e9ad  __abort_execution                     
2001e9b1  _system_pre_init                      
2001eaf0  _ctypes_                              
2001f50c  OpcodeTranslateTable                  
2001f548  _SlPolicySetCmdCtrl                   
2001f54c  _SlPolicyGetCmdCtrl                   
2001f550  _SlProfileGetCmdCtrl                  
2001f554  _SlProfileDelCmdCtrl                  
2001f558  _SlWlanGetNetworkListCtrl             
2001f55c  _SlRxFilterAddtCmdCtrl                
2001f560  _SlRxFilterSetCmdCtrl                 
2001f564  _SlRxFilterGetCmdCtrl                 
2001f568  _SlSmartConfigStartCmdCtrl            
2001f56c  _SlWlanSetModeCmdCtrl                 
2001f570  _SlWlanCfgSetCmdCtrl                  
2001f574  _SlWlanCfgGetCmdCtrl                  
2001f584  _SlActionLookupTable                  
2001f5f4  _SlFsOpenCmdCtrl                      
2001f5f8  _SlFsCloseCmdCtrl                     
2001f5fc  _SlFsReadCmdCtrl                      
2001f600  _SlFsWriteCmdCtrl                     
2001f604  _SlFsGetInfoCmdCtrl                   
2001f608  _SlFsDeleteCmdCtrl                    
2001f698  g_H2NSyncPattern                      
2001f6a0  g_H2NCnysPattern                      
2001f6a8  RxMsgClassLUT                         
2001f6cc  _SlSockSocketCmdCtrl                  
2001f6d0  _SlSockCloseCmdCtrl                   
2001f6d4  _SlRecvfomCmdCtrl                     
2001f6d8  _SlSendCmdCtrl                        
2001f6dc  _SlListenCmdCtrl                      
2001f6e0  _SlAcceptCmdCtrl                      
2001f6e4  _SlRecvCmdCtrl                        
2001f6e8  _SlSetSockOptCmdCtrl                  
2001f6ec  _SlGetSockOptCmdCtrl                  
2001f6f0  _SlSelectCmdCtrl                      
2001f7a8  _SlNetAppStartCtrl                    
2001f7ac  _SlNetAppStopCtrl                     
2001f7b0  _SlGetServiceListeCtrl                
2001f7b4  _SlRegisterServiceCtrl                
2001f7b8  _SlGetHostByServiceCtrl               
2001f7bc  _SlGetHostByNameCtrl                  
2001f7c0  _SlNetAppSetCmdCtrl                   
2001f7c4  _SlNetAppSendTokenValueCmdCtrl        
2001f7c8  _SlNetAppGetCmdCtrl                   
2001f88c  g_deviceClientVersion                 
2001f8b8  _SlStopCmdCtrl                        
2001f8bc  _SlEventMaskSetCmdCtrl                
2001f8c0  _SlEventMaskGetCmdCtrl                
2001f8c4  _SlDeviceGetCmdCtrl                   
2001f8c8  _SlDeviceSetCmdCtrl                   
2001f8cc  _SlPayloadByProtocolLUT               
2001f8eb  pcDigits                              
2001f8f6  StartResponseLUT                      
2001f8fe  _SlNetCfgSetCmdCtrl                   
2001f902  _SlNetCfgGetCmdCtrl                   
2001f910  __TI_static_base__                    
2001fe18  __TI_Handler_Table_Base               
2001fe24  __TI_Handler_Table_Limit              
2001fe30  __TI_CINIT_Base                       
2001fe40  __TI_CINIT_Limit                      
20022400  g_image_buffer                        
20036400  thisMagBuffer                         
200374f8  g_OtaCheckUpdateResponse              
20037944  thisMagCal                            
20037f9c  thisMag                               
20037ff4  g_SecParams                           
20038000  gpCtlTbl                              
20038400  g_OtaFileMetadata                     
200387d8  g_NetEntries                          
20038d48  g_StatMem                             
20038ec0  __CIOBUF_                             
20038fe0  gfpAppCallbackHndl                    
200391a8  thisSV_6DOF_GB_BASIC                  
20039254  __TI_tmpnams                          
200392f4  g_CdnClient                           
20039368  g_ucDinDout                           
200393b8  xQueueRegistry                        
20039408  g_OtaApp                              
20039454  g_OtaApp_statistics                   
200394a0  clientStateFileName                   
200394d4  g_cWlanSecurityKey                    
20039508  thisAccel                             
2003953c  g_OtaClient                           
20039560  g_cWlanSSID                           
20039584  g_ucConnectionSSID                    
200395c4  g_FlcSflashCb                         
200395d8  g_flag_blockFull                      
20039650  ang_buf                               
20039660  globals                               
20039670  mqxglobals                            
20039680  g_LogClient                           
20039688  g_ucConnectionBSSID                   
200396a0  DMAMsgQ                               
200396a4  Elapsed_100MilliSecs                  
200396a8  Elapsed_1Secs                         
200396b0  angle_avg                             
200396b4  dataBuffer                            
200396b8  g_block_lastFilled                    
200396bc  g_cDummy                              
200396c0  g_cWlanSecurityType                   
200396c4  g_frame_size_in_bytes                 
200396c8  g_position_in_block                   
200396cc  g_readHeader                          
200396d4  g_ulAppStatus                         
200396d8  gdoor_40deg_angle                     
200396dc  gdoor_90deg_angle                     
200396ec  RxIrqCnt                              
200396ed  avg_buffer_cnt                        
200396ee  checkForLight_Flag                    
200396ef  g_I2CPeripheral_inUse_Flag            
200396f1  g_flag_DataBlockFilled                
200396f2  g_flag_door_closing_45degree          
200396f3  g_frame_end                           
200396f4  g_ucAngle40                           
200396f5  g_ucAngle90                           
200396f6  g_ucCalibration                       
200396f7  g_ucConfig                            
200396f8  g_ucExitButton                        
200396f9  g_ucMagCalb                           
200396fa  g_ucProfileAdded                      
200396fb  g_ucPushButtonPressedTwice            
200396fc  iDone                                 
200396fd  isitfirsttime                         
200396fe  print_count                           
200396ff  valid_case                            
20039700  _sys_memory                           
ffffffff  __binit__                             
ffffffff  __c_args__                            
ffffffff  binit                                 
UNDEFED   SHT$$INIT_ARRAY$$Base                 
UNDEFED   SHT$$INIT_ARRAY$$Limit                

[866 symbols]
