******************************************************************************
                  TI ARM Linker PC v5.2.3                      
******************************************************************************
>> Linked Wed Aug 12 19:35:39 2015

OUTPUT FILE NAME:   <ULP_SEC_CAM.out>
ENTRY POINT SYMBOL: "_c_int00"  address: 2001fb39


MEMORY CONFIGURATION

         name            origin    length      used     unused   attr    fill
----------------------  --------  ---------  --------  --------  ----  --------
  SRAM_BOOTLDR          20000000   00004000  0000293c  000016c4  RW X
  SRAM_CODE             20004000   0001ee00  0001eb4b  000002b5  RW X
  SRAM_DATA             20022e00   0001c800  0001c3af  00000451  RW X


SEGMENT ALLOCATION MAP

run origin  load origin   length   init length attrs members
----------  ----------- ---------- ----------- ----- -------
20000000    20000000    0000093c   00000000    rw-
  20000000    20000000    0000093c   00000000    rw- .data
20002000    20002000    00002000   00000000    rw-
  20002000    20002000    00002000   00000000    rw- .stack
20004000    20004000    0001eb50   0001eb50    r-x
  20004000    20004000    00000400   00000400    r-- .intvecs
  20004400    20004400    0001cf28   0001cf28    r-x .text
  20021328    20021328    000012f3   000012f3    r-- .const
  20022620    20022620    00000530   00000530    r-- .cinit
20023000    20023000    0001c3b0   00000000    rw-
  20023000    20023000    000173af   00000000    rw- .bss
  2003a3b0    2003a3b0    00005000   00000000    rw- .sysmem


SECTION ALLOCATION MAP

 output                                  attributes/
section   page    origin      length       input sections
--------  ----  ----------  ----------   ----------------
.data      0    20000000    0000093c     UNINITIALIZED
                  20000000    000003c9     cc3200_certificate.obj (.data:DigiCertHighAssuranceEVRootCA_der)
                  200003c9    00000001     tasks.obj (.data)
                  200003ca    00000002     --HOLE--
                  200003cc    000000f0     rtsv7M4_T_le_eabi.lib : defs.obj (.data:_ftable)
                  200004bc    000000d0                           : lowlev.obj (.data)
                  2000058c    000000b0                           : signal.obj (.data:sigtable)
                  2000063c    00000004     cc3200_certificate.obj (.data)
                  20000640    00000080     rtsv7M4_T_le_eabi.lib : xvalues.obj (.data)
                  200006c0    00000068                           : xfvalues.obj (.data)
                  20000728    00000064     network_relater_fns.obj (.data:Token)
                  2000078c    00000064     network_relater_fns.obj (.data:Value)
                  200007f0    0000003c     main.obj (.data:g_token_get)
                  2000082c    00000034     free_rtos.a : tasks.obj (.data)
                  20000860    00000024     main.obj (.data)
                  20000884    00000018     cc3200_utils.obj (.data)
                  2000089c    00000018     request.obj (.data)
                  200008b4    00000010     rtsv7M4_T_le_eabi.lib : defs.obj (.data)
                  200008c4    0000000c     free_rtos.a : osi_freertos.obj (.data)
                  200008d0    0000000c     rtsv7M4_T_le_eabi.lib : memory.obj (.data)
                  200008dc    00000009     simplelink.a : cc_pal.obj (.data)
                  200008e5    00000003     --HOLE--
                  200008e8    00000009                  : driver.obj (.data)
                  200008f1    00000003     --HOLE--
                  200008f4    00000008     camera_app.obj (.data)
                  200008fc    00000008     rtsv7M4_T_le_eabi.lib : _lock.obj (.data)
                  20000904    00000008                           : exit.obj (.data)
                  2000090c    00000008                           : feraiseexcept.obj (.data)
                  20000914    00000006     http.obj (.data)
                  2000091a    00000002     --HOLE--
                  2000091c    00000004     free_rtos.a : port.obj (.data)
                  20000920    00000004     middleware.a : rtc_hal.obj (.data)
                  20000924    00000004     ota.a : OtaHttp.obj (.data)
                  20000928    00000004     rtsv7M4_T_le_eabi.lib : errno.obj (.data)
                  2000092c    00000004                           : fopen.obj (.data)
                  20000930    00000004                           : rand.obj (.data)
                  20000934    00000004                           : stkdepth_vars.obj (.data)
                  20000938    00000004     user_configure_fn.obj (.data)

.TI.persistent 
*          0    20000000    00000000     UNINITIALIZED

.stack     0    20002000    00002000     UNINITIALIZED
                  20002000    00002000     --HOLE--

.intvecs   0    20004000    00000400     
                  20004000    00000400     startup_ccs.obj (.intvecs)

.text      0    20004400    0001cf28     
                  20004400    00001258     free_rtos.a : tasks.obj (.text)
                  20005658    000010a6     rtsv7M4_T_le_eabi.lib : _printfi.obj (.text)
                  200066fe    00000002     startup_ccs.obj (.text:BusFaultHandler)
                  20006700    00000b24     free_rtos.a : queue.obj (.text)
                  20007224    00000a08     magnetic.obj (.text:fUpdateCalibration10EIG)
                  20007c2c    00000788     magnetic.obj (.text:fUpdateCalibration4INV)
                  200083b4    00000694     magnetic.obj (.text:fUpdateCalibration7EIG)
                  20008a48    00000688     matrix.obj (.text:eigencompute)
                  200090d0    00000610     ota.a : OtaHttp.obj (.text)
                  200096e0    000005ec     simplelink.a : driver.obj (.text:_SlDrvMsgRead)
                  20009ccc    00000584     magnetic.obj (.text:iUpdateMagnetometerBuffer)
                  2000a250    000004dc     network_relater_fns.obj (.text:SimpleLinkHttpServerCallback)
                  2000a72c    000004d8     application_fn.obj (.text:application_fn)
                  2000ac04    000004be     cc3200_utils.obj (.text:createNewInstallationId)
                  2000b0c2    00000002     startup_ccs.obj (.text:FaultISR)
                  2000b0c4    00000494     network_relater_fns.obj (.text:GetSNTPTime)
                  2000b558    0000045c     free_rtos.a : osi_freertos.obj (.text)
                  2000b9b4    0000044c     request.obj (.text:buildRequestHeaders)
                  2000be00    00000424     ota.a : OtaClient.obj (.text)
                  2000c224    0000040c           : OtaApp.obj (.text)
                  2000c630    000003dc     rtsv7M4_T_le_eabi.lib : memory.obj (.text)
                  2000ca0c    000003bc     network_relater_fns.obj (.text:SimpleLinkWlanEventHandler)
                  2000cdc8    000003b8     matrix.obj (.text:fmatrixAeqInvA)
                  2000d180    00000378     rtsv7M4_T_le_eabi.lib : powf.obj (.text)
                  2000d4f8    0000035c     user_configure_fn.obj (.text:User_Configure)
                  2000d854    0000035c     ota.a : CdnClient.obj (.text)
                  2000dbb0    00000354     orientation.obj (.text:feCompassAndroid)
                  2000df04    00000354     orientation.obj (.text:feCompassWin8)
                  2000e258    00000350     orientation.obj (.text:feCompassNED)
                  2000e5a8    0000033c     door_position_detection_algorithm.obj (.text:Calculate_DoorOpenThresholdAngle)
                  2000e8e4    00000338     ota.a : LogClient.obj (.text)
                  2000ec1c    00000324     tasks.obj (.text:MagCal_Run)
                  2000ef40    0000030c     rtsv7M4_T_le_eabi.lib : lowlev.obj (.text)
                  2000f24c    000002dc     network_relater_fns.obj (.text:ConfigureSimpleLinkToDefaultState)
                  2000f528    000002d4     rtsv7M4_T_le_eabi.lib : trgdrv.obj (.text)
                  2000f7fc    00000298     mt9d111.obj (.text:RegLstWrite)
                  2000fa94    00000298     rtsv7M4_T_le_eabi.lib : vla_alloc.obj (.text)
                  2000fd2c    00000284     camera_app.obj (.text:CaptureImage)
                  2000ffb0    00000284     parse_uploads.obj (.text:ConstructGroundDataObject)
                  20010234    00000278     door_position_detection_algorithm.obj (.text:check_doorpos)
                  200104ac    00000270     user_configure_fn.obj (.text:WiFiProvisioning)
                  2001071c    0000026e     simplejson.obj (.text:simpleJsonProcessor)
                  2001098a    00000002     driverlib.a : interrupt.obj (.text:IntDefaultHandler)
                  2001098c    00000268     user_configure_fn.obj (.text:Get_Calibration_MagSensor)
                  20010bf4    0000025c     lightSens_isl29035.obj (.text:configureISL29035)
                  20010e50    00000248     simplelink.a : driver.obj (.text:_SlDrvRxHdrRead)
                  20011098    00000244                  : wlan.obj (.text:sl_WlanConnect)
                  200112dc    00000220     ota.obj (.text:OTA_Run)
                  200114fc    0000021e     rtsv7M4_T_le_eabi.lib : ll_div_t2.obj (.text)
                  2001171a    00000002     startup_ccs.obj (.text:IntDefaultHandler)
                  2001171c    00000204     request.obj (.text:payloadSend)
                  20011920    000001f4     rtsv7M4_T_le_eabi.lib : ull_div_t2.obj (.text)
                  20011b14    000001ec     main_FXOS8700.obj (.text:angleCheck_Initializations)
                  20011d00    000001d4     user_configure_fn.obj (.text:AccessPtMode_HTTPServer_Start)
                  20011ed4    000001d0     simplelink.a : driver.obj (.text:_SlDrvReleasePoolObj)
                  200120a4    000001cc                  : driver.obj (.text:_SlDrvMsgWrite)
                  20012270    000001c8     main.obj (.text:main)
                  20012438    000001c4     tasks.obj (.text:RdSensData_Run)
                  200125fc    000001c4     rtsv7M4_T_le_eabi.lib : fopen.obj (.text)
                  200127c0    000001c0     magnetic.obj (.text:fInvertMagCal)
                  20012980    000001bc     rtsv7M4_T_le_eabi.lib : xflog.obj (.text)
                  20012b3c    000001b6                           : fd_add_t2.obj (.text)
                  20012cf2    00000002     startup_ccs.obj (.text:NmiSR)
                  20012cf4    000001ac     parse_uploads.obj (.text:ConstructDeviceStateObject)
                  20012ea0    000001ac     network_relater_fns.obj (.text:initNetwork)
                  2001304c    000001a8     parse_uploads.obj (.text:ConstructUserConfigObject)
                  200131f4    000001a4     orientation.obj (.text:fQuaternionFromRotationMatrix)
                  20013398    000001a4     cc3200_socket.obj (.text:socketSslConnect)
                  2001353c    000001a0     camera_app.obj (.text:CameraIntHandler)
                  200136dc    0000019c     rtsv7M4_T_le_eabi.lib : xfsin.obj (.text)
                  20013878    00000190     simplelink.a : driver.obj (.text:_SlDrvWaitForPoolObj)
                  20013a08    0000018c     request.obj (.text:sendRequest)
                  20013b94    00000188     matrix.obj (.text:f3x3matrixAeqInvSymB)
                  20013d1c    00000184     flc.a : flc.obj (.text)
                  20013ea0    00000180     fusion.obj (.text:fRun_6DOF_GB_BASIC)
                  20014020    00000180     orientation.obj (.text:fWin8AnglesDegFromRotationMatrix)
                  200141a0    00000178     rtsv7M4_T_le_eabi.lib : tanf.obj (.text)
                  20014318    00000178                           : xfexp.obj (.text)
                  20014490    00000174     simplelink.a : driver.obj (.text:_SlDrvDriverCBInit)
                  20014604    00000174     magnetic.obj (.text:fInitMagCalibration)
                  20014778    00000170     network_relater_fns.obj (.text:SimpleLinkNetAppEventHandler)
                  200148e8    00000170     simplelink.a : driver.obj (.text:_SlFindAndSetActiveObj)
                  20014a58    0000016c     network_relater_fns.obj (.text:WiFi_Connect)
                  20014bc4    00000168     ota.obj (.text:OTAServerInfoSet)
                  20014d2c    00000165     network_relater_fns.obj (.text:SimpleLinkSockEventHandler)
                  20014e91    00000001     --HOLE-- [fill = 0]
                  20014e92    00000002     rtsv7M4_T_le_eabi.lib : l_div0.obj (.text)
                  20014e94    00000164     tempRHSens_si7020.obj (.text:getTempRH)
                  20014ff8    00000160     tasks.obj (.text:Fusion_Run)
                  20015158    0000015c     hibernate_related_fns.obj (.text:HIBernate)
                  200152b4    00000158     drivers.obj (.text:FXOS8700_Init)
                  2001540c    00000158     orientation.obj (.text:qAeqAxB)
                  20015564    00000158     orientation.obj (.text:qconjgAxB)
                  200156bc    00000150     network_relater_fns.obj (.text:GetTimeNTP)
                  2001580c    00000150     Task_ImageCaptureConfigs.obj (.text:ImageSensor_CaptureConfigs_Task)
                  2001595c    00000150     simplelink.a : cc_pal.obj (.text:spi_Open)
                  20015aac    00000144     Task_UserConfig.obj (.text:UserConfigure_Task)
                  20015bf0    0000013c     rtsv7M4_T_le_eabi.lib : fmodf.obj (.text)
                  20015d2c    0000013c     simplelink.a : socket.obj (.text:sl_Select)
                  20015e68    00000138     i2cconfig.obj (.text:I2CBufferRead)
                  20015fa0    00000138     mt9d111.obj (.text:Register_Read)
                  200160d8    00000138     orientation.obj (.text:fLPFOrientationQuaternion)
                  20016210    00000138     orientation.obj (.text:fRotationMatrixFromQuaternion)
                  20016348    00000138     i2c_app.obj (.text:i2cWriteRegisters)
                  20016480    00000136     rtsv7M4_T_le_eabi.lib : fd_div_t2.obj (.text)
                  200165b6    00000002     main.obj (.text:vApplicationIdleHook)
                  200165b8    00000134     driverlib.a : prcm.obj (.text:PRCMCC3200MCUInit)
                  200166ec    00000134     rtsv7M4_T_le_eabi.lib : fputs.obj (.text)
                  20016820    00000130     i2cconfig.obj (.text:I2CBufferWrite)
                  20016950    0000012a     free_rtos.a : list.obj (.text)
                  20016a7a    00000002     --HOLE-- [fill = 0]
                  20016a7c    00000128     mt9d111.obj (.text:Read_AllRegisters)
                  20016ba4    00000128     simplelink.a : driver.obj (.text:_SlDrvDataReadOp)
                  20016ccc    00000118                  : socket.obj (.text:sl_SendTo)
                  20016de4    00000116     drivers.obj (.text:FXOS8700_ReadData)
                  20016efa    00000002     --HOLE-- [fill = 0]
                  20016efc    00000110     free_rtos.a : port.obj (.text)
                  2001700c    00000110     rtsv7M4_T_le_eabi.lib : xdscale.obj (.text)
                  2001711c    00000110     lightSens_isl29035.obj (.text:verifyISL29035)
                  2001722c    00000110     tempRHSens_si7020.obj (.text:verifyTempRHSensor)
                  2001733c    0000010c     sendGroundData.obj (.text:SendGroundData)
                  20017448    0000010c     flash_files.obj (.text:WriteFile_ToFlash)
                  20017554    0000010c     simplelink.a : socket.obj (.text:sl_RecvFrom)
                  20017660    00000108     middleware.a : rtc_hal.obj (.text:rtc_fast_domain_counter_rd)
                  20017768    00000108     simplelink.a : socket.obj (.text:sl_Connect)
                  20017870    00000108                  : socket.obj (.text:sl_Send)
                  20017978    00000104     dbgFns.obj (.text:Check_I2CDevices)
                  20017a7c    00000104     simplelink.a : driver.obj (.text:_SlDrvDataWriteOp)
                  20017b80    00000104     i2c_app.obj (.text:i2cReadRegistersTwoBytes)
                  20017c84    00000104     simplelink.a : netapp.obj (.text:sl_NetAppDnsGetHostByName)
                  20017d88    00000100     i2c_app.obj (.text:i2cReadRegisters)
                  20017e88    00000100     cc3200_client_state.obj (.text:loadClientState)
                  20017f88    000000fe     simplelink.a : netapp.obj (.text:_SlDrvNetAppEventHandler)
                  20018086    00000002     --HOLE-- [fill = 0]
                  20018088    000000fc     pinmux.obj (.text:PinMuxConfig)
                  20018184    000000fc     orientation.obj (.text:fqAeqNormqA)
                  20018280    000000fc     rtsv7M4_T_le_eabi.lib : fd_mul_t2.obj (.text)
                  2001837c    000000fa                           : fs_add_t2.obj (.text)
                  20018476    00000002     --HOLE-- [fill = 0]
                  20018478    000000f8     app_common.obj (.text:Get_FridgeCamID)
                  20018570    000000f8     cc3200_certificate.obj (.text:ensureCertificateFile)
                  20018668    000000f8     orientation.obj (.text:fAndroidAnglesDegFromRotationMatrix)
                  20018760    000000f8     orientation.obj (.text:fNEDAnglesDegFromRotationMatrix)
                  20018858    000000f4     Task_UserConfig.obj (.text:IsLongPress)
                  2001894c    000000f4     Task_Main.obj (.text:Main_Task_withHibernate)
                  20018a40    000000f4     simplelink.a : driver.obj (.text:_SlDrvDriverCBDeinit)
                  20018b34    000000f4     installation.obj (.text:getInstallation)
                  20018c28    000000f4     app_common.obj (.text:intToASCII)
                  20018d1c    000000f4     simplelink.a : fs.obj (.text:sl_FsRead)
                  20018e10    000000f4     accelomtrMagntomtr_fxos8700.obj (.text:verifyAccelMagnSensor)
                  20018f04    000000f2     cc3200_socket.obj (.text:socketRead)
                  20018ff6    00000002     --HOLE-- [fill = 0]
                  20018ff8    000000f0     camera_app.obj (.text:DMAConfig)
                  200190e8    000000f0     driverlib.a : udma.obj (.text:uDMAChannelTransferSet)
                  200191d8    000000ec     user_configure_fn.obj (.text:CollectAngle)
                  200192c4    000000ec     orientation.obj (.text:fRotationVectorDegFromQuaternion)
                  200193b0    000000ec     simplelink.a : fs.obj (.text:sl_FsWrite)
                  2001949c    000000e8     appFns_BatteryLevelSense.obj (.text:Get_BatteryPercent)
                  20019584    000000e4     parse_uploads.obj (.text:UploadImageToParse)
                  20019668    000000e0     flash_files.obj (.text:ReadFile_FromFlash)
                  20019748    000000e0     camera_app.obj (.text:Start_CameraCapture)
                  20019828    000000e0     parse_uploads.obj (.text:UploadGroundDataObjectToParse)
                  20019908    000000dc     parse_uploads.obj (.text:UploadSensorDataToParse)
                  200199e4    000000dc     parse_uploads.obj (.text:UploadUserConfigObjectToParse)
                  20019ac0    000000dc     rtsv7M4_T_le_eabi.lib : setvbuf.obj (.text)
                  20019b9c    000000dc     simplelink.a : cc_pal.obj (.text:spi_Read)
                  20019c78    000000d8                  : driver.obj (.text:_SlDrvClassifyRxMsg)
                  20019d50    000000d8     rtsv7M4_T_le_eabi.lib : xfatan.obj (.text)
                  20019e28    000000d4     ota.obj (.text:OTA_CommitImage)
                  20019efc    000000d4     simplelink.a : device.obj (.text:sl_Stop)
                  20019fd0    000000d0     rtsv7M4_T_le_eabi.lib : xfdscale.obj (.text)
                  2001a0a0    000000cc     approximations.obj (.text:fatan_deg)
                  2001a16c    000000cc     rtsv7M4_T_le_eabi.lib : sqrtf.obj (.text)
                  2001a238    000000c8     mt9d111.obj (.text:EnterStandby_mt9d111)
                  2001a300    000000c8     simplelink.a : netapp.obj (.text:_sl_HandleAsync_DnsGetHostByService)
                  2001a3c8    000000c8     rtsv7M4_T_le_eabi.lib : fflush.obj (.text)
                  2001a490    000000c4     mt9d111.obj (.text:ExitStandby_mt9d111)
                  2001a554    000000c4     simplelink.a : driver.obj (.text:_SlRemoveFromList)
                  2001a618    000000c0     i2c_if.obj (.text:I2C_IF_Read)
                  2001a6d8    000000c0     user_configure_fn.obj (.text:WlanConnect)
                  2001a798    000000be     rtsv7M4_T_le_eabi.lib : xdnorm.obj (.text)
                  2001a856    00000002     --HOLE-- [fill = 0]
                  2001a858    000000bc     i2c_if.obj (.text:I2C_IF_Write)
                  2001a914    000000bc     main.obj (.text:InitializeAppVariables)
                  2001a9d0    000000bc     simplelink.a : driver.obj (.text:_SlDrvMsgReadCmdCtx)
                  2001aa8c    000000bc     tempRHSens_si7020.obj (.text:configureTempRHSensor)
                  2001ab48    000000bc     rtsv7M4_T_le_eabi.lib : acosf.obj (.text)
                  2001ac04    000000bc     simplelink.a : device.obj (.text:sl_Start)
                  2001acc0    000000ba     free_rtos.a : portasm.obj (.text)
                  2001ad7a    00000002     --HOLE-- [fill = 0]
                  2001ad7c    000000b8     simplelink.a : driver.obj (.text:_SlAsyncEventGenericHandler)
                  2001ae34    000000b8     installation.obj (.text:createInstallation)
                  2001aeec    000000b4     simplelink.a : netapp.obj (.text:sl_NetAppMDNSRegisterUnregisterService)
                  2001afa0    000000ac     mt9d111.obj (.text:Verify_ImageSensor)
                  2001b04c    000000ac     rtsv7M4_T_le_eabi.lib : _io_perm.obj (.text)
                  2001b0f8    000000ab     installation.obj (.text:getInstallationByIdCallback)
                  2001b1a3    00000001     --HOLE-- [fill = 0]
                  2001b1a4    000000aa     uartA1_if.obj (.text:Report)
                  2001b24e    00000002     --HOLE-- [fill = 0]
                  2001b250    000000a8     driverlib.a : interrupt.obj (.text:IntDisable)
                  2001b2f8    000000a8                 : interrupt.obj (.text:IntEnable)
                  2001b3a0    000000a8     simplelink.a : netcfg.obj (.text:sl_NetCfgGet)
                  2001b448    000000a0     driverlib.a : spi.obj (.text:SPIConfigSetExpClk)
                  2001b4e8    000000a0     camera_app.obj (.text:Standby_ImageSensor)
                  2001b588    000000a0     cc3200_socket.obj (.text:socketWrite)
                  2001b628    0000009e     matrix.obj (.text:f3x3matrixDetA)
                  2001b6c6    00000002     --HOLE-- [fill = 0]
                  2001b6c8    0000009c     simplelink.a : driver.obj (.text:_SlDrvMsgReadSpawnCtx)
                  2001b764    0000009c     approximations.obj (.text:fatan2_deg)
                  2001b800    0000009c     rtsv7M4_T_le_eabi.lib : memcpy_t2.obj (.text)
                  2001b89c    0000009c     simplelink.a : device.obj (.text:sl_DevGet)
                  2001b938    00000098     camera_app.obj (.text:Config_CameraCapture)
                  2001b9d0    00000098     network_relater_fns.obj (.text:InitializeUserConfigVariables)
                  2001ba68    00000098     LED_timer.obj (.text:IntrptHandler_LEDTimer)
                  2001bb00    00000098     simplelink.a : fs.obj (.text:_sl_GetCreateFsMode)
                  2001bb98    00000098     rtsv7M4_T_le_eabi.lib : fclose.obj (.text)
                  2001bc30    00000098                           : fputc.obj (.text)
                  2001bcc8    00000096     parse_uploads.obj (.text:Add_NumberField_ToJSONString)
                  2001bd5e    00000002     --HOLE-- [fill = 0]
                  2001bd60    00000094     driverlib.a : prcm.obj (.text:PRCMPeripheralClockGet)
                  2001bdf4    00000094     approximations.obj (.text:facos_deg)
                  2001be88    00000094     lightSens_isl29035.obj (.text:getLightsensor_data)
                  2001bf1c    00000094     rtsv7M4_T_le_eabi.lib : snprintf.obj (.text)
                  2001bfb0    00000092     parse_impl.obj (.text:parseInitialize)
                  2001c042    00000092     rtsv7M4_T_le_eabi.lib : fs_div_t2.obj (.text)
                  2001c0d4    0000008c     app_common.obj (.text:LED_Blink_2)
                  2001c160    0000008c     camera_app.obj (.text:ReStart_CameraCapture)
                  2001c1ec    0000008c     simplelink.a : cc_pal.obj (.text:SetupDMAReceive)
                  2001c278    0000008c                  : cc_pal.obj (.text:SetupDMASend)
                  2001c304    0000008c                  : netapp.obj (.text:_sl_HandleAsync_DnsGetHostByName)
                  2001c390    0000008c                  : netapp.obj (.text:_sl_HandleAsync_PingResponse)
                  2001c41c    0000008c     rtsv7M4_T_le_eabi.lib : xfdint.obj (.text)
                  2001c4a8    0000008c     simplelink.a : cc_pal.obj (.text:spi_Write)
                  2001c534    00000088     driverlib.a : prcm.obj (.text:PRCMHibernateIntervalSet)
                  2001c5bc    00000088                 : pin.obj (.text:PinConfigSet)
                  2001c644    00000088     rtsv7M4_T_le_eabi.lib : vsnprintf.obj (.text)
                  2001c6cc    00000088     simplelink.a : socket.obj (.text:sl_Bind)
                  2001c754    00000088                  : fs.obj (.text:sl_FsClose)
                  2001c7dc    00000086     rtsv7M4_T_le_eabi.lib : fd_cmp_t2.obj (.text:__aeabi_cdcmple)
                  2001c862    00000086                           : fd_cmp_t2.obj (.text:__aeabi_cdrcmple)
                  2001c8e8    00000084     timer_if.obj (.text:GetPeripheralIntNum)
                  2001c96c    00000084     driverlib.a : i2c.obj (.text:I2CMasterInitExpClk)
                  2001c9f0    00000084     simplelink.a : cc_pal.obj (.text:NwpPowerOnPreamble)
                  2001ca74    00000084     matrix.obj (.text:f3x3matrixAeqI)
                  2001caf8    00000084     fusion.obj (.text:fInit_6DOF_GB_BASIC)
                  2001cb7c    00000084     sendUserConfigDataToParse.obj (.text:sendUserConfigData)
                  2001cc00    00000080     simplelink.a : driver.obj (.text:_SlDrvCmdOp)
                  2001cc80    00000080                  : cc_pal.obj (.text:spi_Read_CPU)
                  2001cd00    00000080                  : cc_pal.obj (.text:spi_Write_CPU)
                  2001cd80    0000007c     driverlib.a : prcm.obj (.text:PRCMRTCGet)
                  2001cdfc    0000007c     camera_app.obj (.text:Wakeup_ImageSensor)
                  2001ce78    0000007c     simplelink.a : device.obj (.text:_sl_HandleAsync_InitComplete)
                  2001cef4    0000007c     matrix.obj (.text:fmatrixAeqI)
                  2001cf70    0000007c     simplelink.a : fs.obj (.text:sl_FsGetInfo)
                  2001cfec    0000007a     rtsv7M4_T_le_eabi.lib : fs_mul_t2.obj (.text)
                  2001d066    0000007a                           : memset_t2.obj (.text)
                  2001d0e0    0000007a                           : xfdnorm.obj (.text)
                  2001d15a    00000002     --HOLE-- [fill = 0]
                  2001d15c    00000078     network_relater_fns.obj (.text:ConfigureMode)
                  2001d1d4    00000078     i2c_if.obj (.text:I2CTransact)
                  2001d24c    00000078     parse_uploads.obj (.text:InitialiseParse)
                  2001d2c4    00000078     NWP.obj (.text:NWP_SwitchOn)
                  2001d33c    00000078     simplelink.a : socket.obj (.text:_sl_HandleAsync_Connect)
                  2001d3b4    00000078                  : fs.obj (.text:sl_FsOpen)
                  2001d42c    00000078                  : cc_pal.obj (.text:spi_Close)
                  2001d4a4    00000076     driverlib.a : uart.obj (.text:UARTConfigSetExpClk)
                  2001d51a    00000002     --HOLE-- [fill = 0]
                  2001d51c    00000074     NWP.obj (.text:NWP_SwitchOff)
                  2001d590    00000074     appFns_LightSensor.obj (.text:PowerDown_LightSensor)
                  2001d604    00000074     middleware.a : rtc_hal.obj (.text:rtc_value_rd)
                  2001d678    00000074     simplelink.a : socket.obj (.text:sl_Recv)
                  2001d6ec    00000073     installation.obj (.text:getInstallationCallback)
                  2001d75f    00000001     --HOLE-- [fill = 0]
                  2001d760    00000072     timer_if.obj (.text:Timer_IF_IntSetup)
                  2001d7d2    00000002     --HOLE-- [fill = 0]
                  2001d7d4    00000070     batteryVoltLvlSens_adc081c021.obj (.text:Get_BatteryVoltageLevel_ADC081C021)
                  2001d844    00000070     network_relater_fns.obj (.text:Network_IF_GetHostIP)
                  2001d8b4    00000070     timer_fns.obj (.text:get_timeDuration)
                  2001d924    0000006c     camera_app.obj (.text:CamControllerInit)
                  2001d990    0000006c     lightSens_isl29035.obj (.text:PowerDown_ISL29035)
                  2001d9fc    0000006c     udma_if.obj (.text:UDMAInit)
                  2001da68    0000006c     simplelink.a : driver.obj (.text:_SlDrvCmdSend)
                  2001dad4    0000006c     matrix.obj (.text:f3x3matrixAeqMinusA)
                  2001db40    0000006c     request.obj (.text:parseSendRequestInternal)
                  2001dbac    0000006c     rtsv7M4_T_le_eabi.lib : autoinit.obj (.text)
                  2001dc18    0000006c                           : fprintf.obj (.text)
                  2001dc84    0000006c                           : fs_toll_t2.obj (.text)
                  2001dcf0    0000006a     matrix.obj (.text:f3x3matrixAeqAxScalar)
                  2001dd5a    0000006a     rtsv7M4_T_le_eabi.lib : copy_decompress_rle.obj (.text)
                  2001ddc4    00000069     http.obj (.text:beginHttpGetRequest)
                  2001de2d    00000003     --HOLE-- [fill = 0]
                  2001de30    00000068     driverlib.a : prcm.obj (.text:PRCMHibernateWakeUpGPIOSelect)
                  2001de98    00000068     mt9d111.obj (.text:RestartSensorInJpegMode)
                  2001df00    00000068     mt9d111.obj (.text:StartSensorInJpegMode)
                  2001df68    00000068     simplelink.a : netapp.obj (.text:_sl_NetAppSendTokenValue)
                  2001dfd0    00000068     cc3200_utils.obj (.text:fetchDeviceOSVersion)
                  2001e038    00000068     rtsv7M4_T_le_eabi.lib : trgmsg.obj (.text)
                  2001e0a0    00000068     simplelink.a : device.obj (.text:sl_DevSet)
                  2001e108    00000068                  : netcfg.obj (.text:sl_NetCfgSet)
                  2001e170    00000068                  : socket.obj (.text:sl_SetSockOpt)
                  2001e1d8    00000068                  : wlan.obj (.text:sl_WlanSet)
                  2001e240    00000066     matrix.obj (.text:f3x3matrixAeqScalar)
                  2001e2a6    00000066     rtsv7M4_T_le_eabi.lib : xdunscal.obj (.text)
                  2001e30c    00000064     mt9d111.obj (.text:CCMRegs_Read)
                  2001e370    00000064     rtsv7M4_T_le_eabi.lib : fseek.obj (.text)
                  2001e3d4    00000064     cc3200_socket.obj (.text:socketWait)
                  2001e438    00000064     tempRHSens_si7020.obj (.text:softResetTempRHSensor)
                  2001e49c    00000064     driverlib.a : udma.obj (.text:uDMAChannelAttributeDisable)
                  2001e500    00000064                 : udma.obj (.text:uDMAChannelAttributeEnable)
                  2001e564    00000060     watchdog.obj (.text:WatchdogIntHandler)
                  2001e5c4    00000060     rtsv7M4_T_le_eabi.lib : fs_cmp_t2.obj (.text:__aeabi_cfcmple)
                  2001e624    00000060                           : fs_cmp_t2.obj (.text:__aeabi_cfrcmple)
                  2001e684    00000060     simplelink.a : socket.obj (.text:_sl_HandleAsync_Accept)
                  2001e6e4    00000060     main_FXOS8700.obj (.text:fxosDefault_Initializations)
                  2001e744    00000060     lightSens_isl29035.obj (.text:getLightsensor_intrptStatus)
                  2001e7a4    00000060     accelomtrMagntomtr_fxos8700.obj (.text:getMagntData)
                  2001e804    00000060     rtsv7M4_T_le_eabi.lib : sprintf.obj (.text)
                  2001e864    00000060     simplelink.a : wlan.obj (.text:sl_WlanPolicySet)
                  2001e8c4    00000060     accelomtrMagntomtr_fxos8700.obj (.text:standby_accelMagn_fxos8700)
                  2001e924    0000005c     ota.obj (.text:OTA_Init)
                  2001e980    0000005c     mt9d111.obj (.text:PCLK_Rate_read)
                  2001e9dc    0000005c     simplelink.a : socket.obj (.text:sl_Socket)
                  2001ea38    00000058     driverlib.a : interrupt.obj (.text:IntPendClear)
                  2001ea90    00000058                 : prcm.obj (.text:PRCMPeripheralReset)
                  2001eae8    00000056     rtsv7M4_T_le_eabi.lib : ltoa.obj (.text)
                  2001eb3e    00000056                           : xfdunsca.obj (.text)
                  2001eb94    00000054     driverlib.a : interrupt.obj (.text:IntPrioritySet)
                  2001ebe8    00000054     simplelink.a : socket.obj (.text:_sl_HandleAsync_Select)
                  2001ec3c    00000054     approximations.obj (.text:fasin_deg)
                  2001ec90    00000054     request.obj (.text:headerSend)
                  2001ece4    00000054     simplelink.a : wlan.obj (.text:sl_WlanRxFilterSet)
                  2001ed38    00000051     installation.obj (.text:createInstallationCallback)
                  2001ed89    00000003     --HOLE-- [fill = 0]
                  2001ed8c    00000050     i2c_if.obj (.text:I2C_IF_Open)
                  2001eddc    00000050     camera_app.obj (.text:ImagCapture_Init)
                  2001ee2c    00000050     driverlib.a : prcm.obj (.text:PRCMSlowClkCtrGet)
                  2001ee7c    00000050     simplelink.a : device.obj (.text:_sl_HandleAsync_Stop)
                  2001eecc    00000050     mt9d111.obj (.text:disableAE)
                  2001ef1c    00000050     mt9d111.obj (.text:disableAWB)
                  2001ef6c    00000050     rtsv7M4_T_le_eabi.lib : fs_toull_t2.obj (.text)
                  2001efbc    00000050     simplelink.a : fs.obj (.text:sl_FsDel)
                  2001f00c    0000004c     tasks.obj (.text:RdSensData_Init)
                  2001f058    0000004c     driverlib.a : spi.obj (.text:SPIIntEnable)
                  2001f0a4    0000004c     watchdog.obj (.text:WDT_init)
                  2001f0f0    0000004c     simplelink.a : driver.obj (.text:_SlDrvProtectAsyncRespSetting)
                  2001f13c    0000004c                  : driver.obj (.text:_SlDrvRxIrqHandler)
                  2001f188    0000004c                  : socket.obj (.text:_sl_BuildAddress)
                  2001f1d4    0000004c     rtsv7M4_T_le_eabi.lib : atoi.obj (.text)
                  2001f220    0000004c                           : atol.obj (.text)
                  2001f26c    0000004c                           : cpy_tbl.obj (.text)
                  2001f2b8    0000004c                           : rand.obj (.text)
                  2001f304    0000004c     driverlib.a : udma.obj (.text:uDMAChannelAssign)
                  2001f350    0000004c     middleware.a : util64.obj (.text:util_u32_nsec_add)
                  2001f39c    0000004a     rtsv7M4_T_le_eabi.lib : fd_tos_t2.obj (.text)
                  2001f3e6    00000002     --HOLE-- [fill = 0]
                  2001f3e8    00000048     driverlib.a : prcm.obj (.text:PRCMHibernateWakeupSourceDisable)
                  2001f430    00000048                 : prcm.obj (.text:PRCMHibernateWakeupSourceEnable)
                  2001f478    00000048                 : spi.obj (.text:SPIIntClear)
                  2001f4c0    00000048     mt9d111.obj (.text:Variable_Read)
                  2001f508    00000048     simplelink.a : driver.obj (.text:_SlDrvBasicCmd)
                  2001f550    00000048     http.obj (.text:addHttpRequestLine)
                  2001f598    00000048     approximations.obj (.text:fatan_15deg)
                  2001f5e0    00000048     rtsv7M4_T_le_eabi.lib : fd_toi_t2.obj (.text)
                  2001f628    00000046                           : ldexp.obj (.text)
                  2001f66e    00000002     --HOLE-- [fill = 0]
                  2001f670    00000044     driverlib.a : spi.obj (.text:SPIDmaMaskGet)
                  2001f6b4    00000044                 : timer.obj (.text:TimerConfigure)
                  2001f6f8    00000044     udma_if.obj (.text:UDMASetupTransfer)
                  2001f73c    00000044     simplelink.a : cc_pal.obj (.text:cc_SetupTransfer)
                  2001f780    00000044     main_FXOS8700.obj (.text:fxos_Calibration)
                  2001f7c4    00000044     rtsv7M4_T_le_eabi.lib : exit.obj (.text)
                  2001f808    00000044                           : fd_tou_t2.obj (.text)
                  2001f84c    00000042     simplelink.a : socket.obj (.text:sl_Htonl)
                  2001f88e    00000002     --HOLE-- [fill = 0]
                  2001f890    00000040     driverlib.a : pin.obj (.text:PinModeSet)
                  2001f8d0    00000040     http.obj (.text:getHttpResponseBody)
                  2001f910    00000040     rtsv7M4_T_le_eabi.lib : signal.obj (.text)
                  2001f950    00000040     timer_fns.obj (.text:start_1Sec_TimeoutTimer)
                  2001f990    0000003e     appFns_LightSensor.obj (.text:IsLightOff)
                  2001f9ce    0000003e     rtsv7M4_T_le_eabi.lib : strncasecmp.obj (.text)
                  2001fa0c    0000003c     simplelink.a : netapp.obj (.text:CopyPingResultsToReport)
                  2001fa48    0000003c     tasks.obj (.text:Fusion_Init)
                  2001fa84    0000003c     driverlib.a : prcm.obj (.text:PRCMPeripheralClkEnable)
                  2001fac0    0000003c                 : prcm.obj (.text:PRCMSlowClkCtrFastGet)
                  2001fafc    0000003c     simplelink.a : socket.obj (.text:_sl_TruncatePayloadByProtocol)
                  2001fb38    0000003c     rtsv7M4_T_le_eabi.lib : boot.obj (.text)
                  2001fb74    0000003c     simplelink.a : socket.obj (.text:sl_Htons)
                  2001fbb0    0000003c     timer_fns.obj (.text:start_100mSecTimer)
                  2001fbec    0000003c     driverlib.a : udma.obj (.text:uDMAChannelControlSet)
                  2001fc28    0000003a                 : camera.obj (.text:CameraCaptureStop)
                  2001fc62    0000003a                 : camera.obj (.text:CameraXClkConfig)
                  2001fc9c    0000003a     orientation.obj (.text:fLPFScalar)
                  2001fcd6    0000003a     request.obj (.text:parseSendRequest)
                  2001fd10    00000039     http.obj (.text:addHttpRequestHeader)
                  2001fd49    00000003     --HOLE-- [fill = 0]
                  2001fd4c    00000038     main.obj (.text:BoardInit)
                  2001fd84    00000038     LED_timer.obj (.text:LEDTimer_Enable)
                  2001fdbc    00000038     simplelink.a : cc_pal.obj (.text:NwpPowerOff)
                  2001fdf4    00000038     wdt_if.obj (.text:WDT_IF_Init)
                  2001fe2c    00000038     free_rtos.a : heap_3.obj (.text)
                  2001fe64    00000038     rtsv7M4_T_le_eabi.lib : fs_tod_t2.obj (.text)
                  2001fe9c    00000038                           : fs_toi_t2.obj (.text)
                  2001fed4    00000038                           : i_tofs_t2.obj (.text)
                  2001ff0c    00000036     driverlib.a : gpio.obj (.text:GPIODirModeSet)
                  2001ff42    00000036     simplelink.a : netapp.obj (.text:sl_NetAppMDNSUnRegisterService)
                  2001ff78    00000035     http.obj (.text:beginHttpRequest)
                  2001ffad    00000001     --HOLE-- [fill = 0]
                  2001ffae    00000034     driverlib.a : camera.obj (.text:CameraParamsConfig)
                  2001ffe2    00000002     --HOLE-- [fill = 0]
                  2001ffe4    00000034     LED_timer.obj (.text:LEDTimer_Start)
                  20020018    00000034     driverlib.a : prcm.obj (.text:PRCMPeripheralStatusGet)
                  2002004c    00000034                 : spi.obj (.text:SPIFIFOLevelSet)
                  20020080    00000034     http.obj (.text:getHttpResponseStatus)
                  200200b4    00000034     main_FXOS8700.obj (.text:get_angle)
                  200200e8    00000034     rtsv7M4_T_le_eabi.lib : feraiseexcept.obj (.text)
                  2002011c    00000034                           : fs_tou_t2.obj (.text)
                  20020150    00000034                           : strstr.obj (.text)
                  20020184    00000033     ota.obj (.text:OTA_Update)
                  200201b7    00000001     --HOLE-- [fill = 0]
                  200201b8    00000032     timer_if.obj (.text:Timer_IF_Init)
                  200201ea    00000030     driverlib.a : pin.obj (.text:PinTypeGPIO)
                  2002021a    00000002     --HOLE-- [fill = 0]
                  2002021c    00000030                 : uart.obj (.text:UARTDisable)
                  2002024c    00000030     simplelink.a : device.obj (.text:_SlDrvDeviceEventHandler)
                  2002027c    00000030                  : fs.obj (.text:_sl_Strlen)
                  200202ac    00000030     middleware.a : rtc_hal.obj (.text:hw_access_time_addup)
                  200202dc    00000030     rtsv7M4_T_le_eabi.lib : strncpy.obj (.text)
                  2002030c    00000030                           : xferaise.obj (.text)
                  2002033c    00000030     simplelink.a : socket.obj (.text:sl_Close)
                  2002036c    00000030                  : wlan.obj (.text:sl_WlanProfileDel)
                  2002039c    00000030                  : wlan.obj (.text:sl_WlanSetMode)
                  200203cc    0000002e     rtsv7M4_T_le_eabi.lib : i_tofd_t2.obj (.text)
                  200203fa    0000002e                           : raise.obj (.text)
                  20020428    0000002d     http.obj (.text:addHttpRequestHeaderInt)
                  20020455    00000003     --HOLE-- [fill = 0]
                  20020458    0000002c     tasks.obj (.text:ApplyMagHAL)
                  20020484    0000002c     driverlib.a : camera.obj (.text:CameraIntEnable)
                  200204b0    0000002c     simplelink.a : cc_pal.obj (.text:DmaSpiSwIntHandler)
                  200204dc    0000002c     driverlib.a : i2c.obj (.text:I2CMasterErr)
                  20020508    0000002c     timer_fns.obj (.text:IntHandler_1Sec_TimeoutTimer)
                  20020534    0000002c     driverlib.a : prcm.obj (.text:PRCMSysResetCauseGet)
                  20020560    0000002c     mt9d111.obj (.text:SoftReset_ImageSensor)
                  2002058c    0000002c     cc3200_utils.obj (.text:getDeviceTimeDate)
                  200205b8    0000002c     request.obj (.text:setDataBufferPointer)
                  200205e4    0000002a     driverlib.a : timer.obj (.text:TimerLoadSet)
                  2002060e    0000002a                 : timer.obj (.text:TimerPrescaleSet)
                  20020638    0000002a     rtsv7M4_T_le_eabi.lib : xdclass.obj (.text)
                  20020662    0000002a     middleware.a : util64.obj (.text:util_u64_time_add)
                  2002068c    00000028     driverlib.a : camera.obj (.text:CameraIntStatus)
                  200206b4    00000028     uartA1_if.obj (.text:InitTerm)
                  200206dc    00000028     driverlib.a : prcm.obj (.text:IsRTCUsed)
                  20020704    00000028     uartA1_if.obj (.text:Message)
                  2002072c    00000028     driverlib.a : prcm.obj (.text:PRCMPeripheralClkDisable)
                  20020754    00000028     rtsv7M4_T_le_eabi.lib : strncat.obj (.text)
                  2002077c    00000028     simplelink.a : netapp.obj (.text:sl_NetAppStart)
                  200207a4    00000028                  : netapp.obj (.text:sl_NetAppStop)
                  200207cc    00000026     driverlib.a : camera.obj (.text:CameraThresholdSet)
                  200207f2    00000026     simplelink.a : cc_pal.obj (.text:NwpRegisterInterruptHandler)
                  20020818    00000026     rtsv7M4_T_le_eabi.lib : strncmp.obj (.text)
                  2002083e    00000002     --HOLE-- [fill = 0]
                  20020840    00000024     driverlib.a : camera.obj (.text:CameraIntClear)
                  20020864    00000024     timer_fns.obj (.text:IntHandler_100mSecTimer)
                  20020888    00000024     driverlib.a : interrupt.obj (.text:IntUnregister)
                  200208ac    00000024                 : prcm.obj (.text:RTCU16MSecRegRead)
                  200208d0    00000024     timer_if.obj (.text:Timer_IF_Start)
                  200208f4    00000024     driverlib.a : uart.obj (.text:UARTEnable)
                  20020918    00000024     mt9d111.obj (.text:WriteAllAEnAWBRegs)
                  2002093c    00000024     simplelink.a : driver.obj (.text:_SlDrvProtectionObjLockWaitForever)
                  20020960    00000024     main_FXOS8700.obj (.text:magnetometer_initialize)
                  20020984    00000024     rtsv7M4_T_le_eabi.lib : u_tofs_t2.obj (.text)
                  200209a8    00000022     driverlib.a : camera.obj (.text:CameraCaptureStart)
                  200209ca    00000022                 : i2c.obj (.text:I2CMasterSlaveAddrSet)
                  200209ec    00000022     simplelink.a : socket.obj (.text:SL_FD_SET)
                  20020a0e    00000022     driverlib.a : spi.obj (.text:SPIReset)
                  20020a30    00000022                 : spi.obj (.text:SPIWordCountSet)
                  20020a52    00000022     rtsv7M4_T_le_eabi.lib : frexp.obj (.text)
                  20020a74    00000022                           : memcmp.obj (.text)
                  20020a96    00000020     driverlib.a : gpio.obj (.text:GPIOPinWrite)
                  20020ab6    00000002     --HOLE-- [fill = 0]
                  20020ab8    00000020                 : interrupt.obj (.text:IntRegister)
                  20020ad8    00000020     simplelink.a : cc_pal.obj (.text:NwpPowerOn)
                  20020af8    00000020     mt9d111.obj (.text:Refresh_mt9d111Firmware)
                  20020b18    00000020     reset.obj (.text:Reset_byStarvingWDT)
                  20020b38    00000020     simplelink.a : driver.obj (.text:_SlDrvProtectionObjUnLock)
                  20020b58    00000020     rtsv7M4_T_le_eabi.lib : memchr.obj (.text)
                  20020b78    00000020                           : u_tofd_t2.obj (.text)
                  20020b98    0000001e     driverlib.a : i2c.obj (.text:I2CMasterIntStatusEx)
                  20020bb6    0000001e                 : timer.obj (.text:TimerDisable)
                  20020bd4    0000001e                 : timer.obj (.text:TimerEnable)
                  20020bf2    0000001e                 : timer.obj (.text:TimerIntStatus)
                  20020c10    0000001e                 : uart.obj (.text:UARTCharPut)
                  20020c2e    0000001e     simplelink.a : cc_pal.obj (.text:cc_UDMAChannelSelect)
                  20020c4c    0000001e     rtsv7M4_T_le_eabi.lib : strcat.obj (.text)
                  20020c6a    00000002     --HOLE-- [fill = 0]
                  20020c6c    0000001c     tasks.obj (.text:ApplyAccelHAL)
                  20020c88    0000001c     mt9d111.obj (.text:CameraSensorInit)
                  20020ca4    0000001c     udma_if.obj (.text:DmaSwIntHandler)
                  20020cc0    0000001c     driverlib.a : pin.obj (.text:PinTypeI2C)
                  20020cdc    0000001c                 : timer.obj (.text:TimerValueGet)
                  20020cf8    0000001c     simplelink.a : driver.obj (.text:_SlDrvObjLockWaitForever)
                  20020d14    0000001c                  : driver.obj (.text:_SlDrvSyncObjWaitForever)
                  20020d30    0000001c     rtsv7M4_T_le_eabi.lib : memccpy.obj (.text)
                  20020d4c    0000001c     timer_fns.obj (.text:stop_100mSecTimer)
                  20020d68    0000001c     timer_fns.obj (.text:stop_1Sec_TimeoutTimer)
                  20020d84    0000001c     driverlib.a : udma.obj (.text:uDMAChannelDisable)
                  20020da0    0000001c                 : udma.obj (.text:uDMAChannelEnable)
                  20020dbc    0000001c     main.obj (.text:vApplicationMallocFailedHook)
                  20020dd8    0000001a     driverlib.a : pin.obj (.text:PinTypeCamera)
                  20020df2    0000001a                 : pin.obj (.text:PinTypeUART)
                  20020e0c    0000001a                 : spi.obj (.text:SPIDmaDisable)
                  20020e26    0000001a                 : spi.obj (.text:SPIDmaEnable)
                  20020e40    0000001a                 : spi.obj (.text:SPIFIFODisable)
                  20020e5a    0000001a                 : spi.obj (.text:SPIFIFOEnable)
                  20020e74    00000018                 : camera.obj (.text:CameraReset)
                  20020e8c    00000018                 : gpio.obj (.text:GPIOPinRead)
                  20020ea4    00000018     app_common.obj (.text:LED_Off)
                  20020ebc    00000018     app_common.obj (.text:LED_On)
                  20020ed4    00000018     driverlib.a : prcm.obj (.text:PRCMHibernateEnter)
                  20020eec    00000018                 : spi.obj (.text:SPICSDisable)
                  20020f04    00000018                 : spi.obj (.text:SPICSEnable)
                  20020f1c    00000018                 : spi.obj (.text:SPIDisable)
                  20020f34    00000018                 : spi.obj (.text:SPIEnable)
                  20020f4c    00000018                 : timer.obj (.text:TimerIntEnable)
                  20020f64    00000018     timer_if.obj (.text:Timer_IF_InterruptClear)
                  20020f7c    00000018     driverlib.a : wdt.obj (.text:WatchdogUnlock)
                  20020f94    00000018     simplelink.a : driver.obj (.text:_SlDrvObjUnLock)
                  20020fac    00000018                  : driver.obj (.text:_SlDrvSyncObjSignal)
                  20020fc4    00000018                  : device.obj (.text:_sl_GetStartResponseConvert)
                  20020fdc    00000018     middleware.a : rtc_hal.obj (.text:get_value)
                  20020ff4    00000018     rtsv7M4_T_le_eabi.lib : args_main.obj (.text)
                  2002100c    00000018                           : strcmp.obj (.text)
                  20021024    00000016     driverlib.a : camera.obj (.text:CameraDMAEnable)
                  2002103a    00000016                 : camera.obj (.text:CameraIntRegister)
                  20021050    00000016                 : i2c.obj (.text:I2CMasterDataPut)
                  20021066    00000016                 : i2c.obj (.text:I2CMasterEnable)
                  2002107c    00000016                 : prcm.obj (.text:PRCMHIBRegRead)
                  20021092    00000016                 : prcm.obj (.text:PRCMHIBRegWrite)
                  200210a8    00000016                 : wdt.obj (.text:WatchdogEnable)
                  200210be    00000016     simplelink.a : driver.obj (.text:_SlDrvMemZero)
                  200210d4    00000016     rtsv7M4_T_le_eabi.lib : strchr.obj (.text)
                  200210ea    00000014     driverlib.a : cpu.obj (.text:CPUcpsie)
                  200210fe    00000002     --HOLE-- [fill = 0]
                  20021100    00000014                 : interrupt.obj (.text:IntVTableBaseSet)
                  20021114    00000014     LED_timer.obj (.text:LEDTimer_Stop)
                  20021128    00000014     rtsv7M4_T_le_eabi.lib : _lock.obj (.text)
                  2002113c    00000014                           : strcpy.obj (.text)
                  20021150    00000014                           : strlen.obj (.text)
                  20021164    00000014     driverlib.a : udma.obj (.text:uDMAControlBaseSet)
                  20021178    00000014                 : udma.obj (.text:uDMAIntClear)
                  2002118c    00000012                 : i2c.obj (.text:I2CMasterControl)
                  2002119e    00000012                 : i2c.obj (.text:I2CMasterIntClearEx)
                  200211b0    00000012                 : i2c.obj (.text:I2CMasterTimeoutSet)
                  200211c2    00000012                 : timer.obj (.text:TimerIntClear)
                  200211d4    00000012                 : wdt.obj (.text:WatchdogReloadSet)
                  200211e6    00000002     --HOLE-- [fill = 0]
                  200211e8    00000010                 : prcm.obj (.text:PRCMSOCReset)
                  200211f8    00000010                 : prcm.obj (.text:RTCU32SecRegRead)
                  20021208    00000010     simplelink.a : socket.obj (.text:SL_FD_ZERO)
                  20021218    00000010     timer_if.obj (.text:Timer_IF_Stop)
                  20021228    00000010     driverlib.a : wdt.obj (.text:WatchdogIntClear)
                  20021238    00000010     cc3200_socket.obj (.text:socketClose)
                  20021248    0000000e     driverlib.a : i2c.obj (.text:I2CMasterDataGet)
                  20021256    0000000e     simplelink.a : driver.obj (.text:_SlDrvResetCmdExt)
                  20021264    0000000e     rtsv7M4_T_le_eabi.lib : copy_decompress_none.obj (.text:decompress:none)
                  20021272    0000000c     udma_if.obj (.text:DmaErrorIntHandler)
                  2002127e    00000002     --HOLE-- [fill = 0]
                  20021280    0000000c     simplelink.a : cc_pal.obj (.text:NwpMaskInterrupt)
                  2002128c    0000000c                  : cc_pal.obj (.text:NwpUnMaskInterrupt)
                  20021298    0000000c     middleware.a : rtc_hal.obj (.text:cc_rtc_get)
                  200212a4    0000000c     rtsv7M4_T_le_eabi.lib : copy_zero_init.obj (.text:decompress:ZI)
                  200212b0    0000000c     parse_impl.obj (.text:getInternalClient)
                  200212bc    0000000c     simplelink.a : wlan.obj (.text:sl_WlanDisconnect)
                  200212c8    0000000c     driverlib.a : udma.obj (.text:uDMAEnable)
                  200212d4    0000000c                 : udma.obj (.text:uDMAIntStatus)
                  200212e0    0000000a                 : interrupt.obj (.text:IntMasterEnable)
                  200212ea    0000000a     main.obj (.text:vApplicationStackOverflowHook)
                  200212f4    00000008     hibernate_related_fns.obj (.text:sensorsTriggerSetup)
                  200212fc    00000006     i2cconfig.obj (.text:MT9D111Delay)
                  20021302    00000006     startup_ccs.obj (.text:ResetISR)
                  20021308    00000006     driverlib.a : utils.obj (.text:UtilsDelay)
                  2002130e    00000006     rtsv7M4_T_le_eabi.lib : copy_decompress_rle.obj (.text:decompress:rle24)
                  20021314    00000006                           : logf.obj (.text)
                  2002131a    00000006                           : sinf.obj (.text)
                  20021320    00000004                           : error.obj (.text)
                  20021324    00000004                           : pre_init.obj (.text)

.const     0    20021328    000012f3     
                  20021328    00000170     mt9d111.obj (.const:capture_cmds_list)
                  20021498    00000140     mt9d111.obj (.const:init_cmds_list)
                  200215d8    00000104     mt9d111.obj (.const)
                  200216dc    00000101     rtsv7M4_T_le_eabi.lib : ctype.obj (.const:.string:_ctypes_)
                  200217dd    00000003     --HOLE-- [fill = 0]
                  200217e0    00000100     driverlib.a : pin.obj (.const:g_ulPinToPadMap)
                  200218e0    000000f8     mt9d111.obj (.const:$P$T5$6)
                  200219d8    000000d4     driverlib.a : interrupt.obj (.const:g_pulRegs)
                  20021aac    000000b0     simplelink.a : wlan.obj (.const:$P$T0$1)
                  20021b5c    000000a8     driverlib.a : prcm.obj (.const:PRCM_PeriphRegsList)
                  20021c04    00000097     mt9d111.obj (.const:.string)
                  20021c9b    00000088     network_relater_fns.obj (.const:.string)
                  20021d23    00000085     lightSens_isl29035.obj (.const:.string)
                  20021da8    00000081     parse_uploads.obj (.const:.string)
                  20021e29    00000003     --HOLE-- [fill = 0]
                  20021e2c    00000080     driverlib.a : interrupt.obj (.const)
                  20021eac    0000007e     camera_app.obj (.const:.string)
                  20021f2a    00000074     mt9d111.obj (.const:recapture_cmds_list)
                  20021f9e    00000002     --HOLE-- [fill = 0]
                  20021fa0    00000068     appFns_BatteryLevelSense.obj (.const:V2CEntry$1)
                  20022008    00000064     user_configure_fn.obj (.const:.string)
                  2002206c    00000062     accelomtrMagntomtr_fxos8700.obj (.const:.string)
                  200220ce    00000054     mt9d111.obj (.const:$P$T31$32)
                  20022122    0000004c     mt9d111.obj (.const:$P$T9$10)
                  2002216e    0000004b     tempRHSens_si7020.obj (.const:.string)
                  200221b9    0000003c     i2c_app.obj (.const:.string)
                  200221f5    00000001     --HOLE-- [fill = 0]
                  200221f6    0000003c     simplelink.a : driver.obj (.const:OpcodeTranslateTable)
                  20022232    0000003c                  : wlan.obj (.const)
                  2002226e    00000002     --HOLE-- [fill = 0]
                  20022270    00000038                  : driver.obj (.const:_SlActionLookupTable)
                  200222a8    00000038     rtsv7M4_T_le_eabi.lib : xflog.obj (.const)
                  200222e0    00000038     simplelink.a : fs.obj (.const)
                  20022318    00000036     flash_files.obj (.const:.string)
                  2002234e    00000002     --HOLE-- [fill = 0]
                  20022350    00000034     rtsv7M4_T_le_eabi.lib : xfatan.obj (.const)
                  20022384    00000034     simplelink.a : driver.obj (.const)
                  200223b8    00000034                  : socket.obj (.const)
                  200223ec    0000002c     network_relater_fns.obj (.const:$P$T1$2)
                  20022418    00000029     network_relater_fns.obj (.const)
                  20022441    00000003     --HOLE-- [fill = 0]
                  20022444    00000028     rtsv7M4_T_le_eabi.lib : xfdint.obj (.const)
                  2002246c    00000028                           : xfsin.obj (.const)
                  20022494    00000028     simplelink.a : netapp.obj (.const)
                  200224bc    00000024     network_relater_fns.obj (.const:g_acMonthOfYear)
                  200224e0    00000023     batteryVoltLvlSens_adc081c021.obj (.const:.string:$P$T0$1)
                  20022503    00000022     network_relater_fns.obj (.const:.string:$P$T0$1)
                  20022525    00000003     --HOLE-- [fill = 0]
                  20022528    0000001c     rtsv7M4_T_le_eabi.lib : tanf.obj (.const)
                  20022544    0000001c                           : xfexp.obj (.const)
                  20022560    00000018     driverlib.a : spi.obj (.const)
                  20022578    00000017     request.obj (.const:.string)
                  2002258f    00000016     appFns_LightSensor.obj (.const:.string)
                  200225a5    00000001     --HOLE-- [fill = 0]
                  200225a6    00000014     simplelink.a : device.obj (.const)
                  200225ba    00000013     sendUserConfigDataToParse.obj (.const:.string)
                  200225cd    00000010     simplelink.a : socket.obj (.const:.string)
                  200225dd    0000000f     application_fn.obj (.const:.string)
                  200225ec    0000000f     sendGroundData.obj (.const:.string)
                  200225fb    0000000b     app_common.obj (.const:.string)
                  20022606    00000008     simplelink.a : device.obj (.const:.string)
                  2002260e    00000008                  : netcfg.obj (.const)
                  20022616    00000005     main.obj (.const:.string)

.cinit     0    20022620    00000530     
                  20022620    00000509     (.cinit..data.load) [load image, compression = rle]
                  20022b29    00000003     --HOLE-- [fill = 0]
                  20022b2c    0000000c     (__TI_handler_table)
                  20022b38    00000008     (.cinit..bss.load) [load image, compression = zero_init]
                  20022b40    00000010     (__TI_cinit_table)

.init_array 
*          0    20004000    00000000     UNINITIALIZED

.bss       0    20023000    000173af     UNINITIALIZED
                  20023000    00014000     main.obj (.bss:g_image_buffer)
                  20037000    00000b58     tasks.obj (.bss:thisMagBuffer)
                  20037b58    000005a0     ota.a : OtaHttp.obj (.bss:recv_buf)
                  200380f8    0000044c           : OtaClient.obj (.bss:g_OtaCheckUpdateResponse)
                  20038544    00000418     user_configure_fn.obj (.bss:thisMagCal)
                  2003895c    00000240     ota.obj (.bss:g_otaOptServerInfo)
                  20038b9c    00000058     tasks.obj (.bss:thisMag)
                  20038bf4    0000000c     (.common:g_SecParams)
                  20038c00    00000400     udma_if.obj (.bss:gpCtlTbl)
                  20039000    000003d8     ota.a : OtaClient.obj (.bss:g_OtaFileMetadata)
                  200393d8    00000370     main.obj (.bss:g_NetEntries)
                  20039748    00000200     ota.a : OtaHttp.obj (.bss:send_buf)
                  20039948    00000178     simplelink.a : driver.obj (.bss:g_StatMem)
                  20039ac0    00000120     rtsv7M4_T_le_eabi.lib : trgmsg.obj (.bss:__CIOBUF_)
                  20039be0    00000100     udma_if.obj (.bss:gfpAppCallbackHndl)
                  20039ce0    000000c8     free_rtos.a : tasks.obj (.bss:pxReadyTasksLists)
                  20039da8    000000ac     tasks.obj (.bss:thisSV_6DOF_GB_BASIC)
                  20039e54    000000a0     rtsv7M4_T_le_eabi.lib : defs.obj (.bss:__TI_tmpnams)
                  20039ef4    00000074     ota.a : CdnClient.obj (.bss:g_CdnClient)
                  20039f68    00000050     simplelink.a : cc_pal.obj (.bss:g_ucDinDout)
                  20039fb8    00000050     free_rtos.a : queue.obj (.bss:xQueueRegistry)
                  2003a008    0000004c     ota.a : OtaApp.obj (.bss:g_OtaApp)
                  2003a054    0000004c           : OtaApp.obj (.bss:g_OtaApp_statistics)
                  2003a0a0    00000040     network_relater_fns.obj (.bss:g_TimeData)
                  2003a0e0    00000034     cc3200_client_state.obj (.bss:clientStateFileName)
                  2003a114    00000034     main.obj (.bss:g_cWlanSecurityKey)
                  2003a148    00000034     tasks.obj (.bss:thisAccel)
                  2003a17c    00000024     ota.a : OtaClient.obj (.bss:g_OtaClient)
                  2003a1a0    00000024     main.obj (.bss:g_cWlanSSID)
                  2003a1c4    00000024     main.obj (.bss:g_ucConnectionSSID)
                  2003a1e8    0000001c     rtsv7M4_T_le_eabi.lib : vla_alloc.obj (.bss)
                  2003a204    00000014     (.common:g_FlcSflashCb)
                  2003a218    00000014     (.common:g_flag_blockFull)
                  2003a22c    00000014     (.common:xDelayedTaskList1)
                  2003a240    00000014     (.common:xDelayedTaskList2)
                  2003a254    00000014     (.common:xPendingReadyList)
                  2003a268    00000014     (.common:xSuspendedTaskList)
                  2003a27c    00000014     (.common:xTasksWaitingTermination)
                  2003a290    00000010     (.common:ang_buf)
                  2003a2a0    00000010     (.common:globals)
                  2003a2b0    00000010     (.common:mqxglobals)
                  2003a2c0    00000008     (.common:g_LogClient)
                  2003a2c8    00000008     (.common:g_Struct_TimeStamp_MaxAngle)
                  2003a2d0    00000008     (.common:g_Struct_TimeStamp_MinAngle)
                  2003a2d8    00000008     (.common:g_TimeStamp_CamUp)
                  2003a2e0    00000008     (.common:g_TimeStamp_DoorClosed)
                  2003a2e8    00000008     (.common:g_TimeStamp_NWPUp)
                  2003a2f0    00000008     (.common:g_TimeStamp_PhotoSnap)
                  2003a2f8    00000008     (.common:g_TimeStamp_PhotoUploaded)
                  2003a300    00000008     (.common:g_TimeStamp_cc3200Up)
                  2003a308    00000008     (.common:g_TimeStamp_maxAngle)
                  2003a310    00000008     (.common:g_TimeStamp_minAngle)
                  2003a318    00000008     (.common:g_ucConnectionBSSID)
                  2003a320    00000008     (.common:parmbuf)
                  2003a328    00000008     (.common:sBootInfo)
                  2003a330    00000004     (.common:DMAMsgQ)
                  2003a334    00000004     (.common:Elapsed_100MilliSecs)
                  2003a338    00000004     (.common:Elapsed_1Secs)
                  2003a33c    00000004     (.common:__Errorlog)
                  2003a340    00000004     (.common:angle_avg)
                  2003a344    00000004     (.common:dataBuffer)
                  2003a348    00000004     (.common:g_block_lastFilled)
                  2003a34c    00000004     (.common:g_cDummy)
                  2003a350    00000004     (.common:g_cWlanSecurityType)
                  2003a354    00000004     (.common:g_frame_size_in_bytes)
                  2003a358    00000004     (.common:g_position_in_block)
                  2003a35c    00000004     (.common:g_readHeader)
                  2003a360    00000004     (.common:g_total_dma_intrpts)
                  2003a364    00000004     (.common:g_ulAppStatus)
                  2003a368    00000004     (.common:g_ulAppTimeout_ms)
                  2003a36c    00000004     (.common:g_ulSimplelinkStatus)
                  2003a370    00000004     (.common:g_ulWatchdogCycles)
                  2003a374    00000004     (.common:gdoor_40deg_angle)
                  2003a378    00000004     (.common:gdoor_90deg_angle)
                  2003a37c    00000004     (.common:gdoor_OpenDeg_angle)
                  2003a380    00000004     (.common:pvOtaApp)
                  2003a384    00000004     (.common:pxDelayedTaskList)
                  2003a388    00000004     (.common:pxOverflowDelayedTaskList)
                  2003a38c    00000002     (.common:g_fMaxAngle)
                  2003a38e    00000002     (.common:g_fMinAngle)
                  2003a390    00000001     (.common:RxIrqCnt)
                  2003a391    00000001     (.common:avg_buffer_cnt)
                  2003a392    00000001     (.common:captureTimeout_Flag)
                  2003a393    00000001     (.common:checkForLight_Flag)
                  2003a394    00000001     (.common:cnt_LED_Timer)
                  2003a395    00000001     (.common:g_BlinkCount)
                  2003a396    00000001     (.common:g_I2CPeripheral_inUse_Flag)
                  2003a397    00000001     (.common:g_NoOfBlinks)
                  2003a398    00000001     (.common:g_OffTime)
                  2003a399    00000001     (.common:g_OnTime)
                  2003a39a    00000001     (.common:g_PhoneConnected_ToCC3200AP_flag)
                  2003a39b    00000001     (.common:g_Task1_Notification)
                  2003a39c    00000001     (.common:g_Task3_Notification)
                  2003a39d    00000001     (.common:g_dma_txn_done)
                  2003a39e    00000001     (.common:g_flag_DataBlockFilled)
                  2003a39f    00000001     (.common:g_flag_door_closing_45degree)
                  2003a3a0    00000001     (.common:g_frame_end)
                  2003a3a1    00000001     (.common:g_ucAngle40)
                  2003a3a2    00000001     (.common:g_ucAngle90)
                  2003a3a3    00000001     (.common:g_ucCalibration)
                  2003a3a4    00000001     (.common:g_ucConfig)
                  2003a3a5    00000001     (.common:g_ucExitButton)
                  2003a3a6    00000001     (.common:g_ucFeedWatchdog)
                  2003a3a7    00000001     (.common:g_ucMagCalb)
                  2003a3a8    00000001     (.common:g_ucProfileAdded)
                  2003a3a9    00000001     (.common:g_ucPushButtonPressedTwice)
                  2003a3aa    00000001     (.common:g_ucReasonForFailure)
                  2003a3ab    00000001     (.common:iDone)
                  2003a3ac    00000001     (.common:isitfirsttime)
                  2003a3ad    00000001     (.common:print_count)
                  2003a3ae    00000001     (.common:valid_case)

.TI.noinit 
*          0    20023000    00000000     UNINITIALIZED

.sysmem    0    2003a3b0    00005000     UNINITIALIZED
                  2003a3b0    00000008     rtsv7M4_T_le_eabi.lib : memory.obj (.sysmem)
                  2003a3b8    00004ff8     --HOLE--


LINKER GENERATED COPY TABLES

__TI_cinit_table @ 20022b40 records: 2, size/record: 8, table size: 16
	.data: load addr=20022620, load size=00000509 bytes, run addr=20000000, run size=0000093c bytes, compression=rle
	.bss: load addr=20022b38, load size=00000008 bytes, run addr=20023000, run size=000173af bytes, compression=zero_init


LINKER GENERATED HANDLER TABLE

__TI_handler_table @ 20022b2c records: 3, size/record: 4, table size: 12
	index: 0, handler: __TI_decompress_rle24
	index: 1, handler: __TI_decompress_none
	index: 2, handler: __TI_zero_init


GLOBAL SYMBOLS: SORTED ALPHABETICALLY BY Name 

address   name                                  
-------   ----                                  
2001bcc9  Add_NumberField_ToJSONString          
20020c6d  ApplyAccelHAL                         
20020459  ApplyMagHAL                           
2001f7c5  C$$EXIT                               
2001e067  C$$IO$$                               
2001e30d  CCMRegs_Read                          
200210eb  CPUcpsie                              
2000e5a9  Calculate_DoorOpenThresholdAngle      
2001d925  CamControllerInit                     
200209a9  CameraCaptureStart                    
2001fc29  CameraCaptureStop                     
20021025  CameraDMAEnable                       
20020841  CameraIntClear                        
20020485  CameraIntEnable                       
2002103b  CameraIntRegister                     
2002068d  CameraIntStatus                       
2001ffaf  CameraParamsConfig                    
20020e75  CameraReset                           
20020c89  CameraSensorInit                      
200207cd  CameraThresholdSet                    
2001fc63  CameraXClkConfig                      
2000fd2d  CaptureImage                          
2000dadb  CdnClient_CloseServer                 
2000daf9  CdnClient_ConnectByUrl                
2000daa9  CdnClient_Init                        
2000d973  CdnClient_Run                         
2000d969  CdnClient_SetFileInfo                 
20017979  Check_I2CDevices                      
2001b939  Config_CameraCapture                  
2001d15d  ConfigureMode                         
2000f24d  ConfigureSimpleLinkToDefaultState     
20012cf5  ConstructDeviceStateObject            
2000ffb1  ConstructGroundDataObject             
2001304d  ConstructUserConfigObject             
2001fa0d  CopyPingResultsToReport               
2003a330  DMAMsgQ                               
2000063c  DigiCertHighAssuranceEVRootCA_der_len 
20021273  DmaErrorIntHandler                    
200204b1  DmaSpiSwIntHandler                    
20020ca5  DmaSwIntHandler                       
2003a334  Elapsed_100MilliSecs                  
2003a338  Elapsed_1Secs                         
2001a239  EnterStandby_mt9d111                  
2001a491  ExitStandby_mt9d111                   
200152b5  FXOS8700_Init                         
20016de5  FXOS8700_ReadData                     
2001fa49  Fusion_Init                           
20014ff9  Fusion_Run                            
2001ff0d  GPIODirModeSet                        
20020e8d  GPIOPinRead                           
20020a97  GPIOPinWrite                          
2000b0c5  GetSNTPTime                           
200156bd  GetTimeNTP                            
2001949d  Get_BatteryPercent                    
2001d7d5  Get_BatteryVoltageLevel_ADC081C021    
20018479  Get_FridgeCamID                       
20015159  HIBernate                             
2000f7b5  HOSTclock                             
2000f77d  HOSTclose                             
2000f73f  HOSTgetenv                            
2000f6e3  HOSTlseek                             
2000f691  HOSTopen                              
2000f645  HOSTread                              
2000f5e7  HOSTrename                            
2000f5ad  HOSTtime                              
2000f575  HOSTunlink                            
2000f529  HOSTwrite                             
20015e69  I2CBufferRead                         
20016821  I2CBufferWrite                        
2002118d  I2CMasterControl                      
20021249  I2CMasterDataGet                      
20021051  I2CMasterDataPut                      
20021067  I2CMasterEnable                       
200204dd  I2CMasterErr                          
2001c96d  I2CMasterInitExpClk                   
2002119f  I2CMasterIntClearEx                   
20020b99  I2CMasterIntStatusEx                  
200209cb  I2CMasterSlaveAddrSet                 
200211b1  I2CMasterTimeoutSet                   
2001ed8d  I2C_IF_Open                           
2001a619  I2C_IF_Read                           
2001a859  I2C_IF_Write                          
2001eddd  ImagCapture_Init                      
2001580d  ImageSensor_CaptureConfigs_Task       
200206b5  InitTerm                              
2001d24d  InitialiseParse                       
2001b9d1  InitializeUserConfigVariables         
2001b251  IntDisable                            
2001b2f9  IntEnable                             
20020865  IntHandler_100mSecTimer               
20020509  IntHandler_1Sec_TimeoutTimer          
200212e1  IntMasterEnable                       
2001ea39  IntPendClear                          
2001eb95  IntPrioritySet                        
20020ab9  IntRegister                           
20020889  IntUnregister                         
20021101  IntVTableBaseSet                      
2001ba69  IntrptHandler_LEDTimer                
2001f991  IsLightOff                            
20018859  IsLongPress                           
2001fd85  LEDTimer_Enable                       
2001ffe5  LEDTimer_Start                        
20021115  LEDTimer_Stop                         
2001c0d5  LED_Blink_2                           
20020ea5  LED_Off                               
20020ebd  LED_On                                
2000ea77  LogClient_Close                       
2000ea8f  LogClient_ConnectAndPrint             
2000ea41  LogClient_ConnectServer               
2000ea29  LogClient_Init                        
2000e8e5  LogClient_Print                       
200212fd  MT9D111Delay                          
2000ec1d  MagCal_Run                            
2001894d  Main_Task_withHibernate               
20020705  Message                               
2001d51d  NWP_SwitchOff                         
2001d2c5  NWP_SwitchOn                          
2001d845  Network_IF_GetHostIP                  
20021281  NwpMaskInterrupt                      
2001fdbd  NwpPowerOff                           
20020ad9  NwpPowerOn                            
2001c9f1  NwpPowerOnPreamble                    
200207f3  NwpRegisterInterruptHandler           
2002128d  NwpUnMaskInterrupt                    
20014bc5  OTAServerInfoSet                      
20019e29  OTA_CommitImage                       
20020185  OTA_Update                            
200221f6  OpcodeTranslateTable                  
2000c1e3  OtaClient_CloseServer                 
2000c1ad  OtaClient_ConnectServer               
2000c17b  OtaClient_GetNextUpdate               
2000c149  OtaClient_Init                        
2000c073  OtaClient_ResourceMetadata            
2000beaf  OtaClient_ResourceNameConvert         
2000be01  OtaClient_UpdateCheck                 
2001e981  PCLK_Rate_read                        
200165b9  PRCMCC3200MCUInit                     
2002107d  PRCMHIBRegRead                        
20021093  PRCMHIBRegWrite                       
20020ed5  PRCMHibernateEnter                    
2001c535  PRCMHibernateIntervalSet              
2001de31  PRCMHibernateWakeUpGPIOSelect         
2001f3e9  PRCMHibernateWakeupSourceDisable      
2001f431  PRCMHibernateWakeupSourceEnable       
2002072d  PRCMPeripheralClkDisable              
2001fa85  PRCMPeripheralClkEnable               
2001bd61  PRCMPeripheralClockGet                
2001ea91  PRCMPeripheralReset                   
20020019  PRCMPeripheralStatusGet               
2001cd81  PRCMRTCGet                            
200211e9  PRCMSOCReset                          
2001fac1  PRCMSlowClkCtrFastGet                 
2001ee2d  PRCMSlowClkCtrGet                     
20020535  PRCMSysResetCauseGet                  
2001c5bd  PinConfigSet                          
2001f891  PinModeSet                            
20018089  PinMuxConfig                          
20020dd9  PinTypeCamera                         
200201eb  PinTypeGPIO                           
20020cc1  PinTypeI2C                            
20020df3  PinTypeUART                           
2001d991  PowerDown_ISL29035                    
2001d591  PowerDown_LightSensor                 
2001f00d  RdSensData_Init                       
20012439  RdSensData_Run                        
2001c161  ReStart_CameraCapture                 
20019669  ReadFile_FromFlash                    
20016a7d  Read_AllRegisters                     
20020af9  Refresh_mt9d111Firmware               
2001b1a5  Report                                
20021303  ResetISR                              
20020b19  Reset_byStarvingWDT                   
2001de99  RestartSensorInJpegMode               
[...]
2001ec3d  fasin_deg                             
2001ec91  headerSend                            
2001ece5  sl_WlanRxFilterSet                    
2001ed8d  I2C_IF_Open                           
2001eddd  ImagCapture_Init                      
2001ee2d  PRCMSlowClkCtrGet                     
2001ee7d  _sl_HandleAsync_Stop                  
2001eecd  disableAE                             
2001ef1d  disableAWB                            
2001ef6d  __aeabi_f2ulz                         
2001efbd  sl_FsDel                              
2001f00d  RdSensData_Init                       
2001f059  SPIIntEnable                          
2001f0a5  WDT_init                              
2001f0f1  _SlDrvProtectAsyncRespSetting         
2001f13d  _SlDrvRxIrqHandler                    
2001f189  _sl_BuildAddress                      
2001f1d5  atoi                                  
2001f221  atol                                  
2001f26d  copy_in                               
2001f2b9  srand                                 
2001f2cf  rand                                  
2001f305  uDMAChannelAssign                     
2001f351  util_u32_nsec_add                     
2001f39d  __aeabi_d2f                           
2001f3e9  PRCMHibernateWakeupSourceDisable      
2001f431  PRCMHibernateWakeupSourceEnable       
2001f479  SPIIntClear                           
2001f4c1  Variable_Read                         
2001f509  _SlDrvBasicCmd                        
2001f551  addHttpRequestLine                    
2001f599  fatan_15deg                           
2001f5e1  __aeabi_d2iz                          
2001f629  ldexp                                 
2001f6b5  TimerConfigure                        
2001f6f9  UDMASetupTransfer                     
2001f781  fxos_Calibration                      
2001f7c5  C$$EXIT                               
2001f7c9  abort                                 
2001f7d1  exit                                  
2001f809  __aeabi_d2uiz                         
2001f84d  sl_Htonl                              
2001f891  PinModeSet                            
2001f8d1  getHttpResponseBody                   
2001f911  signal                                
2001f951  start_1Sec_TimeoutTimer               
2001f991  IsLightOff                            
2001f9cf  strncasecmp                           
2001fa0d  CopyPingResultsToReport               
2001fa49  Fusion_Init                           
2001fa85  PRCMPeripheralClkEnable               
2001fac1  PRCMSlowClkCtrFastGet                 
2001fafd  _sl_TruncatePayloadByProtocol         
2001fb39  _c_int00                              
2001fb75  sl_Htons                              
2001fbb1  start_100mSecTimer                    
2001fbed  uDMAChannelControlSet                 
2001fc29  CameraCaptureStop                     
2001fc63  CameraXClkConfig                      
2001fc9d  fLPFScalar                            
2001fcd7  parseSendRequest                      
2001fd11  addHttpRequestHeader                  
2001fd85  LEDTimer_Enable                       
2001fdbd  NwpPowerOff                           
2001fdf5  WDT_IF_Init                           
2001fe2d  pvPortMalloc                          
2001fe4d  vPortFree                             
2001fe65  __aeabi_f2d                           
2001fe9d  __aeabi_f2iz                          
2001fed5  __aeabi_i2f                           
2001ff0d  GPIODirModeSet                        
2001ff43  sl_NetAppMDNSUnRegisterService        
2001ff79  beginHttpRequest                      
2001ffaf  CameraParamsConfig                    
2001ffe5  LEDTimer_Start                        
20020019  PRCMPeripheralStatusGet               
2002004d  SPIFIFOLevelSet                       
20020081  getHttpResponseStatus                 
200200b5  get_angle                             
200200e9  feraiseexcept                         
2002011d  __aeabi_f2uiz                         
20020151  strstr                                
20020185  OTA_Update                            
200201b9  Timer_IF_Init                         
200201eb  PinTypeGPIO                           
2002021d  UARTDisable                           
2002024d  _SlDrvDeviceEventHandler              
2002027d  _sl_Strlen                            
200202dd  strncpy                               
2002030d  _Feraise                              
2002033d  sl_Close                              
2002036d  sl_WlanProfileDel                     
2002039d  sl_WlanSetMode                        
200203cd  __aeabi_i2d                           
200203fb  raise                                 
20020429  addHttpRequestHeaderInt               
20020459  ApplyMagHAL                           
20020485  CameraIntEnable                       
200204b1  DmaSpiSwIntHandler                    
200204dd  I2CMasterErr                          
20020509  IntHandler_1Sec_TimeoutTimer          
20020535  PRCMSysResetCauseGet                  
20020561  SoftReset_ImageSensor                 
200205b9  setDataBufferPointer                  
200205e5  TimerLoadSet                          
2002060f  TimerPrescaleSet                      
20020639  _Dclass                               
20020663  util_u64_time_add                     
2002068d  CameraIntStatus                       
200206b5  InitTerm                              
20020705  Message                               
2002072d  PRCMPeripheralClkDisable              
20020755  strncat                               
2002077d  sl_NetAppStart                        
200207a5  sl_NetAppStop                         
200207cd  CameraThresholdSet                    
200207f3  NwpRegisterInterruptHandler           
20020819  strncmp                               
20020841  CameraIntClear                        
20020865  IntHandler_100mSecTimer               
20020889  IntUnregister                         
200208d1  Timer_IF_Start                        
200208f5  UARTEnable                            
20020919  WriteAllAEnAWBRegs                    
2002093d  _SlDrvProtectionObjLockWaitForever    
20020961  magnetometer_initialize               
20020985  __aeabi_ui2f                          
200209a9  CameraCaptureStart                    
200209cb  I2CMasterSlaveAddrSet                 
200209ed  SL_FD_SET                             
20020a0f  SPIReset                              
20020a31  SPIWordCountSet                       
20020a53  frexp                                 
20020a75  memcmp                                
20020a97  GPIOPinWrite                          
20020ab9  IntRegister                           
20020ad9  NwpPowerOn                            
20020af9  Refresh_mt9d111Firmware               
20020b19  Reset_byStarvingWDT                   
20020b39  _SlDrvProtectionObjUnLock             
20020b59  memchr                                
20020b79  __aeabi_ui2d                          
20020b99  I2CMasterIntStatusEx                  
20020bb7  TimerDisable                          
20020bd5  TimerEnable                           
20020bf3  TimerIntStatus                        
20020c11  UARTCharPut                           
20020c4d  strcat                                
20020c6d  ApplyAccelHAL                         
20020c89  CameraSensorInit                      
20020ca5  DmaSwIntHandler                       
20020cc1  PinTypeI2C                            
20020cdd  TimerValueGet                         
20020cf9  _SlDrvObjLockWaitForever              
20020d15  _SlDrvSyncObjWaitForever              
20020d31  memccpy                               
20020d4d  stop_100mSecTimer                     
20020d69  stop_1Sec_TimeoutTimer                
20020d85  uDMAChannelDisable                    
20020da1  uDMAChannelEnable                     
20020dbd  vApplicationMallocFailedHook          
20020dd9  PinTypeCamera                         
20020df3  PinTypeUART                           
20020e0d  SPIDmaDisable                         
20020e27  SPIDmaEnable                          
20020e41  SPIFIFODisable                        
20020e5b  SPIFIFOEnable                         
20020e75  CameraReset                           
20020e8d  GPIOPinRead                           
20020ea5  LED_Off                               
20020ebd  LED_On                                
20020ed5  PRCMHibernateEnter                    
20020eed  SPICSDisable                          
20020f05  SPICSEnable                           
20020f1d  SPIDisable                            
20020f35  SPIEnable                             
20020f4d  TimerIntEnable                        
20020f65  Timer_IF_InterruptClear               
20020f7d  WatchdogUnlock                        
20020f95  _SlDrvObjUnLock                       
20020fad  _SlDrvSyncObjSignal                   
20020fc5  _sl_GetStartResponseConvert           
20020ff5  _args_main                            
2002100d  strcmp                                
20021025  CameraDMAEnable                       
2002103b  CameraIntRegister                     
20021051  I2CMasterDataPut                      
20021067  I2CMasterEnable                       
2002107d  PRCMHIBRegRead                        
20021093  PRCMHIBRegWrite                       
200210a9  WatchdogEnable                        
200210bf  _SlDrvMemZero                         
200210d5  strchr                                
200210eb  CPUcpsie                              
20021101  IntVTableBaseSet                      
20021115  LEDTimer_Stop                         
20021129  _register_unlock                      
2002112f  _register_lock                        
20021137  _nop                                  
2002113d  strcpy                                
20021151  strlen                                
20021165  uDMAControlBaseSet                    
20021179  uDMAIntClear                          
2002118d  I2CMasterControl                      
2002119f  I2CMasterIntClearEx                   
200211b1  I2CMasterTimeoutSet                   
200211c3  TimerIntClear                         
200211d5  WatchdogReloadSet                     
200211e9  PRCMSOCReset                          
20021209  SL_FD_ZERO                            
20021219  Timer_IF_Stop                         
20021229  WatchdogIntClear                      
20021239  socketClose                           
20021249  I2CMasterDataGet                      
20021257  _SlDrvResetCmdExt                     
20021265  __TI_decompress_none                  
20021273  DmaErrorIntHandler                    
20021281  NwpMaskInterrupt                      
2002128d  NwpUnMaskInterrupt                    
20021299  cc_rtc_get                            
200212a5  __TI_zero_init                        
200212b1  getInternalClient                     
200212bd  sl_WlanDisconnect                     
200212c9  uDMAEnable                            
200212d5  uDMAIntStatus                         
200212e1  IntMasterEnable                       
200212eb  vApplicationStackOverflowHook         
200212f5  sensorsTriggerSetup                   
200212fd  MT9D111Delay                          
20021303  ResetISR                              
20021309  UtilsDelay                            
2002130f  __TI_decompress_rle24                 
20021315  logf                                  
2002131b  sinf                                  
20021321  __abort_execution                     
20021325  _system_pre_init                      
200216dc  _ctypes_                              
20021c9b  g_acSNTPserver                        
20021cb9  g_acNumOfDaysPerMonth                 
20021cc5  g_acDigits                            
200221f6  OpcodeTranslateTable                  
20022232  _SlPolicySetCmdCtrl                   
20022236  _SlPolicyGetCmdCtrl                   
2002223a  _SlProfileGetCmdCtrl                  
2002223e  _SlProfileDelCmdCtrl                  
20022242  _SlWlanGetNetworkListCtrl             
20022246  _SlRxFilterAddtCmdCtrl                
2002224a  _SlRxFilterSetCmdCtrl                 
2002224e  _SlRxFilterGetCmdCtrl                 
20022252  _SlSmartConfigStartCmdCtrl            
20022256  _SlWlanSetModeCmdCtrl                 
2002225a  _SlWlanCfgSetCmdCtrl                  
2002225e  _SlWlanCfgGetCmdCtrl                  
20022270  _SlActionLookupTable                  
200222e0  _SlFsOpenCmdCtrl                      
200222e4  _SlFsCloseCmdCtrl                     
200222e8  _SlFsReadCmdCtrl                      
200222ec  _SlFsWriteCmdCtrl                     
200222f0  _SlFsGetInfoCmdCtrl                   
200222f4  _SlFsDeleteCmdCtrl                    
20022384  g_H2NSyncPattern                      
2002238c  g_H2NCnysPattern                      
20022394  RxMsgClassLUT                         
200223b8  _SlSockSocketCmdCtrl                  
200223bc  _SlSockCloseCmdCtrl                   
200223c0  _SlRecvfomCmdCtrl                     
200223c4  _SlSendCmdCtrl                        
200223c8  _SlListenCmdCtrl                      
200223cc  _SlAcceptCmdCtrl                      
200223d0  _SlRecvCmdCtrl                        
200223d4  _SlSetSockOptCmdCtrl                  
200223d8  _SlGetSockOptCmdCtrl                  
200223dc  _SlSelectCmdCtrl                      
20022418  g_acDaysOfWeek2013                    
20022494  _SlNetAppStartCtrl                    
20022498  _SlNetAppStopCtrl                     
2002249c  _SlGetServiceListeCtrl                
200224a0  _SlRegisterServiceCtrl                
200224a4  _SlGetHostByServiceCtrl               
200224a8  _SlGetHostByNameCtrl                  
200224ac  _SlNetAppSetCmdCtrl                   
200224b0  _SlNetAppSendTokenValueCmdCtrl        
200224b4  _SlNetAppGetCmdCtrl                   
200224bc  g_acMonthOfYear                       
20022578  g_deviceClientVersion                 
200225a6  _SlStopCmdCtrl                        
200225aa  _SlEventMaskSetCmdCtrl                
200225ae  _SlEventMaskGetCmdCtrl                
200225b2  _SlDeviceGetCmdCtrl                   
200225b6  _SlDeviceSetCmdCtrl                   
200225cd  _SlPayloadByProtocolLUT               
200225fb  pcDigits                              
20022606  StartResponseLUT                      
2002260e  _SlNetCfgSetCmdCtrl                   
20022612  _SlNetCfgGetCmdCtrl                   
20022620  __TI_static_base__                    
20022b2c  __TI_Handler_Table_Base               
20022b38  __TI_Handler_Table_Limit              
20022b40  __TI_CINIT_Base                       
20022b50  __TI_CINIT_Limit                      
20023000  g_image_buffer                        
20037000  thisMagBuffer                         
200380f8  g_OtaCheckUpdateResponse              
20038544  thisMagCal                            
20038b9c  thisMag                               
20038bf4  g_SecParams                           
20038c00  gpCtlTbl                              
20039000  g_OtaFileMetadata                     
200393d8  g_NetEntries                          
20039948  g_StatMem                             
20039ac0  __CIOBUF_                             
20039be0  gfpAppCallbackHndl                    
20039da8  thisSV_6DOF_GB_BASIC                  
20039e54  __TI_tmpnams                          
20039ef4  g_CdnClient                           
20039f68  g_ucDinDout                           
20039fb8  xQueueRegistry                        
2003a008  g_OtaApp                              
2003a054  g_OtaApp_statistics                   
2003a0a0  g_TimeData                            
2003a0e0  clientStateFileName                   
2003a114  g_cWlanSecurityKey                    
2003a148  thisAccel                             
2003a17c  g_OtaClient                           
2003a1a0  g_cWlanSSID                           
2003a1c4  g_ucConnectionSSID                    
2003a204  g_FlcSflashCb                         
2003a218  g_flag_blockFull                      
2003a290  ang_buf                               
2003a2a0  globals                               
2003a2b0  mqxglobals                            
2003a2c0  g_LogClient                           
2003a2c8  g_Struct_TimeStamp_MaxAngle           
2003a2d0  g_Struct_TimeStamp_MinAngle           
2003a2d8  g_TimeStamp_CamUp                     
2003a2e0  g_TimeStamp_DoorClosed                
2003a2e8  g_TimeStamp_NWPUp                     
2003a2f0  g_TimeStamp_PhotoSnap                 
2003a2f8  g_TimeStamp_PhotoUploaded             
2003a300  g_TimeStamp_cc3200Up                  
2003a308  g_TimeStamp_maxAngle                  
2003a310  g_TimeStamp_minAngle                  
2003a318  g_ucConnectionBSSID                   
2003a330  DMAMsgQ                               
2003a334  Elapsed_100MilliSecs                  
2003a338  Elapsed_1Secs                         
2003a340  angle_avg                             
2003a344  dataBuffer                            
2003a348  g_block_lastFilled                    
2003a34c  g_cDummy                              
2003a350  g_cWlanSecurityType                   
2003a354  g_frame_size_in_bytes                 
2003a358  g_position_in_block                   
2003a35c  g_readHeader                          
2003a364  g_ulAppStatus                         
2003a368  g_ulAppTimeout_ms                     
2003a36c  g_ulSimplelinkStatus                  
2003a370  g_ulWatchdogCycles                    
2003a374  gdoor_40deg_angle                     
2003a378  gdoor_90deg_angle                     
2003a37c  gdoor_OpenDeg_angle                   
2003a38c  g_fMaxAngle                           
2003a38e  g_fMinAngle                           
2003a390  RxIrqCnt                              
2003a391  avg_buffer_cnt                        
2003a392  captureTimeout_Flag                   
2003a393  checkForLight_Flag                    
2003a394  cnt_LED_Timer                         
2003a395  g_BlinkCount                          
2003a396  g_I2CPeripheral_inUse_Flag            
2003a397  g_NoOfBlinks                          
2003a398  g_OffTime                             
2003a399  g_OnTime                              
2003a39a  g_PhoneConnected_ToCC3200AP_flag      
2003a39b  g_Task1_Notification                  
2003a39c  g_Task3_Notification                  
2003a39e  g_flag_DataBlockFilled                
2003a39f  g_flag_door_closing_45degree          
2003a3a0  g_frame_end                           
2003a3a1  g_ucAngle40                           
2003a3a2  g_ucAngle90                           
2003a3a3  g_ucCalibration                       
2003a3a4  g_ucConfig                            
2003a3a5  g_ucExitButton                        
2003a3a6  g_ucFeedWatchdog                      
2003a3a7  g_ucMagCalb                           
2003a3a8  g_ucProfileAdded                      
2003a3a9  g_ucPushButtonPressedTwice            
2003a3aa  g_ucReasonForFailure                  
2003a3ab  iDone                                 
2003a3ac  isitfirsttime                         
2003a3ad  print_count                           
2003a3ae  valid_case                            
2003a3b0  _sys_memory                           
ffffffff  __binit__                             
ffffffff  __c_args__                            
ffffffff  binit                                 
UNDEFED   SHT$$INIT_ARRAY$$Base                 
UNDEFED   SHT$$INIT_ARRAY$$Limit                

[947 symbols]
