******************************************************************************
                  TI ARM Linker PC v5.1.6                      
******************************************************************************
>> Linked Mon May 25 18:14:50 2015

OUTPUT FILE NAME:   <ULP_SEC_CAM.out>
ENTRY POINT SYMBOL: "_c_int00"  address: 20014eb1


MEMORY CONFIGURATION

         name            origin    length      used     unused   attr    fill
----------------------  --------  ---------  --------  --------  ----  --------
  SRAM_BOOTLDR          20000000   00004000  0000258c  00001a74  RW X
  SRAM_CODE             20004000   00014000  000134e5  00000b1b  RW X
  SRAM_DATA             20018000   00024000  00018cdc  0000b324  RW X


SEGMENT ALLOCATION MAP

run origin  load origin   length   init length attrs members
----------  ----------- ---------- ----------- ----- -------
20000000    20000000    0000158c   00000000    rw-
  20000000    20000000    0000158c   00000000    rw- .data
20003000    20003000    00001000   00000000    rw-
  20003000    20003000    00001000   00000000    rw- .stack
20004000    20004000    000134e8   000134e8    r-x
  20004000    20004000    00000400   00000400    r-- .intvecs
  20004400    20004400    00011810   00011810    r-x .text
  20015c10    20015c10    00000ce5   00000ce5    r-- .const
  200168f8    200168f8    00000bf0   00000bf0    r-- .cinit
20018000    20018000    00018ce0   00000000    rw-
  20018000    20018000    00014cdc   00000000    rw- .bss
  2002cce0    2002cce0    00004000   00000000    rw- .sysmem


SECTION ALLOCATION MAP

 output                                  attributes/
section   page    origin      length       input sections
--------  ----  ----------  ----------   ----------------
.init_array 
*          0    20004000    00000000     UNINITIALIZED

.data      0    20000000    0000158c     UNINITIALIZED
                  20000000    00000600     camera_app.obj (.data:JPEG_StdHuffmanTbl)
                  20000600    00000400     camera_app.obj (.data:g_header)
                  20000a00    000003c9     cc3200_certificate.obj (.data:DigiCertHighAssuranceEVRootCA_der)
                  20000dc9    00000003     --HOLE--
                  20000dcc    00000184     simplelink.a : driver.obj (.data)
                  20000f50    000000f0     rtsv7M4_T_le_eabi.lib : defs.obj (.data:_ftable)
                  20001040    000000d0                           : lowlev.obj (.data)
                  20001110    000000b0                           : signal.obj (.data:sigtable)
                  200011c0    00000080                           : xvalues.obj (.data)
                  20001240    00000070                           : xlvalues.obj (.data)
                  200012b0    00000068                           : xfvalues.obj (.data)
                  20001318    00000064     simplelink.a : cc_pal.obj (.data)
                  2000137c    00000040     camera_app.obj (.data:JPEG_StdQuantTblC)
                  200013bc    00000040     camera_app.obj (.data:JPEG_StdQuantTblY)
                  200013fc    00000040     camera_app.obj (.data:zigzag)
                  2000143c    0000003c     main.obj (.data:g_token_get)
                  20001478    00000034     free_rtos.a : tasks.obj (.data)
                  200014ac    0000002c     cc3200_utils.obj (.data:lastDateTime)
                  200014d8    0000001c     main.obj (.data)
                  200014f4    00000018     cc3200_utils.obj (.data)
                  2000150c    00000018     request.obj (.data)
                  20001524    00000010     rtsv7M4_T_le_eabi.lib : defs.obj (.data)
                  20001534    0000000c     free_rtos.a : osi_freertos.obj (.data)
                  20001540    0000000c     rtsv7M4_T_le_eabi.lib : memory.obj (.data)
                  2000154c    00000008     camera_app.obj (.data)
                  20001554    00000008     rtsv7M4_T_le_eabi.lib : _lock.obj (.data)
                  2000155c    00000008                           : exit.obj (.data)
                  20001564    00000008                           : feraiseexcept.obj (.data)
                  2000156c    00000006     http.obj (.data)
                  20001572    00000002     --HOLE--
                  20001574    00000004     cc3200_certificate.obj (.data)
                  20001578    00000004     free_rtos.a : port.obj (.data)
                  2000157c    00000004     rtsv7M4_T_le_eabi.lib : errno.obj (.data)
                  20001580    00000004                           : fopen.obj (.data)
                  20001584    00000004                           : rand.obj (.data)
                  20001588    00000004                           : stkdepth_vars.obj (.data)

.stack     0    20003000    00001000     UNINITIALIZED
                  20003000    00001000     --HOLE--

.intvecs   0    20004000    00000400     
                  20004000    00000400     startup_ccs.obj (.intvecs)

.text      0    20004400    00011810     
                  20004400    00001258     free_rtos.a : tasks.obj (.text)
                  20005658    00000fd8     network_relater_fns.obj (.text)
                  20006630    00000ec0     rtsv7M4_T_le_eabi.lib : _printfi.obj (.text)
                  200074f0    00000b24     free_rtos.a : queue.obj (.text)
                  20008014    00000aac     camera_app.obj (.text)
                  20008ac0    00000a14     mt9d111.obj (.text)
                  200094d4    00000940     request.obj (.text)
                  20009e14    0000093e     accelomtrMagntomtr_fxos8700.obj (.text)
                  2000a752    00000002     driverlib.a : interrupt.obj (.text:IntDefaultHandler)
                  2000a754    000005de     cc3200_utils.obj (.text)
                  2000ad32    00000002     --HOLE-- [fill = 0]
                  2000ad34    000004b0     installation.obj (.text)
                  2000b1e4    000004a8     wifi_provisioning_thruAPmode.obj (.text)
                  2000b68c    00000490     rtsv7M4_T_le_eabi.lib : pow.obj (.text)
                  2000bb1c    0000045c     free_rtos.a : osi_freertos.obj (.text)
                  2000bf78    000003cc     rtsv7M4_T_le_eabi.lib : memory.obj (.text)
                  2000c344    000003a6     simplelink.a : driver.obj (.text:_SlDrvMsgRead)
                  2000c6ea    00000002     --HOLE-- [fill = 0]
                  2000c6ec    00000388     cc3200_socket.obj (.text)
                  2000ca74    0000034c     simplelink.a : driver.obj (.text:_SlAsyncEventGenericHandler)
                  2000cdc0    00000316     simplejson.obj (.text)
                  2000d0d6    00000002     --HOLE-- [fill = 0]
                  2000d0d8    00000310     rtsv7M4_T_le_eabi.lib : lowlev.obj (.text)
                  2000d3e8    000002e4                           : xlog.obj (.text)
                  2000d6cc    000002d4     parse_uploads.obj (.text)
                  2000d9a0    000002d4     rtsv7M4_T_le_eabi.lib : trgdrv.obj (.text)
                  2000dc74    000002d4     test_modules.obj (.text)
                  2000df48    000002cc     main.obj (.text)
                  2000e214    000002a0     rtsv7M4_T_le_eabi.lib : vla_alloc.obj (.text)
                  2000e4b4    00000290     cc3200_client_state.obj (.text)
                  2000e744    000001fc     rtsv7M4_T_le_eabi.lib : xexp.obj (.text)
                  2000e940    000001f4                           : ull_div_t2.obj (.text)
                  2000eb34    000001c0                           : fopen.obj (.text)
                  2000ecf4    000001bc     flash_files.obj (.text)
                  2000eeb0    000001b8     uartA1_if.obj (.text)
                  2000f068    000001b6     rtsv7M4_T_le_eabi.lib : fd_add_t2.obj (.text)
                  2000f21e    00000002     --HOLE-- [fill = 0]
                  2000f220    000001ac     cc3200_certificate.obj (.text)
                  2000f3cc    0000019c     collect_and_txit.obj (.text)
                  2000f568    0000019c     simplelink.a : wlan.obj (.text:sl_WlanConnect)
                  2000f704    00000194     udma_if.obj (.text)
                  2000f898    0000018c     i2c_if.obj (.text)
                  2000fa24    00000188     rtsv7M4_T_le_eabi.lib : xlatan.obj (.text)
                  2000fbac    00000170     i2cconfig.obj (.text)
                  2000fd1c    00000164     simplelink.a : driver.obj (.text:_SlDrvDataReadOp)
                  2000fe80    00000154     http.obj (.text)
                  2000ffd4    00000140     simplelink.a : driver.obj (.text:_SlDrvRxHdrRead)
                  20010114    00000140     rtsv7M4_T_le_eabi.lib : sqrt.obj (.text)
                  20010254    00000136                           : fd_div_t2.obj (.text)
                  2001038a    00000002     --HOLE-- [fill = 0]
                  2001038c    00000134     driverlib.a : prcm.obj (.text:PRCMCC3200MCUInit)
                  200104c0    00000134     rtsv7M4_T_le_eabi.lib : fputs.obj (.text)
                  200105f4    00000130     simplelink.a : cc_pal.obj (.text:spi_Open)
                  20010724    0000012c                  : driver.obj (.text:_SlDrvDataWriteOp)
                  20010850    0000012a     free_rtos.a : list.obj (.text)
                  2001097a    00000002     --HOLE-- [fill = 0]
                  2001097c    00000114     simplelink.a : driver.obj (.text:_SlDrvMsgWrite)
                  20010a90    00000110     free_rtos.a : port.obj (.text)
                  20010ba0    00000110     rtsv7M4_T_le_eabi.lib : xdscale.obj (.text)
                  20010cb0    0000010c     simplelink.a : driver.obj (.text:_SlDrvWaitForPoolObj)
                  20010dbc    0000010c     i2c_app.obj (.text)
                  20010ec8    00000108     simplelink.a : socket.obj (.text:sl_Select)
                  20010fd0    00000104                  : driver.obj (.text:_SlDrvReleasePoolObj)
                  200110d4    00000104     rtsv7M4_T_le_eabi.lib : atan2l.obj (.text)
                  200111d8    000000fe     parse_impl.obj (.text)
                  200112d6    000000fc     rtsv7M4_T_le_eabi.lib : fd_mul_t2.obj (.text)
                  200113d2    000000fa                           : fs_add_t2.obj (.text)
                  200114cc    000000f0     driverlib.a : udma.obj (.text:uDMAChannelTransferSet)
                  200115bc    000000e8     pinmux.obj (.text)
                  200116a4    000000e8     simplelink.a : socket.obj (.text:sl_Connect)
                  2001178c    000000e8                  : cc_pal.obj (.text:spi_Write)
                  20011874    000000dc     hibernate_related_fns.obj (.text)
                  20011950    000000dc     rtsv7M4_T_le_eabi.lib : setvbuf.obj (.text)
                  20011a2c    000000d8     simplelink.a : netapp.obj (.text:sl_NetAppDnsGetHostByName)
                  20011b04    000000d8     timer_fns.obj (.text)
                  20011bdc    000000cc     simplelink.a : cc_pal.obj (.text:spi_Read)
                  20011ca8    000000c4     rtsv7M4_T_le_eabi.lib : xdint.obj (.text)
                  20011d6c    000000c4                           : xdnorm.obj (.text)
                  20011e30    000000c4     simplelink.a : device.obj (.text:sl_Stop)
                  20011ef4    000000c0     rtsv7M4_T_le_eabi.lib : fflush.obj (.text)
                  20011fb4    000000c0     simplelink.a : device.obj (.text:sl_Start)
                  20012074    000000ba     free_rtos.a : portasm.obj (.text)
                  2001212e    00000002     --HOLE-- [fill = 0]
                  20012130    000000b4     simplelink.a : driver.obj (.text:_SlDrvMsgReadCmdCtx)
                  200121e4    000000b2                  : netapp.obj (.text:_SlDrvNetAppEventHandler)
                  20012296    00000002     --HOLE-- [fill = 0]
                  20012298    000000b0                  : socket.obj (.text:sl_Send)
                  20012348    000000ac     rtsv7M4_T_le_eabi.lib : _io_perm.obj (.text)
                  200123f4    000000a8     driverlib.a : interrupt.obj (.text:IntDisable)
                  2001249c    000000a8                 : interrupt.obj (.text:IntEnable)
                  20012544    000000a8     timer_if.obj (.text)
                  200125ec    000000a0     driverlib.a : spi.obj (.text:SPIConfigSetExpClk)
                  2001268c    0000009c     rtsv7M4_T_le_eabi.lib : fputc.obj (.text)
                  20012728    0000009c                           : memcpy_t2.obj (.text)
                  200127c4    00000098     simplelink.a : driver.obj (.text:_SlFindAndSetActiveObj)
                  2001285c    00000098     rtsv7M4_T_le_eabi.lib : fclose.obj (.text)
                  200128f4    00000098                           : snprintf.obj (.text)
                  2001298c    00000094     driverlib.a : prcm.obj (.text:PRCMPeripheralClockGet)
                  20012a20    00000094     simplelink.a : driver.obj (.text:_SlDrvClassifyRxMsg)
                  20012ab4    00000094     rtsv7M4_T_le_eabi.lib : auto_init.obj (.text)
                  20012b48    00000090     simplelink.a : driver.obj (.text:_SlDrvMsgReadSpawnCtx)
                  20012bd8    0000008c                  : fs.obj (.text:sl_FsRead)
                  20012c64    0000008c                  : fs.obj (.text:sl_FsWrite)
                  20012cf0    00000088     driverlib.a : prcm.obj (.text:PRCMHibernateIntervalSet)
                  20012d78    00000088                 : pin.obj (.text:PinConfigSet)
                  20012e00    00000088     rtsv7M4_T_le_eabi.lib : vsnprintf.obj (.text)
                  20012e88    00000088     simplelink.a : netapp.obj (.text:sl_NetAppMDNSRegisterUnregisterService)
                  20012f10    00000086     rtsv7M4_T_le_eabi.lib : fd_cmp_t2.obj (.text:__aeabi_cdcmple)
                  20012f96    00000086                           : fd_cmp_t2.obj (.text:__aeabi_cdrcmple)
                  2001301c    00000084     driverlib.a : i2c.obj (.text:I2CMasterInitExpClk)
                  200130a0    00000084     simplelink.a : driver.obj (.text:_SlDrvCmdOp)
                  20013124    00000080                  : cc_pal.obj (.text:NwpPowerOnPreamble)
                  200131a4    00000080     cc3200_debug.obj (.text)
                  20013224    0000007c     simplelink.a : driver.obj (.text:_SlDrvDriverCBInit)
                  200132a0    0000007c                  : netapp.obj (.text:_sl_HandleAsync_DnsGetHostByName)
                  2001331c    0000007c                  : device.obj (.text:sl_DevGet)
                  20013398    0000007c                  : fs.obj (.text:sl_FsClose)
                  20013414    0000007a     rtsv7M4_T_le_eabi.lib : fs_mul_t2.obj (.text)
                  2001348e    00000002     --HOLE-- [fill = 0]
                  20013490    00000078     simplelink.a : cc_pal.obj (.text:SetupDMAReceive)
                  20013508    00000078     rtsv7M4_T_le_eabi.lib : memset_t2.obj (.text)
                  20013580    00000076     driverlib.a : uart.obj (.text:UARTConfigSetExpClk)
                  200135f6    00000002     --HOLE-- [fill = 0]
                  200135f8    00000074     simplelink.a : device.obj (.text:_sl_HandleAsync_InitComplete)
                  2001366c    00000074                  : wlan.obj (.text:sl_WlanGet)
                  200136e0    00000074                  : cc_pal.obj (.text:spi_Close)
                  20013754    00000070     driverlib.a : timer.obj (.text:TimerIntRegister)
                  200137c4    00000070     simplelink.a : netapp.obj (.text:_sl_HandleAsync_PingResponse)
                  20013834    0000006e                  : socket.obj (.text:_sl_TruncatePayloadByProtocol)
                  200138a2    00000002     --HOLE-- [fill = 0]
                  200138a4    0000006c     rtsv7M4_T_le_eabi.lib : fprintf.obj (.text)
                  20013910    00000068     driverlib.a : prcm.obj (.text:PRCMHibernateWakeUpGPIOSelect)
                  20013978    00000068                 : timer.obj (.text:TimerIntUnregister)
                  200139e0    00000068     simplelink.a : socket.obj (.text:_sl_HandleAsync_Connect)
                  20013a48    00000068                  : netapp.obj (.text:_sl_HandleAsync_DnsGetHostByService)
                  20013ab0    00000068                  : fs.obj (.text:sl_FsGetInfo)
                  20013b18    00000064                  : fs.obj (.text:_sl_GetCreateFsMode)
                  20013b7c    00000064                  : socket.obj (.text:_sl_HandleAsync_Accept)
                  20013be0    00000064     rtsv7M4_T_le_eabi.lib : fseek.obj (.text)
                  20013c44    00000064                           : xdunscal.obj (.text)
                  20013ca8    00000064     driverlib.a : udma.obj (.text:uDMAChannelAttributeDisable)
                  20013d0c    00000064                 : udma.obj (.text:uDMAChannelAttributeEnable)
                  20013d70    00000060     rtsv7M4_T_le_eabi.lib : fs_cmp_t2.obj (.text:__aeabi_cfcmple)
                  20013dd0    00000060                           : fs_cmp_t2.obj (.text:__aeabi_cfrcmple)
                  20013e30    00000060                           : sprintf.obj (.text)
                  20013e90    00000060                           : trgmsg.obj (.text)
                  20013ef0    0000005e                           : copy_decompress_rle.obj (.text)
                  20013f4e    0000005a                           : ltoa.obj (.text)
                  20013fa8    00000058     driverlib.a : interrupt.obj (.text:IntPendClear)
                  20014000    00000058                 : prcm.obj (.text:PRCMPeripheralReset)
                  20014058    00000058     simplelink.a : driver.obj (.text:_SlDrvDriverCBDeinit)
                  200140b0    00000058                  : socket.obj (.text:_sl_HandleAsync_Select)
                  20014108    00000054     driverlib.a : interrupt.obj (.text:IntPrioritySet)
                  2001415c    00000054     simplelink.a : device.obj (.text:_sl_HandleAsync_Stop)
                  200141b0    00000054                  : fs.obj (.text:sl_FsOpen)
                  20014204    00000054                  : netapp.obj (.text:sl_NetAppSendTokenValue)
                  20014258    00000050     driverlib.a : prcm.obj (.text:PRCMSlowClkCtrGet)
                  200142a8    00000050     app_common.obj (.text)
                  200142f8    00000050     rtsv7M4_T_le_eabi.lib : fs_toull_t2.obj (.text)
                  20014348    0000004c     driverlib.a : spi.obj (.text:SPIIntEnable)
                  20014394    0000004c     rtsv7M4_T_le_eabi.lib : atoi.obj (.text)
                  200143e0    0000004c                           : rand.obj (.text)
                  2001442c    0000004c     simplelink.a : socket.obj (.text:sl_SetSockOpt)
                  20014478    0000004c     driverlib.a : udma.obj (.text:uDMAChannelAssign)
                  200144c4    0000004a     simplelink.a : device.obj (.text:_sl_GetStartResponseConvert)
                  2001450e    0000004a     rtsv7M4_T_le_eabi.lib : fd_tos_t2.obj (.text)
                  20014558    00000048     driverlib.a : prcm.obj (.text:PRCMHibernateWakeupSourceDisable)
                  200145a0    00000048                 : prcm.obj (.text:PRCMHibernateWakeupSourceEnable)
                  200145e8    00000048                 : spi.obj (.text:SPIIntClear)
                  20014630    00000048     rtsv7M4_T_le_eabi.lib : fd_toi_t2.obj (.text)
                  20014678    00000048     simplelink.a : device.obj (.text:sl_DevSet)
                  200146c0    00000048                  : fs.obj (.text:sl_FsDel)
                  20014708    00000048                  : wlan.obj (.text:sl_WlanSet)
                  20014750    00000044     driverlib.a : spi.obj (.text:SPIDmaMaskGet)
                  20014794    00000044                 : timer.obj (.text:TimerConfigure)
                  200147d8    00000044     rtsv7M4_T_le_eabi.lib : cpy_tbl.obj (.text)
                  2001481c    00000044                           : exit.obj (.text)
                  20014860    00000044                           : fd_tou_t2.obj (.text)
                  200148a4    00000044                           : xdtest.obj (.text)
                  200148e8    00000044     simplelink.a : netcfg.obj (.text:sl_NetCfgSet)
                  2001492c    00000044                  : socket.obj (.text:sl_Recv)
                  20014970    00000040     driverlib.a : pin.obj (.text:PinModeSet)
                  200149b0    00000040     simplelink.a : driver.obj (.text:_SlDrvRxIrqHandler)
                  200149f0    00000040                  : driver.obj (.text:_SlRemoveFromList)
                  20014a30    00000040     rtsv7M4_T_le_eabi.lib : signal.obj (.text)
                  20014a70    00000040     simplelink.a : wlan.obj (.text:sl_WlanPolicySet)
                  20014ab0    00000040                  : wlan.obj (.text:sl_WlanRxFilterSet)
                  20014af0    0000003c                  : cc_pal.obj (.text:NwpPowerOff)
                  20014b2c    0000003c     driverlib.a : prcm.obj (.text:PRCMPeripheralClkEnable)
                  20014b68    0000003c     simplelink.a : driver.obj (.text:_SlDrvObjInit)
                  20014ba4    0000003c     rtsv7M4_T_le_eabi.lib : strncasecmp.obj (.text)
                  20014be0    0000003c     driverlib.a : udma.obj (.text:uDMAChannelControlSet)
                  20014c1c    0000003a                 : camera.obj (.text:CameraCaptureStop)
                  20014c56    0000003a                 : camera.obj (.text:CameraXClkConfig)
                  20014c90    00000038     free_rtos.a : heap_3.obj (.text)
                  20014cc8    00000038     rtsv7M4_T_le_eabi.lib : fs_tod_t2.obj (.text)
                  20014d00    00000038                           : fs_toi_t2.obj (.text)
                  20014d38    00000038                           : i_tofs_t2.obj (.text)
                  20014d70    00000038     simplelink.a : socket.obj (.text:sl_Htonl)
                  20014da8    00000036     driverlib.a : gpio.obj (.text:GPIODirModeSet)
                  20014dde    00000034                 : camera.obj (.text:CameraParamsConfig)
                  20014e12    00000002     --HOLE-- [fill = 0]
                  20014e14    00000034                 : prcm.obj (.text:PRCMPeripheralStatusGet)
                  20014e48    00000034                 : spi.obj (.text:SPIFIFOLevelSet)
                  20014e7c    00000034     simplelink.a : driver.obj (.text:_SlDrvBasicCmd)
                  20014eb0    00000034     rtsv7M4_T_le_eabi.lib : boot.obj (.text)
                  20014ee4    00000034                           : feraiseexcept.obj (.text)
                  20014f18    00000034                           : fs_tou_t2.obj (.text)
                  20014f4c    00000034                           : strstr.obj (.text)
                  20014f80    00000034     simplelink.a : socket.obj (.text:sl_Htons)
                  20014fb4    00000030                  : cc_pal.obj (.text:NwpPowerOn)
                  20014fe4    00000030     driverlib.a : pin.obj (.text:PinTypeGPIO)
                  20015014    00000030                 : uart.obj (.text:UARTDisable)
                  20015044    00000030     rtsv7M4_T_le_eabi.lib : strncpy.obj (.text)
                  20015074    00000030                           : xferaise.obj (.text)
                  200150a4    00000030     simplelink.a : socket.obj (.text:sl_Socket)
                  200150d4    0000002e     rtsv7M4_T_le_eabi.lib : i_tofd_t2.obj (.text)
                  20015102    0000002e                           : raise.obj (.text)
                  20015130    0000002c     driverlib.a : camera.obj (.text:CameraIntEnable)
                  2001515c    0000002c     simplelink.a : cc_pal.obj (.text:DmaSpiSwIntHandler)
                  20015188    0000002c     driverlib.a : i2c.obj (.text:I2CMasterErr)
                  200151b4    0000002c                 : prcm.obj (.text:PRCMSysResetCauseGet)
                  200151e0    0000002c     simplelink.a : flowcont.obj (.text:_SlDrvFlowContDeinit)
                  2001520c    0000002c                  : flowcont.obj (.text:_SlDrvFlowContInit)
                  20015238    0000002a     driverlib.a : timer.obj (.text:TimerLoadSet)
                  20015262    0000002a                 : timer.obj (.text:TimerPrescaleSet)
                  2001528c    00000028                 : camera.obj (.text:CameraIntStatus)
                  200152b4    00000028                 : prcm.obj (.text:PRCMPeripheralClkDisable)
                  200152dc    00000028     simplelink.a : socket.obj (.text:_sl_BuildAddress)
                  20015304    00000028     rtsv7M4_T_le_eabi.lib : strncat.obj (.text)
                  2001532c    00000028     simplelink.a : wlan.obj (.text:sl_WlanSetMode)
                  20015354    00000026     driverlib.a : camera.obj (.text:CameraThresholdSet)
                  2001537a    00000026     rtsv7M4_T_le_eabi.lib : strncmp.obj (.text)
                  200153a0    00000024     driverlib.a : camera.obj (.text:CameraIntClear)
                  200153c4    00000024                 : interrupt.obj (.text:IntUnregister)
                  200153e8    00000024                 : uart.obj (.text:UARTEnable)
                  2001540c    00000024     rtsv7M4_T_le_eabi.lib : memmov.obj (.text)
                  20015430    00000024                           : u_tofs_t2.obj (.text)
                  20015454    00000024     simplelink.a : socket.obj (.text:sl_Close)
                  20015478    00000024                  : netapp.obj (.text:sl_NetAppStart)
                  2001549c    00000024                  : netapp.obj (.text:sl_NetAppStop)
                  200154c0    00000024                  : wlan.obj (.text:sl_WlanProfileDel)
                  200154e4    00000022     driverlib.a : camera.obj (.text:CameraCaptureStart)
                  20015506    00000022                 : i2c.obj (.text:I2CMasterSlaveAddrSet)
                  20015528    00000022     simplelink.a : cc_pal.obj (.text:NwpRegisterInterruptHandler)
                  2001554a    00000022     driverlib.a : spi.obj (.text:SPIReset)
                  2001556c    00000022                 : spi.obj (.text:SPIWordCountSet)
                  2001558e    00000022     rtsv7M4_T_le_eabi.lib : memcmp.obj (.text)
                  200155b0    00000020     driverlib.a : interrupt.obj (.text:IntRegister)
                  200155d0    00000020     simplelink.a : driver.obj (.text:_SlDrvCmdSend)
                  200155f0    00000020     rtsv7M4_T_le_eabi.lib : u_tofd_t2.obj (.text)
                  20015610    0000001e     driverlib.a : i2c.obj (.text:I2CMasterIntStatusEx)
                  2001562e    0000001e                 : timer.obj (.text:TimerDisable)
                  2001564c    0000001e                 : timer.obj (.text:TimerEnable)
                  2001566a    0000001e                 : timer.obj (.text:TimerIntStatus)
                  20015688    0000001e                 : uart.obj (.text:UARTCharPut)
                  200156a6    0000001c                 : pin.obj (.text:PinTypeI2C)
                  200156c2    0000001c                 : timer.obj (.text:TimerValueGet)
                  200156de    00000002     --HOLE-- [fill = 0]
                  200156e0    0000001c     simplelink.a : driver.obj (.text:_SlDrvObjDeInit)
                  200156fc    0000001c     rtsv7M4_T_le_eabi.lib : memccpy.obj (.text)
                  20015718    0000001c     driverlib.a : udma.obj (.text:uDMAChannelDisable)
                  20015734    0000001c                 : udma.obj (.text:uDMAChannelEnable)
                  20015750    0000001a     simplelink.a : netapp.obj (.text:CopyPingResultsToReport)
                  2001576a    0000001a     driverlib.a : pin.obj (.text:PinTypeCamera)
                  20015784    0000001a                 : pin.obj (.text:PinTypeUART)
                  2001579e    0000001a                 : spi.obj (.text:SPIDmaDisable)
                  200157b8    0000001a                 : spi.obj (.text:SPIDmaEnable)
                  200157d2    0000001a                 : spi.obj (.text:SPIFIFODisable)
                  200157ec    0000001a                 : spi.obj (.text:SPIFIFOEnable)
                  20015806    0000001a     simplelink.a : device.obj (.text:_SlDrvDeviceEventHandler)
                  20015820    00000018     driverlib.a : camera.obj (.text:CameraReset)
                  20015838    00000018                 : gpio.obj (.text:GPIOPinRead)
                  20015850    00000018                 : prcm.obj (.text:PRCMHibernateEnter)
                  20015868    00000018                 : spi.obj (.text:SPICSDisable)
                  20015880    00000018                 : spi.obj (.text:SPICSEnable)
                  20015898    00000018                 : spi.obj (.text:SPIDisable)
                  200158b0    00000018                 : spi.obj (.text:SPIEnable)
                  200158c8    00000018                 : timer.obj (.text:TimerIntDisable)
                  200158e0    00000018                 : timer.obj (.text:TimerIntEnable)
                  200158f8    00000018     rtsv7M4_T_le_eabi.lib : args_main.obj (.text)
                  20015910    00000018                           : ll_mul_t2.obj (.text)
                  20015928    00000018                           : strcmp.obj (.text)
                  20015940    00000016     driverlib.a : camera.obj (.text:CameraDMAEnable)
                  20015956    00000016                 : camera.obj (.text:CameraIntRegister)
                  2001596c    00000016                 : i2c.obj (.text:I2CMasterDataPut)
                  20015982    00000016                 : i2c.obj (.text:I2CMasterEnable)
                  20015998    00000016                 : prcm.obj (.text:PRCMHIBRegRead)
                  200159ae    00000016                 : prcm.obj (.text:PRCMHIBRegWrite)
                  200159c4    00000016                 : uart.obj (.text:UARTCharGet)
                  200159da    00000016     simplelink.a : fs.obj (.text:_sl_Strlen)
                  200159f0    00000016     rtsv7M4_T_le_eabi.lib : memchr.obj (.text)
                  20015a06    00000016                           : strchr.obj (.text)
                  20015a1c    00000016     driverlib.a : udma.obj (.text:uDMAIntRegister)
                  20015a32    00000014                 : cpu.obj (.text:CPUcpsie)
                  20015a46    00000002     --HOLE-- [fill = 0]
                  20015a48    00000014                 : interrupt.obj (.text:IntVTableBaseSet)
                  20015a5c    00000014     simplelink.a : driver.obj (.text:_SlDrvShiftDWord)
                  20015a70    00000014     rtsv7M4_T_le_eabi.lib : _lock.obj (.text)
                  20015a84    00000014                           : strlen.obj (.text)
                  20015a98    00000014     driverlib.a : udma.obj (.text:uDMAControlBaseSet)
                  20015aac    00000014                 : udma.obj (.text:uDMAIntClear)
                  20015ac0    00000012                 : i2c.obj (.text:I2CMasterControl)
                  20015ad2    00000012                 : i2c.obj (.text:I2CMasterIntClearEx)
                  20015ae4    00000012                 : i2c.obj (.text:I2CMasterTimeoutSet)
                  20015af6    00000012                 : timer.obj (.text:TimerIntClear)
                  20015b08    00000012     rtsv7M4_T_le_eabi.lib : copy_zero_init.obj (.text:decompress:ZI)
                  20015b1a    00000012     simplelink.a : netapp.obj (.text:sl_NetAppMDNSUnRegisterService)
                  20015b2c    00000012     driverlib.a : udma.obj (.text:uDMAIntUnregister)
                  20015b3e    00000002     --HOLE-- [fill = 0]
                  20015b40    00000010     simplelink.a : cc_pal.obj (.text:NwpMaskInterrupt)
                  20015b50    00000010                  : socket.obj (.text:SL_FD_SET)
                  20015b60    00000010     rtsv7M4_T_le_eabi.lib : strcpy.obj (.text)
                  20015b70    0000000e     driverlib.a : i2c.obj (.text:I2CMasterDataGet)
                  20015b7e    0000000e     rtsv7M4_T_le_eabi.lib : copy_decompress_none.obj (.text:decompress:none)
                  20015b8c    0000000e                           : xdclass.obj (.text)
                  20015b9a    0000000e     startup_ccs.obj (.text)
                  20015ba8    0000000c     simplelink.a : cc_pal.obj (.text:NwpUnMaskInterrupt)
                  20015bb4    0000000c     driverlib.a : udma.obj (.text:uDMADisable)
                  20015bc0    0000000c                 : udma.obj (.text:uDMAEnable)
                  20015bcc    0000000c                 : udma.obj (.text:uDMAIntStatus)
                  20015bd8    0000000a                 : interrupt.obj (.text:IntMasterEnable)
                  20015be2    00000008     simplelink.a : wlan.obj (.text:sl_WlanDisconnect)
                  20015bea    00000006     i2cconfig.obj (.text:MT9D111Delay)
                  20015bf0    00000006     simplelink.a : socket.obj (.text:SL_FD_ZERO)
                  20015bf6    00000006     driverlib.a : utils.obj (.text:UtilsDelay)
                  20015bfc    00000006     rtsv7M4_T_le_eabi.lib : copy_decompress_rle.obj (.text:decompress:rle24)
                  20015c02    00000006                           : log.obj (.text)
                  20015c08    00000004                           : error.obj (.text)
                  20015c0c    00000004                           : xldtest.obj (.text)

.const     0    20015c10    00000ce5     
                  20015c10    00000140     mt9d111.obj (.const:init_cmds_list)
                  20015d50    00000102     rtsv7M4_T_le_eabi.lib : ctype.obj (.const:.string:_ctypes_)
                  20015e52    00000002     --HOLE-- [fill = 0]
                  20015e54    00000100     driverlib.a : pin.obj (.const:g_ulPinToPadMap)
                  20015f54    000000ec     simplelink.a : wlan.obj (.const)
                  20016040    000000d4     driverlib.a : interrupt.obj (.const:g_pulRegs)
                  20016114    000000c8     mt9d111.obj (.const)
                  200161dc    000000c4     mt9d111.obj (.const:capture_cmds_list)
                  200162a0    000000a8     driverlib.a : prcm.obj (.const:PRCM_PeriphRegsList)
                  20016348    00000088     rtsv7M4_T_le_eabi.lib : xlatan.obj (.const)
                  200163d0    00000080     driverlib.a : interrupt.obj (.const)
                  20016450    0000005d     mt9d111.obj (.const:.string)
                  200164ad    00000053     network_relater_fns.obj (.const:.string)
                  20016500    00000050     mt9d111.obj (.const:$P$T24$25)
                  20016550    0000004c     mt9d111.obj (.const:$P$T5$6)
                  2001659c    0000004c     simplelink.a : driver.obj (.const)
                  200165e8    00000048     rtsv7M4_T_le_eabi.lib : xexp.obj (.const)
                  20016630    00000038                           : xlog.obj (.const:p)
                  20016668    00000038     simplelink.a : fs.obj (.const)
                  200166a0    00000036     flash_files.obj (.const:.string)
                  200166d6    00000002     --HOLE-- [fill = 0]
                  200166d8    00000034     simplelink.a : socket.obj (.const)
                  2001670c    00000030     rtsv7M4_T_le_eabi.lib : xdint.obj (.const)
                  2001673c    0000002c     cc3200_utils.obj (.const:$P$T0$1)
                  20016768    0000002c     network_relater_fns.obj (.const:$P$T1$2)
                  20016794    0000002b     parse_uploads.obj (.const:.string)
                  200167bf    00000001     --HOLE-- [fill = 0]
                  200167c0    00000028     simplelink.a : netapp.obj (.const)
                  200167e8    00000023     mt9d111.obj (.const:.string:$P$T1$2)
                  2001680b    00000022     network_relater_fns.obj (.const:.string:$P$T0$1)
                  2001682d    00000003     --HOLE-- [fill = 0]
                  20016830    00000020     network_relater_fns.obj (.const)
                  20016850    0000001b     wifi_provisioning_thruAPmode.obj (.const:.string)
                  2001686b    00000001     --HOLE-- [fill = 0]
                  2001686c    00000018     driverlib.a : spi.obj (.const)
                  20016884    00000017     request.obj (.const:.string)
                  2001689b    00000016     camera_app.obj (.const:.string)
                  200168b1    00000016     collect_and_txit.obj (.const:.string)
                  200168c7    00000001     --HOLE-- [fill = 0]
                  200168c8    00000014     simplelink.a : device.obj (.const)
                  200168dc    0000000b     app_common.obj (.const:.string)
                  200168e7    00000001     --HOLE-- [fill = 0]
                  200168e8    00000008     simplelink.a : netcfg.obj (.const)
                  200168f0    00000005     main.obj (.const:.string)

.cinit     0    200168f8    00000bf0     
                  200168f8    00000bcb     (.cinit..data.load) [load image, compression = rle]
                  200174c3    00000001     --HOLE-- [fill = 0]
                  200174c4    0000000c     (__TI_handler_table)
                  200174d0    00000008     (.cinit..bss.load) [load image, compression = zero_init]
                  200174d8    00000010     (__TI_cinit_table)

.bss       0    20018000    00014cdc     UNINITIALIZED
                  20018000    00014000     main.obj (.bss:g_image_buffer)
                  2002c000    00000400     udma_if.obj (.bss:gpCtlTbl)
                  2002c400    00000370     main.obj (.bss:g_NetEntries)
                  2002c770    00000120     rtsv7M4_T_le_eabi.lib : trgmsg.obj (.bss:__CIOBUF_)
                  2002c890    00000100     udma_if.obj (.bss:gfpAppCallbackHndl)
                  2002c990    000000c8     free_rtos.a : tasks.obj (.bss:pxReadyTasksLists)
                  2002ca58    000000a0     rtsv7M4_T_le_eabi.lib : defs.obj (.bss:__TI_tmpnams)
                  2002caf8    00000050     free_rtos.a : queue.obj (.bss:xQueueRegistry)
                  2002cb48    00000034     cc3200_client_state.obj (.bss:clientStateFileName)
                  2002cb7c    00000034     main.obj (.bss:g_cWlanSecurityKey)
                  2002cbb0    00000024     main.obj (.bss:g_cWlanSSID)
                  2002cbd4    00000024     main.obj (.bss:g_ucConnectionSSID)
                  2002cbf8    0000001c     rtsv7M4_T_le_eabi.lib : vla_alloc.obj (.bss)
                  2002cc14    00000014     (.common:g_flag_blockFull)
                  2002cc28    00000014     (.common:xDelayedTaskList1)
                  2002cc3c    00000014     (.common:xDelayedTaskList2)
                  2002cc50    00000014     (.common:xPendingReadyList)
                  2002cc64    00000014     (.common:xSuspendedTaskList)
                  2002cc78    00000014     (.common:xTasksWaitingTermination)
                  2002cc8c    0000000c     (.common:g_SecParams)
                  2002cc98    00000008     (.common:g_ucConnectionBSSID)
                  2002cca0    00000008     (.common:parmbuf)
                  2002cca8    00000004     (.common:__Errorlog)
                  2002ccac    00000004     (.common:dataBuffer)
                  2002ccb0    00000004     (.common:g_block_lastFilled)
                  2002ccb4    00000004     (.common:g_cWlanSecurityType)
                  2002ccb8    00000004     (.common:g_frame_size_in_bytes)
                  2002ccbc    00000004     (.common:g_header_length)
                  2002ccc0    00000004     (.common:g_position_in_block)
                  2002ccc4    00000004     (.common:g_readHeader)
                  2002ccc8    00000004     (.common:g_total_dma_intrpts)
                  2002cccc    00000004     (.common:pxDelayedTaskList)
                  2002ccd0    00000004     (.common:pxOverflowDelayedTaskList)
                  2002ccd4    00000004     (.common:v_TimerOverflows)
                  2002ccd8    00000001     (.common:g_dma_txn_done)
                  2002ccd9    00000001     (.common:g_flag_DataBlockFilled)
                  2002ccda    00000001     (.common:g_frame_end)
                  2002ccdb    00000001     (.common:iDone)

.sysmem    0    2002cce0    00004000     UNINITIALIZED
                  2002cce0    00000008     rtsv7M4_T_le_eabi.lib : memory.obj (.sysmem)
                  2002cce8    00003ff8     --HOLE--


LINKER GENERATED COPY TABLES

__TI_cinit_table @ 200174d8 records: 2, size/record: 8, table size: 16
	.data: load addr=200168f8, load size=00000bcb bytes, run addr=20000000, run size=0000158c bytes, compression=rle
	.bss: load addr=200174d0, load size=00000008 bytes, run addr=20018000, run size=00014cdc bytes, compression=zero_init


LINKER GENERATED HANDLER TABLE

__TI_handler_table @ 200174c4 records: 3, size/record: 4, table size: 12
	index: 0, handler: __TI_decompress_rle24
	index: 1, handler: __TI_decompress_none
	index: 2, handler: __TI_zero_init


GLOBAL SYMBOLS: SORTED ALPHABETICALLY BY Name 

address    name
--------   ----
200090af   AnalogGainReg_Read
2001481d   C$$EXIT
20013ebb   C$$IO$$
20009019   CCMRegs_Read
20015a33   CPUcpsie
200082f5   CamControllerInit
200154e5   CameraCaptureStart
20014c1d   CameraCaptureStop
20015941   CameraDMAEnable
200153a1   CameraIntClear
20015131   CameraIntEnable
20015957   CameraIntRegister
2001528d   CameraIntStatus
20014ddf   CameraParamsConfig
20015821   CameraReset
20008ac1   CameraSensorInit
20008ac9   CameraSensorInit_SettingsFromFlash
20015355   CameraThresholdSet
20014c57   CameraXClkConfig
2000803b   CaptureAndStore_Image
2000eee9   ClearTerm
2000f3cd   CollectTxit_ImgTempRH
20005949   ConfigureMode
200056a1   ConfigureSimpleLinkToDefaultState
200059a1   ConnectToNetwork
20005b09   ConnectToNetwork_2
20005bd5   ConnectToNetwork_STA
20005baf   ConnectToNetwork_STA_2
2000d77b   ConstructDeviceStateObject
20015751   CopyPingResultsToReport
2000ecf5   CreateFile_Flash
20001324   DMAMsgQ
2000f84d   DMASetupTransfer
20001574   DigiCertHighAssuranceEVRootCA_der_len
20009049   DigitalGainRegs_Read
2000f717   DmaErrorIntHandler
2001515d   DmaSpiSwIntHandler
2000f705   DmaSwIntHandler
200093b3   EnterStandby_mt9d111
2000eeef   Error
200093fd   ExitStandby_mt9d111
2000a3e1   FXOS8700CQ_Init
2000a4cd   FXOS8700CQ_Mag_Calibration
20014da9   GPIODirModeSet
20015839   GPIOPinRead
2000ef23   GetCmd
20011b6d   GetTimeDuration
20011875   HIBernate
2000dc2d   HOSTclock
2000dbf5   HOSTclose
2000dbb7   HOSTgetenv
2000db5b   HOSTlseek
2000db09   HOSTopen
2000dabd   HOSTread
2000da5f   HOSTrename
2000da25   HOSTtime
2000d9ed   HOSTunlink
2000d9a1   HOSTwrite
2000fbcb   I2CBufferRead
2000fc73   I2CBufferWrite
2000fbad   I2CInit
20015ac1   I2CMasterControl
20015b71   I2CMasterDataGet
2001596d   I2CMasterDataPut
20015983   I2CMasterEnable
20015189   I2CMasterErr
2001301d   I2CMasterInitExpClk
20015ad3   I2CMasterIntClearEx
20015611   I2CMasterIntStatusEx
20015507   I2CMasterSlaveAddrSet
20015ae5   I2CMasterTimeoutSet
2000fa0f   I2C_IF_Close
2000f9e5   I2C_IF_Open
2000f95d   I2C_IF_Read
2000f9c5   I2C_IF_ReadFrom
2000f8fb   I2C_IF_Write
2000eeb1   InitTerm
2000d6cd   InitialiseParse
20005659   InitializeAppVariables
20011b17   InitializeTimer
200123f5   IntDisable
2001249d   IntEnable
20015bd9   IntMasterEnable
20013fa9   IntPendClear
20014109   IntPrioritySet
200155b1   IntRegister
200153c5   IntUnregister
20015a49   IntVTableBaseSet
2000912b   JPEGDataLength_read
20000000   JPEG_StdHuffmanTbl
2000137c   JPEG_StdQuantTblC
200013bc   JPEG_StdQuantTblY
20008ff1   JpegConfigReg_Read
20015beb   MT9D111Delay
2000df51   Main_Task
2000eecf   Message
20015b41   NwpMaskInterrupt
20014af1   NwpPowerOff
20014fb5   NwpPowerOn
20013125   NwpPowerOnPreamble
20015529   NwpRegisterInterruptHandler
20015ba9   NwpUnMaskInterrupt
200090ed   PCLK_Rate_read
2001038d   PRCMCC3200MCUInit
20015999   PRCMHIBRegRead
200159af   PRCMHIBRegWrite
20015851   PRCMHibernateEnter
20012cf1   PRCMHibernateIntervalSet
20013911   PRCMHibernateWakeUpGPIOSelect
20014559   PRCMHibernateWakeupSourceDisable
200145a1   PRCMHibernateWakeupSourceEnable
200152b5   PRCMPeripheralClkDisable
20014b2d   PRCMPeripheralClkEnable
2001298d   PRCMPeripheralClockGet
20014001   PRCMPeripheralReset
20014e15   PRCMPeripheralStatusGet
20014259   PRCMSlowClkCtrGet
200151b5   PRCMSysResetCauseGet
20012d79   PinConfigSet
20014971   PinModeSet
200115bd   PinMuxConfig
2001576b   PinTypeCamera
20014fe5   PinTypeGPIO
200156a7   PinTypeI2C
20015785   PinTypeUART
2000b1e5   ProvisioningAP
20008e35   ReadAllAEnAWBRegs
2000edf5   ReadFile_FromFlash
200091a3   ReadMCUBootModeReg
20008dd3   RegStatusRead
2000efcd   Report
20015b9b   ResetISR
20009175   ResetImageSensorMCU
UNDEFED    SHT$$INIT_ARRAY$$Base
UNDEFED    SHT$$INIT_ARRAY$$Limit
20015b51   SL_FD_SET
20015bf1   SL_FD_ZERO
20015869   SPICSDisable
20015881   SPICSEnable
200125ed   SPIConfigSetExpClk
20015899   SPIDisable
2001579f   SPIDmaDisable
200157b9   SPIDmaEnable
200158b1   SPIEnable
200157d3   SPIFIFODisable
200157ed   SPIFIFOEnable
20014e49   SPIFIFOLevelSet
200145e9   SPIIntClear
20014349   SPIIntEnable
2001554b   SPIReset
2001556d   SPIWordCountSet
200014d8   SecurityParams
2000f795   SetupTransfer
2000907d   ShutterRegs_Read
200063f7   SimpleLinkHttpServerCallback
20005f1d   SimpleLinkNetAppEventHandler
20005f8d   SimpleLinkSockEventHandler
20005dc5   SimpleLinkWlanEventHandler
200091bd   SoftReset_ImageSensor
20008015   Standby_ImageSensor
20008af1   StartCapture_SettingsFromFlash
20008c1f   StartSensorInJpegMode
20011b43   StartTimer
20011b5f   StopTimer
2000dca1   TestOrProfile_CameraModuleStandby
2000dd73   Test_HibernateSlwClkCtrWakeup
2000dd05   Test_ImageSensConfigFromFlash
2000dc75   Test_Provisioning_thruAP
2000dd47   Test_TimerWorking
20011b05   TimerBaseIntHandler
20014795   TimerConfigure
2001562f   TimerDisable
2001564d   TimerEnable
20015af7   TimerIntClear
200158c9   TimerIntDisable
200158e1   TimerIntEnable
20013755   TimerIntRegister
2001566b   TimerIntStatus
20013979   TimerIntUnregister
20015239   TimerLoadSet
20015263   TimerPrescaleSet
200156c3   TimerValueGet
200125c9   Timer_IF_DeInit
200125e1   Timer_IF_GetCount
20012545   Timer_IF_Init
2001256f   Timer_IF_IntSetup
200125a1   Timer_IF_InterruptClear
20015239   Timer_IF_ReLoad
200125b5   Timer_IF_Start
2001562f   Timer_IF_Stop
2000ef83   TrimSpace
200159c5   UARTCharGet
20015689   UARTCharPut
20013581   UARTConfigSetExpClk
20015015   UARTDisable
200153e9   UARTEnable
2000f76d   UDMAChannelSelect
2000f839   UDMADeInit
2000f723   UDMAInit
2000f7cb   UDMASetupAutoMemTransfer
2000f7ef   UDMASetupPingPongTransfer
20015719   UDMAStopTransfer
2000d6e3   UploadImageToParse
2000d719   UploadSensorDataToParse
20015bf7   UtilsDelay
2000bde5   VDeleteSimpleLinkSpawnTask
2000bd95   VStartSimpleLinkSpawnTask
20009215   Variable_Read
200091e5   Verify_ImageSensor
2000802d   Wakeup_ImageSensor
20008e13   WriteAllAEnAWBRegs
20008b1f   WriteConfigRegFile_toFlash
20008bf1   WriteConfigRegFilefromUser_toFlash
2000ed4d   WriteFile_ToFlash
20015b8d   _Dclass
200011c0   _Denorm
20011ca9   _Dint
20011d6d   _Dnorm
20010ba1   _Dscale
200148a5   _Dtest
20013c45   _Dunscale
200011d0   _Eps
2000157c   _Errno
2000e745   _Exp
200012b0   _FDenorm
200012c0   _FEps
200012d0   _FInf
200012e0   _FNan
20001300   _FRteps
200012f0   _FSnan
20001310   _FXbig
20001314   _FZero
20001564   _Fenv
20015075   _Feraise
200011e0   _Hugeval
200011f0   _Inf
2000fa25   _LAtan
20001240   _LDenorm
20015c0d   _LDtest
20001250   _LEps
20001260   _LInf
20001270   _LNan
20001290   _LRteps
20001280   _LSnan
200012a0   _LXbig
200012a8   _LZero
2000d3e9   _Log
20001200   _Nan
20001220   _Rteps
200166f8   _SlAcceptCmdCtrl
200165b0   _SlActionLookupTable
2000ca75   _SlAsyncEventGenericHandler
200168d4   _SlDeviceGetCmdCtrl
200168d8   _SlDeviceSetCmdCtrl
20014e7d   _SlDrvBasicCmd
20012a21   _SlDrvClassifyRxMsg
200130a1   _SlDrvCmdOp
200155d1   _SlDrvCmdSend
2000fd1d   _SlDrvDataReadOp
20010725   _SlDrvDataWriteOp
20015807   _SlDrvDeviceEventHandler
20014059   _SlDrvDriverCBDeinit
20013225   _SlDrvDriverCBInit
200151e1   _SlDrvFlowContDeinit
2001520d   _SlDrvFlowContInit
2000c345   _SlDrvMsgRead
20012131   _SlDrvMsgReadCmdCtx
20012b49   _SlDrvMsgReadSpawnCtx
2001097d   _SlDrvMsgWrite
200121e5   _SlDrvNetAppEventHandler
200156e1   _SlDrvObjDeInit
20014b69   _SlDrvObjInit
20010fd1   _SlDrvReleasePoolObj
2000ffd5   _SlDrvRxHdrRead
200149b1   _SlDrvRxIrqHandler
20015a5d   _SlDrvShiftDWord
20010cb1   _SlDrvWaitForPoolObj
200168d0   _SlEventMaskGetCmdCtrl
200168cc   _SlEventMaskSetCmdCtrl
200127c5   _SlFindAndSetActiveObj
2001666c   _SlFsCloseCmdCtrl
2001667c   _SlFsDeleteCmdCtrl
20016678   _SlFsGetInfoCmdCtrl
20016668   _SlFsOpenCmdCtrl
20016670   _SlFsReadCmdCtrl
20016674   _SlFsWriteCmdCtrl
200167d8   _SlGetHostByNameCtrl
200167d4   _SlGetHostByServiceCtrl
200167cc   _SlGetServiceListeCtrl
20016704   _SlGetSockOptCmdCtrl
200166f4   _SlListenCmdCtrl
200167e4   _SlNetAppGetCmdCtrl
200167e0   _SlNetAppSendTokenValueCmdCtrl
200167dc   _SlNetAppSetCmdCtrl
200167c4   _SlNetAppStartCtrl
200167c8   _SlNetAppStopCtrl
200168ec   _SlNetCfgGetCmdCtrl
200168e8   _SlNetCfgSetCmdCtrl
20015f5c   _SlPolicyGetCmdCtrl
20015f58   _SlPolicySetCmdCtrl
20015f64   _SlProfileDelCmdCtrl
20015f60   _SlProfileGetCmdCtrl
200166fc   _SlRecvCmdCtrl
200166ec   _SlRecvfomCmdCtrl
200167d0   _SlRegisterServiceCtrl
200149f1   _SlRemoveFromList
20015f6c   _SlRxFilterAddtCmdCtrl
20015f74   _SlRxFilterGetCmdCtrl
20015f70   _SlRxFilterSetCmdCtrl
20016708   _SlSelectCmdCtrl
200166f0   _SlSendCmdCtrl
20016700   _SlSetSockOptCmdCtrl
20015f78   _SlSmartConfigStartCmdCtrl
200166e8   _SlSockCloseCmdCtrl
200166e4   _SlSockSocketCmdCtrl
200168c8   _SlStopCmdCtrl
20015f84   _SlWlanCfgGetCmdCtrl
20015f80   _SlWlanCfgSetCmdCtrl
20015f68   _SlWlanGetNetworkListCtrl
20015f7c   _SlWlanSetModeCmdCtrl
20001210   _Snan
20001568   _Tls_setup__Fenv
20001230   _Xbig
20001238   _Zero
2002c770   __CIOBUF_
20004000   __STACK_END
00001000   __STACK_SIZE
00004000   __SYSMEM_SIZE
200174d8   __TI_CINIT_Base
200174e8   __TI_CINIT_Limit
200174c4   __TI_Handler_Table_Base
200174d0   __TI_Handler_Table_Limit
00000001   __TI_args_main
20012ab5   __TI_auto_init
2000ebfd   __TI_cleanup
2000155c   __TI_cleanup_ptr
2001285d   __TI_closefile
20015b7f   __TI_decompress_none
20015bfd   __TI_decompress_rle24
20011ef5   __TI_doflush
20001560   __TI_dtors_ptr
20001524   __TI_ft_end
200071e7   __TI_printfi
200123ab   __TI_rd_ok
20013ebf   __TI_readmsg
200168f8   __TI_static_base__
2002ca58   __TI_tmpnams
20013e91   __TI_writemsg
20012349   __TI_wrt_ok
20015b09   __TI_zero_init
20015c09   __abort_execution
20012f11   __aeabi_cdcmpeq
20012f11   __aeabi_cdcmple
20012f97   __aeabi_cdrcmple
20013d71   __aeabi_cfcmpeq
20013d71   __aeabi_cfcmple
20013dd1   __aeabi_cfrcmple
2001450f   __aeabi_d2f
20014631   __aeabi_d2iz
20014861   __aeabi_d2uiz
2000f073   __aeabi_dadd
20010255   __aeabi_ddiv
200112d7   __aeabi_dmul
2000f069   __aeabi_dsub
20014cc9   __aeabi_f2d
20014d01   __aeabi_f2iz
20014f19   __aeabi_f2uiz
200142f9   __aeabi_f2ulz
200113d7   __aeabi_fadd
20013415   __aeabi_fmul
200113d3   __aeabi_fsub
200150d5   __aeabi_i2d
20014d39   __aeabi_i2f
20015911   __aeabi_lmul
20013509   __aeabi_memclr
20013509   __aeabi_memclr4
20013509   __aeabi_memclr8
20012729   __aeabi_memcpy
20012729   __aeabi_memcpy4
20012729   __aeabi_memcpy8
2001350b   __aeabi_memset
2001350b   __aeabi_memset4
2001350b   __aeabi_memset8
20001530   __aeabi_stderr
20001528   __aeabi_stdin
2000152c   __aeabi_stdout
200155f1   __aeabi_ui2d
20015431   __aeabi_ui2f
2000e941   __aeabi_uldivmod
ffffffff   __binit__
ffffffff   __c_args__
20003000   __stack
2000e323   __vla_alloc
2000e215   __vla_dealloc
2000e2a3   __vla_dealloc_eh
200158f9   _args_main
20014eb1   _c_int00
20015d50   _ctypes_
20000f50   _ftable
20001554   _lock
20015a7f   _nop
20015a77   _register_lock
20015a71   _register_unlock
200152dd   _sl_BuildAddress
20013b19   _sl_GetCreateFsMode
200144c5   _sl_GetStartResponseConvert
20013b7d   _sl_HandleAsync_Accept
200139e1   _sl_HandleAsync_Connect
200132a1   _sl_HandleAsync_DnsGetHostByName
20013a49   _sl_HandleAsync_DnsGetHostByService
200135f9   _sl_HandleAsync_InitComplete
200137c5   _sl_HandleAsync_PingResponse
200140b1   _sl_HandleAsync_Select
2001415d   _sl_HandleAsync_Stop
200159db   _sl_Strlen
20013835   _sl_TruncatePayloadByProtocol
2002cce0   _sys_memory
20001558   _unlock
20014821   abort
2000fefb   addHttpRequestHeader
2000ff23   addHttpRequestHeaderInt
2000fe81   addHttpRequestLine
2000d33b   add_device
200110d5   atan2l
20014395   atoi
2000febf   beginHttpGetRequest
2000feb3   beginHttpRequest
ffffffff   binit
200094e5   buildRequestHeaders
2000c30d   calloc
2000a391   clearAccelMotionIntrpt
2002cb48   clientStateFileName
2000d2e9   close
2000151c   cnt
20009e43   configureFXOS8700
200147d9   copy_in
2000ae73   createInstallation
2000a895   createNewInstallationId
2002ccac   dataBuffer
20001520   dataBufferSize
200131a5   debugPrint
200131bf   debugPrintf
20008fa7   disableAE
20008f25   disableAWB
20004691   eTaskGetState
20008f69   enableAE
20008ee1   enableAWB
2000f221   ensureCertificateFile
20014829   exit
200128c3   fclose
20014ee5   feraiseexcept
2000a82f   fetchDeviceOSVersion
20011f41   fflush
2000d049   findSecondJson
2000ec53   fopen
200138ad   fprintf
2001268d   fputc
200104c1   fputs
2000c067   free
2000ec29   freopen
20013be1   fseek
20000dd0   gFirstCmdMode
200165a8   g_H2NCnysPattern
200165a0   g_H2NSyncPattern
2002c400   g_NetEntries
2002cc8c   g_SecParams
20001318   g_SpiFd
20000dd8   g_StatMem
2002ccb0   g_block_lastFilled
20001328   g_cDummy
2002cbb0   g_cWlanSSID
2002cb7c   g_cWlanSecurityKey
2002ccb4   g_cWlanSecurityType
20016884   g_deviceClientVersion
2002ccd9   g_flag_DataBlockFilled
2002cc14   g_flag_blockFull
2002ccda   g_frame_end
2002ccb8   g_frame_size_in_bytes
20000600   g_header
2002ccbc   g_header_length
20018000   g_image_buffer
200014f4   g_osVersion
20000dd4   g_pCB
2000131c   g_pHostIntHdl
20004000   g_pfnVectors
2002ccc0   g_position_in_block
2002ccc4   g_readHeader
2000143c   g_token_get
200014f1   g_ucConnectedToConfAP
2002cc98   g_ucConnectionBSSID
2002cbd4   g_ucConnectionSSID
20001320   g_ucDMAEnabled
2000132c   g_ucDinDout
200014f3   g_ucPriority
200014f0   g_ucProfileAdded
200014f2   g_ucProvisioningDone
200014ec   g_uiSimplelinkRole
200014e8   g_ulGatewayIP
20001550   g_ulPingPacketsRecv
200014e4   g_ulStatus
2000a1fd   getAccelerationMagnitude
2000a0bf   getDoorDirection
2000ff5d   getHttpResponseBody
2000ff33   getHttpResponseStatus
2000aec1   getInstallation
20011275   getInternalClient
2000a179   getMagnFlux_3axis
2000d07b   getPushJson
2002c890   gfpAppCallbackHndl
2002c000   gpCtlTbl
2000973d   headerSend
20010dbd   i2cReadRegisters
20010e69   i2cReadRegistersTwoBytes
20010dff   i2cWriteRegisters
2002ccdb   iDone
20005c9d   initNetwork
200142a9   intToASCII
2000d061   isCompleteJson
2000a7cf   isPingTime
2000e4b5   loadClientState
20015c03   log
2000d2c5   lseek
20013f4f   ltoa
2000e00f   main
20001588   main_func_sp
2000c005   malloc
2000bee9   mem_Free
2000bedd   mem_Malloc
2000bf09   mem_copy
2000bef5   mem_set
2000c22d   memalign
200156fd   memccpy
200159f1   memchr
2001558f   memcmp
20012729   memcpy
2001540d   memmove
20013511   memset
2000bf79   minit
2000d217   open
2000bf5f   osi_ContextRestore
2000bf5d   osi_ContextSave
2000bf1d   osi_EnterCritical
2000bf27   osi_ExitCritical
2000bb43   osi_InterruptDeRegister
2000bb1d   osi_InterruptRegister
2000bc4d   osi_LockObjCreate
2000bcc1   osi_LockObjDelete
2000bcd1   osi_LockObjLock
2000bcfd   osi_LockObjUnlock
2000be11   osi_MsgQCreate
2000be55   osi_MsgQDelete
2000bea1   osi_MsgQRead
2000be6f   osi_MsgQWrite
2000bf39   osi_Sleep
2000bd27   osi_Spawn
2000bc2b   osi_SyncObjClear
2000bb55   osi_SyncObjCreate
2000bb85   osi_SyncObjDelete
2000bb9f   osi_SyncObjSignal
2000bbc7   osi_SyncObjSignalFromISR
2000bbff   osi_SyncObjWait
2000bc73   osi_TaskCreate
2000bcb3   osi_TaskDelete
2000bf49   osi_TaskDisable
2000bf53   osi_TaskEnable
2000bf31   osi_start
20000dcc   pPingCallBackFunc
20009c53   parseGetErrorCode
2000afc3   parseGetInstallationId
200111d9   parseInitialize
20009c1f   parseSendRequest
20009ba9   parseSendRequestInternal
2000af47   parseSetInstallationId
20009875   payloadSend
200168dc   pcDigits
20004bb5   pcTaskGetTaskName
20012129   portCLZ
2000b68d   pow
20012111   prvPortStartFirstTask
20012711   putc
20012715   putchar
200105cd   puts
20014c91   pvPortMalloc
20001478   pxCurrentTCB
20010a91   pxPortInitialiseStack
20015103   raise
200143f7   rand
2000d1f3   read
2000c127   realloc
2000d169   remove
2000d1cb   remove_device
2000d18d   rename
2000d741   retreiveImageIDfromHTTPResponse
2000e55d   saveClientState
20009a93   sendRequest
200118c5   sensorsTriggerSetup
200094d5   setDataBufferPointer
2000a07d   setMotionDetectionThreshold
20011951   setvbuf
20014a31   signal
2000cdc1   simpleJsonProcessor
20015455   sl_Close
200116a5   sl_Connect
2001331d   sl_DevGet
20014679   sl_DevSet
20013399   sl_FsClose
200146c1   sl_FsDel
20013ab1   sl_FsGetInfo
200141b1   sl_FsOpen
20012bd9   sl_FsRead
20012c65   sl_FsWrite
20014d71   sl_Htonl
20014f81   sl_Htons
20011a2d   sl_NetAppDnsGetHostByName
20012e89   sl_NetAppMDNSRegisterUnregisterService
20015b1b   sl_NetAppMDNSUnRegisterService
20014205   sl_NetAppSendTokenValue
20015479   sl_NetAppStart
2001549d   sl_NetAppStop
200148e9   sl_NetCfgSet
2001492d   sl_Recv
20010ec9   sl_Select
20012299   sl_Send
2001442d   sl_SetSockOpt
200150a5   sl_Socket
20011fb5   sl_Start
20011e31   sl_Stop
2000f569   sl_WlanConnect
20015be3   sl_WlanDisconnect
2001366d   sl_WlanGet
20014a71   sl_WlanPolicySet
200154c1   sl_WlanProfileDel
20014ab1   sl_WlanRxFilterSet
20014709   sl_WlanSet
2001532d   sl_WlanSetMode
200128f5   snprintf
20015455   socketClose
2000c867   socketRead
2000c739   socketSslConnect
2000c6ed   socketWait
2000c8e9   socketWrite
200136e1   spi_Close
200105f5   spi_Open
20011bdd   spi_Read
2001178d   spi_Write
20013e31   sprintf
20010115   sqrt
200143e1   srand
2000151a   sshPort
20015a07   strchr
20015929   strcmp
20015b61   strcpy
20015a85   strlen
20014ba5   strncasecmp
20015305   strncat
2001537b   strncmp
20015045   strncpy
20014f4d   strstr
20014479   uDMAChannelAssign
20013ca9   uDMAChannelAttributeDisable
20013d0d   uDMAChannelAttributeEnable
20014be1   uDMAChannelControlSet
20015719   uDMAChannelDisable
20015735   uDMAChannelEnable
200114cd   uDMAChannelTransferSet
20015a99   uDMAControlBaseSet
20015bb5   uDMADisable
20015bc1   uDMAEnable
20015aad   uDMAIntClear
20015a1d   uDMAIntRegister
20015bcd   uDMAIntStatus
20015b2d   uDMAIntUnregister
20007c71   ucQueueGetQueueType
20012079   ulPortSetInterruptMask
2000d169   unlink
2000a351   updateConfigReg
2000a829   updateLastPingTime
20010933   uxListRemove
20007c51   uxQueueGetQueueNumber
20007be5   uxQueueMessagesWaiting
20007c1b   uxQueueMessagesWaitingFromISR
20007bfb   uxQueueSpacesAvailable
20004ba9   uxTaskGetNumberOfTasks
20004bd9   uxTaskGetSystemState
200050c9   uxTaskGetTaskNumber
20004725   uxTaskPriorityGet
20005621   uxTaskResetEventItemValue
2000df4b   vApplicationIdleHook
2000df4d   vApplicationMallocFailedHook
2000df4f   vApplicationStackOverflowHook
2000df49   vAssertCalled
20010851   vListInitialise
20010881   vListInitialiseItem
200108cd   vListInsert
20010891   vListInsertEnd
2001208f   vPortClearInterruptMask
20010b0d   vPortEndScheduler
20010b21   vPortEnterCritical
20010b39   vPortExitCritical
20014cb1   vPortFree
200120e9   vPortSVCHandler
20010b6d   vPortSetupTimerInterrupt
20010b0f   vPortYield
20007e8b   vQueueAddToRegistry
20007c2d   vQueueDelete
20007c5f   vQueueSetQueueNumber
20007ecd   vQueueUnregisterQueue
2000463b   vTaskDelay
2000459f   vTaskDelayUntil
2000450f   vTaskDelete
20004a8d   vTaskEndScheduler
200050bb   vTaskMissedYield
20004e51   vTaskPlaceOnEventList
20004eb5   vTaskPlaceOnUnorderedEventList
20005597   vTaskPriorityDisinherit
200054dd   vTaskPriorityInherit
2000475d   vTaskPrioritySet
20004955   vTaskResume
200050e9   vTaskSetTaskNumber
2000501b   vTaskSetTimeOutState
20004a43   vTaskStartScheduler
20004861   vTaskSuspend
20004a9f   vTaskSuspendAll
20004dd1   vTaskSwitchContext
2002ccd4   v_TimerOverflows
20009e15   verifyAccelMagnSensor
20012e01   vsnprintf
2000d0d9   write
2000a677   writeMagntCalibrationValue
20001534   xHigherPriorityTaskWoken
2001209d   xPortPendSVHandler
20010ae1   xPortStartScheduler
20010b51   xPortSysTickHandler
20007f1b   xQueueAddToSet
2000784d   xQueueAltGenericReceive
200077a1   xQueueAltGenericSend
20007675   xQueueCreateCountingSemaphore
200075f7   xQueueCreateMutex
20007f07   xQueueCreateSet
20007581   xQueueGenericCreate
200079e7   xQueueGenericReceive
200074f1   xQueueGenericReset
20007695   xQueueGenericSend
2000794b   xQueueGenericSendFromISR
20007e27   xQueueIsQueueEmptyFromISR
20007e69   xQueueIsQueueFullFromISR
20007ba1   xQueuePeekFromISR
20007b29   xQueueReceiveFromISR
2002caf8   xQueueRegistry
20007f4f   xQueueRemoveFromSet
20007f91   xQueueSelectFromSet
20007fab   xQueueSelectFromSetFromISR
20001538   xSimpleLinkSpawnQueue
2000153c   xSimpleLinkSpawnTaskHndl
20005041   xTaskCheckForTimeOut
20004401   xTaskGenericCreate
20005491   xTaskGetCurrentTaskHandle
20004c97   xTaskGetIdleTaskHandle
200054a5   xTaskGetSchedulerState
20004b7d   xTaskGetTickCount
20004b91   xTaskGetTickCountFromISR
20004cb5   xTaskIncrementTick
20004f25   xTaskRemoveFromEventList
20004fad   xTaskRemoveFromUnorderedEventList
20004ab1   xTaskResumeAll
200049c9   xTaskResumeFromISR


GLOBAL SYMBOLS: SORTED BY Symbol Address 

address    name
--------   ----
00000001   __TI_args_main
00001000   __STACK_SIZE
00004000   __SYSMEM_SIZE
20000000   JPEG_StdHuffmanTbl
20000600   g_header
20000dcc   pPingCallBackFunc
20000dd0   gFirstCmdMode
20000dd4   g_pCB
20000dd8   g_StatMem
20000f50   _ftable
200011c0   _Denorm
200011d0   _Eps
200011e0   _Hugeval
200011f0   _Inf
20001200   _Nan
20001210   _Snan
20001220   _Rteps
20001230   _Xbig
20001238   _Zero
20001240   _LDenorm
20001250   _LEps
20001260   _LInf
20001270   _LNan
20001280   _LSnan
20001290   _LRteps
200012a0   _LXbig
200012a8   _LZero
200012b0   _FDenorm
200012c0   _FEps
200012d0   _FInf
200012e0   _FNan
200012f0   _FSnan
20001300   _FRteps
20001310   _FXbig
20001314   _FZero
20001318   g_SpiFd
2000131c   g_pHostIntHdl
20001320   g_ucDMAEnabled
20001324   DMAMsgQ
20001328   g_cDummy
2000132c   g_ucDinDout
2000137c   JPEG_StdQuantTblC
200013bc   JPEG_StdQuantTblY
2000143c   g_token_get
20001478   pxCurrentTCB
200014d8   SecurityParams
200014e4   g_ulStatus
200014e8   g_ulGatewayIP
200014ec   g_uiSimplelinkRole
200014f0   g_ucProfileAdded
200014f1   g_ucConnectedToConfAP
200014f2   g_ucProvisioningDone
200014f3   g_ucPriority
200014f4   g_osVersion
2000151a   sshPort
2000151c   cnt
20001520   dataBufferSize
20001524   __TI_ft_end
20001528   __aeabi_stdin
2000152c   __aeabi_stdout
20001530   __aeabi_stderr
20001534   xHigherPriorityTaskWoken
20001538   xSimpleLinkSpawnQueue
2000153c   xSimpleLinkSpawnTaskHndl
20001550   g_ulPingPacketsRecv
20001554   _lock
20001558   _unlock
2000155c   __TI_cleanup_ptr
20001560   __TI_dtors_ptr
20001564   _Fenv
20001568   _Tls_setup__Fenv
20001574   DigiCertHighAssuranceEVRootCA_der_len
2000157c   _Errno
20001588   main_func_sp
20003000   __stack
20004000   __STACK_END
20004000   g_pfnVectors
20004401   xTaskGenericCreate
2000450f   vTaskDelete
2000459f   vTaskDelayUntil
2000463b   vTaskDelay
20004691   eTaskGetState
20004725   uxTaskPriorityGet
2000475d   vTaskPrioritySet
20004861   vTaskSuspend
20004955   vTaskResume
200049c9   xTaskResumeFromISR
20004a43   vTaskStartScheduler
20004a8d   vTaskEndScheduler
20004a9f   vTaskSuspendAll
20004ab1   xTaskResumeAll
20004b7d   xTaskGetTickCount
20004b91   xTaskGetTickCountFromISR
20004ba9   uxTaskGetNumberOfTasks
20004bb5   pcTaskGetTaskName
20004bd9   uxTaskGetSystemState
20004c97   xTaskGetIdleTaskHandle
20004cb5   xTaskIncrementTick
20004dd1   vTaskSwitchContext
20004e51   vTaskPlaceOnEventList
20004eb5   vTaskPlaceOnUnorderedEventList
20004f25   xTaskRemoveFromEventList
20004fad   xTaskRemoveFromUnorderedEventList
2000501b   vTaskSetTimeOutState
20005041   xTaskCheckForTimeOut
200050bb   vTaskMissedYield
200050c9   uxTaskGetTaskNumber
200050e9   vTaskSetTaskNumber
20005491   xTaskGetCurrentTaskHandle
200054a5   xTaskGetSchedulerState
200054dd   vTaskPriorityInherit
20005597   vTaskPriorityDisinherit
20005621   uxTaskResetEventItemValue
20005659   InitializeAppVariables
200056a1   ConfigureSimpleLinkToDefaultState
20005949   ConfigureMode
200059a1   ConnectToNetwork
20005b09   ConnectToNetwork_2
20005baf   ConnectToNetwork_STA_2
20005bd5   ConnectToNetwork_STA
20005c9d   initNetwork
20005dc5   SimpleLinkWlanEventHandler
20005f1d   SimpleLinkNetAppEventHandler
20005f8d   SimpleLinkSockEventHandler
200063f7   SimpleLinkHttpServerCallback
200071e7   __TI_printfi
200074f1   xQueueGenericReset
20007581   xQueueGenericCreate
200075f7   xQueueCreateMutex
20007675   xQueueCreateCountingSemaphore
20007695   xQueueGenericSend
200077a1   xQueueAltGenericSend
2000784d   xQueueAltGenericReceive
2000794b   xQueueGenericSendFromISR
200079e7   xQueueGenericReceive
20007b29   xQueueReceiveFromISR
20007ba1   xQueuePeekFromISR
20007be5   uxQueueMessagesWaiting
20007bfb   uxQueueSpacesAvailable
20007c1b   uxQueueMessagesWaitingFromISR
20007c2d   vQueueDelete
20007c51   uxQueueGetQueueNumber
20007c5f   vQueueSetQueueNumber
20007c71   ucQueueGetQueueType
20007e27   xQueueIsQueueEmptyFromISR
20007e69   xQueueIsQueueFullFromISR
20007e8b   vQueueAddToRegistry
20007ecd   vQueueUnregisterQueue
20007f07   xQueueCreateSet
20007f1b   xQueueAddToSet
20007f4f   xQueueRemoveFromSet
20007f91   xQueueSelectFromSet
20007fab   xQueueSelectFromSetFromISR
20008015   Standby_ImageSensor
2000802d   Wakeup_ImageSensor
2000803b   CaptureAndStore_Image
200082f5   CamControllerInit
20008ac1   CameraSensorInit
20008ac9   CameraSensorInit_SettingsFromFlash
20008af1   StartCapture_SettingsFromFlash
20008b1f   WriteConfigRegFile_toFlash
20008bf1   WriteConfigRegFilefromUser_toFlash
20008c1f   StartSensorInJpegMode
20008dd3   RegStatusRead
20008e13   WriteAllAEnAWBRegs
20008e35   ReadAllAEnAWBRegs
20008ee1   enableAWB
20008f25   disableAWB
20008f69   enableAE
20008fa7   disableAE
20008ff1   JpegConfigReg_Read
20009019   CCMRegs_Read
20009049   DigitalGainRegs_Read
2000907d   ShutterRegs_Read
200090af   AnalogGainReg_Read
200090ed   PCLK_Rate_read
2000912b   JPEGDataLength_read
20009175   ResetImageSensorMCU
200091a3   ReadMCUBootModeReg
200091bd   SoftReset_ImageSensor
200091e5   Verify_ImageSensor
20009215   Variable_Read
200093b3   EnterStandby_mt9d111
200093fd   ExitStandby_mt9d111
200094d5   setDataBufferPointer
200094e5   buildRequestHeaders
2000973d   headerSend
20009875   payloadSend
20009a93   sendRequest
20009ba9   parseSendRequestInternal
20009c1f   parseSendRequest
20009c53   parseGetErrorCode
20009e15   verifyAccelMagnSensor
20009e43   configureFXOS8700
2000a07d   setMotionDetectionThreshold
2000a0bf   getDoorDirection
2000a179   getMagnFlux_3axis
2000a1fd   getAccelerationMagnitude
2000a351   updateConfigReg
2000a391   clearAccelMotionIntrpt
2000a3e1   FXOS8700CQ_Init
2000a4cd   FXOS8700CQ_Mag_Calibration
2000a677   writeMagntCalibrationValue
2000a7cf   isPingTime
2000a829   updateLastPingTime
2000a82f   fetchDeviceOSVersion
2000a895   createNewInstallationId
2000ae73   createInstallation
2000aec1   getInstallation
2000af47   parseSetInstallationId
2000afc3   parseGetInstallationId
2000b1e5   ProvisioningAP
2000b68d   pow
2000bb1d   osi_InterruptRegister
2000bb43   osi_InterruptDeRegister
2000bb55   osi_SyncObjCreate
2000bb85   osi_SyncObjDelete
2000bb9f   osi_SyncObjSignal
2000bbc7   osi_SyncObjSignalFromISR
2000bbff   osi_SyncObjWait
2000bc2b   osi_SyncObjClear
2000bc4d   osi_LockObjCreate
2000bc73   osi_TaskCreate
2000bcb3   osi_TaskDelete
2000bcc1   osi_LockObjDelete
2000bcd1   osi_LockObjLock
2000bcfd   osi_LockObjUnlock
2000bd27   osi_Spawn
2000bd95   VStartSimpleLinkSpawnTask
2000bde5   VDeleteSimpleLinkSpawnTask
2000be11   osi_MsgQCreate
2000be55   osi_MsgQDelete
2000be6f   osi_MsgQWrite
2000bea1   osi_MsgQRead
2000bedd   mem_Malloc
2000bee9   mem_Free
2000bef5   mem_set
2000bf09   mem_copy
2000bf1d   osi_EnterCritical
2000bf27   osi_ExitCritical
2000bf31   osi_start
2000bf39   osi_Sleep
2000bf49   osi_TaskDisable
2000bf53   osi_TaskEnable
2000bf5d   osi_ContextSave
2000bf5f   osi_ContextRestore
2000bf79   minit
2000c005   malloc
2000c067   free
2000c127   realloc
2000c22d   memalign
2000c30d   calloc
2000c345   _SlDrvMsgRead
2000c6ed   socketWait
2000c739   socketSslConnect
2000c867   socketRead
2000c8e9   socketWrite
2000ca75   _SlAsyncEventGenericHandler
2000cdc1   simpleJsonProcessor
2000d049   findSecondJson
2000d061   isCompleteJson
2000d07b   getPushJson
2000d0d9   write
2000d169   remove
2000d169   unlink
2000d18d   rename
2000d1cb   remove_device
2000d1f3   read
2000d217   open
2000d2c5   lseek
2000d2e9   close
2000d33b   add_device
2000d3e9   _Log
2000d6cd   InitialiseParse
2000d6e3   UploadImageToParse
2000d719   UploadSensorDataToParse
2000d741   retreiveImageIDfromHTTPResponse
2000d77b   ConstructDeviceStateObject
2000d9a1   HOSTwrite
2000d9ed   HOSTunlink
2000da25   HOSTtime
2000da5f   HOSTrename
2000dabd   HOSTread
2000db09   HOSTopen
2000db5b   HOSTlseek
2000dbb7   HOSTgetenv
2000dbf5   HOSTclose
2000dc2d   HOSTclock
2000dc75   Test_Provisioning_thruAP
2000dca1   TestOrProfile_CameraModuleStandby
2000dd05   Test_ImageSensConfigFromFlash
2000dd47   Test_TimerWorking
2000dd73   Test_HibernateSlwClkCtrWakeup
2000df49   vAssertCalled
2000df4b   vApplicationIdleHook
2000df4d   vApplicationMallocFailedHook
2000df4f   vApplicationStackOverflowHook
2000df51   Main_Task
2000e00f   main
2000e215   __vla_dealloc
2000e2a3   __vla_dealloc_eh
2000e323   __vla_alloc
2000e4b5   loadClientState
2000e55d   saveClientState
2000e745   _Exp
2000e941   __aeabi_uldivmod
2000ebfd   __TI_cleanup
2000ec29   freopen
2000ec53   fopen
2000ecf5   CreateFile_Flash
2000ed4d   WriteFile_ToFlash
2000edf5   ReadFile_FromFlash
2000eeb1   InitTerm
2000eecf   Message
2000eee9   ClearTerm
2000eeef   Error
2000ef23   GetCmd
2000ef83   TrimSpace
2000efcd   Report
2000f069   __aeabi_dsub
2000f073   __aeabi_dadd
2000f221   ensureCertificateFile
2000f3cd   CollectTxit_ImgTempRH
2000f569   sl_WlanConnect
2000f705   DmaSwIntHandler
2000f717   DmaErrorIntHandler
2000f723   UDMAInit
2000f76d   UDMAChannelSelect
2000f795   SetupTransfer
2000f7cb   UDMASetupAutoMemTransfer
2000f7ef   UDMASetupPingPongTransfer
2000f839   UDMADeInit
2000f84d   DMASetupTransfer
2000f8fb   I2C_IF_Write
2000f95d   I2C_IF_Read
2000f9c5   I2C_IF_ReadFrom
2000f9e5   I2C_IF_Open
2000fa0f   I2C_IF_Close
2000fa25   _LAtan
2000fbad   I2CInit
2000fbcb   I2CBufferRead
2000fc73   I2CBufferWrite
2000fd1d   _SlDrvDataReadOp
2000fe81   addHttpRequestLine
2000feb3   beginHttpRequest
2000febf   beginHttpGetRequest
2000fefb   addHttpRequestHeader
2000ff23   addHttpRequestHeaderInt
2000ff33   getHttpResponseStatus
2000ff5d   getHttpResponseBody
2000ffd5   _SlDrvRxHdrRead
20010115   sqrt
20010255   __aeabi_ddiv
2001038d   PRCMCC3200MCUInit
200104c1   fputs
200105cd   puts
200105f5   spi_Open
20010725   _SlDrvDataWriteOp
20010851   vListInitialise
20010881   vListInitialiseItem
20010891   vListInsertEnd
200108cd   vListInsert
20010933   uxListRemove
2001097d   _SlDrvMsgWrite
20010a91   pxPortInitialiseStack
20010ae1   xPortStartScheduler
20010b0d   vPortEndScheduler
20010b0f   vPortYield
20010b21   vPortEnterCritical
20010b39   vPortExitCritical
20010b51   xPortSysTickHandler
20010b6d   vPortSetupTimerInterrupt
20010ba1   _Dscale
20010cb1   _SlDrvWaitForPoolObj
20010dbd   i2cReadRegisters
20010dff   i2cWriteRegisters
20010e69   i2cReadRegistersTwoBytes
20010ec9   sl_Select
20010fd1   _SlDrvReleasePoolObj
200110d5   atan2l
200111d9   parseInitialize
20011275   getInternalClient
200112d7   __aeabi_dmul
200113d3   __aeabi_fsub
200113d7   __aeabi_fadd
200114cd   uDMAChannelTransferSet
200115bd   PinMuxConfig
200116a5   sl_Connect
2001178d   spi_Write
20011875   HIBernate
200118c5   sensorsTriggerSetup
20011951   setvbuf
20011a2d   sl_NetAppDnsGetHostByName
20011b05   TimerBaseIntHandler
20011b17   InitializeTimer
20011b43   StartTimer
20011b5f   StopTimer
20011b6d   GetTimeDuration
20011bdd   spi_Read
20011ca9   _Dint
20011d6d   _Dnorm
20011e31   sl_Stop
20011ef5   __TI_doflush
20011f41   fflush
20011fb5   sl_Start
20012079   ulPortSetInterruptMask
2001208f   vPortClearInterruptMask
2001209d   xPortPendSVHandler
200120e9   vPortSVCHandler
20012111   prvPortStartFirstTask
20012129   portCLZ
20012131   _SlDrvMsgReadCmdCtx
200121e5   _SlDrvNetAppEventHandler
20012299   sl_Send
20012349   __TI_wrt_ok
200123ab   __TI_rd_ok
200123f5   IntDisable
2001249d   IntEnable
20012545   Timer_IF_Init
2001256f   Timer_IF_IntSetup
200125a1   Timer_IF_InterruptClear
200125b5   Timer_IF_Start
200125c9   Timer_IF_DeInit
200125e1   Timer_IF_GetCount
200125ed   SPIConfigSetExpClk
2001268d   fputc
20012711   putc
20012715   putchar
20012729   __aeabi_memcpy
20012729   __aeabi_memcpy4
20012729   __aeabi_memcpy8
20012729   memcpy
200127c5   _SlFindAndSetActiveObj
2001285d   __TI_closefile
200128c3   fclose
200128f5   snprintf
2001298d   PRCMPeripheralClockGet
20012a21   _SlDrvClassifyRxMsg
20012ab5   __TI_auto_init
20012b49   _SlDrvMsgReadSpawnCtx
20012bd9   sl_FsRead
20012c65   sl_FsWrite
20012cf1   PRCMHibernateIntervalSet
20012d79   PinConfigSet
20012e01   vsnprintf
20012e89   sl_NetAppMDNSRegisterUnregisterService
20012f11   __aeabi_cdcmpeq
20012f11   __aeabi_cdcmple
20012f97   __aeabi_cdrcmple
2001301d   I2CMasterInitExpClk
200130a1   _SlDrvCmdOp
20013125   NwpPowerOnPreamble
200131a5   debugPrint
200131bf   debugPrintf
20013225   _SlDrvDriverCBInit
200132a1   _sl_HandleAsync_DnsGetHostByName
2001331d   sl_DevGet
20013399   sl_FsClose
20013415   __aeabi_fmul
20013509   __aeabi_memclr
20013509   __aeabi_memclr4
20013509   __aeabi_memclr8
2001350b   __aeabi_memset
2001350b   __aeabi_memset4
2001350b   __aeabi_memset8
20013511   memset
20013581   UARTConfigSetExpClk
200135f9   _sl_HandleAsync_InitComplete
2001366d   sl_WlanGet
200136e1   spi_Close
20013755   TimerIntRegister
200137c5   _sl_HandleAsync_PingResponse
20013835   _sl_TruncatePayloadByProtocol
200138ad   fprintf
20013911   PRCMHibernateWakeUpGPIOSelect
20013979   TimerIntUnregister
200139e1   _sl_HandleAsync_Connect
20013a49   _sl_HandleAsync_DnsGetHostByService
20013ab1   sl_FsGetInfo
20013b19   _sl_GetCreateFsMode
20013b7d   _sl_HandleAsync_Accept
20013be1   fseek
20013c45   _Dunscale
20013ca9   uDMAChannelAttributeDisable
20013d0d   uDMAChannelAttributeEnable
20013d71   __aeabi_cfcmpeq
20013d71   __aeabi_cfcmple
20013dd1   __aeabi_cfrcmple
20013e31   sprintf
20013e91   __TI_writemsg
20013ebb   C$$IO$$
20013ebf   __TI_readmsg
20013f4f   ltoa
20013fa9   IntPendClear
20014001   PRCMPeripheralReset
20014059   _SlDrvDriverCBDeinit
200140b1   _sl_HandleAsync_Select
20014109   IntPrioritySet
2001415d   _sl_HandleAsync_Stop
200141b1   sl_FsOpen
20014205   sl_NetAppSendTokenValue
20014259   PRCMSlowClkCtrGet
200142a9   intToASCII
200142f9   __aeabi_f2ulz
20014349   SPIIntEnable
20014395   atoi
200143e1   srand
200143f7   rand
2001442d   sl_SetSockOpt
20014479   uDMAChannelAssign
200144c5   _sl_GetStartResponseConvert
2001450f   __aeabi_d2f
20014559   PRCMHibernateWakeupSourceDisable
200145a1   PRCMHibernateWakeupSourceEnable
200145e9   SPIIntClear
20014631   __aeabi_d2iz
20014679   sl_DevSet
200146c1   sl_FsDel
20014709   sl_WlanSet
20014795   TimerConfigure
200147d9   copy_in
2001481d   C$$EXIT
20014821   abort
20014829   exit
20014861   __aeabi_d2uiz
200148a5   _Dtest
200148e9   sl_NetCfgSet
2001492d   sl_Recv
20014971   PinModeSet
200149b1   _SlDrvRxIrqHandler
200149f1   _SlRemoveFromList
20014a31   signal
20014a71   sl_WlanPolicySet
20014ab1   sl_WlanRxFilterSet
20014af1   NwpPowerOff
20014b2d   PRCMPeripheralClkEnable
20014b69   _SlDrvObjInit
20014ba5   strncasecmp
20014be1   uDMAChannelControlSet
20014c1d   CameraCaptureStop
20014c57   CameraXClkConfig
20014c91   pvPortMalloc
20014cb1   vPortFree
20014cc9   __aeabi_f2d
20014d01   __aeabi_f2iz
20014d39   __aeabi_i2f
20014d71   sl_Htonl
20014da9   GPIODirModeSet
20014ddf   CameraParamsConfig
20014e15   PRCMPeripheralStatusGet
20014e49   SPIFIFOLevelSet
20014e7d   _SlDrvBasicCmd
20014eb1   _c_int00
20014ee5   feraiseexcept
20014f19   __aeabi_f2uiz
20014f4d   strstr
20014f81   sl_Htons
20014fb5   NwpPowerOn
20014fe5   PinTypeGPIO
20015015   UARTDisable
20015045   strncpy
20015075   _Feraise
200150a5   sl_Socket
200150d5   __aeabi_i2d
20015103   raise
20015131   CameraIntEnable
2001515d   DmaSpiSwIntHandler
20015189   I2CMasterErr
200151b5   PRCMSysResetCauseGet
200151e1   _SlDrvFlowContDeinit
2001520d   _SlDrvFlowContInit
20015239   TimerLoadSet
20015239   Timer_IF_ReLoad
20015263   TimerPrescaleSet
2001528d   CameraIntStatus
200152b5   PRCMPeripheralClkDisable
200152dd   _sl_BuildAddress
20015305   strncat
2001532d   sl_WlanSetMode
20015355   CameraThresholdSet
2001537b   strncmp
200153a1   CameraIntClear
200153c5   IntUnregister
200153e9   UARTEnable
2001540d   memmove
20015431   __aeabi_ui2f
20015455   sl_Close
20015455   socketClose
20015479   sl_NetAppStart
2001549d   sl_NetAppStop
200154c1   sl_WlanProfileDel
200154e5   CameraCaptureStart
20015507   I2CMasterSlaveAddrSet
20015529   NwpRegisterInterruptHandler
2001554b   SPIReset
2001556d   SPIWordCountSet
2001558f   memcmp
200155b1   IntRegister
200155d1   _SlDrvCmdSend
200155f1   __aeabi_ui2d
20015611   I2CMasterIntStatusEx
2001562f   TimerDisable
2001562f   Timer_IF_Stop
2001564d   TimerEnable
2001566b   TimerIntStatus
20015689   UARTCharPut
200156a7   PinTypeI2C
200156c3   TimerValueGet
200156e1   _SlDrvObjDeInit
200156fd   memccpy
20015719   UDMAStopTransfer
20015719   uDMAChannelDisable
20015735   uDMAChannelEnable
20015751   CopyPingResultsToReport
2001576b   PinTypeCamera
20015785   PinTypeUART
2001579f   SPIDmaDisable
200157b9   SPIDmaEnable
200157d3   SPIFIFODisable
200157ed   SPIFIFOEnable
20015807   _SlDrvDeviceEventHandler
20015821   CameraReset
20015839   GPIOPinRead
20015851   PRCMHibernateEnter
20015869   SPICSDisable
20015881   SPICSEnable
20015899   SPIDisable
200158b1   SPIEnable
200158c9   TimerIntDisable
200158e1   TimerIntEnable
200158f9   _args_main
20015911   __aeabi_lmul
20015929   strcmp
20015941   CameraDMAEnable
20015957   CameraIntRegister
2001596d   I2CMasterDataPut
20015983   I2CMasterEnable
20015999   PRCMHIBRegRead
200159af   PRCMHIBRegWrite
200159c5   UARTCharGet
200159db   _sl_Strlen
200159f1   memchr
20015a07   strchr
20015a1d   uDMAIntRegister
20015a33   CPUcpsie
20015a49   IntVTableBaseSet
20015a5d   _SlDrvShiftDWord
20015a71   _register_unlock
20015a77   _register_lock
20015a7f   _nop
20015a85   strlen
20015a99   uDMAControlBaseSet
20015aad   uDMAIntClear
20015ac1   I2CMasterControl
20015ad3   I2CMasterIntClearEx
20015ae5   I2CMasterTimeoutSet
20015af7   TimerIntClear
20015b09   __TI_zero_init
20015b1b   sl_NetAppMDNSUnRegisterService
20015b2d   uDMAIntUnregister
20015b41   NwpMaskInterrupt
20015b51   SL_FD_SET
20015b61   strcpy
20015b71   I2CMasterDataGet
20015b7f   __TI_decompress_none
20015b8d   _Dclass
20015b9b   ResetISR
20015ba9   NwpUnMaskInterrupt
20015bb5   uDMADisable
20015bc1   uDMAEnable
20015bcd   uDMAIntStatus
20015bd9   IntMasterEnable
20015be3   sl_WlanDisconnect
20015beb   MT9D111Delay
20015bf1   SL_FD_ZERO
20015bf7   UtilsDelay
20015bfd   __TI_decompress_rle24
20015c03   log
20015c09   __abort_execution
20015c0d   _LDtest
20015d50   _ctypes_
20015f58   _SlPolicySetCmdCtrl
20015f5c   _SlPolicyGetCmdCtrl
20015f60   _SlProfileGetCmdCtrl
20015f64   _SlProfileDelCmdCtrl
20015f68   _SlWlanGetNetworkListCtrl
20015f6c   _SlRxFilterAddtCmdCtrl
20015f70   _SlRxFilterSetCmdCtrl
20015f74   _SlRxFilterGetCmdCtrl
20015f78   _SlSmartConfigStartCmdCtrl
20015f7c   _SlWlanSetModeCmdCtrl
20015f80   _SlWlanCfgSetCmdCtrl
20015f84   _SlWlanCfgGetCmdCtrl
200165a0   g_H2NSyncPattern
200165a8   g_H2NCnysPattern
200165b0   _SlActionLookupTable
20016668   _SlFsOpenCmdCtrl
2001666c   _SlFsCloseCmdCtrl
20016670   _SlFsReadCmdCtrl
20016674   _SlFsWriteCmdCtrl
20016678   _SlFsGetInfoCmdCtrl
2001667c   _SlFsDeleteCmdCtrl
200166e4   _SlSockSocketCmdCtrl
200166e8   _SlSockCloseCmdCtrl
200166ec   _SlRecvfomCmdCtrl
200166f0   _SlSendCmdCtrl
200166f4   _SlListenCmdCtrl
200166f8   _SlAcceptCmdCtrl
200166fc   _SlRecvCmdCtrl
20016700   _SlSetSockOptCmdCtrl
20016704   _SlGetSockOptCmdCtrl
20016708   _SlSelectCmdCtrl
200167c4   _SlNetAppStartCtrl
200167c8   _SlNetAppStopCtrl
200167cc   _SlGetServiceListeCtrl
200167d0   _SlRegisterServiceCtrl
200167d4   _SlGetHostByServiceCtrl
200167d8   _SlGetHostByNameCtrl
200167dc   _SlNetAppSetCmdCtrl
200167e0   _SlNetAppSendTokenValueCmdCtrl
200167e4   _SlNetAppGetCmdCtrl
20016884   g_deviceClientVersion
200168c8   _SlStopCmdCtrl
200168cc   _SlEventMaskSetCmdCtrl
200168d0   _SlEventMaskGetCmdCtrl
200168d4   _SlDeviceGetCmdCtrl
200168d8   _SlDeviceSetCmdCtrl
200168dc   pcDigits
200168e8   _SlNetCfgSetCmdCtrl
200168ec   _SlNetCfgGetCmdCtrl
200168f8   __TI_static_base__
200174c4   __TI_Handler_Table_Base
200174d0   __TI_Handler_Table_Limit
200174d8   __TI_CINIT_Base
200174e8   __TI_CINIT_Limit
20018000   g_image_buffer
2002c000   gpCtlTbl
2002c400   g_NetEntries
2002c770   __CIOBUF_
2002c890   gfpAppCallbackHndl
2002ca58   __TI_tmpnams
2002caf8   xQueueRegistry
2002cb48   clientStateFileName
2002cb7c   g_cWlanSecurityKey
2002cbb0   g_cWlanSSID
2002cbd4   g_ucConnectionSSID
2002cc14   g_flag_blockFull
2002cc8c   g_SecParams
2002cc98   g_ucConnectionBSSID
2002ccac   dataBuffer
2002ccb0   g_block_lastFilled
2002ccb4   g_cWlanSecurityType
2002ccb8   g_frame_size_in_bytes
2002ccbc   g_header_length
2002ccc0   g_position_in_block
2002ccc4   g_readHeader
2002ccd4   v_TimerOverflows
2002ccd9   g_flag_DataBlockFilled
2002ccda   g_frame_end
2002ccdb   iDone
2002cce0   _sys_memory
ffffffff   __binit__
ffffffff   __c_args__
ffffffff   binit
UNDEFED    SHT$$INIT_ARRAY$$Base
UNDEFED    SHT$$INIT_ARRAY$$Limit

[766 symbols]
