******************************************************************************
                  TI ARM Linker PC v5.2.2                      
******************************************************************************
>> Linked Fri Jul 31 17:55:45 2015

OUTPUT FILE NAME:   <ULP_SEC_CAM.out>
ENTRY POINT SYMBOL: "_c_int00"  address: 2001eb39


MEMORY CONFIGURATION

         name            origin    length      used     unused   attr    fill
----------------------  --------  ---------  --------  --------  ----  --------
  SRAM_BOOTLDR          20000000   00004000  0000293c  000016c4  RW X
  SRAM_CODE             20004000   0001e300  0001d95b  000009a5  RW X
  SRAM_DATA             20022300   0001dd00  0001c360  000019a0  RW X


SEGMENT ALLOCATION MAP

run origin  load origin   length   init length attrs members
----------  ----------- ---------- ----------- ----- -------
20000000    20000000    0000093c   00000000    rw-
  20000000    20000000    0000093c   00000000    rw- .data
20002000    20002000    00002000   00000000    rw-
  20002000    20002000    00002000   00000000    rw- .stack
20004000    20004000    0001d960   0001d960    r-x
  20004000    20004000    00000400   00000400    r-- .intvecs
  20004400    20004400    0001be70   0001be70    r-x .text
  20020270    20020270    000011bb   000011bb    r-- .const
  20021430    20021430    00000530   00000530    r-- .cinit
20022400    20022400    0001c360   00000000    rw-
  20022400    20022400    00017360   00000000    rw- .bss
  20039760    20039760    00005000   00000000    rw- .sysmem


SECTION ALLOCATION MAP

 output                                  attributes/
section   page    origin      length       input sections
--------  ----  ----------  ----------   ----------------
.data      0    20000000    0000093c     UNINITIALIZED
                  20000000    000003c9     cc3200_certificate.obj (.data:DigiCertHighAssuranceEVRootCA_der)
                  200003c9    00000001     tasks.obj (.data)
                  200003ca    00000002     --HOLE--
                  200003cc    000000f0     rtsv7M4_T_le_eabi.lib : defs.obj (.data:_ftable)
                  200004bc    000000d0                           : lowlev.obj (.data)
                  2000058c    000000b0                           : signal.obj (.data:sigtable)
                  2000063c    00000004     cc3200_certificate.obj (.data)
                  20000640    00000080     rtsv7M4_T_le_eabi.lib : xvalues.obj (.data)
                  200006c0    00000068                           : xfvalues.obj (.data)
                  20000728    00000064     network_relater_fns.obj (.data:Token)
                  2000078c    00000064     network_relater_fns.obj (.data:Value)
                  200007f0    0000003c     main.obj (.data:g_token_get)
                  2000082c    00000034     free_rtos.a : tasks.obj (.data)
                  20000860    00000024     main.obj (.data)
                  20000884    00000018     cc3200_utils.obj (.data)
                  2000089c    00000018     request.obj (.data)
                  200008b4    00000010     rtsv7M4_T_le_eabi.lib : defs.obj (.data)
                  200008c4    0000000c     free_rtos.a : osi_freertos.obj (.data)
                  200008d0    0000000c     rtsv7M4_T_le_eabi.lib : memory.obj (.data)
                  200008dc    00000009     simplelink.a : cc_pal.obj (.data)
                  200008e5    00000003     --HOLE--
                  200008e8    00000009                  : driver.obj (.data)
                  200008f1    00000003     --HOLE--
                  200008f4    00000008     camera_app.obj (.data)
                  200008fc    00000008     rtsv7M4_T_le_eabi.lib : _lock.obj (.data)
                  20000904    00000008                           : exit.obj (.data)
                  2000090c    00000008                           : feraiseexcept.obj (.data)
                  20000914    00000006     http.obj (.data)
                  2000091a    00000002     --HOLE--
                  2000091c    00000004     free_rtos.a : port.obj (.data)
                  20000920    00000004     middleware.a : rtc_hal.obj (.data)
                  20000924    00000004     ota.a : OtaHttp.obj (.data)
                  20000928    00000004     rtsv7M4_T_le_eabi.lib : errno.obj (.data)
                  2000092c    00000004                           : fopen.obj (.data)
                  20000930    00000004                           : rand.obj (.data)
                  20000934    00000004                           : stkdepth_vars.obj (.data)
                  20000938    00000004     user_configure_fn.obj (.data)

.TI.persistent 
*          0    20000000    00000000     UNINITIALIZED

.stack     0    20002000    00002000     UNINITIALIZED
                  20002000    00002000     --HOLE--

.intvecs   0    20004000    00000400     
                  20004000    00000400     startup_ccs.obj (.intvecs)

.text      0    20004400    0001be70     
                  20004400    00001258     free_rtos.a : tasks.obj (.text)
                  20005658    000010a6     rtsv7M4_T_le_eabi.lib : _printfi.obj (.text)
                  200066fe    00000002     startup_ccs.obj (.text:BusFaultHandler)
                  20006700    00000b24     free_rtos.a : queue.obj (.text)
                  20007224    00000a08     magnetic.obj (.text:fUpdateCalibration10EIG)
                  20007c2c    00000788     magnetic.obj (.text:fUpdateCalibration4INV)
                  200083b4    00000694     magnetic.obj (.text:fUpdateCalibration7EIG)
                  20008a48    00000688     matrix.obj (.text:eigencompute)
                  200090d0    00000610     ota.a : OtaHttp.obj (.text)
                  200096e0    000005ec     simplelink.a : driver.obj (.text:_SlDrvMsgRead)
                  20009ccc    00000584     magnetic.obj (.text:iUpdateMagnetometerBuffer)
                  2000a250    00000560     application_fn.obj (.text:application_fn)
                  2000a7b0    000004dc     network_relater_fns.obj (.text:SimpleLinkHttpServerCallback)
                  2000ac8c    000004be     cc3200_utils.obj (.text:createNewInstallationId)
                  2000b14a    00000002     driverlib.a : interrupt.obj (.text:IntDefaultHandler)
                  2000b14c    0000045c     free_rtos.a : osi_freertos.obj (.text)
                  2000b5a8    0000044c     request.obj (.text:buildRequestHeaders)
                  2000b9f4    00000424     ota.a : OtaClient.obj (.text)
                  2000be18    0000040c           : OtaApp.obj (.text)
                  2000c224    000003dc     rtsv7M4_T_le_eabi.lib : memory.obj (.text)
                  2000c600    000003b8     matrix.obj (.text:fmatrixAeqInvA)
                  2000c9b8    000003a0     network_relater_fns.obj (.text:SimpleLinkWlanEventHandler)
                  2000cd58    00000378     rtsv7M4_T_le_eabi.lib : powf.obj (.text)
                  2000d0d0    0000035c     ota.a : CdnClient.obj (.text)
                  2000d42c    00000354     orientation.obj (.text:feCompassAndroid)
                  2000d780    00000354     orientation.obj (.text:feCompassWin8)
                  2000dad4    00000350     orientation.obj (.text:feCompassNED)
                  2000de24    00000338     ota.a : LogClient.obj (.text)
                  2000e15c    00000324     tasks.obj (.text:MagCal_Run)
                  2000e480    0000030c     rtsv7M4_T_le_eabi.lib : lowlev.obj (.text)
                  2000e78c    000002dc     network_relater_fns.obj (.text:ConfigureSimpleLinkToDefaultState)
                  2000ea68    000002d4     rtsv7M4_T_le_eabi.lib : trgdrv.obj (.text)
                  2000ed3c    0000029c     user_configure_fn.obj (.text:User_Configure)
                  2000efd8    00000298     mt9d111.obj (.text:RegLstWrite)
                  2000f270    00000298     rtsv7M4_T_le_eabi.lib : vla_alloc.obj (.text)
                  2000f508    00000284     camera_app.obj (.text:CaptureImage)
                  2000f78c    0000026e     simplejson.obj (.text:simpleJsonProcessor)
                  2000f9fa    00000002     startup_ccs.obj (.text:IntDefaultHandler)
                  2000f9fc    00000264     user_configure_fn.obj (.text:WiFiProvisioning)
                  2000fc60    00000260     door_position_detection_algorithm.obj (.text:check_doorpos)
                  2000fec0    0000025c     parse_uploads.obj (.text:ConstructGroundDataObject)
                  2001011c    0000025c     lightSens_isl29035.obj (.text:configureISL29035)
                  20010378    00000248     simplelink.a : driver.obj (.text:_SlDrvRxHdrRead)
                  200105c0    00000244                  : wlan.obj (.text:sl_WlanConnect)
                  20010804    00000220     rtsv7M4_T_le_eabi.lib : ll_div_t2.obj (.text)
                  20010a24    00000218     request.obj (.text:payloadSend)
                  20010c3c    0000020c     ota.obj (.text:OTA_Run)
                  20010e48    000001f4     main_FXOS8700.obj (.text:angleCheck_Initializations)
                  2001103c    000001f4     rtsv7M4_T_le_eabi.lib : ull_div_t2.obj (.text)
                  20011230    000001d0     user_configure_fn.obj (.text:Get_Calibration_MagSensor)
                  20011400    000001d0     simplelink.a : driver.obj (.text:_SlDrvReleasePoolObj)
                  200115d0    000001cc                  : driver.obj (.text:_SlDrvMsgWrite)
                  2001179c    000001c8     main.obj (.text:main)
                  20011964    000001c4     tasks.obj (.text:RdSensData_Run)
                  20011b28    000001c4     rtsv7M4_T_le_eabi.lib : fopen.obj (.text)
                  20011cec    000001c0     magnetic.obj (.text:fInvertMagCal)
                  20011eac    000001bc     rtsv7M4_T_le_eabi.lib : xflog.obj (.text)
                  20012068    000001b6                           : fd_add_t2.obj (.text)
                  2001221e    00000002     startup_ccs.obj (.text:NmiSR)
                  20012220    000001b4     Task_UserConfig.obj (.text:UserConfigure_Task)
                  200123d4    000001ac     parse_uploads.obj (.text:ConstructDeviceStateObject)
                  20012580    000001a8     user_configure_fn.obj (.text:AccessPtMode_HTTPServer_Start)
                  20012728    000001a4     orientation.obj (.text:fQuaternionFromRotationMatrix)
                  200128cc    000001a4     cc3200_socket.obj (.text:socketSslConnect)
                  20012a70    000001a0     camera_app.obj (.text:CameraIntHandler)
                  20012c10    0000019c     rtsv7M4_T_le_eabi.lib : xfsin.obj (.text)
                  20012dac    00000190     simplelink.a : driver.obj (.text:_SlDrvWaitForPoolObj)
                  20012f3c    0000018c     request.obj (.text:sendRequest)
                  200130c8    00000188     matrix.obj (.text:f3x3matrixAeqInvSymB)
                  20013250    00000184     flc.a : flc.obj (.text)
                  200133d4    00000180     orientation.obj (.text:fWin8AnglesDegFromRotationMatrix)
                  20013554    00000178     rtsv7M4_T_le_eabi.lib : tanf.obj (.text)
                  200136cc    00000178                           : xfexp.obj (.text)
                  20013844    00000174     simplelink.a : driver.obj (.text:_SlDrvDriverCBInit)
                  200139b8    00000174     magnetic.obj (.text:fInitMagCalibration)
                  20013b2c    00000174     network_relater_fns.obj (.text:initNetwork)
                  20013ca0    00000170     network_relater_fns.obj (.text:SimpleLinkNetAppEventHandler)
                  20013e10    00000170     simplelink.a : driver.obj (.text:_SlFindAndSetActiveObj)
                  20013f80    00000168     ota.obj (.text:OTAServerInfoSet)
                  200140e8    00000165     network_relater_fns.obj (.text:SimpleLinkSockEventHandler)
                  2001424d    00000001     --HOLE-- [fill = 0]
                  2001424e    00000002     main.obj (.text:vApplicationIdleHook)
                  20014250    00000164     tempRHSens_si7020.obj (.text:getTempRH)
                  200143b4    00000160     tasks.obj (.text:Fusion_Run)
                  20014514    00000160     network_relater_fns.obj (.text:WiFi_Connect)
                  20014674    0000015c     hibernate_related_fns.obj (.text:HIBernate)
                  200147d0    00000158     user_configure_fn.obj (.text:CollectAngle)
                  20014928    00000158     drivers.obj (.text:FXOS8700_Init)
                  20014a80    00000158     orientation.obj (.text:qAeqAxB)
                  20014bd8    00000158     orientation.obj (.text:qconjgAxB)
                  20014d30    00000150     simplelink.a : cc_pal.obj (.text:spi_Open)
                  20014e80    00000144     parse_uploads.obj (.text:ConstructUserConfigObject)
                  20014fc4    00000144     fusion.obj (.text:fRun_6DOF_GB_BASIC)
                  20015108    0000013c     rtsv7M4_T_le_eabi.lib : fmodf.obj (.text)
                  20015244    0000013c     simplelink.a : socket.obj (.text:sl_Select)
                  20015380    00000138     i2cconfig.obj (.text:I2CBufferRead)
                  200154b8    00000138     mt9d111.obj (.text:Register_Read)
                  200155f0    00000138     orientation.obj (.text:fLPFOrientationQuaternion)
                  20015728    00000138     orientation.obj (.text:fRotationMatrixFromQuaternion)
                  20015860    00000138     i2c_app.obj (.text:i2cWriteRegisters)
                  20015998    00000136     rtsv7M4_T_le_eabi.lib : fd_div_t2.obj (.text)
                  20015ace    00000002     --HOLE-- [fill = 0]
                  20015ad0    00000134     driverlib.a : prcm.obj (.text:PRCMCC3200MCUInit)
                  20015c04    00000134     rtsv7M4_T_le_eabi.lib : fputs.obj (.text)
                  20015d38    00000130     i2cconfig.obj (.text:I2CBufferWrite)
                  20015e68    0000012a     free_rtos.a : list.obj (.text)
                  20015f92    00000002     --HOLE-- [fill = 0]
                  20015f94    00000128     mt9d111.obj (.text:Read_AllRegisters)
                  200160bc    00000128     simplelink.a : driver.obj (.text:_SlDrvDataReadOp)
                  200161e4    00000116     drivers.obj (.text:FXOS8700_ReadData)
                  200162fa    00000002     --HOLE-- [fill = 0]
                  200162fc    00000110     free_rtos.a : port.obj (.text)
                  2001640c    00000110     rtsv7M4_T_le_eabi.lib : xdscale.obj (.text)
                  2001651c    00000110     lightSens_isl29035.obj (.text:verifyISL29035)
                  2001662c    00000110     tempRHSens_si7020.obj (.text:verifyTempRHSensor)
                  2001673c    0000010c     flash_files.obj (.text:WriteFile_ToFlash)
                  20016848    00000108     middleware.a : rtc_hal.obj (.text:rtc_fast_domain_counter_rd)
                  20016950    00000108     simplelink.a : socket.obj (.text:sl_Connect)
                  20016a58    00000108                  : socket.obj (.text:sl_Send)
                  20016b60    00000104     dbgFns.obj (.text:Check_I2CDevices)
                  20016c64    00000104     simplelink.a : driver.obj (.text:_SlDrvDataWriteOp)
                  20016d68    00000104     i2c_app.obj (.text:i2cReadRegistersTwoBytes)
                  20016e6c    00000104     simplelink.a : netapp.obj (.text:sl_NetAppDnsGetHostByName)
                  20016f70    00000100     i2c_app.obj (.text:i2cReadRegisters)
                  20017070    00000100     cc3200_client_state.obj (.text:loadClientState)
                  20017170    000000fe     simplelink.a : netapp.obj (.text:_SlDrvNetAppEventHandler)
                  2001726e    00000002     --HOLE-- [fill = 0]
                  20017270    000000fc     pinmux.obj (.text:PinMuxConfig)
                  2001736c    000000fc     orientation.obj (.text:fqAeqNormqA)
                  20017468    000000fc     rtsv7M4_T_le_eabi.lib : fd_mul_t2.obj (.text)
                  20017564    000000fa                           : fs_add_t2.obj (.text)
                  2001765e    00000002     --HOLE-- [fill = 0]
                  20017660    000000f8     cc3200_certificate.obj (.text:ensureCertificateFile)
                  20017758    000000f8     orientation.obj (.text:fAndroidAnglesDegFromRotationMatrix)
                  20017850    000000f8     orientation.obj (.text:fNEDAnglesDegFromRotationMatrix)
                  20017948    000000f7     parse_uploads.obj (.text:Get_FridgeCamID)
                  20017a3f    00000001     --HOLE-- [fill = 0]
                  20017a40    000000f4     simplelink.a : driver.obj (.text:_SlDrvDriverCBDeinit)
                  20017b34    000000f4     installation.obj (.text:getInstallation)
                  20017c28    000000f4     app_common.obj (.text:intToASCII)
                  20017d1c    000000f4     simplelink.a : fs.obj (.text:sl_FsRead)
                  20017e10    000000f4     accelomtrMagntomtr_fxos8700.obj (.text:verifyAccelMagnSensor)
                  20017f04    000000f2     cc3200_socket.obj (.text:socketRead)
                  20017ff6    00000002     --HOLE-- [fill = 0]
                  20017ff8    000000f0     camera_app.obj (.text:DMAConfig)
                  200180e8    000000f0     Task_Main.obj (.text:Main_Task_withHibernate)
                  200181d8    000000f0     driverlib.a : udma.obj (.text:uDMAChannelTransferSet)
                  200182c8    000000ec     orientation.obj (.text:fRotationVectorDegFromQuaternion)
                  200183b4    000000ec     simplelink.a : fs.obj (.text:sl_FsWrite)
                  200184a0    000000e8     appFns_BatteryLevelSense.obj (.text:Get_BatteryPercent)
                  20018588    000000e4     parse_uploads.obj (.text:UploadImageToParse)
                  2001866c    000000e0     flash_files.obj (.text:ReadFile_FromFlash)
                  2001874c    000000e0     camera_app.obj (.text:Start_CameraCapture)
                  2001882c    000000e0     parse_uploads.obj (.text:UploadGroundDataObjectToParse)
                  2001890c    000000dc     parse_uploads.obj (.text:UploadSensorDataToParse)
                  200189e8    000000dc     parse_uploads.obj (.text:UploadUserConfigObjectToParse)
                  20018ac4    000000dc     rtsv7M4_T_le_eabi.lib : setvbuf.obj (.text)
                  20018ba0    000000dc     simplelink.a : cc_pal.obj (.text:spi_Read)
                  20018c7c    000000d8                  : driver.obj (.text:_SlDrvClassifyRxMsg)
                  20018d54    000000d8     rtsv7M4_T_le_eabi.lib : xfatan.obj (.text)
                  20018e2c    000000d4     ota.obj (.text:OTA_CommitImage)
                  20018f00    000000d4     simplelink.a : device.obj (.text:sl_Stop)
                  20018fd4    000000d0     rtsv7M4_T_le_eabi.lib : xfdscale.obj (.text)
                  200190a4    000000cc     approximations.obj (.text:fatan_deg)
                  20019170    000000cc     rtsv7M4_T_le_eabi.lib : sqrtf.obj (.text)
                  2001923c    000000c8     mt9d111.obj (.text:EnterStandby_mt9d111)
                  20019304    000000c8     simplelink.a : netapp.obj (.text:_sl_HandleAsync_DnsGetHostByService)
                  200193cc    000000c8     rtsv7M4_T_le_eabi.lib : fflush.obj (.text)
                  20019494    000000c4     mt9d111.obj (.text:ExitStandby_mt9d111)
                  20019558    000000c4     simplelink.a : driver.obj (.text:_SlRemoveFromList)
                  2001961c    000000c0     i2c_if.obj (.text:I2C_IF_Read)
                  200196dc    000000c0     user_configure_fn.obj (.text:WlanConnect)
                  2001979c    000000be     rtsv7M4_T_le_eabi.lib : xdnorm.obj (.text)
                  2001985a    00000002     --HOLE-- [fill = 0]
                  2001985c    000000bc     i2c_if.obj (.text:I2C_IF_Write)
                  20019918    000000bc     Task_ImageCaptureConfigs.obj (.text:ImageSensor_CaptureConfigs_Task)
                  200199d4    000000bc     main.obj (.text:InitializeAppVariables)
                  20019a90    000000bc     simplelink.a : driver.obj (.text:_SlDrvMsgReadCmdCtx)
                  20019b4c    000000bc     tempRHSens_si7020.obj (.text:configureTempRHSensor)
                  20019c08    000000bc     rtsv7M4_T_le_eabi.lib : acosf.obj (.text)
                  20019cc4    000000bc     simplelink.a : device.obj (.text:sl_Start)
                  20019d80    000000ba     free_rtos.a : portasm.obj (.text)
                  20019e3a    00000002     --HOLE-- [fill = 0]
                  20019e3c    000000b8     simplelink.a : driver.obj (.text:_SlAsyncEventGenericHandler)
                  20019ef4    000000b8     installation.obj (.text:createInstallation)
                  20019fac    000000b4     simplelink.a : netapp.obj (.text:sl_NetAppMDNSRegisterUnregisterService)
                  2001a060    000000ac     camera_app.obj (.text:ReStart_CameraCapture)
                  2001a10c    000000ac     mt9d111.obj (.text:Verify_ImageSensor)
                  2001a1b8    000000ac     rtsv7M4_T_le_eabi.lib : _io_perm.obj (.text)
                  2001a264    000000ab     installation.obj (.text:getInstallationByIdCallback)
                  2001a30f    00000001     --HOLE-- [fill = 0]
                  2001a310    000000aa     uartA1_if.obj (.text:Report)
                  2001a3ba    00000002     --HOLE-- [fill = 0]
                  2001a3bc    000000a8     driverlib.a : interrupt.obj (.text:IntDisable)
                  2001a464    000000a8                 : interrupt.obj (.text:IntEnable)
                  2001a50c    000000a8     simplelink.a : netcfg.obj (.text:sl_NetCfgGet)
                  2001a5b4    000000a4     app_common.obj (.text:LED_Blink)
                  2001a658    000000a0     driverlib.a : spi.obj (.text:SPIConfigSetExpClk)
                  2001a6f8    000000a0     cc3200_socket.obj (.text:socketWrite)
                  2001a798    0000009e     matrix.obj (.text:f3x3matrixDetA)
                  2001a836    00000002     --HOLE-- [fill = 0]
                  2001a838    0000009c     simplelink.a : driver.obj (.text:_SlDrvMsgReadSpawnCtx)
                  2001a8d4    0000009c     approximations.obj (.text:fatan2_deg)
                  2001a970    0000009c     rtsv7M4_T_le_eabi.lib : memcpy_t2.obj (.text)
                  2001aa0c    0000009c     simplelink.a : device.obj (.text:sl_DevGet)
                  2001aaa8    00000098     camera_app.obj (.text:Config_CameraCapture)
                  2001ab40    00000098     simplelink.a : fs.obj (.text:_sl_GetCreateFsMode)
                  2001abd8    00000098     rtsv7M4_T_le_eabi.lib : fclose.obj (.text)
                  2001ac70    00000098                           : fputc.obj (.text)
                  2001ad08    00000096     parse_uploads.obj (.text:Add_NumberField_ToJSONString)
                  2001ad9e    00000002     --HOLE-- [fill = 0]
                  2001ada0    00000094     driverlib.a : prcm.obj (.text:PRCMPeripheralClockGet)
                  2001ae34    00000094     approximations.obj (.text:facos_deg)
                  2001aec8    00000094     lightSens_isl29035.obj (.text:getLightsensor_data)
                  2001af5c    00000094     rtsv7M4_T_le_eabi.lib : snprintf.obj (.text)
                  2001aff0    00000092     parse_impl.obj (.text:parseInitialize)
                  2001b082    00000092     rtsv7M4_T_le_eabi.lib : fs_div_t2.obj (.text)
                  2001b114    00000090     network_relater_fns.obj (.text:InitializeUserConfigVariables)
                  2001b1a4    0000008c     simplelink.a : cc_pal.obj (.text:SetupDMAReceive)
                  2001b230    0000008c                  : cc_pal.obj (.text:SetupDMASend)
                  2001b2bc    0000008c                  : netapp.obj (.text:_sl_HandleAsync_DnsGetHostByName)
                  2001b348    0000008c                  : netapp.obj (.text:_sl_HandleAsync_PingResponse)
                  2001b3d4    0000008c     rtsv7M4_T_le_eabi.lib : xfdint.obj (.text)
                  2001b460    0000008c     simplelink.a : cc_pal.obj (.text:spi_Write)
                  2001b4ec    00000088     driverlib.a : prcm.obj (.text:PRCMHibernateIntervalSet)
                  2001b574    00000088                 : pin.obj (.text:PinConfigSet)
                  2001b5fc    00000088     rtsv7M4_T_le_eabi.lib : vsnprintf.obj (.text)
                  2001b684    00000088     simplelink.a : fs.obj (.text:sl_FsClose)
                  2001b70c    00000086     rtsv7M4_T_le_eabi.lib : fd_cmp_t2.obj (.text:__aeabi_cdcmple)
                  2001b792    00000086                           : fd_cmp_t2.obj (.text:__aeabi_cdrcmple)
                  2001b818    00000084     timer_if.obj (.text:GetPeripheralIntNum)
                  2001b89c    00000084     driverlib.a : i2c.obj (.text:I2CMasterInitExpClk)
                  2001b920    00000084     simplelink.a : cc_pal.obj (.text:NwpPowerOnPreamble)
                  2001b9a4    00000084     sendGroundData.obj (.text:SendGroundData)
                  2001ba28    00000084     matrix.obj (.text:f3x3matrixAeqI)
                  2001baac    00000084     fusion.obj (.text:fInit_6DOF_GB_BASIC)
                  2001bb30    00000084     sendUserConfigDataToParse.obj (.text:sendUserConfigData)
                  2001bbb4    00000080     NWP.obj (.text:NWP_SwitchOn)
                  2001bc34    00000080     simplelink.a : driver.obj (.text:_SlDrvCmdOp)
                  2001bcb4    00000080                  : cc_pal.obj (.text:spi_Read_CPU)
                  2001bd34    00000080                  : cc_pal.obj (.text:spi_Write_CPU)
                  2001bdb4    0000007c     NWP.obj (.text:NWP_SwitchOff)
                  2001be30    0000007c     driverlib.a : prcm.obj (.text:PRCMRTCGet)
                  2001beac    0000007c     camera_app.obj (.text:Standby_ImageSensor)
                  2001bf28    0000007c     camera_app.obj (.text:Wakeup_ImageSensor)
                  2001bfa4    0000007c     simplelink.a : device.obj (.text:_sl_HandleAsync_InitComplete)
                  2001c020    0000007c     matrix.obj (.text:fmatrixAeqI)
                  2001c09c    0000007c     simplelink.a : fs.obj (.text:sl_FsGetInfo)
                  2001c118    0000007a     rtsv7M4_T_le_eabi.lib : fs_mul_t2.obj (.text)
                  2001c192    0000007a                           : memset_t2.obj (.text)
                  2001c20c    0000007a                           : xfdnorm.obj (.text)
                  2001c286    00000002     --HOLE-- [fill = 0]
                  2001c288    00000078     i2c_if.obj (.text:I2CTransact)
                  2001c300    00000078     parse_uploads.obj (.text:InitialiseParse)
                  2001c378    00000078     simplelink.a : socket.obj (.text:_sl_HandleAsync_Connect)
                  2001c3f0    00000078                  : fs.obj (.text:sl_FsOpen)
                  2001c468    00000078                  : cc_pal.obj (.text:spi_Close)
                  2001c4e0    00000076     driverlib.a : uart.obj (.text:UARTConfigSetExpClk)
                  2001c556    00000002     --HOLE-- [fill = 0]
                  2001c558    00000074     appFns_LightSensor.obj (.text:PowerDown_LightSensor)
                  2001c5cc    00000074     middleware.a : rtc_hal.obj (.text:rtc_value_rd)
                  2001c640    00000074     simplelink.a : socket.obj (.text:sl_Recv)
                  2001c6b4    00000073     installation.obj (.text:getInstallationCallback)
                  2001c727    00000001     --HOLE-- [fill = 0]
                  2001c728    00000072     timer_if.obj (.text:Timer_IF_IntSetup)
                  2001c79a    00000002     --HOLE-- [fill = 0]
                  2001c79c    00000070     batteryVoltLvlSens_adc081c021.obj (.text:Get_BatteryVoltageLevel_ADC081C021)
                  2001c80c    00000070     timer_fns.obj (.text:get_timeDuration)
                  2001c87c    0000006c     camera_app.obj (.text:CamControllerInit)
                  2001c8e8    0000006c     network_relater_fns.obj (.text:ConfigureMode)
                  2001c954    0000006c     lightSens_isl29035.obj (.text:PowerDown_ISL29035)
                  2001c9c0    0000006c     udma_if.obj (.text:UDMAInit)
                  2001ca2c    0000006c     watchdog.obj (.text:WatchdogIntHandler)
                  2001ca98    0000006c     simplelink.a : driver.obj (.text:_SlDrvCmdSend)
                  2001cb04    0000006c     matrix.obj (.text:f3x3matrixAeqMinusA)
                  2001cb70    0000006c     request.obj (.text:parseSendRequestInternal)
                  2001cbdc    0000006c     rtsv7M4_T_le_eabi.lib : autoinit.obj (.text)
                  2001cc48    0000006c                           : fprintf.obj (.text)
                  2001ccb4    0000006c                           : fs_toll_t2.obj (.text)
                  2001cd20    0000006a     matrix.obj (.text:f3x3matrixAeqAxScalar)
                  2001cd8a    0000006a     rtsv7M4_T_le_eabi.lib : copy_decompress_rle.obj (.text)
                  2001cdf4    00000069     http.obj (.text:beginHttpGetRequest)
                  2001ce5d    00000003     --HOLE-- [fill = 0]
                  2001ce60    00000068     driverlib.a : prcm.obj (.text:PRCMHibernateWakeUpGPIOSelect)
                  2001cec8    00000068     mt9d111.obj (.text:RestartSensorInJpegMode)
                  2001cf30    00000068     mt9d111.obj (.text:StartSensorInJpegMode)
                  2001cf98    00000068     simplelink.a : netapp.obj (.text:_sl_NetAppSendTokenValue)
                  2001d000    00000068     cc3200_utils.obj (.text:fetchDeviceOSVersion)
                  2001d068    00000068     rtsv7M4_T_le_eabi.lib : trgmsg.obj (.text)
                  2001d0d0    00000068     simplelink.a : device.obj (.text:sl_DevSet)
                  2001d138    00000068                  : netcfg.obj (.text:sl_NetCfgSet)
                  2001d1a0    00000068                  : socket.obj (.text:sl_SetSockOpt)
                  2001d208    00000068                  : wlan.obj (.text:sl_WlanSet)
                  2001d270    00000066     matrix.obj (.text:f3x3matrixAeqScalar)
                  2001d2d6    00000066     rtsv7M4_T_le_eabi.lib : xdunscal.obj (.text)
                  2001d33c    00000064     mt9d111.obj (.text:CCMRegs_Read)
                  2001d3a0    00000064     rtsv7M4_T_le_eabi.lib : fseek.obj (.text)
                  2001d404    00000064     cc3200_socket.obj (.text:socketWait)
                  2001d468    00000064     tempRHSens_si7020.obj (.text:softResetTempRHSensor)
                  2001d4cc    00000064     driverlib.a : udma.obj (.text:uDMAChannelAttributeDisable)
                  2001d530    00000064                 : udma.obj (.text:uDMAChannelAttributeEnable)
                  2001d594    00000060     rtsv7M4_T_le_eabi.lib : fs_cmp_t2.obj (.text:__aeabi_cfcmple)
                  2001d5f4    00000060                           : fs_cmp_t2.obj (.text:__aeabi_cfrcmple)
                  2001d654    00000060     simplelink.a : socket.obj (.text:_sl_HandleAsync_Accept)
                  2001d6b4    00000060     main_FXOS8700.obj (.text:fxosDefault_Initializations)
                  2001d714    00000060     lightSens_isl29035.obj (.text:getLightsensor_intrptStatus)
                  2001d774    00000060     accelomtrMagntomtr_fxos8700.obj (.text:getMagntData)
                  2001d7d4    00000060     rtsv7M4_T_le_eabi.lib : sprintf.obj (.text)
                  2001d834    00000060     simplelink.a : wlan.obj (.text:sl_WlanPolicySet)
                  2001d894    00000060     accelomtrMagntomtr_fxos8700.obj (.text:standby_accelMagn_fxos8700)
                  2001d8f4    0000005c     ota.obj (.text:OTA_Init)
                  2001d950    0000005c     mt9d111.obj (.text:PCLK_Rate_read)
                  2001d9ac    0000005c     simplelink.a : socket.obj (.text:sl_Socket)
                  2001da08    00000058     driverlib.a : interrupt.obj (.text:IntPendClear)
                  2001da60    00000058                 : prcm.obj (.text:PRCMPeripheralReset)
                  2001dab8    00000056     rtsv7M4_T_le_eabi.lib : ltoa.obj (.text)
                  2001db0e    00000056                           : xfdunsca.obj (.text)
                  2001db64    00000054     driverlib.a : interrupt.obj (.text:IntPrioritySet)
                  2001dbb8    00000054     simplelink.a : socket.obj (.text:_sl_HandleAsync_Select)
                  2001dc0c    00000054     approximations.obj (.text:fasin_deg)
                  2001dc60    00000054     request.obj (.text:headerSend)
                  2001dcb4    00000054     simplelink.a : wlan.obj (.text:sl_WlanRxFilterSet)
                  2001dd08    00000051     installation.obj (.text:createInstallationCallback)
                  2001dd59    00000003     --HOLE-- [fill = 0]
                  2001dd5c    00000050     i2c_if.obj (.text:I2C_IF_Open)
                  2001ddac    00000050     camera_app.obj (.text:ImagCapture_Init)
                  2001ddfc    00000050     driverlib.a : prcm.obj (.text:PRCMSlowClkCtrGet)
                  2001de4c    00000050     simplelink.a : device.obj (.text:_sl_HandleAsync_Stop)
                  2001de9c    00000050     mt9d111.obj (.text:disableAE)
                  2001deec    00000050     mt9d111.obj (.text:disableAWB)
                  2001df3c    00000050     rtsv7M4_T_le_eabi.lib : fs_toull_t2.obj (.text)
                  2001df8c    00000050     simplelink.a : fs.obj (.text:sl_FsDel)
                  2001dfdc    0000004c     tasks.obj (.text:RdSensData_Init)
                  2001e028    0000004c     driverlib.a : spi.obj (.text:SPIIntEnable)
                  2001e074    0000004c     simplelink.a : driver.obj (.text:_SlDrvProtectAsyncRespSetting)
                  2001e0c0    0000004c                  : driver.obj (.text:_SlDrvRxIrqHandler)
                  2001e10c    0000004c                  : socket.obj (.text:_sl_BuildAddress)
                  2001e158    0000004c     rtsv7M4_T_le_eabi.lib : atoi.obj (.text)
                  2001e1a4    0000004c                           : atol.obj (.text)
                  2001e1f0    0000004c                           : cpy_tbl.obj (.text)
                  2001e23c    0000004c                           : rand.obj (.text)
                  2001e288    0000004c     driverlib.a : udma.obj (.text:uDMAChannelAssign)
                  2001e2d4    0000004c     middleware.a : util64.obj (.text:util_u32_nsec_add)
                  2001e320    0000004a     rtsv7M4_T_le_eabi.lib : fd_tos_t2.obj (.text)
                  2001e36a    00000002     --HOLE-- [fill = 0]
                  2001e36c    00000048     driverlib.a : prcm.obj (.text:PRCMHibernateWakeupSourceDisable)
                  2001e3b4    00000048                 : prcm.obj (.text:PRCMHibernateWakeupSourceEnable)
                  2001e3fc    00000048                 : spi.obj (.text:SPIIntClear)
                  2001e444    00000048     mt9d111.obj (.text:Variable_Read)
                  2001e48c    00000048     simplelink.a : driver.obj (.text:_SlDrvBasicCmd)
                  2001e4d4    00000048     http.obj (.text:addHttpRequestLine)
                  2001e51c    00000048     approximations.obj (.text:fatan_15deg)
                  2001e564    00000048     rtsv7M4_T_le_eabi.lib : fd_toi_t2.obj (.text)
                  2001e5ac    00000046                           : ldexp.obj (.text)
                  2001e5f2    00000002     --HOLE-- [fill = 0]
                  2001e5f4    00000044     driverlib.a : spi.obj (.text:SPIDmaMaskGet)
                  2001e638    00000044                 : timer.obj (.text:TimerConfigure)
                  2001e67c    00000044     udma_if.obj (.text:UDMASetupTransfer)
                  2001e6c0    00000044     simplelink.a : cc_pal.obj (.text:cc_SetupTransfer)
                  2001e704    00000044     main_FXOS8700.obj (.text:fxos_Calibration)
                  2001e748    00000044     rtsv7M4_T_le_eabi.lib : exit.obj (.text)
                  2001e78c    00000044                           : fd_tou_t2.obj (.text)
                  2001e7d0    00000042     simplelink.a : socket.obj (.text:sl_Htonl)
                  2001e812    00000002     --HOLE-- [fill = 0]
                  2001e814    00000040     driverlib.a : pin.obj (.text:PinModeSet)
                  2001e854    00000040     wdt_if.obj (.text:WDT_IF_Init)
                  2001e894    00000040     http.obj (.text:getHttpResponseBody)
                  2001e8d4    00000040     rtsv7M4_T_le_eabi.lib : signal.obj (.text)
                  2001e914    00000040     timer_fns.obj (.text:start_1Sec_TimeoutTimer)
                  2001e954    0000003e     appFns_LightSensor.obj (.text:IsLightOff)
                  2001e992    0000003e     rtsv7M4_T_le_eabi.lib : strncasecmp.obj (.text)
                  2001e9d0    0000003c     simplelink.a : netapp.obj (.text:CopyPingResultsToReport)
                  2001ea0c    0000003c     tasks.obj (.text:Fusion_Init)
                  2001ea48    0000003c     driverlib.a : prcm.obj (.text:PRCMPeripheralClkEnable)
                  2001ea84    0000003c                 : prcm.obj (.text:PRCMSlowClkCtrFastGet)
                  2001eac0    0000003c     watchdog.obj (.text:WDT_init)
                  2001eafc    0000003c     simplelink.a : socket.obj (.text:_sl_TruncatePayloadByProtocol)
                  2001eb38    0000003c     rtsv7M4_T_le_eabi.lib : boot.obj (.text)
                  2001eb74    0000003c     simplelink.a : socket.obj (.text:sl_Htons)
                  2001ebb0    0000003c     timer_fns.obj (.text:start_100mSecTimer)
                  2001ebec    0000003c     driverlib.a : udma.obj (.text:uDMAChannelControlSet)
                  2001ec28    0000003a                 : camera.obj (.text:CameraCaptureStop)
                  2001ec62    0000003a                 : camera.obj (.text:CameraXClkConfig)
                  2001ec9c    0000003a     orientation.obj (.text:fLPFScalar)
                  2001ecd6    0000003a     request.obj (.text:parseSendRequest)
                  2001ed10    00000039     http.obj (.text:addHttpRequestHeader)
                  2001ed49    00000003     --HOLE-- [fill = 0]
                  2001ed4c    00000038     simplelink.a : cc_pal.obj (.text:NwpPowerOff)
                  2001ed84    00000038     free_rtos.a : heap_3.obj (.text)
                  2001edbc    00000038     rtsv7M4_T_le_eabi.lib : fs_tod_t2.obj (.text)
                  2001edf4    00000038                           : fs_toi_t2.obj (.text)
                  2001ee2c    00000038                           : i_tofs_t2.obj (.text)
                  2001ee64    00000036     driverlib.a : gpio.obj (.text:GPIODirModeSet)
                  2001ee9a    00000036     simplelink.a : netapp.obj (.text:sl_NetAppMDNSUnRegisterService)
                  2001eed0    00000035     http.obj (.text:beginHttpRequest)
                  2001ef05    00000001     --HOLE-- [fill = 0]
                  2001ef06    00000034     driverlib.a : camera.obj (.text:CameraParamsConfig)
                  2001ef3a    00000002     --HOLE-- [fill = 0]
                  2001ef3c    00000034                 : prcm.obj (.text:PRCMPeripheralStatusGet)
                  2001ef70    00000034                 : spi.obj (.text:SPIFIFOLevelSet)
                  2001efa4    00000034     http.obj (.text:getHttpResponseStatus)
                  2001efd8    00000034     main_FXOS8700.obj (.text:get_angle)
                  2001f00c    00000034     rtsv7M4_T_le_eabi.lib : feraiseexcept.obj (.text)
                  2001f040    00000034                           : fs_tou_t2.obj (.text)
                  2001f074    00000034                           : strstr.obj (.text)
                  2001f0a8    00000033     ota.obj (.text:OTA_Update)
                  2001f0db    00000001     --HOLE-- [fill = 0]
                  2001f0dc    00000032     timer_if.obj (.text:Timer_IF_Init)
                  2001f10e    00000002     --HOLE-- [fill = 0]
                  2001f110    00000030     main.obj (.text:BoardInit)
                  2001f140    00000030     driverlib.a : pin.obj (.text:PinTypeGPIO)
                  2001f170    00000030                 : uart.obj (.text:UARTDisable)
                  2001f1a0    00000030     simplelink.a : device.obj (.text:_SlDrvDeviceEventHandler)
                  2001f1d0    00000030                  : fs.obj (.text:_sl_Strlen)
                  2001f200    00000030     middleware.a : rtc_hal.obj (.text:hw_access_time_addup)
                  2001f230    00000030     rtsv7M4_T_le_eabi.lib : strncpy.obj (.text)
                  2001f260    00000030                           : xferaise.obj (.text)
                  2001f290    00000030     simplelink.a : socket.obj (.text:sl_Close)
                  2001f2c0    00000030                  : wlan.obj (.text:sl_WlanProfileDel)
                  2001f2f0    00000030                  : wlan.obj (.text:sl_WlanSetMode)
                  2001f320    0000002e     rtsv7M4_T_le_eabi.lib : i_tofd_t2.obj (.text)
                  2001f34e    0000002e                           : raise.obj (.text)
                  2001f37c    0000002d     http.obj (.text:addHttpRequestHeaderInt)
                  2001f3a9    00000003     --HOLE-- [fill = 0]
                  2001f3ac    0000002c     tasks.obj (.text:ApplyMagHAL)
                  2001f3d8    0000002c     driverlib.a : camera.obj (.text:CameraIntEnable)
                  2001f404    0000002c     simplelink.a : cc_pal.obj (.text:DmaSpiSwIntHandler)
                  2001f430    0000002c     driverlib.a : i2c.obj (.text:I2CMasterErr)
                  2001f45c    0000002c     timer_fns.obj (.text:IntHandler_1Sec_TimeoutTimer)
                  2001f488    0000002c     driverlib.a : prcm.obj (.text:PRCMSysResetCauseGet)
                  2001f4b4    0000002c     mt9d111.obj (.text:SoftReset_ImageSensor)
                  2001f4e0    0000002c     cc3200_utils.obj (.text:getDeviceTimeDate)
                  2001f50c    0000002c     request.obj (.text:setDataBufferPointer)
                  2001f538    0000002a     driverlib.a : timer.obj (.text:TimerLoadSet)
                  2001f562    0000002a                 : timer.obj (.text:TimerPrescaleSet)
                  2001f58c    0000002a     rtsv7M4_T_le_eabi.lib : xdclass.obj (.text)
                  2001f5b6    0000002a     middleware.a : util64.obj (.text:util_u64_time_add)
                  2001f5e0    00000028     driverlib.a : camera.obj (.text:CameraIntStatus)
                  2001f608    00000028     uartA1_if.obj (.text:InitTerm)
                  2001f630    00000028     driverlib.a : prcm.obj (.text:IsRTCUsed)
                  2001f658    00000028     uartA1_if.obj (.text:Message)
                  2001f680    00000028     driverlib.a : prcm.obj (.text:PRCMPeripheralClkDisable)
                  2001f6a8    00000028     rtsv7M4_T_le_eabi.lib : strncat.obj (.text)
                  2001f6d0    00000028     simplelink.a : netapp.obj (.text:sl_NetAppStart)
                  2001f6f8    00000028                  : netapp.obj (.text:sl_NetAppStop)
                  2001f720    00000026     driverlib.a : camera.obj (.text:CameraThresholdSet)
                  2001f746    00000026     simplelink.a : cc_pal.obj (.text:NwpRegisterInterruptHandler)
                  2001f76c    00000026     rtsv7M4_T_le_eabi.lib : strncmp.obj (.text)
                  2001f792    00000002     --HOLE-- [fill = 0]
                  2001f794    00000024     driverlib.a : camera.obj (.text:CameraIntClear)
                  2001f7b8    00000024     timer_fns.obj (.text:IntHandler_100mSecTimer)
                  2001f7dc    00000024     driverlib.a : interrupt.obj (.text:IntUnregister)
                  2001f800    00000024                 : prcm.obj (.text:RTCU16MSecRegRead)
                  2001f824    00000024     timer_if.obj (.text:Timer_IF_Start)
                  2001f848    00000024     driverlib.a : uart.obj (.text:UARTEnable)
                  2001f86c    00000024     mt9d111.obj (.text:WriteAllAEnAWBRegs)
                  2001f890    00000024     simplelink.a : driver.obj (.text:_SlDrvProtectionObjLockWaitForever)
                  2001f8b4    00000024     main_FXOS8700.obj (.text:magnetometer_initialize)
                  2001f8d8    00000024     rtsv7M4_T_le_eabi.lib : u_tofs_t2.obj (.text)
                  2001f8fc    00000022     driverlib.a : camera.obj (.text:CameraCaptureStart)
                  2001f91e    00000022                 : i2c.obj (.text:I2CMasterSlaveAddrSet)
                  2001f940    00000022     simplelink.a : socket.obj (.text:SL_FD_SET)
                  2001f962    00000022     driverlib.a : spi.obj (.text:SPIReset)
                  2001f984    00000022                 : spi.obj (.text:SPIWordCountSet)
                  2001f9a6    00000022     rtsv7M4_T_le_eabi.lib : frexp.obj (.text)
                  2001f9c8    00000022                           : memcmp.obj (.text)
                  2001f9ea    00000020     driverlib.a : gpio.obj (.text:GPIOPinWrite)
                  2001fa0a    00000002     --HOLE-- [fill = 0]
                  2001fa0c    00000020                 : interrupt.obj (.text:IntRegister)
                  2001fa2c    00000020     simplelink.a : cc_pal.obj (.text:NwpPowerOn)
                  2001fa4c    00000020     mt9d111.obj (.text:Refresh_mt9d111Firmware)
                  2001fa6c    00000020     simplelink.a : driver.obj (.text:_SlDrvProtectionObjUnLock)
                  2001fa8c    00000020     rtsv7M4_T_le_eabi.lib : memchr.obj (.text)
                  2001faac    00000020                           : u_tofd_t2.obj (.text)
                  2001facc    0000001e     driverlib.a : i2c.obj (.text:I2CMasterIntStatusEx)
                  2001faea    0000001e                 : timer.obj (.text:TimerDisable)
                  2001fb08    0000001e                 : timer.obj (.text:TimerEnable)
                  2001fb26    0000001e                 : timer.obj (.text:TimerIntStatus)
                  2001fb44    0000001e                 : uart.obj (.text:UARTCharPut)
                  2001fb62    0000001e     simplelink.a : cc_pal.obj (.text:cc_UDMAChannelSelect)
                  2001fb80    0000001e     rtsv7M4_T_le_eabi.lib : strcat.obj (.text)
                  2001fb9e    00000002     --HOLE-- [fill = 0]
                  2001fba0    0000001c     tasks.obj (.text:ApplyAccelHAL)
                  2001fbbc    0000001c     mt9d111.obj (.text:CameraSensorInit)
                  2001fbd8    0000001c     udma_if.obj (.text:DmaSwIntHandler)
                  2001fbf4    0000001c     driverlib.a : pin.obj (.text:PinTypeI2C)
                  2001fc10    0000001c                 : timer.obj (.text:TimerValueGet)
                  2001fc2c    0000001c     simplelink.a : driver.obj (.text:_SlDrvObjLockWaitForever)
                  2001fc48    0000001c                  : driver.obj (.text:_SlDrvSyncObjWaitForever)
                  2001fc64    0000001c     rtsv7M4_T_le_eabi.lib : memccpy.obj (.text)
                  2001fc80    0000001c     timer_fns.obj (.text:stop_100mSecTimer)
                  2001fc9c    0000001c     timer_fns.obj (.text:stop_1Sec_TimeoutTimer)
                  2001fcb8    0000001c     driverlib.a : udma.obj (.text:uDMAChannelDisable)
                  2001fcd4    0000001c                 : udma.obj (.text:uDMAChannelEnable)
                  2001fcf0    0000001c     main.obj (.text:vApplicationMallocFailedHook)
                  2001fd0c    0000001a     driverlib.a : pin.obj (.text:PinTypeCamera)
                  2001fd26    0000001a                 : pin.obj (.text:PinTypeUART)
                  2001fd40    0000001a                 : spi.obj (.text:SPIDmaDisable)
                  2001fd5a    0000001a                 : spi.obj (.text:SPIDmaEnable)
                  2001fd74    0000001a                 : spi.obj (.text:SPIFIFODisable)
                  2001fd8e    0000001a                 : spi.obj (.text:SPIFIFOEnable)
                  2001fda8    00000018                 : camera.obj (.text:CameraReset)
                  2001fdc0    00000018     startup_ccs.obj (.text:FaultISR)
                  2001fdd8    00000018     driverlib.a : gpio.obj (.text:GPIOPinRead)
                  2001fdf0    00000018                 : prcm.obj (.text:PRCMHibernateEnter)
                  2001fe08    00000018                 : spi.obj (.text:SPICSDisable)
                  2001fe20    00000018                 : spi.obj (.text:SPICSEnable)
                  2001fe38    00000018                 : spi.obj (.text:SPIDisable)
                  2001fe50    00000018                 : spi.obj (.text:SPIEnable)
                  2001fe68    00000018                 : timer.obj (.text:TimerIntEnable)
                  2001fe80    00000018     timer_if.obj (.text:Timer_IF_InterruptClear)
                  2001fe98    00000018     driverlib.a : wdt.obj (.text:WatchdogStallEnable)
                  2001feb0    00000018                 : wdt.obj (.text:WatchdogUnlock)
                  2001fec8    00000018     simplelink.a : driver.obj (.text:_SlDrvObjUnLock)
                  2001fee0    00000018                  : driver.obj (.text:_SlDrvSyncObjSignal)
                  2001fef8    00000018                  : device.obj (.text:_sl_GetStartResponseConvert)
                  2001ff10    00000018     middleware.a : rtc_hal.obj (.text:get_value)
                  2001ff28    00000018     rtsv7M4_T_le_eabi.lib : args_main.obj (.text)
                  2001ff40    00000018                           : strcmp.obj (.text)
                  2001ff58    00000016     driverlib.a : camera.obj (.text:CameraDMAEnable)
                  2001ff6e    00000016                 : camera.obj (.text:CameraIntRegister)
                  2001ff84    00000016                 : i2c.obj (.text:I2CMasterDataPut)
                  2001ff9a    00000016                 : i2c.obj (.text:I2CMasterEnable)
                  2001ffb0    00000016                 : prcm.obj (.text:PRCMHIBRegRead)
                  2001ffc6    00000016                 : prcm.obj (.text:PRCMHIBRegWrite)
                  2001ffdc    00000016                 : wdt.obj (.text:WatchdogEnable)
                  2001fff2    00000016     simplelink.a : driver.obj (.text:_SlDrvMemZero)
                  20020008    00000016     rtsv7M4_T_le_eabi.lib : strchr.obj (.text)
                  2002001e    00000014     driverlib.a : cpu.obj (.text:CPUcpsie)
                  20020032    00000002     --HOLE-- [fill = 0]
                  20020034    00000014                 : interrupt.obj (.text:IntVTableBaseSet)
                  20020048    00000014     app_common.obj (.text:LED_Off)
                  2002005c    00000014     app_common.obj (.text:LED_On)
                  20020070    00000014     rtsv7M4_T_le_eabi.lib : _lock.obj (.text)
                  20020084    00000014                           : strcpy.obj (.text)
                  20020098    00000014                           : strlen.obj (.text)
                  200200ac    00000014     driverlib.a : udma.obj (.text:uDMAControlBaseSet)
                  200200c0    00000014                 : udma.obj (.text:uDMAIntClear)
                  200200d4    00000012                 : i2c.obj (.text:I2CMasterControl)
                  200200e6    00000012                 : i2c.obj (.text:I2CMasterIntClearEx)
                  200200f8    00000012                 : i2c.obj (.text:I2CMasterTimeoutSet)
                  2002010a    00000012                 : timer.obj (.text:TimerIntClear)
                  2002011c    00000012                 : wdt.obj (.text:WatchdogReloadSet)
                  2002012e    00000002     --HOLE-- [fill = 0]
                  20020130    00000010                 : prcm.obj (.text:PRCMSOCReset)
                  20020140    00000010                 : prcm.obj (.text:RTCU32SecRegRead)
                  20020150    00000010     simplelink.a : socket.obj (.text:SL_FD_ZERO)
                  20020160    00000010     timer_if.obj (.text:Timer_IF_Stop)
                  20020170    00000010     driverlib.a : wdt.obj (.text:WatchdogIntClear)
                  20020180    00000010     cc3200_socket.obj (.text:socketClose)
                  20020190    0000000e     driverlib.a : i2c.obj (.text:I2CMasterDataGet)
                  2002019e    0000000e     simplelink.a : driver.obj (.text:_SlDrvResetCmdExt)
                  200201ac    0000000e     rtsv7M4_T_le_eabi.lib : copy_decompress_none.obj (.text:decompress:none)
                  200201ba    0000000c     udma_if.obj (.text:DmaErrorIntHandler)
                  200201c6    00000002     --HOLE-- [fill = 0]
                  200201c8    0000000c     simplelink.a : cc_pal.obj (.text:NwpMaskInterrupt)
                  200201d4    0000000c                  : cc_pal.obj (.text:NwpUnMaskInterrupt)
                  200201e0    0000000c     middleware.a : rtc_hal.obj (.text:cc_rtc_get)
                  200201ec    0000000c     rtsv7M4_T_le_eabi.lib : copy_zero_init.obj (.text:decompress:ZI)
                  200201f8    0000000c     parse_impl.obj (.text:getInternalClient)
                  20020204    0000000c     simplelink.a : wlan.obj (.text:sl_WlanDisconnect)
                  20020210    0000000c     driverlib.a : udma.obj (.text:uDMAEnable)
                  2002021c    0000000c                 : udma.obj (.text:uDMAIntStatus)
                  20020228    0000000a                 : interrupt.obj (.text:IntMasterEnable)
                  20020232    0000000a     main.obj (.text:vApplicationStackOverflowHook)
                  2002023c    00000008     hibernate_related_fns.obj (.text:sensorsTriggerSetup)
                  20020244    00000006     i2cconfig.obj (.text:MT9D111Delay)
                  2002024a    00000006     startup_ccs.obj (.text:ResetISR)
                  20020250    00000006     driverlib.a : utils.obj (.text:UtilsDelay)
                  20020256    00000006     rtsv7M4_T_le_eabi.lib : copy_decompress_rle.obj (.text:decompress:rle24)
                  2002025c    00000006                           : logf.obj (.text)
                  20020262    00000006                           : sinf.obj (.text)
                  20020268    00000004                           : error.obj (.text)
                  2002026c    00000004                           : pre_init.obj (.text)

.const     0    20020270    000011bb     
                  20020270    00000160     mt9d111.obj (.const:capture_cmds_list)
                  200203d0    0000013c     mt9d111.obj (.const:init_cmds_list)
                  2002050c    00000101     rtsv7M4_T_le_eabi.lib : ctype.obj (.const:.string:_ctypes_)
                  2002060d    00000003     --HOLE-- [fill = 0]
                  20020610    00000100     driverlib.a : pin.obj (.const:g_ulPinToPadMap)
                  20020710    00000100     mt9d111.obj (.const)
                  20020810    000000f8     mt9d111.obj (.const:$P$T4$5)
                  20020908    000000d4     driverlib.a : interrupt.obj (.const:g_pulRegs)
                  200209dc    000000b0     simplelink.a : wlan.obj (.const:$P$T0$1)
                  20020a8c    000000a8     driverlib.a : prcm.obj (.const:PRCM_PeriphRegsList)
                  20020b34    00000092     mt9d111.obj (.const:.string)
                  20020bc6    00000085     lightSens_isl29035.obj (.const:.string)
                  20020c4b    00000081     parse_uploads.obj (.const:.string)
                  20020ccc    00000080     driverlib.a : interrupt.obj (.const)
                  20020d4c    0000007e     camera_app.obj (.const:.string)
                  20020dca    00000002     --HOLE-- [fill = 0]
                  20020dcc    00000068     appFns_BatteryLevelSense.obj (.const:V2CEntry$1)
                  20020e34    00000054     mt9d111.obj (.const:$P$T30$31)
                  20020e88    00000050     accelomtrMagntomtr_fxos8700.obj (.const:.string)
                  20020ed8    0000004c     mt9d111.obj (.const:$P$T8$9)
                  20020f24    0000004b     tempRHSens_si7020.obj (.const:.string)
                  20020f6f    0000004a     user_configure_fn.obj (.const:.string)
                  20020fb9    0000003c     i2c_app.obj (.const:.string)
                  20020ff5    00000001     --HOLE-- [fill = 0]
                  20020ff6    0000003c     simplelink.a : driver.obj (.const:OpcodeTranslateTable)
                  20021032    0000003c                  : wlan.obj (.const)
                  2002106e    00000002     --HOLE-- [fill = 0]
                  20021070    00000038                  : driver.obj (.const:_SlActionLookupTable)
                  200210a8    00000038     rtsv7M4_T_le_eabi.lib : xflog.obj (.const)
                  200210e0    00000038     simplelink.a : fs.obj (.const)
                  20021118    00000036     flash_files.obj (.const:.string)
                  2002114e    00000002     --HOLE-- [fill = 0]
                  20021150    00000034     rtsv7M4_T_le_eabi.lib : xfatan.obj (.const)
                  20021184    00000034     simplelink.a : driver.obj (.const)
                  200211b8    00000034                  : socket.obj (.const)
                  200211ec    0000002c     network_relater_fns.obj (.const:$P$T1$2)
                  20021218    00000028     rtsv7M4_T_le_eabi.lib : xfdint.obj (.const)
                  20021240    00000028                           : xfsin.obj (.const)
                  20021268    00000028     simplelink.a : netapp.obj (.const)
                  20021290    00000027     network_relater_fns.obj (.const:.string)
                  200212b7    00000001     --HOLE-- [fill = 0]
                  200212b8    00000024     mt9d111.obj (.const:recapture_cmds_list)
                  200212dc    00000023     batteryVoltLvlSens_adc081c021.obj (.const:.string:$P$T0$1)
                  200212ff    00000022     network_relater_fns.obj (.const:.string:$P$T0$1)
                  20021321    00000003     --HOLE-- [fill = 0]
                  20021324    0000001c     rtsv7M4_T_le_eabi.lib : tanf.obj (.const)
                  20021340    0000001c                           : xfexp.obj (.const)
                  2002135c    00000018     driverlib.a : spi.obj (.const)
                  20021374    00000017     request.obj (.const:.string)
                  2002138b    00000016     appFns_LightSensor.obj (.const:.string)
                  200213a1    00000014     network_relater_fns.obj (.const)
                  200213b5    00000001     --HOLE-- [fill = 0]
                  200213b6    00000014     simplelink.a : device.obj (.const)
                  200213ca    00000013     sendUserConfigDataToParse.obj (.const:.string)
                  200213dd    00000010     simplelink.a : socket.obj (.const:.string)
                  200213ed    0000000f     application_fn.obj (.const:.string)
                  200213fc    0000000f     sendGroundData.obj (.const:.string)
                  2002140b    0000000b     app_common.obj (.const:.string)
                  20021416    00000008     simplelink.a : device.obj (.const:.string)
                  2002141e    00000008                  : netcfg.obj (.const)
                  20021426    00000005     main.obj (.const:.string)

.cinit     0    20021430    00000530     
                  20021430    00000509     (.cinit..data.load) [load image, compression = rle]
                  20021939    00000003     --HOLE-- [fill = 0]
                  2002193c    0000000c     (__TI_handler_table)
                  20021948    00000008     (.cinit..bss.load) [load image, compression = zero_init]
                  20021950    00000010     (__TI_cinit_table)

.init_array 
*          0    20004000    00000000     UNINITIALIZED

.bss       0    20022400    00017360     UNINITIALIZED
                  20022400    00014000     main.obj (.bss:g_image_buffer)
                  20036400    00000b58     tasks.obj (.bss:thisMagBuffer)
                  20036f58    000005a0     ota.a : OtaHttp.obj (.bss:recv_buf)
                  200374f8    0000044c           : OtaClient.obj (.bss:g_OtaCheckUpdateResponse)
                  20037944    00000418     user_configure_fn.obj (.bss:thisMagCal)
                  20037d5c    00000240     ota.obj (.bss:g_otaOptServerInfo)
                  20037f9c    00000058     tasks.obj (.bss:thisMag)
                  20037ff4    0000000c     (.common:g_SecParams)
                  20038000    00000400     udma_if.obj (.bss:gpCtlTbl)
                  20038400    000003d8     ota.a : OtaClient.obj (.bss:g_OtaFileMetadata)
                  200387d8    00000370     main.obj (.bss:g_NetEntries)
                  20038b48    00000200     ota.a : OtaHttp.obj (.bss:send_buf)
                  20038d48    00000178     simplelink.a : driver.obj (.bss:g_StatMem)
                  20038ec0    00000120     rtsv7M4_T_le_eabi.lib : trgmsg.obj (.bss:__CIOBUF_)
                  20038fe0    00000100     udma_if.obj (.bss:gfpAppCallbackHndl)
                  200390e0    000000c8     free_rtos.a : tasks.obj (.bss:pxReadyTasksLists)
                  200391a8    000000ac     tasks.obj (.bss:thisSV_6DOF_GB_BASIC)
                  20039254    000000a0     rtsv7M4_T_le_eabi.lib : defs.obj (.bss:__TI_tmpnams)
                  200392f4    00000074     ota.a : CdnClient.obj (.bss:g_CdnClient)
                  20039368    00000050     simplelink.a : cc_pal.obj (.bss:g_ucDinDout)
                  200393b8    00000050     free_rtos.a : queue.obj (.bss:xQueueRegistry)
                  20039408    0000004c     ota.a : OtaApp.obj (.bss:g_OtaApp)
                  20039454    0000004c           : OtaApp.obj (.bss:g_OtaApp_statistics)
                  200394a0    00000034     cc3200_client_state.obj (.bss:clientStateFileName)
                  200394d4    00000034     main.obj (.bss:g_cWlanSecurityKey)
                  20039508    00000034     tasks.obj (.bss:thisAccel)
                  2003953c    00000024     ota.a : OtaClient.obj (.bss:g_OtaClient)
                  20039560    00000024     main.obj (.bss:g_cWlanSSID)
                  20039584    00000024     main.obj (.bss:g_ucConnectionSSID)
                  200395a8    0000001c     rtsv7M4_T_le_eabi.lib : vla_alloc.obj (.bss)
                  200395c4    00000014     (.common:g_FlcSflashCb)
                  200395d8    00000014     (.common:g_flag_blockFull)
                  200395ec    00000014     (.common:xDelayedTaskList1)
                  20039600    00000014     (.common:xDelayedTaskList2)
                  20039614    00000014     (.common:xPendingReadyList)
                  20039628    00000014     (.common:xSuspendedTaskList)
                  2003963c    00000014     (.common:xTasksWaitingTermination)
                  20039650    00000010     (.common:ang_buf)
                  20039660    00000010     (.common:globals)
                  20039670    00000010     (.common:mqxglobals)
                  20039680    00000008     (.common:g_LogClient)
                  20039688    00000008     (.common:g_Struct_TimeStamp_MaxAngle)
                  20039690    00000008     (.common:g_Struct_TimeStamp_MinAngle)
                  20039698    00000008     (.common:g_TimeStamp_CamUp)
                  200396a0    00000008     (.common:g_TimeStamp_DoorClosed)
                  200396a8    00000008     (.common:g_TimeStamp_NWPUp)
                  200396b0    00000008     (.common:g_TimeStamp_PhotoSnap)
                  200396b8    00000008     (.common:g_TimeStamp_PhotoUploaded)
                  200396c0    00000008     (.common:g_TimeStamp_cc3200Up)
                  200396c8    00000008     (.common:g_TimeStamp_maxAngle)
                  200396d0    00000008     (.common:g_TimeStamp_minAngle)
                  200396d8    00000008     (.common:g_ucConnectionBSSID)
                  200396e0    00000008     (.common:parmbuf)
                  200396e8    00000008     (.common:sBootInfo)
                  200396f0    00000004     (.common:DMAMsgQ)
                  200396f4    00000004     (.common:Elapsed_100MilliSecs)
                  200396f8    00000004     (.common:Elapsed_1Secs)
                  200396fc    00000004     (.common:__Errorlog)
                  20039700    00000004     (.common:angle_avg)
                  20039704    00000004     (.common:dataBuffer)
                  20039708    00000004     (.common:g_block_lastFilled)
                  2003970c    00000004     (.common:g_cDummy)
                  20039710    00000004     (.common:g_cWlanSecurityType)
                  20039714    00000004     (.common:g_frame_size_in_bytes)
                  20039718    00000004     (.common:g_position_in_block)
                  2003971c    00000004     (.common:g_readHeader)
                  20039720    00000004     (.common:g_total_dma_intrpts)
                  20039724    00000004     (.common:g_ulAppStatus)
                  20039728    00000004     (.common:g_ulSimplelinkStatus)
                  2003972c    00000004     (.common:g_ulWatchdogCycles)
                  20039730    00000004     (.common:gdoor_40deg_angle)
                  20039734    00000004     (.common:gdoor_90deg_angle)
                  20039738    00000004     (.common:pvOtaApp)
                  2003973c    00000004     (.common:pxDelayedTaskList)
                  20039740    00000004     (.common:pxOverflowDelayedTaskList)
                  20039744    00000002     (.common:g_fMaxAngle)
                  20039746    00000002     (.common:g_fMinAngle)
                  20039748    00000001     (.common:RxIrqCnt)
                  20039749    00000001     (.common:avg_buffer_cnt)
                  2003974a    00000001     (.common:captureTimeout_Flag)
                  2003974b    00000001     (.common:checkForLight_Flag)
                  2003974c    00000001     (.common:g_I2CPeripheral_inUse_Flag)
                  2003974d    00000001     (.common:g_Task3_Notification)
                  2003974e    00000001     (.common:g_dma_txn_done)
                  2003974f    00000001     (.common:g_flag_DataBlockFilled)
                  20039750    00000001     (.common:g_flag_door_closing_45degree)
                  20039751    00000001     (.common:g_frame_end)
                  20039752    00000001     (.common:g_ucAngle40)
                  20039753    00000001     (.common:g_ucAngle90)
                  20039754    00000001     (.common:g_ucCalibration)
                  20039755    00000001     (.common:g_ucConfig)
                  20039756    00000001     (.common:g_ucExitButton)
                  20039757    00000001     (.common:g_ucFeedWatchdog)
                  20039758    00000001     (.common:g_ucMagCalb)
                  20039759    00000001     (.common:g_ucProfileAdded)
                  2003975a    00000001     (.common:g_ucPushButtonPressedTwice)
                  2003975b    00000001     (.common:g_ucReasonForFailure)
                  2003975c    00000001     (.common:iDone)
                  2003975d    00000001     (.common:isitfirsttime)
                  2003975e    00000001     (.common:print_count)
                  2003975f    00000001     (.common:valid_case)

.TI.noinit 
*          0    20022400    00000000     UNINITIALIZED

.sysmem    0    20039760    00005000     UNINITIALIZED
                  20039760    00000008     rtsv7M4_T_le_eabi.lib : memory.obj (.sysmem)
                  20039768    00004ff8     --HOLE--


LINKER GENERATED COPY TABLES

__TI_cinit_table @ 20021950 records: 2, size/record: 8, table size: 16
	.data: load addr=20021430, load size=00000509 bytes, run addr=20000000, run size=0000093c bytes, compression=rle
	.bss: load addr=20021948, load size=00000008 bytes, run addr=20022400, run size=00017360 bytes, compression=zero_init


LINKER GENERATED HANDLER TABLE

__TI_handler_table @ 2002193c records: 3, size/record: 4, table size: 12
	index: 0, handler: __TI_decompress_rle24
	index: 1, handler: __TI_decompress_none
	index: 2, handler: __TI_zero_init


GLOBAL SYMBOLS: SORTED ALPHABETICALLY BY Name 

address   name                                  
-------   ----                                  
2001ad09  Add_NumberField_ToJSONString          
2001fba1  ApplyAccelHAL                         
2001f3ad  ApplyMagHAL                           
2001e749  C$$EXIT                               
2001d097  C$$IO$$                               
2001d33d  CCMRegs_Read                          
2002001f  CPUcpsie                              
2001c87d  CamControllerInit                     
2001f8fd  CameraCaptureStart                    
2001ec29  CameraCaptureStop                     
2001ff59  CameraDMAEnable                       
2001f795  CameraIntClear                        
2001f3d9  CameraIntEnable                       
2001ff6f  CameraIntRegister                     
2001f5e1  CameraIntStatus                       
2001ef07  CameraParamsConfig                    
2001fda9  CameraReset                           
2001fbbd  CameraSensorInit                      
2001f721  CameraThresholdSet                    
2001ec63  CameraXClkConfig                      
2000f509  CaptureImage                          
2000d357  CdnClient_CloseServer                 
2000d375  CdnClient_ConnectByUrl                
2000d325  CdnClient_Init                        
2000d1ef  CdnClient_Run                         
2000d1e5  CdnClient_SetFileInfo                 
20016b61  Check_I2CDevices                      
2001aaa9  Config_CameraCapture                  
2001c8e9  ConfigureMode                         
2000e78d  ConfigureSimpleLinkToDefaultState     
200123d5  ConstructDeviceStateObject            
2000fec1  ConstructGroundDataObject             
20014e81  ConstructUserConfigObject             
2001e9d1  CopyPingResultsToReport               
200396f0  DMAMsgQ                               
2000063c  DigiCertHighAssuranceEVRootCA_der_len 
200201bb  DmaErrorIntHandler                    
2001f405  DmaSpiSwIntHandler                    
2001fbd9  DmaSwIntHandler                       
200396f4  Elapsed_100MilliSecs                  
200396f8  Elapsed_1Secs                         
2001923d  EnterStandby_mt9d111                  
20019495  ExitStandby_mt9d111                   
20014929  FXOS8700_Init                         
200161e5  FXOS8700_ReadData                     
2001ea0d  Fusion_Init                           
200143b5  Fusion_Run                            
2001ee65  GPIODirModeSet                        
2001fdd9  GPIOPinRead                           
2001f9eb  GPIOPinWrite                          
200184a1  Get_BatteryPercent                    
2001c79d  Get_BatteryVoltageLevel_ADC081C021    
20017949  Get_FridgeCamID                       
20014675  HIBernate                             
2000ecf5  HOSTclock                             
2000ecbd  HOSTclose                             
2000ec7f  HOSTgetenv                            
2000ec23  HOSTlseek                             
2000ebd1  HOSTopen                              
2000eb85  HOSTread                              
2000eb27  HOSTrename                            
2000eaed  HOSTtime                              
2000eab5  HOSTunlink                            
2000ea69  HOSTwrite                             
20015381  I2CBufferRead                         
20015d39  I2CBufferWrite                        
200200d5  I2CMasterControl                      
20020191  I2CMasterDataGet                      
2001ff85  I2CMasterDataPut                      
2001ff9b  I2CMasterEnable                       
2001f431  I2CMasterErr                          
2001b89d  I2CMasterInitExpClk                   
200200e7  I2CMasterIntClearEx                   
2001facd  I2CMasterIntStatusEx                  
2001f91f  I2CMasterSlaveAddrSet                 
200200f9  I2CMasterTimeoutSet                   
2001dd5d  I2C_IF_Open                           
2001961d  I2C_IF_Read                           
2001985d  I2C_IF_Write                          
2001ddad  ImagCapture_Init                      
20019919  ImageSensor_CaptureConfigs_Task       
2001f609  InitTerm                              
2001c301  InitialiseParse                       
2001b115  InitializeUserConfigVariables         
2001a3bd  IntDisable                            
2001a465  IntEnable                             
2001f7b9  IntHandler_100mSecTimer               
2001f45d  IntHandler_1Sec_TimeoutTimer          
20020229  IntMasterEnable                       
2001da09  IntPendClear                          
2001db65  IntPrioritySet                        
2001fa0d  IntRegister                           
2001f7dd  IntUnregister                         
20020035  IntVTableBaseSet                      
2001e955  IsLightOff                            
2001a5b5  LED_Blink                             
20020049  LED_Off                               
2002005d  LED_On                                
2000dfb7  LogClient_Close                       
2000dfcf  LogClient_ConnectAndPrint             
2000df81  LogClient_ConnectServer               
2000df69  LogClient_Init                        
2000de25  LogClient_Print                       
20020245  MT9D111Delay                          
2000e15d  MagCal_Run                            
200180e9  Main_Task_withHibernate               
2001f659  Message                               
2001bdb5  NWP_SwitchOff                         
2001bbb5  NWP_SwitchOn                          
200201c9  NwpMaskInterrupt                      
2001ed4d  NwpPowerOff                           
2001fa2d  NwpPowerOn                            
2001b921  NwpPowerOnPreamble                    
2001f747  NwpRegisterInterruptHandler           
200201d5  NwpUnMaskInterrupt                    
20013f81  OTAServerInfoSet                      
20018e2d  OTA_CommitImage                       
2001f0a9  OTA_Update                            
20020ff6  OpcodeTranslateTable                  
2000bdd7  OtaClient_CloseServer                 
2000bda1  OtaClient_ConnectServer               
2000bd6f  OtaClient_GetNextUpdate               
2000bd3d  OtaClient_Init                        
2000bc67  OtaClient_ResourceMetadata            
2000baa3  OtaClient_ResourceNameConvert         
2000b9f5  OtaClient_UpdateCheck                 
2001d951  PCLK_Rate_read                        
20015ad1  PRCMCC3200MCUInit                     
2001ffb1  PRCMHIBRegRead                        
2001ffc7  PRCMHIBRegWrite                       
2001fdf1  PRCMHibernateEnter                    
2001b4ed  PRCMHibernateIntervalSet              
2001ce61  PRCMHibernateWakeUpGPIOSelect         
2001e36d  PRCMHibernateWakeupSourceDisable      
2001e3b5  PRCMHibernateWakeupSourceEnable       
2001f681  PRCMPeripheralClkDisable              
2001ea49  PRCMPeripheralClkEnable               
2001ada1  PRCMPeripheralClockGet                
2001da61  PRCMPeripheralReset                   
2001ef3d  PRCMPeripheralStatusGet               
2001be31  PRCMRTCGet                            
20020131  PRCMSOCReset                          
2001ea85  PRCMSlowClkCtrFastGet                 
2001ddfd  PRCMSlowClkCtrGet                     
2001f489  PRCMSysResetCauseGet                  
2001b575  PinConfigSet                          
2001e815  PinModeSet                            
20017271  PinMuxConfig                          
2001fd0d  PinTypeCamera                         
2001f141  PinTypeGPIO                           
2001fbf5  PinTypeI2C                            
2001fd27  PinTypeUART                           
2001c955  PowerDown_ISL29035                    
2001c559  PowerDown_LightSensor                 
2001dfdd  RdSensData_Init                       
20011965  RdSensData_Run                        
2001a061  ReStart_CameraCapture                 
2001866d  ReadFile_FromFlash                    
20015f95  Read_AllRegisters                     
2001fa4d  Refresh_mt9d111Firmware               
2001a311  Report                                
2002024b  ResetISR                              
2001cec9  RestartSensorInJpegMode               
20039748  RxIrqCnt                              
20021194  RxMsgClassLUT                         
UNDEFED   SHT$$INIT_ARRAY$$Base                 
UNDEFED   SHT$$INIT_ARRAY$$Limit                
2001f941  SL_FD_SET                             
20020151  SL_FD_ZERO                            
2001fe09  SPICSDisable                          
2001fe21  SPICSEnable                           
2001a659  SPIConfigSetExpClk                    
2001fe39  SPIDisable                            
2001fd41  SPIDmaDisable                         
2001fd5b  SPIDmaEnable                          
2001fe51  SPIEnable                             
2001fd75  SPIFIFODisable                        
2001fd8f  SPIFIFOEnable                         
2001ef71  SPIFIFOLevelSet                       
2001e3fd  SPIIntClear                           
2001e029  SPIIntEnable                          
2001f963  SPIReset                              
2001f985  SPIWordCountSet                       
20000860  SecurityParams                        
2001b9a5  SendGroundData                        
2000a7b1  SimpleLinkHttpServerCallback          
20013ca1  SimpleLinkNetAppEventHandler          
200140e9  SimpleLinkSockEventHandler            
2000c9b9  SimpleLinkWlanEventHandler            
2001f4b5  SoftReset_ImageSensor                 
2001bead  Standby_ImageSensor                   
20021416  StartResponseLUT                      
2001cf31  StartSensorInJpegMode                 
2001874d  Start_CameraCapture                   
2001e639  TimerConfigure                        
2001faeb  TimerDisable                          
2001fb09  TimerEnable                           
2002010b  TimerIntClear                         
2001fe69  TimerIntEnable                        
2001fb27  TimerIntStatus                        
2001f539  TimerLoadSet                          
2001f563  TimerPrescaleSet                      
2001fc11  TimerValueGet                         
2001f0dd  Timer_IF_Init                         
2001c729  Timer_IF_IntSetup                     
2001fe81  Timer_IF_InterruptClear               
2001f825  Timer_IF_Start                        
20020161  Timer_IF_Stop                         
20000728  Token                                 
2001fb45  UARTCharPut                           
2001c4e1  UARTConfigSetExpClk                   
[...]
2001d595  __aeabi_cfcmpeq                       
2001d595  __aeabi_cfcmple                       
2001d5f5  __aeabi_cfrcmple                      
2001d655  _sl_HandleAsync_Accept                
2001d6b5  fxosDefault_Initializations           
2001d715  getLightsensor_intrptStatus           
2001d775  getMagntData                          
2001d7d5  sprintf                               
2001d835  sl_WlanPolicySet                      
2001d895  standby_accelMagn_fxos8700            
2001d951  PCLK_Rate_read                        
2001d9ad  sl_Socket                             
2001da09  IntPendClear                          
2001da61  PRCMPeripheralReset                   
2001dab9  ltoa                                  
2001db0f  _FDunscale                            
2001db65  IntPrioritySet                        
2001dbb9  _sl_HandleAsync_Select                
2001dc0d  fasin_deg                             
2001dc61  headerSend                            
2001dcb5  sl_WlanRxFilterSet                    
2001dd5d  I2C_IF_Open                           
2001ddad  ImagCapture_Init                      
2001ddfd  PRCMSlowClkCtrGet                     
2001de4d  _sl_HandleAsync_Stop                  
2001de9d  disableAE                             
2001deed  disableAWB                            
2001df3d  __aeabi_f2ulz                         
2001df8d  sl_FsDel                              
2001dfdd  RdSensData_Init                       
2001e029  SPIIntEnable                          
2001e075  _SlDrvProtectAsyncRespSetting         
2001e0c1  _SlDrvRxIrqHandler                    
2001e10d  _sl_BuildAddress                      
2001e159  atoi                                  
2001e1a5  atol                                  
2001e1f1  copy_in                               
2001e23d  srand                                 
2001e253  rand                                  
2001e289  uDMAChannelAssign                     
2001e2d5  util_u32_nsec_add                     
2001e321  __aeabi_d2f                           
2001e36d  PRCMHibernateWakeupSourceDisable      
2001e3b5  PRCMHibernateWakeupSourceEnable       
2001e3fd  SPIIntClear                           
2001e445  Variable_Read                         
2001e48d  _SlDrvBasicCmd                        
2001e4d5  addHttpRequestLine                    
2001e51d  fatan_15deg                           
2001e565  __aeabi_d2iz                          
2001e5ad  ldexp                                 
2001e639  TimerConfigure                        
2001e67d  UDMASetupTransfer                     
2001e705  fxos_Calibration                      
2001e749  C$$EXIT                               
2001e74d  abort                                 
2001e755  exit                                  
2001e78d  __aeabi_d2uiz                         
2001e7d1  sl_Htonl                              
2001e815  PinModeSet                            
2001e855  WDT_IF_Init                           
2001e895  getHttpResponseBody                   
2001e8d5  signal                                
2001e915  start_1Sec_TimeoutTimer               
2001e955  IsLightOff                            
2001e993  strncasecmp                           
2001e9d1  CopyPingResultsToReport               
2001ea0d  Fusion_Init                           
2001ea49  PRCMPeripheralClkEnable               
2001ea85  PRCMSlowClkCtrFastGet                 
2001eac1  WDT_init                              
2001eafd  _sl_TruncatePayloadByProtocol         
2001eb39  _c_int00                              
2001eb75  sl_Htons                              
2001ebb1  start_100mSecTimer                    
2001ebed  uDMAChannelControlSet                 
2001ec29  CameraCaptureStop                     
2001ec63  CameraXClkConfig                      
2001ec9d  fLPFScalar                            
2001ecd7  parseSendRequest                      
2001ed11  addHttpRequestHeader                  
2001ed4d  NwpPowerOff                           
2001ed85  pvPortMalloc                          
2001eda5  vPortFree                             
2001edbd  __aeabi_f2d                           
2001edf5  __aeabi_f2iz                          
2001ee2d  __aeabi_i2f                           
2001ee65  GPIODirModeSet                        
2001ee9b  sl_NetAppMDNSUnRegisterService        
2001eed1  beginHttpRequest                      
2001ef07  CameraParamsConfig                    
2001ef3d  PRCMPeripheralStatusGet               
2001ef71  SPIFIFOLevelSet                       
2001efa5  getHttpResponseStatus                 
2001efd9  get_angle                             
2001f00d  feraiseexcept                         
2001f041  __aeabi_f2uiz                         
2001f075  strstr                                
2001f0a9  OTA_Update                            
2001f0dd  Timer_IF_Init                         
2001f141  PinTypeGPIO                           
2001f171  UARTDisable                           
2001f1a1  _SlDrvDeviceEventHandler              
2001f1d1  _sl_Strlen                            
2001f231  strncpy                               
2001f261  _Feraise                              
2001f291  sl_Close                              
2001f2c1  sl_WlanProfileDel                     
2001f2f1  sl_WlanSetMode                        
2001f321  __aeabi_i2d                           
2001f34f  raise                                 
2001f37d  addHttpRequestHeaderInt               
2001f3ad  ApplyMagHAL                           
2001f3d9  CameraIntEnable                       
2001f405  DmaSpiSwIntHandler                    
2001f431  I2CMasterErr                          
2001f45d  IntHandler_1Sec_TimeoutTimer          
2001f489  PRCMSysResetCauseGet                  
2001f4b5  SoftReset_ImageSensor                 
2001f50d  setDataBufferPointer                  
2001f539  TimerLoadSet                          
2001f563  TimerPrescaleSet                      
2001f58d  _Dclass                               
2001f5b7  util_u64_time_add                     
2001f5e1  CameraIntStatus                       
2001f609  InitTerm                              
2001f659  Message                               
2001f681  PRCMPeripheralClkDisable              
2001f6a9  strncat                               
2001f6d1  sl_NetAppStart                        
2001f6f9  sl_NetAppStop                         
2001f721  CameraThresholdSet                    
2001f747  NwpRegisterInterruptHandler           
2001f76d  strncmp                               
2001f795  CameraIntClear                        
2001f7b9  IntHandler_100mSecTimer               
2001f7dd  IntUnregister                         
2001f825  Timer_IF_Start                        
2001f849  UARTEnable                            
2001f86d  WriteAllAEnAWBRegs                    
2001f891  _SlDrvProtectionObjLockWaitForever    
2001f8b5  magnetometer_initialize               
2001f8d9  __aeabi_ui2f                          
2001f8fd  CameraCaptureStart                    
2001f91f  I2CMasterSlaveAddrSet                 
2001f941  SL_FD_SET                             
2001f963  SPIReset                              
2001f985  SPIWordCountSet                       
2001f9a7  frexp                                 
2001f9c9  memcmp                                
2001f9eb  GPIOPinWrite                          
2001fa0d  IntRegister                           
2001fa2d  NwpPowerOn                            
2001fa4d  Refresh_mt9d111Firmware               
2001fa6d  _SlDrvProtectionObjUnLock             
2001fa8d  memchr                                
2001faad  __aeabi_ui2d                          
2001facd  I2CMasterIntStatusEx                  
2001faeb  TimerDisable                          
2001fb09  TimerEnable                           
2001fb27  TimerIntStatus                        
2001fb45  UARTCharPut                           
2001fb81  strcat                                
2001fba1  ApplyAccelHAL                         
2001fbbd  CameraSensorInit                      
2001fbd9  DmaSwIntHandler                       
2001fbf5  PinTypeI2C                            
2001fc11  TimerValueGet                         
2001fc2d  _SlDrvObjLockWaitForever              
2001fc49  _SlDrvSyncObjWaitForever              
2001fc65  memccpy                               
2001fc81  stop_100mSecTimer                     
2001fc9d  stop_1Sec_TimeoutTimer                
2001fcb9  uDMAChannelDisable                    
2001fcd5  uDMAChannelEnable                     
2001fcf1  vApplicationMallocFailedHook          
2001fd0d  PinTypeCamera                         
2001fd27  PinTypeUART                           
2001fd41  SPIDmaDisable                         
2001fd5b  SPIDmaEnable                          
2001fd75  SPIFIFODisable                        
2001fd8f  SPIFIFOEnable                         
2001fda9  CameraReset                           
2001fdd9  GPIOPinRead                           
2001fdf1  PRCMHibernateEnter                    
2001fe09  SPICSDisable                          
2001fe21  SPICSEnable                           
2001fe39  SPIDisable                            
2001fe51  SPIEnable                             
2001fe69  TimerIntEnable                        
2001fe81  Timer_IF_InterruptClear               
2001fe99  WatchdogStallEnable                   
2001feb1  WatchdogUnlock                        
2001fec9  _SlDrvObjUnLock                       
2001fee1  _SlDrvSyncObjSignal                   
2001fef9  _sl_GetStartResponseConvert           
2001ff29  _args_main                            
2001ff41  strcmp                                
2001ff59  CameraDMAEnable                       
2001ff6f  CameraIntRegister                     
2001ff85  I2CMasterDataPut                      
2001ff9b  I2CMasterEnable                       
2001ffb1  PRCMHIBRegRead                        
2001ffc7  PRCMHIBRegWrite                       
2001ffdd  WatchdogEnable                        
2001fff3  _SlDrvMemZero                         
20020009  strchr                                
2002001f  CPUcpsie                              
20020035  IntVTableBaseSet                      
20020049  LED_Off                               
2002005d  LED_On                                
20020071  _register_unlock                      
20020077  _register_lock                        
2002007f  _nop                                  
20020085  strcpy                                
20020099  strlen                                
200200ad  uDMAControlBaseSet                    
200200c1  uDMAIntClear                          
200200d5  I2CMasterControl                      
200200e7  I2CMasterIntClearEx                   
200200f9  I2CMasterTimeoutSet                   
2002010b  TimerIntClear                         
2002011d  WatchdogReloadSet                     
20020131  PRCMSOCReset                          
20020151  SL_FD_ZERO                            
20020161  Timer_IF_Stop                         
20020171  WatchdogIntClear                      
20020181  socketClose                           
20020191  I2CMasterDataGet                      
2002019f  _SlDrvResetCmdExt                     
200201ad  __TI_decompress_none                  
200201bb  DmaErrorIntHandler                    
200201c9  NwpMaskInterrupt                      
200201d5  NwpUnMaskInterrupt                    
200201e1  cc_rtc_get                            
200201ed  __TI_zero_init                        
200201f9  getInternalClient                     
20020205  sl_WlanDisconnect                     
20020211  uDMAEnable                            
2002021d  uDMAIntStatus                         
20020229  IntMasterEnable                       
20020233  vApplicationStackOverflowHook         
2002023d  sensorsTriggerSetup                   
20020245  MT9D111Delay                          
2002024b  ResetISR                              
20020251  UtilsDelay                            
20020257  __TI_decompress_rle24                 
2002025d  logf                                  
20020263  sinf                                  
20020269  __abort_execution                     
2002026d  _system_pre_init                      
2002050c  _ctypes_                              
20020ff6  OpcodeTranslateTable                  
20021032  _SlPolicySetCmdCtrl                   
20021036  _SlPolicyGetCmdCtrl                   
2002103a  _SlProfileGetCmdCtrl                  
2002103e  _SlProfileDelCmdCtrl                  
20021042  _SlWlanGetNetworkListCtrl             
20021046  _SlRxFilterAddtCmdCtrl                
2002104a  _SlRxFilterSetCmdCtrl                 
2002104e  _SlRxFilterGetCmdCtrl                 
20021052  _SlSmartConfigStartCmdCtrl            
20021056  _SlWlanSetModeCmdCtrl                 
2002105a  _SlWlanCfgSetCmdCtrl                  
2002105e  _SlWlanCfgGetCmdCtrl                  
20021070  _SlActionLookupTable                  
200210e0  _SlFsOpenCmdCtrl                      
200210e4  _SlFsCloseCmdCtrl                     
200210e8  _SlFsReadCmdCtrl                      
200210ec  _SlFsWriteCmdCtrl                     
200210f0  _SlFsGetInfoCmdCtrl                   
200210f4  _SlFsDeleteCmdCtrl                    
20021184  g_H2NSyncPattern                      
2002118c  g_H2NCnysPattern                      
20021194  RxMsgClassLUT                         
200211b8  _SlSockSocketCmdCtrl                  
200211bc  _SlSockCloseCmdCtrl                   
200211c0  _SlRecvfomCmdCtrl                     
200211c4  _SlSendCmdCtrl                        
200211c8  _SlListenCmdCtrl                      
200211cc  _SlAcceptCmdCtrl                      
200211d0  _SlRecvCmdCtrl                        
200211d4  _SlSetSockOptCmdCtrl                  
200211d8  _SlGetSockOptCmdCtrl                  
200211dc  _SlSelectCmdCtrl                      
20021268  _SlNetAppStartCtrl                    
2002126c  _SlNetAppStopCtrl                     
20021270  _SlGetServiceListeCtrl                
20021274  _SlRegisterServiceCtrl                
20021278  _SlGetHostByServiceCtrl               
2002127c  _SlGetHostByNameCtrl                  
20021280  _SlNetAppSetCmdCtrl                   
20021284  _SlNetAppSendTokenValueCmdCtrl        
20021288  _SlNetAppGetCmdCtrl                   
20021374  g_deviceClientVersion                 
200213b6  _SlStopCmdCtrl                        
200213ba  _SlEventMaskSetCmdCtrl                
200213be  _SlEventMaskGetCmdCtrl                
200213c2  _SlDeviceGetCmdCtrl                   
200213c6  _SlDeviceSetCmdCtrl                   
200213dd  _SlPayloadByProtocolLUT               
2002140b  pcDigits                              
20021416  StartResponseLUT                      
2002141e  _SlNetCfgSetCmdCtrl                   
20021422  _SlNetCfgGetCmdCtrl                   
20021430  __TI_static_base__                    
2002193c  __TI_Handler_Table_Base               
20021948  __TI_Handler_Table_Limit              
20021950  __TI_CINIT_Base                       
20021960  __TI_CINIT_Limit                      
20022400  g_image_buffer                        
20036400  thisMagBuffer                         
200374f8  g_OtaCheckUpdateResponse              
20037944  thisMagCal                            
20037f9c  thisMag                               
20037ff4  g_SecParams                           
20038000  gpCtlTbl                              
20038400  g_OtaFileMetadata                     
200387d8  g_NetEntries                          
20038d48  g_StatMem                             
20038ec0  __CIOBUF_                             
20038fe0  gfpAppCallbackHndl                    
200391a8  thisSV_6DOF_GB_BASIC                  
20039254  __TI_tmpnams                          
200392f4  g_CdnClient                           
20039368  g_ucDinDout                           
200393b8  xQueueRegistry                        
20039408  g_OtaApp                              
20039454  g_OtaApp_statistics                   
200394a0  clientStateFileName                   
200394d4  g_cWlanSecurityKey                    
20039508  thisAccel                             
2003953c  g_OtaClient                           
20039560  g_cWlanSSID                           
20039584  g_ucConnectionSSID                    
200395c4  g_FlcSflashCb                         
200395d8  g_flag_blockFull                      
20039650  ang_buf                               
20039660  globals                               
20039670  mqxglobals                            
20039680  g_LogClient                           
20039688  g_Struct_TimeStamp_MaxAngle           
20039690  g_Struct_TimeStamp_MinAngle           
20039698  g_TimeStamp_CamUp                     
200396a0  g_TimeStamp_DoorClosed                
200396a8  g_TimeStamp_NWPUp                     
200396b0  g_TimeStamp_PhotoSnap                 
200396b8  g_TimeStamp_PhotoUploaded             
200396c0  g_TimeStamp_cc3200Up                  
200396c8  g_TimeStamp_maxAngle                  
200396d0  g_TimeStamp_minAngle                  
200396d8  g_ucConnectionBSSID                   
200396f0  DMAMsgQ                               
200396f4  Elapsed_100MilliSecs                  
200396f8  Elapsed_1Secs                         
20039700  angle_avg                             
20039704  dataBuffer                            
20039708  g_block_lastFilled                    
2003970c  g_cDummy                              
20039710  g_cWlanSecurityType                   
20039714  g_frame_size_in_bytes                 
20039718  g_position_in_block                   
2003971c  g_readHeader                          
20039724  g_ulAppStatus                         
20039728  g_ulSimplelinkStatus                  
2003972c  g_ulWatchdogCycles                    
20039730  gdoor_40deg_angle                     
20039734  gdoor_90deg_angle                     
20039744  g_fMaxAngle                           
20039746  g_fMinAngle                           
20039748  RxIrqCnt                              
20039749  avg_buffer_cnt                        
2003974a  captureTimeout_Flag                   
2003974b  checkForLight_Flag                    
2003974c  g_I2CPeripheral_inUse_Flag            
2003974d  g_Task3_Notification                  
2003974f  g_flag_DataBlockFilled                
20039750  g_flag_door_closing_45degree          
20039751  g_frame_end                           
20039752  g_ucAngle40                           
20039753  g_ucAngle90                           
20039754  g_ucCalibration                       
20039755  g_ucConfig                            
20039756  g_ucExitButton                        
20039757  g_ucFeedWatchdog                      
20039758  g_ucMagCalb                           
20039759  g_ucProfileAdded                      
2003975a  g_ucPushButtonPressedTwice            
2003975b  g_ucReasonForFailure                  
2003975c  iDone                                 
2003975d  isitfirsttime                         
2003975e  print_count                           
2003975f  valid_case                            
20039760  _sys_memory                           
ffffffff  __binit__                             
ffffffff  __c_args__                            
ffffffff  binit                                 
UNDEFED   SHT$$INIT_ARRAY$$Base                 
UNDEFED   SHT$$INIT_ARRAY$$Limit                

[919 symbols]
