******************************************************************************
                  TI ARM Linker PC v5.2.2                      
******************************************************************************
>> Linked Mon Aug 24 20:05:19 2015

OUTPUT FILE NAME:   <ULP_SEC_CAM.out>
ENTRY POINT SYMBOL: "_c_int00"  address: 2001fdb9


MEMORY CONFIGURATION

         name            origin    length      used     unused   attr    fill
----------------------  --------  ---------  --------  --------  ----  --------
  SRAM_BOOTLDR          20000000   00004000  000029c8  00001638  RW X
  SRAM_CODE             20004000   0001fc00  0001ee91  00000d6f  RW X
  SRAM_DATA             20023c00   0001c400  0001c08c  00000374  RW X


SEGMENT ALLOCATION MAP

run origin  load origin   length   init length attrs members
----------  ----------- ---------- ----------- ----- -------
20000000    20000000    000009c8   00000000    rw-
  20000000    20000000    000009c8   00000000    rw- .data
20002000    20002000    00002000   00000000    rw-
  20002000    20002000    00002000   00000000    rw- .stack
20004000    20004000    0001ee98   0001ee98    r-x
  20004000    20004000    00000400   00000400    r-- .intvecs
  20004400    20004400    0001d258   0001d258    r-x .text
  20021658    20021658    000012a1   000012a1    r-- .const
  20022900    20022900    00000598   00000598    r-- .cinit
20023c00    20023c00    0001c090   00000000    rw-
  20023c00    20023c00    0001708c   00000000    rw- .bss
  2003ac90    2003ac90    00005000   00000000    rw- .sysmem


SECTION ALLOCATION MAP

 output                                  attributes/
section   page    origin      length       input sections
--------  ----  ----------  ----------   ----------------
.data      0    20000000    000009c8     UNINITIALIZED
                  20000000    000003c9     cc3200_certificate.obj (.data:DigiCertHighAssuranceEVRootCA_der)
                  200003c9    00000001     tasks.obj (.data)
                  200003ca    00000002     --HOLE--
                  200003cc    000000f0     rtsv7M4_T_le_eabi.lib : defs.obj (.data:_ftable)
                  200004bc    000000d0                           : lowlev.obj (.data)
                  2000058c    000000b0                           : signal.obj (.data:sigtable)
                  2000063c    00000004     cc3200_certificate.obj (.data)
                  20000640    00000080     rtsv7M4_T_le_eabi.lib : xvalues.obj (.data)
                  200006c0    00000068                           : xfvalues.obj (.data)
                  20000728    00000064     network_relater_fns.obj (.data:Token)
                  2000078c    00000064     network_relater_fns.obj (.data:Value)
                  200007f0    00000040     jpeg.obj (.data:JPEG_StdQuantTblC)
                  20000830    00000040     jpeg.obj (.data:JPEG_StdQuantTblY)
                  20000870    00000040     jpeg.obj (.data:zigzag)
                  200008b0    00000034     free_rtos.a : tasks.obj (.data)
                  200008e4    00000024     main.obj (.data)
                  20000908    00000018     cc3200_utils.obj (.data)
                  20000920    00000018     request.obj (.data)
                  20000938    00000010     rtsv7M4_T_le_eabi.lib : defs.obj (.data)
                  20000948    0000000c     camera_app.obj (.data)
                  20000954    0000000c     free_rtos.a : osi_freertos.obj (.data)
                  20000960    0000000c     rtsv7M4_T_le_eabi.lib : memory.obj (.data)
                  2000096c    00000009     simplelink.a : cc_pal.obj (.data)
                  20000975    00000003     --HOLE--
                  20000978    00000009                  : driver.obj (.data)
                  20000981    00000003     --HOLE--
                  20000984    00000008     rtsv7M4_T_le_eabi.lib : _lock.obj (.data)
                  2000098c    00000008                           : exit.obj (.data)
                  20000994    00000008                           : feraiseexcept.obj (.data)
                  2000099c    00000008     user_configure_fn.obj (.data)
                  200009a4    00000006     http.obj (.data)
                  200009aa    00000002     --HOLE--
                  200009ac    00000004     free_rtos.a : port.obj (.data)
                  200009b0    00000004     middleware.a : rtc_hal.obj (.data)
                  200009b4    00000004     ota.a : OtaHttp.obj (.data)
                  200009b8    00000004     rtsv7M4_T_le_eabi.lib : errno.obj (.data)
                  200009bc    00000004                           : fopen.obj (.data)
                  200009c0    00000004                           : rand.obj (.data)
                  200009c4    00000004                           : stkdepth_vars.obj (.data)

.TI.persistent 
*          0    20000000    00000000     UNINITIALIZED

.stack     0    20002000    00002000     UNINITIALIZED
                  20002000    00002000     --HOLE--

.intvecs   0    20004000    00000400     
                  20004000    00000400     startup_ccs.obj (.intvecs)

.text      0    20004400    0001d258     
                  20004400    00001258     free_rtos.a : tasks.obj (.text)
                  20005658    000010a6     rtsv7M4_T_le_eabi.lib : _printfi.obj (.text)
                  200066fe    00000002     startup_ccs.obj (.text:BusFaultHandler)
                  20006700    00000b24     free_rtos.a : queue.obj (.text)
                  20007224    00000a08     magnetic.obj (.text:fUpdateCalibration10EIG)
                  20007c2c    00000788     magnetic.obj (.text:fUpdateCalibration4INV)
                  200083b4    00000694     magnetic.obj (.text:fUpdateCalibration7EIG)
                  20008a48    00000688     matrix.obj (.text:eigencompute)
                  200090d0    00000610     ota.a : OtaHttp.obj (.text)
                  200096e0    000005ec     simplelink.a : driver.obj (.text:_SlDrvMsgRead)
                  20009ccc    00000584     magnetic.obj (.text:iUpdateMagnetometerBuffer)
                  2000a250    00000580     network_relater_fns.obj (.text:SimpleLinkHttpServerCallback)
                  2000a7d0    00000574     user_configure_fn.obj (.text:User_Configure)
                  2000ad44    000004be     cc3200_utils.obj (.text:createNewInstallationId)
                  2000b202    00000002     driverlib.a : interrupt.obj (.text:IntDefaultHandler)
                  2000b204    000004b4     application_fn.obj (.text:application_fn)
                  2000b6b8    000004a0     network_relater_fns.obj (.text:GetSNTPTime)
                  2000bb58    0000045c     free_rtos.a : osi_freertos.obj (.text)
                  2000bfb4    0000044c     request.obj (.text:buildRequestHeaders)
                  2000c400    00000424     ota.a : OtaClient.obj (.text)
                  2000c824    0000040c           : OtaApp.obj (.text)
                  2000cc30    000003dc     rtsv7M4_T_le_eabi.lib : memory.obj (.text)
                  2000d00c    000003b8     parse_uploads.obj (.text:ConstructGroundDataObject)
                  2000d3c4    000003b8     matrix.obj (.text:fmatrixAeqInvA)
                  2000d77c    00000378     rtsv7M4_T_le_eabi.lib : powf.obj (.text)
                  2000daf4    0000035c     ota.a : CdnClient.obj (.text)
                  2000de50    00000354     orientation.obj (.text:feCompassWin8)
                  2000e1a4    00000338     ota.a : LogClient.obj (.text)
                  2000e4dc    0000030c     rtsv7M4_T_le_eabi.lib : lowlev.obj (.text)
                  2000e7e8    000002d4                           : trgdrv.obj (.text)
                  2000eabc    000002c4     tasks.obj (.text:MagCal_Run)
                  2000ed80    000002b0     network_relater_fns.obj (.text:ConfigureSimpleLinkToDefaultState)
                  2000f030    000002ac     camera_app.obj (.text:CaptureImage)
                  2000f2dc    00000298     mt9d111.obj (.text:RegLstWrite)
                  2000f574    00000298     user_configure_fn.obj (.text:WiFiProvisioning)
                  2000f80c    00000298     rtsv7M4_T_le_eabi.lib : vla_alloc.obj (.text)
                  2000faa4    00000290     user_configure_fn.obj (.text:Get_Calibration_MagSensor)
                  2000fd34    0000026e     simplejson.obj (.text:simpleJsonProcessor)
                  2000ffa2    00000002     startup_ccs.obj (.text:IntDefaultHandler)
                  2000ffa4    00000268     parse_uploads.obj (.text:ConstructUserConfigObject)
                  2001020c    00000268     main_FXOS8700.obj (.text:angleCheck_Initializations)
                  20010474    00000264     door_position_detection_algorithm.obj (.text:check_doorpos)
                  200106d8    0000025c     lightSens_isl29035.obj (.text:configureISL29035)
                  20010934    00000248     simplelink.a : driver.obj (.text:_SlDrvRxHdrRead)
                  20010b7c    00000244                  : wlan.obj (.text:sl_WlanConnect)
                  20010dc0    00000220     rtsv7M4_T_le_eabi.lib : ll_div_t2.obj (.text)
                  20010fe0    00000204     request.obj (.text:payloadSend)
                  200111e4    000001f4     rtsv7M4_T_le_eabi.lib : ull_div_t2.obj (.text)
                  200113d8    000001d0     simplelink.a : driver.obj (.text:_SlDrvReleasePoolObj)
                  200115a8    000001cc                  : driver.obj (.text:_SlDrvMsgWrite)
                  20011774    000001c8     main.obj (.text:main)
                  2001193c    000001c4     rtsv7M4_T_le_eabi.lib : fopen.obj (.text)
                  20011b00    000001c0     tasks.obj (.text:RdSensData_Run)
                  20011cc0    000001c0     magnetic.obj (.text:fInvertMagCal)
                  20011e80    000001bc     rtsv7M4_T_le_eabi.lib : xflog.obj (.text)
                  2001203c    000001b8     parse_uploads.obj (.text:ConstructDeviceStateObject)
                  200121f4    000001b6     rtsv7M4_T_le_eabi.lib : fd_add_t2.obj (.text)
                  200123aa    00000002     startup_ccs.obj (.text:NmiSR)
                  200123ac    000001b0     user_configure_fn.obj (.text:AccessPtMode_HTTPServer_Start)
                  2001255c    000001b0     camera_app.obj (.text:CameraIntHandler)
                  2001270c    000001ac     request.obj (.text:sendRequest)
                  200128b8    000001a8     door_position_detection_algorithm.obj (.text:Calculate_TrueMinMaxAngles)
                  20012a60    000001a4     orientation.obj (.text:fQuaternionFromRotationMatrix)
                  20012c04    000001a4     cc3200_socket.obj (.text:socketSslConnect)
                  20012da8    000001a0     network_relater_fns.obj (.text:initNetwork)
                  20012f48    0000019c     rtsv7M4_T_le_eabi.lib : xfsin.obj (.text)
                  200130e4    00000198     ota.obj (.text:OTA_Run)
                  2001327c    00000190     camera_app.obj (.text:CaptureandSavePreviewImage)
                  2001340c    00000190     SendObject_ToParse.obj (.text:SendObject_ToParse)
                  2001359c    00000190     parse_uploads.obj (.text:UploadFirmwareVersionObjectToParse)
                  2001372c    00000190     simplelink.a : driver.obj (.text:_SlDrvWaitForPoolObj)
                  200138bc    0000018c     Task_ImageCaptureConfigs.obj (.text:ImageSensor_CaptureConfigs_Task)
                  20013a48    0000018c     network_relater_fns.obj (.text:SimpleLinkWlanEventHandler)
                  20013bd4    00000188     matrix.obj (.text:f3x3matrixAeqInvSymB)
                  20013d5c    00000184     flc.a : flc.obj (.text)
                  20013ee0    00000180     orientation.obj (.text:fWin8AnglesDegFromRotationMatrix)
                  20014060    00000178     door_position_detection_algorithm.obj (.text:Calculate_DoorOpenThresholdAngle)
                  200141d8    00000178     rtsv7M4_T_le_eabi.lib : tanf.obj (.text)
                  20014350    00000178                           : xfexp.obj (.text)
                  200144c8    00000174     simplelink.a : driver.obj (.text:_SlDrvDriverCBInit)
                  2001463c    00000174     magnetic.obj (.text:fInitMagCalibration)
                  200147b0    00000170     simplelink.a : driver.obj (.text:_SlFindAndSetActiveObj)
                  20014920    00000168     ota.obj (.text:OTAServerInfoSet)
                  20014a88    00000160     tasks.obj (.text:Fusion_Run)
                  20014be8    00000160     tempRHSens_si7020.obj (.text:getTempRH)
                  20014d48    00000158     drivers.obj (.text:FXOS8700_Init)
                  20014ea0    00000158     orientation.obj (.text:qAeqAxB)
                  20014ff8    00000158     orientation.obj (.text:qconjgAxB)
                  20015150    00000150     simplelink.a : cc_pal.obj (.text:spi_Open)
                  200152a0    00000148     mt9d111.obj (.text:RestartSensorInJpegMode)
                  200153e8    00000140     network_relater_fns.obj (.text:WiFi_Connect)
                  20015528    0000013c     rtsv7M4_T_le_eabi.lib : fmodf.obj (.text)
                  20015664    0000013c     simplelink.a : socket.obj (.text:sl_Select)
                  200157a0    00000138     network_relater_fns.obj (.text:GetTimeNTP)
                  200158d8    00000138     i2cconfig.obj (.text:I2CBufferRead)
                  20015a10    00000138     mt9d111.obj (.text:Register_Read)
                  20015b48    00000138     orientation.obj (.text:fLPFOrientationQuaternion)
                  20015c80    00000138     orientation.obj (.text:fRotationMatrixFromQuaternion)
                  20015db8    00000138     i2c_app.obj (.text:i2cWriteRegisters)
                  20015ef0    00000136     rtsv7M4_T_le_eabi.lib : fd_div_t2.obj (.text)
                  20016026    00000002     main.obj (.text:vApplicationIdleHook)
                  20016028    00000134     driverlib.a : prcm.obj (.text:PRCMCC3200MCUInit)
                  2001615c    00000134     rtsv7M4_T_le_eabi.lib : fputs.obj (.text)
                  20016290    00000130     i2cconfig.obj (.text:I2CBufferWrite)
                  200163c0    0000012a     free_rtos.a : list.obj (.text)
                  200164ea    00000002     --HOLE-- [fill = 0]
                  200164ec    00000128     simplelink.a : driver.obj (.text:_SlDrvDataReadOp)
                  20016614    0000011c     mt9d111.obj (.text:SetInitialGain)
                  20016730    00000118     simplelink.a : socket.obj (.text:sl_SendTo)
                  20016848    00000110     free_rtos.a : port.obj (.text)
                  20016958    00000110     rtsv7M4_T_le_eabi.lib : xdscale.obj (.text)
                  20016a68    0000010c     hibernate_related_fns.obj (.text:HIBernate)
                  20016b74    0000010c     flash_files.obj (.text:WriteFile_ToFlash)
                  20016c80    0000010c     simplelink.a : socket.obj (.text:sl_RecvFrom)
                  20016d8c    0000010a     drivers.obj (.text:FXOS8700_ReadData)
                  20016e96    00000002     --HOLE-- [fill = 0]
                  20016e98    00000108     middleware.a : rtc_hal.obj (.text:rtc_fast_domain_counter_rd)
                  20016fa0    00000108     simplelink.a : socket.obj (.text:sl_Connect)
                  200170a8    00000108                  : socket.obj (.text:sl_Send)
                  200171b0    00000104                  : driver.obj (.text:_SlDrvDataWriteOp)
                  200172b4    00000104     i2c_app.obj (.text:i2cReadRegistersTwoBytes)
                  200173b8    00000104     simplelink.a : netapp.obj (.text:sl_NetAppDnsGetHostByName)
                  200174bc    00000104     tempRHSens_si7020.obj (.text:verifyTempRHSensor)
                  200175c0    00000100     i2c_app.obj (.text:i2cReadRegisters)
                  200176c0    00000100     cc3200_client_state.obj (.text:loadClientState)
                  200177c0    000000fe     simplelink.a : netapp.obj (.text:_SlDrvNetAppEventHandler)
                  200178be    00000002     --HOLE-- [fill = 0]
                  200178c0    000000fc     Task_Main.obj (.text:Main_Task_withHibernate)
                  200179bc    000000fc     pinmux.obj (.text:PinMuxConfig)
                  20017ab8    000000fc     parse_uploads.obj (.text:UploadSensorDataToParse)
                  20017bb4    000000fc     orientation.obj (.text:fqAeqNormqA)
                  20017cb0    000000fc     rtsv7M4_T_le_eabi.lib : fd_mul_t2.obj (.text)
                  20017dac    000000fa                           : fs_add_t2.obj (.text)
                  20017ea6    00000002     --HOLE-- [fill = 0]
                  20017ea8    000000f8     cc3200_certificate.obj (.text:ensureCertificateFile)
                  20017fa0    000000f8     fusion.obj (.text:fRun_6DOF_GB_BASIC)
                  20018098    000000f6     app_common.obj (.text:Get_FridgeCamID)
                  2001818e    000000f4     mt9d111.obj (.text:SetAnalogGain)
                  20018282    000000f4     mt9d111.obj (.text:SetDigitalGain)
                  20018376    00000002     --HOLE-- [fill = 0]
                  20018378    000000f4     simplelink.a : driver.obj (.text:_SlDrvDriverCBDeinit)
                  2001846c    000000f4     installation.obj (.text:getInstallation)
                  20018560    000000f4     app_common.obj (.text:intToASCII)
                  20018654    000000f4     simplelink.a : fs.obj (.text:sl_FsRead)
                  20018748    000000f2     cc3200_socket.obj (.text:socketRead)
                  2001883a    00000002     --HOLE-- [fill = 0]
                  2001883c    000000f0     main.obj (.text:InitializeAppVariables)
                  2001892c    000000f0     driverlib.a : udma.obj (.text:uDMAChannelTransferSet)
                  20018a1c    000000ec     network_relater_fns.obj (.text:SimpleLinkNetAppEventHandler)
                  20018b08    000000ec     orientation.obj (.text:fRotationVectorDegFromQuaternion)
                  20018bf4    000000ec     simplelink.a : fs.obj (.text:sl_FsWrite)
                  20018ce0    000000e8     door_position_detection_algorithm.obj (.text:Check_MinMax)
                  20018dc8    000000e8     lightSens_isl29035.obj (.text:verifyISL29035)
                  20018eb0    000000e4     appFns_BatteryLevelSense.obj (.text:Get_BatteryPercent)
                  20018f94    000000e4     parse_uploads.obj (.text:UploadImageToParse)
                  20019078    000000e0     flash_files.obj (.text:ReadFile_FromFlash)
                  20019158    000000e0     parse_uploads.obj (.text:UploadGroundDataObjectToParse)
                  20019238    000000e0     accelomtrMagntomtr_fxos8700.obj (.text:verifyAccelMagnSensor)
                  20019318    000000dc     camera_app.obj (.text:Start_CameraCapture)
                  200193f4    000000dc     parse_uploads.obj (.text:UploadUserConfigObjectToParse)
                  200194d0    000000dc     Task_UserConfig.obj (.text:UserConfigure_Task)
                  200195ac    000000dc     rtsv7M4_T_le_eabi.lib : setvbuf.obj (.text)
                  20019688    000000dc     simplelink.a : cc_pal.obj (.text:spi_Read)
                  20019764    000000d8     user_configure_fn.obj (.text:CollectAngle)
                  2001983c    000000d8     simplelink.a : driver.obj (.text:_SlDrvClassifyRxMsg)
                  20019914    000000d8     rtsv7M4_T_le_eabi.lib : xfatan.obj (.text)
                  200199ec    000000d4     camera_app.obj (.text:DMAConfig)
                  20019ac0    000000d4     simplelink.a : device.obj (.text:sl_Stop)
                  20019b94    000000d0     rtsv7M4_T_le_eabi.lib : xfdscale.obj (.text)
                  20019c64    000000cc     approximations.obj (.text:fatan_deg)
                  20019d30    000000cc     rtsv7M4_T_le_eabi.lib : sqrtf.obj (.text)
                  20019dfc    000000c8     mt9d111.obj (.text:EnterStandby_mt9d111)
                  20019ec4    000000c8     mt9d111.obj (.text:ReadGainReg)
                  20019f8c    000000c8     simplelink.a : netapp.obj (.text:_sl_HandleAsync_DnsGetHostByService)
                  2001a054    000000c8     rtsv7M4_T_le_eabi.lib : fflush.obj (.text)
                  2001a11c    000000c4     mt9d111.obj (.text:ExitStandby_mt9d111)
                  2001a1e0    000000c4     simplelink.a : driver.obj (.text:_SlRemoveFromList)
                  2001a2a4    000000c0     i2c_if.obj (.text:I2C_IF_Read)
                  2001a364    000000c0     mt9d111.obj (.text:Read_AllRegisters)
                  2001a424    000000c0     network_relater_fns.obj (.text:SimpleLinkSockEventHandler)
                  2001a4e4    000000be     rtsv7M4_T_le_eabi.lib : xdnorm.obj (.text)
                  2001a5a2    00000002     --HOLE-- [fill = 0]
                  2001a5a4    000000bc     i2c_if.obj (.text:I2C_IF_Write)
                  2001a660    000000bc     camera_app.obj (.text:Standby_ImageSensor)
                  2001a71c    000000bc     user_configure_fn.obj (.text:WlanConnect)
                  2001a7d8    000000bc     simplelink.a : driver.obj (.text:_SlDrvMsgReadCmdCtx)
                  2001a894    000000bc     tempRHSens_si7020.obj (.text:configureTempRHSensor)
                  2001a950    000000bc     rtsv7M4_T_le_eabi.lib : acosf.obj (.text)
                  2001aa0c    000000bc     simplelink.a : device.obj (.text:sl_Start)
                  2001aac8    000000ba     free_rtos.a : portasm.obj (.text)
                  2001ab82    00000002     --HOLE-- [fill = 0]
                  2001ab84    000000b8     simplelink.a : driver.obj (.text:_SlAsyncEventGenericHandler)
                  2001ac3c    000000b8     installation.obj (.text:createInstallation)
                  2001acf4    000000b4     user_configure_fn.obj (.text:SaveImageConfig)
                  2001ada8    000000b4     simplelink.a : netapp.obj (.text:sl_NetAppMDNSRegisterUnregisterService)
                  2001ae5c    000000ac     rtsv7M4_T_le_eabi.lib : _io_perm.obj (.text)
                  2001af08    000000ab     installation.obj (.text:getInstallationByIdCallback)
                  2001afb3    00000001     --HOLE-- [fill = 0]
                  2001afb4    000000aa     uartA1_if.obj (.text:Report)
                  2001b05e    00000002     --HOLE-- [fill = 0]
                  2001b060    000000a8     driverlib.a : interrupt.obj (.text:IntDisable)
                  2001b108    000000a8                 : interrupt.obj (.text:IntEnable)
                  2001b1b0    000000a8     simplelink.a : netcfg.obj (.text:sl_NetCfgGet)
                  2001b258    000000a0     driverlib.a : spi.obj (.text:SPIConfigSetExpClk)
                  2001b2f8    000000a0     cc3200_socket.obj (.text:socketWrite)
                  2001b398    0000009e     matrix.obj (.text:f3x3matrixDetA)
                  2001b436    00000002     --HOLE-- [fill = 0]
                  2001b438    0000009c     simplelink.a : driver.obj (.text:_SlDrvMsgReadSpawnCtx)
                  2001b4d4    0000009c     approximations.obj (.text:fatan2_deg)
                  2001b570    0000009c     rtsv7M4_T_le_eabi.lib : memcpy_t2.obj (.text)
                  2001b60c    0000009c     simplelink.a : device.obj (.text:sl_DevGet)
                  2001b6a8    00000098     network_relater_fns.obj (.text:InitializeUserConfigVariables)
                  2001b740    00000098     LED_timer.obj (.text:IntrptHandler_LEDTimer)
                  2001b7d8    00000098     ota.obj (.text:OTA_CommitImage)
                  2001b870    00000098     mt9d111.obj (.text:Verify_ImageSensor)
                  2001b908    00000098     simplelink.a : fs.obj (.text:_sl_GetCreateFsMode)
                  2001b9a0    00000098     rtsv7M4_T_le_eabi.lib : fclose.obj (.text)
                  2001ba38    00000098                           : fputc.obj (.text)
                  2001bad0    00000096     parse_uploads.obj (.text:Add_NumberField_ToJSONString)
                  2001bb66    00000002     --HOLE-- [fill = 0]
                  2001bb68    00000094     dbgFns.obj (.text:Check_I2CDevices)
                  2001bbfc    00000094     camera_app.obj (.text:Config_CameraCapture)
                  2001bc90    00000094     Task_UserConfig.obj (.text:IsLongPress)
                  2001bd24    00000094     jpeg.obj (.text:Modify_JPEGHeaderFile)
                  2001bdb8    00000094     driverlib.a : prcm.obj (.text:PRCMPeripheralClockGet)
                  2001be4c    00000094     approximations.obj (.text:facos_deg)
                  2001bee0    00000094     lightSens_isl29035.obj (.text:getLightsensor_data)
                  2001bf74    00000094     rtsv7M4_T_le_eabi.lib : snprintf.obj (.text)
                  2001c008    00000092     parse_impl.obj (.text:parseInitialize)
                  2001c09a    00000092     rtsv7M4_T_le_eabi.lib : fs_div_t2.obj (.text)
                  2001c12c    0000008c     app_common.obj (.text:LED_Blink_2)
                  2001c1b8    0000008c     simplelink.a : cc_pal.obj (.text:SetupDMAReceive)
                  2001c244    0000008c                  : cc_pal.obj (.text:SetupDMASend)
                  2001c2d0    0000008c                  : netapp.obj (.text:_sl_HandleAsync_DnsGetHostByName)
                  2001c35c    0000008c                  : netapp.obj (.text:_sl_HandleAsync_PingResponse)
                  2001c3e8    0000008c     rtsv7M4_T_le_eabi.lib : xfdint.obj (.text)
                  2001c474    0000008c     simplelink.a : cc_pal.obj (.text:spi_Write)
                  2001c500    00000088     jpeg.obj (.text:Get_ChromQtable)
                  2001c588    00000088     jpeg.obj (.text:Get_LumQtable)
                  2001c610    00000088     driverlib.a : prcm.obj (.text:PRCMHibernateIntervalSet)
                  2001c698    00000088                 : pin.obj (.text:PinConfigSet)
                  2001c720    00000088     rtsv7M4_T_le_eabi.lib : vsnprintf.obj (.text)
                  2001c7a8    00000088     simplelink.a : socket.obj (.text:sl_Bind)
                  2001c830    00000088                  : fs.obj (.text:sl_FsClose)
                  2001c8b8    00000086     rtsv7M4_T_le_eabi.lib : fd_cmp_t2.obj (.text:__aeabi_cdcmple)
                  2001c93e    00000086                           : fd_cmp_t2.obj (.text:__aeabi_cdrcmple)
                  2001c9c4    00000084     timer_if.obj (.text:GetPeripheralIntNum)
                  2001ca48    00000084     driverlib.a : i2c.obj (.text:I2CMasterInitExpClk)
                  2001cacc    00000084     simplelink.a : cc_pal.obj (.text:NwpPowerOnPreamble)
                  2001cb50    00000084     matrix.obj (.text:f3x3matrixAeqI)
                  2001cbd4    00000084     fusion.obj (.text:fInit_6DOF_GB_BASIC)
                  2001cc58    00000080     camera_app.obj (.text:Wakeup_ImageSensor)
                  2001ccd8    00000080     simplelink.a : driver.obj (.text:_SlDrvCmdOp)
                  2001cd58    00000080                  : cc_pal.obj (.text:spi_Read_CPU)
                  2001cdd8    00000080                  : cc_pal.obj (.text:spi_Write_CPU)
                  2001ce58    00000080     timer_fns.obj (.text:start_periodicInterrupt_timer)
                  2001ced8    0000007c     driverlib.a : prcm.obj (.text:PRCMRTCGet)
                  2001cf54    0000007c     simplelink.a : device.obj (.text:_sl_HandleAsync_InitComplete)
                  2001cfd0    0000007c     matrix.obj (.text:fmatrixAeqI)
                  2001d04c    0000007c     simplelink.a : fs.obj (.text:sl_FsGetInfo)
                  2001d0c8    0000007a     rtsv7M4_T_le_eabi.lib : fs_mul_t2.obj (.text)
                  2001d142    0000007a                           : memset_t2.obj (.text)
                  2001d1bc    0000007a                           : xfdnorm.obj (.text)
                  2001d236    00000002     --HOLE-- [fill = 0]
                  2001d238    00000078     network_relater_fns.obj (.text:ConfigureMode)
                  2001d2b0    00000078     i2c_if.obj (.text:I2CTransact)
                  2001d328    00000078     parse_uploads.obj (.text:InitialiseParse)
                  2001d3a0    00000078     NWP.obj (.text:NWP_SwitchOn)
                  2001d418    00000078     simplelink.a : socket.obj (.text:_sl_HandleAsync_Connect)
                  2001d490    00000078                  : fs.obj (.text:sl_FsOpen)
                  2001d508    00000078                  : cc_pal.obj (.text:spi_Close)
                  2001d580    00000076     driverlib.a : uart.obj (.text:UARTConfigSetExpClk)
                  2001d5f6    00000002     --HOLE-- [fill = 0]
                  2001d5f8    00000074     NWP.obj (.text:NWP_SwitchOff)
                  2001d66c    00000074     camera_app.obj (.text:ReStart_CameraCapture)
                  2001d6e0    00000074     middleware.a : rtc_hal.obj (.text:rtc_value_rd)
                  2001d754    00000074     simplelink.a : socket.obj (.text:sl_Recv)
                  2001d7c8    00000073     installation.obj (.text:getInstallationCallback)
                  2001d83b    00000001     --HOLE-- [fill = 0]
                  2001d83c    00000072     timer_if.obj (.text:Timer_IF_IntSetup)
                  2001d8ae    00000002     --HOLE-- [fill = 0]
                  2001d8b0    00000070     batteryVoltLvlSens_adc081c021.obj (.text:Get_BatteryVoltageLevel_ADC081C021)
                  2001d920    00000070     network_relater_fns.obj (.text:Network_IF_GetHostIP)
                  2001d990    00000070     appFns_LightSensor.obj (.text:PowerDown_LightSensor)
                  2001da00    00000070     timer_fns.obj (.text:get_timeDuration)
                  2001da70    0000006c     camera_app.obj (.text:CamControllerInit)
                  2001dadc    0000006c     lightSens_isl29035.obj (.text:PowerDown_ISL29035)
                  2001db48    0000006c     mt9d111.obj (.text:ReadImageConfigReg)
                  2001dbb4    0000006c     udma_if.obj (.text:UDMAInit)
                  2001dc20    0000006c     simplelink.a : driver.obj (.text:_SlDrvCmdSend)
                  2001dc8c    0000006c     matrix.obj (.text:f3x3matrixAeqMinusA)
                  2001dcf8    0000006c     request.obj (.text:parseSendRequestInternal)
                  2001dd64    0000006c     rtsv7M4_T_le_eabi.lib : autoinit.obj (.text)
                  2001ddd0    0000006c                           : fprintf.obj (.text)
                  2001de3c    0000006c                           : fs_toll_t2.obj (.text)
                  2001dea8    0000006a     matrix.obj (.text:f3x3matrixAeqAxScalar)
                  2001df12    0000006a     rtsv7M4_T_le_eabi.lib : copy_decompress_rle.obj (.text)
                  2001df7c    00000069     http.obj (.text:beginHttpGetRequest)
                  2001dfe5    00000003     --HOLE-- [fill = 0]
                  2001dfe8    00000068     driverlib.a : prcm.obj (.text:PRCMHibernateWakeUpGPIOSelect)
                  2001e050    00000068     mt9d111.obj (.text:StartSensorInJpegMode)
                  2001e0b8    00000068     simplelink.a : netapp.obj (.text:_sl_NetAppSendTokenValue)
                  2001e120    00000068     cc3200_utils.obj (.text:fetchDeviceOSVersion)
                  2001e188    00000068     rtsv7M4_T_le_eabi.lib : trgmsg.obj (.text)
                  2001e1f0    00000068     simplelink.a : device.obj (.text:sl_DevSet)
                  2001e258    00000068                  : netcfg.obj (.text:sl_NetCfgSet)
                  2001e2c0    00000068                  : socket.obj (.text:sl_SetSockOpt)
                  2001e328    00000068                  : wlan.obj (.text:sl_WlanSet)
                  2001e390    00000066     matrix.obj (.text:f3x3matrixAeqScalar)
                  2001e3f6    00000066     rtsv7M4_T_le_eabi.lib : xdunscal.obj (.text)
                  2001e45c    00000064                           : fseek.obj (.text)
                  2001e4c0    00000064     cc3200_socket.obj (.text:socketWait)
                  2001e524    00000064     tempRHSens_si7020.obj (.text:softResetTempRHSensor)
                  2001e588    00000064     driverlib.a : udma.obj (.text:uDMAChannelAttributeDisable)
                  2001e5ec    00000064                 : udma.obj (.text:uDMAChannelAttributeEnable)
                  2001e650    00000060     mt9d111.obj (.text:CCMRegs_Read)
                  2001e6b0    00000060     watchdog.obj (.text:WatchdogIntHandler)
                  2001e710    00000060     rtsv7M4_T_le_eabi.lib : fs_cmp_t2.obj (.text:__aeabi_cfcmple)
                  2001e770    00000060                           : fs_cmp_t2.obj (.text:__aeabi_cfrcmple)
                  2001e7d0    00000060     simplelink.a : socket.obj (.text:_sl_HandleAsync_Accept)
                  2001e830    00000060     main_FXOS8700.obj (.text:fxosDefault_Initializations)
                  2001e890    00000060     rtsv7M4_T_le_eabi.lib : sprintf.obj (.text)
                  2001e8f0    00000060     simplelink.a : wlan.obj (.text:sl_WlanPolicySet)
                  2001e950    00000060     accelomtrMagntomtr_fxos8700.obj (.text:standby_accelMagn_fxos8700)
                  2001e9b0    0000005c     accelomtrMagntomtr_fxos8700.obj (.text:getAccelMagntData)
                  2001ea0c    0000005c     lightSens_isl29035.obj (.text:getLightsensor_intrptStatus)
                  2001ea68    0000005c     simplelink.a : socket.obj (.text:sl_Socket)
                  2001eac4    00000058     driverlib.a : interrupt.obj (.text:IntPendClear)
                  2001eb1c    00000058     mt9d111.obj (.text:PCLK_Rate_read)
                  2001eb74    00000058     driverlib.a : prcm.obj (.text:PRCMPeripheralReset)
                  2001ebcc    00000056     rtsv7M4_T_le_eabi.lib : ltoa.obj (.text)
                  2001ec22    00000056                           : xfdunsca.obj (.text)
                  2001ec78    00000054     driverlib.a : interrupt.obj (.text:IntPrioritySet)
                  2001eccc    00000054     simplelink.a : socket.obj (.text:_sl_HandleAsync_Select)
                  2001ed20    00000054     approximations.obj (.text:fasin_deg)
                  2001ed74    00000054     request.obj (.text:headerSend)
                  2001edc8    00000054     simplelink.a : wlan.obj (.text:sl_WlanRxFilterSet)
                  2001ee1c    00000051     installation.obj (.text:createInstallationCallback)
                  2001ee6d    00000003     --HOLE-- [fill = 0]
                  2001ee70    00000050     i2c_if.obj (.text:I2C_IF_Open)
                  2001eec0    00000050     driverlib.a : prcm.obj (.text:PRCMSlowClkCtrGet)
                  2001ef10    00000050     camera_app.obj (.text:Restart_Camera)
                  2001ef60    00000050     simplelink.a : device.obj (.text:_sl_HandleAsync_Stop)
                  2001efb0    00000050     mt9d111.obj (.text:disableAE)
                  2001f000    00000050     mt9d111.obj (.text:disableAWB)
                  2001f050    00000050     mt9d111.obj (.text:enableAWB)
                  2001f0a0    00000050     main_FXOS8700.obj (.text:get_angle)
                  2001f0f0    00000050     rtsv7M4_T_le_eabi.lib : fs_toull_t2.obj (.text)
                  2001f140    00000050     simplelink.a : fs.obj (.text:sl_FsDel)
                  2001f190    0000004c     tasks.obj (.text:RdSensData_Init)
                  2001f1dc    0000004c     driverlib.a : spi.obj (.text:SPIIntEnable)
                  2001f228    0000004c     watchdog.obj (.text:WDT_init)
                  2001f274    0000004c     simplelink.a : driver.obj (.text:_SlDrvProtectAsyncRespSetting)
                  2001f2c0    0000004c                  : driver.obj (.text:_SlDrvRxIrqHandler)
                  2001f30c    0000004c                  : socket.obj (.text:_sl_BuildAddress)
                  2001f358    0000004c     rtsv7M4_T_le_eabi.lib : atoi.obj (.text)
                  2001f3a4    0000004c                           : atol.obj (.text)
                  2001f3f0    0000004c                           : cpy_tbl.obj (.text)
                  2001f43c    0000004c                           : rand.obj (.text)
                  2001f488    0000004c     driverlib.a : udma.obj (.text:uDMAChannelAssign)
                  2001f4d4    0000004c     middleware.a : util64.obj (.text:util_u32_nsec_add)
                  2001f520    0000004a     rtsv7M4_T_le_eabi.lib : fd_tos_t2.obj (.text)
                  2001f56a    00000002     --HOLE-- [fill = 0]
                  2001f56c    00000048     driverlib.a : prcm.obj (.text:PRCMHibernateWakeupSourceDisable)
                  2001f5b4    00000048                 : prcm.obj (.text:PRCMHibernateWakeupSourceEnable)
                  2001f5fc    00000048                 : spi.obj (.text:SPIIntClear)
                  2001f644    00000048     mt9d111.obj (.text:Variable_Read)
                  2001f68c    00000048     simplelink.a : driver.obj (.text:_SlDrvBasicCmd)
                  2001f6d4    00000048     http.obj (.text:addHttpRequestLine)
                  2001f71c    00000048     approximations.obj (.text:fatan_15deg)
                  2001f764    00000048     rtsv7M4_T_le_eabi.lib : fd_toi_t2.obj (.text)
                  2001f7ac    00000046                           : ldexp.obj (.text)
                  2001f7f2    00000002     --HOLE-- [fill = 0]
                  2001f7f4    00000044     driverlib.a : spi.obj (.text:SPIDmaMaskGet)
                  2001f838    00000044                 : timer.obj (.text:TimerConfigure)
                  2001f87c    00000044     udma_if.obj (.text:UDMASetupTransfer)
                  2001f8c0    00000044     simplelink.a : cc_pal.obj (.text:cc_SetupTransfer)
                  2001f904    00000044     main_FXOS8700.obj (.text:fxos_Calibration)
                  2001f948    00000044     rtsv7M4_T_le_eabi.lib : exit.obj (.text)
                  2001f98c    00000044                           : fd_tou_t2.obj (.text)
                  2001f9d0    00000042     simplelink.a : socket.obj (.text:sl_Htonl)
                  2001fa12    00000002     --HOLE-- [fill = 0]
                  2001fa14    00000040     camera_app.obj (.text:ImagCapture_Init)
                  2001fa54    00000040     driverlib.a : pin.obj (.text:PinModeSet)
                  2001fa94    00000040     mt9d111.obj (.text:Variable_Write)
                  2001fad4    00000040     wdt_if.obj (.text:WDT_IF_Init)
                  2001fb14    00000040     http.obj (.text:getHttpResponseBody)
                  2001fb54    00000040     rtsv7M4_T_le_eabi.lib : signal.obj (.text)
                  2001fb94    00000040     timer_fns.obj (.text:start_1Sec_TimeoutTimer)
                  2001fbd4    0000003e     rtsv7M4_T_le_eabi.lib : strncasecmp.obj (.text)
                  2001fc12    0000003c     simplelink.a : netapp.obj (.text:CopyPingResultsToReport)
                  2001fc4e    00000002     --HOLE-- [fill = 0]
                  2001fc50    0000003c     tasks.obj (.text:Fusion_Init)
                  2001fc8c    0000003c     ota.obj (.text:OTA_Init)
                  2001fcc8    0000003c     driverlib.a : prcm.obj (.text:PRCMPeripheralClkEnable)
                  2001fd04    0000003c                 : prcm.obj (.text:PRCMSlowClkCtrFastGet)
                  2001fd40    0000003c     mt9d111.obj (.text:Reg_Read)
                  2001fd7c    0000003c     simplelink.a : socket.obj (.text:_sl_TruncatePayloadByProtocol)
                  2001fdb8    0000003c     rtsv7M4_T_le_eabi.lib : boot.obj (.text)
                  2001fdf4    0000003c     simplelink.a : socket.obj (.text:sl_Htons)
                  2001fe30    0000003c     timer_fns.obj (.text:start_100mSecTimer)
                  2001fe6c    0000003c     driverlib.a : udma.obj (.text:uDMAChannelControlSet)
                  2001fea8    0000003a                 : camera.obj (.text:CameraCaptureStop)
                  2001fee2    0000003a                 : camera.obj (.text:CameraXClkConfig)
                  2001ff1c    0000003a     appFns_LightSensor.obj (.text:IsLightOff)
                  2001ff56    0000003a     mt9d111.obj (.text:Reg_Write)
                  2001ff90    0000003a     orientation.obj (.text:fLPFScalar)
                  2001ffca    0000003a     request.obj (.text:parseSendRequest)
                  20020004    00000039     http.obj (.text:addHttpRequestHeader)
                  2002003d    00000003     --HOLE-- [fill = 0]
                  20020040    00000038     main.obj (.text:BoardInit)
                  20020078    00000038     LED_timer.obj (.text:LEDTimer_Enable)
                  200200b0    00000038     simplelink.a : cc_pal.obj (.text:NwpPowerOff)
                  200200e8    00000038     free_rtos.a : heap_3.obj (.text)
                  20020120    00000038     rtsv7M4_T_le_eabi.lib : fs_tod_t2.obj (.text)
                  20020158    00000038                           : fs_toi_t2.obj (.text)
                  20020190    00000038                           : i_tofs_t2.obj (.text)
                  200201c8    00000036     driverlib.a : gpio.obj (.text:GPIODirModeSet)
                  200201fe    00000036     simplelink.a : netapp.obj (.text:sl_NetAppMDNSUnRegisterService)
                  20020234    00000035     http.obj (.text:beginHttpRequest)
                  20020269    00000001     --HOLE-- [fill = 0]
                  2002026a    00000034     driverlib.a : camera.obj (.text:CameraParamsConfig)
                  2002029e    00000002     --HOLE-- [fill = 0]
                  200202a0    00000034     LED_timer.obj (.text:LEDTimer_Start)
                  200202d4    00000034     driverlib.a : prcm.obj (.text:PRCMPeripheralStatusGet)
                  20020308    00000034                 : spi.obj (.text:SPIFIFOLevelSet)
                  2002033c    00000034     http.obj (.text:getHttpResponseStatus)
                  20020370    00000034     rtsv7M4_T_le_eabi.lib : feraiseexcept.obj (.text)
                  200203a4    00000034                           : fs_tou_t2.obj (.text)
                  200203d8    00000034                           : strstr.obj (.text)
                  2002040c    00000032     timer_if.obj (.text:Timer_IF_Init)
                  2002043e    00000030     driverlib.a : pin.obj (.text:PinTypeGPIO)
                  2002046e    00000002     --HOLE-- [fill = 0]
                  20020470    00000030                 : uart.obj (.text:UARTDisable)
                  200204a0    00000030     simplelink.a : device.obj (.text:_SlDrvDeviceEventHandler)
                  200204d0    00000030                  : fs.obj (.text:_sl_Strlen)
                  20020500    00000030     middleware.a : rtc_hal.obj (.text:hw_access_time_addup)
                  20020530    00000030     rtsv7M4_T_le_eabi.lib : strncpy.obj (.text)
                  20020560    00000030                           : xferaise.obj (.text)
                  20020590    00000030     simplelink.a : socket.obj (.text:sl_Close)
                  200205c0    00000030                  : wlan.obj (.text:sl_WlanProfileDel)
                  200205f0    00000030                  : wlan.obj (.text:sl_WlanSetMode)
                  20020620    00000030     timer_fns.obj (.text:stop_periodicInterrupt_timer)
                  20020650    0000002e     rtsv7M4_T_le_eabi.lib : i_tofd_t2.obj (.text)
                  2002067e    0000002e                           : raise.obj (.text)
                  200206ac    0000002d     http.obj (.text:addHttpRequestHeaderInt)
                  200206d9    00000003     --HOLE-- [fill = 0]
                  200206dc    0000002c     tasks.obj (.text:ApplyMagHAL)
                  20020708    0000002c     driverlib.a : camera.obj (.text:CameraIntEnable)
                  20020734    0000002c     simplelink.a : cc_pal.obj (.text:DmaSpiSwIntHandler)
                  20020760    0000002c     driverlib.a : i2c.obj (.text:I2CMasterErr)
                  2002078c    0000002c     timer_fns.obj (.text:IntHandler_1Sec_TimeoutTimer)
                  200207b8    0000002c     driverlib.a : prcm.obj (.text:PRCMSysResetCauseGet)
                  200207e4    0000002c     mt9d111.obj (.text:SoftReset_ImageSensor)
                  20020810    0000002c     cc3200_utils.obj (.text:getDeviceTimeDate)
                  2002083c    0000002c     request.obj (.text:setDataBufferPointer)
                  20020868    0000002a     driverlib.a : timer.obj (.text:TimerLoadSet)
                  20020892    0000002a                 : timer.obj (.text:TimerPrescaleSet)
                  200208bc    0000002a     rtsv7M4_T_le_eabi.lib : xdclass.obj (.text)
                  200208e6    0000002a     middleware.a : util64.obj (.text:util_u64_time_add)
                  20020910    00000029     ota.obj (.text:OTA_Update)
                  20020939    00000003     --HOLE-- [fill = 0]
                  2002093c    00000028     driverlib.a : camera.obj (.text:CameraIntStatus)
                  20020964    00000028     uartA1_if.obj (.text:InitTerm)
                  2002098c    00000028     driverlib.a : prcm.obj (.text:IsRTCUsed)
                  200209b4    00000028     uartA1_if.obj (.text:Message)
                  200209dc    00000028     driverlib.a : prcm.obj (.text:PRCMPeripheralClkDisable)
                  20020a04    00000028     rtsv7M4_T_le_eabi.lib : strncat.obj (.text)
                  20020a2c    00000028     simplelink.a : netapp.obj (.text:sl_NetAppStart)
                  20020a54    00000028                  : netapp.obj (.text:sl_NetAppStop)
                  20020a7c    00000026     driverlib.a : camera.obj (.text:CameraThresholdSet)
                  20020aa2    00000026     simplelink.a : cc_pal.obj (.text:NwpRegisterInterruptHandler)
                  20020ac8    00000026     rtsv7M4_T_le_eabi.lib : strncmp.obj (.text)
                  20020aee    00000002     --HOLE-- [fill = 0]
                  20020af0    00000024     driverlib.a : camera.obj (.text:CameraIntClear)
                  20020b14    00000024     timer_fns.obj (.text:IntHandler_100mSecTimer)
                  20020b38    00000024     driverlib.a : interrupt.obj (.text:IntUnregister)
                  20020b5c    00000024                 : prcm.obj (.text:RTCU16MSecRegRead)
                  20020b80    00000024     timer_if.obj (.text:Timer_IF_Start)
                  20020ba4    00000024     driverlib.a : uart.obj (.text:UARTEnable)
                  20020bc8    00000024     mt9d111.obj (.text:WriteAllAEnAWBRegs)
                  20020bec    00000024     simplelink.a : driver.obj (.text:_SlDrvProtectionObjLockWaitForever)
                  20020c10    00000024     main_FXOS8700.obj (.text:magnetometer_initialize)
                  20020c34    00000024     timer_fns.obj (.text:reload_periodicTimer)
                  20020c58    00000024     rtsv7M4_T_le_eabi.lib : u_tofs_t2.obj (.text)
                  20020c7c    00000022     driverlib.a : camera.obj (.text:CameraCaptureStart)
                  20020c9e    00000022                 : i2c.obj (.text:I2CMasterSlaveAddrSet)
                  20020cc0    00000022     simplelink.a : socket.obj (.text:SL_FD_SET)
                  20020ce2    00000022     driverlib.a : spi.obj (.text:SPIReset)
                  20020d04    00000022                 : spi.obj (.text:SPIWordCountSet)
                  20020d26    00000022     rtsv7M4_T_le_eabi.lib : frexp.obj (.text)
                  20020d48    00000022                           : memcmp.obj (.text)
                  20020d6a    00000020     driverlib.a : gpio.obj (.text:GPIOPinWrite)
                  20020d8a    00000002     --HOLE-- [fill = 0]
                  20020d8c    00000020                 : interrupt.obj (.text:IntRegister)
                  20020dac    00000020     simplelink.a : cc_pal.obj (.text:NwpPowerOn)
                  20020dcc    00000020     mt9d111.obj (.text:Refresh_mt9d111Firmware)
                  20020dec    00000020     reset.obj (.text:Reset_byStarvingWDT)
                  20020e0c    00000020     simplelink.a : driver.obj (.text:_SlDrvProtectionObjUnLock)
                  20020e2c    00000020     rtsv7M4_T_le_eabi.lib : memchr.obj (.text)
                  20020e4c    00000020                           : u_tofd_t2.obj (.text)
                  20020e6c    0000001e     driverlib.a : i2c.obj (.text:I2CMasterIntStatusEx)
                  20020e8a    0000001e                 : timer.obj (.text:TimerDisable)
                  20020ea8    0000001e                 : timer.obj (.text:TimerEnable)
                  20020ec6    0000001e                 : timer.obj (.text:TimerIntStatus)
                  20020ee4    0000001e                 : uart.obj (.text:UARTCharPut)
                  20020f02    0000001e     simplelink.a : cc_pal.obj (.text:cc_UDMAChannelSelect)
                  20020f20    0000001e     rtsv7M4_T_le_eabi.lib : strcat.obj (.text)
                  20020f3e    00000002     --HOLE-- [fill = 0]
                  20020f40    0000001c     tasks.obj (.text:ApplyAccelHAL)
                  20020f5c    0000001c     mt9d111.obj (.text:CameraSensorInit)
                  20020f78    0000001c     udma_if.obj (.text:DmaSwIntHandler)
                  20020f94    0000001c     driverlib.a : pin.obj (.text:PinTypeI2C)
                  20020fb0    0000001c                 : timer.obj (.text:TimerValueGet)
                  20020fcc    0000001c     simplelink.a : driver.obj (.text:_SlDrvObjLockWaitForever)
                  20020fe8    0000001c                  : driver.obj (.text:_SlDrvSyncObjWaitForever)
                  20021004    0000001c     rtsv7M4_T_le_eabi.lib : memccpy.obj (.text)
                  20021020    0000001c     timer_fns.obj (.text:stop_100mSecTimer)
                  2002103c    0000001c     timer_fns.obj (.text:stop_1Sec_TimeoutTimer)
                  20021058    0000001c     driverlib.a : udma.obj (.text:uDMAChannelDisable)
                  20021074    0000001c                 : udma.obj (.text:uDMAChannelEnable)
                  20021090    0000001c     main.obj (.text:vApplicationMallocFailedHook)
                  200210ac    0000001a     driverlib.a : pin.obj (.text:PinTypeCamera)
                  200210c6    0000001a                 : pin.obj (.text:PinTypeUART)
                  200210e0    0000001a                 : spi.obj (.text:SPIDmaDisable)
                  200210fa    0000001a                 : spi.obj (.text:SPIDmaEnable)
                  20021114    0000001a                 : spi.obj (.text:SPIFIFODisable)
                  2002112e    0000001a                 : spi.obj (.text:SPIFIFOEnable)
                  20021148    00000018                 : camera.obj (.text:CameraReset)
                  20021160    00000018     startup_ccs.obj (.text:FaultISR)
                  20021178    00000018     driverlib.a : gpio.obj (.text:GPIOPinRead)
                  20021190    00000018     timer_fns.obj (.text:ISR_periodicInterrupt_timer)
                  200211a8    00000018     app_common.obj (.text:LED_Off)
                  200211c0    00000018     app_common.obj (.text:LED_On)
                  200211d8    00000018     driverlib.a : prcm.obj (.text:PRCMHibernateEnter)
                  200211f0    00000018                 : spi.obj (.text:SPICSDisable)
                  20021208    00000018                 : spi.obj (.text:SPICSEnable)
                  20021220    00000018                 : spi.obj (.text:SPIDisable)
                  20021238    00000018                 : spi.obj (.text:SPIEnable)
                  20021250    00000018                 : timer.obj (.text:TimerIntEnable)
                  20021268    00000018     timer_if.obj (.text:Timer_IF_InterruptClear)
                  20021280    00000018     driverlib.a : wdt.obj (.text:WatchdogStallEnable)
                  20021298    00000018                 : wdt.obj (.text:WatchdogUnlock)
                  200212b0    00000018     simplelink.a : driver.obj (.text:_SlDrvObjUnLock)
                  200212c8    00000018                  : driver.obj (.text:_SlDrvSyncObjSignal)
                  200212e0    00000018                  : device.obj (.text:_sl_GetStartResponseConvert)
                  200212f8    00000018     middleware.a : rtc_hal.obj (.text:get_value)
                  20021310    00000018     rtsv7M4_T_le_eabi.lib : args_main.obj (.text)
                  20021328    00000018                           : strcmp.obj (.text)
                  20021340    00000016     driverlib.a : camera.obj (.text:CameraDMAEnable)
                  20021356    00000016                 : camera.obj (.text:CameraIntRegister)
                  2002136c    00000016                 : i2c.obj (.text:I2CMasterDataPut)
                  20021382    00000016                 : i2c.obj (.text:I2CMasterEnable)
                  20021398    00000016                 : prcm.obj (.text:PRCMHIBRegRead)
                  200213ae    00000016                 : prcm.obj (.text:PRCMHIBRegWrite)
                  200213c4    00000016                 : wdt.obj (.text:WatchdogEnable)
                  200213da    00000016     simplelink.a : driver.obj (.text:_SlDrvMemZero)
                  200213f0    00000016     rtsv7M4_T_le_eabi.lib : strchr.obj (.text)
                  20021406    00000014     driverlib.a : cpu.obj (.text:CPUcpsie)
                  2002141a    00000002     --HOLE-- [fill = 0]
                  2002141c    00000014                 : interrupt.obj (.text:IntVTableBaseSet)
                  20021430    00000014     LED_timer.obj (.text:LEDTimer_Stop)
                  20021444    00000014     mt9d111.obj (.text:SetShutterWidth)
                  20021458    00000014     rtsv7M4_T_le_eabi.lib : _lock.obj (.text)
                  2002146c    00000014                           : strcpy.obj (.text)
                  20021480    00000014                           : strlen.obj (.text)
                  20021494    00000014     driverlib.a : udma.obj (.text:uDMAControlBaseSet)
                  200214a8    00000014                 : udma.obj (.text:uDMAIntClear)
                  200214bc    00000012                 : i2c.obj (.text:I2CMasterControl)
                  200214ce    00000012                 : i2c.obj (.text:I2CMasterIntClearEx)
                  200214e0    00000012                 : i2c.obj (.text:I2CMasterTimeoutSet)
                  200214f2    00000012                 : timer.obj (.text:TimerIntClear)
                  20021504    00000012                 : wdt.obj (.text:WatchdogReloadSet)
                  20021516    00000002     --HOLE-- [fill = 0]
                  20021518    00000010                 : prcm.obj (.text:PRCMSOCReset)
                  20021528    00000010                 : prcm.obj (.text:RTCU32SecRegRead)
                  20021538    00000010     simplelink.a : socket.obj (.text:SL_FD_ZERO)
                  20021548    00000010     timer_if.obj (.text:Timer_IF_Stop)
                  20021558    00000010     driverlib.a : wdt.obj (.text:WatchdogIntClear)
                  20021568    00000010     cc3200_socket.obj (.text:socketClose)
                  20021578    0000000e     driverlib.a : i2c.obj (.text:I2CMasterDataGet)
                  20021586    0000000e     simplelink.a : driver.obj (.text:_SlDrvResetCmdExt)
                  20021594    0000000e     rtsv7M4_T_le_eabi.lib : copy_decompress_none.obj (.text:decompress:none)
                  200215a2    0000000c     udma_if.obj (.text:DmaErrorIntHandler)
                  200215ae    00000002     --HOLE-- [fill = 0]
                  200215b0    0000000c     simplelink.a : cc_pal.obj (.text:NwpMaskInterrupt)
                  200215bc    0000000c                  : cc_pal.obj (.text:NwpUnMaskInterrupt)
                  200215c8    0000000c     middleware.a : rtc_hal.obj (.text:cc_rtc_get)
                  200215d4    0000000c     rtsv7M4_T_le_eabi.lib : copy_zero_init.obj (.text:decompress:ZI)
                  200215e0    0000000c     parse_impl.obj (.text:getInternalClient)
                  200215ec    0000000c     simplelink.a : wlan.obj (.text:sl_WlanDisconnect)
                  200215f8    0000000c     driverlib.a : udma.obj (.text:uDMAEnable)
                  20021604    0000000c                 : udma.obj (.text:uDMAIntStatus)
                  20021610    0000000a                 : interrupt.obj (.text:IntMasterEnable)
                  2002161a    0000000a     main.obj (.text:vApplicationStackOverflowHook)
                  20021624    00000008     hibernate_related_fns.obj (.text:sensorsTriggerSetup)
                  2002162c    00000006     i2cconfig.obj (.text:MT9D111Delay)
                  20021632    00000006     startup_ccs.obj (.text:ResetISR)
                  20021638    00000006     driverlib.a : utils.obj (.text:UtilsDelay)
                  2002163e    00000006     rtsv7M4_T_le_eabi.lib : copy_decompress_rle.obj (.text:decompress:rle24)
                  20021644    00000006                           : logf.obj (.text)
                  2002164a    00000006                           : sinf.obj (.text)
                  20021650    00000004                           : error.obj (.text)
                  20021654    00000004                           : pre_init.obj (.text)

.const     0    20021658    000012a1     
                  20021658    00000170     mt9d111.obj (.const:capture_cmds_list)
                  200217c8    00000140     mt9d111.obj (.const:init_cmds_list)
                  20021908    00000101     rtsv7M4_T_le_eabi.lib : ctype.obj (.const:.string:_ctypes_)
                  20021a09    00000003     --HOLE-- [fill = 0]
                  20021a0c    00000100     driverlib.a : pin.obj (.const:g_ulPinToPadMap)
                  20021b0c    000000d8     mt9d111.obj (.const)
                  20021be4    000000d4     driverlib.a : interrupt.obj (.const:g_pulRegs)
                  20021cb8    000000b0     simplelink.a : wlan.obj (.const:$P$T0$1)
                  20021d68    000000a8     driverlib.a : prcm.obj (.const:PRCM_PeriphRegsList)
                  20021e10    000000a4     mt9d111.obj (.const:$P$T2$3)
                  20021eb4    0000009e     mt9d111.obj (.const:.string)
                  20021f52    00000088     network_relater_fns.obj (.const:.string)
                  20021fda    00000085     lightSens_isl29035.obj (.const:.string)
                  2002205f    00000081     parse_uploads.obj (.const:.string)
                  200220e0    00000080     driverlib.a : interrupt.obj (.const)
                  20022160    0000007a     camera_app.obj (.const:.string)
                  200221da    00000074     user_configure_fn.obj (.const:.string)
                  2002224e    00000068     mt9d111.obj (.const:$P$T17$18)
                  200222b6    00000002     --HOLE-- [fill = 0]
                  200222b8    00000068     appFns_BatteryLevelSense.obj (.const:V2CEntry$1)
                  20022320    00000054     mt9d111.obj (.const:$P$T23$24)
                  20022374    00000050     accelomtrMagntomtr_fxos8700.obj (.const:.string)
                  200223c4    0000004c     mt9d111.obj (.const:$P$T6$7)
                  20022410    0000004b     tempRHSens_si7020.obj (.const:.string)
                  2002245b    0000003c     i2c_app.obj (.const:.string)
                  20022497    00000001     --HOLE-- [fill = 0]
                  20022498    0000003c     simplelink.a : driver.obj (.const:OpcodeTranslateTable)
                  200224d4    0000003c                  : wlan.obj (.const)
                  20022510    00000038                  : driver.obj (.const:_SlActionLookupTable)
                  20022548    00000038     rtsv7M4_T_le_eabi.lib : xflog.obj (.const)
                  20022580    00000038     simplelink.a : fs.obj (.const)
                  200225b8    00000036     flash_files.obj (.const:.string)
                  200225ee    00000002     --HOLE-- [fill = 0]
                  200225f0    00000034     rtsv7M4_T_le_eabi.lib : xfatan.obj (.const)
                  20022624    00000034     simplelink.a : driver.obj (.const)
                  20022658    00000034                  : socket.obj (.const)
                  2002268c    0000002c     network_relater_fns.obj (.const:$P$T1$2)
                  200226b8    0000002c     mt9d111.obj (.const:$P$T19$20)
                  200226e4    00000029     network_relater_fns.obj (.const)
                  2002270d    00000003     --HOLE-- [fill = 0]
                  20022710    00000028     rtsv7M4_T_le_eabi.lib : xfdint.obj (.const)
                  20022738    00000028                           : xfsin.obj (.const)
                  20022760    00000028     simplelink.a : netapp.obj (.const)
                  20022788    00000024     network_relater_fns.obj (.const:g_acMonthOfYear)
                  200227ac    00000023     batteryVoltLvlSens_adc081c021.obj (.const:.string:$P$T0$1)
                  200227cf    00000023     parse_uploads.obj (.const:.string:$P$T5$6)
                  200227f2    00000022     network_relater_fns.obj (.const:.string:$P$T0$1)
                  20022814    0000001c     rtsv7M4_T_le_eabi.lib : tanf.obj (.const)
                  20022830    0000001c                           : xfexp.obj (.const)
                  2002284c    00000018     driverlib.a : spi.obj (.const)
                  20022864    00000017     request.obj (.const:.string)
                  2002287b    00000016     appFns_LightSensor.obj (.const:.string)
                  20022891    00000001     --HOLE-- [fill = 0]
                  20022892    00000014     simplelink.a : device.obj (.const)
                  200228a6    00000013     SendObject_ToParse.obj (.const:.string)
                  200228b9    00000010     simplelink.a : socket.obj (.const:.string)
                  200228c9    0000000f     application_fn.obj (.const:.string)
                  200228d8    0000000b     app_common.obj (.const:.string)
                  200228e3    00000008     simplelink.a : device.obj (.const:.string)
                  200228eb    00000001     --HOLE-- [fill = 0]
                  200228ec    00000008                  : netcfg.obj (.const)
                  200228f4    00000005     main.obj (.const:.string)

.cinit     0    20022900    00000598     
                  20022900    0000056d     (.cinit..data.load) [load image, compression = rle]
                  20022e6d    00000003     --HOLE-- [fill = 0]
                  20022e70    0000000c     (__TI_handler_table)
                  20022e7c    00000004     --HOLE-- [fill = 0]
                  20022e80    00000008     (.cinit..bss.load) [load image, compression = zero_init]
                  20022e88    00000010     (__TI_cinit_table)

.init_array 
*          0    20004000    00000000     UNINITIALIZED

.bss       0    20023c00    0001708c     UNINITIALIZED
                  20023c00    00014000     main.obj (.bss:g_image_buffer)
                  20037c00    00000b58     tasks.obj (.bss:thisMagBuffer)
                  20038758    000005a0     ota.a : OtaHttp.obj (.bss:recv_buf)
                  20038cf8    0000044c           : OtaClient.obj (.bss:g_OtaCheckUpdateResponse)
                  20039144    00000418     user_configure_fn.obj (.bss:thisMagCal)
                  2003955c    00000240     ota.obj (.bss:g_otaOptServerInfo)
                  2003979c    00000058     tasks.obj (.bss:thisMag)
                  200397f4    0000000c     (.common:g_SecParams)
                  20039800    00000400     udma_if.obj (.bss:gpCtlTbl)
                  20039c00    000003d8     ota.a : OtaClient.obj (.bss:g_OtaFileMetadata)
                  20039fd8    00000200           : OtaHttp.obj (.bss:send_buf)
                  2003a1d8    00000178     simplelink.a : driver.obj (.bss:g_StatMem)
                  2003a350    00000120     rtsv7M4_T_le_eabi.lib : trgmsg.obj (.bss:__CIOBUF_)
                  2003a470    00000100     udma_if.obj (.bss:gfpAppCallbackHndl)
                  2003a570    000000c8     free_rtos.a : tasks.obj (.bss:pxReadyTasksLists)
                  2003a638    000000ac     tasks.obj (.bss:thisSV_6DOF_GB_BASIC)
                  2003a6e4    000000a0     rtsv7M4_T_le_eabi.lib : defs.obj (.bss:__TI_tmpnams)
                  2003a784    00000074     ota.a : CdnClient.obj (.bss:g_CdnClient)
                  2003a7f8    00000050     simplelink.a : cc_pal.obj (.bss:g_ucDinDout)
                  2003a848    00000050     free_rtos.a : queue.obj (.bss:xQueueRegistry)
                  2003a898    0000004c     ota.a : OtaApp.obj (.bss:g_OtaApp)
                  2003a8e4    0000004c           : OtaApp.obj (.bss:g_OtaApp_statistics)
                  2003a930    00000040     network_relater_fns.obj (.bss:g_TimeData)
                  2003a970    00000034     cc3200_client_state.obj (.bss:clientStateFileName)
                  2003a9a4    00000034     main.obj (.bss:g_cWlanSecurityKey)
                  2003a9d8    00000034     tasks.obj (.bss:thisAccel)
                  2003aa0c    00000024     ota.a : OtaClient.obj (.bss:g_OtaClient)
                  2003aa30    00000024     main.obj (.bss:g_cWlanSSID)
                  2003aa54    00000024     main.obj (.bss:g_ucConnectionSSID)
                  2003aa78    0000001c     rtsv7M4_T_le_eabi.lib : vla_alloc.obj (.bss)
                  2003aa94    00000014     (.common:g_FlcSflashCb)
                  2003aaa8    00000014     (.common:g_flag_blockFull)
                  2003aabc    00000014     (.common:xDelayedTaskList1)
                  2003aad0    00000014     (.common:xDelayedTaskList2)
                  2003aae4    00000014     (.common:xPendingReadyList)
                  2003aaf8    00000014     (.common:xSuspendedTaskList)
                  2003ab0c    00000014     (.common:xTasksWaitingTermination)
                  2003ab20    00000010     (.common:ang_buf)
                  2003ab30    00000010     (.common:g_cResponseObjectID)
                  2003ab40    00000010     (.common:globals)
                  2003ab50    00000010     (.common:mqxglobals)
                  2003ab60    00000008     (.common:g_Gain)
                  2003ab68    00000008     (.common:g_LogClient)
                  2003ab70    00000008     (.common:g_Struct_TimeStamp_MaxAngle)
                  2003ab78    00000008     (.common:g_Struct_TimeStamp_MinAngle)
                  2003ab80    00000008     (.common:g_Struct_TimeStamp_OpenAngle)
                  2003ab88    00000008     (.common:g_Struct_TimeStamp_SnapAngle)
                  2003ab90    00000008     (.common:g_TimeStamp_CamUp)
                  2003ab98    00000008     (.common:g_TimeStamp_DoorClosed)
                  2003aba0    00000008     (.common:g_TimeStamp_MaxAngle)
                  2003aba8    00000008     (.common:g_TimeStamp_MinAngle)
                  2003abb0    00000008     (.common:g_TimeStamp_NWPUp)
                  2003abb8    00000008     (.common:g_TimeStamp_OpenAngle)
                  2003abc0    00000008     (.common:g_TimeStamp_PhotoSnap)
                  2003abc8    00000008     (.common:g_TimeStamp_PhotoUploaded)
                  2003abd0    00000008     (.common:g_TimeStamp_SnapAngle)
                  2003abd8    00000008     (.common:g_TimeStamp_cc3200Up)
                  2003abe0    00000008     (.common:g_ucConnectionBSSID)
                  2003abe8    00000008     (.common:parmbuf)
                  2003abf0    00000008     (.common:sBootInfo)
                  2003abf8    00000004     (.common:DMAMsgQ)
                  2003abfc    00000004     (.common:Elapsed_100MilliSecs)
                  2003ac00    00000004     (.common:Elapsed_1Secs)
                  2003ac04    00000004     (.common:__Errorlog)
                  2003ac08    00000004     (.common:angle_avg)
                  2003ac0c    00000004     (.common:dataBuffer)
                  2003ac10    00000004     (.common:g_angleOffset_to180)
                  2003ac14    00000004     (.common:g_block_lastFilled)
                  2003ac18    00000004     (.common:g_cDummy)
                  2003ac1c    00000004     (.common:g_cWlanSecurityType)
                  2003ac20    00000004     (.common:g_frame_size_in_bytes)
                  2003ac24    00000004     (.common:g_position_in_block)
                  2003ac28    00000004     (.common:g_readHeader)
                  2003ac2c    00000004     (.common:g_total_dma_intrpts)
                  2003ac30    00000004     (.common:g_ulAppStatus)
                  2003ac34    00000004     (.common:g_ulAppTimeout_ms)
                  2003ac38    00000004     (.common:g_ulReloadVal)
                  2003ac3c    00000004     (.common:g_ulSimplelinkStatus)
                  2003ac40    00000004     (.common:g_ulWatchdogCycles)
                  2003ac44    00000004     (.common:gdoor_40deg_angle)
                  2003ac48    00000004     (.common:gdoor_90deg_angle)
                  2003ac4c    00000004     (.common:gdoor_OpenDeg_angle)
                  2003ac50    00000004     (.common:pvOtaApp)
                  2003ac54    00000004     (.common:pxDelayedTaskList)
                  2003ac58    00000004     (.common:pxOverflowDelayedTaskList)
                  2003ac5c    00000002     (.common:g_RawMaxAngle)
                  2003ac5e    00000002     (.common:g_RawMinAngle)
                  2003ac60    00000002     (.common:g_fMaxAngle)
                  2003ac62    00000002     (.common:g_fMinAngle)
                  2003ac64    00000001     (.common:RxIrqCnt)
                  2003ac65    00000001     (.common:avg_buffer_cnt)
                  2003ac66    00000001     (.common:captureTimeout_Flag)
                  2003ac67    00000001     (.common:checkForLight_Flag)
                  2003ac68    00000001     (.common:cnt_LED_Timer)
                  2003ac69    00000001     (.common:doPeriodicAction_flag)
                  2003ac6a    00000001     (.common:g_BlinkCount)
                  2003ac6b    00000001     (.common:g_I2CPeripheral_inUse_Flag)
                  2003ac6c    00000001     (.common:g_NoOfBlinks)
                  2003ac6d    00000001     (.common:g_OffTime)
                  2003ac6e    00000001     (.common:g_OnTime)
                  2003ac6f    00000001     (.common:g_PhoneConnected_ToCC3200AP_flag)
                  2003ac70    00000001     (.common:g_Task1_Notification)
                  2003ac71    00000001     (.common:g_Task3_Notification)
                  2003ac72    00000001     (.common:g_collect_timestamp)
                  2003ac73    00000001     (.common:g_dma_txn_done)
                  2003ac74    00000001     (.common:g_flag_DataBlockFilled)
                  2003ac75    00000001     (.common:g_flag_door_closing_45degree)
                  2003ac76    00000001     (.common:g_frame_end)
                  2003ac77    00000001     (.common:g_ucAWBOff)
                  2003ac78    00000001     (.common:g_ucAWBOn)
                  2003ac79    00000001     (.common:g_ucAction)
                  2003ac7a    00000001     (.common:g_ucActionButton)
                  2003ac7b    00000001     (.common:g_ucAngle40)
                  2003ac7c    00000001     (.common:g_ucAngle90)
                  2003ac7d    00000001     (.common:g_ucCalibration)
                  2003ac7e    00000001     (.common:g_ucConfig)
                  2003ac7f    00000001     (.common:g_ucExitButton)
                  2003ac80    00000001     (.common:g_ucFeedWatchdog)
                  2003ac81    00000001     (.common:g_ucMagCalb)
                  2003ac82    00000001     (.common:g_ucPreviewStart)
                  2003ac83    00000001     (.common:g_ucPreviewStop)
                  2003ac84    00000001     (.common:g_ucProfileAdded)
                  2003ac85    00000001     (.common:g_ucPushButtonPressedTwice)
                  2003ac86    00000001     (.common:g_ucReasonForFailure)
                  2003ac87    00000001     (.common:g_ucSAVE)
                  2003ac88    00000001     (.common:iDone)
                  2003ac89    00000001     (.common:isitfirsttime)
                  2003ac8a    00000001     (.common:print_count)
                  2003ac8b    00000001     (.common:valid_case)

.TI.noinit 
*          0    20023c00    00000000     UNINITIALIZED

.sysmem    0    2003ac90    00005000     UNINITIALIZED
                  2003ac90    00000008     rtsv7M4_T_le_eabi.lib : memory.obj (.sysmem)
                  2003ac98    00004ff8     --HOLE--


LINKER GENERATED COPY TABLES

__TI_cinit_table @ 20022e88 records: 2, size/record: 8, table size: 16
	.data: load addr=20022900, load size=0000056d bytes, run addr=20000000, run size=000009c8 bytes, compression=rle
	.bss: load addr=20022e80, load size=00000008 bytes, run addr=20023c00, run size=0001708c bytes, compression=zero_init


LINKER GENERATED HANDLER TABLE

__TI_handler_table @ 20022e70 records: 3, size/record: 4, table size: 12
	index: 0, handler: __TI_decompress_rle24
	index: 1, handler: __TI_decompress_none
	index: 2, handler: __TI_zero_init


GLOBAL SYMBOLS: SORTED ALPHABETICALLY BY Name 

address   name                                  
-------   ----                                  
2001bad1  Add_NumberField_ToJSONString          
20020f41  ApplyAccelHAL                         
200206dd  ApplyMagHAL                           
2001f949  C$$EXIT                               
2001e1b7  C$$IO$$                               
2001e651  CCMRegs_Read                          
20021407  CPUcpsie                              
20014061  Calculate_DoorOpenThresholdAngle      
200128b9  Calculate_TrueMinMaxAngles            
2001da71  CamControllerInit                     
20020c7d  CameraCaptureStart                    
2001fea9  CameraCaptureStop                     
20021341  CameraDMAEnable                       
20020af1  CameraIntClear                        
20020709  CameraIntEnable                       
20021357  CameraIntRegister                     
2002093d  CameraIntStatus                       
2002026b  CameraParamsConfig                    
20021149  CameraReset                           
20020f5d  CameraSensorInit                      
20020a7d  CameraThresholdSet                    
2001fee3  CameraXClkConfig                      
2000f031  CaptureImage                          
2001327d  CaptureandSavePreviewImage            
2000dd7b  CdnClient_CloseServer                 
2000dd99  CdnClient_ConnectByUrl                
2000dd49  CdnClient_Init                        
2000dc13  CdnClient_Run                         
2000dc09  CdnClient_SetFileInfo                 
2001bb69  Check_I2CDevices                      
20018ce1  Check_MinMax                          
2001bbfd  Config_CameraCapture                  
2001d239  ConfigureMode                         
2000ed81  ConfigureSimpleLinkToDefaultState     
2001203d  ConstructDeviceStateObject            
2000d00d  ConstructGroundDataObject             
2000ffa5  ConstructUserConfigObject             
2001fc13  CopyPingResultsToReport               
2003abf8  DMAMsgQ                               
2000063c  DigiCertHighAssuranceEVRootCA_der_len 
200215a3  DmaErrorIntHandler                    
20020735  DmaSpiSwIntHandler                    
20020f79  DmaSwIntHandler                       
2003abfc  Elapsed_100MilliSecs                  
2003ac00  Elapsed_1Secs                         
20019dfd  EnterStandby_mt9d111                  
2001a11d  ExitStandby_mt9d111                   
20014d49  FXOS8700_Init                         
20016d8d  FXOS8700_ReadData                     
2001fc51  Fusion_Init                           
20014a89  Fusion_Run                            
200201c9  GPIODirModeSet                        
20021179  GPIOPinRead                           
20020d6b  GPIOPinWrite                          
2000b6b9  GetSNTPTime                           
200157a1  GetTimeNTP                            
20018eb1  Get_BatteryPercent                    
2001d8b1  Get_BatteryVoltageLevel_ADC081C021    
2001c501  Get_ChromQtable                       
20018099  Get_FridgeCamID                       
2001c589  Get_LumQtable                         
20016a69  HIBernate                             
2000ea75  HOSTclock                             
2000ea3d  HOSTclose                             
2000e9ff  HOSTgetenv                            
2000e9a3  HOSTlseek                             
2000e951  HOSTopen                              
2000e905  HOSTread                              
2000e8a7  HOSTrename                            
2000e86d  HOSTtime                              
2000e835  HOSTunlink                            
2000e7e9  HOSTwrite                             
200158d9  I2CBufferRead                         
20016291  I2CBufferWrite                        
200214bd  I2CMasterControl                      
20021579  I2CMasterDataGet                      
2002136d  I2CMasterDataPut                      
20021383  I2CMasterEnable                       
20020761  I2CMasterErr                          
2001ca49  I2CMasterInitExpClk                   
200214cf  I2CMasterIntClearEx                   
20020e6d  I2CMasterIntStatusEx                  
20020c9f  I2CMasterSlaveAddrSet                 
200214e1  I2CMasterTimeoutSet                   
2001ee71  I2C_IF_Open                           
2001a2a5  I2C_IF_Read                           
2001a5a5  I2C_IF_Write                          
20021191  ISR_periodicInterrupt_timer           
2001fa15  ImagCapture_Init                      
200138bd  ImageSensor_CaptureConfigs_Task       
20020965  InitTerm                              
2001d329  InitialiseParse                       
2001b6a9  InitializeUserConfigVariables         
2001b061  IntDisable                            
2001b109  IntEnable                             
20020b15  IntHandler_100mSecTimer               
2002078d  IntHandler_1Sec_TimeoutTimer          
20021611  IntMasterEnable                       
2001eac5  IntPendClear                          
2001ec79  IntPrioritySet                        
20020d8d  IntRegister                           
20020b39  IntUnregister                         
2002141d  IntVTableBaseSet                      
2001b741  IntrptHandler_LEDTimer                
2001ff1d  IsLightOff                            
2001bc91  IsLongPress                           
200007f0  JPEG_StdQuantTblC                     
20000830  JPEG_StdQuantTblY                     
20020079  LEDTimer_Enable                       
200202a1  LEDTimer_Start                        
20021431  LEDTimer_Stop                         
2001c12d  LED_Blink_2                           
[...]
2001f5b5  PRCMHibernateWakeupSourceEnable       
2001f5fd  SPIIntClear                           
2001f645  Variable_Read                         
2001f68d  _SlDrvBasicCmd                        
2001f6d5  addHttpRequestLine                    
2001f71d  fatan_15deg                           
2001f765  __aeabi_d2iz                          
2001f7ad  ldexp                                 
2001f839  TimerConfigure                        
2001f87d  UDMASetupTransfer                     
2001f905  fxos_Calibration                      
2001f949  C$$EXIT                               
2001f94d  abort                                 
2001f955  exit                                  
2001f98d  __aeabi_d2uiz                         
2001f9d1  sl_Htonl                              
2001fa15  ImagCapture_Init                      
2001fa55  PinModeSet                            
2001fa95  Variable_Write                        
2001fad5  WDT_IF_Init                           
2001fb15  getHttpResponseBody                   
2001fb55  signal                                
2001fb95  start_1Sec_TimeoutTimer               
2001fbd5  strncasecmp                           
2001fc13  CopyPingResultsToReport               
2001fc51  Fusion_Init                           
2001fcc9  PRCMPeripheralClkEnable               
2001fd05  PRCMSlowClkCtrFastGet                 
2001fd41  Reg_Read                              
2001fd7d  _sl_TruncatePayloadByProtocol         
2001fdb9  _c_int00                              
2001fdf5  sl_Htons                              
2001fe31  start_100mSecTimer                    
2001fe6d  uDMAChannelControlSet                 
2001fea9  CameraCaptureStop                     
2001fee3  CameraXClkConfig                      
2001ff1d  IsLightOff                            
2001ff57  Reg_Write                             
2001ff91  fLPFScalar                            
2001ffcb  parseSendRequest                      
20020005  addHttpRequestHeader                  
20020079  LEDTimer_Enable                       
200200b1  NwpPowerOff                           
200200e9  pvPortMalloc                          
20020109  vPortFree                             
20020121  __aeabi_f2d                           
20020159  __aeabi_f2iz                          
20020191  __aeabi_i2f                           
200201c9  GPIODirModeSet                        
200201ff  sl_NetAppMDNSUnRegisterService        
20020235  beginHttpRequest                      
2002026b  CameraParamsConfig                    
200202a1  LEDTimer_Start                        
200202d5  PRCMPeripheralStatusGet               
20020309  SPIFIFOLevelSet                       
2002033d  getHttpResponseStatus                 
20020371  feraiseexcept                         
200203a5  __aeabi_f2uiz                         
200203d9  strstr                                
2002040d  Timer_IF_Init                         
2002043f  PinTypeGPIO                           
20020471  UARTDisable                           
200204a1  _SlDrvDeviceEventHandler              
200204d1  _sl_Strlen                            
20020531  strncpy                               
20020561  _Feraise                              
20020591  sl_Close                              
200205c1  sl_WlanProfileDel                     
200205f1  sl_WlanSetMode                        
20020621  stop_periodicInterrupt_timer          
20020651  __aeabi_i2d                           
2002067f  raise                                 
200206ad  addHttpRequestHeaderInt               
200206dd  ApplyMagHAL                           
20020709  CameraIntEnable                       
20020735  DmaSpiSwIntHandler                    
20020761  I2CMasterErr                          
2002078d  IntHandler_1Sec_TimeoutTimer          
200207b9  PRCMSysResetCauseGet                  
200207e5  SoftReset_ImageSensor                 
2002083d  setDataBufferPointer                  
20020869  TimerLoadSet                          
20020893  TimerPrescaleSet                      
200208bd  _Dclass                               
200208e7  util_u64_time_add                     
20020911  OTA_Update                            
2002093d  CameraIntStatus                       
20020965  InitTerm                              
200209b5  Message                               
200209dd  PRCMPeripheralClkDisable              
20020a05  strncat                               
20020a2d  sl_NetAppStart                        
20020a55  sl_NetAppStop                         
20020a7d  CameraThresholdSet                    
20020aa3  NwpRegisterInterruptHandler           
20020ac9  strncmp                               
20020af1  CameraIntClear                        
20020b15  IntHandler_100mSecTimer               
20020b39  IntUnregister                         
20020b81  Timer_IF_Start                        
20020ba5  UARTEnable                            
20020bc9  WriteAllAEnAWBRegs                    
20020bed  _SlDrvProtectionObjLockWaitForever    
20020c11  magnetometer_initialize               
20020c35  reload_periodicTimer                  
20020c59  __aeabi_ui2f                          
20020c7d  CameraCaptureStart                    
20020c9f  I2CMasterSlaveAddrSet                 
20020cc1  SL_FD_SET                             
20020ce3  SPIReset                              
20020d05  SPIWordCountSet                       
20020d27  frexp                                 
20020d49  memcmp                                
20020d6b  GPIOPinWrite                          
20020d8d  IntRegister                           
20020dad  NwpPowerOn                            
20020dcd  Refresh_mt9d111Firmware               
20020ded  Reset_byStarvingWDT                   
20020e0d  _SlDrvProtectionObjUnLock             
20020e2d  memchr                                
20020e4d  __aeabi_ui2d                          
20020e6d  I2CMasterIntStatusEx                  
20020e8b  TimerDisable                          
20020ea9  TimerEnable                           
20020ec7  TimerIntStatus                        
20020ee5  UARTCharPut                           
20020f21  strcat                                
20020f41  ApplyAccelHAL                         
20020f5d  CameraSensorInit                      
20020f79  DmaSwIntHandler                       
20020f95  PinTypeI2C                            
20020fb1  TimerValueGet                         
20020fcd  _SlDrvObjLockWaitForever              
20020fe9  _SlDrvSyncObjWaitForever              
20021005  memccpy                               
20021021  stop_100mSecTimer                     
2002103d  stop_1Sec_TimeoutTimer                
20021059  uDMAChannelDisable                    
20021075  uDMAChannelEnable                     
20021091  vApplicationMallocFailedHook          
200210ad  PinTypeCamera                         
200210c7  PinTypeUART                           
200210e1  SPIDmaDisable                         
200210fb  SPIDmaEnable                          
20021115  SPIFIFODisable                        
2002112f  SPIFIFOEnable                         
20021149  CameraReset                           
20021179  GPIOPinRead                           
20021191  ISR_periodicInterrupt_timer           
200211a9  LED_Off                               
200211c1  LED_On                                
200211d9  PRCMHibernateEnter                    
200211f1  SPICSDisable                          
20021209  SPICSEnable                           
20021221  SPIDisable                            
20021239  SPIEnable                             
20021251  TimerIntEnable                        
20021269  Timer_IF_InterruptClear               
20021281  WatchdogStallEnable                   
20021299  WatchdogUnlock                        
200212b1  _SlDrvObjUnLock                       
200212c9  _SlDrvSyncObjSignal                   
200212e1  _sl_GetStartResponseConvert           
20021311  _args_main                            
20021329  strcmp                                
20021341  CameraDMAEnable                       
20021357  CameraIntRegister                     
2002136d  I2CMasterDataPut                      
20021383  I2CMasterEnable                       
20021399  PRCMHIBRegRead                        
200213af  PRCMHIBRegWrite                       
200213c5  WatchdogEnable                        
200213db  _SlDrvMemZero                         
200213f1  strchr                                
20021407  CPUcpsie                              
2002141d  IntVTableBaseSet                      
20021431  LEDTimer_Stop                         
20021445  SetShutterWidth                       
20021459  _register_unlock                      
2002145f  _register_lock                        
20021467  _nop                                  
2002146d  strcpy                                
20021481  strlen                                
20021495  uDMAControlBaseSet                    
200214a9  uDMAIntClear                          
200214bd  I2CMasterControl                      
200214cf  I2CMasterIntClearEx                   
200214e1  I2CMasterTimeoutSet                   
200214f3  TimerIntClear                         
20021505  WatchdogReloadSet                     
20021519  PRCMSOCReset                          
20021539  SL_FD_ZERO                            
20021549  Timer_IF_Stop                         
20021559  WatchdogIntClear                      
20021569  socketClose                           
20021579  I2CMasterDataGet                      
20021587  _SlDrvResetCmdExt                     
20021595  __TI_decompress_none                  
200215a3  DmaErrorIntHandler                    
200215b1  NwpMaskInterrupt                      
200215bd  NwpUnMaskInterrupt                    
200215c9  cc_rtc_get                            
200215d5  __TI_zero_init                        
200215e1  getInternalClient                     
200215ed  sl_WlanDisconnect                     
200215f9  uDMAEnable                            
20021605  uDMAIntStatus                         
20021611  IntMasterEnable                       
2002161b  vApplicationStackOverflowHook         
20021625  sensorsTriggerSetup                   
2002162d  MT9D111Delay                          
20021633  ResetISR                              
20021639  UtilsDelay                            
2002163f  __TI_decompress_rle24                 
20021645  logf                                  
2002164b  sinf                                  
20021651  __abort_execution                     
20021655  _system_pre_init                      
20021908  _ctypes_                              
20021f52  g_acSNTPserver                        
20021f70  g_acNumOfDaysPerMonth                 
20021f7c  g_acDigits                            
20022498  OpcodeTranslateTable                  
200224d4  _SlPolicySetCmdCtrl                   
200224d8  _SlPolicyGetCmdCtrl                   
200224dc  _SlProfileGetCmdCtrl                  
200224e0  _SlProfileDelCmdCtrl                  
200224e4  _SlWlanGetNetworkListCtrl             
200224e8  _SlRxFilterAddtCmdCtrl                
200224ec  _SlRxFilterSetCmdCtrl                 
200224f0  _SlRxFilterGetCmdCtrl                 
200224f4  _SlSmartConfigStartCmdCtrl            
200224f8  _SlWlanSetModeCmdCtrl                 
200224fc  _SlWlanCfgSetCmdCtrl                  
20022500  _SlWlanCfgGetCmdCtrl                  
20022510  _SlActionLookupTable                  
20022580  _SlFsOpenCmdCtrl                      
20022584  _SlFsCloseCmdCtrl                     
20022588  _SlFsReadCmdCtrl                      
2002258c  _SlFsWriteCmdCtrl                     
20022590  _SlFsGetInfoCmdCtrl                   
20022594  _SlFsDeleteCmdCtrl                    
20022624  g_H2NSyncPattern                      
2002262c  g_H2NCnysPattern                      
20022634  RxMsgClassLUT                         
20022658  _SlSockSocketCmdCtrl                  
2002265c  _SlSockCloseCmdCtrl                   
20022660  _SlRecvfomCmdCtrl                     
20022664  _SlSendCmdCtrl                        
20022668  _SlListenCmdCtrl                      
2002266c  _SlAcceptCmdCtrl                      
20022670  _SlRecvCmdCtrl                        
20022674  _SlSetSockOptCmdCtrl                  
20022678  _SlGetSockOptCmdCtrl                  
2002267c  _SlSelectCmdCtrl                      
200226e4  g_acDaysOfWeek2013                    
20022760  _SlNetAppStartCtrl                    
20022764  _SlNetAppStopCtrl                     
20022768  _SlGetServiceListeCtrl                
2002276c  _SlRegisterServiceCtrl                
20022770  _SlGetHostByServiceCtrl               
20022774  _SlGetHostByNameCtrl                  
20022778  _SlNetAppSetCmdCtrl                   
2002277c  _SlNetAppSendTokenValueCmdCtrl        
20022780  _SlNetAppGetCmdCtrl                   
20022788  g_acMonthOfYear                       
20022864  g_deviceClientVersion                 
20022892  _SlStopCmdCtrl                        
20022896  _SlEventMaskSetCmdCtrl                
2002289a  _SlEventMaskGetCmdCtrl                
2002289e  _SlDeviceGetCmdCtrl                   
200228a2  _SlDeviceSetCmdCtrl                   
200228b9  _SlPayloadByProtocolLUT               
200228d8  pcDigits                              
200228e3  StartResponseLUT                      
200228ec  _SlNetCfgSetCmdCtrl                   
200228f0  _SlNetCfgGetCmdCtrl                   
20022900  __TI_static_base__                    
20022e70  __TI_Handler_Table_Base               
20022e7c  __TI_Handler_Table_Limit              
20022e88  __TI_CINIT_Base                       
20022e98  __TI_CINIT_Limit                      
20023c00  g_image_buffer                        
20037c00  thisMagBuffer                         
20038cf8  g_OtaCheckUpdateResponse              
20039144  thisMagCal                            
2003979c  thisMag                               
200397f4  g_SecParams                           
20039800  gpCtlTbl                              
20039c00  g_OtaFileMetadata                     
2003a1d8  g_StatMem                             
2003a350  __CIOBUF_                             
2003a470  gfpAppCallbackHndl                    
2003a638  thisSV_6DOF_GB_BASIC                  
2003a6e4  __TI_tmpnams                          
2003a784  g_CdnClient                           
2003a7f8  g_ucDinDout                           
2003a848  xQueueRegistry                        
2003a898  g_OtaApp                              
2003a8e4  g_OtaApp_statistics                   
2003a930  g_TimeData                            
2003a970  clientStateFileName                   
2003a9a4  g_cWlanSecurityKey                    
2003a9d8  thisAccel                             
2003aa0c  g_OtaClient                           
2003aa30  g_cWlanSSID                           
2003aa54  g_ucConnectionSSID                    
2003aa94  g_FlcSflashCb                         
2003aaa8  g_flag_blockFull                      
2003ab20  ang_buf                               
2003ab30  g_cResponseObjectID                   
2003ab40  globals                               
2003ab50  mqxglobals                            
2003ab60  g_Gain                                
2003ab68  g_LogClient                           
2003ab70  g_Struct_TimeStamp_MaxAngle           
2003ab78  g_Struct_TimeStamp_MinAngle           
2003ab80  g_Struct_TimeStamp_OpenAngle          
2003ab88  g_Struct_TimeStamp_SnapAngle          
2003ab90  g_TimeStamp_CamUp                     
2003ab98  g_TimeStamp_DoorClosed                
2003aba0  g_TimeStamp_MaxAngle                  
2003aba8  g_TimeStamp_MinAngle                  
2003abb0  g_TimeStamp_NWPUp                     
2003abb8  g_TimeStamp_OpenAngle                 
2003abc0  g_TimeStamp_PhotoSnap                 
2003abc8  g_TimeStamp_PhotoUploaded             
2003abd0  g_TimeStamp_SnapAngle                 
2003abd8  g_TimeStamp_cc3200Up                  
2003abe0  g_ucConnectionBSSID                   
2003abf8  DMAMsgQ                               
2003abfc  Elapsed_100MilliSecs                  
2003ac00  Elapsed_1Secs                         
2003ac08  angle_avg                             
2003ac0c  dataBuffer                            
2003ac10  g_angleOffset_to180                   
2003ac14  g_block_lastFilled                    
2003ac18  g_cDummy                              
2003ac1c  g_cWlanSecurityType                   
2003ac20  g_frame_size_in_bytes                 
2003ac24  g_position_in_block                   
2003ac28  g_readHeader                          
2003ac30  g_ulAppStatus                         
2003ac34  g_ulAppTimeout_ms                     
2003ac38  g_ulReloadVal                         
2003ac3c  g_ulSimplelinkStatus                  
2003ac40  g_ulWatchdogCycles                    
2003ac44  gdoor_40deg_angle                     
2003ac48  gdoor_90deg_angle                     
2003ac4c  gdoor_OpenDeg_angle                   
2003ac5c  g_RawMaxAngle                         
2003ac5e  g_RawMinAngle                         
2003ac60  g_fMaxAngle                           
2003ac62  g_fMinAngle                           
2003ac64  RxIrqCnt                              
2003ac65  avg_buffer_cnt                        
2003ac66  captureTimeout_Flag                   
2003ac67  checkForLight_Flag                    
2003ac68  cnt_LED_Timer                         
2003ac69  doPeriodicAction_flag                 
2003ac6a  g_BlinkCount                          
2003ac6b  g_I2CPeripheral_inUse_Flag            
2003ac6c  g_NoOfBlinks                          
2003ac6d  g_OffTime                             
2003ac6e  g_OnTime                              
2003ac6f  g_PhoneConnected_ToCC3200AP_flag      
2003ac70  g_Task1_Notification                  
2003ac71  g_Task3_Notification                  
2003ac72  g_collect_timestamp                   
2003ac74  g_flag_DataBlockFilled                
2003ac75  g_flag_door_closing_45degree          
2003ac76  g_frame_end                           
2003ac77  g_ucAWBOff                            
2003ac78  g_ucAWBOn                             
2003ac79  g_ucAction                            
2003ac7a  g_ucActionButton                      
2003ac7b  g_ucAngle40                           
2003ac7c  g_ucAngle90                           
2003ac7d  g_ucCalibration                       
2003ac7e  g_ucConfig                            
2003ac7f  g_ucExitButton                        
2003ac80  g_ucFeedWatchdog                      
2003ac81  g_ucMagCalb                           
2003ac82  g_ucPreviewStart                      
2003ac83  g_ucPreviewStop                       
2003ac84  g_ucProfileAdded                      
2003ac85  g_ucPushButtonPressedTwice            
2003ac86  g_ucReasonForFailure                  
2003ac87  g_ucSAVE                              
2003ac88  iDone                                 
2003ac89  isitfirsttime                         
2003ac8a  print_count                           
2003ac8b  valid_case                            
2003ac90  _sys_memory                           
ffffffff  __binit__                             
ffffffff  __c_args__                            
ffffffff  binit                                 
UNDEFED   SHT$$INIT_ARRAY$$Base                 
UNDEFED   SHT$$INIT_ARRAY$$Limit                

[986 symbols]
