******************************************************************************
                  TI ARM Linker PC v5.2.2                      
******************************************************************************
>> Linked Wed Jul 15 09:29:25 2015

OUTPUT FILE NAME:   <ULP_SEC_CAM.out>
ENTRY POINT SYMBOL: "_c_int00"  address: 2001d1b5


MEMORY CONFIGURATION

         name            origin    length      used     unused   attr    fill
----------------------  --------  ---------  --------  --------  ----  --------
  SRAM_BOOTLDR          20000000   00004000  00001938  000026c8  RW X
  SRAM_CODE             20004000   0001e300  0001bbe7  00002719  RW X
  SRAM_DATA             20022300   0001dd00  0001c2fb  00001a05  RW X


SEGMENT ALLOCATION MAP

run origin  load origin   length   init length attrs members
----------  ----------- ---------- ----------- ----- -------
20000000    20000000    00000938   00000000    rw-
  20000000    20000000    00000938   00000000    rw- .data
20003000    20003000    00001000   00000000    rw-
  20003000    20003000    00001000   00000000    rw- .stack
20004000    20004000    0001bbe8   0001bbe8    r-x
  20004000    20004000    00000400   00000400    r-- .intvecs
  20004400    20004400    0001a2f0   0001a2f0    r-x .text
  2001e6f0    2001e6f0    00000fc7   00000fc7    r-- .const
  2001f6b8    2001f6b8    00000530   00000530    r-- .cinit
20022400    20022400    0001c300   00000000    rw-
  20022400    20022400    000172fb   00000000    rw- .bss
  20039700    20039700    00005000   00000000    rw- .sysmem


SECTION ALLOCATION MAP

 output                                  attributes/
section   page    origin      length       input sections
--------  ----  ----------  ----------   ----------------
.data      0    20000000    00000938     UNINITIALIZED
                  20000000    000003c9     cc3200_certificate.obj (.data:DigiCertHighAssuranceEVRootCA_der)
                  200003c9    00000001     tasks.obj (.data)
                  200003ca    00000002     --HOLE--
                  200003cc    000000f0     rtsv7M4_T_le_eabi.lib : defs.obj (.data:_ftable)
                  200004bc    000000d0                           : lowlev.obj (.data)
                  2000058c    000000b0                           : signal.obj (.data:sigtable)
                  2000063c    00000004     cc3200_certificate.obj (.data)
                  20000640    00000080     rtsv7M4_T_le_eabi.lib : xvalues.obj (.data)
                  200006c0    00000068                           : xfvalues.obj (.data)
                  20000728    00000064     network_relater_fns.obj (.data:Token)
                  2000078c    00000064     network_relater_fns.obj (.data:Value)
                  200007f0    0000003c     main.obj (.data:g_token_get)
                  2000082c    00000034     free_rtos.a : tasks.obj (.data)
                  20000860    00000028     main.obj (.data)
                  20000888    00000018     cc3200_utils.obj (.data)
                  200008a0    00000018     request.obj (.data)
                  200008b8    00000010     rtsv7M4_T_le_eabi.lib : defs.obj (.data)
                  200008c8    0000000c     free_rtos.a : osi_freertos.obj (.data)
                  200008d4    0000000c     rtsv7M4_T_le_eabi.lib : memory.obj (.data)
                  200008e0    00000009     simplelink.a : cc_pal.obj (.data)
                  200008e9    00000003     --HOLE--
                  200008ec    00000009                  : driver.obj (.data)
                  200008f5    00000003     --HOLE--
                  200008f8    00000008     camera_app.obj (.data)
                  20000900    00000008     rtsv7M4_T_le_eabi.lib : _lock.obj (.data)
                  20000908    00000008                           : exit.obj (.data)
                  20000910    00000008                           : feraiseexcept.obj (.data)
                  20000918    00000006     http.obj (.data)
                  2000091e    00000002     --HOLE--
                  20000920    00000004     free_rtos.a : port.obj (.data)
                  20000924    00000004     ota.a : OtaHttp.obj (.data)
                  20000928    00000004     rtsv7M4_T_le_eabi.lib : errno.obj (.data)
                  2000092c    00000004                           : fopen.obj (.data)
                  20000930    00000004                           : rand.obj (.data)
                  20000934    00000004                           : stkdepth_vars.obj (.data)

.TI.persistent 
*          0    20000000    00000000     UNINITIALIZED

.stack     0    20003000    00001000     UNINITIALIZED
                  20003000    00001000     --HOLE--

.intvecs   0    20004000    00000400     
                  20004000    00000400     startup_ccs.obj (.intvecs)

.text      0    20004400    0001a2f0     
                  20004400    00001258     free_rtos.a : tasks.obj (.text)
                  20005658    000010a6     rtsv7M4_T_le_eabi.lib : _printfi.obj (.text)
                  200066fe    00000002     startup_ccs.obj (.text:BusFaultHandler)
                  20006700    00000b24     free_rtos.a : queue.obj (.text)
                  20007224    00000a08     magnetic.obj (.text:fUpdateCalibration10EIG)
                  20007c2c    00000788     magnetic.obj (.text:fUpdateCalibration4INV)
                  200083b4    00000694     magnetic.obj (.text:fUpdateCalibration7EIG)
                  20008a48    00000688     matrix.obj (.text:eigencompute)
                  200090d0    00000610     ota.a : OtaHttp.obj (.text)
                  200096e0    000005ec     simplelink.a : driver.obj (.text:_SlDrvMsgRead)
                  20009ccc    00000584     magnetic.obj (.text:iUpdateMagnetometerBuffer)
                  2000a250    000004dc     network_relater_fns.obj (.text:SimpleLinkHttpServerCallback)
                  2000a72c    000004be     cc3200_utils.obj (.text:createNewInstallationId)
                  2000abea    00000002     startup_ccs.obj (.text:FaultISR)
                  2000abec    0000045c     free_rtos.a : osi_freertos.obj (.text)
                  2000b048    0000044c     request.obj (.text:buildRequestHeaders)
                  2000b494    00000424     ota.a : OtaClient.obj (.text)
                  2000b8b8    0000040c           : OtaApp.obj (.text)
                  2000bcc4    000003f4     camera_app.obj (.text:CaptureAndStore_Image)
                  2000c0b8    000003dc     rtsv7M4_T_le_eabi.lib : memory.obj (.text)
                  2000c494    000003b8     matrix.obj (.text:fmatrixAeqInvA)
                  2000c84c    0000039c     network_relater_fns.obj (.text:SimpleLinkWlanEventHandler)
                  2000cbe8    00000378     rtsv7M4_T_le_eabi.lib : powf.obj (.text)
                  2000cf60    0000035c     ota.a : CdnClient.obj (.text)
                  2000d2bc    00000354     orientation.obj (.text:feCompassAndroid)
                  2000d610    00000354     orientation.obj (.text:feCompassWin8)
                  2000d964    00000350     orientation.obj (.text:feCompassNED)
                  2000dcb4    00000338     ota.a : LogClient.obj (.text)
                  2000dfec    00000324     tasks.obj (.text:MagCal_Run)
                  2000e310    0000030c     rtsv7M4_T_le_eabi.lib : lowlev.obj (.text)
                  2000e61c    000002d4                           : trgdrv.obj (.text)
                  2000e8f0    000002c0     network_relater_fns.obj (.text:ConfigureSimpleLinkToDefaultState)
                  2000ebb0    000002a4     wifi_provisioning_thruAPmode.obj (.text:WiFiProvisioning)
                  2000ee54    00000298     rtsv7M4_T_le_eabi.lib : vla_alloc.obj (.text)
                  2000f0ec    00000278     mt9d111.obj (.text:RegLstWrite)
                  2000f364    0000026e     simplejson.obj (.text:simpleJsonProcessor)
                  2000f5d2    00000002     driverlib.a : interrupt.obj (.text:IntDefaultHandler)
                  2000f5d4    00000254     lightSens_isl29035.obj (.text:configureISL29035)
                  2000f828    00000248     simplelink.a : driver.obj (.text:_SlDrvRxHdrRead)
                  2000fa70    00000244     wifi_provisioning_thruAPmode.obj (.text:User_Configure)
                  2000fcb4    00000244     simplelink.a : wlan.obj (.text:sl_WlanConnect)
                  2000fef8    00000218     request.obj (.text:payloadSend)
                  20010110    0000020c     ota.obj (.text:OTA_Run)
                  2001031c    000001f8     algorithm_basic.obj (.text:check_doorpos)
                  20010514    000001f4     rtsv7M4_T_le_eabi.lib : ull_div_t2.obj (.text)
                  20010708    000001ec     wifi_provisioning_thruAPmode.obj (.text:CalibrateMagSensor)
                  200108f4    000001ec     collect_and_txit.obj (.text:CollectTxit_ImgTempRH)
                  20010ae0    000001e0     main_FXOS8700.obj (.text:angleCheck_Initializations)
                  20010cc0    000001d0     simplelink.a : driver.obj (.text:_SlDrvReleasePoolObj)
                  20010e90    000001cc                  : driver.obj (.text:_SlDrvMsgWrite)
                  2001105c    000001c4     tasks.obj (.text:RdSensData_Run)
                  20011220    000001c4     rtsv7M4_T_le_eabi.lib : fopen.obj (.text)
                  200113e4    000001c0     magnetic.obj (.text:fInvertMagCal)
                  200115a4    000001bc     rtsv7M4_T_le_eabi.lib : xflog.obj (.text)
                  20011760    000001b8     UserConfig_Task.obj (.text:UserConfigure_Task)
                  20011918    000001b6     rtsv7M4_T_le_eabi.lib : fd_add_t2.obj (.text)
                  20011ace    00000002     startup_ccs.obj (.text:IntDefaultHandler)
                  20011ad0    000001a4     orientation.obj (.text:fQuaternionFromRotationMatrix)
                  20011c74    000001a4     cc3200_socket.obj (.text:socketSslConnect)
                  20011e18    000001a0     camera_app.obj (.text:CameraIntHandler)
                  20011fb8    0000019c     rtsv7M4_T_le_eabi.lib : xfsin.obj (.text)
                  20012154    00000198     network_relater_fns.obj (.text:initNetwork)
                  200122ec    00000190     wifi_provisioning_thruAPmode.obj (.text:AccessPtMode_HTTPServer_Start)
                  2001247c    00000190     simplelink.a : driver.obj (.text:_SlDrvWaitForPoolObj)
                  2001260c    0000018c     parse_uploads.obj (.text:ConstructDeviceStateObject)
                  20012798    0000018c     request.obj (.text:sendRequest)
                  20012924    00000188     matrix.obj (.text:f3x3matrixAeqInvSymB)
                  20012aac    00000184     flc.a : flc.obj (.text)
                  20012c30    00000180     orientation.obj (.text:fWin8AnglesDegFromRotationMatrix)
                  20012db0    00000178     rtsv7M4_T_le_eabi.lib : tanf.obj (.text)
                  20012f28    00000178                           : xfexp.obj (.text)
                  200130a0    00000174     simplelink.a : driver.obj (.text:_SlDrvDriverCBInit)
                  20013214    00000174     magnetic.obj (.text:fInitMagCalibration)
                  20013388    00000170     network_relater_fns.obj (.text:SimpleLinkNetAppEventHandler)
                  200134f8    00000170     simplelink.a : driver.obj (.text:_SlFindAndSetActiveObj)
                  20013668    00000168     ota.obj (.text:OTAServerInfoSet)
                  200137d0    00000165     network_relater_fns.obj (.text:SimpleLinkSockEventHandler)
                  20013935    00000001     --HOLE-- [fill = 0]
                  20013936    00000002     startup_ccs.obj (.text:NmiSR)
                  20013938    00000160     tasks.obj (.text:Fusion_Run)
                  20013a98    0000015c     hibernate_related_fns.obj (.text:HIBernate)
                  20013bf4    00000158     drivers.obj (.text:FXOS8700_Init)
                  20013d4c    00000158     orientation.obj (.text:qAeqAxB)
                  20013ea4    00000158     orientation.obj (.text:qconjgAxB)
                  20013ffc    00000150     wifi_provisioning_thruAPmode.obj (.text:CollectAngle)
                  2001414c    00000150     simplelink.a : cc_pal.obj (.text:spi_Open)
                  2001429c    00000144     fusion.obj (.text:fRun_6DOF_GB_BASIC)
                  200143e0    0000013c     rtsv7M4_T_le_eabi.lib : fmodf.obj (.text)
                  2001451c    0000013c     simplelink.a : socket.obj (.text:sl_Select)
                  20014658    00000138     i2cconfig.obj (.text:I2CBufferRead)
                  20014790    00000138     mt9d111.obj (.text:Register_Read)
                  200148c8    00000138     orientation.obj (.text:fLPFOrientationQuaternion)
                  20014a00    00000138     orientation.obj (.text:fRotationMatrixFromQuaternion)
                  20014b38    00000138     i2c_app.obj (.text:i2cWriteRegisters)
                  20014c70    00000136     rtsv7M4_T_le_eabi.lib : fd_div_t2.obj (.text)
                  20014da6    00000002     main.obj (.text:vApplicationIdleHook)
                  20014da8    00000134     driverlib.a : prcm.obj (.text:PRCMCC3200MCUInit)
                  20014edc    00000134     rtsv7M4_T_le_eabi.lib : fputs.obj (.text)
                  20015010    00000130     i2cconfig.obj (.text:I2CBufferWrite)
                  20015140    0000012a     free_rtos.a : list.obj (.text)
                  2001526a    00000002     --HOLE-- [fill = 0]
                  2001526c    00000128     simplelink.a : driver.obj (.text:_SlDrvDataReadOp)
                  20015394    00000128     tempRHSens_si7020.obj (.text:getTempRH)
                  200154bc    00000118     network_relater_fns.obj (.text:ConnectToNetwork_STA)
                  200155d4    00000116     drivers.obj (.text:FXOS8700_ReadData)
                  200156ea    00000002     --HOLE-- [fill = 0]
                  200156ec    00000114     main.obj (.text:main)
                  20015800    00000110     free_rtos.a : port.obj (.text)
                  20015910    00000110     rtsv7M4_T_le_eabi.lib : xdscale.obj (.text)
                  20015a20    00000110     lightSens_isl29035.obj (.text:verifyISL29035)
                  20015b30    00000110     tempRHSens_si7020.obj (.text:verifyTempRHSensor)
                  20015c40    0000010c     flash_files.obj (.text:WriteFile_ToFlash)
                  20015d4c    00000108     simplelink.a : socket.obj (.text:sl_Connect)
                  20015e54    00000108                  : socket.obj (.text:sl_Send)
                  20015f5c    00000104     dbgFns.obj (.text:Check_I2CDevices)
                  20016060    00000104     simplelink.a : driver.obj (.text:_SlDrvDataWriteOp)
                  20016164    00000104     i2c_app.obj (.text:i2cReadRegistersTwoBytes)
                  20016268    00000104     simplelink.a : netapp.obj (.text:sl_NetAppDnsGetHostByName)
                  2001636c    00000100     i2c_app.obj (.text:i2cReadRegisters)
                  2001646c    00000100     cc3200_client_state.obj (.text:loadClientState)
                  2001656c    000000fe     simplelink.a : netapp.obj (.text:_SlDrvNetAppEventHandler)
                  2001666a    00000002     --HOLE-- [fill = 0]
                  2001666c    000000fc     pinmux.obj (.text:PinMuxConfig)
                  20016768    000000fc     orientation.obj (.text:fqAeqNormqA)
                  20016864    000000fc     rtsv7M4_T_le_eabi.lib : fd_mul_t2.obj (.text)
                  20016960    000000fa                           : fs_add_t2.obj (.text)
                  20016a5a    00000002     --HOLE-- [fill = 0]
                  20016a5c    000000f8     cc3200_certificate.obj (.text:ensureCertificateFile)
                  20016b54    000000f8     orientation.obj (.text:fAndroidAnglesDegFromRotationMatrix)
                  20016c4c    000000f8     orientation.obj (.text:fNEDAnglesDegFromRotationMatrix)
                  20016d44    000000f4     simplelink.a : driver.obj (.text:_SlDrvDriverCBDeinit)
                  20016e38    000000f4     installation.obj (.text:getInstallation)
                  20016f2c    000000f4     simplelink.a : fs.obj (.text:sl_FsRead)
                  20017020    000000f4     accelomtrMagntomtr_fxos8700.obj (.text:verifyAccelMagnSensor)
                  20017114    000000f2     cc3200_socket.obj (.text:socketRead)
                  20017206    00000002     --HOLE-- [fill = 0]
                  20017208    000000f0     camera_app.obj (.text:DMAConfig)
                  200172f8    000000f0     driverlib.a : udma.obj (.text:uDMAChannelTransferSet)
                  200173e8    000000ec     orientation.obj (.text:fRotationVectorDegFromQuaternion)
                  200174d4    000000ec     simplelink.a : fs.obj (.text:sl_FsWrite)
                  200175c0    000000e8     appFns_BatteryLevelSense.obj (.text:Get_BatteryPercent)
                  200176a8    000000e8     Main_Task.obj (.text:Main_Task_withHibernate)
                  20017790    000000e1     parse_uploads.obj (.text:Get_FridgeCamID)
                  20017871    00000003     --HOLE-- [fill = 0]
                  20017874    000000e0     flash_files.obj (.text:ReadFile_FromFlash)
                  20017954    000000e0     camera_app.obj (.text:Start_CameraCapture)
                  20017a34    000000dc     ota.obj (.text:OTA_CommitImage)
                  20017b10    000000dc     rtsv7M4_T_le_eabi.lib : setvbuf.obj (.text)
                  20017bec    000000dc     simplelink.a : cc_pal.obj (.text:spi_Read)
                  20017cc8    000000d8                  : driver.obj (.text:_SlDrvClassifyRxMsg)
                  20017da0    000000d8     rtsv7M4_T_le_eabi.lib : xfatan.obj (.text)
                  20017e78    000000d4     simplelink.a : device.obj (.text:sl_Stop)
                  20017f4c    000000d0     rtsv7M4_T_le_eabi.lib : xfdscale.obj (.text)
                  2001801c    000000cc     approximations.obj (.text:fatan_deg)
                  200180e8    000000cc     rtsv7M4_T_le_eabi.lib : sqrtf.obj (.text)
                  200181b4    000000c8     simplelink.a : netapp.obj (.text:_sl_HandleAsync_DnsGetHostByService)
                  2001827c    000000c8     rtsv7M4_T_le_eabi.lib : fflush.obj (.text)
                  20018344    000000c4     mt9d111.obj (.text:EnterStandby_mt9d111)
                  20018408    000000c4     mt9d111.obj (.text:ExitStandby_mt9d111)
                  200184cc    000000c4     simplelink.a : driver.obj (.text:_SlRemoveFromList)
                  20018590    000000c0     i2c_if.obj (.text:I2C_IF_Read)
                  20018650    000000c0     wifi_provisioning_thruAPmode.obj (.text:WlanConnect)
                  20018710    000000be     rtsv7M4_T_le_eabi.lib : xdnorm.obj (.text)
                  200187ce    00000002     --HOLE-- [fill = 0]
                  200187d0    000000bc     i2c_if.obj (.text:I2C_IF_Write)
                  2001888c    000000bc     simplelink.a : driver.obj (.text:_SlDrvMsgReadCmdCtx)
                  20018948    000000bc     tempRHSens_si7020.obj (.text:configureTempRHSensor)
                  20018a04    000000bc     rtsv7M4_T_le_eabi.lib : acosf.obj (.text)
                  20018ac0    000000bc     simplelink.a : device.obj (.text:sl_Start)
                  20018b7c    000000ba     free_rtos.a : portasm.obj (.text)
                  20018c36    00000002     --HOLE-- [fill = 0]
                  20018c38    000000b8     simplelink.a : driver.obj (.text:_SlAsyncEventGenericHandler)
                  20018cf0    000000b8     installation.obj (.text:createInstallation)
                  20018da8    000000b4     simplelink.a : netapp.obj (.text:sl_NetAppMDNSRegisterUnregisterService)
                  20018e5c    000000b0     app_common.obj (.text:intToASCII)
                  20018f0c    000000ac     mt9d111.obj (.text:Verify_ImageSensor)
                  20018fb8    000000ac     rtsv7M4_T_le_eabi.lib : _io_perm.obj (.text)
                  20019064    000000ab     installation.obj (.text:getInstallationByIdCallback)
                  2001910f    00000001     --HOLE-- [fill = 0]
                  20019110    000000aa     uartA1_if.obj (.text:Report)
                  200191ba    00000002     --HOLE-- [fill = 0]
                  200191bc    000000a8     driverlib.a : interrupt.obj (.text:IntDisable)
                  20019264    000000a8                 : interrupt.obj (.text:IntEnable)
                  2001930c    000000a8     parse_uploads.obj (.text:UploadImageToParse)
                  200193b4    000000a8     simplelink.a : netcfg.obj (.text:sl_NetCfgGet)
                  2001945c    000000a4     app_common.obj (.text:LED_Blink)
                  20019500    000000a0     driverlib.a : spi.obj (.text:SPIConfigSetExpClk)
                  200195a0    000000a0     cc3200_socket.obj (.text:socketWrite)
                  20019640    0000009e     matrix.obj (.text:f3x3matrixDetA)
                  200196de    00000002     --HOLE-- [fill = 0]
                  200196e0    0000009c     simplelink.a : driver.obj (.text:_SlDrvMsgReadSpawnCtx)
                  2001977c    0000009c     approximations.obj (.text:fatan2_deg)
                  20019818    0000009c     rtsv7M4_T_le_eabi.lib : memcpy_t2.obj (.text)
                  200198b4    0000009c     simplelink.a : device.obj (.text:sl_DevGet)
                  20019950    00000098     camera_app.obj (.text:Config_CameraCapture)
                  200199e8    00000098     simplelink.a : fs.obj (.text:_sl_GetCreateFsMode)
                  20019a80    00000098     rtsv7M4_T_le_eabi.lib : fclose.obj (.text)
                  20019b18    00000098                           : fputc.obj (.text)
                  20019bb0    00000094     driverlib.a : prcm.obj (.text:PRCMPeripheralClockGet)
                  20019c44    00000094     approximations.obj (.text:facos_deg)
                  20019cd8    00000094     lightSens_isl29035.obj (.text:getLightsensor_data)
                  20019d6c    00000094     rtsv7M4_T_le_eabi.lib : snprintf.obj (.text)
                  20019e00    00000092     parse_impl.obj (.text:parseInitialize)
                  20019e92    00000092     rtsv7M4_T_le_eabi.lib : fs_div_t2.obj (.text)
                  20019f24    00000090     network_relater_fns.obj (.text:InitializeUserConfigVariables)
                  20019fb4    00000090     parse_uploads.obj (.text:UploadSensorDataToParse)
                  2001a044    0000008c     simplelink.a : cc_pal.obj (.text:SetupDMAReceive)
                  2001a0d0    0000008c                  : cc_pal.obj (.text:SetupDMASend)
                  2001a15c    0000008c                  : netapp.obj (.text:_sl_HandleAsync_DnsGetHostByName)
                  2001a1e8    0000008c                  : netapp.obj (.text:_sl_HandleAsync_PingResponse)
                  2001a274    0000008c     rtsv7M4_T_le_eabi.lib : xfdint.obj (.text)
                  2001a300    0000008c     simplelink.a : cc_pal.obj (.text:spi_Write)
                  2001a38c    00000088     driverlib.a : prcm.obj (.text:PRCMHibernateIntervalSet)
                  2001a414    00000088                 : pin.obj (.text:PinConfigSet)
                  2001a49c    00000088     rtsv7M4_T_le_eabi.lib : vsnprintf.obj (.text)
                  2001a524    00000088     simplelink.a : fs.obj (.text:sl_FsClose)
                  2001a5ac    00000086     rtsv7M4_T_le_eabi.lib : fd_cmp_t2.obj (.text:__aeabi_cdcmple)
                  2001a632    00000086                           : fd_cmp_t2.obj (.text:__aeabi_cdrcmple)
                  2001a6b8    00000084     timer_if.obj (.text:GetPeripheralIntNum)
                  2001a73c    00000084     driverlib.a : i2c.obj (.text:I2CMasterInitExpClk)
                  2001a7c0    00000084     simplelink.a : cc_pal.obj (.text:NwpPowerOnPreamble)
                  2001a844    00000084     matrix.obj (.text:f3x3matrixAeqI)
                  2001a8c8    00000084     fusion.obj (.text:fInit_6DOF_GB_BASIC)
                  2001a94c    00000080     camera_app.obj (.text:Standby_ImageSensor)
                  2001a9cc    00000080     simplelink.a : driver.obj (.text:_SlDrvCmdOp)
                  2001aa4c    00000080                  : cc_pal.obj (.text:spi_Read_CPU)
                  2001aacc    00000080                  : cc_pal.obj (.text:spi_Write_CPU)
                  2001ab4c    0000007c     network_relater_fns.obj (.text:ConfigureMode)
                  2001abc8    0000007c     simplelink.a : device.obj (.text:_sl_HandleAsync_InitComplete)
                  2001ac44    0000007c     matrix.obj (.text:fmatrixAeqI)
                  2001acc0    0000007c     simplelink.a : fs.obj (.text:sl_FsGetInfo)
                  2001ad3c    0000007a     rtsv7M4_T_le_eabi.lib : fs_mul_t2.obj (.text)
                  2001adb6    0000007a                           : memset_t2.obj (.text)
                  2001ae30    0000007a                           : xfdnorm.obj (.text)
                  2001aeaa    00000002     --HOLE-- [fill = 0]
                  2001aeac    00000078     i2c_if.obj (.text:I2CTransact)
                  2001af24    00000078     parse_uploads.obj (.text:InitialiseParse)
                  2001af9c    00000078     simplelink.a : socket.obj (.text:_sl_HandleAsync_Connect)
                  2001b014    00000078                  : fs.obj (.text:sl_FsOpen)
                  2001b08c    00000078                  : cc_pal.obj (.text:spi_Close)
                  2001b104    00000076     driverlib.a : uart.obj (.text:UARTConfigSetExpClk)
                  2001b17a    00000002     --HOLE-- [fill = 0]
                  2001b17c    00000074     camera_app.obj (.text:Wakeup_ImageSensor)
                  2001b1f0    00000074     simplelink.a : socket.obj (.text:sl_Recv)
                  2001b264    00000073     installation.obj (.text:getInstallationCallback)
                  2001b2d7    00000001     --HOLE-- [fill = 0]
                  2001b2d8    00000072     timer_if.obj (.text:Timer_IF_IntSetup)
                  2001b34a    00000002     --HOLE-- [fill = 0]
                  2001b34c    00000070     batteryVoltLvlSens_adc081c021.obj (.text:Get_BatteryVoltageLevel_ADC081C021)
                  2001b3bc    0000006c     camera_app.obj (.text:CamControllerInit)
                  2001b428    0000006c     udma_if.obj (.text:UDMAInit)
                  2001b494    0000006c     simplelink.a : driver.obj (.text:_SlDrvCmdSend)
                  2001b500    0000006c     matrix.obj (.text:f3x3matrixAeqMinusA)
                  2001b56c    0000006c     request.obj (.text:parseSendRequestInternal)
                  2001b5d8    0000006c     rtsv7M4_T_le_eabi.lib : autoinit.obj (.text)
                  2001b644    0000006c                           : fprintf.obj (.text)
                  2001b6b0    0000006a     matrix.obj (.text:f3x3matrixAeqAxScalar)
                  2001b71a    0000006a     rtsv7M4_T_le_eabi.lib : copy_decompress_rle.obj (.text)
                  2001b784    00000069     http.obj (.text:beginHttpGetRequest)
                  2001b7ed    00000003     --HOLE-- [fill = 0]
                  2001b7f0    00000068     driverlib.a : prcm.obj (.text:PRCMHibernateWakeUpGPIOSelect)
                  2001b858    00000068     mt9d111.obj (.text:StartSensorInJpegMode)
                  2001b8c0    00000068     simplelink.a : netapp.obj (.text:_sl_NetAppSendTokenValue)
                  2001b928    00000068     cc3200_utils.obj (.text:fetchDeviceOSVersion)
                  2001b990    00000068     rtsv7M4_T_le_eabi.lib : trgmsg.obj (.text)
                  2001b9f8    00000068     simplelink.a : device.obj (.text:sl_DevSet)
                  2001ba60    00000068                  : netcfg.obj (.text:sl_NetCfgSet)
                  2001bac8    00000068                  : socket.obj (.text:sl_SetSockOpt)
                  2001bb30    00000068                  : wlan.obj (.text:sl_WlanSet)
                  2001bb98    00000066     matrix.obj (.text:f3x3matrixAeqScalar)
                  2001bbfe    00000066     rtsv7M4_T_le_eabi.lib : xdunscal.obj (.text)
                  2001bc64    00000064                           : fseek.obj (.text)
                  2001bcc8    00000064     cc3200_socket.obj (.text:socketWait)
                  2001bd2c    00000064     tempRHSens_si7020.obj (.text:softResetTempRHSensor)
                  2001bd90    00000064     driverlib.a : udma.obj (.text:uDMAChannelAttributeDisable)
                  2001bdf4    00000064                 : udma.obj (.text:uDMAChannelAttributeEnable)
                  2001be58    00000060     rtsv7M4_T_le_eabi.lib : fs_cmp_t2.obj (.text:__aeabi_cfcmple)
                  2001beb8    00000060                           : fs_cmp_t2.obj (.text:__aeabi_cfrcmple)
                  2001bf18    00000060     simplelink.a : socket.obj (.text:_sl_HandleAsync_Accept)
                  2001bf78    00000060     main_FXOS8700.obj (.text:fxosDefault_Initializations)
                  2001bfd8    00000060     accelomtrMagntomtr_fxos8700.obj (.text:getMagntData)
                  2001c038    00000060     rtsv7M4_T_le_eabi.lib : sprintf.obj (.text)
                  2001c098    00000060     simplelink.a : wlan.obj (.text:sl_WlanPolicySet)
                  2001c0f8    00000060     accelomtrMagntomtr_fxos8700.obj (.text:standby_accelMagn_fxos8700)
                  2001c158    0000005c     ota.obj (.text:OTA_Init)
                  2001c1b4    0000005c     lightSens_isl29035.obj (.text:getLightsensor_intrptStatus)
                  2001c210    0000005c     simplelink.a : socket.obj (.text:sl_Socket)
                  2001c26c    00000058     driverlib.a : interrupt.obj (.text:IntPendClear)
                  2001c2c4    00000058                 : prcm.obj (.text:PRCMPeripheralReset)
                  2001c31c    00000056     rtsv7M4_T_le_eabi.lib : ltoa.obj (.text)
                  2001c372    00000056                           : xfdunsca.obj (.text)
                  2001c3c8    00000054     driverlib.a : interrupt.obj (.text:IntPrioritySet)
                  2001c41c    00000054     simplelink.a : socket.obj (.text:_sl_HandleAsync_Select)
                  2001c470    00000054     approximations.obj (.text:fasin_deg)
                  2001c4c4    00000054     request.obj (.text:headerSend)
                  2001c518    00000054     simplelink.a : wlan.obj (.text:sl_WlanRxFilterSet)
                  2001c56c    00000051     installation.obj (.text:createInstallationCallback)
                  2001c5bd    00000003     --HOLE-- [fill = 0]
                  2001c5c0    00000050     i2c_if.obj (.text:I2C_IF_Open)
                  2001c610    00000050     simplelink.a : device.obj (.text:_sl_HandleAsync_Stop)
                  2001c660    00000050     mt9d111.obj (.text:disableAE)
                  2001c6b0    00000050     mt9d111.obj (.text:disableAWB)
                  2001c700    00000050     rtsv7M4_T_le_eabi.lib : fs_toull_t2.obj (.text)
                  2001c750    00000050     simplelink.a : fs.obj (.text:sl_FsDel)
                  2001c7a0    0000004c     tasks.obj (.text:RdSensData_Init)
                  2001c7ec    0000004c     driverlib.a : spi.obj (.text:SPIIntEnable)
                  2001c838    0000004c     simplelink.a : driver.obj (.text:_SlDrvProtectAsyncRespSetting)
                  2001c884    0000004c                  : driver.obj (.text:_SlDrvRxIrqHandler)
                  2001c8d0    0000004c                  : socket.obj (.text:_sl_BuildAddress)
                  2001c91c    0000004c     rtsv7M4_T_le_eabi.lib : atoi.obj (.text)
                  2001c968    0000004c                           : atol.obj (.text)
                  2001c9b4    0000004c                           : cpy_tbl.obj (.text)
                  2001ca00    0000004c                           : rand.obj (.text)
                  2001ca4c    0000004c     driverlib.a : udma.obj (.text:uDMAChannelAssign)
                  2001ca98    0000004a     rtsv7M4_T_le_eabi.lib : fd_tos_t2.obj (.text)
                  2001cae2    00000002     --HOLE-- [fill = 0]
                  2001cae4    00000048     driverlib.a : prcm.obj (.text:PRCMHibernateWakeupSourceDisable)
                  2001cb2c    00000048                 : prcm.obj (.text:PRCMHibernateWakeupSourceEnable)
                  2001cb74    00000048                 : spi.obj (.text:SPIIntClear)
                  2001cbbc    00000048     simplelink.a : driver.obj (.text:_SlDrvBasicCmd)
                  2001cc04    00000048     http.obj (.text:addHttpRequestLine)
                  2001cc4c    00000048     approximations.obj (.text:fatan_15deg)
                  2001cc94    00000048     rtsv7M4_T_le_eabi.lib : fd_toi_t2.obj (.text)
                  2001ccdc    00000046                           : ldexp.obj (.text)
                  2001cd22    00000002     --HOLE-- [fill = 0]
                  2001cd24    00000044     driverlib.a : spi.obj (.text:SPIDmaMaskGet)
                  2001cd68    00000044                 : timer.obj (.text:TimerConfigure)
                  2001cdac    00000044     udma_if.obj (.text:UDMASetupTransfer)
                  2001cdf0    00000044     simplelink.a : cc_pal.obj (.text:cc_SetupTransfer)
                  2001ce34    00000044     main_FXOS8700.obj (.text:fxos_Calibration)
                  2001ce78    00000044     rtsv7M4_T_le_eabi.lib : exit.obj (.text)
                  2001cebc    00000044                           : fd_tou_t2.obj (.text)
                  2001cf00    00000043     ota.obj (.text:OTA_Update)
                  2001cf43    00000001     --HOLE-- [fill = 0]
                  2001cf44    00000042     simplelink.a : socket.obj (.text:sl_Htonl)
                  2001cf86    00000002     --HOLE-- [fill = 0]
                  2001cf88    00000040     driverlib.a : pin.obj (.text:PinModeSet)
                  2001cfc8    00000040     http.obj (.text:getHttpResponseBody)
                  2001d008    00000040     rtsv7M4_T_le_eabi.lib : signal.obj (.text)
                  2001d048    0000003e     appfile_lightSensor.obj (.text:IsLightOff)
                  2001d086    0000003e     rtsv7M4_T_le_eabi.lib : strncasecmp.obj (.text)
                  2001d0c4    0000003c     simplelink.a : netapp.obj (.text:CopyPingResultsToReport)
                  2001d100    0000003c     tasks.obj (.text:Fusion_Init)
                  2001d13c    0000003c     driverlib.a : prcm.obj (.text:PRCMPeripheralClkEnable)
                  2001d178    0000003c     simplelink.a : socket.obj (.text:_sl_TruncatePayloadByProtocol)
                  2001d1b4    0000003c     rtsv7M4_T_le_eabi.lib : boot.obj (.text)
                  2001d1f0    0000003c     simplelink.a : socket.obj (.text:sl_Htons)
                  2001d22c    0000003c     timer_fns.obj (.text:start_100mSecTimer)
                  2001d268    0000003c     driverlib.a : udma.obj (.text:uDMAChannelControlSet)
                  2001d2a4    0000003a                 : camera.obj (.text:CameraCaptureStop)
                  2001d2de    0000003a                 : camera.obj (.text:CameraXClkConfig)
                  2001d318    0000003a     orientation.obj (.text:fLPFScalar)
                  2001d352    0000003a     request.obj (.text:parseSendRequest)
                  2001d38c    00000039     http.obj (.text:addHttpRequestHeader)
                  2001d3c5    00000003     --HOLE-- [fill = 0]
                  2001d3c8    00000038     simplelink.a : cc_pal.obj (.text:NwpPowerOff)
                  2001d400    00000038     free_rtos.a : heap_3.obj (.text)
                  2001d438    00000038     rtsv7M4_T_le_eabi.lib : fs_tod_t2.obj (.text)
                  2001d470    00000038                           : fs_toi_t2.obj (.text)
                  2001d4a8    00000038                           : i_tofs_t2.obj (.text)
                  2001d4e0    00000036     driverlib.a : gpio.obj (.text:GPIODirModeSet)
                  2001d516    00000036     simplelink.a : netapp.obj (.text:sl_NetAppMDNSUnRegisterService)
                  2001d54c    00000035     http.obj (.text:beginHttpRequest)
                  2001d581    00000001     --HOLE-- [fill = 0]
                  2001d582    00000034     driverlib.a : camera.obj (.text:CameraParamsConfig)
                  2001d5b6    00000002     --HOLE-- [fill = 0]
                  2001d5b8    00000034                 : prcm.obj (.text:PRCMPeripheralStatusGet)
                  2001d5ec    00000034                 : spi.obj (.text:SPIFIFOLevelSet)
                  2001d620    00000034     http.obj (.text:getHttpResponseStatus)
                  2001d654    00000034     main_FXOS8700.obj (.text:get_angle)
                  2001d688    00000034     rtsv7M4_T_le_eabi.lib : feraiseexcept.obj (.text)
                  2001d6bc    00000034                           : fs_tou_t2.obj (.text)
                  2001d6f0    00000034                           : strstr.obj (.text)
                  2001d724    00000032     timer_if.obj (.text:Timer_IF_Init)
                  2001d756    00000030     driverlib.a : pin.obj (.text:PinTypeGPIO)
                  2001d786    00000002     --HOLE-- [fill = 0]
                  2001d788    00000030                 : uart.obj (.text:UARTDisable)
                  2001d7b8    00000030     simplelink.a : device.obj (.text:_SlDrvDeviceEventHandler)
                  2001d7e8    00000030                  : fs.obj (.text:_sl_Strlen)
                  2001d818    00000030     main_FXOS8700.obj (.text:angleCheck)
                  2001d848    00000030     rtsv7M4_T_le_eabi.lib : strncpy.obj (.text)
                  2001d878    00000030                           : xferaise.obj (.text)
                  2001d8a8    00000030     simplelink.a : socket.obj (.text:sl_Close)
                  2001d8d8    00000030                  : wlan.obj (.text:sl_WlanProfileDel)
                  2001d908    00000030                  : wlan.obj (.text:sl_WlanSetMode)
                  2001d938    0000002e     rtsv7M4_T_le_eabi.lib : i_tofd_t2.obj (.text)
                  2001d966    0000002e                           : raise.obj (.text)
                  2001d994    0000002d     http.obj (.text:addHttpRequestHeaderInt)
                  2001d9c1    00000003     --HOLE-- [fill = 0]
                  2001d9c4    0000002c     tasks.obj (.text:ApplyMagHAL)
                  2001d9f0    0000002c     driverlib.a : camera.obj (.text:CameraIntEnable)
                  2001da1c    0000002c     simplelink.a : cc_pal.obj (.text:DmaSpiSwIntHandler)
                  2001da48    0000002c     driverlib.a : i2c.obj (.text:I2CMasterErr)
                  2001da74    0000002c                 : prcm.obj (.text:PRCMSysResetCauseGet)
                  2001daa0    0000002c     mt9d111.obj (.text:SoftReset_ImageSensor)
                  2001dacc    0000002c     cc3200_utils.obj (.text:getDeviceTimeDate)
                  2001daf8    0000002c     request.obj (.text:setDataBufferPointer)
                  2001db24    0000002a     driverlib.a : timer.obj (.text:TimerLoadSet)
                  2001db4e    0000002a                 : timer.obj (.text:TimerPrescaleSet)
                  2001db78    0000002a     rtsv7M4_T_le_eabi.lib : xdclass.obj (.text)
                  2001dba2    00000002     --HOLE-- [fill = 0]
                  2001dba4    00000028     driverlib.a : camera.obj (.text:CameraIntStatus)
                  2001dbcc    00000028     uartA1_if.obj (.text:InitTerm)
                  2001dbf4    00000028     uartA1_if.obj (.text:Message)
                  2001dc1c    00000028     driverlib.a : prcm.obj (.text:PRCMPeripheralClkDisable)
                  2001dc44    00000028     rtsv7M4_T_le_eabi.lib : strncat.obj (.text)
                  2001dc6c    00000028     simplelink.a : netapp.obj (.text:sl_NetAppStart)
                  2001dc94    00000028                  : netapp.obj (.text:sl_NetAppStop)
                  2001dcbc    00000026     driverlib.a : camera.obj (.text:CameraThresholdSet)
                  2001dce2    00000026     simplelink.a : cc_pal.obj (.text:NwpRegisterInterruptHandler)
                  2001dd08    00000026     rtsv7M4_T_le_eabi.lib : strncmp.obj (.text)
                  2001dd2e    00000002     --HOLE-- [fill = 0]
                  2001dd30    00000024     driverlib.a : camera.obj (.text:CameraIntClear)
                  2001dd54    00000024     timer_fns.obj (.text:IntHandler_100mSecTimer)
                  2001dd78    00000024     driverlib.a : interrupt.obj (.text:IntUnregister)
                  2001dd9c    00000024     timer_if.obj (.text:Timer_IF_Start)
                  2001ddc0    00000024     driverlib.a : uart.obj (.text:UARTEnable)
                  2001dde4    00000024     mt9d111.obj (.text:WriteAllAEnAWBRegs)
                  2001de08    00000024     simplelink.a : driver.obj (.text:_SlDrvProtectionObjLockWaitForever)
                  2001de2c    00000024     rtsv7M4_T_le_eabi.lib : u_tofs_t2.obj (.text)
                  2001de50    00000022     driverlib.a : camera.obj (.text:CameraCaptureStart)
                  2001de72    00000022                 : i2c.obj (.text:I2CMasterSlaveAddrSet)
                  2001de94    00000022     simplelink.a : socket.obj (.text:SL_FD_SET)
                  2001deb6    00000022     driverlib.a : spi.obj (.text:SPIReset)
                  2001ded8    00000022                 : spi.obj (.text:SPIWordCountSet)
                  2001defa    00000022     rtsv7M4_T_le_eabi.lib : frexp.obj (.text)
                  2001df1c    00000022                           : memcmp.obj (.text)
                  2001df3e    00000020     driverlib.a : gpio.obj (.text:GPIOPinWrite)
                  2001df5e    00000002     --HOLE-- [fill = 0]
                  2001df60    00000020                 : interrupt.obj (.text:IntRegister)
                  2001df80    00000020     simplelink.a : cc_pal.obj (.text:NwpPowerOn)
                  2001dfa0    00000020     mt9d111.obj (.text:Refresh_mt9d111Firmware)
                  2001dfc0    00000020     simplelink.a : driver.obj (.text:_SlDrvProtectionObjUnLock)
                  2001dfe0    00000020     rtsv7M4_T_le_eabi.lib : memchr.obj (.text)
                  2001e000    00000020                           : u_tofd_t2.obj (.text)
                  2001e020    0000001e     driverlib.a : i2c.obj (.text:I2CMasterIntStatusEx)
                  2001e03e    0000001e                 : timer.obj (.text:TimerDisable)
                  2001e05c    0000001e                 : timer.obj (.text:TimerEnable)
                  2001e07a    0000001e                 : timer.obj (.text:TimerIntStatus)
                  2001e098    0000001e                 : uart.obj (.text:UARTCharPut)
                  2001e0b6    0000001e     simplelink.a : cc_pal.obj (.text:cc_UDMAChannelSelect)
                  2001e0d4    0000001e     rtsv7M4_T_le_eabi.lib : strcat.obj (.text)
                  2001e0f2    00000002     --HOLE-- [fill = 0]
                  2001e0f4    0000001c     tasks.obj (.text:ApplyAccelHAL)
                  2001e110    0000001c     main.obj (.text:BoardInit)
                  2001e12c    0000001c     mt9d111.obj (.text:CameraSensorInit)
                  2001e148    0000001c     udma_if.obj (.text:DmaSwIntHandler)
                  2001e164    0000001c     driverlib.a : pin.obj (.text:PinTypeI2C)
                  2001e180    0000001c     simplelink.a : driver.obj (.text:_SlDrvObjLockWaitForever)
                  2001e19c    0000001c                  : driver.obj (.text:_SlDrvSyncObjWaitForever)
                  2001e1b8    0000001c     rtsv7M4_T_le_eabi.lib : memccpy.obj (.text)
                  2001e1d4    0000001c     timer_fns.obj (.text:stop_100mSecTimer)
                  2001e1f0    0000001c     driverlib.a : udma.obj (.text:uDMAChannelDisable)
                  2001e20c    0000001c                 : udma.obj (.text:uDMAChannelEnable)
                  2001e228    0000001c     main.obj (.text:vApplicationMallocFailedHook)
                  2001e244    0000001a     driverlib.a : pin.obj (.text:PinTypeCamera)
                  2001e25e    0000001a                 : pin.obj (.text:PinTypeUART)
                  2001e278    0000001a                 : spi.obj (.text:SPIDmaDisable)
                  2001e292    0000001a                 : spi.obj (.text:SPIDmaEnable)
                  2001e2ac    0000001a                 : spi.obj (.text:SPIFIFODisable)
                  2001e2c6    0000001a                 : spi.obj (.text:SPIFIFOEnable)
                  2001e2e0    00000018                 : camera.obj (.text:CameraReset)
                  2001e2f8    00000018                 : gpio.obj (.text:GPIOPinRead)
                  2001e310    00000018                 : prcm.obj (.text:PRCMHibernateEnter)
                  2001e328    00000018                 : spi.obj (.text:SPICSDisable)
                  2001e340    00000018                 : spi.obj (.text:SPICSEnable)
                  2001e358    00000018                 : spi.obj (.text:SPIDisable)
                  2001e370    00000018                 : spi.obj (.text:SPIEnable)
                  2001e388    00000018                 : timer.obj (.text:TimerIntEnable)
                  2001e3a0    00000018     timer_if.obj (.text:Timer_IF_InterruptClear)
                  2001e3b8    00000018     simplelink.a : driver.obj (.text:_SlDrvObjUnLock)
                  2001e3d0    00000018                  : driver.obj (.text:_SlDrvSyncObjSignal)
                  2001e3e8    00000018                  : device.obj (.text:_sl_GetStartResponseConvert)
                  2001e400    00000018     rtsv7M4_T_le_eabi.lib : args_main.obj (.text)
                  2001e418    00000018                           : strcmp.obj (.text)
                  2001e430    00000016     driverlib.a : camera.obj (.text:CameraDMAEnable)
                  2001e446    00000016                 : camera.obj (.text:CameraIntRegister)
                  2001e45c    00000016                 : i2c.obj (.text:I2CMasterDataPut)
                  2001e472    00000016                 : i2c.obj (.text:I2CMasterEnable)
                  2001e488    00000016                 : prcm.obj (.text:PRCMHIBRegRead)
                  2001e49e    00000016                 : prcm.obj (.text:PRCMHIBRegWrite)
                  2001e4b4    00000016     simplelink.a : driver.obj (.text:_SlDrvMemZero)
                  2001e4ca    00000016     rtsv7M4_T_le_eabi.lib : strchr.obj (.text)
                  2001e4e0    00000014     driverlib.a : cpu.obj (.text:CPUcpsie)
                  2001e4f4    00000014                 : interrupt.obj (.text:IntVTableBaseSet)
                  2001e508    00000014     app_common.obj (.text:LED_Off)
                  2001e51c    00000014     app_common.obj (.text:LED_On)
                  2001e530    00000014     rtsv7M4_T_le_eabi.lib : _lock.obj (.text)
                  2001e544    00000014                           : strcpy.obj (.text)
                  2001e558    00000014                           : strlen.obj (.text)
                  2001e56c    00000014     driverlib.a : udma.obj (.text:uDMAControlBaseSet)
                  2001e580    00000014                 : udma.obj (.text:uDMAIntClear)
                  2001e594    00000012                 : i2c.obj (.text:I2CMasterControl)
                  2001e5a6    00000012                 : i2c.obj (.text:I2CMasterIntClearEx)
                  2001e5b8    00000012                 : i2c.obj (.text:I2CMasterTimeoutSet)
                  2001e5ca    00000012                 : timer.obj (.text:TimerIntClear)
                  2001e5dc    00000010                 : prcm.obj (.text:PRCMSOCReset)
                  2001e5ec    00000010     simplelink.a : socket.obj (.text:SL_FD_ZERO)
                  2001e5fc    00000010     timer_if.obj (.text:Timer_IF_Stop)
                  2001e60c    00000010     cc3200_socket.obj (.text:socketClose)
                  2001e61c    0000000e     driverlib.a : i2c.obj (.text:I2CMasterDataGet)
                  2001e62a    0000000e     simplelink.a : driver.obj (.text:_SlDrvResetCmdExt)
                  2001e638    0000000e     rtsv7M4_T_le_eabi.lib : copy_decompress_none.obj (.text:decompress:none)
                  2001e646    0000000c     udma_if.obj (.text:DmaErrorIntHandler)
                  2001e652    00000002     --HOLE-- [fill = 0]
                  2001e654    0000000c     simplelink.a : cc_pal.obj (.text:NwpMaskInterrupt)
                  2001e660    0000000c                  : cc_pal.obj (.text:NwpUnMaskInterrupt)
                  2001e66c    0000000c     rtsv7M4_T_le_eabi.lib : copy_zero_init.obj (.text:decompress:ZI)
                  2001e678    0000000c     parse_impl.obj (.text:getInternalClient)
                  2001e684    0000000c     simplelink.a : wlan.obj (.text:sl_WlanDisconnect)
                  2001e690    0000000c     driverlib.a : udma.obj (.text:uDMAEnable)
                  2001e69c    0000000c                 : udma.obj (.text:uDMAIntStatus)
                  2001e6a8    0000000a                 : interrupt.obj (.text:IntMasterEnable)
                  2001e6b2    0000000a     main.obj (.text:vApplicationStackOverflowHook)
                  2001e6bc    00000008     hibernate_related_fns.obj (.text:sensorsTriggerSetup)
                  2001e6c4    00000006     i2cconfig.obj (.text:MT9D111Delay)
                  2001e6ca    00000006     startup_ccs.obj (.text:ResetISR)
                  2001e6d0    00000006     driverlib.a : utils.obj (.text:UtilsDelay)
                  2001e6d6    00000006     rtsv7M4_T_le_eabi.lib : copy_decompress_rle.obj (.text:decompress:rle24)
                  2001e6dc    00000006                           : logf.obj (.text)
                  2001e6e2    00000006                           : sinf.obj (.text)
                  2001e6e8    00000004                           : error.obj (.text)
                  2001e6ec    00000004                           : pre_init.obj (.text)

.const     0    2001e6f0    00000fc7     
                  2001e6f0    0000013c     mt9d111.obj (.const:init_cmds_list)
                  2001e82c    00000101     rtsv7M4_T_le_eabi.lib : ctype.obj (.const:.string:_ctypes_)
                  2001e92d    00000003     --HOLE-- [fill = 0]
                  2001e930    00000100     driverlib.a : pin.obj (.const:g_ulPinToPadMap)
                  2001ea30    000000f4     mt9d111.obj (.const)
                  2001eb24    000000d4     driverlib.a : interrupt.obj (.const:g_pulRegs)
                  2001ebf8    000000ca     camera_app.obj (.const:.string)
                  2001ecc2    000000c4     mt9d111.obj (.const:capture_cmds_list)
                  2001ed86    00000002     --HOLE-- [fill = 0]
                  2001ed88    000000b0     simplelink.a : wlan.obj (.const:$P$T0$1)
                  2001ee38    000000a8     driverlib.a : prcm.obj (.const:PRCM_PeriphRegsList)
                  2001eee0    00000080                 : interrupt.obj (.const)
                  2001ef60    0000007a     mt9d111.obj (.const:.string)
                  2001efda    00000072     lightSens_isl29035.obj (.const:.string)
                  2001f04c    0000006a     wifi_provisioning_thruAPmode.obj (.const:.string)
                  2001f0b6    00000002     --HOLE-- [fill = 0]
                  2001f0b8    00000068     appFns_BatteryLevelSense.obj (.const:V2CEntry$1)
                  2001f120    00000050     mt9d111.obj (.const:$P$T28$29)
                  2001f170    00000050     accelomtrMagntomtr_fxos8700.obj (.const:.string)
                  2001f1c0    0000004c     mt9d111.obj (.const:$P$T7$8)
                  2001f20c    0000004b     tempRHSens_si7020.obj (.const:.string)
                  2001f257    00000040     network_relater_fns.obj (.const:.string)
                  2001f297    0000003c     i2c_app.obj (.const:.string)
                  2001f2d3    00000001     --HOLE-- [fill = 0]
                  2001f2d4    0000003c     simplelink.a : driver.obj (.const:OpcodeTranslateTable)
                  2001f310    0000003c                  : wlan.obj (.const)
                  2001f34c    00000038                  : driver.obj (.const:_SlActionLookupTable)
                  2001f384    00000038     rtsv7M4_T_le_eabi.lib : xflog.obj (.const)
                  2001f3bc    00000038     simplelink.a : fs.obj (.const)
                  2001f3f4    00000036     flash_files.obj (.const:.string)
                  2001f42a    00000002     --HOLE-- [fill = 0]
                  2001f42c    00000034     rtsv7M4_T_le_eabi.lib : xfatan.obj (.const)
                  2001f460    00000034     simplelink.a : driver.obj (.const)
                  2001f494    00000034                  : socket.obj (.const)
                  2001f4c8    0000002c     network_relater_fns.obj (.const:$P$T1$2)
                  2001f4f4    0000002b     parse_uploads.obj (.const:.string)
                  2001f51f    00000001     --HOLE-- [fill = 0]
                  2001f520    00000028     rtsv7M4_T_le_eabi.lib : xfdint.obj (.const)
                  2001f548    00000028                           : xfsin.obj (.const)
                  2001f570    00000028     simplelink.a : netapp.obj (.const)
                  2001f598    00000023     batteryVoltLvlSens_adc081c021.obj (.const:.string:$P$T0$1)
                  2001f5bb    00000022     network_relater_fns.obj (.const:.string:$P$T0$1)
                  2001f5dd    00000003     --HOLE-- [fill = 0]
                  2001f5e0    0000001c     rtsv7M4_T_le_eabi.lib : tanf.obj (.const)
                  2001f5fc    0000001c                           : xfexp.obj (.const)
                  2001f618    00000018     driverlib.a : spi.obj (.const)
                  2001f630    00000017     request.obj (.const:.string)
                  2001f647    00000016     collect_and_txit.obj (.const:.string)
                  2001f65d    00000014     network_relater_fns.obj (.const)
                  2001f671    00000001     --HOLE-- [fill = 0]
                  2001f672    00000014     simplelink.a : device.obj (.const)
                  2001f686    00000010                  : socket.obj (.const:.string)
                  2001f696    0000000b     app_common.obj (.const:.string)
                  2001f6a1    00000008     simplelink.a : device.obj (.const:.string)
                  2001f6a9    00000001     --HOLE-- [fill = 0]
                  2001f6aa    00000008                  : netcfg.obj (.const)
                  2001f6b2    00000005     main.obj (.const:.string)

.cinit     0    2001f6b8    00000530     
                  2001f6b8    00000506     (.cinit..data.load) [load image, compression = rle]
                  2001fbbe    00000002     --HOLE-- [fill = 0]
                  2001fbc0    0000000c     (__TI_handler_table)
                  2001fbcc    00000004     --HOLE-- [fill = 0]
                  2001fbd0    00000008     (.cinit..bss.load) [load image, compression = zero_init]
                  2001fbd8    00000010     (__TI_cinit_table)

.init_array 
*          0    20004000    00000000     UNINITIALIZED

.bss       0    20022400    000172fb     UNINITIALIZED
                  20022400    00014000     main.obj (.bss:g_image_buffer)
                  20036400    00000b58     tasks.obj (.bss:thisMagBuffer)
                  20036f58    000005a0     ota.a : OtaHttp.obj (.bss:recv_buf)
                  200374f8    0000044c           : OtaClient.obj (.bss:g_OtaCheckUpdateResponse)
                  20037944    00000418     wifi_provisioning_thruAPmode.obj (.bss:thisMagCal)
                  20037d5c    00000240     ota.obj (.bss:g_otaOptServerInfo)
                  20037f9c    00000058     tasks.obj (.bss:thisMag)
                  20037ff4    0000000c     (.common:g_SecParams)
                  20038000    00000400     udma_if.obj (.bss:gpCtlTbl)
                  20038400    000003d8     ota.a : OtaClient.obj (.bss:g_OtaFileMetadata)
                  200387d8    00000370     main.obj (.bss:g_NetEntries)
                  20038b48    00000200     ota.a : OtaHttp.obj (.bss:send_buf)
                  20038d48    00000178     simplelink.a : driver.obj (.bss:g_StatMem)
                  20038ec0    00000120     rtsv7M4_T_le_eabi.lib : trgmsg.obj (.bss:__CIOBUF_)
                  20038fe0    00000100     udma_if.obj (.bss:gfpAppCallbackHndl)
                  200390e0    000000c8     free_rtos.a : tasks.obj (.bss:pxReadyTasksLists)
                  200391a8    000000ac     tasks.obj (.bss:thisSV_6DOF_GB_BASIC)
                  20039254    000000a0     rtsv7M4_T_le_eabi.lib : defs.obj (.bss:__TI_tmpnams)
                  200392f4    00000074     ota.a : CdnClient.obj (.bss:g_CdnClient)
                  20039368    00000050     simplelink.a : cc_pal.obj (.bss:g_ucDinDout)
                  200393b8    00000050     free_rtos.a : queue.obj (.bss:xQueueRegistry)
                  20039408    0000004c     ota.a : OtaApp.obj (.bss:g_OtaApp)
                  20039454    0000004c           : OtaApp.obj (.bss:g_OtaApp_statistics)
                  200394a0    00000034     cc3200_client_state.obj (.bss:clientStateFileName)
                  200394d4    00000034     main.obj (.bss:g_cWlanSecurityKey)
                  20039508    00000034     tasks.obj (.bss:thisAccel)
                  2003953c    00000024     ota.a : OtaClient.obj (.bss:g_OtaClient)
                  20039560    00000024     main.obj (.bss:g_cWlanSSID)
                  20039584    00000024     main.obj (.bss:g_ucConnectionSSID)
                  200395a8    0000001c     rtsv7M4_T_le_eabi.lib : vla_alloc.obj (.bss)
                  200395c4    00000014     (.common:g_FlcSflashCb)
                  200395d8    00000014     (.common:g_flag_blockFull)
                  200395ec    00000014     (.common:xDelayedTaskList1)
                  20039600    00000014     (.common:xDelayedTaskList2)
                  20039614    00000014     (.common:xPendingReadyList)
                  20039628    00000014     (.common:xSuspendedTaskList)
                  2003963c    00000014     (.common:xTasksWaitingTermination)
                  20039650    00000010     (.common:ang_buf)
                  20039660    00000010     (.common:globals)
                  20039670    00000010     (.common:mqxglobals)
                  20039680    00000008     (.common:g_LogClient)
                  20039688    00000008     (.common:g_ucConnectionBSSID)
                  20039690    00000008     (.common:parmbuf)
                  20039698    00000008     (.common:sBootInfo)
                  200396a0    00000004     (.common:DMAMsgQ)
                  200396a4    00000004     (.common:Elapsed_100MilliSecs)
                  200396a8    00000004     (.common:__Errorlog)
                  200396ac    00000004     (.common:angle_avg)
                  200396b0    00000004     (.common:dataBuffer)
                  200396b4    00000004     (.common:g_block_lastFilled)
                  200396b8    00000004     (.common:g_cDummy)
                  200396bc    00000004     (.common:g_cWlanSecurityType)
                  200396c0    00000004     (.common:g_frame_size_in_bytes)
                  200396c4    00000004     (.common:g_position_in_block)
                  200396c8    00000004     (.common:g_readHeader)
                  200396cc    00000004     (.common:g_total_dma_intrpts)
                  200396d0    00000004     (.common:g_ulAppStatus)
                  200396d4    00000004     (.common:gdoor_40deg_angle)
                  200396d8    00000004     (.common:gdoor_90deg_angle)
                  200396dc    00000004     (.common:pvOtaApp)
                  200396e0    00000004     (.common:pxDelayedTaskList)
                  200396e4    00000004     (.common:pxOverflowDelayedTaskList)
                  200396e8    00000001     (.common:RxIrqCnt)
                  200396e9    00000001     (.common:avg_buffer_cnt)
                  200396ea    00000001     (.common:checkForLight_Flag)
                  200396eb    00000001     (.common:g_dma_txn_done)
                  200396ec    00000001     (.common:g_flag_DataBlockFilled)
                  200396ed    00000001     (.common:g_flag_door_closing_45degree)
                  200396ee    00000001     (.common:g_frame_end)
                  200396ef    00000001     (.common:g_ucAngle40)
                  200396f0    00000001     (.common:g_ucAngle90)
                  200396f1    00000001     (.common:g_ucCalibration)
                  200396f2    00000001     (.common:g_ucConfig)
                  200396f3    00000001     (.common:g_ucExitButton)
                  200396f4    00000001     (.common:g_ucMagCalb)
                  200396f5    00000001     (.common:g_ucProfileAdded)
                  200396f6    00000001     (.common:g_ucPushButtonPressedTwice)
                  200396f7    00000001     (.common:iDone)
                  200396f8    00000001     (.common:isitfirsttime)
                  200396f9    00000001     (.common:print_count)
                  200396fa    00000001     (.common:valid_case)

.TI.noinit 
*          0    20022400    00000000     UNINITIALIZED

.sysmem    0    20039700    00005000     UNINITIALIZED
                  20039700    00000008     rtsv7M4_T_le_eabi.lib : memory.obj (.sysmem)
                  20039708    00004ff8     --HOLE--


LINKER GENERATED COPY TABLES

__TI_cinit_table @ 2001fbd8 records: 2, size/record: 8, table size: 16
	.data: load addr=2001f6b8, load size=00000506 bytes, run addr=20000000, run size=00000938 bytes, compression=rle
	.bss: load addr=2001fbd0, load size=00000008 bytes, run addr=20022400, run size=000172fb bytes, compression=zero_init


LINKER GENERATED HANDLER TABLE

__TI_handler_table @ 2001fbc0 records: 3, size/record: 4, table size: 12
	index: 0, handler: __TI_decompress_rle24
	index: 1, handler: __TI_decompress_none
	index: 2, handler: __TI_zero_init


GLOBAL SYMBOLS: SORTED ALPHABETICALLY BY Name 

address   name                                  
-------   ----                                  
200122ed  AccessPtMode_HTTPServer_Start         
2001e0f5  ApplyAccelHAL                         
2001d9c5  ApplyMagHAL                           
2001ce79  C$$EXIT                               
2001b9bf  C$$IO$$                               
2001e4e1  CPUcpsie                              
20010709  CalibrateMagSensor                    
2001b3bd  CamControllerInit                     
2001de51  CameraCaptureStart                    
2001d2a5  CameraCaptureStop                     
2001e431  CameraDMAEnable                       
2001dd31  CameraIntClear                        
2001d9f1  CameraIntEnable                       
2001e447  CameraIntRegister                     
2001dba5  CameraIntStatus                       
2001d583  CameraParamsConfig                    
2001e2e1  CameraReset                           
2001e12d  CameraSensorInit                      
2001dcbd  CameraThresholdSet                    
2001d2df  CameraXClkConfig                      
2000bcc5  CaptureAndStore_Image                 
2000d1e7  CdnClient_CloseServer                 
2000d205  CdnClient_ConnectByUrl                
2000d1b5  CdnClient_Init                        
2000d07f  CdnClient_Run                         
2000d075  CdnClient_SetFileInfo                 
20015f5d  Check_I2CDevices                      
20013ffd  CollectAngle                          
200108f5  CollectTxit_ImgTempRH                 
20019951  Config_CameraCapture                  
2001ab4d  ConfigureMode                         
2000e8f1  ConfigureSimpleLinkToDefaultState     
200154bd  ConnectToNetwork_STA                  
2001260d  ConstructDeviceStateObject            
2001d0c5  CopyPingResultsToReport               
200396a0  DMAMsgQ                               
2000063c  DigiCertHighAssuranceEVRootCA_der_len 
2001e647  DmaErrorIntHandler                    
2001da1d  DmaSpiSwIntHandler                    
2001e149  DmaSwIntHandler                       
200396a4  Elapsed_100MilliSecs                  
20018345  EnterStandby_mt9d111                  
20018409  ExitStandby_mt9d111                   
20013bf5  FXOS8700_Init                         
200155d5  FXOS8700_ReadData                     
2001d101  Fusion_Init                           
20013939  Fusion_Run                            
2001d4e1  GPIODirModeSet                        
2001e2f9  GPIOPinRead                           
2001df3f  GPIOPinWrite                          
200175c1  Get_BatteryPercent                    
2001b34d  Get_BatteryVoltageLevel_ADC081C021    
20017791  Get_FridgeCamID                       
20013a99  HIBernate                             
2000e8a9  HOSTclock                             
2000e871  HOSTclose                             
2000e833  HOSTgetenv                            
2000e7d7  HOSTlseek                             
2000e785  HOSTopen                              
2000e739  HOSTread                              
2000e6db  HOSTrename                            
2000e6a1  HOSTtime                              
2000e669  HOSTunlink                            
2000e61d  HOSTwrite                             
20014659  I2CBufferRead                         
20015011  I2CBufferWrite                        
2001e595  I2CMasterControl                      
2001e61d  I2CMasterDataGet                      
2001e45d  I2CMasterDataPut                      
2001e473  I2CMasterEnable                       
2001da49  I2CMasterErr                          
2001a73d  I2CMasterInitExpClk                   
2001e5a7  I2CMasterIntClearEx                   
2001e021  I2CMasterIntStatusEx                  
2001de73  I2CMasterSlaveAddrSet                 
2001e5b9  I2CMasterTimeoutSet                   
2001c5c1  I2C_IF_Open                           
20018591  I2C_IF_Read                           
200187d1  I2C_IF_Write                          
2001dbcd  InitTerm                              
2001af25  InitialiseParse                       
20019f25  InitializeUserConfigVariables         
200191bd  IntDisable                            
20019265  IntEnable                             
2001dd55  IntHandler_100mSecTimer               
2001e6a9  IntMasterEnable                       
2001c26d  IntPendClear                          
2001c3c9  IntPrioritySet                        
2001df61  IntRegister                           
2001dd79  IntUnregister                         
2001e4f5  IntVTableBaseSet                      
2001d049  IsLightOff                            
2001945d  LED_Blink                             
2001e509  LED_Off                               
2001e51d  LED_On                                
2000de47  LogClient_Close                       
2000de5f  LogClient_ConnectAndPrint             
2000de11  LogClient_ConnectServer               
2000ddf9  LogClient_Init                        
2000dcb5  LogClient_Print                       
2001e6c5  MT9D111Delay                          
2000dfed  MagCal_Run                            
200176a9  Main_Task_withHibernate               
2001dbf5  Message                               
2001e655  NwpMaskInterrupt                      
2001d3c9  NwpPowerOff                           
2001df81  NwpPowerOn                            
2001a7c1  NwpPowerOnPreamble                    
2001dce3  NwpRegisterInterruptHandler           
2001e661  NwpUnMaskInterrupt                    
20013669  OTAServerInfoSet                      
20017a35  OTA_CommitImage                       
2001c159  OTA_Init                              
20010111  OTA_Run                               
2001cf01  OTA_Update                            
2001f2d4  OpcodeTranslateTable                  
2000b877  OtaClient_CloseServer                 
2000b841  OtaClient_ConnectServer               
2000b80f  OtaClient_GetNextUpdate               
2000b7dd  OtaClient_Init                        
2000b707  OtaClient_ResourceMetadata            
2000b543  OtaClient_ResourceNameConvert         
2000b495  OtaClient_UpdateCheck                 
20014da9  PRCMCC3200MCUInit                     
2001e489  PRCMHIBRegRead                        
2001e49f  PRCMHIBRegWrite                       
2001e311  PRCMHibernateEnter                    
2001a38d  PRCMHibernateIntervalSet              
2001b7f1  PRCMHibernateWakeUpGPIOSelect         
2001cae5  PRCMHibernateWakeupSourceDisable      
2001cb2d  PRCMHibernateWakeupSourceEnable       
2001dc1d  PRCMPeripheralClkDisable              
2001d13d  PRCMPeripheralClkEnable               
20019bb1  PRCMPeripheralClockGet                
2001c2c5  PRCMPeripheralReset                   
2001d5b9  PRCMPeripheralStatusGet               
2001e5dd  PRCMSOCReset                          
2001da75  PRCMSysResetCauseGet                  
2001a415  PinConfigSet                          
2001cf89  PinModeSet                            
2001666d  PinMuxConfig                          
2001e245  PinTypeCamera                         
2001d757  PinTypeGPIO                           
2001e165  PinTypeI2C                            
2001e25f  PinTypeUART                           
2001c7a1  RdSensData_Init                       
2001105d  RdSensData_Run                        
20017875  ReadFile_FromFlash                    
2001dfa1  Refresh_mt9d111Firmware               
20019111  Report                                
2001e6cb  ResetISR                              
200396e8  RxIrqCnt                              
2001f470  RxMsgClassLUT                         
UNDEFED   SHT$$INIT_ARRAY$$Base                 
UNDEFED   SHT$$INIT_ARRAY$$Limit                
2001de95  SL_FD_SET                             
2001e5ed  SL_FD_ZERO                            
2001e329  SPICSDisable                          
2001e341  SPICSEnable                           
20019501  SPIConfigSetExpClk                    
2001e359  SPIDisable                            
2001e279  SPIDmaDisable                         
2001e293  SPIDmaEnable                          
2001e371  SPIEnable                             
2001e2ad  SPIFIFODisable                        
2001e2c7  SPIFIFOEnable                         
2001d5ed  SPIFIFOLevelSet                       
2001cb75  SPIIntClear                           
2001c7ed  SPIIntEnable                          
2001deb7  SPIReset                              
2001ded9  SPIWordCountSet                       
20000860  SecurityParams                        
2000a251  SimpleLinkHttpServerCallback          
20013389  SimpleLinkNetAppEventHandler          
200137d1  SimpleLinkSockEventHandler            
2000c84d  SimpleLinkWlanEventHandler            
2001daa1  SoftReset_ImageSensor                 
2001a94d  Standby_ImageSensor                   
2001f6a1  StartResponseLUT                      
2001b859  StartSensorInJpegMode                 
20017955  Start_CameraCapture                   
2001cd69  TimerConfigure                        
2001e03f  TimerDisable                          
2001e05d  TimerEnable                           
2001e5cb  TimerIntClear                         
2001e389  TimerIntEnable                        
2001e07b  TimerIntStatus                        
2001db25  TimerLoadSet                          
2001db4f  TimerPrescaleSet                      
2001d725  Timer_IF_Init                         
2001b2d9  Timer_IF_IntSetup                     
2001e3a1  Timer_IF_InterruptClear               
2001dd9d  Timer_IF_Start                        
2001e5fd  Timer_IF_Stop                         
20000728  Token                                 
2001e099  UARTCharPut                           
2001b105  UARTConfigSetExpClk                   
2001d789  UARTDisable                           
2001ddc1  UARTEnable                            
2001b429  UDMAInit                              
2001cdad  UDMASetupTransfer                     
2001930d  UploadImageToParse                    
20019fb5  UploadSensorDataToParse               
20011761  UserConfigure_Task                    
2000fa71  User_Configure                        
2001e6d1  UtilsDelay                            
2000aeb5  VDeleteSimpleLinkSpawnTask            
2000ae65  VStartSimpleLinkSpawnTask             
2000078c  Value                                 
20018f0d  Verify_ImageSensor                    
2001b17d  Wakeup_ImageSensor                    
2000ebb1  WiFiProvisioning                      
2001dde5  WriteAllAEnAWBRegs                    
20015c41  WriteFile_ToFlash                     
2001db79  _Dclass                               
20000640  _Denorm                               
20018711  _Dnorm                                
20015911  _Dscale                               
2001bbff  _Dunscale                             
20000650  _Eps                                  
20000928  _Errno                                
20017da1  _FAtan                                
200006c0  _FDenorm                              
2001a275  _FDint                                
2001ae31  _FDnorm                               
20017f4d  _FDscale                              
2001c373  _FDunscale                            
200006d0  _FEps                                 
20012f29  _FExp                                 
200006e0  _FInf                                 
200115a5  _FLog                                 
200006f0  _FNan                                 
20000710  _FRteps                               
20011fb9  _FSin                                 
20000700  _FSnan                                
20000720  _FXbig                                
20000724  _FZero                                
20000910  _Fenv                                 
2001d879  _Feraise                              
20000660  _Hugeval                              
20000670  _Inf                                  
20000680  _Nan                                  
2000d017  _OpenStorageFile                      
2000b8b9  _OtaCleanToIdle                       
2000cfc9  _ReadFileHeaders                      
2000b9a7  _ReadStatFile                         
2000cfbd  _RecvFileChunk                        
200006a0  _Rteps                                
2001f4a8  _SlAcceptCmdCtrl                      
2001f34c  _SlActionLookupTable                  
20018c39  _SlAsyncEventGenericHandler           
2001f67e  _SlDeviceGetCmdCtrl                   
2001f682  _SlDeviceSetCmdCtrl                   
2001cbbd  _SlDrvBasicCmd                        
20017cc9  _SlDrvClassifyRxMsg                   
2001a9cd  _SlDrvCmdOp                           
2001b495  _SlDrvCmdSend                         
2001526d  _SlDrvDataReadOp                      
20016061  _SlDrvDataWriteOp                     
2001d7b9  _SlDrvDeviceEventHandler              
20016d45  _SlDrvDriverCBDeinit                  
200130a1  _SlDrvDriverCBInit                    
2001e4b5  _SlDrvMemZero                         
200096e1  _SlDrvMsgRead                         
2001888d  _SlDrvMsgReadCmdCtx                   
200196e1  _SlDrvMsgReadSpawnCtx                 
20010e91  _SlDrvMsgWrite                        
2001656d  _SlDrvNetAppEventHandler              
2001e181  _SlDrvObjLockWaitForever              
2001e3b9  _SlDrvObjUnLock                       
2001c839  _SlDrvProtectAsyncRespSetting         
2001de09  _SlDrvProtectionObjLockWaitForever    
2001dfc1  _SlDrvProtectionObjUnLock             
20010cc1  _SlDrvReleasePoolObj                  
2001e62b  _SlDrvResetCmdExt                     
2000f829  _SlDrvRxHdrRead                       
2001c885  _SlDrvRxIrqHandler                    
2001e3d1  _SlDrvSyncObjSignal                   
2001e19d  _SlDrvSyncObjWaitForever              
2001247d  _SlDrvWaitForPoolObj                  
2001f67a  _SlEventMaskGetCmdCtrl                
2001f676  _SlEventMaskSetCmdCtrl                
200134f9  _SlFindAndSetActiveObj                
2001f3c0  _SlFsCloseCmdCtrl                     
2001f3d0  _SlFsDeleteCmdCtrl                    
2001f3cc  _SlFsGetInfoCmdCtrl                   
2001f3bc  _SlFsOpenCmdCtrl                      
2001f3c4  _SlFsReadCmdCtrl                      
2001f3c8  _SlFsWriteCmdCtrl                     
2001f584  _SlGetHostByNameCtrl                  
2001f580  _SlGetHostByServiceCtrl               
2001f578  _SlGetServiceListeCtrl                
2001f4b4  _SlGetSockOptCmdCtrl                  
2001f4a4  _SlListenCmdCtrl                      
2001f590  _SlNetAppGetCmdCtrl                   
2001f58c  _SlNetAppSendTokenValueCmdCtrl        
2001f588  _SlNetAppSetCmdCtrl                   
2001f570  _SlNetAppStartCtrl                    
2001f574  _SlNetAppStopCtrl                     
2001f6ae  _SlNetCfgGetCmdCtrl                   
2001f6aa  _SlNetCfgSetCmdCtrl                   
2001f686  _SlPayloadByProtocolLUT               
2001f314  _SlPolicyGetCmdCtrl                   
2001f310  _SlPolicySetCmdCtrl                   
2001f31c  _SlProfileDelCmdCtrl                  
2001f318  _SlProfileGetCmdCtrl                  
2001f4ac  _SlRecvCmdCtrl                        
2001f49c  _SlRecvfomCmdCtrl                     
2001f57c  _SlRegisterServiceCtrl                
200184cd  _SlRemoveFromList                     
2001f324  _SlRxFilterAddtCmdCtrl                
2001f32c  _SlRxFilterGetCmdCtrl                 
2001f328  _SlRxFilterSetCmdCtrl                 
2001f4b8  _SlSelectCmdCtrl                      
2001f4a0  _SlSendCmdCtrl                        
2001f4b0  _SlSetSockOptCmdCtrl                  
2001f330  _SlSmartConfigStartCmdCtrl            
2001f498  _SlSockCloseCmdCtrl                   
2001f494  _SlSockSocketCmdCtrl                  
2001f672  _SlStopCmdCtrl                        
2001f33c  _SlWlanCfgGetCmdCtrl                  
2001f338  _SlWlanCfgSetCmdCtrl                  
2001f320  _SlWlanGetNetworkListCtrl             
2001f334  _SlWlanSetModeCmdCtrl                 
20000690  _Snan                                 
20000914  _Tls_setup__Fenv                      
2000b959  _WriteStatFile                        
200006b0  _Xbig                                 
200006b8  _Zero                                 
20038ec0  __CIOBUF_                             
20004000  __STACK_END                           
00001000  __STACK_SIZE                          
00005000  __SYSMEM_SIZE                         
2001fbd8  __TI_CINIT_Base                       
2001fbe8  __TI_CINIT_Limit                      
2001fbc0  __TI_Handler_Table_Base               
2001fbcc  __TI_Handler_Table_Limit              
2001b5d9  __TI_auto_init                        
[...]
2001adbf  memset                                
2001ae31  _FDnorm                               
2001af25  InitialiseParse                       
2001af9d  _sl_HandleAsync_Connect               
2001b015  sl_FsOpen                             
2001b08d  spi_Close                             
2001b105  UARTConfigSetExpClk                   
2001b17d  Wakeup_ImageSensor                    
2001b1f1  sl_Recv                               
2001b2d9  Timer_IF_IntSetup                     
2001b34d  Get_BatteryVoltageLevel_ADC081C021    
2001b3bd  CamControllerInit                     
2001b429  UDMAInit                              
2001b495  _SlDrvCmdSend                         
2001b501  f3x3matrixAeqMinusA                   
2001b56d  parseSendRequestInternal              
2001b5d9  __TI_auto_init                        
2001b64d  fprintf                               
2001b6b1  f3x3matrixAeqAxScalar                 
2001b785  beginHttpGetRequest                   
2001b7f1  PRCMHibernateWakeUpGPIOSelect         
2001b859  StartSensorInJpegMode                 
2001b8c1  _sl_NetAppSendTokenValue              
2001b929  fetchDeviceOSVersion                  
2001b991  __TI_writemsg                         
2001b9bf  C$$IO$$                               
2001b9c3  __TI_readmsg                          
2001b9f9  sl_DevSet                             
2001ba61  sl_NetCfgSet                          
2001bac9  sl_SetSockOpt                         
2001bb31  sl_WlanSet                            
2001bb99  f3x3matrixAeqScalar                   
2001bbff  _Dunscale                             
2001bc65  fseek                                 
2001bcc9  socketWait                            
2001bd2d  softResetTempRHSensor                 
2001bd91  uDMAChannelAttributeDisable           
2001bdf5  uDMAChannelAttributeEnable            
2001be59  __aeabi_cfcmpeq                       
2001be59  __aeabi_cfcmple                       
2001beb9  __aeabi_cfrcmple                      
2001bf19  _sl_HandleAsync_Accept                
2001bf79  fxosDefault_Initializations           
2001bfd9  getMagntData                          
2001c039  sprintf                               
2001c099  sl_WlanPolicySet                      
2001c0f9  standby_accelMagn_fxos8700            
2001c159  OTA_Init                              
2001c1b5  getLightsensor_intrptStatus           
2001c211  sl_Socket                             
2001c26d  IntPendClear                          
2001c2c5  PRCMPeripheralReset                   
2001c31d  ltoa                                  
2001c373  _FDunscale                            
2001c3c9  IntPrioritySet                        
2001c41d  _sl_HandleAsync_Select                
2001c471  fasin_deg                             
2001c4c5  headerSend                            
2001c519  sl_WlanRxFilterSet                    
2001c5c1  I2C_IF_Open                           
2001c611  _sl_HandleAsync_Stop                  
2001c661  disableAE                             
2001c6b1  disableAWB                            
2001c701  __aeabi_f2ulz                         
2001c751  sl_FsDel                              
2001c7a1  RdSensData_Init                       
2001c7ed  SPIIntEnable                          
2001c839  _SlDrvProtectAsyncRespSetting         
2001c885  _SlDrvRxIrqHandler                    
2001c8d1  _sl_BuildAddress                      
2001c91d  atoi                                  
2001c969  atol                                  
2001c9b5  copy_in                               
2001ca01  srand                                 
2001ca17  rand                                  
2001ca4d  uDMAChannelAssign                     
2001ca99  __aeabi_d2f                           
2001cae5  PRCMHibernateWakeupSourceDisable      
2001cb2d  PRCMHibernateWakeupSourceEnable       
2001cb75  SPIIntClear                           
2001cbbd  _SlDrvBasicCmd                        
2001cc05  addHttpRequestLine                    
2001cc4d  fatan_15deg                           
2001cc95  __aeabi_d2iz                          
2001ccdd  ldexp                                 
2001cd69  TimerConfigure                        
2001cdad  UDMASetupTransfer                     
2001ce35  fxos_Calibration                      
2001ce79  C$$EXIT                               
2001ce7d  abort                                 
2001ce85  exit                                  
2001cebd  __aeabi_d2uiz                         
2001cf01  OTA_Update                            
2001cf45  sl_Htonl                              
2001cf89  PinModeSet                            
2001cfc9  getHttpResponseBody                   
2001d009  signal                                
2001d049  IsLightOff                            
2001d087  strncasecmp                           
2001d0c5  CopyPingResultsToReport               
2001d101  Fusion_Init                           
2001d13d  PRCMPeripheralClkEnable               
2001d179  _sl_TruncatePayloadByProtocol         
2001d1b5  _c_int00                              
2001d1f1  sl_Htons                              
2001d22d  start_100mSecTimer                    
2001d269  uDMAChannelControlSet                 
2001d2a5  CameraCaptureStop                     
2001d2df  CameraXClkConfig                      
2001d319  fLPFScalar                            
2001d353  parseSendRequest                      
2001d38d  addHttpRequestHeader                  
2001d3c9  NwpPowerOff                           
2001d401  pvPortMalloc                          
2001d421  vPortFree                             
2001d439  __aeabi_f2d                           
2001d471  __aeabi_f2iz                          
2001d4a9  __aeabi_i2f                           
2001d4e1  GPIODirModeSet                        
2001d517  sl_NetAppMDNSUnRegisterService        
2001d54d  beginHttpRequest                      
2001d583  CameraParamsConfig                    
2001d5b9  PRCMPeripheralStatusGet               
2001d5ed  SPIFIFOLevelSet                       
2001d621  getHttpResponseStatus                 
2001d655  get_angle                             
2001d689  feraiseexcept                         
2001d6bd  __aeabi_f2uiz                         
2001d6f1  strstr                                
2001d725  Timer_IF_Init                         
2001d757  PinTypeGPIO                           
2001d789  UARTDisable                           
2001d7b9  _SlDrvDeviceEventHandler              
2001d7e9  _sl_Strlen                            
2001d819  angleCheck                            
2001d849  strncpy                               
2001d879  _Feraise                              
2001d8a9  sl_Close                              
2001d8d9  sl_WlanProfileDel                     
2001d909  sl_WlanSetMode                        
2001d939  __aeabi_i2d                           
2001d967  raise                                 
2001d995  addHttpRequestHeaderInt               
2001d9c5  ApplyMagHAL                           
2001d9f1  CameraIntEnable                       
2001da1d  DmaSpiSwIntHandler                    
2001da49  I2CMasterErr                          
2001da75  PRCMSysResetCauseGet                  
2001daa1  SoftReset_ImageSensor                 
2001daf9  setDataBufferPointer                  
2001db25  TimerLoadSet                          
2001db4f  TimerPrescaleSet                      
2001db79  _Dclass                               
2001dba5  CameraIntStatus                       
2001dbcd  InitTerm                              
2001dbf5  Message                               
2001dc1d  PRCMPeripheralClkDisable              
2001dc45  strncat                               
2001dc6d  sl_NetAppStart                        
2001dc95  sl_NetAppStop                         
2001dcbd  CameraThresholdSet                    
2001dce3  NwpRegisterInterruptHandler           
2001dd09  strncmp                               
2001dd31  CameraIntClear                        
2001dd55  IntHandler_100mSecTimer               
2001dd79  IntUnregister                         
2001dd9d  Timer_IF_Start                        
2001ddc1  UARTEnable                            
2001dde5  WriteAllAEnAWBRegs                    
2001de09  _SlDrvProtectionObjLockWaitForever    
2001de2d  __aeabi_ui2f                          
2001de51  CameraCaptureStart                    
2001de73  I2CMasterSlaveAddrSet                 
2001de95  SL_FD_SET                             
2001deb7  SPIReset                              
2001ded9  SPIWordCountSet                       
2001defb  frexp                                 
2001df1d  memcmp                                
2001df3f  GPIOPinWrite                          
2001df61  IntRegister                           
2001df81  NwpPowerOn                            
2001dfa1  Refresh_mt9d111Firmware               
2001dfc1  _SlDrvProtectionObjUnLock             
2001dfe1  memchr                                
2001e001  __aeabi_ui2d                          
2001e021  I2CMasterIntStatusEx                  
2001e03f  TimerDisable                          
2001e05d  TimerEnable                           
2001e07b  TimerIntStatus                        
2001e099  UARTCharPut                           
2001e0d5  strcat                                
2001e0f5  ApplyAccelHAL                         
2001e12d  CameraSensorInit                      
2001e149  DmaSwIntHandler                       
2001e165  PinTypeI2C                            
2001e181  _SlDrvObjLockWaitForever              
2001e19d  _SlDrvSyncObjWaitForever              
2001e1b9  memccpy                               
2001e1d5  stop_100mSecTimer                     
2001e1f1  uDMAChannelDisable                    
2001e20d  uDMAChannelEnable                     
2001e229  vApplicationMallocFailedHook          
2001e245  PinTypeCamera                         
2001e25f  PinTypeUART                           
2001e279  SPIDmaDisable                         
2001e293  SPIDmaEnable                          
2001e2ad  SPIFIFODisable                        
2001e2c7  SPIFIFOEnable                         
2001e2e1  CameraReset                           
2001e2f9  GPIOPinRead                           
2001e311  PRCMHibernateEnter                    
2001e329  SPICSDisable                          
2001e341  SPICSEnable                           
2001e359  SPIDisable                            
2001e371  SPIEnable                             
2001e389  TimerIntEnable                        
2001e3a1  Timer_IF_InterruptClear               
2001e3b9  _SlDrvObjUnLock                       
2001e3d1  _SlDrvSyncObjSignal                   
2001e3e9  _sl_GetStartResponseConvert           
2001e401  _args_main                            
2001e419  strcmp                                
2001e431  CameraDMAEnable                       
2001e447  CameraIntRegister                     
2001e45d  I2CMasterDataPut                      
2001e473  I2CMasterEnable                       
2001e489  PRCMHIBRegRead                        
2001e49f  PRCMHIBRegWrite                       
2001e4b5  _SlDrvMemZero                         
2001e4cb  strchr                                
2001e4e1  CPUcpsie                              
2001e4f5  IntVTableBaseSet                      
2001e509  LED_Off                               
2001e51d  LED_On                                
2001e531  _register_unlock                      
2001e537  _register_lock                        
2001e53f  _nop                                  
2001e545  strcpy                                
2001e559  strlen                                
2001e56d  uDMAControlBaseSet                    
2001e581  uDMAIntClear                          
2001e595  I2CMasterControl                      
2001e5a7  I2CMasterIntClearEx                   
2001e5b9  I2CMasterTimeoutSet                   
2001e5cb  TimerIntClear                         
2001e5dd  PRCMSOCReset                          
2001e5ed  SL_FD_ZERO                            
2001e5fd  Timer_IF_Stop                         
2001e60d  socketClose                           
2001e61d  I2CMasterDataGet                      
2001e62b  _SlDrvResetCmdExt                     
2001e639  __TI_decompress_none                  
2001e647  DmaErrorIntHandler                    
2001e655  NwpMaskInterrupt                      
2001e661  NwpUnMaskInterrupt                    
2001e66d  __TI_zero_init                        
2001e679  getInternalClient                     
2001e685  sl_WlanDisconnect                     
2001e691  uDMAEnable                            
2001e69d  uDMAIntStatus                         
2001e6a9  IntMasterEnable                       
2001e6b3  vApplicationStackOverflowHook         
2001e6bd  sensorsTriggerSetup                   
2001e6c5  MT9D111Delay                          
2001e6cb  ResetISR                              
2001e6d1  UtilsDelay                            
2001e6d7  __TI_decompress_rle24                 
2001e6dd  logf                                  
2001e6e3  sinf                                  
2001e6e9  __abort_execution                     
2001e6ed  _system_pre_init                      
2001e82c  _ctypes_                              
2001f2d4  OpcodeTranslateTable                  
2001f310  _SlPolicySetCmdCtrl                   
2001f314  _SlPolicyGetCmdCtrl                   
2001f318  _SlProfileGetCmdCtrl                  
2001f31c  _SlProfileDelCmdCtrl                  
2001f320  _SlWlanGetNetworkListCtrl             
2001f324  _SlRxFilterAddtCmdCtrl                
2001f328  _SlRxFilterSetCmdCtrl                 
2001f32c  _SlRxFilterGetCmdCtrl                 
2001f330  _SlSmartConfigStartCmdCtrl            
2001f334  _SlWlanSetModeCmdCtrl                 
2001f338  _SlWlanCfgSetCmdCtrl                  
2001f33c  _SlWlanCfgGetCmdCtrl                  
2001f34c  _SlActionLookupTable                  
2001f3bc  _SlFsOpenCmdCtrl                      
2001f3c0  _SlFsCloseCmdCtrl                     
2001f3c4  _SlFsReadCmdCtrl                      
2001f3c8  _SlFsWriteCmdCtrl                     
2001f3cc  _SlFsGetInfoCmdCtrl                   
2001f3d0  _SlFsDeleteCmdCtrl                    
2001f460  g_H2NSyncPattern                      
2001f468  g_H2NCnysPattern                      
2001f470  RxMsgClassLUT                         
2001f494  _SlSockSocketCmdCtrl                  
2001f498  _SlSockCloseCmdCtrl                   
2001f49c  _SlRecvfomCmdCtrl                     
2001f4a0  _SlSendCmdCtrl                        
2001f4a4  _SlListenCmdCtrl                      
2001f4a8  _SlAcceptCmdCtrl                      
2001f4ac  _SlRecvCmdCtrl                        
2001f4b0  _SlSetSockOptCmdCtrl                  
2001f4b4  _SlGetSockOptCmdCtrl                  
2001f4b8  _SlSelectCmdCtrl                      
2001f570  _SlNetAppStartCtrl                    
2001f574  _SlNetAppStopCtrl                     
2001f578  _SlGetServiceListeCtrl                
2001f57c  _SlRegisterServiceCtrl                
2001f580  _SlGetHostByServiceCtrl               
2001f584  _SlGetHostByNameCtrl                  
2001f588  _SlNetAppSetCmdCtrl                   
2001f58c  _SlNetAppSendTokenValueCmdCtrl        
2001f590  _SlNetAppGetCmdCtrl                   
2001f630  g_deviceClientVersion                 
2001f672  _SlStopCmdCtrl                        
2001f676  _SlEventMaskSetCmdCtrl                
2001f67a  _SlEventMaskGetCmdCtrl                
2001f67e  _SlDeviceGetCmdCtrl                   
2001f682  _SlDeviceSetCmdCtrl                   
2001f686  _SlPayloadByProtocolLUT               
2001f696  pcDigits                              
2001f6a1  StartResponseLUT                      
2001f6aa  _SlNetCfgSetCmdCtrl                   
2001f6ae  _SlNetCfgGetCmdCtrl                   
2001f6b8  __TI_static_base__                    
2001fbc0  __TI_Handler_Table_Base               
2001fbcc  __TI_Handler_Table_Limit              
2001fbd8  __TI_CINIT_Base                       
2001fbe8  __TI_CINIT_Limit                      
20022400  g_image_buffer                        
20036400  thisMagBuffer                         
200374f8  g_OtaCheckUpdateResponse              
20037944  thisMagCal                            
20037f9c  thisMag                               
20037ff4  g_SecParams                           
20038000  gpCtlTbl                              
20038400  g_OtaFileMetadata                     
200387d8  g_NetEntries                          
20038d48  g_StatMem                             
20038ec0  __CIOBUF_                             
20038fe0  gfpAppCallbackHndl                    
200391a8  thisSV_6DOF_GB_BASIC                  
20039254  __TI_tmpnams                          
200392f4  g_CdnClient                           
20039368  g_ucDinDout                           
200393b8  xQueueRegistry                        
20039408  g_OtaApp                              
20039454  g_OtaApp_statistics                   
200394a0  clientStateFileName                   
200394d4  g_cWlanSecurityKey                    
20039508  thisAccel                             
2003953c  g_OtaClient                           
20039560  g_cWlanSSID                           
20039584  g_ucConnectionSSID                    
200395c4  g_FlcSflashCb                         
200395d8  g_flag_blockFull                      
20039650  ang_buf                               
20039660  globals                               
20039670  mqxglobals                            
20039680  g_LogClient                           
20039688  g_ucConnectionBSSID                   
200396a0  DMAMsgQ                               
200396a4  Elapsed_100MilliSecs                  
200396ac  angle_avg                             
200396b0  dataBuffer                            
200396b4  g_block_lastFilled                    
200396b8  g_cDummy                              
200396bc  g_cWlanSecurityType                   
200396c0  g_frame_size_in_bytes                 
200396c4  g_position_in_block                   
200396c8  g_readHeader                          
200396d0  g_ulAppStatus                         
200396d4  gdoor_40deg_angle                     
200396d8  gdoor_90deg_angle                     
200396e8  RxIrqCnt                              
200396e9  avg_buffer_cnt                        
200396ea  checkForLight_Flag                    
200396ec  g_flag_DataBlockFilled                
200396ed  g_flag_door_closing_45degree          
200396ee  g_frame_end                           
200396ef  g_ucAngle40                           
200396f0  g_ucAngle90                           
200396f1  g_ucCalibration                       
200396f2  g_ucConfig                            
200396f3  g_ucExitButton                        
200396f4  g_ucMagCalb                           
200396f5  g_ucProfileAdded                      
200396f6  g_ucPushButtonPressedTwice            
200396f7  iDone                                 
200396f8  isitfirsttime                         
200396f9  print_count                           
200396fa  valid_case                            
20039700  _sys_memory                           
ffffffff  __binit__                             
ffffffff  __c_args__                            
ffffffff  binit                                 
UNDEFED   SHT$$INIT_ARRAY$$Base                 
UNDEFED   SHT$$INIT_ARRAY$$Limit                

[865 symbols]
