******************************************************************************
                  TI ARM Linker PC v5.1.6                      
******************************************************************************
>> Linked Wed May 06 12:42:47 2015

OUTPUT FILE NAME:   <ULP_SEC_CAM.out>
ENTRY POINT SYMBOL: "_c_int00"  address: 200110b5


MEMORY CONFIGURATION

         name            origin    length      used     unused   attr    fill
----------------------  --------  ---------  --------  --------  ----  --------
  SRAM_BOOTLDR          20000000   00004000  00002158  00001ea8  RW X
  SRAM_CODE             20004000   00014000  0000f26f  00004d91  RW X
  SRAM_DATA             20018000   00024000  00018721  0000b8df  RW X


SEGMENT ALLOCATION MAP

run origin  load origin   length   init length attrs members
----------  ----------- ---------- ----------- ----- -------
20000000    20000000    00001158   00000000    rw-
  20000000    20000000    00001158   00000000    rw- .data
20003000    20003000    00001000   00000000    rw-
  20003000    20003000    00001000   00000000    rw- .stack
20004000    20004000    0000f278   0000f278    r-x
  20004000    20004000    00000400   00000400    r-- .intvecs
  20004400    20004400    0000d8f2   0000d8f2    r-x .text
  20011cf4    20011cf4    00000aa5   00000aa5    r-- .const
  200127a0    200127a0    00000ad8   00000ad8    r-- .cinit
20018000    20018000    00018728   00000000    rw-
  20018000    20018000    00014721   00000000    rw- .bss
  2002c728    2002c728    00004000   00000000    rw- .sysmem


SECTION ALLOCATION MAP

 output                                  attributes/
section   page    origin      length       input sections
--------  ----  ----------  ----------   ----------------
.init_array 
*          0    20004000    00000000     UNINITIALIZED

.data      0    20000000    00001158     UNINITIALIZED
                  20000000    00000600     camera_app.obj (.data:JPEG_StdHuffmanTbl)
                  20000600    00000400     camera_app.obj (.data:g_header)
                  20000a00    000003c9     cc3200_certificate.obj (.data:DigiCertHighAssuranceEVRootCA_der)
                  20000dc9    00000003     --HOLE--
                  20000dcc    00000184     simplelink.a : driver.obj (.data)
                  20000f50    00000064                  : cc_pal.obj (.data)
                  20000fb4    00000040     camera_app.obj (.data:JPEG_StdQuantTblC)
                  20000ff4    00000040     camera_app.obj (.data:JPEG_StdQuantTblY)
                  20001034    00000040     camera_app.obj (.data:zigzag)
                  20001074    00000034     free_rtos.a : tasks.obj (.data)
                  200010a8    0000002c     cc3200_utils.obj (.data:lastDateTime)
                  200010d4    00000018     cc3200_utils.obj (.data)
                  200010ec    00000018     request.obj (.data)
                  20001104    0000000c     free_rtos.a : osi_freertos.obj (.data)
                  20001110    0000000c     network_relater_fns.obj (.data)
                  2000111c    0000000c     rtsv7M4_T_le_eabi.lib : memory.obj (.data)
                  20001128    00000008     camera_app.obj (.data)
                  20001130    00000008     rtsv7M4_T_le_eabi.lib : _lock.obj (.data)
                  20001138    00000008                           : exit.obj (.data)
                  20001140    00000006     http.obj (.data)
                  20001146    00000002     --HOLE--
                  20001148    00000004     cc3200_certificate.obj (.data)
                  2000114c    00000004     free_rtos.a : port.obj (.data)
                  20001150    00000004     rtsv7M4_T_le_eabi.lib : rand.obj (.data)
                  20001154    00000004                           : stkdepth_vars.obj (.data)

.stack     0    20003000    00001000     UNINITIALIZED
                  20003000    00001000     --HOLE--

.intvecs   0    20004000    00000400     
                  20004000    00000400     startup_ccs.obj (.intvecs)

.text      0    20004400    0000d8f2     
                  20004400    00001258     free_rtos.a : tasks.obj (.text)
                  20005658    00000ec0     rtsv7M4_T_le_eabi.lib : _printfi.obj (.text)
                  20006518    00000c7c     camera_app.obj (.text)
                  20007194    00000c28     network_relater_fns.obj (.text)
                  20007dbc    00000b24     free_rtos.a : queue.obj (.text)
                  200088e0    0000093c     request.obj (.text)
                  2000921c    00000840     mt9d111.obj (.text)
                  20009a5c    000005de     cc3200_utils.obj (.text)
                  2000a03a    00000002     driverlib.a : interrupt.obj (.text:IntDefaultHandler)
                  2000a03c    000004b0     installation.obj (.text)
                  2000a4ec    0000045c     free_rtos.a : osi_freertos.obj (.text)
                  2000a948    000003cc     rtsv7M4_T_le_eabi.lib : memory.obj (.text)
                  2000ad14    000003a6     simplelink.a : driver.obj (.text:_SlDrvMsgRead)
                  2000b0ba    00000002     --HOLE-- [fill = 0]
                  2000b0bc    0000034c                  : driver.obj (.text:_SlAsyncEventGenericHandler)
                  2000b408    00000344     main.obj (.text)
                  2000b74c    0000031c     cc3200_socket.obj (.text)
                  2000ba68    00000314     simplejson.obj (.text)
                  2000bd7c    000002d4     parse_uploads.obj (.text)
                  2000c050    00000290     cc3200_client_state.obj (.text)
                  2000c2e0    000001f4     rtsv7M4_T_le_eabi.lib : ull_div_t2.obj (.text)
                  2000c4d4    000001b8     uartA1_if.obj (.text)
                  2000c68c    000001b6     rtsv7M4_T_le_eabi.lib : fd_add_t2.obj (.text)
                  2000c842    00000002     --HOLE-- [fill = 0]
                  2000c844    000001ac     cc3200_certificate.obj (.text)
                  2000c9f0    0000019c     simplelink.a : wlan.obj (.text:sl_WlanConnect)
                  2000cb8c    00000194     udma_if.obj (.text)
                  2000cd20    0000018c     i2c_if.obj (.text)
                  2000ceac    00000170     i2cconfig.obj (.text)
                  2000d01c    00000164     simplelink.a : driver.obj (.text:_SlDrvDataReadOp)
                  2000d180    00000154     http.obj (.text)
                  2000d2d4    00000140     simplelink.a : driver.obj (.text:_SlDrvRxHdrRead)
                  2000d414    00000136     rtsv7M4_T_le_eabi.lib : fd_div_t2.obj (.text)
                  2000d54a    00000002     --HOLE-- [fill = 0]
                  2000d54c    00000134     driverlib.a : prcm.obj (.text:PRCMCC3200MCUInit)
                  2000d680    00000130     simplelink.a : cc_pal.obj (.text:spi_Open)
                  2000d7b0    0000012c                  : driver.obj (.text:_SlDrvDataWriteOp)
                  2000d8dc    0000012a     free_rtos.a : list.obj (.text)
                  2000da06    00000002     --HOLE-- [fill = 0]
                  2000da08    00000114     simplelink.a : driver.obj (.text:_SlDrvMsgWrite)
                  2000db1c    00000110     free_rtos.a : port.obj (.text)
                  2000dc2c    0000010c     simplelink.a : driver.obj (.text:_SlDrvWaitForPoolObj)
                  2000dd38    00000108                  : socket.obj (.text:sl_Select)
                  2000de40    00000104                  : driver.obj (.text:_SlDrvReleasePoolObj)
                  2000df44    000000fe     parse_impl.obj (.text)
                  2000e042    000000fc     rtsv7M4_T_le_eabi.lib : fd_mul_t2.obj (.text)
                  2000e13e    00000002     --HOLE-- [fill = 0]
                  2000e140    000000f0     driverlib.a : udma.obj (.text:uDMAChannelTransferSet)
                  2000e230    000000e8     simplelink.a : socket.obj (.text:sl_Connect)
                  2000e318    000000e8                  : cc_pal.obj (.text:spi_Write)
                  2000e400    000000d8     collect_and_txit.obj (.text)
                  2000e4d8    000000d8     simplelink.a : netapp.obj (.text:sl_NetAppDnsGetHostByName)
                  2000e5b0    000000d8     timer_fns.obj (.text)
                  2000e688    000000cc     simplelink.a : cc_pal.obj (.text:spi_Read)
                  2000e754    000000c4                  : device.obj (.text:sl_Stop)
                  2000e818    000000c0                  : device.obj (.text:sl_Start)
                  2000e8d8    000000ba     free_rtos.a : portasm.obj (.text)
                  2000e992    00000002     --HOLE-- [fill = 0]
                  2000e994    000000b4     simplelink.a : driver.obj (.text:_SlDrvMsgReadCmdCtx)
                  2000ea48    000000b2                  : netapp.obj (.text:_SlDrvNetAppEventHandler)
                  2000eafa    000000b2     pinmux.obj (.text)
                  2000ebac    000000b0     simplelink.a : socket.obj (.text:sl_Send)
                  2000ec5c    000000a8     driverlib.a : interrupt.obj (.text:IntDisable)
                  2000ed04    000000a8                 : interrupt.obj (.text:IntEnable)
                  2000edac    000000a8     timer_if.obj (.text)
                  2000ee54    000000a0     driverlib.a : spi.obj (.text:SPIConfigSetExpClk)
                  2000eef4    0000009c     rtsv7M4_T_le_eabi.lib : memcpy_t2.obj (.text)
                  2000ef90    00000098     simplelink.a : driver.obj (.text:_SlFindAndSetActiveObj)
                  2000f028    00000098     rtsv7M4_T_le_eabi.lib : snprintf.obj (.text)
                  2000f0c0    00000094     driverlib.a : prcm.obj (.text:PRCMPeripheralClockGet)
                  2000f154    00000094     simplelink.a : driver.obj (.text:_SlDrvClassifyRxMsg)
                  2000f1e8    00000094     rtsv7M4_T_le_eabi.lib : auto_init.obj (.text)
                  2000f27c    00000090     simplelink.a : driver.obj (.text:_SlDrvMsgReadSpawnCtx)
                  2000f30c    0000008c                  : fs.obj (.text:sl_FsRead)
                  2000f398    0000008c                  : fs.obj (.text:sl_FsWrite)
                  2000f424    00000088     driverlib.a : pin.obj (.text:PinConfigSet)
                  2000f4ac    00000088     rtsv7M4_T_le_eabi.lib : vsnprintf.obj (.text)
                  2000f534    00000088     simplelink.a : netapp.obj (.text:sl_NetAppMDNSRegisterUnregisterService)
                  2000f5bc    00000086     rtsv7M4_T_le_eabi.lib : fd_cmp_t2.obj (.text:__aeabi_cdcmple)
                  2000f642    00000086                           : fd_cmp_t2.obj (.text:__aeabi_cdrcmple)
                  2000f6c8    00000084     driverlib.a : i2c.obj (.text:I2CMasterInitExpClk)
                  2000f74c    00000084     simplelink.a : driver.obj (.text:_SlDrvCmdOp)
                  2000f7d0    00000080                  : cc_pal.obj (.text:NwpPowerOnPreamble)
                  2000f850    00000080     cc3200_debug.obj (.text)
                  2000f8d0    0000007c     simplelink.a : driver.obj (.text:_SlDrvDriverCBInit)
                  2000f94c    0000007c                  : netapp.obj (.text:_sl_HandleAsync_DnsGetHostByName)
                  2000f9c8    0000007c                  : device.obj (.text:sl_DevGet)
                  2000fa44    0000007c                  : fs.obj (.text:sl_FsClose)
                  2000fac0    0000007a     rtsv7M4_T_le_eabi.lib : fs_mul_t2.obj (.text)
                  2000fb3a    00000002     --HOLE-- [fill = 0]
                  2000fb3c    00000078     simplelink.a : cc_pal.obj (.text:SetupDMAReceive)
                  2000fbb4    00000078     rtsv7M4_T_le_eabi.lib : memset_t2.obj (.text)
                  2000fc2c    00000076     driverlib.a : uart.obj (.text:UARTConfigSetExpClk)
                  2000fca2    00000002     --HOLE-- [fill = 0]
                  2000fca4    00000074     simplelink.a : device.obj (.text:_sl_HandleAsync_InitComplete)
                  2000fd18    00000074                  : wlan.obj (.text:sl_WlanGet)
                  2000fd8c    00000074                  : cc_pal.obj (.text:spi_Close)
                  2000fe00    00000070     driverlib.a : timer.obj (.text:TimerIntRegister)
                  2000fe70    00000070     simplelink.a : netapp.obj (.text:_sl_HandleAsync_PingResponse)
                  2000fee0    0000006e                  : socket.obj (.text:_sl_TruncatePayloadByProtocol)
                  2000ff4e    00000002     --HOLE-- [fill = 0]
                  2000ff50    00000068     driverlib.a : timer.obj (.text:TimerIntUnregister)
                  2000ffb8    00000068     simplelink.a : socket.obj (.text:_sl_HandleAsync_Connect)
                  20010020    00000068                  : netapp.obj (.text:_sl_HandleAsync_DnsGetHostByService)
                  20010088    00000068                  : fs.obj (.text:sl_FsGetInfo)
                  200100f0    00000064                  : fs.obj (.text:_sl_GetCreateFsMode)
                  20010154    00000064                  : socket.obj (.text:_sl_HandleAsync_Accept)
                  200101b8    00000064     driverlib.a : udma.obj (.text:uDMAChannelAttributeDisable)
                  2001021c    00000064                 : udma.obj (.text:uDMAChannelAttributeEnable)
                  20010280    00000060     rtsv7M4_T_le_eabi.lib : sprintf.obj (.text)
                  200102e0    0000005e                           : copy_decompress_rle.obj (.text)
                  2001033e    0000005a                           : ltoa.obj (.text)
                  20010398    00000058     driverlib.a : interrupt.obj (.text:IntPendClear)
                  200103f0    00000058                 : prcm.obj (.text:PRCMPeripheralReset)
                  20010448    00000058     simplelink.a : driver.obj (.text:_SlDrvDriverCBDeinit)
                  200104a0    00000058                  : socket.obj (.text:_sl_HandleAsync_Select)
                  200104f8    00000054     driverlib.a : interrupt.obj (.text:IntPrioritySet)
                  2001054c    00000054     simplelink.a : device.obj (.text:_sl_HandleAsync_Stop)
                  200105a0    00000054                  : fs.obj (.text:sl_FsOpen)
                  200105f4    00000054                  : netapp.obj (.text:sl_NetAppSendTokenValue)
                  20010648    00000050     app_common.obj (.text)
                  20010698    0000004c     driverlib.a : spi.obj (.text:SPIIntEnable)
                  200106e4    0000004c     rtsv7M4_T_le_eabi.lib : atoi.obj (.text)
                  20010730    0000004c                           : rand.obj (.text)
                  2001077c    0000004c     simplelink.a : socket.obj (.text:sl_SetSockOpt)
                  200107c8    0000004c     driverlib.a : udma.obj (.text:uDMAChannelAssign)
                  20010814    0000004a     simplelink.a : device.obj (.text:_sl_GetStartResponseConvert)
                  2001085e    0000004a     rtsv7M4_T_le_eabi.lib : fd_tos_t2.obj (.text)
                  200108a8    00000048     driverlib.a : spi.obj (.text:SPIIntClear)
                  200108f0    00000048     rtsv7M4_T_le_eabi.lib : fd_toi_t2.obj (.text)
                  20010938    00000048     simplelink.a : device.obj (.text:sl_DevSet)
                  20010980    00000048                  : fs.obj (.text:sl_FsDel)
                  200109c8    00000048                  : wlan.obj (.text:sl_WlanSet)
                  20010a10    00000044     driverlib.a : spi.obj (.text:SPIDmaMaskGet)
                  20010a54    00000044                 : timer.obj (.text:TimerConfigure)
                  20010a98    00000044     rtsv7M4_T_le_eabi.lib : cpy_tbl.obj (.text)
                  20010adc    00000044                           : exit.obj (.text)
                  20010b20    00000044                           : xdtest.obj (.text)
                  20010b64    00000044     simplelink.a : netcfg.obj (.text:sl_NetCfgSet)
                  20010ba8    00000044                  : socket.obj (.text:sl_Recv)
                  20010bec    00000040     driverlib.a : pin.obj (.text:PinModeSet)
                  20010c2c    00000040     simplelink.a : driver.obj (.text:_SlDrvRxIrqHandler)
                  20010c6c    00000040                  : driver.obj (.text:_SlRemoveFromList)
                  20010cac    00000040                  : wlan.obj (.text:sl_WlanPolicySet)
                  20010cec    00000040                  : wlan.obj (.text:sl_WlanRxFilterSet)
                  20010d2c    0000003c                  : cc_pal.obj (.text:NwpPowerOff)
                  20010d68    0000003c     driverlib.a : prcm.obj (.text:PRCMPeripheralClkEnable)
                  20010da4    0000003c     simplelink.a : driver.obj (.text:_SlDrvObjInit)
                  20010de0    0000003c     rtsv7M4_T_le_eabi.lib : strncasecmp.obj (.text)
                  20010e1c    0000003c     driverlib.a : udma.obj (.text:uDMAChannelControlSet)
                  20010e58    0000003a                 : camera.obj (.text:CameraCaptureStop)
                  20010e92    0000003a                 : camera.obj (.text:CameraXClkConfig)
                  20010ecc    00000038     free_rtos.a : heap_3.obj (.text)
                  20010f04    00000038     rtsv7M4_T_le_eabi.lib : fs_tod_t2.obj (.text)
                  20010f3c    00000038                           : fs_toi_t2.obj (.text)
                  20010f74    00000038     simplelink.a : socket.obj (.text:sl_Htonl)
                  20010fac    00000036     driverlib.a : gpio.obj (.text:GPIODirModeSet)
                  20010fe2    00000034                 : camera.obj (.text:CameraParamsConfig)
                  20011016    00000002     --HOLE-- [fill = 0]
                  20011018    00000034                 : prcm.obj (.text:PRCMPeripheralStatusGet)
                  2001104c    00000034                 : spi.obj (.text:SPIFIFOLevelSet)
                  20011080    00000034     simplelink.a : driver.obj (.text:_SlDrvBasicCmd)
                  200110b4    00000034     rtsv7M4_T_le_eabi.lib : boot.obj (.text)
                  200110e8    00000034                           : fs_tou_t2.obj (.text)
                  2001111c    00000034                           : strstr.obj (.text)
                  20011150    00000034     simplelink.a : socket.obj (.text:sl_Htons)
                  20011184    00000030                  : cc_pal.obj (.text:NwpPowerOn)
                  200111b4    00000030     driverlib.a : pin.obj (.text:PinTypeGPIO)
                  200111e4    00000030                 : uart.obj (.text:UARTDisable)
                  20011214    00000030     rtsv7M4_T_le_eabi.lib : strncpy.obj (.text)
                  20011244    00000030     simplelink.a : socket.obj (.text:sl_Socket)
                  20011274    0000002e     rtsv7M4_T_le_eabi.lib : i_tofd_t2.obj (.text)
                  200112a2    00000002     --HOLE-- [fill = 0]
                  200112a4    0000002c     driverlib.a : camera.obj (.text:CameraIntEnable)
                  200112d0    0000002c     simplelink.a : cc_pal.obj (.text:DmaSpiSwIntHandler)
                  200112fc    0000002c     driverlib.a : i2c.obj (.text:I2CMasterErr)
                  20011328    0000002c                 : prcm.obj (.text:PRCMSysResetCauseGet)
                  20011354    0000002c     simplelink.a : flowcont.obj (.text:_SlDrvFlowContDeinit)
                  20011380    0000002c                  : flowcont.obj (.text:_SlDrvFlowContInit)
                  200113ac    0000002a     driverlib.a : timer.obj (.text:TimerLoadSet)
                  200113d6    0000002a                 : timer.obj (.text:TimerPrescaleSet)
                  20011400    00000028                 : camera.obj (.text:CameraIntStatus)
                  20011428    00000028                 : prcm.obj (.text:PRCMPeripheralClkDisable)
                  20011450    00000028     simplelink.a : socket.obj (.text:_sl_BuildAddress)
                  20011478    00000028     rtsv7M4_T_le_eabi.lib : strncat.obj (.text)
                  200114a0    00000028     simplelink.a : wlan.obj (.text:sl_WlanSetMode)
                  200114c8    00000026     driverlib.a : camera.obj (.text:CameraThresholdSet)
                  200114ee    00000026     rtsv7M4_T_le_eabi.lib : strncmp.obj (.text)
                  20011514    00000024     driverlib.a : camera.obj (.text:CameraIntClear)
                  20011538    00000024                 : interrupt.obj (.text:IntUnregister)
                  2001155c    00000024                 : uart.obj (.text:UARTEnable)
                  20011580    00000024     rtsv7M4_T_le_eabi.lib : memmov.obj (.text)
                  200115a4    00000024                           : u_tofs_t2.obj (.text)
                  200115c8    00000024     simplelink.a : socket.obj (.text:sl_Close)
                  200115ec    00000024                  : netapp.obj (.text:sl_NetAppStart)
                  20011610    00000024                  : netapp.obj (.text:sl_NetAppStop)
                  20011634    00000024                  : wlan.obj (.text:sl_WlanProfileDel)
                  20011658    00000022     driverlib.a : camera.obj (.text:CameraCaptureStart)
                  2001167a    00000022                 : i2c.obj (.text:I2CMasterSlaveAddrSet)
                  2001169c    00000022     simplelink.a : cc_pal.obj (.text:NwpRegisterInterruptHandler)
                  200116be    00000022     driverlib.a : spi.obj (.text:SPIReset)
                  200116e0    00000022                 : spi.obj (.text:SPIWordCountSet)
                  20011702    00000022     rtsv7M4_T_le_eabi.lib : memcmp.obj (.text)
                  20011724    00000020     driverlib.a : interrupt.obj (.text:IntRegister)
                  20011744    00000020     simplelink.a : driver.obj (.text:_SlDrvCmdSend)
                  20011764    00000020     rtsv7M4_T_le_eabi.lib : u_tofd_t2.obj (.text)
                  20011784    0000001e     driverlib.a : i2c.obj (.text:I2CMasterIntStatusEx)
                  200117a2    0000001e                 : timer.obj (.text:TimerDisable)
                  200117c0    0000001e                 : timer.obj (.text:TimerEnable)
                  200117de    0000001e                 : timer.obj (.text:TimerIntStatus)
                  200117fc    0000001e                 : uart.obj (.text:UARTCharPut)
                  2001181a    0000001c                 : pin.obj (.text:PinTypeI2C)
                  20011836    0000001c                 : timer.obj (.text:TimerValueGet)
                  20011852    00000002     --HOLE-- [fill = 0]
                  20011854    0000001c     simplelink.a : driver.obj (.text:_SlDrvObjDeInit)
                  20011870    0000001c     rtsv7M4_T_le_eabi.lib : memccpy.obj (.text)
                  2001188c    0000001c     driverlib.a : udma.obj (.text:uDMAChannelDisable)
                  200118a8    0000001c                 : udma.obj (.text:uDMAChannelEnable)
                  200118c4    0000001a     simplelink.a : netapp.obj (.text:CopyPingResultsToReport)
                  200118de    0000001a     driverlib.a : pin.obj (.text:PinTypeCamera)
                  200118f8    0000001a                 : pin.obj (.text:PinTypeUART)
                  20011912    0000001a                 : spi.obj (.text:SPIDmaDisable)
                  2001192c    0000001a                 : spi.obj (.text:SPIDmaEnable)
                  20011946    0000001a                 : spi.obj (.text:SPIFIFODisable)
                  20011960    0000001a                 : spi.obj (.text:SPIFIFOEnable)
                  2001197a    0000001a     simplelink.a : device.obj (.text:_SlDrvDeviceEventHandler)
                  20011994    00000018     driverlib.a : camera.obj (.text:CameraReset)
                  200119ac    00000018                 : spi.obj (.text:SPICSDisable)
                  200119c4    00000018                 : spi.obj (.text:SPICSEnable)
                  200119dc    00000018                 : spi.obj (.text:SPIDisable)
                  200119f4    00000018                 : spi.obj (.text:SPIEnable)
                  20011a0c    00000018                 : timer.obj (.text:TimerIntDisable)
                  20011a24    00000018                 : timer.obj (.text:TimerIntEnable)
                  20011a3c    00000018     rtsv7M4_T_le_eabi.lib : args_main.obj (.text)
                  20011a54    00000018                           : ll_mul_t2.obj (.text)
                  20011a6c    00000016     driverlib.a : camera.obj (.text:CameraDMAEnable)
                  20011a82    00000016                 : camera.obj (.text:CameraIntRegister)
                  20011a98    00000016                 : i2c.obj (.text:I2CMasterDataPut)
                  20011aae    00000016                 : i2c.obj (.text:I2CMasterEnable)
                  20011ac4    00000016                 : prcm.obj (.text:PRCMHIBRegRead)
                  20011ada    00000016                 : prcm.obj (.text:PRCMHIBRegWrite)
                  20011af0    00000016                 : uart.obj (.text:UARTCharGet)
                  20011b06    00000016     simplelink.a : fs.obj (.text:_sl_Strlen)
                  20011b1c    00000016     driverlib.a : udma.obj (.text:uDMAIntRegister)
                  20011b32    00000014                 : cpu.obj (.text:CPUcpsie)
                  20011b46    00000002     --HOLE-- [fill = 0]
                  20011b48    00000014                 : interrupt.obj (.text:IntVTableBaseSet)
                  20011b5c    00000014     simplelink.a : driver.obj (.text:_SlDrvShiftDWord)
                  20011b70    00000014     rtsv7M4_T_le_eabi.lib : _lock.obj (.text)
                  20011b84    00000014                           : strlen.obj (.text)
                  20011b98    00000014     driverlib.a : udma.obj (.text:uDMAControlBaseSet)
                  20011bac    00000014                 : udma.obj (.text:uDMAIntClear)
                  20011bc0    00000012                 : i2c.obj (.text:I2CMasterControl)
                  20011bd2    00000012                 : i2c.obj (.text:I2CMasterIntClearEx)
                  20011be4    00000012                 : i2c.obj (.text:I2CMasterTimeoutSet)
                  20011bf6    00000012                 : timer.obj (.text:TimerIntClear)
                  20011c08    00000012     rtsv7M4_T_le_eabi.lib : copy_zero_init.obj (.text:decompress:ZI)
                  20011c1a    00000012     simplelink.a : netapp.obj (.text:sl_NetAppMDNSUnRegisterService)
                  20011c2c    00000012     driverlib.a : udma.obj (.text:uDMAIntUnregister)
                  20011c3e    00000002     --HOLE-- [fill = 0]
                  20011c40    00000010     simplelink.a : cc_pal.obj (.text:NwpMaskInterrupt)
                  20011c50    00000010                  : socket.obj (.text:SL_FD_SET)
                  20011c60    0000000e     driverlib.a : i2c.obj (.text:I2CMasterDataGet)
                  20011c6e    0000000e     rtsv7M4_T_le_eabi.lib : copy_decompress_none.obj (.text:decompress:none)
                  20011c7c    0000000e                           : xdclass.obj (.text)
                  20011c8a    0000000e     startup_ccs.obj (.text)
                  20011c98    0000000c     simplelink.a : cc_pal.obj (.text:NwpUnMaskInterrupt)
                  20011ca4    0000000c     driverlib.a : udma.obj (.text:uDMADisable)
                  20011cb0    0000000c                 : udma.obj (.text:uDMAEnable)
                  20011cbc    0000000c                 : udma.obj (.text:uDMAIntStatus)
                  20011cc8    0000000a                 : interrupt.obj (.text:IntMasterEnable)
                  20011cd2    00000008     simplelink.a : wlan.obj (.text:sl_WlanDisconnect)
                  20011cda    00000006     i2cconfig.obj (.text:MT9D111Delay)
                  20011ce0    00000006     simplelink.a : socket.obj (.text:SL_FD_ZERO)
                  20011ce6    00000006     driverlib.a : utils.obj (.text:UtilsDelay)
                  20011cec    00000006     rtsv7M4_T_le_eabi.lib : copy_decompress_rle.obj (.text:decompress:rle24)

.const     0    20011cf4    00000aa5     
                  20011cf4    0000013c     mt9d111.obj (.const:init_cmds_list)
                  20011e30    00000102     rtsv7M4_T_le_eabi.lib : ctype.obj (.const:.string:_ctypes_)
                  20011f32    00000002     --HOLE-- [fill = 0]
                  20011f34    00000100     driverlib.a : pin.obj (.const:g_ulPinToPadMap)
                  20012034    000000ec     simplelink.a : wlan.obj (.const)
                  20012120    000000d4     driverlib.a : interrupt.obj (.const:g_pulRegs)
                  200121f4    000000b4     mt9d111.obj (.const:capture_cmds_list)
                  200122a8    000000b4     mt9d111.obj (.const)
                  2001235c    000000a8     driverlib.a : prcm.obj (.const:PRCM_PeriphRegsList)
                  20012404    00000080                 : interrupt.obj (.const)
                  20012484    00000051     network_relater_fns.obj (.const:.string)
                  200124d5    00000001     --HOLE-- [fill = 0]
                  200124d6    0000004c     mt9d111.obj (.const:$P$T3$4)
                  20012522    00000002     --HOLE-- [fill = 0]
                  20012524    0000004c     simplelink.a : driver.obj (.const)
                  20012570    00000042     mt9d111.obj (.const:.string)
                  200125b2    00000002     --HOLE-- [fill = 0]
                  200125b4    00000038     simplelink.a : fs.obj (.const)
                  200125ec    00000034                  : socket.obj (.const)
                  20012620    0000002c     cc3200_utils.obj (.const:$P$T0$1)
                  2001264c    0000002c     network_relater_fns.obj (.const:$P$T1$2)
                  20012678    0000002b     parse_uploads.obj (.const:.string)
                  200126a3    00000001     --HOLE-- [fill = 0]
                  200126a4    00000028     simplelink.a : netapp.obj (.const)
                  200126cc    00000022     network_relater_fns.obj (.const:.string:$P$T0$1)
                  200126ee    00000002     --HOLE-- [fill = 0]
                  200126f0    00000020     network_relater_fns.obj (.const)
                  20012710    00000018     driverlib.a : spi.obj (.const)
                  20012728    00000017     request.obj (.const:.string)
                  2001273f    00000016     camera_app.obj (.const:.string)
                  20012755    00000016     collect_and_txit.obj (.const:.string)
                  2001276b    00000001     --HOLE-- [fill = 0]
                  2001276c    00000014     simplelink.a : device.obj (.const)
                  20012780    0000000b     app_common.obj (.const:.string)
                  2001278b    00000001     --HOLE-- [fill = 0]
                  2001278c    00000008     simplelink.a : netcfg.obj (.const)
                  20012794    00000005     main.obj (.const:.string)

.cinit     0    200127a0    00000ad8     
                  200127a0    00000ab1     (.cinit..data.load) [load image, compression = rle]
                  20013251    00000003     --HOLE-- [fill = 0]
                  20013254    0000000c     (__TI_handler_table)
                  20013260    00000008     (.cinit..bss.load) [load image, compression = zero_init]
                  20013268    00000010     (__TI_cinit_table)

.bss       0    20018000    00014721     UNINITIALIZED
                  20018000    00014000     main.obj (.bss:g_image_buffer)
                  2002c000    00000400     udma_if.obj (.bss:gpCtlTbl)
                  2002c400    00000100     udma_if.obj (.bss:gfpAppCallbackHndl)
                  2002c500    000000c8     free_rtos.a : tasks.obj (.bss:pxReadyTasksLists)
                  2002c5c8    00000050                 : queue.obj (.bss:xQueueRegistry)
                  2002c618    00000034     cc3200_client_state.obj (.bss:clientStateFileName)
                  2002c64c    00000024     network_relater_fns.obj (.bss:g_ucConnectionSSID)
                  2002c670    00000014     (.common:g_flag_blockFull)
                  2002c684    00000014     (.common:xDelayedTaskList1)
                  2002c698    00000014     (.common:xDelayedTaskList2)
                  2002c6ac    00000014     (.common:xPendingReadyList)
                  2002c6c0    00000014     (.common:xSuspendedTaskList)
                  2002c6d4    00000014     (.common:xTasksWaitingTermination)
                  2002c6e8    00000008     (.common:g_ucConnectionBSSID)
                  2002c6f0    00000004     (.common:__Errorlog)
                  2002c6f4    00000004     (.common:dataBuffer)
                  2002c6f8    00000004     (.common:g_block_lastFilled)
                  2002c6fc    00000004     (.common:g_frame_size_in_bytes)
                  2002c700    00000004     (.common:g_header_length)
                  2002c704    00000004     (.common:g_position_in_block)
                  2002c708    00000004     (.common:g_readHeader)
                  2002c70c    00000004     (.common:g_total_dma_intrpts)
                  2002c710    00000004     (.common:pxDelayedTaskList)
                  2002c714    00000004     (.common:pxOverflowDelayedTaskList)
                  2002c718    00000004     (.common:v_TimerOverflows)
                  2002c71c    00000001     (.common:g_CaptureImage)
                  2002c71d    00000001     (.common:g_dma_txn_done)
                  2002c71e    00000001     (.common:g_flag_DataBlockFilled)
                  2002c71f    00000001     (.common:g_frame_end)
                  2002c720    00000001     (.common:iDone)

.sysmem    0    2002c728    00004000     UNINITIALIZED
                  2002c728    00000008     rtsv7M4_T_le_eabi.lib : memory.obj (.sysmem)
                  2002c730    00003ff8     --HOLE--


LINKER GENERATED COPY TABLES

__TI_cinit_table @ 20013268 records: 2, size/record: 8, table size: 16
	.data: load addr=200127a0, load size=00000ab1 bytes, run addr=20000000, run size=00001158 bytes, compression=rle
	.bss: load addr=20013260, load size=00000008 bytes, run addr=20018000, run size=00014721 bytes, compression=zero_init


LINKER GENERATED HANDLER TABLE

__TI_handler_table @ 20013254 records: 3, size/record: 4, table size: 12
	index: 0, handler: __TI_decompress_rle24
	index: 1, handler: __TI_decompress_none
	index: 2, handler: __TI_zero_init


GLOBAL SYMBOLS: SORTED ALPHABETICALLY BY Name 

address    name
--------   ----
20009689   AnalogGainReg_Read
20010add   C$$EXIT
200095f1   CCMRegs_Read
20011b33   CPUcpsie
200069db   CamControllerInit
20011659   CameraCaptureStart
20010e59   CameraCaptureStop
20011a6d   CameraDMAEnable
20011515   CameraIntClear
200112a5   CameraIntEnable
20011a83   CameraIntRegister
20011401   CameraIntStatus
20010fe3   CameraParamsConfig
20011995   CameraReset
2000921d   CameraSensorInit
200114c9   CameraThresholdSet
20010e93   CameraXClkConfig
20006519   CaptureAndStore_Image
2000c50d   ClearTerm
2000e401   CollectTxit_ImgTempRH
2000745d   ConfigureMode
200071bd   ConfigureSimpleLinkToDefaultState
20007499   ConnectToNetwork
20007601   ConnectToNetwork_2
200076c3   ConnectToNetwork_STA
200076a7   ConnectToNetwork_STA_2
2000be2b   ConstructDeviceStateObject
200118c5   CopyPingResultsToReport
20000f5c   DMAMsgQ
2000ccd5   DMASetupTransfer
20001148   DigiCertHighAssuranceEVRootCA_der_len
20009621   DigitalGainRegs_Read
2000cb9f   DmaErrorIntHandler
200112d1   DmaSpiSwIntHandler
2000cb8d   DmaSwIntHandler
2000c513   Error
20010fad   GPIODirModeSet
2000c547   GetCmd
2000e619   GetTimeDuration
2000cecb   I2CBufferRead
2000cf73   I2CBufferWrite
2000cead   I2CInit
20011bc1   I2CMasterControl
20011c61   I2CMasterDataGet
20011a99   I2CMasterDataPut
20011aaf   I2CMasterEnable
200112fd   I2CMasterErr
2000f6c9   I2CMasterInitExpClk
20011bd3   I2CMasterIntClearEx
20011785   I2CMasterIntStatusEx
2001167b   I2CMasterSlaveAddrSet
20011be5   I2CMasterTimeoutSet
2000ce97   I2C_IF_Close
2000ce6d   I2C_IF_Open
2000cde5   I2C_IF_Read
2000ce4d   I2C_IF_ReadFrom
2000cd83   I2C_IF_Write
2000c4d5   InitTerm
2000bd7d   InitialiseParse
20007195   InitializeAppVariables
2000e5c3   InitializeTimer
2000ec5d   IntDisable
2000ed05   IntEnable
20011cc9   IntMasterEnable
20010399   IntPendClear
200104f9   IntPrioritySet
20011725   IntRegister
20011539   IntUnregister
20011b49   IntVTableBaseSet
200096f9   JPEGDataLength_read
20000000   JPEG_StdHuffmanTbl
20000fb4   JPEG_StdQuantTblC
20000ff4   JPEG_StdQuantTblY
200095c3   JpegConfigReg_Read
20011cdb   MT9D111Delay
2000b411   Main_Task
2000c4f3   Message
20011c41   NwpMaskInterrupt
20010d2d   NwpPowerOff
20011185   NwpPowerOn
2000f7d1   NwpPowerOnPreamble
2001169d   NwpRegisterInterruptHandler
20011c99   NwpUnMaskInterrupt
200096c1   PCLK_Rate_read
2000d54d   PRCMCC3200MCUInit
20011ac5   PRCMHIBRegRead
20011adb   PRCMHIBRegWrite
20011429   PRCMPeripheralClkDisable
20010d69   PRCMPeripheralClkEnable
2000f0c1   PRCMPeripheralClockGet
200103f1   PRCMPeripheralReset
20011019   PRCMPeripheralStatusGet
20011329   PRCMSysResetCauseGet
2000f425   PinConfigSet
20010bed   PinModeSet
2000eafb   PinMuxConfig
200118df   PinTypeCamera
200111b5   PinTypeGPIO
2001181b   PinTypeI2C
200118f9   PinTypeUART
20009413   ReadAllAEnAWBRegs
20009783   ReadMCUBootModeReg
200093d1   RegStatusRead
2000c5f1   Report
20011c8b   ResetISR
20009755   ResetImageSensorMCU
UNDEFED    SHT$$INIT_ARRAY$$Base
UNDEFED    SHT$$INIT_ARRAY$$Limit
20011c51   SL_FD_SET
20011ce1   SL_FD_ZERO
200119ad   SPICSDisable
200119c5   SPICSEnable
2000ee55   SPIConfigSetExpClk
200119dd   SPIDisable
20011913   SPIDmaDisable
2001192d   SPIDmaEnable
200119f5   SPIEnable
20011947   SPIFIFODisable
20011961   SPIFIFOEnable
2001104d   SPIFIFOLevelSet
200108a9   SPIIntClear
20010699   SPIIntEnable
200116bf   SPIReset
200116e1   SPIWordCountSet
2000cc1d   SetupTransfer
20009651   ShutterRegs_Read
20007a55   SimpleLinkHttpServerCallback
20007959   SimpleLinkNetAppEventHandler
200079fd   SimpleLinkSockEventHandler
20007875   SimpleLinkWlanEventHandler
2000979d   SoftReset_ImageSensor
20009225   StartSensorInJpegMode
2000e5ef   StartTimer
2000e60b   StopTimer
2000e5b1   TimerBaseIntHandler
20010a55   TimerConfigure
200117a3   TimerDisable
200117c1   TimerEnable
20011bf7   TimerIntClear
20011a0d   TimerIntDisable
20011a25   TimerIntEnable
2000fe01   TimerIntRegister
200117df   TimerIntStatus
2000ff51   TimerIntUnregister
200113ad   TimerLoadSet
200113d7   TimerPrescaleSet
20011837   TimerValueGet
2000ee31   Timer_IF_DeInit
2000ee49   Timer_IF_GetCount
2000edad   Timer_IF_Init
2000edd7   Timer_IF_IntSetup
2000ee09   Timer_IF_InterruptClear
200113ad   Timer_IF_ReLoad
2000ee1d   Timer_IF_Start
200117a3   Timer_IF_Stop
2000c5a7   TrimSpace
20011af1   UARTCharGet
200117fd   UARTCharPut
2000fc2d   UARTConfigSetExpClk
200111e5   UARTDisable
2001155d   UARTEnable
2000cbf5   UDMAChannelSelect
2000ccc1   UDMADeInit
2000cbab   UDMAInit
2000cc53   UDMASetupAutoMemTransfer
2000cc77   UDMASetupPingPongTransfer
2001188d   UDMAStopTransfer
2000bd93   UploadImageToParse
2000bdc9   UploadSensorDataToParse
20011ce7   UtilsDelay
2000a7b5   VDeleteSimpleLinkSpawnTask
2000a765   VStartSimpleLinkSpawnTask
200097ef   Variable_Read
200097c5   Verify_ImageSensor
200093f7   WriteAllAEnAWBRegs
20011c7d   _Dclass
20010b21   _Dtest
2001260c   _SlAcceptCmdCtrl
20012538   _SlActionLookupTable
2000b0bd   _SlAsyncEventGenericHandler
20012778   _SlDeviceGetCmdCtrl
2001277c   _SlDeviceSetCmdCtrl
20011081   _SlDrvBasicCmd
2000f155   _SlDrvClassifyRxMsg
2000f74d   _SlDrvCmdOp
20011745   _SlDrvCmdSend
2000d01d   _SlDrvDataReadOp
2000d7b1   _SlDrvDataWriteOp
2001197b   _SlDrvDeviceEventHandler
20010449   _SlDrvDriverCBDeinit
2000f8d1   _SlDrvDriverCBInit
20011355   _SlDrvFlowContDeinit
20011381   _SlDrvFlowContInit
2000ad15   _SlDrvMsgRead
2000e995   _SlDrvMsgReadCmdCtx
2000f27d   _SlDrvMsgReadSpawnCtx
2000da09   _SlDrvMsgWrite
2000ea49   _SlDrvNetAppEventHandler
20011855   _SlDrvObjDeInit
20010da5   _SlDrvObjInit
2000de41   _SlDrvReleasePoolObj
2000d2d5   _SlDrvRxHdrRead
20010c2d   _SlDrvRxIrqHandler
20011b5d   _SlDrvShiftDWord
2000dc2d   _SlDrvWaitForPoolObj
20012774   _SlEventMaskGetCmdCtrl
20012770   _SlEventMaskSetCmdCtrl
2000ef91   _SlFindAndSetActiveObj
200125b8   _SlFsCloseCmdCtrl
200125c8   _SlFsDeleteCmdCtrl
200125c4   _SlFsGetInfoCmdCtrl
200125b4   _SlFsOpenCmdCtrl
200125bc   _SlFsReadCmdCtrl
200125c0   _SlFsWriteCmdCtrl
200126bc   _SlGetHostByNameCtrl
200126b8   _SlGetHostByServiceCtrl
200126b0   _SlGetServiceListeCtrl
20012618   _SlGetSockOptCmdCtrl
20012608   _SlListenCmdCtrl
200126c8   _SlNetAppGetCmdCtrl
200126c4   _SlNetAppSendTokenValueCmdCtrl
200126c0   _SlNetAppSetCmdCtrl
200126a8   _SlNetAppStartCtrl
200126ac   _SlNetAppStopCtrl
20012790   _SlNetCfgGetCmdCtrl
2001278c   _SlNetCfgSetCmdCtrl
2001203c   _SlPolicyGetCmdCtrl
20012038   _SlPolicySetCmdCtrl
20012044   _SlProfileDelCmdCtrl
20012040   _SlProfileGetCmdCtrl
20012610   _SlRecvCmdCtrl
20012600   _SlRecvfomCmdCtrl
200126b4   _SlRegisterServiceCtrl
20010c6d   _SlRemoveFromList
2001204c   _SlRxFilterAddtCmdCtrl
20012054   _SlRxFilterGetCmdCtrl
20012050   _SlRxFilterSetCmdCtrl
2001261c   _SlSelectCmdCtrl
20012604   _SlSendCmdCtrl
20012614   _SlSetSockOptCmdCtrl
20012058   _SlSmartConfigStartCmdCtrl
200125fc   _SlSockCloseCmdCtrl
200125f8   _SlSockSocketCmdCtrl
2001276c   _SlStopCmdCtrl
20012064   _SlWlanCfgGetCmdCtrl
20012060   _SlWlanCfgSetCmdCtrl
20012048   _SlWlanGetNetworkListCtrl
2001205c   _SlWlanSetModeCmdCtrl
20004000   __STACK_END
00001000   __STACK_SIZE
00004000   __SYSMEM_SIZE
20013268   __TI_CINIT_Base
20013278   __TI_CINIT_Limit
20013254   __TI_Handler_Table_Base
20013260   __TI_Handler_Table_Limit
00000001   __TI_args_main
2000f1e9   __TI_auto_init
20001138   __TI_cleanup_ptr
20011c6f   __TI_decompress_none
20011ced   __TI_decompress_rle24
2000113c   __TI_dtors_ptr
2000620f   __TI_printfi
200127a0   __TI_static_base__
20011c09   __TI_zero_init
2000f5bd   __aeabi_cdcmpeq
2000f5bd   __aeabi_cdcmple
2000f643   __aeabi_cdrcmple
2001085f   __aeabi_d2f
200108f1   __aeabi_d2iz
2000c697   __aeabi_dadd
2000d415   __aeabi_ddiv
2000e043   __aeabi_dmul
2000c68d   __aeabi_dsub
20010f05   __aeabi_f2d
20010f3d   __aeabi_f2iz
200110e9   __aeabi_f2uiz
2000fac1   __aeabi_fmul
20011275   __aeabi_i2d
20011a55   __aeabi_lmul
2000fbb5   __aeabi_memclr
2000fbb5   __aeabi_memclr4
2000fbb5   __aeabi_memclr8
2000eef5   __aeabi_memcpy
2000eef5   __aeabi_memcpy4
2000eef5   __aeabi_memcpy8
2000fbb7   __aeabi_memset
2000fbb7   __aeabi_memset4
2000fbb7   __aeabi_memset8
20011765   __aeabi_ui2d
200115a5   __aeabi_ui2f
2000c2e1   __aeabi_uldivmod
ffffffff   __binit__
ffffffff   __c_args__
20003000   __stack
20011a3d   _args_main
200110b5   _c_int00
20011e30   _ctypes_
20001130   _lock
20011b7f   _nop
20011b77   _register_lock
20011b71   _register_unlock
20011451   _sl_BuildAddress
200100f1   _sl_GetCreateFsMode
20010815   _sl_GetStartResponseConvert
20010155   _sl_HandleAsync_Accept
2000ffb9   _sl_HandleAsync_Connect
2000f94d   _sl_HandleAsync_DnsGetHostByName
20010021   _sl_HandleAsync_DnsGetHostByService
2000fca5   _sl_HandleAsync_InitComplete
2000fe71   _sl_HandleAsync_PingResponse
200104a1   _sl_HandleAsync_Select
2001054d   _sl_HandleAsync_Stop
20011b07   _sl_Strlen
2000fee1   _sl_TruncatePayloadByProtocol
2002c728   _sys_memory
20001134   _unlock
20010ae1   abort
2000d1fb   addHttpRequestHeader
2000d223   addHttpRequestHeaderInt
2000d181   addHttpRequestLine
200106e5   atoi
2000d1bf   beginHttpGetRequest
2000d1b3   beginHttpRequest
ffffffff   binit
200088f1   buildRequestHeaders
2000acdd   calloc
2002c618   clientStateFileName
200010fc   cnt
20010a99   copy_in
2000a17b   createInstallation
20009b9d   createNewInstallationId
2002c6f4   dataBuffer
20001100   dataBufferSize
2000f851   debugPrint
2000f86b   debugPrintf
20009551   disableAE
200094c7   disableAWB
20004691   eTaskGetState
2000950d   enableAE
20009489   enableAWB
2000c845   ensureCertificateFile
20010ae9   exit
20009b37   fetchDeviceOSVersion
2000bcef   findSecondJson
2000aa37   free
20000dd0   gFirstCmdMode
2002c71c   g_CaptureImage
20012530   g_H2NCnysPattern
20012528   g_H2NSyncPattern
20000f50   g_SpiFd
20000dd8   g_StatMem
2002c6f8   g_block_lastFilled
20000f60   g_cDummy
20012728   g_deviceClientVersion
2002c71e   g_flag_DataBlockFilled
2002c670   g_flag_blockFull
2002c71f   g_frame_end
2002c6fc   g_frame_size_in_bytes
20000600   g_header
2002c700   g_header_length
20018000   g_image_buffer
200010d4   g_osVersion
20000dd4   g_pCB
20000f54   g_pHostIntHdl
20004000   g_pfnVectors
2002c704   g_position_in_block
2002c708   g_readHeader
2002c6e8   g_ucConnectionBSSID
2002c64c   g_ucConnectionSSID
20000f58   g_ucDMAEnabled
20000f64   g_ucDinDout
20001118   g_uiSimplelinkRole
20001114   g_ulGatewayIP
2000112c   g_ulPingPacketsRecv
20001110   g_ulStatus
2000d25d   getHttpResponseBody
2000d233   getHttpResponseStatus
2000a1c9   getInstallation
2000dfe1   getInternalClient
2000bd21   getPushJson
2002c400   gfpAppCallbackHndl
2002c000   gpCtlTbl
20008b49   headerSend
2002c720   iDone
20007751   initNetwork
20010649   intToASCII
2000bd07   isCompleteJson
20009ad7   isPingTime
2000c051   loadClientState
2001033f   ltoa
2000b515   main
20001154   main_func_sp
2000a9d5   malloc
2000a8b9   mem_Free
2000a8ad   mem_Malloc
2000a8d9   mem_copy
2000a8c5   mem_set
2000abfd   memalign
20011871   memccpy
20011703   memcmp
2000eef5   memcpy
20011581   memmove
2000fbbd   memset
2000a949   minit
2000a92f   osi_ContextRestore
2000a92d   osi_ContextSave
2000a8ed   osi_EnterCritical
2000a8f7   osi_ExitCritical
2000a513   osi_InterruptDeRegister
2000a4ed   osi_InterruptRegister
2000a61d   osi_LockObjCreate
2000a691   osi_LockObjDelete
2000a6a1   osi_LockObjLock
2000a6cd   osi_LockObjUnlock
2000a7e1   osi_MsgQCreate
2000a825   osi_MsgQDelete
2000a871   osi_MsgQRead
2000a83f   osi_MsgQWrite
2000a909   osi_Sleep
2000a6f7   osi_Spawn
2000a5fb   osi_SyncObjClear
2000a525   osi_SyncObjCreate
2000a555   osi_SyncObjDelete
2000a56f   osi_SyncObjSignal
2000a597   osi_SyncObjSignalFromISR
2000a5cf   osi_SyncObjWait
2000a643   osi_TaskCreate
2000a683   osi_TaskDelete
2000a919   osi_TaskDisable
2000a923   osi_TaskEnable
2000a901   osi_start
20000dcc   pPingCallBackFunc
2000905b   parseGetErrorCode
2000a2cb   parseGetInstallationId
2000df45   parseInitialize
2000900d   parseSendRequest
20008fb1   parseSendRequestInternal
2000a24f   parseSetInstallationId
20008c81   payloadSend
20012780   pcDigits
20004bb5   pcTaskGetTaskName
2000e98d   portCLZ
2000e975   prvPortStartFirstTask
20010ecd   pvPortMalloc
20001074   pxCurrentTCB
2000db1d   pxPortInitialiseStack
20010747   rand
2000aaf7   realloc
2000bdf1   retreiveImageIDfromHTTPResponse
2000c0f9   saveClientState
20008e9f   sendRequest
200088e1   setDataBufferPointer
2000ba69   simpleJsonProcessor
200115c9   sl_Close
2000e231   sl_Connect
2000f9c9   sl_DevGet
20010939   sl_DevSet
2000fa45   sl_FsClose
20010981   sl_FsDel
20010089   sl_FsGetInfo
200105a1   sl_FsOpen
2000f30d   sl_FsRead
2000f399   sl_FsWrite
20010f75   sl_Htonl
20011151   sl_Htons
2000e4d9   sl_NetAppDnsGetHostByName
2000f535   sl_NetAppMDNSRegisterUnregisterService
20011c1b   sl_NetAppMDNSUnRegisterService
200105f5   sl_NetAppSendTokenValue
200115ed   sl_NetAppStart
20011611   sl_NetAppStop
20010b65   sl_NetCfgSet
20010ba9   sl_Recv
2000dd39   sl_Select
2000ebad   sl_Send
2001077d   sl_SetSockOpt
20011245   sl_Socket
2000e819   sl_Start
2000e755   sl_Stop
2000c9f1   sl_WlanConnect
20011cd3   sl_WlanDisconnect
2000fd19   sl_WlanGet
20010cad   sl_WlanPolicySet
20011635   sl_WlanProfileDel
20010ced   sl_WlanRxFilterSet
200109c9   sl_WlanSet
200114a1   sl_WlanSetMode
2000f029   snprintf
200115c9   socketClose
2000b8bb   socketRead
2000b799   socketSslConnect
2000b74d   socketWait
2000b937   socketWrite
2000fd8d   spi_Close
2000d681   spi_Open
2000e689   spi_Read
2000e319   spi_Write
20010281   sprintf
20010731   srand
200010fa   sshPort
20011b85   strlen
20010de1   strncasecmp
20011479   strncat
200114ef   strncmp
20011215   strncpy
2001111d   strstr
200107c9   uDMAChannelAssign
200101b9   uDMAChannelAttributeDisable
2001021d   uDMAChannelAttributeEnable
20010e1d   uDMAChannelControlSet
2001188d   uDMAChannelDisable
200118a9   uDMAChannelEnable
2000e141   uDMAChannelTransferSet
20011b99   uDMAControlBaseSet
20011ca5   uDMADisable
20011cb1   uDMAEnable
20011bad   uDMAIntClear
20011b1d   uDMAIntRegister
20011cbd   uDMAIntStatus
20011c2d   uDMAIntUnregister
2000853d   ucQueueGetQueueType
2000e8dd   ulPortSetInterruptMask
20009b31   updateLastPingTime
2000d9bf   uxListRemove
2000851d   uxQueueGetQueueNumber
200084b1   uxQueueMessagesWaiting
200084e7   uxQueueMessagesWaitingFromISR
200084c7   uxQueueSpacesAvailable
20004ba9   uxTaskGetNumberOfTasks
20004bd9   uxTaskGetSystemState
200050c9   uxTaskGetTaskNumber
20004725   uxTaskPriorityGet
20005621   uxTaskResetEventItemValue
2000b40b   vApplicationIdleHook
2000b40d   vApplicationMallocFailedHook
2000b40f   vApplicationStackOverflowHook
2000b409   vAssertCalled
2000d8dd   vListInitialise
2000d90d   vListInitialiseItem
2000d959   vListInsert
2000d91d   vListInsertEnd
2000e8f3   vPortClearInterruptMask
2000db99   vPortEndScheduler
2000dbad   vPortEnterCritical
2000dbc5   vPortExitCritical
20010eed   vPortFree
2000e94d   vPortSVCHandler
2000dbf9   vPortSetupTimerInterrupt
2000db9b   vPortYield
20008757   vQueueAddToRegistry
200084f9   vQueueDelete
2000852b   vQueueSetQueueNumber
20008799   vQueueUnregisterQueue
2000463b   vTaskDelay
2000459f   vTaskDelayUntil
2000450f   vTaskDelete
20004a8d   vTaskEndScheduler
200050bb   vTaskMissedYield
20004e51   vTaskPlaceOnEventList
20004eb5   vTaskPlaceOnUnorderedEventList
20005597   vTaskPriorityDisinherit
200054dd   vTaskPriorityInherit
2000475d   vTaskPrioritySet
20004955   vTaskResume
200050e9   vTaskSetTaskNumber
2000501b   vTaskSetTimeOutState
20004a43   vTaskStartScheduler
20004861   vTaskSuspend
20004a9f   vTaskSuspendAll
20004dd1   vTaskSwitchContext
2002c718   v_TimerOverflows
2000f4ad   vsnprintf
20001104   xHigherPriorityTaskWoken
2000e901   xPortPendSVHandler
2000db6d   xPortStartScheduler
2000dbdd   xPortSysTickHandler
200087e7   xQueueAddToSet
20008119   xQueueAltGenericReceive
2000806d   xQueueAltGenericSend
20007f41   xQueueCreateCountingSemaphore
20007ec3   xQueueCreateMutex
200087d3   xQueueCreateSet
20007e4d   xQueueGenericCreate
200082b3   xQueueGenericReceive
20007dbd   xQueueGenericReset
20007f61   xQueueGenericSend
20008217   xQueueGenericSendFromISR
200086f3   xQueueIsQueueEmptyFromISR
20008735   xQueueIsQueueFullFromISR
2000846d   xQueuePeekFromISR
200083f5   xQueueReceiveFromISR
2002c5c8   xQueueRegistry
2000881b   xQueueRemoveFromSet
2000885d   xQueueSelectFromSet
20008877   xQueueSelectFromSetFromISR
20001108   xSimpleLinkSpawnQueue
2000110c   xSimpleLinkSpawnTaskHndl
20005041   xTaskCheckForTimeOut
20004401   xTaskGenericCreate
20005491   xTaskGetCurrentTaskHandle
20004c97   xTaskGetIdleTaskHandle
200054a5   xTaskGetSchedulerState
20004b7d   xTaskGetTickCount
20004b91   xTaskGetTickCountFromISR
20004cb5   xTaskIncrementTick
20004f25   xTaskRemoveFromEventList
20004fad   xTaskRemoveFromUnorderedEventList
20004ab1   xTaskResumeAll
200049c9   xTaskResumeFromISR


GLOBAL SYMBOLS: SORTED BY Symbol Address 

address    name
--------   ----
00000001   __TI_args_main
00001000   __STACK_SIZE
00004000   __SYSMEM_SIZE
20000000   JPEG_StdHuffmanTbl
20000600   g_header
20000dcc   pPingCallBackFunc
20000dd0   gFirstCmdMode
20000dd4   g_pCB
20000dd8   g_StatMem
20000f50   g_SpiFd
20000f54   g_pHostIntHdl
20000f58   g_ucDMAEnabled
20000f5c   DMAMsgQ
20000f60   g_cDummy
20000f64   g_ucDinDout
20000fb4   JPEG_StdQuantTblC
20000ff4   JPEG_StdQuantTblY
20001074   pxCurrentTCB
200010d4   g_osVersion
200010fa   sshPort
200010fc   cnt
20001100   dataBufferSize
20001104   xHigherPriorityTaskWoken
20001108   xSimpleLinkSpawnQueue
2000110c   xSimpleLinkSpawnTaskHndl
20001110   g_ulStatus
20001114   g_ulGatewayIP
20001118   g_uiSimplelinkRole
2000112c   g_ulPingPacketsRecv
20001130   _lock
20001134   _unlock
20001138   __TI_cleanup_ptr
2000113c   __TI_dtors_ptr
20001148   DigiCertHighAssuranceEVRootCA_der_len
20001154   main_func_sp
20003000   __stack
20004000   __STACK_END
20004000   g_pfnVectors
20004401   xTaskGenericCreate
2000450f   vTaskDelete
2000459f   vTaskDelayUntil
2000463b   vTaskDelay
20004691   eTaskGetState
20004725   uxTaskPriorityGet
2000475d   vTaskPrioritySet
20004861   vTaskSuspend
20004955   vTaskResume
200049c9   xTaskResumeFromISR
20004a43   vTaskStartScheduler
20004a8d   vTaskEndScheduler
20004a9f   vTaskSuspendAll
20004ab1   xTaskResumeAll
20004b7d   xTaskGetTickCount
20004b91   xTaskGetTickCountFromISR
20004ba9   uxTaskGetNumberOfTasks
20004bb5   pcTaskGetTaskName
20004bd9   uxTaskGetSystemState
20004c97   xTaskGetIdleTaskHandle
20004cb5   xTaskIncrementTick
20004dd1   vTaskSwitchContext
20004e51   vTaskPlaceOnEventList
20004eb5   vTaskPlaceOnUnorderedEventList
20004f25   xTaskRemoveFromEventList
20004fad   xTaskRemoveFromUnorderedEventList
2000501b   vTaskSetTimeOutState
20005041   xTaskCheckForTimeOut
200050bb   vTaskMissedYield
200050c9   uxTaskGetTaskNumber
200050e9   vTaskSetTaskNumber
20005491   xTaskGetCurrentTaskHandle
200054a5   xTaskGetSchedulerState
200054dd   vTaskPriorityInherit
20005597   vTaskPriorityDisinherit
20005621   uxTaskResetEventItemValue
2000620f   __TI_printfi
20006519   CaptureAndStore_Image
200069db   CamControllerInit
20007195   InitializeAppVariables
200071bd   ConfigureSimpleLinkToDefaultState
2000745d   ConfigureMode
20007499   ConnectToNetwork
20007601   ConnectToNetwork_2
200076a7   ConnectToNetwork_STA_2
200076c3   ConnectToNetwork_STA
20007751   initNetwork
20007875   SimpleLinkWlanEventHandler
20007959   SimpleLinkNetAppEventHandler
200079fd   SimpleLinkSockEventHandler
20007a55   SimpleLinkHttpServerCallback
20007dbd   xQueueGenericReset
20007e4d   xQueueGenericCreate
20007ec3   xQueueCreateMutex
20007f41   xQueueCreateCountingSemaphore
20007f61   xQueueGenericSend
2000806d   xQueueAltGenericSend
20008119   xQueueAltGenericReceive
20008217   xQueueGenericSendFromISR
200082b3   xQueueGenericReceive
200083f5   xQueueReceiveFromISR
2000846d   xQueuePeekFromISR
200084b1   uxQueueMessagesWaiting
200084c7   uxQueueSpacesAvailable
200084e7   uxQueueMessagesWaitingFromISR
200084f9   vQueueDelete
2000851d   uxQueueGetQueueNumber
2000852b   vQueueSetQueueNumber
2000853d   ucQueueGetQueueType
200086f3   xQueueIsQueueEmptyFromISR
20008735   xQueueIsQueueFullFromISR
20008757   vQueueAddToRegistry
20008799   vQueueUnregisterQueue
200087d3   xQueueCreateSet
200087e7   xQueueAddToSet
2000881b   xQueueRemoveFromSet
2000885d   xQueueSelectFromSet
20008877   xQueueSelectFromSetFromISR
200088e1   setDataBufferPointer
200088f1   buildRequestHeaders
20008b49   headerSend
20008c81   payloadSend
20008e9f   sendRequest
20008fb1   parseSendRequestInternal
2000900d   parseSendRequest
2000905b   parseGetErrorCode
2000921d   CameraSensorInit
20009225   StartSensorInJpegMode
200093d1   RegStatusRead
200093f7   WriteAllAEnAWBRegs
20009413   ReadAllAEnAWBRegs
20009489   enableAWB
200094c7   disableAWB
2000950d   enableAE
20009551   disableAE
200095c3   JpegConfigReg_Read
200095f1   CCMRegs_Read
20009621   DigitalGainRegs_Read
20009651   ShutterRegs_Read
20009689   AnalogGainReg_Read
200096c1   PCLK_Rate_read
200096f9   JPEGDataLength_read
20009755   ResetImageSensorMCU
20009783   ReadMCUBootModeReg
2000979d   SoftReset_ImageSensor
200097c5   Verify_ImageSensor
200097ef   Variable_Read
20009ad7   isPingTime
20009b31   updateLastPingTime
20009b37   fetchDeviceOSVersion
20009b9d   createNewInstallationId
2000a17b   createInstallation
2000a1c9   getInstallation
2000a24f   parseSetInstallationId
2000a2cb   parseGetInstallationId
2000a4ed   osi_InterruptRegister
2000a513   osi_InterruptDeRegister
2000a525   osi_SyncObjCreate
2000a555   osi_SyncObjDelete
2000a56f   osi_SyncObjSignal
2000a597   osi_SyncObjSignalFromISR
2000a5cf   osi_SyncObjWait
2000a5fb   osi_SyncObjClear
2000a61d   osi_LockObjCreate
2000a643   osi_TaskCreate
2000a683   osi_TaskDelete
2000a691   osi_LockObjDelete
2000a6a1   osi_LockObjLock
2000a6cd   osi_LockObjUnlock
2000a6f7   osi_Spawn
2000a765   VStartSimpleLinkSpawnTask
2000a7b5   VDeleteSimpleLinkSpawnTask
2000a7e1   osi_MsgQCreate
2000a825   osi_MsgQDelete
2000a83f   osi_MsgQWrite
2000a871   osi_MsgQRead
2000a8ad   mem_Malloc
2000a8b9   mem_Free
2000a8c5   mem_set
2000a8d9   mem_copy
2000a8ed   osi_EnterCritical
2000a8f7   osi_ExitCritical
2000a901   osi_start
2000a909   osi_Sleep
2000a919   osi_TaskDisable
2000a923   osi_TaskEnable
2000a92d   osi_ContextSave
2000a92f   osi_ContextRestore
2000a949   minit
2000a9d5   malloc
2000aa37   free
2000aaf7   realloc
2000abfd   memalign
2000acdd   calloc
2000ad15   _SlDrvMsgRead
2000b0bd   _SlAsyncEventGenericHandler
2000b409   vAssertCalled
2000b40b   vApplicationIdleHook
2000b40d   vApplicationMallocFailedHook
2000b40f   vApplicationStackOverflowHook
2000b411   Main_Task
2000b515   main
2000b74d   socketWait
2000b799   socketSslConnect
2000b8bb   socketRead
2000b937   socketWrite
2000ba69   simpleJsonProcessor
2000bcef   findSecondJson
2000bd07   isCompleteJson
2000bd21   getPushJson
2000bd7d   InitialiseParse
2000bd93   UploadImageToParse
2000bdc9   UploadSensorDataToParse
2000bdf1   retreiveImageIDfromHTTPResponse
2000be2b   ConstructDeviceStateObject
2000c051   loadClientState
2000c0f9   saveClientState
2000c2e1   __aeabi_uldivmod
2000c4d5   InitTerm
2000c4f3   Message
2000c50d   ClearTerm
2000c513   Error
2000c547   GetCmd
2000c5a7   TrimSpace
2000c5f1   Report
2000c68d   __aeabi_dsub
2000c697   __aeabi_dadd
2000c845   ensureCertificateFile
2000c9f1   sl_WlanConnect
2000cb8d   DmaSwIntHandler
2000cb9f   DmaErrorIntHandler
2000cbab   UDMAInit
2000cbf5   UDMAChannelSelect
2000cc1d   SetupTransfer
2000cc53   UDMASetupAutoMemTransfer
2000cc77   UDMASetupPingPongTransfer
2000ccc1   UDMADeInit
2000ccd5   DMASetupTransfer
2000cd83   I2C_IF_Write
2000cde5   I2C_IF_Read
2000ce4d   I2C_IF_ReadFrom
2000ce6d   I2C_IF_Open
2000ce97   I2C_IF_Close
2000cead   I2CInit
2000cecb   I2CBufferRead
2000cf73   I2CBufferWrite
2000d01d   _SlDrvDataReadOp
2000d181   addHttpRequestLine
2000d1b3   beginHttpRequest
2000d1bf   beginHttpGetRequest
2000d1fb   addHttpRequestHeader
2000d223   addHttpRequestHeaderInt
2000d233   getHttpResponseStatus
2000d25d   getHttpResponseBody
2000d2d5   _SlDrvRxHdrRead
2000d415   __aeabi_ddiv
2000d54d   PRCMCC3200MCUInit
2000d681   spi_Open
2000d7b1   _SlDrvDataWriteOp
2000d8dd   vListInitialise
2000d90d   vListInitialiseItem
2000d91d   vListInsertEnd
2000d959   vListInsert
2000d9bf   uxListRemove
2000da09   _SlDrvMsgWrite
2000db1d   pxPortInitialiseStack
2000db6d   xPortStartScheduler
2000db99   vPortEndScheduler
2000db9b   vPortYield
2000dbad   vPortEnterCritical
2000dbc5   vPortExitCritical
2000dbdd   xPortSysTickHandler
2000dbf9   vPortSetupTimerInterrupt
2000dc2d   _SlDrvWaitForPoolObj
2000dd39   sl_Select
2000de41   _SlDrvReleasePoolObj
2000df45   parseInitialize
2000dfe1   getInternalClient
2000e043   __aeabi_dmul
2000e141   uDMAChannelTransferSet
2000e231   sl_Connect
2000e319   spi_Write
2000e401   CollectTxit_ImgTempRH
2000e4d9   sl_NetAppDnsGetHostByName
2000e5b1   TimerBaseIntHandler
2000e5c3   InitializeTimer
2000e5ef   StartTimer
2000e60b   StopTimer
2000e619   GetTimeDuration
2000e689   spi_Read
2000e755   sl_Stop
2000e819   sl_Start
2000e8dd   ulPortSetInterruptMask
2000e8f3   vPortClearInterruptMask
2000e901   xPortPendSVHandler
2000e94d   vPortSVCHandler
2000e975   prvPortStartFirstTask
2000e98d   portCLZ
2000e995   _SlDrvMsgReadCmdCtx
2000ea49   _SlDrvNetAppEventHandler
2000eafb   PinMuxConfig
2000ebad   sl_Send
2000ec5d   IntDisable
2000ed05   IntEnable
2000edad   Timer_IF_Init
2000edd7   Timer_IF_IntSetup
2000ee09   Timer_IF_InterruptClear
2000ee1d   Timer_IF_Start
2000ee31   Timer_IF_DeInit
2000ee49   Timer_IF_GetCount
2000ee55   SPIConfigSetExpClk
2000eef5   __aeabi_memcpy
2000eef5   __aeabi_memcpy4
2000eef5   __aeabi_memcpy8
2000eef5   memcpy
2000ef91   _SlFindAndSetActiveObj
2000f029   snprintf
2000f0c1   PRCMPeripheralClockGet
2000f155   _SlDrvClassifyRxMsg
2000f1e9   __TI_auto_init
2000f27d   _SlDrvMsgReadSpawnCtx
2000f30d   sl_FsRead
2000f399   sl_FsWrite
2000f425   PinConfigSet
2000f4ad   vsnprintf
2000f535   sl_NetAppMDNSRegisterUnregisterService
2000f5bd   __aeabi_cdcmpeq
2000f5bd   __aeabi_cdcmple
2000f643   __aeabi_cdrcmple
2000f6c9   I2CMasterInitExpClk
2000f74d   _SlDrvCmdOp
2000f7d1   NwpPowerOnPreamble
2000f851   debugPrint
2000f86b   debugPrintf
2000f8d1   _SlDrvDriverCBInit
2000f94d   _sl_HandleAsync_DnsGetHostByName
2000f9c9   sl_DevGet
2000fa45   sl_FsClose
2000fac1   __aeabi_fmul
2000fbb5   __aeabi_memclr
2000fbb5   __aeabi_memclr4
2000fbb5   __aeabi_memclr8
2000fbb7   __aeabi_memset
2000fbb7   __aeabi_memset4
2000fbb7   __aeabi_memset8
2000fbbd   memset
2000fc2d   UARTConfigSetExpClk
2000fca5   _sl_HandleAsync_InitComplete
2000fd19   sl_WlanGet
2000fd8d   spi_Close
2000fe01   TimerIntRegister
2000fe71   _sl_HandleAsync_PingResponse
2000fee1   _sl_TruncatePayloadByProtocol
2000ff51   TimerIntUnregister
2000ffb9   _sl_HandleAsync_Connect
20010021   _sl_HandleAsync_DnsGetHostByService
20010089   sl_FsGetInfo
200100f1   _sl_GetCreateFsMode
20010155   _sl_HandleAsync_Accept
200101b9   uDMAChannelAttributeDisable
2001021d   uDMAChannelAttributeEnable
20010281   sprintf
2001033f   ltoa
20010399   IntPendClear
200103f1   PRCMPeripheralReset
20010449   _SlDrvDriverCBDeinit
200104a1   _sl_HandleAsync_Select
200104f9   IntPrioritySet
2001054d   _sl_HandleAsync_Stop
200105a1   sl_FsOpen
200105f5   sl_NetAppSendTokenValue
20010649   intToASCII
20010699   SPIIntEnable
200106e5   atoi
20010731   srand
20010747   rand
2001077d   sl_SetSockOpt
200107c9   uDMAChannelAssign
20010815   _sl_GetStartResponseConvert
2001085f   __aeabi_d2f
200108a9   SPIIntClear
200108f1   __aeabi_d2iz
20010939   sl_DevSet
20010981   sl_FsDel
200109c9   sl_WlanSet
20010a55   TimerConfigure
20010a99   copy_in
20010add   C$$EXIT
20010ae1   abort
20010ae9   exit
20010b21   _Dtest
20010b65   sl_NetCfgSet
20010ba9   sl_Recv
20010bed   PinModeSet
20010c2d   _SlDrvRxIrqHandler
20010c6d   _SlRemoveFromList
20010cad   sl_WlanPolicySet
20010ced   sl_WlanRxFilterSet
20010d2d   NwpPowerOff
20010d69   PRCMPeripheralClkEnable
20010da5   _SlDrvObjInit
20010de1   strncasecmp
20010e1d   uDMAChannelControlSet
20010e59   CameraCaptureStop
20010e93   CameraXClkConfig
20010ecd   pvPortMalloc
20010eed   vPortFree
20010f05   __aeabi_f2d
20010f3d   __aeabi_f2iz
20010f75   sl_Htonl
20010fad   GPIODirModeSet
20010fe3   CameraParamsConfig
20011019   PRCMPeripheralStatusGet
2001104d   SPIFIFOLevelSet
20011081   _SlDrvBasicCmd
200110b5   _c_int00
200110e9   __aeabi_f2uiz
2001111d   strstr
20011151   sl_Htons
20011185   NwpPowerOn
200111b5   PinTypeGPIO
200111e5   UARTDisable
20011215   strncpy
20011245   sl_Socket
20011275   __aeabi_i2d
200112a5   CameraIntEnable
200112d1   DmaSpiSwIntHandler
200112fd   I2CMasterErr
20011329   PRCMSysResetCauseGet
20011355   _SlDrvFlowContDeinit
20011381   _SlDrvFlowContInit
200113ad   TimerLoadSet
200113ad   Timer_IF_ReLoad
200113d7   TimerPrescaleSet
20011401   CameraIntStatus
20011429   PRCMPeripheralClkDisable
20011451   _sl_BuildAddress
20011479   strncat
200114a1   sl_WlanSetMode
200114c9   CameraThresholdSet
200114ef   strncmp
20011515   CameraIntClear
20011539   IntUnregister
2001155d   UARTEnable
20011581   memmove
200115a5   __aeabi_ui2f
200115c9   sl_Close
200115c9   socketClose
200115ed   sl_NetAppStart
20011611   sl_NetAppStop
20011635   sl_WlanProfileDel
20011659   CameraCaptureStart
2001167b   I2CMasterSlaveAddrSet
2001169d   NwpRegisterInterruptHandler
200116bf   SPIReset
200116e1   SPIWordCountSet
20011703   memcmp
20011725   IntRegister
20011745   _SlDrvCmdSend
20011765   __aeabi_ui2d
20011785   I2CMasterIntStatusEx
200117a3   TimerDisable
200117a3   Timer_IF_Stop
200117c1   TimerEnable
200117df   TimerIntStatus
200117fd   UARTCharPut
2001181b   PinTypeI2C
20011837   TimerValueGet
20011855   _SlDrvObjDeInit
20011871   memccpy
2001188d   UDMAStopTransfer
2001188d   uDMAChannelDisable
200118a9   uDMAChannelEnable
200118c5   CopyPingResultsToReport
200118df   PinTypeCamera
200118f9   PinTypeUART
20011913   SPIDmaDisable
2001192d   SPIDmaEnable
20011947   SPIFIFODisable
20011961   SPIFIFOEnable
2001197b   _SlDrvDeviceEventHandler
20011995   CameraReset
200119ad   SPICSDisable
200119c5   SPICSEnable
200119dd   SPIDisable
200119f5   SPIEnable
20011a0d   TimerIntDisable
20011a25   TimerIntEnable
20011a3d   _args_main
20011a55   __aeabi_lmul
20011a6d   CameraDMAEnable
20011a83   CameraIntRegister
20011a99   I2CMasterDataPut
20011aaf   I2CMasterEnable
20011ac5   PRCMHIBRegRead
20011adb   PRCMHIBRegWrite
20011af1   UARTCharGet
20011b07   _sl_Strlen
20011b1d   uDMAIntRegister
20011b33   CPUcpsie
20011b49   IntVTableBaseSet
20011b5d   _SlDrvShiftDWord
20011b71   _register_unlock
20011b77   _register_lock
20011b7f   _nop
20011b85   strlen
20011b99   uDMAControlBaseSet
20011bad   uDMAIntClear
20011bc1   I2CMasterControl
20011bd3   I2CMasterIntClearEx
20011be5   I2CMasterTimeoutSet
20011bf7   TimerIntClear
20011c09   __TI_zero_init
20011c1b   sl_NetAppMDNSUnRegisterService
20011c2d   uDMAIntUnregister
20011c41   NwpMaskInterrupt
20011c51   SL_FD_SET
20011c61   I2CMasterDataGet
20011c6f   __TI_decompress_none
20011c7d   _Dclass
20011c8b   ResetISR
20011c99   NwpUnMaskInterrupt
20011ca5   uDMADisable
20011cb1   uDMAEnable
20011cbd   uDMAIntStatus
20011cc9   IntMasterEnable
20011cd3   sl_WlanDisconnect
20011cdb   MT9D111Delay
20011ce1   SL_FD_ZERO
20011ce7   UtilsDelay
20011ced   __TI_decompress_rle24
20011e30   _ctypes_
20012038   _SlPolicySetCmdCtrl
2001203c   _SlPolicyGetCmdCtrl
20012040   _SlProfileGetCmdCtrl
20012044   _SlProfileDelCmdCtrl
20012048   _SlWlanGetNetworkListCtrl
2001204c   _SlRxFilterAddtCmdCtrl
20012050   _SlRxFilterSetCmdCtrl
20012054   _SlRxFilterGetCmdCtrl
20012058   _SlSmartConfigStartCmdCtrl
2001205c   _SlWlanSetModeCmdCtrl
20012060   _SlWlanCfgSetCmdCtrl
20012064   _SlWlanCfgGetCmdCtrl
20012528   g_H2NSyncPattern
20012530   g_H2NCnysPattern
20012538   _SlActionLookupTable
200125b4   _SlFsOpenCmdCtrl
200125b8   _SlFsCloseCmdCtrl
200125bc   _SlFsReadCmdCtrl
200125c0   _SlFsWriteCmdCtrl
200125c4   _SlFsGetInfoCmdCtrl
200125c8   _SlFsDeleteCmdCtrl
200125f8   _SlSockSocketCmdCtrl
200125fc   _SlSockCloseCmdCtrl
20012600   _SlRecvfomCmdCtrl
20012604   _SlSendCmdCtrl
20012608   _SlListenCmdCtrl
2001260c   _SlAcceptCmdCtrl
20012610   _SlRecvCmdCtrl
20012614   _SlSetSockOptCmdCtrl
20012618   _SlGetSockOptCmdCtrl
2001261c   _SlSelectCmdCtrl
200126a8   _SlNetAppStartCtrl
200126ac   _SlNetAppStopCtrl
200126b0   _SlGetServiceListeCtrl
200126b4   _SlRegisterServiceCtrl
200126b8   _SlGetHostByServiceCtrl
200126bc   _SlGetHostByNameCtrl
200126c0   _SlNetAppSetCmdCtrl
200126c4   _SlNetAppSendTokenValueCmdCtrl
200126c8   _SlNetAppGetCmdCtrl
20012728   g_deviceClientVersion
2001276c   _SlStopCmdCtrl
20012770   _SlEventMaskSetCmdCtrl
20012774   _SlEventMaskGetCmdCtrl
20012778   _SlDeviceGetCmdCtrl
2001277c   _SlDeviceSetCmdCtrl
20012780   pcDigits
2001278c   _SlNetCfgSetCmdCtrl
20012790   _SlNetCfgGetCmdCtrl
200127a0   __TI_static_base__
20013254   __TI_Handler_Table_Base
20013260   __TI_Handler_Table_Limit
20013268   __TI_CINIT_Base
20013278   __TI_CINIT_Limit
20018000   g_image_buffer
2002c000   gpCtlTbl
2002c400   gfpAppCallbackHndl
2002c5c8   xQueueRegistry
2002c618   clientStateFileName
2002c64c   g_ucConnectionSSID
2002c670   g_flag_blockFull
2002c6e8   g_ucConnectionBSSID
2002c6f4   dataBuffer
2002c6f8   g_block_lastFilled
2002c6fc   g_frame_size_in_bytes
2002c700   g_header_length
2002c704   g_position_in_block
2002c708   g_readHeader
2002c718   v_TimerOverflows
2002c71c   g_CaptureImage
2002c71e   g_flag_DataBlockFilled
2002c71f   g_frame_end
2002c720   iDone
2002c728   _sys_memory
ffffffff   __binit__
ffffffff   __c_args__
ffffffff   binit
UNDEFED    SHT$$INIT_ARRAY$$Base
UNDEFED    SHT$$INIT_ARRAY$$Limit

[609 symbols]
