******************************************************************************
                  TI ARM Linker PC v5.2.2                      
******************************************************************************
>> Linked Wed Aug 19 13:10:03 2015

OUTPUT FILE NAME:   <ULP_SEC_CAM.out>
ENTRY POINT SYMBOL: "_c_int00"  address: 2001f915


MEMORY CONFIGURATION

         name            origin    length      used     unused   attr    fill
----------------------  --------  ---------  --------  --------  ----  --------
  SRAM_BOOTLDR          20000000   00004000  00002900  00001700  RW X
  SRAM_CODE             20004000   0001fc00  0001e9c3  0000123d  RW X
  SRAM_DATA             20023c00   0001c400  0001c06e  00000392  RW X


SEGMENT ALLOCATION MAP

run origin  load origin   length   init length attrs members
----------  ----------- ---------- ----------- ----- -------
20000000    20000000    00000900   00000000    rw-
  20000000    20000000    00000900   00000000    rw- .data
20002000    20002000    00002000   00000000    rw-
  20002000    20002000    00002000   00000000    rw- .stack
20004000    20004000    0001e9c8   0001e9c8    r-x
  20004000    20004000    00000400   00000400    r-- .intvecs
  20004400    20004400    0001cd7c   0001cd7c    r-x .text
  2002117c    2002117c    00001357   00001357    r-- .const
  200224d8    200224d8    000004f0   000004f0    r-- .cinit
20023c00    20023c00    0001c070   00000000    rw-
  20023c00    20023c00    0001706e   00000000    rw- .bss
  2003ac70    2003ac70    00005000   00000000    rw- .sysmem


SECTION ALLOCATION MAP

 output                                  attributes/
section   page    origin      length       input sections
--------  ----  ----------  ----------   ----------------
.data      0    20000000    00000900     UNINITIALIZED
                  20000000    000003c9     cc3200_certificate.obj (.data:DigiCertHighAssuranceEVRootCA_der)
                  200003c9    00000001     tasks.obj (.data)
                  200003ca    00000002     user_configure_fn.obj (.data)
                  200003cc    000000f0     rtsv7M4_T_le_eabi.lib : defs.obj (.data:_ftable)
                  200004bc    000000d0                           : lowlev.obj (.data)
                  2000058c    000000b0                           : signal.obj (.data:sigtable)
                  2000063c    00000004     cc3200_certificate.obj (.data)
                  20000640    00000080     rtsv7M4_T_le_eabi.lib : xvalues.obj (.data)
                  200006c0    00000068                           : xfvalues.obj (.data)
                  20000728    00000064     network_relater_fns.obj (.data:Token)
                  2000078c    00000064     network_relater_fns.obj (.data:Value)
                  200007f0    00000034     free_rtos.a : tasks.obj (.data)
                  20000824    00000024     main.obj (.data)
                  20000848    00000018     cc3200_utils.obj (.data)
                  20000860    00000018     request.obj (.data)
                  20000878    00000010     rtsv7M4_T_le_eabi.lib : defs.obj (.data)
                  20000888    0000000c     camera_app.obj (.data)
                  20000894    0000000c     free_rtos.a : osi_freertos.obj (.data)
                  200008a0    0000000c     rtsv7M4_T_le_eabi.lib : memory.obj (.data)
                  200008ac    00000009     simplelink.a : cc_pal.obj (.data)
                  200008b5    00000003     --HOLE--
                  200008b8    00000009                  : driver.obj (.data)
                  200008c1    00000003     --HOLE--
                  200008c4    00000008     rtsv7M4_T_le_eabi.lib : _lock.obj (.data)
                  200008cc    00000008                           : exit.obj (.data)
                  200008d4    00000008                           : feraiseexcept.obj (.data)
                  200008dc    00000006     http.obj (.data)
                  200008e2    00000002     --HOLE--
                  200008e4    00000004     free_rtos.a : port.obj (.data)
                  200008e8    00000004     middleware.a : rtc_hal.obj (.data)
                  200008ec    00000004     ota.a : OtaHttp.obj (.data)
                  200008f0    00000004     rtsv7M4_T_le_eabi.lib : errno.obj (.data)
                  200008f4    00000004                           : fopen.obj (.data)
                  200008f8    00000004                           : rand.obj (.data)
                  200008fc    00000004                           : stkdepth_vars.obj (.data)

.TI.persistent 
*          0    20000000    00000000     UNINITIALIZED

.stack     0    20002000    00002000     UNINITIALIZED
                  20002000    00002000     --HOLE--

.intvecs   0    20004000    00000400     
                  20004000    00000400     startup_ccs.obj (.intvecs)

.text      0    20004400    0001cd7c     
                  20004400    00001258     free_rtos.a : tasks.obj (.text)
                  20005658    000010a6     rtsv7M4_T_le_eabi.lib : _printfi.obj (.text)
                  200066fe    00000002     startup_ccs.obj (.text:BusFaultHandler)
                  20006700    00000b24     free_rtos.a : queue.obj (.text)
                  20007224    00000a08     magnetic.obj (.text:fUpdateCalibration10EIG)
                  20007c2c    00000788     magnetic.obj (.text:fUpdateCalibration4INV)
                  200083b4    00000694     magnetic.obj (.text:fUpdateCalibration7EIG)
                  20008a48    00000688     matrix.obj (.text:eigencompute)
                  200090d0    00000610     ota.a : OtaHttp.obj (.text)
                  200096e0    000005ec     simplelink.a : driver.obj (.text:_SlDrvMsgRead)
                  20009ccc    00000584     magnetic.obj (.text:iUpdateMagnetometerBuffer)
                  2000a250    00000564     network_relater_fns.obj (.text:SimpleLinkHttpServerCallback)
                  2000a7b4    00000504     user_configure_fn.obj (.text:User_Configure)
                  2000acb8    000004be     cc3200_utils.obj (.text:createNewInstallationId)
                  2000b176    00000002     driverlib.a : interrupt.obj (.text:IntDefaultHandler)
                  2000b178    000004a8     application_fn.obj (.text:application_fn)
                  2000b620    000004a0     network_relater_fns.obj (.text:GetSNTPTime)
                  2000bac0    0000045c     free_rtos.a : osi_freertos.obj (.text)
                  2000bf1c    0000044c     request.obj (.text:buildRequestHeaders)
                  2000c368    00000424     ota.a : OtaClient.obj (.text)
                  2000c78c    0000040c           : OtaApp.obj (.text)
                  2000cb98    000003dc     rtsv7M4_T_le_eabi.lib : memory.obj (.text)
                  2000cf74    000003b8     matrix.obj (.text:fmatrixAeqInvA)
                  2000d32c    00000378     rtsv7M4_T_le_eabi.lib : powf.obj (.text)
                  2000d6a4    0000035c     ota.a : CdnClient.obj (.text)
                  2000da00    00000354     orientation.obj (.text:feCompassWin8)
                  2000dd54    00000338     parse_uploads.obj (.text:ConstructGroundDataObject)
                  2000e08c    00000338     ota.a : LogClient.obj (.text)
                  2000e3c4    0000030c     rtsv7M4_T_le_eabi.lib : lowlev.obj (.text)
                  2000e6d0    000002d4                           : trgdrv.obj (.text)
                  2000e9a4    000002c4     tasks.obj (.text:MagCal_Run)
                  2000ec68    000002b0     network_relater_fns.obj (.text:ConfigureSimpleLinkToDefaultState)
                  2000ef18    00000298     mt9d111.obj (.text:RegLstWrite)
                  2000f1b0    00000298     user_configure_fn.obj (.text:WiFiProvisioning)
                  2000f448    00000298     rtsv7M4_T_le_eabi.lib : vla_alloc.obj (.text)
                  2000f6e0    00000290     user_configure_fn.obj (.text:Get_Calibration_MagSensor)
                  2000f970    0000026e     simplejson.obj (.text:simpleJsonProcessor)
                  2000fbde    00000002     startup_ccs.obj (.text:IntDefaultHandler)
                  2000fbe0    0000026c     camera_app.obj (.text:CaptureImage)
                  2000fe4c    00000268     main_FXOS8700.obj (.text:angleCheck_Initializations)
                  200100b4    0000025c     lightSens_isl29035.obj (.text:configureISL29035)
                  20010310    00000248     simplelink.a : driver.obj (.text:_SlDrvRxHdrRead)
                  20010558    00000244                  : wlan.obj (.text:sl_WlanConnect)
                  2001079c    00000220     door_position_detection_algorithm.obj (.text:check_doorpos)
                  200109bc    00000220     rtsv7M4_T_le_eabi.lib : ll_div_t2.obj (.text)
                  20010bdc    00000204     request.obj (.text:payloadSend)
                  20010de0    000001f4     rtsv7M4_T_le_eabi.lib : ull_div_t2.obj (.text)
                  20010fd4    000001d4     parse_uploads.obj (.text:ConstructUserConfigObject)
                  200111a8    000001d0     simplelink.a : driver.obj (.text:_SlDrvReleasePoolObj)
                  20011378    000001cc                  : driver.obj (.text:_SlDrvMsgWrite)
                  20011544    000001c8     main.obj (.text:main)
                  2001170c    000001c4     tasks.obj (.text:RdSensData_Run)
                  200118d0    000001c4     rtsv7M4_T_le_eabi.lib : fopen.obj (.text)
                  20011a94    000001c0     magnetic.obj (.text:fInvertMagCal)
                  20011c54    000001bc     rtsv7M4_T_le_eabi.lib : xflog.obj (.text)
                  20011e10    000001b8     parse_uploads.obj (.text:ConstructDeviceStateObject)
                  20011fc8    000001b6     rtsv7M4_T_le_eabi.lib : fd_add_t2.obj (.text)
                  2001217e    00000002     startup_ccs.obj (.text:NmiSR)
                  20012180    000001b4     SendObject_ToParse.obj (.text:SendObject_ToParse)
                  20012334    000001b0     user_configure_fn.obj (.text:AccessPtMode_HTTPServer_Start)
                  200124e4    000001ac     request.obj (.text:sendRequest)
                  20012690    000001a4     orientation.obj (.text:fQuaternionFromRotationMatrix)
                  20012834    000001a4     cc3200_socket.obj (.text:socketSslConnect)
                  200129d8    000001a0     camera_app.obj (.text:CameraIntHandler)
                  20012b78    000001a0     network_relater_fns.obj (.text:initNetwork)
                  20012d18    0000019c     rtsv7M4_T_le_eabi.lib : xfsin.obj (.text)
                  20012eb4    00000198     ota.obj (.text:OTA_Run)
                  2001304c    00000190     simplelink.a : driver.obj (.text:_SlDrvWaitForPoolObj)
                  200131dc    0000018c     SendObject_ToParse.obj (.text:Calculate_TrueMinMaxAngles)
                  20013368    0000018c     network_relater_fns.obj (.text:SimpleLinkWlanEventHandler)
                  200134f4    00000188     sendGroundData.obj (.text:SendGroundData)
                  2001367c    00000188     matrix.obj (.text:f3x3matrixAeqInvSymB)
                  20013804    00000184     camera_app.obj (.text:CaptureandSavePreviewImage)
                  20013988    00000184     flc.a : flc.obj (.text)
                  20013b0c    00000180     orientation.obj (.text:fWin8AnglesDegFromRotationMatrix)
                  20013c8c    00000178     door_position_detection_algorithm.obj (.text:Calculate_DoorOpenThresholdAngle)
                  20013e04    00000178     parse_uploads.obj (.text:UploadFirmwareVersionObjectToParse)
                  20013f7c    00000178     rtsv7M4_T_le_eabi.lib : tanf.obj (.text)
                  200140f4    00000178                           : xfexp.obj (.text)
                  2001426c    00000174     simplelink.a : driver.obj (.text:_SlDrvDriverCBInit)
                  200143e0    00000174     magnetic.obj (.text:fInitMagCalibration)
                  20014554    00000170     simplelink.a : driver.obj (.text:_SlFindAndSetActiveObj)
                  200146c4    00000168     ota.obj (.text:OTAServerInfoSet)
                  2001482c    00000160     tasks.obj (.text:Fusion_Run)
                  2001498c    00000160     tempRHSens_si7020.obj (.text:getTempRH)
                  20014aec    00000158     drivers.obj (.text:FXOS8700_Init)
                  20014c44    00000158     orientation.obj (.text:qAeqAxB)
                  20014d9c    00000158     orientation.obj (.text:qconjgAxB)
                  20014ef4    00000150     simplelink.a : cc_pal.obj (.text:spi_Open)
                  20015044    00000148     Task_ImageCaptureConfigs.obj (.text:ImageSensor_CaptureConfigs_Task)
                  2001518c    00000148     mt9d111.obj (.text:RestartSensorInJpegMode)
                  200152d4    00000140     network_relater_fns.obj (.text:WiFi_Connect)
                  20015414    0000013c     rtsv7M4_T_le_eabi.lib : fmodf.obj (.text)
                  20015550    0000013c     simplelink.a : socket.obj (.text:sl_Select)
                  2001568c    00000138     network_relater_fns.obj (.text:GetTimeNTP)
                  200157c4    00000138     i2cconfig.obj (.text:I2CBufferRead)
                  200158fc    00000138     mt9d111.obj (.text:Register_Read)
                  20015a34    00000138     orientation.obj (.text:fLPFOrientationQuaternion)
                  20015b6c    00000138     orientation.obj (.text:fRotationMatrixFromQuaternion)
                  20015ca4    00000138     i2c_app.obj (.text:i2cWriteRegisters)
                  20015ddc    00000136     rtsv7M4_T_le_eabi.lib : fd_div_t2.obj (.text)
                  20015f12    00000002     main.obj (.text:vApplicationIdleHook)
                  20015f14    00000134     driverlib.a : prcm.obj (.text:PRCMCC3200MCUInit)
                  20016048    00000134     rtsv7M4_T_le_eabi.lib : fputs.obj (.text)
                  2001617c    00000130     i2cconfig.obj (.text:I2CBufferWrite)
                  200162ac    00000130     mt9d111.obj (.text:Read_AllRegisters)
                  200163dc    0000012a     free_rtos.a : list.obj (.text)
                  20016506    00000002     --HOLE-- [fill = 0]
                  20016508    00000128     simplelink.a : driver.obj (.text:_SlDrvDataReadOp)
                  20016630    00000118                  : socket.obj (.text:sl_SendTo)
                  20016748    00000116     drivers.obj (.text:FXOS8700_ReadData)
                  2001685e    00000002     --HOLE-- [fill = 0]
                  20016860    00000110     free_rtos.a : port.obj (.text)
                  20016970    00000110     rtsv7M4_T_le_eabi.lib : xdscale.obj (.text)
                  20016a80    0000010c     hibernate_related_fns.obj (.text:HIBernate)
                  20016b8c    0000010c     flash_files.obj (.text:WriteFile_ToFlash)
                  20016c98    0000010c     simplelink.a : socket.obj (.text:sl_RecvFrom)
                  20016da4    00000108     middleware.a : rtc_hal.obj (.text:rtc_fast_domain_counter_rd)
                  20016eac    00000108     simplelink.a : socket.obj (.text:sl_Connect)
                  20016fb4    00000108                  : socket.obj (.text:sl_Send)
                  200170bc    00000104                  : driver.obj (.text:_SlDrvDataWriteOp)
                  200171c0    00000104     i2c_app.obj (.text:i2cReadRegistersTwoBytes)
                  200172c4    00000104     simplelink.a : netapp.obj (.text:sl_NetAppDnsGetHostByName)
                  200173c8    00000104     tempRHSens_si7020.obj (.text:verifyTempRHSensor)
                  200174cc    00000100     i2c_app.obj (.text:i2cReadRegisters)
                  200175cc    00000100     cc3200_client_state.obj (.text:loadClientState)
                  200176cc    000000fe     simplelink.a : netapp.obj (.text:_SlDrvNetAppEventHandler)
                  200177ca    00000002     --HOLE-- [fill = 0]
                  200177cc    000000fc     pinmux.obj (.text:PinMuxConfig)
                  200178c8    000000fc     parse_uploads.obj (.text:UploadSensorDataToParse)
                  200179c4    000000fc     orientation.obj (.text:fqAeqNormqA)
                  20017ac0    000000fc     rtsv7M4_T_le_eabi.lib : fd_mul_t2.obj (.text)
                  20017bbc    000000fa                           : fs_add_t2.obj (.text)
                  20017cb6    00000002     --HOLE-- [fill = 0]
                  20017cb8    000000f8     cc3200_certificate.obj (.text:ensureCertificateFile)
                  20017db0    000000f8     fusion.obj (.text:fRun_6DOF_GB_BASIC)
                  20017ea8    000000f6     app_common.obj (.text:Get_FridgeCamID)
                  20017f9e    000000f4     mt9d111.obj (.text:SetAnalogGain)
                  20018092    000000f4     mt9d111.obj (.text:SetDigitalGain)
                  20018186    00000002     --HOLE-- [fill = 0]
                  20018188    000000f4     simplelink.a : driver.obj (.text:_SlDrvDriverCBDeinit)
                  2001827c    000000f4     installation.obj (.text:getInstallation)
                  20018370    000000f4     app_common.obj (.text:intToASCII)
                  20018464    000000f4     simplelink.a : fs.obj (.text:sl_FsRead)
                  20018558    000000f2     cc3200_socket.obj (.text:socketRead)
                  2001864a    00000002     --HOLE-- [fill = 0]
                  2001864c    000000f0     driverlib.a : udma.obj (.text:uDMAChannelTransferSet)
                  2001873c    000000ec     Task_Main.obj (.text:Main_Task_withHibernate)
                  20018828    000000ec     mt9d111.obj (.text:SetInitialGain)
                  20018914    000000ec     network_relater_fns.obj (.text:SimpleLinkNetAppEventHandler)
                  20018a00    000000ec     orientation.obj (.text:fRotationVectorDegFromQuaternion)
                  20018aec    000000ec     simplelink.a : fs.obj (.text:sl_FsWrite)
                  20018bd8    000000e8     lightSens_isl29035.obj (.text:verifyISL29035)
                  20018cc0    000000e4     appFns_BatteryLevelSense.obj (.text:Get_BatteryPercent)
                  20018da4    000000e4     parse_uploads.obj (.text:UploadImageToParse)
                  20018e88    000000e0     flash_files.obj (.text:ReadFile_FromFlash)
                  20018f68    000000e0     parse_uploads.obj (.text:UploadGroundDataObjectToParse)
                  20019048    000000e0     accelomtrMagntomtr_fxos8700.obj (.text:verifyAccelMagnSensor)
                  20019128    000000dc     camera_app.obj (.text:Start_CameraCapture)
                  20019204    000000dc     parse_uploads.obj (.text:UploadUserConfigObjectToParse)
                  200192e0    000000dc     Task_UserConfig.obj (.text:UserConfigure_Task)
                  200193bc    000000dc     rtsv7M4_T_le_eabi.lib : setvbuf.obj (.text)
                  20019498    000000dc     simplelink.a : cc_pal.obj (.text:spi_Read)
                  20019574    000000d8                  : driver.obj (.text:_SlDrvClassifyRxMsg)
                  2001964c    000000d8     rtsv7M4_T_le_eabi.lib : xfatan.obj (.text)
                  20019724    000000d4     door_position_detection_algorithm.obj (.text:Check_MinMax)
                  200197f8    000000d4     simplelink.a : device.obj (.text:sl_Stop)
                  200198cc    000000d0     rtsv7M4_T_le_eabi.lib : xfdscale.obj (.text)
                  2001999c    000000cc     user_configure_fn.obj (.text:CollectAngle)
                  20019a68    000000cc     main.obj (.text:InitializeAppVariables)
                  20019b34    000000cc     approximations.obj (.text:fatan_deg)
                  20019c00    000000cc     rtsv7M4_T_le_eabi.lib : sqrtf.obj (.text)
                  20019ccc    000000c8     camera_app.obj (.text:DMAConfig)
                  20019d94    000000c8     mt9d111.obj (.text:EnterStandby_mt9d111)
                  20019e5c    000000c8     simplelink.a : netapp.obj (.text:_sl_HandleAsync_DnsGetHostByService)
                  20019f24    000000c8     rtsv7M4_T_le_eabi.lib : fflush.obj (.text)
                  20019fec    000000c4     mt9d111.obj (.text:ExitStandby_mt9d111)
                  2001a0b0    000000c4     simplelink.a : driver.obj (.text:_SlRemoveFromList)
                  2001a174    000000c0     i2c_if.obj (.text:I2C_IF_Read)
                  2001a234    000000c0     network_relater_fns.obj (.text:SimpleLinkSockEventHandler)
                  2001a2f4    000000be     rtsv7M4_T_le_eabi.lib : xdnorm.obj (.text)
                  2001a3b2    00000002     --HOLE-- [fill = 0]
                  2001a3b4    000000bc     i2c_if.obj (.text:I2C_IF_Write)
                  2001a470    000000bc     camera_app.obj (.text:Standby_ImageSensor)
                  2001a52c    000000bc     user_configure_fn.obj (.text:WlanConnect)
                  2001a5e8    000000bc     simplelink.a : driver.obj (.text:_SlDrvMsgReadCmdCtx)
                  2001a6a4    000000bc     tempRHSens_si7020.obj (.text:configureTempRHSensor)
                  2001a760    000000bc     rtsv7M4_T_le_eabi.lib : acosf.obj (.text)
                  2001a81c    000000bc     simplelink.a : device.obj (.text:sl_Start)
                  2001a8d8    000000ba     free_rtos.a : portasm.obj (.text)
                  2001a992    00000002     --HOLE-- [fill = 0]
                  2001a994    000000b8     simplelink.a : driver.obj (.text:_SlAsyncEventGenericHandler)
                  2001aa4c    000000b8     installation.obj (.text:createInstallation)
                  2001ab04    000000b4     user_configure_fn.obj (.text:SaveImageConfig)
                  2001abb8    000000b4     simplelink.a : netapp.obj (.text:sl_NetAppMDNSRegisterUnregisterService)
                  2001ac6c    000000ac     rtsv7M4_T_le_eabi.lib : _io_perm.obj (.text)
                  2001ad18    000000ab     installation.obj (.text:getInstallationByIdCallback)
                  2001adc3    00000001     --HOLE-- [fill = 0]
                  2001adc4    000000aa     uartA1_if.obj (.text:Report)
                  2001ae6e    00000002     --HOLE-- [fill = 0]
                  2001ae70    000000a8     driverlib.a : interrupt.obj (.text:IntDisable)
                  2001af18    000000a8                 : interrupt.obj (.text:IntEnable)
                  2001afc0    000000a8     simplelink.a : netcfg.obj (.text:sl_NetCfgGet)
                  2001b068    000000a0     driverlib.a : spi.obj (.text:SPIConfigSetExpClk)
                  2001b108    000000a0     cc3200_socket.obj (.text:socketWrite)
                  2001b1a8    0000009e     matrix.obj (.text:f3x3matrixDetA)
                  2001b246    00000002     --HOLE-- [fill = 0]
                  2001b248    0000009c     simplelink.a : driver.obj (.text:_SlDrvMsgReadSpawnCtx)
                  2001b2e4    0000009c     approximations.obj (.text:fatan2_deg)
                  2001b380    0000009c     rtsv7M4_T_le_eabi.lib : memcpy_t2.obj (.text)
                  2001b41c    0000009c     simplelink.a : device.obj (.text:sl_DevGet)
                  2001b4b8    00000098     network_relater_fns.obj (.text:InitializeUserConfigVariables)
                  2001b550    00000098     LED_timer.obj (.text:IntrptHandler_LEDTimer)
                  2001b5e8    00000098     ota.obj (.text:OTA_CommitImage)
                  2001b680    00000098     mt9d111.obj (.text:Verify_ImageSensor)
                  2001b718    00000098     simplelink.a : fs.obj (.text:_sl_GetCreateFsMode)
                  2001b7b0    00000098     rtsv7M4_T_le_eabi.lib : fclose.obj (.text)
                  2001b848    00000098                           : fputc.obj (.text)
                  2001b8e0    00000096     parse_uploads.obj (.text:Add_NumberField_ToJSONString)
                  2001b976    00000002     --HOLE-- [fill = 0]
                  2001b978    00000094     dbgFns.obj (.text:Check_I2CDevices)
                  2001ba0c    00000094     camera_app.obj (.text:Config_CameraCapture)
                  2001baa0    00000094     Task_UserConfig.obj (.text:IsLongPress)
                  2001bb34    00000094     driverlib.a : prcm.obj (.text:PRCMPeripheralClockGet)
                  2001bbc8    00000094     approximations.obj (.text:facos_deg)
                  2001bc5c    00000094     lightSens_isl29035.obj (.text:getLightsensor_data)
                  2001bcf0    00000094     rtsv7M4_T_le_eabi.lib : snprintf.obj (.text)
                  2001bd84    00000092     parse_impl.obj (.text:parseInitialize)
                  2001be16    00000092     rtsv7M4_T_le_eabi.lib : fs_div_t2.obj (.text)
                  2001bea8    0000008c     app_common.obj (.text:LED_Blink_2)
                  2001bf34    0000008c     simplelink.a : cc_pal.obj (.text:SetupDMAReceive)
                  2001bfc0    0000008c                  : cc_pal.obj (.text:SetupDMASend)
                  2001c04c    0000008c                  : netapp.obj (.text:_sl_HandleAsync_DnsGetHostByName)
                  2001c0d8    0000008c                  : netapp.obj (.text:_sl_HandleAsync_PingResponse)
                  2001c164    0000008c     rtsv7M4_T_le_eabi.lib : xfdint.obj (.text)
                  2001c1f0    0000008c     simplelink.a : cc_pal.obj (.text:spi_Write)
                  2001c27c    00000088     driverlib.a : prcm.obj (.text:PRCMHibernateIntervalSet)
                  2001c304    00000088                 : pin.obj (.text:PinConfigSet)
                  2001c38c    00000088     rtsv7M4_T_le_eabi.lib : vsnprintf.obj (.text)
                  2001c414    00000088     simplelink.a : socket.obj (.text:sl_Bind)
                  2001c49c    00000088                  : fs.obj (.text:sl_FsClose)
                  2001c524    00000086     rtsv7M4_T_le_eabi.lib : fd_cmp_t2.obj (.text:__aeabi_cdcmple)
                  2001c5aa    00000086                           : fd_cmp_t2.obj (.text:__aeabi_cdrcmple)
                  2001c630    00000084     timer_if.obj (.text:GetPeripheralIntNum)
                  2001c6b4    00000084     driverlib.a : i2c.obj (.text:I2CMasterInitExpClk)
                  2001c738    00000084     simplelink.a : cc_pal.obj (.text:NwpPowerOnPreamble)
                  2001c7bc    00000084     matrix.obj (.text:f3x3matrixAeqI)
                  2001c840    00000084     fusion.obj (.text:fInit_6DOF_GB_BASIC)
                  2001c8c4    00000080     camera_app.obj (.text:Wakeup_ImageSensor)
                  2001c944    00000080     simplelink.a : driver.obj (.text:_SlDrvCmdOp)
                  2001c9c4    00000080                  : cc_pal.obj (.text:spi_Read_CPU)
                  2001ca44    00000080                  : cc_pal.obj (.text:spi_Write_CPU)
                  2001cac4    0000007c     driverlib.a : prcm.obj (.text:PRCMRTCGet)
                  2001cb40    0000007c     simplelink.a : device.obj (.text:_sl_HandleAsync_InitComplete)
                  2001cbbc    0000007c     matrix.obj (.text:fmatrixAeqI)
                  2001cc38    0000007c     simplelink.a : fs.obj (.text:sl_FsGetInfo)
                  2001ccb4    0000007a     rtsv7M4_T_le_eabi.lib : fs_mul_t2.obj (.text)
                  2001cd2e    0000007a                           : memset_t2.obj (.text)
                  2001cda8    0000007a                           : xfdnorm.obj (.text)
                  2001ce22    00000002     --HOLE-- [fill = 0]
                  2001ce24    00000078     network_relater_fns.obj (.text:ConfigureMode)
                  2001ce9c    00000078     i2c_if.obj (.text:I2CTransact)
                  2001cf14    00000078     parse_uploads.obj (.text:InitialiseParse)
                  2001cf8c    00000078     NWP.obj (.text:NWP_SwitchOn)
                  2001d004    00000078     simplelink.a : socket.obj (.text:_sl_HandleAsync_Connect)
                  2001d07c    00000078                  : fs.obj (.text:sl_FsOpen)
                  2001d0f4    00000078                  : cc_pal.obj (.text:spi_Close)
                  2001d16c    00000076     driverlib.a : uart.obj (.text:UARTConfigSetExpClk)
                  2001d1e2    00000002     --HOLE-- [fill = 0]
                  2001d1e4    00000074     NWP.obj (.text:NWP_SwitchOff)
                  2001d258    00000074     camera_app.obj (.text:ReStart_CameraCapture)
                  2001d2cc    00000074     middleware.a : rtc_hal.obj (.text:rtc_value_rd)
                  2001d340    00000074     simplelink.a : socket.obj (.text:sl_Recv)
                  2001d3b4    00000073     installation.obj (.text:getInstallationCallback)
                  2001d427    00000001     --HOLE-- [fill = 0]
                  2001d428    00000072     timer_if.obj (.text:Timer_IF_IntSetup)
                  2001d49a    00000002     --HOLE-- [fill = 0]
                  2001d49c    00000070     batteryVoltLvlSens_adc081c021.obj (.text:Get_BatteryVoltageLevel_ADC081C021)
                  2001d50c    00000070     network_relater_fns.obj (.text:Network_IF_GetHostIP)
                  2001d57c    00000070     appFns_LightSensor.obj (.text:PowerDown_LightSensor)
                  2001d5ec    00000070     timer_fns.obj (.text:get_timeDuration)
                  2001d65c    0000006c     camera_app.obj (.text:CamControllerInit)
                  2001d6c8    0000006c     lightSens_isl29035.obj (.text:PowerDown_ISL29035)
                  2001d734    0000006c     mt9d111.obj (.text:ReadImageConfigReg)
                  2001d7a0    0000006c     udma_if.obj (.text:UDMAInit)
                  2001d80c    0000006c     simplelink.a : driver.obj (.text:_SlDrvCmdSend)
                  2001d878    0000006c     matrix.obj (.text:f3x3matrixAeqMinusA)
                  2001d8e4    0000006c     request.obj (.text:parseSendRequestInternal)
                  2001d950    0000006c     rtsv7M4_T_le_eabi.lib : autoinit.obj (.text)
                  2001d9bc    0000006c                           : fprintf.obj (.text)
                  2001da28    0000006c                           : fs_toll_t2.obj (.text)
                  2001da94    0000006a     matrix.obj (.text:f3x3matrixAeqAxScalar)
                  2001dafe    0000006a     rtsv7M4_T_le_eabi.lib : copy_decompress_rle.obj (.text)
                  2001db68    00000069     http.obj (.text:beginHttpGetRequest)
                  2001dbd1    00000003     --HOLE-- [fill = 0]
                  2001dbd4    00000068     driverlib.a : prcm.obj (.text:PRCMHibernateWakeUpGPIOSelect)
                  2001dc3c    00000068     mt9d111.obj (.text:StartSensorInJpegMode)
                  2001dca4    00000068     simplelink.a : netapp.obj (.text:_sl_NetAppSendTokenValue)
                  2001dd0c    00000068     cc3200_utils.obj (.text:fetchDeviceOSVersion)
                  2001dd74    00000068     rtsv7M4_T_le_eabi.lib : trgmsg.obj (.text)
                  2001dddc    00000068     simplelink.a : device.obj (.text:sl_DevSet)
                  2001de44    00000068                  : netcfg.obj (.text:sl_NetCfgSet)
                  2001deac    00000068                  : socket.obj (.text:sl_SetSockOpt)
                  2001df14    00000068                  : wlan.obj (.text:sl_WlanSet)
                  2001df7c    00000066     matrix.obj (.text:f3x3matrixAeqScalar)
                  2001dfe2    00000066     rtsv7M4_T_le_eabi.lib : xdunscal.obj (.text)
                  2001e048    00000064                           : fseek.obj (.text)
                  2001e0ac    00000064     cc3200_socket.obj (.text:socketWait)
                  2001e110    00000064     tempRHSens_si7020.obj (.text:softResetTempRHSensor)
                  2001e174    00000064     driverlib.a : udma.obj (.text:uDMAChannelAttributeDisable)
                  2001e1d8    00000064                 : udma.obj (.text:uDMAChannelAttributeEnable)
                  2001e23c    00000060     mt9d111.obj (.text:CCMRegs_Read)
                  2001e29c    00000060     watchdog.obj (.text:WatchdogIntHandler)
                  2001e2fc    00000060     rtsv7M4_T_le_eabi.lib : fs_cmp_t2.obj (.text:__aeabi_cfcmple)
                  2001e35c    00000060                           : fs_cmp_t2.obj (.text:__aeabi_cfrcmple)
                  2001e3bc    00000060     simplelink.a : socket.obj (.text:_sl_HandleAsync_Accept)
                  2001e41c    00000060     main_FXOS8700.obj (.text:fxosDefault_Initializations)
                  2001e47c    00000060     rtsv7M4_T_le_eabi.lib : sprintf.obj (.text)
                  2001e4dc    00000060     simplelink.a : wlan.obj (.text:sl_WlanPolicySet)
                  2001e53c    00000060     accelomtrMagntomtr_fxos8700.obj (.text:standby_accelMagn_fxos8700)
                  2001e59c    0000005c     lightSens_isl29035.obj (.text:getLightsensor_intrptStatus)
                  2001e5f8    0000005c     accelomtrMagntomtr_fxos8700.obj (.text:getMagntData)
                  2001e654    0000005c     simplelink.a : socket.obj (.text:sl_Socket)
                  2001e6b0    00000058     driverlib.a : interrupt.obj (.text:IntPendClear)
                  2001e708    00000058     mt9d111.obj (.text:PCLK_Rate_read)
                  2001e760    00000058     driverlib.a : prcm.obj (.text:PRCMPeripheralReset)
                  2001e7b8    00000056     rtsv7M4_T_le_eabi.lib : ltoa.obj (.text)
                  2001e80e    00000056                           : xfdunsca.obj (.text)
                  2001e864    00000054     driverlib.a : interrupt.obj (.text:IntPrioritySet)
                  2001e8b8    00000054     simplelink.a : socket.obj (.text:_sl_HandleAsync_Select)
                  2001e90c    00000054     approximations.obj (.text:fasin_deg)
                  2001e960    00000054     request.obj (.text:headerSend)
                  2001e9b4    00000054     simplelink.a : wlan.obj (.text:sl_WlanRxFilterSet)
                  2001ea08    00000051     installation.obj (.text:createInstallationCallback)
                  2001ea59    00000003     --HOLE-- [fill = 0]
                  2001ea5c    00000050     i2c_if.obj (.text:I2C_IF_Open)
                  2001eaac    00000050     camera_app.obj (.text:ImagCapture_Init)
                  2001eafc    00000050     driverlib.a : prcm.obj (.text:PRCMSlowClkCtrGet)
                  2001eb4c    00000050     simplelink.a : device.obj (.text:_sl_HandleAsync_Stop)
                  2001eb9c    00000050     mt9d111.obj (.text:disableAE)
                  2001ebec    00000050     mt9d111.obj (.text:disableAWB)
                  2001ec3c    00000050     mt9d111.obj (.text:enableAWB)
                  2001ec8c    00000050     rtsv7M4_T_le_eabi.lib : fs_toull_t2.obj (.text)
                  2001ecdc    00000050     simplelink.a : fs.obj (.text:sl_FsDel)
                  2001ed2c    0000004c     tasks.obj (.text:RdSensData_Init)
                  2001ed78    0000004c     driverlib.a : spi.obj (.text:SPIIntEnable)
                  2001edc4    0000004c     watchdog.obj (.text:WDT_init)
                  2001ee10    0000004c     simplelink.a : driver.obj (.text:_SlDrvProtectAsyncRespSetting)
                  2001ee5c    0000004c                  : driver.obj (.text:_SlDrvRxIrqHandler)
                  2001eea8    0000004c                  : socket.obj (.text:_sl_BuildAddress)
                  2001eef4    0000004c     rtsv7M4_T_le_eabi.lib : atoi.obj (.text)
                  2001ef40    0000004c                           : atol.obj (.text)
                  2001ef8c    0000004c                           : cpy_tbl.obj (.text)
                  2001efd8    0000004c                           : rand.obj (.text)
                  2001f024    0000004c     driverlib.a : udma.obj (.text:uDMAChannelAssign)
                  2001f070    0000004c     middleware.a : util64.obj (.text:util_u32_nsec_add)
                  2001f0bc    0000004a     rtsv7M4_T_le_eabi.lib : fd_tos_t2.obj (.text)
                  2001f106    00000002     --HOLE-- [fill = 0]
                  2001f108    00000048     driverlib.a : prcm.obj (.text:PRCMHibernateWakeupSourceDisable)
                  2001f150    00000048                 : prcm.obj (.text:PRCMHibernateWakeupSourceEnable)
                  2001f198    00000048                 : spi.obj (.text:SPIIntClear)
                  2001f1e0    00000048     mt9d111.obj (.text:Variable_Read)
                  2001f228    00000048     simplelink.a : driver.obj (.text:_SlDrvBasicCmd)
                  2001f270    00000048     http.obj (.text:addHttpRequestLine)
                  2001f2b8    00000048     approximations.obj (.text:fatan_15deg)
                  2001f300    00000048     rtsv7M4_T_le_eabi.lib : fd_toi_t2.obj (.text)
                  2001f348    00000046                           : ldexp.obj (.text)
                  2001f38e    00000002     --HOLE-- [fill = 0]
                  2001f390    00000044     driverlib.a : spi.obj (.text:SPIDmaMaskGet)
                  2001f3d4    00000044                 : timer.obj (.text:TimerConfigure)
                  2001f418    00000044     udma_if.obj (.text:UDMASetupTransfer)
                  2001f45c    00000044     simplelink.a : cc_pal.obj (.text:cc_SetupTransfer)
                  2001f4a0    00000044     main_FXOS8700.obj (.text:fxos_Calibration)
                  2001f4e4    00000044     rtsv7M4_T_le_eabi.lib : exit.obj (.text)
                  2001f528    00000044                           : fd_tou_t2.obj (.text)
                  2001f56c    00000042     simplelink.a : socket.obj (.text:sl_Htonl)
                  2001f5ae    00000002     --HOLE-- [fill = 0]
                  2001f5b0    00000040     driverlib.a : pin.obj (.text:PinModeSet)
                  2001f5f0    00000040     mt9d111.obj (.text:Variable_Write)
                  2001f630    00000040     wdt_if.obj (.text:WDT_IF_Init)
                  2001f670    00000040     http.obj (.text:getHttpResponseBody)
                  2001f6b0    00000040     rtsv7M4_T_le_eabi.lib : signal.obj (.text)
                  2001f6f0    00000040     timer_fns.obj (.text:start_1Sec_TimeoutTimer)
                  2001f730    0000003e     rtsv7M4_T_le_eabi.lib : strncasecmp.obj (.text)
                  2001f76e    0000003c     simplelink.a : netapp.obj (.text:CopyPingResultsToReport)
                  2001f7aa    00000002     --HOLE-- [fill = 0]
                  2001f7ac    0000003c     tasks.obj (.text:Fusion_Init)
                  2001f7e8    0000003c     ota.obj (.text:OTA_Init)
                  2001f824    0000003c     driverlib.a : prcm.obj (.text:PRCMPeripheralClkEnable)
                  2001f860    0000003c                 : prcm.obj (.text:PRCMSlowClkCtrFastGet)
                  2001f89c    0000003c     mt9d111.obj (.text:Reg_Read)
                  2001f8d8    0000003c     simplelink.a : socket.obj (.text:_sl_TruncatePayloadByProtocol)
                  2001f914    0000003c     rtsv7M4_T_le_eabi.lib : boot.obj (.text)
                  2001f950    0000003c     simplelink.a : socket.obj (.text:sl_Htons)
                  2001f98c    0000003c     timer_fns.obj (.text:start_100mSecTimer)
                  2001f9c8    0000003c     driverlib.a : udma.obj (.text:uDMAChannelControlSet)
                  2001fa04    0000003a                 : camera.obj (.text:CameraCaptureStop)
                  2001fa3e    0000003a                 : camera.obj (.text:CameraXClkConfig)
                  2001fa78    0000003a     appFns_LightSensor.obj (.text:IsLightOff)
                  2001fab2    0000003a     mt9d111.obj (.text:Reg_Write)
                  2001faec    0000003a     orientation.obj (.text:fLPFScalar)
                  2001fb26    0000003a     request.obj (.text:parseSendRequest)
                  2001fb60    00000039     http.obj (.text:addHttpRequestHeader)
                  2001fb99    00000003     --HOLE-- [fill = 0]
                  2001fb9c    00000038     main.obj (.text:BoardInit)
                  2001fbd4    00000038     LED_timer.obj (.text:LEDTimer_Enable)
                  2001fc0c    00000038     simplelink.a : cc_pal.obj (.text:NwpPowerOff)
                  2001fc44    00000038     free_rtos.a : heap_3.obj (.text)
                  2001fc7c    00000038     rtsv7M4_T_le_eabi.lib : fs_tod_t2.obj (.text)
                  2001fcb4    00000038                           : fs_toi_t2.obj (.text)
                  2001fcec    00000038                           : i_tofs_t2.obj (.text)
                  2001fd24    00000036     driverlib.a : gpio.obj (.text:GPIODirModeSet)
                  2001fd5a    00000036     simplelink.a : netapp.obj (.text:sl_NetAppMDNSUnRegisterService)
                  2001fd90    00000035     http.obj (.text:beginHttpRequest)
                  2001fdc5    00000001     --HOLE-- [fill = 0]
                  2001fdc6    00000034     driverlib.a : camera.obj (.text:CameraParamsConfig)
                  2001fdfa    00000002     --HOLE-- [fill = 0]
                  2001fdfc    00000034     LED_timer.obj (.text:LEDTimer_Start)
                  2001fe30    00000034     driverlib.a : prcm.obj (.text:PRCMPeripheralStatusGet)
                  2001fe64    00000034                 : spi.obj (.text:SPIFIFOLevelSet)
                  2001fe98    00000034     http.obj (.text:getHttpResponseStatus)
                  2001fecc    00000034     main_FXOS8700.obj (.text:get_angle)
                  2001ff00    00000034     rtsv7M4_T_le_eabi.lib : feraiseexcept.obj (.text)
                  2001ff34    00000034                           : fs_tou_t2.obj (.text)
                  2001ff68    00000034                           : strstr.obj (.text)
                  2001ff9c    00000032     timer_if.obj (.text:Timer_IF_Init)
                  2001ffce    00000030     driverlib.a : pin.obj (.text:PinTypeGPIO)
                  2001fffe    00000002     --HOLE-- [fill = 0]
                  20020000    00000030                 : uart.obj (.text:UARTDisable)
                  20020030    00000030     simplelink.a : device.obj (.text:_SlDrvDeviceEventHandler)
                  20020060    00000030                  : fs.obj (.text:_sl_Strlen)
                  20020090    00000030     middleware.a : rtc_hal.obj (.text:hw_access_time_addup)
                  200200c0    00000030     rtsv7M4_T_le_eabi.lib : strncpy.obj (.text)
                  200200f0    00000030                           : xferaise.obj (.text)
                  20020120    00000030     simplelink.a : socket.obj (.text:sl_Close)
                  20020150    00000030                  : wlan.obj (.text:sl_WlanProfileDel)
                  20020180    00000030                  : wlan.obj (.text:sl_WlanSetMode)
                  200201b0    0000002e     rtsv7M4_T_le_eabi.lib : i_tofd_t2.obj (.text)
                  200201de    0000002e                           : raise.obj (.text)
                  2002020c    0000002d     http.obj (.text:addHttpRequestHeaderInt)
                  20020239    00000003     --HOLE-- [fill = 0]
                  2002023c    0000002c     tasks.obj (.text:ApplyMagHAL)
                  20020268    0000002c     driverlib.a : camera.obj (.text:CameraIntEnable)
                  20020294    0000002c     simplelink.a : cc_pal.obj (.text:DmaSpiSwIntHandler)
                  200202c0    0000002c     driverlib.a : i2c.obj (.text:I2CMasterErr)
                  200202ec    0000002c     timer_fns.obj (.text:IntHandler_1Sec_TimeoutTimer)
                  20020318    0000002c     driverlib.a : prcm.obj (.text:PRCMSysResetCauseGet)
                  20020344    0000002c     mt9d111.obj (.text:SoftReset_ImageSensor)
                  20020370    0000002c     cc3200_utils.obj (.text:getDeviceTimeDate)
                  2002039c    0000002c     request.obj (.text:setDataBufferPointer)
                  200203c8    0000002a     driverlib.a : timer.obj (.text:TimerLoadSet)
                  200203f2    0000002a                 : timer.obj (.text:TimerPrescaleSet)
                  2002041c    0000002a     rtsv7M4_T_le_eabi.lib : xdclass.obj (.text)
                  20020446    0000002a     middleware.a : util64.obj (.text:util_u64_time_add)
                  20020470    00000029     ota.obj (.text:OTA_Update)
                  20020499    00000003     --HOLE-- [fill = 0]
                  2002049c    00000028     driverlib.a : camera.obj (.text:CameraIntStatus)
                  200204c4    00000028     uartA1_if.obj (.text:InitTerm)
                  200204ec    00000028     driverlib.a : prcm.obj (.text:IsRTCUsed)
                  20020514    00000028     uartA1_if.obj (.text:Message)
                  2002053c    00000028     driverlib.a : prcm.obj (.text:PRCMPeripheralClkDisable)
                  20020564    00000028     rtsv7M4_T_le_eabi.lib : strncat.obj (.text)
                  2002058c    00000028     simplelink.a : netapp.obj (.text:sl_NetAppStart)
                  200205b4    00000028                  : netapp.obj (.text:sl_NetAppStop)
                  200205dc    00000026     driverlib.a : camera.obj (.text:CameraThresholdSet)
                  20020602    00000026     simplelink.a : cc_pal.obj (.text:NwpRegisterInterruptHandler)
                  20020628    00000026     rtsv7M4_T_le_eabi.lib : strncmp.obj (.text)
                  2002064e    00000002     --HOLE-- [fill = 0]
                  20020650    00000024     driverlib.a : camera.obj (.text:CameraIntClear)
                  20020674    00000024     timer_fns.obj (.text:IntHandler_100mSecTimer)
                  20020698    00000024     driverlib.a : interrupt.obj (.text:IntUnregister)
                  200206bc    00000024                 : prcm.obj (.text:RTCU16MSecRegRead)
                  200206e0    00000024     timer_if.obj (.text:Timer_IF_Start)
                  20020704    00000024     driverlib.a : uart.obj (.text:UARTEnable)
                  20020728    00000024     mt9d111.obj (.text:WriteAllAEnAWBRegs)
                  2002074c    00000024     simplelink.a : driver.obj (.text:_SlDrvProtectionObjLockWaitForever)
                  20020770    00000024     main_FXOS8700.obj (.text:magnetometer_initialize)
                  20020794    00000024     rtsv7M4_T_le_eabi.lib : u_tofs_t2.obj (.text)
                  200207b8    00000022     driverlib.a : camera.obj (.text:CameraCaptureStart)
                  200207da    00000022                 : i2c.obj (.text:I2CMasterSlaveAddrSet)
                  200207fc    00000022     simplelink.a : socket.obj (.text:SL_FD_SET)
                  2002081e    00000022     driverlib.a : spi.obj (.text:SPIReset)
                  20020840    00000022                 : spi.obj (.text:SPIWordCountSet)
                  20020862    00000022     rtsv7M4_T_le_eabi.lib : frexp.obj (.text)
                  20020884    00000022                           : memcmp.obj (.text)
                  200208a6    00000020     driverlib.a : gpio.obj (.text:GPIOPinWrite)
                  200208c6    00000002     --HOLE-- [fill = 0]
                  200208c8    00000020                 : interrupt.obj (.text:IntRegister)
                  200208e8    00000020     simplelink.a : cc_pal.obj (.text:NwpPowerOn)
                  20020908    00000020     mt9d111.obj (.text:Refresh_mt9d111Firmware)
                  20020928    00000020     reset.obj (.text:Reset_byStarvingWDT)
                  20020948    00000020     simplelink.a : driver.obj (.text:_SlDrvProtectionObjUnLock)
                  20020968    00000020     rtsv7M4_T_le_eabi.lib : memchr.obj (.text)
                  20020988    00000020                           : u_tofd_t2.obj (.text)
                  200209a8    0000001e     driverlib.a : i2c.obj (.text:I2CMasterIntStatusEx)
                  200209c6    0000001e                 : timer.obj (.text:TimerDisable)
                  200209e4    0000001e                 : timer.obj (.text:TimerEnable)
                  20020a02    0000001e                 : timer.obj (.text:TimerIntStatus)
                  20020a20    0000001e                 : uart.obj (.text:UARTCharPut)
                  20020a3e    0000001e     simplelink.a : cc_pal.obj (.text:cc_UDMAChannelSelect)
                  20020a5c    0000001e     rtsv7M4_T_le_eabi.lib : strcat.obj (.text)
                  20020a7a    00000002     --HOLE-- [fill = 0]
                  20020a7c    0000001c     tasks.obj (.text:ApplyAccelHAL)
                  20020a98    0000001c     mt9d111.obj (.text:CameraSensorInit)
                  20020ab4    0000001c     udma_if.obj (.text:DmaSwIntHandler)
                  20020ad0    0000001c     driverlib.a : pin.obj (.text:PinTypeI2C)
                  20020aec    0000001c                 : timer.obj (.text:TimerValueGet)
                  20020b08    0000001c     simplelink.a : driver.obj (.text:_SlDrvObjLockWaitForever)
                  20020b24    0000001c                  : driver.obj (.text:_SlDrvSyncObjWaitForever)
                  20020b40    0000001c     rtsv7M4_T_le_eabi.lib : memccpy.obj (.text)
                  20020b5c    0000001c     timer_fns.obj (.text:stop_100mSecTimer)
                  20020b78    0000001c     timer_fns.obj (.text:stop_1Sec_TimeoutTimer)
                  20020b94    0000001c     driverlib.a : udma.obj (.text:uDMAChannelDisable)
                  20020bb0    0000001c                 : udma.obj (.text:uDMAChannelEnable)
                  20020bcc    0000001c     main.obj (.text:vApplicationMallocFailedHook)
                  20020be8    0000001a     driverlib.a : pin.obj (.text:PinTypeCamera)
                  20020c02    0000001a                 : pin.obj (.text:PinTypeUART)
                  20020c1c    0000001a                 : spi.obj (.text:SPIDmaDisable)
                  20020c36    0000001a                 : spi.obj (.text:SPIDmaEnable)
                  20020c50    0000001a                 : spi.obj (.text:SPIFIFODisable)
                  20020c6a    0000001a                 : spi.obj (.text:SPIFIFOEnable)
                  20020c84    00000018                 : camera.obj (.text:CameraReset)
                  20020c9c    00000018     startup_ccs.obj (.text:FaultISR)
                  20020cb4    00000018     driverlib.a : gpio.obj (.text:GPIOPinRead)
                  20020ccc    00000018     app_common.obj (.text:LED_Off)
                  20020ce4    00000018     app_common.obj (.text:LED_On)
                  20020cfc    00000018     driverlib.a : prcm.obj (.text:PRCMHibernateEnter)
                  20020d14    00000018                 : spi.obj (.text:SPICSDisable)
                  20020d2c    00000018                 : spi.obj (.text:SPICSEnable)
                  20020d44    00000018                 : spi.obj (.text:SPIDisable)
                  20020d5c    00000018                 : spi.obj (.text:SPIEnable)
                  20020d74    00000018                 : timer.obj (.text:TimerIntEnable)
                  20020d8c    00000018     timer_if.obj (.text:Timer_IF_InterruptClear)
                  20020da4    00000018     driverlib.a : wdt.obj (.text:WatchdogStallEnable)
                  20020dbc    00000018                 : wdt.obj (.text:WatchdogUnlock)
                  20020dd4    00000018     simplelink.a : driver.obj (.text:_SlDrvObjUnLock)
                  20020dec    00000018                  : driver.obj (.text:_SlDrvSyncObjSignal)
                  20020e04    00000018                  : device.obj (.text:_sl_GetStartResponseConvert)
                  20020e1c    00000018     middleware.a : rtc_hal.obj (.text:get_value)
                  20020e34    00000018     rtsv7M4_T_le_eabi.lib : args_main.obj (.text)
                  20020e4c    00000018                           : strcmp.obj (.text)
                  20020e64    00000016     driverlib.a : camera.obj (.text:CameraDMAEnable)
                  20020e7a    00000016                 : camera.obj (.text:CameraIntRegister)
                  20020e90    00000016                 : i2c.obj (.text:I2CMasterDataPut)
                  20020ea6    00000016                 : i2c.obj (.text:I2CMasterEnable)
                  20020ebc    00000016                 : prcm.obj (.text:PRCMHIBRegRead)
                  20020ed2    00000016                 : prcm.obj (.text:PRCMHIBRegWrite)
                  20020ee8    00000016                 : wdt.obj (.text:WatchdogEnable)
                  20020efe    00000016     simplelink.a : driver.obj (.text:_SlDrvMemZero)
                  20020f14    00000016     rtsv7M4_T_le_eabi.lib : strchr.obj (.text)
                  20020f2a    00000014     driverlib.a : cpu.obj (.text:CPUcpsie)
                  20020f3e    00000002     --HOLE-- [fill = 0]
                  20020f40    00000014                 : interrupt.obj (.text:IntVTableBaseSet)
                  20020f54    00000014     LED_timer.obj (.text:LEDTimer_Stop)
                  20020f68    00000014     mt9d111.obj (.text:SetShutterWidth)
                  20020f7c    00000014     rtsv7M4_T_le_eabi.lib : _lock.obj (.text)
                  20020f90    00000014                           : strcpy.obj (.text)
                  20020fa4    00000014                           : strlen.obj (.text)
                  20020fb8    00000014     driverlib.a : udma.obj (.text:uDMAControlBaseSet)
                  20020fcc    00000014                 : udma.obj (.text:uDMAIntClear)
                  20020fe0    00000012                 : i2c.obj (.text:I2CMasterControl)
                  20020ff2    00000012                 : i2c.obj (.text:I2CMasterIntClearEx)
                  20021004    00000012                 : i2c.obj (.text:I2CMasterTimeoutSet)
                  20021016    00000012                 : timer.obj (.text:TimerIntClear)
                  20021028    00000012                 : wdt.obj (.text:WatchdogReloadSet)
                  2002103a    00000002     --HOLE-- [fill = 0]
                  2002103c    00000010                 : prcm.obj (.text:PRCMSOCReset)
                  2002104c    00000010                 : prcm.obj (.text:RTCU32SecRegRead)
                  2002105c    00000010     simplelink.a : socket.obj (.text:SL_FD_ZERO)
                  2002106c    00000010     timer_if.obj (.text:Timer_IF_Stop)
                  2002107c    00000010     driverlib.a : wdt.obj (.text:WatchdogIntClear)
                  2002108c    00000010     cc3200_socket.obj (.text:socketClose)
                  2002109c    0000000e     driverlib.a : i2c.obj (.text:I2CMasterDataGet)
                  200210aa    0000000e     simplelink.a : driver.obj (.text:_SlDrvResetCmdExt)
                  200210b8    0000000e     rtsv7M4_T_le_eabi.lib : copy_decompress_none.obj (.text:decompress:none)
                  200210c6    0000000c     udma_if.obj (.text:DmaErrorIntHandler)
                  200210d2    00000002     --HOLE-- [fill = 0]
                  200210d4    0000000c     simplelink.a : cc_pal.obj (.text:NwpMaskInterrupt)
                  200210e0    0000000c                  : cc_pal.obj (.text:NwpUnMaskInterrupt)
                  200210ec    0000000c     middleware.a : rtc_hal.obj (.text:cc_rtc_get)
                  200210f8    0000000c     rtsv7M4_T_le_eabi.lib : copy_zero_init.obj (.text:decompress:ZI)
                  20021104    0000000c     parse_impl.obj (.text:getInternalClient)
                  20021110    0000000c     simplelink.a : wlan.obj (.text:sl_WlanDisconnect)
                  2002111c    0000000c     driverlib.a : udma.obj (.text:uDMAEnable)
                  20021128    0000000c                 : udma.obj (.text:uDMAIntStatus)
                  20021134    0000000a                 : interrupt.obj (.text:IntMasterEnable)
                  2002113e    0000000a     main.obj (.text:vApplicationStackOverflowHook)
                  20021148    00000008     hibernate_related_fns.obj (.text:sensorsTriggerSetup)
                  20021150    00000006     i2cconfig.obj (.text:MT9D111Delay)
                  20021156    00000006     startup_ccs.obj (.text:ResetISR)
                  2002115c    00000006     driverlib.a : utils.obj (.text:UtilsDelay)
                  20021162    00000006     rtsv7M4_T_le_eabi.lib : copy_decompress_rle.obj (.text:decompress:rle24)
                  20021168    00000006                           : logf.obj (.text)
                  2002116e    00000006                           : sinf.obj (.text)
                  20021174    00000004                           : error.obj (.text)
                  20021178    00000004                           : pre_init.obj (.text)

.const     0    2002117c    00001357     
                  2002117c    00000170     mt9d111.obj (.const:capture_cmds_list)
                  200212ec    00000140     mt9d111.obj (.const:init_cmds_list)
                  2002142c    00000101     rtsv7M4_T_le_eabi.lib : ctype.obj (.const:.string:_ctypes_)
                  2002152d    00000003     --HOLE-- [fill = 0]
                  20021530    00000100     driverlib.a : pin.obj (.const:g_ulPinToPadMap)
                  20021630    000000f8     mt9d111.obj (.const:$P$T18$19)
                  20021728    000000d4     driverlib.a : interrupt.obj (.const:g_pulRegs)
                  200217fc    000000cc     mt9d111.obj (.const)
                  200218c8    000000b0     simplelink.a : wlan.obj (.const:$P$T0$1)
                  20021978    000000a8     driverlib.a : prcm.obj (.const:PRCM_PeriphRegsList)
                  20021a20    000000a4     mt9d111.obj (.const:$P$T2$3)
                  20021ac4    00000088     network_relater_fns.obj (.const:.string)
                  20021b4c    00000085     lightSens_isl29035.obj (.const:.string)
                  20021bd1    00000083     mt9d111.obj (.const:.string)
                  20021c54    00000081     parse_uploads.obj (.const:.string)
                  20021cd5    00000003     --HOLE-- [fill = 0]
                  20021cd8    00000080     driverlib.a : interrupt.obj (.const)
                  20021d58    0000007a     camera_app.obj (.const:.string)
                  20021dd2    00000074     user_configure_fn.obj (.const:.string)
                  20021e46    00000068     mt9d111.obj (.const:$P$T17$18)
                  20021eae    00000002     --HOLE-- [fill = 0]
                  20021eb0    00000068     appFns_BatteryLevelSense.obj (.const:V2CEntry$1)
                  20021f18    00000054     mt9d111.obj (.const:$P$T20$21)
                  20021f6c    00000050     accelomtrMagntomtr_fxos8700.obj (.const:.string)
                  20021fbc    0000004c     mt9d111.obj (.const:$P$T6$7)
                  20022008    0000004b     tempRHSens_si7020.obj (.const:.string)
                  20022053    0000003c     i2c_app.obj (.const:.string)
                  2002208f    00000001     --HOLE-- [fill = 0]
                  20022090    0000003c     simplelink.a : driver.obj (.const:OpcodeTranslateTable)
                  200220cc    0000003c                  : wlan.obj (.const)
                  20022108    00000038                  : driver.obj (.const:_SlActionLookupTable)
                  20022140    00000038     rtsv7M4_T_le_eabi.lib : xflog.obj (.const)
                  20022178    00000038     simplelink.a : fs.obj (.const)
                  200221b0    00000036     flash_files.obj (.const:.string)
                  200221e6    00000002     --HOLE-- [fill = 0]
                  200221e8    00000034     rtsv7M4_T_le_eabi.lib : xfatan.obj (.const)
                  2002221c    00000034     simplelink.a : driver.obj (.const)
                  20022250    00000034                  : socket.obj (.const)
                  20022284    0000002c     network_relater_fns.obj (.const:$P$T1$2)
                  200222b0    00000029     network_relater_fns.obj (.const)
                  200222d9    00000003     --HOLE-- [fill = 0]
                  200222dc    00000028     rtsv7M4_T_le_eabi.lib : xfdint.obj (.const)
                  20022304    00000028                           : xfsin.obj (.const)
                  2002232c    00000028     simplelink.a : netapp.obj (.const)
                  20022354    00000024     network_relater_fns.obj (.const:g_acMonthOfYear)
                  20022378    00000023     batteryVoltLvlSens_adc081c021.obj (.const:.string:$P$T0$1)
                  2002239b    00000023     parse_uploads.obj (.const:.string:$P$T5$6)
                  200223be    00000022     network_relater_fns.obj (.const:.string:$P$T0$1)
                  200223e0    0000001c     rtsv7M4_T_le_eabi.lib : tanf.obj (.const)
                  200223fc    0000001c                           : xfexp.obj (.const)
                  20022418    00000018     driverlib.a : spi.obj (.const)
                  20022430    00000017     request.obj (.const:.string)
                  20022447    00000016     appFns_LightSensor.obj (.const:.string)
                  2002245d    00000001     --HOLE-- [fill = 0]
                  2002245e    00000014     simplelink.a : device.obj (.const)
                  20022472    00000013     SendObject_ToParse.obj (.const:.string)
                  20022485    00000010     simplelink.a : socket.obj (.const:.string)
                  20022495    0000000f     application_fn.obj (.const:.string)
                  200224a4    0000000f     sendGroundData.obj (.const:.string)
                  200224b3    0000000b     app_common.obj (.const:.string)
                  200224be    00000008     simplelink.a : device.obj (.const:.string)
                  200224c6    00000008                  : netcfg.obj (.const)
                  200224ce    00000005     main.obj (.const:.string)

.cinit     0    200224d8    000004f0     
                  200224d8    000004cb     (.cinit..data.load) [load image, compression = rle]
                  200229a3    00000001     --HOLE-- [fill = 0]
                  200229a4    0000000c     (__TI_handler_table)
                  200229b0    00000008     (.cinit..bss.load) [load image, compression = zero_init]
                  200229b8    00000010     (__TI_cinit_table)

.init_array 
*          0    20004000    00000000     UNINITIALIZED

.bss       0    20023c00    0001706e     UNINITIALIZED
                  20023c00    00014000     main.obj (.bss:g_image_buffer)
                  20037c00    00000b58     tasks.obj (.bss:thisMagBuffer)
                  20038758    000005a0     ota.a : OtaHttp.obj (.bss:recv_buf)
                  20038cf8    0000044c           : OtaClient.obj (.bss:g_OtaCheckUpdateResponse)
                  20039144    00000418     user_configure_fn.obj (.bss:thisMagCal)
                  2003955c    00000240     ota.obj (.bss:g_otaOptServerInfo)
                  2003979c    00000058     tasks.obj (.bss:thisMag)
                  200397f4    0000000c     (.common:g_SecParams)
                  20039800    00000400     udma_if.obj (.bss:gpCtlTbl)
                  20039c00    000003d8     ota.a : OtaClient.obj (.bss:g_OtaFileMetadata)
                  20039fd8    00000200           : OtaHttp.obj (.bss:send_buf)
                  2003a1d8    00000178     simplelink.a : driver.obj (.bss:g_StatMem)
                  2003a350    00000120     rtsv7M4_T_le_eabi.lib : trgmsg.obj (.bss:__CIOBUF_)
                  2003a470    00000100     udma_if.obj (.bss:gfpAppCallbackHndl)
                  2003a570    000000c8     free_rtos.a : tasks.obj (.bss:pxReadyTasksLists)
                  2003a638    000000ac     tasks.obj (.bss:thisSV_6DOF_GB_BASIC)
                  2003a6e4    000000a0     rtsv7M4_T_le_eabi.lib : defs.obj (.bss:__TI_tmpnams)
                  2003a784    00000074     ota.a : CdnClient.obj (.bss:g_CdnClient)
                  2003a7f8    00000050     simplelink.a : cc_pal.obj (.bss:g_ucDinDout)
                  2003a848    00000050     free_rtos.a : queue.obj (.bss:xQueueRegistry)
                  2003a898    0000004c     ota.a : OtaApp.obj (.bss:g_OtaApp)
                  2003a8e4    0000004c           : OtaApp.obj (.bss:g_OtaApp_statistics)
                  2003a930    00000040     network_relater_fns.obj (.bss:g_TimeData)
                  2003a970    00000034     cc3200_client_state.obj (.bss:clientStateFileName)
                  2003a9a4    00000034     main.obj (.bss:g_cWlanSecurityKey)
                  2003a9d8    00000034     tasks.obj (.bss:thisAccel)
                  2003aa0c    00000024     ota.a : OtaClient.obj (.bss:g_OtaClient)
                  2003aa30    00000024     main.obj (.bss:g_cWlanSSID)
                  2003aa54    00000024     main.obj (.bss:g_ucConnectionSSID)
                  2003aa78    0000001c     rtsv7M4_T_le_eabi.lib : vla_alloc.obj (.bss)
                  2003aa94    00000014     (.common:g_FlcSflashCb)
                  2003aaa8    00000014     (.common:g_flag_blockFull)
                  2003aabc    00000014     (.common:xDelayedTaskList1)
                  2003aad0    00000014     (.common:xDelayedTaskList2)
                  2003aae4    00000014     (.common:xPendingReadyList)
                  2003aaf8    00000014     (.common:xSuspendedTaskList)
                  2003ab0c    00000014     (.common:xTasksWaitingTermination)
                  2003ab20    00000010     (.common:ang_buf)
                  2003ab30    00000010     (.common:g_cResponseObjectID)
                  2003ab40    00000010     (.common:globals)
                  2003ab50    00000010     (.common:mqxglobals)
                  2003ab60    00000008     (.common:g_LogClient)
                  2003ab68    00000008     (.common:g_Struct_TimeStamp_MaxAngle)
                  2003ab70    00000008     (.common:g_Struct_TimeStamp_MinAngle)
                  2003ab78    00000008     (.common:g_Struct_TimeStamp_SnapAngle)
                  2003ab80    00000008     (.common:g_TimeStamp_CamUp)
                  2003ab88    00000008     (.common:g_TimeStamp_DoorClosed)
                  2003ab90    00000008     (.common:g_TimeStamp_MaxAngle)
                  2003ab98    00000008     (.common:g_TimeStamp_MinAngle)
                  2003aba0    00000008     (.common:g_TimeStamp_NWPUp)
                  2003aba8    00000008     (.common:g_TimeStamp_PhotoSnap)
                  2003abb0    00000008     (.common:g_TimeStamp_PhotoUploaded)
                  2003abb8    00000008     (.common:g_TimeStamp_SnapAngle)
                  2003abc0    00000008     (.common:g_TimeStamp_cc3200Up)
                  2003abc8    00000008     (.common:g_ucConnectionBSSID)
                  2003abd0    00000008     (.common:parmbuf)
                  2003abd8    00000008     (.common:sBootInfo)
                  2003abe0    00000004     (.common:DMAMsgQ)
                  2003abe4    00000004     (.common:Elapsed_100MilliSecs)
                  2003abe8    00000004     (.common:Elapsed_1Secs)
                  2003abec    00000004     (.common:__Errorlog)
                  2003abf0    00000004     (.common:angle_avg)
                  2003abf4    00000004     (.common:dataBuffer)
                  2003abf8    00000004     (.common:g_angleOffset_to180)
                  2003abfc    00000004     (.common:g_block_lastFilled)
                  2003ac00    00000004     (.common:g_cDummy)
                  2003ac04    00000004     (.common:g_cWlanSecurityType)
                  2003ac08    00000004     (.common:g_frame_size_in_bytes)
                  2003ac0c    00000004     (.common:g_pfUserConfigData)
                  2003ac10    00000004     (.common:g_position_in_block)
                  2003ac14    00000004     (.common:g_readHeader)
                  2003ac18    00000004     (.common:g_total_dma_intrpts)
                  2003ac1c    00000004     (.common:g_ulAppStatus)
                  2003ac20    00000004     (.common:g_ulAppTimeout_ms)
                  2003ac24    00000004     (.common:g_ulSimplelinkStatus)
                  2003ac28    00000004     (.common:g_ulWatchdogCycles)
                  2003ac2c    00000004     (.common:gdoor_40deg_angle)
                  2003ac30    00000004     (.common:gdoor_90deg_angle)
                  2003ac34    00000004     (.common:gdoor_OpenDeg_angle)
                  2003ac38    00000004     (.common:pvOtaApp)
                  2003ac3c    00000004     (.common:pxDelayedTaskList)
                  2003ac40    00000004     (.common:pxOverflowDelayedTaskList)
                  2003ac44    00000002     (.common:g_fMaxAngle)
                  2003ac46    00000002     (.common:g_fMinAngle)
                  2003ac48    00000001     (.common:RxIrqCnt)
                  2003ac49    00000001     (.common:avg_buffer_cnt)
                  2003ac4a    00000001     (.common:captureTimeout_Flag)
                  2003ac4b    00000001     (.common:checkForLight_Flag)
                  2003ac4c    00000001     (.common:cnt_LED_Timer)
                  2003ac4d    00000001     (.common:g_BlinkCount)
                  2003ac4e    00000001     (.common:g_I2CPeripheral_inUse_Flag)
                  2003ac4f    00000001     (.common:g_NoOfBlinks)
                  2003ac50    00000001     (.common:g_OffTime)
                  2003ac51    00000001     (.common:g_OnTime)
                  2003ac52    00000001     (.common:g_PhoneConnected_ToCC3200AP_flag)
                  2003ac53    00000001     (.common:g_Task1_Notification)
                  2003ac54    00000001     (.common:g_Task3_Notification)
                  2003ac55    00000001     (.common:g_dma_txn_done)
                  2003ac56    00000001     (.common:g_flag_DataBlockFilled)
                  2003ac57    00000001     (.common:g_flag_door_closing_45degree)
                  2003ac58    00000001     (.common:g_frame_end)
                  2003ac59    00000001     (.common:g_ucAWBOff)
                  2003ac5a    00000001     (.common:g_ucAWBOn)
                  2003ac5b    00000001     (.common:g_ucAction)
                  2003ac5c    00000001     (.common:g_ucActionButton)
                  2003ac5d    00000001     (.common:g_ucAngle40)
                  2003ac5e    00000001     (.common:g_ucAngle90)
                  2003ac5f    00000001     (.common:g_ucCalibration)
                  2003ac60    00000001     (.common:g_ucConfig)
                  2003ac61    00000001     (.common:g_ucExitButton)
                  2003ac62    00000001     (.common:g_ucFeedWatchdog)
                  2003ac63    00000001     (.common:g_ucMagCalb)
                  2003ac64    00000001     (.common:g_ucPreviewStart)
                  2003ac65    00000001     (.common:g_ucPreviewStop)
                  2003ac66    00000001     (.common:g_ucProfileAdded)
                  2003ac67    00000001     (.common:g_ucPushButtonPressedTwice)
                  2003ac68    00000001     (.common:g_ucReasonForFailure)
                  2003ac69    00000001     (.common:g_ucSAVE)
                  2003ac6a    00000001     (.common:iDone)
                  2003ac6b    00000001     (.common:isitfirsttime)
                  2003ac6c    00000001     (.common:print_count)
                  2003ac6d    00000001     (.common:valid_case)

.TI.noinit 
*          0    20023c00    00000000     UNINITIALIZED

.sysmem    0    2003ac70    00005000     UNINITIALIZED
                  2003ac70    00000008     rtsv7M4_T_le_eabi.lib : memory.obj (.sysmem)
                  2003ac78    00004ff8     --HOLE--


LINKER GENERATED COPY TABLES

__TI_cinit_table @ 200229b8 records: 2, size/record: 8, table size: 16
	.data: load addr=200224d8, load size=000004cb bytes, run addr=20000000, run size=00000900 bytes, compression=rle
	.bss: load addr=200229b0, load size=00000008 bytes, run addr=20023c00, run size=0001706e bytes, compression=zero_init


LINKER GENERATED HANDLER TABLE

__TI_handler_table @ 200229a4 records: 3, size/record: 4, table size: 12
	index: 0, handler: __TI_decompress_rle24
	index: 1, handler: __TI_decompress_none
	index: 2, handler: __TI_zero_init


GLOBAL SYMBOLS: SORTED ALPHABETICALLY BY Name 

address   name                                  
-------   ----                                  
2001b8e1  Add_NumberField_ToJSONString          
20020a7d  ApplyAccelHAL                         
2002023d  ApplyMagHAL                           
2001f4e5  C$$EXIT                               
2001dda3  C$$IO$$                               
2001e23d  CCMRegs_Read                          
20020f2b  CPUcpsie                              
20013c8d  Calculate_DoorOpenThresholdAngle      
200131dd  Calculate_TrueMinMaxAngles            
2001d65d  CamControllerInit                     
200207b9  CameraCaptureStart                    
2001fa05  CameraCaptureStop                     
20020e65  CameraDMAEnable                       
20020651  CameraIntClear                        
20020269  CameraIntEnable                       
20020e7b  CameraIntRegister                     
2002049d  CameraIntStatus                       
2001fdc7  CameraParamsConfig                    
20020c85  CameraReset                           
20020a99  CameraSensorInit                      
200205dd  CameraThresholdSet                    
2001fa3f  CameraXClkConfig                      
2000fbe1  CaptureImage                          
20013805  CaptureandSavePreviewImage            
2000d92b  CdnClient_CloseServer                 
2000d949  CdnClient_ConnectByUrl                
2000d8f9  CdnClient_Init                        
2000d7c3  CdnClient_Run                         
2000d7b9  CdnClient_SetFileInfo                 
2001b979  Check_I2CDevices                      
20019725  Check_MinMax                          
2001ba0d  Config_CameraCapture                  
2001ce25  ConfigureMode                         
2000ec69  ConfigureSimpleLinkToDefaultState     
20011e11  ConstructDeviceStateObject            
2000dd55  ConstructGroundDataObject             
20010fd5  ConstructUserConfigObject             
2001f76f  CopyPingResultsToReport               
2003abe0  DMAMsgQ                               
2000063c  DigiCertHighAssuranceEVRootCA_der_len 
200210c7  DmaErrorIntHandler                    
20020295  DmaSpiSwIntHandler                    
20020ab5  DmaSwIntHandler                       
2003abe4  Elapsed_100MilliSecs                  
2003abe8  Elapsed_1Secs                         
20019d95  EnterStandby_mt9d111                  
20019fed  ExitStandby_mt9d111                   
20014aed  FXOS8700_Init                         
20016749  FXOS8700_ReadData                     
2001f7ad  Fusion_Init                           
2001482d  Fusion_Run                            
2001fd25  GPIODirModeSet                        
20020cb5  GPIOPinRead                           
200208a7  GPIOPinWrite                          
2000b621  GetSNTPTime                           
2001568d  GetTimeNTP                            
20018cc1  Get_BatteryPercent                    
2001d49d  Get_BatteryVoltageLevel_ADC081C021    
20017ea9  Get_FridgeCamID                       
20016a81  HIBernate                             
2000e95d  HOSTclock                             
2000e925  HOSTclose                             
2000e8e7  HOSTgetenv                            
2000e88b  HOSTlseek                             
2000e839  HOSTopen                              
2000e7ed  HOSTread                              
2000e78f  HOSTrename                            
2000e755  HOSTtime                              
2000e71d  HOSTunlink                            
2000e6d1  HOSTwrite                             
200157c5  I2CBufferRead                         
2001617d  I2CBufferWrite                        
20020fe1  I2CMasterControl                      
2002109d  I2CMasterDataGet                      
20020e91  I2CMasterDataPut                      
20020ea7  I2CMasterEnable                       
200202c1  I2CMasterErr                          
2001c6b5  I2CMasterInitExpClk                   
20020ff3  I2CMasterIntClearEx                   
200209a9  I2CMasterIntStatusEx                  
200207db  I2CMasterSlaveAddrSet                 
20021005  I2CMasterTimeoutSet                   
2001ea5d  I2C_IF_Open                           
2001a175  I2C_IF_Read                           
2001a3b5  I2C_IF_Write                          
2001eaad  ImagCapture_Init                      
20015045  ImageSensor_CaptureConfigs_Task       
200204c5  InitTerm                              
2001cf15  InitialiseParse                       
2001b4b9  InitializeUserConfigVariables         
2001ae71  IntDisable                            
2001af19  IntEnable                             
20020675  IntHandler_100mSecTimer               
200202ed  IntHandler_1Sec_TimeoutTimer          
20021135  IntMasterEnable                       
2001e6b1  IntPendClear                          
2001e865  IntPrioritySet                        
200208c9  IntRegister                           
20020699  IntUnregister                         
20020f41  IntVTableBaseSet                      
2001b551  IntrptHandler_LEDTimer                
2001fa79  IsLightOff                            
2001baa1  IsLongPress                           
2001fbd5  LEDTimer_Enable                       
2001fdfd  LEDTimer_Start                        
20020f55  LEDTimer_Stop                         
2001bea9  LED_Blink_2                           
20020ccd  LED_Off                               
20020ce5  LED_On                                
2000e21f  LogClient_Close                       
2000e237  LogClient_ConnectAndPrint             
2000e1e9  LogClient_ConnectServer               
2000e1d1  LogClient_Init                        
2000e08d  LogClient_Print                       
20021151  MT9D111Delay                          
2000e9a5  MagCal_Run                            
2001873d  Main_Task_withHibernate               
20020515  Message                               
2001d1e5  NWP_SwitchOff                         
2001cf8d  NWP_SwitchOn                          
2001d50d  Network_IF_GetHostIP                  
200210d5  NwpMaskInterrupt                      
2001fc0d  NwpPowerOff                           
200208e9  NwpPowerOn                            
2001c739  NwpPowerOnPreamble                    
20020603  NwpRegisterInterruptHandler           
200210e1  NwpUnMaskInterrupt                    
200146c5  OTAServerInfoSet                      
2001b5e9  OTA_CommitImage                       
20020471  OTA_Update                            
20022090  OpcodeTranslateTable                  
2000c74b  OtaClient_CloseServer                 
2000c715  OtaClient_ConnectServer               
2000c6e3  OtaClient_GetNextUpdate               
2000c6b1  OtaClient_Init                        
2000c5db  OtaClient_ResourceMetadata            
2000c417  OtaClient_ResourceNameConvert         
2000c369  OtaClient_UpdateCheck                 
2001e709  PCLK_Rate_read                        
20015f15  PRCMCC3200MCUInit                     
20020ebd  PRCMHIBRegRead                        
20020ed3  PRCMHIBRegWrite                       
[...]
2001eea9  _sl_BuildAddress                      
2001eef5  atoi                                  
2001ef41  atol                                  
2001ef8d  copy_in                               
2001efd9  srand                                 
2001efef  rand                                  
2001f025  uDMAChannelAssign                     
2001f071  util_u32_nsec_add                     
2001f0bd  __aeabi_d2f                           
2001f109  PRCMHibernateWakeupSourceDisable      
2001f151  PRCMHibernateWakeupSourceEnable       
2001f199  SPIIntClear                           
2001f1e1  Variable_Read                         
2001f229  _SlDrvBasicCmd                        
2001f271  addHttpRequestLine                    
2001f2b9  fatan_15deg                           
2001f301  __aeabi_d2iz                          
2001f349  ldexp                                 
2001f3d5  TimerConfigure                        
2001f419  UDMASetupTransfer                     
2001f4a1  fxos_Calibration                      
2001f4e5  C$$EXIT                               
2001f4e9  abort                                 
2001f4f1  exit                                  
2001f529  __aeabi_d2uiz                         
2001f56d  sl_Htonl                              
2001f5b1  PinModeSet                            
2001f5f1  Variable_Write                        
2001f631  WDT_IF_Init                           
2001f671  getHttpResponseBody                   
2001f6b1  signal                                
2001f6f1  start_1Sec_TimeoutTimer               
2001f731  strncasecmp                           
2001f76f  CopyPingResultsToReport               
2001f7ad  Fusion_Init                           
2001f825  PRCMPeripheralClkEnable               
2001f861  PRCMSlowClkCtrFastGet                 
2001f89d  Reg_Read                              
2001f8d9  _sl_TruncatePayloadByProtocol         
2001f915  _c_int00                              
2001f951  sl_Htons                              
2001f98d  start_100mSecTimer                    
2001f9c9  uDMAChannelControlSet                 
2001fa05  CameraCaptureStop                     
2001fa3f  CameraXClkConfig                      
2001fa79  IsLightOff                            
2001fab3  Reg_Write                             
2001faed  fLPFScalar                            
2001fb27  parseSendRequest                      
2001fb61  addHttpRequestHeader                  
2001fbd5  LEDTimer_Enable                       
2001fc0d  NwpPowerOff                           
2001fc45  pvPortMalloc                          
2001fc65  vPortFree                             
2001fc7d  __aeabi_f2d                           
2001fcb5  __aeabi_f2iz                          
2001fced  __aeabi_i2f                           
2001fd25  GPIODirModeSet                        
2001fd5b  sl_NetAppMDNSUnRegisterService        
2001fd91  beginHttpRequest                      
2001fdc7  CameraParamsConfig                    
2001fdfd  LEDTimer_Start                        
2001fe31  PRCMPeripheralStatusGet               
2001fe65  SPIFIFOLevelSet                       
2001fe99  getHttpResponseStatus                 
2001fecd  get_angle                             
2001ff01  feraiseexcept                         
2001ff35  __aeabi_f2uiz                         
2001ff69  strstr                                
2001ff9d  Timer_IF_Init                         
2001ffcf  PinTypeGPIO                           
20020001  UARTDisable                           
20020031  _SlDrvDeviceEventHandler              
20020061  _sl_Strlen                            
200200c1  strncpy                               
200200f1  _Feraise                              
20020121  sl_Close                              
20020151  sl_WlanProfileDel                     
20020181  sl_WlanSetMode                        
200201b1  __aeabi_i2d                           
200201df  raise                                 
2002020d  addHttpRequestHeaderInt               
2002023d  ApplyMagHAL                           
20020269  CameraIntEnable                       
20020295  DmaSpiSwIntHandler                    
200202c1  I2CMasterErr                          
200202ed  IntHandler_1Sec_TimeoutTimer          
20020319  PRCMSysResetCauseGet                  
20020345  SoftReset_ImageSensor                 
2002039d  setDataBufferPointer                  
200203c9  TimerLoadSet                          
200203f3  TimerPrescaleSet                      
2002041d  _Dclass                               
20020447  util_u64_time_add                     
20020471  OTA_Update                            
2002049d  CameraIntStatus                       
200204c5  InitTerm                              
20020515  Message                               
2002053d  PRCMPeripheralClkDisable              
20020565  strncat                               
2002058d  sl_NetAppStart                        
200205b5  sl_NetAppStop                         
200205dd  CameraThresholdSet                    
20020603  NwpRegisterInterruptHandler           
20020629  strncmp                               
20020651  CameraIntClear                        
20020675  IntHandler_100mSecTimer               
20020699  IntUnregister                         
200206e1  Timer_IF_Start                        
20020705  UARTEnable                            
20020729  WriteAllAEnAWBRegs                    
2002074d  _SlDrvProtectionObjLockWaitForever    
20020771  magnetometer_initialize               
20020795  __aeabi_ui2f                          
200207b9  CameraCaptureStart                    
200207db  I2CMasterSlaveAddrSet                 
200207fd  SL_FD_SET                             
2002081f  SPIReset                              
20020841  SPIWordCountSet                       
20020863  frexp                                 
20020885  memcmp                                
200208a7  GPIOPinWrite                          
200208c9  IntRegister                           
200208e9  NwpPowerOn                            
20020909  Refresh_mt9d111Firmware               
20020929  Reset_byStarvingWDT                   
20020949  _SlDrvProtectionObjUnLock             
20020969  memchr                                
20020989  __aeabi_ui2d                          
200209a9  I2CMasterIntStatusEx                  
200209c7  TimerDisable                          
200209e5  TimerEnable                           
20020a03  TimerIntStatus                        
20020a21  UARTCharPut                           
20020a5d  strcat                                
20020a7d  ApplyAccelHAL                         
20020a99  CameraSensorInit                      
20020ab5  DmaSwIntHandler                       
20020ad1  PinTypeI2C                            
20020aed  TimerValueGet                         
20020b09  _SlDrvObjLockWaitForever              
20020b25  _SlDrvSyncObjWaitForever              
20020b41  memccpy                               
20020b5d  stop_100mSecTimer                     
20020b79  stop_1Sec_TimeoutTimer                
20020b95  uDMAChannelDisable                    
20020bb1  uDMAChannelEnable                     
20020bcd  vApplicationMallocFailedHook          
20020be9  PinTypeCamera                         
20020c03  PinTypeUART                           
20020c1d  SPIDmaDisable                         
20020c37  SPIDmaEnable                          
20020c51  SPIFIFODisable                        
20020c6b  SPIFIFOEnable                         
20020c85  CameraReset                           
20020cb5  GPIOPinRead                           
20020ccd  LED_Off                               
20020ce5  LED_On                                
20020cfd  PRCMHibernateEnter                    
20020d15  SPICSDisable                          
20020d2d  SPICSEnable                           
20020d45  SPIDisable                            
20020d5d  SPIEnable                             
20020d75  TimerIntEnable                        
20020d8d  Timer_IF_InterruptClear               
20020da5  WatchdogStallEnable                   
20020dbd  WatchdogUnlock                        
20020dd5  _SlDrvObjUnLock                       
20020ded  _SlDrvSyncObjSignal                   
20020e05  _sl_GetStartResponseConvert           
20020e35  _args_main                            
20020e4d  strcmp                                
20020e65  CameraDMAEnable                       
20020e7b  CameraIntRegister                     
20020e91  I2CMasterDataPut                      
20020ea7  I2CMasterEnable                       
20020ebd  PRCMHIBRegRead                        
20020ed3  PRCMHIBRegWrite                       
20020ee9  WatchdogEnable                        
20020eff  _SlDrvMemZero                         
20020f15  strchr                                
20020f2b  CPUcpsie                              
20020f41  IntVTableBaseSet                      
20020f55  LEDTimer_Stop                         
20020f69  SetShutterWidth                       
20020f7d  _register_unlock                      
20020f83  _register_lock                        
20020f8b  _nop                                  
20020f91  strcpy                                
20020fa5  strlen                                
20020fb9  uDMAControlBaseSet                    
20020fcd  uDMAIntClear                          
20020fe1  I2CMasterControl                      
20020ff3  I2CMasterIntClearEx                   
20021005  I2CMasterTimeoutSet                   
20021017  TimerIntClear                         
20021029  WatchdogReloadSet                     
2002103d  PRCMSOCReset                          
2002105d  SL_FD_ZERO                            
2002106d  Timer_IF_Stop                         
2002107d  WatchdogIntClear                      
2002108d  socketClose                           
2002109d  I2CMasterDataGet                      
200210ab  _SlDrvResetCmdExt                     
200210b9  __TI_decompress_none                  
200210c7  DmaErrorIntHandler                    
200210d5  NwpMaskInterrupt                      
200210e1  NwpUnMaskInterrupt                    
200210ed  cc_rtc_get                            
200210f9  __TI_zero_init                        
20021105  getInternalClient                     
20021111  sl_WlanDisconnect                     
2002111d  uDMAEnable                            
20021129  uDMAIntStatus                         
20021135  IntMasterEnable                       
2002113f  vApplicationStackOverflowHook         
20021149  sensorsTriggerSetup                   
20021151  MT9D111Delay                          
20021157  ResetISR                              
2002115d  UtilsDelay                            
20021163  __TI_decompress_rle24                 
20021169  logf                                  
2002116f  sinf                                  
20021175  __abort_execution                     
20021179  _system_pre_init                      
2002142c  _ctypes_                              
20021ac4  g_acSNTPserver                        
20021ae2  g_acNumOfDaysPerMonth                 
20021aee  g_acDigits                            
20022090  OpcodeTranslateTable                  
200220cc  _SlPolicySetCmdCtrl                   
200220d0  _SlPolicyGetCmdCtrl                   
200220d4  _SlProfileGetCmdCtrl                  
200220d8  _SlProfileDelCmdCtrl                  
200220dc  _SlWlanGetNetworkListCtrl             
200220e0  _SlRxFilterAddtCmdCtrl                
200220e4  _SlRxFilterSetCmdCtrl                 
200220e8  _SlRxFilterGetCmdCtrl                 
200220ec  _SlSmartConfigStartCmdCtrl            
200220f0  _SlWlanSetModeCmdCtrl                 
200220f4  _SlWlanCfgSetCmdCtrl                  
200220f8  _SlWlanCfgGetCmdCtrl                  
20022108  _SlActionLookupTable                  
20022178  _SlFsOpenCmdCtrl                      
2002217c  _SlFsCloseCmdCtrl                     
20022180  _SlFsReadCmdCtrl                      
20022184  _SlFsWriteCmdCtrl                     
20022188  _SlFsGetInfoCmdCtrl                   
2002218c  _SlFsDeleteCmdCtrl                    
2002221c  g_H2NSyncPattern                      
20022224  g_H2NCnysPattern                      
2002222c  RxMsgClassLUT                         
20022250  _SlSockSocketCmdCtrl                  
20022254  _SlSockCloseCmdCtrl                   
20022258  _SlRecvfomCmdCtrl                     
2002225c  _SlSendCmdCtrl                        
20022260  _SlListenCmdCtrl                      
20022264  _SlAcceptCmdCtrl                      
20022268  _SlRecvCmdCtrl                        
2002226c  _SlSetSockOptCmdCtrl                  
20022270  _SlGetSockOptCmdCtrl                  
20022274  _SlSelectCmdCtrl                      
200222b0  g_acDaysOfWeek2013                    
2002232c  _SlNetAppStartCtrl                    
20022330  _SlNetAppStopCtrl                     
20022334  _SlGetServiceListeCtrl                
20022338  _SlRegisterServiceCtrl                
2002233c  _SlGetHostByServiceCtrl               
20022340  _SlGetHostByNameCtrl                  
20022344  _SlNetAppSetCmdCtrl                   
20022348  _SlNetAppSendTokenValueCmdCtrl        
2002234c  _SlNetAppGetCmdCtrl                   
20022354  g_acMonthOfYear                       
20022430  g_deviceClientVersion                 
2002245e  _SlStopCmdCtrl                        
20022462  _SlEventMaskSetCmdCtrl                
20022466  _SlEventMaskGetCmdCtrl                
2002246a  _SlDeviceGetCmdCtrl                   
2002246e  _SlDeviceSetCmdCtrl                   
20022485  _SlPayloadByProtocolLUT               
200224b3  pcDigits                              
200224be  StartResponseLUT                      
200224c6  _SlNetCfgSetCmdCtrl                   
200224ca  _SlNetCfgGetCmdCtrl                   
200224d8  __TI_static_base__                    
200229a4  __TI_Handler_Table_Base               
200229b0  __TI_Handler_Table_Limit              
200229b8  __TI_CINIT_Base                       
200229c8  __TI_CINIT_Limit                      
20023c00  g_image_buffer                        
20037c00  thisMagBuffer                         
20038cf8  g_OtaCheckUpdateResponse              
20039144  thisMagCal                            
2003979c  thisMag                               
200397f4  g_SecParams                           
20039800  gpCtlTbl                              
20039c00  g_OtaFileMetadata                     
2003a1d8  g_StatMem                             
2003a350  __CIOBUF_                             
2003a470  gfpAppCallbackHndl                    
2003a638  thisSV_6DOF_GB_BASIC                  
2003a6e4  __TI_tmpnams                          
2003a784  g_CdnClient                           
2003a7f8  g_ucDinDout                           
2003a848  xQueueRegistry                        
2003a898  g_OtaApp                              
2003a8e4  g_OtaApp_statistics                   
2003a930  g_TimeData                            
2003a970  clientStateFileName                   
2003a9a4  g_cWlanSecurityKey                    
2003a9d8  thisAccel                             
2003aa0c  g_OtaClient                           
2003aa30  g_cWlanSSID                           
2003aa54  g_ucConnectionSSID                    
2003aa94  g_FlcSflashCb                         
2003aaa8  g_flag_blockFull                      
2003ab20  ang_buf                               
2003ab30  g_cResponseObjectID                   
2003ab40  globals                               
2003ab50  mqxglobals                            
2003ab60  g_LogClient                           
2003ab68  g_Struct_TimeStamp_MaxAngle           
2003ab70  g_Struct_TimeStamp_MinAngle           
2003ab78  g_Struct_TimeStamp_SnapAngle          
2003ab80  g_TimeStamp_CamUp                     
2003ab88  g_TimeStamp_DoorClosed                
2003ab90  g_TimeStamp_MaxAngle                  
2003ab98  g_TimeStamp_MinAngle                  
2003aba0  g_TimeStamp_NWPUp                     
2003aba8  g_TimeStamp_PhotoSnap                 
2003abb0  g_TimeStamp_PhotoUploaded             
2003abb8  g_TimeStamp_SnapAngle                 
2003abc0  g_TimeStamp_cc3200Up                  
2003abc8  g_ucConnectionBSSID                   
2003abe0  DMAMsgQ                               
2003abe4  Elapsed_100MilliSecs                  
2003abe8  Elapsed_1Secs                         
2003abf0  angle_avg                             
2003abf4  dataBuffer                            
2003abf8  g_angleOffset_to180                   
2003abfc  g_block_lastFilled                    
2003ac00  g_cDummy                              
2003ac04  g_cWlanSecurityType                   
2003ac08  g_frame_size_in_bytes                 
2003ac0c  g_pfUserConfigData                    
2003ac10  g_position_in_block                   
2003ac14  g_readHeader                          
2003ac1c  g_ulAppStatus                         
2003ac20  g_ulAppTimeout_ms                     
2003ac24  g_ulSimplelinkStatus                  
2003ac28  g_ulWatchdogCycles                    
2003ac2c  gdoor_40deg_angle                     
2003ac30  gdoor_90deg_angle                     
2003ac34  gdoor_OpenDeg_angle                   
2003ac44  g_fMaxAngle                           
2003ac46  g_fMinAngle                           
2003ac48  RxIrqCnt                              
2003ac49  avg_buffer_cnt                        
2003ac4a  captureTimeout_Flag                   
2003ac4b  checkForLight_Flag                    
2003ac4c  cnt_LED_Timer                         
2003ac4d  g_BlinkCount                          
2003ac4e  g_I2CPeripheral_inUse_Flag            
2003ac4f  g_NoOfBlinks                          
2003ac50  g_OffTime                             
2003ac51  g_OnTime                              
2003ac52  g_PhoneConnected_ToCC3200AP_flag      
2003ac53  g_Task1_Notification                  
2003ac54  g_Task3_Notification                  
2003ac56  g_flag_DataBlockFilled                
2003ac57  g_flag_door_closing_45degree          
2003ac58  g_frame_end                           
2003ac59  g_ucAWBOff                            
2003ac5a  g_ucAWBOn                             
2003ac5b  g_ucAction                            
2003ac5c  g_ucActionButton                      
2003ac5d  g_ucAngle40                           
2003ac5e  g_ucAngle90                           
2003ac5f  g_ucCalibration                       
2003ac60  g_ucConfig                            
2003ac61  g_ucExitButton                        
2003ac62  g_ucFeedWatchdog                      
2003ac63  g_ucMagCalb                           
2003ac64  g_ucPreviewStart                      
2003ac65  g_ucPreviewStop                       
2003ac66  g_ucProfileAdded                      
2003ac67  g_ucPushButtonPressedTwice            
2003ac68  g_ucReasonForFailure                  
2003ac69  g_ucSAVE                              
2003ac6a  iDone                                 
2003ac6b  isitfirsttime                         
2003ac6c  print_count                           
2003ac6d  valid_case                            
2003ac70  _sys_memory                           
ffffffff  __binit__                             
ffffffff  __c_args__                            
ffffffff  binit                                 
UNDEFED   SHT$$INIT_ARRAY$$Base                 
UNDEFED   SHT$$INIT_ARRAY$$Limit                

[968 symbols]
