******************************************************************************
                  TI ARM Linker PC v5.2.2                      
******************************************************************************
>> Linked Tue Aug 18 14:20:32 2015

OUTPUT FILE NAME:   <ULP_SEC_CAM.out>
ENTRY POINT SYMBOL: "_c_int00"  address: 2001e79d


MEMORY CONFIGURATION

         name            origin    length      used     unused   attr    fill
----------------------  --------  ---------  --------  --------  ----  --------
  SRAM_BOOTLDR          20000000   00004000  00002900  00001700  RW X
  SRAM_CODE             20004000   0001fc00  0001d8af  00002351  RW X
  SRAM_DATA             20023c00   0001c400  0001c05e  000003a2  RW X


SEGMENT ALLOCATION MAP

run origin  load origin   length   init length attrs members
----------  ----------- ---------- ----------- ----- -------
20000000    20000000    00000900   00000000    rw-
  20000000    20000000    00000900   00000000    rw- .data
20002000    20002000    00002000   00000000    rw-
  20002000    20002000    00002000   00000000    rw- .stack
20004000    20004000    0001d8b0   0001d8b0    r-x
  20004000    20004000    00000400   00000400    r-- .intvecs
  20004400    20004400    0001bc74   0001bc74    r-x .text
  20020074    20020074    0000134b   0000134b    r-- .const
  200213c0    200213c0    000004f0   000004f0    r-- .cinit
20023c00    20023c00    0001c060   00000000    rw-
  20023c00    20023c00    0001705e   00000000    rw- .bss
  2003ac60    2003ac60    00005000   00000000    rw- .sysmem


SECTION ALLOCATION MAP

 output                                  attributes/
section   page    origin      length       input sections
--------  ----  ----------  ----------   ----------------
.data      0    20000000    00000900     UNINITIALIZED
                  20000000    000003c9     cc3200_certificate.obj (.data:DigiCertHighAssuranceEVRootCA_der)
                  200003c9    00000001     tasks.obj (.data)
                  200003ca    00000002     user_configure_fn.obj (.data)
                  200003cc    000000f0     rtsv7M4_T_le_eabi.lib : defs.obj (.data:_ftable)
                  200004bc    000000d0                           : lowlev.obj (.data)
                  2000058c    000000b0                           : signal.obj (.data:sigtable)
                  2000063c    00000004     cc3200_certificate.obj (.data)
                  20000640    00000080     rtsv7M4_T_le_eabi.lib : xvalues.obj (.data)
                  200006c0    00000068                           : xfvalues.obj (.data)
                  20000728    00000064     network_relater_fns.obj (.data:Token)
                  2000078c    00000064     network_relater_fns.obj (.data:Value)
                  200007f0    00000034     free_rtos.a : tasks.obj (.data)
                  20000824    00000024     main.obj (.data)
                  20000848    00000018     cc3200_utils.obj (.data)
                  20000860    00000018     request.obj (.data)
                  20000878    00000010     rtsv7M4_T_le_eabi.lib : defs.obj (.data)
                  20000888    0000000c     camera_app.obj (.data)
                  20000894    0000000c     free_rtos.a : osi_freertos.obj (.data)
                  200008a0    0000000c     rtsv7M4_T_le_eabi.lib : memory.obj (.data)
                  200008ac    00000009     simplelink.a : cc_pal.obj (.data)
                  200008b5    00000003     --HOLE--
                  200008b8    00000009                  : driver.obj (.data)
                  200008c1    00000003     --HOLE--
                  200008c4    00000008     rtsv7M4_T_le_eabi.lib : _lock.obj (.data)
                  200008cc    00000008                           : exit.obj (.data)
                  200008d4    00000008                           : feraiseexcept.obj (.data)
                  200008dc    00000006     http.obj (.data)
                  200008e2    00000002     --HOLE--
                  200008e4    00000004     free_rtos.a : port.obj (.data)
                  200008e8    00000004     middleware.a : rtc_hal.obj (.data)
                  200008ec    00000004     ota.a : OtaHttp.obj (.data)
                  200008f0    00000004     rtsv7M4_T_le_eabi.lib : errno.obj (.data)
                  200008f4    00000004                           : fopen.obj (.data)
                  200008f8    00000004                           : rand.obj (.data)
                  200008fc    00000004                           : stkdepth_vars.obj (.data)

.TI.persistent 
*          0    20000000    00000000     UNINITIALIZED

.stack     0    20002000    00002000     UNINITIALIZED
                  20002000    00002000     --HOLE--

.intvecs   0    20004000    00000400     
                  20004000    00000400     startup_ccs.obj (.intvecs)

.text      0    20004400    0001bc74     
                  20004400    00001258     free_rtos.a : tasks.obj (.text)
                  20005658    000010a6     rtsv7M4_T_le_eabi.lib : _printfi.obj (.text)
                  200066fe    00000002     startup_ccs.obj (.text:BusFaultHandler)
                  20006700    00000b24     free_rtos.a : queue.obj (.text)
                  20007224    00000a08     magnetic.obj (.text:fUpdateCalibration10EIG)
                  20007c2c    00000788     magnetic.obj (.text:fUpdateCalibration4INV)
                  200083b4    00000694     magnetic.obj (.text:fUpdateCalibration7EIG)
                  20008a48    00000688     matrix.obj (.text:eigencompute)
                  200090d0    00000610     ota.a : OtaHttp.obj (.text)
                  200096e0    000005ec     simplelink.a : driver.obj (.text:_SlDrvMsgRead)
                  20009ccc    00000584     magnetic.obj (.text:iUpdateMagnetometerBuffer)
                  2000a250    0000053c     network_relater_fns.obj (.text:SimpleLinkHttpServerCallback)
                  2000a78c    000004be     cc3200_utils.obj (.text:createNewInstallationId)
                  2000ac4a    00000002     driverlib.a : interrupt.obj (.text:IntDefaultHandler)
                  2000ac4c    000004ac     user_configure_fn.obj (.text:User_Configure)
                  2000b0f8    00000468     application_fn.obj (.text:application_fn)
                  2000b560    0000045c     network_relater_fns.obj (.text:GetSNTPTime)
                  2000b9bc    0000045c     free_rtos.a : osi_freertos.obj (.text)
                  2000be18    0000044c     request.obj (.text:buildRequestHeaders)
                  2000c264    00000424     ota.a : OtaClient.obj (.text)
                  2000c688    0000040c           : OtaApp.obj (.text)
                  2000ca94    000003dc     rtsv7M4_T_le_eabi.lib : memory.obj (.text)
                  2000ce70    000003b8     matrix.obj (.text:fmatrixAeqInvA)
                  2000d228    00000378     rtsv7M4_T_le_eabi.lib : powf.obj (.text)
                  2000d5a0    0000035c     ota.a : CdnClient.obj (.text)
                  2000d8fc    00000354     orientation.obj (.text:feCompassWin8)
                  2000dc50    0000034c     parse_uploads.obj (.text:ConstructGroundDataObject)
                  2000df9c    00000338     ota.a : LogClient.obj (.text)
                  2000e2d4    0000030c     rtsv7M4_T_le_eabi.lib : lowlev.obj (.text)
                  2000e5e0    000002d4                           : trgdrv.obj (.text)
                  2000e8b4    000002b0     network_relater_fns.obj (.text:ConfigureSimpleLinkToDefaultState)
                  2000eb64    000002ac     door_position_detection_algorithm.obj (.text:check_doorpos)
                  2000ee10    00000298     rtsv7M4_T_le_eabi.lib : vla_alloc.obj (.text)
                  2000f0a8    00000270     user_configure_fn.obj (.text:Get_Calibration_MagSensor)
                  2000f318    0000026e     simplejson.obj (.text:simpleJsonProcessor)
                  2000f586    00000002     startup_ccs.obj (.text:IntDefaultHandler)
                  2000f588    00000264     mt9d111.obj (.text:RegLstWrite)
                  2000f7ec    0000025c     lightSens_isl29035.obj (.text:configureISL29035)
                  2000fa48    00000248     simplelink.a : driver.obj (.text:_SlDrvRxHdrRead)
                  2000fc90    00000244                  : wlan.obj (.text:sl_WlanConnect)
                  2000fed4    00000220     rtsv7M4_T_le_eabi.lib : ll_div_t2.obj (.text)
                  200100f4    00000214     camera_app.obj (.text:CaptureImage)
                  20010308    00000204     tasks.obj (.text:MagCal_Run)
                  2001050c    00000204     request.obj (.text:payloadSend)
                  20010710    000001f4     rtsv7M4_T_le_eabi.lib : ull_div_t2.obj (.text)
                  20010904    000001e8     user_configure_fn.obj (.text:WiFiProvisioning)
                  20010aec    000001e0     main_FXOS8700.obj (.text:angleCheck_Initializations)
                  20010ccc    000001d0     simplelink.a : driver.obj (.text:_SlDrvReleasePoolObj)
                  20010e9c    000001cc     parse_uploads.obj (.text:ConstructUserConfigObject)
                  20011068    000001cc     simplelink.a : driver.obj (.text:_SlDrvMsgWrite)
                  20011234    000001c8     main.obj (.text:main)
                  200113fc    000001c4     tasks.obj (.text:RdSensData_Run)
                  200115c0    000001c4     rtsv7M4_T_le_eabi.lib : fopen.obj (.text)
                  20011784    000001c0     magnetic.obj (.text:fInvertMagCal)
                  20011944    000001bc     rtsv7M4_T_le_eabi.lib : xflog.obj (.text)
                  20011b00    000001b6                           : fd_add_t2.obj (.text)
                  20011cb6    00000002     startup_ccs.obj (.text:NmiSR)
                  20011cb8    000001b4     parse_uploads.obj (.text:ConstructDeviceStateObject)
                  20011e6c    000001a4     orientation.obj (.text:fQuaternionFromRotationMatrix)
                  20012010    000001a4     cc3200_socket.obj (.text:socketSslConnect)
                  200121b4    000001a0     camera_app.obj (.text:CameraIntHandler)
                  20012354    0000019c     rtsv7M4_T_le_eabi.lib : xfsin.obj (.text)
                  200124f0    00000190     simplelink.a : driver.obj (.text:_SlDrvWaitForPoolObj)
                  20012680    0000018c     request.obj (.text:sendRequest)
                  2001280c    00000188     matrix.obj (.text:f3x3matrixAeqInvSymB)
                  20012994    00000184     camera_app.obj (.text:CaptureandSavePreviewImage)
                  20012b18    00000184     flc.a : flc.obj (.text)
                  20012c9c    00000180     orientation.obj (.text:fWin8AnglesDegFromRotationMatrix)
                  20012e1c    00000178     rtsv7M4_T_le_eabi.lib : tanf.obj (.text)
                  20012f94    00000178                           : xfexp.obj (.text)
                  2001310c    00000174     simplelink.a : driver.obj (.text:_SlDrvDriverCBInit)
                  20013280    00000174     magnetic.obj (.text:fInitMagCalibration)
                  200133f4    00000170     simplelink.a : driver.obj (.text:_SlFindAndSetActiveObj)
                  20013564    00000168     ota.obj (.text:OTAServerInfoSet)
                  200136cc    00000164     network_relater_fns.obj (.text:SimpleLinkWlanEventHandler)
                  20013830    00000164     network_relater_fns.obj (.text:initNetwork)
                  20013994    00000160     tasks.obj (.text:Fusion_Run)
                  20013af4    00000160     ota.obj (.text:OTA_Run)
                  20013c54    00000158     door_position_detection_algorithm.obj (.text:Calculate_DoorOpenThresholdAngle)
                  20013dac    00000158     drivers.obj (.text:FXOS8700_Init)
                  20013f04    00000158     orientation.obj (.text:qAeqAxB)
                  2001405c    00000158     orientation.obj (.text:qconjgAxB)
                  200141b4    00000150     simplelink.a : cc_pal.obj (.text:spi_Open)
                  20014304    00000148     mt9d111.obj (.text:RestartSensorInJpegMode)
                  2001444c    00000140     network_relater_fns.obj (.text:WiFi_Connect)
                  2001458c    0000013c     sendGroundData.obj (.text:SendGroundData)
                  200146c8    0000013c     rtsv7M4_T_le_eabi.lib : fmodf.obj (.text)
                  20014804    0000013c     simplelink.a : socket.obj (.text:sl_Select)
                  20014940    00000138     i2cconfig.obj (.text:I2CBufferRead)
                  20014a78    00000138     mt9d111.obj (.text:Register_Read)
                  20014bb0    00000138     orientation.obj (.text:fLPFOrientationQuaternion)
                  20014ce8    00000138     orientation.obj (.text:fRotationMatrixFromQuaternion)
                  20014e20    00000136     rtsv7M4_T_le_eabi.lib : fd_div_t2.obj (.text)
                  20014f56    00000002     main.obj (.text:vApplicationIdleHook)
                  20014f58    00000134     driverlib.a : prcm.obj (.text:PRCMCC3200MCUInit)
                  2001508c    00000134     rtsv7M4_T_le_eabi.lib : fputs.obj (.text)
                  200151c0    00000130     i2cconfig.obj (.text:I2CBufferWrite)
                  200152f0    0000012a     free_rtos.a : list.obj (.text)
                  2001541a    00000002     main.obj (.text:vApplicationMallocFailedHook)
                  2001541c    00000128     simplelink.a : driver.obj (.text:_SlDrvDataReadOp)
                  20015544    00000128     tempRHSens_si7020.obj (.text:getTempRH)
                  2001566c    00000120     Task_ImageCaptureConfigs.obj (.text:ImageSensor_CaptureConfigs_Task)
                  2001578c    00000118     simplelink.a : socket.obj (.text:sl_SendTo)
                  200158a4    00000116     drivers.obj (.text:FXOS8700_ReadData)
                  200159ba    00000002     --HOLE-- [fill = 0]
                  200159bc    00000110     free_rtos.a : port.obj (.text)
                  20015acc    00000110     rtsv7M4_T_le_eabi.lib : xdscale.obj (.text)
                  20015bdc    0000010c     hibernate_related_fns.obj (.text:HIBernate)
                  20015ce8    0000010c     flash_files.obj (.text:WriteFile_ToFlash)
                  20015df4    0000010c     i2c_app.obj (.text:i2cWriteRegisters)
                  20015f00    0000010c     simplelink.a : socket.obj (.text:sl_RecvFrom)
                  2001600c    00000108     middleware.a : rtc_hal.obj (.text:rtc_fast_domain_counter_rd)
                  20016114    00000108     simplelink.a : socket.obj (.text:sl_Connect)
                  2001621c    00000108                  : socket.obj (.text:sl_Send)
                  20016324    00000104     network_relater_fns.obj (.text:GetTimeNTP)
                  20016428    00000104     simplelink.a : driver.obj (.text:_SlDrvDataWriteOp)
                  2001652c    00000104                  : netapp.obj (.text:sl_NetAppDnsGetHostByName)
                  20016630    00000100     cc3200_client_state.obj (.text:loadClientState)
                  20016730    000000fe     simplelink.a : netapp.obj (.text:_SlDrvNetAppEventHandler)
                  2001682e    00000002     --HOLE-- [fill = 0]
                  20016830    000000fc     pinmux.obj (.text:PinMuxConfig)
                  2001692c    000000fc     orientation.obj (.text:fqAeqNormqA)
                  20016a28    000000fc     rtsv7M4_T_le_eabi.lib : fd_mul_t2.obj (.text)
                  20016b24    000000fa                           : fs_add_t2.obj (.text)
                  20016c1e    00000002     --HOLE-- [fill = 0]
                  20016c20    000000f8     cc3200_certificate.obj (.text:ensureCertificateFile)
                  20016d18    000000f8     fusion.obj (.text:fRun_6DOF_GB_BASIC)
                  20016e10    000000f4     mt9d111.obj (.text:SetAnalogGain)
                  20016f04    000000f4     mt9d111.obj (.text:SetDigitalGain)
                  20016ff8    000000f4     simplelink.a : driver.obj (.text:_SlDrvDriverCBDeinit)
                  200170ec    000000f4     installation.obj (.text:getInstallation)
                  200171e0    000000f4     app_common.obj (.text:intToASCII)
                  200172d4    000000f4     simplelink.a : fs.obj (.text:sl_FsRead)
                  200173c8    000000f2     cc3200_socket.obj (.text:socketRead)
                  200174ba    00000002     --HOLE-- [fill = 0]
                  200174bc    000000f0     driverlib.a : udma.obj (.text:uDMAChannelTransferSet)
                  200175ac    000000ec     mt9d111.obj (.text:SetInitialGain)
                  20017698    000000ec     orientation.obj (.text:fRotationVectorDegFromQuaternion)
                  20017784    000000ec     simplelink.a : fs.obj (.text:sl_FsWrite)
                  20017870    000000e8     user_configure_fn.obj (.text:AccessPtMode_HTTPServer_Start)
                  20017958    000000e4     parse_uploads.obj (.text:UploadImageToParse)
                  20017a3c    000000e0     flash_files.obj (.text:ReadFile_FromFlash)
                  20017b1c    000000e0     parse_uploads.obj (.text:UploadGroundDataObjectToParse)
                  20017bfc    000000dc     parse_uploads.obj (.text:UploadSensorDataToParse)
                  20017cd8    000000dc     parse_uploads.obj (.text:UploadUserConfigObjectToParse)
                  20017db4    000000dc     rtsv7M4_T_le_eabi.lib : setvbuf.obj (.text)
                  20017e90    000000dc     simplelink.a : cc_pal.obj (.text:spi_Read)
                  20017f6c    000000da     app_common.obj (.text:Get_FridgeCamID)
                  20018046    00000002     --HOLE-- [fill = 0]
                  20018048    000000d8     Task_UserConfig.obj (.text:UserConfigure_Task)
                  20018120    000000d8     simplelink.a : driver.obj (.text:_SlDrvClassifyRxMsg)
                  200181f8    000000d8     i2c_app.obj (.text:i2cReadRegistersTwoBytes)
                  200182d0    000000d8     rtsv7M4_T_le_eabi.lib : xfatan.obj (.text)
                  200183a8    000000d4     i2c_app.obj (.text:i2cReadRegisters)
                  2001847c    000000d4     simplelink.a : device.obj (.text:sl_Stop)
                  20018550    000000d0     rtsv7M4_T_le_eabi.lib : xfdscale.obj (.text)
                  20018620    000000cc     sendGroundData.obj (.text:Calculate_TrueMinMaxAngles)
                  200186ec    000000cc     user_configure_fn.obj (.text:CollectAngle)
                  200187b8    000000cc     main.obj (.text:InitializeAppVariables)
                  20018884    000000cc     approximations.obj (.text:fatan_deg)
                  20018950    000000cc     rtsv7M4_T_le_eabi.lib : sqrtf.obj (.text)
                  20018a1c    000000c8     camera_app.obj (.text:DMAConfig)
                  20018ae4    000000c8     mt9d111.obj (.text:EnterStandby_mt9d111)
                  20018bac    000000c8     Task_Main.obj (.text:Main_Task_withHibernate)
                  20018c74    000000c8     camera_app.obj (.text:Start_CameraCapture)
                  20018d3c    000000c8     simplelink.a : netapp.obj (.text:_sl_HandleAsync_DnsGetHostByService)
                  20018e04    000000c8     rtsv7M4_T_le_eabi.lib : fflush.obj (.text)
                  20018ecc    000000c4     mt9d111.obj (.text:ExitStandby_mt9d111)
                  20018f90    000000c4     simplelink.a : driver.obj (.text:_SlRemoveFromList)
                  20019054    000000c0     i2c_if.obj (.text:I2C_IF_Read)
                  20019114    000000be     rtsv7M4_T_le_eabi.lib : xdnorm.obj (.text)
                  200191d2    00000002     --HOLE-- [fill = 0]
                  200191d4    000000bc     i2c_if.obj (.text:I2C_IF_Write)
                  20019290    000000bc     network_relater_fns.obj (.text:SimpleLinkNetAppEventHandler)
                  2001934c    000000bc     user_configure_fn.obj (.text:WlanConnect)
                  20019408    000000bc     simplelink.a : driver.obj (.text:_SlDrvMsgReadCmdCtx)
                  200194c4    000000bc     tempRHSens_si7020.obj (.text:configureTempRHSensor)
                  20019580    000000bc     rtsv7M4_T_le_eabi.lib : acosf.obj (.text)
                  2001963c    000000bc     simplelink.a : device.obj (.text:sl_Start)
                  200196f8    000000ba     free_rtos.a : portasm.obj (.text)
                  200197b2    00000002     --HOLE-- [fill = 0]
                  200197b4    000000b8     simplelink.a : driver.obj (.text:_SlAsyncEventGenericHandler)
                  2001986c    000000b8     installation.obj (.text:createInstallation)
                  20019924    000000b4     user_configure_fn.obj (.text:SaveImageConfig)
                  200199d8    000000b4     simplelink.a : netapp.obj (.text:sl_NetAppMDNSRegisterUnregisterService)
                  20019a8c    000000ac     rtsv7M4_T_le_eabi.lib : _io_perm.obj (.text)
                  20019b38    000000ab     installation.obj (.text:getInstallationByIdCallback)
                  20019be3    00000001     --HOLE-- [fill = 0]
                  20019be4    000000aa     uartA1_if.obj (.text:Report)
                  20019c8e    00000002     --HOLE-- [fill = 0]
                  20019c90    000000a8     driverlib.a : interrupt.obj (.text:IntDisable)
                  20019d38    000000a8                 : interrupt.obj (.text:IntEnable)
                  20019de0    000000a8     simplelink.a : netcfg.obj (.text:sl_NetCfgGet)
                  20019e88    000000a0     driverlib.a : spi.obj (.text:SPIConfigSetExpClk)
                  20019f28    000000a0     cc3200_socket.obj (.text:socketWrite)
                  20019fc8    0000009e     matrix.obj (.text:f3x3matrixDetA)
                  2001a066    00000002     --HOLE-- [fill = 0]
                  2001a068    0000009c     mt9d111.obj (.text:Read_AllRegisters)
                  2001a104    0000009c     simplelink.a : driver.obj (.text:_SlDrvMsgReadSpawnCtx)
                  2001a1a0    0000009c     approximations.obj (.text:fatan2_deg)
                  2001a23c    0000009c     rtsv7M4_T_le_eabi.lib : memcpy_t2.obj (.text)
                  2001a2d8    0000009c     simplelink.a : device.obj (.text:sl_DevGet)
                  2001a374    00000098     network_relater_fns.obj (.text:InitializeUserConfigVariables)
                  2001a40c    00000098     LED_timer.obj (.text:IntrptHandler_LEDTimer)
                  2001a4a4    00000098     simplelink.a : fs.obj (.text:_sl_GetCreateFsMode)
                  2001a53c    00000098     rtsv7M4_T_le_eabi.lib : fclose.obj (.text)
                  2001a5d4    00000098                           : fputc.obj (.text)
                  2001a66c    00000096     parse_uploads.obj (.text:Add_NumberField_ToJSONString)
                  2001a702    00000002     --HOLE-- [fill = 0]
                  2001a704    00000094     driverlib.a : prcm.obj (.text:PRCMPeripheralClockGet)
                  2001a798    00000094     approximations.obj (.text:facos_deg)
                  2001a82c    00000094     lightSens_isl29035.obj (.text:getLightsensor_data)
                  2001a8c0    00000094     rtsv7M4_T_le_eabi.lib : snprintf.obj (.text)
                  2001a954    00000092     parse_impl.obj (.text:parseInitialize)
                  2001a9e6    00000092     rtsv7M4_T_le_eabi.lib : fs_div_t2.obj (.text)
                  2001aa78    00000090     appFns_BatteryLevelSense.obj (.text:Get_BatteryPercent)
                  2001ab08    0000008c     app_common.obj (.text:LED_Blink_2)
                  2001ab94    0000008c     simplelink.a : cc_pal.obj (.text:SetupDMAReceive)
                  2001ac20    0000008c                  : cc_pal.obj (.text:SetupDMASend)
                  2001acac    0000008c                  : netapp.obj (.text:_sl_HandleAsync_DnsGetHostByName)
                  2001ad38    0000008c                  : netapp.obj (.text:_sl_HandleAsync_PingResponse)
                  2001adc4    0000008c     rtsv7M4_T_le_eabi.lib : xfdint.obj (.text)
                  2001ae50    0000008c     simplelink.a : cc_pal.obj (.text:spi_Write)
                  2001aedc    00000088     driverlib.a : prcm.obj (.text:PRCMHibernateIntervalSet)
                  2001af64    00000088                 : pin.obj (.text:PinConfigSet)
                  2001afec    00000088     rtsv7M4_T_le_eabi.lib : vsnprintf.obj (.text)
                  2001b074    00000088     simplelink.a : socket.obj (.text:sl_Bind)
                  2001b0fc    00000088                  : fs.obj (.text:sl_FsClose)
                  2001b184    00000086     rtsv7M4_T_le_eabi.lib : fd_cmp_t2.obj (.text:__aeabi_cdcmple)
                  2001b20a    00000086                           : fd_cmp_t2.obj (.text:__aeabi_cdrcmple)
                  2001b290    00000084     timer_if.obj (.text:GetPeripheralIntNum)
                  2001b314    00000084     driverlib.a : i2c.obj (.text:I2CMasterInitExpClk)
                  2001b398    00000084     simplelink.a : cc_pal.obj (.text:NwpPowerOnPreamble)
                  2001b41c    00000084     matrix.obj (.text:f3x3matrixAeqI)
                  2001b4a0    00000084     fusion.obj (.text:fInit_6DOF_GB_BASIC)
                  2001b524    00000084     sendUserConfigDataToParse.obj (.text:sendUserConfigData)
                  2001b5a8    00000080     camera_app.obj (.text:Config_CameraCapture)
                  2001b628    00000080     simplelink.a : driver.obj (.text:_SlDrvCmdOp)
                  2001b6a8    00000080                  : cc_pal.obj (.text:spi_Read_CPU)
                  2001b728    00000080                  : cc_pal.obj (.text:spi_Write_CPU)
                  2001b7a8    0000007c     driverlib.a : prcm.obj (.text:PRCMRTCGet)
                  2001b824    0000007c     simplelink.a : device.obj (.text:_sl_HandleAsync_InitComplete)
                  2001b8a0    0000007c     matrix.obj (.text:fmatrixAeqI)
                  2001b91c    0000007c     simplelink.a : fs.obj (.text:sl_FsGetInfo)
                  2001b998    0000007c     lightSens_isl29035.obj (.text:verifyISL29035)
                  2001ba14    0000007c     tempRHSens_si7020.obj (.text:verifyTempRHSensor)
                  2001ba90    0000007a     rtsv7M4_T_le_eabi.lib : fs_mul_t2.obj (.text)
                  2001bb0a    0000007a                           : memset_t2.obj (.text)
                  2001bb84    0000007a                           : xfdnorm.obj (.text)
                  2001bbfe    00000002     --HOLE-- [fill = 0]
                  2001bc00    00000078     network_relater_fns.obj (.text:ConfigureMode)
                  2001bc78    00000078     i2c_if.obj (.text:I2CTransact)
                  2001bcf0    00000078     parse_uploads.obj (.text:InitialiseParse)
                  2001bd68    00000078     simplelink.a : socket.obj (.text:_sl_HandleAsync_Connect)
                  2001bde0    00000078                  : fs.obj (.text:sl_FsOpen)
                  2001be58    00000078                  : cc_pal.obj (.text:spi_Close)
                  2001bed0    00000078     accelomtrMagntomtr_fxos8700.obj (.text:verifyAccelMagnSensor)
                  2001bf48    00000076     driverlib.a : uart.obj (.text:UARTConfigSetExpClk)
                  2001bfbe    00000002     --HOLE-- [fill = 0]
                  2001bfc0    00000074     middleware.a : rtc_hal.obj (.text:rtc_value_rd)
                  2001c034    00000074     simplelink.a : socket.obj (.text:sl_Recv)
                  2001c0a8    00000073     installation.obj (.text:getInstallationCallback)
                  2001c11b    00000001     --HOLE-- [fill = 0]
                  2001c11c    00000072     timer_if.obj (.text:Timer_IF_IntSetup)
                  2001c18e    00000002     --HOLE-- [fill = 0]
                  2001c190    00000070     batteryVoltLvlSens_adc081c021.obj (.text:Get_BatteryVoltageLevel_ADC081C021)
                  2001c200    00000070     network_relater_fns.obj (.text:Network_IF_GetHostIP)
                  2001c270    00000070     camera_app.obj (.text:Wakeup_ImageSensor)
                  2001c2e0    00000070     timer_fns.obj (.text:get_timeDuration)
                  2001c350    0000006c     camera_app.obj (.text:CamControllerInit)
                  2001c3bc    0000006c     lightSens_isl29035.obj (.text:PowerDown_ISL29035)
                  2001c428    0000006c     udma_if.obj (.text:UDMAInit)
                  2001c494    0000006c     simplelink.a : driver.obj (.text:_SlDrvCmdSend)
                  2001c500    0000006c     matrix.obj (.text:f3x3matrixAeqMinusA)
                  2001c56c    0000006c     request.obj (.text:parseSendRequestInternal)
                  2001c5d8    0000006c     rtsv7M4_T_le_eabi.lib : autoinit.obj (.text)
                  2001c644    0000006c                           : fprintf.obj (.text)
                  2001c6b0    0000006c                           : fs_toll_t2.obj (.text)
                  2001c71c    0000006a     matrix.obj (.text:f3x3matrixAeqAxScalar)
                  2001c786    0000006a     rtsv7M4_T_le_eabi.lib : copy_decompress_rle.obj (.text)
                  2001c7f0    00000069     http.obj (.text:beginHttpGetRequest)
                  2001c859    00000003     --HOLE-- [fill = 0]
                  2001c85c    00000068     driverlib.a : prcm.obj (.text:PRCMHibernateWakeUpGPIOSelect)
                  2001c8c4    00000068     mt9d111.obj (.text:StartSensorInJpegMode)
                  2001c92c    00000068     simplelink.a : netapp.obj (.text:_sl_NetAppSendTokenValue)
                  2001c994    00000068     cc3200_utils.obj (.text:fetchDeviceOSVersion)
                  2001c9fc    00000068     rtsv7M4_T_le_eabi.lib : trgmsg.obj (.text)
                  2001ca64    00000068     simplelink.a : device.obj (.text:sl_DevSet)
                  2001cacc    00000068                  : netcfg.obj (.text:sl_NetCfgSet)
                  2001cb34    00000068                  : socket.obj (.text:sl_SetSockOpt)
                  2001cb9c    00000068                  : wlan.obj (.text:sl_WlanSet)
                  2001cc04    00000066     matrix.obj (.text:f3x3matrixAeqScalar)
                  2001cc6a    00000066     rtsv7M4_T_le_eabi.lib : xdunscal.obj (.text)
                  2001ccd0    00000064     Task_UserConfig.obj (.text:IsLongPress)
                  2001cd34    00000064     rtsv7M4_T_le_eabi.lib : fseek.obj (.text)
                  2001cd98    00000064     cc3200_socket.obj (.text:socketWait)
                  2001cdfc    00000064     tempRHSens_si7020.obj (.text:softResetTempRHSensor)
                  2001ce60    00000064     driverlib.a : udma.obj (.text:uDMAChannelAttributeDisable)
                  2001cec4    00000064                 : udma.obj (.text:uDMAChannelAttributeEnable)
                  2001cf28    00000060     ota.obj (.text:OTA_CommitImage)
                  2001cf88    00000060     rtsv7M4_T_le_eabi.lib : fs_cmp_t2.obj (.text:__aeabi_cfcmple)
                  2001cfe8    00000060                           : fs_cmp_t2.obj (.text:__aeabi_cfrcmple)
                  2001d048    00000060     simplelink.a : socket.obj (.text:_sl_HandleAsync_Accept)
                  2001d0a8    00000060     main_FXOS8700.obj (.text:fxosDefault_Initializations)
                  2001d108    00000060     accelomtrMagntomtr_fxos8700.obj (.text:getMagntData)
                  2001d168    00000060     rtsv7M4_T_le_eabi.lib : sprintf.obj (.text)
                  2001d1c8    00000060     simplelink.a : wlan.obj (.text:sl_WlanPolicySet)
                  2001d228    00000060     accelomtrMagntomtr_fxos8700.obj (.text:standby_accelMagn_fxos8700)
                  2001d288    0000005c     camera_app.obj (.text:ReStart_CameraCapture)
                  2001d2e4    0000005c     lightSens_isl29035.obj (.text:getLightsensor_intrptStatus)
                  2001d340    0000005c     simplelink.a : socket.obj (.text:sl_Socket)
                  2001d39c    00000058     driverlib.a : interrupt.obj (.text:IntPendClear)
                  2001d3f4    00000058                 : prcm.obj (.text:PRCMPeripheralReset)
                  2001d44c    00000056     rtsv7M4_T_le_eabi.lib : ltoa.obj (.text)
                  2001d4a2    00000056                           : xfdunsca.obj (.text)
                  2001d4f8    00000054     driverlib.a : interrupt.obj (.text:IntPrioritySet)
                  2001d54c    00000054     appFns_LightSensor.obj (.text:PowerDown_LightSensor)
                  2001d5a0    00000054     simplelink.a : socket.obj (.text:_sl_HandleAsync_Select)
                  2001d5f4    00000054     approximations.obj (.text:fasin_deg)
                  2001d648    00000054     request.obj (.text:headerSend)
                  2001d69c    00000054     simplelink.a : wlan.obj (.text:sl_WlanRxFilterSet)
                  2001d6f0    00000051     installation.obj (.text:createInstallationCallback)
                  2001d741    00000003     --HOLE-- [fill = 0]
                  2001d744    00000050     i2c_if.obj (.text:I2C_IF_Open)
                  2001d794    00000050     camera_app.obj (.text:ImagCapture_Init)
                  2001d7e4    00000050     driverlib.a : prcm.obj (.text:PRCMSlowClkCtrGet)
                  2001d834    00000050     simplelink.a : device.obj (.text:_sl_HandleAsync_Stop)
                  2001d884    00000050     mt9d111.obj (.text:disableAE)
                  2001d8d4    00000050     mt9d111.obj (.text:disableAWB)
                  2001d924    00000050     mt9d111.obj (.text:enableAWB)
                  2001d974    00000050     rtsv7M4_T_le_eabi.lib : fs_toull_t2.obj (.text)
                  2001d9c4    00000050     simplelink.a : fs.obj (.text:sl_FsDel)
                  2001da14    0000004c     NWP.obj (.text:NWP_SwitchOn)
                  2001da60    0000004c     tasks.obj (.text:RdSensData_Init)
                  2001daac    0000004c     driverlib.a : spi.obj (.text:SPIIntEnable)
                  2001daf8    0000004c     simplelink.a : driver.obj (.text:_SlDrvProtectAsyncRespSetting)
                  2001db44    0000004c                  : driver.obj (.text:_SlDrvRxIrqHandler)
                  2001db90    0000004c                  : socket.obj (.text:_sl_BuildAddress)
                  2001dbdc    0000004c     rtsv7M4_T_le_eabi.lib : atoi.obj (.text)
                  2001dc28    0000004c                           : atol.obj (.text)
                  2001dc74    0000004c                           : cpy_tbl.obj (.text)
                  2001dcc0    0000004c                           : rand.obj (.text)
                  2001dd0c    0000004c     driverlib.a : udma.obj (.text:uDMAChannelAssign)
                  2001dd58    0000004c     middleware.a : util64.obj (.text:util_u32_nsec_add)
                  2001dda4    0000004a     rtsv7M4_T_le_eabi.lib : fd_tos_t2.obj (.text)
                  2001ddee    00000002     --HOLE-- [fill = 0]
                  2001ddf0    00000048     NWP.obj (.text:NWP_SwitchOff)
                  2001de38    00000048     driverlib.a : prcm.obj (.text:PRCMHibernateWakeupSourceDisable)
                  2001de80    00000048                 : prcm.obj (.text:PRCMHibernateWakeupSourceEnable)
                  2001dec8    00000048     mt9d111.obj (.text:ReadImageConfigReg)
                  2001df10    00000048     driverlib.a : spi.obj (.text:SPIIntClear)
                  2001df58    00000048     camera_app.obj (.text:Standby_ImageSensor)
                  2001dfa0    00000048     mt9d111.obj (.text:Variable_Read)
                  2001dfe8    00000048     watchdog.obj (.text:WatchdogIntHandler)
                  2001e030    00000048     simplelink.a : driver.obj (.text:_SlDrvBasicCmd)
                  2001e078    00000048     http.obj (.text:addHttpRequestLine)
                  2001e0c0    00000048     approximations.obj (.text:fatan_15deg)
                  2001e108    00000048     rtsv7M4_T_le_eabi.lib : fd_toi_t2.obj (.text)
                  2001e150    00000046                           : ldexp.obj (.text)
                  2001e196    00000002     --HOLE-- [fill = 0]
                  2001e198    00000044     driverlib.a : spi.obj (.text:SPIDmaMaskGet)
                  2001e1dc    00000044                 : timer.obj (.text:TimerConfigure)
                  2001e220    00000044     udma_if.obj (.text:UDMASetupTransfer)
                  2001e264    00000044     simplelink.a : cc_pal.obj (.text:cc_SetupTransfer)
                  2001e2a8    00000044     main_FXOS8700.obj (.text:fxos_Calibration)
                  2001e2ec    00000044     rtsv7M4_T_le_eabi.lib : exit.obj (.text)
                  2001e330    00000044                           : fd_tou_t2.obj (.text)
                  2001e374    00000042     simplelink.a : socket.obj (.text:sl_Htonl)
                  2001e3b6    00000002     --HOLE-- [fill = 0]
                  2001e3b8    00000040     mt9d111.obj (.text:CCMRegs_Read)
                  2001e3f8    00000040     mt9d111.obj (.text:PCLK_Rate_read)
                  2001e438    00000040     driverlib.a : pin.obj (.text:PinModeSet)
                  2001e478    00000040     mt9d111.obj (.text:Variable_Write)
                  2001e4b8    00000040     wdt_if.obj (.text:WDT_IF_Init)
                  2001e4f8    00000040     http.obj (.text:getHttpResponseBody)
                  2001e538    00000040     rtsv7M4_T_le_eabi.lib : signal.obj (.text)
                  2001e578    00000040     timer_fns.obj (.text:start_1Sec_TimeoutTimer)
                  2001e5b8    0000003e     rtsv7M4_T_le_eabi.lib : strncasecmp.obj (.text)
                  2001e5f6    0000003c     simplelink.a : netapp.obj (.text:CopyPingResultsToReport)
                  2001e632    00000002     --HOLE-- [fill = 0]
                  2001e634    0000003c     tasks.obj (.text:Fusion_Init)
                  2001e670    0000003c     ota.obj (.text:OTA_Init)
                  2001e6ac    0000003c     driverlib.a : prcm.obj (.text:PRCMPeripheralClkEnable)
                  2001e6e8    0000003c                 : prcm.obj (.text:PRCMSlowClkCtrFastGet)
                  2001e724    0000003c     mt9d111.obj (.text:Reg_Read)
                  2001e760    0000003c     simplelink.a : socket.obj (.text:_sl_TruncatePayloadByProtocol)
                  2001e79c    0000003c     rtsv7M4_T_le_eabi.lib : boot.obj (.text)
                  2001e7d8    0000003c     simplelink.a : socket.obj (.text:sl_Htons)
                  2001e814    0000003c     timer_fns.obj (.text:start_100mSecTimer)
                  2001e850    0000003c     driverlib.a : udma.obj (.text:uDMAChannelControlSet)
                  2001e88c    0000003a                 : camera.obj (.text:CameraCaptureStop)
                  2001e8c6    0000003a                 : camera.obj (.text:CameraXClkConfig)
                  2001e900    0000003a     mt9d111.obj (.text:Reg_Write)
                  2001e93a    0000003a     orientation.obj (.text:fLPFScalar)
                  2001e974    0000003a     request.obj (.text:parseSendRequest)
                  2001e9ae    00000002     --HOLE-- [fill = 0]
                  2001e9b0    00000039     http.obj (.text:addHttpRequestHeader)
                  2001e9e9    00000003     --HOLE-- [fill = 0]
                  2001e9ec    00000038     main.obj (.text:BoardInit)
                  2001ea24    00000038     LED_timer.obj (.text:LEDTimer_Enable)
                  2001ea5c    00000038     simplelink.a : cc_pal.obj (.text:NwpPowerOff)
                  2001ea94    00000038     watchdog.obj (.text:WDT_init)
                  2001eacc    00000038     free_rtos.a : heap_3.obj (.text)
                  2001eb04    00000038     rtsv7M4_T_le_eabi.lib : fs_tod_t2.obj (.text)
                  2001eb3c    00000038                           : fs_toi_t2.obj (.text)
                  2001eb74    00000038                           : i_tofs_t2.obj (.text)
                  2001ebac    00000036     driverlib.a : gpio.obj (.text:GPIODirModeSet)
                  2001ebe2    00000036     simplelink.a : netapp.obj (.text:sl_NetAppMDNSUnRegisterService)
                  2001ec18    00000035     http.obj (.text:beginHttpRequest)
                  2001ec4d    00000001     --HOLE-- [fill = 0]
                  2001ec4e    00000034     driverlib.a : camera.obj (.text:CameraParamsConfig)
                  2001ec82    00000002     --HOLE-- [fill = 0]
                  2001ec84    00000034     LED_timer.obj (.text:LEDTimer_Start)
                  2001ecb8    00000034     driverlib.a : prcm.obj (.text:PRCMPeripheralStatusGet)
                  2001ecec    00000034                 : spi.obj (.text:SPIFIFOLevelSet)
                  2001ed20    00000034     mt9d111.obj (.text:Verify_ImageSensor)
                  2001ed54    00000034     http.obj (.text:getHttpResponseStatus)
                  2001ed88    00000034     main_FXOS8700.obj (.text:get_angle)
                  2001edbc    00000034     rtsv7M4_T_le_eabi.lib : feraiseexcept.obj (.text)
                  2001edf0    00000034                           : fs_tou_t2.obj (.text)
                  2001ee24    00000034                           : strstr.obj (.text)
                  2001ee58    00000032     timer_if.obj (.text:Timer_IF_Init)
                  2001ee8a    00000030     driverlib.a : pin.obj (.text:PinTypeGPIO)
                  2001eeba    00000002     --HOLE-- [fill = 0]
                  2001eebc    00000030                 : uart.obj (.text:UARTDisable)
                  2001eeec    00000030     simplelink.a : device.obj (.text:_SlDrvDeviceEventHandler)
                  2001ef1c    00000030                  : fs.obj (.text:_sl_Strlen)
                  2001ef4c    00000030     middleware.a : rtc_hal.obj (.text:hw_access_time_addup)
                  2001ef7c    00000030     rtsv7M4_T_le_eabi.lib : strncpy.obj (.text)
                  2001efac    00000030                           : xferaise.obj (.text)
                  2001efdc    00000030     simplelink.a : socket.obj (.text:sl_Close)
                  2001f00c    00000030                  : wlan.obj (.text:sl_WlanProfileDel)
                  2001f03c    00000030                  : wlan.obj (.text:sl_WlanSetMode)
                  2001f06c    0000002e     rtsv7M4_T_le_eabi.lib : i_tofd_t2.obj (.text)
                  2001f09a    0000002e                           : raise.obj (.text)
                  2001f0c8    0000002d     http.obj (.text:addHttpRequestHeaderInt)
                  2001f0f5    00000003     --HOLE-- [fill = 0]
                  2001f0f8    0000002c     tasks.obj (.text:ApplyMagHAL)
                  2001f124    0000002c     driverlib.a : camera.obj (.text:CameraIntEnable)
                  2001f150    0000002c     simplelink.a : cc_pal.obj (.text:DmaSpiSwIntHandler)
                  2001f17c    0000002c     driverlib.a : i2c.obj (.text:I2CMasterErr)
                  2001f1a8    0000002c     timer_fns.obj (.text:IntHandler_1Sec_TimeoutTimer)
                  2001f1d4    0000002c     driverlib.a : prcm.obj (.text:PRCMSysResetCauseGet)
                  2001f200    0000002c     mt9d111.obj (.text:SoftReset_ImageSensor)
                  2001f22c    0000002c     cc3200_utils.obj (.text:getDeviceTimeDate)
                  2001f258    0000002c     request.obj (.text:setDataBufferPointer)
                  2001f284    0000002a     driverlib.a : timer.obj (.text:TimerLoadSet)
                  2001f2ae    0000002a                 : timer.obj (.text:TimerPrescaleSet)
                  2001f2d8    0000002a     rtsv7M4_T_le_eabi.lib : xdclass.obj (.text)
                  2001f302    0000002a     middleware.a : util64.obj (.text:util_u64_time_add)
                  2001f32c    00000029     ota.obj (.text:OTA_Update)
                  2001f355    00000003     --HOLE-- [fill = 0]
                  2001f358    00000028     driverlib.a : camera.obj (.text:CameraIntStatus)
                  2001f380    00000028     uartA1_if.obj (.text:InitTerm)
                  2001f3a8    00000028     driverlib.a : prcm.obj (.text:IsRTCUsed)
                  2001f3d0    00000028     uartA1_if.obj (.text:Message)
                  2001f3f8    00000028     driverlib.a : prcm.obj (.text:PRCMPeripheralClkDisable)
                  2001f420    00000028     rtsv7M4_T_le_eabi.lib : strncat.obj (.text)
                  2001f448    00000028     simplelink.a : netapp.obj (.text:sl_NetAppStart)
                  2001f470    00000028                  : netapp.obj (.text:sl_NetAppStop)
                  2001f498    00000026     driverlib.a : camera.obj (.text:CameraThresholdSet)
                  2001f4be    00000026     simplelink.a : cc_pal.obj (.text:NwpRegisterInterruptHandler)
                  2001f4e4    00000026     network_relater_fns.obj (.text:SimpleLinkSockEventHandler)
                  2001f50a    00000026     rtsv7M4_T_le_eabi.lib : strncmp.obj (.text)
                  2001f530    00000024     driverlib.a : camera.obj (.text:CameraIntClear)
                  2001f554    00000024     dbgFns.obj (.text:Check_I2CDevices)
                  2001f578    00000024     timer_fns.obj (.text:IntHandler_100mSecTimer)
                  2001f59c    00000024     driverlib.a : interrupt.obj (.text:IntUnregister)
                  2001f5c0    00000024                 : prcm.obj (.text:RTCU16MSecRegRead)
                  2001f5e4    00000024     timer_if.obj (.text:Timer_IF_Start)
                  2001f608    00000024     driverlib.a : uart.obj (.text:UARTEnable)
                  2001f62c    00000024     mt9d111.obj (.text:WriteAllAEnAWBRegs)
                  2001f650    00000024     simplelink.a : driver.obj (.text:_SlDrvProtectionObjLockWaitForever)
                  2001f674    00000024     main_FXOS8700.obj (.text:magnetometer_initialize)
                  2001f698    00000024     rtsv7M4_T_le_eabi.lib : u_tofs_t2.obj (.text)
                  2001f6bc    00000022     driverlib.a : camera.obj (.text:CameraCaptureStart)
                  2001f6de    00000022                 : i2c.obj (.text:I2CMasterSlaveAddrSet)
                  2001f700    00000022     simplelink.a : socket.obj (.text:SL_FD_SET)
                  2001f722    00000022     driverlib.a : spi.obj (.text:SPIReset)
                  2001f744    00000022                 : spi.obj (.text:SPIWordCountSet)
                  2001f766    00000022     rtsv7M4_T_le_eabi.lib : frexp.obj (.text)
                  2001f788    00000022                           : memcmp.obj (.text)
                  2001f7aa    00000020     driverlib.a : gpio.obj (.text:GPIOPinWrite)
                  2001f7ca    00000002     --HOLE-- [fill = 0]
                  2001f7cc    00000020                 : interrupt.obj (.text:IntRegister)
                  2001f7ec    00000020     simplelink.a : cc_pal.obj (.text:NwpPowerOn)
                  2001f80c    00000020     mt9d111.obj (.text:Refresh_mt9d111Firmware)
                  2001f82c    00000020     simplelink.a : driver.obj (.text:_SlDrvProtectionObjUnLock)
                  2001f84c    00000020     rtsv7M4_T_le_eabi.lib : memchr.obj (.text)
                  2001f86c    00000020                           : u_tofd_t2.obj (.text)
                  2001f88c    0000001e     driverlib.a : i2c.obj (.text:I2CMasterIntStatusEx)
                  2001f8aa    0000001e                 : timer.obj (.text:TimerDisable)
                  2001f8c8    0000001e                 : timer.obj (.text:TimerEnable)
                  2001f8e6    0000001e                 : timer.obj (.text:TimerIntStatus)
                  2001f904    0000001e                 : uart.obj (.text:UARTCharPut)
                  2001f922    0000001e     simplelink.a : cc_pal.obj (.text:cc_UDMAChannelSelect)
                  2001f940    0000001e     rtsv7M4_T_le_eabi.lib : strcat.obj (.text)
                  2001f95e    00000002     --HOLE-- [fill = 0]
                  2001f960    0000001c     tasks.obj (.text:ApplyAccelHAL)
                  2001f97c    0000001c     mt9d111.obj (.text:CameraSensorInit)
                  2001f998    0000001c     udma_if.obj (.text:DmaSwIntHandler)
                  2001f9b4    0000001c     driverlib.a : pin.obj (.text:PinTypeI2C)
                  2001f9d0    0000001c                 : timer.obj (.text:TimerValueGet)
                  2001f9ec    0000001c     simplelink.a : driver.obj (.text:_SlDrvObjLockWaitForever)
                  2001fa08    0000001c                  : driver.obj (.text:_SlDrvSyncObjWaitForever)
                  2001fa24    0000001c     rtsv7M4_T_le_eabi.lib : memccpy.obj (.text)
                  2001fa40    0000001c     timer_fns.obj (.text:stop_100mSecTimer)
                  2001fa5c    0000001c     timer_fns.obj (.text:stop_1Sec_TimeoutTimer)
                  2001fa78    0000001c     driverlib.a : udma.obj (.text:uDMAChannelDisable)
                  2001fa94    0000001c                 : udma.obj (.text:uDMAChannelEnable)
                  2001fab0    0000001a     appFns_LightSensor.obj (.text:IsLightOff)
                  2001faca    0000001a     driverlib.a : pin.obj (.text:PinTypeCamera)
                  2001fae4    0000001a                 : pin.obj (.text:PinTypeUART)
                  2001fafe    0000001a                 : spi.obj (.text:SPIDmaDisable)
                  2001fb18    0000001a                 : spi.obj (.text:SPIDmaEnable)
                  2001fb32    0000001a                 : spi.obj (.text:SPIFIFODisable)
                  2001fb4c    0000001a                 : spi.obj (.text:SPIFIFOEnable)
                  2001fb66    00000018                 : camera.obj (.text:CameraReset)
                  2001fb7e    00000002     --HOLE-- [fill = 0]
                  2001fb80    00000018     startup_ccs.obj (.text:FaultISR)
                  2001fb98    00000018     driverlib.a : gpio.obj (.text:GPIOPinRead)
                  2001fbb0    00000018     app_common.obj (.text:LED_Off)
                  2001fbc8    00000018     app_common.obj (.text:LED_On)
                  2001fbe0    00000018     driverlib.a : prcm.obj (.text:PRCMHibernateEnter)
                  2001fbf8    00000018                 : spi.obj (.text:SPICSDisable)
                  2001fc10    00000018                 : spi.obj (.text:SPICSEnable)
                  2001fc28    00000018                 : spi.obj (.text:SPIDisable)
                  2001fc40    00000018                 : spi.obj (.text:SPIEnable)
                  2001fc58    00000018                 : timer.obj (.text:TimerIntEnable)
                  2001fc70    00000018     timer_if.obj (.text:Timer_IF_InterruptClear)
                  2001fc88    00000018     driverlib.a : wdt.obj (.text:WatchdogStallEnable)
                  2001fca0    00000018                 : wdt.obj (.text:WatchdogUnlock)
                  2001fcb8    00000018     simplelink.a : driver.obj (.text:_SlDrvObjUnLock)
                  2001fcd0    00000018                  : driver.obj (.text:_SlDrvSyncObjSignal)
                  2001fce8    00000018                  : device.obj (.text:_sl_GetStartResponseConvert)
                  2001fd00    00000018     middleware.a : rtc_hal.obj (.text:get_value)
                  2001fd18    00000018     rtsv7M4_T_le_eabi.lib : args_main.obj (.text)
                  2001fd30    00000018                           : strcmp.obj (.text)
                  2001fd48    00000016     driverlib.a : camera.obj (.text:CameraDMAEnable)
                  2001fd5e    00000016                 : camera.obj (.text:CameraIntRegister)
                  2001fd74    00000016                 : i2c.obj (.text:I2CMasterDataPut)
                  2001fd8a    00000016                 : i2c.obj (.text:I2CMasterEnable)
                  2001fda0    00000016                 : prcm.obj (.text:PRCMHIBRegRead)
                  2001fdb6    00000016                 : prcm.obj (.text:PRCMHIBRegWrite)
                  2001fdcc    00000016                 : wdt.obj (.text:WatchdogEnable)
                  2001fde2    00000016     simplelink.a : driver.obj (.text:_SlDrvMemZero)
                  2001fdf8    00000016     rtsv7M4_T_le_eabi.lib : strchr.obj (.text)
                  2001fe0e    00000014     driverlib.a : cpu.obj (.text:CPUcpsie)
                  2001fe22    00000002     --HOLE-- [fill = 0]
                  2001fe24    00000014                 : interrupt.obj (.text:IntVTableBaseSet)
                  2001fe38    00000014     LED_timer.obj (.text:LEDTimer_Stop)
                  2001fe4c    00000014     reset.obj (.text:Reset_byStarvingWDT)
                  2001fe60    00000014     mt9d111.obj (.text:SetShutterWidth)
                  2001fe74    00000014     rtsv7M4_T_le_eabi.lib : _lock.obj (.text)
                  2001fe88    00000014                           : strcpy.obj (.text)
                  2001fe9c    00000014                           : strlen.obj (.text)
                  2001feb0    00000014     driverlib.a : udma.obj (.text:uDMAControlBaseSet)
                  2001fec4    00000014                 : udma.obj (.text:uDMAIntClear)
                  2001fed8    00000012                 : i2c.obj (.text:I2CMasterControl)
                  2001feea    00000012                 : i2c.obj (.text:I2CMasterIntClearEx)
                  2001fefc    00000012                 : i2c.obj (.text:I2CMasterTimeoutSet)
                  2001ff0e    00000012                 : timer.obj (.text:TimerIntClear)
                  2001ff20    00000012                 : wdt.obj (.text:WatchdogReloadSet)
                  2001ff32    00000002     --HOLE-- [fill = 0]
                  2001ff34    00000010                 : prcm.obj (.text:PRCMSOCReset)
                  2001ff44    00000010                 : prcm.obj (.text:RTCU32SecRegRead)
                  2001ff54    00000010     simplelink.a : socket.obj (.text:SL_FD_ZERO)
                  2001ff64    00000010     timer_if.obj (.text:Timer_IF_Stop)
                  2001ff74    00000010     driverlib.a : wdt.obj (.text:WatchdogIntClear)
                  2001ff84    00000010     cc3200_socket.obj (.text:socketClose)
                  2001ff94    0000000e     driverlib.a : i2c.obj (.text:I2CMasterDataGet)
                  2001ffa2    0000000e     simplelink.a : driver.obj (.text:_SlDrvResetCmdExt)
                  2001ffb0    0000000e     rtsv7M4_T_le_eabi.lib : copy_decompress_none.obj (.text:decompress:none)
                  2001ffbe    0000000c     udma_if.obj (.text:DmaErrorIntHandler)
                  2001ffca    00000002     --HOLE-- [fill = 0]
                  2001ffcc    0000000c     simplelink.a : cc_pal.obj (.text:NwpMaskInterrupt)
                  2001ffd8    0000000c                  : cc_pal.obj (.text:NwpUnMaskInterrupt)
                  2001ffe4    0000000c     middleware.a : rtc_hal.obj (.text:cc_rtc_get)
                  2001fff0    0000000c     rtsv7M4_T_le_eabi.lib : copy_zero_init.obj (.text:decompress:ZI)
                  2001fffc    0000000c     parse_impl.obj (.text:getInternalClient)
                  20020008    0000000c     simplelink.a : wlan.obj (.text:sl_WlanDisconnect)
                  20020014    0000000c     driverlib.a : udma.obj (.text:uDMAEnable)
                  20020020    0000000c                 : udma.obj (.text:uDMAIntStatus)
                  2002002c    0000000a                 : interrupt.obj (.text:IntMasterEnable)
                  20020036    0000000a     main.obj (.text:vApplicationStackOverflowHook)
                  20020040    00000008     hibernate_related_fns.obj (.text:sensorsTriggerSetup)
                  20020048    00000006     i2cconfig.obj (.text:MT9D111Delay)
                  2002004e    00000006     startup_ccs.obj (.text:ResetISR)
                  20020054    00000006     driverlib.a : utils.obj (.text:UtilsDelay)
                  2002005a    00000006     rtsv7M4_T_le_eabi.lib : copy_decompress_rle.obj (.text:decompress:rle24)
                  20020060    00000006                           : logf.obj (.text)
                  20020066    00000006                           : sinf.obj (.text)
                  2002006c    00000004                           : error.obj (.text)
                  20020070    00000004                           : pre_init.obj (.text)

.const     0    20020074    0000134b     
                  20020074    00000170     mt9d111.obj (.const:capture_cmds_list)
                  200201e4    00000140     mt9d111.obj (.const:init_cmds_list)
                  20020324    00000101     rtsv7M4_T_le_eabi.lib : ctype.obj (.const:.string:_ctypes_)
                  20020425    00000003     --HOLE-- [fill = 0]
                  20020428    00000100     driverlib.a : pin.obj (.const:g_ulPinToPadMap)
                  20020528    000000f8     mt9d111.obj (.const:$P$T18$19)
                  20020620    000000d4     driverlib.a : interrupt.obj (.const:g_pulRegs)
                  200206f4    000000cc     mt9d111.obj (.const)
                  200207c0    000000b0     simplelink.a : wlan.obj (.const:$P$T0$1)
                  20020870    000000a8     driverlib.a : prcm.obj (.const:PRCM_PeriphRegsList)
                  20020918    000000a4     mt9d111.obj (.const:$P$T2$3)
                  200209bc    00000088     network_relater_fns.obj (.const:.string)
                  20020a44    00000085     lightSens_isl29035.obj (.const:.string)
                  20020ac9    00000083     mt9d111.obj (.const:.string)
                  20020b4c    00000081     parse_uploads.obj (.const:.string)
                  20020bcd    00000003     --HOLE-- [fill = 0]
                  20020bd0    00000080     driverlib.a : interrupt.obj (.const)
                  20020c50    0000007a     camera_app.obj (.const:.string)
                  20020cca    00000074     user_configure_fn.obj (.const:.string)
                  20020d3e    00000068     mt9d111.obj (.const:$P$T17$18)
                  20020da6    00000002     --HOLE-- [fill = 0]
                  20020da8    00000068     appFns_BatteryLevelSense.obj (.const:V2CEntry$1)
                  20020e10    00000062     accelomtrMagntomtr_fxos8700.obj (.const:.string)
                  20020e72    00000054     mt9d111.obj (.const:$P$T20$21)
                  20020ec6    0000004c     mt9d111.obj (.const:$P$T6$7)
                  20020f12    0000004b     tempRHSens_si7020.obj (.const:.string)
                  20020f5d    0000003c     i2c_app.obj (.const:.string)
                  20020f99    00000001     --HOLE-- [fill = 0]
                  20020f9a    0000003c     simplelink.a : driver.obj (.const:OpcodeTranslateTable)
                  20020fd6    0000003c                  : wlan.obj (.const)
                  20021012    00000002     --HOLE-- [fill = 0]
                  20021014    00000038                  : driver.obj (.const:_SlActionLookupTable)
                  2002104c    00000038     rtsv7M4_T_le_eabi.lib : xflog.obj (.const)
                  20021084    00000038     simplelink.a : fs.obj (.const)
                  200210bc    00000036     flash_files.obj (.const:.string)
                  200210f2    00000002     --HOLE-- [fill = 0]
                  200210f4    00000034     rtsv7M4_T_le_eabi.lib : xfatan.obj (.const)
                  20021128    00000034     simplelink.a : driver.obj (.const)
                  2002115c    00000034                  : socket.obj (.const)
                  20021190    0000002c     network_relater_fns.obj (.const:$P$T1$2)
                  200211bc    00000029     network_relater_fns.obj (.const)
                  200211e5    00000003     --HOLE-- [fill = 0]
                  200211e8    00000028     rtsv7M4_T_le_eabi.lib : xfdint.obj (.const)
                  20021210    00000028                           : xfsin.obj (.const)
                  20021238    00000028     simplelink.a : netapp.obj (.const)
                  20021260    00000024     network_relater_fns.obj (.const:g_acMonthOfYear)
                  20021284    00000023     batteryVoltLvlSens_adc081c021.obj (.const:.string:$P$T0$1)
                  200212a7    00000022     network_relater_fns.obj (.const:.string:$P$T0$1)
                  200212c9    00000003     --HOLE-- [fill = 0]
                  200212cc    0000001c     rtsv7M4_T_le_eabi.lib : tanf.obj (.const)
                  200212e8    0000001c                           : xfexp.obj (.const)
                  20021304    00000018     driverlib.a : spi.obj (.const)
                  2002131c    00000017     request.obj (.const:.string)
                  20021333    00000016     appFns_LightSensor.obj (.const:.string)
                  20021349    00000001     --HOLE-- [fill = 0]
                  2002134a    00000014     simplelink.a : device.obj (.const)
                  2002135e    00000013     sendUserConfigDataToParse.obj (.const:.string)
                  20021371    00000010     simplelink.a : socket.obj (.const:.string)
                  20021381    0000000f     application_fn.obj (.const:.string)
                  20021390    0000000f     sendGroundData.obj (.const:.string)
                  2002139f    0000000b     app_common.obj (.const:.string)
                  200213aa    00000008     simplelink.a : device.obj (.const:.string)
                  200213b2    00000008                  : netcfg.obj (.const)
                  200213ba    00000005     main.obj (.const:.string)

.cinit     0    200213c0    000004f0     
                  200213c0    000004cb     (.cinit..data.load) [load image, compression = rle]
                  2002188b    00000001     --HOLE-- [fill = 0]
                  2002188c    0000000c     (__TI_handler_table)
                  20021898    00000008     (.cinit..bss.load) [load image, compression = zero_init]
                  200218a0    00000010     (__TI_cinit_table)

.init_array 
*          0    20004000    00000000     UNINITIALIZED

.bss       0    20023c00    0001705e     UNINITIALIZED
                  20023c00    00014000     main.obj (.bss:g_image_buffer)
                  20037c00    00000b58     tasks.obj (.bss:thisMagBuffer)
                  20038758    000005a0     ota.a : OtaHttp.obj (.bss:recv_buf)
                  20038cf8    0000044c           : OtaClient.obj (.bss:g_OtaCheckUpdateResponse)
                  20039144    00000418     user_configure_fn.obj (.bss:thisMagCal)
                  2003955c    00000240     ota.obj (.bss:g_otaOptServerInfo)
                  2003979c    00000058     tasks.obj (.bss:thisMag)
                  200397f4    0000000c     (.common:g_SecParams)
                  20039800    00000400     udma_if.obj (.bss:gpCtlTbl)
                  20039c00    000003d8     ota.a : OtaClient.obj (.bss:g_OtaFileMetadata)
                  20039fd8    00000200           : OtaHttp.obj (.bss:send_buf)
                  2003a1d8    00000178     simplelink.a : driver.obj (.bss:g_StatMem)
                  2003a350    00000120     rtsv7M4_T_le_eabi.lib : trgmsg.obj (.bss:__CIOBUF_)
                  2003a470    00000100     udma_if.obj (.bss:gfpAppCallbackHndl)
                  2003a570    000000c8     free_rtos.a : tasks.obj (.bss:pxReadyTasksLists)
                  2003a638    000000ac     tasks.obj (.bss:thisSV_6DOF_GB_BASIC)
                  2003a6e4    000000a0     rtsv7M4_T_le_eabi.lib : defs.obj (.bss:__TI_tmpnams)
                  2003a784    00000074     ota.a : CdnClient.obj (.bss:g_CdnClient)
                  2003a7f8    00000050     simplelink.a : cc_pal.obj (.bss:g_ucDinDout)
                  2003a848    00000050     free_rtos.a : queue.obj (.bss:xQueueRegistry)
                  2003a898    0000004c     ota.a : OtaApp.obj (.bss:g_OtaApp)
                  2003a8e4    0000004c           : OtaApp.obj (.bss:g_OtaApp_statistics)
                  2003a930    00000040     network_relater_fns.obj (.bss:g_TimeData)
                  2003a970    00000034     cc3200_client_state.obj (.bss:clientStateFileName)
                  2003a9a4    00000034     main.obj (.bss:g_cWlanSecurityKey)
                  2003a9d8    00000034     tasks.obj (.bss:thisAccel)
                  2003aa0c    00000024     ota.a : OtaClient.obj (.bss:g_OtaClient)
                  2003aa30    00000024     main.obj (.bss:g_cWlanSSID)
                  2003aa54    00000024     main.obj (.bss:g_ucConnectionSSID)
                  2003aa78    0000001c     rtsv7M4_T_le_eabi.lib : vla_alloc.obj (.bss)
                  2003aa94    00000014     (.common:g_FlcSflashCb)
                  2003aaa8    00000014     (.common:g_flag_blockFull)
                  2003aabc    00000014     (.common:xDelayedTaskList1)
                  2003aad0    00000014     (.common:xDelayedTaskList2)
                  2003aae4    00000014     (.common:xPendingReadyList)
                  2003aaf8    00000014     (.common:xSuspendedTaskList)
                  2003ab0c    00000014     (.common:xTasksWaitingTermination)
                  2003ab20    00000010     (.common:ang_buf)
                  2003ab30    00000010     (.common:globals)
                  2003ab40    00000010     (.common:mqxglobals)
                  2003ab50    00000008     (.common:g_LogClient)
                  2003ab58    00000008     (.common:g_Struct_TimeStamp_MaxAngle)
                  2003ab60    00000008     (.common:g_Struct_TimeStamp_MinAngle)
                  2003ab68    00000008     (.common:g_Struct_TimeStamp_SnapAngle)
                  2003ab70    00000008     (.common:g_TimeStamp_CamUp)
                  2003ab78    00000008     (.common:g_TimeStamp_DoorClosed)
                  2003ab80    00000008     (.common:g_TimeStamp_MaxAngle)
                  2003ab88    00000008     (.common:g_TimeStamp_MinAngle)
                  2003ab90    00000008     (.common:g_TimeStamp_NWPUp)
                  2003ab98    00000008     (.common:g_TimeStamp_PhotoSnap)
                  2003aba0    00000008     (.common:g_TimeStamp_PhotoUploaded)
                  2003aba8    00000008     (.common:g_TimeStamp_SnapAngle)
                  2003abb0    00000008     (.common:g_TimeStamp_cc3200Up)
                  2003abb8    00000008     (.common:g_ucConnectionBSSID)
                  2003abc0    00000008     (.common:parmbuf)
                  2003abc8    00000008     (.common:sBootInfo)
                  2003abd0    00000004     (.common:DMAMsgQ)
                  2003abd4    00000004     (.common:Elapsed_100MilliSecs)
                  2003abd8    00000004     (.common:Elapsed_1Secs)
                  2003abdc    00000004     (.common:__Errorlog)
                  2003abe0    00000004     (.common:angle_avg)
                  2003abe4    00000004     (.common:dataBuffer)
                  2003abe8    00000004     (.common:g_angleOffset_to180)
                  2003abec    00000004     (.common:g_block_lastFilled)
                  2003abf0    00000004     (.common:g_cDummy)
                  2003abf4    00000004     (.common:g_cWlanSecurityType)
                  2003abf8    00000004     (.common:g_frame_size_in_bytes)
                  2003abfc    00000004     (.common:g_pfUserConfigData)
                  2003ac00    00000004     (.common:g_position_in_block)
                  2003ac04    00000004     (.common:g_readHeader)
                  2003ac08    00000004     (.common:g_total_dma_intrpts)
                  2003ac0c    00000004     (.common:g_ulAppStatus)
                  2003ac10    00000004     (.common:g_ulAppTimeout_ms)
                  2003ac14    00000004     (.common:g_ulSimplelinkStatus)
                  2003ac18    00000004     (.common:g_ulWatchdogCycles)
                  2003ac1c    00000004     (.common:gdoor_40deg_angle)
                  2003ac20    00000004     (.common:gdoor_90deg_angle)
                  2003ac24    00000004     (.common:gdoor_OpenDeg_angle)
                  2003ac28    00000004     (.common:pvOtaApp)
                  2003ac2c    00000004     (.common:pxDelayedTaskList)
                  2003ac30    00000004     (.common:pxOverflowDelayedTaskList)
                  2003ac34    00000002     (.common:g_fMaxAngle)
                  2003ac36    00000002     (.common:g_fMinAngle)
                  2003ac38    00000001     (.common:RxIrqCnt)
                  2003ac39    00000001     (.common:avg_buffer_cnt)
                  2003ac3a    00000001     (.common:captureTimeout_Flag)
                  2003ac3b    00000001     (.common:checkForLight_Flag)
                  2003ac3c    00000001     (.common:cnt_LED_Timer)
                  2003ac3d    00000001     (.common:g_BlinkCount)
                  2003ac3e    00000001     (.common:g_I2CPeripheral_inUse_Flag)
                  2003ac3f    00000001     (.common:g_NoOfBlinks)
                  2003ac40    00000001     (.common:g_OffTime)
                  2003ac41    00000001     (.common:g_OnTime)
                  2003ac42    00000001     (.common:g_PhoneConnected_ToCC3200AP_flag)
                  2003ac43    00000001     (.common:g_Task1_Notification)
                  2003ac44    00000001     (.common:g_Task3_Notification)
                  2003ac45    00000001     (.common:g_dma_txn_done)
                  2003ac46    00000001     (.common:g_flag_DataBlockFilled)
                  2003ac47    00000001     (.common:g_flag_door_closing_45degree)
                  2003ac48    00000001     (.common:g_frame_end)
                  2003ac49    00000001     (.common:g_ucAWBOff)
                  2003ac4a    00000001     (.common:g_ucAWBOn)
                  2003ac4b    00000001     (.common:g_ucAction)
                  2003ac4c    00000001     (.common:g_ucActionButton)
                  2003ac4d    00000001     (.common:g_ucAngle40)
                  2003ac4e    00000001     (.common:g_ucAngle90)
                  2003ac4f    00000001     (.common:g_ucCalibration)
                  2003ac50    00000001     (.common:g_ucConfig)
                  2003ac51    00000001     (.common:g_ucExitButton)
                  2003ac52    00000001     (.common:g_ucFeedWatchdog)
                  2003ac53    00000001     (.common:g_ucMagCalb)
                  2003ac54    00000001     (.common:g_ucPreviewStart)
                  2003ac55    00000001     (.common:g_ucPreviewStop)
                  2003ac56    00000001     (.common:g_ucProfileAdded)
                  2003ac57    00000001     (.common:g_ucPushButtonPressedTwice)
                  2003ac58    00000001     (.common:g_ucReasonForFailure)
                  2003ac59    00000001     (.common:g_ucSAVE)
                  2003ac5a    00000001     (.common:iDone)
                  2003ac5b    00000001     (.common:isitfirsttime)
                  2003ac5c    00000001     (.common:print_count)
                  2003ac5d    00000001     (.common:valid_case)

.TI.noinit 
*          0    20023c00    00000000     UNINITIALIZED

.sysmem    0    2003ac60    00005000     UNINITIALIZED
                  2003ac60    00000008     rtsv7M4_T_le_eabi.lib : memory.obj (.sysmem)
                  2003ac68    00004ff8     --HOLE--


LINKER GENERATED COPY TABLES

__TI_cinit_table @ 200218a0 records: 2, size/record: 8, table size: 16
	.data: load addr=200213c0, load size=000004cb bytes, run addr=20000000, run size=00000900 bytes, compression=rle
	.bss: load addr=20021898, load size=00000008 bytes, run addr=20023c00, run size=0001705e bytes, compression=zero_init


LINKER GENERATED HANDLER TABLE

__TI_handler_table @ 2002188c records: 3, size/record: 4, table size: 12
	index: 0, handler: __TI_decompress_rle24
	index: 1, handler: __TI_decompress_none
	index: 2, handler: __TI_zero_init


GLOBAL SYMBOLS: SORTED ALPHABETICALLY BY Name 

address   name                                  
-------   ----                                  
2001a66d  Add_NumberField_ToJSONString          
2001f961  ApplyAccelHAL                         
2001f0f9  ApplyMagHAL                           
2001e2ed  C$$EXIT                               
2001ca2b  C$$IO$$                               
2001e3b9  CCMRegs_Read                          
2001fe0f  CPUcpsie                              
20013c55  Calculate_DoorOpenThresholdAngle      
20018621  Calculate_TrueMinMaxAngles            
2001c351  CamControllerInit                     
2001f6bd  CameraCaptureStart                    
2001e88d  CameraCaptureStop                     
2001fd49  CameraDMAEnable                       
2001f531  CameraIntClear                        
2001f125  CameraIntEnable                       
2001fd5f  CameraIntRegister                     
2001f359  CameraIntStatus                       
2001ec4f  CameraParamsConfig                    
2001fb67  CameraReset                           
2001f97d  CameraSensorInit                      
2001f499  CameraThresholdSet                    
2001e8c7  CameraXClkConfig                      
200100f5  CaptureImage                          
20012995  CaptureandSavePreviewImage            
2000d827  CdnClient_CloseServer                 
2000d845  CdnClient_ConnectByUrl                
2000d7f5  CdnClient_Init                        
2000d6bf  CdnClient_Run                         
2000d6b5  CdnClient_SetFileInfo                 
2001f555  Check_I2CDevices                      
2001b5a9  Config_CameraCapture                  
2001bc01  ConfigureMode                         
2000e8b5  ConfigureSimpleLinkToDefaultState     
20011cb9  ConstructDeviceStateObject            
2000dc51  ConstructGroundDataObject             
20010e9d  ConstructUserConfigObject             
2001e5f7  CopyPingResultsToReport               
2003abd0  DMAMsgQ                               
2000063c  DigiCertHighAssuranceEVRootCA_der_len 
2001ffbf  DmaErrorIntHandler                    
2001f151  DmaSpiSwIntHandler                    
2001f999  DmaSwIntHandler                       
2003abd4  Elapsed_100MilliSecs                  
2003abd8  Elapsed_1Secs                         
20018ae5  EnterStandby_mt9d111                  
20018ecd  ExitStandby_mt9d111                   
20013dad  FXOS8700_Init                         
200158a5  FXOS8700_ReadData                     
2001e635  Fusion_Init                           
20013995  Fusion_Run                            
2001ebad  GPIODirModeSet                        
2001fb99  GPIOPinRead                           
2001f7ab  GPIOPinWrite                          
2000b561  GetSNTPTime                           
20016325  GetTimeNTP                            
2001aa79  Get_BatteryPercent                    
2001c191  Get_BatteryVoltageLevel_ADC081C021    
20017f6d  Get_FridgeCamID                       
20015bdd  HIBernate                             
2000e86d  HOSTclock                             
2000e835  HOSTclose                             
2000e7f7  HOSTgetenv                            
2000e79b  HOSTlseek                             
2000e749  HOSTopen                              
2000e6fd  HOSTread                              
2000e69f  HOSTrename                            
2000e665  HOSTtime                              
2000e62d  HOSTunlink                            
2000e5e1  HOSTwrite                             
20014941  I2CBufferRead                         
200151c1  I2CBufferWrite                        
2001fed9  I2CMasterControl                      
2001ff95  I2CMasterDataGet                      
2001fd75  I2CMasterDataPut                      
2001fd8b  I2CMasterEnable                       
2001f17d  I2CMasterErr                          
2001b315  I2CMasterInitExpClk                   
2001feeb  I2CMasterIntClearEx                   
2001f88d  I2CMasterIntStatusEx                  
2001f6df  I2CMasterSlaveAddrSet                 
2001fefd  I2CMasterTimeoutSet                   
2001d745  I2C_IF_Open                           
20019055  I2C_IF_Read                           
200191d5  I2C_IF_Write                          
2001d795  ImagCapture_Init                      
2001566d  ImageSensor_CaptureConfigs_Task       
2001f381  InitTerm                              
2001bcf1  InitialiseParse                       
2001a375  InitializeUserConfigVariables         
20019c91  IntDisable                            
20019d39  IntEnable                             
2001f579  IntHandler_100mSecTimer               
2001f1a9  IntHandler_1Sec_TimeoutTimer          
2002002d  IntMasterEnable                       
2001d39d  IntPendClear                          
2001d4f9  IntPrioritySet                        
2001f7cd  IntRegister                           
2001f59d  IntUnregister                         
2001fe25  IntVTableBaseSet                      
2001a40d  IntrptHandler_LEDTimer                
2001fab1  IsLightOff                            
2001ccd1  IsLongPress                           
2001ea25  LEDTimer_Enable                       
2001ec85  LEDTimer_Start                        
2001fe39  LEDTimer_Stop                         
2001ab09  LED_Blink_2                           
2001fbb1  LED_Off                               
2001fbc9  LED_On                                
2000e12f  LogClient_Close                       
2000e147  LogClient_ConnectAndPrint             
2000e0f9  LogClient_ConnectServer               
2000e0e1  LogClient_Init                        
2000df9d  LogClient_Print                       
20020049  MT9D111Delay                          
20010309  MagCal_Run                            
20018bad  Main_Task_withHibernate               
2001f3d1  Message                               
2001ddf1  NWP_SwitchOff                         
2001da15  NWP_SwitchOn                          
2001c201  Network_IF_GetHostIP                  
2001ffcd  NwpMaskInterrupt                      
2001ea5d  NwpPowerOff                           
2001f7ed  NwpPowerOn                            
2001b399  NwpPowerOnPreamble                    
2001f4bf  NwpRegisterInterruptHandler           
2001ffd9  NwpUnMaskInterrupt                    
20013565  OTAServerInfoSet                      
2001cf29  OTA_CommitImage                       
2001f32d  OTA_Update                            
20020f9a  OpcodeTranslateTable                  
2000c647  OtaClient_CloseServer                 
2000c611  OtaClient_ConnectServer               
2000c5df  OtaClient_GetNextUpdate               
2000c5ad  OtaClient_Init                        
2000c4d7  OtaClient_ResourceMetadata            
2000c313  OtaClient_ResourceNameConvert         
2000c265  OtaClient_UpdateCheck                 
2001e3f9  PCLK_Rate_read                        
20014f59  PRCMCC3200MCUInit                     
2001fda1  PRCMHIBRegRead                        
2001fdb7  PRCMHIBRegWrite                       
2001fbe1  PRCMHibernateEnter                    
2001aedd  PRCMHibernateIntervalSet              
2001c85d  PRCMHibernateWakeUpGPIOSelect         
2001de39  PRCMHibernateWakeupSourceDisable      
2001de81  PRCMHibernateWakeupSourceEnable       
[...]
2001dda5  __aeabi_d2f                           
2001ddf1  NWP_SwitchOff                         
2001de39  PRCMHibernateWakeupSourceDisable      
2001de81  PRCMHibernateWakeupSourceEnable       
2001dec9  ReadImageConfigReg                    
2001df11  SPIIntClear                           
2001df59  Standby_ImageSensor                   
2001dfa1  Variable_Read                         
2001dfe9  WatchdogIntHandler                    
2001e031  _SlDrvBasicCmd                        
2001e079  addHttpRequestLine                    
2001e0c1  fatan_15deg                           
2001e109  __aeabi_d2iz                          
2001e151  ldexp                                 
2001e1dd  TimerConfigure                        
2001e221  UDMASetupTransfer                     
2001e2a9  fxos_Calibration                      
2001e2ed  C$$EXIT                               
2001e2f1  abort                                 
2001e2f9  exit                                  
2001e331  __aeabi_d2uiz                         
2001e375  sl_Htonl                              
2001e3b9  CCMRegs_Read                          
2001e3f9  PCLK_Rate_read                        
2001e439  PinModeSet                            
2001e479  Variable_Write                        
2001e4b9  WDT_IF_Init                           
2001e4f9  getHttpResponseBody                   
2001e539  signal                                
2001e579  start_1Sec_TimeoutTimer               
2001e5b9  strncasecmp                           
2001e5f7  CopyPingResultsToReport               
2001e635  Fusion_Init                           
2001e6ad  PRCMPeripheralClkEnable               
2001e6e9  PRCMSlowClkCtrFastGet                 
2001e725  Reg_Read                              
2001e761  _sl_TruncatePayloadByProtocol         
2001e79d  _c_int00                              
2001e7d9  sl_Htons                              
2001e815  start_100mSecTimer                    
2001e851  uDMAChannelControlSet                 
2001e88d  CameraCaptureStop                     
2001e8c7  CameraXClkConfig                      
2001e901  Reg_Write                             
2001e93b  fLPFScalar                            
2001e975  parseSendRequest                      
2001e9b1  addHttpRequestHeader                  
2001ea25  LEDTimer_Enable                       
2001ea5d  NwpPowerOff                           
2001ea95  WDT_init                              
2001eacd  pvPortMalloc                          
2001eaed  vPortFree                             
2001eb05  __aeabi_f2d                           
2001eb3d  __aeabi_f2iz                          
2001eb75  __aeabi_i2f                           
2001ebad  GPIODirModeSet                        
2001ebe3  sl_NetAppMDNSUnRegisterService        
2001ec19  beginHttpRequest                      
2001ec4f  CameraParamsConfig                    
2001ec85  LEDTimer_Start                        
2001ecb9  PRCMPeripheralStatusGet               
2001eced  SPIFIFOLevelSet                       
2001ed21  Verify_ImageSensor                    
2001ed55  getHttpResponseStatus                 
2001ed89  get_angle                             
2001edbd  feraiseexcept                         
2001edf1  __aeabi_f2uiz                         
2001ee25  strstr                                
2001ee59  Timer_IF_Init                         
2001ee8b  PinTypeGPIO                           
2001eebd  UARTDisable                           
2001eeed  _SlDrvDeviceEventHandler              
2001ef1d  _sl_Strlen                            
2001ef7d  strncpy                               
2001efad  _Feraise                              
2001efdd  sl_Close                              
2001f00d  sl_WlanProfileDel                     
2001f03d  sl_WlanSetMode                        
2001f06d  __aeabi_i2d                           
2001f09b  raise                                 
2001f0c9  addHttpRequestHeaderInt               
2001f0f9  ApplyMagHAL                           
2001f125  CameraIntEnable                       
2001f151  DmaSpiSwIntHandler                    
2001f17d  I2CMasterErr                          
2001f1a9  IntHandler_1Sec_TimeoutTimer          
2001f1d5  PRCMSysResetCauseGet                  
2001f201  SoftReset_ImageSensor                 
2001f259  setDataBufferPointer                  
2001f285  TimerLoadSet                          
2001f2af  TimerPrescaleSet                      
2001f2d9  _Dclass                               
2001f303  util_u64_time_add                     
2001f32d  OTA_Update                            
2001f359  CameraIntStatus                       
2001f381  InitTerm                              
2001f3d1  Message                               
2001f3f9  PRCMPeripheralClkDisable              
2001f421  strncat                               
2001f449  sl_NetAppStart                        
2001f471  sl_NetAppStop                         
2001f499  CameraThresholdSet                    
2001f4bf  NwpRegisterInterruptHandler           
2001f4e5  SimpleLinkSockEventHandler            
2001f50b  strncmp                               
2001f531  CameraIntClear                        
2001f555  Check_I2CDevices                      
2001f579  IntHandler_100mSecTimer               
2001f59d  IntUnregister                         
2001f5e5  Timer_IF_Start                        
2001f609  UARTEnable                            
2001f62d  WriteAllAEnAWBRegs                    
2001f651  _SlDrvProtectionObjLockWaitForever    
2001f675  magnetometer_initialize               
2001f699  __aeabi_ui2f                          
2001f6bd  CameraCaptureStart                    
2001f6df  I2CMasterSlaveAddrSet                 
2001f701  SL_FD_SET                             
2001f723  SPIReset                              
2001f745  SPIWordCountSet                       
2001f767  frexp                                 
2001f789  memcmp                                
2001f7ab  GPIOPinWrite                          
2001f7cd  IntRegister                           
2001f7ed  NwpPowerOn                            
2001f80d  Refresh_mt9d111Firmware               
2001f82d  _SlDrvProtectionObjUnLock             
2001f84d  memchr                                
2001f86d  __aeabi_ui2d                          
2001f88d  I2CMasterIntStatusEx                  
2001f8ab  TimerDisable                          
2001f8c9  TimerEnable                           
2001f8e7  TimerIntStatus                        
2001f905  UARTCharPut                           
2001f941  strcat                                
2001f961  ApplyAccelHAL                         
2001f97d  CameraSensorInit                      
2001f999  DmaSwIntHandler                       
2001f9b5  PinTypeI2C                            
2001f9d1  TimerValueGet                         
2001f9ed  _SlDrvObjLockWaitForever              
2001fa09  _SlDrvSyncObjWaitForever              
2001fa25  memccpy                               
2001fa41  stop_100mSecTimer                     
2001fa5d  stop_1Sec_TimeoutTimer                
2001fa79  uDMAChannelDisable                    
2001fa95  uDMAChannelEnable                     
2001fab1  IsLightOff                            
2001facb  PinTypeCamera                         
2001fae5  PinTypeUART                           
2001faff  SPIDmaDisable                         
2001fb19  SPIDmaEnable                          
2001fb33  SPIFIFODisable                        
2001fb4d  SPIFIFOEnable                         
2001fb67  CameraReset                           
2001fb99  GPIOPinRead                           
2001fbb1  LED_Off                               
2001fbc9  LED_On                                
2001fbe1  PRCMHibernateEnter                    
2001fbf9  SPICSDisable                          
2001fc11  SPICSEnable                           
2001fc29  SPIDisable                            
2001fc41  SPIEnable                             
2001fc59  TimerIntEnable                        
2001fc71  Timer_IF_InterruptClear               
2001fc89  WatchdogStallEnable                   
2001fca1  WatchdogUnlock                        
2001fcb9  _SlDrvObjUnLock                       
2001fcd1  _SlDrvSyncObjSignal                   
2001fce9  _sl_GetStartResponseConvert           
2001fd19  _args_main                            
2001fd31  strcmp                                
2001fd49  CameraDMAEnable                       
2001fd5f  CameraIntRegister                     
2001fd75  I2CMasterDataPut                      
2001fd8b  I2CMasterEnable                       
2001fda1  PRCMHIBRegRead                        
2001fdb7  PRCMHIBRegWrite                       
2001fdcd  WatchdogEnable                        
2001fde3  _SlDrvMemZero                         
2001fdf9  strchr                                
2001fe0f  CPUcpsie                              
2001fe25  IntVTableBaseSet                      
2001fe39  LEDTimer_Stop                         
2001fe4d  Reset_byStarvingWDT                   
2001fe61  SetShutterWidth                       
2001fe75  _register_unlock                      
2001fe7b  _register_lock                        
2001fe83  _nop                                  
2001fe89  strcpy                                
2001fe9d  strlen                                
2001feb1  uDMAControlBaseSet                    
2001fec5  uDMAIntClear                          
2001fed9  I2CMasterControl                      
2001feeb  I2CMasterIntClearEx                   
2001fefd  I2CMasterTimeoutSet                   
2001ff0f  TimerIntClear                         
2001ff21  WatchdogReloadSet                     
2001ff35  PRCMSOCReset                          
2001ff55  SL_FD_ZERO                            
2001ff65  Timer_IF_Stop                         
2001ff75  WatchdogIntClear                      
2001ff85  socketClose                           
2001ff95  I2CMasterDataGet                      
2001ffa3  _SlDrvResetCmdExt                     
2001ffb1  __TI_decompress_none                  
2001ffbf  DmaErrorIntHandler                    
2001ffcd  NwpMaskInterrupt                      
2001ffd9  NwpUnMaskInterrupt                    
2001ffe5  cc_rtc_get                            
2001fff1  __TI_zero_init                        
2001fffd  getInternalClient                     
20020009  sl_WlanDisconnect                     
20020015  uDMAEnable                            
20020021  uDMAIntStatus                         
2002002d  IntMasterEnable                       
20020037  vApplicationStackOverflowHook         
20020041  sensorsTriggerSetup                   
20020049  MT9D111Delay                          
2002004f  ResetISR                              
20020055  UtilsDelay                            
2002005b  __TI_decompress_rle24                 
20020061  logf                                  
20020067  sinf                                  
2002006d  __abort_execution                     
20020071  _system_pre_init                      
20020324  _ctypes_                              
200209bc  g_acSNTPserver                        
200209da  g_acNumOfDaysPerMonth                 
200209e6  g_acDigits                            
20020f9a  OpcodeTranslateTable                  
20020fd6  _SlPolicySetCmdCtrl                   
20020fda  _SlPolicyGetCmdCtrl                   
20020fde  _SlProfileGetCmdCtrl                  
20020fe2  _SlProfileDelCmdCtrl                  
20020fe6  _SlWlanGetNetworkListCtrl             
20020fea  _SlRxFilterAddtCmdCtrl                
20020fee  _SlRxFilterSetCmdCtrl                 
20020ff2  _SlRxFilterGetCmdCtrl                 
20020ff6  _SlSmartConfigStartCmdCtrl            
20020ffa  _SlWlanSetModeCmdCtrl                 
20020ffe  _SlWlanCfgSetCmdCtrl                  
20021002  _SlWlanCfgGetCmdCtrl                  
20021014  _SlActionLookupTable                  
20021084  _SlFsOpenCmdCtrl                      
20021088  _SlFsCloseCmdCtrl                     
2002108c  _SlFsReadCmdCtrl                      
20021090  _SlFsWriteCmdCtrl                     
20021094  _SlFsGetInfoCmdCtrl                   
20021098  _SlFsDeleteCmdCtrl                    
20021128  g_H2NSyncPattern                      
20021130  g_H2NCnysPattern                      
20021138  RxMsgClassLUT                         
2002115c  _SlSockSocketCmdCtrl                  
20021160  _SlSockCloseCmdCtrl                   
20021164  _SlRecvfomCmdCtrl                     
20021168  _SlSendCmdCtrl                        
2002116c  _SlListenCmdCtrl                      
20021170  _SlAcceptCmdCtrl                      
20021174  _SlRecvCmdCtrl                        
20021178  _SlSetSockOptCmdCtrl                  
2002117c  _SlGetSockOptCmdCtrl                  
20021180  _SlSelectCmdCtrl                      
200211bc  g_acDaysOfWeek2013                    
20021238  _SlNetAppStartCtrl                    
2002123c  _SlNetAppStopCtrl                     
20021240  _SlGetServiceListeCtrl                
20021244  _SlRegisterServiceCtrl                
20021248  _SlGetHostByServiceCtrl               
2002124c  _SlGetHostByNameCtrl                  
20021250  _SlNetAppSetCmdCtrl                   
20021254  _SlNetAppSendTokenValueCmdCtrl        
20021258  _SlNetAppGetCmdCtrl                   
20021260  g_acMonthOfYear                       
2002131c  g_deviceClientVersion                 
2002134a  _SlStopCmdCtrl                        
2002134e  _SlEventMaskSetCmdCtrl                
20021352  _SlEventMaskGetCmdCtrl                
20021356  _SlDeviceGetCmdCtrl                   
2002135a  _SlDeviceSetCmdCtrl                   
20021371  _SlPayloadByProtocolLUT               
2002139f  pcDigits                              
200213aa  StartResponseLUT                      
200213b2  _SlNetCfgSetCmdCtrl                   
200213b6  _SlNetCfgGetCmdCtrl                   
200213c0  __TI_static_base__                    
2002188c  __TI_Handler_Table_Base               
20021898  __TI_Handler_Table_Limit              
200218a0  __TI_CINIT_Base                       
200218b0  __TI_CINIT_Limit                      
20023c00  g_image_buffer                        
20037c00  thisMagBuffer                         
20038cf8  g_OtaCheckUpdateResponse              
20039144  thisMagCal                            
2003979c  thisMag                               
200397f4  g_SecParams                           
20039800  gpCtlTbl                              
20039c00  g_OtaFileMetadata                     
2003a1d8  g_StatMem                             
2003a350  __CIOBUF_                             
2003a470  gfpAppCallbackHndl                    
2003a638  thisSV_6DOF_GB_BASIC                  
2003a6e4  __TI_tmpnams                          
2003a784  g_CdnClient                           
2003a7f8  g_ucDinDout                           
2003a848  xQueueRegistry                        
2003a898  g_OtaApp                              
2003a8e4  g_OtaApp_statistics                   
2003a930  g_TimeData                            
2003a970  clientStateFileName                   
2003a9a4  g_cWlanSecurityKey                    
2003a9d8  thisAccel                             
2003aa0c  g_OtaClient                           
2003aa30  g_cWlanSSID                           
2003aa54  g_ucConnectionSSID                    
2003aa94  g_FlcSflashCb                         
2003aaa8  g_flag_blockFull                      
2003ab20  ang_buf                               
2003ab30  globals                               
2003ab40  mqxglobals                            
2003ab50  g_LogClient                           
2003ab58  g_Struct_TimeStamp_MaxAngle           
2003ab60  g_Struct_TimeStamp_MinAngle           
2003ab68  g_Struct_TimeStamp_SnapAngle          
2003ab70  g_TimeStamp_CamUp                     
2003ab78  g_TimeStamp_DoorClosed                
2003ab80  g_TimeStamp_MaxAngle                  
2003ab88  g_TimeStamp_MinAngle                  
2003ab90  g_TimeStamp_NWPUp                     
2003ab98  g_TimeStamp_PhotoSnap                 
2003aba0  g_TimeStamp_PhotoUploaded             
2003aba8  g_TimeStamp_SnapAngle                 
2003abb0  g_TimeStamp_cc3200Up                  
2003abb8  g_ucConnectionBSSID                   
2003abd0  DMAMsgQ                               
2003abd4  Elapsed_100MilliSecs                  
2003abd8  Elapsed_1Secs                         
2003abe0  angle_avg                             
2003abe4  dataBuffer                            
2003abe8  g_angleOffset_to180                   
2003abec  g_block_lastFilled                    
2003abf0  g_cDummy                              
2003abf4  g_cWlanSecurityType                   
2003abf8  g_frame_size_in_bytes                 
2003abfc  g_pfUserConfigData                    
2003ac00  g_position_in_block                   
2003ac04  g_readHeader                          
2003ac0c  g_ulAppStatus                         
2003ac10  g_ulAppTimeout_ms                     
2003ac14  g_ulSimplelinkStatus                  
2003ac18  g_ulWatchdogCycles                    
2003ac1c  gdoor_40deg_angle                     
2003ac20  gdoor_90deg_angle                     
2003ac24  gdoor_OpenDeg_angle                   
2003ac34  g_fMaxAngle                           
2003ac36  g_fMinAngle                           
2003ac38  RxIrqCnt                              
2003ac39  avg_buffer_cnt                        
2003ac3a  captureTimeout_Flag                   
2003ac3b  checkForLight_Flag                    
2003ac3c  cnt_LED_Timer                         
2003ac3d  g_BlinkCount                          
2003ac3e  g_I2CPeripheral_inUse_Flag            
2003ac3f  g_NoOfBlinks                          
2003ac40  g_OffTime                             
2003ac41  g_OnTime                              
2003ac42  g_PhoneConnected_ToCC3200AP_flag      
2003ac43  g_Task1_Notification                  
2003ac44  g_Task3_Notification                  
2003ac46  g_flag_DataBlockFilled                
2003ac47  g_flag_door_closing_45degree          
2003ac48  g_frame_end                           
2003ac49  g_ucAWBOff                            
2003ac4a  g_ucAWBOn                             
2003ac4b  g_ucAction                            
2003ac4c  g_ucActionButton                      
2003ac4d  g_ucAngle40                           
2003ac4e  g_ucAngle90                           
2003ac4f  g_ucCalibration                       
2003ac50  g_ucConfig                            
2003ac51  g_ucExitButton                        
2003ac52  g_ucFeedWatchdog                      
2003ac53  g_ucMagCalb                           
2003ac54  g_ucPreviewStart                      
2003ac55  g_ucPreviewStop                       
2003ac56  g_ucProfileAdded                      
2003ac57  g_ucPushButtonPressedTwice            
2003ac58  g_ucReasonForFailure                  
2003ac59  g_ucSAVE                              
2003ac5a  iDone                                 
2003ac5b  isitfirsttime                         
2003ac5c  print_count                           
2003ac5d  valid_case                            
2003ac60  _sys_memory                           
ffffffff  __binit__                             
ffffffff  __c_args__                            
ffffffff  binit                                 
UNDEFED   SHT$$INIT_ARRAY$$Base                 
UNDEFED   SHT$$INIT_ARRAY$$Limit                

[965 symbols]
