******************************************************************************
                  TI ARM Linker PC v5.2.2                      
******************************************************************************
>> Linked Fri Aug 07 19:51:42 2015

OUTPUT FILE NAME:   <ULP_SEC_CAM.out>
ENTRY POINT SYMBOL: "_c_int00"  address: 2001f1b9


MEMORY CONFIGURATION

         name            origin    length      used     unused   attr    fill
----------------------  --------  ---------  --------  --------  ----  --------
  SRAM_BOOTLDR          20000000   00004000  0000293c  000016c4  RW X
  SRAM_CODE             20004000   0001e300  0001e123  000001dd  RW X
  SRAM_DATA             20022300   0001dd00  0001c36e  00001992  RW X


SEGMENT ALLOCATION MAP

run origin  load origin   length   init length attrs members
----------  ----------- ---------- ----------- ----- -------
20000000    20000000    0000093c   00000000    rw-
  20000000    20000000    0000093c   00000000    rw- .data
20002000    20002000    00002000   00000000    rw-
  20002000    20002000    00002000   00000000    rw- .stack
20004000    20004000    0001e128   0001e128    r-x
  20004000    20004000    00000400   00000400    r-- .intvecs
  20004400    20004400    0001c5a0   0001c5a0    r-x .text
  200209a0    200209a0    00001253   00001253    r-- .const
  20021bf8    20021bf8    00000530   00000530    r-- .cinit
20022400    20022400    0001c370   00000000    rw-
  20022400    20022400    0001736e   00000000    rw- .bss
  20039770    20039770    00005000   00000000    rw- .sysmem


SECTION ALLOCATION MAP

 output                                  attributes/
section   page    origin      length       input sections
--------  ----  ----------  ----------   ----------------
.data      0    20000000    0000093c     UNINITIALIZED
                  20000000    000003c9     cc3200_certificate.obj (.data:DigiCertHighAssuranceEVRootCA_der)
                  200003c9    00000001     tasks.obj (.data)
                  200003ca    00000002     --HOLE--
                  200003cc    000000f0     rtsv7M4_T_le_eabi.lib : defs.obj (.data:_ftable)
                  200004bc    000000d0                           : lowlev.obj (.data)
                  2000058c    000000b0                           : signal.obj (.data:sigtable)
                  2000063c    00000004     cc3200_certificate.obj (.data)
                  20000640    00000080     rtsv7M4_T_le_eabi.lib : xvalues.obj (.data)
                  200006c0    00000068                           : xfvalues.obj (.data)
                  20000728    00000064     network_relater_fns.obj (.data:Token)
                  2000078c    00000064     network_relater_fns.obj (.data:Value)
                  200007f0    0000003c     main.obj (.data:g_token_get)
                  2000082c    00000034     free_rtos.a : tasks.obj (.data)
                  20000860    00000024     main.obj (.data)
                  20000884    00000018     cc3200_utils.obj (.data)
                  2000089c    00000018     request.obj (.data)
                  200008b4    00000010     rtsv7M4_T_le_eabi.lib : defs.obj (.data)
                  200008c4    0000000c     free_rtos.a : osi_freertos.obj (.data)
                  200008d0    0000000c     rtsv7M4_T_le_eabi.lib : memory.obj (.data)
                  200008dc    00000009     simplelink.a : cc_pal.obj (.data)
                  200008e5    00000003     --HOLE--
                  200008e8    00000009                  : driver.obj (.data)
                  200008f1    00000003     --HOLE--
                  200008f4    00000008     camera_app.obj (.data)
                  200008fc    00000008     rtsv7M4_T_le_eabi.lib : _lock.obj (.data)
                  20000904    00000008                           : exit.obj (.data)
                  2000090c    00000008                           : feraiseexcept.obj (.data)
                  20000914    00000006     http.obj (.data)
                  2000091a    00000002     --HOLE--
                  2000091c    00000004     free_rtos.a : port.obj (.data)
                  20000920    00000004     middleware.a : rtc_hal.obj (.data)
                  20000924    00000004     ota.a : OtaHttp.obj (.data)
                  20000928    00000004     rtsv7M4_T_le_eabi.lib : errno.obj (.data)
                  2000092c    00000004                           : fopen.obj (.data)
                  20000930    00000004                           : rand.obj (.data)
                  20000934    00000004                           : stkdepth_vars.obj (.data)
                  20000938    00000004     user_configure_fn.obj (.data)

.TI.persistent 
*          0    20000000    00000000     UNINITIALIZED

.stack     0    20002000    00002000     UNINITIALIZED
                  20002000    00002000     --HOLE--

.intvecs   0    20004000    00000400     
                  20004000    00000400     startup_ccs.obj (.intvecs)

.text      0    20004400    0001c5a0     
                  20004400    00001258     free_rtos.a : tasks.obj (.text)
                  20005658    000010a6     rtsv7M4_T_le_eabi.lib : _printfi.obj (.text)
                  200066fe    00000002     startup_ccs.obj (.text:BusFaultHandler)
                  20006700    00000b24     free_rtos.a : queue.obj (.text)
                  20007224    00000a08     magnetic.obj (.text:fUpdateCalibration10EIG)
                  20007c2c    00000788     magnetic.obj (.text:fUpdateCalibration4INV)
                  200083b4    00000694     magnetic.obj (.text:fUpdateCalibration7EIG)
                  20008a48    00000688     matrix.obj (.text:eigencompute)
                  200090d0    00000610     ota.a : OtaHttp.obj (.text)
                  200096e0    000005ec     simplelink.a : driver.obj (.text:_SlDrvMsgRead)
                  20009ccc    00000584     magnetic.obj (.text:iUpdateMagnetometerBuffer)
                  2000a250    000004dc     network_relater_fns.obj (.text:SimpleLinkHttpServerCallback)
                  2000a72c    000004be     cc3200_utils.obj (.text:createNewInstallationId)
                  2000abea    00000002     driverlib.a : interrupt.obj (.text:IntDefaultHandler)
                  2000abec    000004bc     application_fn.obj (.text:application_fn)
                  2000b0a8    0000045c     free_rtos.a : osi_freertos.obj (.text)
                  2000b504    0000044c     request.obj (.text:buildRequestHeaders)
                  2000b950    00000424     ota.a : OtaClient.obj (.text)
                  2000bd74    0000040c           : OtaApp.obj (.text)
                  2000c180    000003dc     rtsv7M4_T_le_eabi.lib : memory.obj (.text)
                  2000c55c    000003b8     matrix.obj (.text:fmatrixAeqInvA)
                  2000c914    000003b4     network_relater_fns.obj (.text:SimpleLinkWlanEventHandler)
                  2000ccc8    00000378     rtsv7M4_T_le_eabi.lib : powf.obj (.text)
                  2000d040    0000035c     ota.a : CdnClient.obj (.text)
                  2000d39c    00000354     orientation.obj (.text:feCompassAndroid)
                  2000d6f0    00000354     orientation.obj (.text:feCompassWin8)
                  2000da44    00000350     orientation.obj (.text:feCompassNED)
                  2000dd94    0000033c     door_position_detection_algorithm.obj (.text:Calculate_DoorOpenThresholdAngle)
                  2000e0d0    00000338     ota.a : LogClient.obj (.text)
                  2000e408    00000324     tasks.obj (.text:MagCal_Run)
                  2000e72c    0000030c     rtsv7M4_T_le_eabi.lib : lowlev.obj (.text)
                  2000ea38    000002dc     network_relater_fns.obj (.text:ConfigureSimpleLinkToDefaultState)
                  2000ed14    000002d4     rtsv7M4_T_le_eabi.lib : trgdrv.obj (.text)
                  2000efe8    000002a4     user_configure_fn.obj (.text:User_Configure)
                  2000f28c    00000298     mt9d111.obj (.text:RegLstWrite)
                  2000f524    00000298     rtsv7M4_T_le_eabi.lib : vla_alloc.obj (.text)
                  2000f7bc    00000284     camera_app.obj (.text:CaptureImage)
                  2000fa40    00000284     parse_uploads.obj (.text:ConstructGroundDataObject)
                  2000fcc4    00000278     door_position_detection_algorithm.obj (.text:check_doorpos)
                  2000ff3c    00000270     user_configure_fn.obj (.text:WiFiProvisioning)
                  200101ac    0000026e     simplejson.obj (.text:simpleJsonProcessor)
                  2001041a    00000002     startup_ccs.obj (.text:IntDefaultHandler)
                  2001041c    00000268     user_configure_fn.obj (.text:Get_Calibration_MagSensor)
                  20010684    0000025c     lightSens_isl29035.obj (.text:configureISL29035)
                  200108e0    00000248     simplelink.a : driver.obj (.text:_SlDrvRxHdrRead)
                  20010b28    00000244                  : wlan.obj (.text:sl_WlanConnect)
                  20010d6c    00000220     ota.obj (.text:OTA_Run)
                  20010f8c    00000220     rtsv7M4_T_le_eabi.lib : ll_div_t2.obj (.text)
                  200111ac    00000204     request.obj (.text:payloadSend)
                  200113b0    000001f4     rtsv7M4_T_le_eabi.lib : ull_div_t2.obj (.text)
                  200115a4    000001ec     main_FXOS8700.obj (.text:angleCheck_Initializations)
                  20011790    000001e0     Task_UserConfig.obj (.text:UserConfigure_Task)
                  20011970    000001d0     user_configure_fn.obj (.text:AccessPtMode_HTTPServer_Start)
                  20011b40    000001d0     simplelink.a : driver.obj (.text:_SlDrvReleasePoolObj)
                  20011d10    000001cc                  : driver.obj (.text:_SlDrvMsgWrite)
                  20011edc    000001c8     main.obj (.text:main)
                  200120a4    000001c4     tasks.obj (.text:RdSensData_Run)
                  20012268    000001c4     rtsv7M4_T_le_eabi.lib : fopen.obj (.text)
                  2001242c    000001c0     magnetic.obj (.text:fInvertMagCal)
                  200125ec    000001bc     rtsv7M4_T_le_eabi.lib : xflog.obj (.text)
                  200127a8    000001b6                           : fd_add_t2.obj (.text)
                  2001295e    00000002     startup_ccs.obj (.text:NmiSR)
                  20012960    000001ac     parse_uploads.obj (.text:ConstructDeviceStateObject)
                  20012b0c    000001ac     network_relater_fns.obj (.text:initNetwork)
                  20012cb8    000001a8     parse_uploads.obj (.text:ConstructUserConfigObject)
                  20012e60    000001a4     orientation.obj (.text:fQuaternionFromRotationMatrix)
                  20013004    000001a4     cc3200_socket.obj (.text:socketSslConnect)
                  200131a8    000001a0     camera_app.obj (.text:CameraIntHandler)
                  20013348    0000019c     rtsv7M4_T_le_eabi.lib : xfsin.obj (.text)
                  200134e4    00000190     simplelink.a : driver.obj (.text:_SlDrvWaitForPoolObj)
                  20013674    0000018c     request.obj (.text:sendRequest)
                  20013800    00000188     matrix.obj (.text:f3x3matrixAeqInvSymB)
                  20013988    00000184     flc.a : flc.obj (.text)
                  20013b0c    00000180     Task_Main.obj (.text:Main_Task_withHibernate)
                  20013c8c    00000180     fusion.obj (.text:fRun_6DOF_GB_BASIC)
                  20013e0c    00000180     orientation.obj (.text:fWin8AnglesDegFromRotationMatrix)
                  20013f8c    00000178     rtsv7M4_T_le_eabi.lib : tanf.obj (.text)
                  20014104    00000178                           : xfexp.obj (.text)
                  2001427c    00000174     simplelink.a : driver.obj (.text:_SlDrvDriverCBInit)
                  200143f0    00000174     magnetic.obj (.text:fInitMagCalibration)
                  20014564    00000170     network_relater_fns.obj (.text:SimpleLinkNetAppEventHandler)
                  200146d4    00000170     simplelink.a : driver.obj (.text:_SlFindAndSetActiveObj)
                  20014844    00000168     ota.obj (.text:OTAServerInfoSet)
                  200149ac    00000165     network_relater_fns.obj (.text:SimpleLinkSockEventHandler)
                  20014b11    00000001     --HOLE-- [fill = 0]
                  20014b12    00000002     main.obj (.text:vApplicationIdleHook)
                  20014b14    00000164     tempRHSens_si7020.obj (.text:getTempRH)
                  20014c78    00000160     tasks.obj (.text:Fusion_Run)
                  20014dd8    00000160     network_relater_fns.obj (.text:WiFi_Connect)
                  20014f38    0000015c     hibernate_related_fns.obj (.text:HIBernate)
                  20015094    00000158     drivers.obj (.text:FXOS8700_Init)
                  200151ec    00000158     orientation.obj (.text:qAeqAxB)
                  20015344    00000158     orientation.obj (.text:qconjgAxB)
                  2001549c    00000150     Task_ImageCaptureConfigs.obj (.text:ImageSensor_CaptureConfigs_Task)
                  200155ec    00000150     simplelink.a : cc_pal.obj (.text:spi_Open)
                  2001573c    0000013c     rtsv7M4_T_le_eabi.lib : fmodf.obj (.text)
                  20015878    0000013c     simplelink.a : socket.obj (.text:sl_Select)
                  200159b4    00000138     i2cconfig.obj (.text:I2CBufferRead)
                  20015aec    00000138     mt9d111.obj (.text:Register_Read)
                  20015c24    00000138     orientation.obj (.text:fLPFOrientationQuaternion)
                  20015d5c    00000138     orientation.obj (.text:fRotationMatrixFromQuaternion)
                  20015e94    00000138     i2c_app.obj (.text:i2cWriteRegisters)
                  20015fcc    00000136     rtsv7M4_T_le_eabi.lib : fd_div_t2.obj (.text)
                  20016102    00000002     --HOLE-- [fill = 0]
                  20016104    00000134     driverlib.a : prcm.obj (.text:PRCMCC3200MCUInit)
                  20016238    00000134     rtsv7M4_T_le_eabi.lib : fputs.obj (.text)
                  2001636c    00000130     i2cconfig.obj (.text:I2CBufferWrite)
                  2001649c    0000012a     free_rtos.a : list.obj (.text)
                  200165c6    00000002     --HOLE-- [fill = 0]
                  200165c8    00000128     mt9d111.obj (.text:Read_AllRegisters)
                  200166f0    00000128     simplelink.a : driver.obj (.text:_SlDrvDataReadOp)
                  20016818    00000116     drivers.obj (.text:FXOS8700_ReadData)
                  2001692e    00000002     --HOLE-- [fill = 0]
                  20016930    00000110     free_rtos.a : port.obj (.text)
                  20016a40    00000110     rtsv7M4_T_le_eabi.lib : xdscale.obj (.text)
                  20016b50    00000110     lightSens_isl29035.obj (.text:verifyISL29035)
                  20016c60    00000110     tempRHSens_si7020.obj (.text:verifyTempRHSensor)
                  20016d70    0000010c     sendGroundData.obj (.text:SendGroundData)
                  20016e7c    0000010c     flash_files.obj (.text:WriteFile_ToFlash)
                  20016f88    00000108     middleware.a : rtc_hal.obj (.text:rtc_fast_domain_counter_rd)
                  20017090    00000108     simplelink.a : socket.obj (.text:sl_Connect)
                  20017198    00000108                  : socket.obj (.text:sl_Send)
                  200172a0    00000104     dbgFns.obj (.text:Check_I2CDevices)
                  200173a4    00000104     simplelink.a : driver.obj (.text:_SlDrvDataWriteOp)
                  200174a8    00000104     i2c_app.obj (.text:i2cReadRegistersTwoBytes)
                  200175ac    00000104     simplelink.a : netapp.obj (.text:sl_NetAppDnsGetHostByName)
                  200176b0    00000100     i2c_app.obj (.text:i2cReadRegisters)
                  200177b0    00000100     cc3200_client_state.obj (.text:loadClientState)
                  200178b0    000000fe     simplelink.a : netapp.obj (.text:_SlDrvNetAppEventHandler)
                  200179ae    00000002     --HOLE-- [fill = 0]
                  200179b0    000000fc     pinmux.obj (.text:PinMuxConfig)
                  20017aac    000000fc     orientation.obj (.text:fqAeqNormqA)
                  20017ba8    000000fc     rtsv7M4_T_le_eabi.lib : fd_mul_t2.obj (.text)
                  20017ca4    000000fa                           : fs_add_t2.obj (.text)
                  20017d9e    00000002     --HOLE-- [fill = 0]
                  20017da0    000000f8     app_common.obj (.text:Get_FridgeCamID)
                  20017e98    000000f8     cc3200_certificate.obj (.text:ensureCertificateFile)
                  20017f90    000000f8     orientation.obj (.text:fAndroidAnglesDegFromRotationMatrix)
                  20018088    000000f8     orientation.obj (.text:fNEDAnglesDegFromRotationMatrix)
                  20018180    000000f4     simplelink.a : driver.obj (.text:_SlDrvDriverCBDeinit)
                  20018274    000000f4     installation.obj (.text:getInstallation)
                  20018368    000000f4     app_common.obj (.text:intToASCII)
                  2001845c    000000f4     simplelink.a : fs.obj (.text:sl_FsRead)
                  20018550    000000f4     accelomtrMagntomtr_fxos8700.obj (.text:verifyAccelMagnSensor)
                  20018644    000000f2     cc3200_socket.obj (.text:socketRead)
                  20018736    00000002     --HOLE-- [fill = 0]
                  20018738    000000f0     camera_app.obj (.text:DMAConfig)
                  20018828    000000f0     driverlib.a : udma.obj (.text:uDMAChannelTransferSet)
                  20018918    000000ec     user_configure_fn.obj (.text:CollectAngle)
                  20018a04    000000ec     orientation.obj (.text:fRotationVectorDegFromQuaternion)
                  20018af0    000000ec     simplelink.a : fs.obj (.text:sl_FsWrite)
                  20018bdc    000000e8     appFns_BatteryLevelSense.obj (.text:Get_BatteryPercent)
                  20018cc4    000000e4     parse_uploads.obj (.text:UploadImageToParse)
                  20018da8    000000e0     flash_files.obj (.text:ReadFile_FromFlash)
                  20018e88    000000e0     camera_app.obj (.text:Start_CameraCapture)
                  20018f68    000000e0     parse_uploads.obj (.text:UploadGroundDataObjectToParse)
                  20019048    000000dc     parse_uploads.obj (.text:UploadSensorDataToParse)
                  20019124    000000dc     parse_uploads.obj (.text:UploadUserConfigObjectToParse)
                  20019200    000000dc     rtsv7M4_T_le_eabi.lib : setvbuf.obj (.text)
                  200192dc    000000dc     simplelink.a : cc_pal.obj (.text:spi_Read)
                  200193b8    000000d8                  : driver.obj (.text:_SlDrvClassifyRxMsg)
                  20019490    000000d8     rtsv7M4_T_le_eabi.lib : xfatan.obj (.text)
                  20019568    000000d4     ota.obj (.text:OTA_CommitImage)
                  2001963c    000000d4     simplelink.a : device.obj (.text:sl_Stop)
                  20019710    000000d0     rtsv7M4_T_le_eabi.lib : xfdscale.obj (.text)
                  200197e0    000000cc     approximations.obj (.text:fatan_deg)
                  200198ac    000000cc     rtsv7M4_T_le_eabi.lib : sqrtf.obj (.text)
                  20019978    000000c8     mt9d111.obj (.text:EnterStandby_mt9d111)
                  20019a40    000000c8     simplelink.a : netapp.obj (.text:_sl_HandleAsync_DnsGetHostByService)
                  20019b08    000000c8     rtsv7M4_T_le_eabi.lib : fflush.obj (.text)
                  20019bd0    000000c4     mt9d111.obj (.text:ExitStandby_mt9d111)
                  20019c94    000000c4     simplelink.a : driver.obj (.text:_SlRemoveFromList)
                  20019d58    000000c0     i2c_if.obj (.text:I2C_IF_Read)
                  20019e18    000000c0     user_configure_fn.obj (.text:WlanConnect)
                  20019ed8    000000be     rtsv7M4_T_le_eabi.lib : xdnorm.obj (.text)
                  20019f96    00000002     --HOLE-- [fill = 0]
                  20019f98    000000bc     i2c_if.obj (.text:I2C_IF_Write)
                  2001a054    000000bc     main.obj (.text:InitializeAppVariables)
                  2001a110    000000bc     simplelink.a : driver.obj (.text:_SlDrvMsgReadCmdCtx)
                  2001a1cc    000000bc     tempRHSens_si7020.obj (.text:configureTempRHSensor)
                  2001a288    000000bc     rtsv7M4_T_le_eabi.lib : acosf.obj (.text)
                  2001a344    000000bc     simplelink.a : device.obj (.text:sl_Start)
                  2001a400    000000ba     free_rtos.a : portasm.obj (.text)
                  2001a4ba    00000002     --HOLE-- [fill = 0]
                  2001a4bc    000000b8     simplelink.a : driver.obj (.text:_SlAsyncEventGenericHandler)
                  2001a574    000000b8     installation.obj (.text:createInstallation)
                  2001a62c    000000b4     simplelink.a : netapp.obj (.text:sl_NetAppMDNSRegisterUnregisterService)
                  2001a6e0    000000ac     mt9d111.obj (.text:Verify_ImageSensor)
                  2001a78c    000000ac     rtsv7M4_T_le_eabi.lib : _io_perm.obj (.text)
                  2001a838    000000ab     installation.obj (.text:getInstallationByIdCallback)
                  2001a8e3    00000001     --HOLE-- [fill = 0]
                  2001a8e4    000000aa     uartA1_if.obj (.text:Report)
                  2001a98e    00000002     --HOLE-- [fill = 0]
                  2001a990    000000a8     driverlib.a : interrupt.obj (.text:IntDisable)
                  2001aa38    000000a8                 : interrupt.obj (.text:IntEnable)
                  2001aae0    000000a8     simplelink.a : netcfg.obj (.text:sl_NetCfgGet)
                  2001ab88    000000a0     driverlib.a : spi.obj (.text:SPIConfigSetExpClk)
                  2001ac28    000000a0     camera_app.obj (.text:Standby_ImageSensor)
                  2001acc8    000000a0     cc3200_socket.obj (.text:socketWrite)
                  2001ad68    0000009e     matrix.obj (.text:f3x3matrixDetA)
                  2001ae06    00000002     --HOLE-- [fill = 0]
                  2001ae08    0000009c     simplelink.a : driver.obj (.text:_SlDrvMsgReadSpawnCtx)
                  2001aea4    0000009c     approximations.obj (.text:fatan2_deg)
                  2001af40    0000009c     rtsv7M4_T_le_eabi.lib : memcpy_t2.obj (.text)
                  2001afdc    0000009c     simplelink.a : device.obj (.text:sl_DevGet)
                  2001b078    00000098     camera_app.obj (.text:Config_CameraCapture)
                  2001b110    00000098     LED_timer.obj (.text:IntrptHandler_LEDTimer)
                  2001b1a8    00000098     simplelink.a : fs.obj (.text:_sl_GetCreateFsMode)
                  2001b240    00000098     rtsv7M4_T_le_eabi.lib : fclose.obj (.text)
                  2001b2d8    00000098                           : fputc.obj (.text)
                  2001b370    00000096     parse_uploads.obj (.text:Add_NumberField_ToJSONString)
                  2001b406    00000002     --HOLE-- [fill = 0]
                  2001b408    00000094     driverlib.a : prcm.obj (.text:PRCMPeripheralClockGet)
                  2001b49c    00000094     approximations.obj (.text:facos_deg)
                  2001b530    00000094     lightSens_isl29035.obj (.text:getLightsensor_data)
                  2001b5c4    00000094     rtsv7M4_T_le_eabi.lib : snprintf.obj (.text)
                  2001b658    00000092     parse_impl.obj (.text:parseInitialize)
                  2001b6ea    00000092     rtsv7M4_T_le_eabi.lib : fs_div_t2.obj (.text)
                  2001b77c    00000090     network_relater_fns.obj (.text:InitializeUserConfigVariables)
                  2001b80c    0000008c     app_common.obj (.text:LED_Blink_2)
                  2001b898    0000008c     camera_app.obj (.text:ReStart_CameraCapture)
                  2001b924    0000008c     simplelink.a : cc_pal.obj (.text:SetupDMAReceive)
                  2001b9b0    0000008c                  : cc_pal.obj (.text:SetupDMASend)
                  2001ba3c    0000008c                  : netapp.obj (.text:_sl_HandleAsync_DnsGetHostByName)
                  2001bac8    0000008c                  : netapp.obj (.text:_sl_HandleAsync_PingResponse)
                  2001bb54    0000008c     rtsv7M4_T_le_eabi.lib : xfdint.obj (.text)
                  2001bbe0    0000008c     simplelink.a : cc_pal.obj (.text:spi_Write)
                  2001bc6c    00000088     driverlib.a : prcm.obj (.text:PRCMHibernateIntervalSet)
                  2001bcf4    00000088                 : pin.obj (.text:PinConfigSet)
                  2001bd7c    00000088     rtsv7M4_T_le_eabi.lib : vsnprintf.obj (.text)
                  2001be04    00000088     simplelink.a : fs.obj (.text:sl_FsClose)
                  2001be8c    00000086     rtsv7M4_T_le_eabi.lib : fd_cmp_t2.obj (.text:__aeabi_cdcmple)
                  2001bf12    00000086                           : fd_cmp_t2.obj (.text:__aeabi_cdrcmple)
                  2001bf98    00000084     timer_if.obj (.text:GetPeripheralIntNum)
                  2001c01c    00000084     driverlib.a : i2c.obj (.text:I2CMasterInitExpClk)
                  2001c0a0    00000084     simplelink.a : cc_pal.obj (.text:NwpPowerOnPreamble)
                  2001c124    00000084     matrix.obj (.text:f3x3matrixAeqI)
                  2001c1a8    00000084     fusion.obj (.text:fInit_6DOF_GB_BASIC)
                  2001c22c    00000084     sendUserConfigDataToParse.obj (.text:sendUserConfigData)
                  2001c2b0    00000080     simplelink.a : driver.obj (.text:_SlDrvCmdOp)
                  2001c330    00000080                  : cc_pal.obj (.text:spi_Read_CPU)
                  2001c3b0    00000080                  : cc_pal.obj (.text:spi_Write_CPU)
                  2001c430    0000007c     driverlib.a : prcm.obj (.text:PRCMRTCGet)
                  2001c4ac    0000007c     camera_app.obj (.text:Wakeup_ImageSensor)
                  2001c528    0000007c     simplelink.a : device.obj (.text:_sl_HandleAsync_InitComplete)
                  2001c5a4    0000007c     matrix.obj (.text:fmatrixAeqI)
                  2001c620    0000007c     simplelink.a : fs.obj (.text:sl_FsGetInfo)
                  2001c69c    0000007a     rtsv7M4_T_le_eabi.lib : fs_mul_t2.obj (.text)
                  2001c716    0000007a                           : memset_t2.obj (.text)
                  2001c790    0000007a                           : xfdnorm.obj (.text)
                  2001c80a    00000002     --HOLE-- [fill = 0]
                  2001c80c    00000078     network_relater_fns.obj (.text:ConfigureMode)
                  2001c884    00000078     i2c_if.obj (.text:I2CTransact)
                  2001c8fc    00000078     parse_uploads.obj (.text:InitialiseParse)
                  2001c974    00000078     NWP.obj (.text:NWP_SwitchOn)
                  2001c9ec    00000078     simplelink.a : socket.obj (.text:_sl_HandleAsync_Connect)
                  2001ca64    00000078                  : fs.obj (.text:sl_FsOpen)
                  2001cadc    00000078                  : cc_pal.obj (.text:spi_Close)
                  2001cb54    00000076     driverlib.a : uart.obj (.text:UARTConfigSetExpClk)
                  2001cbca    00000002     --HOLE-- [fill = 0]
                  2001cbcc    00000074     NWP.obj (.text:NWP_SwitchOff)
                  2001cc40    00000074     appFns_LightSensor.obj (.text:PowerDown_LightSensor)
                  2001ccb4    00000074     middleware.a : rtc_hal.obj (.text:rtc_value_rd)
                  2001cd28    00000074     simplelink.a : socket.obj (.text:sl_Recv)
                  2001cd9c    00000073     installation.obj (.text:getInstallationCallback)
                  2001ce0f    00000001     --HOLE-- [fill = 0]
                  2001ce10    00000072     timer_if.obj (.text:Timer_IF_IntSetup)
                  2001ce82    00000002     --HOLE-- [fill = 0]
                  2001ce84    00000070     batteryVoltLvlSens_adc081c021.obj (.text:Get_BatteryVoltageLevel_ADC081C021)
                  2001cef4    00000070     timer_fns.obj (.text:get_timeDuration)
                  2001cf64    0000006c     camera_app.obj (.text:CamControllerInit)
                  2001cfd0    0000006c     lightSens_isl29035.obj (.text:PowerDown_ISL29035)
                  2001d03c    0000006c     udma_if.obj (.text:UDMAInit)
                  2001d0a8    0000006c     simplelink.a : driver.obj (.text:_SlDrvCmdSend)
                  2001d114    0000006c     matrix.obj (.text:f3x3matrixAeqMinusA)
                  2001d180    0000006c     request.obj (.text:parseSendRequestInternal)
                  2001d1ec    0000006c     rtsv7M4_T_le_eabi.lib : autoinit.obj (.text)
                  2001d258    0000006c                           : fprintf.obj (.text)
                  2001d2c4    0000006c                           : fs_toll_t2.obj (.text)
                  2001d330    0000006a     matrix.obj (.text:f3x3matrixAeqAxScalar)
                  2001d39a    0000006a     rtsv7M4_T_le_eabi.lib : copy_decompress_rle.obj (.text)
                  2001d404    00000069     http.obj (.text:beginHttpGetRequest)
                  2001d46d    00000003     --HOLE-- [fill = 0]
                  2001d470    00000068     driverlib.a : prcm.obj (.text:PRCMHibernateWakeUpGPIOSelect)
                  2001d4d8    00000068     mt9d111.obj (.text:RestartSensorInJpegMode)
                  2001d540    00000068     mt9d111.obj (.text:StartSensorInJpegMode)
                  2001d5a8    00000068     simplelink.a : netapp.obj (.text:_sl_NetAppSendTokenValue)
                  2001d610    00000068     cc3200_utils.obj (.text:fetchDeviceOSVersion)
                  2001d678    00000068     rtsv7M4_T_le_eabi.lib : trgmsg.obj (.text)
                  2001d6e0    00000068     simplelink.a : device.obj (.text:sl_DevSet)
                  2001d748    00000068                  : netcfg.obj (.text:sl_NetCfgSet)
                  2001d7b0    00000068                  : socket.obj (.text:sl_SetSockOpt)
                  2001d818    00000068                  : wlan.obj (.text:sl_WlanSet)
                  2001d880    00000066     matrix.obj (.text:f3x3matrixAeqScalar)
                  2001d8e6    00000066     rtsv7M4_T_le_eabi.lib : xdunscal.obj (.text)
                  2001d94c    00000064     mt9d111.obj (.text:CCMRegs_Read)
                  2001d9b0    00000064     rtsv7M4_T_le_eabi.lib : fseek.obj (.text)
                  2001da14    00000064     cc3200_socket.obj (.text:socketWait)
                  2001da78    00000064     tempRHSens_si7020.obj (.text:softResetTempRHSensor)
                  2001dadc    00000064     driverlib.a : udma.obj (.text:uDMAChannelAttributeDisable)
                  2001db40    00000064                 : udma.obj (.text:uDMAChannelAttributeEnable)
                  2001dba4    00000060     watchdog.obj (.text:WatchdogIntHandler)
                  2001dc04    00000060     rtsv7M4_T_le_eabi.lib : fs_cmp_t2.obj (.text:__aeabi_cfcmple)
                  2001dc64    00000060                           : fs_cmp_t2.obj (.text:__aeabi_cfrcmple)
                  2001dcc4    00000060     simplelink.a : socket.obj (.text:_sl_HandleAsync_Accept)
                  2001dd24    00000060     main_FXOS8700.obj (.text:fxosDefault_Initializations)
                  2001dd84    00000060     lightSens_isl29035.obj (.text:getLightsensor_intrptStatus)
                  2001dde4    00000060     accelomtrMagntomtr_fxos8700.obj (.text:getMagntData)
                  2001de44    00000060     rtsv7M4_T_le_eabi.lib : sprintf.obj (.text)
                  2001dea4    00000060     simplelink.a : wlan.obj (.text:sl_WlanPolicySet)
                  2001df04    00000060     accelomtrMagntomtr_fxos8700.obj (.text:standby_accelMagn_fxos8700)
                  2001df64    0000005c     ota.obj (.text:OTA_Init)
                  2001dfc0    0000005c     mt9d111.obj (.text:PCLK_Rate_read)
                  2001e01c    0000005c     simplelink.a : socket.obj (.text:sl_Socket)
                  2001e078    00000058     driverlib.a : interrupt.obj (.text:IntPendClear)
                  2001e0d0    00000058                 : prcm.obj (.text:PRCMPeripheralReset)
                  2001e128    00000056     rtsv7M4_T_le_eabi.lib : ltoa.obj (.text)
                  2001e17e    00000056                           : xfdunsca.obj (.text)
                  2001e1d4    00000054     driverlib.a : interrupt.obj (.text:IntPrioritySet)
                  2001e228    00000054     simplelink.a : socket.obj (.text:_sl_HandleAsync_Select)
                  2001e27c    00000054     approximations.obj (.text:fasin_deg)
                  2001e2d0    00000054     request.obj (.text:headerSend)
                  2001e324    00000054     simplelink.a : wlan.obj (.text:sl_WlanRxFilterSet)
                  2001e378    00000051     installation.obj (.text:createInstallationCallback)
                  2001e3c9    00000003     --HOLE-- [fill = 0]
                  2001e3cc    00000050     i2c_if.obj (.text:I2C_IF_Open)
                  2001e41c    00000050     camera_app.obj (.text:ImagCapture_Init)
                  2001e46c    00000050     driverlib.a : prcm.obj (.text:PRCMSlowClkCtrGet)
                  2001e4bc    00000050     simplelink.a : device.obj (.text:_sl_HandleAsync_Stop)
                  2001e50c    00000050     mt9d111.obj (.text:disableAE)
                  2001e55c    00000050     mt9d111.obj (.text:disableAWB)
                  2001e5ac    00000050     rtsv7M4_T_le_eabi.lib : fs_toull_t2.obj (.text)
                  2001e5fc    00000050     simplelink.a : fs.obj (.text:sl_FsDel)
                  2001e64c    0000004c     tasks.obj (.text:RdSensData_Init)
                  2001e698    0000004c     driverlib.a : spi.obj (.text:SPIIntEnable)
                  2001e6e4    0000004c     watchdog.obj (.text:WDT_init)
                  2001e730    0000004c     simplelink.a : driver.obj (.text:_SlDrvProtectAsyncRespSetting)
                  2001e77c    0000004c                  : driver.obj (.text:_SlDrvRxIrqHandler)
                  2001e7c8    0000004c                  : socket.obj (.text:_sl_BuildAddress)
                  2001e814    0000004c     rtsv7M4_T_le_eabi.lib : atoi.obj (.text)
                  2001e860    0000004c                           : atol.obj (.text)
                  2001e8ac    0000004c                           : cpy_tbl.obj (.text)
                  2001e8f8    0000004c                           : rand.obj (.text)
                  2001e944    0000004c     driverlib.a : udma.obj (.text:uDMAChannelAssign)
                  2001e990    0000004c     middleware.a : util64.obj (.text:util_u32_nsec_add)
                  2001e9dc    0000004a     rtsv7M4_T_le_eabi.lib : fd_tos_t2.obj (.text)
                  2001ea26    00000002     --HOLE-- [fill = 0]
                  2001ea28    00000048     driverlib.a : prcm.obj (.text:PRCMHibernateWakeupSourceDisable)
                  2001ea70    00000048                 : prcm.obj (.text:PRCMHibernateWakeupSourceEnable)
                  2001eab8    00000048                 : spi.obj (.text:SPIIntClear)
                  2001eb00    00000048     mt9d111.obj (.text:Variable_Read)
                  2001eb48    00000048     simplelink.a : driver.obj (.text:_SlDrvBasicCmd)
                  2001eb90    00000048     http.obj (.text:addHttpRequestLine)
                  2001ebd8    00000048     approximations.obj (.text:fatan_15deg)
                  2001ec20    00000048     rtsv7M4_T_le_eabi.lib : fd_toi_t2.obj (.text)
                  2001ec68    00000046                           : ldexp.obj (.text)
                  2001ecae    00000002     --HOLE-- [fill = 0]
                  2001ecb0    00000044     driverlib.a : spi.obj (.text:SPIDmaMaskGet)
                  2001ecf4    00000044                 : timer.obj (.text:TimerConfigure)
                  2001ed38    00000044     udma_if.obj (.text:UDMASetupTransfer)
                  2001ed7c    00000044     simplelink.a : cc_pal.obj (.text:cc_SetupTransfer)
                  2001edc0    00000044     main_FXOS8700.obj (.text:fxos_Calibration)
                  2001ee04    00000044     rtsv7M4_T_le_eabi.lib : exit.obj (.text)
                  2001ee48    00000044                           : fd_tou_t2.obj (.text)
                  2001ee8c    00000042     simplelink.a : socket.obj (.text:sl_Htonl)
                  2001eece    00000002     --HOLE-- [fill = 0]
                  2001eed0    00000040     driverlib.a : pin.obj (.text:PinModeSet)
                  2001ef10    00000040     wdt_if.obj (.text:WDT_IF_Init)
                  2001ef50    00000040     http.obj (.text:getHttpResponseBody)
                  2001ef90    00000040     rtsv7M4_T_le_eabi.lib : signal.obj (.text)
                  2001efd0    00000040     timer_fns.obj (.text:start_1Sec_TimeoutTimer)
                  2001f010    0000003e     appFns_LightSensor.obj (.text:IsLightOff)
                  2001f04e    0000003e     rtsv7M4_T_le_eabi.lib : strncasecmp.obj (.text)
                  2001f08c    0000003c     simplelink.a : netapp.obj (.text:CopyPingResultsToReport)
                  2001f0c8    0000003c     tasks.obj (.text:Fusion_Init)
                  2001f104    0000003c     driverlib.a : prcm.obj (.text:PRCMPeripheralClkEnable)
                  2001f140    0000003c                 : prcm.obj (.text:PRCMSlowClkCtrFastGet)
                  2001f17c    0000003c     simplelink.a : socket.obj (.text:_sl_TruncatePayloadByProtocol)
                  2001f1b8    0000003c     rtsv7M4_T_le_eabi.lib : boot.obj (.text)
                  2001f1f4    0000003c     simplelink.a : socket.obj (.text:sl_Htons)
                  2001f230    0000003c     timer_fns.obj (.text:start_100mSecTimer)
                  2001f26c    0000003c     driverlib.a : udma.obj (.text:uDMAChannelControlSet)
                  2001f2a8    0000003a                 : camera.obj (.text:CameraCaptureStop)
                  2001f2e2    0000003a                 : camera.obj (.text:CameraXClkConfig)
                  2001f31c    0000003a     orientation.obj (.text:fLPFScalar)
                  2001f356    0000003a     request.obj (.text:parseSendRequest)
                  2001f390    00000039     http.obj (.text:addHttpRequestHeader)
                  2001f3c9    00000003     --HOLE-- [fill = 0]
                  2001f3cc    00000038     main.obj (.text:BoardInit)
                  2001f404    00000038     LED_timer.obj (.text:LEDTimer_Enable)
                  2001f43c    00000038     simplelink.a : cc_pal.obj (.text:NwpPowerOff)
                  2001f474    00000038     free_rtos.a : heap_3.obj (.text)
                  2001f4ac    00000038     rtsv7M4_T_le_eabi.lib : fs_tod_t2.obj (.text)
                  2001f4e4    00000038                           : fs_toi_t2.obj (.text)
                  2001f51c    00000038                           : i_tofs_t2.obj (.text)
                  2001f554    00000036     driverlib.a : gpio.obj (.text:GPIODirModeSet)
                  2001f58a    00000036     simplelink.a : netapp.obj (.text:sl_NetAppMDNSUnRegisterService)
                  2001f5c0    00000035     http.obj (.text:beginHttpRequest)
                  2001f5f5    00000001     --HOLE-- [fill = 0]
                  2001f5f6    00000034     driverlib.a : camera.obj (.text:CameraParamsConfig)
                  2001f62a    00000002     --HOLE-- [fill = 0]
                  2001f62c    00000034     LED_timer.obj (.text:LEDTimer_Start)
                  2001f660    00000034     driverlib.a : prcm.obj (.text:PRCMPeripheralStatusGet)
                  2001f694    00000034                 : spi.obj (.text:SPIFIFOLevelSet)
                  2001f6c8    00000034     http.obj (.text:getHttpResponseStatus)
                  2001f6fc    00000034     main_FXOS8700.obj (.text:get_angle)
                  2001f730    00000034     rtsv7M4_T_le_eabi.lib : feraiseexcept.obj (.text)
                  2001f764    00000034                           : fs_tou_t2.obj (.text)
                  2001f798    00000034                           : strstr.obj (.text)
                  2001f7cc    00000033     ota.obj (.text:OTA_Update)
                  2001f7ff    00000001     --HOLE-- [fill = 0]
                  2001f800    00000032     timer_if.obj (.text:Timer_IF_Init)
                  2001f832    00000030     driverlib.a : pin.obj (.text:PinTypeGPIO)
                  2001f862    00000002     --HOLE-- [fill = 0]
                  2001f864    00000030                 : uart.obj (.text:UARTDisable)
                  2001f894    00000030     simplelink.a : device.obj (.text:_SlDrvDeviceEventHandler)
                  2001f8c4    00000030                  : fs.obj (.text:_sl_Strlen)
                  2001f8f4    00000030     middleware.a : rtc_hal.obj (.text:hw_access_time_addup)
                  2001f924    00000030     rtsv7M4_T_le_eabi.lib : strncpy.obj (.text)
                  2001f954    00000030                           : xferaise.obj (.text)
                  2001f984    00000030     simplelink.a : socket.obj (.text:sl_Close)
                  2001f9b4    00000030                  : wlan.obj (.text:sl_WlanProfileDel)
                  2001f9e4    00000030                  : wlan.obj (.text:sl_WlanSetMode)
                  2001fa14    0000002e     rtsv7M4_T_le_eabi.lib : i_tofd_t2.obj (.text)
                  2001fa42    0000002e                           : raise.obj (.text)
                  2001fa70    0000002d     http.obj (.text:addHttpRequestHeaderInt)
                  2001fa9d    00000003     --HOLE-- [fill = 0]
                  2001faa0    0000002c     tasks.obj (.text:ApplyMagHAL)
                  2001facc    0000002c     driverlib.a : camera.obj (.text:CameraIntEnable)
                  2001faf8    0000002c     simplelink.a : cc_pal.obj (.text:DmaSpiSwIntHandler)
                  2001fb24    0000002c     driverlib.a : i2c.obj (.text:I2CMasterErr)
                  2001fb50    0000002c     timer_fns.obj (.text:IntHandler_1Sec_TimeoutTimer)
                  2001fb7c    0000002c     driverlib.a : prcm.obj (.text:PRCMSysResetCauseGet)
                  2001fba8    0000002c     mt9d111.obj (.text:SoftReset_ImageSensor)
                  2001fbd4    0000002c     cc3200_utils.obj (.text:getDeviceTimeDate)
                  2001fc00    0000002c     request.obj (.text:setDataBufferPointer)
                  2001fc2c    0000002a     driverlib.a : timer.obj (.text:TimerLoadSet)
                  2001fc56    0000002a                 : timer.obj (.text:TimerPrescaleSet)
                  2001fc80    0000002a     rtsv7M4_T_le_eabi.lib : xdclass.obj (.text)
                  2001fcaa    0000002a     middleware.a : util64.obj (.text:util_u64_time_add)
                  2001fcd4    00000028     driverlib.a : camera.obj (.text:CameraIntStatus)
                  2001fcfc    00000028     uartA1_if.obj (.text:InitTerm)
                  2001fd24    00000028     driverlib.a : prcm.obj (.text:IsRTCUsed)
                  2001fd4c    00000028     uartA1_if.obj (.text:Message)
                  2001fd74    00000028     driverlib.a : prcm.obj (.text:PRCMPeripheralClkDisable)
                  2001fd9c    00000028     rtsv7M4_T_le_eabi.lib : strncat.obj (.text)
                  2001fdc4    00000028     simplelink.a : netapp.obj (.text:sl_NetAppStart)
                  2001fdec    00000028                  : netapp.obj (.text:sl_NetAppStop)
                  2001fe14    00000026     driverlib.a : camera.obj (.text:CameraThresholdSet)
                  2001fe3a    00000026     simplelink.a : cc_pal.obj (.text:NwpRegisterInterruptHandler)
                  2001fe60    00000026     rtsv7M4_T_le_eabi.lib : strncmp.obj (.text)
                  2001fe86    00000002     --HOLE-- [fill = 0]
                  2001fe88    00000024     driverlib.a : camera.obj (.text:CameraIntClear)
                  2001feac    00000024     timer_fns.obj (.text:IntHandler_100mSecTimer)
                  2001fed0    00000024     driverlib.a : interrupt.obj (.text:IntUnregister)
                  2001fef4    00000024                 : prcm.obj (.text:RTCU16MSecRegRead)
                  2001ff18    00000024     timer_if.obj (.text:Timer_IF_Start)
                  2001ff3c    00000024     driverlib.a : uart.obj (.text:UARTEnable)
                  2001ff60    00000024     mt9d111.obj (.text:WriteAllAEnAWBRegs)
                  2001ff84    00000024     simplelink.a : driver.obj (.text:_SlDrvProtectionObjLockWaitForever)
                  2001ffa8    00000024     main_FXOS8700.obj (.text:magnetometer_initialize)
                  2001ffcc    00000024     rtsv7M4_T_le_eabi.lib : u_tofs_t2.obj (.text)
                  2001fff0    00000022     driverlib.a : camera.obj (.text:CameraCaptureStart)
                  20020012    00000022                 : i2c.obj (.text:I2CMasterSlaveAddrSet)
                  20020034    00000022     simplelink.a : socket.obj (.text:SL_FD_SET)
                  20020056    00000022     driverlib.a : spi.obj (.text:SPIReset)
                  20020078    00000022                 : spi.obj (.text:SPIWordCountSet)
                  2002009a    00000022     rtsv7M4_T_le_eabi.lib : frexp.obj (.text)
                  200200bc    00000022                           : memcmp.obj (.text)
                  200200de    00000020     driverlib.a : gpio.obj (.text:GPIOPinWrite)
                  200200fe    00000002     --HOLE-- [fill = 0]
                  20020100    00000020                 : interrupt.obj (.text:IntRegister)
                  20020120    00000020     simplelink.a : cc_pal.obj (.text:NwpPowerOn)
                  20020140    00000020     mt9d111.obj (.text:Refresh_mt9d111Firmware)
                  20020160    00000020     Task_Main.obj (.text:Reset_byStarvingWDT)
                  20020180    00000020     simplelink.a : driver.obj (.text:_SlDrvProtectionObjUnLock)
                  200201a0    00000020     rtsv7M4_T_le_eabi.lib : memchr.obj (.text)
                  200201c0    00000020                           : u_tofd_t2.obj (.text)
                  200201e0    0000001e     driverlib.a : i2c.obj (.text:I2CMasterIntStatusEx)
                  200201fe    0000001e                 : timer.obj (.text:TimerDisable)
                  2002021c    0000001e                 : timer.obj (.text:TimerEnable)
                  2002023a    0000001e                 : timer.obj (.text:TimerIntStatus)
                  20020258    0000001e                 : uart.obj (.text:UARTCharPut)
                  20020276    0000001e     simplelink.a : cc_pal.obj (.text:cc_UDMAChannelSelect)
                  20020294    0000001e     rtsv7M4_T_le_eabi.lib : strcat.obj (.text)
                  200202b2    00000002     --HOLE-- [fill = 0]
                  200202b4    0000001c     tasks.obj (.text:ApplyAccelHAL)
                  200202d0    0000001c     mt9d111.obj (.text:CameraSensorInit)
                  200202ec    0000001c     udma_if.obj (.text:DmaSwIntHandler)
                  20020308    0000001c     driverlib.a : pin.obj (.text:PinTypeI2C)
                  20020324    0000001c                 : timer.obj (.text:TimerValueGet)
                  20020340    0000001c     simplelink.a : driver.obj (.text:_SlDrvObjLockWaitForever)
                  2002035c    0000001c                  : driver.obj (.text:_SlDrvSyncObjWaitForever)
                  20020378    0000001c     rtsv7M4_T_le_eabi.lib : memccpy.obj (.text)
                  20020394    0000001c     timer_fns.obj (.text:stop_100mSecTimer)
                  200203b0    0000001c     timer_fns.obj (.text:stop_1Sec_TimeoutTimer)
                  200203cc    0000001c     driverlib.a : udma.obj (.text:uDMAChannelDisable)
                  200203e8    0000001c                 : udma.obj (.text:uDMAChannelEnable)
                  20020404    0000001c     main.obj (.text:vApplicationMallocFailedHook)
                  20020420    0000001a     driverlib.a : pin.obj (.text:PinTypeCamera)
                  2002043a    0000001a                 : pin.obj (.text:PinTypeUART)
                  20020454    0000001a                 : spi.obj (.text:SPIDmaDisable)
                  2002046e    0000001a                 : spi.obj (.text:SPIDmaEnable)
                  20020488    0000001a                 : spi.obj (.text:SPIFIFODisable)
                  200204a2    0000001a                 : spi.obj (.text:SPIFIFOEnable)
                  200204bc    00000018                 : camera.obj (.text:CameraReset)
                  200204d4    00000018     startup_ccs.obj (.text:FaultISR)
                  200204ec    00000018     driverlib.a : gpio.obj (.text:GPIOPinRead)
                  20020504    00000018     app_common.obj (.text:LED_Off)
                  2002051c    00000018     app_common.obj (.text:LED_On)
                  20020534    00000018     driverlib.a : prcm.obj (.text:PRCMHibernateEnter)
                  2002054c    00000018                 : spi.obj (.text:SPICSDisable)
                  20020564    00000018                 : spi.obj (.text:SPICSEnable)
                  2002057c    00000018                 : spi.obj (.text:SPIDisable)
                  20020594    00000018                 : spi.obj (.text:SPIEnable)
                  200205ac    00000018                 : timer.obj (.text:TimerIntEnable)
                  200205c4    00000018     timer_if.obj (.text:Timer_IF_InterruptClear)
                  200205dc    00000018     driverlib.a : wdt.obj (.text:WatchdogStallEnable)
                  200205f4    00000018                 : wdt.obj (.text:WatchdogUnlock)
                  2002060c    00000018     simplelink.a : driver.obj (.text:_SlDrvObjUnLock)
                  20020624    00000018                  : driver.obj (.text:_SlDrvSyncObjSignal)
                  2002063c    00000018                  : device.obj (.text:_sl_GetStartResponseConvert)
                  20020654    00000018     middleware.a : rtc_hal.obj (.text:get_value)
                  2002066c    00000018     rtsv7M4_T_le_eabi.lib : args_main.obj (.text)
                  20020684    00000018                           : strcmp.obj (.text)
                  2002069c    00000016     driverlib.a : camera.obj (.text:CameraDMAEnable)
                  200206b2    00000016                 : camera.obj (.text:CameraIntRegister)
                  200206c8    00000016                 : i2c.obj (.text:I2CMasterDataPut)
                  200206de    00000016                 : i2c.obj (.text:I2CMasterEnable)
                  200206f4    00000016                 : prcm.obj (.text:PRCMHIBRegRead)
                  2002070a    00000016                 : prcm.obj (.text:PRCMHIBRegWrite)
                  20020720    00000016                 : wdt.obj (.text:WatchdogEnable)
                  20020736    00000016     simplelink.a : driver.obj (.text:_SlDrvMemZero)
                  2002074c    00000016     rtsv7M4_T_le_eabi.lib : strchr.obj (.text)
                  20020762    00000014     driverlib.a : cpu.obj (.text:CPUcpsie)
                  20020776    00000002     --HOLE-- [fill = 0]
                  20020778    00000014                 : interrupt.obj (.text:IntVTableBaseSet)
                  2002078c    00000014     LED_timer.obj (.text:LEDTimer_Stop)
                  200207a0    00000014     rtsv7M4_T_le_eabi.lib : _lock.obj (.text)
                  200207b4    00000014                           : strcpy.obj (.text)
                  200207c8    00000014                           : strlen.obj (.text)
                  200207dc    00000014     driverlib.a : udma.obj (.text:uDMAControlBaseSet)
                  200207f0    00000014                 : udma.obj (.text:uDMAIntClear)
                  20020804    00000012                 : i2c.obj (.text:I2CMasterControl)
                  20020816    00000012                 : i2c.obj (.text:I2CMasterIntClearEx)
                  20020828    00000012                 : i2c.obj (.text:I2CMasterTimeoutSet)
                  2002083a    00000012                 : timer.obj (.text:TimerIntClear)
                  2002084c    00000012                 : wdt.obj (.text:WatchdogReloadSet)
                  2002085e    00000002     --HOLE-- [fill = 0]
                  20020860    00000010                 : prcm.obj (.text:PRCMSOCReset)
                  20020870    00000010                 : prcm.obj (.text:RTCU32SecRegRead)
                  20020880    00000010     simplelink.a : socket.obj (.text:SL_FD_ZERO)
                  20020890    00000010     timer_if.obj (.text:Timer_IF_Stop)
                  200208a0    00000010     driverlib.a : wdt.obj (.text:WatchdogIntClear)
                  200208b0    00000010     cc3200_socket.obj (.text:socketClose)
                  200208c0    0000000e     driverlib.a : i2c.obj (.text:I2CMasterDataGet)
                  200208ce    0000000e     simplelink.a : driver.obj (.text:_SlDrvResetCmdExt)
                  200208dc    0000000e     rtsv7M4_T_le_eabi.lib : copy_decompress_none.obj (.text:decompress:none)
                  200208ea    0000000c     udma_if.obj (.text:DmaErrorIntHandler)
                  200208f6    00000002     --HOLE-- [fill = 0]
                  200208f8    0000000c     simplelink.a : cc_pal.obj (.text:NwpMaskInterrupt)
                  20020904    0000000c                  : cc_pal.obj (.text:NwpUnMaskInterrupt)
                  20020910    0000000c     middleware.a : rtc_hal.obj (.text:cc_rtc_get)
                  2002091c    0000000c     rtsv7M4_T_le_eabi.lib : copy_zero_init.obj (.text:decompress:ZI)
                  20020928    0000000c     parse_impl.obj (.text:getInternalClient)
                  20020934    0000000c     simplelink.a : wlan.obj (.text:sl_WlanDisconnect)
                  20020940    0000000c     driverlib.a : udma.obj (.text:uDMAEnable)
                  2002094c    0000000c                 : udma.obj (.text:uDMAIntStatus)
                  20020958    0000000a                 : interrupt.obj (.text:IntMasterEnable)
                  20020962    0000000a     main.obj (.text:vApplicationStackOverflowHook)
                  2002096c    00000008     hibernate_related_fns.obj (.text:sensorsTriggerSetup)
                  20020974    00000006     i2cconfig.obj (.text:MT9D111Delay)
                  2002097a    00000006     startup_ccs.obj (.text:ResetISR)
                  20020980    00000006     driverlib.a : utils.obj (.text:UtilsDelay)
                  20020986    00000006     rtsv7M4_T_le_eabi.lib : copy_decompress_rle.obj (.text:decompress:rle24)
                  2002098c    00000006                           : logf.obj (.text)
                  20020992    00000006                           : sinf.obj (.text)
                  20020998    00000004                           : error.obj (.text)
                  2002099c    00000004                           : pre_init.obj (.text)

.const     0    200209a0    00001253     
                  200209a0    00000170     mt9d111.obj (.const:capture_cmds_list)
                  20020b10    00000140     mt9d111.obj (.const:init_cmds_list)
                  20020c50    00000104     mt9d111.obj (.const)
                  20020d54    00000101     rtsv7M4_T_le_eabi.lib : ctype.obj (.const:.string:_ctypes_)
                  20020e55    00000003     --HOLE-- [fill = 0]
                  20020e58    00000100     driverlib.a : pin.obj (.const:g_ulPinToPadMap)
                  20020f58    000000f8     mt9d111.obj (.const:$P$T5$6)
                  20021050    000000d4     driverlib.a : interrupt.obj (.const:g_pulRegs)
                  20021124    000000b0     simplelink.a : wlan.obj (.const:$P$T0$1)
                  200211d4    000000a8     driverlib.a : prcm.obj (.const:PRCM_PeriphRegsList)
                  2002127c    00000097     mt9d111.obj (.const:.string)
                  20021313    00000085     lightSens_isl29035.obj (.const:.string)
                  20021398    00000081     parse_uploads.obj (.const:.string)
                  20021419    00000003     --HOLE-- [fill = 0]
                  2002141c    00000080     driverlib.a : interrupt.obj (.const)
                  2002149c    0000007e     camera_app.obj (.const:.string)
                  2002151a    00000074     mt9d111.obj (.const:recapture_cmds_list)
                  2002158e    00000002     --HOLE-- [fill = 0]
                  20021590    00000068     appFns_BatteryLevelSense.obj (.const:V2CEntry$1)
                  200215f8    00000064     user_configure_fn.obj (.const:.string)
                  2002165c    00000062     accelomtrMagntomtr_fxos8700.obj (.const:.string)
                  200216be    00000054     mt9d111.obj (.const:$P$T31$32)
                  20021712    0000004c     mt9d111.obj (.const:$P$T9$10)
                  2002175e    0000004b     tempRHSens_si7020.obj (.const:.string)
                  200217a9    0000003c     i2c_app.obj (.const:.string)
                  200217e5    00000001     --HOLE-- [fill = 0]
                  200217e6    0000003c     simplelink.a : driver.obj (.const:OpcodeTranslateTable)
                  20021822    0000003c                  : wlan.obj (.const)
                  2002185e    00000002     --HOLE-- [fill = 0]
                  20021860    00000038                  : driver.obj (.const:_SlActionLookupTable)
                  20021898    00000038     rtsv7M4_T_le_eabi.lib : xflog.obj (.const)
                  200218d0    00000038     simplelink.a : fs.obj (.const)
                  20021908    00000036     flash_files.obj (.const:.string)
                  2002193e    00000002     --HOLE-- [fill = 0]
                  20021940    00000034     rtsv7M4_T_le_eabi.lib : xfatan.obj (.const)
                  20021974    00000034     simplelink.a : driver.obj (.const)
                  200219a8    00000034                  : socket.obj (.const)
                  200219dc    0000002c     network_relater_fns.obj (.const:$P$T1$2)
                  20021a08    00000028     rtsv7M4_T_le_eabi.lib : xfdint.obj (.const)
                  20021a30    00000028                           : xfsin.obj (.const)
                  20021a58    00000028     simplelink.a : netapp.obj (.const)
                  20021a80    00000027     network_relater_fns.obj (.const:.string)
                  20021aa7    00000023     batteryVoltLvlSens_adc081c021.obj (.const:.string:$P$T0$1)
                  20021aca    00000022     network_relater_fns.obj (.const:.string:$P$T0$1)
                  20021aec    0000001c     rtsv7M4_T_le_eabi.lib : tanf.obj (.const)
                  20021b08    0000001c                           : xfexp.obj (.const)
                  20021b24    00000018     driverlib.a : spi.obj (.const)
                  20021b3c    00000017     request.obj (.const:.string)
                  20021b53    00000016     appFns_LightSensor.obj (.const:.string)
                  20021b69    00000014     network_relater_fns.obj (.const)
                  20021b7d    00000001     --HOLE-- [fill = 0]
                  20021b7e    00000014     simplelink.a : device.obj (.const)
                  20021b92    00000013     sendUserConfigDataToParse.obj (.const:.string)
                  20021ba5    00000010     simplelink.a : socket.obj (.const:.string)
                  20021bb5    0000000f     application_fn.obj (.const:.string)
                  20021bc4    0000000f     sendGroundData.obj (.const:.string)
                  20021bd3    0000000b     app_common.obj (.const:.string)
                  20021bde    00000008     simplelink.a : device.obj (.const:.string)
                  20021be6    00000008                  : netcfg.obj (.const)
                  20021bee    00000005     main.obj (.const:.string)

.cinit     0    20021bf8    00000530     
                  20021bf8    00000509     (.cinit..data.load) [load image, compression = rle]
                  20022101    00000003     --HOLE-- [fill = 0]
                  20022104    0000000c     (__TI_handler_table)
                  20022110    00000008     (.cinit..bss.load) [load image, compression = zero_init]
                  20022118    00000010     (__TI_cinit_table)

.init_array 
*          0    20004000    00000000     UNINITIALIZED

.bss       0    20022400    0001736e     UNINITIALIZED
                  20022400    00014000     main.obj (.bss:g_image_buffer)
                  20036400    00000b58     tasks.obj (.bss:thisMagBuffer)
                  20036f58    000005a0     ota.a : OtaHttp.obj (.bss:recv_buf)
                  200374f8    0000044c           : OtaClient.obj (.bss:g_OtaCheckUpdateResponse)
                  20037944    00000418     user_configure_fn.obj (.bss:thisMagCal)
                  20037d5c    00000240     ota.obj (.bss:g_otaOptServerInfo)
                  20037f9c    00000058     tasks.obj (.bss:thisMag)
                  20037ff4    0000000c     (.common:g_SecParams)
                  20038000    00000400     udma_if.obj (.bss:gpCtlTbl)
                  20038400    000003d8     ota.a : OtaClient.obj (.bss:g_OtaFileMetadata)
                  200387d8    00000370     main.obj (.bss:g_NetEntries)
                  20038b48    00000200     ota.a : OtaHttp.obj (.bss:send_buf)
                  20038d48    00000178     simplelink.a : driver.obj (.bss:g_StatMem)
                  20038ec0    00000120     rtsv7M4_T_le_eabi.lib : trgmsg.obj (.bss:__CIOBUF_)
                  20038fe0    00000100     udma_if.obj (.bss:gfpAppCallbackHndl)
                  200390e0    000000c8     free_rtos.a : tasks.obj (.bss:pxReadyTasksLists)
                  200391a8    000000ac     tasks.obj (.bss:thisSV_6DOF_GB_BASIC)
                  20039254    000000a0     rtsv7M4_T_le_eabi.lib : defs.obj (.bss:__TI_tmpnams)
                  200392f4    00000074     ota.a : CdnClient.obj (.bss:g_CdnClient)
                  20039368    00000050     simplelink.a : cc_pal.obj (.bss:g_ucDinDout)
                  200393b8    00000050     free_rtos.a : queue.obj (.bss:xQueueRegistry)
                  20039408    0000004c     ota.a : OtaApp.obj (.bss:g_OtaApp)
                  20039454    0000004c           : OtaApp.obj (.bss:g_OtaApp_statistics)
                  200394a0    00000034     cc3200_client_state.obj (.bss:clientStateFileName)
                  200394d4    00000034     main.obj (.bss:g_cWlanSecurityKey)
                  20039508    00000034     tasks.obj (.bss:thisAccel)
                  2003953c    00000024     ota.a : OtaClient.obj (.bss:g_OtaClient)
                  20039560    00000024     main.obj (.bss:g_cWlanSSID)
                  20039584    00000024     main.obj (.bss:g_ucConnectionSSID)
                  200395a8    0000001c     rtsv7M4_T_le_eabi.lib : vla_alloc.obj (.bss)
                  200395c4    00000014     (.common:g_FlcSflashCb)
                  200395d8    00000014     (.common:g_flag_blockFull)
                  200395ec    00000014     (.common:xDelayedTaskList1)
                  20039600    00000014     (.common:xDelayedTaskList2)
                  20039614    00000014     (.common:xPendingReadyList)
                  20039628    00000014     (.common:xSuspendedTaskList)
                  2003963c    00000014     (.common:xTasksWaitingTermination)
                  20039650    00000010     (.common:ang_buf)
                  20039660    00000010     (.common:globals)
                  20039670    00000010     (.common:mqxglobals)
                  20039680    00000008     (.common:g_LogClient)
                  20039688    00000008     (.common:g_Struct_TimeStamp_MaxAngle)
                  20039690    00000008     (.common:g_Struct_TimeStamp_MinAngle)
                  20039698    00000008     (.common:g_TimeStamp_CamUp)
                  200396a0    00000008     (.common:g_TimeStamp_DoorClosed)
                  200396a8    00000008     (.common:g_TimeStamp_NWPUp)
                  200396b0    00000008     (.common:g_TimeStamp_PhotoSnap)
                  200396b8    00000008     (.common:g_TimeStamp_PhotoUploaded)
                  200396c0    00000008     (.common:g_TimeStamp_cc3200Up)
                  200396c8    00000008     (.common:g_TimeStamp_maxAngle)
                  200396d0    00000008     (.common:g_TimeStamp_minAngle)
                  200396d8    00000008     (.common:g_ucConnectionBSSID)
                  200396e0    00000008     (.common:parmbuf)
                  200396e8    00000008     (.common:sBootInfo)
                  200396f0    00000004     (.common:DMAMsgQ)
                  200396f4    00000004     (.common:Elapsed_100MilliSecs)
                  200396f8    00000004     (.common:Elapsed_1Secs)
                  200396fc    00000004     (.common:__Errorlog)
                  20039700    00000004     (.common:angle_avg)
                  20039704    00000004     (.common:dataBuffer)
                  20039708    00000004     (.common:g_block_lastFilled)
                  2003970c    00000004     (.common:g_cDummy)
                  20039710    00000004     (.common:g_cWlanSecurityType)
                  20039714    00000004     (.common:g_frame_size_in_bytes)
                  20039718    00000004     (.common:g_position_in_block)
                  2003971c    00000004     (.common:g_readHeader)
                  20039720    00000004     (.common:g_total_dma_intrpts)
                  20039724    00000004     (.common:g_ulAppStatus)
                  20039728    00000004     (.common:g_ulAppTimeout_ms)
                  2003972c    00000004     (.common:g_ulSimplelinkStatus)
                  20039730    00000004     (.common:g_ulWatchdogCycles)
                  20039734    00000004     (.common:gdoor_40deg_angle)
                  20039738    00000004     (.common:gdoor_90deg_angle)
                  2003973c    00000004     (.common:gdoor_OpenDeg_angle)
                  20039740    00000004     (.common:pvOtaApp)
                  20039744    00000004     (.common:pxDelayedTaskList)
                  20039748    00000004     (.common:pxOverflowDelayedTaskList)
                  2003974c    00000002     (.common:g_fMaxAngle)
                  2003974e    00000002     (.common:g_fMinAngle)
                  20039750    00000001     (.common:RxIrqCnt)
                  20039751    00000001     (.common:avg_buffer_cnt)
                  20039752    00000001     (.common:captureTimeout_Flag)
                  20039753    00000001     (.common:checkForLight_Flag)
                  20039754    00000001     (.common:cnt_LED_Timer)
                  20039755    00000001     (.common:g_BlinkCount)
                  20039756    00000001     (.common:g_I2CPeripheral_inUse_Flag)
                  20039757    00000001     (.common:g_NoOfBlinks)
                  20039758    00000001     (.common:g_OffTime)
                  20039759    00000001     (.common:g_OnTime)
                  2003975a    00000001     (.common:g_Task1_Notification)
                  2003975b    00000001     (.common:g_Task3_Notification)
                  2003975c    00000001     (.common:g_dma_txn_done)
                  2003975d    00000001     (.common:g_flag_DataBlockFilled)
                  2003975e    00000001     (.common:g_flag_door_closing_45degree)
                  2003975f    00000001     (.common:g_frame_end)
                  20039760    00000001     (.common:g_ucAngle40)
                  20039761    00000001     (.common:g_ucAngle90)
                  20039762    00000001     (.common:g_ucCalibration)
                  20039763    00000001     (.common:g_ucConfig)
                  20039764    00000001     (.common:g_ucExitButton)
                  20039765    00000001     (.common:g_ucFeedWatchdog)
                  20039766    00000001     (.common:g_ucMagCalb)
                  20039767    00000001     (.common:g_ucProfileAdded)
                  20039768    00000001     (.common:g_ucPushButtonPressedTwice)
                  20039769    00000001     (.common:g_ucReasonForFailure)
                  2003976a    00000001     (.common:iDone)
                  2003976b    00000001     (.common:isitfirsttime)
                  2003976c    00000001     (.common:print_count)
                  2003976d    00000001     (.common:valid_case)

.TI.noinit 
*          0    20022400    00000000     UNINITIALIZED

.sysmem    0    20039770    00005000     UNINITIALIZED
                  20039770    00000008     rtsv7M4_T_le_eabi.lib : memory.obj (.sysmem)
                  20039778    00004ff8     --HOLE--


LINKER GENERATED COPY TABLES

__TI_cinit_table @ 20022118 records: 2, size/record: 8, table size: 16
	.data: load addr=20021bf8, load size=00000509 bytes, run addr=20000000, run size=0000093c bytes, compression=rle
	.bss: load addr=20022110, load size=00000008 bytes, run addr=20022400, run size=0001736e bytes, compression=zero_init


LINKER GENERATED HANDLER TABLE

__TI_handler_table @ 20022104 records: 3, size/record: 4, table size: 12
	index: 0, handler: __TI_decompress_rle24
	index: 1, handler: __TI_decompress_none
	index: 2, handler: __TI_zero_init


GLOBAL SYMBOLS: SORTED ALPHABETICALLY BY Name 

address   name                                  
-------   ----                                  
2001b371  Add_NumberField_ToJSONString          
200202b5  ApplyAccelHAL                         
2001faa1  ApplyMagHAL                           
2001ee05  C$$EXIT                               
2001d6a7  C$$IO$$                               
2001d94d  CCMRegs_Read                          
20020763  CPUcpsie                              
2000dd95  Calculate_DoorOpenThresholdAngle      
2001cf65  CamControllerInit                     
2001fff1  CameraCaptureStart                    
2001f2a9  CameraCaptureStop                     
2002069d  CameraDMAEnable                       
2001fe89  CameraIntClear                        
2001facd  CameraIntEnable                       
200206b3  CameraIntRegister                     
2001fcd5  CameraIntStatus                       
2001f5f7  CameraParamsConfig                    
200204bd  CameraReset                           
200202d1  CameraSensorInit                      
2001fe15  CameraThresholdSet                    
2001f2e3  CameraXClkConfig                      
2000f7bd  CaptureImage                          
2000d2c7  CdnClient_CloseServer                 
2000d2e5  CdnClient_ConnectByUrl                
2000d295  CdnClient_Init                        
2000d15f  CdnClient_Run                         
2000d155  CdnClient_SetFileInfo                 
200172a1  Check_I2CDevices                      
2001b079  Config_CameraCapture                  
2001c80d  ConfigureMode                         
2000ea39  ConfigureSimpleLinkToDefaultState     
20012961  ConstructDeviceStateObject            
2000fa41  ConstructGroundDataObject             
20012cb9  ConstructUserConfigObject             
2001f08d  CopyPingResultsToReport               
200396f0  DMAMsgQ                               
2000063c  DigiCertHighAssuranceEVRootCA_der_len 
200208eb  DmaErrorIntHandler                    
2001faf9  DmaSpiSwIntHandler                    
200202ed  DmaSwIntHandler                       
200396f4  Elapsed_100MilliSecs                  
200396f8  Elapsed_1Secs                         
20019979  EnterStandby_mt9d111                  
20019bd1  ExitStandby_mt9d111                   
20015095  FXOS8700_Init                         
20016819  FXOS8700_ReadData                     
2001f0c9  Fusion_Init                           
20014c79  Fusion_Run                            
2001f555  GPIODirModeSet                        
200204ed  GPIOPinRead                           
200200df  GPIOPinWrite                          
20018bdd  Get_BatteryPercent                    
2001ce85  Get_BatteryVoltageLevel_ADC081C021    
20017da1  Get_FridgeCamID                       
20014f39  HIBernate                             
2000efa1  HOSTclock                             
2000ef69  HOSTclose                             
2000ef2b  HOSTgetenv                            
2000eecf  HOSTlseek                             
2000ee7d  HOSTopen                              
2000ee31  HOSTread                              
2000edd3  HOSTrename                            
2000ed99  HOSTtime                              
2000ed61  HOSTunlink                            
2000ed15  HOSTwrite                             
200159b5  I2CBufferRead                         
2001636d  I2CBufferWrite                        
20020805  I2CMasterControl                      
200208c1  I2CMasterDataGet                      
200206c9  I2CMasterDataPut                      
200206df  I2CMasterEnable                       
2001fb25  I2CMasterErr                          
2001c01d  I2CMasterInitExpClk                   
20020817  I2CMasterIntClearEx                   
200201e1  I2CMasterIntStatusEx                  
20020013  I2CMasterSlaveAddrSet                 
20020829  I2CMasterTimeoutSet                   
2001e3cd  I2C_IF_Open                           
20019d59  I2C_IF_Read                           
20019f99  I2C_IF_Write                          
2001e41d  ImagCapture_Init                      
2001549d  ImageSensor_CaptureConfigs_Task       
2001fcfd  InitTerm                              
2001c8fd  InitialiseParse                       
2001b77d  InitializeUserConfigVariables         
2001a991  IntDisable                            
2001aa39  IntEnable                             
2001fead  IntHandler_100mSecTimer               
2001fb51  IntHandler_1Sec_TimeoutTimer          
20020959  IntMasterEnable                       
2001e079  IntPendClear                          
2001e1d5  IntPrioritySet                        
20020101  IntRegister                           
2001fed1  IntUnregister                         
20020779  IntVTableBaseSet                      
2001b111  IntrptHandler_LEDTimer                
2001f011  IsLightOff                            
2001f405  LEDTimer_Enable                       
2001f62d  LEDTimer_Start                        
2002078d  LEDTimer_Stop                         
2001b80d  LED_Blink_2                           
20020505  LED_Off                               
2002051d  LED_On                                
2000e263  LogClient_Close                       
2000e27b  LogClient_ConnectAndPrint             
2000e22d  LogClient_ConnectServer               
2000e215  LogClient_Init                        
2000e0d1  LogClient_Print                       
20020975  MT9D111Delay                          
2000e409  MagCal_Run                            
20013b0d  Main_Task_withHibernate               
2001fd4d  Message                               
2001cbcd  NWP_SwitchOff                         
2001c975  NWP_SwitchOn                          
200208f9  NwpMaskInterrupt                      
2001f43d  NwpPowerOff                           
20020121  NwpPowerOn                            
2001c0a1  NwpPowerOnPreamble                    
2001fe3b  NwpRegisterInterruptHandler           
20020905  NwpUnMaskInterrupt                    
20014845  OTAServerInfoSet                      
20019569  OTA_CommitImage                       
2001f7cd  OTA_Update                            
200217e6  OpcodeTranslateTable                  
2000bd33  OtaClient_CloseServer                 
2000bcfd  OtaClient_ConnectServer               
2000bccb  OtaClient_GetNextUpdate               
2000bc99  OtaClient_Init                        
2000bbc3  OtaClient_ResourceMetadata            
2000b9ff  OtaClient_ResourceNameConvert         
2000b951  OtaClient_UpdateCheck                 
2001dfc1  PCLK_Rate_read                        
20016105  PRCMCC3200MCUInit                     
200206f5  PRCMHIBRegRead                        
2002070b  PRCMHIBRegWrite                       
20020535  PRCMHibernateEnter                    
2001bc6d  PRCMHibernateIntervalSet              
2001d471  PRCMHibernateWakeUpGPIOSelect         
2001ea29  PRCMHibernateWakeupSourceDisable      
2001ea71  PRCMHibernateWakeupSourceEnable       
2001fd75  PRCMPeripheralClkDisable              
2001f105  PRCMPeripheralClkEnable               
2001b409  PRCMPeripheralClockGet                
2001e0d1  PRCMPeripheralReset                   
2001f661  PRCMPeripheralStatusGet               
2001c431  PRCMRTCGet                            
20020861  PRCMSOCReset                          
2001f141  PRCMSlowClkCtrFastGet                 
2001e46d  PRCMSlowClkCtrGet                     
2001fb7d  PRCMSysResetCauseGet                  
2001bcf5  PinConfigSet                          
2001eed1  PinModeSet                            
200179b1  PinMuxConfig                          
20020421  PinTypeCamera                         
2001f833  PinTypeGPIO                           
20020309  PinTypeI2C                            
2002043b  PinTypeUART                           
2001cfd1  PowerDown_ISL29035                    
2001cc41  PowerDown_LightSensor                 
2001e64d  RdSensData_Init                       
200120a5  RdSensData_Run                        
2001b899  ReStart_CameraCapture                 
20018da9  ReadFile_FromFlash                    
200165c9  Read_AllRegisters                     
20020141  Refresh_mt9d111Firmware               
2001a8e5  Report                                
2002097b  ResetISR                              
20020161  Reset_byStarvingWDT                   
2001d4d9  RestartSensorInJpegMode               
20039750  RxIrqCnt                              
20021984  RxMsgClassLUT                         
UNDEFED   SHT$$INIT_ARRAY$$Base                 
UNDEFED   SHT$$INIT_ARRAY$$Limit                
20020035  SL_FD_SET                             
20020881  SL_FD_ZERO                            
2002054d  SPICSDisable                          
20020565  SPICSEnable                           
2001ab89  SPIConfigSetExpClk                    
2002057d  SPIDisable                            
20020455  SPIDmaDisable                         
2002046f  SPIDmaEnable                          
20020595  SPIEnable                             
20020489  SPIFIFODisable                        
200204a3  SPIFIFOEnable                         
2001f695  SPIFIFOLevelSet                       
2001eab9  SPIIntClear                           
2001e699  SPIIntEnable                          
20020057  SPIReset                              
20020079  SPIWordCountSet                       
20000860  SecurityParams                        
20016d71  SendGroundData                        
2000a251  SimpleLinkHttpServerCallback          
[...]
2001e079  IntPendClear                          
2001e0d1  PRCMPeripheralReset                   
2001e129  ltoa                                  
2001e17f  _FDunscale                            
2001e1d5  IntPrioritySet                        
2001e229  _sl_HandleAsync_Select                
2001e27d  fasin_deg                             
2001e2d1  headerSend                            
2001e325  sl_WlanRxFilterSet                    
2001e3cd  I2C_IF_Open                           
2001e41d  ImagCapture_Init                      
2001e46d  PRCMSlowClkCtrGet                     
2001e4bd  _sl_HandleAsync_Stop                  
2001e50d  disableAE                             
2001e55d  disableAWB                            
2001e5ad  __aeabi_f2ulz                         
2001e5fd  sl_FsDel                              
2001e64d  RdSensData_Init                       
2001e699  SPIIntEnable                          
2001e6e5  WDT_init                              
2001e731  _SlDrvProtectAsyncRespSetting         
2001e77d  _SlDrvRxIrqHandler                    
2001e7c9  _sl_BuildAddress                      
2001e815  atoi                                  
2001e861  atol                                  
2001e8ad  copy_in                               
2001e8f9  srand                                 
2001e90f  rand                                  
2001e945  uDMAChannelAssign                     
2001e991  util_u32_nsec_add                     
2001e9dd  __aeabi_d2f                           
2001ea29  PRCMHibernateWakeupSourceDisable      
2001ea71  PRCMHibernateWakeupSourceEnable       
2001eab9  SPIIntClear                           
2001eb01  Variable_Read                         
2001eb49  _SlDrvBasicCmd                        
2001eb91  addHttpRequestLine                    
2001ebd9  fatan_15deg                           
2001ec21  __aeabi_d2iz                          
2001ec69  ldexp                                 
2001ecf5  TimerConfigure                        
2001ed39  UDMASetupTransfer                     
2001edc1  fxos_Calibration                      
2001ee05  C$$EXIT                               
2001ee09  abort                                 
2001ee11  exit                                  
2001ee49  __aeabi_d2uiz                         
2001ee8d  sl_Htonl                              
2001eed1  PinModeSet                            
2001ef11  WDT_IF_Init                           
2001ef51  getHttpResponseBody                   
2001ef91  signal                                
2001efd1  start_1Sec_TimeoutTimer               
2001f011  IsLightOff                            
2001f04f  strncasecmp                           
2001f08d  CopyPingResultsToReport               
2001f0c9  Fusion_Init                           
2001f105  PRCMPeripheralClkEnable               
2001f141  PRCMSlowClkCtrFastGet                 
2001f17d  _sl_TruncatePayloadByProtocol         
2001f1b9  _c_int00                              
2001f1f5  sl_Htons                              
2001f231  start_100mSecTimer                    
2001f26d  uDMAChannelControlSet                 
2001f2a9  CameraCaptureStop                     
2001f2e3  CameraXClkConfig                      
2001f31d  fLPFScalar                            
2001f357  parseSendRequest                      
2001f391  addHttpRequestHeader                  
2001f405  LEDTimer_Enable                       
2001f43d  NwpPowerOff                           
2001f475  pvPortMalloc                          
2001f495  vPortFree                             
2001f4ad  __aeabi_f2d                           
2001f4e5  __aeabi_f2iz                          
2001f51d  __aeabi_i2f                           
2001f555  GPIODirModeSet                        
2001f58b  sl_NetAppMDNSUnRegisterService        
2001f5c1  beginHttpRequest                      
2001f5f7  CameraParamsConfig                    
2001f62d  LEDTimer_Start                        
2001f661  PRCMPeripheralStatusGet               
2001f695  SPIFIFOLevelSet                       
2001f6c9  getHttpResponseStatus                 
2001f6fd  get_angle                             
2001f731  feraiseexcept                         
2001f765  __aeabi_f2uiz                         
2001f799  strstr                                
2001f7cd  OTA_Update                            
2001f801  Timer_IF_Init                         
2001f833  PinTypeGPIO                           
2001f865  UARTDisable                           
2001f895  _SlDrvDeviceEventHandler              
2001f8c5  _sl_Strlen                            
2001f925  strncpy                               
2001f955  _Feraise                              
2001f985  sl_Close                              
2001f9b5  sl_WlanProfileDel                     
2001f9e5  sl_WlanSetMode                        
2001fa15  __aeabi_i2d                           
2001fa43  raise                                 
2001fa71  addHttpRequestHeaderInt               
2001faa1  ApplyMagHAL                           
2001facd  CameraIntEnable                       
2001faf9  DmaSpiSwIntHandler                    
2001fb25  I2CMasterErr                          
2001fb51  IntHandler_1Sec_TimeoutTimer          
2001fb7d  PRCMSysResetCauseGet                  
2001fba9  SoftReset_ImageSensor                 
2001fc01  setDataBufferPointer                  
2001fc2d  TimerLoadSet                          
2001fc57  TimerPrescaleSet                      
2001fc81  _Dclass                               
2001fcab  util_u64_time_add                     
2001fcd5  CameraIntStatus                       
2001fcfd  InitTerm                              
2001fd4d  Message                               
2001fd75  PRCMPeripheralClkDisable              
2001fd9d  strncat                               
2001fdc5  sl_NetAppStart                        
2001fded  sl_NetAppStop                         
2001fe15  CameraThresholdSet                    
2001fe3b  NwpRegisterInterruptHandler           
2001fe61  strncmp                               
2001fe89  CameraIntClear                        
2001fead  IntHandler_100mSecTimer               
2001fed1  IntUnregister                         
2001ff19  Timer_IF_Start                        
2001ff3d  UARTEnable                            
2001ff61  WriteAllAEnAWBRegs                    
2001ff85  _SlDrvProtectionObjLockWaitForever    
2001ffa9  magnetometer_initialize               
2001ffcd  __aeabi_ui2f                          
2001fff1  CameraCaptureStart                    
20020013  I2CMasterSlaveAddrSet                 
20020035  SL_FD_SET                             
20020057  SPIReset                              
20020079  SPIWordCountSet                       
2002009b  frexp                                 
200200bd  memcmp                                
200200df  GPIOPinWrite                          
20020101  IntRegister                           
20020121  NwpPowerOn                            
20020141  Refresh_mt9d111Firmware               
20020161  Reset_byStarvingWDT                   
20020181  _SlDrvProtectionObjUnLock             
200201a1  memchr                                
200201c1  __aeabi_ui2d                          
200201e1  I2CMasterIntStatusEx                  
200201ff  TimerDisable                          
2002021d  TimerEnable                           
2002023b  TimerIntStatus                        
20020259  UARTCharPut                           
20020295  strcat                                
200202b5  ApplyAccelHAL                         
200202d1  CameraSensorInit                      
200202ed  DmaSwIntHandler                       
20020309  PinTypeI2C                            
20020325  TimerValueGet                         
20020341  _SlDrvObjLockWaitForever              
2002035d  _SlDrvSyncObjWaitForever              
20020379  memccpy                               
20020395  stop_100mSecTimer                     
200203b1  stop_1Sec_TimeoutTimer                
200203cd  uDMAChannelDisable                    
200203e9  uDMAChannelEnable                     
20020405  vApplicationMallocFailedHook          
20020421  PinTypeCamera                         
2002043b  PinTypeUART                           
20020455  SPIDmaDisable                         
2002046f  SPIDmaEnable                          
20020489  SPIFIFODisable                        
200204a3  SPIFIFOEnable                         
200204bd  CameraReset                           
200204ed  GPIOPinRead                           
20020505  LED_Off                               
2002051d  LED_On                                
20020535  PRCMHibernateEnter                    
2002054d  SPICSDisable                          
20020565  SPICSEnable                           
2002057d  SPIDisable                            
20020595  SPIEnable                             
200205ad  TimerIntEnable                        
200205c5  Timer_IF_InterruptClear               
200205dd  WatchdogStallEnable                   
200205f5  WatchdogUnlock                        
2002060d  _SlDrvObjUnLock                       
20020625  _SlDrvSyncObjSignal                   
2002063d  _sl_GetStartResponseConvert           
2002066d  _args_main                            
20020685  strcmp                                
2002069d  CameraDMAEnable                       
200206b3  CameraIntRegister                     
200206c9  I2CMasterDataPut                      
200206df  I2CMasterEnable                       
200206f5  PRCMHIBRegRead                        
2002070b  PRCMHIBRegWrite                       
20020721  WatchdogEnable                        
20020737  _SlDrvMemZero                         
2002074d  strchr                                
20020763  CPUcpsie                              
20020779  IntVTableBaseSet                      
2002078d  LEDTimer_Stop                         
200207a1  _register_unlock                      
200207a7  _register_lock                        
200207af  _nop                                  
200207b5  strcpy                                
200207c9  strlen                                
200207dd  uDMAControlBaseSet                    
200207f1  uDMAIntClear                          
20020805  I2CMasterControl                      
20020817  I2CMasterIntClearEx                   
20020829  I2CMasterTimeoutSet                   
2002083b  TimerIntClear                         
2002084d  WatchdogReloadSet                     
20020861  PRCMSOCReset                          
20020881  SL_FD_ZERO                            
20020891  Timer_IF_Stop                         
200208a1  WatchdogIntClear                      
200208b1  socketClose                           
200208c1  I2CMasterDataGet                      
200208cf  _SlDrvResetCmdExt                     
200208dd  __TI_decompress_none                  
200208eb  DmaErrorIntHandler                    
200208f9  NwpMaskInterrupt                      
20020905  NwpUnMaskInterrupt                    
20020911  cc_rtc_get                            
2002091d  __TI_zero_init                        
20020929  getInternalClient                     
20020935  sl_WlanDisconnect                     
20020941  uDMAEnable                            
2002094d  uDMAIntStatus                         
20020959  IntMasterEnable                       
20020963  vApplicationStackOverflowHook         
2002096d  sensorsTriggerSetup                   
20020975  MT9D111Delay                          
2002097b  ResetISR                              
20020981  UtilsDelay                            
20020987  __TI_decompress_rle24                 
2002098d  logf                                  
20020993  sinf                                  
20020999  __abort_execution                     
2002099d  _system_pre_init                      
20020d54  _ctypes_                              
200217e6  OpcodeTranslateTable                  
20021822  _SlPolicySetCmdCtrl                   
20021826  _SlPolicyGetCmdCtrl                   
2002182a  _SlProfileGetCmdCtrl                  
2002182e  _SlProfileDelCmdCtrl                  
20021832  _SlWlanGetNetworkListCtrl             
20021836  _SlRxFilterAddtCmdCtrl                
2002183a  _SlRxFilterSetCmdCtrl                 
2002183e  _SlRxFilterGetCmdCtrl                 
20021842  _SlSmartConfigStartCmdCtrl            
20021846  _SlWlanSetModeCmdCtrl                 
2002184a  _SlWlanCfgSetCmdCtrl                  
2002184e  _SlWlanCfgGetCmdCtrl                  
20021860  _SlActionLookupTable                  
200218d0  _SlFsOpenCmdCtrl                      
200218d4  _SlFsCloseCmdCtrl                     
200218d8  _SlFsReadCmdCtrl                      
200218dc  _SlFsWriteCmdCtrl                     
200218e0  _SlFsGetInfoCmdCtrl                   
200218e4  _SlFsDeleteCmdCtrl                    
20021974  g_H2NSyncPattern                      
2002197c  g_H2NCnysPattern                      
20021984  RxMsgClassLUT                         
200219a8  _SlSockSocketCmdCtrl                  
200219ac  _SlSockCloseCmdCtrl                   
200219b0  _SlRecvfomCmdCtrl                     
200219b4  _SlSendCmdCtrl                        
200219b8  _SlListenCmdCtrl                      
200219bc  _SlAcceptCmdCtrl                      
200219c0  _SlRecvCmdCtrl                        
200219c4  _SlSetSockOptCmdCtrl                  
200219c8  _SlGetSockOptCmdCtrl                  
200219cc  _SlSelectCmdCtrl                      
20021a58  _SlNetAppStartCtrl                    
20021a5c  _SlNetAppStopCtrl                     
20021a60  _SlGetServiceListeCtrl                
20021a64  _SlRegisterServiceCtrl                
20021a68  _SlGetHostByServiceCtrl               
20021a6c  _SlGetHostByNameCtrl                  
20021a70  _SlNetAppSetCmdCtrl                   
20021a74  _SlNetAppSendTokenValueCmdCtrl        
20021a78  _SlNetAppGetCmdCtrl                   
20021b3c  g_deviceClientVersion                 
20021b7e  _SlStopCmdCtrl                        
20021b82  _SlEventMaskSetCmdCtrl                
20021b86  _SlEventMaskGetCmdCtrl                
20021b8a  _SlDeviceGetCmdCtrl                   
20021b8e  _SlDeviceSetCmdCtrl                   
20021ba5  _SlPayloadByProtocolLUT               
20021bd3  pcDigits                              
20021bde  StartResponseLUT                      
20021be6  _SlNetCfgSetCmdCtrl                   
20021bea  _SlNetCfgGetCmdCtrl                   
20021bf8  __TI_static_base__                    
20022104  __TI_Handler_Table_Base               
20022110  __TI_Handler_Table_Limit              
20022118  __TI_CINIT_Base                       
20022128  __TI_CINIT_Limit                      
20022400  g_image_buffer                        
20036400  thisMagBuffer                         
200374f8  g_OtaCheckUpdateResponse              
20037944  thisMagCal                            
20037f9c  thisMag                               
20037ff4  g_SecParams                           
20038000  gpCtlTbl                              
20038400  g_OtaFileMetadata                     
200387d8  g_NetEntries                          
20038d48  g_StatMem                             
20038ec0  __CIOBUF_                             
20038fe0  gfpAppCallbackHndl                    
200391a8  thisSV_6DOF_GB_BASIC                  
20039254  __TI_tmpnams                          
200392f4  g_CdnClient                           
20039368  g_ucDinDout                           
200393b8  xQueueRegistry                        
20039408  g_OtaApp                              
20039454  g_OtaApp_statistics                   
200394a0  clientStateFileName                   
200394d4  g_cWlanSecurityKey                    
20039508  thisAccel                             
2003953c  g_OtaClient                           
20039560  g_cWlanSSID                           
20039584  g_ucConnectionSSID                    
200395c4  g_FlcSflashCb                         
200395d8  g_flag_blockFull                      
20039650  ang_buf                               
20039660  globals                               
20039670  mqxglobals                            
20039680  g_LogClient                           
20039688  g_Struct_TimeStamp_MaxAngle           
20039690  g_Struct_TimeStamp_MinAngle           
20039698  g_TimeStamp_CamUp                     
200396a0  g_TimeStamp_DoorClosed                
200396a8  g_TimeStamp_NWPUp                     
200396b0  g_TimeStamp_PhotoSnap                 
200396b8  g_TimeStamp_PhotoUploaded             
200396c0  g_TimeStamp_cc3200Up                  
200396c8  g_TimeStamp_maxAngle                  
200396d0  g_TimeStamp_minAngle                  
200396d8  g_ucConnectionBSSID                   
200396f0  DMAMsgQ                               
200396f4  Elapsed_100MilliSecs                  
200396f8  Elapsed_1Secs                         
20039700  angle_avg                             
20039704  dataBuffer                            
20039708  g_block_lastFilled                    
2003970c  g_cDummy                              
20039710  g_cWlanSecurityType                   
20039714  g_frame_size_in_bytes                 
20039718  g_position_in_block                   
2003971c  g_readHeader                          
20039724  g_ulAppStatus                         
20039728  g_ulAppTimeout_ms                     
2003972c  g_ulSimplelinkStatus                  
20039730  g_ulWatchdogCycles                    
20039734  gdoor_40deg_angle                     
20039738  gdoor_90deg_angle                     
2003973c  gdoor_OpenDeg_angle                   
2003974c  g_fMaxAngle                           
2003974e  g_fMinAngle                           
20039750  RxIrqCnt                              
20039751  avg_buffer_cnt                        
20039752  captureTimeout_Flag                   
20039753  checkForLight_Flag                    
20039754  cnt_LED_Timer                         
20039755  g_BlinkCount                          
20039756  g_I2CPeripheral_inUse_Flag            
20039757  g_NoOfBlinks                          
20039758  g_OffTime                             
20039759  g_OnTime                              
2003975a  g_Task1_Notification                  
2003975b  g_Task3_Notification                  
2003975d  g_flag_DataBlockFilled                
2003975e  g_flag_door_closing_45degree          
2003975f  g_frame_end                           
20039760  g_ucAngle40                           
20039761  g_ucAngle90                           
20039762  g_ucCalibration                       
20039763  g_ucConfig                            
20039764  g_ucExitButton                        
20039765  g_ucFeedWatchdog                      
20039766  g_ucMagCalb                           
20039767  g_ucProfileAdded                      
20039768  g_ucPushButtonPressedTwice            
20039769  g_ucReasonForFailure                  
2003976a  iDone                                 
2003976b  isitfirsttime                         
2003976c  print_count                           
2003976d  valid_case                            
20039770  _sys_memory                           
ffffffff  __binit__                             
ffffffff  __c_args__                            
ffffffff  binit                                 
UNDEFED   SHT$$INIT_ARRAY$$Base                 
UNDEFED   SHT$$INIT_ARRAY$$Limit                

[933 symbols]
