******************************************************************************
                  TI ARM Linker PC v5.2.2                      
******************************************************************************
>> Linked Thu Jul 30 19:29:31 2015

OUTPUT FILE NAME:   <ULP_SEC_CAM.out>
ENTRY POINT SYMBOL: "_c_int00"  address: 2001e82d


MEMORY CONFIGURATION

         name            origin    length      used     unused   attr    fill
----------------------  --------  ---------  --------  --------  ----  --------
  SRAM_BOOTLDR          20000000   00004000  00002938  000016c8  RW X
  SRAM_CODE             20004000   0001e300  0001d5fd  00000d03  RW X
  SRAM_DATA             20022300   0001dd00  0001c360  000019a0  RW X


SEGMENT ALLOCATION MAP

run origin  load origin   length   init length attrs members
----------  ----------- ---------- ----------- ----- -------
20000000    20000000    00000938   00000000    rw-
  20000000    20000000    00000938   00000000    rw- .data
20002000    20002000    00002000   00000000    rw-
  20002000    20002000    00002000   00000000    rw- .stack
20004000    20004000    0001d600   0001d600    r-x
  20004000    20004000    00000400   00000400    r-- .intvecs
  20004400    20004400    0001bb38   0001bb38    r-x .text
  2001ff38    2001ff38    00001195   00001195    r-- .const
  200210d0    200210d0    00000530   00000530    r-- .cinit
20022400    20022400    0001c360   00000000    rw-
  20022400    20022400    00017360   00000000    rw- .bss
  20039760    20039760    00005000   00000000    rw- .sysmem


SECTION ALLOCATION MAP

 output                                  attributes/
section   page    origin      length       input sections
--------  ----  ----------  ----------   ----------------
.data      0    20000000    00000938     UNINITIALIZED
                  20000000    000003c9     cc3200_certificate.obj (.data:DigiCertHighAssuranceEVRootCA_der)
                  200003c9    00000001     tasks.obj (.data)
                  200003ca    00000002     --HOLE--
                  200003cc    000000f0     rtsv7M4_T_le_eabi.lib : defs.obj (.data:_ftable)
                  200004bc    000000d0                           : lowlev.obj (.data)
                  2000058c    000000b0                           : signal.obj (.data:sigtable)
                  2000063c    00000004     cc3200_certificate.obj (.data)
                  20000640    00000080     rtsv7M4_T_le_eabi.lib : xvalues.obj (.data)
                  200006c0    00000068                           : xfvalues.obj (.data)
                  20000728    00000064     network_relater_fns.obj (.data:Token)
                  2000078c    00000064     network_relater_fns.obj (.data:Value)
                  200007f0    0000003c     main.obj (.data:g_token_get)
                  2000082c    00000034     free_rtos.a : tasks.obj (.data)
                  20000860    00000024     main.obj (.data)
                  20000884    00000018     cc3200_utils.obj (.data)
                  2000089c    00000018     request.obj (.data)
                  200008b4    00000010     rtsv7M4_T_le_eabi.lib : defs.obj (.data)
                  200008c4    0000000c     free_rtos.a : osi_freertos.obj (.data)
                  200008d0    0000000c     rtsv7M4_T_le_eabi.lib : memory.obj (.data)
                  200008dc    00000009     simplelink.a : cc_pal.obj (.data)
                  200008e5    00000003     --HOLE--
                  200008e8    00000009                  : driver.obj (.data)
                  200008f1    00000003     --HOLE--
                  200008f4    00000008     camera_app.obj (.data)
                  200008fc    00000008     rtsv7M4_T_le_eabi.lib : _lock.obj (.data)
                  20000904    00000008                           : exit.obj (.data)
                  2000090c    00000008                           : feraiseexcept.obj (.data)
                  20000914    00000006     http.obj (.data)
                  2000091a    00000002     --HOLE--
                  2000091c    00000004     free_rtos.a : port.obj (.data)
                  20000920    00000004     middleware.a : rtc_hal.obj (.data)
                  20000924    00000004     ota.a : OtaHttp.obj (.data)
                  20000928    00000004     rtsv7M4_T_le_eabi.lib : errno.obj (.data)
                  2000092c    00000004                           : fopen.obj (.data)
                  20000930    00000004                           : rand.obj (.data)
                  20000934    00000004                           : stkdepth_vars.obj (.data)

.TI.persistent 
*          0    20000000    00000000     UNINITIALIZED

.stack     0    20002000    00002000     UNINITIALIZED
                  20002000    00002000     --HOLE--

.intvecs   0    20004000    00000400     
                  20004000    00000400     startup_ccs.obj (.intvecs)

.text      0    20004400    0001bb38     
                  20004400    00001258     free_rtos.a : tasks.obj (.text)
                  20005658    000010a6     rtsv7M4_T_le_eabi.lib : _printfi.obj (.text)
                  200066fe    00000002     startup_ccs.obj (.text:BusFaultHandler)
                  20006700    00000b24     free_rtos.a : queue.obj (.text)
                  20007224    00000a08     magnetic.obj (.text:fUpdateCalibration10EIG)
                  20007c2c    00000788     magnetic.obj (.text:fUpdateCalibration4INV)
                  200083b4    00000694     magnetic.obj (.text:fUpdateCalibration7EIG)
                  20008a48    00000688     matrix.obj (.text:eigencompute)
                  200090d0    00000610     ota.a : OtaHttp.obj (.text)
                  200096e0    000005ec     simplelink.a : driver.obj (.text:_SlDrvMsgRead)
                  20009ccc    0000059c     application_fn.obj (.text:application_fn)
                  2000a268    00000584     magnetic.obj (.text:iUpdateMagnetometerBuffer)
                  2000a7ec    000004dc     network_relater_fns.obj (.text:SimpleLinkHttpServerCallback)
                  2000acc8    000004be     cc3200_utils.obj (.text:createNewInstallationId)
                  2000b186    00000002     driverlib.a : interrupt.obj (.text:IntDefaultHandler)
                  2000b188    0000045c     free_rtos.a : osi_freertos.obj (.text)
                  2000b5e4    0000044c     request.obj (.text:buildRequestHeaders)
                  2000ba30    00000424     ota.a : OtaClient.obj (.text)
                  2000be54    0000040c           : OtaApp.obj (.text)
                  2000c260    000003dc     rtsv7M4_T_le_eabi.lib : memory.obj (.text)
                  2000c63c    000003b8     matrix.obj (.text:fmatrixAeqInvA)
                  2000c9f4    000003a0     network_relater_fns.obj (.text:SimpleLinkWlanEventHandler)
                  2000cd94    00000378     rtsv7M4_T_le_eabi.lib : powf.obj (.text)
                  2000d10c    0000035c     ota.a : CdnClient.obj (.text)
                  2000d468    00000354     orientation.obj (.text:feCompassAndroid)
                  2000d7bc    00000354     orientation.obj (.text:feCompassWin8)
                  2000db10    00000350     orientation.obj (.text:feCompassNED)
                  2000de60    00000338     ota.a : LogClient.obj (.text)
                  2000e198    00000324     tasks.obj (.text:MagCal_Run)
                  2000e4bc    0000030c     rtsv7M4_T_le_eabi.lib : lowlev.obj (.text)
                  2000e7c8    000002dc     network_relater_fns.obj (.text:ConfigureSimpleLinkToDefaultState)
                  2000eaa4    000002d8     user_configure_fn.obj (.text:WiFiProvisioning)
                  2000ed7c    000002d4     rtsv7M4_T_le_eabi.lib : trgdrv.obj (.text)
                  2000f050    00000298     mt9d111.obj (.text:RegLstWrite)
                  2000f2e8    00000298     rtsv7M4_T_le_eabi.lib : vla_alloc.obj (.text)
                  2000f580    00000284     camera_app.obj (.text:CaptureImage)
                  2000f804    00000278     door_position_detection_algorithm.obj (.text:check_doorpos)
                  2000fa7c    00000270     user_configure_fn.obj (.text:User_Configure)
                  2000fcec    0000026e     simplejson.obj (.text:simpleJsonProcessor)
                  2000ff5a    00000002     startup_ccs.obj (.text:IntDefaultHandler)
                  2000ff5c    0000025c     parse_uploads.obj (.text:ConstructGroundDataObject)
                  200101b8    0000025c     lightSens_isl29035.obj (.text:configureISL29035)
                  20010414    00000248     simplelink.a : driver.obj (.text:_SlDrvRxHdrRead)
                  2001065c    00000244                  : wlan.obj (.text:sl_WlanConnect)
                  200108a0    00000220     rtsv7M4_T_le_eabi.lib : ll_div_t2.obj (.text)
                  20010ac0    00000218     request.obj (.text:payloadSend)
                  20010cd8    00000214     main_FXOS8700.obj (.text:angleCheck_Initializations)
                  20010eec    0000020c     ota.obj (.text:OTA_Run)
                  200110f8    000001f4     rtsv7M4_T_le_eabi.lib : ull_div_t2.obj (.text)
                  200112ec    000001f0     user_configure_fn.obj (.text:Get_Calibration_MagSensor)
                  200114dc    000001d0     simplelink.a : driver.obj (.text:_SlDrvReleasePoolObj)
                  200116ac    000001cc                  : driver.obj (.text:_SlDrvMsgWrite)
                  20011878    000001c8     main.obj (.text:main)
                  20011a40    000001c4     tasks.obj (.text:RdSensData_Run)
                  20011c04    000001c4     rtsv7M4_T_le_eabi.lib : fopen.obj (.text)
                  20011dc8    000001c0     magnetic.obj (.text:fInvertMagCal)
                  20011f88    000001bc     rtsv7M4_T_le_eabi.lib : xflog.obj (.text)
                  20012144    000001b6                           : fd_add_t2.obj (.text)
                  200122fa    00000002     startup_ccs.obj (.text:NmiSR)
                  200122fc    000001b0     Task_UserConfig.obj (.text:UserConfigure_Task)
                  200124ac    000001ac     parse_uploads.obj (.text:ConstructDeviceStateObject)
                  20012658    000001a8     user_configure_fn.obj (.text:AccessPtMode_HTTPServer_Start)
                  20012800    000001a4     orientation.obj (.text:fQuaternionFromRotationMatrix)
                  200129a4    000001a4     cc3200_socket.obj (.text:socketSslConnect)
                  20012b48    000001a0     camera_app.obj (.text:CameraIntHandler)
                  20012ce8    0000019c     rtsv7M4_T_le_eabi.lib : xfsin.obj (.text)
                  20012e84    00000190     simplelink.a : driver.obj (.text:_SlDrvWaitForPoolObj)
                  20013014    0000018c     request.obj (.text:sendRequest)
                  200131a0    00000188     matrix.obj (.text:f3x3matrixAeqInvSymB)
                  20013328    00000184     flc.a : flc.obj (.text)
                  200134ac    00000180     orientation.obj (.text:fWin8AnglesDegFromRotationMatrix)
                  2001362c    00000178     rtsv7M4_T_le_eabi.lib : tanf.obj (.text)
                  200137a4    00000178                           : xfexp.obj (.text)
                  2001391c    00000174     simplelink.a : driver.obj (.text:_SlDrvDriverCBInit)
                  20013a90    00000174     magnetic.obj (.text:fInitMagCalibration)
                  20013c04    00000174     network_relater_fns.obj (.text:initNetwork)
                  20013d78    00000170     network_relater_fns.obj (.text:SimpleLinkNetAppEventHandler)
                  20013ee8    00000170     simplelink.a : driver.obj (.text:_SlFindAndSetActiveObj)
                  20014058    00000168     ota.obj (.text:OTAServerInfoSet)
                  200141c0    00000165     network_relater_fns.obj (.text:SimpleLinkSockEventHandler)
                  20014325    00000001     --HOLE-- [fill = 0]
                  20014326    00000002     main.obj (.text:vApplicationIdleHook)
                  20014328    00000164     tempRHSens_si7020.obj (.text:getTempRH)
                  2001448c    00000160     tasks.obj (.text:Fusion_Run)
                  200145ec    00000160     network_relater_fns.obj (.text:WiFi_Connect)
                  2001474c    0000015c     hibernate_related_fns.obj (.text:HIBernate)
                  200148a8    00000158     user_configure_fn.obj (.text:CollectAngle)
                  20014a00    00000158     drivers.obj (.text:FXOS8700_Init)
                  20014b58    00000158     orientation.obj (.text:qAeqAxB)
                  20014cb0    00000158     orientation.obj (.text:qconjgAxB)
                  20014e08    00000150     simplelink.a : cc_pal.obj (.text:spi_Open)
                  20014f58    00000144     fusion.obj (.text:fRun_6DOF_GB_BASIC)
                  2001509c    0000013c     rtsv7M4_T_le_eabi.lib : fmodf.obj (.text)
                  200151d8    0000013c     simplelink.a : socket.obj (.text:sl_Select)
                  20015314    00000138     i2cconfig.obj (.text:I2CBufferRead)
                  2001544c    00000138     mt9d111.obj (.text:Register_Read)
                  20015584    00000138     orientation.obj (.text:fLPFOrientationQuaternion)
                  200156bc    00000138     orientation.obj (.text:fRotationMatrixFromQuaternion)
                  200157f4    00000138     i2c_app.obj (.text:i2cWriteRegisters)
                  2001592c    00000136     rtsv7M4_T_le_eabi.lib : fd_div_t2.obj (.text)
                  20015a62    00000002     --HOLE-- [fill = 0]
                  20015a64    00000134     driverlib.a : prcm.obj (.text:PRCMCC3200MCUInit)
                  20015b98    00000134     rtsv7M4_T_le_eabi.lib : fputs.obj (.text)
                  20015ccc    00000130     i2cconfig.obj (.text:I2CBufferWrite)
                  20015dfc    0000012a     free_rtos.a : list.obj (.text)
                  20015f26    00000002     --HOLE-- [fill = 0]
                  20015f28    00000128     mt9d111.obj (.text:Read_AllRegisters)
                  20016050    00000128     simplelink.a : driver.obj (.text:_SlDrvDataReadOp)
                  20016178    00000116     drivers.obj (.text:FXOS8700_ReadData)
                  2001628e    00000002     --HOLE-- [fill = 0]
                  20016290    00000110     free_rtos.a : port.obj (.text)
                  200163a0    00000110     rtsv7M4_T_le_eabi.lib : xdscale.obj (.text)
                  200164b0    00000110     lightSens_isl29035.obj (.text:verifyISL29035)
                  200165c0    00000110     tempRHSens_si7020.obj (.text:verifyTempRHSensor)
                  200166d0    0000010c     flash_files.obj (.text:WriteFile_ToFlash)
                  200167dc    00000108     middleware.a : rtc_hal.obj (.text:rtc_fast_domain_counter_rd)
                  200168e4    00000108     simplelink.a : socket.obj (.text:sl_Connect)
                  200169ec    00000108                  : socket.obj (.text:sl_Send)
                  20016af4    00000104     dbgFns.obj (.text:Check_I2CDevices)
                  20016bf8    00000104     simplelink.a : driver.obj (.text:_SlDrvDataWriteOp)
                  20016cfc    00000104     i2c_app.obj (.text:i2cReadRegistersTwoBytes)
                  20016e00    00000104     simplelink.a : netapp.obj (.text:sl_NetAppDnsGetHostByName)
                  20016f04    00000100     i2c_app.obj (.text:i2cReadRegisters)
                  20017004    00000100     cc3200_client_state.obj (.text:loadClientState)
                  20017104    000000fe     simplelink.a : netapp.obj (.text:_SlDrvNetAppEventHandler)
                  20017202    00000002     --HOLE-- [fill = 0]
                  20017204    000000fc     pinmux.obj (.text:PinMuxConfig)
                  20017300    000000fc     orientation.obj (.text:fqAeqNormqA)
                  200173fc    000000fc     rtsv7M4_T_le_eabi.lib : fd_mul_t2.obj (.text)
                  200174f8    000000fa                           : fs_add_t2.obj (.text)
                  200175f2    00000002     --HOLE-- [fill = 0]
                  200175f4    000000f8     cc3200_certificate.obj (.text:ensureCertificateFile)
                  200176ec    000000f8     orientation.obj (.text:fAndroidAnglesDegFromRotationMatrix)
                  200177e4    000000f8     orientation.obj (.text:fNEDAnglesDegFromRotationMatrix)
                  200178dc    000000f7     parse_uploads.obj (.text:Get_FridgeCamID)
                  200179d3    00000001     --HOLE-- [fill = 0]
                  200179d4    000000f4     simplelink.a : driver.obj (.text:_SlDrvDriverCBDeinit)
                  20017ac8    000000f4     installation.obj (.text:getInstallation)
                  20017bbc    000000f4     app_common.obj (.text:intToASCII)
                  20017cb0    000000f4     simplelink.a : fs.obj (.text:sl_FsRead)
                  20017da4    000000f4     accelomtrMagntomtr_fxos8700.obj (.text:verifyAccelMagnSensor)
                  20017e98    000000f2     cc3200_socket.obj (.text:socketRead)
                  20017f8a    00000002     --HOLE-- [fill = 0]
                  20017f8c    000000f0     camera_app.obj (.text:DMAConfig)
                  2001807c    000000f0     driverlib.a : udma.obj (.text:uDMAChannelTransferSet)
                  2001816c    000000ec     orientation.obj (.text:fRotationVectorDegFromQuaternion)
                  20018258    000000ec     simplelink.a : fs.obj (.text:sl_FsWrite)
                  20018344    000000e8     appFns_BatteryLevelSense.obj (.text:Get_BatteryPercent)
                  2001842c    000000e4     parse_uploads.obj (.text:UploadImageToParse)
                  20018510    000000e0     flash_files.obj (.text:ReadFile_FromFlash)
                  200185f0    000000e0     camera_app.obj (.text:Start_CameraCapture)
                  200186d0    000000e0     parse_uploads.obj (.text:UploadGroundDataObjectToParse)
                  200187b0    000000dc     parse_uploads.obj (.text:UploadSensorDataToParse)
                  2001888c    000000dc     rtsv7M4_T_le_eabi.lib : setvbuf.obj (.text)
                  20018968    000000dc     simplelink.a : cc_pal.obj (.text:spi_Read)
                  20018a44    000000d8     Task_Main.obj (.text:Main_Task_withHibernate)
                  20018b1c    000000d8     simplelink.a : driver.obj (.text:_SlDrvClassifyRxMsg)
                  20018bf4    000000d8     rtsv7M4_T_le_eabi.lib : xfatan.obj (.text)
                  20018ccc    000000d4     simplelink.a : device.obj (.text:sl_Stop)
                  20018da0    000000d0     rtsv7M4_T_le_eabi.lib : xfdscale.obj (.text)
                  20018e70    000000cc     approximations.obj (.text:fatan_deg)
                  20018f3c    000000cc     rtsv7M4_T_le_eabi.lib : sqrtf.obj (.text)
                  20019008    000000c8     mt9d111.obj (.text:EnterStandby_mt9d111)
                  200190d0    000000c8     simplelink.a : netapp.obj (.text:_sl_HandleAsync_DnsGetHostByService)
                  20019198    000000c8     rtsv7M4_T_le_eabi.lib : fflush.obj (.text)
                  20019260    000000c4     mt9d111.obj (.text:ExitStandby_mt9d111)
                  20019324    000000c4     simplelink.a : driver.obj (.text:_SlRemoveFromList)
                  200193e8    000000c0     i2c_if.obj (.text:I2C_IF_Read)
                  200194a8    000000c0     user_configure_fn.obj (.text:WlanConnect)
                  20019568    000000be     rtsv7M4_T_le_eabi.lib : xdnorm.obj (.text)
                  20019626    00000002     --HOLE-- [fill = 0]
                  20019628    000000bc     i2c_if.obj (.text:I2C_IF_Write)
                  200196e4    000000bc     Task_ImageCaptureConfigs.obj (.text:ImageSensor_CaptureConfigs_Task)
                  200197a0    000000bc     main.obj (.text:InitializeAppVariables)
                  2001985c    000000bc     simplelink.a : driver.obj (.text:_SlDrvMsgReadCmdCtx)
                  20019918    000000bc     tempRHSens_si7020.obj (.text:configureTempRHSensor)
                  200199d4    000000bc     rtsv7M4_T_le_eabi.lib : acosf.obj (.text)
                  20019a90    000000bc     simplelink.a : device.obj (.text:sl_Start)
                  20019b4c    000000ba     free_rtos.a : portasm.obj (.text)
                  20019c06    00000002     --HOLE-- [fill = 0]
                  20019c08    000000b8     simplelink.a : driver.obj (.text:_SlAsyncEventGenericHandler)
                  20019cc0    000000b8     installation.obj (.text:createInstallation)
                  20019d78    000000b4     simplelink.a : netapp.obj (.text:sl_NetAppMDNSRegisterUnregisterService)
                  20019e2c    000000ac     camera_app.obj (.text:ReStart_CameraCapture)
                  20019ed8    000000ac     mt9d111.obj (.text:Verify_ImageSensor)
                  20019f84    000000ac     rtsv7M4_T_le_eabi.lib : _io_perm.obj (.text)
                  2001a030    000000ab     installation.obj (.text:getInstallationByIdCallback)
                  2001a0db    00000001     --HOLE-- [fill = 0]
                  2001a0dc    000000aa     uartA1_if.obj (.text:Report)
                  2001a186    00000002     --HOLE-- [fill = 0]
                  2001a188    000000a8     driverlib.a : interrupt.obj (.text:IntDisable)
                  2001a230    000000a8                 : interrupt.obj (.text:IntEnable)
                  2001a2d8    000000a8     simplelink.a : netcfg.obj (.text:sl_NetCfgGet)
                  2001a380    000000a0     driverlib.a : spi.obj (.text:SPIConfigSetExpClk)
                  2001a420    000000a0     cc3200_socket.obj (.text:socketWrite)
                  2001a4c0    0000009e     matrix.obj (.text:f3x3matrixDetA)
                  2001a55e    00000002     --HOLE-- [fill = 0]
                  2001a560    0000009c     simplelink.a : driver.obj (.text:_SlDrvMsgReadSpawnCtx)
                  2001a5fc    0000009c     approximations.obj (.text:fatan2_deg)
                  2001a698    0000009c     rtsv7M4_T_le_eabi.lib : memcpy_t2.obj (.text)
                  2001a734    0000009c     simplelink.a : device.obj (.text:sl_DevGet)
                  2001a7d0    00000098     camera_app.obj (.text:Config_CameraCapture)
                  2001a868    00000098     simplelink.a : fs.obj (.text:_sl_GetCreateFsMode)
                  2001a900    00000098     rtsv7M4_T_le_eabi.lib : fclose.obj (.text)
                  2001a998    00000098                           : fputc.obj (.text)
                  2001aa30    00000096     parse_uploads.obj (.text:Add_NumberField_ToJSONString)
                  2001aac6    00000002     --HOLE-- [fill = 0]
                  2001aac8    00000094     driverlib.a : prcm.obj (.text:PRCMPeripheralClockGet)
                  2001ab5c    00000094     approximations.obj (.text:facos_deg)
                  2001abf0    00000094     lightSens_isl29035.obj (.text:getLightsensor_data)
                  2001ac84    00000094     rtsv7M4_T_le_eabi.lib : snprintf.obj (.text)
                  2001ad18    00000092     parse_impl.obj (.text:parseInitialize)
                  2001adaa    00000092     rtsv7M4_T_le_eabi.lib : fs_div_t2.obj (.text)
                  2001ae3c    00000090     network_relater_fns.obj (.text:InitializeUserConfigVariables)
                  2001aecc    0000008c     simplelink.a : cc_pal.obj (.text:SetupDMAReceive)
                  2001af58    0000008c                  : cc_pal.obj (.text:SetupDMASend)
                  2001afe4    0000008c                  : netapp.obj (.text:_sl_HandleAsync_DnsGetHostByName)
                  2001b070    0000008c                  : netapp.obj (.text:_sl_HandleAsync_PingResponse)
                  2001b0fc    0000008c     rtsv7M4_T_le_eabi.lib : xfdint.obj (.text)
                  2001b188    0000008c     simplelink.a : cc_pal.obj (.text:spi_Write)
                  2001b214    00000088     driverlib.a : prcm.obj (.text:PRCMHibernateIntervalSet)
                  2001b29c    00000088                 : pin.obj (.text:PinConfigSet)
                  2001b324    00000088     rtsv7M4_T_le_eabi.lib : vsnprintf.obj (.text)
                  2001b3ac    00000088     simplelink.a : fs.obj (.text:sl_FsClose)
                  2001b434    00000086     rtsv7M4_T_le_eabi.lib : fd_cmp_t2.obj (.text:__aeabi_cdcmple)
                  2001b4ba    00000086                           : fd_cmp_t2.obj (.text:__aeabi_cdrcmple)
                  2001b540    00000084     timer_if.obj (.text:GetPeripheralIntNum)
                  2001b5c4    00000084     driverlib.a : i2c.obj (.text:I2CMasterInitExpClk)
                  2001b648    00000084     simplelink.a : cc_pal.obj (.text:NwpPowerOnPreamble)
                  2001b6cc    00000084     sendGroundData.obj (.text:SendGroundData)
                  2001b750    00000084     matrix.obj (.text:f3x3matrixAeqI)
                  2001b7d4    00000084     fusion.obj (.text:fInit_6DOF_GB_BASIC)
                  2001b858    00000080     NWP.obj (.text:NWP_SwitchOn)
                  2001b8d8    00000080     simplelink.a : driver.obj (.text:_SlDrvCmdOp)
                  2001b958    00000080                  : cc_pal.obj (.text:spi_Read_CPU)
                  2001b9d8    00000080                  : cc_pal.obj (.text:spi_Write_CPU)
                  2001ba58    0000007c     NWP.obj (.text:NWP_SwitchOff)
                  2001bad4    0000007c     driverlib.a : prcm.obj (.text:PRCMRTCGet)
                  2001bb50    0000007c     camera_app.obj (.text:Standby_ImageSensor)
                  2001bbcc    0000007c     camera_app.obj (.text:Wakeup_ImageSensor)
                  2001bc48    0000007c     simplelink.a : device.obj (.text:_sl_HandleAsync_InitComplete)
                  2001bcc4    0000007c     matrix.obj (.text:fmatrixAeqI)
                  2001bd40    0000007c     simplelink.a : fs.obj (.text:sl_FsGetInfo)
                  2001bdbc    0000007a     rtsv7M4_T_le_eabi.lib : fs_mul_t2.obj (.text)
                  2001be36    0000007a                           : memset_t2.obj (.text)
                  2001beb0    0000007a                           : xfdnorm.obj (.text)
                  2001bf2a    00000002     --HOLE-- [fill = 0]
                  2001bf2c    00000078     i2c_if.obj (.text:I2CTransact)
                  2001bfa4    00000078     parse_uploads.obj (.text:InitialiseParse)
                  2001c01c    00000078     simplelink.a : socket.obj (.text:_sl_HandleAsync_Connect)
                  2001c094    00000078                  : fs.obj (.text:sl_FsOpen)
                  2001c10c    00000078                  : cc_pal.obj (.text:spi_Close)
                  2001c184    00000076     driverlib.a : uart.obj (.text:UARTConfigSetExpClk)
                  2001c1fa    00000002     --HOLE-- [fill = 0]
                  2001c1fc    00000074     appFns_LightSensor.obj (.text:PowerDown_LightSensor)
                  2001c270    00000074     middleware.a : rtc_hal.obj (.text:rtc_value_rd)
                  2001c2e4    00000074     simplelink.a : socket.obj (.text:sl_Recv)
                  2001c358    00000073     installation.obj (.text:getInstallationCallback)
                  2001c3cb    00000001     --HOLE-- [fill = 0]
                  2001c3cc    00000072     timer_if.obj (.text:Timer_IF_IntSetup)
                  2001c43e    00000002     --HOLE-- [fill = 0]
                  2001c440    00000070     batteryVoltLvlSens_adc081c021.obj (.text:Get_BatteryVoltageLevel_ADC081C021)
                  2001c4b0    00000070     timer_fns.obj (.text:get_timeDuration)
                  2001c520    0000006c     camera_app.obj (.text:CamControllerInit)
                  2001c58c    0000006c     network_relater_fns.obj (.text:ConfigureMode)
                  2001c5f8    0000006c     lightSens_isl29035.obj (.text:PowerDown_ISL29035)
                  2001c664    0000006c     udma_if.obj (.text:UDMAInit)
                  2001c6d0    0000006c     watchdog.obj (.text:WatchdogIntHandler)
                  2001c73c    0000006c     simplelink.a : driver.obj (.text:_SlDrvCmdSend)
                  2001c7a8    0000006c     matrix.obj (.text:f3x3matrixAeqMinusA)
                  2001c814    0000006c     request.obj (.text:parseSendRequestInternal)
                  2001c880    0000006c     rtsv7M4_T_le_eabi.lib : autoinit.obj (.text)
                  2001c8ec    0000006c                           : fprintf.obj (.text)
                  2001c958    0000006c                           : fs_toll_t2.obj (.text)
                  2001c9c4    0000006a     matrix.obj (.text:f3x3matrixAeqAxScalar)
                  2001ca2e    0000006a     rtsv7M4_T_le_eabi.lib : copy_decompress_rle.obj (.text)
                  2001ca98    00000069     http.obj (.text:beginHttpGetRequest)
                  2001cb01    00000003     --HOLE-- [fill = 0]
                  2001cb04    00000068     driverlib.a : prcm.obj (.text:PRCMHibernateWakeUpGPIOSelect)
                  2001cb6c    00000068     mt9d111.obj (.text:RestartSensorInJpegMode)
                  2001cbd4    00000068     mt9d111.obj (.text:StartSensorInJpegMode)
                  2001cc3c    00000068     simplelink.a : netapp.obj (.text:_sl_NetAppSendTokenValue)
                  2001cca4    00000068     cc3200_utils.obj (.text:fetchDeviceOSVersion)
                  2001cd0c    00000068     rtsv7M4_T_le_eabi.lib : trgmsg.obj (.text)
                  2001cd74    00000068     simplelink.a : device.obj (.text:sl_DevSet)
                  2001cddc    00000068                  : netcfg.obj (.text:sl_NetCfgSet)
                  2001ce44    00000068                  : socket.obj (.text:sl_SetSockOpt)
                  2001ceac    00000068                  : wlan.obj (.text:sl_WlanSet)
                  2001cf14    00000066     matrix.obj (.text:f3x3matrixAeqScalar)
                  2001cf7a    00000066     rtsv7M4_T_le_eabi.lib : xdunscal.obj (.text)
                  2001cfe0    00000064     mt9d111.obj (.text:CCMRegs_Read)
                  2001d044    00000064     rtsv7M4_T_le_eabi.lib : fseek.obj (.text)
                  2001d0a8    00000064     cc3200_socket.obj (.text:socketWait)
                  2001d10c    00000064     tempRHSens_si7020.obj (.text:softResetTempRHSensor)
                  2001d170    00000064     driverlib.a : udma.obj (.text:uDMAChannelAttributeDisable)
                  2001d1d4    00000064                 : udma.obj (.text:uDMAChannelAttributeEnable)
                  2001d238    00000060     rtsv7M4_T_le_eabi.lib : fs_cmp_t2.obj (.text:__aeabi_cfcmple)
                  2001d298    00000060                           : fs_cmp_t2.obj (.text:__aeabi_cfrcmple)
                  2001d2f8    00000060     simplelink.a : socket.obj (.text:_sl_HandleAsync_Accept)
                  2001d358    00000060     main_FXOS8700.obj (.text:fxosDefault_Initializations)
                  2001d3b8    00000060     lightSens_isl29035.obj (.text:getLightsensor_intrptStatus)
                  2001d418    00000060     accelomtrMagntomtr_fxos8700.obj (.text:getMagntData)
                  2001d478    00000060     rtsv7M4_T_le_eabi.lib : sprintf.obj (.text)
                  2001d4d8    00000060     simplelink.a : wlan.obj (.text:sl_WlanPolicySet)
                  2001d538    00000060     accelomtrMagntomtr_fxos8700.obj (.text:standby_accelMagn_fxos8700)
                  2001d598    0000005c     ota.obj (.text:OTA_Init)
                  2001d5f4    0000005c     mt9d111.obj (.text:PCLK_Rate_read)
                  2001d650    0000005c     simplelink.a : socket.obj (.text:sl_Socket)
                  2001d6ac    00000058     driverlib.a : interrupt.obj (.text:IntPendClear)
                  2001d704    00000058                 : prcm.obj (.text:PRCMPeripheralReset)
                  2001d75c    00000056     rtsv7M4_T_le_eabi.lib : ltoa.obj (.text)
                  2001d7b2    00000056                           : xfdunsca.obj (.text)
                  2001d808    00000054     driverlib.a : interrupt.obj (.text:IntPrioritySet)
                  2001d85c    00000054     simplelink.a : socket.obj (.text:_sl_HandleAsync_Select)
                  2001d8b0    00000054     approximations.obj (.text:fasin_deg)
                  2001d904    00000054     request.obj (.text:headerSend)
                  2001d958    00000054     simplelink.a : wlan.obj (.text:sl_WlanRxFilterSet)
                  2001d9ac    00000051     installation.obj (.text:createInstallationCallback)
                  2001d9fd    00000003     --HOLE-- [fill = 0]
                  2001da00    00000050     i2c_if.obj (.text:I2C_IF_Open)
                  2001da50    00000050     camera_app.obj (.text:ImagCapture_Init)
                  2001daa0    00000050     driverlib.a : prcm.obj (.text:PRCMSlowClkCtrGet)
                  2001daf0    00000050     simplelink.a : device.obj (.text:_sl_HandleAsync_Stop)
                  2001db40    00000050     mt9d111.obj (.text:disableAE)
                  2001db90    00000050     mt9d111.obj (.text:disableAWB)
                  2001dbe0    00000050     rtsv7M4_T_le_eabi.lib : fs_toull_t2.obj (.text)
                  2001dc30    00000050     simplelink.a : fs.obj (.text:sl_FsDel)
                  2001dc80    00000050     timer_fns.obj (.text:start_100mSecTimer)
                  2001dcd0    0000004c     tasks.obj (.text:RdSensData_Init)
                  2001dd1c    0000004c     driverlib.a : spi.obj (.text:SPIIntEnable)
                  2001dd68    0000004c     simplelink.a : driver.obj (.text:_SlDrvProtectAsyncRespSetting)
                  2001ddb4    0000004c                  : driver.obj (.text:_SlDrvRxIrqHandler)
                  2001de00    0000004c                  : socket.obj (.text:_sl_BuildAddress)
                  2001de4c    0000004c     rtsv7M4_T_le_eabi.lib : atoi.obj (.text)
                  2001de98    0000004c                           : atol.obj (.text)
                  2001dee4    0000004c                           : cpy_tbl.obj (.text)
                  2001df30    0000004c                           : rand.obj (.text)
                  2001df7c    0000004c     driverlib.a : udma.obj (.text:uDMAChannelAssign)
                  2001dfc8    0000004c     middleware.a : util64.obj (.text:util_u32_nsec_add)
                  2001e014    0000004a     rtsv7M4_T_le_eabi.lib : fd_tos_t2.obj (.text)
                  2001e05e    00000002     --HOLE-- [fill = 0]
                  2001e060    00000048     driverlib.a : prcm.obj (.text:PRCMHibernateWakeupSourceDisable)
                  2001e0a8    00000048                 : prcm.obj (.text:PRCMHibernateWakeupSourceEnable)
                  2001e0f0    00000048                 : spi.obj (.text:SPIIntClear)
                  2001e138    00000048     mt9d111.obj (.text:Variable_Read)
                  2001e180    00000048     simplelink.a : driver.obj (.text:_SlDrvBasicCmd)
                  2001e1c8    00000048     http.obj (.text:addHttpRequestLine)
                  2001e210    00000048     approximations.obj (.text:fatan_15deg)
                  2001e258    00000048     rtsv7M4_T_le_eabi.lib : fd_toi_t2.obj (.text)
                  2001e2a0    00000046                           : ldexp.obj (.text)
                  2001e2e6    00000002     --HOLE-- [fill = 0]
                  2001e2e8    00000044     driverlib.a : spi.obj (.text:SPIDmaMaskGet)
                  2001e32c    00000044                 : timer.obj (.text:TimerConfigure)
                  2001e370    00000044     udma_if.obj (.text:UDMASetupTransfer)
                  2001e3b4    00000044     simplelink.a : cc_pal.obj (.text:cc_SetupTransfer)
                  2001e3f8    00000044     main_FXOS8700.obj (.text:fxos_Calibration)
                  2001e43c    00000044     rtsv7M4_T_le_eabi.lib : exit.obj (.text)
                  2001e480    00000044                           : fd_tou_t2.obj (.text)
                  2001e4c4    00000042     simplelink.a : socket.obj (.text:sl_Htonl)
                  2001e506    00000002     --HOLE-- [fill = 0]
                  2001e508    00000040     driverlib.a : pin.obj (.text:PinModeSet)
                  2001e548    00000040     wdt_if.obj (.text:WDT_IF_Init)
                  2001e588    00000040     http.obj (.text:getHttpResponseBody)
                  2001e5c8    00000040     rtsv7M4_T_le_eabi.lib : signal.obj (.text)
                  2001e608    00000040     timer_fns.obj (.text:start_1Sec_TimeoutTimer)
                  2001e648    0000003e     appFns_LightSensor.obj (.text:IsLightOff)
                  2001e686    0000003e     rtsv7M4_T_le_eabi.lib : strncasecmp.obj (.text)
                  2001e6c4    0000003c     simplelink.a : netapp.obj (.text:CopyPingResultsToReport)
                  2001e700    0000003c     tasks.obj (.text:Fusion_Init)
                  2001e73c    0000003c     driverlib.a : prcm.obj (.text:PRCMPeripheralClkEnable)
                  2001e778    0000003c                 : prcm.obj (.text:PRCMSlowClkCtrFastGet)
                  2001e7b4    0000003c     watchdog.obj (.text:WDT_init)
                  2001e7f0    0000003c     simplelink.a : socket.obj (.text:_sl_TruncatePayloadByProtocol)
                  2001e82c    0000003c     rtsv7M4_T_le_eabi.lib : boot.obj (.text)
                  2001e868    0000003c     simplelink.a : socket.obj (.text:sl_Htons)
                  2001e8a4    0000003c     driverlib.a : udma.obj (.text:uDMAChannelControlSet)
                  2001e8e0    0000003a                 : camera.obj (.text:CameraCaptureStop)
                  2001e91a    0000003a                 : camera.obj (.text:CameraXClkConfig)
                  2001e954    0000003a     orientation.obj (.text:fLPFScalar)
                  2001e98e    0000003a     request.obj (.text:parseSendRequest)
                  2001e9c8    00000039     http.obj (.text:addHttpRequestHeader)
                  2001ea01    00000003     --HOLE-- [fill = 0]
                  2001ea04    00000038     simplelink.a : cc_pal.obj (.text:NwpPowerOff)
                  2001ea3c    00000038     free_rtos.a : heap_3.obj (.text)
                  2001ea74    00000038     rtsv7M4_T_le_eabi.lib : fs_tod_t2.obj (.text)
                  2001eaac    00000038                           : fs_toi_t2.obj (.text)
                  2001eae4    00000038                           : i_tofs_t2.obj (.text)
                  2001eb1c    00000036     driverlib.a : gpio.obj (.text:GPIODirModeSet)
                  2001eb52    00000036     simplelink.a : netapp.obj (.text:sl_NetAppMDNSUnRegisterService)
                  2001eb88    00000035     http.obj (.text:beginHttpRequest)
                  2001ebbd    00000001     --HOLE-- [fill = 0]
                  2001ebbe    00000034     driverlib.a : camera.obj (.text:CameraParamsConfig)
                  2001ebf2    00000002     --HOLE-- [fill = 0]
                  2001ebf4    00000034                 : prcm.obj (.text:PRCMPeripheralStatusGet)
                  2001ec28    00000034                 : spi.obj (.text:SPIFIFOLevelSet)
                  2001ec5c    00000034     http.obj (.text:getHttpResponseStatus)
                  2001ec90    00000034     main_FXOS8700.obj (.text:get_angle)
                  2001ecc4    00000034     rtsv7M4_T_le_eabi.lib : feraiseexcept.obj (.text)
                  2001ecf8    00000034                           : fs_tou_t2.obj (.text)
                  2001ed2c    00000034                           : strstr.obj (.text)
                  2001ed60    00000033     ota.obj (.text:OTA_Update)
                  2001ed93    00000001     --HOLE-- [fill = 0]
                  2001ed94    00000032     timer_if.obj (.text:Timer_IF_Init)
                  2001edc6    00000002     --HOLE-- [fill = 0]
                  2001edc8    00000030     main.obj (.text:BoardInit)
                  2001edf8    00000030     driverlib.a : pin.obj (.text:PinTypeGPIO)
                  2001ee28    00000030                 : uart.obj (.text:UARTDisable)
                  2001ee58    00000030     simplelink.a : device.obj (.text:_SlDrvDeviceEventHandler)
                  2001ee88    00000030                  : fs.obj (.text:_sl_Strlen)
                  2001eeb8    00000030     middleware.a : rtc_hal.obj (.text:hw_access_time_addup)
                  2001eee8    00000030     rtsv7M4_T_le_eabi.lib : strncpy.obj (.text)
                  2001ef18    00000030                           : xferaise.obj (.text)
                  2001ef48    00000030     simplelink.a : socket.obj (.text:sl_Close)
                  2001ef78    00000030                  : wlan.obj (.text:sl_WlanProfileDel)
                  2001efa8    00000030                  : wlan.obj (.text:sl_WlanSetMode)
                  2001efd8    0000002e     rtsv7M4_T_le_eabi.lib : i_tofd_t2.obj (.text)
                  2001f006    0000002e                           : raise.obj (.text)
                  2001f034    0000002d     http.obj (.text:addHttpRequestHeaderInt)
                  2001f061    00000003     --HOLE-- [fill = 0]
                  2001f064    0000002c     tasks.obj (.text:ApplyMagHAL)
                  2001f090    0000002c     driverlib.a : camera.obj (.text:CameraIntEnable)
                  2001f0bc    0000002c     simplelink.a : cc_pal.obj (.text:DmaSpiSwIntHandler)
                  2001f0e8    0000002c     driverlib.a : i2c.obj (.text:I2CMasterErr)
                  2001f114    0000002c     timer_fns.obj (.text:IntHandler_1Sec_TimeoutTimer)
                  2001f140    0000002c     driverlib.a : prcm.obj (.text:PRCMSysResetCauseGet)
                  2001f16c    0000002c     mt9d111.obj (.text:SoftReset_ImageSensor)
                  2001f198    0000002c     cc3200_utils.obj (.text:getDeviceTimeDate)
                  2001f1c4    0000002c     request.obj (.text:setDataBufferPointer)
                  2001f1f0    0000002c     timer_fns.obj (.text:stop_100mSecTimer)
                  2001f21c    0000002a     driverlib.a : timer.obj (.text:TimerLoadSet)
                  2001f246    0000002a                 : timer.obj (.text:TimerPrescaleSet)
                  2001f270    0000002a     rtsv7M4_T_le_eabi.lib : xdclass.obj (.text)
                  2001f29a    0000002a     middleware.a : util64.obj (.text:util_u64_time_add)
                  2001f2c4    00000028     driverlib.a : camera.obj (.text:CameraIntStatus)
                  2001f2ec    00000028     uartA1_if.obj (.text:InitTerm)
                  2001f314    00000028     driverlib.a : prcm.obj (.text:IsRTCUsed)
                  2001f33c    00000028     uartA1_if.obj (.text:Message)
                  2001f364    00000028     driverlib.a : prcm.obj (.text:PRCMPeripheralClkDisable)
                  2001f38c    00000028     rtsv7M4_T_le_eabi.lib : strncat.obj (.text)
                  2001f3b4    00000028     simplelink.a : netapp.obj (.text:sl_NetAppStart)
                  2001f3dc    00000028                  : netapp.obj (.text:sl_NetAppStop)
                  2001f404    00000026     driverlib.a : camera.obj (.text:CameraThresholdSet)
                  2001f42a    00000026     simplelink.a : cc_pal.obj (.text:NwpRegisterInterruptHandler)
                  2001f450    00000026     rtsv7M4_T_le_eabi.lib : strncmp.obj (.text)
                  2001f476    00000002     --HOLE-- [fill = 0]
                  2001f478    00000024     driverlib.a : camera.obj (.text:CameraIntClear)
                  2001f49c    00000024     timer_fns.obj (.text:IntHandler_100mSecTimer)
                  2001f4c0    00000024     driverlib.a : interrupt.obj (.text:IntUnregister)
                  2001f4e4    00000024                 : prcm.obj (.text:RTCU16MSecRegRead)
                  2001f508    00000024     timer_if.obj (.text:Timer_IF_Start)
                  2001f52c    00000024     driverlib.a : uart.obj (.text:UARTEnable)
                  2001f550    00000024     mt9d111.obj (.text:WriteAllAEnAWBRegs)
                  2001f574    00000024     simplelink.a : driver.obj (.text:_SlDrvProtectionObjLockWaitForever)
                  2001f598    00000024     main_FXOS8700.obj (.text:magnetometer_initialize)
                  2001f5bc    00000024     rtsv7M4_T_le_eabi.lib : u_tofs_t2.obj (.text)
                  2001f5e0    00000022     driverlib.a : camera.obj (.text:CameraCaptureStart)
                  2001f602    00000022                 : i2c.obj (.text:I2CMasterSlaveAddrSet)
                  2001f624    00000022     simplelink.a : socket.obj (.text:SL_FD_SET)
                  2001f646    00000022     driverlib.a : spi.obj (.text:SPIReset)
                  2001f668    00000022                 : spi.obj (.text:SPIWordCountSet)
                  2001f68a    00000022     rtsv7M4_T_le_eabi.lib : frexp.obj (.text)
                  2001f6ac    00000022                           : memcmp.obj (.text)
                  2001f6ce    00000020     driverlib.a : gpio.obj (.text:GPIOPinWrite)
                  2001f6ee    00000002     --HOLE-- [fill = 0]
                  2001f6f0    00000020                 : interrupt.obj (.text:IntRegister)
                  2001f710    00000020     simplelink.a : cc_pal.obj (.text:NwpPowerOn)
                  2001f730    00000020     mt9d111.obj (.text:Refresh_mt9d111Firmware)
                  2001f750    00000020     simplelink.a : driver.obj (.text:_SlDrvProtectionObjUnLock)
                  2001f770    00000020     rtsv7M4_T_le_eabi.lib : memchr.obj (.text)
                  2001f790    00000020                           : u_tofd_t2.obj (.text)
                  2001f7b0    0000001e     driverlib.a : i2c.obj (.text:I2CMasterIntStatusEx)
                  2001f7ce    0000001e                 : timer.obj (.text:TimerDisable)
                  2001f7ec    0000001e                 : timer.obj (.text:TimerEnable)
                  2001f80a    0000001e                 : timer.obj (.text:TimerIntStatus)
                  2001f828    0000001e                 : uart.obj (.text:UARTCharPut)
                  2001f846    0000001e     simplelink.a : cc_pal.obj (.text:cc_UDMAChannelSelect)
                  2001f864    0000001e     rtsv7M4_T_le_eabi.lib : strcat.obj (.text)
                  2001f882    00000002     --HOLE-- [fill = 0]
                  2001f884    0000001c     tasks.obj (.text:ApplyAccelHAL)
                  2001f8a0    0000001c     mt9d111.obj (.text:CameraSensorInit)
                  2001f8bc    0000001c     udma_if.obj (.text:DmaSwIntHandler)
                  2001f8d8    0000001c     driverlib.a : pin.obj (.text:PinTypeI2C)
                  2001f8f4    0000001c                 : timer.obj (.text:TimerValueGet)
                  2001f910    0000001c     simplelink.a : driver.obj (.text:_SlDrvObjLockWaitForever)
                  2001f92c    0000001c                  : driver.obj (.text:_SlDrvSyncObjWaitForever)
                  2001f948    0000001c     rtsv7M4_T_le_eabi.lib : memccpy.obj (.text)
                  2001f964    0000001c     timer_fns.obj (.text:stop_1Sec_TimeoutTimer)
                  2001f980    0000001c     driverlib.a : udma.obj (.text:uDMAChannelDisable)
                  2001f99c    0000001c                 : udma.obj (.text:uDMAChannelEnable)
                  2001f9b8    0000001c     main.obj (.text:vApplicationMallocFailedHook)
                  2001f9d4    0000001a     driverlib.a : pin.obj (.text:PinTypeCamera)
                  2001f9ee    0000001a                 : pin.obj (.text:PinTypeUART)
                  2001fa08    0000001a                 : spi.obj (.text:SPIDmaDisable)
                  2001fa22    0000001a                 : spi.obj (.text:SPIDmaEnable)
                  2001fa3c    0000001a                 : spi.obj (.text:SPIFIFODisable)
                  2001fa56    0000001a                 : spi.obj (.text:SPIFIFOEnable)
                  2001fa70    00000018                 : camera.obj (.text:CameraReset)
                  2001fa88    00000018     startup_ccs.obj (.text:FaultISR)
                  2001faa0    00000018     driverlib.a : gpio.obj (.text:GPIOPinRead)
                  2001fab8    00000018                 : prcm.obj (.text:PRCMHibernateEnter)
                  2001fad0    00000018                 : spi.obj (.text:SPICSDisable)
                  2001fae8    00000018                 : spi.obj (.text:SPICSEnable)
                  2001fb00    00000018                 : spi.obj (.text:SPIDisable)
                  2001fb18    00000018                 : spi.obj (.text:SPIEnable)
                  2001fb30    00000018                 : timer.obj (.text:TimerIntEnable)
                  2001fb48    00000018     timer_if.obj (.text:Timer_IF_InterruptClear)
                  2001fb60    00000018     driverlib.a : wdt.obj (.text:WatchdogStallEnable)
                  2001fb78    00000018                 : wdt.obj (.text:WatchdogUnlock)
                  2001fb90    00000018     simplelink.a : driver.obj (.text:_SlDrvObjUnLock)
                  2001fba8    00000018                  : driver.obj (.text:_SlDrvSyncObjSignal)
                  2001fbc0    00000018                  : device.obj (.text:_sl_GetStartResponseConvert)
                  2001fbd8    00000018     middleware.a : rtc_hal.obj (.text:get_value)
                  2001fbf0    00000018     rtsv7M4_T_le_eabi.lib : args_main.obj (.text)
                  2001fc08    00000018                           : strcmp.obj (.text)
                  2001fc20    00000016     driverlib.a : camera.obj (.text:CameraDMAEnable)
                  2001fc36    00000016                 : camera.obj (.text:CameraIntRegister)
                  2001fc4c    00000016                 : i2c.obj (.text:I2CMasterDataPut)
                  2001fc62    00000016                 : i2c.obj (.text:I2CMasterEnable)
                  2001fc78    00000016                 : prcm.obj (.text:PRCMHIBRegRead)
                  2001fc8e    00000016                 : prcm.obj (.text:PRCMHIBRegWrite)
                  2001fca4    00000016                 : wdt.obj (.text:WatchdogEnable)
                  2001fcba    00000016     simplelink.a : driver.obj (.text:_SlDrvMemZero)
                  2001fcd0    00000016     rtsv7M4_T_le_eabi.lib : strchr.obj (.text)
                  2001fce6    00000014     driverlib.a : cpu.obj (.text:CPUcpsie)
                  2001fcfa    00000002     --HOLE-- [fill = 0]
                  2001fcfc    00000014                 : interrupt.obj (.text:IntVTableBaseSet)
                  2001fd10    00000014     app_common.obj (.text:LED_Off)
                  2001fd24    00000014     app_common.obj (.text:LED_On)
                  2001fd38    00000014     rtsv7M4_T_le_eabi.lib : _lock.obj (.text)
                  2001fd4c    00000014                           : strcpy.obj (.text)
                  2001fd60    00000014                           : strlen.obj (.text)
                  2001fd74    00000014     driverlib.a : udma.obj (.text:uDMAControlBaseSet)
                  2001fd88    00000014                 : udma.obj (.text:uDMAIntClear)
                  2001fd9c    00000012                 : i2c.obj (.text:I2CMasterControl)
                  2001fdae    00000012                 : i2c.obj (.text:I2CMasterIntClearEx)
                  2001fdc0    00000012                 : i2c.obj (.text:I2CMasterTimeoutSet)
                  2001fdd2    00000012                 : timer.obj (.text:TimerIntClear)
                  2001fde4    00000012                 : wdt.obj (.text:WatchdogReloadSet)
                  2001fdf6    00000002     --HOLE-- [fill = 0]
                  2001fdf8    00000010                 : prcm.obj (.text:PRCMSOCReset)
                  2001fe08    00000010                 : prcm.obj (.text:RTCU32SecRegRead)
                  2001fe18    00000010     simplelink.a : socket.obj (.text:SL_FD_ZERO)
                  2001fe28    00000010     timer_if.obj (.text:Timer_IF_Stop)
                  2001fe38    00000010     driverlib.a : wdt.obj (.text:WatchdogIntClear)
                  2001fe48    00000010     cc3200_socket.obj (.text:socketClose)
                  2001fe58    0000000e     driverlib.a : i2c.obj (.text:I2CMasterDataGet)
                  2001fe66    0000000e     simplelink.a : driver.obj (.text:_SlDrvResetCmdExt)
                  2001fe74    0000000e     rtsv7M4_T_le_eabi.lib : copy_decompress_none.obj (.text:decompress:none)
                  2001fe82    0000000c     udma_if.obj (.text:DmaErrorIntHandler)
                  2001fe8e    00000002     --HOLE-- [fill = 0]
                  2001fe90    0000000c     simplelink.a : cc_pal.obj (.text:NwpMaskInterrupt)
                  2001fe9c    0000000c                  : cc_pal.obj (.text:NwpUnMaskInterrupt)
                  2001fea8    0000000c     middleware.a : rtc_hal.obj (.text:cc_rtc_get)
                  2001feb4    0000000c     rtsv7M4_T_le_eabi.lib : copy_zero_init.obj (.text:decompress:ZI)
                  2001fec0    0000000c     parse_impl.obj (.text:getInternalClient)
                  2001fecc    0000000c     simplelink.a : wlan.obj (.text:sl_WlanDisconnect)
                  2001fed8    0000000c     driverlib.a : udma.obj (.text:uDMAEnable)
                  2001fee4    0000000c                 : udma.obj (.text:uDMAIntStatus)
                  2001fef0    0000000a                 : interrupt.obj (.text:IntMasterEnable)
                  2001fefa    0000000a     main.obj (.text:vApplicationStackOverflowHook)
                  2001ff04    00000008     hibernate_related_fns.obj (.text:sensorsTriggerSetup)
                  2001ff0c    00000006     i2cconfig.obj (.text:MT9D111Delay)
                  2001ff12    00000006     startup_ccs.obj (.text:ResetISR)
                  2001ff18    00000006     driverlib.a : utils.obj (.text:UtilsDelay)
                  2001ff1e    00000006     rtsv7M4_T_le_eabi.lib : copy_decompress_rle.obj (.text:decompress:rle24)
                  2001ff24    00000006                           : logf.obj (.text)
                  2001ff2a    00000006                           : sinf.obj (.text)
                  2001ff30    00000004                           : error.obj (.text)
                  2001ff34    00000004                           : pre_init.obj (.text)

.const     0    2001ff38    00001195     
                  2001ff38    00000160     mt9d111.obj (.const:capture_cmds_list)
                  20020098    0000013c     mt9d111.obj (.const:init_cmds_list)
                  200201d4    00000101     rtsv7M4_T_le_eabi.lib : ctype.obj (.const:.string:_ctypes_)
                  200202d5    00000003     --HOLE-- [fill = 0]
                  200202d8    00000100     driverlib.a : pin.obj (.const:g_ulPinToPadMap)
                  200203d8    00000100     mt9d111.obj (.const)
                  200204d8    000000f8     mt9d111.obj (.const:$P$T4$5)
                  200205d0    000000d4     driverlib.a : interrupt.obj (.const:g_pulRegs)
                  200206a4    000000b0     simplelink.a : wlan.obj (.const:$P$T0$1)
                  20020754    000000a8     driverlib.a : prcm.obj (.const:PRCM_PeriphRegsList)
                  200207fc    00000092     mt9d111.obj (.const:.string)
                  2002088e    00000085     lightSens_isl29035.obj (.const:.string)
                  20020913    00000001     --HOLE-- [fill = 0]
                  20020914    00000080     driverlib.a : interrupt.obj (.const)
                  20020994    0000007e     camera_app.obj (.const:.string)
                  20020a12    00000071     user_configure_fn.obj (.const:.string)
                  20020a83    00000001     --HOLE-- [fill = 0]
                  20020a84    00000068     appFns_BatteryLevelSense.obj (.const:V2CEntry$1)
                  20020aec    00000054     mt9d111.obj (.const:$P$T30$31)
                  20020b40    00000050     accelomtrMagntomtr_fxos8700.obj (.const:.string)
                  20020b90    0000004c     mt9d111.obj (.const:$P$T8$9)
                  20020bdc    0000004b     tempRHSens_si7020.obj (.const:.string)
                  20020c27    00000049     parse_uploads.obj (.const:.string)
                  20020c70    0000003c     i2c_app.obj (.const:.string)
                  20020cac    0000003c     simplelink.a : driver.obj (.const:OpcodeTranslateTable)
                  20020ce8    0000003c                  : wlan.obj (.const)
                  20020d24    00000038                  : driver.obj (.const:_SlActionLookupTable)
                  20020d5c    00000038     rtsv7M4_T_le_eabi.lib : xflog.obj (.const)
                  20020d94    00000038     simplelink.a : fs.obj (.const)
                  20020dcc    00000036     flash_files.obj (.const:.string)
                  20020e02    00000002     --HOLE-- [fill = 0]
                  20020e04    00000034     rtsv7M4_T_le_eabi.lib : xfatan.obj (.const)
                  20020e38    00000034     simplelink.a : driver.obj (.const)
                  20020e6c    00000034                  : socket.obj (.const)
                  20020ea0    0000002c     network_relater_fns.obj (.const:$P$T1$2)
                  20020ecc    00000028     rtsv7M4_T_le_eabi.lib : xfdint.obj (.const)
                  20020ef4    00000028                           : xfsin.obj (.const)
                  20020f1c    00000028     simplelink.a : netapp.obj (.const)
                  20020f44    00000027     network_relater_fns.obj (.const:.string)
                  20020f6b    00000001     --HOLE-- [fill = 0]
                  20020f6c    00000024     mt9d111.obj (.const:recapture_cmds_list)
                  20020f90    00000023     batteryVoltLvlSens_adc081c021.obj (.const:.string:$P$T0$1)
                  20020fb3    00000022     network_relater_fns.obj (.const:.string:$P$T0$1)
                  20020fd5    00000003     --HOLE-- [fill = 0]
                  20020fd8    0000001c     rtsv7M4_T_le_eabi.lib : tanf.obj (.const)
                  20020ff4    0000001c                           : xfexp.obj (.const)
                  20021010    00000018     driverlib.a : spi.obj (.const)
                  20021028    00000017     request.obj (.const:.string)
                  2002103f    00000016     appFns_LightSensor.obj (.const:.string)
                  20021055    00000014     network_relater_fns.obj (.const)
                  20021069    00000001     --HOLE-- [fill = 0]
                  2002106a    00000014     simplelink.a : device.obj (.const)
                  2002107e    00000010                  : socket.obj (.const:.string)
                  2002108e    0000000f     application_fn.obj (.const:.string)
                  2002109d    0000000f     sendGroundData.obj (.const:.string)
                  200210ac    0000000b     app_common.obj (.const:.string)
                  200210b7    00000008     simplelink.a : device.obj (.const:.string)
                  200210bf    00000001     --HOLE-- [fill = 0]
                  200210c0    00000008                  : netcfg.obj (.const)
                  200210c8    00000005     main.obj (.const:.string)

.cinit     0    200210d0    00000530     
                  200210d0    00000506     (.cinit..data.load) [load image, compression = rle]
                  200215d6    00000002     --HOLE-- [fill = 0]
                  200215d8    0000000c     (__TI_handler_table)
                  200215e4    00000004     --HOLE-- [fill = 0]
                  200215e8    00000008     (.cinit..bss.load) [load image, compression = zero_init]
                  200215f0    00000010     (__TI_cinit_table)

.init_array 
*          0    20004000    00000000     UNINITIALIZED

.bss       0    20022400    00017360     UNINITIALIZED
                  20022400    00014000     main.obj (.bss:g_image_buffer)
                  20036400    00000b58     tasks.obj (.bss:thisMagBuffer)
                  20036f58    000005a0     ota.a : OtaHttp.obj (.bss:recv_buf)
                  200374f8    0000044c           : OtaClient.obj (.bss:g_OtaCheckUpdateResponse)
                  20037944    00000418     user_configure_fn.obj (.bss:thisMagCal)
                  20037d5c    00000240     ota.obj (.bss:g_otaOptServerInfo)
                  20037f9c    00000058     tasks.obj (.bss:thisMag)
                  20037ff4    0000000c     (.common:g_SecParams)
                  20038000    00000400     udma_if.obj (.bss:gpCtlTbl)
                  20038400    000003d8     ota.a : OtaClient.obj (.bss:g_OtaFileMetadata)
                  200387d8    00000370     main.obj (.bss:g_NetEntries)
                  20038b48    00000200     ota.a : OtaHttp.obj (.bss:send_buf)
                  20038d48    00000178     simplelink.a : driver.obj (.bss:g_StatMem)
                  20038ec0    00000120     rtsv7M4_T_le_eabi.lib : trgmsg.obj (.bss:__CIOBUF_)
                  20038fe0    00000100     udma_if.obj (.bss:gfpAppCallbackHndl)
                  200390e0    000000c8     free_rtos.a : tasks.obj (.bss:pxReadyTasksLists)
                  200391a8    000000ac     tasks.obj (.bss:thisSV_6DOF_GB_BASIC)
                  20039254    000000a0     rtsv7M4_T_le_eabi.lib : defs.obj (.bss:__TI_tmpnams)
                  200392f4    00000074     ota.a : CdnClient.obj (.bss:g_CdnClient)
                  20039368    00000050     simplelink.a : cc_pal.obj (.bss:g_ucDinDout)
                  200393b8    00000050     free_rtos.a : queue.obj (.bss:xQueueRegistry)
                  20039408    0000004c     ota.a : OtaApp.obj (.bss:g_OtaApp)
                  20039454    0000004c           : OtaApp.obj (.bss:g_OtaApp_statistics)
                  200394a0    00000034     cc3200_client_state.obj (.bss:clientStateFileName)
                  200394d4    00000034     main.obj (.bss:g_cWlanSecurityKey)
                  20039508    00000034     tasks.obj (.bss:thisAccel)
                  2003953c    00000024     ota.a : OtaClient.obj (.bss:g_OtaClient)
                  20039560    00000024     main.obj (.bss:g_cWlanSSID)
                  20039584    00000024     main.obj (.bss:g_ucConnectionSSID)
                  200395a8    0000001c     rtsv7M4_T_le_eabi.lib : vla_alloc.obj (.bss)
                  200395c4    00000014     (.common:g_FlcSflashCb)
                  200395d8    00000014     (.common:g_flag_blockFull)
                  200395ec    00000014     (.common:xDelayedTaskList1)
                  20039600    00000014     (.common:xDelayedTaskList2)
                  20039614    00000014     (.common:xPendingReadyList)
                  20039628    00000014     (.common:xSuspendedTaskList)
                  2003963c    00000014     (.common:xTasksWaitingTermination)
                  20039650    00000010     (.common:ang_buf)
                  20039660    00000010     (.common:globals)
                  20039670    00000010     (.common:mqxglobals)
                  20039680    00000008     (.common:g_LogClient)
                  20039688    00000008     (.common:g_Struct_TimeStamp_MaxAngle)
                  20039690    00000008     (.common:g_Struct_TimeStamp_MinAngle)
                  20039698    00000008     (.common:g_TimeStamp_CamUp)
                  200396a0    00000008     (.common:g_TimeStamp_DoorClosed)
                  200396a8    00000008     (.common:g_TimeStamp_NWPUp)
                  200396b0    00000008     (.common:g_TimeStamp_PhotoSnap)
                  200396b8    00000008     (.common:g_TimeStamp_PhotoUploaded)
                  200396c0    00000008     (.common:g_TimeStamp_cc3200Up)
                  200396c8    00000008     (.common:g_TimeStamp_maxAngle)
                  200396d0    00000008     (.common:g_TimeStamp_minAngle)
                  200396d8    00000008     (.common:g_ucConnectionBSSID)
                  200396e0    00000008     (.common:parmbuf)
                  200396e8    00000008     (.common:sBootInfo)
                  200396f0    00000004     (.common:DMAMsgQ)
                  200396f4    00000004     (.common:Elapsed_100MilliSecs)
                  200396f8    00000004     (.common:Elapsed_1Secs)
                  200396fc    00000004     (.common:__Errorlog)
                  20039700    00000004     (.common:angle_avg)
                  20039704    00000004     (.common:dataBuffer)
                  20039708    00000004     (.common:g_block_lastFilled)
                  2003970c    00000004     (.common:g_cDummy)
                  20039710    00000004     (.common:g_cWlanSecurityType)
                  20039714    00000004     (.common:g_frame_size_in_bytes)
                  20039718    00000004     (.common:g_position_in_block)
                  2003971c    00000004     (.common:g_readHeader)
                  20039720    00000004     (.common:g_total_dma_intrpts)
                  20039724    00000004     (.common:g_ulAppStatus)
                  20039728    00000004     (.common:g_ulSimplelinkStatus)
                  2003972c    00000004     (.common:g_ulWatchdogCycles)
                  20039730    00000004     (.common:gdoor_40deg_angle)
                  20039734    00000004     (.common:gdoor_90deg_angle)
                  20039738    00000004     (.common:pvOtaApp)
                  2003973c    00000004     (.common:pxDelayedTaskList)
                  20039740    00000004     (.common:pxOverflowDelayedTaskList)
                  20039744    00000002     (.common:g_fMaxAngle)
                  20039746    00000002     (.common:g_fMinAngle)
                  20039748    00000001     (.common:RxIrqCnt)
                  20039749    00000001     (.common:avg_buffer_cnt)
                  2003974a    00000001     (.common:captureTimeout_Flag)
                  2003974b    00000001     (.common:checkForLight_Flag)
                  2003974c    00000001     (.common:g_I2CPeripheral_inUse_Flag)
                  2003974d    00000001     (.common:g_Task3_Notification)
                  2003974e    00000001     (.common:g_dma_txn_done)
                  2003974f    00000001     (.common:g_flag_DataBlockFilled)
                  20039750    00000001     (.common:g_flag_door_closing_45degree)
                  20039751    00000001     (.common:g_frame_end)
                  20039752    00000001     (.common:g_ucAngle40)
                  20039753    00000001     (.common:g_ucAngle90)
                  20039754    00000001     (.common:g_ucCalibration)
                  20039755    00000001     (.common:g_ucConfig)
                  20039756    00000001     (.common:g_ucExitButton)
                  20039757    00000001     (.common:g_ucFeedWatchdog)
                  20039758    00000001     (.common:g_ucMagCalb)
                  20039759    00000001     (.common:g_ucProfileAdded)
                  2003975a    00000001     (.common:g_ucPushButtonPressedTwice)
                  2003975b    00000001     (.common:g_ucReasonForFailure)
                  2003975c    00000001     (.common:iDone)
                  2003975d    00000001     (.common:isitfirsttime)
                  2003975e    00000001     (.common:print_count)
                  2003975f    00000001     (.common:valid_case)

.TI.noinit 
*          0    20022400    00000000     UNINITIALIZED

.sysmem    0    20039760    00005000     UNINITIALIZED
                  20039760    00000008     rtsv7M4_T_le_eabi.lib : memory.obj (.sysmem)
                  20039768    00004ff8     --HOLE--


LINKER GENERATED COPY TABLES

__TI_cinit_table @ 200215f0 records: 2, size/record: 8, table size: 16
	.data: load addr=200210d0, load size=00000506 bytes, run addr=20000000, run size=00000938 bytes, compression=rle
	.bss: load addr=200215e8, load size=00000008 bytes, run addr=20022400, run size=00017360 bytes, compression=zero_init


LINKER GENERATED HANDLER TABLE

__TI_handler_table @ 200215d8 records: 3, size/record: 4, table size: 12
	index: 0, handler: __TI_decompress_rle24
	index: 1, handler: __TI_decompress_none
	index: 2, handler: __TI_zero_init


GLOBAL SYMBOLS: SORTED ALPHABETICALLY BY Name 

address   name                                  
-------   ----                                  
2001aa31  Add_NumberField_ToJSONString          
2001f885  ApplyAccelHAL                         
2001f065  ApplyMagHAL                           
2001e43d  C$$EXIT                               
2001cd3b  C$$IO$$                               
2001cfe1  CCMRegs_Read                          
2001fce7  CPUcpsie                              
2001c521  CamControllerInit                     
2001f5e1  CameraCaptureStart                    
2001e8e1  CameraCaptureStop                     
2001fc21  CameraDMAEnable                       
2001f479  CameraIntClear                        
2001f091  CameraIntEnable                       
2001fc37  CameraIntRegister                     
2001f2c5  CameraIntStatus                       
2001ebbf  CameraParamsConfig                    
2001fa71  CameraReset                           
2001f8a1  CameraSensorInit                      
2001f405  CameraThresholdSet                    
2001e91b  CameraXClkConfig                      
2000f581  CaptureImage                          
2000d393  CdnClient_CloseServer                 
2000d3b1  CdnClient_ConnectByUrl                
2000d361  CdnClient_Init                        
2000d22b  CdnClient_Run                         
2000d221  CdnClient_SetFileInfo                 
20016af5  Check_I2CDevices                      
2001a7d1  Config_CameraCapture                  
2001c58d  ConfigureMode                         
2000e7c9  ConfigureSimpleLinkToDefaultState     
200124ad  ConstructDeviceStateObject            
2000ff5d  ConstructGroundDataObject             
2001e6c5  CopyPingResultsToReport               
200396f0  DMAMsgQ                               
2000063c  DigiCertHighAssuranceEVRootCA_der_len 
2001fe83  DmaErrorIntHandler                    
2001f0bd  DmaSpiSwIntHandler                    
2001f8bd  DmaSwIntHandler                       
200396f4  Elapsed_100MilliSecs                  
200396f8  Elapsed_1Secs                         
20019009  EnterStandby_mt9d111                  
20019261  ExitStandby_mt9d111                   
20014a01  FXOS8700_Init                         
20016179  FXOS8700_ReadData                     
2001e701  Fusion_Init                           
2001448d  Fusion_Run                            
2001eb1d  GPIODirModeSet                        
2001faa1  GPIOPinRead                           
2001f6cf  GPIOPinWrite                          
20018345  Get_BatteryPercent                    
2001c441  Get_BatteryVoltageLevel_ADC081C021    
200178dd  Get_FridgeCamID                       
2001474d  HIBernate                             
2000f009  HOSTclock                             
2000efd1  HOSTclose                             
2000ef93  HOSTgetenv                            
2000ef37  HOSTlseek                             
2000eee5  HOSTopen                              
2000ee99  HOSTread                              
2000ee3b  HOSTrename                            
2000ee01  HOSTtime                              
2000edc9  HOSTunlink                            
2000ed7d  HOSTwrite                             
20015315  I2CBufferRead                         
20015ccd  I2CBufferWrite                        
2001fd9d  I2CMasterControl                      
2001fe59  I2CMasterDataGet                      
2001fc4d  I2CMasterDataPut                      
2001fc63  I2CMasterEnable                       
2001f0e9  I2CMasterErr                          
2001b5c5  I2CMasterInitExpClk                   
2001fdaf  I2CMasterIntClearEx                   
2001f7b1  I2CMasterIntStatusEx                  
2001f603  I2CMasterSlaveAddrSet                 
2001fdc1  I2CMasterTimeoutSet                   
2001da01  I2C_IF_Open                           
200193e9  I2C_IF_Read                           
20019629  I2C_IF_Write                          
2001da51  ImagCapture_Init                      
200196e5  ImageSensor_CaptureConfigs_Task       
2001f2ed  InitTerm                              
2001bfa5  InitialiseParse                       
2001ae3d  InitializeUserConfigVariables         
2001a189  IntDisable                            
2001a231  IntEnable                             
2001f49d  IntHandler_100mSecTimer               
2001f115  IntHandler_1Sec_TimeoutTimer          
2001fef1  IntMasterEnable                       
2001d6ad  IntPendClear                          
2001d809  IntPrioritySet                        
2001f6f1  IntRegister                           
2001f4c1  IntUnregister                         
2001fcfd  IntVTableBaseSet                      
2001e649  IsLightOff                            
2001fd11  LED_Off                               
2001fd25  LED_On                                
2000dff3  LogClient_Close                       
2000e00b  LogClient_ConnectAndPrint             
2000dfbd  LogClient_ConnectServer               
2000dfa5  LogClient_Init                        
2000de61  LogClient_Print                       
2001ff0d  MT9D111Delay                          
2000e199  MagCal_Run                            
20018a45  Main_Task_withHibernate               
2001f33d  Message                               
2001ba59  NWP_SwitchOff                         
2001b859  NWP_SwitchOn                          
2001fe91  NwpMaskInterrupt                      
2001ea05  NwpPowerOff                           
2001f711  NwpPowerOn                            
2001b649  NwpPowerOnPreamble                    
2001f42b  NwpRegisterInterruptHandler           
2001fe9d  NwpUnMaskInterrupt                    
20014059  OTAServerInfoSet                      
2001ed61  OTA_Update                            
20020cac  OpcodeTranslateTable                  
2000be13  OtaClient_CloseServer                 
2000bddd  OtaClient_ConnectServer               
2000bdab  OtaClient_GetNextUpdate               
2000bd79  OtaClient_Init                        
2000bca3  OtaClient_ResourceMetadata            
2000badf  OtaClient_ResourceNameConvert         
2000ba31  OtaClient_UpdateCheck                 
2001d5f5  PCLK_Rate_read                        
20015a65  PRCMCC3200MCUInit                     
2001fc79  PRCMHIBRegRead                        
2001fc8f  PRCMHIBRegWrite                       
2001fab9  PRCMHibernateEnter                    
2001b215  PRCMHibernateIntervalSet              
2001cb05  PRCMHibernateWakeUpGPIOSelect         
2001e061  PRCMHibernateWakeupSourceDisable      
2001e0a9  PRCMHibernateWakeupSourceEnable       
2001f365  PRCMPeripheralClkDisable              
2001e73d  PRCMPeripheralClkEnable               
2001aac9  PRCMPeripheralClockGet                
2001d705  PRCMPeripheralReset                   
2001ebf5  PRCMPeripheralStatusGet               
2001bad5  PRCMRTCGet                            
2001fdf9  PRCMSOCReset                          
2001e779  PRCMSlowClkCtrFastGet                 
2001daa1  PRCMSlowClkCtrGet                     
2001f141  PRCMSysResetCauseGet                  
2001b29d  PinConfigSet                          
2001e509  PinModeSet                            
20017205  PinMuxConfig                          
2001f9d5  PinTypeCamera                         
2001edf9  PinTypeGPIO                           
2001f8d9  PinTypeI2C                            
2001f9ef  PinTypeUART                           
2001c5f9  PowerDown_ISL29035                    
2001c1fd  PowerDown_LightSensor                 
2001dcd1  RdSensData_Init                       
20011a41  RdSensData_Run                        
20019e2d  ReStart_CameraCapture                 
20018511  ReadFile_FromFlash                    
20015f29  Read_AllRegisters                     
2001f731  Refresh_mt9d111Firmware               
2001a0dd  Report                                
2001ff13  ResetISR                              
2001cb6d  RestartSensorInJpegMode               
20039748  RxIrqCnt                              
20020e48  RxMsgClassLUT                         
UNDEFED   SHT$$INIT_ARRAY$$Base                 
UNDEFED   SHT$$INIT_ARRAY$$Limit                
2001f625  SL_FD_SET                             
2001fe19  SL_FD_ZERO                            
2001fad1  SPICSDisable                          
2001fae9  SPICSEnable                           
2001a381  SPIConfigSetExpClk                    
2001fb01  SPIDisable                            
2001fa09  SPIDmaDisable                         
2001fa23  SPIDmaEnable                          
2001fb19  SPIEnable                             
2001fa3d  SPIFIFODisable                        
2001fa57  SPIFIFOEnable                         
2001ec29  SPIFIFOLevelSet                       
2001e0f1  SPIIntClear                           
2001dd1d  SPIIntEnable                          
2001f647  SPIReset                              
2001f669  SPIWordCountSet                       
20000860  SecurityParams                        
2001b6cd  SendGroundData                        
2000a7ed  SimpleLinkHttpServerCallback          
20013d79  SimpleLinkNetAppEventHandler          
200141c1  SimpleLinkSockEventHandler            
2000c9f5  SimpleLinkWlanEventHandler            
2001f16d  SoftReset_ImageSensor                 
2001bb51  Standby_ImageSensor                   
200210b7  StartResponseLUT                      
2001cbd5  StartSensorInJpegMode                 
200185f1  Start_CameraCapture                   
2001e32d  TimerConfigure                        
2001f7cf  TimerDisable                          
2001f7ed  TimerEnable                           
2001fdd3  TimerIntClear                         
2001fb31  TimerIntEnable                        
2001f80b  TimerIntStatus                        
2001f21d  TimerLoadSet                          
2001f247  TimerPrescaleSet                      
2001f8f5  TimerValueGet                         
2001ed95  Timer_IF_Init                         
2001c3cd  Timer_IF_IntSetup                     
2001fb49  Timer_IF_InterruptClear               
2001f509  Timer_IF_Start                        
2001fe29  Timer_IF_Stop                         
20000728  Token                                 
2001f829  UARTCharPut                           
2001c185  UARTConfigSetExpClk                   
2001ee29  UARTDisable                           
2001f52d  UARTEnable                            
2001c665  UDMAInit                              
2001e371  UDMASetupTransfer                     
200186d1  UploadGroundDataObjectToParse         
2001842d  UploadImageToParse                    
200187b1  UploadSensorDataToParse               
200122fd  UserConfigure_Task                    
2000fa7d  User_Configure                        
2001ff19  UtilsDelay                            
2000b451  VDeleteSimpleLinkSpawnTask            
2000b401  VStartSimpleLinkSpawnTask             
2000078c  Value                                 
2001e139  Variable_Read                         
[...]
2001d239  __aeabi_cfcmpeq                       
2001d239  __aeabi_cfcmple                       
2001d299  __aeabi_cfrcmple                      
2001d2f9  _sl_HandleAsync_Accept                
2001d359  fxosDefault_Initializations           
2001d3b9  getLightsensor_intrptStatus           
2001d419  getMagntData                          
2001d479  sprintf                               
2001d4d9  sl_WlanPolicySet                      
2001d539  standby_accelMagn_fxos8700            
2001d5f5  PCLK_Rate_read                        
2001d651  sl_Socket                             
2001d6ad  IntPendClear                          
2001d705  PRCMPeripheralReset                   
2001d75d  ltoa                                  
2001d7b3  _FDunscale                            
2001d809  IntPrioritySet                        
2001d85d  _sl_HandleAsync_Select                
2001d8b1  fasin_deg                             
2001d905  headerSend                            
2001d959  sl_WlanRxFilterSet                    
2001da01  I2C_IF_Open                           
2001da51  ImagCapture_Init                      
2001daa1  PRCMSlowClkCtrGet                     
2001daf1  _sl_HandleAsync_Stop                  
2001db41  disableAE                             
2001db91  disableAWB                            
2001dbe1  __aeabi_f2ulz                         
2001dc31  sl_FsDel                              
2001dc81  start_100mSecTimer                    
2001dcd1  RdSensData_Init                       
2001dd1d  SPIIntEnable                          
2001dd69  _SlDrvProtectAsyncRespSetting         
2001ddb5  _SlDrvRxIrqHandler                    
2001de01  _sl_BuildAddress                      
2001de4d  atoi                                  
2001de99  atol                                  
2001dee5  copy_in                               
2001df31  srand                                 
2001df47  rand                                  
2001df7d  uDMAChannelAssign                     
2001dfc9  util_u32_nsec_add                     
2001e015  __aeabi_d2f                           
2001e061  PRCMHibernateWakeupSourceDisable      
2001e0a9  PRCMHibernateWakeupSourceEnable       
2001e0f1  SPIIntClear                           
2001e139  Variable_Read                         
2001e181  _SlDrvBasicCmd                        
2001e1c9  addHttpRequestLine                    
2001e211  fatan_15deg                           
2001e259  __aeabi_d2iz                          
2001e2a1  ldexp                                 
2001e32d  TimerConfigure                        
2001e371  UDMASetupTransfer                     
2001e3f9  fxos_Calibration                      
2001e43d  C$$EXIT                               
2001e441  abort                                 
2001e449  exit                                  
2001e481  __aeabi_d2uiz                         
2001e4c5  sl_Htonl                              
2001e509  PinModeSet                            
2001e549  WDT_IF_Init                           
2001e589  getHttpResponseBody                   
2001e5c9  signal                                
2001e609  start_1Sec_TimeoutTimer               
2001e649  IsLightOff                            
2001e687  strncasecmp                           
2001e6c5  CopyPingResultsToReport               
2001e701  Fusion_Init                           
2001e73d  PRCMPeripheralClkEnable               
2001e779  PRCMSlowClkCtrFastGet                 
2001e7b5  WDT_init                              
2001e7f1  _sl_TruncatePayloadByProtocol         
2001e82d  _c_int00                              
2001e869  sl_Htons                              
2001e8a5  uDMAChannelControlSet                 
2001e8e1  CameraCaptureStop                     
2001e91b  CameraXClkConfig                      
2001e955  fLPFScalar                            
2001e98f  parseSendRequest                      
2001e9c9  addHttpRequestHeader                  
2001ea05  NwpPowerOff                           
2001ea3d  pvPortMalloc                          
2001ea5d  vPortFree                             
2001ea75  __aeabi_f2d                           
2001eaad  __aeabi_f2iz                          
2001eae5  __aeabi_i2f                           
2001eb1d  GPIODirModeSet                        
2001eb53  sl_NetAppMDNSUnRegisterService        
2001eb89  beginHttpRequest                      
2001ebbf  CameraParamsConfig                    
2001ebf5  PRCMPeripheralStatusGet               
2001ec29  SPIFIFOLevelSet                       
2001ec5d  getHttpResponseStatus                 
2001ec91  get_angle                             
2001ecc5  feraiseexcept                         
2001ecf9  __aeabi_f2uiz                         
2001ed2d  strstr                                
2001ed61  OTA_Update                            
2001ed95  Timer_IF_Init                         
2001edf9  PinTypeGPIO                           
2001ee29  UARTDisable                           
2001ee59  _SlDrvDeviceEventHandler              
2001ee89  _sl_Strlen                            
2001eee9  strncpy                               
2001ef19  _Feraise                              
2001ef49  sl_Close                              
2001ef79  sl_WlanProfileDel                     
2001efa9  sl_WlanSetMode                        
2001efd9  __aeabi_i2d                           
2001f007  raise                                 
2001f035  addHttpRequestHeaderInt               
2001f065  ApplyMagHAL                           
2001f091  CameraIntEnable                       
2001f0bd  DmaSpiSwIntHandler                    
2001f0e9  I2CMasterErr                          
2001f115  IntHandler_1Sec_TimeoutTimer          
2001f141  PRCMSysResetCauseGet                  
2001f16d  SoftReset_ImageSensor                 
2001f1c5  setDataBufferPointer                  
2001f1f1  stop_100mSecTimer                     
2001f21d  TimerLoadSet                          
2001f247  TimerPrescaleSet                      
2001f271  _Dclass                               
2001f29b  util_u64_time_add                     
2001f2c5  CameraIntStatus                       
2001f2ed  InitTerm                              
2001f33d  Message                               
2001f365  PRCMPeripheralClkDisable              
2001f38d  strncat                               
2001f3b5  sl_NetAppStart                        
2001f3dd  sl_NetAppStop                         
2001f405  CameraThresholdSet                    
2001f42b  NwpRegisterInterruptHandler           
2001f451  strncmp                               
2001f479  CameraIntClear                        
2001f49d  IntHandler_100mSecTimer               
2001f4c1  IntUnregister                         
2001f509  Timer_IF_Start                        
2001f52d  UARTEnable                            
2001f551  WriteAllAEnAWBRegs                    
2001f575  _SlDrvProtectionObjLockWaitForever    
2001f599  magnetometer_initialize               
2001f5bd  __aeabi_ui2f                          
2001f5e1  CameraCaptureStart                    
2001f603  I2CMasterSlaveAddrSet                 
2001f625  SL_FD_SET                             
2001f647  SPIReset                              
2001f669  SPIWordCountSet                       
2001f68b  frexp                                 
2001f6ad  memcmp                                
2001f6cf  GPIOPinWrite                          
2001f6f1  IntRegister                           
2001f711  NwpPowerOn                            
2001f731  Refresh_mt9d111Firmware               
2001f751  _SlDrvProtectionObjUnLock             
2001f771  memchr                                
2001f791  __aeabi_ui2d                          
2001f7b1  I2CMasterIntStatusEx                  
2001f7cf  TimerDisable                          
2001f7ed  TimerEnable                           
2001f80b  TimerIntStatus                        
2001f829  UARTCharPut                           
2001f865  strcat                                
2001f885  ApplyAccelHAL                         
2001f8a1  CameraSensorInit                      
2001f8bd  DmaSwIntHandler                       
2001f8d9  PinTypeI2C                            
2001f8f5  TimerValueGet                         
2001f911  _SlDrvObjLockWaitForever              
2001f92d  _SlDrvSyncObjWaitForever              
2001f949  memccpy                               
2001f965  stop_1Sec_TimeoutTimer                
2001f981  uDMAChannelDisable                    
2001f99d  uDMAChannelEnable                     
2001f9b9  vApplicationMallocFailedHook          
2001f9d5  PinTypeCamera                         
2001f9ef  PinTypeUART                           
2001fa09  SPIDmaDisable                         
2001fa23  SPIDmaEnable                          
2001fa3d  SPIFIFODisable                        
2001fa57  SPIFIFOEnable                         
2001fa71  CameraReset                           
2001faa1  GPIOPinRead                           
2001fab9  PRCMHibernateEnter                    
2001fad1  SPICSDisable                          
2001fae9  SPICSEnable                           
2001fb01  SPIDisable                            
2001fb19  SPIEnable                             
2001fb31  TimerIntEnable                        
2001fb49  Timer_IF_InterruptClear               
2001fb61  WatchdogStallEnable                   
2001fb79  WatchdogUnlock                        
2001fb91  _SlDrvObjUnLock                       
2001fba9  _SlDrvSyncObjSignal                   
2001fbc1  _sl_GetStartResponseConvert           
2001fbf1  _args_main                            
2001fc09  strcmp                                
2001fc21  CameraDMAEnable                       
2001fc37  CameraIntRegister                     
2001fc4d  I2CMasterDataPut                      
2001fc63  I2CMasterEnable                       
2001fc79  PRCMHIBRegRead                        
2001fc8f  PRCMHIBRegWrite                       
2001fca5  WatchdogEnable                        
2001fcbb  _SlDrvMemZero                         
2001fcd1  strchr                                
2001fce7  CPUcpsie                              
2001fcfd  IntVTableBaseSet                      
2001fd11  LED_Off                               
2001fd25  LED_On                                
2001fd39  _register_unlock                      
2001fd3f  _register_lock                        
2001fd47  _nop                                  
2001fd4d  strcpy                                
2001fd61  strlen                                
2001fd75  uDMAControlBaseSet                    
2001fd89  uDMAIntClear                          
2001fd9d  I2CMasterControl                      
2001fdaf  I2CMasterIntClearEx                   
2001fdc1  I2CMasterTimeoutSet                   
2001fdd3  TimerIntClear                         
2001fde5  WatchdogReloadSet                     
2001fdf9  PRCMSOCReset                          
2001fe19  SL_FD_ZERO                            
2001fe29  Timer_IF_Stop                         
2001fe39  WatchdogIntClear                      
2001fe49  socketClose                           
2001fe59  I2CMasterDataGet                      
2001fe67  _SlDrvResetCmdExt                     
2001fe75  __TI_decompress_none                  
2001fe83  DmaErrorIntHandler                    
2001fe91  NwpMaskInterrupt                      
2001fe9d  NwpUnMaskInterrupt                    
2001fea9  cc_rtc_get                            
2001feb5  __TI_zero_init                        
2001fec1  getInternalClient                     
2001fecd  sl_WlanDisconnect                     
2001fed9  uDMAEnable                            
2001fee5  uDMAIntStatus                         
2001fef1  IntMasterEnable                       
2001fefb  vApplicationStackOverflowHook         
2001ff05  sensorsTriggerSetup                   
2001ff0d  MT9D111Delay                          
2001ff13  ResetISR                              
2001ff19  UtilsDelay                            
2001ff1f  __TI_decompress_rle24                 
2001ff25  logf                                  
2001ff2b  sinf                                  
2001ff31  __abort_execution                     
2001ff35  _system_pre_init                      
200201d4  _ctypes_                              
20020cac  OpcodeTranslateTable                  
20020ce8  _SlPolicySetCmdCtrl                   
20020cec  _SlPolicyGetCmdCtrl                   
20020cf0  _SlProfileGetCmdCtrl                  
20020cf4  _SlProfileDelCmdCtrl                  
20020cf8  _SlWlanGetNetworkListCtrl             
20020cfc  _SlRxFilterAddtCmdCtrl                
20020d00  _SlRxFilterSetCmdCtrl                 
20020d04  _SlRxFilterGetCmdCtrl                 
20020d08  _SlSmartConfigStartCmdCtrl            
20020d0c  _SlWlanSetModeCmdCtrl                 
20020d10  _SlWlanCfgSetCmdCtrl                  
20020d14  _SlWlanCfgGetCmdCtrl                  
20020d24  _SlActionLookupTable                  
20020d94  _SlFsOpenCmdCtrl                      
20020d98  _SlFsCloseCmdCtrl                     
20020d9c  _SlFsReadCmdCtrl                      
20020da0  _SlFsWriteCmdCtrl                     
20020da4  _SlFsGetInfoCmdCtrl                   
20020da8  _SlFsDeleteCmdCtrl                    
20020e38  g_H2NSyncPattern                      
20020e40  g_H2NCnysPattern                      
20020e48  RxMsgClassLUT                         
20020e6c  _SlSockSocketCmdCtrl                  
20020e70  _SlSockCloseCmdCtrl                   
20020e74  _SlRecvfomCmdCtrl                     
20020e78  _SlSendCmdCtrl                        
20020e7c  _SlListenCmdCtrl                      
20020e80  _SlAcceptCmdCtrl                      
20020e84  _SlRecvCmdCtrl                        
20020e88  _SlSetSockOptCmdCtrl                  
20020e8c  _SlGetSockOptCmdCtrl                  
20020e90  _SlSelectCmdCtrl                      
20020f1c  _SlNetAppStartCtrl                    
20020f20  _SlNetAppStopCtrl                     
20020f24  _SlGetServiceListeCtrl                
20020f28  _SlRegisterServiceCtrl                
20020f2c  _SlGetHostByServiceCtrl               
20020f30  _SlGetHostByNameCtrl                  
20020f34  _SlNetAppSetCmdCtrl                   
20020f38  _SlNetAppSendTokenValueCmdCtrl        
20020f3c  _SlNetAppGetCmdCtrl                   
20021028  g_deviceClientVersion                 
2002106a  _SlStopCmdCtrl                        
2002106e  _SlEventMaskSetCmdCtrl                
20021072  _SlEventMaskGetCmdCtrl                
20021076  _SlDeviceGetCmdCtrl                   
2002107a  _SlDeviceSetCmdCtrl                   
2002107e  _SlPayloadByProtocolLUT               
200210ac  pcDigits                              
200210b7  StartResponseLUT                      
200210c0  _SlNetCfgSetCmdCtrl                   
200210c4  _SlNetCfgGetCmdCtrl                   
200210d0  __TI_static_base__                    
200215d8  __TI_Handler_Table_Base               
200215e4  __TI_Handler_Table_Limit              
200215f0  __TI_CINIT_Base                       
20021600  __TI_CINIT_Limit                      
20022400  g_image_buffer                        
20036400  thisMagBuffer                         
200374f8  g_OtaCheckUpdateResponse              
20037944  thisMagCal                            
20037f9c  thisMag                               
20037ff4  g_SecParams                           
20038000  gpCtlTbl                              
20038400  g_OtaFileMetadata                     
200387d8  g_NetEntries                          
20038d48  g_StatMem                             
20038ec0  __CIOBUF_                             
20038fe0  gfpAppCallbackHndl                    
200391a8  thisSV_6DOF_GB_BASIC                  
20039254  __TI_tmpnams                          
200392f4  g_CdnClient                           
20039368  g_ucDinDout                           
200393b8  xQueueRegistry                        
20039408  g_OtaApp                              
20039454  g_OtaApp_statistics                   
200394a0  clientStateFileName                   
200394d4  g_cWlanSecurityKey                    
20039508  thisAccel                             
2003953c  g_OtaClient                           
20039560  g_cWlanSSID                           
20039584  g_ucConnectionSSID                    
200395c4  g_FlcSflashCb                         
200395d8  g_flag_blockFull                      
20039650  ang_buf                               
20039660  globals                               
20039670  mqxglobals                            
20039680  g_LogClient                           
20039688  g_Struct_TimeStamp_MaxAngle           
20039690  g_Struct_TimeStamp_MinAngle           
20039698  g_TimeStamp_CamUp                     
200396a0  g_TimeStamp_DoorClosed                
200396a8  g_TimeStamp_NWPUp                     
200396b0  g_TimeStamp_PhotoSnap                 
200396b8  g_TimeStamp_PhotoUploaded             
200396c0  g_TimeStamp_cc3200Up                  
200396c8  g_TimeStamp_maxAngle                  
200396d0  g_TimeStamp_minAngle                  
200396d8  g_ucConnectionBSSID                   
200396f0  DMAMsgQ                               
200396f4  Elapsed_100MilliSecs                  
200396f8  Elapsed_1Secs                         
20039700  angle_avg                             
20039704  dataBuffer                            
20039708  g_block_lastFilled                    
2003970c  g_cDummy                              
20039710  g_cWlanSecurityType                   
20039714  g_frame_size_in_bytes                 
20039718  g_position_in_block                   
2003971c  g_readHeader                          
20039724  g_ulAppStatus                         
20039728  g_ulSimplelinkStatus                  
2003972c  g_ulWatchdogCycles                    
20039730  gdoor_40deg_angle                     
20039734  gdoor_90deg_angle                     
20039744  g_fMaxAngle                           
20039746  g_fMinAngle                           
20039748  RxIrqCnt                              
20039749  avg_buffer_cnt                        
2003974a  captureTimeout_Flag                   
2003974b  checkForLight_Flag                    
2003974c  g_I2CPeripheral_inUse_Flag            
2003974d  g_Task3_Notification                  
2003974f  g_flag_DataBlockFilled                
20039750  g_flag_door_closing_45degree          
20039751  g_frame_end                           
20039752  g_ucAngle40                           
20039753  g_ucAngle90                           
20039754  g_ucCalibration                       
20039755  g_ucConfig                            
20039756  g_ucExitButton                        
20039757  g_ucFeedWatchdog                      
20039758  g_ucMagCalb                           
20039759  g_ucProfileAdded                      
2003975a  g_ucPushButtonPressedTwice            
2003975b  g_ucReasonForFailure                  
2003975c  iDone                                 
2003975d  isitfirsttime                         
2003975e  print_count                           
2003975f  valid_case                            
20039760  _sys_memory                           
ffffffff  __binit__                             
ffffffff  __c_args__                            
ffffffff  binit                                 
UNDEFED   SHT$$INIT_ARRAY$$Base                 
UNDEFED   SHT$$INIT_ARRAY$$Limit                

[913 symbols]
