******************************************************************************
                  TI ARM Linker PC v5.1.6                      
******************************************************************************
>> Linked Mon Apr 13 15:37:17 2015

OUTPUT FILE NAME:   <ULP_SEC_CAM.out>
ENTRY POINT SYMBOL: "_c_int00"  address: 2001458d


MEMORY CONFIGURATION

         name            origin    length      used     unused   attr    fill
----------------------  --------  ---------  --------  --------  ----  --------
  SRAM_BOOTLDR          20000000   00004000  00002540  00001ac0  RW X
  SRAM_CODE             20004000   00014000  00012897  00001769  RW X
  SRAM_DATA             20018000   0001b000  000188e0  00002720  RW X


SEGMENT ALLOCATION MAP

run origin  load origin   length   init length attrs members
----------  ----------- ---------- ----------- ----- -------
20000000    20000000    00001540   00000000    rw-
  20000000    20000000    00001540   00000000    rw- .data
20003000    20003000    00001000   00000000    rw-
  20003000    20003000    00001000   00000000    rw- .stack
20004000    20004000    000128a0   000128a0    r-x
  20004000    20004000    00000400   00000400    r-- .intvecs
  20004400    20004400    00010de2   00010de2    r-x .text
  200151e8    200151e8    00000b05   00000b05    r-- .const
  20015cf0    20015cf0    00000bb0   00000bb0    r-- .cinit
20018000    20018000    000188e0   00000000    rw-
  20018000    20018000    000148e0   00000000    rw- .bss
  2002c8e0    2002c8e0    00004000   00000000    rw- .sysmem


SECTION ALLOCATION MAP

 output                                  attributes/
section   page    origin      length       input sections
--------  ----  ----------  ----------   ----------------
.init_array 
*          0    20004000    00000000     UNINITIALIZED

.data      0    20000000    00001540     UNINITIALIZED
                  20000000    00000600     camera_app.obj (.data:JPEG_StdHuffmanTbl)
                  20000600    00000400     camera_app.obj (.data:g_header)
                  20000a00    000003c9     libparse.a : cc3200_certificate.obj (.data:DigiCertHighAssuranceEVRootCA_der)
                  20000dc9    00000003     --HOLE--
                  20000dcc    00000184     simplelink.a : driver.obj (.data)
                  20000f50    000000f0     rtsv7M4_T_le_eabi.lib : defs.obj (.data:_ftable)
                  20001040    000000d0                           : lowlev.obj (.data)
                  20001110    000000b0                           : signal.obj (.data:sigtable)
                  200011c0    00000080                           : xvalues.obj (.data)
                  20001240    00000070                           : xlvalues.obj (.data)
                  200012b0    00000068                           : xfvalues.obj (.data)
                  20001318    00000064     simplelink.a : cc_pal.obj (.data)
                  2000137c    00000040     camera_app.obj (.data:JPEG_StdQuantTblC)
                  200013bc    00000040     camera_app.obj (.data:JPEG_StdQuantTblY)
                  200013fc    00000040     camera_app.obj (.data:zigzag)
                  2000143c    00000034     free_rtos.a : tasks.obj (.data)
                  20001470    0000002c     libparse.a : cc3200_utils.obj (.data:lastDateTime)
                  2000149c    00000018                : cc3200_utils.obj (.data)
                  200014b4    00000018                : request.obj (.data)
                  200014cc    00000010     rtsv7M4_T_le_eabi.lib : defs.obj (.data)
                  200014dc    0000000c     free_rtos.a : osi_freertos.obj (.data)
                  200014e8    0000000c     network_relater_fns.obj (.data)
                  200014f4    0000000c     rtsv7M4_T_le_eabi.lib : memory.obj (.data)
                  20001500    00000008     camera_app.obj (.data)
                  20001508    00000008     rtsv7M4_T_le_eabi.lib : _lock.obj (.data)
                  20001510    00000008                           : exit.obj (.data)
                  20001518    00000008                           : feraiseexcept.obj (.data)
                  20001520    00000006     libparse.a : http.obj (.data)
                  20001526    00000002     --HOLE--
                  20001528    00000004     free_rtos.a : port.obj (.data)
                  2000152c    00000004     libparse.a : cc3200_certificate.obj (.data)
                  20001530    00000004     rtsv7M4_T_le_eabi.lib : errno.obj (.data)
                  20001534    00000004                           : fopen.obj (.data)
                  20001538    00000004                           : rand.obj (.data)
                  2000153c    00000004                           : stkdepth_vars.obj (.data)

.stack     0    20003000    00001000     UNINITIALIZED
                  20003000    00001000     --HOLE--

.intvecs   0    20004000    00000400     
                  20004000    00000400     startup_ccs.obj (.intvecs)

.text      0    20004400    00010de2     
                  20004400    00001258     free_rtos.a : tasks.obj (.text)
                  20005658    00000ec0     rtsv7M4_T_le_eabi.lib : _printfi.obj (.text)
                  20006518    00000ba0     network_relater_fns.obj (.text)
                  200070b8    00000b88     camera_app.obj (.text)
                  20007c40    00000b24     free_rtos.a : queue.obj (.text)
                  20008764    0000093a     accelomtrMagntomtr_fxos8700.obj (.text)
                  2000909e    00000002     driverlib.a : interrupt.obj (.text:IntDefaultHandler)
                  200090a0    00000900     libparse.a : request.obj (.text)
                  200099a0    000006e8     main.obj (.text)
                  2000a088    0000064e     libparse.a : cc3200_utils.obj (.text)
                  2000a6d6    00000002     --HOLE-- [fill = 0]
                  2000a6d8    00000518                : installation.obj (.text)
                  2000abf0    000004a2                : simplejson.obj (.text)
                  2000b092    00000002     --HOLE-- [fill = 0]
                  2000b094    00000490                : cc3200_socket.obj (.text)
                  2000b524    00000490     rtsv7M4_T_le_eabi.lib : pow.obj (.text)
                  2000b9b4    0000045c     free_rtos.a : osi_freertos.obj (.text)
                  2000be10    000003cc     rtsv7M4_T_le_eabi.lib : memory.obj (.text)
                  2000c1dc    000003b4     libparse.a : cc3200_client_state.obj (.text)
                  2000c590    000003a6     simplelink.a : driver.obj (.text:_SlDrvMsgRead)
                  2000c936    00000002     --HOLE-- [fill = 0]
                  2000c938    0000034c                  : driver.obj (.text:_SlAsyncEventGenericHandler)
                  2000cc84    00000310     rtsv7M4_T_le_eabi.lib : lowlev.obj (.text)
                  2000cf94    000002e4                           : xlog.obj (.text)
                  2000d278    000002d4                           : trgdrv.obj (.text)
                  2000d54c    000002a0                           : vla_alloc.obj (.text)
                  2000d7ec    0000027c     parse_uploads.obj (.text)
                  2000da68    000001fc     rtsv7M4_T_le_eabi.lib : xexp.obj (.text)
                  2000dc64    000001f4                           : ull_div_t2.obj (.text)
                  2000de58    000001f0     mt9d111.obj (.text)
                  2000e048    000001dc     libparse.a : cc3200_certificate.obj (.text)
                  2000e224    000001c0     rtsv7M4_T_le_eabi.lib : fopen.obj (.text)
                  2000e3e4    000001b8     uartA1_if.obj (.text)
                  2000e59c    000001b6     rtsv7M4_T_le_eabi.lib : fd_add_t2.obj (.text)
                  2000e752    00000002     --HOLE-- [fill = 0]
                  2000e754    000001b0     libparse.a : http.obj (.text)
                  2000e904    0000019c     simplelink.a : wlan.obj (.text:sl_WlanConnect)
                  2000eaa0    00000198     rtsv7M4_T_le_eabi.lib : xfsin.obj (.text)
                  2000ec38    00000194     udma_if.obj (.text)
                  2000edcc    0000018c     flash_files.obj (.text)
                  2000ef58    0000018c     i2c_if.obj (.text)
                  2000f0e4    00000188     rtsv7M4_T_le_eabi.lib : xlatan.obj (.text)
                  2000f26c    00000170     i2cconfig.obj (.text)
                  2000f3dc    00000164     simplelink.a : driver.obj (.text:_SlDrvDataReadOp)
                  2000f540    00000140                  : driver.obj (.text:_SlDrvRxHdrRead)
                  2000f680    00000140     rtsv7M4_T_le_eabi.lib : sqrt.obj (.text)
                  2000f7c0    00000136                           : fd_div_t2.obj (.text)
                  2000f8f6    00000002     --HOLE-- [fill = 0]
                  2000f8f8    00000134     driverlib.a : prcm.obj (.text:PRCMCC3200MCUInit)
                  2000fa2c    00000134     rtsv7M4_T_le_eabi.lib : fputs.obj (.text)
                  2000fb60    00000130     simplelink.a : cc_pal.obj (.text:spi_Open)
                  2000fc90    0000012c                  : driver.obj (.text:_SlDrvDataWriteOp)
                  2000fdbc    0000012a     free_rtos.a : list.obj (.text)
                  2000fee6    00000002     --HOLE-- [fill = 0]
                  2000fee8    00000116     libparse.a : parse_impl.obj (.text)
                  2000fffe    00000002     --HOLE-- [fill = 0]
                  20010000    00000114     simplelink.a : driver.obj (.text:_SlDrvMsgWrite)
                  20010114    00000110     free_rtos.a : port.obj (.text)
                  20010224    00000110     rtsv7M4_T_le_eabi.lib : xdscale.obj (.text)
                  20010334    0000010c     simplelink.a : driver.obj (.text:_SlDrvWaitForPoolObj)
                  20010440    0000010c     i2c_app.obj (.text)
                  2001054c    00000108     simplelink.a : socket.obj (.text:sl_Select)
                  20010654    00000104                  : driver.obj (.text:_SlDrvReleasePoolObj)
                  20010758    00000104     rtsv7M4_T_le_eabi.lib : atan2l.obj (.text)
                  2001085c    000000fc                           : fd_mul_t2.obj (.text)
                  20010958    000000fa                           : fs_add_t2.obj (.text)
                  20010a52    00000002     --HOLE-- [fill = 0]
                  20010a54    000000f8                           : fmodf.obj (.text)
                  20010b4c    000000f0     driverlib.a : udma.obj (.text:uDMAChannelTransferSet)
                  20010c3c    000000e8     simplelink.a : socket.obj (.text:sl_Connect)
                  20010d24    000000e8                  : cc_pal.obj (.text:spi_Write)
                  20010e0c    000000dc     rtsv7M4_T_le_eabi.lib : setvbuf.obj (.text)
                  20010ee8    000000d8                           : xfatan.obj (.text)
                  20010fc0    000000d8     simplelink.a : netapp.obj (.text:sl_NetAppDnsGetHostByName)
                  20011098    000000cc     rtsv7M4_T_le_eabi.lib : sqrtf.obj (.text)
                  20011164    000000cc     simplelink.a : cc_pal.obj (.text:spi_Read)
                  20011230    000000c8     hibernate_related_fns.obj (.text)
                  200112f8    000000c4     rtsv7M4_T_le_eabi.lib : xdint.obj (.text)
                  200113bc    000000c4                           : xdnorm.obj (.text)
                  20011480    000000c4     simplelink.a : device.obj (.text:sl_Stop)
                  20011544    000000c0     rtsv7M4_T_le_eabi.lib : fflush.obj (.text)
                  20011604    000000c0                           : xfdscale.obj (.text)
                  200116c4    000000c0     simplelink.a : device.obj (.text:sl_Start)
                  20011784    000000bc     rtsv7M4_T_le_eabi.lib : asinf.obj (.text)
                  20011840    000000ba     free_rtos.a : portasm.obj (.text)
                  200118fa    00000002     --HOLE-- [fill = 0]
                  200118fc    000000b4     simplelink.a : driver.obj (.text:_SlDrvMsgReadCmdCtx)
                  200119b0    000000b4     libparse.a : cc3200_debug.obj (.text)
                  20011a64    000000b2     simplelink.a : netapp.obj (.text:_SlDrvNetAppEventHandler)
                  20011b16    000000b2     pinmux.obj (.text)
                  20011bc8    000000b0     simplelink.a : socket.obj (.text:sl_Send)
                  20011c78    000000ac     rtsv7M4_T_le_eabi.lib : _io_perm.obj (.text)
                  20011d24    000000a8     driverlib.a : interrupt.obj (.text:IntDisable)
                  20011dcc    000000a8                 : interrupt.obj (.text:IntEnable)
                  20011e74    000000a0                 : spi.obj (.text:SPIConfigSetExpClk)
                  20011f14    0000009c     rtsv7M4_T_le_eabi.lib : fputc.obj (.text)
                  20011fb0    0000009c                           : memcpy_t2.obj (.text)
                  2001204c    00000098     simplelink.a : driver.obj (.text:_SlFindAndSetActiveObj)
                  200120e4    00000098     rtsv7M4_T_le_eabi.lib : fclose.obj (.text)
                  2001217c    00000098                           : snprintf.obj (.text)
                  20012214    00000094     driverlib.a : prcm.obj (.text:PRCMPeripheralClockGet)
                  200122a8    00000094     simplelink.a : driver.obj (.text:_SlDrvClassifyRxMsg)
                  2001233c    00000094     rtsv7M4_T_le_eabi.lib : auto_init.obj (.text)
                  200123d0    00000092                           : fs_div_t2.obj (.text)
                  20012462    00000002     --HOLE-- [fill = 0]
                  20012464    00000090     simplelink.a : driver.obj (.text:_SlDrvMsgReadSpawnCtx)
                  200124f4    0000008c                  : fs.obj (.text:sl_FsRead)
                  20012580    0000008c                  : fs.obj (.text:sl_FsWrite)
                  2001260c    00000088     driverlib.a : pin.obj (.text:PinConfigSet)
                  20012694    00000088     rtsv7M4_T_le_eabi.lib : vsnprintf.obj (.text)
                  2001271c    00000088     simplelink.a : netapp.obj (.text:sl_NetAppMDNSRegisterUnregisterService)
                  200127a4    00000086     rtsv7M4_T_le_eabi.lib : fd_cmp_t2.obj (.text:__aeabi_cdcmple)
                  2001282a    00000086                           : fd_cmp_t2.obj (.text:__aeabi_cdrcmple)
                  200128b0    00000084     driverlib.a : i2c.obj (.text:I2CMasterInitExpClk)
                  20012934    00000084     simplelink.a : driver.obj (.text:_SlDrvCmdOp)
                  200129b8    00000080                  : cc_pal.obj (.text:NwpPowerOnPreamble)
                  20012a38    0000007c                  : driver.obj (.text:_SlDrvDriverCBInit)
                  20012ab4    0000007c                  : netapp.obj (.text:_sl_HandleAsync_DnsGetHostByName)
                  20012b30    0000007c                  : device.obj (.text:sl_DevGet)
                  20012bac    0000007c                  : fs.obj (.text:sl_FsClose)
                  20012c28    0000007a     rtsv7M4_T_le_eabi.lib : fs_mul_t2.obj (.text)
                  20012ca2    0000007a                           : xfdnorm.obj (.text)
                  20012d1c    00000078     simplelink.a : cc_pal.obj (.text:SetupDMAReceive)
                  20012d94    00000078     rtsv7M4_T_le_eabi.lib : memset_t2.obj (.text)
                  20012e0c    00000076     driverlib.a : uart.obj (.text:UARTConfigSetExpClk)
                  20012e82    00000002     --HOLE-- [fill = 0]
                  20012e84    00000074     simplelink.a : device.obj (.text:_sl_HandleAsync_InitComplete)
                  20012ef8    00000074                  : wlan.obj (.text:sl_WlanGet)
                  20012f6c    00000074                  : cc_pal.obj (.text:spi_Close)
                  20012fe0    00000070                  : netapp.obj (.text:_sl_HandleAsync_PingResponse)
                  20013050    0000006e                  : socket.obj (.text:_sl_TruncatePayloadByProtocol)
                  200130be    00000002     --HOLE-- [fill = 0]
                  200130c0    0000006c     rtsv7M4_T_le_eabi.lib : fprintf.obj (.text)
                  2001312c    00000068     driverlib.a : prcm.obj (.text:PRCMHibernateWakeUpGPIOSelect)
                  20013194    00000068     simplelink.a : socket.obj (.text:_sl_HandleAsync_Connect)
                  200131fc    00000068                  : netapp.obj (.text:_sl_HandleAsync_DnsGetHostByService)
                  20013264    00000068                  : fs.obj (.text:sl_FsGetInfo)
                  200132cc    00000064                  : fs.obj (.text:_sl_GetCreateFsMode)
                  20013330    00000064                  : socket.obj (.text:_sl_HandleAsync_Accept)
                  20013394    00000064     rtsv7M4_T_le_eabi.lib : fseek.obj (.text)
                  200133f8    00000064                           : xdunscal.obj (.text)
                  2001345c    00000064     driverlib.a : udma.obj (.text:uDMAChannelAttributeDisable)
                  200134c0    00000064                 : udma.obj (.text:uDMAChannelAttributeEnable)
                  20013524    00000060     rtsv7M4_T_le_eabi.lib : fs_cmp_t2.obj (.text:__aeabi_cfcmple)
                  20013584    00000060                           : fs_cmp_t2.obj (.text:__aeabi_cfrcmple)
                  200135e4    00000060                           : sprintf.obj (.text)
                  20013644    00000060                           : trgmsg.obj (.text)
                  200136a4    0000005e                           : copy_decompress_rle.obj (.text)
                  20013702    0000005a                           : ltoa.obj (.text)
                  2001375c    00000058     driverlib.a : interrupt.obj (.text:IntPendClear)
                  200137b4    00000058                 : prcm.obj (.text:PRCMPeripheralReset)
                  2001380c    00000058     simplelink.a : driver.obj (.text:_SlDrvDriverCBDeinit)
                  20013864    00000058                  : socket.obj (.text:_sl_HandleAsync_Select)
                  200138bc    00000054     driverlib.a : interrupt.obj (.text:IntPrioritySet)
                  20013910    00000054     simplelink.a : device.obj (.text:_sl_HandleAsync_Stop)
                  20013964    00000054     rtsv7M4_T_le_eabi.lib : xfdunsca.obj (.text)
                  200139b8    00000054     simplelink.a : fs.obj (.text:sl_FsOpen)
                  20013a0c    00000054                  : netapp.obj (.text:sl_NetAppSendTokenValue)
                  20013a60    00000050     app_common.obj (.text)
                  20013ab0    0000004c     driverlib.a : spi.obj (.text:SPIIntEnable)
                  20013afc    0000004c     rtsv7M4_T_le_eabi.lib : atoi.obj (.text)
                  20013b48    0000004c                           : rand.obj (.text)
                  20013b94    0000004c     simplelink.a : socket.obj (.text:sl_SetSockOpt)
                  20013be0    0000004c     driverlib.a : udma.obj (.text:uDMAChannelAssign)
                  20013c2c    0000004a     simplelink.a : device.obj (.text:_sl_GetStartResponseConvert)
                  20013c76    0000004a     rtsv7M4_T_le_eabi.lib : fd_tos_t2.obj (.text)
                  20013cc0    00000048     driverlib.a : prcm.obj (.text:PRCMHibernateWakeupSourceEnable)
                  20013d08    00000048                 : spi.obj (.text:SPIIntClear)
                  20013d50    00000048     rtsv7M4_T_le_eabi.lib : fd_toi_t2.obj (.text)
                  20013d98    00000048     simplelink.a : device.obj (.text:sl_DevSet)
                  20013de0    00000048                  : fs.obj (.text:sl_FsDel)
                  20013e28    00000048                  : wlan.obj (.text:sl_WlanSet)
                  20013e70    00000044     driverlib.a : spi.obj (.text:SPIDmaMaskGet)
                  20013eb4    00000044     rtsv7M4_T_le_eabi.lib : cpy_tbl.obj (.text)
                  20013ef8    00000044                           : exit.obj (.text)
                  20013f3c    00000044                           : fd_tou_t2.obj (.text)
                  20013f80    00000044                           : xdtest.obj (.text)
                  20013fc4    00000044     simplelink.a : netcfg.obj (.text:sl_NetCfgSet)
                  20014008    00000044                  : socket.obj (.text:sl_Recv)
                  2001404c    00000040     driverlib.a : pin.obj (.text:PinModeSet)
                  2001408c    00000040     simplelink.a : driver.obj (.text:_SlDrvRxIrqHandler)
                  200140cc    00000040                  : driver.obj (.text:_SlRemoveFromList)
                  2001410c    00000040     rtsv7M4_T_le_eabi.lib : signal.obj (.text)
                  2001414c    00000040     simplelink.a : wlan.obj (.text:sl_WlanPolicySet)
                  2001418c    00000040                  : wlan.obj (.text:sl_WlanRxFilterSet)
                  200141cc    0000003c                  : cc_pal.obj (.text:NwpPowerOff)
                  20014208    0000003c     driverlib.a : prcm.obj (.text:PRCMPeripheralClkEnable)
                  20014244    0000003c     simplelink.a : driver.obj (.text:_SlDrvObjInit)
                  20014280    0000003c     rtsv7M4_T_le_eabi.lib : strncasecmp.obj (.text)
                  200142bc    0000003c     driverlib.a : udma.obj (.text:uDMAChannelControlSet)
                  200142f8    0000003a                 : camera.obj (.text:CameraCaptureStop)
                  20014332    0000003a                 : camera.obj (.text:CameraXClkConfig)
                  2001436c    00000038     free_rtos.a : heap_3.obj (.text)
                  200143a4    00000038     rtsv7M4_T_le_eabi.lib : fs_tod_t2.obj (.text)
                  200143dc    00000038                           : fs_toi_t2.obj (.text)
                  20014414    00000038                           : i_tofs_t2.obj (.text)
                  2001444c    00000038     simplelink.a : socket.obj (.text:sl_Htonl)
                  20014484    00000036     driverlib.a : gpio.obj (.text:GPIODirModeSet)
                  200144ba    00000034                 : camera.obj (.text:CameraParamsConfig)
                  200144ee    00000002     --HOLE-- [fill = 0]
                  200144f0    00000034                 : prcm.obj (.text:PRCMPeripheralStatusGet)
                  20014524    00000034                 : spi.obj (.text:SPIFIFOLevelSet)
                  20014558    00000034     simplelink.a : driver.obj (.text:_SlDrvBasicCmd)
                  2001458c    00000034     rtsv7M4_T_le_eabi.lib : boot.obj (.text)
                  200145c0    00000034                           : feraiseexcept.obj (.text)
                  200145f4    00000034                           : fs_tou_t2.obj (.text)
                  20014628    00000034                           : strstr.obj (.text)
                  2001465c    00000034                           : xfdtest.obj (.text)
                  20014690    00000034     simplelink.a : socket.obj (.text:sl_Htons)
                  200146c4    00000030                  : cc_pal.obj (.text:NwpPowerOn)
                  200146f4    00000030     driverlib.a : pin.obj (.text:PinTypeGPIO)
                  20014724    00000030                 : uart.obj (.text:UARTDisable)
                  20014754    00000030     rtsv7M4_T_le_eabi.lib : strncpy.obj (.text)
                  20014784    00000030                           : xferaise.obj (.text)
                  200147b4    00000030     simplelink.a : socket.obj (.text:sl_Socket)
                  200147e4    0000002e     rtsv7M4_T_le_eabi.lib : i_tofd_t2.obj (.text)
                  20014812    0000002e                           : raise.obj (.text)
                  20014840    0000002c     driverlib.a : camera.obj (.text:CameraIntEnable)
                  2001486c    0000002c     simplelink.a : cc_pal.obj (.text:DmaSpiSwIntHandler)
                  20014898    0000002c     driverlib.a : i2c.obj (.text:I2CMasterErr)
                  200148c4    0000002c                 : prcm.obj (.text:PRCMSysResetCauseGet)
                  200148f0    0000002c     simplelink.a : flowcont.obj (.text:_SlDrvFlowContDeinit)
                  2001491c    0000002c                  : flowcont.obj (.text:_SlDrvFlowContInit)
                  20014948    00000028     driverlib.a : camera.obj (.text:CameraIntStatus)
                  20014970    00000028                 : prcm.obj (.text:PRCMPeripheralClkDisable)
                  20014998    00000028     simplelink.a : socket.obj (.text:_sl_BuildAddress)
                  200149c0    00000028     rtsv7M4_T_le_eabi.lib : strncat.obj (.text)
                  200149e8    00000028     simplelink.a : wlan.obj (.text:sl_WlanSetMode)
                  20014a10    00000026     driverlib.a : camera.obj (.text:CameraThresholdSet)
                  20014a36    00000026     rtsv7M4_T_le_eabi.lib : strncmp.obj (.text)
                  20014a5c    00000024     driverlib.a : camera.obj (.text:CameraIntClear)
                  20014a80    00000024                 : interrupt.obj (.text:IntUnregister)
                  20014aa4    00000024                 : uart.obj (.text:UARTEnable)
                  20014ac8    00000024     rtsv7M4_T_le_eabi.lib : memmov.obj (.text)
                  20014aec    00000024     simplelink.a : socket.obj (.text:sl_Close)
                  20014b10    00000024                  : netapp.obj (.text:sl_NetAppStart)
                  20014b34    00000024                  : netapp.obj (.text:sl_NetAppStop)
                  20014b58    00000024                  : wlan.obj (.text:sl_WlanProfileDel)
                  20014b7c    00000022     driverlib.a : camera.obj (.text:CameraCaptureStart)
                  20014b9e    00000022                 : i2c.obj (.text:I2CMasterSlaveAddrSet)
                  20014bc0    00000022     simplelink.a : cc_pal.obj (.text:NwpRegisterInterruptHandler)
                  20014be2    00000022     driverlib.a : spi.obj (.text:SPIReset)
                  20014c04    00000022                 : spi.obj (.text:SPIWordCountSet)
                  20014c26    00000022     rtsv7M4_T_le_eabi.lib : memcmp.obj (.text)
                  20014c48    00000020     driverlib.a : interrupt.obj (.text:IntRegister)
                  20014c68    00000020     simplelink.a : driver.obj (.text:_SlDrvCmdSend)
                  20014c88    0000001e     driverlib.a : i2c.obj (.text:I2CMasterIntStatusEx)
                  20014ca6    0000001e                 : uart.obj (.text:UARTCharPut)
                  20014cc4    0000001c                 : pin.obj (.text:PinTypeI2C)
                  20014ce0    0000001c     simplelink.a : driver.obj (.text:_SlDrvObjDeInit)
                  20014cfc    0000001c     rtsv7M4_T_le_eabi.lib : memccpy.obj (.text)
                  20014d18    0000001c     driverlib.a : udma.obj (.text:uDMAChannelDisable)
                  20014d34    0000001c                 : udma.obj (.text:uDMAChannelEnable)
                  20014d50    0000001a     simplelink.a : netapp.obj (.text:CopyPingResultsToReport)
                  20014d6a    0000001a     driverlib.a : pin.obj (.text:PinTypeCamera)
                  20014d84    0000001a                 : pin.obj (.text:PinTypeUART)
                  20014d9e    0000001a                 : spi.obj (.text:SPIDmaDisable)
                  20014db8    0000001a                 : spi.obj (.text:SPIDmaEnable)
                  20014dd2    0000001a                 : spi.obj (.text:SPIFIFODisable)
                  20014dec    0000001a                 : spi.obj (.text:SPIFIFOEnable)
                  20014e06    0000001a     simplelink.a : device.obj (.text:_SlDrvDeviceEventHandler)
                  20014e20    00000018     driverlib.a : camera.obj (.text:CameraReset)
                  20014e38    00000018                 : gpio.obj (.text:GPIOPinRead)
                  20014e50    00000018                 : prcm.obj (.text:PRCMHibernateEnter)
                  20014e68    00000018                 : spi.obj (.text:SPICSDisable)
                  20014e80    00000018                 : spi.obj (.text:SPICSEnable)
                  20014e98    00000018                 : spi.obj (.text:SPIDisable)
                  20014eb0    00000018                 : spi.obj (.text:SPIEnable)
                  20014ec8    00000018     rtsv7M4_T_le_eabi.lib : args_main.obj (.text)
                  20014ee0    00000018                           : ll_mul_t2.obj (.text)
                  20014ef8    00000018                           : strcmp.obj (.text)
                  20014f10    00000016     driverlib.a : camera.obj (.text:CameraDMAEnable)
                  20014f26    00000016                 : camera.obj (.text:CameraIntRegister)
                  20014f3c    00000016                 : i2c.obj (.text:I2CMasterDataPut)
                  20014f52    00000016                 : i2c.obj (.text:I2CMasterEnable)
                  20014f68    00000016                 : prcm.obj (.text:PRCMHIBRegRead)
                  20014f7e    00000016                 : prcm.obj (.text:PRCMHIBRegWrite)
                  20014f94    00000016                 : uart.obj (.text:UARTCharGet)
                  20014faa    00000016     simplelink.a : fs.obj (.text:_sl_Strlen)
                  20014fc0    00000016     rtsv7M4_T_le_eabi.lib : memchr.obj (.text)
                  20014fd6    00000016                           : strchr.obj (.text)
                  20014fec    00000016     driverlib.a : udma.obj (.text:uDMAIntRegister)
                  20015002    00000014                 : cpu.obj (.text:CPUcpsie)
                  20015016    00000002     --HOLE-- [fill = 0]
                  20015018    00000014                 : interrupt.obj (.text:IntVTableBaseSet)
                  2001502c    00000014     simplelink.a : driver.obj (.text:_SlDrvShiftDWord)
                  20015040    00000014     rtsv7M4_T_le_eabi.lib : _lock.obj (.text)
                  20015054    00000014                           : strlen.obj (.text)
                  20015068    00000014     driverlib.a : udma.obj (.text:uDMAControlBaseSet)
                  2001507c    00000014                 : udma.obj (.text:uDMAIntClear)
                  20015090    00000012                 : i2c.obj (.text:I2CMasterControl)
                  200150a2    00000012                 : i2c.obj (.text:I2CMasterIntClearEx)
                  200150b4    00000012                 : i2c.obj (.text:I2CMasterTimeoutSet)
                  200150c6    00000012     rtsv7M4_T_le_eabi.lib : copy_zero_init.obj (.text:decompress:ZI)
                  200150d8    00000012     simplelink.a : netapp.obj (.text:sl_NetAppMDNSUnRegisterService)
                  200150ea    00000012     driverlib.a : udma.obj (.text:uDMAIntUnregister)
                  200150fc    00000010     simplelink.a : cc_pal.obj (.text:NwpMaskInterrupt)
                  2001510c    00000010                  : socket.obj (.text:SL_FD_SET)
                  2001511c    00000010     rtsv7M4_T_le_eabi.lib : strcpy.obj (.text)
                  2001512c    00000010                           : tolower.obj (.text)
                  2001513c    0000000e     driverlib.a : i2c.obj (.text:I2CMasterDataGet)
                  2001514a    0000000e     rtsv7M4_T_le_eabi.lib : copy_decompress_none.obj (.text:decompress:none)
                  20015158    0000000e                           : xdclass.obj (.text)
                  20015166    0000000e     startup_ccs.obj (.text)
                  20015174    0000000c     simplelink.a : cc_pal.obj (.text:NwpUnMaskInterrupt)
                  20015180    0000000c     driverlib.a : udma.obj (.text:uDMADisable)
                  2001518c    0000000c                 : udma.obj (.text:uDMAEnable)
                  20015198    0000000c                 : udma.obj (.text:uDMAIntStatus)
                  200151a4    0000000a                 : interrupt.obj (.text:IntMasterEnable)
                  200151ae    00000008     simplelink.a : wlan.obj (.text:sl_WlanDisconnect)
                  200151b6    00000006     i2cconfig.obj (.text:MT9D111Delay)
                  200151bc    00000006     simplelink.a : socket.obj (.text:SL_FD_ZERO)
                  200151c2    00000006     driverlib.a : utils.obj (.text:UtilsDelay)
                  200151c8    00000006     rtsv7M4_T_le_eabi.lib : copy_decompress_rle.obj (.text:decompress:rle24)
                  200151ce    00000006                           : log.obj (.text)
                  200151d4    00000006                           : sinf.obj (.text)
                  200151da    00000004                           : error.obj (.text)
                  200151de    00000004                           : xldtest.obj (.text)

.const     0    200151e8    00000b05     
                  200151e8    0000013c     mt9d111.obj (.const:init_cmds_list)
                  20015324    00000102     rtsv7M4_T_le_eabi.lib : ctype.obj (.const:.string:_ctypes_)
                  20015426    00000002     --HOLE-- [fill = 0]
                  20015428    00000100     driverlib.a : pin.obj (.const:g_ulPinToPadMap)
                  20015528    000000ec     simplelink.a : wlan.obj (.const)
                  20015614    000000d4     driverlib.a : interrupt.obj (.const:g_pulRegs)
                  200156e8    000000b4     mt9d111.obj (.const:capture_cmds_list)
                  2001579c    000000a8     driverlib.a : prcm.obj (.const:PRCM_PeriphRegsList)
                  20015844    00000004     --HOLE-- [fill = 0]
                  20015848    00000088     rtsv7M4_T_le_eabi.lib : xlatan.obj (.const)
                  200158d0    00000080     driverlib.a : interrupt.obj (.const)
                  20015950    00000051     network_relater_fns.obj (.const:.string)
                  200159a1    00000003     --HOLE-- [fill = 0]
                  200159a4    0000004c     simplelink.a : driver.obj (.const)
                  200159f0    00000048     rtsv7M4_T_le_eabi.lib : xexp.obj (.const)
                  20015a38    00000038                           : xlog.obj (.const:p)
                  20015a70    00000038     simplelink.a : fs.obj (.const)
                  20015aa8    00000036     flash_files.obj (.const:.string)
                  20015ade    00000002     --HOLE-- [fill = 0]
                  20015ae0    00000034     rtsv7M4_T_le_eabi.lib : xfatan.obj (.const)
                  20015b14    00000034     simplelink.a : socket.obj (.const)
                  20015b48    00000030     rtsv7M4_T_le_eabi.lib : xdint.obj (.const)
                  20015b78    0000002c     libparse.a : cc3200_utils.obj (.const:$P$T0$1)
                  20015ba4    0000002c     network_relater_fns.obj (.const:$P$T1$2)
                  20015bd0    00000028     rtsv7M4_T_le_eabi.lib : xfsin.obj (.const)
                  20015bf8    00000028     simplelink.a : netapp.obj (.const)
                  20015c20    00000022     network_relater_fns.obj (.const:.string:$P$T0$1)
                  20015c42    00000022     mt9d111.obj (.const:.string)
                  20015c64    00000020     network_relater_fns.obj (.const)
                  20015c84    00000018     driverlib.a : spi.obj (.const)
                  20015c9c    00000017     libparse.a : request.obj (.const:.string)
                  20015cb3    00000001     --HOLE-- [fill = 0]
                  20015cb4    00000014     simplelink.a : device.obj (.const)
                  20015cc8    0000000d     camera_app.obj (.const:.string)
                  20015cd5    0000000b     app_common.obj (.const:.string)
                  20015ce0    00000008     simplelink.a : netcfg.obj (.const)
                  20015ce8    00000005     main.obj (.const:.string)

.cinit     0    20015cf0    00000bb0     
                  20015cf0    00000b8a     (.cinit..data.load) [load image, compression = rle]
                  2001687a    00000002     --HOLE-- [fill = 0]
                  2001687c    0000000c     (__TI_handler_table)
                  20016888    00000008     (.cinit..bss.load) [load image, compression = zero_init]
                  20016890    00000010     (__TI_cinit_table)

.bss       0    20018000    000148e0     UNINITIALIZED
                  20018000    00014000     main.obj (.bss:g_image_buffer)
                  2002c000    00000400     udma_if.obj (.bss:gpCtlTbl)
                  2002c400    00000120     rtsv7M4_T_le_eabi.lib : trgmsg.obj (.bss:__CIOBUF_)
                  2002c520    00000100     udma_if.obj (.bss:gfpAppCallbackHndl)
                  2002c620    000000c8     free_rtos.a : tasks.obj (.bss:pxReadyTasksLists)
                  2002c6e8    000000a0     rtsv7M4_T_le_eabi.lib : defs.obj (.bss:__TI_tmpnams)
                  2002c788    00000050     free_rtos.a : queue.obj (.bss:xQueueRegistry)
                  2002c7d8    00000034     libparse.a : cc3200_client_state.obj (.bss:clientStateFileName)
                  2002c80c    00000024     network_relater_fns.obj (.bss:g_ucConnectionSSID)
                  2002c830    0000001c     rtsv7M4_T_le_eabi.lib : vla_alloc.obj (.bss)
                  2002c84c    00000014     (.common:xDelayedTaskList1)
                  2002c860    00000014     (.common:xDelayedTaskList2)
                  2002c874    00000014     (.common:xPendingReadyList)
                  2002c888    00000014     (.common:xSuspendedTaskList)
                  2002c89c    00000014     (.common:xTasksWaitingTermination)
                  2002c8b0    00000008     (.common:g_ucConnectionBSSID)
                  2002c8b8    00000008     (.common:parmbuf)
                  2002c8c0    00000004     (.common:__Errorlog)
                  2002c8c4    00000004     (.common:dataBuffer)
                  2002c8c8    00000004     (.common:g_frame_size_in_bytes)
                  2002c8cc    00000004     (.common:g_header_length)
                  2002c8d0    00000004     (.common:g_total_dma_intrpts)
                  2002c8d4    00000004     (.common:pxDelayedTaskList)
                  2002c8d8    00000004     (.common:pxOverflowDelayedTaskList)
                  2002c8dc    00000001     (.common:g_CaptureImage)
                  2002c8dd    00000001     (.common:g_dma_txn_done)
                  2002c8de    00000001     (.common:g_frame_end)
                  2002c8df    00000001     (.common:iDone)

.sysmem    0    2002c8e0    00004000     UNINITIALIZED
                  2002c8e0    00000008     rtsv7M4_T_le_eabi.lib : memory.obj (.sysmem)
                  2002c8e8    00003ff8     --HOLE--


LINKER GENERATED COPY TABLES

__TI_cinit_table @ 20016890 records: 2, size/record: 8, table size: 16
	.data: load addr=20015cf0, load size=00000b8a bytes, run addr=20000000, run size=00001540 bytes, compression=rle
	.bss: load addr=20016888, load size=00000008 bytes, run addr=20018000, run size=000148e0 bytes, compression=zero_init


LINKER GENERATED HANDLER TABLE

__TI_handler_table @ 2001687c records: 3, size/record: 4, table size: 12
	index: 0, handler: __TI_decompress_rle24
	index: 1, handler: __TI_decompress_none
	index: 2, handler: __TI_zero_init


GLOBAL SYMBOLS: SORTED ALPHABETICALLY BY Name 

address    name
--------   ----
20013ef9   C$$EXIT
2001366f   C$$IO$$
20015003   CPUcpsie
20007557   CamControllerInit
20014b7d   CameraCaptureStart
200142f9   CameraCaptureStop
20014f11   CameraDMAEnable
20014a5d   CameraIntClear
20014841   CameraIntEnable
20014f27   CameraIntRegister
20014949   CameraIntStatus
200144bb   CameraParamsConfig
20014e21   CameraReset
2000de59   CameraSensorInit
20014a11   CameraThresholdSet
20014333   CameraXClkConfig
20007129   CaptureImage
2000e41d   ClearTerm
200099a9   CollectTxit_ImgTempRH
200067e1   ConfigureMode
20006541   ConfigureSimpleLinkToDefaultState
2000681d   ConnectToNetwork
20006985   ConnectToNetwork_2
20006a47   ConnectToNetwork_STA
20006a2b   ConnectToNetwork_STA_2
2000d86d   ConstructDeviceStateObject
20014d51   CopyPingResultsToReport
2000edcd   CreateFile_Flash
20001324   DMAMsgQ
2000ed81   DMASetupTransfer
2000152c   DigiCertHighAssuranceEVRootCA_der_len
2000ec4b   DmaErrorIntHandler
2001486d   DmaSpiSwIntHandler
2000ec39   DmaSwIntHandler
2000e423   Error
20008d2d   FXOS8700CQ_Init
20008e19   FXOS8700CQ_Mag_Calibration
20014485   GPIODirModeSet
20014e39   GPIOPinRead
2000e457   GetCmd
20011231   HIBernate
2000d505   HOSTclock
2000d4cd   HOSTclose
2000d48f   HOSTgetenv
2000d433   HOSTlseek
2000d3e1   HOSTopen
2000d395   HOSTread
2000d337   HOSTrename
2000d2fd   HOSTtime
2000d2c5   HOSTunlink
2000d279   HOSTwrite
2000f28b   I2CBufferRead
2000f333   I2CBufferWrite
2000f26d   I2CInit
20015091   I2CMasterControl
2001513d   I2CMasterDataGet
20014f3d   I2CMasterDataPut
20014f53   I2CMasterEnable
20014899   I2CMasterErr
200128b1   I2CMasterInitExpClk
200150a3   I2CMasterIntClearEx
20014c89   I2CMasterIntStatusEx
20014b9f   I2CMasterSlaveAddrSet
200150b5   I2CMasterTimeoutSet
2000f0cf   I2C_IF_Close
2000f0a5   I2C_IF_Open
2000f01d   I2C_IF_Read
2000f085   I2C_IF_ReadFrom
2000efbb   I2C_IF_Write
2000e3e5   InitTerm
2000d7ed   InitialiseParse
20006519   InitializeAppVariables
20011d25   IntDisable
20011dcd   IntEnable
200151a5   IntMasterEnable
2001375d   IntPendClear
200138bd   IntPrioritySet
20014c49   IntRegister
20014a81   IntUnregister
20015019   IntVTableBaseSet
20000000   JPEG_StdHuffmanTbl
2000137c   JPEG_StdQuantTblC
200013bc   JPEG_StdQuantTblY
200151b7   MT9D111Delay
20009a11   Main_Task
2000e403   Message
200150fd   NwpMaskInterrupt
200141cd   NwpPowerOff
200146c5   NwpPowerOn
200129b9   NwpPowerOnPreamble
20014bc1   NwpRegisterInterruptHandler
20015175   NwpUnMaskInterrupt
2000f8f9   PRCMCC3200MCUInit
20014f69   PRCMHIBRegRead
20014f7f   PRCMHIBRegWrite
20014e51   PRCMHibernateEnter
2001312d   PRCMHibernateWakeUpGPIOSelect
20013cc1   PRCMHibernateWakeupSourceEnable
20014971   PRCMPeripheralClkDisable
20014209   PRCMPeripheralClkEnable
20012215   PRCMPeripheralClockGet
200137b5   PRCMPeripheralReset
200144f1   PRCMPeripheralStatusGet
200148c5   PRCMSysResetCauseGet
2001260d   PinConfigSet
2001404d   PinModeSet
20011b17   PinMuxConfig
20014d6b   PinTypeCamera
200146f5   PinTypeGPIO
20014cc5   PinTypeI2C
20014d85   PinTypeUART
2000eea1   ReadFile_FromFlash
2000e501   Report
20015167   ResetISR
UNDEFED    SHT$$INIT_ARRAY$$Base
UNDEFED    SHT$$INIT_ARRAY$$Limit
2001510d   SL_FD_SET
200151bd   SL_FD_ZERO
20014e69   SPICSDisable
20014e81   SPICSEnable
20011e75   SPIConfigSetExpClk
20014e99   SPIDisable
20014d9f   SPIDmaDisable
20014db9   SPIDmaEnable
20014eb1   SPIEnable
20014dd3   SPIFIFODisable
20014ded   SPIFIFOEnable
20014525   SPIFIFOLevelSet
20013d09   SPIIntClear
20013ab1   SPIIntEnable
20014be3   SPIReset
20014c05   SPIWordCountSet
2000ecc9   SetupTransfer
20006dbd   SimpleLinkHttpServerCallback
20006cd9   SimpleLinkNetAppEventHandler
20006d79   SimpleLinkSockEventHandler
20006bf5   SimpleLinkWlanEventHandler
200070b9   StartCamera
2000de61   StartSensorInJpegMode
2000e4b7   TrimSpace
20014f95   UARTCharGet
20014ca7   UARTCharPut
20012e0d   UARTConfigSetExpClk
20014725   UARTDisable
20014aa5   UARTEnable
2000eca1   UDMAChannelSelect
2000ed6d   UDMADeInit
2000ec57   UDMAInit
2000ecff   UDMASetupAutoMemTransfer
2000ed23   UDMASetupPingPongTransfer
20014d19   UDMAStopTransfer
2000d803   UploadImageToParse
2000d821   UploadSensorDataToParse
200151c3   UtilsDelay
2000bc7d   VDeleteSimpleLinkSpawnTask
2000bc2d   VStartSimpleLinkSpawnTask
2000ee25   WriteFile_ToFlash
20015159   _Dclass
200011c0   _Denorm
200112f9   _Dint
200113bd   _Dnorm
20010225   _Dscale
20013f81   _Dtest
200133f9   _Dunscale
200011d0   _Eps
20001530   _Errno
2000da69   _Exp
20010ee9   _FAtan
200012b0   _FDenorm
20012ca3   _FDnorm
20011605   _FDscale
2001465d   _FDtest
20013965   _FDunscale
200012c0   _FEps
200012d0   _FInf
200012e0   _FNan
20001300   _FRteps
2000eaa1   _FSin
200012f0   _FSnan
20001310   _FXbig
20001314   _FZero
20001518   _Fenv
20014785   _Feraise
200011e0   _Hugeval
200011f0   _Inf
2000f0e5   _LAtan
20001240   _LDenorm
200151df   _LDtest
20001250   _LEps
20001260   _LInf
20001270   _LNan
20001290   _LRteps
20001280   _LSnan
200012a0   _LXbig
200012a8   _LZero
2000cf95   _Log
20001200   _Nan
20001220   _Rteps
20015b34   _SlAcceptCmdCtrl
200159b8   _SlActionLookupTable
2000c939   _SlAsyncEventGenericHandler
20015cc0   _SlDeviceGetCmdCtrl
20015cc4   _SlDeviceSetCmdCtrl
20014559   _SlDrvBasicCmd
200122a9   _SlDrvClassifyRxMsg
20012935   _SlDrvCmdOp
20014c69   _SlDrvCmdSend
2000f3dd   _SlDrvDataReadOp
2000fc91   _SlDrvDataWriteOp
20014e07   _SlDrvDeviceEventHandler
2001380d   _SlDrvDriverCBDeinit
20012a39   _SlDrvDriverCBInit
200148f1   _SlDrvFlowContDeinit
2001491d   _SlDrvFlowContInit
2000c591   _SlDrvMsgRead
200118fd   _SlDrvMsgReadCmdCtx
20012465   _SlDrvMsgReadSpawnCtx
20010001   _SlDrvMsgWrite
20011a65   _SlDrvNetAppEventHandler
20014ce1   _SlDrvObjDeInit
20014245   _SlDrvObjInit
20010655   _SlDrvReleasePoolObj
2000f541   _SlDrvRxHdrRead
2001408d   _SlDrvRxIrqHandler
2001502d   _SlDrvShiftDWord
20010335   _SlDrvWaitForPoolObj
20015cbc   _SlEventMaskGetCmdCtrl
20015cb8   _SlEventMaskSetCmdCtrl
2001204d   _SlFindAndSetActiveObj
20015a74   _SlFsCloseCmdCtrl
20015a84   _SlFsDeleteCmdCtrl
20015a80   _SlFsGetInfoCmdCtrl
20015a70   _SlFsOpenCmdCtrl
20015a78   _SlFsReadCmdCtrl
20015a7c   _SlFsWriteCmdCtrl
20015c10   _SlGetHostByNameCtrl
20015c0c   _SlGetHostByServiceCtrl
20015c04   _SlGetServiceListeCtrl
20015b40   _SlGetSockOptCmdCtrl
20015b30   _SlListenCmdCtrl
20015c1c   _SlNetAppGetCmdCtrl
20015c18   _SlNetAppSendTokenValueCmdCtrl
20015c14   _SlNetAppSetCmdCtrl
20015bfc   _SlNetAppStartCtrl
20015c00   _SlNetAppStopCtrl
20015ce4   _SlNetCfgGetCmdCtrl
20015ce0   _SlNetCfgSetCmdCtrl
20015530   _SlPolicyGetCmdCtrl
2001552c   _SlPolicySetCmdCtrl
20015538   _SlProfileDelCmdCtrl
20015534   _SlProfileGetCmdCtrl
20015b38   _SlRecvCmdCtrl
20015b28   _SlRecvfomCmdCtrl
20015c08   _SlRegisterServiceCtrl
200140cd   _SlRemoveFromList
20015540   _SlRxFilterAddtCmdCtrl
20015548   _SlRxFilterGetCmdCtrl
20015544   _SlRxFilterSetCmdCtrl
20015b44   _SlSelectCmdCtrl
20015b2c   _SlSendCmdCtrl
20015b3c   _SlSetSockOptCmdCtrl
2001554c   _SlSmartConfigStartCmdCtrl
20015b24   _SlSockCloseCmdCtrl
20015b20   _SlSockSocketCmdCtrl
20015cb4   _SlStopCmdCtrl
20015558   _SlWlanCfgGetCmdCtrl
20015554   _SlWlanCfgSetCmdCtrl
2001553c   _SlWlanGetNetworkListCtrl
20015550   _SlWlanSetModeCmdCtrl
20001210   _Snan
2000151c   _Tls_setup__Fenv
20001230   _Xbig
20001238   _Zero
2002c400   __CIOBUF_
20004000   __STACK_END
00001000   __STACK_SIZE
00004000   __SYSMEM_SIZE
20016890   __TI_CINIT_Base
200168a0   __TI_CINIT_Limit
2001687c   __TI_Handler_Table_Base
20016888   __TI_Handler_Table_Limit
00000001   __TI_args_main
2001233d   __TI_auto_init
2000e2ed   __TI_cleanup
20001510   __TI_cleanup_ptr
200120e5   __TI_closefile
2001514b   __TI_decompress_none
200151c9   __TI_decompress_rle24
20011545   __TI_doflush
20001514   __TI_dtors_ptr
200014cc   __TI_ft_end
2000620f   __TI_printfi
20011cdb   __TI_rd_ok
20013673   __TI_readmsg
20015cf0   __TI_static_base__
2002c6e8   __TI_tmpnams
20013645   __TI_writemsg
20011c79   __TI_wrt_ok
200150c7   __TI_zero_init
200151db   __abort_execution
200127a5   __aeabi_cdcmpeq
200127a5   __aeabi_cdcmple
2001282b   __aeabi_cdrcmple
20013525   __aeabi_cfcmpeq
20013525   __aeabi_cfcmple
20013585   __aeabi_cfrcmple
20013c77   __aeabi_d2f
20013d51   __aeabi_d2iz
20013f3d   __aeabi_d2uiz
2000e5a7   __aeabi_dadd
2000f7c1   __aeabi_ddiv
2001085d   __aeabi_dmul
2000e59d   __aeabi_dsub
200143a5   __aeabi_f2d
200143dd   __aeabi_f2iz
200145f5   __aeabi_f2uiz
2001095d   __aeabi_fadd
200123d1   __aeabi_fdiv
20012c29   __aeabi_fmul
20010959   __aeabi_fsub
200147e5   __aeabi_i2d
20014415   __aeabi_i2f
20014ee1   __aeabi_lmul
20012d95   __aeabi_memclr
20012d95   __aeabi_memclr4
20012d95   __aeabi_memclr8
20011fb1   __aeabi_memcpy
20011fb1   __aeabi_memcpy4
20011fb1   __aeabi_memcpy8
20012d97   __aeabi_memset
20012d97   __aeabi_memset4
20012d97   __aeabi_memset8
200014d8   __aeabi_stderr
200014d0   __aeabi_stdin
200014d4   __aeabi_stdout
2000dc65   __aeabi_uldivmod
ffffffff   __binit__
ffffffff   __c_args__
20003000   __stack
2000d65b   __vla_alloc
2000d54d   __vla_dealloc
2000d5db   __vla_dealloc_eh
20014ec9   _args_main
2001458d   _c_int00
20015324   _ctypes_
20000f50   _ftable
20001508   _lock
2001504f   _nop
20015047   _register_lock
20015041   _register_unlock
20014999   _sl_BuildAddress
200132cd   _sl_GetCreateFsMode
20013c2d   _sl_GetStartResponseConvert
20013331   _sl_HandleAsync_Accept
20013195   _sl_HandleAsync_Connect
20012ab5   _sl_HandleAsync_DnsGetHostByName
200131fd   _sl_HandleAsync_DnsGetHostByService
20012e85   _sl_HandleAsync_InitComplete
20012fe1   _sl_HandleAsync_PingResponse
20013865   _sl_HandleAsync_Select
20013911   _sl_HandleAsync_Stop
20014fab   _sl_Strlen
20013051   _sl_TruncatePayloadByProtocol
2002c8e0   _sys_memory
2000150c   _unlock
20013efd   abort
2000e803   addHttpRequestHeader
2000e831   addHttpRequestHeaderInt
2000e755   addHttpRequestLine
2000cee7   add_device
20011785   asinf
20010759   atan2l
20013afd   atoi
2000e7bf   beginHttpGetRequest
2000e79d   beginHttpRequest
ffffffff   binit
200090c3   buildRequestHeaders
2000c1a5   calloc
20008cdd   clearAccelMotionIntrpt
2002c7d8   clientStateFileName
2000ce95   close
200014c4   cnt
20008793   configureFXOS8700
20013eb5   copy_in
2000a84f   createInstallation
2000a219   createNewInstallationId
2002c8c4   dataBuffer
200014c8   dataBufferSize
200119b1   debugPrint
200119d3   debugPrintf
20004691   eTaskGetState
2000e049   ensureCertificateFile
20013f05   exit
2001214b   fclose
200145c1   feraiseexcept
2000a1a5   fetchDeviceOSVersion
20011591   fflush
2000afbb   findSecondJson
20010a55   fmodf
2000e343   fopen
200130c9   fprintf
20011f15   fputc
2000fa2d   fputs
2000beff   free
2000e319   freopen
20013395   fseek
20000dd0   gFirstCmdMode
2002c8dc   g_CaptureImage
200159b0   g_H2NCnysPattern
200159a8   g_H2NSyncPattern
20001318   g_SpiFd
20000dd8   g_StatMem
20001328   g_cDummy
20015c9c   g_deviceClientVersion
2002c8de   g_frame_end
2002c8c8   g_frame_size_in_bytes
20000600   g_header
2002c8cc   g_header_length
20018000   g_image_buffer
2000149c   g_osVersion
20000dd4   g_pCB
2000131c   g_pHostIntHdl
20004000   g_pfnVectors
2002c8b0   g_ucConnectionBSSID
2002c80c   g_ucConnectionSSID
20001320   g_ucDMAEnabled
2000132c   g_ucDinDout
200014f0   g_uiSimplelinkRole
200014ec   g_ulGatewayIP
20001504   g_ulPingPacketsRecv
200014e8   g_ulStatus
20008b49   getAccelerationMagnitude
20008a0f   getDoorDirection
2000e87f   getHttpResponseBody
2000e853   getHttpResponseStatus
2000a89f   getInstallation
2000ff93   getInternalClient
20008ac5   getMagnFlux_3axis
2000b00b   getPushJson
2002c520   gfpAppCallbackHndl
2002c000   gpCtlTbl
20010441   i2cReadRegisters
200104ed   i2cReadRegistersTwoBytes
20010483   i2cWriteRegisters
2002c8df   iDone
20006ad1   initNetwork
20013a61   intToASCII
2000afe7   isCompleteJson
2000a141   isPingTime
2000c1dd   loadClientState
200151cf   log
2000ce71   lseek
20013703   ltoa
20009ea1   main
2000153c   main_func_sp
2000be9d   malloc
2000bd81   mem_Free
2000bd75   mem_Malloc
2000bda1   mem_copy
2000bd8d   mem_set
2000c0c5   memalign
20014cfd   memccpy
20014fc1   memchr
20014c27   memcmp
20011fb1   memcpy
20014ac9   memmove
20012d9d   memset
2000be11   minit
2000cdc3   open
2000bdf7   osi_ContextRestore
2000bdf5   osi_ContextSave
2000bdb5   osi_EnterCritical
2000bdbf   osi_ExitCritical
2000b9db   osi_InterruptDeRegister
2000b9b5   osi_InterruptRegister
2000bae5   osi_LockObjCreate
2000bb59   osi_LockObjDelete
2000bb69   osi_LockObjLock
2000bb95   osi_LockObjUnlock
2000bca9   osi_MsgQCreate
2000bced   osi_MsgQDelete
2000bd39   osi_MsgQRead
2000bd07   osi_MsgQWrite
2000bdd1   osi_Sleep
2000bbbf   osi_Spawn
2000bac3   osi_SyncObjClear
2000b9ed   osi_SyncObjCreate
2000ba1d   osi_SyncObjDelete
2000ba37   osi_SyncObjSignal
2000ba5f   osi_SyncObjSignalFromISR
2000ba97   osi_SyncObjWait
2000bb0b   osi_TaskCreate
2000bb4b   osi_TaskDelete
2000bde1   osi_TaskDisable
2000bdeb   osi_TaskEnable
2000bdc9   osi_start
20000dcc   pPingCallBackFunc
20009835   parseGetErrorCode
2000aac1   parseGetInstallationId
2000fee9   parseInitialize
200097f1   parseSendRequest
2000977f   parseSendRequestInternal
2000aa13   parseSetInstallationId
20015cd5   pcDigits
20004bb5   pcTaskGetTaskName
200118f5   portCLZ
2000b525   pow
200118dd   prvPortStartFirstTask
20011f99   putc
20011f9d   putchar
2000fb39   puts
2001436d   pvPortMalloc
2000143c   pxCurrentTCB
20010115   pxPortInitialiseStack
20014813   raise
20013b5f   rand
2000cd9f   read
2000bfbf   realloc
2000cd15   remove
2000cd77   remove_device
2000cd39   rename
2000d835   retreiveImageIDfromHTTPResponse
2000c2ef   saveClientState
20009645   sendRequest
20011261   sensorsTriggerSetup
200090a1   setDataBufferPointer
200089cd   setMotionDetectionThreshold
20010e0d   setvbuf
2001410d   signal
2000abf1   simpleJsonProcessor
200151d5   sinf
20014aed   sl_Close
20010c3d   sl_Connect
20012b31   sl_DevGet
20013d99   sl_DevSet
20012bad   sl_FsClose
20013de1   sl_FsDel
20013265   sl_FsGetInfo
200139b9   sl_FsOpen
200124f5   sl_FsRead
20012581   sl_FsWrite
2001444d   sl_Htonl
20014691   sl_Htons
20010fc1   sl_NetAppDnsGetHostByName
2001271d   sl_NetAppMDNSRegisterUnregisterService
200150d9   sl_NetAppMDNSUnRegisterService
20013a0d   sl_NetAppSendTokenValue
20014b11   sl_NetAppStart
20014b35   sl_NetAppStop
20013fc5   sl_NetCfgSet
20014009   sl_Recv
2001054d   sl_Select
20011bc9   sl_Send
20013b95   sl_SetSockOpt
200147b5   sl_Socket
200116c5   sl_Start
20011481   sl_Stop
2000e905   sl_WlanConnect
200151af   sl_WlanDisconnect
20012ef9   sl_WlanGet
2001414d   sl_WlanPolicySet
20014b59   sl_WlanProfileDel
2001418d   sl_WlanRxFilterSet
20013e29   sl_WlanSet
200149e9   sl_WlanSetMode
2001217d   snprintf
2000b439   socketClose
2000b291   socketRead
2000b0f5   socketSslConnect
2000b095   socketWait
2000b383   socketWrite
20012f6d   spi_Close
2000fb61   spi_Open
20011165   spi_Read
20010d25   spi_Write
200135e5   sprintf
2000f681   sqrt
20011099   sqrtf
20013b49   srand
200014c2   sshPort
20014fd7   strchr
20014ef9   strcmp
2001511d   strcpy
20015055   strlen
20014281   strncasecmp
200149c1   strncat
20014a37   strncmp
20014755   strncpy
20014629   strstr
2001512d   tolower
20013be1   uDMAChannelAssign
2001345d   uDMAChannelAttributeDisable
200134c1   uDMAChannelAttributeEnable
200142bd   uDMAChannelControlSet
20014d19   uDMAChannelDisable
20014d35   uDMAChannelEnable
20010b4d   uDMAChannelTransferSet
20015069   uDMAControlBaseSet
20015181   uDMADisable
2001518d   uDMAEnable
2001507d   uDMAIntClear
20014fed   uDMAIntRegister
20015199   uDMAIntStatus
200150eb   uDMAIntUnregister
200083c1   ucQueueGetQueueType
20011845   ulPortSetInterruptMask
2000cd15   unlink
20008c9d   updateConfigReg
2000a19b   updateLastPingTime
2000fe9f   uxListRemove
200083a1   uxQueueGetQueueNumber
20008335   uxQueueMessagesWaiting
2000836b   uxQueueMessagesWaitingFromISR
2000834b   uxQueueSpacesAvailable
20004ba9   uxTaskGetNumberOfTasks
20004bd9   uxTaskGetSystemState
200050c9   uxTaskGetTaskNumber
20004725   uxTaskPriorityGet
20005621   uxTaskResetEventItemValue
200099a3   vApplicationIdleHook
200099a5   vApplicationMallocFailedHook
200099a7   vApplicationStackOverflowHook
200099a1   vAssertCalled
2000fdbd   vListInitialise
2000fded   vListInitialiseItem
2000fe39   vListInsert
2000fdfd   vListInsertEnd
2001185b   vPortClearInterruptMask
20010191   vPortEndScheduler
200101a5   vPortEnterCritical
200101bd   vPortExitCritical
2001438d   vPortFree
200118b5   vPortSVCHandler
200101f1   vPortSetupTimerInterrupt
20010193   vPortYield
200085db   vQueueAddToRegistry
2000837d   vQueueDelete
200083af   vQueueSetQueueNumber
2000861d   vQueueUnregisterQueue
2000463b   vTaskDelay
2000459f   vTaskDelayUntil
2000450f   vTaskDelete
20004a8d   vTaskEndScheduler
200050bb   vTaskMissedYield
20004e51   vTaskPlaceOnEventList
20004eb5   vTaskPlaceOnUnorderedEventList
20005597   vTaskPriorityDisinherit
200054dd   vTaskPriorityInherit
2000475d   vTaskPrioritySet
20004955   vTaskResume
200050e9   vTaskSetTaskNumber
2000501b   vTaskSetTimeOutState
20004a43   vTaskStartScheduler
20004861   vTaskSuspend
20004a9f   vTaskSuspendAll
20004dd1   vTaskSwitchContext
20008765   verifyAccelMagnSensor
20012695   vsnprintf
2000cc85   write
20008fc3   writeMagntCalibrationValue
200014dc   xHigherPriorityTaskWoken
20011869   xPortPendSVHandler
20010165   xPortStartScheduler
200101d5   xPortSysTickHandler
2000866b   xQueueAddToSet
20007f9d   xQueueAltGenericReceive
20007ef1   xQueueAltGenericSend
20007dc5   xQueueCreateCountingSemaphore
20007d47   xQueueCreateMutex
20008657   xQueueCreateSet
20007cd1   xQueueGenericCreate
20008137   xQueueGenericReceive
20007c41   xQueueGenericReset
20007de5   xQueueGenericSend
2000809b   xQueueGenericSendFromISR
20008577   xQueueIsQueueEmptyFromISR
200085b9   xQueueIsQueueFullFromISR
200082f1   xQueuePeekFromISR
20008279   xQueueReceiveFromISR
2002c788   xQueueRegistry
2000869f   xQueueRemoveFromSet
200086e1   xQueueSelectFromSet
200086fb   xQueueSelectFromSetFromISR
200014e0   xSimpleLinkSpawnQueue
200014e4   xSimpleLinkSpawnTaskHndl
20005041   xTaskCheckForTimeOut
20004401   xTaskGenericCreate
20005491   xTaskGetCurrentTaskHandle
20004c97   xTaskGetIdleTaskHandle
200054a5   xTaskGetSchedulerState
20004b7d   xTaskGetTickCount
20004b91   xTaskGetTickCountFromISR
20004cb5   xTaskIncrementTick
20004f25   xTaskRemoveFromEventList
20004fad   xTaskRemoveFromUnorderedEventList
20004ab1   xTaskResumeAll
200049c9   xTaskResumeFromISR


GLOBAL SYMBOLS: SORTED BY Symbol Address 

address    name
--------   ----
00000001   __TI_args_main
00001000   __STACK_SIZE
00004000   __SYSMEM_SIZE
20000000   JPEG_StdHuffmanTbl
20000600   g_header
20000dcc   pPingCallBackFunc
20000dd0   gFirstCmdMode
20000dd4   g_pCB
20000dd8   g_StatMem
20000f50   _ftable
200011c0   _Denorm
200011d0   _Eps
200011e0   _Hugeval
200011f0   _Inf
20001200   _Nan
20001210   _Snan
20001220   _Rteps
20001230   _Xbig
20001238   _Zero
20001240   _LDenorm
20001250   _LEps
20001260   _LInf
20001270   _LNan
20001280   _LSnan
20001290   _LRteps
200012a0   _LXbig
200012a8   _LZero
200012b0   _FDenorm
200012c0   _FEps
200012d0   _FInf
200012e0   _FNan
200012f0   _FSnan
20001300   _FRteps
20001310   _FXbig
20001314   _FZero
20001318   g_SpiFd
2000131c   g_pHostIntHdl
20001320   g_ucDMAEnabled
20001324   DMAMsgQ
20001328   g_cDummy
2000132c   g_ucDinDout
2000137c   JPEG_StdQuantTblC
200013bc   JPEG_StdQuantTblY
2000143c   pxCurrentTCB
2000149c   g_osVersion
200014c2   sshPort
200014c4   cnt
200014c8   dataBufferSize
200014cc   __TI_ft_end
200014d0   __aeabi_stdin
200014d4   __aeabi_stdout
200014d8   __aeabi_stderr
200014dc   xHigherPriorityTaskWoken
200014e0   xSimpleLinkSpawnQueue
200014e4   xSimpleLinkSpawnTaskHndl
200014e8   g_ulStatus
200014ec   g_ulGatewayIP
200014f0   g_uiSimplelinkRole
20001504   g_ulPingPacketsRecv
20001508   _lock
2000150c   _unlock
20001510   __TI_cleanup_ptr
20001514   __TI_dtors_ptr
20001518   _Fenv
2000151c   _Tls_setup__Fenv
2000152c   DigiCertHighAssuranceEVRootCA_der_len
20001530   _Errno
2000153c   main_func_sp
20003000   __stack
20004000   __STACK_END
20004000   g_pfnVectors
20004401   xTaskGenericCreate
2000450f   vTaskDelete
2000459f   vTaskDelayUntil
2000463b   vTaskDelay
20004691   eTaskGetState
20004725   uxTaskPriorityGet
2000475d   vTaskPrioritySet
20004861   vTaskSuspend
20004955   vTaskResume
200049c9   xTaskResumeFromISR
20004a43   vTaskStartScheduler
20004a8d   vTaskEndScheduler
20004a9f   vTaskSuspendAll
20004ab1   xTaskResumeAll
20004b7d   xTaskGetTickCount
20004b91   xTaskGetTickCountFromISR
20004ba9   uxTaskGetNumberOfTasks
20004bb5   pcTaskGetTaskName
20004bd9   uxTaskGetSystemState
20004c97   xTaskGetIdleTaskHandle
20004cb5   xTaskIncrementTick
20004dd1   vTaskSwitchContext
20004e51   vTaskPlaceOnEventList
20004eb5   vTaskPlaceOnUnorderedEventList
20004f25   xTaskRemoveFromEventList
20004fad   xTaskRemoveFromUnorderedEventList
2000501b   vTaskSetTimeOutState
20005041   xTaskCheckForTimeOut
200050bb   vTaskMissedYield
200050c9   uxTaskGetTaskNumber
200050e9   vTaskSetTaskNumber
20005491   xTaskGetCurrentTaskHandle
200054a5   xTaskGetSchedulerState
200054dd   vTaskPriorityInherit
20005597   vTaskPriorityDisinherit
20005621   uxTaskResetEventItemValue
2000620f   __TI_printfi
20006519   InitializeAppVariables
20006541   ConfigureSimpleLinkToDefaultState
200067e1   ConfigureMode
2000681d   ConnectToNetwork
20006985   ConnectToNetwork_2
20006a2b   ConnectToNetwork_STA_2
20006a47   ConnectToNetwork_STA
20006ad1   initNetwork
20006bf5   SimpleLinkWlanEventHandler
20006cd9   SimpleLinkNetAppEventHandler
20006d79   SimpleLinkSockEventHandler
20006dbd   SimpleLinkHttpServerCallback
200070b9   StartCamera
20007129   CaptureImage
20007557   CamControllerInit
20007c41   xQueueGenericReset
20007cd1   xQueueGenericCreate
20007d47   xQueueCreateMutex
20007dc5   xQueueCreateCountingSemaphore
20007de5   xQueueGenericSend
20007ef1   xQueueAltGenericSend
20007f9d   xQueueAltGenericReceive
2000809b   xQueueGenericSendFromISR
20008137   xQueueGenericReceive
20008279   xQueueReceiveFromISR
200082f1   xQueuePeekFromISR
20008335   uxQueueMessagesWaiting
2000834b   uxQueueSpacesAvailable
2000836b   uxQueueMessagesWaitingFromISR
2000837d   vQueueDelete
200083a1   uxQueueGetQueueNumber
200083af   vQueueSetQueueNumber
200083c1   ucQueueGetQueueType
20008577   xQueueIsQueueEmptyFromISR
200085b9   xQueueIsQueueFullFromISR
200085db   vQueueAddToRegistry
2000861d   vQueueUnregisterQueue
20008657   xQueueCreateSet
2000866b   xQueueAddToSet
2000869f   xQueueRemoveFromSet
200086e1   xQueueSelectFromSet
200086fb   xQueueSelectFromSetFromISR
20008765   verifyAccelMagnSensor
20008793   configureFXOS8700
200089cd   setMotionDetectionThreshold
20008a0f   getDoorDirection
20008ac5   getMagnFlux_3axis
20008b49   getAccelerationMagnitude
20008c9d   updateConfigReg
20008cdd   clearAccelMotionIntrpt
20008d2d   FXOS8700CQ_Init
20008e19   FXOS8700CQ_Mag_Calibration
20008fc3   writeMagntCalibrationValue
200090a1   setDataBufferPointer
200090c3   buildRequestHeaders
20009645   sendRequest
2000977f   parseSendRequestInternal
200097f1   parseSendRequest
20009835   parseGetErrorCode
200099a1   vAssertCalled
200099a3   vApplicationIdleHook
200099a5   vApplicationMallocFailedHook
200099a7   vApplicationStackOverflowHook
200099a9   CollectTxit_ImgTempRH
20009a11   Main_Task
20009ea1   main
2000a141   isPingTime
2000a19b   updateLastPingTime
2000a1a5   fetchDeviceOSVersion
2000a219   createNewInstallationId
2000a84f   createInstallation
2000a89f   getInstallation
2000aa13   parseSetInstallationId
2000aac1   parseGetInstallationId
2000abf1   simpleJsonProcessor
2000afbb   findSecondJson
2000afe7   isCompleteJson
2000b00b   getPushJson
2000b095   socketWait
2000b0f5   socketSslConnect
2000b291   socketRead
2000b383   socketWrite
2000b439   socketClose
2000b525   pow
2000b9b5   osi_InterruptRegister
2000b9db   osi_InterruptDeRegister
2000b9ed   osi_SyncObjCreate
2000ba1d   osi_SyncObjDelete
2000ba37   osi_SyncObjSignal
2000ba5f   osi_SyncObjSignalFromISR
2000ba97   osi_SyncObjWait
2000bac3   osi_SyncObjClear
2000bae5   osi_LockObjCreate
2000bb0b   osi_TaskCreate
2000bb4b   osi_TaskDelete
2000bb59   osi_LockObjDelete
2000bb69   osi_LockObjLock
2000bb95   osi_LockObjUnlock
2000bbbf   osi_Spawn
2000bc2d   VStartSimpleLinkSpawnTask
2000bc7d   VDeleteSimpleLinkSpawnTask
2000bca9   osi_MsgQCreate
2000bced   osi_MsgQDelete
2000bd07   osi_MsgQWrite
2000bd39   osi_MsgQRead
2000bd75   mem_Malloc
2000bd81   mem_Free
2000bd8d   mem_set
2000bda1   mem_copy
2000bdb5   osi_EnterCritical
2000bdbf   osi_ExitCritical
2000bdc9   osi_start
2000bdd1   osi_Sleep
2000bde1   osi_TaskDisable
2000bdeb   osi_TaskEnable
2000bdf5   osi_ContextSave
2000bdf7   osi_ContextRestore
2000be11   minit
2000be9d   malloc
2000beff   free
2000bfbf   realloc
2000c0c5   memalign
2000c1a5   calloc
2000c1dd   loadClientState
2000c2ef   saveClientState
2000c591   _SlDrvMsgRead
2000c939   _SlAsyncEventGenericHandler
2000cc85   write
2000cd15   remove
2000cd15   unlink
2000cd39   rename
2000cd77   remove_device
2000cd9f   read
2000cdc3   open
2000ce71   lseek
2000ce95   close
2000cee7   add_device
2000cf95   _Log
2000d279   HOSTwrite
2000d2c5   HOSTunlink
2000d2fd   HOSTtime
2000d337   HOSTrename
2000d395   HOSTread
2000d3e1   HOSTopen
2000d433   HOSTlseek
2000d48f   HOSTgetenv
2000d4cd   HOSTclose
2000d505   HOSTclock
2000d54d   __vla_dealloc
2000d5db   __vla_dealloc_eh
2000d65b   __vla_alloc
2000d7ed   InitialiseParse
2000d803   UploadImageToParse
2000d821   UploadSensorDataToParse
2000d835   retreiveImageIDfromHTTPResponse
2000d86d   ConstructDeviceStateObject
2000da69   _Exp
2000dc65   __aeabi_uldivmod
2000de59   CameraSensorInit
2000de61   StartSensorInJpegMode
2000e049   ensureCertificateFile
2000e2ed   __TI_cleanup
2000e319   freopen
2000e343   fopen
2000e3e5   InitTerm
2000e403   Message
2000e41d   ClearTerm
2000e423   Error
2000e457   GetCmd
2000e4b7   TrimSpace
2000e501   Report
2000e59d   __aeabi_dsub
2000e5a7   __aeabi_dadd
2000e755   addHttpRequestLine
2000e79d   beginHttpRequest
2000e7bf   beginHttpGetRequest
2000e803   addHttpRequestHeader
2000e831   addHttpRequestHeaderInt
2000e853   getHttpResponseStatus
2000e87f   getHttpResponseBody
2000e905   sl_WlanConnect
2000eaa1   _FSin
2000ec39   DmaSwIntHandler
2000ec4b   DmaErrorIntHandler
2000ec57   UDMAInit
2000eca1   UDMAChannelSelect
2000ecc9   SetupTransfer
2000ecff   UDMASetupAutoMemTransfer
2000ed23   UDMASetupPingPongTransfer
2000ed6d   UDMADeInit
2000ed81   DMASetupTransfer
2000edcd   CreateFile_Flash
2000ee25   WriteFile_ToFlash
2000eea1   ReadFile_FromFlash
2000efbb   I2C_IF_Write
2000f01d   I2C_IF_Read
2000f085   I2C_IF_ReadFrom
2000f0a5   I2C_IF_Open
2000f0cf   I2C_IF_Close
2000f0e5   _LAtan
2000f26d   I2CInit
2000f28b   I2CBufferRead
2000f333   I2CBufferWrite
2000f3dd   _SlDrvDataReadOp
2000f541   _SlDrvRxHdrRead
2000f681   sqrt
2000f7c1   __aeabi_ddiv
2000f8f9   PRCMCC3200MCUInit
2000fa2d   fputs
2000fb39   puts
2000fb61   spi_Open
2000fc91   _SlDrvDataWriteOp
2000fdbd   vListInitialise
2000fded   vListInitialiseItem
2000fdfd   vListInsertEnd
2000fe39   vListInsert
2000fe9f   uxListRemove
2000fee9   parseInitialize
2000ff93   getInternalClient
20010001   _SlDrvMsgWrite
20010115   pxPortInitialiseStack
20010165   xPortStartScheduler
20010191   vPortEndScheduler
20010193   vPortYield
200101a5   vPortEnterCritical
200101bd   vPortExitCritical
200101d5   xPortSysTickHandler
200101f1   vPortSetupTimerInterrupt
20010225   _Dscale
20010335   _SlDrvWaitForPoolObj
20010441   i2cReadRegisters
20010483   i2cWriteRegisters
200104ed   i2cReadRegistersTwoBytes
2001054d   sl_Select
20010655   _SlDrvReleasePoolObj
20010759   atan2l
2001085d   __aeabi_dmul
20010959   __aeabi_fsub
2001095d   __aeabi_fadd
20010a55   fmodf
20010b4d   uDMAChannelTransferSet
20010c3d   sl_Connect
20010d25   spi_Write
20010e0d   setvbuf
20010ee9   _FAtan
20010fc1   sl_NetAppDnsGetHostByName
20011099   sqrtf
20011165   spi_Read
20011231   HIBernate
20011261   sensorsTriggerSetup
200112f9   _Dint
200113bd   _Dnorm
20011481   sl_Stop
20011545   __TI_doflush
20011591   fflush
20011605   _FDscale
200116c5   sl_Start
20011785   asinf
20011845   ulPortSetInterruptMask
2001185b   vPortClearInterruptMask
20011869   xPortPendSVHandler
200118b5   vPortSVCHandler
200118dd   prvPortStartFirstTask
200118f5   portCLZ
200118fd   _SlDrvMsgReadCmdCtx
200119b1   debugPrint
200119d3   debugPrintf
20011a65   _SlDrvNetAppEventHandler
20011b17   PinMuxConfig
20011bc9   sl_Send
20011c79   __TI_wrt_ok
20011cdb   __TI_rd_ok
20011d25   IntDisable
20011dcd   IntEnable
20011e75   SPIConfigSetExpClk
20011f15   fputc
20011f99   putc
20011f9d   putchar
20011fb1   __aeabi_memcpy
20011fb1   __aeabi_memcpy4
20011fb1   __aeabi_memcpy8
20011fb1   memcpy
2001204d   _SlFindAndSetActiveObj
200120e5   __TI_closefile
2001214b   fclose
2001217d   snprintf
20012215   PRCMPeripheralClockGet
200122a9   _SlDrvClassifyRxMsg
2001233d   __TI_auto_init
200123d1   __aeabi_fdiv
20012465   _SlDrvMsgReadSpawnCtx
200124f5   sl_FsRead
20012581   sl_FsWrite
2001260d   PinConfigSet
20012695   vsnprintf
2001271d   sl_NetAppMDNSRegisterUnregisterService
200127a5   __aeabi_cdcmpeq
200127a5   __aeabi_cdcmple
2001282b   __aeabi_cdrcmple
200128b1   I2CMasterInitExpClk
20012935   _SlDrvCmdOp
200129b9   NwpPowerOnPreamble
20012a39   _SlDrvDriverCBInit
20012ab5   _sl_HandleAsync_DnsGetHostByName
20012b31   sl_DevGet
20012bad   sl_FsClose
20012c29   __aeabi_fmul
20012ca3   _FDnorm
20012d95   __aeabi_memclr
20012d95   __aeabi_memclr4
20012d95   __aeabi_memclr8
20012d97   __aeabi_memset
20012d97   __aeabi_memset4
20012d97   __aeabi_memset8
20012d9d   memset
20012e0d   UARTConfigSetExpClk
20012e85   _sl_HandleAsync_InitComplete
20012ef9   sl_WlanGet
20012f6d   spi_Close
20012fe1   _sl_HandleAsync_PingResponse
20013051   _sl_TruncatePayloadByProtocol
200130c9   fprintf
2001312d   PRCMHibernateWakeUpGPIOSelect
20013195   _sl_HandleAsync_Connect
200131fd   _sl_HandleAsync_DnsGetHostByService
20013265   sl_FsGetInfo
200132cd   _sl_GetCreateFsMode
20013331   _sl_HandleAsync_Accept
20013395   fseek
200133f9   _Dunscale
2001345d   uDMAChannelAttributeDisable
200134c1   uDMAChannelAttributeEnable
20013525   __aeabi_cfcmpeq
20013525   __aeabi_cfcmple
20013585   __aeabi_cfrcmple
200135e5   sprintf
20013645   __TI_writemsg
2001366f   C$$IO$$
20013673   __TI_readmsg
20013703   ltoa
2001375d   IntPendClear
200137b5   PRCMPeripheralReset
2001380d   _SlDrvDriverCBDeinit
20013865   _sl_HandleAsync_Select
200138bd   IntPrioritySet
20013911   _sl_HandleAsync_Stop
20013965   _FDunscale
200139b9   sl_FsOpen
20013a0d   sl_NetAppSendTokenValue
20013a61   intToASCII
20013ab1   SPIIntEnable
20013afd   atoi
20013b49   srand
20013b5f   rand
20013b95   sl_SetSockOpt
20013be1   uDMAChannelAssign
20013c2d   _sl_GetStartResponseConvert
20013c77   __aeabi_d2f
20013cc1   PRCMHibernateWakeupSourceEnable
20013d09   SPIIntClear
20013d51   __aeabi_d2iz
20013d99   sl_DevSet
20013de1   sl_FsDel
20013e29   sl_WlanSet
20013eb5   copy_in
20013ef9   C$$EXIT
20013efd   abort
20013f05   exit
20013f3d   __aeabi_d2uiz
20013f81   _Dtest
20013fc5   sl_NetCfgSet
20014009   sl_Recv
2001404d   PinModeSet
2001408d   _SlDrvRxIrqHandler
200140cd   _SlRemoveFromList
2001410d   signal
2001414d   sl_WlanPolicySet
2001418d   sl_WlanRxFilterSet
200141cd   NwpPowerOff
20014209   PRCMPeripheralClkEnable
20014245   _SlDrvObjInit
20014281   strncasecmp
200142bd   uDMAChannelControlSet
200142f9   CameraCaptureStop
20014333   CameraXClkConfig
2001436d   pvPortMalloc
2001438d   vPortFree
200143a5   __aeabi_f2d
200143dd   __aeabi_f2iz
20014415   __aeabi_i2f
2001444d   sl_Htonl
20014485   GPIODirModeSet
200144bb   CameraParamsConfig
200144f1   PRCMPeripheralStatusGet
20014525   SPIFIFOLevelSet
20014559   _SlDrvBasicCmd
2001458d   _c_int00
200145c1   feraiseexcept
200145f5   __aeabi_f2uiz
20014629   strstr
2001465d   _FDtest
20014691   sl_Htons
200146c5   NwpPowerOn
200146f5   PinTypeGPIO
20014725   UARTDisable
20014755   strncpy
20014785   _Feraise
200147b5   sl_Socket
200147e5   __aeabi_i2d
20014813   raise
20014841   CameraIntEnable
2001486d   DmaSpiSwIntHandler
20014899   I2CMasterErr
200148c5   PRCMSysResetCauseGet
200148f1   _SlDrvFlowContDeinit
2001491d   _SlDrvFlowContInit
20014949   CameraIntStatus
20014971   PRCMPeripheralClkDisable
20014999   _sl_BuildAddress
200149c1   strncat
200149e9   sl_WlanSetMode
20014a11   CameraThresholdSet
20014a37   strncmp
20014a5d   CameraIntClear
20014a81   IntUnregister
20014aa5   UARTEnable
20014ac9   memmove
20014aed   sl_Close
20014b11   sl_NetAppStart
20014b35   sl_NetAppStop
20014b59   sl_WlanProfileDel
20014b7d   CameraCaptureStart
20014b9f   I2CMasterSlaveAddrSet
20014bc1   NwpRegisterInterruptHandler
20014be3   SPIReset
20014c05   SPIWordCountSet
20014c27   memcmp
20014c49   IntRegister
20014c69   _SlDrvCmdSend
20014c89   I2CMasterIntStatusEx
20014ca7   UARTCharPut
20014cc5   PinTypeI2C
20014ce1   _SlDrvObjDeInit
20014cfd   memccpy
20014d19   UDMAStopTransfer
20014d19   uDMAChannelDisable
20014d35   uDMAChannelEnable
20014d51   CopyPingResultsToReport
20014d6b   PinTypeCamera
20014d85   PinTypeUART
20014d9f   SPIDmaDisable
20014db9   SPIDmaEnable
20014dd3   SPIFIFODisable
20014ded   SPIFIFOEnable
20014e07   _SlDrvDeviceEventHandler
20014e21   CameraReset
20014e39   GPIOPinRead
20014e51   PRCMHibernateEnter
20014e69   SPICSDisable
20014e81   SPICSEnable
20014e99   SPIDisable
20014eb1   SPIEnable
20014ec9   _args_main
20014ee1   __aeabi_lmul
20014ef9   strcmp
20014f11   CameraDMAEnable
20014f27   CameraIntRegister
20014f3d   I2CMasterDataPut
20014f53   I2CMasterEnable
20014f69   PRCMHIBRegRead
20014f7f   PRCMHIBRegWrite
20014f95   UARTCharGet
20014fab   _sl_Strlen
20014fc1   memchr
20014fd7   strchr
20014fed   uDMAIntRegister
20015003   CPUcpsie
20015019   IntVTableBaseSet
2001502d   _SlDrvShiftDWord
20015041   _register_unlock
20015047   _register_lock
2001504f   _nop
20015055   strlen
20015069   uDMAControlBaseSet
2001507d   uDMAIntClear
20015091   I2CMasterControl
200150a3   I2CMasterIntClearEx
200150b5   I2CMasterTimeoutSet
200150c7   __TI_zero_init
200150d9   sl_NetAppMDNSUnRegisterService
200150eb   uDMAIntUnregister
200150fd   NwpMaskInterrupt
2001510d   SL_FD_SET
2001511d   strcpy
2001512d   tolower
2001513d   I2CMasterDataGet
2001514b   __TI_decompress_none
20015159   _Dclass
20015167   ResetISR
20015175   NwpUnMaskInterrupt
20015181   uDMADisable
2001518d   uDMAEnable
20015199   uDMAIntStatus
200151a5   IntMasterEnable
200151af   sl_WlanDisconnect
200151b7   MT9D111Delay
200151bd   SL_FD_ZERO
200151c3   UtilsDelay
200151c9   __TI_decompress_rle24
200151cf   log
200151d5   sinf
200151db   __abort_execution
200151df   _LDtest
20015324   _ctypes_
2001552c   _SlPolicySetCmdCtrl
20015530   _SlPolicyGetCmdCtrl
20015534   _SlProfileGetCmdCtrl
20015538   _SlProfileDelCmdCtrl
2001553c   _SlWlanGetNetworkListCtrl
20015540   _SlRxFilterAddtCmdCtrl
20015544   _SlRxFilterSetCmdCtrl
20015548   _SlRxFilterGetCmdCtrl
2001554c   _SlSmartConfigStartCmdCtrl
20015550   _SlWlanSetModeCmdCtrl
20015554   _SlWlanCfgSetCmdCtrl
20015558   _SlWlanCfgGetCmdCtrl
200159a8   g_H2NSyncPattern
200159b0   g_H2NCnysPattern
200159b8   _SlActionLookupTable
20015a70   _SlFsOpenCmdCtrl
20015a74   _SlFsCloseCmdCtrl
20015a78   _SlFsReadCmdCtrl
20015a7c   _SlFsWriteCmdCtrl
20015a80   _SlFsGetInfoCmdCtrl
20015a84   _SlFsDeleteCmdCtrl
20015b20   _SlSockSocketCmdCtrl
20015b24   _SlSockCloseCmdCtrl
20015b28   _SlRecvfomCmdCtrl
20015b2c   _SlSendCmdCtrl
20015b30   _SlListenCmdCtrl
20015b34   _SlAcceptCmdCtrl
20015b38   _SlRecvCmdCtrl
20015b3c   _SlSetSockOptCmdCtrl
20015b40   _SlGetSockOptCmdCtrl
20015b44   _SlSelectCmdCtrl
20015bfc   _SlNetAppStartCtrl
20015c00   _SlNetAppStopCtrl
20015c04   _SlGetServiceListeCtrl
20015c08   _SlRegisterServiceCtrl
20015c0c   _SlGetHostByServiceCtrl
20015c10   _SlGetHostByNameCtrl
20015c14   _SlNetAppSetCmdCtrl
20015c18   _SlNetAppSendTokenValueCmdCtrl
20015c1c   _SlNetAppGetCmdCtrl
20015c9c   g_deviceClientVersion
20015cb4   _SlStopCmdCtrl
20015cb8   _SlEventMaskSetCmdCtrl
20015cbc   _SlEventMaskGetCmdCtrl
20015cc0   _SlDeviceGetCmdCtrl
20015cc4   _SlDeviceSetCmdCtrl
20015cd5   pcDigits
20015ce0   _SlNetCfgSetCmdCtrl
20015ce4   _SlNetCfgGetCmdCtrl
20015cf0   __TI_static_base__
2001687c   __TI_Handler_Table_Base
20016888   __TI_Handler_Table_Limit
20016890   __TI_CINIT_Base
200168a0   __TI_CINIT_Limit
20018000   g_image_buffer
2002c000   gpCtlTbl
2002c400   __CIOBUF_
2002c520   gfpAppCallbackHndl
2002c6e8   __TI_tmpnams
2002c788   xQueueRegistry
2002c7d8   clientStateFileName
2002c80c   g_ucConnectionSSID
2002c8b0   g_ucConnectionBSSID
2002c8c4   dataBuffer
2002c8c8   g_frame_size_in_bytes
2002c8cc   g_header_length
2002c8dc   g_CaptureImage
2002c8de   g_frame_end
2002c8df   iDone
2002c8e0   _sys_memory
ffffffff   __binit__
ffffffff   __c_args__
ffffffff   binit
UNDEFED    SHT$$INIT_ARRAY$$Base
UNDEFED    SHT$$INIT_ARRAY$$Limit

[697 symbols]
