******************************************************************************
                  TI ARM Linker PC v5.2.2                      
******************************************************************************
>> Linked Wed Jun 24 11:31:32 2015

OUTPUT FILE NAME:   <ULP_SEC_CAM.out>
ENTRY POINT SYMBOL: "_c_int00"  address: 2001ab0d


MEMORY CONFIGURATION

         name            origin    length      used     unused   attr    fill
----------------------  --------  ---------  --------  --------  ----  --------
  SRAM_BOOTLDR          20000000   00004000  0000258c  00001a74  RW X
  SRAM_CODE             20004000   0001a000  00019624  000009dc  RW X
  SRAM_DATA             2001e000   0001e000  00019dcf  00004231  RW X


SEGMENT ALLOCATION MAP

run origin  load origin   length   init length attrs members
----------  ----------- ---------- ----------- ----- -------
20000000    20000000    0000158c   00000000    rw-
  20000000    20000000    0000158c   00000000    rw- .data
20003000    20003000    00001000   00000000    rw-
  20003000    20003000    00001000   00000000    rw- .stack
20004000    20004000    00019628   00019628    r-x
  20004000    20004000    00000400   00000400    r-- .intvecs
  20004400    20004400    000177e4   000177e4    r-x .text
  2001bbe8    2001bbe8    00000e50   00000e50    r-- .const
  2001ca38    2001ca38    00000bf0   00000bf0    r-- .cinit
2001e000    2001e000    00019dd0   00000000    rw-
  2001e000    2001e000    00015dcf   00000000    rw- .bss
  20033dd0    20033dd0    00004000   00000000    rw- .sysmem


SECTION ALLOCATION MAP

 output                                  attributes/
section   page    origin      length       input sections
--------  ----  ----------  ----------   ----------------
.data      0    20000000    0000158c     UNINITIALIZED
                  20000000    00000600     camera_app.obj (.data:JPEG_StdHuffmanTbl)
                  20000600    00000400     camera_app.obj (.data:g_header)
                  20000a00    000003c9     cc3200_certificate.obj (.data:DigiCertHighAssuranceEVRootCA_der)
                  20000dc9    00000001     main_FXOS8700.obj (.data)
                  20000dca    00000001     tasks.obj (.data)
                  20000dcb    00000001     --HOLE--
                  20000dcc    00000184     simplelink.a : driver.obj (.data)
                  20000f50    000000f0     rtsv7M4_T_le_eabi.lib : defs.obj (.data:_ftable)
                  20001040    000000d0                           : lowlev.obj (.data)
                  20001110    000000b0                           : signal.obj (.data:sigtable)
                  200011c0    00000080                           : xvalues.obj (.data)
                  20001240    00000070                           : xlvalues.obj (.data)
                  200012b0    00000068                           : xfvalues.obj (.data)
                  20001318    00000064     simplelink.a : cc_pal.obj (.data)
                  2000137c    00000040     camera_app.obj (.data:JPEG_StdQuantTblC)
                  200013bc    00000040     camera_app.obj (.data:JPEG_StdQuantTblY)
                  200013fc    00000040     camera_app.obj (.data:zigzag)
                  2000143c    0000003c     main.obj (.data:g_token_get)
                  20001478    00000034     free_rtos.a : tasks.obj (.data)
                  200014ac    0000002c     cc3200_utils.obj (.data:lastDateTime)
                  200014d8    0000001c     main.obj (.data)
                  200014f4    00000018     cc3200_utils.obj (.data)
                  2000150c    00000018     request.obj (.data)
                  20001524    00000010     rtsv7M4_T_le_eabi.lib : defs.obj (.data)
                  20001534    0000000c     free_rtos.a : osi_freertos.obj (.data)
                  20001540    0000000c     rtsv7M4_T_le_eabi.lib : memory.obj (.data)
                  2000154c    00000008     camera_app.obj (.data)
                  20001554    00000008     rtsv7M4_T_le_eabi.lib : _lock.obj (.data)
                  2000155c    00000008                           : exit.obj (.data)
                  20001564    00000008                           : feraiseexcept.obj (.data)
                  2000156c    00000006     http.obj (.data)
                  20001572    00000002     --HOLE--
                  20001574    00000004     cc3200_certificate.obj (.data)
                  20001578    00000004     free_rtos.a : port.obj (.data)
                  2000157c    00000004     rtsv7M4_T_le_eabi.lib : errno.obj (.data)
                  20001580    00000004                           : fopen.obj (.data)
                  20001584    00000004                           : rand.obj (.data)
                  20001588    00000004                           : stkdepth_vars.obj (.data)

.TI.persistent 
*          0    20000000    00000000     UNINITIALIZED

.stack     0    20003000    00001000     UNINITIALIZED
                  20003000    00001000     --HOLE--

.intvecs   0    20004000    00000400     
                  20004000    00000400     startup_ccs.obj (.intvecs)

.text      0    20004400    000177e4     
                  20004400    00001988     orientation.obj (.text)
                  20005d88    00001330     magnetic.obj (.text)
                  200070b8    00001258     free_rtos.a : tasks.obj (.text)
                  20008310    000010a6     rtsv7M4_T_le_eabi.lib : _printfi.obj (.text)
                  200093b6    00000002     driverlib.a : interrupt.obj (.text:IntDefaultHandler)
                  200093b8    00000f80     network_relater_fns.obj (.text)
                  2000a338    00000f00     camera_app.obj (.text)
                  2000b238    00000b24     free_rtos.a : queue.obj (.text)
                  2000bd5c    00000a6c     matrix.obj (.text)
                  2000c7c8    00000a34     mt9d111.obj (.text)
                  2000d1fc    00000990     request.obj (.text)
                  2000db8c    0000095e     accelomtrMagntomtr_fxos8700.obj (.text)
                  2000e4ea    00000002     --HOLE-- [fill = 0]
                  2000e4ec    000005de     cc3200_utils.obj (.text)
                  2000eaca    00000002     --HOLE-- [fill = 0]
                  2000eacc    00000558     tasks.obj (.text)
                  2000f024    000004b0     installation.obj (.text)
                  2000f4d4    00000494     wifi_provisioning_thruAPmode.obj (.text)
                  2000f968    00000480     rtsv7M4_T_le_eabi.lib : pow.obj (.text)
                  2000fde8    0000045c     free_rtos.a : osi_freertos.obj (.text)
                  20010244    000003f0     simplelink.a : driver.obj (.text:_SlDrvMsgRead)
                  20010634    000003dc     rtsv7M4_T_le_eabi.lib : memory.obj (.text)
                  20010a10    0000038c     cc3200_socket.obj (.text)
                  20010d9c    00000378     rtsv7M4_T_le_eabi.lib : powf.obj (.text)
                  20011114    0000036c     simplelink.a : driver.obj (.text:_SlAsyncEventGenericHandler)
                  20011480    00000360     main_FXOS8700.obj (.text)
                  200117e0    00000318     simplejson.obj (.text)
                  20011af8    0000030c     rtsv7M4_T_le_eabi.lib : lowlev.obj (.text)
                  20011e04    000002e4                           : xlog.obj (.text)
                  200120e8    000002e0     parse_uploads.obj (.text)
                  200123c8    000002d4     rtsv7M4_T_le_eabi.lib : trgdrv.obj (.text)
                  2001269c    00000298                           : vla_alloc.obj (.text)
                  20012934    00000290     cc3200_client_state.obj (.text)
                  20012bc4    00000288     main.obj (.text)
                  20012e4c    00000230     approximations.obj (.text)
                  2001307c    0000020c     algorithm.obj (.text)
                  20013288    000001fc     rtsv7M4_T_le_eabi.lib : xexp.obj (.text)
                  20013484    000001f4                           : ull_div_t2.obj (.text)
                  20013678    000001d0     tempRHSens_si7020.obj (.text)
                  20013848    000001c4     rtsv7M4_T_le_eabi.lib : fopen.obj (.text)
                  20013a0c    000001bc                           : xflog.obj (.text)
                  20013bc8    000001b8     uartA1_if.obj (.text)
                  20013d80    000001b6     rtsv7M4_T_le_eabi.lib : fd_add_t2.obj (.text)
                  20013f36    00000002     --HOLE-- [fill = 0]
                  20013f38    000001b0     lightSens_isl29035.obj (.text)
                  200140e8    000001ac     cc3200_certificate.obj (.text)
                  20014294    000001ac     flash_files.obj (.text)
                  20014440    000001a4     simplelink.a : wlan.obj (.text:sl_WlanConnect)
                  200145e4    000001a0     collect_and_txit.obj (.text)
                  20014784    0000019c     rtsv7M4_T_le_eabi.lib : xfsin.obj (.text)
                  20014920    00000194     udma_if.obj (.text)
                  20014ab4    0000018c     i2c_if.obj (.text)
                  20014c40    00000188     rtsv7M4_T_le_eabi.lib : xlatan.obj (.text)
                  20014dc8    00000180     drivers.obj (.text)
                  20014f48    00000178     rtsv7M4_T_le_eabi.lib : tanf.obj (.text)
                  200150c0    00000178                           : xfexp.obj (.text)
                  20015238    00000174     fusion.obj (.text)
                  200153ac    00000170     i2cconfig.obj (.text)
                  2001551c    0000016c     simplelink.a : driver.obj (.text:_SlDrvDataReadOp)
                  20015688    00000168     rtsv7M4_T_le_eabi.lib : atan2l.obj (.text)
                  200157f0    00000150     http.obj (.text)
                  20015940    00000140     simplelink.a : driver.obj (.text:_SlDrvRxHdrRead)
                  20015a80    00000140     rtsv7M4_T_le_eabi.lib : sqrt.obj (.text)
                  20015bc0    0000013c                           : fmodf.obj (.text)
                  20015cfc    00000136                           : fd_div_t2.obj (.text)
                  20015e32    00000002     --HOLE-- [fill = 0]
                  20015e34    00000134     driverlib.a : prcm.obj (.text:PRCMCC3200MCUInit)
                  20015f68    00000134     rtsv7M4_T_le_eabi.lib : fputs.obj (.text)
                  2001609c    00000130     hibernate_related_fns.obj (.text)
                  200161cc    00000130     simplelink.a : cc_pal.obj (.text:spi_Open)
                  200162fc    0000012c                  : driver.obj (.text:_SlDrvDataWriteOp)
                  20016428    0000012a     free_rtos.a : list.obj (.text)
                  20016552    00000002     --HOLE-- [fill = 0]
                  20016554    00000120     simplelink.a : driver.obj (.text:_SlDrvMsgWrite)
                  20016674    0000011c                  : driver.obj (.text:_SlDrvWaitForPoolObj)
                  20016790    00000110     free_rtos.a : port.obj (.text)
                  200168a0    00000110     i2c_app.obj (.text)
                  200169b0    00000110     rtsv7M4_T_le_eabi.lib : xdscale.obj (.text)
                  20016ac0    00000108     simplelink.a : socket.obj (.text:sl_Select)
                  20016bc8    000000fe     parse_impl.obj (.text)
                  20016cc6    000000fc     rtsv7M4_T_le_eabi.lib : fd_mul_t2.obj (.text)
                  20016dc2    000000fa                           : fs_add_t2.obj (.text)
                  20016ebc    000000f0     simplelink.a : driver.obj (.text:_SlDrvReleasePoolObj)
                  20016fac    000000f0     driverlib.a : udma.obj (.text:uDMAChannelTransferSet)
                  2001709c    000000e8     pinmux.obj (.text)
                  20017184    000000e8     simplelink.a : socket.obj (.text:sl_Connect)
                  2001726c    000000e8                  : cc_pal.obj (.text:spi_Write)
                  20017354    000000dc     app_common.obj (.text)
                  20017430    000000dc     rtsv7M4_T_le_eabi.lib : setvbuf.obj (.text)
                  2001750c    000000dc     simplelink.a : netapp.obj (.text:sl_NetAppDnsGetHostByName)
                  200175e8    000000d8     rtsv7M4_T_le_eabi.lib : xfatan.obj (.text)
                  200176c0    000000d0                           : xfdscale.obj (.text)
                  20017790    000000cc                           : sqrtf.obj (.text)
                  2001785c    000000cc     simplelink.a : cc_pal.obj (.text:spi_Read)
                  20017928    000000c8     rtsv7M4_T_le_eabi.lib : fflush.obj (.text)
                  200179f0    000000c8     simplelink.a : device.obj (.text:sl_Start)
                  20017ab8    000000c4                  : device.obj (.text:sl_Stop)
                  20017b7c    000000c0     rtsv7M4_T_le_eabi.lib : xdint.obj (.text)
                  20017c3c    000000be                           : xdnorm.obj (.text)
                  20017cfa    00000002     --HOLE-- [fill = 0]
                  20017cfc    000000bc                           : acosf.obj (.text)
                  20017db8    000000ba     free_rtos.a : portasm.obj (.text)
                  20017e72    00000002     --HOLE-- [fill = 0]
                  20017e74    000000b4     simplelink.a : driver.obj (.text:_SlDrvMsgReadCmdCtx)
                  20017f28    000000b4                  : netapp.obj (.text:_SlDrvNetAppEventHandler)
                  20017fdc    000000b0                  : socket.obj (.text:sl_Send)
                  2001808c    000000ac     rtsv7M4_T_le_eabi.lib : _io_perm.obj (.text)
                  20018138    000000a8     driverlib.a : interrupt.obj (.text:IntDisable)
                  200181e0    000000a8                 : interrupt.obj (.text:IntEnable)
                  20018288    000000a8     timer_if.obj (.text)
                  20018330    000000a0     driverlib.a : spi.obj (.text:SPIConfigSetExpClk)
                  200183d0    0000009c     rtsv7M4_T_le_eabi.lib : memcpy_t2.obj (.text)
                  2001846c    00000098     simplelink.a : driver.obj (.text:_SlDrvClassifyRxMsg)
                  20018504    00000098                  : driver.obj (.text:_SlFindAndSetActiveObj)
                  2001859c    00000098     rtsv7M4_T_le_eabi.lib : fclose.obj (.text)
                  20018634    00000098                           : fputc.obj (.text)
                  200186cc    00000094     driverlib.a : prcm.obj (.text:PRCMPeripheralClockGet)
                  20018760    00000094     rtsv7M4_T_le_eabi.lib : snprintf.obj (.text)
                  200187f4    00000092                           : fs_div_t2.obj (.text)
                  20018886    00000002     --HOLE-- [fill = 0]
                  20018888    00000090     simplelink.a : driver.obj (.text:_SlDrvMsgReadSpawnCtx)
                  20018918    0000008c     rtsv7M4_T_le_eabi.lib : xfdint.obj (.text)
                  200189a4    0000008c     simplelink.a : fs.obj (.text:sl_FsRead)
                  20018a30    0000008c                  : fs.obj (.text:sl_FsWrite)
                  20018abc    0000008c                  : netapp.obj (.text:sl_NetAppMDNSRegisterUnregisterService)
                  20018b48    00000088     driverlib.a : prcm.obj (.text:PRCMHibernateIntervalSet)
                  20018bd0    00000088                 : pin.obj (.text:PinConfigSet)
                  20018c58    00000088     rtsv7M4_T_le_eabi.lib : vsnprintf.obj (.text)
                  20018ce0    00000086                           : fd_cmp_t2.obj (.text:__aeabi_cdcmple)
                  20018d66    00000086                           : fd_cmp_t2.obj (.text:__aeabi_cdrcmple)
                  20018dec    00000084     driverlib.a : i2c.obj (.text:I2CMasterInitExpClk)
                  20018e70    00000084     simplelink.a : driver.obj (.text:_SlDrvCmdOp)
                  20018ef4    00000080                  : cc_pal.obj (.text:NwpPowerOnPreamble)
                  20018f74    00000080     cc3200_debug.obj (.text)
                  20018ff4    0000007c     simplelink.a : driver.obj (.text:_SlDrvDriverCBInit)
                  20019070    0000007c                  : device.obj (.text:sl_DevGet)
                  200190ec    0000007c                  : fs.obj (.text:sl_FsClose)
                  20019168    0000007a     rtsv7M4_T_le_eabi.lib : fs_mul_t2.obj (.text)
                  200191e2    0000007a                           : memset_t2.obj (.text)
                  2001925c    0000007a                           : xfdnorm.obj (.text)
                  200192d6    00000002     --HOLE-- [fill = 0]
                  200192d8    00000078     simplelink.a : cc_pal.obj (.text:SetupDMAReceive)
                  20019350    00000078                  : netapp.obj (.text:_sl_HandleAsync_DnsGetHostByName)
                  200193c8    00000078                  : netapp.obj (.text:_sl_HandleAsync_PingResponse)
                  20019440    00000078                  : wlan.obj (.text:sl_WlanGet)
                  200194b8    00000076     driverlib.a : uart.obj (.text:UARTConfigSetExpClk)
                  2001952e    00000002     --HOLE-- [fill = 0]
                  20019530    00000074     simplelink.a : device.obj (.text:_sl_HandleAsync_InitComplete)
                  200195a4    00000074                  : cc_pal.obj (.text:spi_Close)
                  20019618    00000074     timer_fns.obj (.text)
                  2001968c    00000070     driverlib.a : timer.obj (.text:TimerIntRegister)
                  200196fc    00000070     simplelink.a : fs.obj (.text:sl_FsGetInfo)
                  2001976c    0000006c                  : socket.obj (.text:_sl_TruncatePayloadByProtocol)
                  200197d8    0000006c     rtsv7M4_T_le_eabi.lib : autoinit.obj (.text)
                  20019844    0000006c                           : fprintf.obj (.text)
                  200198b0    0000006a                           : copy_decompress_rle.obj (.text)
                  2001991a    00000002     --HOLE-- [fill = 0]
                  2001991c    00000068     driverlib.a : prcm.obj (.text:PRCMHibernateWakeUpGPIOSelect)
                  20019984    00000068                 : timer.obj (.text:TimerIntUnregister)
                  200199ec    00000068     simplelink.a : fs.obj (.text:_sl_GetCreateFsMode)
                  20019a54    00000068                  : socket.obj (.text:_sl_HandleAsync_Connect)
                  20019abc    00000068     rtsv7M4_T_le_eabi.lib : trgmsg.obj (.text)
                  20019b24    00000066                           : xdunscal.obj (.text)
                  20019b8a    00000002     --HOLE-- [fill = 0]
                  20019b8c    00000064     simplelink.a : socket.obj (.text:_sl_HandleAsync_Accept)
                  20019bf0    00000064                  : netapp.obj (.text:_sl_HandleAsync_DnsGetHostByService)
                  20019c54    00000064     rtsv7M4_T_le_eabi.lib : fseek.obj (.text)
                  20019cb8    00000064     driverlib.a : udma.obj (.text:uDMAChannelAttributeDisable)
                  20019d1c    00000064                 : udma.obj (.text:uDMAChannelAttributeEnable)
                  20019d80    00000060     rtsv7M4_T_le_eabi.lib : fs_cmp_t2.obj (.text:__aeabi_cfcmple)
                  20019de0    00000060                           : fs_cmp_t2.obj (.text:__aeabi_cfrcmple)
                  20019e40    00000060                           : sprintf.obj (.text)
                  20019ea0    00000058     driverlib.a : interrupt.obj (.text:IntPendClear)
                  20019ef8    00000058                 : prcm.obj (.text:PRCMPeripheralReset)
                  20019f50    00000058     simplelink.a : driver.obj (.text:_SlDrvDriverCBDeinit)
                  20019fa8    00000058                  : socket.obj (.text:_sl_HandleAsync_Select)
                  2001a000    00000058                  : netapp.obj (.text:sl_NetAppSendTokenValue)
                  2001a058    00000056     rtsv7M4_T_le_eabi.lib : ltoa.obj (.text)
                  2001a0ae    00000056                           : xfdunsca.obj (.text)
                  2001a104    00000054     driverlib.a : interrupt.obj (.text:IntPrioritySet)
                  2001a158    00000054     simplelink.a : device.obj (.text:_sl_HandleAsync_Stop)
                  2001a1ac    00000054                  : fs.obj (.text:sl_FsOpen)
                  2001a200    00000050     rtsv7M4_T_le_eabi.lib : fs_toull_t2.obj (.text)
                  2001a250    0000004c     driverlib.a : spi.obj (.text:SPIIntEnable)
                  2001a29c    0000004c     rtsv7M4_T_le_eabi.lib : atoi.obj (.text)
                  2001a2e8    0000004c                           : cpy_tbl.obj (.text)
                  2001a334    0000004c                           : rand.obj (.text)
                  2001a380    0000004c     simplelink.a : device.obj (.text:sl_DevSet)
                  2001a3cc    0000004c                  : socket.obj (.text:sl_SetSockOpt)
                  2001a418    0000004c                  : wlan.obj (.text:sl_WlanSet)
                  2001a464    0000004c     driverlib.a : udma.obj (.text:uDMAChannelAssign)
                  2001a4b0    0000004a     simplelink.a : device.obj (.text:_sl_GetStartResponseConvert)
                  2001a4fa    0000004a     rtsv7M4_T_le_eabi.lib : fd_tos_t2.obj (.text)
                  2001a544    00000048     driverlib.a : prcm.obj (.text:PRCMHibernateWakeupSourceDisable)
                  2001a58c    00000048                 : prcm.obj (.text:PRCMHibernateWakeupSourceEnable)
                  2001a5d4    00000048                 : spi.obj (.text:SPIIntClear)
                  2001a61c    00000048     simplelink.a : driver.obj (.text:_SlRemoveFromList)
                  2001a664    00000048     rtsv7M4_T_le_eabi.lib : fd_toi_t2.obj (.text)
                  2001a6ac    00000048     simplelink.a : fs.obj (.text:sl_FsDel)
                  2001a6f4    00000048                  : netcfg.obj (.text:sl_NetCfgSet)
                  2001a73c    00000046     rtsv7M4_T_le_eabi.lib : ldexp.obj (.text)
                  2001a782    00000002     --HOLE-- [fill = 0]
                  2001a784    00000044     driverlib.a : spi.obj (.text:SPIDmaMaskGet)
                  2001a7c8    00000044                 : timer.obj (.text:TimerConfigure)
                  2001a80c    00000044     rtsv7M4_T_le_eabi.lib : exit.obj (.text)
                  2001a850    00000044                           : fd_tou_t2.obj (.text)
                  2001a894    00000044     simplelink.a : socket.obj (.text:sl_Recv)
                  2001a8d8    00000040     driverlib.a : pin.obj (.text:PinModeSet)
                  2001a918    00000040     simplelink.a : driver.obj (.text:_SlDrvRxIrqHandler)
                  2001a958    00000040     rtsv7M4_T_le_eabi.lib : signal.obj (.text)
                  2001a998    00000040     simplelink.a : wlan.obj (.text:sl_WlanPolicySet)
                  2001a9d8    00000040                  : wlan.obj (.text:sl_WlanRxFilterSet)
                  2001aa18    0000003e     rtsv7M4_T_le_eabi.lib : strncasecmp.obj (.text)
                  2001aa56    00000002     --HOLE-- [fill = 0]
                  2001aa58    0000003c     simplelink.a : cc_pal.obj (.text:NwpPowerOff)
                  2001aa94    0000003c     driverlib.a : prcm.obj (.text:PRCMPeripheralClkEnable)
                  2001aad0    0000003c     simplelink.a : driver.obj (.text:_SlDrvObjInit)
                  2001ab0c    0000003c     rtsv7M4_T_le_eabi.lib : boot.obj (.text)
                  2001ab48    0000003c     driverlib.a : udma.obj (.text:uDMAChannelControlSet)
                  2001ab84    0000003a                 : camera.obj (.text:CameraCaptureStop)
                  2001abbe    0000003a                 : camera.obj (.text:CameraXClkConfig)
                  2001abf8    00000038     free_rtos.a : heap_3.obj (.text)
                  2001ac30    00000038     rtsv7M4_T_le_eabi.lib : fs_tod_t2.obj (.text)
                  2001ac68    00000038                           : fs_toi_t2.obj (.text)
                  2001aca0    00000038                           : i_tofs_t2.obj (.text)
                  2001acd8    00000038     simplelink.a : socket.obj (.text:sl_Htonl)
                  2001ad10    00000036     driverlib.a : gpio.obj (.text:GPIODirModeSet)
                  2001ad46    00000002     --HOLE-- [fill = 0]
                  2001ad48    00000036     appflile_lightSensor.obj (.text)
                  2001ad7e    00000034     driverlib.a : camera.obj (.text:CameraParamsConfig)
                  2001adb2    00000002     --HOLE-- [fill = 0]
                  2001adb4    00000034                 : prcm.obj (.text:PRCMPeripheralStatusGet)
                  2001ade8    00000034                 : spi.obj (.text:SPIFIFOLevelSet)
                  2001ae1c    00000034     simplelink.a : driver.obj (.text:_SlDrvBasicCmd)
                  2001ae50    00000034     rtsv7M4_T_le_eabi.lib : feraiseexcept.obj (.text)
                  2001ae84    00000034                           : fs_tou_t2.obj (.text)
                  2001aeb8    00000034                           : strstr.obj (.text)
                  2001aeec    00000034     simplelink.a : socket.obj (.text:sl_Htons)
                  2001af20    00000030                  : cc_pal.obj (.text:NwpPowerOn)
                  2001af50    00000030     driverlib.a : pin.obj (.text:PinTypeGPIO)
                  2001af80    00000030                 : uart.obj (.text:UARTDisable)
                  2001afb0    00000030     rtsv7M4_T_le_eabi.lib : strncpy.obj (.text)
                  2001afe0    00000030                           : xferaise.obj (.text)
                  2001b010    00000030     simplelink.a : socket.obj (.text:sl_Socket)
                  2001b040    0000002e     rtsv7M4_T_le_eabi.lib : i_tofd_t2.obj (.text)
                  2001b06e    0000002e                           : raise.obj (.text)
                  2001b09c    0000002c     driverlib.a : camera.obj (.text:CameraIntEnable)
                  2001b0c8    0000002c     simplelink.a : cc_pal.obj (.text:DmaSpiSwIntHandler)
                  2001b0f4    0000002c     driverlib.a : i2c.obj (.text:I2CMasterErr)
                  2001b120    0000002c                 : prcm.obj (.text:PRCMSysResetCauseGet)
                  2001b14c    0000002c     simplelink.a : flowcont.obj (.text:_SlDrvFlowContDeinit)
                  2001b178    0000002c                  : flowcont.obj (.text:_SlDrvFlowContInit)
                  2001b1a4    0000002a     driverlib.a : timer.obj (.text:TimerLoadSet)
                  2001b1ce    0000002a                 : timer.obj (.text:TimerPrescaleSet)
                  2001b1f8    0000002a     simplelink.a : socket.obj (.text:_sl_BuildAddress)
                  2001b222    0000002a     rtsv7M4_T_le_eabi.lib : xdclass.obj (.text)
                  2001b24c    00000028     driverlib.a : camera.obj (.text:CameraIntStatus)
                  2001b274    00000028                 : prcm.obj (.text:PRCMPeripheralClkDisable)
                  2001b29c    00000028     rtsv7M4_T_le_eabi.lib : strncat.obj (.text)
                  2001b2c4    00000028     simplelink.a : wlan.obj (.text:sl_WlanSetMode)
                  2001b2ec    00000026     driverlib.a : camera.obj (.text:CameraThresholdSet)
                  2001b312    00000026     rtsv7M4_T_le_eabi.lib : strncmp.obj (.text)
                  2001b338    00000024     driverlib.a : camera.obj (.text:CameraIntClear)
                  2001b35c    00000024                 : interrupt.obj (.text:IntUnregister)
                  2001b380    00000024                 : uart.obj (.text:UARTEnable)
                  2001b3a4    00000024     rtsv7M4_T_le_eabi.lib : memmov.obj (.text)
                  2001b3c8    00000024                           : u_tofs_t2.obj (.text)
                  2001b3ec    00000024     simplelink.a : socket.obj (.text:sl_Close)
                  2001b410    00000024                  : netapp.obj (.text:sl_NetAppStart)
                  2001b434    00000024                  : netapp.obj (.text:sl_NetAppStop)
                  2001b458    00000024                  : wlan.obj (.text:sl_WlanProfileDel)
                  2001b47c    00000022     driverlib.a : camera.obj (.text:CameraCaptureStart)
                  2001b49e    00000022                 : i2c.obj (.text:I2CMasterSlaveAddrSet)
                  2001b4c0    00000022     simplelink.a : cc_pal.obj (.text:NwpRegisterInterruptHandler)
                  2001b4e2    00000022     driverlib.a : spi.obj (.text:SPIReset)
                  2001b504    00000022                 : spi.obj (.text:SPIWordCountSet)
                  2001b526    00000022     rtsv7M4_T_le_eabi.lib : frexp.obj (.text)
                  2001b548    00000022                           : memcmp.obj (.text)
                  2001b56a    00000020     driverlib.a : gpio.obj (.text:GPIOPinWrite)
                  2001b58a    00000002     --HOLE-- [fill = 0]
                  2001b58c    00000020                 : interrupt.obj (.text:IntRegister)
                  2001b5ac    00000020     simplelink.a : driver.obj (.text:_SlDrvCmdSend)
                  2001b5cc    00000020                  : device.obj (.text:_SlDrvDeviceEventHandler)
                  2001b5ec    00000020     rtsv7M4_T_le_eabi.lib : memchr.obj (.text)
                  2001b60c    00000020                           : u_tofd_t2.obj (.text)
                  2001b62c    0000001e     driverlib.a : i2c.obj (.text:I2CMasterIntStatusEx)
                  2001b64a    0000001e                 : timer.obj (.text:TimerDisable)
                  2001b668    0000001e                 : timer.obj (.text:TimerEnable)
                  2001b686    0000001e                 : timer.obj (.text:TimerIntStatus)
                  2001b6a4    0000001e                 : uart.obj (.text:UARTCharPut)
                  2001b6c2    0000001c                 : pin.obj (.text:PinTypeI2C)
                  2001b6de    0000001c                 : timer.obj (.text:TimerValueGet)
                  2001b6fa    00000002     --HOLE-- [fill = 0]
                  2001b6fc    0000001c     simplelink.a : driver.obj (.text:_SlDrvObjDeInit)
                  2001b718    0000001c     rtsv7M4_T_le_eabi.lib : memccpy.obj (.text)
                  2001b734    0000001c     driverlib.a : udma.obj (.text:uDMAChannelDisable)
                  2001b750    0000001c                 : udma.obj (.text:uDMAChannelEnable)
                  2001b76c    0000001a     simplelink.a : netapp.obj (.text:CopyPingResultsToReport)
                  2001b786    0000001a     driverlib.a : pin.obj (.text:PinTypeCamera)
                  2001b7a0    0000001a                 : pin.obj (.text:PinTypeUART)
                  2001b7ba    0000001a                 : spi.obj (.text:SPIDmaDisable)
                  2001b7d4    0000001a                 : spi.obj (.text:SPIDmaEnable)
                  2001b7ee    0000001a                 : spi.obj (.text:SPIFIFODisable)
                  2001b808    0000001a                 : spi.obj (.text:SPIFIFOEnable)
                  2001b822    00000018                 : camera.obj (.text:CameraReset)
                  2001b83a    00000018                 : gpio.obj (.text:GPIOPinRead)
                  2001b852    00000002     --HOLE-- [fill = 0]
                  2001b854    00000018                 : prcm.obj (.text:PRCMHibernateEnter)
                  2001b86c    00000018                 : spi.obj (.text:SPICSDisable)
                  2001b884    00000018                 : spi.obj (.text:SPICSEnable)
                  2001b89c    00000018                 : spi.obj (.text:SPIDisable)
                  2001b8b4    00000018                 : spi.obj (.text:SPIEnable)
                  2001b8cc    00000018                 : timer.obj (.text:TimerIntDisable)
                  2001b8e4    00000018                 : timer.obj (.text:TimerIntEnable)
                  2001b8fc    00000018     rtsv7M4_T_le_eabi.lib : args_main.obj (.text)
                  2001b914    00000018                           : strcmp.obj (.text)
                  2001b92c    00000016     driverlib.a : camera.obj (.text:CameraDMAEnable)
                  2001b942    00000016                 : camera.obj (.text:CameraIntRegister)
                  2001b958    00000016                 : i2c.obj (.text:I2CMasterDataPut)
                  2001b96e    00000016                 : i2c.obj (.text:I2CMasterEnable)
                  2001b984    00000016                 : prcm.obj (.text:PRCMHIBRegRead)
                  2001b99a    00000016                 : prcm.obj (.text:PRCMHIBRegWrite)
                  2001b9b0    00000016                 : uart.obj (.text:UARTCharGet)
                  2001b9c6    00000016     simplelink.a : driver.obj (.text:_SlDrvShiftDWord)
                  2001b9dc    00000016                  : fs.obj (.text:_sl_Strlen)
                  2001b9f2    00000016     rtsv7M4_T_le_eabi.lib : strchr.obj (.text)
                  2001ba08    00000016     driverlib.a : udma.obj (.text:uDMAIntRegister)
                  2001ba1e    00000014                 : cpu.obj (.text:CPUcpsie)
                  2001ba32    00000002     --HOLE-- [fill = 0]
                  2001ba34    00000014                 : interrupt.obj (.text:IntVTableBaseSet)
                  2001ba48    00000014     rtsv7M4_T_le_eabi.lib : _lock.obj (.text)
                  2001ba5c    00000014                           : strcpy.obj (.text)
                  2001ba70    00000014                           : strlen.obj (.text)
                  2001ba84    00000014     driverlib.a : udma.obj (.text:uDMAControlBaseSet)
                  2001ba98    00000014                 : udma.obj (.text:uDMAIntClear)
                  2001baac    00000012                 : i2c.obj (.text:I2CMasterControl)
                  2001babe    00000012                 : i2c.obj (.text:I2CMasterIntClearEx)
                  2001bad0    00000012                 : i2c.obj (.text:I2CMasterTimeoutSet)
                  2001bae2    00000012                 : timer.obj (.text:TimerIntClear)
                  2001baf4    00000012     simplelink.a : netapp.obj (.text:sl_NetAppMDNSUnRegisterService)
                  2001bb06    00000012     driverlib.a : udma.obj (.text:uDMAIntUnregister)
                  2001bb18    00000010     simplelink.a : cc_pal.obj (.text:NwpMaskInterrupt)
                  2001bb28    00000010                  : socket.obj (.text:SL_FD_SET)
                  2001bb38    0000000e     driverlib.a : i2c.obj (.text:I2CMasterDataGet)
                  2001bb46    0000000e     rtsv7M4_T_le_eabi.lib : copy_decompress_none.obj (.text:decompress:none)
                  2001bb54    0000000e     startup_ccs.obj (.text)
                  2001bb62    00000002     --HOLE-- [fill = 0]
                  2001bb64    0000000c     simplelink.a : cc_pal.obj (.text:NwpUnMaskInterrupt)
                  2001bb70    0000000c     rtsv7M4_T_le_eabi.lib : copy_zero_init.obj (.text:decompress:ZI)
                  2001bb7c    0000000c     driverlib.a : udma.obj (.text:uDMADisable)
                  2001bb88    0000000c                 : udma.obj (.text:uDMAEnable)
                  2001bb94    0000000c                 : udma.obj (.text:uDMAIntStatus)
                  2001bba0    0000000a                 : interrupt.obj (.text:IntMasterEnable)
                  2001bbaa    00000008     simplelink.a : wlan.obj (.text:sl_WlanDisconnect)
                  2001bbb2    00000006     i2cconfig.obj (.text:MT9D111Delay)
                  2001bbb8    00000006     simplelink.a : socket.obj (.text:SL_FD_ZERO)
                  2001bbbe    00000006     driverlib.a : utils.obj (.text:UtilsDelay)
                  2001bbc4    00000006     rtsv7M4_T_le_eabi.lib : copy_decompress_rle.obj (.text:decompress:rle24)
                  2001bbca    00000006                           : log.obj (.text)
                  2001bbd0    00000006                           : logf.obj (.text)
                  2001bbd6    00000006                           : sinf.obj (.text)
                  2001bbdc    00000004                           : error.obj (.text)
                  2001bbe0    00000004                           : pre_init.obj (.text)

.const     0    2001bbe8    00000e50     
                  2001bbe8    0000013c     mt9d111.obj (.const:init_cmds_list)
                  2001bd24    00000101     rtsv7M4_T_le_eabi.lib : ctype.obj (.const:.string:_ctypes_)
                  2001be25    00000002     tempRHSens_si7020.obj (.const:.string)
                  2001be27    00000001     --HOLE-- [fill = 0]
                  2001be28    00000100     driverlib.a : pin.obj (.const:g_ulPinToPadMap)
                  2001bf28    000000ec     simplelink.a : wlan.obj (.const)
                  2001c014    000000d4     driverlib.a : interrupt.obj (.const:g_pulRegs)
                  2001c0e8    000000d0     mt9d111.obj (.const)
                  2001c1b8    000000c4     mt9d111.obj (.const:capture_cmds_list)
                  2001c27c    000000a8     driverlib.a : prcm.obj (.const:PRCM_PeriphRegsList)
                  2001c324    00000004     --HOLE-- [fill = 0]
                  2001c328    00000088     rtsv7M4_T_le_eabi.lib : xlatan.obj (.const)
                  2001c3b0    00000080     driverlib.a : interrupt.obj (.const)
                  2001c430    0000005d     mt9d111.obj (.const:.string)
                  2001c48d    00000001     --HOLE-- [fill = 0]
                  2001c48e    00000050     mt9d111.obj (.const:$P$T26$27)
                  2001c4de    0000004c     mt9d111.obj (.const:$P$T6$7)
                  2001c52a    00000002     --HOLE-- [fill = 0]
                  2001c52c    0000004c     simplelink.a : driver.obj (.const)
                  2001c578    0000004a     camera_app.obj (.const:.string)
                  2001c5c2    00000005     main.obj (.const:.string)
                  2001c5c7    00000001     --HOLE-- [fill = 0]
                  2001c5c8    00000048     rtsv7M4_T_le_eabi.lib : xexp.obj (.const)
                  2001c610    00000040     network_relater_fns.obj (.const:.string)
                  2001c650    00000038     rtsv7M4_T_le_eabi.lib : xlog.obj (.const:p)
                  2001c688    00000038                           : xflog.obj (.const)
                  2001c6c0    00000038     simplelink.a : fs.obj (.const)
                  2001c6f8    00000036     flash_files.obj (.const:.string)
                  2001c72e    00000002     --HOLE-- [fill = 0]
                  2001c730    00000034     rtsv7M4_T_le_eabi.lib : xfatan.obj (.const)
                  2001c764    00000034     simplelink.a : socket.obj (.const)
                  2001c798    00000030     rtsv7M4_T_le_eabi.lib : xdint.obj (.const)
                  2001c7c8    0000002c     cc3200_utils.obj (.const:$P$T0$1)
                  2001c7f4    0000002c     network_relater_fns.obj (.const:$P$T1$2)
                  2001c820    0000002b     parse_uploads.obj (.const:.string)
                  2001c84b    00000001     --HOLE-- [fill = 0]
                  2001c84c    00000028     mt9d111.obj (.const:$P$T5$6)
                  2001c874    00000028     rtsv7M4_T_le_eabi.lib : xfdint.obj (.const)
                  2001c89c    00000028                           : xfsin.obj (.const)
                  2001c8c4    00000028     simplelink.a : netapp.obj (.const)
                  2001c8ec    00000025     camera_app.obj (.const:.string:$P$T1$2)
                  2001c911    00000023     mt9d111.obj (.const:.string:$P$T1$2)
                  2001c934    00000022     network_relater_fns.obj (.const:.string:$P$T0$1)
                  2001c956    00000002     --HOLE-- [fill = 0]
                  2001c958    0000001c     rtsv7M4_T_le_eabi.lib : tanf.obj (.const)
                  2001c974    0000001c                           : xfexp.obj (.const)
                  2001c990    0000001b     wifi_provisioning_thruAPmode.obj (.const:.string)
                  2001c9ab    00000001     --HOLE-- [fill = 0]
                  2001c9ac    00000018     driverlib.a : spi.obj (.const)
                  2001c9c4    00000017     request.obj (.const:.string)
                  2001c9db    00000016     collect_and_txit.obj (.const:.string)
                  2001c9f1    00000014     network_relater_fns.obj (.const)
                  2001ca05    00000003     --HOLE-- [fill = 0]
                  2001ca08    00000014     simplelink.a : device.obj (.const)
                  2001ca1c    0000000b     app_common.obj (.const:.string)
                  2001ca27    00000008     lightSens_isl29035.obj (.const:.string)
                  2001ca2f    00000001     --HOLE-- [fill = 0]
                  2001ca30    00000008     simplelink.a : netcfg.obj (.const)

.cinit     0    2001ca38    00000bf0     
                  2001ca38    00000bcb     (.cinit..data.load) [load image, compression = rle]
                  2001d603    00000001     --HOLE-- [fill = 0]
                  2001d604    0000000c     (__TI_handler_table)
                  2001d610    00000008     (.cinit..bss.load) [load image, compression = zero_init]
                  2001d618    00000010     (__TI_cinit_table)

.init_array 
*          0    20004000    00000000     UNINITIALIZED

.bss       0    2001e000    00015dcf     UNINITIALIZED
                  2001e000    00014000     main.obj (.bss:g_image_buffer)
                  20032000    00000b58     tasks.obj (.bss:thisMagBuffer)
                  20032b58    00000418     tasks.obj (.bss:thisMagCal)
                  20032f70    00000058     tasks.obj (.bss:thisMag)
                  20032fc8    00000034     cc3200_client_state.obj (.bss:clientStateFileName)
                  20032ffc    00000004     (.common:Elapsed_100MilliSecs)
                  20033000    00000400     udma_if.obj (.bss:gpCtlTbl)
                  20033400    00000370     main.obj (.bss:g_NetEntries)
                  20033770    00000120     rtsv7M4_T_le_eabi.lib : trgmsg.obj (.bss:__CIOBUF_)
                  20033890    00000100     udma_if.obj (.bss:gfpAppCallbackHndl)
                  20033990    000000c8     free_rtos.a : tasks.obj (.bss:pxReadyTasksLists)
                  20033a58    000000ac     tasks.obj (.bss:thisSV_6DOF_GB_BASIC)
                  20033b04    000000a0     rtsv7M4_T_le_eabi.lib : defs.obj (.bss:__TI_tmpnams)
                  20033ba4    00000050     free_rtos.a : queue.obj (.bss:xQueueRegistry)
                  20033bf4    00000034     main.obj (.bss:g_cWlanSecurityKey)
                  20033c28    00000034     tasks.obj (.bss:thisAccel)
                  20033c5c    00000024     main.obj (.bss:g_cWlanSSID)
                  20033c80    00000024     main.obj (.bss:g_ucConnectionSSID)
                  20033ca4    0000001c     rtsv7M4_T_le_eabi.lib : vla_alloc.obj (.bss)
                  20033cc0    00000014     (.common:g_flag_blockFull)
                  20033cd4    00000014     (.common:xDelayedTaskList1)
                  20033ce8    00000014     (.common:xDelayedTaskList2)
                  20033cfc    00000014     (.common:xPendingReadyList)
                  20033d10    00000014     (.common:xSuspendedTaskList)
                  20033d24    00000014     (.common:xTasksWaitingTermination)
                  20033d38    00000010     (.common:ang_buf)
                  20033d48    00000010     (.common:globals)
                  20033d58    00000010     (.common:mqxglobals)
                  20033d68    0000000c     (.common:g_SecParams)
                  20033d74    00000008     (.common:g_ucConnectionBSSID)
                  20033d7c    00000008     (.common:parmbuf)
                  20033d84    00000004     (.common:__Errorlog)
                  20033d88    00000004     (.common:angle_avg)
                  20033d8c    00000004     (.common:angle_reading_del1)
                  20033d90    00000004     (.common:angle_reading_del2)
                  20033d94    00000004     (.common:angle_reading_del3)
                  20033d98    00000004     (.common:angle_reading_del4)
                  20033d9c    00000004     (.common:dataBuffer)
                  20033da0    00000004     (.common:g_block_lastFilled)
                  20033da4    00000004     (.common:g_cWlanSecurityType)
                  20033da8    00000004     (.common:g_frame_size_in_bytes)
                  20033dac    00000004     (.common:g_header_length)
                  20033db0    00000004     (.common:g_position_in_block)
                  20033db4    00000004     (.common:g_readHeader)
                  20033db8    00000004     (.common:g_total_dma_intrpts)
                  20033dbc    00000004     (.common:pxDelayedTaskList)
                  20033dc0    00000004     (.common:pxOverflowDelayedTaskList)
                  20033dc4    00000001     (.common:avg_buffer_cnt)
                  20033dc5    00000001     (.common:checkForLight_Flag)
                  20033dc6    00000001     (.common:cnt_prakz2)
                  20033dc7    00000001     (.common:g_dma_txn_done)
                  20033dc8    00000001     (.common:g_flag_DataBlockFilled)
                  20033dc9    00000001     (.common:g_flag_door_closing_45degree)
                  20033dca    00000001     (.common:g_frame_end)
                  20033dcb    00000001     (.common:iDone)
                  20033dcc    00000001     (.common:isitfirsttime)
                  20033dcd    00000001     (.common:open1_close0_invalid2)
                  20033dce    00000001     (.common:valid_case)

.TI.noinit 
*          0    2001e000    00000000     UNINITIALIZED

.sysmem    0    20033dd0    00004000     UNINITIALIZED
                  20033dd0    00000008     rtsv7M4_T_le_eabi.lib : memory.obj (.sysmem)
                  20033dd8    00003ff8     --HOLE--


LINKER GENERATED COPY TABLES

__TI_cinit_table @ 2001d618 records: 2, size/record: 8, table size: 16
	.data: load addr=2001ca38, load size=00000bcb bytes, run addr=20000000, run size=0000158c bytes, compression=rle
	.bss: load addr=2001d610, load size=00000008 bytes, run addr=2001e000, run size=00015dcf bytes, compression=zero_init


LINKER GENERATED HANDLER TABLE

__TI_handler_table @ 2001d604 records: 3, size/record: 4, table size: 12
	index: 0, handler: __TI_decompress_rle24
	index: 1, handler: __TI_decompress_none
	index: 2, handler: __TI_zero_init


GLOBAL SYMBOLS: SORTED ALPHABETICALLY BY Name 

address   name                                  
-------   ----                                  
2000cdcd  AnalogGainReg_Read                    
2000ef59  ApplyAccelHAL                         
2000ef69  ApplyMagHAL                           
2001a80d  C$$EXIT                               
20019aeb  C$$IO$$                               
2000cd2d  CCMRegs_Read                          
2001ba1f  CPUcpsie                              
2000a903  CamControllerInit                     
2001b47d  CameraCaptureStart                    
2001ab85  CameraCaptureStop                     
2001b92d  CameraDMAEnable                       
2001b339  CameraIntClear                        
2001b09d  CameraIntEnable                       
2001b943  CameraIntRegister                     
2001b24d  CameraIntStatus                       
2001ad7f  CameraParamsConfig                    
2001b823  CameraReset                           
2000c7c9  CameraSensorInit                      
2000c7d1  CameraSensorInit_SettingsFromFlash    
2001b2ed  CameraThresholdSet                    
2001abbf  CameraXClkConfig                      
2000a35f  CaptureAndStore_Image                 
2000a5e9  CaptureinRAM                          
2000a6b1  CaptureinRAM_StoreAfterCapture_Image  
20013c01  ClearTerm                             
200145e5  CollectTxit_ImgTempRH                 
20012cb7  Config_And_Start_CameraCapture        
2000968d  ConfigureMode                         
200093e9  ConfigureSimpleLinkToDefaultState     
200096e9  ConnectToNetwork                      
2000984d  ConnectToNetwork_STA                  
2001219b  ConstructDeviceStateObject            
2001b76d  CopyPingResultsToReport               
20014295  CreateFile_Flash                      
20001324  DMAMsgQ                               
20014a69  DMASetupTransfer                      
20001574  DigiCertHighAssuranceEVRootCA_der_len 
2000cd5d  DigitalGainRegs_Read                  
20014933  DmaErrorIntHandler                    
2001b0c9  DmaSpiSwIntHandler                    
20014921  DmaSwIntHandler                       
20032ffc  Elapsed_100MilliSecs                  
2000d0d9  EnterStandby_mt9d111                  
20013c07  Error                                 
2000d121  ExitStandby_mt9d111                   
2000e181  FXOS8700CQ_Init                       
2000e265  FXOS8700CQ_Mag_Calibration            
20014dc9  FXOS8700_Init                         
20014e4b  FXOS8700_ReadData                     
2000eaeb  Fusion_Init                           
2000ec21  Fusion_Run                            
2001ad11  GPIODirModeSet                        
2001b83b  GPIOPinRead                           
2001b56b  GPIOPinWrite                          
20013c3b  GetCmd                                
2001609d  HIBernate                             
20012655  HOSTclock                             
2001261d  HOSTclose                             
200125df  HOSTgetenv                            
20012583  HOSTlseek                             
20012531  HOSTopen                              
200124e5  HOSTread                              
20012487  HOSTrename                            
2001244d  HOSTtime                              
20012415  HOSTunlink                            
200123c9  HOSTwrite                             
200153cb  I2CBufferRead                         
20015473  I2CBufferWrite                        
200153ad  I2CInit                               
2001baad  I2CMasterControl                      
2001bb39  I2CMasterDataGet                      
2001b959  I2CMasterDataPut                      
2001b96f  I2CMasterEnable                       
2001b0f5  I2CMasterErr                          
20018ded  I2CMasterInitExpClk                   
2001babf  I2CMasterIntClearEx                   
2001b62d  I2CMasterIntStatusEx                  
2001b49f  I2CMasterSlaveAddrSet                 
2001bad1  I2CMasterTimeoutSet                   
20014c2b  I2C_IF_Close                          
20014c01  I2C_IF_Open                           
20014b79  I2C_IF_Read                           
20014be1  I2C_IF_ReadFrom                       
20014b17  I2C_IF_Write                          
20013bc9  InitTerm                              
200120e9  InitialiseParse                       
200093b9  InitializeAppVariables                
20018139  IntDisable                            
200181e1  IntEnable                             
20019619  IntHandler_100mSecTimer               
2001bba1  IntMasterEnable                       
20019ea1  IntPendClear                          
2001a105  IntPrioritySet                        
2001b58d  IntRegister                           
2001b35d  IntUnregister                         
2001ba35  IntVTableBaseSet                      
2001ad49  IsLightOff                            
2000ce43  JPEGDataLength_read                   
20000000  JPEG_StdHuffmanTbl                    
2000137c  JPEG_StdQuantTblC                     
200013bc  JPEG_StdQuantTblY                     
2000cd05  JpegConfigReg_Read                    
2001739f  LED_Blink                             
20017405  LED_Off                               
200173fb  LED_On                                
2000caef  LL_Configs                            
2001bbb3  MT9D111Delay                          
2000ed79  MagCal_Run                            
20012bcd  Main_Task                             
20012c29  Main_Task_withHibernate               
20013be7  Message                               
2001bb19  NwpMaskInterrupt                      
2001aa59  NwpPowerOff                           
2001af21  NwpPowerOn                            
20018ef5  NwpPowerOnPreamble                    
2001b4c1  NwpRegisterInterruptHandler           
2001bb65  NwpUnMaskInterrupt                    
2000ce05  PCLK_Rate_read                        
20015e35  PRCMCC3200MCUInit                     
2001b985  PRCMHIBRegRead                        
2001b99b  PRCMHIBRegWrite                       
2001b855  PRCMHibernateEnter                    
20018b49  PRCMHibernateIntervalSet              
2001991d  PRCMHibernateWakeUpGPIOSelect         
2001a545  PRCMHibernateWakeupSourceDisable      
2001a58d  PRCMHibernateWakeupSourceEnable       
2001b275  PRCMPeripheralClkDisable              
2001aa95  PRCMPeripheralClkEnable               
200186cd  PRCMPeripheralClockGet                
20019ef9  PRCMPeripheralReset                   
2001adb5  PRCMPeripheralStatusGet               
2001b121  PRCMSysResetCauseGet                  
20018bd1  PinConfigSet                          
2001a8d9  PinModeSet                            
2001709d  PinMuxConfig                          
2001b787  PinTypeCamera                         
2001af51  PinTypeGPIO                           
2001b6c3  PinTypeI2C                            
2001b7a1  PinTypeUART                           
20012c1d  ProvisionAP_Task                      
2000f4d5  ProvisioningAP                        
2000eacd  RdSensData_Init                       
2000eb09  RdSensData_Run                        
2000cb49  ReadAllAEnAWBRegs                     
2001438b  ReadFile_FromFlash                    
2000cec1  ReadMCUBootModeReg                    
2000cf2d  Refresh_mt9d111Firmware               
2000cac9  RegStatusRead                         
20013ce5  Report                                
2001bb55  ResetISR                              
2000ce8d  ResetImageSensorMCU                   
UNDEFED   SHT$$INIT_ARRAY$$Base                 
UNDEFED   SHT$$INIT_ARRAY$$Limit                
2001bb29  SL_FD_SET                             
2001bbb9  SL_FD_ZERO                            
2001b86d  SPICSDisable                          
2001b885  SPICSEnable                           
20018331  SPIConfigSetExpClk                    
2001b89d  SPIDisable                            
2001b7bb  SPIDmaDisable                         
2001b7d5  SPIDmaEnable                          
2001b8b5  SPIEnable                             
2001b7ef  SPIFIFODisable                        
2001b809  SPIFIFOEnable                         
2001ade9  SPIFIFOLevelSet                       
2001a5d5  SPIIntClear                           
2001a251  SPIIntEnable                          
2001b4e3  SPIReset                              
2001b505  SPIWordCountSet                       
200014d8  SecurityParams                        
200149b1  SetupTransfer                         
2000cd95  ShutterRegs_Read                      
2000a035  SimpleLinkHttpServerCallback          
20009b8d  SimpleLinkNetAppEventHandler          
20009f35  SimpleLinkSockEventHandler            
20009a49  SimpleLinkWlanEventHandler            
2000ced7  SoftReset_ImageSensor                 
2000a339  Standby_ImageSensor                   
2000c7f9  StartCapture_SettingsFromFlash        
2000c91d  StartSensorInJpegMode                 
20012bf5  Test_Task                             
2001a7c9  TimerConfigure                        
2001b64b  TimerDisable                          
2001b669  TimerEnable                           
2001bae3  TimerIntClear                         
2001b8cd  TimerIntDisable                       
2001b8e5  TimerIntEnable                        
2001968d  TimerIntRegister                      
2001b687  TimerIntStatus                        
20019985  TimerIntUnregister                    
2001b1a5  TimerLoadSet                          
2001b1cf  TimerPrescaleSet                      
2001b6df  TimerValueGet                         
2001830d  Timer_IF_DeInit                       
20018325  Timer_IF_GetCount                     
20018289  Timer_IF_Init                         
200182b3  Timer_IF_IntSetup                     
200182e5  Timer_IF_InterruptClear               
2001b1a5  Timer_IF_ReLoad                       
200182f9  Timer_IF_Start                        
2001b64b  Timer_IF_Stop                         
20013c9b  TrimSpace                             
2001b9b1  UARTCharGet                           
2001b6a5  UARTCharPut                           
200194b9  UARTConfigSetExpClk                   
2001af81  UARTDisable                           
2001b381  UARTEnable                            
20014989  UDMAChannelSelect                     
20014a55  UDMADeInit                            
2001493f  UDMAInit                              
200149e7  UDMASetupAutoMemTransfer              
20014a0b  UDMASetupPingPongTransfer             
2001b735  UDMAStopTransfer                      
200120ff  UploadImageToParse                    
2001213b  UploadSensorDataToParse               
2001bbbf  UtilsDelay                            
200100b1  VDeleteSimpleLinkSpawnTask            
20010061  VStartSimpleLinkSpawnTask             
2000cf43  Variable_Read                         
2000cefd  Verify_ImageSensor                    
2000a353  Wakeup_ImageSensor                    
2000cb0b  WriteAllAEnAWBRegs                    
2000c827  WriteConfigRegFile_toFlash            
2000c8f1  WriteConfigRegFilefromUser_toFlash    
200142e9  WriteFile_ToFlash                     
2001b223  _Dclass                               
200011c0  _Denorm                               
20017b7d  _Dint                                 
20017c3d  _Dnorm                                
200169b1  _Dscale                               
20019b25  _Dunscale                             
200011d0  _Eps                                  
2000157c  _Errno                                
20013289  _Exp                                  
200175e9  _FAtan                                
200012b0  _FDenorm                              
20018919  _FDint                                
2001925d  _FDnorm                               
200176c1  _FDscale                              
2001a0af  _FDunscale                            
200012c0  _FEps                                 
200150c1  _FExp                                 
200012d0  _FInf                                 
20013a0d  _FLog                                 
200012e0  _FNan                                 
20001300  _FRteps                               
20014785  _FSin                                 
200012f0  _FSnan                                
20001310  _FXbig                                
20001314  _FZero                                
20001564  _Fenv                                 
2001afe1  _Feraise                              
200011e0  _Hugeval                              
200011f0  _Inf                                  
20014c41  _LAtan                                
20001240  _LDenorm                              
20001250  _LEps                                 
20001260  _LInf                                 
20001270  _LNan                                 
20001290  _LRteps                               
20001280  _LSnan                                
200012a0  _LXbig                                
200012a8  _LZero                                
20011e05  _Log                                  
20001200  _Nan                                  
20001220  _Rteps                                
2001c784  _SlAcceptCmdCtrl                      
2001c540  _SlActionLookupTable                  
20011115  _SlAsyncEventGenericHandler           
2001ca14  _SlDeviceGetCmdCtrl                   
2001ca18  _SlDeviceSetCmdCtrl                   
2001ae1d  _SlDrvBasicCmd                        
2001846d  _SlDrvClassifyRxMsg                   
20018e71  _SlDrvCmdOp                           
2001b5ad  _SlDrvCmdSend                         
2001551d  _SlDrvDataReadOp                      
200162fd  _SlDrvDataWriteOp                     
2001b5cd  _SlDrvDeviceEventHandler              
20019f51  _SlDrvDriverCBDeinit                  
20018ff5  _SlDrvDriverCBInit                    
2001b14d  _SlDrvFlowContDeinit                  
2001b179  _SlDrvFlowContInit                    
20010245  _SlDrvMsgRead                         
20017e75  _SlDrvMsgReadCmdCtx                   
20018889  _SlDrvMsgReadSpawnCtx                 
20016555  _SlDrvMsgWrite                        
20017f29  _SlDrvNetAppEventHandler              
2001b6fd  _SlDrvObjDeInit                       
2001aad1  _SlDrvObjInit                         
20016ebd  _SlDrvReleasePoolObj                  
20015941  _SlDrvRxHdrRead                       
2001a919  _SlDrvRxIrqHandler                    
2001b9c7  _SlDrvShiftDWord                      
20016675  _SlDrvWaitForPoolObj                  
2001ca10  _SlEventMaskGetCmdCtrl                
2001ca0c  _SlEventMaskSetCmdCtrl                
20018505  _SlFindAndSetActiveObj                
2001c6c4  _SlFsCloseCmdCtrl                     
2001c6d4  _SlFsDeleteCmdCtrl                    
2001c6d0  _SlFsGetInfoCmdCtrl                   
2001c6c0  _SlFsOpenCmdCtrl                      
2001c6c8  _SlFsReadCmdCtrl                      
2001c6cc  _SlFsWriteCmdCtrl                     
2001c8dc  _SlGetHostByNameCtrl                  
2001c8d8  _SlGetHostByServiceCtrl               
2001c8d0  _SlGetServiceListeCtrl                
2001c790  _SlGetSockOptCmdCtrl                  
2001c780  _SlListenCmdCtrl                      
2001c8e8  _SlNetAppGetCmdCtrl                   
2001c8e4  _SlNetAppSendTokenValueCmdCtrl        
2001c8e0  _SlNetAppSetCmdCtrl                   
2001c8c8  _SlNetAppStartCtrl                    
2001c8cc  _SlNetAppStopCtrl                     
2001ca34  _SlNetCfgGetCmdCtrl                   
2001ca30  _SlNetCfgSetCmdCtrl                   
2001bf30  _SlPolicyGetCmdCtrl                   
2001bf2c  _SlPolicySetCmdCtrl                   
2001bf38  _SlProfileDelCmdCtrl                  
2001bf34  _SlProfileGetCmdCtrl                  
2001c788  _SlRecvCmdCtrl                        
2001c778  _SlRecvfomCmdCtrl                     
2001c8d4  _SlRegisterServiceCtrl                
2001a61d  _SlRemoveFromList                     
2001bf40  _SlRxFilterAddtCmdCtrl                
2001bf48  _SlRxFilterGetCmdCtrl                 
2001bf44  _SlRxFilterSetCmdCtrl                 
2001c794  _SlSelectCmdCtrl                      
2001c77c  _SlSendCmdCtrl                        
2001c78c  _SlSetSockOptCmdCtrl                  
2001bf4c  _SlSmartConfigStartCmdCtrl            
2001c774  _SlSockCloseCmdCtrl                   
2001c770  _SlSockSocketCmdCtrl                  
2001ca08  _SlStopCmdCtrl                        
2001bf58  _SlWlanCfgGetCmdCtrl                  
2001bf54  _SlWlanCfgSetCmdCtrl                  
2001bf3c  _SlWlanGetNetworkListCtrl             
2001bf50  _SlWlanSetModeCmdCtrl                 
20001210  _Snan                                 
20001568  _Tls_setup__Fenv                      
20001230  _Xbig                                 
20001238  _Zero                                 
20033770  __CIOBUF_                             
20004000  __STACK_END                           
00001000  __STACK_SIZE                          
00004000  __SYSMEM_SIZE                         
2001d618  __TI_CINIT_Base                       
2001d628  __TI_CINIT_Limit                      
2001d604  __TI_Handler_Table_Base               
2001d610  __TI_Handler_Table_Limit              
200197d9  __TI_auto_init                        
20013911  __TI_cleanup                          
2000155c  __TI_cleanup_ptr                      
2001859d  __TI_closefile                        
2001bb47  __TI_decompress_none                  
2001bbc5  __TI_decompress_rle24                 
20017929  __TI_doflush                          
20001560  __TI_dtors_ptr                        
20001524  __TI_ft_end                           
200090b1  __TI_printfi                          
200180ef  __TI_rd_ok                            
20019aef  __TI_readmsg                          
2001ca38  __TI_static_base__                    
20033b04  __TI_tmpnams                          
20019abd  __TI_writemsg                         
2001808d  __TI_wrt_ok                           
2001bb71  __TI_zero_init                        
2001bbdd  __abort_execution                     
20018ce1  __aeabi_cdcmpeq                       
20018ce1  __aeabi_cdcmple                       
20018d67  __aeabi_cdrcmple                      
20019d81  __aeabi_cfcmpeq                       
20019d81  __aeabi_cfcmple                       
20019de1  __aeabi_cfrcmple                      
2001a4fb  __aeabi_d2f                           
2001a665  __aeabi_d2iz                          
2001a851  __aeabi_d2uiz                         
20013d8b  __aeabi_dadd                          
20015cfd  __aeabi_ddiv                          
20016cc7  __aeabi_dmul                          
20013d81  __aeabi_dsub                          
2001ac31  __aeabi_f2d                           
2001ac69  __aeabi_f2iz                          
2001ae85  __aeabi_f2uiz                         
2001a201  __aeabi_f2ulz                         
20016dc7  __aeabi_fadd                          
200187f5  __aeabi_fdiv                          
20019169  __aeabi_fmul                          
20016dc3  __aeabi_fsub                          
2001b041  __aeabi_i2d                           
2001aca1  __aeabi_i2f                           
200191e3  __aeabi_memclr                        
200191e3  __aeabi_memclr4                       
200191e3  __aeabi_memclr8                       
200183d1  __aeabi_memcpy                        
200183d1  __aeabi_memcpy4                       
200183d1  __aeabi_memcpy8                       
200191e5  __aeabi_memset                        
200191e5  __aeabi_memset4                       
200191e5  __aeabi_memset8                       
20001530  __aeabi_stderr                        
20001528  __aeabi_stdin                         
2000152c  __aeabi_stdout                        
2001b60d  __aeabi_ui2d                          
2001b3c9  __aeabi_ui2f                          
20013485  __aeabi_uldivmod                      
ffffffff  __binit__                             
ffffffff  __c_args__                            
20003000  __stack                               
200127a5  __vla_alloc                           
2001269d  __vla_dealloc                         
20012725  __vla_dealloc_eh                      
2001b8fd  _args_main                            
2001ab0d  _c_int00                              
2001bd24  _ctypes_                              
20000f50  _ftable                               
20001554  _lock                                 
2001ba57  _nop                                  
2001ba4f  _register_lock                        
2001ba49  _register_unlock                      
2001b1f9  _sl_BuildAddress                      
200199ed  _sl_GetCreateFsMode                   
2001a4b1  _sl_GetStartResponseConvert           
20019b8d  _sl_HandleAsync_Accept                
20019a55  _sl_HandleAsync_Connect               
20019351  _sl_HandleAsync_DnsGetHostByName      
20019bf1  _sl_HandleAsync_DnsGetHostByService   
20019531  _sl_HandleAsync_InitComplete          
200193c9  _sl_HandleAsync_PingResponse          
20019fa9  _sl_HandleAsync_Select                
2001a159  _sl_HandleAsync_Stop                  
2001b9dd  _sl_Strlen                            
2001976d  _sl_TruncatePayloadByProtocol         
20033dd0  _sys_memory                           
2001bbe1  _system_pre_init                      
20001558  _unlock                               
2001a811  abort                                 
20017cfd  acosf                                 
2001586b  addHttpRequestHeader                  
20015891  addHttpRequestHeaderInt               
200157f1  addHttpRequestLine                    
20011d59  add_device                            
20033d38  ang_buf                               
200114a7  angleCheck                            
20011481  angleCheck_Initializations            
20033d88  angle_avg                             
20033d8c  angle_reading_del1                    
20033d90  angle_reading_del2                    
20033d94  angle_reading_del3                    
20033d98  angle_reading_del4                    
20015689  atan2l                                
2001a29d  atoi                                  
20033dc4  avg_buffer_cnt                        
2001582f  beginHttpGetRequest                   
20015823  beginHttpRequest                      
ffffffff  binit                                 
2000d20d  buildRequestHeaders                   
200109dd  calloc                                
20033dc5  checkForLight_Flag                    
2001307d  check_doorpos                         
2000e129  clearAccelMotionIntrpt                
20032fc8  clientStateFileName                   
20011d09  close                                 
2000151c  cnt                                   
20033dc6  cnt_prakz2                            
2000dbd1  configureFXOS8700                     
20013f39  configureISL29035                     
200136bf  configureTempRHSensor                 
2001a2e9  copy_in                               
2000afe9  createAndWrite_ImageHeaderFile        
2000f161  createInstallation                    
2000e62d  createNewInstallationId               
2000b137  create_JpegImageFile                  
20033d9c  dataBuffer                            
20001520  dataBufferSize                        
20018f75  debugPrint                            
20018f8f  debugPrintf                           
2000ccbb  disableAE                             
2000cc31  disableAWB                            
20007349  eTaskGetState                         
2000c015  eigencompute                          
2000cc79  enableAE                              
2000cbed  enableAWB                             
200140e9  ensureCertificateFile                 
2001a819  exit                                  
20004697  f3DOFMagnetometerMatrixAndroid        
20004633  f3DOFMagnetometerMatrixNED            
20004697  f3DOFMagnetometerMatrixWin8           
20004401  f3DOFTiltAndroid                      
20004401  f3DOFTiltNED                          
20004509  f3DOFTiltWin8                         
2000bddb  f3x3matrixAeqAxScalar                 
2000bd5d  f3x3matrixAeqI                        
2000be39  f3x3matrixAeqInvSymB                  
2000be0f  f3x3matrixAeqMinusA                   
2000bdb7  f3x3matrixAeqScalar                   
2000bf7f  f3x3matrixDetA                        
20004f85  fAndroidAnglesDegFromRotationMatrix   
20005d89  fInitMagCalibration                   
20015239  fInit_6DOF_GB_BASIC                   
2000616d  fInvertMagCal                         
200057b9  fLPFOrientationQuaternion             
200058f1  fLPFScalar                            
20004ee1  fNEDAnglesDegFromRotationMatrix       
200052c5  fQuaternionFromRotationMatrix         
20005165  fQuaternionFromRotationVectorDeg      
20005411  fRotationMatrixFromQuaternion         
20005713  fRotationVectorDegFromQuaternion      
2000553d  fRotationVectorDegFromRotationMatrix  
2001528d  fRun_6DOF_GB_BASIC                    
20006ac1  fUpdateCalibration10EIG               
20006295  fUpdateCalibration4INV                
20006715  fUpdateCalibration7EIG                
20005029  fWin8AnglesDegFromRotationMatrix      
20012e8d  facos_deg                             
20012e4d  fasin_deg                             
20012f9b  fatan2_deg                            
20013017  fatan_15deg                           
20012f0b  fatan_deg                             
20018603  fclose                                
200049a5  feCompassAndroid                      
20004705  feCompassNED                          
20004c41  feCompassWin8                         
2001ae51  feraiseexcept                         
2000e5c7  fetchDeviceOSVersion                  
20017975  fflush                                
20011a6b  findSecondJson                        
20000dc9  flag                                  
2000bd89  fmatrixAeqI                           
2000c405  fmatrixAeqInvA                        
2000c5e7  fmatrixAeqRenormRotA                  
20015bc1  fmodf                                 
20013967  fopen                                 
2001984d  fprintf                               
20018635  fputc                                 
20015f69  fputs                                 
20005d6f  fqAeq1                                
20005cab  fqAeqNormqA                           
2001072b  free                                  
2001393d  freopen                               
2001b527  frexp                                 
20019c55  fseek                                 
200115b3  fxos_calibrate                        
2001160b  fxos_get_initialYaw                   
200114c7  fxos_main                             
2001152d  fxos_main_waitfor40degrees            
2001166b  fxos_waitFor40Degrees                 
20000dd0  gFirstCmdMode                         
2001c538  g_H2NCnysPattern                      
2001c530  g_H2NSyncPattern                      
20033400  g_NetEntries                          
20033d68  g_SecParams                           
20001318  g_SpiFd                               
20000dd8  g_StatMem                             
20033da0  g_block_lastFilled                    
20001328  g_cDummy                              
20033c5c  g_cWlanSSID                           
20033bf4  g_cWlanSecurityKey                    
20033da4  g_cWlanSecurityType                   
2001c9c4  g_deviceClientVersion                 
20033dc8  g_flag_DataBlockFilled                
20033cc0  g_flag_blockFull                      
20033dc9  g_flag_door_closing_45degree          
20033dca  g_frame_end                           
20033da8  g_frame_size_in_bytes                 
20000600  g_header                              
20033dac  g_header_length                       
2001e000  g_image_buffer                        
200014f4  g_osVersion                           
20000dd4  g_pCB                                 
2000131c  g_pHostIntHdl                         
20004000  g_pfnVectors                          
20033db0  g_position_in_block                   
20033db4  g_readHeader                          
2000143c  g_token_get                           
200014f1  g_ucConnectedToConfAP                 
20033d74  g_ucConnectionBSSID                   
20033c80  g_ucConnectionSSID                    
20001320  g_ucDMAEnabled                        
2000132c  g_ucDinDout                           
200014f3  g_ucPriority                          
200014f0  g_ucProfileAdded                      
200014f2  g_ucProvisioningDone                  
200014ec  g_uiSimplelinkRole                    
200014e8  g_ulGatewayIP                         
20001550  g_ulPingPacketsRecv                   
200014e4  g_ulStatus                            
2000df95  getAccelerationMagnitude              
2000de57  getDoorDirection                      
200158c9  getHttpResponseBody                   
2001589f  getHttpResponseStatus                 
2000f1af  getInstallation                       
20016c65  getInternalClient                     
20014051  getLightsensor_data                   
2001407d  getLightsensor_intrptStatus           
2000df11  getMagnFlux_3axis                     
20011a9d  getPushJson                           
200136eb  getTempRH                             
20033890  gfpAppCallbackHndl                    
20033d48  globals                               
20033000  gpCtlTbl                              
2000d445  headerSend                            
200168a1  i2cReadRegisters                      
2001694f  i2cReadRegistersTwoBytes              
200168e3  i2cWriteRegisters                     
20033dcb  iDone                                 
20005e59  iUpdateMagnetometerBuffer             
2000990d  initNetwork                           
20017355  intToASCII                            
20011a83  isCompleteJson                        
2000e567  isPingTime                            
20033dcc  isitfirsttime                         
2001a73d  ldexp                                 
20012935  loadClientState                       
2001bbcb  log                                   
2001bbd1  logf                                  
20011ce5  lseek                                 
2001a059  ltoa                                  
20012d29  main                                  
20001588  main_func_sp                          
200106c3  malloc                                
200101b5  mem_Free                              
200101a9  mem_Malloc                            
200101d5  mem_copy                              
200101c1  mem_set                               
200108f9  memalign                              
2001b719  memccpy                               
2001b5ed  memchr                                
2001b549  memcmp                                
200183d1  memcpy                                
2001b3a5  memmove                               
200191eb  memset                                
20010635  minit                                 
20033d58  mqxglobals                            
20011c37  open                                  
20033dcd  open1_close0_invalid2                 
2001022b  osi_ContextRestore                    
20010229  osi_ContextSave                       
200101e9  osi_EnterCritical                     
200101f3  osi_ExitCritical                      
2000fe0f  osi_InterruptDeRegister               
2000fde9  osi_InterruptRegister                 
2000ff19  osi_LockObjCreate                     
2000ff8d  osi_LockObjDelete                     
2000ff9d  osi_LockObjLock                       
2000ffc9  osi_LockObjUnlock                     
200100dd  osi_MsgQCreate                        
20010121  osi_MsgQDelete                        
2001016d  osi_MsgQRead                          
2001013b  osi_MsgQWrite                         
20010205  osi_Sleep                             
2000fff3  osi_Spawn                             
2000fef7  osi_SyncObjClear                      
2000fe21  osi_SyncObjCreate                     
[...]
20017791  sqrtf                                 
2001785d  spi_Read                              
20017929  __TI_doflush                          
20017975  fflush                                
200179f1  sl_Start                              
20017ab9  sl_Stop                               
20017b7d  _Dint                                 
20017c3d  _Dnorm                                
20017cfd  acosf                                 
20017dbd  ulPortSetInterruptMask                
20017dd3  vPortClearInterruptMask               
20017de1  xPortPendSVHandler                    
20017e2d  vPortSVCHandler                       
20017e55  prvPortStartFirstTask                 
20017e6d  portCLZ                               
20017e75  _SlDrvMsgReadCmdCtx                   
20017f29  _SlDrvNetAppEventHandler              
20017fdd  sl_Send                               
2001808d  __TI_wrt_ok                           
200180ef  __TI_rd_ok                            
20018139  IntDisable                            
200181e1  IntEnable                             
20018289  Timer_IF_Init                         
200182b3  Timer_IF_IntSetup                     
200182e5  Timer_IF_InterruptClear               
200182f9  Timer_IF_Start                        
2001830d  Timer_IF_DeInit                       
20018325  Timer_IF_GetCount                     
20018331  SPIConfigSetExpClk                    
200183d1  __aeabi_memcpy                        
200183d1  __aeabi_memcpy4                       
200183d1  __aeabi_memcpy8                       
200183d1  memcpy                                
2001846d  _SlDrvClassifyRxMsg                   
20018505  _SlFindAndSetActiveObj                
2001859d  __TI_closefile                        
20018603  fclose                                
20018635  fputc                                 
20018635  putc                                  
200186b9  putchar                               
200186cd  PRCMPeripheralClockGet                
20018761  snprintf                              
200187f5  __aeabi_fdiv                          
20018889  _SlDrvMsgReadSpawnCtx                 
20018919  _FDint                                
200189a5  sl_FsRead                             
20018a31  sl_FsWrite                            
20018abd  sl_NetAppMDNSRegisterUnregisterService
20018b49  PRCMHibernateIntervalSet              
20018bd1  PinConfigSet                          
20018c59  vsnprintf                             
20018ce1  __aeabi_cdcmpeq                       
20018ce1  __aeabi_cdcmple                       
20018d67  __aeabi_cdrcmple                      
20018ded  I2CMasterInitExpClk                   
20018e71  _SlDrvCmdOp                           
20018ef5  NwpPowerOnPreamble                    
20018f75  debugPrint                            
20018f8f  debugPrintf                           
20018ff5  _SlDrvDriverCBInit                    
20019071  sl_DevGet                             
200190ed  sl_FsClose                            
20019169  __aeabi_fmul                          
200191e3  __aeabi_memclr                        
200191e3  __aeabi_memclr4                       
200191e3  __aeabi_memclr8                       
200191e5  __aeabi_memset                        
200191e5  __aeabi_memset4                       
200191e5  __aeabi_memset8                       
200191eb  memset                                
2001925d  _FDnorm                               
20019351  _sl_HandleAsync_DnsGetHostByName      
200193c9  _sl_HandleAsync_PingResponse          
20019441  sl_WlanGet                            
200194b9  UARTConfigSetExpClk                   
20019531  _sl_HandleAsync_InitComplete          
200195a5  spi_Close                             
20019619  IntHandler_100mSecTimer               
20019631  start_100mSecTimer                    
20019661  stop_100mSecTimer                     
2001968d  TimerIntRegister                      
200196fd  sl_FsGetInfo                          
2001976d  _sl_TruncatePayloadByProtocol         
200197d9  __TI_auto_init                        
2001984d  fprintf                               
2001991d  PRCMHibernateWakeUpGPIOSelect         
20019985  TimerIntUnregister                    
200199ed  _sl_GetCreateFsMode                   
20019a55  _sl_HandleAsync_Connect               
20019abd  __TI_writemsg                         
20019aeb  C$$IO$$                               
20019aef  __TI_readmsg                          
20019b25  _Dunscale                             
20019b8d  _sl_HandleAsync_Accept                
20019bf1  _sl_HandleAsync_DnsGetHostByService   
20019c55  fseek                                 
20019cb9  uDMAChannelAttributeDisable           
20019d1d  uDMAChannelAttributeEnable            
20019d81  __aeabi_cfcmpeq                       
20019d81  __aeabi_cfcmple                       
20019de1  __aeabi_cfrcmple                      
20019e41  sprintf                               
20019ea1  IntPendClear                          
20019ef9  PRCMPeripheralReset                   
20019f51  _SlDrvDriverCBDeinit                  
20019fa9  _sl_HandleAsync_Select                
2001a001  sl_NetAppSendTokenValue               
2001a059  ltoa                                  
2001a0af  _FDunscale                            
2001a105  IntPrioritySet                        
2001a159  _sl_HandleAsync_Stop                  
2001a1ad  sl_FsOpen                             
2001a201  __aeabi_f2ulz                         
2001a251  SPIIntEnable                          
2001a29d  atoi                                  
2001a2e9  copy_in                               
2001a335  srand                                 
2001a34b  rand                                  
2001a381  sl_DevSet                             
2001a3cd  sl_SetSockOpt                         
2001a419  sl_WlanSet                            
2001a465  uDMAChannelAssign                     
2001a4b1  _sl_GetStartResponseConvert           
2001a4fb  __aeabi_d2f                           
2001a545  PRCMHibernateWakeupSourceDisable      
2001a58d  PRCMHibernateWakeupSourceEnable       
2001a5d5  SPIIntClear                           
2001a61d  _SlRemoveFromList                     
2001a665  __aeabi_d2iz                          
2001a6ad  sl_FsDel                              
2001a6f5  sl_NetCfgSet                          
2001a73d  ldexp                                 
2001a7c9  TimerConfigure                        
2001a80d  C$$EXIT                               
2001a811  abort                                 
2001a819  exit                                  
2001a851  __aeabi_d2uiz                         
2001a895  sl_Recv                               
2001a8d9  PinModeSet                            
2001a919  _SlDrvRxIrqHandler                    
2001a959  signal                                
2001a999  sl_WlanPolicySet                      
2001a9d9  sl_WlanRxFilterSet                    
2001aa19  strncasecmp                           
2001aa59  NwpPowerOff                           
2001aa95  PRCMPeripheralClkEnable               
2001aad1  _SlDrvObjInit                         
2001ab0d  _c_int00                              
2001ab49  uDMAChannelControlSet                 
2001ab85  CameraCaptureStop                     
2001abbf  CameraXClkConfig                      
2001abf9  pvPortMalloc                          
2001ac19  vPortFree                             
2001ac31  __aeabi_f2d                           
2001ac69  __aeabi_f2iz                          
2001aca1  __aeabi_i2f                           
2001acd9  sl_Htonl                              
2001ad11  GPIODirModeSet                        
2001ad49  IsLightOff                            
2001ad7f  CameraParamsConfig                    
2001adb5  PRCMPeripheralStatusGet               
2001ade9  SPIFIFOLevelSet                       
2001ae1d  _SlDrvBasicCmd                        
2001ae51  feraiseexcept                         
2001ae85  __aeabi_f2uiz                         
2001aeb9  strstr                                
2001aeed  sl_Htons                              
2001af21  NwpPowerOn                            
2001af51  PinTypeGPIO                           
2001af81  UARTDisable                           
2001afb1  strncpy                               
2001afe1  _Feraise                              
2001b011  sl_Socket                             
2001b041  __aeabi_i2d                           
2001b06f  raise                                 
2001b09d  CameraIntEnable                       
2001b0c9  DmaSpiSwIntHandler                    
2001b0f5  I2CMasterErr                          
2001b121  PRCMSysResetCauseGet                  
2001b14d  _SlDrvFlowContDeinit                  
2001b179  _SlDrvFlowContInit                    
2001b1a5  TimerLoadSet                          
2001b1a5  Timer_IF_ReLoad                       
2001b1cf  TimerPrescaleSet                      
2001b1f9  _sl_BuildAddress                      
2001b223  _Dclass                               
2001b24d  CameraIntStatus                       
2001b275  PRCMPeripheralClkDisable              
2001b29d  strncat                               
2001b2c5  sl_WlanSetMode                        
2001b2ed  CameraThresholdSet                    
2001b313  strncmp                               
2001b339  CameraIntClear                        
2001b35d  IntUnregister                         
2001b381  UARTEnable                            
2001b3a5  memmove                               
2001b3c9  __aeabi_ui2f                          
2001b3ed  sl_Close                              
2001b3ed  socketClose                           
2001b411  sl_NetAppStart                        
2001b435  sl_NetAppStop                         
2001b459  sl_WlanProfileDel                     
2001b47d  CameraCaptureStart                    
2001b49f  I2CMasterSlaveAddrSet                 
2001b4c1  NwpRegisterInterruptHandler           
2001b4e3  SPIReset                              
2001b505  SPIWordCountSet                       
2001b527  frexp                                 
2001b549  memcmp                                
2001b56b  GPIOPinWrite                          
2001b58d  IntRegister                           
2001b5ad  _SlDrvCmdSend                         
2001b5cd  _SlDrvDeviceEventHandler              
2001b5ed  memchr                                
2001b60d  __aeabi_ui2d                          
2001b62d  I2CMasterIntStatusEx                  
2001b64b  TimerDisable                          
2001b64b  Timer_IF_Stop                         
2001b669  TimerEnable                           
2001b687  TimerIntStatus                        
2001b6a5  UARTCharPut                           
2001b6c3  PinTypeI2C                            
2001b6df  TimerValueGet                         
2001b6fd  _SlDrvObjDeInit                       
2001b719  memccpy                               
2001b735  UDMAStopTransfer                      
2001b735  uDMAChannelDisable                    
2001b751  uDMAChannelEnable                     
2001b76d  CopyPingResultsToReport               
2001b787  PinTypeCamera                         
2001b7a1  PinTypeUART                           
2001b7bb  SPIDmaDisable                         
2001b7d5  SPIDmaEnable                          
2001b7ef  SPIFIFODisable                        
2001b809  SPIFIFOEnable                         
2001b823  CameraReset                           
2001b83b  GPIOPinRead                           
2001b855  PRCMHibernateEnter                    
2001b86d  SPICSDisable                          
2001b885  SPICSEnable                           
2001b89d  SPIDisable                            
2001b8b5  SPIEnable                             
2001b8cd  TimerIntDisable                       
2001b8e5  TimerIntEnable                        
2001b8fd  _args_main                            
2001b915  strcmp                                
2001b92d  CameraDMAEnable                       
2001b943  CameraIntRegister                     
2001b959  I2CMasterDataPut                      
2001b96f  I2CMasterEnable                       
2001b985  PRCMHIBRegRead                        
2001b99b  PRCMHIBRegWrite                       
2001b9b1  UARTCharGet                           
2001b9c7  _SlDrvShiftDWord                      
2001b9dd  _sl_Strlen                            
2001b9f3  strchr                                
2001ba09  uDMAIntRegister                       
2001ba1f  CPUcpsie                              
2001ba35  IntVTableBaseSet                      
2001ba49  _register_unlock                      
2001ba4f  _register_lock                        
2001ba57  _nop                                  
2001ba5d  strcpy                                
2001ba71  strlen                                
2001ba85  uDMAControlBaseSet                    
2001ba99  uDMAIntClear                          
2001baad  I2CMasterControl                      
2001babf  I2CMasterIntClearEx                   
2001bad1  I2CMasterTimeoutSet                   
2001bae3  TimerIntClear                         
2001baf5  sl_NetAppMDNSUnRegisterService        
2001bb07  uDMAIntUnregister                     
2001bb19  NwpMaskInterrupt                      
2001bb29  SL_FD_SET                             
2001bb39  I2CMasterDataGet                      
2001bb47  __TI_decompress_none                  
2001bb55  ResetISR                              
2001bb65  NwpUnMaskInterrupt                    
2001bb71  __TI_zero_init                        
2001bb7d  uDMADisable                           
2001bb89  uDMAEnable                            
2001bb95  uDMAIntStatus                         
2001bba1  IntMasterEnable                       
2001bbab  sl_WlanDisconnect                     
2001bbb3  MT9D111Delay                          
2001bbb9  SL_FD_ZERO                            
2001bbbf  UtilsDelay                            
2001bbc5  __TI_decompress_rle24                 
2001bbcb  log                                   
2001bbd1  logf                                  
2001bbd7  sinf                                  
2001bbdd  __abort_execution                     
2001bbe1  _system_pre_init                      
2001bd24  _ctypes_                              
2001bf2c  _SlPolicySetCmdCtrl                   
2001bf30  _SlPolicyGetCmdCtrl                   
2001bf34  _SlProfileGetCmdCtrl                  
2001bf38  _SlProfileDelCmdCtrl                  
2001bf3c  _SlWlanGetNetworkListCtrl             
2001bf40  _SlRxFilterAddtCmdCtrl                
2001bf44  _SlRxFilterSetCmdCtrl                 
2001bf48  _SlRxFilterGetCmdCtrl                 
2001bf4c  _SlSmartConfigStartCmdCtrl            
2001bf50  _SlWlanSetModeCmdCtrl                 
2001bf54  _SlWlanCfgSetCmdCtrl                  
2001bf58  _SlWlanCfgGetCmdCtrl                  
2001c530  g_H2NSyncPattern                      
2001c538  g_H2NCnysPattern                      
2001c540  _SlActionLookupTable                  
2001c6c0  _SlFsOpenCmdCtrl                      
2001c6c4  _SlFsCloseCmdCtrl                     
2001c6c8  _SlFsReadCmdCtrl                      
2001c6cc  _SlFsWriteCmdCtrl                     
2001c6d0  _SlFsGetInfoCmdCtrl                   
2001c6d4  _SlFsDeleteCmdCtrl                    
2001c770  _SlSockSocketCmdCtrl                  
2001c774  _SlSockCloseCmdCtrl                   
2001c778  _SlRecvfomCmdCtrl                     
2001c77c  _SlSendCmdCtrl                        
2001c780  _SlListenCmdCtrl                      
2001c784  _SlAcceptCmdCtrl                      
2001c788  _SlRecvCmdCtrl                        
2001c78c  _SlSetSockOptCmdCtrl                  
2001c790  _SlGetSockOptCmdCtrl                  
2001c794  _SlSelectCmdCtrl                      
2001c8c8  _SlNetAppStartCtrl                    
2001c8cc  _SlNetAppStopCtrl                     
2001c8d0  _SlGetServiceListeCtrl                
2001c8d4  _SlRegisterServiceCtrl                
2001c8d8  _SlGetHostByServiceCtrl               
2001c8dc  _SlGetHostByNameCtrl                  
2001c8e0  _SlNetAppSetCmdCtrl                   
2001c8e4  _SlNetAppSendTokenValueCmdCtrl        
2001c8e8  _SlNetAppGetCmdCtrl                   
2001c9c4  g_deviceClientVersion                 
2001ca08  _SlStopCmdCtrl                        
2001ca0c  _SlEventMaskSetCmdCtrl                
2001ca10  _SlEventMaskGetCmdCtrl                
2001ca14  _SlDeviceGetCmdCtrl                   
2001ca18  _SlDeviceSetCmdCtrl                   
2001ca1c  pcDigits                              
2001ca30  _SlNetCfgSetCmdCtrl                   
2001ca34  _SlNetCfgGetCmdCtrl                   
2001ca38  __TI_static_base__                    
2001d604  __TI_Handler_Table_Base               
2001d610  __TI_Handler_Table_Limit              
2001d618  __TI_CINIT_Base                       
2001d628  __TI_CINIT_Limit                      
2001e000  g_image_buffer                        
20032000  thisMagBuffer                         
20032b58  thisMagCal                            
20032f70  thisMag                               
20032fc8  clientStateFileName                   
20032ffc  Elapsed_100MilliSecs                  
20033000  gpCtlTbl                              
20033400  g_NetEntries                          
20033770  __CIOBUF_                             
20033890  gfpAppCallbackHndl                    
20033a58  thisSV_6DOF_GB_BASIC                  
20033b04  __TI_tmpnams                          
20033ba4  xQueueRegistry                        
20033bf4  g_cWlanSecurityKey                    
20033c28  thisAccel                             
20033c5c  g_cWlanSSID                           
20033c80  g_ucConnectionSSID                    
20033cc0  g_flag_blockFull                      
20033d38  ang_buf                               
20033d48  globals                               
20033d58  mqxglobals                            
20033d68  g_SecParams                           
20033d74  g_ucConnectionBSSID                   
20033d88  angle_avg                             
20033d8c  angle_reading_del1                    
20033d90  angle_reading_del2                    
20033d94  angle_reading_del3                    
20033d98  angle_reading_del4                    
20033d9c  dataBuffer                            
20033da0  g_block_lastFilled                    
20033da4  g_cWlanSecurityType                   
20033da8  g_frame_size_in_bytes                 
20033dac  g_header_length                       
20033db0  g_position_in_block                   
20033db4  g_readHeader                          
20033dc4  avg_buffer_cnt                        
20033dc5  checkForLight_Flag                    
20033dc6  cnt_prakz2                            
20033dc8  g_flag_DataBlockFilled                
20033dc9  g_flag_door_closing_45degree          
20033dca  g_frame_end                           
20033dcb  iDone                                 
20033dcc  isitfirsttime                         
20033dcd  open1_close0_invalid2                 
20033dce  valid_case                            
20033dd0  _sys_memory                           
ffffffff  __binit__                             
ffffffff  __c_args__                            
ffffffff  binit                                 
UNDEFED   SHT$$INIT_ARRAY$$Base                 
UNDEFED   SHT$$INIT_ARRAY$$Limit                

[880 symbols]
