******************************************************************************
                  TI ARM Linker PC v5.2.2                      
******************************************************************************
>> Linked Mon Jul 06 09:46:19 2015

OUTPUT FILE NAME:   <ULP_SEC_CAM.out>
ENTRY POINT SYMBOL: "_c_int00"  address: 2001a225


MEMORY CONFIGURATION

         name            origin    length      used     unused   attr    fill
----------------------  --------  ---------  --------  --------  ----  --------
  SRAM_BOOTLDR          20000000   00004000  000023f4  00001c0c  RW X
  SRAM_CODE             20004000   0001e000  000193bc  00004c44  RW X
  SRAM_DATA             20022000   0001e000  0001c2ff  00001d01  RW X


SEGMENT ALLOCATION MAP

run origin  load origin   length   init length attrs members
----------  ----------- ---------- ----------- ----- -------
20000000    20000000    000013f4   00000000    rw-
  20000000    20000000    000013f4   00000000    rw- .data
20003000    20003000    00001000   00000000    rw-
  20003000    20003000    00001000   00000000    rw- .stack
20004000    20004000    000193c0   000193c0    r-x
  20004000    20004000    00000400   00000400    r-- .intvecs
  20004400    20004400    00017516   00017516    r-x .text
  2001b918    2001b918    00000ede   00000ede    r-- .const
  2001c7f8    2001c7f8    00000bc8   00000bc8    r-- .cinit
20022000    20022000    0001c300   00000000    rw-
  20022000    20022000    000172ff   00000000    rw- .bss
  20039300    20039300    00005000   00000000    rw- .sysmem


SECTION ALLOCATION MAP

 output                                  attributes/
section   page    origin      length       input sections
--------  ----  ----------  ----------   ----------------
.data      0    20000000    000013f4     UNINITIALIZED
                  20000000    00000600     camera_app.obj (.data:JPEG_StdHuffmanTbl)
                  20000600    00000400     camera_app.obj (.data:g_header)
                  20000a00    000003c9     cc3200_certificate.obj (.data:DigiCertHighAssuranceEVRootCA_der)
                  20000dc9    00000001     tasks.obj (.data)
                  20000dca    00000002     --HOLE--
                  20000dcc    000000f0     rtsv7M4_T_le_eabi.lib : defs.obj (.data:_ftable)
                  20000ebc    000000d0                           : lowlev.obj (.data)
                  20000f8c    000000b0                           : signal.obj (.data:sigtable)
                  2000103c    00000004     cc3200_certificate.obj (.data)
                  20001040    00000080     rtsv7M4_T_le_eabi.lib : xvalues.obj (.data)
                  200010c0    00000068                           : xfvalues.obj (.data)
                  20001128    00000064     network_relater_fns.obj (.data:Token)
                  2000118c    00000064     network_relater_fns.obj (.data:Value)
                  200011f0    00000040     camera_app.obj (.data:JPEG_StdQuantTblC)
                  20001230    00000040     camera_app.obj (.data:JPEG_StdQuantTblY)
                  20001270    00000040     camera_app.obj (.data:zigzag)
                  200012b0    0000003c     main.obj (.data:g_token_get)
                  200012ec    00000034     free_rtos.a : tasks.obj (.data)
                  20001320    00000024     main.obj (.data)
                  20001344    00000018     cc3200_utils.obj (.data)
                  2000135c    00000018     request.obj (.data)
                  20001374    00000010     rtsv7M4_T_le_eabi.lib : defs.obj (.data)
                  20001384    0000000c     free_rtos.a : osi_freertos.obj (.data)
                  20001390    0000000c     rtsv7M4_T_le_eabi.lib : memory.obj (.data)
                  2000139c    00000009     simplelink.a : cc_pal.obj (.data)
                  200013a5    00000003     --HOLE--
                  200013a8    00000009                  : driver.obj (.data)
                  200013b1    00000003     --HOLE--
                  200013b4    00000008     camera_app.obj (.data)
                  200013bc    00000008     rtsv7M4_T_le_eabi.lib : _lock.obj (.data)
                  200013c4    00000008                           : exit.obj (.data)
                  200013cc    00000008                           : feraiseexcept.obj (.data)
                  200013d4    00000006     http.obj (.data)
                  200013da    00000002     --HOLE--
                  200013dc    00000004     free_rtos.a : port.obj (.data)
                  200013e0    00000004     ota.a : OtaHttp.obj (.data)
                  200013e4    00000004     rtsv7M4_T_le_eabi.lib : errno.obj (.data)
                  200013e8    00000004                           : fopen.obj (.data)
                  200013ec    00000004                           : rand.obj (.data)
                  200013f0    00000004                           : stkdepth_vars.obj (.data)

.TI.persistent 
*          0    20000000    00000000     UNINITIALIZED

.stack     0    20003000    00001000     UNINITIALIZED
                  20003000    00001000     --HOLE--

.intvecs   0    20004000    00000400     
                  20004000    00000400     startup_ccs.obj (.intvecs)

.text      0    20004400    00017516     
                  20004400    00001258     free_rtos.a : tasks.obj (.text)
                  20005658    000010a6     rtsv7M4_T_le_eabi.lib : _printfi.obj (.text)
                  200066fe    00000002     startup_ccs.obj (.text:BusFaultHandler)
                  20006700    00000b24     free_rtos.a : queue.obj (.text)
                  20007224    00000610     ota.a : OtaHttp.obj (.text)
                  20007834    00000600     magnetic.obj (.text:fUpdateCalibration10EIG)
                  20007e34    000005ec     simplelink.a : driver.obj (.text:_SlDrvMsgRead)
                  20008420    00000484     magnetic.obj (.text:fUpdateCalibration4INV)
                  200088a4    0000045c     free_rtos.a : osi_freertos.obj (.text)
                  20008d00    00000424     ota.a : OtaClient.obj (.text)
                  20009124    0000040c           : OtaApp.obj (.text)
                  20009530    00000400     network_relater_fns.obj (.text:SimpleLinkHttpServerCallback)
                  20009930    000003dc     rtsv7M4_T_le_eabi.lib : memory.obj (.text)
                  20009d0c    000003d8     matrix.obj (.text:eigencompute)
                  2000a0e4    000003ac     magnetic.obj (.text:fUpdateCalibration7EIG)
                  2000a490    00000390     camera_app.obj (.text:CaptureAndStore_Image)
                  2000a820    00000378     rtsv7M4_T_le_eabi.lib : powf.obj (.text)
                  2000ab98    0000035c     ota.a : CdnClient.obj (.text)
                  2000aef4    00000338           : LogClient.obj (.text)
                  2000b22c    0000032c     network_relater_fns.obj (.text:SimpleLinkWlanEventHandler)
                  2000b558    0000032c     request.obj (.text:buildRequestHeaders)
                  2000b884    0000032c     cc3200_utils.obj (.text:createNewInstallationId)
                  2000bbb0    0000030c     rtsv7M4_T_le_eabi.lib : lowlev.obj (.text)
                  2000bebc    00000304     magnetic.obj (.text:iUpdateMagnetometerBuffer)
                  2000c1c0    000002d4     rtsv7M4_T_le_eabi.lib : trgdrv.obj (.text)
                  2000c494    000002a0     orientation.obj (.text:feCompassAndroid)
                  2000c734    000002a0     orientation.obj (.text:feCompassNED)
                  2000c9d4    000002a0     orientation.obj (.text:feCompassWin8)
                  2000cc74    0000029c     wifi_provisioning_thruAPmode.obj (.text:WiFiProvisioning)
                  2000cf10    00000298     rtsv7M4_T_le_eabi.lib : vla_alloc.obj (.text)
                  2000d1a8    00000274     network_relater_fns.obj (.text:ConfigureSimpleLinkToDefaultState)
                  2000d41c    00000248     simplelink.a : driver.obj (.text:_SlDrvRxHdrRead)
                  2000d664    00000244                  : wlan.obj (.text:sl_WlanConnect)
                  2000d8a8    00000238     tasks.obj (.text:MagCal_Run)
                  2000dae0    00000220     wifi_provisioning_thruAPmode.obj (.text:User_Configure)
                  2000dd00    000001f4     rtsv7M4_T_le_eabi.lib : ull_div_t2.obj (.text)
                  2000def4    000001ec     matrix.obj (.text:fmatrixAeqInvA)
                  2000e0e0    000001d0     simplelink.a : driver.obj (.text:_SlDrvReleasePoolObj)
                  2000e2b0    000001cc                  : driver.obj (.text:_SlDrvMsgWrite)
                  2000e47c    000001c8     mt9d111.obj (.text:RegLstWrite)
                  2000e644    000001c4     rtsv7M4_T_le_eabi.lib : fopen.obj (.text)
                  2000e808    000001c0     camera_app.obj (.text:createAndWrite_ImageHeaderFile)
                  2000e9c8    000001bc     algorithm_basic.obj (.text:check_doorpos)
                  2000eb84    000001bc     rtsv7M4_T_le_eabi.lib : xflog.obj (.text)
                  2000ed40    000001b6                           : fd_add_t2.obj (.text)
                  2000eef6    00000002     startup_ccs.obj (.text:FaultISR)
                  2000eef8    0000019c     collect_and_txit.obj (.text:CollectTxit_ImgTempRH)
                  2000f094    0000019c     rtsv7M4_T_le_eabi.lib : xfsin.obj (.text)
                  2000f230    00000194     simplejson.obj (.text:simpleJsonProcessor)
                  2000f3c4    00000190     simplelink.a : driver.obj (.text:_SlDrvWaitForPoolObj)
                  2000f554    00000184     flc.a : flc.obj (.text)
                  2000f6d8    00000184     request.obj (.text:payloadSend)
                  2000f85c    00000180     parse_uploads.obj (.text:ConstructDeviceStateObject)
                  2000f9dc    0000017c     wifi_provisioning_thruAPmode.obj (.text:AccessPtMode_HTTPServer_Start)
                  2000fb58    00000178     rtsv7M4_T_le_eabi.lib : tanf.obj (.text)
                  2000fcd0    00000178                           : xfexp.obj (.text)
                  2000fe48    00000174     simplelink.a : driver.obj (.text:_SlDrvDriverCBInit)
                  2000ffbc    00000170                  : driver.obj (.text:_SlFindAndSetActiveObj)
                  2001012c    0000016c     camera_app.obj (.text:CameraIntHandler)
                  20010298    0000016c     ota.obj (.text:OTAServerInfoSet)
                  20010404    00000158     orientation.obj (.text:fQuaternionFromRotationMatrix)
                  2001055c    00000154     request.obj (.text:sendRequest)
                  200106b0    00000153     network_relater_fns.obj (.text:SimpleLinkSockEventHandler)
                  20010803    00000001     --HOLE-- [fill = 0]
                  20010804    00000150     hibernate_related_fns.obj (.text:HIBernate)
                  20010954    00000150     matrix.obj (.text:f3x3matrixAeqInvSymB)
                  20010aa4    0000014c     simplelink.a : cc_pal.obj (.text:spi_Open)
                  20010bf0    00000148     orientation.obj (.text:fWin8AnglesDegFromRotationMatrix)
                  20010d38    0000013c     network_relater_fns.obj (.text:SimpleLinkNetAppEventHandler)
                  20010e74    0000013c     rtsv7M4_T_le_eabi.lib : fmodf.obj (.text)
                  20010fb0    0000013c     simplelink.a : socket.obj (.text:sl_Select)
                  200110ec    00000138     tasks.obj (.text:RdSensData_Run)
                  20011224    00000138     network_relater_fns.obj (.text:initNetwork)
                  2001135c    00000136     rtsv7M4_T_le_eabi.lib : fd_div_t2.obj (.text)
                  20011492    00000002     driverlib.a : interrupt.obj (.text:IntDefaultHandler)
                  20011494    00000134                 : prcm.obj (.text:PRCMCC3200MCUInit)
                  200115c8    00000134     rtsv7M4_T_le_eabi.lib : fputs.obj (.text)
                  200116fc    00000132     orientation.obj (.text:qconjgAxB)
                  2001182e    00000002     startup_ccs.obj (.text:IntDefaultHandler)
                  20011830    00000130     orientation.obj (.text:fLPFOrientationQuaternion)
                  20011960    00000130     orientation.obj (.text:qAeqAxB)
                  20011a90    0000012a     free_rtos.a : list.obj (.text)
                  20011bba    00000002     startup_ccs.obj (.text:NmiSR)
                  20011bbc    00000128     simplelink.a : driver.obj (.text:_SlDrvDataReadOp)
                  20011ce4    00000120     camera_app.obj (.text:create_JpegImageFile)
                  20011e04    0000011c     wifi_provisioning_thruAPmode.obj (.text:CollectAngle)
                  20011f20    00000118     mt9d111.obj (.text:Register_Read)
                  20012038    00000118     lightSens_isl29035.obj (.text:configureISL29035)
                  20012150    00000118     fusion.obj (.text:fRun_6DOF_GB_BASIC)
                  20012268    00000114     tasks.obj (.text:Fusion_Run)
                  2001237c    00000114     orientation.obj (.text:fRotationMatrixFromQuaternion)
                  20012490    00000110     main.obj (.text:Main_Task_withHibernate)
                  200125a0    00000110     free_rtos.a : port.obj (.text)
                  200126b0    00000110     tempRHSens_si7020.obj (.text:getTempRH)
                  200127c0    00000110     rtsv7M4_T_le_eabi.lib : xdscale.obj (.text)
                  200128d0    0000010c     cc3200_socket.obj (.text:socketSslConnect)
                  200129dc    00000108     network_relater_fns.obj (.text:ConnectToNetwork_STA)
                  20012ae4    00000108     simplelink.a : socket.obj (.text:sl_Connect)
                  20012bec    00000108                  : socket.obj (.text:sl_Send)
                  20012cf4    00000108     tempRHSens_si7020.obj (.text:verifyTempRHSensor)
                  20012dfc    00000104     dbgFns.obj (.text:Check_I2CDevices)
                  20012f00    00000104     simplelink.a : driver.obj (.text:_SlDrvDataWriteOp)
                  20013004    00000104                  : netapp.obj (.text:sl_NetAppDnsGetHostByName)
                  20013108    00000104     lightSens_isl29035.obj (.text:verifyISL29035)
                  2001320c    00000100     pinmux.obj (.text:PinMuxConfig)
                  2001330c    00000100     main.obj (.text:main)
                  2001340c    000000fe     simplelink.a : netapp.obj (.text:_SlDrvNetAppEventHandler)
                  2001350a    00000002     parse_impl.obj (.text:getInternalClient)
                  2001350c    000000fc     flash_files.obj (.text:WriteFile_ToFlash)
                  20013608    000000fc     rtsv7M4_T_le_eabi.lib : fd_mul_t2.obj (.text)
                  20013704    000000fa                           : fs_add_t2.obj (.text)
                  200137fe    00000002     main.obj (.text:vApplicationIdleHook)
                  20013800    000000f7     camera_app.obj (.text:DefineHuffmanTableMarkerAC)
                  200138f7    00000001     --HOLE-- [fill = 0]
                  200138f8    000000f4     camera_app.obj (.text:DefineQuantizationTableMarker)
                  200139ec    000000f4     simplelink.a : driver.obj (.text:_SlDrvDriverCBDeinit)
                  20013ae0    000000f4                  : fs.obj (.text:sl_FsRead)
                  20013bd4    000000f0     i2cconfig.obj (.text:I2CBufferRead)
                  20013cc4    000000f0     installation.obj (.text:getInstallation)
                  20013db4    000000f0     driverlib.a : udma.obj (.text:uDMAChannelTransferSet)
                  20013ea4    000000ec     i2cconfig.obj (.text:I2CBufferWrite)
                  20013f90    000000ec     i2c_app.obj (.text:i2cWriteRegisters)
                  2001407c    000000ec     simplelink.a : fs.obj (.text:sl_FsWrite)
                  20014168    000000ec     accelomtrMagntomtr_fxos8700.obj (.text:verifyAccelMagnSensor)
                  20014254    000000e8     ota.obj (.text:OTA_Run)
                  2001433c    000000e6     magnetic.obj (.text:fInvertMagCal)
                  20014422    00000002     main.obj (.text:vApplicationStackOverflowHook)
                  20014424    000000e4     wifi_provisioning_thruAPmode.obj (.text:CalibrateMagSensor)
                  20014508    000000e4     i2c_app.obj (.text:i2cReadRegisters)
                  200145ec    000000e4     i2c_app.obj (.text:i2cReadRegistersTwoBytes)
                  200146d0    000000e0     drivers.obj (.text:FXOS8700_ReadData)
                  200147b0    000000dd     camera_app.obj (.text:FrameHeaderMarker)
                  2001488d    00000003     --HOLE-- [fill = 0]
                  20014890    000000dc     ota.obj (.text:OTA_CommitImage)
                  2001496c    000000dc     flash_files.obj (.text:ReadFile_FromFlash)
                  20014a48    000000dc     rtsv7M4_T_le_eabi.lib : setvbuf.obj (.text)
                  20014b24    000000dc     simplelink.a : cc_pal.obj (.text:spi_Read)
                  20014c00    000000d8                  : driver.obj (.text:_SlDrvClassifyRxMsg)
                  20014cd8    000000d8     rtsv7M4_T_le_eabi.lib : xfatan.obj (.text)
                  20014db0    000000d4     simplelink.a : device.obj (.text:sl_Stop)
                  20014e84    000000d0     magnetic.obj (.text:fInitMagCalibration)
                  20014f54    000000d0     orientation.obj (.text:fqAeqNormqA)
                  20015024    000000d0     rtsv7M4_T_le_eabi.lib : xfdscale.obj (.text)
                  200150f4    000000cc                           : sqrtf.obj (.text)
                  200151c0    000000c8     main.obj (.text:UserConfigure_Task)
                  20015288    000000c8     simplelink.a : netapp.obj (.text:_sl_HandleAsync_DnsGetHostByService)
                  20015350    000000c8     rtsv7M4_T_le_eabi.lib : fflush.obj (.text)
                  20015418    000000c4     camera_app.obj (.text:DMAConfig)
                  200154dc    000000c4     orientation.obj (.text:fRotationVectorDegFromQuaternion)
                  200155a0    000000c0     main.obj (.text:Config_And_Start_CameraCapture)
                  20015660    000000c0     simplelink.a : driver.obj (.text:_SlRemoveFromList)
                  20015720    000000be     rtsv7M4_T_le_eabi.lib : xdnorm.obj (.text)
                  200157de    00000002     --HOLE-- [fill = 0]
                  200157e0    000000bc     simplelink.a : driver.obj (.text:_SlDrvMsgReadCmdCtx)
                  2001589c    000000bc     orientation.obj (.text:fAndroidAnglesDegFromRotationMatrix)
                  20015958    000000bc     orientation.obj (.text:fNEDAnglesDegFromRotationMatrix)
                  20015a14    000000bc     rtsv7M4_T_le_eabi.lib : acosf.obj (.text)
                  20015ad0    000000bc     simplelink.a : device.obj (.text:sl_Start)
                  20015b8c    000000ba     free_rtos.a : portasm.obj (.text)
                  20015c46    00000002     --HOLE-- [fill = 0]
                  20015c48    000000b8     camera_app.obj (.text:CreateJpegHeader)
                  20015d00    000000b8     simplelink.a : driver.obj (.text:_SlAsyncEventGenericHandler)
                  20015db8    000000b8     cc3200_certificate.obj (.text:ensureCertificateFile)
                  20015e70    000000b4     appFns_BatteryLevelSense.obj (.text:Get_BatteryPercent)
                  20015f24    000000b4     installation.obj (.text:createInstallation)
                  20015fd8    000000b4     simplelink.a : netapp.obj (.text:sl_NetAppMDNSRegisterUnregisterService)
                  2001608c    000000b0     mt9d111.obj (.text:Verify_ImageSensor)
                  2001613c    000000ac     wifi_provisioning_thruAPmode.obj (.text:WlanConnect)
                  200161e8    000000ac     rtsv7M4_T_le_eabi.lib : _io_perm.obj (.text)
                  20016294    000000a8     driverlib.a : interrupt.obj (.text:IntDisable)
                  2001633c    000000a8                 : interrupt.obj (.text:IntEnable)
                  200163e4    000000a8     approximations.obj (.text:fatan_deg)
                  2001648c    000000a8     simplelink.a : netcfg.obj (.text:sl_NetCfgGet)
                  20016534    000000a4     main_FXOS8700.obj (.text:angleCheck_Initializations)
                  200165d8    000000a0     driverlib.a : spi.obj (.text:SPIConfigSetExpClk)
                  20016678    0000009c     simplelink.a : driver.obj (.text:_SlDrvMsgReadSpawnCtx)
                  20016714    0000009c     rtsv7M4_T_le_eabi.lib : memcpy_t2.obj (.text)
                  200167b0    0000009c     simplelink.a : device.obj (.text:sl_DevGet)
                  2001684c    00000098     parse_uploads.obj (.text:UploadImageToParse)
                  200168e4    00000098     simplelink.a : fs.obj (.text:_sl_GetCreateFsMode)
                  2001697c    00000098     rtsv7M4_T_le_eabi.lib : fclose.obj (.text)
                  20016a14    00000098                           : fputc.obj (.text)
                  20016aac    00000097     installation.obj (.text:getInstallationByIdCallback)
                  20016b43    00000001     --HOLE-- [fill = 0]
                  20016b44    00000096     matrix.obj (.text:f3x3matrixDetA)
                  20016bda    00000002     --HOLE-- [fill = 0]
                  20016bdc    00000094     drivers.obj (.text:FXOS8700_Init)
                  20016c70    00000094     driverlib.a : prcm.obj (.text:PRCMPeripheralClockGet)
                  20016d04    00000094     approximations.obj (.text:facos_deg)
                  20016d98    00000094     rtsv7M4_T_le_eabi.lib : snprintf.obj (.text)
                  20016e2c    00000092                           : fs_div_t2.obj (.text)
                  20016ebe    00000002     --HOLE-- [fill = 0]
                  20016ec0    00000090     approximations.obj (.text:fatan2_deg)
                  20016f50    00000090     cc3200_client_state.obj (.text:loadClientState)
                  20016fe0    0000008f     camera_app.obj (.text:ScanHeaderMarker)
                  2001706f    00000001     --HOLE-- [fill = 0]
                  20017070    0000008c     simplelink.a : cc_pal.obj (.text:SetupDMAReceive)
                  200170fc    0000008c                  : cc_pal.obj (.text:SetupDMASend)
                  20017188    0000008c                  : netapp.obj (.text:_sl_HandleAsync_DnsGetHostByName)
                  20017214    0000008c                  : netapp.obj (.text:_sl_HandleAsync_PingResponse)
                  200172a0    0000008c     rtsv7M4_T_le_eabi.lib : xfdint.obj (.text)
                  2001732c    0000008c     simplelink.a : cc_pal.obj (.text:spi_Write)
                  200173b8    00000088     flash_files.obj (.text:CreateFile_Flash)
                  20017440    00000088     driverlib.a : prcm.obj (.text:PRCMHibernateIntervalSet)
                  200174c8    00000088                 : pin.obj (.text:PinConfigSet)
                  20017550    00000088     tempRHSens_si7020.obj (.text:configureTempRHSensor)
                  200175d8    00000088     rtsv7M4_T_le_eabi.lib : vsnprintf.obj (.text)
                  20017660    00000088     simplelink.a : fs.obj (.text:sl_FsClose)
                  200176e8    00000087     camera_app.obj (.text:DefineHuffmanTableMarkerDC)
                  2001776f    00000001     --HOLE-- [fill = 0]
                  20017770    00000086     uartA1_if.obj (.text:Report)
                  200177f6    00000086     rtsv7M4_T_le_eabi.lib : fd_cmp_t2.obj (.text:__aeabi_cdcmple)
                  2001787c    00000086                           : fd_cmp_t2.obj (.text:__aeabi_cdrcmple)
                  20017902    00000086     parse_impl.obj (.text:parseInitialize)
                  20017988    00000084     driverlib.a : i2c.obj (.text:I2CMasterInitExpClk)
                  20017a0c    00000084     simplelink.a : cc_pal.obj (.text:NwpPowerOnPreamble)
                  20017a90    00000080                  : driver.obj (.text:_SlDrvCmdOp)
                  20017b10    00000080                  : cc_pal.obj (.text:spi_Read_CPU)
                  20017b90    00000080                  : cc_pal.obj (.text:spi_Write_CPU)
                  20017c10    0000007c     network_relater_fns.obj (.text:InitializeUserConfigVariables)
                  20017c8c    0000007c     parse_uploads.obj (.text:UploadSensorDataToParse)
                  20017d08    0000007c     simplelink.a : device.obj (.text:_sl_HandleAsync_InitComplete)
                  20017d84    0000007c                  : fs.obj (.text:sl_FsGetInfo)
                  20017e00    0000007b     camera_app.obj (.text:JfifApp0Marker)
                  20017e7b    00000001     --HOLE-- [fill = 0]
                  20017e7c    0000007a     rtsv7M4_T_le_eabi.lib : fs_mul_t2.obj (.text)
                  20017ef6    0000007a                           : memset_t2.obj (.text)
                  20017f70    0000007a                           : xfdnorm.obj (.text)
                  20017fea    0000007a     cc3200_socket.obj (.text:socketRead)
                  20018064    00000078     app_common.obj (.text:LED_Blink)
                  200180dc    00000078     simplelink.a : socket.obj (.text:_sl_HandleAsync_Connect)
                  20018154    00000078                  : fs.obj (.text:sl_FsOpen)
                  200181cc    00000078                  : cc_pal.obj (.text:spi_Close)
                  20018244    00000076     driverlib.a : uart.obj (.text:UARTConfigSetExpClk)
                  200182ba    00000002     --HOLE-- [fill = 0]
                  200182bc    00000074     parse_uploads.obj (.text:InitialiseParse)
                  20018330    00000074     lightSens_isl29035.obj (.text:getLightsensor_data)
                  200183a4    00000074     simplelink.a : socket.obj (.text:sl_Recv)
                  20018418    00000070     camera_app.obj (.text:CamControllerInit)
                  20018488    0000006c     network_relater_fns.obj (.text:ConfigureMode)
                  200184f4    0000006c     i2c_if.obj (.text:I2C_IF_Read)
                  20018560    0000006c     simplelink.a : driver.obj (.text:_SlDrvCmdSend)
                  200185cc    0000006c     rtsv7M4_T_le_eabi.lib : autoinit.obj (.text)
                  20018638    0000006c                           : fprintf.obj (.text)
                  200186a4    0000006a                           : copy_decompress_rle.obj (.text)
                  2001870e    00000002     --HOLE-- [fill = 0]
                  20018710    00000068     batteryVoltLvlSens_adc081c021.obj (.text:Get_BatteryVoltageLevel_ADC081C021)
                  20018778    00000068     i2c_if.obj (.text:I2CTransact)
                  200187e0    00000068     i2c_if.obj (.text:I2C_IF_Write)
                  20018848    00000068     driverlib.a : prcm.obj (.text:PRCMHibernateWakeUpGPIOSelect)
                  200188b0    00000068     simplelink.a : netapp.obj (.text:_sl_NetAppSendTokenValue)
                  20018918    00000068     rtsv7M4_T_le_eabi.lib : trgmsg.obj (.text)
                  20018980    00000068     simplelink.a : device.obj (.text:sl_DevSet)
                  200189e8    00000068                  : netcfg.obj (.text:sl_NetCfgSet)
                  20018a50    00000068                  : socket.obj (.text:sl_SetSockOpt)
                  20018ab8    00000068                  : wlan.obj (.text:sl_WlanSet)
                  20018b20    00000066     rtsv7M4_T_le_eabi.lib : xdunscal.obj (.text)
                  20018b86    00000002     --HOLE-- [fill = 0]
                  20018b88    00000064                           : fseek.obj (.text)
                  20018bec    00000064     driverlib.a : udma.obj (.text:uDMAChannelAttributeDisable)
                  20018c50    00000064                 : udma.obj (.text:uDMAChannelAttributeEnable)
                  20018cb4    00000063     installation.obj (.text:getInstallationCallback)
                  20018d17    00000001     --HOLE-- [fill = 0]
                  20018d18    00000062     timer_if.obj (.text:Timer_IF_IntSetup)
                  20018d7a    00000002     --HOLE-- [fill = 0]
                  20018d7c    00000061     http.obj (.text:beginHttpGetRequest)
                  20018ddd    00000003     --HOLE-- [fill = 0]
                  20018de0    00000060     udma_if.obj (.text:UDMAInit)
                  20018e40    00000060     rtsv7M4_T_le_eabi.lib : fs_cmp_t2.obj (.text:__aeabi_cfcmple)
                  20018ea0    00000060                           : fs_cmp_t2.obj (.text:__aeabi_cfrcmple)
                  20018f00    00000060     simplelink.a : socket.obj (.text:_sl_HandleAsync_Accept)
                  20018f60    00000060     request.obj (.text:parseSendRequestInternal)
                  20018fc0    00000060     rtsv7M4_T_le_eabi.lib : sprintf.obj (.text)
                  20019020    00000060     simplelink.a : wlan.obj (.text:sl_WlanPolicySet)
                  20019080    00000060     tempRHSens_si7020.obj (.text:softResetTempRHSensor)
                  200190e0    0000005c     ota.obj (.text:OTA_Init)
                  2001913c    0000005c     mt9d111.obj (.text:StartSensorInJpegMode)
                  20019198    0000005c     fusion.obj (.text:fInit_6DOF_GB_BASIC)
                  200191f4    0000005c     simplelink.a : socket.obj (.text:sl_Socket)
                  20019250    0000005c     accelomtrMagntomtr_fxos8700.obj (.text:standby_accelMagn_fxos8700)
                  200192ac    00000058     driverlib.a : interrupt.obj (.text:IntPendClear)
                  20019304    00000058                 : prcm.obj (.text:PRCMPeripheralReset)
                  2001935c    00000058     cc3200_utils.obj (.text:fetchDeviceOSVersion)
                  200193b4    00000058     lightSens_isl29035.obj (.text:getLightsensor_intrptStatus)
                  2001940c    00000058     accelomtrMagntomtr_fxos8700.obj (.text:getMagntData)
                  20019464    00000056     rtsv7M4_T_le_eabi.lib : ltoa.obj (.text)
                  200194ba    00000056                           : xfdunsca.obj (.text)
                  20019510    00000054     timer_if.obj (.text:GetPeripheralIntNum)
                  20019564    00000054     driverlib.a : interrupt.obj (.text:IntPrioritySet)
                  200195b8    00000054     simplelink.a : socket.obj (.text:_sl_HandleAsync_Select)
                  2001960c    00000054                  : wlan.obj (.text:sl_WlanRxFilterSet)
                  20019660    00000052     cc3200_socket.obj (.text:socketWrite)
                  200196b2    00000002     --HOLE-- [fill = 0]
                  200196b4    00000050     simplelink.a : device.obj (.text:_sl_HandleAsync_Stop)
                  20019704    00000050     approximations.obj (.text:fasin_deg)
                  20019754    00000050     app_common.obj (.text:intToASCII)
                  200197a4    00000050     rtsv7M4_T_le_eabi.lib : fs_toull_t2.obj (.text)
                  200197f4    00000050     simplelink.a : fs.obj (.text:sl_FsDel)
                  20019844    00000050     cc3200_socket.obj (.text:socketWait)
                  20019894    0000004c     driverlib.a : spi.obj (.text:SPIIntEnable)
                  200198e0    0000004c     simplelink.a : driver.obj (.text:_SlDrvProtectAsyncRespSetting)
                  2001992c    0000004c                  : driver.obj (.text:_SlDrvRxIrqHandler)
                  20019978    0000004c                  : socket.obj (.text:_sl_BuildAddress)
                  200199c4    0000004c     mt9d111.obj (.text:disableAE)
                  20019a10    0000004c     rtsv7M4_T_le_eabi.lib : atoi.obj (.text)
                  20019a5c    0000004c                           : atol.obj (.text)
                  20019aa8    0000004c                           : cpy_tbl.obj (.text)
                  20019af4    0000004c                           : rand.obj (.text)
                  20019b40    0000004c     driverlib.a : udma.obj (.text:uDMAChannelAssign)
                  20019b8c    0000004a     rtsv7M4_T_le_eabi.lib : fd_tos_t2.obj (.text)
                  20019bd6    00000002     --HOLE-- [fill = 0]
                  20019bd8    00000048     driverlib.a : prcm.obj (.text:PRCMHibernateWakeupSourceDisable)
                  20019c20    00000048                 : prcm.obj (.text:PRCMHibernateWakeupSourceEnable)
                  20019c68    00000048                 : spi.obj (.text:SPIIntClear)
                  20019cb0    00000048     simplelink.a : driver.obj (.text:_SlDrvBasicCmd)
                  20019cf8    00000048     mt9d111.obj (.text:disableAWB)
                  20019d40    00000048     rtsv7M4_T_le_eabi.lib : fd_toi_t2.obj (.text)
                  20019d88    00000046                           : ldexp.obj (.text)
                  20019dce    00000002     --HOLE-- [fill = 0]
                  20019dd0    00000044     driverlib.a : spi.obj (.text:SPIDmaMaskGet)
                  20019e14    00000044                 : timer.obj (.text:TimerConfigure)
                  20019e58    00000044     simplelink.a : cc_pal.obj (.text:cc_SetupTransfer)
                  20019e9c    00000044     rtsv7M4_T_le_eabi.lib : exit.obj (.text)
                  20019ee0    00000044                           : fd_tou_t2.obj (.text)
                  20019f24    00000043     camera_app.obj (.text:DefineRestartIntervalMarker)
                  20019f67    00000001     --HOLE-- [fill = 0]
                  20019f68    00000043     ota.obj (.text:OTA_Update)
                  20019fab    00000001     --HOLE-- [fill = 0]
                  20019fac    00000042     simplelink.a : socket.obj (.text:sl_Htonl)
                  20019fee    00000002     --HOLE-- [fill = 0]
                  20019ff0    00000040     driverlib.a : pin.obj (.text:PinModeSet)
                  2001a030    00000040     approximations.obj (.text:fatan_15deg)
                  2001a070    00000040     rtsv7M4_T_le_eabi.lib : signal.obj (.text)
                  2001a0b0    00000040     timer_fns.obj (.text:start_100mSecTimer)
                  2001a0f0    0000003e     rtsv7M4_T_le_eabi.lib : strncasecmp.obj (.text)
                  2001a12e    00000002     --HOLE-- [fill = 0]
                  2001a130    0000003d     installation.obj (.text:createInstallationCallback)
                  2001a16d    00000001     --HOLE-- [fill = 0]
                  2001a16e    0000003c     simplelink.a : netapp.obj (.text:CopyPingResultsToReport)
                  2001a1aa    00000002     --HOLE-- [fill = 0]
                  2001a1ac    0000003c     driverlib.a : prcm.obj (.text:PRCMPeripheralClkEnable)
                  2001a1e8    0000003c     simplelink.a : socket.obj (.text:_sl_TruncatePayloadByProtocol)
                  2001a224    0000003c     rtsv7M4_T_le_eabi.lib : boot.obj (.text)
                  2001a260    0000003c     simplelink.a : socket.obj (.text:sl_Htons)
                  2001a29c    0000003c     driverlib.a : udma.obj (.text:uDMAChannelControlSet)
                  2001a2d8    0000003a                 : camera.obj (.text:CameraCaptureStop)
                  2001a312    0000003a                 : camera.obj (.text:CameraXClkConfig)
                  2001a34c    00000038     simplelink.a : cc_pal.obj (.text:NwpPowerOff)
                  2001a384    00000038     udma_if.obj (.text:UDMASetupTransfer)
                  2001a3bc    00000038     matrix.obj (.text:fmatrixAeqI)
                  2001a3f4    00000038     free_rtos.a : heap_3.obj (.text)
                  2001a42c    00000038     main_FXOS8700.obj (.text:fxos_Calibration)
                  2001a464    00000038     rtsv7M4_T_le_eabi.lib : fs_tod_t2.obj (.text)
                  2001a49c    00000038                           : fs_toi_t2.obj (.text)
                  2001a4d4    00000038                           : i_tofs_t2.obj (.text)
                  2001a50c    00000036     driverlib.a : gpio.obj (.text:GPIODirModeSet)
                  2001a542    00000002     --HOLE-- [fill = 0]
                  2001a544    00000036     appflile_lightSensor.obj (.text:IsLightOff)
                  2001a57a    00000036     simplelink.a : netapp.obj (.text:sl_NetAppMDNSUnRegisterService)
                  2001a5b0    00000034     driverlib.a : camera.obj (.text:CameraParamsConfig)
                  2001a5e4    00000034     tasks.obj (.text:Fusion_Init)
                  2001a618    00000034     i2c_if.obj (.text:I2C_IF_Open)
                  2001a64c    00000034     driverlib.a : prcm.obj (.text:PRCMPeripheralStatusGet)
                  2001a680    00000034                 : spi.obj (.text:SPIFIFOLevelSet)
                  2001a6b4    00000034     matrix.obj (.text:f3x3matrixAeqAxScalar)
                  2001a6e8    00000034     matrix.obj (.text:f3x3matrixAeqI)
                  2001a71c    00000034     http.obj (.text:getHttpResponseStatus)
                  2001a750    00000034     request.obj (.text:parseSendRequest)
                  2001a784    00000034     rtsv7M4_T_le_eabi.lib : feraiseexcept.obj (.text)
                  2001a7b8    00000034                           : fs_tou_t2.obj (.text)
                  2001a7ec    00000034                           : strstr.obj (.text)
                  2001a820    00000032     http.obj (.text:addHttpRequestLine)
                  2001a852    00000002     --HOLE-- [fill = 0]
                  2001a854    00000031     http.obj (.text:addHttpRequestHeader)
                  2001a885    00000001     --HOLE-- [fill = 0]
                  2001a886    00000030     driverlib.a : pin.obj (.text:PinTypeGPIO)
                  2001a8b6    00000002     --HOLE-- [fill = 0]
                  2001a8b8    00000030                 : uart.obj (.text:UARTDisable)
                  2001a8e8    00000030     simplelink.a : device.obj (.text:_SlDrvDeviceEventHandler)
                  2001a918    00000030                  : fs.obj (.text:_sl_Strlen)
                  2001a948    00000030     main_FXOS8700.obj (.text:fxosDefault_Initializations)
                  2001a978    00000030     http.obj (.text:getHttpResponseBody)
                  2001a9a8    00000030     request.obj (.text:headerSend)
                  2001a9d8    00000030     rtsv7M4_T_le_eabi.lib : strncpy.obj (.text)
                  2001aa08    00000030                           : xferaise.obj (.text)
                  2001aa38    00000030     simplelink.a : socket.obj (.text:sl_Close)
                  2001aa68    00000030                  : wlan.obj (.text:sl_WlanProfileDel)
                  2001aa98    00000030                  : wlan.obj (.text:sl_WlanSetMode)
                  2001aac8    0000002e     rtsv7M4_T_le_eabi.lib : i_tofd_t2.obj (.text)
                  2001aaf6    0000002e                           : raise.obj (.text)
                  2001ab24    0000002c     driverlib.a : camera.obj (.text:CameraIntEnable)
                  2001ab50    0000002c     simplelink.a : cc_pal.obj (.text:DmaSpiSwIntHandler)
                  2001ab7c    0000002c     driverlib.a : i2c.obj (.text:I2CMasterErr)
                  2001aba8    0000002c     simplelink.a : cc_pal.obj (.text:NwpPowerOn)
                  2001abd4    0000002c     driverlib.a : prcm.obj (.text:PRCMSysResetCauseGet)
                  2001ac00    0000002a                 : timer.obj (.text:TimerLoadSet)
                  2001ac2a    0000002a                 : timer.obj (.text:TimerPrescaleSet)
                  2001ac54    0000002a     timer_if.obj (.text:Timer_IF_Init)
                  2001ac7e    0000002a     matrix.obj (.text:f3x3matrixAeqMinusA)
                  2001aca8    0000002a     orientation.obj (.text:fLPFScalar)
                  2001acd2    0000002a     rtsv7M4_T_le_eabi.lib : xdclass.obj (.text)
                  2001acfc    00000028     driverlib.a : camera.obj (.text:CameraIntStatus)
                  2001ad24    00000028     uartA1_if.obj (.text:InitTerm)
                  2001ad4c    00000028     driverlib.a : prcm.obj (.text:PRCMPeripheralClkDisable)
                  2001ad74    00000028     tasks.obj (.text:RdSensData_Init)
                  2001ad9c    00000028     mt9d111.obj (.text:SoftReset_ImageSensor)
                  2001adc4    00000028     cc3200_utils.obj (.text:getDeviceTimeDate)
                  2001adec    00000028     main_FXOS8700.obj (.text:get_angle)
                  2001ae14    00000028     rtsv7M4_T_le_eabi.lib : strncat.obj (.text)
                  2001ae3c    00000028     simplelink.a : netapp.obj (.text:sl_NetAppStart)
                  2001ae64    00000028                  : netapp.obj (.text:sl_NetAppStop)
                  2001ae8c    00000026     driverlib.a : camera.obj (.text:CameraThresholdSet)
                  2001aeb2    00000026     simplelink.a : cc_pal.obj (.text:NwpRegisterInterruptHandler)
                  2001aed8    00000026     rtsv7M4_T_le_eabi.lib : strncmp.obj (.text)
                  2001aefe    00000002     --HOLE-- [fill = 0]
                  2001af00    00000024     driverlib.a : camera.obj (.text:CameraIntClear)
                  2001af24    00000024     timer_fns.obj (.text:IntHandler_100mSecTimer)
                  2001af48    00000024     driverlib.a : interrupt.obj (.text:IntUnregister)
                  2001af6c    00000024     ota.obj (.text:RebootMCU)
                  2001af90    00000024     driverlib.a : uart.obj (.text:UARTEnable)
                  2001afb4    00000024     simplelink.a : driver.obj (.text:_SlDrvProtectionObjLockWaitForever)
                  2001afd8    00000024     main_FXOS8700.obj (.text:angleCheck)
                  2001affc    00000024     matrix.obj (.text:f3x3matrixAeqScalar)
                  2001b020    00000024     rtsv7M4_T_le_eabi.lib : u_tofs_t2.obj (.text)
                  2001b044    00000022     driverlib.a : camera.obj (.text:CameraCaptureStart)
                  2001b066    00000022                 : i2c.obj (.text:I2CMasterSlaveAddrSet)
                  2001b088    00000022     simplelink.a : socket.obj (.text:SL_FD_SET)
                  2001b0aa    00000022     driverlib.a : spi.obj (.text:SPIReset)
                  2001b0cc    00000022                 : spi.obj (.text:SPIWordCountSet)
                  2001b0ee    00000022     rtsv7M4_T_le_eabi.lib : frexp.obj (.text)
                  2001b110    00000022                           : memcmp.obj (.text)
                  2001b132    00000020     driverlib.a : gpio.obj (.text:GPIOPinWrite)
                  2001b152    00000002     --HOLE-- [fill = 0]
                  2001b154    00000020                 : interrupt.obj (.text:IntRegister)
                  2001b174    00000020     uartA1_if.obj (.text:Message)
                  2001b194    00000020     timer_if.obj (.text:Timer_IF_Start)
                  2001b1b4    00000020     mt9d111.obj (.text:WriteAllAEnAWBRegs)
                  2001b1d4    00000020     simplelink.a : driver.obj (.text:_SlDrvProtectionObjUnLock)
                  2001b1f4    00000020     rtsv7M4_T_le_eabi.lib : memchr.obj (.text)
                  2001b214    00000020                           : u_tofd_t2.obj (.text)
                  2001b234    0000001e     driverlib.a : i2c.obj (.text:I2CMasterIntStatusEx)
                  2001b252    0000001e                 : timer.obj (.text:TimerDisable)
                  2001b270    0000001e                 : timer.obj (.text:TimerEnable)
                  2001b28e    0000001e                 : timer.obj (.text:TimerIntStatus)
                  2001b2ac    0000001e                 : uart.obj (.text:UARTCharPut)
                  2001b2ca    0000001e     simplelink.a : cc_pal.obj (.text:cc_UDMAChannelSelect)
                  2001b2e8    0000001e     rtsv7M4_T_le_eabi.lib : strcat.obj (.text)
                  2001b306    00000002     --HOLE-- [fill = 0]
                  2001b308    0000001d     http.obj (.text:beginHttpRequest)
                  2001b325    00000003     --HOLE-- [fill = 0]
                  2001b328    0000001c     main.obj (.text:BoardInit)
                  2001b344    0000001c     driverlib.a : pin.obj (.text:PinTypeI2C)
                  2001b360    0000001c     mt9d111.obj (.text:Refresh_mt9d111Firmware)
                  2001b37c    0000001c     simplelink.a : driver.obj (.text:_SlDrvObjLockWaitForever)
                  2001b398    0000001c                  : driver.obj (.text:_SlDrvSyncObjWaitForever)
                  2001b3b4    0000001c     rtsv7M4_T_le_eabi.lib : memccpy.obj (.text)
                  2001b3d0    0000001c     timer_fns.obj (.text:stop_100mSecTimer)
                  2001b3ec    0000001c     driverlib.a : udma.obj (.text:uDMAChannelDisable)
                  2001b408    0000001c                 : udma.obj (.text:uDMAChannelEnable)
                  2001b424    0000001c     main.obj (.text:vApplicationMallocFailedHook)
                  2001b440    0000001a     driverlib.a : pin.obj (.text:PinTypeCamera)
                  2001b45a    0000001a                 : pin.obj (.text:PinTypeUART)
                  2001b474    0000001a                 : spi.obj (.text:SPIDmaDisable)
                  2001b48e    0000001a                 : spi.obj (.text:SPIDmaEnable)
                  2001b4a8    0000001a                 : spi.obj (.text:SPIFIFODisable)
                  2001b4c2    0000001a                 : spi.obj (.text:SPIFIFOEnable)
                  2001b4dc    00000019     http.obj (.text:addHttpRequestHeaderInt)
                  2001b4f5    00000003     --HOLE-- [fill = 0]
                  2001b4f8    00000018     tasks.obj (.text:ApplyMagHAL)
                  2001b510    00000018     driverlib.a : camera.obj (.text:CameraReset)
                  2001b528    00000018     udma_if.obj (.text:DmaSwIntHandler)
                  2001b540    00000018     driverlib.a : gpio.obj (.text:GPIOPinRead)
                  2001b558    00000018                 : prcm.obj (.text:PRCMHibernateEnter)
                  2001b570    00000018                 : spi.obj (.text:SPICSDisable)
                  2001b588    00000018                 : spi.obj (.text:SPICSEnable)
                  2001b5a0    00000018                 : spi.obj (.text:SPIDisable)
                  2001b5b8    00000018                 : spi.obj (.text:SPIEnable)
                  2001b5d0    00000018                 : timer.obj (.text:TimerIntEnable)
                  2001b5e8    00000018     simplelink.a : driver.obj (.text:_SlDrvObjUnLock)
                  2001b600    00000018                  : driver.obj (.text:_SlDrvSyncObjSignal)
                  2001b618    00000018                  : device.obj (.text:_sl_GetStartResponseConvert)
                  2001b630    00000018     rtsv7M4_T_le_eabi.lib : args_main.obj (.text)
                  2001b648    00000018                           : strcmp.obj (.text)
                  2001b660    00000018     request.obj (.text:setDataBufferPointer)
                  2001b678    00000016     driverlib.a : camera.obj (.text:CameraDMAEnable)
                  2001b68e    00000016                 : camera.obj (.text:CameraIntRegister)
                  2001b6a4    00000016                 : i2c.obj (.text:I2CMasterDataPut)
                  2001b6ba    00000016                 : i2c.obj (.text:I2CMasterEnable)
                  2001b6d0    00000016                 : prcm.obj (.text:PRCMHIBRegRead)
                  2001b6e6    00000016                 : prcm.obj (.text:PRCMHIBRegWrite)
                  2001b6fc    00000016     simplelink.a : driver.obj (.text:_SlDrvMemZero)
                  2001b712    00000016     rtsv7M4_T_le_eabi.lib : strchr.obj (.text)
                  2001b728    00000014     driverlib.a : cpu.obj (.text:CPUcpsie)
                  2001b73c    00000014                 : interrupt.obj (.text:IntVTableBaseSet)
                  2001b750    00000014     timer_if.obj (.text:Timer_IF_InterruptClear)
                  2001b764    00000014     rtsv7M4_T_le_eabi.lib : _lock.obj (.text)
                  2001b778    00000014                           : strcpy.obj (.text)
                  2001b78c    00000014                           : strlen.obj (.text)
                  2001b7a0    00000014     driverlib.a : udma.obj (.text:uDMAControlBaseSet)
                  2001b7b4    00000014                 : udma.obj (.text:uDMAIntClear)
                  2001b7c8    00000012                 : i2c.obj (.text:I2CMasterControl)
                  2001b7da    00000012                 : i2c.obj (.text:I2CMasterIntClearEx)
                  2001b7ec    00000012                 : i2c.obj (.text:I2CMasterTimeoutSet)
                  2001b7fe    00000012                 : timer.obj (.text:TimerIntClear)
                  2001b810    00000010     tasks.obj (.text:ApplyAccelHAL)
                  2001b820    00000010     app_common.obj (.text:LED_Off)
                  2001b830    00000010     app_common.obj (.text:LED_On)
                  2001b840    00000010     simplelink.a : socket.obj (.text:SL_FD_ZERO)
                  2001b850    0000000e     driverlib.a : i2c.obj (.text:I2CMasterDataGet)
                  2001b85e    0000000e     simplelink.a : driver.obj (.text:_SlDrvResetCmdExt)
                  2001b86c    0000000e     rtsv7M4_T_le_eabi.lib : copy_decompress_none.obj (.text:decompress:none)
                  2001b87a    00000002     --HOLE-- [fill = 0]
                  2001b87c    0000000c     mt9d111.obj (.text:CameraSensorInit)
                  2001b888    0000000c     udma_if.obj (.text:DmaErrorIntHandler)
                  2001b894    0000000c     simplelink.a : cc_pal.obj (.text:NwpMaskInterrupt)
                  2001b8a0    0000000c                  : cc_pal.obj (.text:NwpUnMaskInterrupt)
                  2001b8ac    0000000c     rtsv7M4_T_le_eabi.lib : copy_zero_init.obj (.text:decompress:ZI)
                  2001b8b8    0000000c     simplelink.a : wlan.obj (.text:sl_WlanDisconnect)
                  2001b8c4    0000000c     driverlib.a : udma.obj (.text:uDMAEnable)
                  2001b8d0    0000000c                 : udma.obj (.text:uDMAIntStatus)
                  2001b8dc    0000000a                 : interrupt.obj (.text:IntMasterEnable)
                  2001b8e6    00000006     i2cconfig.obj (.text:MT9D111Delay)
                  2001b8ec    00000006     startup_ccs.obj (.text:ResetISR)
                  2001b8f2    00000006     driverlib.a : utils.obj (.text:UtilsDelay)
                  2001b8f8    00000006     rtsv7M4_T_le_eabi.lib : copy_decompress_rle.obj (.text:decompress:rle24)
                  2001b8fe    00000006                           : logf.obj (.text)
                  2001b904    00000006                           : sinf.obj (.text)
                  2001b90a    00000004                           : error.obj (.text)
                  2001b90e    00000004                           : pre_init.obj (.text)
                  2001b912    00000004     hibernate_related_fns.obj (.text:sensorsTriggerSetup)

.const     0    2001b918    00000ede     
                  2001b918    0000013c     mt9d111.obj (.const:init_cmds_list)
                  2001ba54    00000101     rtsv7M4_T_le_eabi.lib : ctype.obj (.const:.string:_ctypes_)
                  2001bb55    00000003     --HOLE-- [fill = 0]
                  2001bb58    00000100     driverlib.a : pin.obj (.const:g_ulPinToPadMap)
                  2001bc58    000000d4                 : interrupt.obj (.const:g_pulRegs)
                  2001bd2c    000000d0     mt9d111.obj (.const)
                  2001bdfc    000000c4     mt9d111.obj (.const:capture_cmds_list)
                  2001bec0    000000b0     simplelink.a : wlan.obj (.const:$P$T0$1)
                  2001bf70    000000a8     driverlib.a : prcm.obj (.const:PRCM_PeriphRegsList)
                  2001c018    00000090     wifi_provisioning_thruAPmode.obj (.const:.string)
                  2001c0a8    00000080     driverlib.a : interrupt.obj (.const)
                  2001c128    00000072     lightSens_isl29035.obj (.const:.string)
                  2001c19a    00000002     --HOLE-- [fill = 0]
                  2001c19c    00000068     appFns_BatteryLevelSense.obj (.const:V2CEntry$1)
                  2001c204    00000050     accelomtrMagntomtr_fxos8700.obj (.const:.string)
                  2001c254    0000004c     mt9d111.obj (.const:$P$T4$5)
                  2001c2a0    0000004b     tempRHSens_si7020.obj (.const:.string)
                  2001c2eb    0000004a     camera_app.obj (.const:.string)
                  2001c335    00000042     mt9d111.obj (.const:.string)
                  2001c377    00000040     network_relater_fns.obj (.const:.string)
                  2001c3b7    0000003c     i2c_app.obj (.const:.string)
                  2001c3f3    00000001     --HOLE-- [fill = 0]
                  2001c3f4    0000003c     simplelink.a : driver.obj (.const:OpcodeTranslateTable)
                  2001c430    0000003c                  : wlan.obj (.const)
                  2001c46c    00000038                  : driver.obj (.const:_SlActionLookupTable)
                  2001c4a4    00000038     rtsv7M4_T_le_eabi.lib : xflog.obj (.const)
                  2001c4dc    00000038     simplelink.a : fs.obj (.const)
                  2001c514    00000036     flash_files.obj (.const:.string)
                  2001c54a    00000002     --HOLE-- [fill = 0]
                  2001c54c    00000034     rtsv7M4_T_le_eabi.lib : xfatan.obj (.const)
                  2001c580    00000034     simplelink.a : driver.obj (.const)
                  2001c5b4    00000034                  : socket.obj (.const)
                  2001c5e8    0000002c     network_relater_fns.obj (.const:$P$T1$2)
                  2001c614    0000002b     parse_uploads.obj (.const:.string)
                  2001c63f    00000001     --HOLE-- [fill = 0]
                  2001c640    00000028     rtsv7M4_T_le_eabi.lib : xfdint.obj (.const)
                  2001c668    00000028                           : xfsin.obj (.const)
                  2001c690    00000028     simplelink.a : netapp.obj (.const)
                  2001c6b8    00000024     main.obj (.const:.string)
                  2001c6dc    00000023     batteryVoltLvlSens_adc081c021.obj (.const:.string:$P$T0$1)
                  2001c6ff    00000022     network_relater_fns.obj (.const:.string:$P$T0$1)
                  2001c721    00000003     --HOLE-- [fill = 0]
                  2001c724    0000001c     rtsv7M4_T_le_eabi.lib : tanf.obj (.const)
                  2001c740    0000001c                           : xfexp.obj (.const)
                  2001c75c    00000018     driverlib.a : spi.obj (.const)
                  2001c774    00000017     request.obj (.const:.string)
                  2001c78b    00000016     collect_and_txit.obj (.const:.string)
                  2001c7a1    00000014     network_relater_fns.obj (.const)
                  2001c7b5    00000001     --HOLE-- [fill = 0]
                  2001c7b6    00000014     simplelink.a : device.obj (.const)
                  2001c7ca    00000010                  : socket.obj (.const:.string)
                  2001c7da    0000000b     app_common.obj (.const:.string)
                  2001c7e5    00000008     simplelink.a : device.obj (.const:.string)
                  2001c7ed    00000001     --HOLE-- [fill = 0]
                  2001c7ee    00000008                  : netcfg.obj (.const)

.cinit     0    2001c7f8    00000bc8     
                  2001c7f8    00000ba2     (.cinit..data.load) [load image, compression = rle]
                  2001d39a    00000002     --HOLE-- [fill = 0]
                  2001d39c    0000000c     (__TI_handler_table)
                  2001d3a8    00000008     (.cinit..bss.load) [load image, compression = zero_init]
                  2001d3b0    00000010     (__TI_cinit_table)

.init_array 
*          0    20004000    00000000     UNINITIALIZED

.bss       0    20022000    000172ff     UNINITIALIZED
                  20022000    00014000     main.obj (.bss:g_image_buffer)
                  20036000    00000b58     tasks.obj (.bss:thisMagBuffer)
                  20036b58    000005a0     ota.a : OtaHttp.obj (.bss:recv_buf)
                  200370f8    0000044c           : OtaClient.obj (.bss:g_OtaCheckUpdateResponse)
                  20037544    00000418     wifi_provisioning_thruAPmode.obj (.bss:thisMagCal)
                  2003795c    00000240     ota.obj (.bss:g_otaOptServerInfo)
                  20037b9c    00000058     tasks.obj (.bss:thisMag)
                  20037bf4    0000000c     (.common:g_SecParams)
                  20037c00    00000400     udma_if.obj (.bss:gpCtlTbl)
                  20038000    000003d8     ota.a : OtaClient.obj (.bss:g_OtaFileMetadata)
                  200383d8    00000370     main.obj (.bss:g_NetEntries)
                  20038748    00000200     ota.a : OtaHttp.obj (.bss:send_buf)
                  20038948    00000178     simplelink.a : driver.obj (.bss:g_StatMem)
                  20038ac0    00000120     rtsv7M4_T_le_eabi.lib : trgmsg.obj (.bss:__CIOBUF_)
                  20038be0    00000100     udma_if.obj (.bss:gfpAppCallbackHndl)
                  20038ce0    000000c8     free_rtos.a : tasks.obj (.bss:pxReadyTasksLists)
                  20038da8    000000ac     tasks.obj (.bss:thisSV_6DOF_GB_BASIC)
                  20038e54    000000a0     rtsv7M4_T_le_eabi.lib : defs.obj (.bss:__TI_tmpnams)
                  20038ef4    00000074     ota.a : CdnClient.obj (.bss:g_CdnClient)
                  20038f68    00000050     simplelink.a : cc_pal.obj (.bss:g_ucDinDout)
                  20038fb8    00000050     free_rtos.a : queue.obj (.bss:xQueueRegistry)
                  20039008    0000004c     ota.a : OtaApp.obj (.bss:g_OtaApp)
                  20039054    0000004c           : OtaApp.obj (.bss:g_OtaApp_statistics)
                  200390a0    00000034     cc3200_client_state.obj (.bss:clientStateFileName)
                  200390d4    00000034     main.obj (.bss:g_cWlanSecurityKey)
                  20039108    00000034     tasks.obj (.bss:thisAccel)
                  2003913c    00000024     ota.a : OtaClient.obj (.bss:g_OtaClient)
                  20039160    00000024     main.obj (.bss:g_cWlanSSID)
                  20039184    00000024     main.obj (.bss:g_ucConnectionSSID)
                  200391a8    0000001c     rtsv7M4_T_le_eabi.lib : vla_alloc.obj (.bss)
                  200391c4    00000014     (.common:g_FlcSflashCb)
                  200391d8    00000014     (.common:g_flag_blockFull)
                  200391ec    00000014     (.common:xDelayedTaskList1)
                  20039200    00000014     (.common:xDelayedTaskList2)
                  20039214    00000014     (.common:xPendingReadyList)
                  20039228    00000014     (.common:xSuspendedTaskList)
                  2003923c    00000014     (.common:xTasksWaitingTermination)
                  20039250    00000010     (.common:ang_buf)
                  20039260    00000010     (.common:globals)
                  20039270    00000010     (.common:mqxglobals)
                  20039280    00000008     (.common:g_LogClient)
                  20039288    00000008     (.common:g_ucConnectionBSSID)
                  20039290    00000008     (.common:parmbuf)
                  20039298    00000008     (.common:sBootInfo)
                  200392a0    00000004     (.common:DMAMsgQ)
                  200392a4    00000004     (.common:Elapsed_100MilliSecs)
                  200392a8    00000004     (.common:__Errorlog)
                  200392ac    00000004     (.common:angle_avg)
                  200392b0    00000004     (.common:dataBuffer)
                  200392b4    00000004     (.common:g_block_lastFilled)
                  200392b8    00000004     (.common:g_cDummy)
                  200392bc    00000004     (.common:g_cWlanSecurityType)
                  200392c0    00000004     (.common:g_frame_size_in_bytes)
                  200392c4    00000004     (.common:g_header_length)
                  200392c8    00000004     (.common:g_position_in_block)
                  200392cc    00000004     (.common:g_readHeader)
                  200392d0    00000004     (.common:g_total_dma_intrpts)
                  200392d4    00000004     (.common:g_ulAppStatus)
                  200392d8    00000004     (.common:gdoor_40deg_angle)
                  200392dc    00000004     (.common:gdoor_90deg_angle)
                  200392e0    00000004     (.common:pvOtaApp)
                  200392e4    00000004     (.common:pxDelayedTaskList)
                  200392e8    00000004     (.common:pxOverflowDelayedTaskList)
                  200392ec    00000001     (.common:RxIrqCnt)
                  200392ed    00000001     (.common:avg_buffer_cnt)
                  200392ee    00000001     (.common:checkForLight_Flag)
                  200392ef    00000001     (.common:g_dma_txn_done)
                  200392f0    00000001     (.common:g_flag_DataBlockFilled)
                  200392f1    00000001     (.common:g_flag_door_closing_45degree)
                  200392f2    00000001     (.common:g_frame_end)
                  200392f3    00000001     (.common:g_ucAngle40)
                  200392f4    00000001     (.common:g_ucAngle90)
                  200392f5    00000001     (.common:g_ucCalibration)
                  200392f6    00000001     (.common:g_ucConfig)
                  200392f7    00000001     (.common:g_ucExitButton)
                  200392f8    00000001     (.common:g_ucMagCalb)
                  200392f9    00000001     (.common:g_ucProfileAdded)
                  200392fa    00000001     (.common:g_ucPushButtonPressedTwice)
                  200392fb    00000001     (.common:iDone)
                  200392fc    00000001     (.common:isitfirsttime)
                  200392fd    00000001     (.common:print_count)
                  200392fe    00000001     (.common:valid_case)

.TI.noinit 
*          0    20022000    00000000     UNINITIALIZED

.sysmem    0    20039300    00005000     UNINITIALIZED
                  20039300    00000008     rtsv7M4_T_le_eabi.lib : memory.obj (.sysmem)
                  20039308    00004ff8     --HOLE--


LINKER GENERATED COPY TABLES

__TI_cinit_table @ 2001d3b0 records: 2, size/record: 8, table size: 16
	.data: load addr=2001c7f8, load size=00000ba2 bytes, run addr=20000000, run size=000013f4 bytes, compression=rle
	.bss: load addr=2001d3a8, load size=00000008 bytes, run addr=20022000, run size=000172ff bytes, compression=zero_init


LINKER GENERATED HANDLER TABLE

__TI_handler_table @ 2001d39c records: 3, size/record: 4, table size: 12
	index: 0, handler: __TI_decompress_rle24
	index: 1, handler: __TI_decompress_none
	index: 2, handler: __TI_zero_init


GLOBAL SYMBOLS: SORTED ALPHABETICALLY BY Name 

address   name                                  
-------   ----                                  
2000f9dd  AccessPtMode_HTTPServer_Start         
2001b811  ApplyAccelHAL                         
2001b4f9  ApplyMagHAL                           
20019e9d  C$$EXIT                               
20018947  C$$IO$$                               
2001b729  CPUcpsie                              
20014425  CalibrateMagSensor                    
20018419  CamControllerInit                     
2001b045  CameraCaptureStart                    
2001a2d9  CameraCaptureStop                     
2001b679  CameraDMAEnable                       
2001af01  CameraIntClear                        
2001ab25  CameraIntEnable                       
2001b68f  CameraIntRegister                     
2001acfd  CameraIntStatus                       
2001a5b1  CameraParamsConfig                    
2001b511  CameraReset                           
2001b87d  CameraSensorInit                      
2001ae8d  CameraThresholdSet                    
2001a313  CameraXClkConfig                      
2000a491  CaptureAndStore_Image                 
2000ae1f  CdnClient_CloseServer                 
2000ae3d  CdnClient_ConnectByUrl                
2000aded  CdnClient_Init                        
2000acb7  CdnClient_Run                         
2000acad  CdnClient_SetFileInfo                 
20012dfd  Check_I2CDevices                      
20011e05  CollectAngle                          
2000eef9  CollectTxit_ImgTempRH                 
200155a1  Config_And_Start_CameraCapture        
20018489  ConfigureMode                         
2000d1a9  ConfigureSimpleLinkToDefaultState     
200129dd  ConnectToNetwork_STA                  
2000f85d  ConstructDeviceStateObject            
2001a16f  CopyPingResultsToReport               
200173b9  CreateFile_Flash                      
200392a0  DMAMsgQ                               
2000103c  DigiCertHighAssuranceEVRootCA_der_len 
2001b889  DmaErrorIntHandler                    
2001ab51  DmaSpiSwIntHandler                    
2001b529  DmaSwIntHandler                       
200392a4  Elapsed_100MilliSecs                  
20016bdd  FXOS8700_Init                         
200146d1  FXOS8700_ReadData                     
2001a5e5  Fusion_Init                           
20012269  Fusion_Run                            
2001a50d  GPIODirModeSet                        
2001b541  GPIOPinRead                           
2001b133  GPIOPinWrite                          
20015e71  Get_BatteryPercent                    
20018711  Get_BatteryVoltageLevel_ADC081C021    
20010805  HIBernate                             
2000c44d  HOSTclock                             
2000c415  HOSTclose                             
2000c3d7  HOSTgetenv                            
2000c37b  HOSTlseek                             
2000c329  HOSTopen                              
2000c2dd  HOSTread                              
2000c27f  HOSTrename                            
2000c245  HOSTtime                              
2000c20d  HOSTunlink                            
2000c1c1  HOSTwrite                             
20013bd5  I2CBufferRead                         
20013ea5  I2CBufferWrite                        
2001b7c9  I2CMasterControl                      
2001b851  I2CMasterDataGet                      
2001b6a5  I2CMasterDataPut                      
2001b6bb  I2CMasterEnable                       
2001ab7d  I2CMasterErr                          
20017989  I2CMasterInitExpClk                   
2001b7db  I2CMasterIntClearEx                   
2001b235  I2CMasterIntStatusEx                  
2001b067  I2CMasterSlaveAddrSet                 
2001b7ed  I2CMasterTimeoutSet                   
2001a619  I2C_IF_Open                           
200184f5  I2C_IF_Read                           
200187e1  I2C_IF_Write                          
2001ad25  InitTerm                              
200182bd  InitialiseParse                       
20017c11  InitializeUserConfigVariables         
20016295  IntDisable                            
2001633d  IntEnable                             
2001af25  IntHandler_100mSecTimer               
2001b8dd  IntMasterEnable                       
200192ad  IntPendClear                          
20019565  IntPrioritySet                        
2001b155  IntRegister                           
2001af49  IntUnregister                         
2001b73d  IntVTableBaseSet                      
2001a545  IsLightOff                            
20000000  JPEG_StdHuffmanTbl                    
200011f0  JPEG_StdQuantTblC                     
20001230  JPEG_StdQuantTblY                     
20018065  LED_Blink                             
2001b821  LED_Off                               
2001b831  LED_On                                
2000b087  LogClient_Close                       
2000b09f  LogClient_ConnectAndPrint             
2000b051  LogClient_ConnectServer               
2000b039  LogClient_Init                        
2000aef5  LogClient_Print                       
2001b8e7  MT9D111Delay                          
2000d8a9  MagCal_Run                            
20012491  Main_Task_withHibernate               
2001b175  Message                               
2001b895  NwpMaskInterrupt                      
2001a34d  NwpPowerOff                           
2001aba9  NwpPowerOn                            
20017a0d  NwpPowerOnPreamble                    
2001aeb3  NwpRegisterInterruptHandler           
2001b8a1  NwpUnMaskInterrupt                    
20010299  OTAServerInfoSet                      
20014891  OTA_CommitImage                       
200190e1  OTA_Init                              
20014255  OTA_Run                               
20019f69  OTA_Update                            
2001c3f4  OpcodeTranslateTable                  
200090e3  OtaClient_CloseServer                 
200090ad  OtaClient_ConnectServer               
2000907b  OtaClient_GetNextUpdate               
20009049  OtaClient_Init                        
20008f73  OtaClient_ResourceMetadata            
20008daf  OtaClient_ResourceNameConvert         
20008d01  OtaClient_UpdateCheck                 
20011495  PRCMCC3200MCUInit                     
2001b6d1  PRCMHIBRegRead                        
2001b6e7  PRCMHIBRegWrite                       
2001b559  PRCMHibernateEnter                    
20017441  PRCMHibernateIntervalSet              
20018849  PRCMHibernateWakeUpGPIOSelect         
20019bd9  PRCMHibernateWakeupSourceDisable      
20019c21  PRCMHibernateWakeupSourceEnable       
2001ad4d  PRCMPeripheralClkDisable              
2001a1ad  PRCMPeripheralClkEnable               
20016c71  PRCMPeripheralClockGet                
20019305  PRCMPeripheralReset                   
2001a64d  PRCMPeripheralStatusGet               
2001abd5  PRCMSysResetCauseGet                  
200174c9  PinConfigSet                          
20019ff1  PinModeSet                            
2001320d  PinMuxConfig                          
2001b441  PinTypeCamera                         
2001a887  PinTypeGPIO                           
2001b345  PinTypeI2C                            
2001b45b  PinTypeUART                           
2001ad75  RdSensData_Init                       
200110ed  RdSensData_Run                        
2001496d  ReadFile_FromFlash                    
2001b361  Refresh_mt9d111Firmware               
20017771  Report                                
2001b8ed  ResetISR                              
200392ec  RxIrqCnt                              
2001c590  RxMsgClassLUT                         
UNDEFED   SHT$$INIT_ARRAY$$Base                 
UNDEFED   SHT$$INIT_ARRAY$$Limit                
2001b089  SL_FD_SET                             
2001b841  SL_FD_ZERO                            
2001b571  SPICSDisable                          
2001b589  SPICSEnable                           
200165d9  SPIConfigSetExpClk                    
2001b5a1  SPIDisable                            
2001b475  SPIDmaDisable                         
2001b48f  SPIDmaEnable                          
2001b5b9  SPIEnable                             
2001b4a9  SPIFIFODisable                        
2001b4c3  SPIFIFOEnable                         
2001a681  SPIFIFOLevelSet                       
20019c69  SPIIntClear                           
20019895  SPIIntEnable                          
2001b0ab  SPIReset                              
2001b0cd  SPIWordCountSet                       
20001320  SecurityParams                        
20009531  SimpleLinkHttpServerCallback          
20010d39  SimpleLinkNetAppEventHandler          
200106b1  SimpleLinkSockEventHandler            
2000b22d  SimpleLinkWlanEventHandler            
2001ad9d  SoftReset_ImageSensor                 
2001c7e5  StartResponseLUT                      
2001913d  StartSensorInJpegMode                 
20019e15  TimerConfigure                        
2001b253  TimerDisable                          
2001b271  TimerEnable                           
2001b7ff  TimerIntClear                         
2001b5d1  TimerIntEnable                        
2001b28f  TimerIntStatus                        
2001ac01  TimerLoadSet                          
2001ac2b  TimerPrescaleSet                      
2001ac55  Timer_IF_Init                         
20018d19  Timer_IF_IntSetup                     
2001b751  Timer_IF_InterruptClear               
2001b195  Timer_IF_Start                        
2001b253  Timer_IF_Stop                         
20001128  Token                                 
2001b2ad  UARTCharPut                           
20018245  UARTConfigSetExpClk                   
2001a8b9  UARTDisable                           
2001af91  UARTEnable                            
20018de1  UDMAInit                              
2001a385  UDMASetupTransfer                     
2001b3ed  UDMAStopTransfer                      
2001684d  UploadImageToParse                    
20017c8d  UploadSensorDataToParse               
200151c1  UserConfigure_Task                    
2000dae1  User_Configure                        
2001b8f3  UtilsDelay                            
20008b6d  VDeleteSimpleLinkSpawnTask            
20008b1d  VStartSimpleLinkSpawnTask             
2000118c  Value                                 
2001608d  Verify_ImageSensor                    
2000cc75  WiFiProvisioning                      
2001b1b5  WriteAllAEnAWBRegs                    
2001350d  WriteFile_ToFlash                     
2001acd3  _Dclass                               
20001040  _Denorm                               
20015721  _Dnorm                                
200127c1  _Dscale                               
20018b21  _Dunscale                             
20001050  _Eps                                  
200013e4  _Errno                                
20014cd9  _FAtan                                
200010c0  _FDenorm                              
200172a1  _FDint                                
20017f71  _FDnorm                               
20015025  _FDscale                              
200194bb  _FDunscale                            
200010d0  _FEps                                 
2000fcd1  _FExp                                 
200010e0  _FInf                                 
2000eb85  _FLog                                 
200010f0  _FNan                                 
20001110  _FRteps                               
2000f095  _FSin                                 
20001100  _FSnan                                
20001120  _FXbig                                
20001124  _FZero                                
200013cc  _Fenv                                 
2001aa09  _Feraise                              
20001060  _Hugeval                              
20001070  _Inf                                  
20001080  _Nan                                  
2000ac4f  _OpenStorageFile                      
20009125  _OtaCleanToIdle                       
2000ac01  _ReadFileHeaders                      
20009213  _ReadStatFile                         
2000abf5  _RecvFileChunk                        
200010a0  _Rteps                                
2001c5c8  _SlAcceptCmdCtrl                      
2001c46c  _SlActionLookupTable                  
20015d01  _SlAsyncEventGenericHandler           
2001c7c2  _SlDeviceGetCmdCtrl                   
2001c7c6  _SlDeviceSetCmdCtrl                   
20019cb1  _SlDrvBasicCmd                        
20014c01  _SlDrvClassifyRxMsg                   
20017a91  _SlDrvCmdOp                           
20018561  _SlDrvCmdSend                         
20011bbd  _SlDrvDataReadOp                      
20012f01  _SlDrvDataWriteOp                     
2001a8e9  _SlDrvDeviceEventHandler              
200139ed  _SlDrvDriverCBDeinit                  
2000fe49  _SlDrvDriverCBInit                    
2001b6fd  _SlDrvMemZero                         
20007e35  _SlDrvMsgRead                         
200157e1  _SlDrvMsgReadCmdCtx                   
20016679  _SlDrvMsgReadSpawnCtx                 
2000e2b1  _SlDrvMsgWrite                        
2001340d  _SlDrvNetAppEventHandler              
2001b37d  _SlDrvObjLockWaitForever              
2001b5e9  _SlDrvObjUnLock                       
200198e1  _SlDrvProtectAsyncRespSetting         
2001afb5  _SlDrvProtectionObjLockWaitForever    
2001b1d5  _SlDrvProtectionObjUnLock             
2000e0e1  _SlDrvReleasePoolObj                  
2001b85f  _SlDrvResetCmdExt                     
2000d41d  _SlDrvRxHdrRead                       
2001992d  _SlDrvRxIrqHandler                    
2001b601  _SlDrvSyncObjSignal                   
2001b399  _SlDrvSyncObjWaitForever              
2000f3c5  _SlDrvWaitForPoolObj                  
2001c7be  _SlEventMaskGetCmdCtrl                
2001c7ba  _SlEventMaskSetCmdCtrl                
2000ffbd  _SlFindAndSetActiveObj                
2001c4e0  _SlFsCloseCmdCtrl                     
2001c4f0  _SlFsDeleteCmdCtrl                    
2001c4ec  _SlFsGetInfoCmdCtrl                   
2001c4dc  _SlFsOpenCmdCtrl                      
2001c4e4  _SlFsReadCmdCtrl                      
2001c4e8  _SlFsWriteCmdCtrl                     
2001c6a4  _SlGetHostByNameCtrl                  
2001c6a0  _SlGetHostByServiceCtrl               
2001c698  _SlGetServiceListeCtrl                
2001c5d4  _SlGetSockOptCmdCtrl                  
2001c5c4  _SlListenCmdCtrl                      
2001c6b0  _SlNetAppGetCmdCtrl                   
2001c6ac  _SlNetAppSendTokenValueCmdCtrl        
2001c6a8  _SlNetAppSetCmdCtrl                   
2001c690  _SlNetAppStartCtrl                    
2001c694  _SlNetAppStopCtrl                     
2001c7f2  _SlNetCfgGetCmdCtrl                   
2001c7ee  _SlNetCfgSetCmdCtrl                   
2001c7ca  _SlPayloadByProtocolLUT               
2001c434  _SlPolicyGetCmdCtrl                   
2001c430  _SlPolicySetCmdCtrl                   
2001c43c  _SlProfileDelCmdCtrl                  
2001c438  _SlProfileGetCmdCtrl                  
2001c5cc  _SlRecvCmdCtrl                        
2001c5bc  _SlRecvfomCmdCtrl                     
2001c69c  _SlRegisterServiceCtrl                
20015661  _SlRemoveFromList                     
2001c444  _SlRxFilterAddtCmdCtrl                
2001c44c  _SlRxFilterGetCmdCtrl                 
2001c448  _SlRxFilterSetCmdCtrl                 
2001c5d8  _SlSelectCmdCtrl                      
2001c5c0  _SlSendCmdCtrl                        
2001c5d0  _SlSetSockOptCmdCtrl                  
2001c450  _SlSmartConfigStartCmdCtrl            
2001c5b8  _SlSockCloseCmdCtrl                   
2001c5b4  _SlSockSocketCmdCtrl                  
2001c7b6  _SlStopCmdCtrl                        
2001c45c  _SlWlanCfgGetCmdCtrl                  
2001c458  _SlWlanCfgSetCmdCtrl                  
2001c440  _SlWlanGetNetworkListCtrl             
2001c454  _SlWlanSetModeCmdCtrl                 
[...]
20018331  getLightsensor_data                   
200183a5  sl_Recv                               
20018419  CamControllerInit                     
20018489  ConfigureMode                         
200184f5  I2C_IF_Read                           
20018561  _SlDrvCmdSend                         
200185cd  __TI_auto_init                        
20018641  fprintf                               
20018711  Get_BatteryVoltageLevel_ADC081C021    
200187e1  I2C_IF_Write                          
20018849  PRCMHibernateWakeUpGPIOSelect         
200188b1  _sl_NetAppSendTokenValue              
20018919  __TI_writemsg                         
20018947  C$$IO$$                               
2001894b  __TI_readmsg                          
20018981  sl_DevSet                             
200189e9  sl_NetCfgSet                          
20018a51  sl_SetSockOpt                         
20018ab9  sl_WlanSet                            
20018b21  _Dunscale                             
20018b89  fseek                                 
20018bed  uDMAChannelAttributeDisable           
20018c51  uDMAChannelAttributeEnable            
20018d19  Timer_IF_IntSetup                     
20018d7d  beginHttpGetRequest                   
20018de1  UDMAInit                              
20018e41  __aeabi_cfcmpeq                       
20018e41  __aeabi_cfcmple                       
20018ea1  __aeabi_cfrcmple                      
20018f01  _sl_HandleAsync_Accept                
20018f61  parseSendRequestInternal              
20018fc1  sprintf                               
20019021  sl_WlanPolicySet                      
20019081  softResetTempRHSensor                 
200190e1  OTA_Init                              
2001913d  StartSensorInJpegMode                 
20019199  fInit_6DOF_GB_BASIC                   
200191f5  sl_Socket                             
20019251  standby_accelMagn_fxos8700            
200192ad  IntPendClear                          
20019305  PRCMPeripheralReset                   
2001935d  fetchDeviceOSVersion                  
200193b5  getLightsensor_intrptStatus           
2001940d  getMagntData                          
20019465  ltoa                                  
200194bb  _FDunscale                            
20019565  IntPrioritySet                        
200195b9  _sl_HandleAsync_Select                
2001960d  sl_WlanRxFilterSet                    
20019661  socketWrite                           
200196b5  _sl_HandleAsync_Stop                  
20019705  fasin_deg                             
20019755  intToASCII                            
200197a5  __aeabi_f2ulz                         
200197f5  sl_FsDel                              
20019845  socketWait                            
20019895  SPIIntEnable                          
200198e1  _SlDrvProtectAsyncRespSetting         
2001992d  _SlDrvRxIrqHandler                    
20019979  _sl_BuildAddress                      
200199c5  disableAE                             
20019a11  atoi                                  
20019a5d  atol                                  
20019aa9  copy_in                               
20019af5  srand                                 
20019b0b  rand                                  
20019b41  uDMAChannelAssign                     
20019b8d  __aeabi_d2f                           
20019bd9  PRCMHibernateWakeupSourceDisable      
20019c21  PRCMHibernateWakeupSourceEnable       
20019c69  SPIIntClear                           
20019cb1  _SlDrvBasicCmd                        
20019cf9  disableAWB                            
20019d41  __aeabi_d2iz                          
20019d89  ldexp                                 
20019e15  TimerConfigure                        
20019e9d  C$$EXIT                               
20019ea1  abort                                 
20019ea9  exit                                  
20019ee1  __aeabi_d2uiz                         
20019f69  OTA_Update                            
20019fad  sl_Htonl                              
20019ff1  PinModeSet                            
2001a031  fatan_15deg                           
2001a071  signal                                
2001a0b1  start_100mSecTimer                    
2001a0f1  strncasecmp                           
2001a16f  CopyPingResultsToReport               
2001a1ad  PRCMPeripheralClkEnable               
2001a1e9  _sl_TruncatePayloadByProtocol         
2001a225  _c_int00                              
2001a261  sl_Htons                              
2001a29d  uDMAChannelControlSet                 
2001a2d9  CameraCaptureStop                     
2001a313  CameraXClkConfig                      
2001a34d  NwpPowerOff                           
2001a385  UDMASetupTransfer                     
2001a3bd  fmatrixAeqI                           
2001a3f5  pvPortMalloc                          
2001a415  vPortFree                             
2001a42d  fxos_Calibration                      
2001a465  __aeabi_f2d                           
2001a49d  __aeabi_f2iz                          
2001a4d5  __aeabi_i2f                           
2001a50d  GPIODirModeSet                        
2001a545  IsLightOff                            
2001a57b  sl_NetAppMDNSUnRegisterService        
2001a5b1  CameraParamsConfig                    
2001a5e5  Fusion_Init                           
2001a619  I2C_IF_Open                           
2001a64d  PRCMPeripheralStatusGet               
2001a681  SPIFIFOLevelSet                       
2001a6b5  f3x3matrixAeqAxScalar                 
2001a6e9  f3x3matrixAeqI                        
2001a71d  getHttpResponseStatus                 
2001a751  parseSendRequest                      
2001a785  feraiseexcept                         
2001a7b9  __aeabi_f2uiz                         
2001a7ed  strstr                                
2001a821  addHttpRequestLine                    
2001a855  addHttpRequestHeader                  
2001a887  PinTypeGPIO                           
2001a8b9  UARTDisable                           
2001a8e9  _SlDrvDeviceEventHandler              
2001a919  _sl_Strlen                            
2001a949  fxosDefault_Initializations           
2001a979  getHttpResponseBody                   
2001a9a9  headerSend                            
2001a9d9  strncpy                               
2001aa09  _Feraise                              
2001aa39  sl_Close                              
2001aa39  socketClose                           
2001aa69  sl_WlanProfileDel                     
2001aa99  sl_WlanSetMode                        
2001aac9  __aeabi_i2d                           
2001aaf7  raise                                 
2001ab25  CameraIntEnable                       
2001ab51  DmaSpiSwIntHandler                    
2001ab7d  I2CMasterErr                          
2001aba9  NwpPowerOn                            
2001abd5  PRCMSysResetCauseGet                  
2001ac01  TimerLoadSet                          
2001ac2b  TimerPrescaleSet                      
2001ac55  Timer_IF_Init                         
2001ac7f  f3x3matrixAeqMinusA                   
2001aca9  fLPFScalar                            
2001acd3  _Dclass                               
2001acfd  CameraIntStatus                       
2001ad25  InitTerm                              
2001ad4d  PRCMPeripheralClkDisable              
2001ad75  RdSensData_Init                       
2001ad9d  SoftReset_ImageSensor                 
2001aded  get_angle                             
2001ae15  strncat                               
2001ae3d  sl_NetAppStart                        
2001ae65  sl_NetAppStop                         
2001ae8d  CameraThresholdSet                    
2001aeb3  NwpRegisterInterruptHandler           
2001aed9  strncmp                               
2001af01  CameraIntClear                        
2001af25  IntHandler_100mSecTimer               
2001af49  IntUnregister                         
2001af91  UARTEnable                            
2001afb5  _SlDrvProtectionObjLockWaitForever    
2001afd9  angleCheck                            
2001affd  f3x3matrixAeqScalar                   
2001b021  __aeabi_ui2f                          
2001b045  CameraCaptureStart                    
2001b067  I2CMasterSlaveAddrSet                 
2001b089  SL_FD_SET                             
2001b0ab  SPIReset                              
2001b0cd  SPIWordCountSet                       
2001b0ef  frexp                                 
2001b111  memcmp                                
2001b133  GPIOPinWrite                          
2001b155  IntRegister                           
2001b175  Message                               
2001b195  Timer_IF_Start                        
2001b1b5  WriteAllAEnAWBRegs                    
2001b1d5  _SlDrvProtectionObjUnLock             
2001b1f5  memchr                                
2001b215  __aeabi_ui2d                          
2001b235  I2CMasterIntStatusEx                  
2001b253  TimerDisable                          
2001b253  Timer_IF_Stop                         
2001b271  TimerEnable                           
2001b28f  TimerIntStatus                        
2001b2ad  UARTCharPut                           
2001b2e9  strcat                                
2001b309  beginHttpRequest                      
2001b345  PinTypeI2C                            
2001b361  Refresh_mt9d111Firmware               
2001b37d  _SlDrvObjLockWaitForever              
2001b399  _SlDrvSyncObjWaitForever              
2001b3b5  memccpy                               
2001b3d1  stop_100mSecTimer                     
2001b3ed  UDMAStopTransfer                      
2001b3ed  uDMAChannelDisable                    
2001b409  uDMAChannelEnable                     
2001b425  vApplicationMallocFailedHook          
2001b441  PinTypeCamera                         
2001b45b  PinTypeUART                           
2001b475  SPIDmaDisable                         
2001b48f  SPIDmaEnable                          
2001b4a9  SPIFIFODisable                        
2001b4c3  SPIFIFOEnable                         
2001b4dd  addHttpRequestHeaderInt               
2001b4f9  ApplyMagHAL                           
2001b511  CameraReset                           
2001b529  DmaSwIntHandler                       
2001b541  GPIOPinRead                           
2001b559  PRCMHibernateEnter                    
2001b571  SPICSDisable                          
2001b589  SPICSEnable                           
2001b5a1  SPIDisable                            
2001b5b9  SPIEnable                             
2001b5d1  TimerIntEnable                        
2001b5e9  _SlDrvObjUnLock                       
2001b601  _SlDrvSyncObjSignal                   
2001b619  _sl_GetStartResponseConvert           
2001b631  _args_main                            
2001b649  strcmp                                
2001b661  setDataBufferPointer                  
2001b679  CameraDMAEnable                       
2001b68f  CameraIntRegister                     
2001b6a5  I2CMasterDataPut                      
2001b6bb  I2CMasterEnable                       
2001b6d1  PRCMHIBRegRead                        
2001b6e7  PRCMHIBRegWrite                       
2001b6fd  _SlDrvMemZero                         
2001b713  strchr                                
2001b729  CPUcpsie                              
2001b73d  IntVTableBaseSet                      
2001b751  Timer_IF_InterruptClear               
2001b765  _register_unlock                      
2001b76b  _register_lock                        
2001b773  _nop                                  
2001b779  strcpy                                
2001b78d  strlen                                
2001b7a1  uDMAControlBaseSet                    
2001b7b5  uDMAIntClear                          
2001b7c9  I2CMasterControl                      
2001b7db  I2CMasterIntClearEx                   
2001b7ed  I2CMasterTimeoutSet                   
2001b7ff  TimerIntClear                         
2001b811  ApplyAccelHAL                         
2001b821  LED_Off                               
2001b831  LED_On                                
2001b841  SL_FD_ZERO                            
2001b851  I2CMasterDataGet                      
2001b85f  _SlDrvResetCmdExt                     
2001b86d  __TI_decompress_none                  
2001b87d  CameraSensorInit                      
2001b889  DmaErrorIntHandler                    
2001b895  NwpMaskInterrupt                      
2001b8a1  NwpUnMaskInterrupt                    
2001b8ad  __TI_zero_init                        
2001b8b9  sl_WlanDisconnect                     
2001b8c5  uDMAEnable                            
2001b8d1  uDMAIntStatus                         
2001b8dd  IntMasterEnable                       
2001b8e7  MT9D111Delay                          
2001b8ed  ResetISR                              
2001b8f3  UtilsDelay                            
2001b8f9  __TI_decompress_rle24                 
2001b8ff  logf                                  
2001b905  sinf                                  
2001b90b  __abort_execution                     
2001b90f  _system_pre_init                      
2001b913  sensorsTriggerSetup                   
2001ba54  _ctypes_                              
2001c3f4  OpcodeTranslateTable                  
2001c430  _SlPolicySetCmdCtrl                   
2001c434  _SlPolicyGetCmdCtrl                   
2001c438  _SlProfileGetCmdCtrl                  
2001c43c  _SlProfileDelCmdCtrl                  
2001c440  _SlWlanGetNetworkListCtrl             
2001c444  _SlRxFilterAddtCmdCtrl                
2001c448  _SlRxFilterSetCmdCtrl                 
2001c44c  _SlRxFilterGetCmdCtrl                 
2001c450  _SlSmartConfigStartCmdCtrl            
2001c454  _SlWlanSetModeCmdCtrl                 
2001c458  _SlWlanCfgSetCmdCtrl                  
2001c45c  _SlWlanCfgGetCmdCtrl                  
2001c46c  _SlActionLookupTable                  
2001c4dc  _SlFsOpenCmdCtrl                      
2001c4e0  _SlFsCloseCmdCtrl                     
2001c4e4  _SlFsReadCmdCtrl                      
2001c4e8  _SlFsWriteCmdCtrl                     
2001c4ec  _SlFsGetInfoCmdCtrl                   
2001c4f0  _SlFsDeleteCmdCtrl                    
2001c580  g_H2NSyncPattern                      
2001c588  g_H2NCnysPattern                      
2001c590  RxMsgClassLUT                         
2001c5b4  _SlSockSocketCmdCtrl                  
2001c5b8  _SlSockCloseCmdCtrl                   
2001c5bc  _SlRecvfomCmdCtrl                     
2001c5c0  _SlSendCmdCtrl                        
2001c5c4  _SlListenCmdCtrl                      
2001c5c8  _SlAcceptCmdCtrl                      
2001c5cc  _SlRecvCmdCtrl                        
2001c5d0  _SlSetSockOptCmdCtrl                  
2001c5d4  _SlGetSockOptCmdCtrl                  
2001c5d8  _SlSelectCmdCtrl                      
2001c690  _SlNetAppStartCtrl                    
2001c694  _SlNetAppStopCtrl                     
2001c698  _SlGetServiceListeCtrl                
2001c69c  _SlRegisterServiceCtrl                
2001c6a0  _SlGetHostByServiceCtrl               
2001c6a4  _SlGetHostByNameCtrl                  
2001c6a8  _SlNetAppSetCmdCtrl                   
2001c6ac  _SlNetAppSendTokenValueCmdCtrl        
2001c6b0  _SlNetAppGetCmdCtrl                   
2001c774  g_deviceClientVersion                 
2001c7b6  _SlStopCmdCtrl                        
2001c7ba  _SlEventMaskSetCmdCtrl                
2001c7be  _SlEventMaskGetCmdCtrl                
2001c7c2  _SlDeviceGetCmdCtrl                   
2001c7c6  _SlDeviceSetCmdCtrl                   
2001c7ca  _SlPayloadByProtocolLUT               
2001c7da  pcDigits                              
2001c7e5  StartResponseLUT                      
2001c7ee  _SlNetCfgSetCmdCtrl                   
2001c7f2  _SlNetCfgGetCmdCtrl                   
2001c7f8  __TI_static_base__                    
2001d39c  __TI_Handler_Table_Base               
2001d3a8  __TI_Handler_Table_Limit              
2001d3b0  __TI_CINIT_Base                       
2001d3c0  __TI_CINIT_Limit                      
20022000  g_image_buffer                        
20036000  thisMagBuffer                         
200370f8  g_OtaCheckUpdateResponse              
20037544  thisMagCal                            
20037b9c  thisMag                               
20037bf4  g_SecParams                           
20037c00  gpCtlTbl                              
20038000  g_OtaFileMetadata                     
200383d8  g_NetEntries                          
20038948  g_StatMem                             
20038ac0  __CIOBUF_                             
20038be0  gfpAppCallbackHndl                    
20038da8  thisSV_6DOF_GB_BASIC                  
20038e54  __TI_tmpnams                          
20038ef4  g_CdnClient                           
20038f68  g_ucDinDout                           
20038fb8  xQueueRegistry                        
20039008  g_OtaApp                              
20039054  g_OtaApp_statistics                   
200390a0  clientStateFileName                   
200390d4  g_cWlanSecurityKey                    
20039108  thisAccel                             
2003913c  g_OtaClient                           
20039160  g_cWlanSSID                           
20039184  g_ucConnectionSSID                    
200391c4  g_FlcSflashCb                         
200391d8  g_flag_blockFull                      
20039250  ang_buf                               
20039260  globals                               
20039270  mqxglobals                            
20039280  g_LogClient                           
20039288  g_ucConnectionBSSID                   
200392a0  DMAMsgQ                               
200392a4  Elapsed_100MilliSecs                  
200392ac  angle_avg                             
200392b0  dataBuffer                            
200392b4  g_block_lastFilled                    
200392b8  g_cDummy                              
200392bc  g_cWlanSecurityType                   
200392c0  g_frame_size_in_bytes                 
200392c4  g_header_length                       
200392c8  g_position_in_block                   
200392cc  g_readHeader                          
200392d4  g_ulAppStatus                         
200392d8  gdoor_40deg_angle                     
200392dc  gdoor_90deg_angle                     
200392ec  RxIrqCnt                              
200392ed  avg_buffer_cnt                        
200392ee  checkForLight_Flag                    
200392f0  g_flag_DataBlockFilled                
200392f1  g_flag_door_closing_45degree          
200392f2  g_frame_end                           
200392f3  g_ucAngle40                           
200392f4  g_ucAngle90                           
200392f5  g_ucCalibration                       
200392f6  g_ucConfig                            
200392f7  g_ucExitButton                        
200392f8  g_ucMagCalb                           
200392f9  g_ucProfileAdded                      
200392fa  g_ucPushButtonPressedTwice            
200392fb  iDone                                 
200392fc  isitfirsttime                         
200392fd  print_count                           
200392fe  valid_case                            
20039300  _sys_memory                           
ffffffff  __binit__                             
ffffffff  __c_args__                            
ffffffff  binit                                 
UNDEFED   SHT$$INIT_ARRAY$$Base                 
UNDEFED   SHT$$INIT_ARRAY$$Limit                

[866 symbols]
