******************************************************************************
                  TI ARM Linker PC v5.2.2                      
******************************************************************************
>> Linked Wed Jun 17 20:53:52 2015

OUTPUT FILE NAME:   <ULP_SEC_CAM.out>
ENTRY POINT SYMBOL: "_c_int00"  address: 2001a645


MEMORY CONFIGURATION

         name            origin    length      used     unused   attr    fill
----------------------  --------  ---------  --------  --------  ----  --------
  SRAM_BOOTLDR          20000000   00004000  0000258c  00001a74  RW X
  SRAM_CODE             20004000   0001a000  00018ff8  00001008  RW X
  SRAM_DATA             2001e000   0001e000  00019dca  00004236  RW X


SEGMENT ALLOCATION MAP

run origin  load origin   length   init length attrs members
----------  ----------- ---------- ----------- ----- -------
20000000    20000000    0000158c   00000000    rw-
  20000000    20000000    0000158c   00000000    rw- .data
20003000    20003000    00001000   00000000    rw-
  20003000    20003000    00001000   00000000    rw- .stack
20004000    20004000    00019000   00019000    r-x
  20004000    20004000    00000400   00000400    r-- .intvecs
  20004400    20004400    000171b4   000171b4    r-x .text
  2001b5b8    2001b5b8    00000e54   00000e54    r-- .const
  2001c410    2001c410    00000bf0   00000bf0    r-- .cinit
2001e000    2001e000    00019dd0   00000000    rw-
  2001e000    2001e000    00015dca   00000000    rw- .bss
  20033dd0    20033dd0    00004000   00000000    rw- .sysmem


SECTION ALLOCATION MAP

 output                                  attributes/
section   page    origin      length       input sections
--------  ----  ----------  ----------   ----------------
.data      0    20000000    0000158c     UNINITIALIZED
                  20000000    00000600     camera_app.obj (.data:JPEG_StdHuffmanTbl)
                  20000600    00000400     camera_app.obj (.data:g_header)
                  20000a00    000003c9     cc3200_certificate.obj (.data:DigiCertHighAssuranceEVRootCA_der)
                  20000dc9    00000001     main_FXOS8700.obj (.data)
                  20000dca    00000001     tasks.obj (.data)
                  20000dcb    00000001     --HOLE--
                  20000dcc    00000184     simplelink.a : driver.obj (.data)
                  20000f50    000000f0     rtsv7M4_T_le_eabi.lib : defs.obj (.data:_ftable)
                  20001040    000000d0                           : lowlev.obj (.data)
                  20001110    000000b0                           : signal.obj (.data:sigtable)
                  200011c0    00000080                           : xvalues.obj (.data)
                  20001240    00000070                           : xlvalues.obj (.data)
                  200012b0    00000068                           : xfvalues.obj (.data)
                  20001318    00000064     simplelink.a : cc_pal.obj (.data)
                  2000137c    00000040     camera_app.obj (.data:JPEG_StdQuantTblC)
                  200013bc    00000040     camera_app.obj (.data:JPEG_StdQuantTblY)
                  200013fc    00000040     camera_app.obj (.data:zigzag)
                  2000143c    0000003c     main.obj (.data:g_token_get)
                  20001478    00000034     free_rtos.a : tasks.obj (.data)
                  200014ac    0000002c     cc3200_utils.obj (.data:lastDateTime)
                  200014d8    0000001c     main.obj (.data)
                  200014f4    00000018     cc3200_utils.obj (.data)
                  2000150c    00000018     request.obj (.data)
                  20001524    00000010     rtsv7M4_T_le_eabi.lib : defs.obj (.data)
                  20001534    0000000c     free_rtos.a : osi_freertos.obj (.data)
                  20001540    0000000c     rtsv7M4_T_le_eabi.lib : memory.obj (.data)
                  2000154c    00000008     camera_app.obj (.data)
                  20001554    00000008     rtsv7M4_T_le_eabi.lib : _lock.obj (.data)
                  2000155c    00000008                           : exit.obj (.data)
                  20001564    00000008                           : feraiseexcept.obj (.data)
                  2000156c    00000006     http.obj (.data)
                  20001572    00000002     --HOLE--
                  20001574    00000004     cc3200_certificate.obj (.data)
                  20001578    00000004     free_rtos.a : port.obj (.data)
                  2000157c    00000004     rtsv7M4_T_le_eabi.lib : errno.obj (.data)
                  20001580    00000004                           : fopen.obj (.data)
                  20001584    00000004                           : rand.obj (.data)
                  20001588    00000004                           : stkdepth_vars.obj (.data)

.TI.persistent 
*          0    20000000    00000000     UNINITIALIZED

.stack     0    20003000    00001000     UNINITIALIZED
                  20003000    00001000     --HOLE--

.intvecs   0    20004000    00000400     
                  20004000    00000400     startup_ccs.obj (.intvecs)

.text      0    20004400    000171b4     
                  20004400    00001988     orientation.obj (.text)
                  20005d88    00001330     magnetic.obj (.text)
                  200070b8    00001258     free_rtos.a : tasks.obj (.text)
                  20008310    000010a6     rtsv7M4_T_le_eabi.lib : _printfi.obj (.text)
                  200093b6    00000002     driverlib.a : interrupt.obj (.text:IntDefaultHandler)
                  200093b8    00000f7c     network_relater_fns.obj (.text)
                  2000a334    00000e50     camera_app.obj (.text)
                  2000b184    00000b24     free_rtos.a : queue.obj (.text)
                  2000bca8    00000a6c     matrix.obj (.text)
                  2000c714    00000a18     mt9d111.obj (.text)
                  2000d12c    00000974     request.obj (.text)
                  2000daa0    0000095e     accelomtrMagntomtr_fxos8700.obj (.text)
                  2000e3fe    00000002     --HOLE-- [fill = 0]
                  2000e400    000005de     cc3200_utils.obj (.text)
                  2000e9de    00000002     --HOLE-- [fill = 0]
                  2000e9e0    00000558     tasks.obj (.text)
                  2000ef38    000004b0     installation.obj (.text)
                  2000f3e8    00000494     wifi_provisioning_thruAPmode.obj (.text)
                  2000f87c    00000480     rtsv7M4_T_le_eabi.lib : pow.obj (.text)
                  2000fcfc    0000045c     free_rtos.a : osi_freertos.obj (.text)
                  20010158    000003f0     simplelink.a : driver.obj (.text:_SlDrvMsgRead)
                  20010548    000003dc     rtsv7M4_T_le_eabi.lib : memory.obj (.text)
                  20010924    0000037c     cc3200_socket.obj (.text)
                  20010ca0    00000378     rtsv7M4_T_le_eabi.lib : powf.obj (.text)
                  20011018    0000036c     simplelink.a : driver.obj (.text:_SlAsyncEventGenericHandler)
                  20011384    00000318     simplejson.obj (.text)
                  2001169c    00000310     main_FXOS8700.obj (.text)
                  200119ac    0000030c     rtsv7M4_T_le_eabi.lib : lowlev.obj (.text)
                  20011cb8    000002e4                           : xlog.obj (.text)
                  20011f9c    000002d4     parse_uploads.obj (.text)
                  20012270    000002d4     rtsv7M4_T_le_eabi.lib : trgdrv.obj (.text)
                  20012544    00000298                           : vla_alloc.obj (.text)
                  200127dc    00000290     cc3200_client_state.obj (.text)
                  20012a6c    00000230     approximations.obj (.text)
                  20012c9c    00000220     main.obj (.text)
                  20012ebc    0000020c     algorithm.obj (.text)
                  200130c8    000001fc     rtsv7M4_T_le_eabi.lib : xexp.obj (.text)
                  200132c4    000001f4                           : ull_div_t2.obj (.text)
                  200134b8    000001d0     tempRHSens_si7020.obj (.text)
                  20013688    000001c4     rtsv7M4_T_le_eabi.lib : fopen.obj (.text)
                  2001384c    000001bc                           : xflog.obj (.text)
                  20013a08    000001b8     uartA1_if.obj (.text)
                  20013bc0    000001b6     rtsv7M4_T_le_eabi.lib : fd_add_t2.obj (.text)
                  20013d76    00000002     --HOLE-- [fill = 0]
                  20013d78    000001ac     cc3200_certificate.obj (.text)
                  20013f24    000001ac     flash_files.obj (.text)
                  200140d0    000001a4     simplelink.a : wlan.obj (.text:sl_WlanConnect)
                  20014274    0000019c     rtsv7M4_T_le_eabi.lib : xfsin.obj (.text)
                  20014410    00000198     collect_and_txit.obj (.text)
                  200145a8    00000194     udma_if.obj (.text)
                  2001473c    0000018c     i2c_if.obj (.text)
                  200148c8    00000188     rtsv7M4_T_le_eabi.lib : xlatan.obj (.text)
                  20014a50    00000180     drivers.obj (.text)
                  20014bd0    00000178     rtsv7M4_T_le_eabi.lib : tanf.obj (.text)
                  20014d48    00000178                           : xfexp.obj (.text)
                  20014ec0    00000174     fusion.obj (.text)
                  20015034    00000170     i2cconfig.obj (.text)
                  200151a4    0000016c     simplelink.a : driver.obj (.text:_SlDrvDataReadOp)
                  20015310    00000168     rtsv7M4_T_le_eabi.lib : atan2l.obj (.text)
                  20015478    00000150     http.obj (.text)
                  200155c8    00000140     simplelink.a : driver.obj (.text:_SlDrvRxHdrRead)
                  20015708    00000140     rtsv7M4_T_le_eabi.lib : sqrt.obj (.text)
                  20015848    0000013c                           : fmodf.obj (.text)
                  20015984    00000136                           : fd_div_t2.obj (.text)
                  20015aba    00000002     --HOLE-- [fill = 0]
                  20015abc    00000134     driverlib.a : prcm.obj (.text:PRCMCC3200MCUInit)
                  20015bf0    00000134     rtsv7M4_T_le_eabi.lib : fputs.obj (.text)
                  20015d24    00000130     simplelink.a : cc_pal.obj (.text:spi_Open)
                  20015e54    0000012c                  : driver.obj (.text:_SlDrvDataWriteOp)
                  20015f80    0000012a     free_rtos.a : list.obj (.text)
                  200160aa    00000002     --HOLE-- [fill = 0]
                  200160ac    00000120     simplelink.a : driver.obj (.text:_SlDrvMsgWrite)
                  200161cc    0000011c                  : driver.obj (.text:_SlDrvWaitForPoolObj)
                  200162e8    00000118     lightSens_isl29035.obj (.text)
                  20016400    00000110     free_rtos.a : port.obj (.text)
                  20016510    00000110     i2c_app.obj (.text)
                  20016620    00000110     rtsv7M4_T_le_eabi.lib : xdscale.obj (.text)
                  20016730    00000108     simplelink.a : socket.obj (.text:sl_Select)
                  20016838    000000fe     parse_impl.obj (.text)
                  20016936    00000002     --HOLE-- [fill = 0]
                  20016938    000000fc     hibernate_related_fns.obj (.text)
                  20016a34    000000fc     rtsv7M4_T_le_eabi.lib : fd_mul_t2.obj (.text)
                  20016b30    000000fa                           : fs_add_t2.obj (.text)
                  20016c2a    00000002     --HOLE-- [fill = 0]
                  20016c2c    000000f0     simplelink.a : driver.obj (.text:_SlDrvReleasePoolObj)
                  20016d1c    000000f0     driverlib.a : udma.obj (.text:uDMAChannelTransferSet)
                  20016e0c    000000e8     pinmux.obj (.text)
                  20016ef4    000000e8     simplelink.a : socket.obj (.text:sl_Connect)
                  20016fdc    000000e8                  : cc_pal.obj (.text:spi_Write)
                  200170c4    000000dc     app_common.obj (.text)
                  200171a0    000000dc     rtsv7M4_T_le_eabi.lib : setvbuf.obj (.text)
                  2001727c    000000dc     simplelink.a : netapp.obj (.text:sl_NetAppDnsGetHostByName)
                  20017358    000000d8     rtsv7M4_T_le_eabi.lib : xfatan.obj (.text)
                  20017430    000000d0                           : xfdscale.obj (.text)
                  20017500    000000cc                           : sqrtf.obj (.text)
                  200175cc    000000cc     simplelink.a : cc_pal.obj (.text:spi_Read)
                  20017698    000000c8     rtsv7M4_T_le_eabi.lib : fflush.obj (.text)
                  20017760    000000c8     simplelink.a : device.obj (.text:sl_Start)
                  20017828    000000c4                  : device.obj (.text:sl_Stop)
                  200178ec    000000c0     rtsv7M4_T_le_eabi.lib : xdint.obj (.text)
                  200179ac    000000be                           : xdnorm.obj (.text)
                  20017a6a    00000002     --HOLE-- [fill = 0]
                  20017a6c    000000bc                           : acosf.obj (.text)
                  20017b28    000000ba     free_rtos.a : portasm.obj (.text)
                  20017be2    00000002     --HOLE-- [fill = 0]
                  20017be4    000000b4     simplelink.a : driver.obj (.text:_SlDrvMsgReadCmdCtx)
                  20017c98    000000b4                  : netapp.obj (.text:_SlDrvNetAppEventHandler)
                  20017d4c    000000b0                  : socket.obj (.text:sl_Send)
                  20017dfc    000000ac     rtsv7M4_T_le_eabi.lib : _io_perm.obj (.text)
                  20017ea8    000000a8     driverlib.a : interrupt.obj (.text:IntDisable)
                  20017f50    000000a8                 : interrupt.obj (.text:IntEnable)
                  20017ff8    000000a0                 : spi.obj (.text:SPIConfigSetExpClk)
                  20018098    0000009c     rtsv7M4_T_le_eabi.lib : memcpy_t2.obj (.text)
                  20018134    00000098     simplelink.a : driver.obj (.text:_SlDrvClassifyRxMsg)
                  200181cc    00000098                  : driver.obj (.text:_SlFindAndSetActiveObj)
                  20018264    00000098     rtsv7M4_T_le_eabi.lib : fclose.obj (.text)
                  200182fc    00000098                           : fputc.obj (.text)
                  20018394    00000094     driverlib.a : prcm.obj (.text:PRCMPeripheralClockGet)
                  20018428    00000094     rtsv7M4_T_le_eabi.lib : snprintf.obj (.text)
                  200184bc    00000092                           : fs_div_t2.obj (.text)
                  2001854e    00000002     --HOLE-- [fill = 0]
                  20018550    00000090     simplelink.a : driver.obj (.text:_SlDrvMsgReadSpawnCtx)
                  200185e0    0000008c     rtsv7M4_T_le_eabi.lib : xfdint.obj (.text)
                  2001866c    0000008c     simplelink.a : fs.obj (.text:sl_FsRead)
                  200186f8    0000008c                  : fs.obj (.text:sl_FsWrite)
                  20018784    0000008c                  : netapp.obj (.text:sl_NetAppMDNSRegisterUnregisterService)
                  20018810    00000088     driverlib.a : prcm.obj (.text:PRCMHibernateIntervalSet)
                  20018898    00000088                 : pin.obj (.text:PinConfigSet)
                  20018920    00000088     rtsv7M4_T_le_eabi.lib : vsnprintf.obj (.text)
                  200189a8    00000086                           : fd_cmp_t2.obj (.text:__aeabi_cdcmple)
                  20018a2e    00000086                           : fd_cmp_t2.obj (.text:__aeabi_cdrcmple)
                  20018ab4    00000084     driverlib.a : i2c.obj (.text:I2CMasterInitExpClk)
                  20018b38    00000084     simplelink.a : driver.obj (.text:_SlDrvCmdOp)
                  20018bbc    00000080                  : cc_pal.obj (.text:NwpPowerOnPreamble)
                  20018c3c    00000080     cc3200_debug.obj (.text)
                  20018cbc    0000007c     simplelink.a : driver.obj (.text:_SlDrvDriverCBInit)
                  20018d38    0000007c                  : device.obj (.text:sl_DevGet)
                  20018db4    0000007c                  : fs.obj (.text:sl_FsClose)
                  20018e30    0000007a     rtsv7M4_T_le_eabi.lib : fs_mul_t2.obj (.text)
                  20018eaa    0000007a                           : memset_t2.obj (.text)
                  20018f24    0000007a                           : xfdnorm.obj (.text)
                  20018f9e    00000002     --HOLE-- [fill = 0]
                  20018fa0    00000078     simplelink.a : cc_pal.obj (.text:SetupDMAReceive)
                  20019018    00000078                  : netapp.obj (.text:_sl_HandleAsync_DnsGetHostByName)
                  20019090    00000078                  : netapp.obj (.text:_sl_HandleAsync_PingResponse)
                  20019108    00000078                  : wlan.obj (.text:sl_WlanGet)
                  20019180    00000076     driverlib.a : uart.obj (.text:UARTConfigSetExpClk)
                  200191f6    00000002     --HOLE-- [fill = 0]
                  200191f8    00000074     simplelink.a : device.obj (.text:_sl_HandleAsync_InitComplete)
                  2001926c    00000074                  : cc_pal.obj (.text:spi_Close)
                  200192e0    00000070                  : fs.obj (.text:sl_FsGetInfo)
                  20019350    0000006c                  : socket.obj (.text:_sl_TruncatePayloadByProtocol)
                  200193bc    0000006c     rtsv7M4_T_le_eabi.lib : autoinit.obj (.text)
                  20019428    0000006c                           : fprintf.obj (.text)
                  20019494    0000006a                           : copy_decompress_rle.obj (.text)
                  200194fe    00000002     --HOLE-- [fill = 0]
                  20019500    00000068     driverlib.a : prcm.obj (.text:PRCMHibernateWakeUpGPIOSelect)
                  20019568    00000068     simplelink.a : fs.obj (.text:_sl_GetCreateFsMode)
                  200195d0    00000068                  : socket.obj (.text:_sl_HandleAsync_Connect)
                  20019638    00000068     rtsv7M4_T_le_eabi.lib : trgmsg.obj (.text)
                  200196a0    00000066                           : xdunscal.obj (.text)
                  20019706    00000002     --HOLE-- [fill = 0]
                  20019708    00000064     simplelink.a : socket.obj (.text:_sl_HandleAsync_Accept)
                  2001976c    00000064                  : netapp.obj (.text:_sl_HandleAsync_DnsGetHostByService)
                  200197d0    00000064     rtsv7M4_T_le_eabi.lib : fseek.obj (.text)
                  20019834    00000064     driverlib.a : udma.obj (.text:uDMAChannelAttributeDisable)
                  20019898    00000064                 : udma.obj (.text:uDMAChannelAttributeEnable)
                  200198fc    00000060     rtsv7M4_T_le_eabi.lib : fs_cmp_t2.obj (.text:__aeabi_cfcmple)
                  2001995c    00000060                           : fs_cmp_t2.obj (.text:__aeabi_cfrcmple)
                  200199bc    00000060                           : sprintf.obj (.text)
                  20019a1c    00000058     driverlib.a : interrupt.obj (.text:IntPendClear)
                  20019a74    00000058                 : prcm.obj (.text:PRCMPeripheralReset)
                  20019acc    00000058     simplelink.a : driver.obj (.text:_SlDrvDriverCBDeinit)
                  20019b24    00000058                  : socket.obj (.text:_sl_HandleAsync_Select)
                  20019b7c    00000058                  : netapp.obj (.text:sl_NetAppSendTokenValue)
                  20019bd4    00000056     rtsv7M4_T_le_eabi.lib : ltoa.obj (.text)
                  20019c2a    00000056                           : xfdunsca.obj (.text)
                  20019c80    00000054     driverlib.a : interrupt.obj (.text:IntPrioritySet)
                  20019cd4    00000054     simplelink.a : device.obj (.text:_sl_HandleAsync_Stop)
                  20019d28    00000054                  : fs.obj (.text:sl_FsOpen)
                  20019d7c    00000050     rtsv7M4_T_le_eabi.lib : fs_toull_t2.obj (.text)
                  20019dcc    0000004c     driverlib.a : spi.obj (.text:SPIIntEnable)
                  20019e18    0000004c     rtsv7M4_T_le_eabi.lib : atoi.obj (.text)
                  20019e64    0000004c                           : cpy_tbl.obj (.text)
                  20019eb0    0000004c                           : rand.obj (.text)
                  20019efc    0000004c     simplelink.a : device.obj (.text:sl_DevSet)
                  20019f48    0000004c                  : socket.obj (.text:sl_SetSockOpt)
                  20019f94    0000004c                  : wlan.obj (.text:sl_WlanSet)
                  20019fe0    0000004c     driverlib.a : udma.obj (.text:uDMAChannelAssign)
                  2001a02c    0000004a     simplelink.a : device.obj (.text:_sl_GetStartResponseConvert)
                  2001a076    0000004a     rtsv7M4_T_le_eabi.lib : fd_tos_t2.obj (.text)
                  2001a0c0    00000048     driverlib.a : prcm.obj (.text:PRCMHibernateWakeupSourceDisable)
                  2001a108    00000048                 : prcm.obj (.text:PRCMHibernateWakeupSourceEnable)
                  2001a150    00000048                 : spi.obj (.text:SPIIntClear)
                  2001a198    00000048     simplelink.a : driver.obj (.text:_SlRemoveFromList)
                  2001a1e0    00000048     rtsv7M4_T_le_eabi.lib : fd_toi_t2.obj (.text)
                  2001a228    00000048     simplelink.a : fs.obj (.text:sl_FsDel)
                  2001a270    00000048                  : netcfg.obj (.text:sl_NetCfgSet)
                  2001a2b8    00000046     rtsv7M4_T_le_eabi.lib : ldexp.obj (.text)
                  2001a2fe    00000002     --HOLE-- [fill = 0]
                  2001a300    00000044     driverlib.a : spi.obj (.text:SPIDmaMaskGet)
                  2001a344    00000044     rtsv7M4_T_le_eabi.lib : exit.obj (.text)
                  2001a388    00000044                           : fd_tou_t2.obj (.text)
                  2001a3cc    00000044     simplelink.a : socket.obj (.text:sl_Recv)
                  2001a410    00000040     driverlib.a : pin.obj (.text:PinModeSet)
                  2001a450    00000040     simplelink.a : driver.obj (.text:_SlDrvRxIrqHandler)
                  2001a490    00000040     rtsv7M4_T_le_eabi.lib : signal.obj (.text)
                  2001a4d0    00000040     simplelink.a : wlan.obj (.text:sl_WlanPolicySet)
                  2001a510    00000040                  : wlan.obj (.text:sl_WlanRxFilterSet)
                  2001a550    0000003e     rtsv7M4_T_le_eabi.lib : strncasecmp.obj (.text)
                  2001a58e    00000002     --HOLE-- [fill = 0]
                  2001a590    0000003c     simplelink.a : cc_pal.obj (.text:NwpPowerOff)
                  2001a5cc    0000003c     driverlib.a : prcm.obj (.text:PRCMPeripheralClkEnable)
                  2001a608    0000003c     simplelink.a : driver.obj (.text:_SlDrvObjInit)
                  2001a644    0000003c     rtsv7M4_T_le_eabi.lib : boot.obj (.text)
                  2001a680    0000003c     driverlib.a : udma.obj (.text:uDMAChannelControlSet)
                  2001a6bc    0000003a                 : camera.obj (.text:CameraCaptureStop)
                  2001a6f6    0000003a                 : camera.obj (.text:CameraXClkConfig)
                  2001a730    00000038     free_rtos.a : heap_3.obj (.text)
                  2001a768    00000038     rtsv7M4_T_le_eabi.lib : fs_tod_t2.obj (.text)
                  2001a7a0    00000038                           : fs_toi_t2.obj (.text)
                  2001a7d8    00000038                           : i_tofs_t2.obj (.text)
                  2001a810    00000038     simplelink.a : socket.obj (.text:sl_Htonl)
                  2001a848    00000036     driverlib.a : gpio.obj (.text:GPIODirModeSet)
                  2001a87e    00000034                 : camera.obj (.text:CameraParamsConfig)
                  2001a8b2    00000002     --HOLE-- [fill = 0]
                  2001a8b4    00000034                 : prcm.obj (.text:PRCMPeripheralStatusGet)
                  2001a8e8    00000034                 : spi.obj (.text:SPIFIFOLevelSet)
                  2001a91c    00000034     simplelink.a : driver.obj (.text:_SlDrvBasicCmd)
                  2001a950    00000034     rtsv7M4_T_le_eabi.lib : feraiseexcept.obj (.text)
                  2001a984    00000034                           : fs_tou_t2.obj (.text)
                  2001a9b8    00000034                           : strstr.obj (.text)
                  2001a9ec    00000034     simplelink.a : socket.obj (.text:sl_Htons)
                  2001aa20    00000030                  : cc_pal.obj (.text:NwpPowerOn)
                  2001aa50    00000030     driverlib.a : pin.obj (.text:PinTypeGPIO)
                  2001aa80    00000030                 : uart.obj (.text:UARTDisable)
                  2001aab0    00000030     rtsv7M4_T_le_eabi.lib : strncpy.obj (.text)
                  2001aae0    00000030                           : xferaise.obj (.text)
                  2001ab10    00000030     simplelink.a : socket.obj (.text:sl_Socket)
                  2001ab40    0000002e     rtsv7M4_T_le_eabi.lib : i_tofd_t2.obj (.text)
                  2001ab6e    0000002e                           : raise.obj (.text)
                  2001ab9c    0000002c     driverlib.a : camera.obj (.text:CameraIntEnable)
                  2001abc8    0000002c     simplelink.a : cc_pal.obj (.text:DmaSpiSwIntHandler)
                  2001abf4    0000002c     driverlib.a : i2c.obj (.text:I2CMasterErr)
                  2001ac20    0000002c                 : prcm.obj (.text:PRCMSysResetCauseGet)
                  2001ac4c    0000002c     simplelink.a : flowcont.obj (.text:_SlDrvFlowContDeinit)
                  2001ac78    0000002c                  : flowcont.obj (.text:_SlDrvFlowContInit)
                  2001aca4    0000002a                  : socket.obj (.text:_sl_BuildAddress)
                  2001acce    0000002a     rtsv7M4_T_le_eabi.lib : xdclass.obj (.text)
                  2001acf8    00000028     driverlib.a : camera.obj (.text:CameraIntStatus)
                  2001ad20    00000028                 : prcm.obj (.text:PRCMPeripheralClkDisable)
                  2001ad48    00000028     rtsv7M4_T_le_eabi.lib : strncat.obj (.text)
                  2001ad70    00000028     simplelink.a : wlan.obj (.text:sl_WlanSetMode)
                  2001ad98    00000026     driverlib.a : camera.obj (.text:CameraThresholdSet)
                  2001adbe    00000026     rtsv7M4_T_le_eabi.lib : strncmp.obj (.text)
                  2001ade4    00000024     driverlib.a : camera.obj (.text:CameraIntClear)
                  2001ae08    00000024                 : interrupt.obj (.text:IntUnregister)
                  2001ae2c    00000024                 : uart.obj (.text:UARTEnable)
                  2001ae50    00000024     rtsv7M4_T_le_eabi.lib : memmov.obj (.text)
                  2001ae74    00000024     simplelink.a : socket.obj (.text:sl_Close)
                  2001ae98    00000024                  : netapp.obj (.text:sl_NetAppStart)
                  2001aebc    00000024                  : netapp.obj (.text:sl_NetAppStop)
                  2001aee0    00000024                  : wlan.obj (.text:sl_WlanProfileDel)
                  2001af04    00000022     driverlib.a : camera.obj (.text:CameraCaptureStart)
                  2001af26    00000022                 : i2c.obj (.text:I2CMasterSlaveAddrSet)
                  2001af48    00000022     simplelink.a : cc_pal.obj (.text:NwpRegisterInterruptHandler)
                  2001af6a    00000022     driverlib.a : spi.obj (.text:SPIReset)
                  2001af8c    00000022                 : spi.obj (.text:SPIWordCountSet)
                  2001afae    00000022     rtsv7M4_T_le_eabi.lib : frexp.obj (.text)
                  2001afd0    00000022                           : memcmp.obj (.text)
                  2001aff2    00000020     driverlib.a : gpio.obj (.text:GPIOPinWrite)
                  2001b012    00000002     --HOLE-- [fill = 0]
                  2001b014    00000020                 : interrupt.obj (.text:IntRegister)
                  2001b034    00000020     simplelink.a : driver.obj (.text:_SlDrvCmdSend)
                  2001b054    00000020                  : device.obj (.text:_SlDrvDeviceEventHandler)
                  2001b074    00000020     rtsv7M4_T_le_eabi.lib : memchr.obj (.text)
                  2001b094    00000020                           : u_tofd_t2.obj (.text)
                  2001b0b4    0000001e     driverlib.a : i2c.obj (.text:I2CMasterIntStatusEx)
                  2001b0d2    0000001e                 : uart.obj (.text:UARTCharPut)
                  2001b0f0    0000001c                 : pin.obj (.text:PinTypeI2C)
                  2001b10c    0000001c     simplelink.a : driver.obj (.text:_SlDrvObjDeInit)
                  2001b128    0000001c     rtsv7M4_T_le_eabi.lib : memccpy.obj (.text)
                  2001b144    0000001c     driverlib.a : udma.obj (.text:uDMAChannelDisable)
                  2001b160    0000001c                 : udma.obj (.text:uDMAChannelEnable)
                  2001b17c    0000001a     simplelink.a : netapp.obj (.text:CopyPingResultsToReport)
                  2001b196    0000001a     driverlib.a : pin.obj (.text:PinTypeCamera)
                  2001b1b0    0000001a                 : pin.obj (.text:PinTypeUART)
                  2001b1ca    0000001a                 : spi.obj (.text:SPIDmaDisable)
                  2001b1e4    0000001a                 : spi.obj (.text:SPIDmaEnable)
                  2001b1fe    0000001a                 : spi.obj (.text:SPIFIFODisable)
                  2001b218    0000001a                 : spi.obj (.text:SPIFIFOEnable)
                  2001b232    00000018                 : camera.obj (.text:CameraReset)
                  2001b24a    00000018                 : gpio.obj (.text:GPIOPinRead)
                  2001b262    00000002     --HOLE-- [fill = 0]
                  2001b264    00000018                 : prcm.obj (.text:PRCMHibernateEnter)
                  2001b27c    00000018                 : spi.obj (.text:SPICSDisable)
                  2001b294    00000018                 : spi.obj (.text:SPICSEnable)
                  2001b2ac    00000018                 : spi.obj (.text:SPIDisable)
                  2001b2c4    00000018                 : spi.obj (.text:SPIEnable)
                  2001b2dc    00000018     rtsv7M4_T_le_eabi.lib : args_main.obj (.text)
                  2001b2f4    00000018                           : strcmp.obj (.text)
                  2001b30c    00000016     driverlib.a : camera.obj (.text:CameraDMAEnable)
                  2001b322    00000016                 : camera.obj (.text:CameraIntRegister)
                  2001b338    00000016                 : i2c.obj (.text:I2CMasterDataPut)
                  2001b34e    00000016                 : i2c.obj (.text:I2CMasterEnable)
                  2001b364    00000016                 : prcm.obj (.text:PRCMHIBRegRead)
                  2001b37a    00000016                 : prcm.obj (.text:PRCMHIBRegWrite)
                  2001b390    00000016                 : uart.obj (.text:UARTCharGet)
                  2001b3a6    00000016     simplelink.a : driver.obj (.text:_SlDrvShiftDWord)
                  2001b3bc    00000016                  : fs.obj (.text:_sl_Strlen)
                  2001b3d2    00000016     rtsv7M4_T_le_eabi.lib : strchr.obj (.text)
                  2001b3e8    00000016     driverlib.a : udma.obj (.text:uDMAIntRegister)
                  2001b3fe    00000014                 : cpu.obj (.text:CPUcpsie)
                  2001b412    00000002     --HOLE-- [fill = 0]
                  2001b414    00000014                 : interrupt.obj (.text:IntVTableBaseSet)
                  2001b428    00000014     rtsv7M4_T_le_eabi.lib : _lock.obj (.text)
                  2001b43c    00000014                           : strcpy.obj (.text)
                  2001b450    00000014                           : strlen.obj (.text)
                  2001b464    00000014     driverlib.a : udma.obj (.text:uDMAControlBaseSet)
                  2001b478    00000014                 : udma.obj (.text:uDMAIntClear)
                  2001b48c    00000012                 : i2c.obj (.text:I2CMasterControl)
                  2001b49e    00000012                 : i2c.obj (.text:I2CMasterIntClearEx)
                  2001b4b0    00000012                 : i2c.obj (.text:I2CMasterTimeoutSet)
                  2001b4c2    00000012     simplelink.a : netapp.obj (.text:sl_NetAppMDNSUnRegisterService)
                  2001b4d4    00000012     driverlib.a : udma.obj (.text:uDMAIntUnregister)
                  2001b4e6    00000002     --HOLE-- [fill = 0]
                  2001b4e8    00000010     simplelink.a : cc_pal.obj (.text:NwpMaskInterrupt)
                  2001b4f8    00000010                  : socket.obj (.text:SL_FD_SET)
                  2001b508    0000000e     driverlib.a : i2c.obj (.text:I2CMasterDataGet)
                  2001b516    0000000e     rtsv7M4_T_le_eabi.lib : copy_decompress_none.obj (.text:decompress:none)
                  2001b524    0000000e     startup_ccs.obj (.text)
                  2001b532    00000002     --HOLE-- [fill = 0]
                  2001b534    0000000c     simplelink.a : cc_pal.obj (.text:NwpUnMaskInterrupt)
                  2001b540    0000000c     rtsv7M4_T_le_eabi.lib : copy_zero_init.obj (.text:decompress:ZI)
                  2001b54c    0000000c     driverlib.a : udma.obj (.text:uDMADisable)
                  2001b558    0000000c                 : udma.obj (.text:uDMAEnable)
                  2001b564    0000000c                 : udma.obj (.text:uDMAIntStatus)
                  2001b570    0000000a                 : interrupt.obj (.text:IntMasterEnable)
                  2001b57a    00000008     simplelink.a : wlan.obj (.text:sl_WlanDisconnect)
                  2001b582    00000006     i2cconfig.obj (.text:MT9D111Delay)
                  2001b588    00000006     simplelink.a : socket.obj (.text:SL_FD_ZERO)
                  2001b58e    00000006     driverlib.a : utils.obj (.text:UtilsDelay)
                  2001b594    00000006     rtsv7M4_T_le_eabi.lib : copy_decompress_rle.obj (.text:decompress:rle24)
                  2001b59a    00000006                           : log.obj (.text)
                  2001b5a0    00000006                           : logf.obj (.text)
                  2001b5a6    00000006                           : sinf.obj (.text)
                  2001b5ac    00000004                           : error.obj (.text)
                  2001b5b0    00000004                           : pre_init.obj (.text)

.const     0    2001b5b8    00000e54     
                  2001b5b8    0000013c     mt9d111.obj (.const:init_cmds_list)
                  2001b6f4    00000101     rtsv7M4_T_le_eabi.lib : ctype.obj (.const:.string:_ctypes_)
                  2001b7f5    00000002     tempRHSens_si7020.obj (.const:.string)
                  2001b7f7    00000001     --HOLE-- [fill = 0]
                  2001b7f8    00000100     driverlib.a : pin.obj (.const:g_ulPinToPadMap)
                  2001b8f8    000000ec     simplelink.a : wlan.obj (.const)
                  2001b9e4    000000d4     driverlib.a : interrupt.obj (.const:g_pulRegs)
                  2001bab8    000000c8     mt9d111.obj (.const)
                  2001bb80    000000c4     mt9d111.obj (.const:capture_cmds_list)
                  2001bc44    000000a8     driverlib.a : prcm.obj (.const:PRCM_PeriphRegsList)
                  2001bcec    00000004     --HOLE-- [fill = 0]
                  2001bcf0    00000088     rtsv7M4_T_le_eabi.lib : xlatan.obj (.const)
                  2001bd78    00000080     driverlib.a : interrupt.obj (.const)
                  2001bdf8    0000005d     mt9d111.obj (.const:.string)
                  2001be55    00000001     --HOLE-- [fill = 0]
                  2001be56    00000050     mt9d111.obj (.const:$P$T25$26)
                  2001bea6    0000004c     mt9d111.obj (.const:$P$T6$7)
                  2001bef2    00000002     --HOLE-- [fill = 0]
                  2001bef4    0000004c     simplelink.a : driver.obj (.const)
                  2001bf40    0000004a     camera_app.obj (.const:.string)
                  2001bf8a    00000005     main.obj (.const:.string)
                  2001bf8f    00000001     --HOLE-- [fill = 0]
                  2001bf90    00000048     rtsv7M4_T_le_eabi.lib : xexp.obj (.const)
                  2001bfd8    00000040     network_relater_fns.obj (.const:.string)
                  2001c018    00000038     rtsv7M4_T_le_eabi.lib : xlog.obj (.const:p)
                  2001c050    00000038                           : xflog.obj (.const)
                  2001c088    00000038     simplelink.a : fs.obj (.const)
                  2001c0c0    00000036     flash_files.obj (.const:.string)
                  2001c0f6    00000002     --HOLE-- [fill = 0]
                  2001c0f8    00000034     rtsv7M4_T_le_eabi.lib : xfatan.obj (.const)
                  2001c12c    00000034     simplelink.a : socket.obj (.const)
                  2001c160    00000030     rtsv7M4_T_le_eabi.lib : xdint.obj (.const)
                  2001c190    0000002c     cc3200_utils.obj (.const:$P$T0$1)
                  2001c1bc    0000002c     network_relater_fns.obj (.const:$P$T1$2)
                  2001c1e8    0000002b     parse_uploads.obj (.const:.string)
                  2001c213    00000001     --HOLE-- [fill = 0]
                  2001c214    00000028     mt9d111.obj (.const:$P$T5$6)
                  2001c23c    00000028     rtsv7M4_T_le_eabi.lib : xfdint.obj (.const)
                  2001c264    00000028                           : xfsin.obj (.const)
                  2001c28c    00000028     simplelink.a : netapp.obj (.const)
                  2001c2b4    00000025     camera_app.obj (.const:.string:$P$T1$2)
                  2001c2d9    00000023     mt9d111.obj (.const:.string:$P$T1$2)
                  2001c2fc    00000022     network_relater_fns.obj (.const:.string:$P$T0$1)
                  2001c31e    00000002     --HOLE-- [fill = 0]
                  2001c320    0000001c     rtsv7M4_T_le_eabi.lib : tanf.obj (.const)
                  2001c33c    0000001c                           : xfexp.obj (.const)
                  2001c358    0000001b     wifi_provisioning_thruAPmode.obj (.const:.string)
                  2001c373    00000001     --HOLE-- [fill = 0]
                  2001c374    00000018     driverlib.a : spi.obj (.const)
                  2001c38c    00000017     request.obj (.const:.string)
                  2001c3a3    00000016     collect_and_txit.obj (.const:.string)
                  2001c3b9    00000014     lightSens_isl29035.obj (.const:.string)
                  2001c3cd    00000014     network_relater_fns.obj (.const)
                  2001c3e1    00000003     --HOLE-- [fill = 0]
                  2001c3e4    00000014     simplelink.a : device.obj (.const)
                  2001c3f8    0000000b     app_common.obj (.const:.string)
                  2001c403    00000001     --HOLE-- [fill = 0]
                  2001c404    00000008     simplelink.a : netcfg.obj (.const)

.cinit     0    2001c410    00000bf0     
                  2001c410    00000bcb     (.cinit..data.load) [load image, compression = rle]
                  2001cfdb    00000001     --HOLE-- [fill = 0]
                  2001cfdc    0000000c     (__TI_handler_table)
                  2001cfe8    00000008     (.cinit..bss.load) [load image, compression = zero_init]
                  2001cff0    00000010     (__TI_cinit_table)

.init_array 
*          0    20004000    00000000     UNINITIALIZED

.bss       0    2001e000    00015dca     UNINITIALIZED
                  2001e000    00014000     main.obj (.bss:g_image_buffer)
                  20032000    00000b58     tasks.obj (.bss:thisMagBuffer)
                  20032b58    00000418     tasks.obj (.bss:thisMagCal)
                  20032f70    00000058     tasks.obj (.bss:thisMag)
                  20032fc8    00000034     cc3200_client_state.obj (.bss:clientStateFileName)
                  20032ffc    00000004     (.common:__Errorlog)
                  20033000    00000400     udma_if.obj (.bss:gpCtlTbl)
                  20033400    00000370     main.obj (.bss:g_NetEntries)
                  20033770    00000120     rtsv7M4_T_le_eabi.lib : trgmsg.obj (.bss:__CIOBUF_)
                  20033890    00000100     udma_if.obj (.bss:gfpAppCallbackHndl)
                  20033990    000000c8     free_rtos.a : tasks.obj (.bss:pxReadyTasksLists)
                  20033a58    000000ac     tasks.obj (.bss:thisSV_6DOF_GB_BASIC)
                  20033b04    000000a0     rtsv7M4_T_le_eabi.lib : defs.obj (.bss:__TI_tmpnams)
                  20033ba4    00000050     free_rtos.a : queue.obj (.bss:xQueueRegistry)
                  20033bf4    00000034     main.obj (.bss:g_cWlanSecurityKey)
                  20033c28    00000034     tasks.obj (.bss:thisAccel)
                  20033c5c    00000024     main.obj (.bss:g_cWlanSSID)
                  20033c80    00000024     main.obj (.bss:g_ucConnectionSSID)
                  20033ca4    0000001c     rtsv7M4_T_le_eabi.lib : vla_alloc.obj (.bss)
                  20033cc0    00000014     (.common:g_flag_blockFull)
                  20033cd4    00000014     (.common:xDelayedTaskList1)
                  20033ce8    00000014     (.common:xDelayedTaskList2)
                  20033cfc    00000014     (.common:xPendingReadyList)
                  20033d10    00000014     (.common:xSuspendedTaskList)
                  20033d24    00000014     (.common:xTasksWaitingTermination)
                  20033d38    00000010     (.common:ang_buf)
                  20033d48    00000010     (.common:globals)
                  20033d58    00000010     (.common:mqxglobals)
                  20033d68    0000000c     (.common:g_SecParams)
                  20033d74    00000008     (.common:g_ucConnectionBSSID)
                  20033d7c    00000008     (.common:parmbuf)
                  20033d84    00000004     (.common:angle_avg)
                  20033d88    00000004     (.common:angle_reading_del1)
                  20033d8c    00000004     (.common:angle_reading_del2)
                  20033d90    00000004     (.common:angle_reading_del3)
                  20033d94    00000004     (.common:angle_reading_del4)
                  20033d98    00000004     (.common:dataBuffer)
                  20033d9c    00000004     (.common:g_block_lastFilled)
                  20033da0    00000004     (.common:g_cWlanSecurityType)
                  20033da4    00000004     (.common:g_frame_size_in_bytes)
                  20033da8    00000004     (.common:g_header_length)
                  20033dac    00000004     (.common:g_position_in_block)
                  20033db0    00000004     (.common:g_readHeader)
                  20033db4    00000004     (.common:g_total_dma_intrpts)
                  20033db8    00000004     (.common:pxDelayedTaskList)
                  20033dbc    00000004     (.common:pxOverflowDelayedTaskList)
                  20033dc0    00000001     (.common:avg_buffer_cnt)
                  20033dc1    00000001     (.common:cnt_prakz2)
                  20033dc2    00000001     (.common:g_dma_txn_done)
                  20033dc3    00000001     (.common:g_flag_DataBlockFilled)
                  20033dc4    00000001     (.common:g_flag_door_closing_45degree)
                  20033dc5    00000001     (.common:g_frame_end)
                  20033dc6    00000001     (.common:iDone)
                  20033dc7    00000001     (.common:isitfirsttime)
                  20033dc8    00000001     (.common:open1_close0_invalid2)
                  20033dc9    00000001     (.common:valid_case)

.TI.noinit 
*          0    2001e000    00000000     UNINITIALIZED

.sysmem    0    20033dd0    00004000     UNINITIALIZED
                  20033dd0    00000008     rtsv7M4_T_le_eabi.lib : memory.obj (.sysmem)
                  20033dd8    00003ff8     --HOLE--


LINKER GENERATED COPY TABLES

__TI_cinit_table @ 2001cff0 records: 2, size/record: 8, table size: 16
	.data: load addr=2001c410, load size=00000bcb bytes, run addr=20000000, run size=0000158c bytes, compression=rle
	.bss: load addr=2001cfe8, load size=00000008 bytes, run addr=2001e000, run size=00015dca bytes, compression=zero_init


LINKER GENERATED HANDLER TABLE

__TI_handler_table @ 2001cfdc records: 3, size/record: 4, table size: 12
	index: 0, handler: __TI_decompress_rle24
	index: 1, handler: __TI_decompress_none
	index: 2, handler: __TI_zero_init


GLOBAL SYMBOLS: SORTED ALPHABETICALLY BY Name 

address   name                                  
-------   ----                                  
2000cd19  AnalogGainReg_Read                    
2000ee6d  ApplyAccelHAL                         
2000ee7d  ApplyMagHAL                           
2001a345  C$$EXIT                               
20019667  C$$IO$$                               
2000cc79  CCMRegs_Read                          
2001b3ff  CPUcpsie                              
2000a839  CamControllerInit                     
2001af05  CameraCaptureStart                    
2001a6bd  CameraCaptureStop                     
2001b30d  CameraDMAEnable                       
2001ade5  CameraIntClear                        
2001ab9d  CameraIntEnable                       
2001b323  CameraIntRegister                     
2001acf9  CameraIntStatus                       
2001a87f  CameraParamsConfig                    
2001b233  CameraReset                           
2000c715  CameraSensorInit                      
2000c71d  CameraSensorInit_SettingsFromFlash    
2001ad99  CameraThresholdSet                    
2001a6f7  CameraXClkConfig                      
2000a35b  CaptureAndStore_Image                 
2000a59d  CaptureinRAM_StoreAfterCapture_Image  
20013a41  ClearTerm                             
20014411  CollectTxit_ImgTempRH                 
20012d2b  Config_And_Start_CameraCapture        
2000968d  ConfigureMode                         
200093e9  ConfigureSimpleLinkToDefaultState     
200096e9  ConnectToNetwork                      
2000984d  ConnectToNetwork_STA                  
20012049  ConstructDeviceStateObject            
2001b17d  CopyPingResultsToReport               
20013f25  CreateFile_Flash                      
20001324  DMAMsgQ                               
200146f1  DMASetupTransfer                      
20001574  DigiCertHighAssuranceEVRootCA_der_len 
2000cca9  DigitalGainRegs_Read                  
200145bb  DmaErrorIntHandler                    
2001abc9  DmaSpiSwIntHandler                    
200145a9  DmaSwIntHandler                       
2000cfdf  EnterStandby_mt9d111                  
20013a47  Error                                 
2000d035  ExitStandby_mt9d111                   
2000e095  FXOS8700CQ_Init                       
2000e179  FXOS8700CQ_Mag_Calibration            
20014a51  FXOS8700_Init                         
20014ad3  FXOS8700_ReadData                     
2000e9ff  Fusion_Init                           
2000eb35  Fusion_Run                            
2001a849  GPIODirModeSet                        
2001b24b  GPIOPinRead                           
2001aff3  GPIOPinWrite                          
20013a7b  GetCmd                                
20016939  HIBernate                             
200124fd  HOSTclock                             
200124c5  HOSTclose                             
20012487  HOSTgetenv                            
2001242b  HOSTlseek                             
200123d9  HOSTopen                              
2001238d  HOSTread                              
2001232f  HOSTrename                            
200122f5  HOSTtime                              
200122bd  HOSTunlink                            
20012271  HOSTwrite                             
20015053  I2CBufferRead                         
200150fb  I2CBufferWrite                        
20015035  I2CInit                               
2001b48d  I2CMasterControl                      
2001b509  I2CMasterDataGet                      
2001b339  I2CMasterDataPut                      
2001b34f  I2CMasterEnable                       
2001abf5  I2CMasterErr                          
20018ab5  I2CMasterInitExpClk                   
2001b49f  I2CMasterIntClearEx                   
2001b0b5  I2CMasterIntStatusEx                  
2001af27  I2CMasterSlaveAddrSet                 
2001b4b1  I2CMasterTimeoutSet                   
200148b3  I2C_IF_Close                          
20014889  I2C_IF_Open                           
20014801  I2C_IF_Read                           
20014869  I2C_IF_ReadFrom                       
2001479f  I2C_IF_Write                          
20013a09  InitTerm                              
20011f9d  InitialiseParse                       
200093b9  InitializeAppVariables                
20017ea9  IntDisable                            
20017f51  IntEnable                             
2001b571  IntMasterEnable                       
20019a1d  IntPendClear                          
20019c81  IntPrioritySet                        
2001b015  IntRegister                           
2001ae09  IntUnregister                         
2001b415  IntVTableBaseSet                      
2000cd8f  JPEGDataLength_read                   
20000000  JPEG_StdHuffmanTbl                    
2000137c  JPEG_StdQuantTblC                     
200013bc  JPEG_StdQuantTblY                     
2000cc51  JpegConfigReg_Read                    
2001710f  LED_Blink                             
20017175  LED_Off                               
2001716b  LED_On                                
2000ca3b  LL_Configs                            
2001b583  MT9D111Delay                          
2000ec8d  MagCal_Run                            
20012ca5  Main_Task                             
20012cd1  Main_Task_withHibernate               
20013a27  Message                               
2001b4e9  NwpMaskInterrupt                      
2001a591  NwpPowerOff                           
2001aa21  NwpPowerOn                            
20018bbd  NwpPowerOnPreamble                    
2001af49  NwpRegisterInterruptHandler           
2001b535  NwpUnMaskInterrupt                    
2000cd51  PCLK_Rate_read                        
20015abd  PRCMCC3200MCUInit                     
2001b365  PRCMHIBRegRead                        
2001b37b  PRCMHIBRegWrite                       
2001b265  PRCMHibernateEnter                    
20018811  PRCMHibernateIntervalSet              
20019501  PRCMHibernateWakeUpGPIOSelect         
2001a0c1  PRCMHibernateWakeupSourceDisable      
2001a109  PRCMHibernateWakeupSourceEnable       
2001ad21  PRCMPeripheralClkDisable              
2001a5cd  PRCMPeripheralClkEnable               
20018395  PRCMPeripheralClockGet                
20019a75  PRCMPeripheralReset                   
2001a8b5  PRCMPeripheralStatusGet               
2001ac21  PRCMSysResetCauseGet                  
20018899  PinConfigSet                          
2001a411  PinModeSet                            
20016e0d  PinMuxConfig                          
2001b197  PinTypeCamera                         
2001aa51  PinTypeGPIO                           
2001b0f1  PinTypeI2C                            
2001b1b1  PinTypeUART                           
20012cc5  ProvisionAP_Task                      
2000f3e9  ProvisioningAP                        
2000e9e1  RdSensData_Init                       
2000ea1d  RdSensData_Run                        
2000ca95  ReadAllAEnAWBRegs                     
2001401b  ReadFile_FromFlash                    
2000ce0d  ReadMCUBootModeReg                    
2000ca15  RegStatusRead                         
20013b25  Report                                
2001b525  ResetISR                              
2000cdd9  ResetImageSensorMCU                   
UNDEFED   SHT$$INIT_ARRAY$$Base                 
UNDEFED   SHT$$INIT_ARRAY$$Limit                
2001b4f9  SL_FD_SET                             
2001b589  SL_FD_ZERO                            
2001b27d  SPICSDisable                          
2001b295  SPICSEnable                           
20017ff9  SPIConfigSetExpClk                    
2001b2ad  SPIDisable                            
2001b1cb  SPIDmaDisable                         
2001b1e5  SPIDmaEnable                          
2001b2c5  SPIEnable                             
2001b1ff  SPIFIFODisable                        
2001b219  SPIFIFOEnable                         
2001a8e9  SPIFIFOLevelSet                       
2001a151  SPIIntClear                           
20019dcd  SPIIntEnable                          
2001af6b  SPIReset                              
2001af8d  SPIWordCountSet                       
200014d8  SecurityParams                        
20014639  SetupTransfer                         
2000cce1  ShutterRegs_Read                      
2000a031  SimpleLinkHttpServerCallback          
20009b8d  SimpleLinkNetAppEventHandler          
20009f31  SimpleLinkSockEventHandler            
20009a49  SimpleLinkWlanEventHandler            
2000ce23  SoftReset_ImageSensor                 
2000a335  Standby_ImageSensor                   
2000c745  StartCapture_SettingsFromFlash        
2000c869  StartSensorInJpegMode                 
20012cbd  Test_Task                             
20013adb  TrimSpace                             
2001b391  UARTCharGet                           
2001b0d3  UARTCharPut                           
20019181  UARTConfigSetExpClk                   
2001aa81  UARTDisable                           
2001ae2d  UARTEnable                            
20014611  UDMAChannelSelect                     
200146dd  UDMADeInit                            
200145c7  UDMAInit                              
2001466f  UDMASetupAutoMemTransfer              
20014693  UDMASetupPingPongTransfer             
2001b145  UDMAStopTransfer                      
20011fb3  UploadImageToParse                    
20011fe9  UploadSensorDataToParse               
2001b58f  UtilsDelay                            
2000ffc5  VDeleteSimpleLinkSpawnTask            
2000ff75  VStartSimpleLinkSpawnTask             
2000ce79  Variable_Read                         
2000ce49  Verify_ImageSensor                    
2000a34f  Wakeup_ImageSensor                    
2000ca57  WriteAllAEnAWBRegs                    
2000c773  WriteConfigRegFile_toFlash            
2000c83d  WriteConfigRegFilefromUser_toFlash    
20013f79  WriteFile_ToFlash                     
2001accf  _Dclass                               
200011c0  _Denorm                               
200178ed  _Dint                                 
200179ad  _Dnorm                                
20016621  _Dscale                               
200196a1  _Dunscale                             
200011d0  _Eps                                  
2000157c  _Errno                                
200130c9  _Exp                                  
20017359  _FAtan                                
200012b0  _FDenorm                              
200185e1  _FDint                                
20018f25  _FDnorm                               
20017431  _FDscale                              
20019c2b  _FDunscale                            
200012c0  _FEps                                 
20014d49  _FExp                                 
200012d0  _FInf                                 
2001384d  _FLog                                 
200012e0  _FNan                                 
20001300  _FRteps                               
20014275  _FSin                                 
200012f0  _FSnan                                
20001310  _FXbig                                
20001314  _FZero                                
20001564  _Fenv                                 
2001aae1  _Feraise                              
200011e0  _Hugeval                              
200011f0  _Inf                                  
200148c9  _LAtan                                
20001240  _LDenorm                              
20001250  _LEps                                 
20001260  _LInf                                 
20001270  _LNan                                 
20001290  _LRteps                               
20001280  _LSnan                                
200012a0  _LXbig                                
200012a8  _LZero                                
20011cb9  _Log                                  
20001200  _Nan                                  
20001220  _Rteps                                
2001c14c  _SlAcceptCmdCtrl                      
2001bf08  _SlActionLookupTable                  
20011019  _SlAsyncEventGenericHandler           
2001c3f0  _SlDeviceGetCmdCtrl                   
2001c3f4  _SlDeviceSetCmdCtrl                   
2001a91d  _SlDrvBasicCmd                        
20018135  _SlDrvClassifyRxMsg                   
20018b39  _SlDrvCmdOp                           
2001b035  _SlDrvCmdSend                         
200151a5  _SlDrvDataReadOp                      
20015e55  _SlDrvDataWriteOp                     
2001b055  _SlDrvDeviceEventHandler              
20019acd  _SlDrvDriverCBDeinit                  
20018cbd  _SlDrvDriverCBInit                    
2001ac4d  _SlDrvFlowContDeinit                  
2001ac79  _SlDrvFlowContInit                    
20010159  _SlDrvMsgRead                         
20017be5  _SlDrvMsgReadCmdCtx                   
20018551  _SlDrvMsgReadSpawnCtx                 
200160ad  _SlDrvMsgWrite                        
20017c99  _SlDrvNetAppEventHandler              
2001b10d  _SlDrvObjDeInit                       
2001a609  _SlDrvObjInit                         
20016c2d  _SlDrvReleasePoolObj                  
200155c9  _SlDrvRxHdrRead                       
2001a451  _SlDrvRxIrqHandler                    
2001b3a7  _SlDrvShiftDWord                      
200161cd  _SlDrvWaitForPoolObj                  
2001c3ec  _SlEventMaskGetCmdCtrl                
2001c3e8  _SlEventMaskSetCmdCtrl                
200181cd  _SlFindAndSetActiveObj                
2001c08c  _SlFsCloseCmdCtrl                     
2001c09c  _SlFsDeleteCmdCtrl                    
2001c098  _SlFsGetInfoCmdCtrl                   
2001c088  _SlFsOpenCmdCtrl                      
2001c090  _SlFsReadCmdCtrl                      
2001c094  _SlFsWriteCmdCtrl                     
2001c2a4  _SlGetHostByNameCtrl                  
2001c2a0  _SlGetHostByServiceCtrl               
2001c298  _SlGetServiceListeCtrl                
2001c158  _SlGetSockOptCmdCtrl                  
2001c148  _SlListenCmdCtrl                      
2001c2b0  _SlNetAppGetCmdCtrl                   
2001c2ac  _SlNetAppSendTokenValueCmdCtrl        
2001c2a8  _SlNetAppSetCmdCtrl                   
2001c290  _SlNetAppStartCtrl                    
2001c294  _SlNetAppStopCtrl                     
2001c408  _SlNetCfgGetCmdCtrl                   
2001c404  _SlNetCfgSetCmdCtrl                   
2001b900  _SlPolicyGetCmdCtrl                   
2001b8fc  _SlPolicySetCmdCtrl                   
2001b908  _SlProfileDelCmdCtrl                  
2001b904  _SlProfileGetCmdCtrl                  
2001c150  _SlRecvCmdCtrl                        
2001c140  _SlRecvfomCmdCtrl                     
2001c29c  _SlRegisterServiceCtrl                
2001a199  _SlRemoveFromList                     
2001b910  _SlRxFilterAddtCmdCtrl                
2001b918  _SlRxFilterGetCmdCtrl                 
2001b914  _SlRxFilterSetCmdCtrl                 
2001c15c  _SlSelectCmdCtrl                      
2001c144  _SlSendCmdCtrl                        
2001c154  _SlSetSockOptCmdCtrl                  
2001b91c  _SlSmartConfigStartCmdCtrl            
2001c13c  _SlSockCloseCmdCtrl                   
2001c138  _SlSockSocketCmdCtrl                  
2001c3e4  _SlStopCmdCtrl                        
2001b928  _SlWlanCfgGetCmdCtrl                  
2001b924  _SlWlanCfgSetCmdCtrl                  
2001b90c  _SlWlanGetNetworkListCtrl             
2001b920  _SlWlanSetModeCmdCtrl                 
20001210  _Snan                                 
20001568  _Tls_setup__Fenv                      
20001230  _Xbig                                 
20001238  _Zero                                 
20033770  __CIOBUF_                             
20004000  __STACK_END                           
00001000  __STACK_SIZE                          
00004000  __SYSMEM_SIZE                         
2001cff0  __TI_CINIT_Base                       
2001d000  __TI_CINIT_Limit                      
2001cfdc  __TI_Handler_Table_Base               
2001cfe8  __TI_Handler_Table_Limit              
200193bd  __TI_auto_init                        
20013751  __TI_cleanup                          
2000155c  __TI_cleanup_ptr                      
20018265  __TI_closefile                        
2001b517  __TI_decompress_none                  
2001b595  __TI_decompress_rle24                 
20017699  __TI_doflush                          
20001560  __TI_dtors_ptr                        
20001524  __TI_ft_end                           
200090b1  __TI_printfi                          
20017e5f  __TI_rd_ok                            
2001966b  __TI_readmsg                          
2001c410  __TI_static_base__                    
20033b04  __TI_tmpnams                          
20019639  __TI_writemsg                         
20017dfd  __TI_wrt_ok                           
2001b541  __TI_zero_init                        
2001b5ad  __abort_execution                     
200189a9  __aeabi_cdcmpeq                       
200189a9  __aeabi_cdcmple                       
20018a2f  __aeabi_cdrcmple                      
200198fd  __aeabi_cfcmpeq                       
200198fd  __aeabi_cfcmple                       
2001995d  __aeabi_cfrcmple                      
2001a077  __aeabi_d2f                           
2001a1e1  __aeabi_d2iz                          
2001a389  __aeabi_d2uiz                         
20013bcb  __aeabi_dadd                          
20015985  __aeabi_ddiv                          
20016a35  __aeabi_dmul                          
20013bc1  __aeabi_dsub                          
2001a769  __aeabi_f2d                           
2001a7a1  __aeabi_f2iz                          
2001a985  __aeabi_f2uiz                         
20019d7d  __aeabi_f2ulz                         
20016b35  __aeabi_fadd                          
200184bd  __aeabi_fdiv                          
20018e31  __aeabi_fmul                          
20016b31  __aeabi_fsub                          
2001ab41  __aeabi_i2d                           
2001a7d9  __aeabi_i2f                           
20018eab  __aeabi_memclr                        
20018eab  __aeabi_memclr4                       
20018eab  __aeabi_memclr8                       
20018099  __aeabi_memcpy                        
20018099  __aeabi_memcpy4                       
20018099  __aeabi_memcpy8                       
20018ead  __aeabi_memset                        
20018ead  __aeabi_memset4                       
20018ead  __aeabi_memset8                       
20001530  __aeabi_stderr                        
20001528  __aeabi_stdin                         
2000152c  __aeabi_stdout                        
2001b095  __aeabi_ui2d                          
200132c5  __aeabi_uldivmod                      
ffffffff  __binit__                             
ffffffff  __c_args__                            
20003000  __stack                               
2001264d  __vla_alloc                           
20012545  __vla_dealloc                         
200125cd  __vla_dealloc_eh                      
2001b2dd  _args_main                            
2001a645  _c_int00                              
2001b6f4  _ctypes_                              
20000f50  _ftable                               
20001554  _lock                                 
2001b437  _nop                                  
2001b42f  _register_lock                        
2001b429  _register_unlock                      
2001aca5  _sl_BuildAddress                      
20019569  _sl_GetCreateFsMode                   
2001a02d  _sl_GetStartResponseConvert           
20019709  _sl_HandleAsync_Accept                
200195d1  _sl_HandleAsync_Connect               
20019019  _sl_HandleAsync_DnsGetHostByName      
2001976d  _sl_HandleAsync_DnsGetHostByService   
200191f9  _sl_HandleAsync_InitComplete          
20019091  _sl_HandleAsync_PingResponse          
20019b25  _sl_HandleAsync_Select                
20019cd5  _sl_HandleAsync_Stop                  
2001b3bd  _sl_Strlen                            
20019351  _sl_TruncatePayloadByProtocol         
20033dd0  _sys_memory                           
2001b5b1  _system_pre_init                      
20001558  _unlock                               
2001a349  abort                                 
20017a6d  acosf                                 
200154f3  addHttpRequestHeader                  
20015519  addHttpRequestHeaderInt               
20015479  addHttpRequestLine                    
20011c0d  add_device                            
20033d38  ang_buf                               
20033d84  angle_avg                             
20033d88  angle_reading_del1                    
20033d8c  angle_reading_del2                    
20033d90  angle_reading_del3                    
20033d94  angle_reading_del4                    
20015311  atan2l                                
20019e19  atoi                                  
20033dc0  avg_buffer_cnt                        
200154b7  beginHttpGetRequest                   
200154ab  beginHttpRequest                      
ffffffff  binit                                 
2000d13d  buildRequestHeaders                   
200108f1  calloc                                
20012ebd  check_doorpos                         
2000e03d  clearAccelMotionIntrpt                
20032fc8  clientStateFileName                   
20011bbd  close                                 
2000151c  cnt                                   
20033dc1  cnt_prakz2                            
2000dae5  configureFXOS8700                     
200162e9  configureISL29035                     
200134ff  configureTempRHSensor                 
20019e65  copy_in                               
2000af35  createAndWrite_ImageHeaderFile        
2000f075  createInstallation                    
2000e541  createNewInstallationId               
2000b083  create_JpegImageFile                  
20033d98  dataBuffer                            
20001520  dataBufferSize                        
20018c3d  debugPrint                            
20018c57  debugPrintf                           
2000cc07  disableAE                             
2000cb7d  disableAWB                            
20007349  eTaskGetState                         
2000bf61  eigencompute                          
2000cbc5  enableAE                              
2000cb39  enableAWB                             
20013d79  ensureCertificateFile                 
2001a351  exit                                  
20004697  f3DOFMagnetometerMatrixAndroid        
20004633  f3DOFMagnetometerMatrixNED            
20004697  f3DOFMagnetometerMatrixWin8           
20004401  f3DOFTiltAndroid                      
20004401  f3DOFTiltNED                          
20004509  f3DOFTiltWin8                         
2000bd27  f3x3matrixAeqAxScalar                 
2000bca9  f3x3matrixAeqI                        
2000bd85  f3x3matrixAeqInvSymB                  
2000bd5b  f3x3matrixAeqMinusA                   
2000bd03  f3x3matrixAeqScalar                   
2000becb  f3x3matrixDetA                        
20004f85  fAndroidAnglesDegFromRotationMatrix   
20005d89  fInitMagCalibration                   
20014ec1  fInit_6DOF_GB_BASIC                   
2000616d  fInvertMagCal                         
200057b9  fLPFOrientationQuaternion             
200058f1  fLPFScalar                            
20004ee1  fNEDAnglesDegFromRotationMatrix       
200052c5  fQuaternionFromRotationMatrix         
20005165  fQuaternionFromRotationVectorDeg      
20005411  fRotationMatrixFromQuaternion         
20005713  fRotationVectorDegFromQuaternion      
2000553d  fRotationVectorDegFromRotationMatrix  
20014f15  fRun_6DOF_GB_BASIC                    
20006ac1  fUpdateCalibration10EIG               
20006295  fUpdateCalibration4INV                
20006715  fUpdateCalibration7EIG                
20005029  fWin8AnglesDegFromRotationMatrix      
20012aad  facos_deg                             
20012a6d  fasin_deg                             
20012bbb  fatan2_deg                            
20012c37  fatan_15deg                           
20012b2b  fatan_deg                             
200182cb  fclose                                
200049a5  feCompassAndroid                      
20004705  feCompassNED                          
20004c41  feCompassWin8                         
2001a951  feraiseexcept                         
2000e4db  fetchDeviceOSVersion                  
200176e5  fflush                                
2001160f  findSecondJson                        
20000dc9  flag                                  
2000bcd5  fmatrixAeqI                           
2000c351  fmatrixAeqInvA                        
2000c533  fmatrixAeqRenormRotA                  
20015849  fmodf                                 
200137a7  fopen                                 
20019431  fprintf                               
200182fd  fputc                                 
20015bf1  fputs                                 
20005d6f  fqAeq1                                
20005cab  fqAeqNormqA                           
2001063f  free                                  
2001377d  freopen                               
2001afaf  frexp                                 
200197d1  fseek                                 
20011781  fxos_calibrate                        
200117d9  fxos_get_initialYaw                   
2001169d  fxos_main                             
200116fb  fxos_main_waitfor40degrees            
20011839  fxos_waitFor40Degrees                 
20000dd0  gFirstCmdMode                         
2001bf00  g_H2NCnysPattern                      
2001bef8  g_H2NSyncPattern                      
20033400  g_NetEntries                          
20033d68  g_SecParams                           
20001318  g_SpiFd                               
20000dd8  g_StatMem                             
20033d9c  g_block_lastFilled                    
20001328  g_cDummy                              
20033c5c  g_cWlanSSID                           
20033bf4  g_cWlanSecurityKey                    
20033da0  g_cWlanSecurityType                   
2001c38c  g_deviceClientVersion                 
20033dc3  g_flag_DataBlockFilled                
20033cc0  g_flag_blockFull                      
20033dc4  g_flag_door_closing_45degree          
20033dc5  g_frame_end                           
20033da4  g_frame_size_in_bytes                 
20000600  g_header                              
20033da8  g_header_length                       
2001e000  g_image_buffer                        
200014f4  g_osVersion                           
20000dd4  g_pCB                                 
2000131c  g_pHostIntHdl                         
20004000  g_pfnVectors                          
20033dac  g_position_in_block                   
20033db0  g_readHeader                          
2000143c  g_token_get                           
200014f1  g_ucConnectedToConfAP                 
20033d74  g_ucConnectionBSSID                   
20033c80  g_ucConnectionSSID                    
20001320  g_ucDMAEnabled                        
2000132c  g_ucDinDout                           
200014f3  g_ucPriority                          
200014f0  g_ucProfileAdded                      
200014f2  g_ucProvisioningDone                  
200014ec  g_uiSimplelinkRole                    
200014e8  g_ulGatewayIP                         
20001550  g_ulPingPacketsRecv                   
200014e4  g_ulStatus                            
2000dea9  getAccelerationMagnitude              
2000dd6b  getDoorDirection                      
20015551  getHttpResponseBody                   
20015527  getHttpResponseStatus                 
2000f0c3  getInstallation                       
200168d5  getInternalClient                     
20016357  getLightsensor_data                   
20016383  getLightsensor_intrptStatus           
2000de25  getMagnFlux_3axis                     
20011641  getPushJson                           
2001352b  getTempRH                             
20033890  gfpAppCallbackHndl                    
20033d48  globals                               
20033000  gpCtlTbl                              
2000d375  headerSend                            
20016511  i2cReadRegisters                      
200165bf  i2cReadRegistersTwoBytes              
20016553  i2cWriteRegisters                     
20033dc6  iDone                                 
20005e59  iUpdateMagnetometerBuffer             
2000990d  initNetwork                           
200170c5  intToASCII                            
20011627  isCompleteJson                        
2000e47b  isPingTime                            
20033dc7  isitfirsttime                         
2001a2b9  ldexp                                 
200127dd  loadClientState                       
2001b59b  log                                   
2001b5a1  logf                                  
20011b99  lseek                                 
20019bd5  ltoa                                  
20012d99  main                                  
20001588  main_func_sp                          
200105d7  malloc                                
200100c9  mem_Free                              
200100bd  mem_Malloc                            
200100e9  mem_copy                              
200100d5  mem_set                               
2001080d  memalign                              
2001b129  memccpy                               
2001b075  memchr                                
2001afd1  memcmp                                
20018099  memcpy                                
2001ae51  memmove                               
20018eb3  memset                                
20010549  minit                                 
20033d58  mqxglobals                            
20011aeb  open                                  
20033dc8  open1_close0_invalid2                 
2001013f  osi_ContextRestore                    
2001013d  osi_ContextSave                       
200100fd  osi_EnterCritical                     
20010107  osi_ExitCritical                      
2000fd23  osi_InterruptDeRegister               
2000fcfd  osi_InterruptRegister                 
2000fe2d  osi_LockObjCreate                     
2000fea1  osi_LockObjDelete                     
2000feb1  osi_LockObjLock                       
2000fedd  osi_LockObjUnlock                     
2000fff1  osi_MsgQCreate                        
20010035  osi_MsgQDelete                        
20010081  osi_MsgQRead                          
2001004f  osi_MsgQWrite                         
20010119  osi_Sleep                             
2000ff07  osi_Spawn                             
2000fe0b  osi_SyncObjClear                      
2000fd35  osi_SyncObjCreate                     
2000fd65  osi_SyncObjDelete                     
2000fd7f  osi_SyncObjSignal                     
2000fda7  osi_SyncObjSignalFromISR              
2000fddf  osi_SyncObjWait                       
2000fe53  osi_TaskCreate                        
2000fe93  osi_TaskDelete                        
20010129  osi_TaskDisable                       
20010133  osi_TaskEnable                        
20010111  osi_start                             
20000dcc  pPingCallBackFunc                     
2000d8e5  parseGetErrorCode                     
2000f1c5  parseGetInstallationId                
20016839  parseInitialize                       
2000d8a7  parseSendRequest                      
2000d831  parseSendRequestInternal              
2000f149  parseSetInstallationId                
2000d4bd  payloadSend                           
2001c3f8  pcDigits                              
2000786d  pcTaskGetTaskName                     
20017bdd  portCLZ                               
2000f87d  pow                                   
20010ca1  powf                                  
20017bc5  prvPortStartFirstTask                 
200182fd  putc                                  
20018381  putchar                               
20015cfd  puts                                  
2001a731  pvPortMalloc                          
20001478  pxCurrentTCB                          
20016401  pxPortInitialiseStack                 
20005a45  qAeqAxB                               
20005921  qAeqBxC                               
20005b79  qconjgAxB                             
2001ab6f  raise                                 
20019ec7  rand                                  
20011ac7  read                                  
20010701  realloc                               
20011a3d  remove                                
20011a9f  remove_device                         
20011a61  rename                                
2001200f  retreiveImageIDfromHTTPResponse       
20012885  saveClientState                       
2000d6fb  sendRequest                           
200169c1  sensorsTriggerSetup                   
2000d12d  setDataBufferPointer                  
2000dd29  setMotionDetectionThreshold           
20016317  setThreshold_lightsensor              
200171a1  setvbuf                               
2001a491  signal                                
20011385  simpleJsonProcessor                   
2001b5a7  sinf                                  
2001ae75  sl_Close                              
20016ef5  sl_Connect                            
20018d39  sl_DevGet                             
20019efd  sl_DevSet                             
20018db5  sl_FsClose                            
2001a229  sl_FsDel                              
200192e1  sl_FsGetInfo                          
20019d29  sl_FsOpen                             
[...]
200164c1  xPortSysTickHandler                   
200164dd  vPortSetupTimerInterrupt              
20016511  i2cReadRegisters                      
20016553  i2cWriteRegisters                     
200165bf  i2cReadRegistersTwoBytes              
20016621  _Dscale                               
20016731  sl_Select                             
20016839  parseInitialize                       
200168d5  getInternalClient                     
20016939  HIBernate                             
200169c1  sensorsTriggerSetup                   
20016a35  __aeabi_dmul                          
20016b31  __aeabi_fsub                          
20016b35  __aeabi_fadd                          
20016c2d  _SlDrvReleasePoolObj                  
20016d1d  uDMAChannelTransferSet                
20016e0d  PinMuxConfig                          
20016ef5  sl_Connect                            
20016fdd  spi_Write                             
200170c5  intToASCII                            
2001710f  LED_Blink                             
2001716b  LED_On                                
20017175  LED_Off                               
200171a1  setvbuf                               
2001727d  sl_NetAppDnsGetHostByName             
20017359  _FAtan                                
20017431  _FDscale                              
20017501  sqrtf                                 
200175cd  spi_Read                              
20017699  __TI_doflush                          
200176e5  fflush                                
20017761  sl_Start                              
20017829  sl_Stop                               
200178ed  _Dint                                 
200179ad  _Dnorm                                
20017a6d  acosf                                 
20017b2d  ulPortSetInterruptMask                
20017b43  vPortClearInterruptMask               
20017b51  xPortPendSVHandler                    
20017b9d  vPortSVCHandler                       
20017bc5  prvPortStartFirstTask                 
20017bdd  portCLZ                               
20017be5  _SlDrvMsgReadCmdCtx                   
20017c99  _SlDrvNetAppEventHandler              
20017d4d  sl_Send                               
20017dfd  __TI_wrt_ok                           
20017e5f  __TI_rd_ok                            
20017ea9  IntDisable                            
20017f51  IntEnable                             
20017ff9  SPIConfigSetExpClk                    
20018099  __aeabi_memcpy                        
20018099  __aeabi_memcpy4                       
20018099  __aeabi_memcpy8                       
20018099  memcpy                                
20018135  _SlDrvClassifyRxMsg                   
200181cd  _SlFindAndSetActiveObj                
20018265  __TI_closefile                        
200182cb  fclose                                
200182fd  fputc                                 
200182fd  putc                                  
20018381  putchar                               
20018395  PRCMPeripheralClockGet                
20018429  snprintf                              
200184bd  __aeabi_fdiv                          
20018551  _SlDrvMsgReadSpawnCtx                 
200185e1  _FDint                                
2001866d  sl_FsRead                             
200186f9  sl_FsWrite                            
20018785  sl_NetAppMDNSRegisterUnregisterService
20018811  PRCMHibernateIntervalSet              
20018899  PinConfigSet                          
20018921  vsnprintf                             
200189a9  __aeabi_cdcmpeq                       
200189a9  __aeabi_cdcmple                       
20018a2f  __aeabi_cdrcmple                      
20018ab5  I2CMasterInitExpClk                   
20018b39  _SlDrvCmdOp                           
20018bbd  NwpPowerOnPreamble                    
20018c3d  debugPrint                            
20018c57  debugPrintf                           
20018cbd  _SlDrvDriverCBInit                    
20018d39  sl_DevGet                             
20018db5  sl_FsClose                            
20018e31  __aeabi_fmul                          
20018eab  __aeabi_memclr                        
20018eab  __aeabi_memclr4                       
20018eab  __aeabi_memclr8                       
20018ead  __aeabi_memset                        
20018ead  __aeabi_memset4                       
20018ead  __aeabi_memset8                       
20018eb3  memset                                
20018f25  _FDnorm                               
20019019  _sl_HandleAsync_DnsGetHostByName      
20019091  _sl_HandleAsync_PingResponse          
20019109  sl_WlanGet                            
20019181  UARTConfigSetExpClk                   
200191f9  _sl_HandleAsync_InitComplete          
2001926d  spi_Close                             
200192e1  sl_FsGetInfo                          
20019351  _sl_TruncatePayloadByProtocol         
200193bd  __TI_auto_init                        
20019431  fprintf                               
20019501  PRCMHibernateWakeUpGPIOSelect         
20019569  _sl_GetCreateFsMode                   
200195d1  _sl_HandleAsync_Connect               
20019639  __TI_writemsg                         
20019667  C$$IO$$                               
2001966b  __TI_readmsg                          
200196a1  _Dunscale                             
20019709  _sl_HandleAsync_Accept                
2001976d  _sl_HandleAsync_DnsGetHostByService   
200197d1  fseek                                 
20019835  uDMAChannelAttributeDisable           
20019899  uDMAChannelAttributeEnable            
200198fd  __aeabi_cfcmpeq                       
200198fd  __aeabi_cfcmple                       
2001995d  __aeabi_cfrcmple                      
200199bd  sprintf                               
20019a1d  IntPendClear                          
20019a75  PRCMPeripheralReset                   
20019acd  _SlDrvDriverCBDeinit                  
20019b25  _sl_HandleAsync_Select                
20019b7d  sl_NetAppSendTokenValue               
20019bd5  ltoa                                  
20019c2b  _FDunscale                            
20019c81  IntPrioritySet                        
20019cd5  _sl_HandleAsync_Stop                  
20019d29  sl_FsOpen                             
20019d7d  __aeabi_f2ulz                         
20019dcd  SPIIntEnable                          
20019e19  atoi                                  
20019e65  copy_in                               
20019eb1  srand                                 
20019ec7  rand                                  
20019efd  sl_DevSet                             
20019f49  sl_SetSockOpt                         
20019f95  sl_WlanSet                            
20019fe1  uDMAChannelAssign                     
2001a02d  _sl_GetStartResponseConvert           
2001a077  __aeabi_d2f                           
2001a0c1  PRCMHibernateWakeupSourceDisable      
2001a109  PRCMHibernateWakeupSourceEnable       
2001a151  SPIIntClear                           
2001a199  _SlRemoveFromList                     
2001a1e1  __aeabi_d2iz                          
2001a229  sl_FsDel                              
2001a271  sl_NetCfgSet                          
2001a2b9  ldexp                                 
2001a345  C$$EXIT                               
2001a349  abort                                 
2001a351  exit                                  
2001a389  __aeabi_d2uiz                         
2001a3cd  sl_Recv                               
2001a411  PinModeSet                            
2001a451  _SlDrvRxIrqHandler                    
2001a491  signal                                
2001a4d1  sl_WlanPolicySet                      
2001a511  sl_WlanRxFilterSet                    
2001a551  strncasecmp                           
2001a591  NwpPowerOff                           
2001a5cd  PRCMPeripheralClkEnable               
2001a609  _SlDrvObjInit                         
2001a645  _c_int00                              
2001a681  uDMAChannelControlSet                 
2001a6bd  CameraCaptureStop                     
2001a6f7  CameraXClkConfig                      
2001a731  pvPortMalloc                          
2001a751  vPortFree                             
2001a769  __aeabi_f2d                           
2001a7a1  __aeabi_f2iz                          
2001a7d9  __aeabi_i2f                           
2001a811  sl_Htonl                              
2001a849  GPIODirModeSet                        
2001a87f  CameraParamsConfig                    
2001a8b5  PRCMPeripheralStatusGet               
2001a8e9  SPIFIFOLevelSet                       
2001a91d  _SlDrvBasicCmd                        
2001a951  feraiseexcept                         
2001a985  __aeabi_f2uiz                         
2001a9b9  strstr                                
2001a9ed  sl_Htons                              
2001aa21  NwpPowerOn                            
2001aa51  PinTypeGPIO                           
2001aa81  UARTDisable                           
2001aab1  strncpy                               
2001aae1  _Feraise                              
2001ab11  sl_Socket                             
2001ab41  __aeabi_i2d                           
2001ab6f  raise                                 
2001ab9d  CameraIntEnable                       
2001abc9  DmaSpiSwIntHandler                    
2001abf5  I2CMasterErr                          
2001ac21  PRCMSysResetCauseGet                  
2001ac4d  _SlDrvFlowContDeinit                  
2001ac79  _SlDrvFlowContInit                    
2001aca5  _sl_BuildAddress                      
2001accf  _Dclass                               
2001acf9  CameraIntStatus                       
2001ad21  PRCMPeripheralClkDisable              
2001ad49  strncat                               
2001ad71  sl_WlanSetMode                        
2001ad99  CameraThresholdSet                    
2001adbf  strncmp                               
2001ade5  CameraIntClear                        
2001ae09  IntUnregister                         
2001ae2d  UARTEnable                            
2001ae51  memmove                               
2001ae75  sl_Close                              
2001ae75  socketClose                           
2001ae99  sl_NetAppStart                        
2001aebd  sl_NetAppStop                         
2001aee1  sl_WlanProfileDel                     
2001af05  CameraCaptureStart                    
2001af27  I2CMasterSlaveAddrSet                 
2001af49  NwpRegisterInterruptHandler           
2001af6b  SPIReset                              
2001af8d  SPIWordCountSet                       
2001afaf  frexp                                 
2001afd1  memcmp                                
2001aff3  GPIOPinWrite                          
2001b015  IntRegister                           
2001b035  _SlDrvCmdSend                         
2001b055  _SlDrvDeviceEventHandler              
2001b075  memchr                                
2001b095  __aeabi_ui2d                          
2001b0b5  I2CMasterIntStatusEx                  
2001b0d3  UARTCharPut                           
2001b0f1  PinTypeI2C                            
2001b10d  _SlDrvObjDeInit                       
2001b129  memccpy                               
2001b145  UDMAStopTransfer                      
2001b145  uDMAChannelDisable                    
2001b161  uDMAChannelEnable                     
2001b17d  CopyPingResultsToReport               
2001b197  PinTypeCamera                         
2001b1b1  PinTypeUART                           
2001b1cb  SPIDmaDisable                         
2001b1e5  SPIDmaEnable                          
2001b1ff  SPIFIFODisable                        
2001b219  SPIFIFOEnable                         
2001b233  CameraReset                           
2001b24b  GPIOPinRead                           
2001b265  PRCMHibernateEnter                    
2001b27d  SPICSDisable                          
2001b295  SPICSEnable                           
2001b2ad  SPIDisable                            
2001b2c5  SPIEnable                             
2001b2dd  _args_main                            
2001b2f5  strcmp                                
2001b30d  CameraDMAEnable                       
2001b323  CameraIntRegister                     
2001b339  I2CMasterDataPut                      
2001b34f  I2CMasterEnable                       
2001b365  PRCMHIBRegRead                        
2001b37b  PRCMHIBRegWrite                       
2001b391  UARTCharGet                           
2001b3a7  _SlDrvShiftDWord                      
2001b3bd  _sl_Strlen                            
2001b3d3  strchr                                
2001b3e9  uDMAIntRegister                       
2001b3ff  CPUcpsie                              
2001b415  IntVTableBaseSet                      
2001b429  _register_unlock                      
2001b42f  _register_lock                        
2001b437  _nop                                  
2001b43d  strcpy                                
2001b451  strlen                                
2001b465  uDMAControlBaseSet                    
2001b479  uDMAIntClear                          
2001b48d  I2CMasterControl                      
2001b49f  I2CMasterIntClearEx                   
2001b4b1  I2CMasterTimeoutSet                   
2001b4c3  sl_NetAppMDNSUnRegisterService        
2001b4d5  uDMAIntUnregister                     
2001b4e9  NwpMaskInterrupt                      
2001b4f9  SL_FD_SET                             
2001b509  I2CMasterDataGet                      
2001b517  __TI_decompress_none                  
2001b525  ResetISR                              
2001b535  NwpUnMaskInterrupt                    
2001b541  __TI_zero_init                        
2001b54d  uDMADisable                           
2001b559  uDMAEnable                            
2001b565  uDMAIntStatus                         
2001b571  IntMasterEnable                       
2001b57b  sl_WlanDisconnect                     
2001b583  MT9D111Delay                          
2001b589  SL_FD_ZERO                            
2001b58f  UtilsDelay                            
2001b595  __TI_decompress_rle24                 
2001b59b  log                                   
2001b5a1  logf                                  
2001b5a7  sinf                                  
2001b5ad  __abort_execution                     
2001b5b1  _system_pre_init                      
2001b6f4  _ctypes_                              
2001b8fc  _SlPolicySetCmdCtrl                   
2001b900  _SlPolicyGetCmdCtrl                   
2001b904  _SlProfileGetCmdCtrl                  
2001b908  _SlProfileDelCmdCtrl                  
2001b90c  _SlWlanGetNetworkListCtrl             
2001b910  _SlRxFilterAddtCmdCtrl                
2001b914  _SlRxFilterSetCmdCtrl                 
2001b918  _SlRxFilterGetCmdCtrl                 
2001b91c  _SlSmartConfigStartCmdCtrl            
2001b920  _SlWlanSetModeCmdCtrl                 
2001b924  _SlWlanCfgSetCmdCtrl                  
2001b928  _SlWlanCfgGetCmdCtrl                  
2001bef8  g_H2NSyncPattern                      
2001bf00  g_H2NCnysPattern                      
2001bf08  _SlActionLookupTable                  
2001c088  _SlFsOpenCmdCtrl                      
2001c08c  _SlFsCloseCmdCtrl                     
2001c090  _SlFsReadCmdCtrl                      
2001c094  _SlFsWriteCmdCtrl                     
2001c098  _SlFsGetInfoCmdCtrl                   
2001c09c  _SlFsDeleteCmdCtrl                    
2001c138  _SlSockSocketCmdCtrl                  
2001c13c  _SlSockCloseCmdCtrl                   
2001c140  _SlRecvfomCmdCtrl                     
2001c144  _SlSendCmdCtrl                        
2001c148  _SlListenCmdCtrl                      
2001c14c  _SlAcceptCmdCtrl                      
2001c150  _SlRecvCmdCtrl                        
2001c154  _SlSetSockOptCmdCtrl                  
2001c158  _SlGetSockOptCmdCtrl                  
2001c15c  _SlSelectCmdCtrl                      
2001c290  _SlNetAppStartCtrl                    
2001c294  _SlNetAppStopCtrl                     
2001c298  _SlGetServiceListeCtrl                
2001c29c  _SlRegisterServiceCtrl                
2001c2a0  _SlGetHostByServiceCtrl               
2001c2a4  _SlGetHostByNameCtrl                  
2001c2a8  _SlNetAppSetCmdCtrl                   
2001c2ac  _SlNetAppSendTokenValueCmdCtrl        
2001c2b0  _SlNetAppGetCmdCtrl                   
2001c38c  g_deviceClientVersion                 
2001c3e4  _SlStopCmdCtrl                        
2001c3e8  _SlEventMaskSetCmdCtrl                
2001c3ec  _SlEventMaskGetCmdCtrl                
2001c3f0  _SlDeviceGetCmdCtrl                   
2001c3f4  _SlDeviceSetCmdCtrl                   
2001c3f8  pcDigits                              
2001c404  _SlNetCfgSetCmdCtrl                   
2001c408  _SlNetCfgGetCmdCtrl                   
2001c410  __TI_static_base__                    
2001cfdc  __TI_Handler_Table_Base               
2001cfe8  __TI_Handler_Table_Limit              
2001cff0  __TI_CINIT_Base                       
2001d000  __TI_CINIT_Limit                      
2001e000  g_image_buffer                        
20032000  thisMagBuffer                         
20032b58  thisMagCal                            
20032f70  thisMag                               
20032fc8  clientStateFileName                   
20033000  gpCtlTbl                              
20033400  g_NetEntries                          
20033770  __CIOBUF_                             
20033890  gfpAppCallbackHndl                    
20033a58  thisSV_6DOF_GB_BASIC                  
20033b04  __TI_tmpnams                          
20033ba4  xQueueRegistry                        
20033bf4  g_cWlanSecurityKey                    
20033c28  thisAccel                             
20033c5c  g_cWlanSSID                           
20033c80  g_ucConnectionSSID                    
20033cc0  g_flag_blockFull                      
20033d38  ang_buf                               
20033d48  globals                               
20033d58  mqxglobals                            
20033d68  g_SecParams                           
20033d74  g_ucConnectionBSSID                   
20033d84  angle_avg                             
20033d88  angle_reading_del1                    
20033d8c  angle_reading_del2                    
20033d90  angle_reading_del3                    
20033d94  angle_reading_del4                    
20033d98  dataBuffer                            
20033d9c  g_block_lastFilled                    
20033da0  g_cWlanSecurityType                   
20033da4  g_frame_size_in_bytes                 
20033da8  g_header_length                       
20033dac  g_position_in_block                   
20033db0  g_readHeader                          
20033dc0  avg_buffer_cnt                        
20033dc1  cnt_prakz2                            
20033dc3  g_flag_DataBlockFilled                
20033dc4  g_flag_door_closing_45degree          
20033dc5  g_frame_end                           
20033dc6  iDone                                 
20033dc7  isitfirsttime                         
20033dc8  open1_close0_invalid2                 
20033dc9  valid_case                            
20033dd0  _sys_memory                           
ffffffff  __binit__                             
ffffffff  __c_args__                            
ffffffff  binit                                 
UNDEFED   SHT$$INIT_ARRAY$$Base                 
UNDEFED   SHT$$INIT_ARRAY$$Limit                

[849 symbols]
