******************************************************************************
                  TI ARM Linker PC v5.2.2                      
******************************************************************************
>> Linked Wed Jul 15 20:29:33 2015

OUTPUT FILE NAME:   <ULP_SEC_CAM.out>
ENTRY POINT SYMBOL: "_c_int00"  address: 2001d3e9


MEMORY CONFIGURATION

         name            origin    length      used     unused   attr    fill
----------------------  --------  ---------  --------  --------  ----  --------
  SRAM_BOOTLDR          20000000   00004000  00001938  000026c8  RW X
  SRAM_CODE             20004000   0001e300  0001be43  000024bd  RW X
  SRAM_DATA             20022300   0001dd00  0001c2fc  00001a04  RW X


SEGMENT ALLOCATION MAP

run origin  load origin   length   init length attrs members
----------  ----------- ---------- ----------- ----- -------
20000000    20000000    00000938   00000000    rw-
  20000000    20000000    00000938   00000000    rw- .data
20003000    20003000    00001000   00000000    rw-
  20003000    20003000    00001000   00000000    rw- .stack
20004000    20004000    0001be48   0001be48    r-x
  20004000    20004000    00000400   00000400    r-- .intvecs
  20004400    20004400    0001a540   0001a540    r-x .text
  2001e940    2001e940    00000fd3   00000fd3    r-- .const
  2001f918    2001f918    00000530   00000530    r-- .cinit
20022400    20022400    0001c300   00000000    rw-
  20022400    20022400    000172fc   00000000    rw- .bss
  20039700    20039700    00005000   00000000    rw- .sysmem


SECTION ALLOCATION MAP

 output                                  attributes/
section   page    origin      length       input sections
--------  ----  ----------  ----------   ----------------
.data      0    20000000    00000938     UNINITIALIZED
                  20000000    000003c9     cc3200_certificate.obj (.data:DigiCertHighAssuranceEVRootCA_der)
                  200003c9    00000001     tasks.obj (.data)
                  200003ca    00000002     --HOLE--
                  200003cc    000000f0     rtsv7M4_T_le_eabi.lib : defs.obj (.data:_ftable)
                  200004bc    000000d0                           : lowlev.obj (.data)
                  2000058c    000000b0                           : signal.obj (.data:sigtable)
                  2000063c    00000004     cc3200_certificate.obj (.data)
                  20000640    00000080     rtsv7M4_T_le_eabi.lib : xvalues.obj (.data)
                  200006c0    00000068                           : xfvalues.obj (.data)
                  20000728    00000064     network_relater_fns.obj (.data:Token)
                  2000078c    00000064     network_relater_fns.obj (.data:Value)
                  200007f0    0000003c     main.obj (.data:g_token_get)
                  2000082c    00000034     free_rtos.a : tasks.obj (.data)
                  20000860    00000028     main.obj (.data)
                  20000888    00000018     cc3200_utils.obj (.data)
                  200008a0    00000018     request.obj (.data)
                  200008b8    00000010     rtsv7M4_T_le_eabi.lib : defs.obj (.data)
                  200008c8    0000000c     free_rtos.a : osi_freertos.obj (.data)
                  200008d4    0000000c     rtsv7M4_T_le_eabi.lib : memory.obj (.data)
                  200008e0    00000009     simplelink.a : cc_pal.obj (.data)
                  200008e9    00000003     --HOLE--
                  200008ec    00000009                  : driver.obj (.data)
                  200008f5    00000003     --HOLE--
                  200008f8    00000008     camera_app.obj (.data)
                  20000900    00000008     rtsv7M4_T_le_eabi.lib : _lock.obj (.data)
                  20000908    00000008                           : exit.obj (.data)
                  20000910    00000008                           : feraiseexcept.obj (.data)
                  20000918    00000006     http.obj (.data)
                  2000091e    00000002     --HOLE--
                  20000920    00000004     free_rtos.a : port.obj (.data)
                  20000924    00000004     ota.a : OtaHttp.obj (.data)
                  20000928    00000004     rtsv7M4_T_le_eabi.lib : errno.obj (.data)
                  2000092c    00000004                           : fopen.obj (.data)
                  20000930    00000004                           : rand.obj (.data)
                  20000934    00000004                           : stkdepth_vars.obj (.data)

.TI.persistent 
*          0    20000000    00000000     UNINITIALIZED

.stack     0    20003000    00001000     UNINITIALIZED
                  20003000    00001000     --HOLE--

.intvecs   0    20004000    00000400     
                  20004000    00000400     startup_ccs.obj (.intvecs)

.text      0    20004400    0001a540     
                  20004400    00001258     free_rtos.a : tasks.obj (.text)
                  20005658    000010a6     rtsv7M4_T_le_eabi.lib : _printfi.obj (.text)
                  200066fe    00000002     startup_ccs.obj (.text:BusFaultHandler)
                  20006700    00000b24     free_rtos.a : queue.obj (.text)
                  20007224    00000a08     magnetic.obj (.text:fUpdateCalibration10EIG)
                  20007c2c    00000788     magnetic.obj (.text:fUpdateCalibration4INV)
                  200083b4    00000694     magnetic.obj (.text:fUpdateCalibration7EIG)
                  20008a48    00000688     matrix.obj (.text:eigencompute)
                  200090d0    00000610     ota.a : OtaHttp.obj (.text)
                  200096e0    000005ec     simplelink.a : driver.obj (.text:_SlDrvMsgRead)
                  20009ccc    00000584     magnetic.obj (.text:iUpdateMagnetometerBuffer)
                  2000a250    000004e4     camera_app.obj (.text:CaptureAndStore_Image)
                  2000a734    000004dc     network_relater_fns.obj (.text:SimpleLinkHttpServerCallback)
                  2000ac10    000004be     cc3200_utils.obj (.text:createNewInstallationId)
                  2000b0ce    00000002     startup_ccs.obj (.text:FaultISR)
                  2000b0d0    0000045c     free_rtos.a : osi_freertos.obj (.text)
                  2000b52c    0000044c     request.obj (.text:buildRequestHeaders)
                  2000b978    00000424     ota.a : OtaClient.obj (.text)
                  2000bd9c    0000040c           : OtaApp.obj (.text)
                  2000c1a8    000003dc     rtsv7M4_T_le_eabi.lib : memory.obj (.text)
                  2000c584    000003b8     matrix.obj (.text:fmatrixAeqInvA)
                  2000c93c    0000039c     network_relater_fns.obj (.text:SimpleLinkWlanEventHandler)
                  2000ccd8    00000378     rtsv7M4_T_le_eabi.lib : powf.obj (.text)
                  2000d050    0000035c     ota.a : CdnClient.obj (.text)
                  2000d3ac    00000354     orientation.obj (.text:feCompassAndroid)
                  2000d700    00000354     orientation.obj (.text:feCompassWin8)
                  2000da54    00000350     orientation.obj (.text:feCompassNED)
                  2000dda4    00000338     ota.a : LogClient.obj (.text)
                  2000e0dc    00000324     tasks.obj (.text:MagCal_Run)
                  2000e400    0000030c     rtsv7M4_T_le_eabi.lib : lowlev.obj (.text)
                  2000e70c    000002d4                           : trgdrv.obj (.text)
                  2000e9e0    000002c0     network_relater_fns.obj (.text:ConfigureSimpleLinkToDefaultState)
                  2000eca0    000002a4     wifi_provisioning_thruAPmode.obj (.text:WiFiProvisioning)
                  2000ef44    00000298     rtsv7M4_T_le_eabi.lib : vla_alloc.obj (.text)
                  2000f1dc    0000026e     simplejson.obj (.text:simpleJsonProcessor)
                  2000f44a    00000002     driverlib.a : interrupt.obj (.text:IntDefaultHandler)
                  2000f44c    0000026c     mt9d111.obj (.text:RegLstWrite)
                  2000f6b8    00000254     lightSens_isl29035.obj (.text:configureISL29035)
                  2000f90c    00000248     simplelink.a : driver.obj (.text:_SlDrvRxHdrRead)
                  2000fb54    00000244     wifi_provisioning_thruAPmode.obj (.text:User_Configure)
                  2000fd98    00000244     simplelink.a : wlan.obj (.text:sl_WlanConnect)
                  2000ffdc    00000218     request.obj (.text:payloadSend)
                  200101f4    0000020c     ota.obj (.text:OTA_Run)
                  20010400    000001f8     algorithm_basic.obj (.text:check_doorpos)
                  200105f8    000001f4     rtsv7M4_T_le_eabi.lib : ull_div_t2.obj (.text)
                  200107ec    000001ec     wifi_provisioning_thruAPmode.obj (.text:CalibrateMagSensor)
                  200109d8    000001ec     collect_and_txit.obj (.text:CollectTxit_ImgTempRH)
                  20010bc4    000001e0     main_FXOS8700.obj (.text:angleCheck_Initializations)
                  20010da4    000001d0     simplelink.a : driver.obj (.text:_SlDrvReleasePoolObj)
                  20010f74    000001cc                  : driver.obj (.text:_SlDrvMsgWrite)
                  20011140    000001c4     tasks.obj (.text:RdSensData_Run)
                  20011304    000001c4     rtsv7M4_T_le_eabi.lib : fopen.obj (.text)
                  200114c8    000001c0     magnetic.obj (.text:fInvertMagCal)
                  20011688    000001bc     rtsv7M4_T_le_eabi.lib : xflog.obj (.text)
                  20011844    000001b8     UserConfig_Task.obj (.text:UserConfigure_Task)
                  200119fc    000001b6     rtsv7M4_T_le_eabi.lib : fd_add_t2.obj (.text)
                  20011bb2    00000002     startup_ccs.obj (.text:IntDefaultHandler)
                  20011bb4    000001a4     orientation.obj (.text:fQuaternionFromRotationMatrix)
                  20011d58    000001a4     cc3200_socket.obj (.text:socketSslConnect)
                  20011efc    000001a0     camera_app.obj (.text:CameraIntHandler)
                  2001209c    0000019c     rtsv7M4_T_le_eabi.lib : xfsin.obj (.text)
                  20012238    00000198     network_relater_fns.obj (.text:initNetwork)
                  200123d0    00000190     wifi_provisioning_thruAPmode.obj (.text:AccessPtMode_HTTPServer_Start)
                  20012560    00000190     simplelink.a : driver.obj (.text:_SlDrvWaitForPoolObj)
                  200126f0    0000018c     parse_uploads.obj (.text:ConstructDeviceStateObject)
                  2001287c    0000018c     request.obj (.text:sendRequest)
                  20012a08    00000188     matrix.obj (.text:f3x3matrixAeqInvSymB)
                  20012b90    00000184     flc.a : flc.obj (.text)
                  20012d14    00000180     orientation.obj (.text:fWin8AnglesDegFromRotationMatrix)
                  20012e94    00000178     rtsv7M4_T_le_eabi.lib : tanf.obj (.text)
                  2001300c    00000178                           : xfexp.obj (.text)
                  20013184    00000174     simplelink.a : driver.obj (.text:_SlDrvDriverCBInit)
                  200132f8    00000174     magnetic.obj (.text:fInitMagCalibration)
                  2001346c    00000170     network_relater_fns.obj (.text:SimpleLinkNetAppEventHandler)
                  200135dc    00000170     simplelink.a : driver.obj (.text:_SlFindAndSetActiveObj)
                  2001374c    00000168     ota.obj (.text:OTAServerInfoSet)
                  200138b4    00000165     network_relater_fns.obj (.text:SimpleLinkSockEventHandler)
                  20013a19    00000001     --HOLE-- [fill = 0]
                  20013a1a    00000002     startup_ccs.obj (.text:NmiSR)
                  20013a1c    00000160     tasks.obj (.text:Fusion_Run)
                  20013b7c    0000015c     hibernate_related_fns.obj (.text:HIBernate)
                  20013cd8    00000158     drivers.obj (.text:FXOS8700_Init)
                  20013e30    00000158     main.obj (.text:main)
                  20013f88    00000158     orientation.obj (.text:qAeqAxB)
                  200140e0    00000158     orientation.obj (.text:qconjgAxB)
                  20014238    00000150     wifi_provisioning_thruAPmode.obj (.text:CollectAngle)
                  20014388    00000150     simplelink.a : cc_pal.obj (.text:spi_Open)
                  200144d8    00000144     fusion.obj (.text:fRun_6DOF_GB_BASIC)
                  2001461c    0000013c     rtsv7M4_T_le_eabi.lib : fmodf.obj (.text)
                  20014758    0000013c     simplelink.a : socket.obj (.text:sl_Select)
                  20014894    00000138     i2cconfig.obj (.text:I2CBufferRead)
                  200149cc    00000138     mt9d111.obj (.text:Register_Read)
                  20014b04    00000138     orientation.obj (.text:fLPFOrientationQuaternion)
                  20014c3c    00000138     orientation.obj (.text:fRotationMatrixFromQuaternion)
                  20014d74    00000138     i2c_app.obj (.text:i2cWriteRegisters)
                  20014eac    00000136     rtsv7M4_T_le_eabi.lib : fd_div_t2.obj (.text)
                  20014fe2    00000002     main.obj (.text:vApplicationIdleHook)
                  20014fe4    00000134     driverlib.a : prcm.obj (.text:PRCMCC3200MCUInit)
                  20015118    00000134     rtsv7M4_T_le_eabi.lib : fputs.obj (.text)
                  2001524c    00000130     i2cconfig.obj (.text:I2CBufferWrite)
                  2001537c    0000012a     free_rtos.a : list.obj (.text)
                  200154a6    00000002     --HOLE-- [fill = 0]
                  200154a8    00000128     simplelink.a : driver.obj (.text:_SlDrvDataReadOp)
                  200155d0    00000128     tempRHSens_si7020.obj (.text:getTempRH)
                  200156f8    00000118     network_relater_fns.obj (.text:ConnectToNetwork_STA)
                  20015810    00000116     drivers.obj (.text:FXOS8700_ReadData)
                  20015926    00000002     --HOLE-- [fill = 0]
                  20015928    00000110     free_rtos.a : port.obj (.text)
                  20015a38    00000110     rtsv7M4_T_le_eabi.lib : xdscale.obj (.text)
                  20015b48    00000110     lightSens_isl29035.obj (.text:verifyISL29035)
                  20015c58    00000110     tempRHSens_si7020.obj (.text:verifyTempRHSensor)
                  20015d68    0000010c     flash_files.obj (.text:WriteFile_ToFlash)
                  20015e74    00000108     simplelink.a : socket.obj (.text:sl_Connect)
                  20015f7c    00000108                  : socket.obj (.text:sl_Send)
                  20016084    00000104     dbgFns.obj (.text:Check_I2CDevices)
                  20016188    00000104     simplelink.a : driver.obj (.text:_SlDrvDataWriteOp)
                  2001628c    00000104     i2c_app.obj (.text:i2cReadRegistersTwoBytes)
                  20016390    00000104     simplelink.a : netapp.obj (.text:sl_NetAppDnsGetHostByName)
                  20016494    00000100     i2c_app.obj (.text:i2cReadRegisters)
                  20016594    00000100     cc3200_client_state.obj (.text:loadClientState)
                  20016694    000000fe     simplelink.a : netapp.obj (.text:_SlDrvNetAppEventHandler)
                  20016792    00000002     --HOLE-- [fill = 0]
                  20016794    000000fc     pinmux.obj (.text:PinMuxConfig)
                  20016890    000000fc     orientation.obj (.text:fqAeqNormqA)
                  2001698c    000000fc     rtsv7M4_T_le_eabi.lib : fd_mul_t2.obj (.text)
                  20016a88    000000fa                           : fs_add_t2.obj (.text)
                  20016b82    00000002     --HOLE-- [fill = 0]
                  20016b84    000000f8     cc3200_certificate.obj (.text:ensureCertificateFile)
                  20016c7c    000000f8     orientation.obj (.text:fAndroidAnglesDegFromRotationMatrix)
                  20016d74    000000f8     orientation.obj (.text:fNEDAnglesDegFromRotationMatrix)
                  20016e6c    000000f4     Main_Task.obj (.text:Main_Task_withHibernate)
                  20016f60    000000f4     simplelink.a : driver.obj (.text:_SlDrvDriverCBDeinit)
                  20017054    000000f4     installation.obj (.text:getInstallation)
                  20017148    000000f4     simplelink.a : fs.obj (.text:sl_FsRead)
                  2001723c    000000f4     accelomtrMagntomtr_fxos8700.obj (.text:verifyAccelMagnSensor)
                  20017330    000000f2     cc3200_socket.obj (.text:socketRead)
                  20017422    00000002     --HOLE-- [fill = 0]
                  20017424    000000f0     camera_app.obj (.text:DMAConfig)
                  20017514    000000f0     driverlib.a : udma.obj (.text:uDMAChannelTransferSet)
                  20017604    000000ec     orientation.obj (.text:fRotationVectorDegFromQuaternion)
                  200176f0    000000ec     simplelink.a : fs.obj (.text:sl_FsWrite)
                  200177dc    000000e8     appFns_BatteryLevelSense.obj (.text:Get_BatteryPercent)
                  200178c4    000000e1     parse_uploads.obj (.text:Get_FridgeCamID)
                  200179a5    00000003     --HOLE-- [fill = 0]
                  200179a8    000000e0     flash_files.obj (.text:ReadFile_FromFlash)
                  20017a88    000000e0     camera_app.obj (.text:Start_CameraCapture)
                  20017b68    000000dc     ota.obj (.text:OTA_CommitImage)
                  20017c44    000000dc     rtsv7M4_T_le_eabi.lib : setvbuf.obj (.text)
                  20017d20    000000dc     simplelink.a : cc_pal.obj (.text:spi_Read)
                  20017dfc    000000d8                  : driver.obj (.text:_SlDrvClassifyRxMsg)
                  20017ed4    000000d8     rtsv7M4_T_le_eabi.lib : xfatan.obj (.text)
                  20017fac    000000d4     simplelink.a : device.obj (.text:sl_Stop)
                  20018080    000000d0     rtsv7M4_T_le_eabi.lib : xfdscale.obj (.text)
                  20018150    000000cc     approximations.obj (.text:fatan_deg)
                  2001821c    000000cc     rtsv7M4_T_le_eabi.lib : sqrtf.obj (.text)
                  200182e8    000000c8     simplelink.a : netapp.obj (.text:_sl_HandleAsync_DnsGetHostByService)
                  200183b0    000000c8     rtsv7M4_T_le_eabi.lib : fflush.obj (.text)
                  20018478    000000c4     mt9d111.obj (.text:EnterStandby_mt9d111)
                  2001853c    000000c4     mt9d111.obj (.text:ExitStandby_mt9d111)
                  20018600    000000c4     simplelink.a : driver.obj (.text:_SlRemoveFromList)
                  200186c4    000000c0     i2c_if.obj (.text:I2C_IF_Read)
                  20018784    000000c0     wifi_provisioning_thruAPmode.obj (.text:WlanConnect)
                  20018844    000000be     rtsv7M4_T_le_eabi.lib : xdnorm.obj (.text)
                  20018902    00000002     --HOLE-- [fill = 0]
                  20018904    000000bc     i2c_if.obj (.text:I2C_IF_Write)
                  200189c0    000000bc     simplelink.a : driver.obj (.text:_SlDrvMsgReadCmdCtx)
                  20018a7c    000000bc     tempRHSens_si7020.obj (.text:configureTempRHSensor)
                  20018b38    000000bc     rtsv7M4_T_le_eabi.lib : acosf.obj (.text)
                  20018bf4    000000bc     simplelink.a : device.obj (.text:sl_Start)
                  20018cb0    000000ba     free_rtos.a : portasm.obj (.text)
                  20018d6a    00000002     --HOLE-- [fill = 0]
                  20018d6c    000000b8     simplelink.a : driver.obj (.text:_SlAsyncEventGenericHandler)
                  20018e24    000000b8     installation.obj (.text:createInstallation)
                  20018edc    000000b4     simplelink.a : netapp.obj (.text:sl_NetAppMDNSRegisterUnregisterService)
                  20018f90    000000b0     app_common.obj (.text:intToASCII)
                  20019040    000000ac     mt9d111.obj (.text:Verify_ImageSensor)
                  200190ec    000000ac     rtsv7M4_T_le_eabi.lib : _io_perm.obj (.text)
                  20019198    000000ab     installation.obj (.text:getInstallationByIdCallback)
                  20019243    00000001     --HOLE-- [fill = 0]
                  20019244    000000aa     uartA1_if.obj (.text:Report)
                  200192ee    00000002     --HOLE-- [fill = 0]
                  200192f0    000000a8     driverlib.a : interrupt.obj (.text:IntDisable)
                  20019398    000000a8                 : interrupt.obj (.text:IntEnable)
                  20019440    000000a8     parse_uploads.obj (.text:UploadImageToParse)
                  200194e8    000000a8     simplelink.a : netcfg.obj (.text:sl_NetCfgGet)
                  20019590    000000a4     app_common.obj (.text:LED_Blink)
                  20019634    000000a0     driverlib.a : spi.obj (.text:SPIConfigSetExpClk)
                  200196d4    000000a0     cc3200_socket.obj (.text:socketWrite)
                  20019774    0000009e     matrix.obj (.text:f3x3matrixDetA)
                  20019812    00000002     --HOLE-- [fill = 0]
                  20019814    0000009c     simplelink.a : driver.obj (.text:_SlDrvMsgReadSpawnCtx)
                  200198b0    0000009c     approximations.obj (.text:fatan2_deg)
                  2001994c    0000009c     rtsv7M4_T_le_eabi.lib : memcpy_t2.obj (.text)
                  200199e8    0000009c     simplelink.a : device.obj (.text:sl_DevGet)
                  20019a84    00000098     camera_app.obj (.text:Config_CameraCapture)
                  20019b1c    00000098     simplelink.a : fs.obj (.text:_sl_GetCreateFsMode)
                  20019bb4    00000098     rtsv7M4_T_le_eabi.lib : fclose.obj (.text)
                  20019c4c    00000098                           : fputc.obj (.text)
                  20019ce4    00000094     driverlib.a : prcm.obj (.text:PRCMPeripheralClockGet)
                  20019d78    00000094     approximations.obj (.text:facos_deg)
                  20019e0c    00000094     lightSens_isl29035.obj (.text:getLightsensor_data)
                  20019ea0    00000094     rtsv7M4_T_le_eabi.lib : snprintf.obj (.text)
                  20019f34    00000092     parse_impl.obj (.text:parseInitialize)
                  20019fc6    00000092     rtsv7M4_T_le_eabi.lib : fs_div_t2.obj (.text)
                  2001a058    00000090     ImageCaptureConfigs_Task.obj (.text:ImageSensor_CaptureConfigs_Task)
                  2001a0e8    00000090     network_relater_fns.obj (.text:InitializeUserConfigVariables)
                  2001a178    00000090     parse_uploads.obj (.text:UploadSensorDataToParse)
                  2001a208    0000008c     simplelink.a : cc_pal.obj (.text:SetupDMAReceive)
                  2001a294    0000008c                  : cc_pal.obj (.text:SetupDMASend)
                  2001a320    0000008c                  : netapp.obj (.text:_sl_HandleAsync_DnsGetHostByName)
                  2001a3ac    0000008c                  : netapp.obj (.text:_sl_HandleAsync_PingResponse)
                  2001a438    0000008c     rtsv7M4_T_le_eabi.lib : xfdint.obj (.text)
                  2001a4c4    0000008c     simplelink.a : cc_pal.obj (.text:spi_Write)
                  2001a550    00000088     driverlib.a : prcm.obj (.text:PRCMHibernateIntervalSet)
                  2001a5d8    00000088                 : pin.obj (.text:PinConfigSet)
                  2001a660    00000088     rtsv7M4_T_le_eabi.lib : vsnprintf.obj (.text)
                  2001a6e8    00000088     simplelink.a : fs.obj (.text:sl_FsClose)
                  2001a770    00000086     rtsv7M4_T_le_eabi.lib : fd_cmp_t2.obj (.text:__aeabi_cdcmple)
                  2001a7f6    00000086                           : fd_cmp_t2.obj (.text:__aeabi_cdrcmple)
                  2001a87c    00000084     timer_if.obj (.text:GetPeripheralIntNum)
                  2001a900    00000084     driverlib.a : i2c.obj (.text:I2CMasterInitExpClk)
                  2001a984    00000084     simplelink.a : cc_pal.obj (.text:NwpPowerOnPreamble)
                  2001aa08    00000084     matrix.obj (.text:f3x3matrixAeqI)
                  2001aa8c    00000084     fusion.obj (.text:fInit_6DOF_GB_BASIC)
                  2001ab10    00000080     camera_app.obj (.text:Standby_ImageSensor)
                  2001ab90    00000080     simplelink.a : driver.obj (.text:_SlDrvCmdOp)
                  2001ac10    00000080                  : cc_pal.obj (.text:spi_Read_CPU)
                  2001ac90    00000080                  : cc_pal.obj (.text:spi_Write_CPU)
                  2001ad10    0000007c     network_relater_fns.obj (.text:ConfigureMode)
                  2001ad8c    0000007c     simplelink.a : device.obj (.text:_sl_HandleAsync_InitComplete)
                  2001ae08    0000007c     matrix.obj (.text:fmatrixAeqI)
                  2001ae84    0000007c     simplelink.a : fs.obj (.text:sl_FsGetInfo)
                  2001af00    0000007a     rtsv7M4_T_le_eabi.lib : fs_mul_t2.obj (.text)
                  2001af7a    0000007a                           : memset_t2.obj (.text)
                  2001aff4    0000007a                           : xfdnorm.obj (.text)
                  2001b06e    00000002     --HOLE-- [fill = 0]
                  2001b070    00000078     i2c_if.obj (.text:I2CTransact)
                  2001b0e8    00000078     parse_uploads.obj (.text:InitialiseParse)
                  2001b160    00000078     simplelink.a : socket.obj (.text:_sl_HandleAsync_Connect)
                  2001b1d8    00000078                  : fs.obj (.text:sl_FsOpen)
                  2001b250    00000078                  : cc_pal.obj (.text:spi_Close)
                  2001b2c8    00000076     driverlib.a : uart.obj (.text:UARTConfigSetExpClk)
                  2001b33e    00000002     --HOLE-- [fill = 0]
                  2001b340    00000074     camera_app.obj (.text:Wakeup_ImageSensor)
                  2001b3b4    00000074     simplelink.a : socket.obj (.text:sl_Recv)
                  2001b428    00000073     installation.obj (.text:getInstallationCallback)
                  2001b49b    00000001     --HOLE-- [fill = 0]
                  2001b49c    00000072     timer_if.obj (.text:Timer_IF_IntSetup)
                  2001b50e    00000002     --HOLE-- [fill = 0]
                  2001b510    00000070     batteryVoltLvlSens_adc081c021.obj (.text:Get_BatteryVoltageLevel_ADC081C021)
                  2001b580    00000070     timer_fns.obj (.text:get_timeDuration)
                  2001b5f0    0000006c     camera_app.obj (.text:CamControllerInit)
                  2001b65c    0000006c     udma_if.obj (.text:UDMAInit)
                  2001b6c8    0000006c     simplelink.a : driver.obj (.text:_SlDrvCmdSend)
                  2001b734    0000006c     matrix.obj (.text:f3x3matrixAeqMinusA)
                  2001b7a0    0000006c     request.obj (.text:parseSendRequestInternal)
                  2001b80c    0000006c     rtsv7M4_T_le_eabi.lib : autoinit.obj (.text)
                  2001b878    0000006c                           : fprintf.obj (.text)
                  2001b8e4    0000006a     matrix.obj (.text:f3x3matrixAeqAxScalar)
                  2001b94e    0000006a     rtsv7M4_T_le_eabi.lib : copy_decompress_rle.obj (.text)
                  2001b9b8    00000069     http.obj (.text:beginHttpGetRequest)
                  2001ba21    00000003     --HOLE-- [fill = 0]
                  2001ba24    00000068     driverlib.a : prcm.obj (.text:PRCMHibernateWakeUpGPIOSelect)
                  2001ba8c    00000068     mt9d111.obj (.text:StartSensorInJpegMode)
                  2001baf4    00000068     simplelink.a : netapp.obj (.text:_sl_NetAppSendTokenValue)
                  2001bb5c    00000068     cc3200_utils.obj (.text:fetchDeviceOSVersion)
                  2001bbc4    00000068     rtsv7M4_T_le_eabi.lib : trgmsg.obj (.text)
                  2001bc2c    00000068     simplelink.a : device.obj (.text:sl_DevSet)
                  2001bc94    00000068                  : netcfg.obj (.text:sl_NetCfgSet)
                  2001bcfc    00000068                  : socket.obj (.text:sl_SetSockOpt)
                  2001bd64    00000068                  : wlan.obj (.text:sl_WlanSet)
                  2001bdcc    00000066     matrix.obj (.text:f3x3matrixAeqScalar)
                  2001be32    00000066     rtsv7M4_T_le_eabi.lib : xdunscal.obj (.text)
                  2001be98    00000064                           : fseek.obj (.text)
                  2001befc    00000064     cc3200_socket.obj (.text:socketWait)
                  2001bf60    00000064     tempRHSens_si7020.obj (.text:softResetTempRHSensor)
                  2001bfc4    00000064     driverlib.a : udma.obj (.text:uDMAChannelAttributeDisable)
                  2001c028    00000064                 : udma.obj (.text:uDMAChannelAttributeEnable)
                  2001c08c    00000060     rtsv7M4_T_le_eabi.lib : fs_cmp_t2.obj (.text:__aeabi_cfcmple)
                  2001c0ec    00000060                           : fs_cmp_t2.obj (.text:__aeabi_cfrcmple)
                  2001c14c    00000060     simplelink.a : socket.obj (.text:_sl_HandleAsync_Accept)
                  2001c1ac    00000060     main_FXOS8700.obj (.text:fxosDefault_Initializations)
                  2001c20c    00000060     accelomtrMagntomtr_fxos8700.obj (.text:getMagntData)
                  2001c26c    00000060     rtsv7M4_T_le_eabi.lib : sprintf.obj (.text)
                  2001c2cc    00000060     simplelink.a : wlan.obj (.text:sl_WlanPolicySet)
                  2001c32c    00000060     accelomtrMagntomtr_fxos8700.obj (.text:standby_accelMagn_fxos8700)
                  2001c38c    0000005c     ota.obj (.text:OTA_Init)
                  2001c3e8    0000005c     lightSens_isl29035.obj (.text:getLightsensor_intrptStatus)
                  2001c444    0000005c     simplelink.a : socket.obj (.text:sl_Socket)
                  2001c4a0    00000058     driverlib.a : interrupt.obj (.text:IntPendClear)
                  2001c4f8    00000058                 : prcm.obj (.text:PRCMPeripheralReset)
                  2001c550    00000056     rtsv7M4_T_le_eabi.lib : ltoa.obj (.text)
                  2001c5a6    00000056                           : xfdunsca.obj (.text)
                  2001c5fc    00000054     driverlib.a : interrupt.obj (.text:IntPrioritySet)
                  2001c650    00000054     simplelink.a : socket.obj (.text:_sl_HandleAsync_Select)
                  2001c6a4    00000054     approximations.obj (.text:fasin_deg)
                  2001c6f8    00000054     request.obj (.text:headerSend)
                  2001c74c    00000054     simplelink.a : wlan.obj (.text:sl_WlanRxFilterSet)
                  2001c7a0    00000051     installation.obj (.text:createInstallationCallback)
                  2001c7f1    00000003     --HOLE-- [fill = 0]
                  2001c7f4    00000050     i2c_if.obj (.text:I2C_IF_Open)
                  2001c844    00000050     simplelink.a : device.obj (.text:_sl_HandleAsync_Stop)
                  2001c894    00000050     mt9d111.obj (.text:disableAE)
                  2001c8e4    00000050     mt9d111.obj (.text:disableAWB)
                  2001c934    00000050     rtsv7M4_T_le_eabi.lib : fs_toull_t2.obj (.text)
                  2001c984    00000050     simplelink.a : fs.obj (.text:sl_FsDel)
                  2001c9d4    0000004c     tasks.obj (.text:RdSensData_Init)
                  2001ca20    0000004c     driverlib.a : spi.obj (.text:SPIIntEnable)
                  2001ca6c    0000004c     simplelink.a : driver.obj (.text:_SlDrvProtectAsyncRespSetting)
                  2001cab8    0000004c                  : driver.obj (.text:_SlDrvRxIrqHandler)
                  2001cb04    0000004c                  : socket.obj (.text:_sl_BuildAddress)
                  2001cb50    0000004c     rtsv7M4_T_le_eabi.lib : atoi.obj (.text)
                  2001cb9c    0000004c                           : atol.obj (.text)
                  2001cbe8    0000004c                           : cpy_tbl.obj (.text)
                  2001cc34    0000004c                           : rand.obj (.text)
                  2001cc80    0000004c     driverlib.a : udma.obj (.text:uDMAChannelAssign)
                  2001cccc    0000004a     rtsv7M4_T_le_eabi.lib : fd_tos_t2.obj (.text)
                  2001cd16    00000002     --HOLE-- [fill = 0]
                  2001cd18    00000048     driverlib.a : prcm.obj (.text:PRCMHibernateWakeupSourceDisable)
                  2001cd60    00000048                 : prcm.obj (.text:PRCMHibernateWakeupSourceEnable)
                  2001cda8    00000048                 : spi.obj (.text:SPIIntClear)
                  2001cdf0    00000048     simplelink.a : driver.obj (.text:_SlDrvBasicCmd)
                  2001ce38    00000048     http.obj (.text:addHttpRequestLine)
                  2001ce80    00000048     approximations.obj (.text:fatan_15deg)
                  2001cec8    00000048     rtsv7M4_T_le_eabi.lib : fd_toi_t2.obj (.text)
                  2001cf10    00000046                           : ldexp.obj (.text)
                  2001cf56    00000002     --HOLE-- [fill = 0]
                  2001cf58    00000044     driverlib.a : spi.obj (.text:SPIDmaMaskGet)
                  2001cf9c    00000044                 : timer.obj (.text:TimerConfigure)
                  2001cfe0    00000044     udma_if.obj (.text:UDMASetupTransfer)
                  2001d024    00000044     simplelink.a : cc_pal.obj (.text:cc_SetupTransfer)
                  2001d068    00000044     main_FXOS8700.obj (.text:fxos_Calibration)
                  2001d0ac    00000044     rtsv7M4_T_le_eabi.lib : exit.obj (.text)
                  2001d0f0    00000044                           : fd_tou_t2.obj (.text)
                  2001d134    00000043     ota.obj (.text:OTA_Update)
                  2001d177    00000001     --HOLE-- [fill = 0]
                  2001d178    00000042     simplelink.a : socket.obj (.text:sl_Htonl)
                  2001d1ba    00000002     --HOLE-- [fill = 0]
                  2001d1bc    00000040     driverlib.a : pin.obj (.text:PinModeSet)
                  2001d1fc    00000040     http.obj (.text:getHttpResponseBody)
                  2001d23c    00000040     rtsv7M4_T_le_eabi.lib : signal.obj (.text)
                  2001d27c    0000003e     appfile_lightSensor.obj (.text:IsLightOff)
                  2001d2ba    0000003e     rtsv7M4_T_le_eabi.lib : strncasecmp.obj (.text)
                  2001d2f8    0000003c     simplelink.a : netapp.obj (.text:CopyPingResultsToReport)
                  2001d334    0000003c     tasks.obj (.text:Fusion_Init)
                  2001d370    0000003c     driverlib.a : prcm.obj (.text:PRCMPeripheralClkEnable)
                  2001d3ac    0000003c     simplelink.a : socket.obj (.text:_sl_TruncatePayloadByProtocol)
                  2001d3e8    0000003c     rtsv7M4_T_le_eabi.lib : boot.obj (.text)
                  2001d424    0000003c     simplelink.a : socket.obj (.text:sl_Htons)
                  2001d460    0000003c     timer_fns.obj (.text:start_100mSecTimer)
                  2001d49c    0000003c     driverlib.a : udma.obj (.text:uDMAChannelControlSet)
                  2001d4d8    0000003a                 : camera.obj (.text:CameraCaptureStop)
                  2001d512    0000003a                 : camera.obj (.text:CameraXClkConfig)
                  2001d54c    0000003a     orientation.obj (.text:fLPFScalar)
                  2001d586    0000003a     request.obj (.text:parseSendRequest)
                  2001d5c0    00000039     http.obj (.text:addHttpRequestHeader)
                  2001d5f9    00000003     --HOLE-- [fill = 0]
                  2001d5fc    00000038     simplelink.a : cc_pal.obj (.text:NwpPowerOff)
                  2001d634    00000038     free_rtos.a : heap_3.obj (.text)
                  2001d66c    00000038     rtsv7M4_T_le_eabi.lib : fs_tod_t2.obj (.text)
                  2001d6a4    00000038                           : fs_toi_t2.obj (.text)
                  2001d6dc    00000038                           : i_tofs_t2.obj (.text)
                  2001d714    00000036     driverlib.a : gpio.obj (.text:GPIODirModeSet)
                  2001d74a    00000036     simplelink.a : netapp.obj (.text:sl_NetAppMDNSUnRegisterService)
                  2001d780    00000035     http.obj (.text:beginHttpRequest)
                  2001d7b5    00000001     --HOLE-- [fill = 0]
                  2001d7b6    00000034     driverlib.a : camera.obj (.text:CameraParamsConfig)
                  2001d7ea    00000002     --HOLE-- [fill = 0]
                  2001d7ec    00000034                 : prcm.obj (.text:PRCMPeripheralStatusGet)
                  2001d820    00000034                 : spi.obj (.text:SPIFIFOLevelSet)
                  2001d854    00000034     http.obj (.text:getHttpResponseStatus)
                  2001d888    00000034     main_FXOS8700.obj (.text:get_angle)
                  2001d8bc    00000034     rtsv7M4_T_le_eabi.lib : feraiseexcept.obj (.text)
                  2001d8f0    00000034                           : fs_tou_t2.obj (.text)
                  2001d924    00000034                           : strstr.obj (.text)
                  2001d958    00000032     timer_if.obj (.text:Timer_IF_Init)
                  2001d98a    00000030     driverlib.a : pin.obj (.text:PinTypeGPIO)
                  2001d9ba    00000002     --HOLE-- [fill = 0]
                  2001d9bc    00000030                 : uart.obj (.text:UARTDisable)
                  2001d9ec    00000030     simplelink.a : device.obj (.text:_SlDrvDeviceEventHandler)
                  2001da1c    00000030                  : fs.obj (.text:_sl_Strlen)
                  2001da4c    00000030     main_FXOS8700.obj (.text:angleCheck)
                  2001da7c    00000030     rtsv7M4_T_le_eabi.lib : strncpy.obj (.text)
                  2001daac    00000030                           : xferaise.obj (.text)
                  2001dadc    00000030     simplelink.a : socket.obj (.text:sl_Close)
                  2001db0c    00000030                  : wlan.obj (.text:sl_WlanProfileDel)
                  2001db3c    00000030                  : wlan.obj (.text:sl_WlanSetMode)
                  2001db6c    0000002e     rtsv7M4_T_le_eabi.lib : i_tofd_t2.obj (.text)
                  2001db9a    0000002e                           : raise.obj (.text)
                  2001dbc8    0000002d     http.obj (.text:addHttpRequestHeaderInt)
                  2001dbf5    00000003     --HOLE-- [fill = 0]
                  2001dbf8    0000002c     tasks.obj (.text:ApplyMagHAL)
                  2001dc24    0000002c     driverlib.a : camera.obj (.text:CameraIntEnable)
                  2001dc50    0000002c     simplelink.a : cc_pal.obj (.text:DmaSpiSwIntHandler)
                  2001dc7c    0000002c     driverlib.a : i2c.obj (.text:I2CMasterErr)
                  2001dca8    0000002c                 : prcm.obj (.text:PRCMSysResetCauseGet)
                  2001dcd4    0000002c     mt9d111.obj (.text:SoftReset_ImageSensor)
                  2001dd00    0000002c     cc3200_utils.obj (.text:getDeviceTimeDate)
                  2001dd2c    0000002c     request.obj (.text:setDataBufferPointer)
                  2001dd58    0000002a     driverlib.a : timer.obj (.text:TimerLoadSet)
                  2001dd82    0000002a                 : timer.obj (.text:TimerPrescaleSet)
                  2001ddac    0000002a     rtsv7M4_T_le_eabi.lib : xdclass.obj (.text)
                  2001ddd6    00000002     --HOLE-- [fill = 0]
                  2001ddd8    00000028     driverlib.a : camera.obj (.text:CameraIntStatus)
                  2001de00    00000028     uartA1_if.obj (.text:InitTerm)
                  2001de28    00000028     uartA1_if.obj (.text:Message)
                  2001de50    00000028     driverlib.a : prcm.obj (.text:PRCMPeripheralClkDisable)
                  2001de78    00000028     rtsv7M4_T_le_eabi.lib : strncat.obj (.text)
                  2001dea0    00000028     simplelink.a : netapp.obj (.text:sl_NetAppStart)
                  2001dec8    00000028                  : netapp.obj (.text:sl_NetAppStop)
                  2001def0    00000026     driverlib.a : camera.obj (.text:CameraThresholdSet)
                  2001df16    00000026     simplelink.a : cc_pal.obj (.text:NwpRegisterInterruptHandler)
                  2001df3c    00000026     rtsv7M4_T_le_eabi.lib : strncmp.obj (.text)
                  2001df62    00000002     --HOLE-- [fill = 0]
                  2001df64    00000024     driverlib.a : camera.obj (.text:CameraIntClear)
                  2001df88    00000024     timer_fns.obj (.text:IntHandler_100mSecTimer)
                  2001dfac    00000024     driverlib.a : interrupt.obj (.text:IntUnregister)
                  2001dfd0    00000024     timer_if.obj (.text:Timer_IF_Start)
                  2001dff4    00000024     driverlib.a : uart.obj (.text:UARTEnable)
                  2001e018    00000024     mt9d111.obj (.text:WriteAllAEnAWBRegs)
                  2001e03c    00000024     simplelink.a : driver.obj (.text:_SlDrvProtectionObjLockWaitForever)
                  2001e060    00000024     rtsv7M4_T_le_eabi.lib : u_tofs_t2.obj (.text)
                  2001e084    00000022     driverlib.a : camera.obj (.text:CameraCaptureStart)
                  2001e0a6    00000022                 : i2c.obj (.text:I2CMasterSlaveAddrSet)
                  2001e0c8    00000022     simplelink.a : socket.obj (.text:SL_FD_SET)
                  2001e0ea    00000022     driverlib.a : spi.obj (.text:SPIReset)
                  2001e10c    00000022                 : spi.obj (.text:SPIWordCountSet)
                  2001e12e    00000022     rtsv7M4_T_le_eabi.lib : frexp.obj (.text)
                  2001e150    00000022                           : memcmp.obj (.text)
                  2001e172    00000020     driverlib.a : gpio.obj (.text:GPIOPinWrite)
                  2001e192    00000002     --HOLE-- [fill = 0]
                  2001e194    00000020                 : interrupt.obj (.text:IntRegister)
                  2001e1b4    00000020     simplelink.a : cc_pal.obj (.text:NwpPowerOn)
                  2001e1d4    00000020     mt9d111.obj (.text:Refresh_mt9d111Firmware)
                  2001e1f4    00000020     simplelink.a : driver.obj (.text:_SlDrvProtectionObjUnLock)
                  2001e214    00000020     rtsv7M4_T_le_eabi.lib : memchr.obj (.text)
                  2001e234    00000020                           : u_tofd_t2.obj (.text)
                  2001e254    0000001e     driverlib.a : i2c.obj (.text:I2CMasterIntStatusEx)
                  2001e272    0000001e                 : timer.obj (.text:TimerDisable)
                  2001e290    0000001e                 : timer.obj (.text:TimerEnable)
                  2001e2ae    0000001e                 : timer.obj (.text:TimerIntStatus)
                  2001e2cc    0000001e                 : uart.obj (.text:UARTCharPut)
                  2001e2ea    0000001e     simplelink.a : cc_pal.obj (.text:cc_UDMAChannelSelect)
                  2001e308    0000001e     rtsv7M4_T_le_eabi.lib : strcat.obj (.text)
                  2001e326    00000002     --HOLE-- [fill = 0]
                  2001e328    0000001c     tasks.obj (.text:ApplyAccelHAL)
                  2001e344    0000001c     main.obj (.text:BoardInit)
                  2001e360    0000001c     mt9d111.obj (.text:CameraSensorInit)
                  2001e37c    0000001c     udma_if.obj (.text:DmaSwIntHandler)
                  2001e398    0000001c     driverlib.a : pin.obj (.text:PinTypeI2C)
                  2001e3b4    0000001c                 : timer.obj (.text:TimerValueGet)
                  2001e3d0    0000001c     simplelink.a : driver.obj (.text:_SlDrvObjLockWaitForever)
                  2001e3ec    0000001c                  : driver.obj (.text:_SlDrvSyncObjWaitForever)
                  2001e408    0000001c     rtsv7M4_T_le_eabi.lib : memccpy.obj (.text)
                  2001e424    0000001c     timer_fns.obj (.text:stop_100mSecTimer)
                  2001e440    0000001c     driverlib.a : udma.obj (.text:uDMAChannelDisable)
                  2001e45c    0000001c                 : udma.obj (.text:uDMAChannelEnable)
                  2001e478    0000001c     main.obj (.text:vApplicationMallocFailedHook)
                  2001e494    0000001a     driverlib.a : pin.obj (.text:PinTypeCamera)
                  2001e4ae    0000001a                 : pin.obj (.text:PinTypeUART)
                  2001e4c8    0000001a                 : spi.obj (.text:SPIDmaDisable)
                  2001e4e2    0000001a                 : spi.obj (.text:SPIDmaEnable)
                  2001e4fc    0000001a                 : spi.obj (.text:SPIFIFODisable)
                  2001e516    0000001a                 : spi.obj (.text:SPIFIFOEnable)
                  2001e530    00000018                 : camera.obj (.text:CameraReset)
                  2001e548    00000018                 : gpio.obj (.text:GPIOPinRead)
                  2001e560    00000018                 : prcm.obj (.text:PRCMHibernateEnter)
                  2001e578    00000018                 : spi.obj (.text:SPICSDisable)
                  2001e590    00000018                 : spi.obj (.text:SPICSEnable)
                  2001e5a8    00000018                 : spi.obj (.text:SPIDisable)
                  2001e5c0    00000018                 : spi.obj (.text:SPIEnable)
                  2001e5d8    00000018                 : timer.obj (.text:TimerIntEnable)
                  2001e5f0    00000018     timer_if.obj (.text:Timer_IF_InterruptClear)
                  2001e608    00000018     simplelink.a : driver.obj (.text:_SlDrvObjUnLock)
                  2001e620    00000018                  : driver.obj (.text:_SlDrvSyncObjSignal)
                  2001e638    00000018                  : device.obj (.text:_sl_GetStartResponseConvert)
                  2001e650    00000018     rtsv7M4_T_le_eabi.lib : args_main.obj (.text)
                  2001e668    00000018                           : strcmp.obj (.text)
                  2001e680    00000016     driverlib.a : camera.obj (.text:CameraDMAEnable)
                  2001e696    00000016                 : camera.obj (.text:CameraIntRegister)
                  2001e6ac    00000016                 : i2c.obj (.text:I2CMasterDataPut)
                  2001e6c2    00000016                 : i2c.obj (.text:I2CMasterEnable)
                  2001e6d8    00000016                 : prcm.obj (.text:PRCMHIBRegRead)
                  2001e6ee    00000016                 : prcm.obj (.text:PRCMHIBRegWrite)
                  2001e704    00000016     simplelink.a : driver.obj (.text:_SlDrvMemZero)
                  2001e71a    00000016     rtsv7M4_T_le_eabi.lib : strchr.obj (.text)
                  2001e730    00000014     driverlib.a : cpu.obj (.text:CPUcpsie)
                  2001e744    00000014                 : interrupt.obj (.text:IntVTableBaseSet)
                  2001e758    00000014     app_common.obj (.text:LED_Off)
                  2001e76c    00000014     app_common.obj (.text:LED_On)
                  2001e780    00000014     rtsv7M4_T_le_eabi.lib : _lock.obj (.text)
                  2001e794    00000014                           : strcpy.obj (.text)
                  2001e7a8    00000014                           : strlen.obj (.text)
                  2001e7bc    00000014     driverlib.a : udma.obj (.text:uDMAControlBaseSet)
                  2001e7d0    00000014                 : udma.obj (.text:uDMAIntClear)
                  2001e7e4    00000012                 : i2c.obj (.text:I2CMasterControl)
                  2001e7f6    00000012                 : i2c.obj (.text:I2CMasterIntClearEx)
                  2001e808    00000012                 : i2c.obj (.text:I2CMasterTimeoutSet)
                  2001e81a    00000012                 : timer.obj (.text:TimerIntClear)
                  2001e82c    00000010                 : prcm.obj (.text:PRCMSOCReset)
                  2001e83c    00000010     simplelink.a : socket.obj (.text:SL_FD_ZERO)
                  2001e84c    00000010     timer_if.obj (.text:Timer_IF_Stop)
                  2001e85c    00000010     cc3200_socket.obj (.text:socketClose)
                  2001e86c    0000000e     driverlib.a : i2c.obj (.text:I2CMasterDataGet)
                  2001e87a    0000000e     simplelink.a : driver.obj (.text:_SlDrvResetCmdExt)
                  2001e888    0000000e     rtsv7M4_T_le_eabi.lib : copy_decompress_none.obj (.text:decompress:none)
                  2001e896    0000000c     udma_if.obj (.text:DmaErrorIntHandler)
                  2001e8a2    00000002     --HOLE-- [fill = 0]
                  2001e8a4    0000000c     simplelink.a : cc_pal.obj (.text:NwpMaskInterrupt)
                  2001e8b0    0000000c                  : cc_pal.obj (.text:NwpUnMaskInterrupt)
                  2001e8bc    0000000c     rtsv7M4_T_le_eabi.lib : copy_zero_init.obj (.text:decompress:ZI)
                  2001e8c8    0000000c     parse_impl.obj (.text:getInternalClient)
                  2001e8d4    0000000c     simplelink.a : wlan.obj (.text:sl_WlanDisconnect)
                  2001e8e0    0000000c     driverlib.a : udma.obj (.text:uDMAEnable)
                  2001e8ec    0000000c                 : udma.obj (.text:uDMAIntStatus)
                  2001e8f8    0000000a                 : interrupt.obj (.text:IntMasterEnable)
                  2001e902    0000000a     main.obj (.text:vApplicationStackOverflowHook)
                  2001e90c    00000008     hibernate_related_fns.obj (.text:sensorsTriggerSetup)
                  2001e914    00000006     i2cconfig.obj (.text:MT9D111Delay)
                  2001e91a    00000006     startup_ccs.obj (.text:ResetISR)
                  2001e920    00000006     driverlib.a : utils.obj (.text:UtilsDelay)
                  2001e926    00000006     rtsv7M4_T_le_eabi.lib : copy_decompress_rle.obj (.text:decompress:rle24)
                  2001e92c    00000006                           : logf.obj (.text)
                  2001e932    00000006                           : sinf.obj (.text)
                  2001e938    00000004                           : error.obj (.text)
                  2001e93c    00000004                           : pre_init.obj (.text)

.const     0    2001e940    00000fd3     
                  2001e940    0000013c     mt9d111.obj (.const:init_cmds_list)
                  2001ea7c    00000101     rtsv7M4_T_le_eabi.lib : ctype.obj (.const:.string:_ctypes_)
                  2001eb7d    00000003     --HOLE-- [fill = 0]
                  2001eb80    00000100     driverlib.a : pin.obj (.const:g_ulPinToPadMap)
                  2001ec80    000000fc     mt9d111.obj (.const)
                  2001ed7c    000000d4     driverlib.a : interrupt.obj (.const:g_pulRegs)
                  2001ee50    000000ca     camera_app.obj (.const:.string)
                  2001ef1a    000000c4     mt9d111.obj (.const:capture_cmds_list)
                  2001efde    00000002     --HOLE-- [fill = 0]
                  2001efe0    000000b0     simplelink.a : wlan.obj (.const:$P$T0$1)
                  2001f090    000000a8     driverlib.a : prcm.obj (.const:PRCM_PeriphRegsList)
                  2001f138    00000080                 : interrupt.obj (.const)
                  2001f1b8    0000007a     mt9d111.obj (.const:.string)
                  2001f232    00000072     lightSens_isl29035.obj (.const:.string)
                  2001f2a4    0000006a     wifi_provisioning_thruAPmode.obj (.const:.string)
                  2001f30e    00000002     --HOLE-- [fill = 0]
                  2001f310    00000068     appFns_BatteryLevelSense.obj (.const:V2CEntry$1)
                  2001f378    00000054     mt9d111.obj (.const:$P$T29$30)
                  2001f3cc    00000050     accelomtrMagntomtr_fxos8700.obj (.const:.string)
                  2001f41c    0000004c     mt9d111.obj (.const:$P$T7$8)
                  2001f468    0000004b     tempRHSens_si7020.obj (.const:.string)
                  2001f4b3    00000040     network_relater_fns.obj (.const:.string)
                  2001f4f3    0000003c     i2c_app.obj (.const:.string)
                  2001f52f    00000001     --HOLE-- [fill = 0]
                  2001f530    0000003c     simplelink.a : driver.obj (.const:OpcodeTranslateTable)
                  2001f56c    0000003c                  : wlan.obj (.const)
                  2001f5a8    00000038                  : driver.obj (.const:_SlActionLookupTable)
                  2001f5e0    00000038     rtsv7M4_T_le_eabi.lib : xflog.obj (.const)
                  2001f618    00000038     simplelink.a : fs.obj (.const)
                  2001f650    00000036     flash_files.obj (.const:.string)
                  2001f686    00000002     --HOLE-- [fill = 0]
                  2001f688    00000034     rtsv7M4_T_le_eabi.lib : xfatan.obj (.const)
                  2001f6bc    00000034     simplelink.a : driver.obj (.const)
                  2001f6f0    00000034                  : socket.obj (.const)
                  2001f724    0000002c     network_relater_fns.obj (.const:$P$T1$2)
                  2001f750    0000002b     parse_uploads.obj (.const:.string)
                  2001f77b    00000001     --HOLE-- [fill = 0]
                  2001f77c    00000028     rtsv7M4_T_le_eabi.lib : xfdint.obj (.const)
                  2001f7a4    00000028                           : xfsin.obj (.const)
                  2001f7cc    00000028     simplelink.a : netapp.obj (.const)
                  2001f7f4    00000023     batteryVoltLvlSens_adc081c021.obj (.const:.string:$P$T0$1)
                  2001f817    00000022     network_relater_fns.obj (.const:.string:$P$T0$1)
                  2001f839    00000003     --HOLE-- [fill = 0]
                  2001f83c    0000001c     rtsv7M4_T_le_eabi.lib : tanf.obj (.const)
                  2001f858    0000001c                           : xfexp.obj (.const)
                  2001f874    00000018     driverlib.a : spi.obj (.const)
                  2001f88c    00000017     request.obj (.const:.string)
                  2001f8a3    00000016     collect_and_txit.obj (.const:.string)
                  2001f8b9    00000014     network_relater_fns.obj (.const)
                  2001f8cd    00000001     --HOLE-- [fill = 0]
                  2001f8ce    00000014     simplelink.a : device.obj (.const)
                  2001f8e2    00000010                  : socket.obj (.const:.string)
                  2001f8f2    0000000b     app_common.obj (.const:.string)
                  2001f8fd    00000008     simplelink.a : device.obj (.const:.string)
                  2001f905    00000001     --HOLE-- [fill = 0]
                  2001f906    00000008                  : netcfg.obj (.const)
                  2001f90e    00000005     main.obj (.const:.string)

.cinit     0    2001f918    00000530     
                  2001f918    00000506     (.cinit..data.load) [load image, compression = rle]
                  2001fe1e    00000002     --HOLE-- [fill = 0]
                  2001fe20    0000000c     (__TI_handler_table)
                  2001fe2c    00000004     --HOLE-- [fill = 0]
                  2001fe30    00000008     (.cinit..bss.load) [load image, compression = zero_init]
                  2001fe38    00000010     (__TI_cinit_table)

.init_array 
*          0    20004000    00000000     UNINITIALIZED

.bss       0    20022400    000172fc     UNINITIALIZED
                  20022400    00014000     main.obj (.bss:g_image_buffer)
                  20036400    00000b58     tasks.obj (.bss:thisMagBuffer)
                  20036f58    000005a0     ota.a : OtaHttp.obj (.bss:recv_buf)
                  200374f8    0000044c           : OtaClient.obj (.bss:g_OtaCheckUpdateResponse)
                  20037944    00000418     wifi_provisioning_thruAPmode.obj (.bss:thisMagCal)
                  20037d5c    00000240     ota.obj (.bss:g_otaOptServerInfo)
                  20037f9c    00000058     tasks.obj (.bss:thisMag)
                  20037ff4    0000000c     (.common:g_SecParams)
                  20038000    00000400     udma_if.obj (.bss:gpCtlTbl)
                  20038400    000003d8     ota.a : OtaClient.obj (.bss:g_OtaFileMetadata)
                  200387d8    00000370     main.obj (.bss:g_NetEntries)
                  20038b48    00000200     ota.a : OtaHttp.obj (.bss:send_buf)
                  20038d48    00000178     simplelink.a : driver.obj (.bss:g_StatMem)
                  20038ec0    00000120     rtsv7M4_T_le_eabi.lib : trgmsg.obj (.bss:__CIOBUF_)
                  20038fe0    00000100     udma_if.obj (.bss:gfpAppCallbackHndl)
                  200390e0    000000c8     free_rtos.a : tasks.obj (.bss:pxReadyTasksLists)
                  200391a8    000000ac     tasks.obj (.bss:thisSV_6DOF_GB_BASIC)
                  20039254    000000a0     rtsv7M4_T_le_eabi.lib : defs.obj (.bss:__TI_tmpnams)
                  200392f4    00000074     ota.a : CdnClient.obj (.bss:g_CdnClient)
                  20039368    00000050     simplelink.a : cc_pal.obj (.bss:g_ucDinDout)
                  200393b8    00000050     free_rtos.a : queue.obj (.bss:xQueueRegistry)
                  20039408    0000004c     ota.a : OtaApp.obj (.bss:g_OtaApp)
                  20039454    0000004c           : OtaApp.obj (.bss:g_OtaApp_statistics)
                  200394a0    00000034     cc3200_client_state.obj (.bss:clientStateFileName)
                  200394d4    00000034     main.obj (.bss:g_cWlanSecurityKey)
                  20039508    00000034     tasks.obj (.bss:thisAccel)
                  2003953c    00000024     ota.a : OtaClient.obj (.bss:g_OtaClient)
                  20039560    00000024     main.obj (.bss:g_cWlanSSID)
                  20039584    00000024     main.obj (.bss:g_ucConnectionSSID)
                  200395a8    0000001c     rtsv7M4_T_le_eabi.lib : vla_alloc.obj (.bss)
                  200395c4    00000014     (.common:g_FlcSflashCb)
                  200395d8    00000014     (.common:g_flag_blockFull)
                  200395ec    00000014     (.common:xDelayedTaskList1)
                  20039600    00000014     (.common:xDelayedTaskList2)
                  20039614    00000014     (.common:xPendingReadyList)
                  20039628    00000014     (.common:xSuspendedTaskList)
                  2003963c    00000014     (.common:xTasksWaitingTermination)
                  20039650    00000010     (.common:ang_buf)
                  20039660    00000010     (.common:globals)
                  20039670    00000010     (.common:mqxglobals)
                  20039680    00000008     (.common:g_LogClient)
                  20039688    00000008     (.common:g_ucConnectionBSSID)
                  20039690    00000008     (.common:parmbuf)
                  20039698    00000008     (.common:sBootInfo)
                  200396a0    00000004     (.common:DMAMsgQ)
                  200396a4    00000004     (.common:Elapsed_100MilliSecs)
                  200396a8    00000004     (.common:__Errorlog)
                  200396ac    00000004     (.common:angle_avg)
                  200396b0    00000004     (.common:dataBuffer)
                  200396b4    00000004     (.common:g_block_lastFilled)
                  200396b8    00000004     (.common:g_cDummy)
                  200396bc    00000004     (.common:g_cWlanSecurityType)
                  200396c0    00000004     (.common:g_frame_size_in_bytes)
                  200396c4    00000004     (.common:g_position_in_block)
                  200396c8    00000004     (.common:g_readHeader)
                  200396cc    00000004     (.common:g_total_dma_intrpts)
                  200396d0    00000004     (.common:g_ulAppStatus)
                  200396d4    00000004     (.common:gdoor_40deg_angle)
                  200396d8    00000004     (.common:gdoor_90deg_angle)
                  200396dc    00000004     (.common:pvOtaApp)
                  200396e0    00000004     (.common:pxDelayedTaskList)
                  200396e4    00000004     (.common:pxOverflowDelayedTaskList)
                  200396e8    00000001     (.common:RxIrqCnt)
                  200396e9    00000001     (.common:avg_buffer_cnt)
                  200396ea    00000001     (.common:checkForLight_Flag)
                  200396eb    00000001     (.common:g_I2CPeripheral_inUse_Flag)
                  200396ec    00000001     (.common:g_dma_txn_done)
                  200396ed    00000001     (.common:g_flag_DataBlockFilled)
                  200396ee    00000001     (.common:g_flag_door_closing_45degree)
                  200396ef    00000001     (.common:g_frame_end)
                  200396f0    00000001     (.common:g_ucAngle40)
                  200396f1    00000001     (.common:g_ucAngle90)
                  200396f2    00000001     (.common:g_ucCalibration)
                  200396f3    00000001     (.common:g_ucConfig)
                  200396f4    00000001     (.common:g_ucExitButton)
                  200396f5    00000001     (.common:g_ucMagCalb)
                  200396f6    00000001     (.common:g_ucProfileAdded)
                  200396f7    00000001     (.common:g_ucPushButtonPressedTwice)
                  200396f8    00000001     (.common:iDone)
                  200396f9    00000001     (.common:isitfirsttime)
                  200396fa    00000001     (.common:print_count)
                  200396fb    00000001     (.common:valid_case)

.TI.noinit 
*          0    20022400    00000000     UNINITIALIZED

.sysmem    0    20039700    00005000     UNINITIALIZED
                  20039700    00000008     rtsv7M4_T_le_eabi.lib : memory.obj (.sysmem)
                  20039708    00004ff8     --HOLE--


LINKER GENERATED COPY TABLES

__TI_cinit_table @ 2001fe38 records: 2, size/record: 8, table size: 16
	.data: load addr=2001f918, load size=00000506 bytes, run addr=20000000, run size=00000938 bytes, compression=rle
	.bss: load addr=2001fe30, load size=00000008 bytes, run addr=20022400, run size=000172fc bytes, compression=zero_init


LINKER GENERATED HANDLER TABLE

__TI_handler_table @ 2001fe20 records: 3, size/record: 4, table size: 12
	index: 0, handler: __TI_decompress_rle24
	index: 1, handler: __TI_decompress_none
	index: 2, handler: __TI_zero_init


GLOBAL SYMBOLS: SORTED ALPHABETICALLY BY Name 

address   name                                  
-------   ----                                  
200123d1  AccessPtMode_HTTPServer_Start         
2001e329  ApplyAccelHAL                         
2001dbf9  ApplyMagHAL                           
2001d0ad  C$$EXIT                               
2001bbf3  C$$IO$$                               
2001e731  CPUcpsie                              
200107ed  CalibrateMagSensor                    
2001b5f1  CamControllerInit                     
2001e085  CameraCaptureStart                    
2001d4d9  CameraCaptureStop                     
2001e681  CameraDMAEnable                       
2001df65  CameraIntClear                        
2001dc25  CameraIntEnable                       
2001e697  CameraIntRegister                     
2001ddd9  CameraIntStatus                       
2001d7b7  CameraParamsConfig                    
2001e531  CameraReset                           
2001e361  CameraSensorInit                      
2001def1  CameraThresholdSet                    
2001d513  CameraXClkConfig                      
2000a251  CaptureAndStore_Image                 
2000d2d7  CdnClient_CloseServer                 
2000d2f5  CdnClient_ConnectByUrl                
2000d2a5  CdnClient_Init                        
2000d16f  CdnClient_Run                         
2000d165  CdnClient_SetFileInfo                 
20016085  Check_I2CDevices                      
20014239  CollectAngle                          
200109d9  CollectTxit_ImgTempRH                 
20019a85  Config_CameraCapture                  
2001ad11  ConfigureMode                         
2000e9e1  ConfigureSimpleLinkToDefaultState     
200156f9  ConnectToNetwork_STA                  
200126f1  ConstructDeviceStateObject            
2001d2f9  CopyPingResultsToReport               
200396a0  DMAMsgQ                               
2000063c  DigiCertHighAssuranceEVRootCA_der_len 
2001e897  DmaErrorIntHandler                    
2001dc51  DmaSpiSwIntHandler                    
2001e37d  DmaSwIntHandler                       
200396a4  Elapsed_100MilliSecs                  
20018479  EnterStandby_mt9d111                  
2001853d  ExitStandby_mt9d111                   
20013cd9  FXOS8700_Init                         
20015811  FXOS8700_ReadData                     
2001d335  Fusion_Init                           
20013a1d  Fusion_Run                            
2001d715  GPIODirModeSet                        
2001e549  GPIOPinRead                           
2001e173  GPIOPinWrite                          
200177dd  Get_BatteryPercent                    
2001b511  Get_BatteryVoltageLevel_ADC081C021    
200178c5  Get_FridgeCamID                       
20013b7d  HIBernate                             
2000e999  HOSTclock                             
2000e961  HOSTclose                             
2000e923  HOSTgetenv                            
2000e8c7  HOSTlseek                             
2000e875  HOSTopen                              
2000e829  HOSTread                              
2000e7cb  HOSTrename                            
2000e791  HOSTtime                              
2000e759  HOSTunlink                            
2000e70d  HOSTwrite                             
20014895  I2CBufferRead                         
2001524d  I2CBufferWrite                        
2001e7e5  I2CMasterControl                      
2001e86d  I2CMasterDataGet                      
2001e6ad  I2CMasterDataPut                      
2001e6c3  I2CMasterEnable                       
2001dc7d  I2CMasterErr                          
2001a901  I2CMasterInitExpClk                   
2001e7f7  I2CMasterIntClearEx                   
2001e255  I2CMasterIntStatusEx                  
2001e0a7  I2CMasterSlaveAddrSet                 
2001e809  I2CMasterTimeoutSet                   
2001c7f5  I2C_IF_Open                           
200186c5  I2C_IF_Read                           
20018905  I2C_IF_Write                          
2001a059  ImageSensor_CaptureConfigs_Task       
2001de01  InitTerm                              
2001b0e9  InitialiseParse                       
2001a0e9  InitializeUserConfigVariables         
200192f1  IntDisable                            
20019399  IntEnable                             
2001df89  IntHandler_100mSecTimer               
2001e8f9  IntMasterEnable                       
2001c4a1  IntPendClear                          
2001c5fd  IntPrioritySet                        
2001e195  IntRegister                           
2001dfad  IntUnregister                         
2001e745  IntVTableBaseSet                      
2001d27d  IsLightOff                            
20019591  LED_Blink                             
2001e759  LED_Off                               
2001e76d  LED_On                                
2000df37  LogClient_Close                       
2000df4f  LogClient_ConnectAndPrint             
2000df01  LogClient_ConnectServer               
2000dee9  LogClient_Init                        
2000dda5  LogClient_Print                       
2001e915  MT9D111Delay                          
2000e0dd  MagCal_Run                            
20016e6d  Main_Task_withHibernate               
2001de29  Message                               
2001e8a5  NwpMaskInterrupt                      
2001d5fd  NwpPowerOff                           
2001e1b5  NwpPowerOn                            
2001a985  NwpPowerOnPreamble                    
2001df17  NwpRegisterInterruptHandler           
2001e8b1  NwpUnMaskInterrupt                    
2001374d  OTAServerInfoSet                      
20017b69  OTA_CommitImage                       
2001c38d  OTA_Init                              
200101f5  OTA_Run                               
2001d135  OTA_Update                            
2001f530  OpcodeTranslateTable                  
2000bd5b  OtaClient_CloseServer                 
2000bd25  OtaClient_ConnectServer               
2000bcf3  OtaClient_GetNextUpdate               
2000bcc1  OtaClient_Init                        
2000bbeb  OtaClient_ResourceMetadata            
2000ba27  OtaClient_ResourceNameConvert         
2000b979  OtaClient_UpdateCheck                 
20014fe5  PRCMCC3200MCUInit                     
2001e6d9  PRCMHIBRegRead                        
2001e6ef  PRCMHIBRegWrite                       
2001e561  PRCMHibernateEnter                    
2001a551  PRCMHibernateIntervalSet              
2001ba25  PRCMHibernateWakeUpGPIOSelect         
2001cd19  PRCMHibernateWakeupSourceDisable      
2001cd61  PRCMHibernateWakeupSourceEnable       
2001de51  PRCMPeripheralClkDisable              
2001d371  PRCMPeripheralClkEnable               
20019ce5  PRCMPeripheralClockGet                
2001c4f9  PRCMPeripheralReset                   
2001d7ed  PRCMPeripheralStatusGet               
2001e82d  PRCMSOCReset                          
2001dca9  PRCMSysResetCauseGet                  
2001a5d9  PinConfigSet                          
2001d1bd  PinModeSet                            
20016795  PinMuxConfig                          
2001e495  PinTypeCamera                         
2001d98b  PinTypeGPIO                           
2001e399  PinTypeI2C                            
2001e4af  PinTypeUART                           
2001c9d5  RdSensData_Init                       
20011141  RdSensData_Run                        
200179a9  ReadFile_FromFlash                    
2001e1d5  Refresh_mt9d111Firmware               
20019245  Report                                
2001e91b  ResetISR                              
200396e8  RxIrqCnt                              
2001f6cc  RxMsgClassLUT                         
UNDEFED   SHT$$INIT_ARRAY$$Base                 
UNDEFED   SHT$$INIT_ARRAY$$Limit                
2001e0c9  SL_FD_SET                             
2001e83d  SL_FD_ZERO                            
2001e579  SPICSDisable                          
2001e591  SPICSEnable                           
20019635  SPIConfigSetExpClk                    
2001e5a9  SPIDisable                            
2001e4c9  SPIDmaDisable                         
2001e4e3  SPIDmaEnable                          
2001e5c1  SPIEnable                             
2001e4fd  SPIFIFODisable                        
2001e517  SPIFIFOEnable                         
2001d821  SPIFIFOLevelSet                       
2001cda9  SPIIntClear                           
2001ca21  SPIIntEnable                          
2001e0eb  SPIReset                              
2001e10d  SPIWordCountSet                       
20000860  SecurityParams                        
2000a735  SimpleLinkHttpServerCallback          
2001346d  SimpleLinkNetAppEventHandler          
200138b5  SimpleLinkSockEventHandler            
2000c93d  SimpleLinkWlanEventHandler            
2001dcd5  SoftReset_ImageSensor                 
2001ab11  Standby_ImageSensor                   
2001f8fd  StartResponseLUT                      
2001ba8d  StartSensorInJpegMode                 
20017a89  Start_CameraCapture                   
2001cf9d  TimerConfigure                        
2001e273  TimerDisable                          
2001e291  TimerEnable                           
2001e81b  TimerIntClear                         
2001e5d9  TimerIntEnable                        
2001e2af  TimerIntStatus                        
2001dd59  TimerLoadSet                          
2001dd83  TimerPrescaleSet                      
2001e3b5  TimerValueGet                         
2001d959  Timer_IF_Init                         
2001b49d  Timer_IF_IntSetup                     
2001e5f1  Timer_IF_InterruptClear               
2001dfd1  Timer_IF_Start                        
2001e84d  Timer_IF_Stop                         
20000728  Token                                 
2001e2cd  UARTCharPut                           
2001b2c9  UARTConfigSetExpClk                   
2001d9bd  UARTDisable                           
2001dff5  UARTEnable                            
2001b65d  UDMAInit                              
2001cfe1  UDMASetupTransfer                     
20019441  UploadImageToParse                    
2001a179  UploadSensorDataToParse               
20011845  UserConfigure_Task                    
2000fb55  User_Configure                        
2001e921  UtilsDelay                            
2000b399  VDeleteSimpleLinkSpawnTask            
2000b349  VStartSimpleLinkSpawnTask             
2000078c  Value                                 
20019041  Verify_ImageSensor                    
2001b341  Wakeup_ImageSensor                    
2000eca1  WiFiProvisioning                      
2001e019  WriteAllAEnAWBRegs                    
20015d69  WriteFile_ToFlash                     
2001ddad  _Dclass                               
20000640  _Denorm                               
20018845  _Dnorm                                
20015a39  _Dscale                               
2001be33  _Dunscale                             
20000650  _Eps                                  
20000928  _Errno                                
20017ed5  _FAtan                                
200006c0  _FDenorm                              
2001a439  _FDint                                
2001aff5  _FDnorm                               
20018081  _FDscale                              
2001c5a7  _FDunscale                            
200006d0  _FEps                                 
2001300d  _FExp                                 
200006e0  _FInf                                 
20011689  _FLog                                 
200006f0  _FNan                                 
20000710  _FRteps                               
2001209d  _FSin                                 
20000700  _FSnan                                
20000720  _FXbig                                
20000724  _FZero                                
20000910  _Fenv                                 
2001daad  _Feraise                              
20000660  _Hugeval                              
20000670  _Inf                                  
20000680  _Nan                                  
2000d107  _OpenStorageFile                      
2000bd9d  _OtaCleanToIdle                       
2000d0b9  _ReadFileHeaders                      
2000be8b  _ReadStatFile                         
2000d0ad  _RecvFileChunk                        
200006a0  _Rteps                                
2001f704  _SlAcceptCmdCtrl                      
2001f5a8  _SlActionLookupTable                  
20018d6d  _SlAsyncEventGenericHandler           
2001f8da  _SlDeviceGetCmdCtrl                   
2001f8de  _SlDeviceSetCmdCtrl                   
2001cdf1  _SlDrvBasicCmd                        
20017dfd  _SlDrvClassifyRxMsg                   
2001ab91  _SlDrvCmdOp                           
2001b6c9  _SlDrvCmdSend                         
200154a9  _SlDrvDataReadOp                      
20016189  _SlDrvDataWriteOp                     
2001d9ed  _SlDrvDeviceEventHandler              
20016f61  _SlDrvDriverCBDeinit                  
20013185  _SlDrvDriverCBInit                    
2001e705  _SlDrvMemZero                         
200096e1  _SlDrvMsgRead                         
200189c1  _SlDrvMsgReadCmdCtx                   
20019815  _SlDrvMsgReadSpawnCtx                 
20010f75  _SlDrvMsgWrite                        
20016695  _SlDrvNetAppEventHandler              
2001e3d1  _SlDrvObjLockWaitForever              
2001e609  _SlDrvObjUnLock                       
2001ca6d  _SlDrvProtectAsyncRespSetting         
2001e03d  _SlDrvProtectionObjLockWaitForever    
2001e1f5  _SlDrvProtectionObjUnLock             
20010da5  _SlDrvReleasePoolObj                  
2001e87b  _SlDrvResetCmdExt                     
2000f90d  _SlDrvRxHdrRead                       
2001cab9  _SlDrvRxIrqHandler                    
2001e621  _SlDrvSyncObjSignal                   
2001e3ed  _SlDrvSyncObjWaitForever              
20012561  _SlDrvWaitForPoolObj                  
2001f8d6  _SlEventMaskGetCmdCtrl                
2001f8d2  _SlEventMaskSetCmdCtrl                
200135dd  _SlFindAndSetActiveObj                
2001f61c  _SlFsCloseCmdCtrl                     
2001f62c  _SlFsDeleteCmdCtrl                    
2001f628  _SlFsGetInfoCmdCtrl                   
2001f618  _SlFsOpenCmdCtrl                      
2001f620  _SlFsReadCmdCtrl                      
2001f624  _SlFsWriteCmdCtrl                     
2001f7e0  _SlGetHostByNameCtrl                  
2001f7dc  _SlGetHostByServiceCtrl               
2001f7d4  _SlGetServiceListeCtrl                
2001f710  _SlGetSockOptCmdCtrl                  
2001f700  _SlListenCmdCtrl                      
2001f7ec  _SlNetAppGetCmdCtrl                   
2001f7e8  _SlNetAppSendTokenValueCmdCtrl        
2001f7e4  _SlNetAppSetCmdCtrl                   
2001f7cc  _SlNetAppStartCtrl                    
2001f7d0  _SlNetAppStopCtrl                     
2001f90a  _SlNetCfgGetCmdCtrl                   
2001f906  _SlNetCfgSetCmdCtrl                   
2001f8e2  _SlPayloadByProtocolLUT               
2001f570  _SlPolicyGetCmdCtrl                   
2001f56c  _SlPolicySetCmdCtrl                   
2001f578  _SlProfileDelCmdCtrl                  
2001f574  _SlProfileGetCmdCtrl                  
2001f708  _SlRecvCmdCtrl                        
2001f6f8  _SlRecvfomCmdCtrl                     
2001f7d8  _SlRegisterServiceCtrl                
20018601  _SlRemoveFromList                     
2001f580  _SlRxFilterAddtCmdCtrl                
2001f588  _SlRxFilterGetCmdCtrl                 
2001f584  _SlRxFilterSetCmdCtrl                 
2001f714  _SlSelectCmdCtrl                      
2001f6fc  _SlSendCmdCtrl                        
2001f70c  _SlSetSockOptCmdCtrl                  
2001f58c  _SlSmartConfigStartCmdCtrl            
2001f6f4  _SlSockCloseCmdCtrl                   
2001f6f0  _SlSockSocketCmdCtrl                  
2001f8ce  _SlStopCmdCtrl                        
2001f598  _SlWlanCfgGetCmdCtrl                  
2001f594  _SlWlanCfgSetCmdCtrl                  
2001f57c  _SlWlanGetNetworkListCtrl             
2001f590  _SlWlanSetModeCmdCtrl                 
20000690  _Snan                                 
20000914  _Tls_setup__Fenv                      
2000be3d  _WriteStatFile                        
200006b0  _Xbig                                 
200006b8  _Zero                                 
[...]
2001b161  _sl_HandleAsync_Connect               
2001b1d9  sl_FsOpen                             
2001b251  spi_Close                             
2001b2c9  UARTConfigSetExpClk                   
2001b341  Wakeup_ImageSensor                    
2001b3b5  sl_Recv                               
2001b49d  Timer_IF_IntSetup                     
2001b511  Get_BatteryVoltageLevel_ADC081C021    
2001b581  get_timeDuration                      
2001b5f1  CamControllerInit                     
2001b65d  UDMAInit                              
2001b6c9  _SlDrvCmdSend                         
2001b735  f3x3matrixAeqMinusA                   
2001b7a1  parseSendRequestInternal              
2001b80d  __TI_auto_init                        
2001b881  fprintf                               
2001b8e5  f3x3matrixAeqAxScalar                 
2001b9b9  beginHttpGetRequest                   
2001ba25  PRCMHibernateWakeUpGPIOSelect         
2001ba8d  StartSensorInJpegMode                 
2001baf5  _sl_NetAppSendTokenValue              
2001bb5d  fetchDeviceOSVersion                  
2001bbc5  __TI_writemsg                         
2001bbf3  C$$IO$$                               
2001bbf7  __TI_readmsg                          
2001bc2d  sl_DevSet                             
2001bc95  sl_NetCfgSet                          
2001bcfd  sl_SetSockOpt                         
2001bd65  sl_WlanSet                            
2001bdcd  f3x3matrixAeqScalar                   
2001be33  _Dunscale                             
2001be99  fseek                                 
2001befd  socketWait                            
2001bf61  softResetTempRHSensor                 
2001bfc5  uDMAChannelAttributeDisable           
2001c029  uDMAChannelAttributeEnable            
2001c08d  __aeabi_cfcmpeq                       
2001c08d  __aeabi_cfcmple                       
2001c0ed  __aeabi_cfrcmple                      
2001c14d  _sl_HandleAsync_Accept                
2001c1ad  fxosDefault_Initializations           
2001c20d  getMagntData                          
2001c26d  sprintf                               
2001c2cd  sl_WlanPolicySet                      
2001c32d  standby_accelMagn_fxos8700            
2001c38d  OTA_Init                              
2001c3e9  getLightsensor_intrptStatus           
2001c445  sl_Socket                             
2001c4a1  IntPendClear                          
2001c4f9  PRCMPeripheralReset                   
2001c551  ltoa                                  
2001c5a7  _FDunscale                            
2001c5fd  IntPrioritySet                        
2001c651  _sl_HandleAsync_Select                
2001c6a5  fasin_deg                             
2001c6f9  headerSend                            
2001c74d  sl_WlanRxFilterSet                    
2001c7f5  I2C_IF_Open                           
2001c845  _sl_HandleAsync_Stop                  
2001c895  disableAE                             
2001c8e5  disableAWB                            
2001c935  __aeabi_f2ulz                         
2001c985  sl_FsDel                              
2001c9d5  RdSensData_Init                       
2001ca21  SPIIntEnable                          
2001ca6d  _SlDrvProtectAsyncRespSetting         
2001cab9  _SlDrvRxIrqHandler                    
2001cb05  _sl_BuildAddress                      
2001cb51  atoi                                  
2001cb9d  atol                                  
2001cbe9  copy_in                               
2001cc35  srand                                 
2001cc4b  rand                                  
2001cc81  uDMAChannelAssign                     
2001cccd  __aeabi_d2f                           
2001cd19  PRCMHibernateWakeupSourceDisable      
2001cd61  PRCMHibernateWakeupSourceEnable       
2001cda9  SPIIntClear                           
2001cdf1  _SlDrvBasicCmd                        
2001ce39  addHttpRequestLine                    
2001ce81  fatan_15deg                           
2001cec9  __aeabi_d2iz                          
2001cf11  ldexp                                 
2001cf9d  TimerConfigure                        
2001cfe1  UDMASetupTransfer                     
2001d069  fxos_Calibration                      
2001d0ad  C$$EXIT                               
2001d0b1  abort                                 
2001d0b9  exit                                  
2001d0f1  __aeabi_d2uiz                         
2001d135  OTA_Update                            
2001d179  sl_Htonl                              
2001d1bd  PinModeSet                            
2001d1fd  getHttpResponseBody                   
2001d23d  signal                                
2001d27d  IsLightOff                            
2001d2bb  strncasecmp                           
2001d2f9  CopyPingResultsToReport               
2001d335  Fusion_Init                           
2001d371  PRCMPeripheralClkEnable               
2001d3ad  _sl_TruncatePayloadByProtocol         
2001d3e9  _c_int00                              
2001d425  sl_Htons                              
2001d461  start_100mSecTimer                    
2001d49d  uDMAChannelControlSet                 
2001d4d9  CameraCaptureStop                     
2001d513  CameraXClkConfig                      
2001d54d  fLPFScalar                            
2001d587  parseSendRequest                      
2001d5c1  addHttpRequestHeader                  
2001d5fd  NwpPowerOff                           
2001d635  pvPortMalloc                          
2001d655  vPortFree                             
2001d66d  __aeabi_f2d                           
2001d6a5  __aeabi_f2iz                          
2001d6dd  __aeabi_i2f                           
2001d715  GPIODirModeSet                        
2001d74b  sl_NetAppMDNSUnRegisterService        
2001d781  beginHttpRequest                      
2001d7b7  CameraParamsConfig                    
2001d7ed  PRCMPeripheralStatusGet               
2001d821  SPIFIFOLevelSet                       
2001d855  getHttpResponseStatus                 
2001d889  get_angle                             
2001d8bd  feraiseexcept                         
2001d8f1  __aeabi_f2uiz                         
2001d925  strstr                                
2001d959  Timer_IF_Init                         
2001d98b  PinTypeGPIO                           
2001d9bd  UARTDisable                           
2001d9ed  _SlDrvDeviceEventHandler              
2001da1d  _sl_Strlen                            
2001da4d  angleCheck                            
2001da7d  strncpy                               
2001daad  _Feraise                              
2001dadd  sl_Close                              
2001db0d  sl_WlanProfileDel                     
2001db3d  sl_WlanSetMode                        
2001db6d  __aeabi_i2d                           
2001db9b  raise                                 
2001dbc9  addHttpRequestHeaderInt               
2001dbf9  ApplyMagHAL                           
2001dc25  CameraIntEnable                       
2001dc51  DmaSpiSwIntHandler                    
2001dc7d  I2CMasterErr                          
2001dca9  PRCMSysResetCauseGet                  
2001dcd5  SoftReset_ImageSensor                 
2001dd2d  setDataBufferPointer                  
2001dd59  TimerLoadSet                          
2001dd83  TimerPrescaleSet                      
2001ddad  _Dclass                               
2001ddd9  CameraIntStatus                       
2001de01  InitTerm                              
2001de29  Message                               
2001de51  PRCMPeripheralClkDisable              
2001de79  strncat                               
2001dea1  sl_NetAppStart                        
2001dec9  sl_NetAppStop                         
2001def1  CameraThresholdSet                    
2001df17  NwpRegisterInterruptHandler           
2001df3d  strncmp                               
2001df65  CameraIntClear                        
2001df89  IntHandler_100mSecTimer               
2001dfad  IntUnregister                         
2001dfd1  Timer_IF_Start                        
2001dff5  UARTEnable                            
2001e019  WriteAllAEnAWBRegs                    
2001e03d  _SlDrvProtectionObjLockWaitForever    
2001e061  __aeabi_ui2f                          
2001e085  CameraCaptureStart                    
2001e0a7  I2CMasterSlaveAddrSet                 
2001e0c9  SL_FD_SET                             
2001e0eb  SPIReset                              
2001e10d  SPIWordCountSet                       
2001e12f  frexp                                 
2001e151  memcmp                                
2001e173  GPIOPinWrite                          
2001e195  IntRegister                           
2001e1b5  NwpPowerOn                            
2001e1d5  Refresh_mt9d111Firmware               
2001e1f5  _SlDrvProtectionObjUnLock             
2001e215  memchr                                
2001e235  __aeabi_ui2d                          
2001e255  I2CMasterIntStatusEx                  
2001e273  TimerDisable                          
2001e291  TimerEnable                           
2001e2af  TimerIntStatus                        
2001e2cd  UARTCharPut                           
2001e309  strcat                                
2001e329  ApplyAccelHAL                         
2001e361  CameraSensorInit                      
2001e37d  DmaSwIntHandler                       
2001e399  PinTypeI2C                            
2001e3b5  TimerValueGet                         
2001e3d1  _SlDrvObjLockWaitForever              
2001e3ed  _SlDrvSyncObjWaitForever              
2001e409  memccpy                               
2001e425  stop_100mSecTimer                     
2001e441  uDMAChannelDisable                    
2001e45d  uDMAChannelEnable                     
2001e479  vApplicationMallocFailedHook          
2001e495  PinTypeCamera                         
2001e4af  PinTypeUART                           
2001e4c9  SPIDmaDisable                         
2001e4e3  SPIDmaEnable                          
2001e4fd  SPIFIFODisable                        
2001e517  SPIFIFOEnable                         
2001e531  CameraReset                           
2001e549  GPIOPinRead                           
2001e561  PRCMHibernateEnter                    
2001e579  SPICSDisable                          
2001e591  SPICSEnable                           
2001e5a9  SPIDisable                            
2001e5c1  SPIEnable                             
2001e5d9  TimerIntEnable                        
2001e5f1  Timer_IF_InterruptClear               
2001e609  _SlDrvObjUnLock                       
2001e621  _SlDrvSyncObjSignal                   
2001e639  _sl_GetStartResponseConvert           
2001e651  _args_main                            
2001e669  strcmp                                
2001e681  CameraDMAEnable                       
2001e697  CameraIntRegister                     
2001e6ad  I2CMasterDataPut                      
2001e6c3  I2CMasterEnable                       
2001e6d9  PRCMHIBRegRead                        
2001e6ef  PRCMHIBRegWrite                       
2001e705  _SlDrvMemZero                         
2001e71b  strchr                                
2001e731  CPUcpsie                              
2001e745  IntVTableBaseSet                      
2001e759  LED_Off                               
2001e76d  LED_On                                
2001e781  _register_unlock                      
2001e787  _register_lock                        
2001e78f  _nop                                  
2001e795  strcpy                                
2001e7a9  strlen                                
2001e7bd  uDMAControlBaseSet                    
2001e7d1  uDMAIntClear                          
2001e7e5  I2CMasterControl                      
2001e7f7  I2CMasterIntClearEx                   
2001e809  I2CMasterTimeoutSet                   
2001e81b  TimerIntClear                         
2001e82d  PRCMSOCReset                          
2001e83d  SL_FD_ZERO                            
2001e84d  Timer_IF_Stop                         
2001e85d  socketClose                           
2001e86d  I2CMasterDataGet                      
2001e87b  _SlDrvResetCmdExt                     
2001e889  __TI_decompress_none                  
2001e897  DmaErrorIntHandler                    
2001e8a5  NwpMaskInterrupt                      
2001e8b1  NwpUnMaskInterrupt                    
2001e8bd  __TI_zero_init                        
2001e8c9  getInternalClient                     
2001e8d5  sl_WlanDisconnect                     
2001e8e1  uDMAEnable                            
2001e8ed  uDMAIntStatus                         
2001e8f9  IntMasterEnable                       
2001e903  vApplicationStackOverflowHook         
2001e90d  sensorsTriggerSetup                   
2001e915  MT9D111Delay                          
2001e91b  ResetISR                              
2001e921  UtilsDelay                            
2001e927  __TI_decompress_rle24                 
2001e92d  logf                                  
2001e933  sinf                                  
2001e939  __abort_execution                     
2001e93d  _system_pre_init                      
2001ea7c  _ctypes_                              
2001f530  OpcodeTranslateTable                  
2001f56c  _SlPolicySetCmdCtrl                   
2001f570  _SlPolicyGetCmdCtrl                   
2001f574  _SlProfileGetCmdCtrl                  
2001f578  _SlProfileDelCmdCtrl                  
2001f57c  _SlWlanGetNetworkListCtrl             
2001f580  _SlRxFilterAddtCmdCtrl                
2001f584  _SlRxFilterSetCmdCtrl                 
2001f588  _SlRxFilterGetCmdCtrl                 
2001f58c  _SlSmartConfigStartCmdCtrl            
2001f590  _SlWlanSetModeCmdCtrl                 
2001f594  _SlWlanCfgSetCmdCtrl                  
2001f598  _SlWlanCfgGetCmdCtrl                  
2001f5a8  _SlActionLookupTable                  
2001f618  _SlFsOpenCmdCtrl                      
2001f61c  _SlFsCloseCmdCtrl                     
2001f620  _SlFsReadCmdCtrl                      
2001f624  _SlFsWriteCmdCtrl                     
2001f628  _SlFsGetInfoCmdCtrl                   
2001f62c  _SlFsDeleteCmdCtrl                    
2001f6bc  g_H2NSyncPattern                      
2001f6c4  g_H2NCnysPattern                      
2001f6cc  RxMsgClassLUT                         
2001f6f0  _SlSockSocketCmdCtrl                  
2001f6f4  _SlSockCloseCmdCtrl                   
2001f6f8  _SlRecvfomCmdCtrl                     
2001f6fc  _SlSendCmdCtrl                        
2001f700  _SlListenCmdCtrl                      
2001f704  _SlAcceptCmdCtrl                      
2001f708  _SlRecvCmdCtrl                        
2001f70c  _SlSetSockOptCmdCtrl                  
2001f710  _SlGetSockOptCmdCtrl                  
2001f714  _SlSelectCmdCtrl                      
2001f7cc  _SlNetAppStartCtrl                    
2001f7d0  _SlNetAppStopCtrl                     
2001f7d4  _SlGetServiceListeCtrl                
2001f7d8  _SlRegisterServiceCtrl                
2001f7dc  _SlGetHostByServiceCtrl               
2001f7e0  _SlGetHostByNameCtrl                  
2001f7e4  _SlNetAppSetCmdCtrl                   
2001f7e8  _SlNetAppSendTokenValueCmdCtrl        
2001f7ec  _SlNetAppGetCmdCtrl                   
2001f88c  g_deviceClientVersion                 
2001f8ce  _SlStopCmdCtrl                        
2001f8d2  _SlEventMaskSetCmdCtrl                
2001f8d6  _SlEventMaskGetCmdCtrl                
2001f8da  _SlDeviceGetCmdCtrl                   
2001f8de  _SlDeviceSetCmdCtrl                   
2001f8e2  _SlPayloadByProtocolLUT               
2001f8f2  pcDigits                              
2001f8fd  StartResponseLUT                      
2001f906  _SlNetCfgSetCmdCtrl                   
2001f90a  _SlNetCfgGetCmdCtrl                   
2001f918  __TI_static_base__                    
2001fe20  __TI_Handler_Table_Base               
2001fe2c  __TI_Handler_Table_Limit              
2001fe38  __TI_CINIT_Base                       
2001fe48  __TI_CINIT_Limit                      
20022400  g_image_buffer                        
20036400  thisMagBuffer                         
200374f8  g_OtaCheckUpdateResponse              
20037944  thisMagCal                            
20037f9c  thisMag                               
20037ff4  g_SecParams                           
20038000  gpCtlTbl                              
20038400  g_OtaFileMetadata                     
200387d8  g_NetEntries                          
20038d48  g_StatMem                             
20038ec0  __CIOBUF_                             
20038fe0  gfpAppCallbackHndl                    
200391a8  thisSV_6DOF_GB_BASIC                  
20039254  __TI_tmpnams                          
200392f4  g_CdnClient                           
20039368  g_ucDinDout                           
200393b8  xQueueRegistry                        
20039408  g_OtaApp                              
20039454  g_OtaApp_statistics                   
200394a0  clientStateFileName                   
200394d4  g_cWlanSecurityKey                    
20039508  thisAccel                             
2003953c  g_OtaClient                           
20039560  g_cWlanSSID                           
20039584  g_ucConnectionSSID                    
200395c4  g_FlcSflashCb                         
200395d8  g_flag_blockFull                      
20039650  ang_buf                               
20039660  globals                               
20039670  mqxglobals                            
20039680  g_LogClient                           
20039688  g_ucConnectionBSSID                   
200396a0  DMAMsgQ                               
200396a4  Elapsed_100MilliSecs                  
200396ac  angle_avg                             
200396b0  dataBuffer                            
200396b4  g_block_lastFilled                    
200396b8  g_cDummy                              
200396bc  g_cWlanSecurityType                   
200396c0  g_frame_size_in_bytes                 
200396c4  g_position_in_block                   
200396c8  g_readHeader                          
200396d0  g_ulAppStatus                         
200396d4  gdoor_40deg_angle                     
200396d8  gdoor_90deg_angle                     
200396e8  RxIrqCnt                              
200396e9  avg_buffer_cnt                        
200396ea  checkForLight_Flag                    
200396eb  g_I2CPeripheral_inUse_Flag            
200396ed  g_flag_DataBlockFilled                
200396ee  g_flag_door_closing_45degree          
200396ef  g_frame_end                           
200396f0  g_ucAngle40                           
200396f1  g_ucAngle90                           
200396f2  g_ucCalibration                       
200396f3  g_ucConfig                            
200396f4  g_ucExitButton                        
200396f5  g_ucMagCalb                           
200396f6  g_ucProfileAdded                      
200396f7  g_ucPushButtonPressedTwice            
200396f8  iDone                                 
200396f9  isitfirsttime                         
200396fa  print_count                           
200396fb  valid_case                            
20039700  _sys_memory                           
ffffffff  __binit__                             
ffffffff  __c_args__                            
ffffffff  binit                                 
UNDEFED   SHT$$INIT_ARRAY$$Base                 
UNDEFED   SHT$$INIT_ARRAY$$Limit                

[869 symbols]
