******************************************************************************
                  TI ARM Linker PC v5.1.6                      
******************************************************************************
>> Linked Tue Apr 07 16:23:00 2015

OUTPUT FILE NAME:   <ULP_SEC_CAM.out>
ENTRY POINT SYMBOL: "_c_int00"  address: 20014695


MEMORY CONFIGURATION

         name            origin    length      used     unused   attr    fill
----------------------  --------  ---------  --------  --------  ----  --------
  SRAM_BOOTLDR          20000000   00004000  00002540  00001ac0  RW X
  SRAM_CODE             20004000   00013000  000128f5  0000070b  RW X
  SRAM_DATA             20017000   0001b000  000188e0  00002720  RW X


SEGMENT ALLOCATION MAP

run origin  load origin   length   init length attrs members
----------  ----------- ---------- ----------- ----- -------
20000000    20000000    00001540   00000000    rw-
  20000000    20000000    00001540   00000000    rw- .data
20003000    20003000    00001000   00000000    rw-
  20003000    20003000    00001000   00000000    rw- .stack
20004000    20004000    00012900   00012900    r-x
  20004000    20004000    00000400   00000400    r-- .intvecs
  20004400    20004400    00010ed4   00010ed4    r-x .text
  200152d8    200152d8    00000a71   00000a71    r-- .const
  20015d50    20015d50    00000bb0   00000bb0    r-- .cinit
20017000    20017000    000188e0   00000000    rw-
  20017000    20017000    000148e0   00000000    rw- .bss
  2002b8e0    2002b8e0    00004000   00000000    rw- .sysmem


SECTION ALLOCATION MAP

 output                                  attributes/
section   page    origin      length       input sections
--------  ----  ----------  ----------   ----------------
.init_array 
*          0    20004000    00000000     UNINITIALIZED

.data      0    20000000    00001540     UNINITIALIZED
                  20000000    00000600     camera_app.obj (.data:JPEG_StdHuffmanTbl)
                  20000600    00000400     camera_app.obj (.data:g_header)
                  20000a00    000003c9     libparse.a : cc3200_certificate.obj (.data:DigiCertHighAssuranceEVRootCA_der)
                  20000dc9    00000003     --HOLE--
                  20000dcc    00000184     simplelink.a : driver.obj (.data)
                  20000f50    000000f0     rtsv7M4_T_le_eabi.lib : defs.obj (.data:_ftable)
                  20001040    000000d0                           : lowlev.obj (.data)
                  20001110    000000b0                           : signal.obj (.data:sigtable)
                  200011c0    00000080                           : xvalues.obj (.data)
                  20001240    00000070                           : xlvalues.obj (.data)
                  200012b0    00000068                           : xfvalues.obj (.data)
                  20001318    00000064     simplelink.a : cc_pal.obj (.data)
                  2000137c    00000040     camera_app.obj (.data:JPEG_StdQuantTblC)
                  200013bc    00000040     camera_app.obj (.data:JPEG_StdQuantTblY)
                  200013fc    00000040     camera_app.obj (.data:zigzag)
                  2000143c    00000034     free_rtos.a : tasks.obj (.data)
                  20001470    0000002c     libparse.a : cc3200_utils.obj (.data:lastDateTime)
                  2000149c    00000018                : cc3200_utils.obj (.data)
                  200014b4    00000018                : request.obj (.data)
                  200014cc    00000010     rtsv7M4_T_le_eabi.lib : defs.obj (.data)
                  200014dc    0000000c     free_rtos.a : osi_freertos.obj (.data)
                  200014e8    0000000c     network_relater_fns.obj (.data)
                  200014f4    0000000c     rtsv7M4_T_le_eabi.lib : memory.obj (.data)
                  20001500    00000008     camera_app.obj (.data)
                  20001508    00000008     rtsv7M4_T_le_eabi.lib : _lock.obj (.data)
                  20001510    00000008                           : exit.obj (.data)
                  20001518    00000008                           : feraiseexcept.obj (.data)
                  20001520    00000006     libparse.a : http.obj (.data)
                  20001526    00000002     --HOLE--
                  20001528    00000004     free_rtos.a : port.obj (.data)
                  2000152c    00000004     libparse.a : cc3200_certificate.obj (.data)
                  20001530    00000004     rtsv7M4_T_le_eabi.lib : errno.obj (.data)
                  20001534    00000004                           : fopen.obj (.data)
                  20001538    00000004                           : rand.obj (.data)
                  2000153c    00000004                           : stkdepth_vars.obj (.data)

.stack     0    20003000    00001000     UNINITIALIZED
                  20003000    00001000     --HOLE--

.intvecs   0    20004000    00000400     
                  20004000    00000400     startup_ccs.obj (.intvecs)

.text      0    20004400    00010ed4     
                  20004400    00001258     free_rtos.a : tasks.obj (.text)
                  20005658    00001024     camera_app.obj (.text)
                  2000667c    00000ec0     rtsv7M4_T_le_eabi.lib : _printfi.obj (.text)
                  2000753c    00000d04     network_relater_fns.obj (.text)
                  20008240    00000c22     accelomtrMagntomtr_fxos8700.obj (.text)
                  20008e62    00000002     driverlib.a : interrupt.obj (.text:IntDefaultHandler)
                  20008e64    00000b24     free_rtos.a : queue.obj (.text)
                  20009988    000008a4     libparse.a : request.obj (.text)
                  2000a22c    0000064e                : cc3200_utils.obj (.text)
                  2000a87a    00000002     --HOLE-- [fill = 0]
                  2000a87c    00000518                : installation.obj (.text)
                  2000ad94    000004a2                : simplejson.obj (.text)
                  2000b236    00000002     --HOLE-- [fill = 0]
                  2000b238    00000498     main.obj (.text)
                  2000b6d0    00000490     libparse.a : cc3200_socket.obj (.text)
                  2000bb60    00000490     rtsv7M4_T_le_eabi.lib : pow.obj (.text)
                  2000bff0    0000045c     free_rtos.a : osi_freertos.obj (.text)
                  2000c44c    000003cc     rtsv7M4_T_le_eabi.lib : memory.obj (.text)
                  2000c818    000003b4     libparse.a : cc3200_client_state.obj (.text)
                  2000cbcc    000003a6     simplelink.a : driver.obj (.text:_SlDrvMsgRead)
                  2000cf72    00000002     --HOLE-- [fill = 0]
                  2000cf74    0000034c                  : driver.obj (.text:_SlAsyncEventGenericHandler)
                  2000d2c0    00000310     rtsv7M4_T_le_eabi.lib : lowlev.obj (.text)
                  2000d5d0    000002e4                           : xlog.obj (.text)
                  2000d8b4    000002d4                           : trgdrv.obj (.text)
                  2000db88    000002a8     mt9d111.obj (.text)
                  2000de30    000002a0     rtsv7M4_T_le_eabi.lib : vla_alloc.obj (.text)
                  2000e0d0    00000290     i2c_if.obj (.text)
                  2000e360    0000026c     uartA1_if.obj (.text)
                  2000e5cc    0000022c     tempRHSens_si7020.obj (.text)
                  2000e7f8    00000214     parse_uploads.obj (.text)
                  2000ea0c    00000200     udma_if.obj (.text)
                  2000ec0c    000001fc     rtsv7M4_T_le_eabi.lib : xexp.obj (.text)
                  2000ee08    000001f4                           : ull_div_t2.obj (.text)
                  2000effc    000001dc     libparse.a : cc3200_certificate.obj (.text)
                  2000f1d8    000001c0     rtsv7M4_T_le_eabi.lib : fopen.obj (.text)
                  2000f398    000001b6                           : fd_add_t2.obj (.text)
                  2000f54e    00000002     --HOLE-- [fill = 0]
                  2000f550    000001b0     i2cconfig.obj (.text)
                  2000f700    000001b0     libparse.a : http.obj (.text)
                  2000f8b0    0000019c     simplelink.a : wlan.obj (.text:sl_WlanConnect)
                  2000fa4c    00000188     rtsv7M4_T_le_eabi.lib : xlatan.obj (.text)
                  2000fbd4    00000164     simplelink.a : driver.obj (.text:_SlDrvDataReadOp)
                  2000fd38    0000015c     i2c_app.obj (.text)
                  2000fe94    00000140     simplelink.a : driver.obj (.text:_SlDrvRxHdrRead)
                  2000ffd4    00000140     rtsv7M4_T_le_eabi.lib : sqrt.obj (.text)
                  20010114    00000136                           : fd_div_t2.obj (.text)
                  2001024a    00000002     --HOLE-- [fill = 0]
                  2001024c    00000134     driverlib.a : prcm.obj (.text:PRCMCC3200MCUInit)
                  20010380    00000134     rtsv7M4_T_le_eabi.lib : fputs.obj (.text)
                  200104b4    00000130     simplelink.a : cc_pal.obj (.text:spi_Open)
                  200105e4    0000012c                  : driver.obj (.text:_SlDrvDataWriteOp)
                  20010710    0000012a     free_rtos.a : list.obj (.text)
                  2001083a    00000002     --HOLE-- [fill = 0]
                  2001083c    00000116     libparse.a : parse_impl.obj (.text)
                  20010952    00000002     --HOLE-- [fill = 0]
                  20010954    00000114     simplelink.a : driver.obj (.text:_SlDrvMsgWrite)
                  20010a68    00000110     free_rtos.a : port.obj (.text)
                  20010b78    00000110     rtsv7M4_T_le_eabi.lib : xdscale.obj (.text)
                  20010c88    0000010c     simplelink.a : driver.obj (.text:_SlDrvWaitForPoolObj)
                  20010d94    00000108                  : socket.obj (.text:sl_Select)
                  20010e9c    00000104                  : driver.obj (.text:_SlDrvReleasePoolObj)
                  20010fa0    00000104     rtsv7M4_T_le_eabi.lib : atan2l.obj (.text)
                  200110a4    000000fc                           : fd_mul_t2.obj (.text)
                  200111a0    000000fa                           : fs_add_t2.obj (.text)
                  2001129a    00000002     --HOLE-- [fill = 0]
                  2001129c    000000f0     driverlib.a : udma.obj (.text:uDMAChannelTransferSet)
                  2001138c    000000e8     simplelink.a : socket.obj (.text:sl_Connect)
                  20011474    000000e8                  : cc_pal.obj (.text:spi_Write)
                  2001155c    000000dc     rtsv7M4_T_le_eabi.lib : setvbuf.obj (.text)
                  20011638    000000d8     simplelink.a : netapp.obj (.text:sl_NetAppDnsGetHostByName)
                  20011710    000000cc                  : cc_pal.obj (.text:spi_Read)
                  200117dc    000000c4     rtsv7M4_T_le_eabi.lib : xdint.obj (.text)
                  200118a0    000000c4                           : xdnorm.obj (.text)
                  20011964    000000c4     simplelink.a : device.obj (.text:sl_Stop)
                  20011a28    000000c0     rtsv7M4_T_le_eabi.lib : fflush.obj (.text)
                  20011ae8    000000c0     simplelink.a : device.obj (.text:sl_Start)
                  20011ba8    000000ba     free_rtos.a : portasm.obj (.text)
                  20011c62    00000002     --HOLE-- [fill = 0]
                  20011c64    000000b4     simplelink.a : driver.obj (.text:_SlDrvMsgReadCmdCtx)
                  20011d18    000000b4     libparse.a : cc3200_debug.obj (.text)
                  20011dcc    000000b2     simplelink.a : netapp.obj (.text:_SlDrvNetAppEventHandler)
                  20011e7e    000000b2     pinmux.obj (.text)
                  20011f30    000000b0     simplelink.a : socket.obj (.text:sl_Send)
                  20011fe0    000000ac     rtsv7M4_T_le_eabi.lib : _io_perm.obj (.text)
                  2001208c    000000a8     driverlib.a : interrupt.obj (.text:IntDisable)
                  20012134    000000a8                 : interrupt.obj (.text:IntEnable)
                  200121dc    000000a0                 : spi.obj (.text:SPIConfigSetExpClk)
                  2001227c    0000009c     rtsv7M4_T_le_eabi.lib : fputc.obj (.text)
                  20012318    0000009c                           : memcpy_t2.obj (.text)
                  200123b4    00000098     simplelink.a : driver.obj (.text:_SlFindAndSetActiveObj)
                  2001244c    00000098     rtsv7M4_T_le_eabi.lib : fclose.obj (.text)
                  200124e4    00000098                           : snprintf.obj (.text)
                  2001257c    00000094     driverlib.a : prcm.obj (.text:PRCMPeripheralClockGet)
                  20012610    00000094     simplelink.a : driver.obj (.text:_SlDrvClassifyRxMsg)
                  200126a4    00000094     rtsv7M4_T_le_eabi.lib : auto_init.obj (.text)
                  20012738    00000090     simplelink.a : driver.obj (.text:_SlDrvMsgReadSpawnCtx)
                  200127c8    0000008c                  : fs.obj (.text:sl_FsRead)
                  20012854    0000008c                  : fs.obj (.text:sl_FsWrite)
                  200128e0    00000088     driverlib.a : pin.obj (.text:PinConfigSet)
                  20012968    00000088     rtsv7M4_T_le_eabi.lib : vsnprintf.obj (.text)
                  200129f0    00000088     simplelink.a : netapp.obj (.text:sl_NetAppMDNSRegisterUnregisterService)
                  20012a78    00000086     rtsv7M4_T_le_eabi.lib : fd_cmp_t2.obj (.text:__aeabi_cdcmple)
                  20012afe    00000086                           : fd_cmp_t2.obj (.text:__aeabi_cdrcmple)
                  20012b84    00000084     driverlib.a : i2c.obj (.text:I2CMasterInitExpClk)
                  20012c08    00000084     simplelink.a : driver.obj (.text:_SlDrvCmdOp)
                  20012c8c    00000080                  : cc_pal.obj (.text:NwpPowerOnPreamble)
                  20012d0c    0000007c                  : driver.obj (.text:_SlDrvDriverCBInit)
                  20012d88    0000007c                  : netapp.obj (.text:_sl_HandleAsync_DnsGetHostByName)
                  20012e04    0000007c                  : device.obj (.text:sl_DevGet)
                  20012e80    0000007c                  : fs.obj (.text:sl_FsClose)
                  20012efc    0000007a     rtsv7M4_T_le_eabi.lib : fs_mul_t2.obj (.text)
                  20012f76    00000002     --HOLE-- [fill = 0]
                  20012f78    00000078     simplelink.a : cc_pal.obj (.text:SetupDMAReceive)
                  20012ff0    00000078     rtsv7M4_T_le_eabi.lib : memset_t2.obj (.text)
                  20013068    00000076     driverlib.a : uart.obj (.text:UARTConfigSetExpClk)
                  200130de    00000002     --HOLE-- [fill = 0]
                  200130e0    00000074     simplelink.a : device.obj (.text:_sl_HandleAsync_InitComplete)
                  20013154    00000074                  : wlan.obj (.text:sl_WlanGet)
                  200131c8    00000074                  : cc_pal.obj (.text:spi_Close)
                  2001323c    00000070                  : netapp.obj (.text:_sl_HandleAsync_PingResponse)
                  200132ac    0000006e                  : socket.obj (.text:_sl_TruncatePayloadByProtocol)
                  2001331a    00000002     --HOLE-- [fill = 0]
                  2001331c    0000006c     rtsv7M4_T_le_eabi.lib : fprintf.obj (.text)
                  20013388    00000068     simplelink.a : socket.obj (.text:_sl_HandleAsync_Connect)
                  200133f0    00000068                  : netapp.obj (.text:_sl_HandleAsync_DnsGetHostByService)
                  20013458    00000068                  : fs.obj (.text:sl_FsGetInfo)
                  200134c0    00000064                  : fs.obj (.text:_sl_GetCreateFsMode)
                  20013524    00000064                  : socket.obj (.text:_sl_HandleAsync_Accept)
                  20013588    00000064     rtsv7M4_T_le_eabi.lib : fseek.obj (.text)
                  200135ec    00000064                           : xdunscal.obj (.text)
                  20013650    00000064     driverlib.a : udma.obj (.text:uDMAChannelAttributeDisable)
                  200136b4    00000064                 : udma.obj (.text:uDMAChannelAttributeEnable)
                  20013718    00000060     rtsv7M4_T_le_eabi.lib : fs_cmp_t2.obj (.text:__aeabi_cfcmple)
                  20013778    00000060                           : fs_cmp_t2.obj (.text:__aeabi_cfrcmple)
                  200137d8    00000060                           : sprintf.obj (.text)
                  20013838    00000060                           : trgmsg.obj (.text)
                  20013898    0000005e                           : copy_decompress_rle.obj (.text)
                  200138f6    0000005a                           : ltoa.obj (.text)
                  20013950    00000058     driverlib.a : interrupt.obj (.text:IntPendClear)
                  200139a8    00000058                 : prcm.obj (.text:PRCMPeripheralReset)
                  20013a00    00000058     simplelink.a : driver.obj (.text:_SlDrvDriverCBDeinit)
                  20013a58    00000058                  : socket.obj (.text:_sl_HandleAsync_Select)
                  20013ab0    00000054     driverlib.a : interrupt.obj (.text:IntPrioritySet)
                  20013b04    00000054     simplelink.a : device.obj (.text:_sl_HandleAsync_Stop)
                  20013b58    00000054                  : fs.obj (.text:sl_FsOpen)
                  20013bac    00000054                  : netapp.obj (.text:sl_NetAppSendTokenValue)
                  20013c00    0000004c     driverlib.a : spi.obj (.text:SPIIntEnable)
                  20013c4c    0000004c     rtsv7M4_T_le_eabi.lib : atoi.obj (.text)
                  20013c98    0000004c                           : rand.obj (.text)
                  20013ce4    0000004c     simplelink.a : socket.obj (.text:sl_SetSockOpt)
                  20013d30    0000004c     driverlib.a : udma.obj (.text:uDMAChannelAssign)
                  20013d7c    0000004a     simplelink.a : device.obj (.text:_sl_GetStartResponseConvert)
                  20013dc6    0000004a     rtsv7M4_T_le_eabi.lib : fd_tos_t2.obj (.text)
                  20013e10    00000048     driverlib.a : spi.obj (.text:SPIIntClear)
                  20013e58    00000048     rtsv7M4_T_le_eabi.lib : fd_toi_t2.obj (.text)
                  20013ea0    00000048     simplelink.a : device.obj (.text:sl_DevSet)
                  20013ee8    00000048                  : fs.obj (.text:sl_FsDel)
                  20013f30    00000048                  : wlan.obj (.text:sl_WlanSet)
                  20013f78    00000044     driverlib.a : spi.obj (.text:SPIDmaMaskGet)
                  20013fbc    00000044     rtsv7M4_T_le_eabi.lib : cpy_tbl.obj (.text)
                  20014000    00000044                           : exit.obj (.text)
                  20014044    00000044                           : fd_tou_t2.obj (.text)
                  20014088    00000044                           : xdtest.obj (.text)
                  200140cc    00000044     simplelink.a : netcfg.obj (.text:sl_NetCfgSet)
                  20014110    00000044                  : socket.obj (.text:sl_Recv)
                  20014154    00000040     driverlib.a : pin.obj (.text:PinModeSet)
                  20014194    00000040     simplelink.a : driver.obj (.text:_SlDrvRxIrqHandler)
                  200141d4    00000040                  : driver.obj (.text:_SlRemoveFromList)
                  20014214    00000040     rtsv7M4_T_le_eabi.lib : signal.obj (.text)
                  20014254    00000040     simplelink.a : wlan.obj (.text:sl_WlanPolicySet)
                  20014294    00000040                  : wlan.obj (.text:sl_WlanRxFilterSet)
                  200142d4    0000003c                  : cc_pal.obj (.text:NwpPowerOff)
                  20014310    0000003c     driverlib.a : prcm.obj (.text:PRCMPeripheralClkEnable)
                  2001434c    0000003c     simplelink.a : driver.obj (.text:_SlDrvObjInit)
                  20014388    0000003c     rtsv7M4_T_le_eabi.lib : strncasecmp.obj (.text)
                  200143c4    0000003c     driverlib.a : udma.obj (.text:uDMAChannelControlSet)
                  20014400    0000003a                 : camera.obj (.text:CameraCaptureStop)
                  2001443a    0000003a                 : camera.obj (.text:CameraXClkConfig)
                  20014474    00000038     free_rtos.a : heap_3.obj (.text)
                  200144ac    00000038     rtsv7M4_T_le_eabi.lib : fs_tod_t2.obj (.text)
                  200144e4    00000038                           : fs_toi_t2.obj (.text)
                  2001451c    00000038                           : i_tofs_t2.obj (.text)
                  20014554    00000038     simplelink.a : socket.obj (.text:sl_Htonl)
                  2001458c    00000036     driverlib.a : gpio.obj (.text:GPIODirModeSet)
                  200145c2    00000034                 : camera.obj (.text:CameraParamsConfig)
                  200145f6    00000002     --HOLE-- [fill = 0]
                  200145f8    00000034                 : prcm.obj (.text:PRCMPeripheralStatusGet)
                  2001462c    00000034                 : spi.obj (.text:SPIFIFOLevelSet)
                  20014660    00000034     simplelink.a : driver.obj (.text:_SlDrvBasicCmd)
                  20014694    00000034     rtsv7M4_T_le_eabi.lib : boot.obj (.text)
                  200146c8    00000034                           : feraiseexcept.obj (.text)
                  200146fc    00000034                           : fs_tou_t2.obj (.text)
                  20014730    00000034                           : strstr.obj (.text)
                  20014764    00000034     simplelink.a : socket.obj (.text:sl_Htons)
                  20014798    00000030                  : cc_pal.obj (.text:NwpPowerOn)
                  200147c8    00000030     driverlib.a : pin.obj (.text:PinTypeGPIO)
                  200147f8    00000030                 : uart.obj (.text:UARTDisable)
                  20014828    00000030     rtsv7M4_T_le_eabi.lib : strncpy.obj (.text)
                  20014858    00000030                           : xferaise.obj (.text)
                  20014888    00000030     simplelink.a : socket.obj (.text:sl_Socket)
                  200148b8    0000002e     rtsv7M4_T_le_eabi.lib : i_tofd_t2.obj (.text)
                  200148e6    0000002e                           : raise.obj (.text)
                  20014914    0000002c     driverlib.a : camera.obj (.text:CameraIntEnable)
                  20014940    0000002c     simplelink.a : cc_pal.obj (.text:DmaSpiSwIntHandler)
                  2001496c    0000002c     driverlib.a : i2c.obj (.text:I2CMasterErr)
                  20014998    0000002c                 : prcm.obj (.text:PRCMSysResetCauseGet)
                  200149c4    0000002c     simplelink.a : flowcont.obj (.text:_SlDrvFlowContDeinit)
                  200149f0    0000002c                  : flowcont.obj (.text:_SlDrvFlowContInit)
                  20014a1c    00000028     driverlib.a : camera.obj (.text:CameraIntStatus)
                  20014a44    00000028                 : prcm.obj (.text:PRCMPeripheralClkDisable)
                  20014a6c    00000028     simplelink.a : socket.obj (.text:_sl_BuildAddress)
                  20014a94    00000028     rtsv7M4_T_le_eabi.lib : strncat.obj (.text)
                  20014abc    00000028     simplelink.a : wlan.obj (.text:sl_WlanSetMode)
                  20014ae4    00000026     driverlib.a : camera.obj (.text:CameraThresholdSet)
                  20014b0a    00000026     rtsv7M4_T_le_eabi.lib : strncmp.obj (.text)
                  20014b30    00000024     driverlib.a : camera.obj (.text:CameraIntClear)
                  20014b54    00000024                 : interrupt.obj (.text:IntUnregister)
                  20014b78    00000024                 : uart.obj (.text:UARTEnable)
                  20014b9c    00000024     rtsv7M4_T_le_eabi.lib : memmov.obj (.text)
                  20014bc0    00000024     simplelink.a : socket.obj (.text:sl_Close)
                  20014be4    00000024                  : netapp.obj (.text:sl_NetAppStart)
                  20014c08    00000024                  : netapp.obj (.text:sl_NetAppStop)
                  20014c2c    00000024                  : wlan.obj (.text:sl_WlanProfileDel)
                  20014c50    00000022     driverlib.a : camera.obj (.text:CameraCaptureStart)
                  20014c72    00000022                 : i2c.obj (.text:I2CMasterSlaveAddrSet)
                  20014c94    00000022     simplelink.a : cc_pal.obj (.text:NwpRegisterInterruptHandler)
                  20014cb6    00000022     driverlib.a : spi.obj (.text:SPIReset)
                  20014cd8    00000022                 : spi.obj (.text:SPIWordCountSet)
                  20014cfa    00000022     rtsv7M4_T_le_eabi.lib : memcmp.obj (.text)
                  20014d1c    00000020     driverlib.a : interrupt.obj (.text:IntRegister)
                  20014d3c    00000020     simplelink.a : driver.obj (.text:_SlDrvCmdSend)
                  20014d5c    00000020     rtsv7M4_T_le_eabi.lib : u_tofd_t2.obj (.text)
                  20014d7c    0000001e     driverlib.a : i2c.obj (.text:I2CMasterIntStatusEx)
                  20014d9a    0000001e                 : uart.obj (.text:UARTCharPut)
                  20014db8    0000001c                 : pin.obj (.text:PinTypeI2C)
                  20014dd4    0000001c     simplelink.a : driver.obj (.text:_SlDrvObjDeInit)
                  20014df0    0000001c     rtsv7M4_T_le_eabi.lib : memccpy.obj (.text)
                  20014e0c    0000001c     driverlib.a : udma.obj (.text:uDMAChannelDisable)
                  20014e28    0000001c                 : udma.obj (.text:uDMAChannelEnable)
                  20014e44    0000001c                 : udma.obj (.text:uDMAChannelRequest)
                  20014e60    0000001a     simplelink.a : netapp.obj (.text:CopyPingResultsToReport)
                  20014e7a    0000001a     driverlib.a : pin.obj (.text:PinTypeCamera)
                  20014e94    0000001a                 : pin.obj (.text:PinTypeUART)
                  20014eae    0000001a                 : spi.obj (.text:SPIDmaDisable)
                  20014ec8    0000001a                 : spi.obj (.text:SPIDmaEnable)
                  20014ee2    0000001a                 : spi.obj (.text:SPIFIFODisable)
                  20014efc    0000001a                 : spi.obj (.text:SPIFIFOEnable)
                  20014f16    0000001a     simplelink.a : device.obj (.text:_SlDrvDeviceEventHandler)
                  20014f30    00000018     driverlib.a : camera.obj (.text:CameraReset)
                  20014f48    00000018                 : gpio.obj (.text:GPIOPinRead)
                  20014f60    00000018                 : spi.obj (.text:SPICSDisable)
                  20014f78    00000018                 : spi.obj (.text:SPICSEnable)
                  20014f90    00000018                 : spi.obj (.text:SPIDisable)
                  20014fa8    00000018                 : spi.obj (.text:SPIEnable)
                  20014fc0    00000018     rtsv7M4_T_le_eabi.lib : args_main.obj (.text)
                  20014fd8    00000018                           : ll_mul_t2.obj (.text)
                  20014ff0    00000018                           : strcmp.obj (.text)
                  20015008    00000016     driverlib.a : camera.obj (.text:CameraDMAEnable)
                  2001501e    00000016                 : camera.obj (.text:CameraIntRegister)
                  20015034    00000016                 : i2c.obj (.text:I2CMasterDataPut)
                  2001504a    00000016                 : i2c.obj (.text:I2CMasterEnable)
                  20015060    00000016                 : prcm.obj (.text:PRCMHIBRegRead)
                  20015076    00000016                 : prcm.obj (.text:PRCMHIBRegWrite)
                  2001508c    00000016                 : uart.obj (.text:UARTCharGet)
                  200150a2    00000016     simplelink.a : fs.obj (.text:_sl_Strlen)
                  200150b8    00000016     rtsv7M4_T_le_eabi.lib : memchr.obj (.text)
                  200150ce    00000016                           : strchr.obj (.text)
                  200150e4    00000016     driverlib.a : udma.obj (.text:uDMAIntRegister)
                  200150fa    00000014                 : cpu.obj (.text:CPUcpsie)
                  2001510e    00000002     --HOLE-- [fill = 0]
                  20015110    00000014                 : interrupt.obj (.text:IntVTableBaseSet)
                  20015124    00000014     simplelink.a : driver.obj (.text:_SlDrvShiftDWord)
                  20015138    00000014     rtsv7M4_T_le_eabi.lib : _lock.obj (.text)
                  2001514c    00000014                           : strlen.obj (.text)
                  20015160    00000014     driverlib.a : udma.obj (.text:uDMAControlBaseSet)
                  20015174    00000014                 : udma.obj (.text:uDMAIntClear)
                  20015188    00000012                 : i2c.obj (.text:I2CMasterControl)
                  2001519a    00000012                 : i2c.obj (.text:I2CMasterIntClearEx)
                  200151ac    00000012                 : i2c.obj (.text:I2CMasterTimeoutSet)
                  200151be    00000012     rtsv7M4_T_le_eabi.lib : copy_zero_init.obj (.text:decompress:ZI)
                  200151d0    00000012     simplelink.a : netapp.obj (.text:sl_NetAppMDNSUnRegisterService)
                  200151e2    00000012     driverlib.a : udma.obj (.text:uDMAIntUnregister)
                  200151f4    00000010     simplelink.a : cc_pal.obj (.text:NwpMaskInterrupt)
                  20015204    00000010                  : socket.obj (.text:SL_FD_SET)
                  20015214    00000010     rtsv7M4_T_le_eabi.lib : strcpy.obj (.text)
                  20015224    00000010                           : tolower.obj (.text)
                  20015234    0000000e     driverlib.a : i2c.obj (.text:I2CMasterDataGet)
                  20015242    0000000e     rtsv7M4_T_le_eabi.lib : copy_decompress_none.obj (.text:decompress:none)
                  20015250    0000000e                           : xdclass.obj (.text)
                  2001525e    0000000e     startup_ccs.obj (.text)
                  2001526c    0000000c     simplelink.a : cc_pal.obj (.text:NwpUnMaskInterrupt)
                  20015278    0000000c     driverlib.a : udma.obj (.text:uDMADisable)
                  20015284    0000000c                 : udma.obj (.text:uDMAEnable)
                  20015290    0000000c                 : udma.obj (.text:uDMAIntStatus)
                  2001529c    0000000a                 : interrupt.obj (.text:IntMasterEnable)
                  200152a6    00000008     simplelink.a : wlan.obj (.text:sl_WlanDisconnect)
                  200152ae    00000006     i2cconfig.obj (.text:MT9D111Delay)
                  200152b4    00000006     simplelink.a : socket.obj (.text:SL_FD_ZERO)
                  200152ba    00000006     driverlib.a : utils.obj (.text:UtilsDelay)
                  200152c0    00000006     rtsv7M4_T_le_eabi.lib : copy_decompress_rle.obj (.text:decompress:rle24)
                  200152c6    00000006                           : log.obj (.text)
                  200152cc    00000004                           : error.obj (.text)
                  200152d0    00000004                           : xldtest.obj (.text)

.const     0    200152d8    00000a71     
                  200152d8    0000013c     mt9d111.obj (.const:init_cmds_list)
                  20015414    00000102     rtsv7M4_T_le_eabi.lib : ctype.obj (.const:.string:_ctypes_)
                  20015516    00000002     tempRHSens_si7020.obj (.const:.string)
                  20015518    00000100     driverlib.a : pin.obj (.const:g_ulPinToPadMap)
                  20015618    000000ec     simplelink.a : wlan.obj (.const)
                  20015704    000000d4     driverlib.a : interrupt.obj (.const:g_pulRegs)
                  200157d8    000000b4     mt9d111.obj (.const:capture_cmds_list)
                  2001588c    000000a8     driverlib.a : prcm.obj (.const:PRCM_PeriphRegsList)
                  20015934    00000004     --HOLE-- [fill = 0]
                  20015938    00000088     rtsv7M4_T_le_eabi.lib : xlatan.obj (.const)
                  200159c0    00000080     driverlib.a : interrupt.obj (.const)
                  20015a40    00000051     network_relater_fns.obj (.const:.string)
                  20015a91    00000003     --HOLE-- [fill = 0]
                  20015a94    0000004c     simplelink.a : driver.obj (.const)
                  20015ae0    00000048     rtsv7M4_T_le_eabi.lib : xexp.obj (.const)
                  20015b28    00000038                           : xlog.obj (.const:p)
                  20015b60    00000038     simplelink.a : fs.obj (.const)
                  20015b98    00000034                  : socket.obj (.const)
                  20015bcc    00000030     rtsv7M4_T_le_eabi.lib : xdint.obj (.const)
                  20015bfc    0000002c     libparse.a : cc3200_utils.obj (.const:$P$T0$1)
                  20015c28    0000002c     network_relater_fns.obj (.const:$P$T1$2)
                  20015c54    00000028     simplelink.a : netapp.obj (.const)
                  20015c7c    00000022     network_relater_fns.obj (.const:.string:$P$T0$1)
                  20015c9e    00000022     mt9d111.obj (.const:.string)
                  20015cc0    00000020     network_relater_fns.obj (.const)
                  20015ce0    00000018     driverlib.a : spi.obj (.const)
                  20015cf8    00000017     libparse.a : request.obj (.const:.string)
                  20015d0f    00000001     --HOLE-- [fill = 0]
                  20015d10    00000014     simplelink.a : device.obj (.const)
                  20015d24    0000000d     camera_app.obj (.const:.string)
                  20015d31    0000000b     parse_uploads.obj (.const:.string)
                  20015d3c    00000008     simplelink.a : netcfg.obj (.const)
                  20015d44    00000005     main.obj (.const:.string)

.cinit     0    20015d50    00000bb0     
                  20015d50    00000b8a     (.cinit..data.load) [load image, compression = rle]
                  200168da    00000002     --HOLE-- [fill = 0]
                  200168dc    0000000c     (__TI_handler_table)
                  200168e8    00000008     (.cinit..bss.load) [load image, compression = zero_init]
                  200168f0    00000010     (__TI_cinit_table)

.bss       0    20017000    000148e0     UNINITIALIZED
                  20017000    00014000     main.obj (.bss:g_image_buffer)
                  2002b000    00000400     udma_if.obj (.bss:gpCtlTbl)
                  2002b400    00000120     rtsv7M4_T_le_eabi.lib : trgmsg.obj (.bss:__CIOBUF_)
                  2002b520    00000100     udma_if.obj (.bss:gfpAppCallbackHndl)
                  2002b620    000000c8     free_rtos.a : tasks.obj (.bss:pxReadyTasksLists)
                  2002b6e8    000000a0     rtsv7M4_T_le_eabi.lib : defs.obj (.bss:__TI_tmpnams)
                  2002b788    00000050     free_rtos.a : queue.obj (.bss:xQueueRegistry)
                  2002b7d8    00000034     libparse.a : cc3200_client_state.obj (.bss:clientStateFileName)
                  2002b80c    00000024     network_relater_fns.obj (.bss:g_ucConnectionSSID)
                  2002b830    0000001c     rtsv7M4_T_le_eabi.lib : vla_alloc.obj (.bss)
                  2002b84c    00000014     (.common:xDelayedTaskList1)
                  2002b860    00000014     (.common:xDelayedTaskList2)
                  2002b874    00000014     (.common:xPendingReadyList)
                  2002b888    00000014     (.common:xSuspendedTaskList)
                  2002b89c    00000014     (.common:xTasksWaitingTermination)
                  2002b8b0    00000008     (.common:g_ucConnectionBSSID)
                  2002b8b8    00000008     (.common:parmbuf)
                  2002b8c0    00000004     (.common:__Errorlog)
                  2002b8c4    00000004     (.common:dataBuffer)
                  2002b8c8    00000004     (.common:g_frame_size_in_bytes)
                  2002b8cc    00000004     (.common:g_header_length)
                  2002b8d0    00000004     (.common:g_total_dma_intrpts)
                  2002b8d4    00000004     (.common:pxDelayedTaskList)
                  2002b8d8    00000004     (.common:pxOverflowDelayedTaskList)
                  2002b8dc    00000001     (.common:g_CaptureImage)
                  2002b8dd    00000001     (.common:g_dma_txn_done)
                  2002b8de    00000001     (.common:g_frame_end)
                  2002b8df    00000001     (.common:iDone)

.sysmem    0    2002b8e0    00004000     UNINITIALIZED
                  2002b8e0    00000008     rtsv7M4_T_le_eabi.lib : memory.obj (.sysmem)
                  2002b8e8    00003ff8     --HOLE--


LINKER GENERATED COPY TABLES

__TI_cinit_table @ 200168f0 records: 2, size/record: 8, table size: 16
	.data: load addr=20015d50, load size=00000b8a bytes, run addr=20000000, run size=00001540 bytes, compression=rle
	.bss: load addr=200168e8, load size=00000008 bytes, run addr=20017000, run size=000148e0 bytes, compression=zero_init


LINKER GENERATED HANDLER TABLE

__TI_handler_table @ 200168dc records: 3, size/record: 4, table size: 12
	index: 0, handler: __TI_decompress_rle24
	index: 1, handler: __TI_decompress_none
	index: 2, handler: __TI_zero_init


GLOBAL SYMBOLS: SORTED ALPHABETICALLY BY Name 

address    name
--------   ----
20014001   C$$EXIT
20013863   C$$IO$$
200150fb   CPUcpsie
20005b51   CamControllerInit
20014c51   CameraCaptureStart
20014401   CameraCaptureStop
20015009   CameraDMAEnable
20014b31   CameraIntClear
20014915   CameraIntEnable
2001501f   CameraIntRegister
20014a1d   CameraIntStatus
200145c3   CameraParamsConfig
20014f31   CameraReset
2000db89   CameraSensorInit
20014ae5   CameraThresholdSet
2001443b   CameraXClkConfig
20005745   CaptureImage
2000e3a1   ClearTerm
2000b251   CollectTxit_ImgTempRH
2000786b   ConfigureMode
2000756d   ConfigureSimpleLinkToDefaultState
2000790d   ConnectToNetwork
200079f7   ConnectToNetwork_2
20007ad9   ConnectToNetwork_STA
20007aa9   ConnectToNetwork_STA_2
20014e61   CopyPingResultsToReport
20001324   DMAMsgQ
2000ebb3   DMASetupTransfer
2000152c   DigiCertHighAssuranceEVRootCA_der_len
2000ea23   DmaErrorIntHandler
20014941   DmaSpiSwIntHandler
2000ea0d   DmaSwIntHandler
2000e3ab   Error
200089b9   FXOS8700CQ_Init
20008ac9   FXOS8700CQ_Mag_Calibration
2001458d   GPIODirModeSet
20014f49   GPIOPinRead
2000e3e3   GetCmd
2000db41   HOSTclock
2000db09   HOSTclose
2000dacb   HOSTgetenv
2000da6f   HOSTlseek
2000da1d   HOSTopen
2000d9d1   HOSTread
2000d973   HOSTrename
2000d939   HOSTtime
2000d901   HOSTunlink
2000d8b5   HOSTwrite
2000f56f   I2CBufferRead
2000f637   I2CBufferWrite
2000f551   I2CInit
20015189   I2CMasterControl
20015235   I2CMasterDataGet
20015035   I2CMasterDataPut
2001504b   I2CMasterEnable
2001496d   I2CMasterErr
20012b85   I2CMasterInitExpClk
2001519b   I2CMasterIntClearEx
20014d7d   I2CMasterIntStatusEx
20014c73   I2CMasterSlaveAddrSet
200151ad   I2CMasterTimeoutSet
2000e349   I2C_IF_Close
2000e301   I2C_IF_Open
2000e1fb   I2C_IF_Read
2000e2b7   I2C_IF_ReadFrom
2000e145   I2C_IF_Write
2000e361   InitTerm
2000e7f9   InitialiseParse
2000753d   InitializeAppVariables
2001208d   IntDisable
20012135   IntEnable
2001529d   IntMasterEnable
20013951   IntPendClear
20013ab1   IntPrioritySet
20014d1d   IntRegister
20014b55   IntUnregister
20015111   IntVTableBaseSet
20000000   JPEG_StdHuffmanTbl
2000137c   JPEG_StdQuantTblC
200013bc   JPEG_StdQuantTblY
200152af   MT9D111Delay
2000e37f   Message
200151f5   NwpMaskInterrupt
200142d5   NwpPowerOff
20014799   NwpPowerOn
20012c8d   NwpPowerOnPreamble
20014c95   NwpRegisterInterruptHandler
2001526d   NwpUnMaskInterrupt
2001024d   PRCMCC3200MCUInit
20015061   PRCMHIBRegRead
20015077   PRCMHIBRegWrite
20014a45   PRCMPeripheralClkDisable
20014311   PRCMPeripheralClkEnable
2001257d   PRCMPeripheralClockGet
200139a9   PRCMPeripheralReset
200145f9   PRCMPeripheralStatusGet
20014999   PRCMSysResetCauseGet
200128e1   PinConfigSet
20014155   PinModeSet
20011e7f   PinMuxConfig
20014e7b   PinTypeCamera
200147c9   PinTypeGPIO
20014db9   PinTypeI2C
20014e95   PinTypeUART
2000e50d   Report
2001525f   ResetISR
UNDEFED    SHT$$INIT_ARRAY$$Base
UNDEFED    SHT$$INIT_ARRAY$$Limit
20015205   SL_FD_SET
200152b5   SL_FD_ZERO
20014f61   SPICSDisable
20014f79   SPICSEnable
200121dd   SPIConfigSetExpClk
20014f91   SPIDisable
20014eaf   SPIDmaDisable
20014ec9   SPIDmaEnable
20014fa9   SPIEnable
20014ee3   SPIFIFODisable
20014efd   SPIFIFOEnable
2001462d   SPIFIFOLevelSet
20013e11   SPIIntClear
20013c01   SPIIntEnable
20014cb7   SPIReset
20014cd9   SPIWordCountSet
2000eab5   SetupTransfer
20007f55   SimpleLinkHttpServerCallback
20007e39   SimpleLinkNetAppEventHandler
20007ee1   SimpleLinkSockEventHandler
20007d05   SimpleLinkWlanEventHandler
20005659   StartCamera
2000db9f   StartSensorInJpegMode
2000e475   TrimSpace
2001508d   UARTCharGet
20014d9b   UARTCharPut
20013069   UARTConfigSetExpClk
200147f9   UARTDisable
20014b79   UARTEnable
2000ea87   UDMAChannelSelect
2000eb9f   UDMADeInit
2000ea2f   UDMAInit
2000eaf9   UDMASetupAutoMemTransfer
2000eb2d   UDMASetupPingPongTransfer
2000eb87   UDMAStartTransfer
2000eb93   UDMAStopTransfer
2000e813   UploadImageToParse
2000e83d   UploadSensorDataToParse
200152bb   UtilsDelay
2000c2b9   VDeleteSimpleLinkSpawnTask
2000c269   VStartSimpleLinkSpawnTask
20015251   _Dclass
200011c0   _Denorm
200117dd   _Dint
200118a1   _Dnorm
20010b79   _Dscale
20014089   _Dtest
200135ed   _Dunscale
200011d0   _Eps
20001530   _Errno
2000ec0d   _Exp
200012b0   _FDenorm
200012c0   _FEps
200012d0   _FInf
200012e0   _FNan
20001300   _FRteps
200012f0   _FSnan
20001310   _FXbig
20001314   _FZero
20001518   _Fenv
20014859   _Feraise
200011e0   _Hugeval
200011f0   _Inf
2000fa4d   _LAtan
20001240   _LDenorm
200152d1   _LDtest
20001250   _LEps
20001260   _LInf
20001270   _LNan
20001290   _LRteps
20001280   _LSnan
200012a0   _LXbig
200012a8   _LZero
2000d5d1   _Log
20001200   _Nan
20001220   _Rteps
20015bb8   _SlAcceptCmdCtrl
20015aa8   _SlActionLookupTable
2000cf75   _SlAsyncEventGenericHandler
20015d1c   _SlDeviceGetCmdCtrl
20015d20   _SlDeviceSetCmdCtrl
20014661   _SlDrvBasicCmd
20012611   _SlDrvClassifyRxMsg
20012c09   _SlDrvCmdOp
20014d3d   _SlDrvCmdSend
2000fbd5   _SlDrvDataReadOp
200105e5   _SlDrvDataWriteOp
20014f17   _SlDrvDeviceEventHandler
20013a01   _SlDrvDriverCBDeinit
20012d0d   _SlDrvDriverCBInit
200149c5   _SlDrvFlowContDeinit
200149f1   _SlDrvFlowContInit
2000cbcd   _SlDrvMsgRead
20011c65   _SlDrvMsgReadCmdCtx
20012739   _SlDrvMsgReadSpawnCtx
20010955   _SlDrvMsgWrite
20011dcd   _SlDrvNetAppEventHandler
20014dd5   _SlDrvObjDeInit
2001434d   _SlDrvObjInit
20010e9d   _SlDrvReleasePoolObj
2000fe95   _SlDrvRxHdrRead
20014195   _SlDrvRxIrqHandler
20015125   _SlDrvShiftDWord
20010c89   _SlDrvWaitForPoolObj
20015d18   _SlEventMaskGetCmdCtrl
20015d14   _SlEventMaskSetCmdCtrl
200123b5   _SlFindAndSetActiveObj
20015b64   _SlFsCloseCmdCtrl
20015b74   _SlFsDeleteCmdCtrl
20015b70   _SlFsGetInfoCmdCtrl
20015b60   _SlFsOpenCmdCtrl
20015b68   _SlFsReadCmdCtrl
20015b6c   _SlFsWriteCmdCtrl
20015c6c   _SlGetHostByNameCtrl
20015c68   _SlGetHostByServiceCtrl
20015c60   _SlGetServiceListeCtrl
20015bc4   _SlGetSockOptCmdCtrl
20015bb4   _SlListenCmdCtrl
20015c78   _SlNetAppGetCmdCtrl
20015c74   _SlNetAppSendTokenValueCmdCtrl
20015c70   _SlNetAppSetCmdCtrl
20015c58   _SlNetAppStartCtrl
20015c5c   _SlNetAppStopCtrl
20015d40   _SlNetCfgGetCmdCtrl
20015d3c   _SlNetCfgSetCmdCtrl
20015620   _SlPolicyGetCmdCtrl
2001561c   _SlPolicySetCmdCtrl
20015628   _SlProfileDelCmdCtrl
20015624   _SlProfileGetCmdCtrl
20015bbc   _SlRecvCmdCtrl
20015bac   _SlRecvfomCmdCtrl
20015c64   _SlRegisterServiceCtrl
200141d5   _SlRemoveFromList
20015630   _SlRxFilterAddtCmdCtrl
20015638   _SlRxFilterGetCmdCtrl
20015634   _SlRxFilterSetCmdCtrl
20015bc8   _SlSelectCmdCtrl
20015bb0   _SlSendCmdCtrl
20015bc0   _SlSetSockOptCmdCtrl
2001563c   _SlSmartConfigStartCmdCtrl
20015ba8   _SlSockCloseCmdCtrl
20015ba4   _SlSockSocketCmdCtrl
20015d10   _SlStopCmdCtrl
20015648   _SlWlanCfgGetCmdCtrl
20015644   _SlWlanCfgSetCmdCtrl
2001562c   _SlWlanGetNetworkListCtrl
20015640   _SlWlanSetModeCmdCtrl
20001210   _Snan
2000151c   _Tls_setup__Fenv
20001230   _Xbig
20001238   _Zero
2002b400   __CIOBUF_
20004000   __STACK_END
00001000   __STACK_SIZE
00004000   __SYSMEM_SIZE
200168f0   __TI_CINIT_Base
20016900   __TI_CINIT_Limit
200168dc   __TI_Handler_Table_Base
200168e8   __TI_Handler_Table_Limit
00000001   __TI_args_main
200126a5   __TI_auto_init
2000f2a1   __TI_cleanup
20001510   __TI_cleanup_ptr
2001244d   __TI_closefile
20015243   __TI_decompress_none
200152c1   __TI_decompress_rle24
20011a29   __TI_doflush
20001514   __TI_dtors_ptr
200014cc   __TI_ft_end
20007233   __TI_printfi
20012043   __TI_rd_ok
20013867   __TI_readmsg
20015d50   __TI_static_base__
2002b6e8   __TI_tmpnams
20013839   __TI_writemsg
20011fe1   __TI_wrt_ok
200151bf   __TI_zero_init
200152cd   __abort_execution
20012a79   __aeabi_cdcmpeq
20012a79   __aeabi_cdcmple
20012aff   __aeabi_cdrcmple
20013719   __aeabi_cfcmpeq
20013719   __aeabi_cfcmple
20013779   __aeabi_cfrcmple
20013dc7   __aeabi_d2f
20013e59   __aeabi_d2iz
20014045   __aeabi_d2uiz
2000f3a3   __aeabi_dadd
20010115   __aeabi_ddiv
200110a5   __aeabi_dmul
2000f399   __aeabi_dsub
200144ad   __aeabi_f2d
200144e5   __aeabi_f2iz
200146fd   __aeabi_f2uiz
200111a5   __aeabi_fadd
20012efd   __aeabi_fmul
200111a1   __aeabi_fsub
200148b9   __aeabi_i2d
2001451d   __aeabi_i2f
20014fd9   __aeabi_lmul
20012ff1   __aeabi_memclr
20012ff1   __aeabi_memclr4
20012ff1   __aeabi_memclr8
20012319   __aeabi_memcpy
20012319   __aeabi_memcpy4
20012319   __aeabi_memcpy8
20012ff3   __aeabi_memset
20012ff3   __aeabi_memset4
20012ff3   __aeabi_memset8
200014d8   __aeabi_stderr
200014d0   __aeabi_stdin
200014d4   __aeabi_stdout
20014d5d   __aeabi_ui2d
2000ee09   __aeabi_uldivmod
ffffffff   __binit__
ffffffff   __c_args__
20003000   __stack
2000df3f   __vla_alloc
2000de31   __vla_dealloc
2000debf   __vla_dealloc_eh
20014fc1   _args_main
20014695   _c_int00
20015414   _ctypes_
20000f50   _ftable
20001508   _lock
20015147   _nop
2001513f   _register_lock
20015139   _register_unlock
20014a6d   _sl_BuildAddress
200134c1   _sl_GetCreateFsMode
20013d7d   _sl_GetStartResponseConvert
20013525   _sl_HandleAsync_Accept
20013389   _sl_HandleAsync_Connect
20012d89   _sl_HandleAsync_DnsGetHostByName
200133f1   _sl_HandleAsync_DnsGetHostByService
200130e1   _sl_HandleAsync_InitComplete
2001323d   _sl_HandleAsync_PingResponse
20013a59   _sl_HandleAsync_Select
20013b05   _sl_HandleAsync_Stop
200150a3   _sl_Strlen
200132ad   _sl_TruncatePayloadByProtocol
2002b8e0   _sys_memory
2000150c   _unlock
20014005   abort
2000f7af   addHttpRequestHeader
2000f7dd   addHttpRequestHeaderInt
2000f701   addHttpRequestLine
2000d523   add_device
20010fa1   atan2l
20013c4d   atoi
2000f76b   beginHttpGetRequest
2000f749   beginHttpRequest
ffffffff   binit
200099ab   buildRequestHeaders
2000c7e1   calloc
20008995   clearAccelMotionIntrpt
2002b7d8   clientStateFileName
2000d4d1   close
200014c4   cnt
2000831d   configureFXOS8700
2000e613   configureTempRHSensor
20013fbd   copy_in
2000a9f3   createInstallation
2000a3bd   createNewInstallationId
2002b8c4   dataBuffer
200014c8   dataBufferSize
20011d19   debugPrint
20011d3b   debugPrintf
20004691   eTaskGetState
2000effd   ensureCertificateFile
2001400d   exit
200124b3   fclose
200146c9   feraiseexcept
2000a349   fetchDeviceOSVersion
20011a75   fflush
2000b15f   findSecondJson
2000f2f7   fopen
20013325   fprintf
2001227d   fputc
20010381   fputs
2000c53b   free
2000f2cd   freopen
20013589   fseek
20000dd0   gFirstCmdMode
2002b8dc   g_CaptureImage
20015aa0   g_H2NCnysPattern
20015a98   g_H2NSyncPattern
20001318   g_SpiFd
20000dd8   g_StatMem
20001328   g_cDummy
20015cf8   g_deviceClientVersion
2002b8c8   g_frame_size_in_bytes
20000600   g_header
2002b8cc   g_header_length
20017000   g_image_buffer
2000149c   g_osVersion
20000dd4   g_pCB
2000131c   g_pHostIntHdl
20004000   g_pfnVectors
2002b8b0   g_ucConnectionBSSID
2002b80c   g_ucConnectionSSID
20001320   g_ucDMAEnabled
2000132c   g_ucDinDout
200014f0   g_uiSimplelinkRole
200014ec   g_ulGatewayIP
20001504   g_ulPingPacketsRecv
200014e8   g_ulStatus
200087dd   getAccelerationMagnitude
20008769   getDoorDirection
2000f82b   getHttpResponseBody
2000f7ff   getHttpResponseStatus
2000aa43   getInstallation
200108e7   getInternalClient
2000b1af   getPushJson
2000e667   getTempRH
2002b520   gfpAppCallbackHndl
2002b000   gpCtlTbl
2000fd39   i2cReadRegisters
2000fe25   i2cReadRegistersTwoBytes
2000fd8b   i2cWriteRegisters
2002b8df   iDone
20007b65   initNetwork
2000e8c5   intToASCII
2000b18b   isCompleteJson
2000a2e5   isPingTime
2000c819   loadClientState
200152c7   log
2000d4ad   lseek
200138f7   ltoa
2000b3e9   main
2000153c   main_func_sp
2000c4d9   malloc
2000c3bd   mem_Free
2000c3b1   mem_Malloc
2000c3dd   mem_copy
2000c3c9   mem_set
2000c701   memalign
20014df1   memccpy
200150b9   memchr
20014cfb   memcmp
20012319   memcpy
20014b9d   memmove
20012ff9   memset
2000c44d   minit
2000d3ff   open
2000c433   osi_ContextRestore
2000c431   osi_ContextSave
2000c3f1   osi_EnterCritical
2000c3fb   osi_ExitCritical
2000c017   osi_InterruptDeRegister
2000bff1   osi_InterruptRegister
2000c121   osi_LockObjCreate
2000c195   osi_LockObjDelete
2000c1a5   osi_LockObjLock
2000c1d1   osi_LockObjUnlock
2000c2e5   osi_MsgQCreate
2000c329   osi_MsgQDelete
2000c375   osi_MsgQRead
2000c343   osi_MsgQWrite
2000c40d   osi_Sleep
2000c1fb   osi_Spawn
2000c0ff   osi_SyncObjClear
2000c029   osi_SyncObjCreate
2000c059   osi_SyncObjDelete
2000c073   osi_SyncObjSignal
2000c09b   osi_SyncObjSignalFromISR
2000c0d3   osi_SyncObjWait
2000c147   osi_TaskCreate
2000c187   osi_TaskDelete
2000c41d   osi_TaskDisable
2000c427   osi_TaskEnable
2000c405   osi_start
20000dcc   pPingCallBackFunc
2000a0fd   parseGetErrorCode
2000ac65   parseGetInstallationId
2001083d   parseInitialize
2000a0c3   parseSendRequest
2000a043   parseSendRequestInternal
2000abb7   parseSetInstallationId
20015d31   pcDigits
20004bb5   pcTaskGetTaskName
20011c5d   portCLZ
2000bb61   pow
20011c45   prvPortStartFirstTask
20012301   putc
20012305   putchar
2001048d   puts
20014475   pvPortMalloc
2000143c   pxCurrentTCB
20010a69   pxPortInitialiseStack
200148e7   raise
20013caf   rand
2000d3db   read
2000c5fb   realloc
2000d351   remove
2000d3b3   remove_device
2000d375   rename
2000e85f   retreiveImageIDfromHTTPResponse
2000c92b   saveClientState
20009f2d   sendRequest
20009989   setDataBufferPointer
2000871f   setMotionDetectionThreshold
2001155d   setvbuf
20014215   signal
2000ad95   simpleJsonProcessor
20014bc1   sl_Close
2001138d   sl_Connect
20012e05   sl_DevGet
20013ea1   sl_DevSet
20012e81   sl_FsClose
20013ee9   sl_FsDel
20013459   sl_FsGetInfo
20013b59   sl_FsOpen
200127c9   sl_FsRead
20012855   sl_FsWrite
20014555   sl_Htonl
20014765   sl_Htons
20011639   sl_NetAppDnsGetHostByName
200129f1   sl_NetAppMDNSRegisterUnregisterService
200151d1   sl_NetAppMDNSUnRegisterService
20013bad   sl_NetAppSendTokenValue
20014be5   sl_NetAppStart
20014c09   sl_NetAppStop
200140cd   sl_NetCfgSet
20014111   sl_Recv
20010d95   sl_Select
20011f31   sl_Send
20013ce5   sl_SetSockOpt
20014889   sl_Socket
20011ae9   sl_Start
20011965   sl_Stop
2000f8b1   sl_WlanConnect
200152a7   sl_WlanDisconnect
20013155   sl_WlanGet
20014255   sl_WlanPolicySet
20014c2d   sl_WlanProfileDel
20014295   sl_WlanRxFilterSet
20013f31   sl_WlanSet
20014abd   sl_WlanSetMode
200124e5   snprintf
2000ba75   socketClose
2000b8cd   socketRead
2000b731   socketSslConnect
2000b6d1   socketWait
2000b9bf   socketWrite
200131c9   spi_Close
200104b5   spi_Open
20011711   spi_Read
20011475   spi_Write
200137d9   sprintf
2000ffd5   sqrt
20013c99   srand
200014c2   sshPort
200150cf   strchr
20014ff1   strcmp
20015215   strcpy
2001514d   strlen
20014389   strncasecmp
20014a95   strncat
20014b0b   strncmp
20014829   strncpy
20014731   strstr
20015225   tolower
20013d31   uDMAChannelAssign
20013651   uDMAChannelAttributeDisable
200136b5   uDMAChannelAttributeEnable
200143c5   uDMAChannelControlSet
20014e0d   uDMAChannelDisable
20014e29   uDMAChannelEnable
20014e45   uDMAChannelRequest
2001129d   uDMAChannelTransferSet
20015161   uDMAControlBaseSet
20015279   uDMADisable
20015285   uDMAEnable
20015175   uDMAIntClear
200150e5   uDMAIntRegister
20015291   uDMAIntStatus
200151e3   uDMAIntUnregister
200095e5   ucQueueGetQueueType
20011bad   ulPortSetInterruptMask
2000d351   unlink
20008949   updateConfigReg
2000a33f   updateLastPingTime
200107f3   uxListRemove
200095c5   uxQueueGetQueueNumber
20009559   uxQueueMessagesWaiting
2000958f   uxQueueMessagesWaitingFromISR
2000956f   uxQueueSpacesAvailable
20004ba9   uxTaskGetNumberOfTasks
20004bd9   uxTaskGetSystemState
200050c9   uxTaskGetTaskNumber
20004725   uxTaskPriorityGet
20005621   uxTaskResetEventItemValue
2000b243   vApplicationIdleHook
2000b245   vApplicationMallocFailedHook
2000b247   vApplicationStackOverflowHook
2000b239   vAssertCalled
20010711   vListInitialise
20010741   vListInitialiseItem
2001078d   vListInsert
20010751   vListInsertEnd
20011bc3   vPortClearInterruptMask
20010ae5   vPortEndScheduler
20010af9   vPortEnterCritical
20010b11   vPortExitCritical
20014495   vPortFree
20011c1d   vPortSVCHandler
20010b45   vPortSetupTimerInterrupt
20010ae7   vPortYield
200097ff   vQueueAddToRegistry
200095a1   vQueueDelete
200095d3   vQueueSetQueueNumber
20009841   vQueueUnregisterQueue
2000463b   vTaskDelay
2000459f   vTaskDelayUntil
2000450f   vTaskDelete
20004a8d   vTaskEndScheduler
200050bb   vTaskMissedYield
20004e51   vTaskPlaceOnEventList
20004eb5   vTaskPlaceOnUnorderedEventList
20005597   vTaskPriorityDisinherit
200054dd   vTaskPriorityInherit
2000475d   vTaskPrioritySet
20004955   vTaskResume
200050e9   vTaskSetTaskNumber
2000501b   vTaskSetTimeOutState
20004a43   vTaskStartScheduler
20004861   vTaskSuspend
20004a9f   vTaskSuspendAll
20004dd1   vTaskSwitchContext
20008241   verifyAccelMagnSensor
2000e5cd   verifyTempRHSensor
20012969   vsnprintf
2000d2c1   write
20008d75   writeMagntCalibrationValue
200014dc   xHigherPriorityTaskWoken
20011bd1   xPortPendSVHandler
20010ab9   xPortStartScheduler
20010b29   xPortSysTickHandler
2000988f   xQueueAddToSet
200091c1   xQueueAltGenericReceive
20009115   xQueueAltGenericSend
20008fe9   xQueueCreateCountingSemaphore
20008f6b   xQueueCreateMutex
2000987b   xQueueCreateSet
20008ef5   xQueueGenericCreate
2000935b   xQueueGenericReceive
20008e65   xQueueGenericReset
20009009   xQueueGenericSend
200092bf   xQueueGenericSendFromISR
2000979b   xQueueIsQueueEmptyFromISR
200097dd   xQueueIsQueueFullFromISR
20009515   xQueuePeekFromISR
2000949d   xQueueReceiveFromISR
2002b788   xQueueRegistry
200098c3   xQueueRemoveFromSet
20009905   xQueueSelectFromSet
2000991f   xQueueSelectFromSetFromISR
200014e0   xSimpleLinkSpawnQueue
200014e4   xSimpleLinkSpawnTaskHndl
20005041   xTaskCheckForTimeOut
20004401   xTaskGenericCreate
20005491   xTaskGetCurrentTaskHandle
20004c97   xTaskGetIdleTaskHandle
200054a5   xTaskGetSchedulerState
20004b7d   xTaskGetTickCount
20004b91   xTaskGetTickCountFromISR
20004cb5   xTaskIncrementTick
20004f25   xTaskRemoveFromEventList
20004fad   xTaskRemoveFromUnorderedEventList
20004ab1   xTaskResumeAll
200049c9   xTaskResumeFromISR


GLOBAL SYMBOLS: SORTED BY Symbol Address 

address    name
--------   ----
00000001   __TI_args_main
00001000   __STACK_SIZE
00004000   __SYSMEM_SIZE
20000000   JPEG_StdHuffmanTbl
20000600   g_header
20000dcc   pPingCallBackFunc
20000dd0   gFirstCmdMode
20000dd4   g_pCB
20000dd8   g_StatMem
20000f50   _ftable
200011c0   _Denorm
200011d0   _Eps
200011e0   _Hugeval
200011f0   _Inf
20001200   _Nan
20001210   _Snan
20001220   _Rteps
20001230   _Xbig
20001238   _Zero
20001240   _LDenorm
20001250   _LEps
20001260   _LInf
20001270   _LNan
20001280   _LSnan
20001290   _LRteps
200012a0   _LXbig
200012a8   _LZero
200012b0   _FDenorm
200012c0   _FEps
200012d0   _FInf
200012e0   _FNan
200012f0   _FSnan
20001300   _FRteps
20001310   _FXbig
20001314   _FZero
20001318   g_SpiFd
2000131c   g_pHostIntHdl
20001320   g_ucDMAEnabled
20001324   DMAMsgQ
20001328   g_cDummy
2000132c   g_ucDinDout
2000137c   JPEG_StdQuantTblC
200013bc   JPEG_StdQuantTblY
2000143c   pxCurrentTCB
2000149c   g_osVersion
200014c2   sshPort
200014c4   cnt
200014c8   dataBufferSize
200014cc   __TI_ft_end
200014d0   __aeabi_stdin
200014d4   __aeabi_stdout
200014d8   __aeabi_stderr
200014dc   xHigherPriorityTaskWoken
200014e0   xSimpleLinkSpawnQueue
200014e4   xSimpleLinkSpawnTaskHndl
200014e8   g_ulStatus
200014ec   g_ulGatewayIP
200014f0   g_uiSimplelinkRole
20001504   g_ulPingPacketsRecv
20001508   _lock
2000150c   _unlock
20001510   __TI_cleanup_ptr
20001514   __TI_dtors_ptr
20001518   _Fenv
2000151c   _Tls_setup__Fenv
2000152c   DigiCertHighAssuranceEVRootCA_der_len
20001530   _Errno
2000153c   main_func_sp
20003000   __stack
20004000   __STACK_END
20004000   g_pfnVectors
20004401   xTaskGenericCreate
2000450f   vTaskDelete
2000459f   vTaskDelayUntil
2000463b   vTaskDelay
20004691   eTaskGetState
20004725   uxTaskPriorityGet
2000475d   vTaskPrioritySet
20004861   vTaskSuspend
20004955   vTaskResume
200049c9   xTaskResumeFromISR
20004a43   vTaskStartScheduler
20004a8d   vTaskEndScheduler
20004a9f   vTaskSuspendAll
20004ab1   xTaskResumeAll
20004b7d   xTaskGetTickCount
20004b91   xTaskGetTickCountFromISR
20004ba9   uxTaskGetNumberOfTasks
20004bb5   pcTaskGetTaskName
20004bd9   uxTaskGetSystemState
20004c97   xTaskGetIdleTaskHandle
20004cb5   xTaskIncrementTick
20004dd1   vTaskSwitchContext
20004e51   vTaskPlaceOnEventList
20004eb5   vTaskPlaceOnUnorderedEventList
20004f25   xTaskRemoveFromEventList
20004fad   xTaskRemoveFromUnorderedEventList
2000501b   vTaskSetTimeOutState
20005041   xTaskCheckForTimeOut
200050bb   vTaskMissedYield
200050c9   uxTaskGetTaskNumber
200050e9   vTaskSetTaskNumber
20005491   xTaskGetCurrentTaskHandle
200054a5   xTaskGetSchedulerState
200054dd   vTaskPriorityInherit
20005597   vTaskPriorityDisinherit
20005621   uxTaskResetEventItemValue
20005659   StartCamera
20005745   CaptureImage
20005b51   CamControllerInit
20007233   __TI_printfi
2000753d   InitializeAppVariables
2000756d   ConfigureSimpleLinkToDefaultState
2000786b   ConfigureMode
2000790d   ConnectToNetwork
200079f7   ConnectToNetwork_2
20007aa9   ConnectToNetwork_STA_2
20007ad9   ConnectToNetwork_STA
20007b65   initNetwork
20007d05   SimpleLinkWlanEventHandler
20007e39   SimpleLinkNetAppEventHandler
20007ee1   SimpleLinkSockEventHandler
20007f55   SimpleLinkHttpServerCallback
20008241   verifyAccelMagnSensor
2000831d   configureFXOS8700
2000871f   setMotionDetectionThreshold
20008769   getDoorDirection
200087dd   getAccelerationMagnitude
20008949   updateConfigReg
20008995   clearAccelMotionIntrpt
200089b9   FXOS8700CQ_Init
20008ac9   FXOS8700CQ_Mag_Calibration
20008d75   writeMagntCalibrationValue
20008e65   xQueueGenericReset
20008ef5   xQueueGenericCreate
20008f6b   xQueueCreateMutex
20008fe9   xQueueCreateCountingSemaphore
20009009   xQueueGenericSend
20009115   xQueueAltGenericSend
200091c1   xQueueAltGenericReceive
200092bf   xQueueGenericSendFromISR
2000935b   xQueueGenericReceive
2000949d   xQueueReceiveFromISR
20009515   xQueuePeekFromISR
20009559   uxQueueMessagesWaiting
2000956f   uxQueueSpacesAvailable
2000958f   uxQueueMessagesWaitingFromISR
200095a1   vQueueDelete
200095c5   uxQueueGetQueueNumber
200095d3   vQueueSetQueueNumber
200095e5   ucQueueGetQueueType
2000979b   xQueueIsQueueEmptyFromISR
200097dd   xQueueIsQueueFullFromISR
200097ff   vQueueAddToRegistry
20009841   vQueueUnregisterQueue
2000987b   xQueueCreateSet
2000988f   xQueueAddToSet
200098c3   xQueueRemoveFromSet
20009905   xQueueSelectFromSet
2000991f   xQueueSelectFromSetFromISR
20009989   setDataBufferPointer
200099ab   buildRequestHeaders
20009f2d   sendRequest
2000a043   parseSendRequestInternal
2000a0c3   parseSendRequest
2000a0fd   parseGetErrorCode
2000a2e5   isPingTime
2000a33f   updateLastPingTime
2000a349   fetchDeviceOSVersion
2000a3bd   createNewInstallationId
2000a9f3   createInstallation
2000aa43   getInstallation
2000abb7   parseSetInstallationId
2000ac65   parseGetInstallationId
2000ad95   simpleJsonProcessor
2000b15f   findSecondJson
2000b18b   isCompleteJson
2000b1af   getPushJson
2000b239   vAssertCalled
2000b243   vApplicationIdleHook
2000b245   vApplicationMallocFailedHook
2000b247   vApplicationStackOverflowHook
2000b251   CollectTxit_ImgTempRH
2000b3e9   main
2000b6d1   socketWait
2000b731   socketSslConnect
2000b8cd   socketRead
2000b9bf   socketWrite
2000ba75   socketClose
2000bb61   pow
2000bff1   osi_InterruptRegister
2000c017   osi_InterruptDeRegister
2000c029   osi_SyncObjCreate
2000c059   osi_SyncObjDelete
2000c073   osi_SyncObjSignal
2000c09b   osi_SyncObjSignalFromISR
2000c0d3   osi_SyncObjWait
2000c0ff   osi_SyncObjClear
2000c121   osi_LockObjCreate
2000c147   osi_TaskCreate
2000c187   osi_TaskDelete
2000c195   osi_LockObjDelete
2000c1a5   osi_LockObjLock
2000c1d1   osi_LockObjUnlock
2000c1fb   osi_Spawn
2000c269   VStartSimpleLinkSpawnTask
2000c2b9   VDeleteSimpleLinkSpawnTask
2000c2e5   osi_MsgQCreate
2000c329   osi_MsgQDelete
2000c343   osi_MsgQWrite
2000c375   osi_MsgQRead
2000c3b1   mem_Malloc
2000c3bd   mem_Free
2000c3c9   mem_set
2000c3dd   mem_copy
2000c3f1   osi_EnterCritical
2000c3fb   osi_ExitCritical
2000c405   osi_start
2000c40d   osi_Sleep
2000c41d   osi_TaskDisable
2000c427   osi_TaskEnable
2000c431   osi_ContextSave
2000c433   osi_ContextRestore
2000c44d   minit
2000c4d9   malloc
2000c53b   free
2000c5fb   realloc
2000c701   memalign
2000c7e1   calloc
2000c819   loadClientState
2000c92b   saveClientState
2000cbcd   _SlDrvMsgRead
2000cf75   _SlAsyncEventGenericHandler
2000d2c1   write
2000d351   remove
2000d351   unlink
2000d375   rename
2000d3b3   remove_device
2000d3db   read
2000d3ff   open
2000d4ad   lseek
2000d4d1   close
2000d523   add_device
2000d5d1   _Log
2000d8b5   HOSTwrite
2000d901   HOSTunlink
2000d939   HOSTtime
2000d973   HOSTrename
2000d9d1   HOSTread
2000da1d   HOSTopen
2000da6f   HOSTlseek
2000dacb   HOSTgetenv
2000db09   HOSTclose
2000db41   HOSTclock
2000db89   CameraSensorInit
2000db9f   StartSensorInJpegMode
2000de31   __vla_dealloc
2000debf   __vla_dealloc_eh
2000df3f   __vla_alloc
2000e145   I2C_IF_Write
2000e1fb   I2C_IF_Read
2000e2b7   I2C_IF_ReadFrom
2000e301   I2C_IF_Open
2000e349   I2C_IF_Close
2000e361   InitTerm
2000e37f   Message
2000e3a1   ClearTerm
2000e3ab   Error
2000e3e3   GetCmd
2000e475   TrimSpace
2000e50d   Report
2000e5cd   verifyTempRHSensor
2000e613   configureTempRHSensor
2000e667   getTempRH
2000e7f9   InitialiseParse
2000e813   UploadImageToParse
2000e83d   UploadSensorDataToParse
2000e85f   retreiveImageIDfromHTTPResponse
2000e8c5   intToASCII
2000ea0d   DmaSwIntHandler
2000ea23   DmaErrorIntHandler
2000ea2f   UDMAInit
2000ea87   UDMAChannelSelect
2000eab5   SetupTransfer
2000eaf9   UDMASetupAutoMemTransfer
2000eb2d   UDMASetupPingPongTransfer
2000eb87   UDMAStartTransfer
2000eb93   UDMAStopTransfer
2000eb9f   UDMADeInit
2000ebb3   DMASetupTransfer
2000ec0d   _Exp
2000ee09   __aeabi_uldivmod
2000effd   ensureCertificateFile
2000f2a1   __TI_cleanup
2000f2cd   freopen
2000f2f7   fopen
2000f399   __aeabi_dsub
2000f3a3   __aeabi_dadd
2000f551   I2CInit
2000f56f   I2CBufferRead
2000f637   I2CBufferWrite
2000f701   addHttpRequestLine
2000f749   beginHttpRequest
2000f76b   beginHttpGetRequest
2000f7af   addHttpRequestHeader
2000f7dd   addHttpRequestHeaderInt
2000f7ff   getHttpResponseStatus
2000f82b   getHttpResponseBody
2000f8b1   sl_WlanConnect
2000fa4d   _LAtan
2000fbd5   _SlDrvDataReadOp
2000fd39   i2cReadRegisters
2000fd8b   i2cWriteRegisters
2000fe25   i2cReadRegistersTwoBytes
2000fe95   _SlDrvRxHdrRead
2000ffd5   sqrt
20010115   __aeabi_ddiv
2001024d   PRCMCC3200MCUInit
20010381   fputs
2001048d   puts
200104b5   spi_Open
200105e5   _SlDrvDataWriteOp
20010711   vListInitialise
20010741   vListInitialiseItem
20010751   vListInsertEnd
2001078d   vListInsert
200107f3   uxListRemove
2001083d   parseInitialize
200108e7   getInternalClient
20010955   _SlDrvMsgWrite
20010a69   pxPortInitialiseStack
20010ab9   xPortStartScheduler
20010ae5   vPortEndScheduler
20010ae7   vPortYield
20010af9   vPortEnterCritical
20010b11   vPortExitCritical
20010b29   xPortSysTickHandler
20010b45   vPortSetupTimerInterrupt
20010b79   _Dscale
20010c89   _SlDrvWaitForPoolObj
20010d95   sl_Select
20010e9d   _SlDrvReleasePoolObj
20010fa1   atan2l
200110a5   __aeabi_dmul
200111a1   __aeabi_fsub
200111a5   __aeabi_fadd
2001129d   uDMAChannelTransferSet
2001138d   sl_Connect
20011475   spi_Write
2001155d   setvbuf
20011639   sl_NetAppDnsGetHostByName
20011711   spi_Read
200117dd   _Dint
200118a1   _Dnorm
20011965   sl_Stop
20011a29   __TI_doflush
20011a75   fflush
20011ae9   sl_Start
20011bad   ulPortSetInterruptMask
20011bc3   vPortClearInterruptMask
20011bd1   xPortPendSVHandler
20011c1d   vPortSVCHandler
20011c45   prvPortStartFirstTask
20011c5d   portCLZ
20011c65   _SlDrvMsgReadCmdCtx
20011d19   debugPrint
20011d3b   debugPrintf
20011dcd   _SlDrvNetAppEventHandler
20011e7f   PinMuxConfig
20011f31   sl_Send
20011fe1   __TI_wrt_ok
20012043   __TI_rd_ok
2001208d   IntDisable
20012135   IntEnable
200121dd   SPIConfigSetExpClk
2001227d   fputc
20012301   putc
20012305   putchar
20012319   __aeabi_memcpy
20012319   __aeabi_memcpy4
20012319   __aeabi_memcpy8
20012319   memcpy
200123b5   _SlFindAndSetActiveObj
2001244d   __TI_closefile
200124b3   fclose
200124e5   snprintf
2001257d   PRCMPeripheralClockGet
20012611   _SlDrvClassifyRxMsg
200126a5   __TI_auto_init
20012739   _SlDrvMsgReadSpawnCtx
200127c9   sl_FsRead
20012855   sl_FsWrite
200128e1   PinConfigSet
20012969   vsnprintf
200129f1   sl_NetAppMDNSRegisterUnregisterService
20012a79   __aeabi_cdcmpeq
20012a79   __aeabi_cdcmple
20012aff   __aeabi_cdrcmple
20012b85   I2CMasterInitExpClk
20012c09   _SlDrvCmdOp
20012c8d   NwpPowerOnPreamble
20012d0d   _SlDrvDriverCBInit
20012d89   _sl_HandleAsync_DnsGetHostByName
20012e05   sl_DevGet
20012e81   sl_FsClose
20012efd   __aeabi_fmul
20012ff1   __aeabi_memclr
20012ff1   __aeabi_memclr4
20012ff1   __aeabi_memclr8
20012ff3   __aeabi_memset
20012ff3   __aeabi_memset4
20012ff3   __aeabi_memset8
20012ff9   memset
20013069   UARTConfigSetExpClk
200130e1   _sl_HandleAsync_InitComplete
20013155   sl_WlanGet
200131c9   spi_Close
2001323d   _sl_HandleAsync_PingResponse
200132ad   _sl_TruncatePayloadByProtocol
20013325   fprintf
20013389   _sl_HandleAsync_Connect
200133f1   _sl_HandleAsync_DnsGetHostByService
20013459   sl_FsGetInfo
200134c1   _sl_GetCreateFsMode
20013525   _sl_HandleAsync_Accept
20013589   fseek
200135ed   _Dunscale
20013651   uDMAChannelAttributeDisable
200136b5   uDMAChannelAttributeEnable
20013719   __aeabi_cfcmpeq
20013719   __aeabi_cfcmple
20013779   __aeabi_cfrcmple
200137d9   sprintf
20013839   __TI_writemsg
20013863   C$$IO$$
20013867   __TI_readmsg
200138f7   ltoa
20013951   IntPendClear
200139a9   PRCMPeripheralReset
20013a01   _SlDrvDriverCBDeinit
20013a59   _sl_HandleAsync_Select
20013ab1   IntPrioritySet
20013b05   _sl_HandleAsync_Stop
20013b59   sl_FsOpen
20013bad   sl_NetAppSendTokenValue
20013c01   SPIIntEnable
20013c4d   atoi
20013c99   srand
20013caf   rand
20013ce5   sl_SetSockOpt
20013d31   uDMAChannelAssign
20013d7d   _sl_GetStartResponseConvert
20013dc7   __aeabi_d2f
20013e11   SPIIntClear
20013e59   __aeabi_d2iz
20013ea1   sl_DevSet
20013ee9   sl_FsDel
20013f31   sl_WlanSet
20013fbd   copy_in
20014001   C$$EXIT
20014005   abort
2001400d   exit
20014045   __aeabi_d2uiz
20014089   _Dtest
200140cd   sl_NetCfgSet
20014111   sl_Recv
20014155   PinModeSet
20014195   _SlDrvRxIrqHandler
200141d5   _SlRemoveFromList
20014215   signal
20014255   sl_WlanPolicySet
20014295   sl_WlanRxFilterSet
200142d5   NwpPowerOff
20014311   PRCMPeripheralClkEnable
2001434d   _SlDrvObjInit
20014389   strncasecmp
200143c5   uDMAChannelControlSet
20014401   CameraCaptureStop
2001443b   CameraXClkConfig
20014475   pvPortMalloc
20014495   vPortFree
200144ad   __aeabi_f2d
200144e5   __aeabi_f2iz
2001451d   __aeabi_i2f
20014555   sl_Htonl
2001458d   GPIODirModeSet
200145c3   CameraParamsConfig
200145f9   PRCMPeripheralStatusGet
2001462d   SPIFIFOLevelSet
20014661   _SlDrvBasicCmd
20014695   _c_int00
200146c9   feraiseexcept
200146fd   __aeabi_f2uiz
20014731   strstr
20014765   sl_Htons
20014799   NwpPowerOn
200147c9   PinTypeGPIO
200147f9   UARTDisable
20014829   strncpy
20014859   _Feraise
20014889   sl_Socket
200148b9   __aeabi_i2d
200148e7   raise
20014915   CameraIntEnable
20014941   DmaSpiSwIntHandler
2001496d   I2CMasterErr
20014999   PRCMSysResetCauseGet
200149c5   _SlDrvFlowContDeinit
200149f1   _SlDrvFlowContInit
20014a1d   CameraIntStatus
20014a45   PRCMPeripheralClkDisable
20014a6d   _sl_BuildAddress
20014a95   strncat
20014abd   sl_WlanSetMode
20014ae5   CameraThresholdSet
20014b0b   strncmp
20014b31   CameraIntClear
20014b55   IntUnregister
20014b79   UARTEnable
20014b9d   memmove
20014bc1   sl_Close
20014be5   sl_NetAppStart
20014c09   sl_NetAppStop
20014c2d   sl_WlanProfileDel
20014c51   CameraCaptureStart
20014c73   I2CMasterSlaveAddrSet
20014c95   NwpRegisterInterruptHandler
20014cb7   SPIReset
20014cd9   SPIWordCountSet
20014cfb   memcmp
20014d1d   IntRegister
20014d3d   _SlDrvCmdSend
20014d5d   __aeabi_ui2d
20014d7d   I2CMasterIntStatusEx
20014d9b   UARTCharPut
20014db9   PinTypeI2C
20014dd5   _SlDrvObjDeInit
20014df1   memccpy
20014e0d   uDMAChannelDisable
20014e29   uDMAChannelEnable
20014e45   uDMAChannelRequest
20014e61   CopyPingResultsToReport
20014e7b   PinTypeCamera
20014e95   PinTypeUART
20014eaf   SPIDmaDisable
20014ec9   SPIDmaEnable
20014ee3   SPIFIFODisable
20014efd   SPIFIFOEnable
20014f17   _SlDrvDeviceEventHandler
20014f31   CameraReset
20014f49   GPIOPinRead
20014f61   SPICSDisable
20014f79   SPICSEnable
20014f91   SPIDisable
20014fa9   SPIEnable
20014fc1   _args_main
20014fd9   __aeabi_lmul
20014ff1   strcmp
20015009   CameraDMAEnable
2001501f   CameraIntRegister
20015035   I2CMasterDataPut
2001504b   I2CMasterEnable
20015061   PRCMHIBRegRead
20015077   PRCMHIBRegWrite
2001508d   UARTCharGet
200150a3   _sl_Strlen
200150b9   memchr
200150cf   strchr
200150e5   uDMAIntRegister
200150fb   CPUcpsie
20015111   IntVTableBaseSet
20015125   _SlDrvShiftDWord
20015139   _register_unlock
2001513f   _register_lock
20015147   _nop
2001514d   strlen
20015161   uDMAControlBaseSet
20015175   uDMAIntClear
20015189   I2CMasterControl
2001519b   I2CMasterIntClearEx
200151ad   I2CMasterTimeoutSet
200151bf   __TI_zero_init
200151d1   sl_NetAppMDNSUnRegisterService
200151e3   uDMAIntUnregister
200151f5   NwpMaskInterrupt
20015205   SL_FD_SET
20015215   strcpy
20015225   tolower
20015235   I2CMasterDataGet
20015243   __TI_decompress_none
20015251   _Dclass
2001525f   ResetISR
2001526d   NwpUnMaskInterrupt
20015279   uDMADisable
20015285   uDMAEnable
20015291   uDMAIntStatus
2001529d   IntMasterEnable
200152a7   sl_WlanDisconnect
200152af   MT9D111Delay
200152b5   SL_FD_ZERO
200152bb   UtilsDelay
200152c1   __TI_decompress_rle24
200152c7   log
200152cd   __abort_execution
200152d1   _LDtest
20015414   _ctypes_
2001561c   _SlPolicySetCmdCtrl
20015620   _SlPolicyGetCmdCtrl
20015624   _SlProfileGetCmdCtrl
20015628   _SlProfileDelCmdCtrl
2001562c   _SlWlanGetNetworkListCtrl
20015630   _SlRxFilterAddtCmdCtrl
20015634   _SlRxFilterSetCmdCtrl
20015638   _SlRxFilterGetCmdCtrl
2001563c   _SlSmartConfigStartCmdCtrl
20015640   _SlWlanSetModeCmdCtrl
20015644   _SlWlanCfgSetCmdCtrl
20015648   _SlWlanCfgGetCmdCtrl
20015a98   g_H2NSyncPattern
20015aa0   g_H2NCnysPattern
20015aa8   _SlActionLookupTable
20015b60   _SlFsOpenCmdCtrl
20015b64   _SlFsCloseCmdCtrl
20015b68   _SlFsReadCmdCtrl
20015b6c   _SlFsWriteCmdCtrl
20015b70   _SlFsGetInfoCmdCtrl
20015b74   _SlFsDeleteCmdCtrl
20015ba4   _SlSockSocketCmdCtrl
20015ba8   _SlSockCloseCmdCtrl
20015bac   _SlRecvfomCmdCtrl
20015bb0   _SlSendCmdCtrl
20015bb4   _SlListenCmdCtrl
20015bb8   _SlAcceptCmdCtrl
20015bbc   _SlRecvCmdCtrl
20015bc0   _SlSetSockOptCmdCtrl
20015bc4   _SlGetSockOptCmdCtrl
20015bc8   _SlSelectCmdCtrl
20015c58   _SlNetAppStartCtrl
20015c5c   _SlNetAppStopCtrl
20015c60   _SlGetServiceListeCtrl
20015c64   _SlRegisterServiceCtrl
20015c68   _SlGetHostByServiceCtrl
20015c6c   _SlGetHostByNameCtrl
20015c70   _SlNetAppSetCmdCtrl
20015c74   _SlNetAppSendTokenValueCmdCtrl
20015c78   _SlNetAppGetCmdCtrl
20015cf8   g_deviceClientVersion
20015d10   _SlStopCmdCtrl
20015d14   _SlEventMaskSetCmdCtrl
20015d18   _SlEventMaskGetCmdCtrl
20015d1c   _SlDeviceGetCmdCtrl
20015d20   _SlDeviceSetCmdCtrl
20015d31   pcDigits
20015d3c   _SlNetCfgSetCmdCtrl
20015d40   _SlNetCfgGetCmdCtrl
20015d50   __TI_static_base__
200168dc   __TI_Handler_Table_Base
200168e8   __TI_Handler_Table_Limit
200168f0   __TI_CINIT_Base
20016900   __TI_CINIT_Limit
20017000   g_image_buffer
2002b000   gpCtlTbl
2002b400   __CIOBUF_
2002b520   gfpAppCallbackHndl
2002b6e8   __TI_tmpnams
2002b788   xQueueRegistry
2002b7d8   clientStateFileName
2002b80c   g_ucConnectionSSID
2002b8b0   g_ucConnectionBSSID
2002b8c4   dataBuffer
2002b8c8   g_frame_size_in_bytes
2002b8cc   g_header_length
2002b8dc   g_CaptureImage
2002b8df   iDone
2002b8e0   _sys_memory
ffffffff   __binit__
ffffffff   __c_args__
ffffffff   binit
UNDEFED    SHT$$INIT_ARRAY$$Base
UNDEFED    SHT$$INIT_ARRAY$$Limit

[680 symbols]
