******************************************************************************
                  TI ARM Linker PC v5.1.6                      
******************************************************************************
>> Linked Fri Apr 24 17:00:11 2015

OUTPUT FILE NAME:   <ULP_SEC_CAM.out>
ENTRY POINT SYMBOL: "_c_int00"  address: 200139fd


MEMORY CONFIGURATION

         name            origin    length      used     unused   attr    fill
----------------------  --------  ---------  --------  --------  ----  --------
  SRAM_BOOTLDR          20000000   00004000  00002540  00001ac0  RW X
  SRAM_CODE             20004000   00014000  00011b6b  00002495  RW X
  SRAM_DATA             20018000   00024000  00018905  0000b6fb  RW X


SEGMENT ALLOCATION MAP

run origin  load origin   length   init length attrs members
----------  ----------- ---------- ----------- ----- -------
20000000    20000000    00001540   00000000    rw-
  20000000    20000000    00001540   00000000    rw- .data
20003000    20003000    00001000   00000000    rw-
  20003000    20003000    00001000   00000000    rw- .stack
20004000    20004000    00011b70   00011b70    r-x
  20004000    20004000    00000400   00000400    r-- .intvecs
  20004400    20004400    0001034e   0001034e    r-x .text
  20014750    20014750    0000086d   0000086d    r-- .const
  20014fc0    20014fc0    00000bb0   00000bb0    r-- .cinit
20018000    20018000    00018908   00000000    rw-
  20018000    20018000    00014905   00000000    rw- .bss
  2002c908    2002c908    00004000   00000000    rw- .sysmem


SECTION ALLOCATION MAP

 output                                  attributes/
section   page    origin      length       input sections
--------  ----  ----------  ----------   ----------------
.init_array 
*          0    20004000    00000000     UNINITIALIZED

.data      0    20000000    00001540     UNINITIALIZED
                  20000000    00000600     camera_app.obj (.data:JPEG_StdHuffmanTbl)
                  20000600    00000400     camera_app.obj (.data:g_header)
                  20000a00    000003c9     libparse.a : cc3200_certificate.obj (.data:DigiCertHighAssuranceEVRootCA_der)
                  20000dc9    00000003     --HOLE--
                  20000dcc    00000184     simplelink.a : driver.obj (.data)
                  20000f50    000000f0     rtsv7M4_T_le_eabi.lib : defs.obj (.data:_ftable)
                  20001040    000000d0                           : lowlev.obj (.data)
                  20001110    000000b0                           : signal.obj (.data:sigtable)
                  200011c0    00000080                           : xvalues.obj (.data)
                  20001240    00000070                           : xlvalues.obj (.data)
                  200012b0    00000068                           : xfvalues.obj (.data)
                  20001318    00000064     simplelink.a : cc_pal.obj (.data)
                  2000137c    00000040     camera_app.obj (.data:JPEG_StdQuantTblC)
                  200013bc    00000040     camera_app.obj (.data:JPEG_StdQuantTblY)
                  200013fc    00000040     camera_app.obj (.data:zigzag)
                  2000143c    00000034     free_rtos.a : tasks.obj (.data)
                  20001470    0000002c     libparse.a : cc3200_utils.obj (.data:lastDateTime)
                  2000149c    00000018                : cc3200_utils.obj (.data)
                  200014b4    00000018                : request.obj (.data)
                  200014cc    00000010     rtsv7M4_T_le_eabi.lib : defs.obj (.data)
                  200014dc    0000000c     free_rtos.a : osi_freertos.obj (.data)
                  200014e8    0000000c     network_relater_fns.obj (.data)
                  200014f4    0000000c     rtsv7M4_T_le_eabi.lib : memory.obj (.data)
                  20001500    00000008     camera_app.obj (.data)
                  20001508    00000008     rtsv7M4_T_le_eabi.lib : _lock.obj (.data)
                  20001510    00000008                           : exit.obj (.data)
                  20001518    00000008                           : feraiseexcept.obj (.data)
                  20001520    00000006     libparse.a : http.obj (.data)
                  20001526    00000002     --HOLE--
                  20001528    00000004     free_rtos.a : port.obj (.data)
                  2000152c    00000004     libparse.a : cc3200_certificate.obj (.data)
                  20001530    00000004     rtsv7M4_T_le_eabi.lib : errno.obj (.data)
                  20001534    00000004                           : fopen.obj (.data)
                  20001538    00000004                           : rand.obj (.data)
                  2000153c    00000004                           : stkdepth_vars.obj (.data)

.stack     0    20003000    00001000     UNINITIALIZED
                  20003000    00001000     --HOLE--

.intvecs   0    20004000    00000400     
                  20004000    00000400     startup_ccs.obj (.intvecs)

.text      0    20004400    0001034e     
                  20004400    00001258     free_rtos.a : tasks.obj (.text)
                  20005658    00000ec0     rtsv7M4_T_le_eabi.lib : _printfi.obj (.text)
                  20006518    00000c24     network_relater_fns.obj (.text)
                  2000713c    00000bf4     camera_app.obj (.text)
                  20007d30    00000b24     free_rtos.a : queue.obj (.text)
                  20008854    00000b10     libparse.a : request.obj (.text)
                  20009364    0000093a     accelomtrMagntomtr_fxos8700.obj (.text)
                  20009c9e    00000002     driverlib.a : interrupt.obj (.text:IntDefaultHandler)
                  20009ca0    0000064e     libparse.a : cc3200_utils.obj (.text)
                  2000a2ee    00000002     --HOLE-- [fill = 0]
                  2000a2f0    00000518                : installation.obj (.text)
                  2000a808    000004a2                : simplejson.obj (.text)
                  2000acaa    00000002     --HOLE-- [fill = 0]
                  2000acac    0000049c                : cc3200_socket.obj (.text)
                  2000b148    00000490     rtsv7M4_T_le_eabi.lib : pow.obj (.text)
                  2000b5d8    0000045c     free_rtos.a : osi_freertos.obj (.text)
                  2000ba34    000003cc     rtsv7M4_T_le_eabi.lib : memory.obj (.text)
                  2000be00    000003b4     libparse.a : cc3200_client_state.obj (.text)
                  2000c1b4    000003a6     simplelink.a : driver.obj (.text:_SlDrvMsgRead)
                  2000c55a    00000002     --HOLE-- [fill = 0]
                  2000c55c    0000034c                  : driver.obj (.text:_SlAsyncEventGenericHandler)
                  2000c8a8    00000310     rtsv7M4_T_le_eabi.lib : lowlev.obj (.text)
                  2000cbb8    000002e4                           : xlog.obj (.text)
                  2000ce9c    000002d4                           : trgdrv.obj (.text)
                  2000d170    000002a0                           : vla_alloc.obj (.text)
                  2000d410    0000028c     main.obj (.text)
                  2000d69c    0000027c     parse_uploads.obj (.text)
                  2000d918    000001fc     rtsv7M4_T_le_eabi.lib : xexp.obj (.text)
                  2000db14    000001f4                           : ull_div_t2.obj (.text)
                  2000dd08    000001dc     libparse.a : cc3200_certificate.obj (.text)
                  2000dee4    000001c0     rtsv7M4_T_le_eabi.lib : fopen.obj (.text)
                  2000e0a4    000001b8     uartA1_if.obj (.text)
                  2000e25c    000001b6     rtsv7M4_T_le_eabi.lib : fd_add_t2.obj (.text)
                  2000e412    00000002     --HOLE-- [fill = 0]
                  2000e414    000001b0     libparse.a : http.obj (.text)
                  2000e5c4    0000019c     simplelink.a : wlan.obj (.text:sl_WlanConnect)
                  2000e760    00000194     udma_if.obj (.text)
                  2000e8f4    0000018c     i2c_if.obj (.text)
                  2000ea80    00000188     rtsv7M4_T_le_eabi.lib : xlatan.obj (.text)
                  2000ec08    00000164     simplelink.a : driver.obj (.text:_SlDrvDataReadOp)
                  2000ed6c    00000140                  : driver.obj (.text:_SlDrvRxHdrRead)
                  2000eeac    00000140     rtsv7M4_T_le_eabi.lib : sqrt.obj (.text)
                  2000efec    00000136                           : fd_div_t2.obj (.text)
                  2000f122    00000002     --HOLE-- [fill = 0]
                  2000f124    00000134     driverlib.a : prcm.obj (.text:PRCMCC3200MCUInit)
                  2000f258    00000134     rtsv7M4_T_le_eabi.lib : fputs.obj (.text)
                  2000f38c    00000130     simplelink.a : cc_pal.obj (.text:spi_Open)
                  2000f4bc    0000012c                  : driver.obj (.text:_SlDrvDataWriteOp)
                  2000f5e8    0000012a     free_rtos.a : list.obj (.text)
                  2000f712    00000002     --HOLE-- [fill = 0]
                  2000f714    00000116     libparse.a : parse_impl.obj (.text)
                  2000f82a    00000002     --HOLE-- [fill = 0]
                  2000f82c    00000114     simplelink.a : driver.obj (.text:_SlDrvMsgWrite)
                  2000f940    00000110     free_rtos.a : port.obj (.text)
                  2000fa50    00000110     rtsv7M4_T_le_eabi.lib : xdscale.obj (.text)
                  2000fb60    0000010c     simplelink.a : driver.obj (.text:_SlDrvWaitForPoolObj)
                  2000fc6c    0000010c     i2c_app.obj (.text)
                  2000fd78    00000108     simplelink.a : socket.obj (.text:sl_Select)
                  2000fe80    00000104                  : driver.obj (.text:_SlDrvReleasePoolObj)
                  2000ff84    00000104     rtsv7M4_T_le_eabi.lib : atan2l.obj (.text)
                  20010088    000000fc                           : fd_mul_t2.obj (.text)
                  20010184    000000fa                           : fs_add_t2.obj (.text)
                  2001027e    00000002     --HOLE-- [fill = 0]
                  20010280    000000f0     driverlib.a : udma.obj (.text:uDMAChannelTransferSet)
                  20010370    000000e8     simplelink.a : socket.obj (.text:sl_Connect)
                  20010458    000000e8                  : cc_pal.obj (.text:spi_Write)
                  20010540    000000dc     rtsv7M4_T_le_eabi.lib : setvbuf.obj (.text)
                  2001061c    000000d8     simplelink.a : netapp.obj (.text:sl_NetAppDnsGetHostByName)
                  200106f4    000000d8     timer_fns.obj (.text)
                  200107cc    000000cc     simplelink.a : cc_pal.obj (.text:spi_Read)
                  20010898    000000c4     rtsv7M4_T_le_eabi.lib : xdint.obj (.text)
                  2001095c    000000c4                           : xdnorm.obj (.text)
                  20010a20    000000c4     simplelink.a : device.obj (.text:sl_Stop)
                  20010ae4    000000c0     rtsv7M4_T_le_eabi.lib : fflush.obj (.text)
                  20010ba4    000000c0     simplelink.a : device.obj (.text:sl_Start)
                  20010c64    000000ba     free_rtos.a : portasm.obj (.text)
                  20010d1e    00000002     --HOLE-- [fill = 0]
                  20010d20    000000b4     simplelink.a : driver.obj (.text:_SlDrvMsgReadCmdCtx)
                  20010dd4    000000b4     libparse.a : cc3200_debug.obj (.text)
                  20010e88    000000b2     simplelink.a : netapp.obj (.text:_SlDrvNetAppEventHandler)
                  20010f3a    000000b2     pinmux.obj (.text)
                  20010fec    000000b0     simplelink.a : socket.obj (.text:sl_Send)
                  2001109c    000000ac     rtsv7M4_T_le_eabi.lib : _io_perm.obj (.text)
                  20011148    000000a8     driverlib.a : interrupt.obj (.text:IntDisable)
                  200111f0    000000a8                 : interrupt.obj (.text:IntEnable)
                  20011298    000000a8     timer_if.obj (.text)
                  20011340    000000a0     driverlib.a : spi.obj (.text:SPIConfigSetExpClk)
                  200113e0    0000009c     rtsv7M4_T_le_eabi.lib : fputc.obj (.text)
                  2001147c    0000009c                           : memcpy_t2.obj (.text)
                  20011518    00000098     simplelink.a : driver.obj (.text:_SlFindAndSetActiveObj)
                  200115b0    00000098     collect_and_txit.obj (.text)
                  20011648    00000098     rtsv7M4_T_le_eabi.lib : fclose.obj (.text)
                  200116e0    00000098                           : snprintf.obj (.text)
                  20011778    00000094     driverlib.a : prcm.obj (.text:PRCMPeripheralClockGet)
                  2001180c    00000094     simplelink.a : driver.obj (.text:_SlDrvClassifyRxMsg)
                  200118a0    00000094     rtsv7M4_T_le_eabi.lib : auto_init.obj (.text)
                  20011934    00000090     simplelink.a : driver.obj (.text:_SlDrvMsgReadSpawnCtx)
                  200119c4    0000008c                  : fs.obj (.text:sl_FsRead)
                  20011a50    0000008c                  : fs.obj (.text:sl_FsWrite)
                  20011adc    00000088     driverlib.a : pin.obj (.text:PinConfigSet)
                  20011b64    00000088     rtsv7M4_T_le_eabi.lib : vsnprintf.obj (.text)
                  20011bec    00000088     simplelink.a : netapp.obj (.text:sl_NetAppMDNSRegisterUnregisterService)
                  20011c74    00000086     rtsv7M4_T_le_eabi.lib : fd_cmp_t2.obj (.text:__aeabi_cdcmple)
                  20011cfa    00000086                           : fd_cmp_t2.obj (.text:__aeabi_cdrcmple)
                  20011d80    00000084     driverlib.a : i2c.obj (.text:I2CMasterInitExpClk)
                  20011e04    00000084     simplelink.a : driver.obj (.text:_SlDrvCmdOp)
                  20011e88    00000080                  : cc_pal.obj (.text:NwpPowerOnPreamble)
                  20011f08    0000007c                  : driver.obj (.text:_SlDrvDriverCBInit)
                  20011f84    0000007c                  : netapp.obj (.text:_sl_HandleAsync_DnsGetHostByName)
                  20012000    0000007c                  : device.obj (.text:sl_DevGet)
                  2001207c    0000007c                  : fs.obj (.text:sl_FsClose)
                  200120f8    0000007a     rtsv7M4_T_le_eabi.lib : fs_mul_t2.obj (.text)
                  20012172    00000002     --HOLE-- [fill = 0]
                  20012174    00000078     simplelink.a : cc_pal.obj (.text:SetupDMAReceive)
                  200121ec    00000078     rtsv7M4_T_le_eabi.lib : memset_t2.obj (.text)
                  20012264    00000076     driverlib.a : uart.obj (.text:UARTConfigSetExpClk)
                  200122da    00000002     --HOLE-- [fill = 0]
                  200122dc    00000074     simplelink.a : device.obj (.text:_sl_HandleAsync_InitComplete)
                  20012350    00000074                  : wlan.obj (.text:sl_WlanGet)
                  200123c4    00000074                  : cc_pal.obj (.text:spi_Close)
                  20012438    00000070     driverlib.a : timer.obj (.text:TimerIntRegister)
                  200124a8    00000070     simplelink.a : netapp.obj (.text:_sl_HandleAsync_PingResponse)
                  20012518    0000006e                  : socket.obj (.text:_sl_TruncatePayloadByProtocol)
                  20012586    00000002     --HOLE-- [fill = 0]
                  20012588    0000006c     rtsv7M4_T_le_eabi.lib : fprintf.obj (.text)
                  200125f4    00000068     driverlib.a : timer.obj (.text:TimerIntUnregister)
                  2001265c    00000068     simplelink.a : socket.obj (.text:_sl_HandleAsync_Connect)
                  200126c4    00000068                  : netapp.obj (.text:_sl_HandleAsync_DnsGetHostByService)
                  2001272c    00000068                  : fs.obj (.text:sl_FsGetInfo)
                  20012794    00000064                  : fs.obj (.text:_sl_GetCreateFsMode)
                  200127f8    00000064                  : socket.obj (.text:_sl_HandleAsync_Accept)
                  2001285c    00000064     rtsv7M4_T_le_eabi.lib : fseek.obj (.text)
                  200128c0    00000064                           : xdunscal.obj (.text)
                  20012924    00000064     driverlib.a : udma.obj (.text:uDMAChannelAttributeDisable)
                  20012988    00000064                 : udma.obj (.text:uDMAChannelAttributeEnable)
                  200129ec    00000060     rtsv7M4_T_le_eabi.lib : fs_cmp_t2.obj (.text:__aeabi_cfcmple)
                  20012a4c    00000060                           : fs_cmp_t2.obj (.text:__aeabi_cfrcmple)
                  20012aac    00000060                           : sprintf.obj (.text)
                  20012b0c    00000060                           : trgmsg.obj (.text)
                  20012b6c    0000005e                           : copy_decompress_rle.obj (.text)
                  20012bca    0000005a                           : ltoa.obj (.text)
                  20012c24    00000058     driverlib.a : interrupt.obj (.text:IntPendClear)
                  20012c7c    00000058                 : prcm.obj (.text:PRCMPeripheralReset)
                  20012cd4    00000058     simplelink.a : driver.obj (.text:_SlDrvDriverCBDeinit)
                  20012d2c    00000058                  : socket.obj (.text:_sl_HandleAsync_Select)
                  20012d84    00000054     driverlib.a : interrupt.obj (.text:IntPrioritySet)
                  20012dd8    00000054     simplelink.a : device.obj (.text:_sl_HandleAsync_Stop)
                  20012e2c    00000054                  : fs.obj (.text:sl_FsOpen)
                  20012e80    00000054                  : netapp.obj (.text:sl_NetAppSendTokenValue)
                  20012ed4    00000050     app_common.obj (.text)
                  20012f24    0000004c     driverlib.a : spi.obj (.text:SPIIntEnable)
                  20012f70    0000004c     rtsv7M4_T_le_eabi.lib : atoi.obj (.text)
                  20012fbc    0000004c                           : rand.obj (.text)
                  20013008    0000004c     simplelink.a : socket.obj (.text:sl_SetSockOpt)
                  20013054    0000004c     driverlib.a : udma.obj (.text:uDMAChannelAssign)
                  200130a0    0000004a     simplelink.a : device.obj (.text:_sl_GetStartResponseConvert)
                  200130ea    0000004a     rtsv7M4_T_le_eabi.lib : fd_tos_t2.obj (.text)
                  20013134    00000048     driverlib.a : spi.obj (.text:SPIIntClear)
                  2001317c    00000048     rtsv7M4_T_le_eabi.lib : fd_toi_t2.obj (.text)
                  200131c4    00000048     simplelink.a : device.obj (.text:sl_DevSet)
                  2001320c    00000048                  : fs.obj (.text:sl_FsDel)
                  20013254    00000048                  : wlan.obj (.text:sl_WlanSet)
                  2001329c    00000044     driverlib.a : spi.obj (.text:SPIDmaMaskGet)
                  200132e0    00000044                 : timer.obj (.text:TimerConfigure)
                  20013324    00000044     rtsv7M4_T_le_eabi.lib : cpy_tbl.obj (.text)
                  20013368    00000044                           : exit.obj (.text)
                  200133ac    00000044                           : fd_tou_t2.obj (.text)
                  200133f0    00000044                           : xdtest.obj (.text)
                  20013434    00000044     simplelink.a : netcfg.obj (.text:sl_NetCfgSet)
                  20013478    00000044                  : socket.obj (.text:sl_Recv)
                  200134bc    00000040     driverlib.a : pin.obj (.text:PinModeSet)
                  200134fc    00000040     simplelink.a : driver.obj (.text:_SlDrvRxIrqHandler)
                  2001353c    00000040                  : driver.obj (.text:_SlRemoveFromList)
                  2001357c    00000040     rtsv7M4_T_le_eabi.lib : signal.obj (.text)
                  200135bc    00000040     simplelink.a : wlan.obj (.text:sl_WlanPolicySet)
                  200135fc    00000040                  : wlan.obj (.text:sl_WlanRxFilterSet)
                  2001363c    0000003c                  : cc_pal.obj (.text:NwpPowerOff)
                  20013678    0000003c     driverlib.a : prcm.obj (.text:PRCMPeripheralClkEnable)
                  200136b4    0000003c     simplelink.a : driver.obj (.text:_SlDrvObjInit)
                  200136f0    0000003c     rtsv7M4_T_le_eabi.lib : strncasecmp.obj (.text)
                  2001372c    0000003c     driverlib.a : udma.obj (.text:uDMAChannelControlSet)
                  20013768    0000003a                 : camera.obj (.text:CameraCaptureStop)
                  200137a2    0000003a                 : camera.obj (.text:CameraXClkConfig)
                  200137dc    00000038     free_rtos.a : heap_3.obj (.text)
                  20013814    00000038     rtsv7M4_T_le_eabi.lib : fs_tod_t2.obj (.text)
                  2001384c    00000038                           : fs_toi_t2.obj (.text)
                  20013884    00000038                           : i_tofs_t2.obj (.text)
                  200138bc    00000038     simplelink.a : socket.obj (.text:sl_Htonl)
                  200138f4    00000036     driverlib.a : gpio.obj (.text:GPIODirModeSet)
                  2001392a    00000034                 : camera.obj (.text:CameraParamsConfig)
                  2001395e    00000002     --HOLE-- [fill = 0]
                  20013960    00000034                 : prcm.obj (.text:PRCMPeripheralStatusGet)
                  20013994    00000034                 : spi.obj (.text:SPIFIFOLevelSet)
                  200139c8    00000034     simplelink.a : driver.obj (.text:_SlDrvBasicCmd)
                  200139fc    00000034     rtsv7M4_T_le_eabi.lib : boot.obj (.text)
                  20013a30    00000034                           : feraiseexcept.obj (.text)
                  20013a64    00000034                           : fs_tou_t2.obj (.text)
                  20013a98    00000034                           : strstr.obj (.text)
                  20013acc    00000034     simplelink.a : socket.obj (.text:sl_Htons)
                  20013b00    00000030                  : cc_pal.obj (.text:NwpPowerOn)
                  20013b30    00000030     driverlib.a : pin.obj (.text:PinTypeGPIO)
                  20013b60    00000030                 : uart.obj (.text:UARTDisable)
                  20013b90    00000030     rtsv7M4_T_le_eabi.lib : strncpy.obj (.text)
                  20013bc0    00000030                           : xferaise.obj (.text)
                  20013bf0    00000030     simplelink.a : socket.obj (.text:sl_Socket)
                  20013c20    0000002e     rtsv7M4_T_le_eabi.lib : i_tofd_t2.obj (.text)
                  20013c4e    0000002e                           : raise.obj (.text)
                  20013c7c    0000002c     driverlib.a : camera.obj (.text:CameraIntEnable)
                  20013ca8    0000002c     simplelink.a : cc_pal.obj (.text:DmaSpiSwIntHandler)
                  20013cd4    0000002c     driverlib.a : i2c.obj (.text:I2CMasterErr)
                  20013d00    0000002c                 : prcm.obj (.text:PRCMSysResetCauseGet)
                  20013d2c    0000002c     simplelink.a : flowcont.obj (.text:_SlDrvFlowContDeinit)
                  20013d58    0000002c                  : flowcont.obj (.text:_SlDrvFlowContInit)
                  20013d84    0000002a     driverlib.a : timer.obj (.text:TimerLoadSet)
                  20013dae    0000002a                 : timer.obj (.text:TimerPrescaleSet)
                  20013dd8    00000028                 : camera.obj (.text:CameraIntStatus)
                  20013e00    00000028                 : prcm.obj (.text:PRCMPeripheralClkDisable)
                  20013e28    00000028     simplelink.a : socket.obj (.text:_sl_BuildAddress)
                  20013e50    00000028     rtsv7M4_T_le_eabi.lib : strncat.obj (.text)
                  20013e78    00000028     simplelink.a : wlan.obj (.text:sl_WlanSetMode)
                  20013ea0    00000026     driverlib.a : camera.obj (.text:CameraThresholdSet)
                  20013ec6    00000026     rtsv7M4_T_le_eabi.lib : strncmp.obj (.text)
                  20013eec    00000024     driverlib.a : camera.obj (.text:CameraIntClear)
                  20013f10    00000024                 : interrupt.obj (.text:IntUnregister)
                  20013f34    00000024                 : uart.obj (.text:UARTEnable)
                  20013f58    00000024     rtsv7M4_T_le_eabi.lib : memmov.obj (.text)
                  20013f7c    00000024                           : u_tofs_t2.obj (.text)
                  20013fa0    00000024     simplelink.a : socket.obj (.text:sl_Close)
                  20013fc4    00000024                  : netapp.obj (.text:sl_NetAppStart)
                  20013fe8    00000024                  : netapp.obj (.text:sl_NetAppStop)
                  2001400c    00000024                  : wlan.obj (.text:sl_WlanProfileDel)
                  20014030    00000022     driverlib.a : camera.obj (.text:CameraCaptureStart)
                  20014052    00000022                 : i2c.obj (.text:I2CMasterSlaveAddrSet)
                  20014074    00000022     simplelink.a : cc_pal.obj (.text:NwpRegisterInterruptHandler)
                  20014096    00000022     driverlib.a : spi.obj (.text:SPIReset)
                  200140b8    00000022                 : spi.obj (.text:SPIWordCountSet)
                  200140da    00000022     rtsv7M4_T_le_eabi.lib : memcmp.obj (.text)
                  200140fc    00000020     driverlib.a : interrupt.obj (.text:IntRegister)
                  2001411c    00000020     simplelink.a : driver.obj (.text:_SlDrvCmdSend)
                  2001413c    00000020     rtsv7M4_T_le_eabi.lib : u_tofd_t2.obj (.text)
                  2001415c    0000001e     driverlib.a : i2c.obj (.text:I2CMasterIntStatusEx)
                  2001417a    0000001e                 : timer.obj (.text:TimerDisable)
                  20014198    0000001e                 : timer.obj (.text:TimerEnable)
                  200141b6    0000001e                 : timer.obj (.text:TimerIntStatus)
                  200141d4    0000001e                 : uart.obj (.text:UARTCharPut)
                  200141f2    0000001c                 : pin.obj (.text:PinTypeI2C)
                  2001420e    0000001c                 : timer.obj (.text:TimerValueGet)
                  2001422a    00000002     --HOLE-- [fill = 0]
                  2001422c    0000001c     simplelink.a : driver.obj (.text:_SlDrvObjDeInit)
                  20014248    0000001c     rtsv7M4_T_le_eabi.lib : memccpy.obj (.text)
                  20014264    0000001c     driverlib.a : udma.obj (.text:uDMAChannelDisable)
                  20014280    0000001c                 : udma.obj (.text:uDMAChannelEnable)
                  2001429c    0000001a     simplelink.a : netapp.obj (.text:CopyPingResultsToReport)
                  200142b6    0000001a     driverlib.a : pin.obj (.text:PinTypeCamera)
                  200142d0    0000001a                 : pin.obj (.text:PinTypeUART)
                  200142ea    0000001a                 : spi.obj (.text:SPIDmaDisable)
                  20014304    0000001a                 : spi.obj (.text:SPIDmaEnable)
                  2001431e    0000001a                 : spi.obj (.text:SPIFIFODisable)
                  20014338    0000001a                 : spi.obj (.text:SPIFIFOEnable)
                  20014352    0000001a     simplelink.a : device.obj (.text:_SlDrvDeviceEventHandler)
                  2001436c    00000018     driverlib.a : camera.obj (.text:CameraReset)
                  20014384    00000018                 : gpio.obj (.text:GPIOPinRead)
                  2001439c    00000018                 : spi.obj (.text:SPICSDisable)
                  200143b4    00000018                 : spi.obj (.text:SPICSEnable)
                  200143cc    00000018                 : spi.obj (.text:SPIDisable)
                  200143e4    00000018                 : spi.obj (.text:SPIEnable)
                  200143fc    00000018                 : timer.obj (.text:TimerIntDisable)
                  20014414    00000018                 : timer.obj (.text:TimerIntEnable)
                  2001442c    00000018     rtsv7M4_T_le_eabi.lib : args_main.obj (.text)
                  20014444    00000018                           : ll_mul_t2.obj (.text)
                  2001445c    00000018                           : strcmp.obj (.text)
                  20014474    00000016     driverlib.a : camera.obj (.text:CameraDMAEnable)
                  2001448a    00000016                 : camera.obj (.text:CameraIntRegister)
                  200144a0    00000016                 : i2c.obj (.text:I2CMasterDataPut)
                  200144b6    00000016                 : i2c.obj (.text:I2CMasterEnable)
                  200144cc    00000016                 : prcm.obj (.text:PRCMHIBRegRead)
                  200144e2    00000016                 : prcm.obj (.text:PRCMHIBRegWrite)
                  200144f8    00000016                 : uart.obj (.text:UARTCharGet)
                  2001450e    00000016     simplelink.a : fs.obj (.text:_sl_Strlen)
                  20014524    00000016     rtsv7M4_T_le_eabi.lib : memchr.obj (.text)
                  2001453a    00000016                           : strchr.obj (.text)
                  20014550    00000016     driverlib.a : udma.obj (.text:uDMAIntRegister)
                  20014566    00000014                 : cpu.obj (.text:CPUcpsie)
                  2001457a    00000002     --HOLE-- [fill = 0]
                  2001457c    00000014                 : interrupt.obj (.text:IntVTableBaseSet)
                  20014590    00000014     simplelink.a : driver.obj (.text:_SlDrvShiftDWord)
                  200145a4    00000014     rtsv7M4_T_le_eabi.lib : _lock.obj (.text)
                  200145b8    00000014                           : strlen.obj (.text)
                  200145cc    00000014     driverlib.a : udma.obj (.text:uDMAControlBaseSet)
                  200145e0    00000014                 : udma.obj (.text:uDMAIntClear)
                  200145f4    00000012                 : i2c.obj (.text:I2CMasterControl)
                  20014606    00000012                 : i2c.obj (.text:I2CMasterIntClearEx)
                  20014618    00000012                 : i2c.obj (.text:I2CMasterTimeoutSet)
                  2001462a    00000012                 : timer.obj (.text:TimerIntClear)
                  2001463c    00000012     rtsv7M4_T_le_eabi.lib : copy_zero_init.obj (.text:decompress:ZI)
                  2001464e    00000012     simplelink.a : netapp.obj (.text:sl_NetAppMDNSUnRegisterService)
                  20014660    00000012     driverlib.a : udma.obj (.text:uDMAIntUnregister)
                  20014672    00000002     --HOLE-- [fill = 0]
                  20014674    00000010     simplelink.a : cc_pal.obj (.text:NwpMaskInterrupt)
                  20014684    00000010                  : socket.obj (.text:SL_FD_SET)
                  20014694    00000010     rtsv7M4_T_le_eabi.lib : strcpy.obj (.text)
                  200146a4    00000010                           : tolower.obj (.text)
                  200146b4    0000000e     driverlib.a : i2c.obj (.text:I2CMasterDataGet)
                  200146c2    0000000e     rtsv7M4_T_le_eabi.lib : copy_decompress_none.obj (.text:decompress:none)
                  200146d0    0000000e                           : xdclass.obj (.text)
                  200146de    0000000e     startup_ccs.obj (.text)
                  200146ec    0000000c     simplelink.a : cc_pal.obj (.text:NwpUnMaskInterrupt)
                  200146f8    0000000c     driverlib.a : udma.obj (.text:uDMADisable)
                  20014704    0000000c                 : udma.obj (.text:uDMAEnable)
                  20014710    0000000c                 : udma.obj (.text:uDMAIntStatus)
                  2001471c    0000000a                 : interrupt.obj (.text:IntMasterEnable)
                  20014726    00000008     simplelink.a : wlan.obj (.text:sl_WlanDisconnect)
                  2001472e    00000006                  : socket.obj (.text:SL_FD_ZERO)
                  20014734    00000006     driverlib.a : utils.obj (.text:UtilsDelay)
                  2001473a    00000006     rtsv7M4_T_le_eabi.lib : copy_decompress_rle.obj (.text:decompress:rle24)
                  20014740    00000006                           : log.obj (.text)
                  20014746    00000004                           : error.obj (.text)
                  2001474a    00000004                           : xldtest.obj (.text)

.const     0    20014750    0000086d     
                  20014750    00000102     rtsv7M4_T_le_eabi.lib : ctype.obj (.const:.string:_ctypes_)
                  20014852    00000002     --HOLE-- [fill = 0]
                  20014854    00000100     driverlib.a : pin.obj (.const:g_ulPinToPadMap)
                  20014954    000000ec     simplelink.a : wlan.obj (.const)
                  20014a40    000000d4     driverlib.a : interrupt.obj (.const:g_pulRegs)
                  20014b14    000000a8                 : prcm.obj (.const:PRCM_PeriphRegsList)
                  20014bbc    00000004     --HOLE-- [fill = 0]
                  20014bc0    00000088     rtsv7M4_T_le_eabi.lib : xlatan.obj (.const)
                  20014c48    00000080     driverlib.a : interrupt.obj (.const)
                  20014cc8    00000051     network_relater_fns.obj (.const:.string)
                  20014d19    00000003     --HOLE-- [fill = 0]
                  20014d1c    0000004c     simplelink.a : driver.obj (.const)
                  20014d68    00000048     rtsv7M4_T_le_eabi.lib : xexp.obj (.const)
                  20014db0    00000038                           : xlog.obj (.const:p)
                  20014de8    00000038     simplelink.a : fs.obj (.const)
                  20014e20    00000034                  : socket.obj (.const)
                  20014e54    00000030     rtsv7M4_T_le_eabi.lib : xdint.obj (.const)
                  20014e84    0000002c     libparse.a : cc3200_utils.obj (.const:$P$T0$1)
                  20014eb0    0000002c     network_relater_fns.obj (.const:$P$T1$2)
                  20014edc    00000028     simplelink.a : netapp.obj (.const)
                  20014f04    00000022     network_relater_fns.obj (.const:.string:$P$T0$1)
                  20014f26    00000002     --HOLE-- [fill = 0]
                  20014f28    00000020     network_relater_fns.obj (.const)
                  20014f48    00000018     driverlib.a : spi.obj (.const)
                  20014f60    00000017     libparse.a : request.obj (.const:.string)
                  20014f77    00000016     camera_app.obj (.const:.string)
                  20014f8d    00000003     --HOLE-- [fill = 0]
                  20014f90    00000014     simplelink.a : device.obj (.const)
                  20014fa4    0000000b     app_common.obj (.const:.string)
                  20014faf    00000001     --HOLE-- [fill = 0]
                  20014fb0    00000008     simplelink.a : netcfg.obj (.const)
                  20014fb8    00000005     main.obj (.const:.string)

.cinit     0    20014fc0    00000bb0     
                  20014fc0    00000b8a     (.cinit..data.load) [load image, compression = rle]
                  20015b4a    00000002     --HOLE-- [fill = 0]
                  20015b4c    0000000c     (__TI_handler_table)
                  20015b58    00000008     (.cinit..bss.load) [load image, compression = zero_init]
                  20015b60    00000010     (__TI_cinit_table)

.bss       0    20018000    00014905     UNINITIALIZED
                  20018000    00014000     main.obj (.bss:g_image_buffer)
                  2002c000    00000400     udma_if.obj (.bss:gpCtlTbl)
                  2002c400    00000120     rtsv7M4_T_le_eabi.lib : trgmsg.obj (.bss:__CIOBUF_)
                  2002c520    00000100     udma_if.obj (.bss:gfpAppCallbackHndl)
                  2002c620    000000c8     free_rtos.a : tasks.obj (.bss:pxReadyTasksLists)
                  2002c6e8    000000a0     rtsv7M4_T_le_eabi.lib : defs.obj (.bss:__TI_tmpnams)
                  2002c788    00000050     free_rtos.a : queue.obj (.bss:xQueueRegistry)
                  2002c7d8    00000034     libparse.a : cc3200_client_state.obj (.bss:clientStateFileName)
                  2002c80c    00000024     network_relater_fns.obj (.bss:g_ucConnectionSSID)
                  2002c830    0000001c     rtsv7M4_T_le_eabi.lib : vla_alloc.obj (.bss)
                  2002c84c    00000014     (.common:g_flag_blockFull)
                  2002c860    00000014     (.common:xDelayedTaskList1)
                  2002c874    00000014     (.common:xDelayedTaskList2)
                  2002c888    00000014     (.common:xPendingReadyList)
                  2002c89c    00000014     (.common:xSuspendedTaskList)
                  2002c8b0    00000014     (.common:xTasksWaitingTermination)
                  2002c8c4    00000008     (.common:g_ucConnectionBSSID)
                  2002c8cc    00000008     (.common:parmbuf)
                  2002c8d4    00000004     (.common:__Errorlog)
                  2002c8d8    00000004     (.common:dataBuffer)
                  2002c8dc    00000004     (.common:g_block_lastFilled)
                  2002c8e0    00000004     (.common:g_frame_size_in_bytes)
                  2002c8e4    00000004     (.common:g_header_length)
                  2002c8e8    00000004     (.common:g_position_in_block)
                  2002c8ec    00000004     (.common:g_readHeader)
                  2002c8f0    00000004     (.common:g_total_dma_intrpts)
                  2002c8f4    00000004     (.common:pxDelayedTaskList)
                  2002c8f8    00000004     (.common:pxOverflowDelayedTaskList)
                  2002c8fc    00000004     (.common:v_TimerOverflows)
                  2002c900    00000001     (.common:g_CaptureImage)
                  2002c901    00000001     (.common:g_dma_txn_done)
                  2002c902    00000001     (.common:g_flag_DataBlockFilled)
                  2002c903    00000001     (.common:g_frame_end)
                  2002c904    00000001     (.common:iDone)

.sysmem    0    2002c908    00004000     UNINITIALIZED
                  2002c908    00000008     rtsv7M4_T_le_eabi.lib : memory.obj (.sysmem)
                  2002c910    00003ff8     --HOLE--


LINKER GENERATED COPY TABLES

__TI_cinit_table @ 20015b60 records: 2, size/record: 8, table size: 16
	.data: load addr=20014fc0, load size=00000b8a bytes, run addr=20000000, run size=00001540 bytes, compression=rle
	.bss: load addr=20015b58, load size=00000008 bytes, run addr=20018000, run size=00014905 bytes, compression=zero_init


LINKER GENERATED HANDLER TABLE

__TI_handler_table @ 20015b4c records: 3, size/record: 4, table size: 12
	index: 0, handler: __TI_decompress_rle24
	index: 1, handler: __TI_decompress_none
	index: 2, handler: __TI_zero_init


GLOBAL SYMBOLS: SORTED ALPHABETICALLY BY Name 

address    name
--------   ----
20013369   C$$EXIT
20012b37   C$$IO$$
20014567   CPUcpsie
20007579   CamControllerInit
20014031   CameraCaptureStart
20013769   CameraCaptureStop
20014475   CameraDMAEnable
20013eed   CameraIntClear
20013c7d   CameraIntEnable
2001448b   CameraIntRegister
20013dd9   CameraIntStatus
2001392b   CameraParamsConfig
2001436d   CameraReset
20013ea1   CameraThresholdSet
200137a3   CameraXClkConfig
2000713d   CaptureAndStore_Image
2000e0dd   ClearTerm
200115b1   CollectTxit_ImgTempRH
200067e1   ConfigureMode
20006541   ConfigureSimpleLinkToDefaultState
2000681d   ConnectToNetwork
20006985   ConnectToNetwork_2
20006a47   ConnectToNetwork_STA
20006a2b   ConnectToNetwork_STA_2
2000d71d   ConstructDeviceStateObject
2001429d   CopyPingResultsToReport
20001324   DMAMsgQ
2000e8a9   DMASetupTransfer
2000152c   DigiCertHighAssuranceEVRootCA_der_len
2000e773   DmaErrorIntHandler
20013ca9   DmaSpiSwIntHandler
2000e761   DmaSwIntHandler
2000e0e3   Error
2000992d   FXOS8700CQ_Init
20009a19   FXOS8700CQ_Mag_Calibration
200138f5   GPIODirModeSet
20014385   GPIOPinRead
2000e117   GetCmd
2001075d   GetTimeDuration
2000d129   HOSTclock
2000d0f1   HOSTclose
2000d0b3   HOSTgetenv
2000d057   HOSTlseek
2000d005   HOSTopen
2000cfb9   HOSTread
2000cf5b   HOSTrename
2000cf21   HOSTtime
2000cee9   HOSTunlink
2000ce9d   HOSTwrite
200145f5   I2CMasterControl
200146b5   I2CMasterDataGet
200144a1   I2CMasterDataPut
200144b7   I2CMasterEnable
20013cd5   I2CMasterErr
20011d81   I2CMasterInitExpClk
20014607   I2CMasterIntClearEx
2001415d   I2CMasterIntStatusEx
20014053   I2CMasterSlaveAddrSet
20014619   I2CMasterTimeoutSet
2000ea6b   I2C_IF_Close
2000ea41   I2C_IF_Open
2000e9b9   I2C_IF_Read
2000ea21   I2C_IF_ReadFrom
2000e957   I2C_IF_Write
2000e0a5   InitTerm
2000d69d   InitialiseParse
20006519   InitializeAppVariables
20010707   InitializeTimer
20011149   IntDisable
200111f1   IntEnable
2001471d   IntMasterEnable
20012c25   IntPendClear
20012d85   IntPrioritySet
200140fd   IntRegister
20013f11   IntUnregister
2001457d   IntVTableBaseSet
20000000   JPEG_StdHuffmanTbl
2000137c   JPEG_StdQuantTblC
200013bc   JPEG_StdQuantTblY
2000d419   Main_Task
2000e0c3   Message
20014675   NwpMaskInterrupt
2001363d   NwpPowerOff
20013b01   NwpPowerOn
20011e89   NwpPowerOnPreamble
20014075   NwpRegisterInterruptHandler
200146ed   NwpUnMaskInterrupt
2000f125   PRCMCC3200MCUInit
200144cd   PRCMHIBRegRead
200144e3   PRCMHIBRegWrite
20013e01   PRCMPeripheralClkDisable
20013679   PRCMPeripheralClkEnable
20011779   PRCMPeripheralClockGet
20012c7d   PRCMPeripheralReset
20013961   PRCMPeripheralStatusGet
20013d01   PRCMSysResetCauseGet
20011add   PinConfigSet
200134bd   PinModeSet
20010f3b   PinMuxConfig
200142b7   PinTypeCamera
20013b31   PinTypeGPIO
200141f3   PinTypeI2C
200142d1   PinTypeUART
2000e1c1   Report
200146df   ResetISR
UNDEFED    SHT$$INIT_ARRAY$$Base
UNDEFED    SHT$$INIT_ARRAY$$Limit
20014685   SL_FD_SET
2001472f   SL_FD_ZERO
2001439d   SPICSDisable
200143b5   SPICSEnable
20011341   SPIConfigSetExpClk
200143cd   SPIDisable
200142eb   SPIDmaDisable
20014305   SPIDmaEnable
200143e5   SPIEnable
2001431f   SPIFIFODisable
20014339   SPIFIFOEnable
20013995   SPIFIFOLevelSet
20013135   SPIIntClear
20012f25   SPIIntEnable
20014097   SPIReset
200140b9   SPIWordCountSet
2000e7f1   SetupTransfer
20006dd5   SimpleLinkHttpServerCallback
20006cd9   SimpleLinkNetAppEventHandler
20006d7d   SimpleLinkSockEventHandler
20006bf5   SimpleLinkWlanEventHandler
20010733   StartTimer
2001074f   StopTimer
200106f5   TimerBaseIntHandler
200132e1   TimerConfigure
2001417b   TimerDisable
20014199   TimerEnable
2001462b   TimerIntClear
200143fd   TimerIntDisable
20014415   TimerIntEnable
20012439   TimerIntRegister
200141b7   TimerIntStatus
200125f5   TimerIntUnregister
20013d85   TimerLoadSet
20013daf   TimerPrescaleSet
2001420f   TimerValueGet
2001131d   Timer_IF_DeInit
20011335   Timer_IF_GetCount
20011299   Timer_IF_Init
200112c3   Timer_IF_IntSetup
200112f5   Timer_IF_InterruptClear
20013d85   Timer_IF_ReLoad
20011309   Timer_IF_Start
2001417b   Timer_IF_Stop
2000e177   TrimSpace
200144f9   UARTCharGet
200141d5   UARTCharPut
20012265   UARTConfigSetExpClk
20013b61   UARTDisable
20013f35   UARTEnable
2000e7c9   UDMAChannelSelect
2000e895   UDMADeInit
2000e77f   UDMAInit
2000e827   UDMASetupAutoMemTransfer
2000e84b   UDMASetupPingPongTransfer
20014265   UDMAStopTransfer
2000d6b3   UploadImageToParse
2000d6d1   UploadSensorDataToParse
20014735   UtilsDelay
2000b8a1   VDeleteSimpleLinkSpawnTask
2000b851   VStartSimpleLinkSpawnTask
200146d1   _Dclass
200011c0   _Denorm
20010899   _Dint
2001095d   _Dnorm
2000fa51   _Dscale
200133f1   _Dtest
200128c1   _Dunscale
200011d0   _Eps
20001530   _Errno
2000d919   _Exp
200012b0   _FDenorm
200012c0   _FEps
200012d0   _FInf
200012e0   _FNan
20001300   _FRteps
200012f0   _FSnan
20001310   _FXbig
20001314   _FZero
20001518   _Fenv
20013bc1   _Feraise
200011e0   _Hugeval
200011f0   _Inf
2000ea81   _LAtan
20001240   _LDenorm
2001474b   _LDtest
20001250   _LEps
20001260   _LInf
20001270   _LNan
20001290   _LRteps
20001280   _LSnan
200012a0   _LXbig
200012a8   _LZero
2000cbb9   _Log
20001200   _Nan
20001220   _Rteps
20014e40   _SlAcceptCmdCtrl
20014d30   _SlActionLookupTable
2000c55d   _SlAsyncEventGenericHandler
20014f9c   _SlDeviceGetCmdCtrl
20014fa0   _SlDeviceSetCmdCtrl
200139c9   _SlDrvBasicCmd
2001180d   _SlDrvClassifyRxMsg
20011e05   _SlDrvCmdOp
2001411d   _SlDrvCmdSend
2000ec09   _SlDrvDataReadOp
2000f4bd   _SlDrvDataWriteOp
20014353   _SlDrvDeviceEventHandler
20012cd5   _SlDrvDriverCBDeinit
20011f09   _SlDrvDriverCBInit
20013d2d   _SlDrvFlowContDeinit
20013d59   _SlDrvFlowContInit
2000c1b5   _SlDrvMsgRead
20010d21   _SlDrvMsgReadCmdCtx
20011935   _SlDrvMsgReadSpawnCtx
2000f82d   _SlDrvMsgWrite
20010e89   _SlDrvNetAppEventHandler
2001422d   _SlDrvObjDeInit
200136b5   _SlDrvObjInit
2000fe81   _SlDrvReleasePoolObj
2000ed6d   _SlDrvRxHdrRead
200134fd   _SlDrvRxIrqHandler
20014591   _SlDrvShiftDWord
2000fb61   _SlDrvWaitForPoolObj
20014f98   _SlEventMaskGetCmdCtrl
20014f94   _SlEventMaskSetCmdCtrl
20011519   _SlFindAndSetActiveObj
20014dec   _SlFsCloseCmdCtrl
20014dfc   _SlFsDeleteCmdCtrl
20014df8   _SlFsGetInfoCmdCtrl
20014de8   _SlFsOpenCmdCtrl
20014df0   _SlFsReadCmdCtrl
20014df4   _SlFsWriteCmdCtrl
20014ef4   _SlGetHostByNameCtrl
20014ef0   _SlGetHostByServiceCtrl
20014ee8   _SlGetServiceListeCtrl
20014e4c   _SlGetSockOptCmdCtrl
20014e3c   _SlListenCmdCtrl
20014f00   _SlNetAppGetCmdCtrl
20014efc   _SlNetAppSendTokenValueCmdCtrl
20014ef8   _SlNetAppSetCmdCtrl
20014ee0   _SlNetAppStartCtrl
20014ee4   _SlNetAppStopCtrl
20014fb4   _SlNetCfgGetCmdCtrl
20014fb0   _SlNetCfgSetCmdCtrl
2001495c   _SlPolicyGetCmdCtrl
20014958   _SlPolicySetCmdCtrl
20014964   _SlProfileDelCmdCtrl
20014960   _SlProfileGetCmdCtrl
20014e44   _SlRecvCmdCtrl
20014e34   _SlRecvfomCmdCtrl
20014eec   _SlRegisterServiceCtrl
2001353d   _SlRemoveFromList
2001496c   _SlRxFilterAddtCmdCtrl
20014974   _SlRxFilterGetCmdCtrl
20014970   _SlRxFilterSetCmdCtrl
20014e50   _SlSelectCmdCtrl
20014e38   _SlSendCmdCtrl
20014e48   _SlSetSockOptCmdCtrl
20014978   _SlSmartConfigStartCmdCtrl
20014e30   _SlSockCloseCmdCtrl
20014e2c   _SlSockSocketCmdCtrl
20014f90   _SlStopCmdCtrl
20014984   _SlWlanCfgGetCmdCtrl
20014980   _SlWlanCfgSetCmdCtrl
20014968   _SlWlanGetNetworkListCtrl
2001497c   _SlWlanSetModeCmdCtrl
20001210   _Snan
2000151c   _Tls_setup__Fenv
20001230   _Xbig
20001238   _Zero
2002c400   __CIOBUF_
20004000   __STACK_END
00001000   __STACK_SIZE
00004000   __SYSMEM_SIZE
20015b60   __TI_CINIT_Base
20015b70   __TI_CINIT_Limit
20015b4c   __TI_Handler_Table_Base
20015b58   __TI_Handler_Table_Limit
00000001   __TI_args_main
200118a1   __TI_auto_init
2000dfad   __TI_cleanup
20001510   __TI_cleanup_ptr
20011649   __TI_closefile
200146c3   __TI_decompress_none
2001473b   __TI_decompress_rle24
20010ae5   __TI_doflush
20001514   __TI_dtors_ptr
200014cc   __TI_ft_end
2000620f   __TI_printfi
200110ff   __TI_rd_ok
20012b3b   __TI_readmsg
20014fc0   __TI_static_base__
2002c6e8   __TI_tmpnams
20012b0d   __TI_writemsg
2001109d   __TI_wrt_ok
2001463d   __TI_zero_init
20014747   __abort_execution
20011c75   __aeabi_cdcmpeq
20011c75   __aeabi_cdcmple
20011cfb   __aeabi_cdrcmple
200129ed   __aeabi_cfcmpeq
200129ed   __aeabi_cfcmple
20012a4d   __aeabi_cfrcmple
200130eb   __aeabi_d2f
2001317d   __aeabi_d2iz
200133ad   __aeabi_d2uiz
2000e267   __aeabi_dadd
2000efed   __aeabi_ddiv
20010089   __aeabi_dmul
2000e25d   __aeabi_dsub
20013815   __aeabi_f2d
2001384d   __aeabi_f2iz
20013a65   __aeabi_f2uiz
20010189   __aeabi_fadd
200120f9   __aeabi_fmul
20010185   __aeabi_fsub
20013c21   __aeabi_i2d
20013885   __aeabi_i2f
20014445   __aeabi_lmul
200121ed   __aeabi_memclr
200121ed   __aeabi_memclr4
200121ed   __aeabi_memclr8
2001147d   __aeabi_memcpy
2001147d   __aeabi_memcpy4
2001147d   __aeabi_memcpy8
200121ef   __aeabi_memset
200121ef   __aeabi_memset4
200121ef   __aeabi_memset8
200014d8   __aeabi_stderr
200014d0   __aeabi_stdin
200014d4   __aeabi_stdout
2001413d   __aeabi_ui2d
20013f7d   __aeabi_ui2f
2000db15   __aeabi_uldivmod
ffffffff   __binit__
ffffffff   __c_args__
20003000   __stack
2000d27f   __vla_alloc
2000d171   __vla_dealloc
2000d1ff   __vla_dealloc_eh
2001442d   _args_main
200139fd   _c_int00
20014750   _ctypes_
20000f50   _ftable
20001508   _lock
200145b3   _nop
200145ab   _register_lock
200145a5   _register_unlock
20013e29   _sl_BuildAddress
20012795   _sl_GetCreateFsMode
200130a1   _sl_GetStartResponseConvert
200127f9   _sl_HandleAsync_Accept
2001265d   _sl_HandleAsync_Connect
20011f85   _sl_HandleAsync_DnsGetHostByName
200126c5   _sl_HandleAsync_DnsGetHostByService
200122dd   _sl_HandleAsync_InitComplete
200124a9   _sl_HandleAsync_PingResponse
20012d2d   _sl_HandleAsync_Select
20012dd9   _sl_HandleAsync_Stop
2001450f   _sl_Strlen
20012519   _sl_TruncatePayloadByProtocol
2002c908   _sys_memory
2000150c   _unlock
2001336d   abort
2000e4c3   addHttpRequestHeader
2000e4f1   addHttpRequestHeaderInt
2000e415   addHttpRequestLine
2000cb0b   add_device
2000ff85   atan2l
20012f71   atoi
2000e47f   beginHttpGetRequest
2000e45d   beginHttpRequest
ffffffff   binit
20008877   buildRequestHeaders
2000bdc9   calloc
200098dd   clearAccelMotionIntrpt
2002c7d8   clientStateFileName
2000cab9   close
200014c4   cnt
20009393   configureFXOS8700
20013325   copy_in
2000a467   createInstallation
20009e31   createNewInstallationId
2002c8d8   dataBuffer
200014c8   dataBufferSize
20010dd5   debugPrint
20010df7   debugPrintf
20004691   eTaskGetState
2000dd09   ensureCertificateFile
20013375   exit
200116af   fclose
20013a31   feraiseexcept
20009dbd   fetchDeviceOSVersion
20010b31   fflush
2000abd3   findSecondJson
2000e003   fopen
20012591   fprintf
200113e1   fputc
2000f259   fputs
2000bb23   free
2000dfd9   freopen
2001285d   fseek
20000dd0   gFirstCmdMode
2002c900   g_CaptureImage
20014d28   g_H2NCnysPattern
20014d20   g_H2NSyncPattern
20001318   g_SpiFd
20000dd8   g_StatMem
2002c8dc   g_block_lastFilled
20001328   g_cDummy
20014f60   g_deviceClientVersion
2002c902   g_flag_DataBlockFilled
2002c84c   g_flag_blockFull
2002c903   g_frame_end
2002c8e0   g_frame_size_in_bytes
20000600   g_header
2002c8e4   g_header_length
20018000   g_image_buffer
2000149c   g_osVersion
20000dd4   g_pCB
2000131c   g_pHostIntHdl
20004000   g_pfnVectors
2002c8e8   g_position_in_block
2002c8ec   g_readHeader
2002c8c4   g_ucConnectionBSSID
2002c80c   g_ucConnectionSSID
20001320   g_ucDMAEnabled
2000132c   g_ucDinDout
200014f0   g_uiSimplelinkRole
200014ec   g_ulGatewayIP
20001504   g_ulPingPacketsRecv
200014e8   g_ulStatus
20009749   getAccelerationMagnitude
2000960f   getDoorDirection
2000e53f   getHttpResponseBody
2000e513   getHttpResponseStatus
2000a4b7   getInstallation
2000f7bf   getInternalClient
200096c5   getMagnFlux_3axis
2000ac23   getPushJson
2002c520   gfpAppCallbackHndl
2002c000   gpCtlTbl
20008c3d   headerSend
2000fc6d   i2cReadRegisters
2000fd19   i2cReadRegistersTwoBytes
2000fcaf   i2cWriteRegisters
2002c904   iDone
20006ad1   initNetwork
20012ed5   intToASCII
2000abff   isCompleteJson
20009d59   isPingTime
2000be01   loadClientState
20014741   log
2000ca95   lseek
20012bcb   ltoa
2000d48b   main
2000153c   main_func_sp
2000bac1   malloc
2000b9a5   mem_Free
2000b999   mem_Malloc
2000b9c5   mem_copy
2000b9b1   mem_set
2000bce9   memalign
20014249   memccpy
20014525   memchr
200140db   memcmp
2001147d   memcpy
20013f59   memmove
200121f5   memset
2000ba35   minit
2000c9e7   open
2000ba1b   osi_ContextRestore
2000ba19   osi_ContextSave
2000b9d9   osi_EnterCritical
2000b9e3   osi_ExitCritical
2000b5ff   osi_InterruptDeRegister
2000b5d9   osi_InterruptRegister
2000b709   osi_LockObjCreate
2000b77d   osi_LockObjDelete
2000b78d   osi_LockObjLock
2000b7b9   osi_LockObjUnlock
2000b8cd   osi_MsgQCreate
2000b911   osi_MsgQDelete
2000b95d   osi_MsgQRead
2000b92b   osi_MsgQWrite
2000b9f5   osi_Sleep
2000b7e3   osi_Spawn
2000b6e7   osi_SyncObjClear
2000b611   osi_SyncObjCreate
2000b641   osi_SyncObjDelete
2000b65b   osi_SyncObjSignal
2000b683   osi_SyncObjSignalFromISR
2000b6bb   osi_SyncObjWait
2000b72f   osi_TaskCreate
2000b76f   osi_TaskDelete
2000ba05   osi_TaskDisable
2000ba0f   osi_TaskEnable
2000b9ed   osi_start
20000dcc   pPingCallBackFunc
200091f7   parseGetErrorCode
2000a6d9   parseGetInstallationId
2000f715   parseInitialize
20009159   parseSendRequest
200090e5   parseSendRequestInternal
2000a62b   parseSetInstallationId
20008d39   payloadSend
20014fa4   pcDigits
20004bb5   pcTaskGetTaskName
20010d19   portCLZ
2000b149   pow
20010d01   prvPortStartFirstTask
20011465   putc
20011469   putchar
2000f365   puts
200137dd   pvPortMalloc
2000143c   pxCurrentTCB
2000f941   pxPortInitialiseStack
20013c4f   raise
20012fd3   rand
2000c9c3   read
2000bbe3   realloc
2000c939   remove
2000c99b   remove_device
2000c95d   rename
2000d6e5   retreiveImageIDfromHTTPResponse
2000bf13   saveClientState
20008fb5   sendRequest
20008855   setDataBufferPointer
200095cd   setMotionDetectionThreshold
20010541   setvbuf
2001357d   signal
2000a809   simpleJsonProcessor
20013fa1   sl_Close
20010371   sl_Connect
20012001   sl_DevGet
200131c5   sl_DevSet
2001207d   sl_FsClose
2001320d   sl_FsDel
2001272d   sl_FsGetInfo
20012e2d   sl_FsOpen
200119c5   sl_FsRead
20011a51   sl_FsWrite
200138bd   sl_Htonl
20013acd   sl_Htons
2001061d   sl_NetAppDnsGetHostByName
20011bed   sl_NetAppMDNSRegisterUnregisterService
2001464f   sl_NetAppMDNSUnRegisterService
20012e81   sl_NetAppSendTokenValue
20013fc5   sl_NetAppStart
20013fe9   sl_NetAppStop
20013435   sl_NetCfgSet
20013479   sl_Recv
2000fd79   sl_Select
20010fed   sl_Send
20013009   sl_SetSockOpt
20013bf1   sl_Socket
20010ba5   sl_Start
20010a21   sl_Stop
2000e5c5   sl_WlanConnect
20014727   sl_WlanDisconnect
20012351   sl_WlanGet
200135bd   sl_WlanPolicySet
2001400d   sl_WlanProfileDel
200135fd   sl_WlanRxFilterSet
20013255   sl_WlanSet
20013e79   sl_WlanSetMode
200116e1   snprintf
2000b045   socketClose
2000aea9   socketRead
2000ad0d   socketSslConnect
2000acad   socketWait
2000afa5   socketWrite
200123c5   spi_Close
2000f38d   spi_Open
200107cd   spi_Read
20010459   spi_Write
20012aad   sprintf
2000eead   sqrt
20012fbd   srand
200014c2   sshPort
2001453b   strchr
2001445d   strcmp
20014695   strcpy
200145b9   strlen
200136f1   strncasecmp
20013e51   strncat
20013ec7   strncmp
20013b91   strncpy
20013a99   strstr
200146a5   tolower
20013055   uDMAChannelAssign
20012925   uDMAChannelAttributeDisable
20012989   uDMAChannelAttributeEnable
2001372d   uDMAChannelControlSet
20014265   uDMAChannelDisable
20014281   uDMAChannelEnable
20010281   uDMAChannelTransferSet
200145cd   uDMAControlBaseSet
200146f9   uDMADisable
20014705   uDMAEnable
200145e1   uDMAIntClear
20014551   uDMAIntRegister
20014711   uDMAIntStatus
20014661   uDMAIntUnregister
200084b1   ucQueueGetQueueType
20010c69   ulPortSetInterruptMask
2000c939   unlink
2000989d   updateConfigReg
20009db3   updateLastPingTime
2000f6cb   uxListRemove
20008491   uxQueueGetQueueNumber
20008425   uxQueueMessagesWaiting
2000845b   uxQueueMessagesWaitingFromISR
2000843b   uxQueueSpacesAvailable
20004ba9   uxTaskGetNumberOfTasks
20004bd9   uxTaskGetSystemState
200050c9   uxTaskGetTaskNumber
20004725   uxTaskPriorityGet
20005621   uxTaskResetEventItemValue
2000d413   vApplicationIdleHook
2000d415   vApplicationMallocFailedHook
2000d417   vApplicationStackOverflowHook
2000d411   vAssertCalled
2000f5e9   vListInitialise
2000f619   vListInitialiseItem
2000f665   vListInsert
2000f629   vListInsertEnd
20010c7f   vPortClearInterruptMask
2000f9bd   vPortEndScheduler
2000f9d1   vPortEnterCritical
2000f9e9   vPortExitCritical
200137fd   vPortFree
20010cd9   vPortSVCHandler
2000fa1d   vPortSetupTimerInterrupt
2000f9bf   vPortYield
200086cb   vQueueAddToRegistry
2000846d   vQueueDelete
2000849f   vQueueSetQueueNumber
2000870d   vQueueUnregisterQueue
2000463b   vTaskDelay
2000459f   vTaskDelayUntil
2000450f   vTaskDelete
20004a8d   vTaskEndScheduler
200050bb   vTaskMissedYield
20004e51   vTaskPlaceOnEventList
20004eb5   vTaskPlaceOnUnorderedEventList
20005597   vTaskPriorityDisinherit
200054dd   vTaskPriorityInherit
2000475d   vTaskPrioritySet
20004955   vTaskResume
200050e9   vTaskSetTaskNumber
2000501b   vTaskSetTimeOutState
20004a43   vTaskStartScheduler
20004861   vTaskSuspend
20004a9f   vTaskSuspendAll
20004dd1   vTaskSwitchContext
2002c8fc   v_TimerOverflows
20009365   verifyAccelMagnSensor
20011b65   vsnprintf
2000c8a9   write
20009bc3   writeMagntCalibrationValue
200014dc   xHigherPriorityTaskWoken
20010c8d   xPortPendSVHandler
2000f991   xPortStartScheduler
2000fa01   xPortSysTickHandler
2000875b   xQueueAddToSet
2000808d   xQueueAltGenericReceive
20007fe1   xQueueAltGenericSend
20007eb5   xQueueCreateCountingSemaphore
20007e37   xQueueCreateMutex
20008747   xQueueCreateSet
20007dc1   xQueueGenericCreate
20008227   xQueueGenericReceive
20007d31   xQueueGenericReset
20007ed5   xQueueGenericSend
2000818b   xQueueGenericSendFromISR
20008667   xQueueIsQueueEmptyFromISR
200086a9   xQueueIsQueueFullFromISR
200083e1   xQueuePeekFromISR
20008369   xQueueReceiveFromISR
2002c788   xQueueRegistry
2000878f   xQueueRemoveFromSet
200087d1   xQueueSelectFromSet
200087eb   xQueueSelectFromSetFromISR
200014e0   xSimpleLinkSpawnQueue
200014e4   xSimpleLinkSpawnTaskHndl
20005041   xTaskCheckForTimeOut
20004401   xTaskGenericCreate
20005491   xTaskGetCurrentTaskHandle
20004c97   xTaskGetIdleTaskHandle
200054a5   xTaskGetSchedulerState
20004b7d   xTaskGetTickCount
20004b91   xTaskGetTickCountFromISR
20004cb5   xTaskIncrementTick
20004f25   xTaskRemoveFromEventList
20004fad   xTaskRemoveFromUnorderedEventList
20004ab1   xTaskResumeAll
200049c9   xTaskResumeFromISR


GLOBAL SYMBOLS: SORTED BY Symbol Address 

address    name
--------   ----
00000001   __TI_args_main
00001000   __STACK_SIZE
00004000   __SYSMEM_SIZE
20000000   JPEG_StdHuffmanTbl
20000600   g_header
20000dcc   pPingCallBackFunc
20000dd0   gFirstCmdMode
20000dd4   g_pCB
20000dd8   g_StatMem
20000f50   _ftable
200011c0   _Denorm
200011d0   _Eps
200011e0   _Hugeval
200011f0   _Inf
20001200   _Nan
20001210   _Snan
20001220   _Rteps
20001230   _Xbig
20001238   _Zero
20001240   _LDenorm
20001250   _LEps
20001260   _LInf
20001270   _LNan
20001280   _LSnan
20001290   _LRteps
200012a0   _LXbig
200012a8   _LZero
200012b0   _FDenorm
200012c0   _FEps
200012d0   _FInf
200012e0   _FNan
200012f0   _FSnan
20001300   _FRteps
20001310   _FXbig
20001314   _FZero
20001318   g_SpiFd
2000131c   g_pHostIntHdl
20001320   g_ucDMAEnabled
20001324   DMAMsgQ
20001328   g_cDummy
2000132c   g_ucDinDout
2000137c   JPEG_StdQuantTblC
200013bc   JPEG_StdQuantTblY
2000143c   pxCurrentTCB
2000149c   g_osVersion
200014c2   sshPort
200014c4   cnt
200014c8   dataBufferSize
200014cc   __TI_ft_end
200014d0   __aeabi_stdin
200014d4   __aeabi_stdout
200014d8   __aeabi_stderr
200014dc   xHigherPriorityTaskWoken
200014e0   xSimpleLinkSpawnQueue
200014e4   xSimpleLinkSpawnTaskHndl
200014e8   g_ulStatus
200014ec   g_ulGatewayIP
200014f0   g_uiSimplelinkRole
20001504   g_ulPingPacketsRecv
20001508   _lock
2000150c   _unlock
20001510   __TI_cleanup_ptr
20001514   __TI_dtors_ptr
20001518   _Fenv
2000151c   _Tls_setup__Fenv
2000152c   DigiCertHighAssuranceEVRootCA_der_len
20001530   _Errno
2000153c   main_func_sp
20003000   __stack
20004000   __STACK_END
20004000   g_pfnVectors
20004401   xTaskGenericCreate
2000450f   vTaskDelete
2000459f   vTaskDelayUntil
2000463b   vTaskDelay
20004691   eTaskGetState
20004725   uxTaskPriorityGet
2000475d   vTaskPrioritySet
20004861   vTaskSuspend
20004955   vTaskResume
200049c9   xTaskResumeFromISR
20004a43   vTaskStartScheduler
20004a8d   vTaskEndScheduler
20004a9f   vTaskSuspendAll
20004ab1   xTaskResumeAll
20004b7d   xTaskGetTickCount
20004b91   xTaskGetTickCountFromISR
20004ba9   uxTaskGetNumberOfTasks
20004bb5   pcTaskGetTaskName
20004bd9   uxTaskGetSystemState
20004c97   xTaskGetIdleTaskHandle
20004cb5   xTaskIncrementTick
20004dd1   vTaskSwitchContext
20004e51   vTaskPlaceOnEventList
20004eb5   vTaskPlaceOnUnorderedEventList
20004f25   xTaskRemoveFromEventList
20004fad   xTaskRemoveFromUnorderedEventList
2000501b   vTaskSetTimeOutState
20005041   xTaskCheckForTimeOut
200050bb   vTaskMissedYield
200050c9   uxTaskGetTaskNumber
200050e9   vTaskSetTaskNumber
20005491   xTaskGetCurrentTaskHandle
200054a5   xTaskGetSchedulerState
200054dd   vTaskPriorityInherit
20005597   vTaskPriorityDisinherit
20005621   uxTaskResetEventItemValue
2000620f   __TI_printfi
20006519   InitializeAppVariables
20006541   ConfigureSimpleLinkToDefaultState
200067e1   ConfigureMode
2000681d   ConnectToNetwork
20006985   ConnectToNetwork_2
20006a2b   ConnectToNetwork_STA_2
20006a47   ConnectToNetwork_STA
20006ad1   initNetwork
20006bf5   SimpleLinkWlanEventHandler
20006cd9   SimpleLinkNetAppEventHandler
20006d7d   SimpleLinkSockEventHandler
20006dd5   SimpleLinkHttpServerCallback
2000713d   CaptureAndStore_Image
20007579   CamControllerInit
20007d31   xQueueGenericReset
20007dc1   xQueueGenericCreate
20007e37   xQueueCreateMutex
20007eb5   xQueueCreateCountingSemaphore
20007ed5   xQueueGenericSend
20007fe1   xQueueAltGenericSend
2000808d   xQueueAltGenericReceive
2000818b   xQueueGenericSendFromISR
20008227   xQueueGenericReceive
20008369   xQueueReceiveFromISR
200083e1   xQueuePeekFromISR
20008425   uxQueueMessagesWaiting
2000843b   uxQueueSpacesAvailable
2000845b   uxQueueMessagesWaitingFromISR
2000846d   vQueueDelete
20008491   uxQueueGetQueueNumber
2000849f   vQueueSetQueueNumber
200084b1   ucQueueGetQueueType
20008667   xQueueIsQueueEmptyFromISR
200086a9   xQueueIsQueueFullFromISR
200086cb   vQueueAddToRegistry
2000870d   vQueueUnregisterQueue
20008747   xQueueCreateSet
2000875b   xQueueAddToSet
2000878f   xQueueRemoveFromSet
200087d1   xQueueSelectFromSet
200087eb   xQueueSelectFromSetFromISR
20008855   setDataBufferPointer
20008877   buildRequestHeaders
20008c3d   headerSend
20008d39   payloadSend
20008fb5   sendRequest
200090e5   parseSendRequestInternal
20009159   parseSendRequest
200091f7   parseGetErrorCode
20009365   verifyAccelMagnSensor
20009393   configureFXOS8700
200095cd   setMotionDetectionThreshold
2000960f   getDoorDirection
200096c5   getMagnFlux_3axis
20009749   getAccelerationMagnitude
2000989d   updateConfigReg
200098dd   clearAccelMotionIntrpt
2000992d   FXOS8700CQ_Init
20009a19   FXOS8700CQ_Mag_Calibration
20009bc3   writeMagntCalibrationValue
20009d59   isPingTime
20009db3   updateLastPingTime
20009dbd   fetchDeviceOSVersion
20009e31   createNewInstallationId
2000a467   createInstallation
2000a4b7   getInstallation
2000a62b   parseSetInstallationId
2000a6d9   parseGetInstallationId
2000a809   simpleJsonProcessor
2000abd3   findSecondJson
2000abff   isCompleteJson
2000ac23   getPushJson
2000acad   socketWait
2000ad0d   socketSslConnect
2000aea9   socketRead
2000afa5   socketWrite
2000b045   socketClose
2000b149   pow
2000b5d9   osi_InterruptRegister
2000b5ff   osi_InterruptDeRegister
2000b611   osi_SyncObjCreate
2000b641   osi_SyncObjDelete
2000b65b   osi_SyncObjSignal
2000b683   osi_SyncObjSignalFromISR
2000b6bb   osi_SyncObjWait
2000b6e7   osi_SyncObjClear
2000b709   osi_LockObjCreate
2000b72f   osi_TaskCreate
2000b76f   osi_TaskDelete
2000b77d   osi_LockObjDelete
2000b78d   osi_LockObjLock
2000b7b9   osi_LockObjUnlock
2000b7e3   osi_Spawn
2000b851   VStartSimpleLinkSpawnTask
2000b8a1   VDeleteSimpleLinkSpawnTask
2000b8cd   osi_MsgQCreate
2000b911   osi_MsgQDelete
2000b92b   osi_MsgQWrite
2000b95d   osi_MsgQRead
2000b999   mem_Malloc
2000b9a5   mem_Free
2000b9b1   mem_set
2000b9c5   mem_copy
2000b9d9   osi_EnterCritical
2000b9e3   osi_ExitCritical
2000b9ed   osi_start
2000b9f5   osi_Sleep
2000ba05   osi_TaskDisable
2000ba0f   osi_TaskEnable
2000ba19   osi_ContextSave
2000ba1b   osi_ContextRestore
2000ba35   minit
2000bac1   malloc
2000bb23   free
2000bbe3   realloc
2000bce9   memalign
2000bdc9   calloc
2000be01   loadClientState
2000bf13   saveClientState
2000c1b5   _SlDrvMsgRead
2000c55d   _SlAsyncEventGenericHandler
2000c8a9   write
2000c939   remove
2000c939   unlink
2000c95d   rename
2000c99b   remove_device
2000c9c3   read
2000c9e7   open
2000ca95   lseek
2000cab9   close
2000cb0b   add_device
2000cbb9   _Log
2000ce9d   HOSTwrite
2000cee9   HOSTunlink
2000cf21   HOSTtime
2000cf5b   HOSTrename
2000cfb9   HOSTread
2000d005   HOSTopen
2000d057   HOSTlseek
2000d0b3   HOSTgetenv
2000d0f1   HOSTclose
2000d129   HOSTclock
2000d171   __vla_dealloc
2000d1ff   __vla_dealloc_eh
2000d27f   __vla_alloc
2000d411   vAssertCalled
2000d413   vApplicationIdleHook
2000d415   vApplicationMallocFailedHook
2000d417   vApplicationStackOverflowHook
2000d419   Main_Task
2000d48b   main
2000d69d   InitialiseParse
2000d6b3   UploadImageToParse
2000d6d1   UploadSensorDataToParse
2000d6e5   retreiveImageIDfromHTTPResponse
2000d71d   ConstructDeviceStateObject
2000d919   _Exp
2000db15   __aeabi_uldivmod
2000dd09   ensureCertificateFile
2000dfad   __TI_cleanup
2000dfd9   freopen
2000e003   fopen
2000e0a5   InitTerm
2000e0c3   Message
2000e0dd   ClearTerm
2000e0e3   Error
2000e117   GetCmd
2000e177   TrimSpace
2000e1c1   Report
2000e25d   __aeabi_dsub
2000e267   __aeabi_dadd
2000e415   addHttpRequestLine
2000e45d   beginHttpRequest
2000e47f   beginHttpGetRequest
2000e4c3   addHttpRequestHeader
2000e4f1   addHttpRequestHeaderInt
2000e513   getHttpResponseStatus
2000e53f   getHttpResponseBody
2000e5c5   sl_WlanConnect
2000e761   DmaSwIntHandler
2000e773   DmaErrorIntHandler
2000e77f   UDMAInit
2000e7c9   UDMAChannelSelect
2000e7f1   SetupTransfer
2000e827   UDMASetupAutoMemTransfer
2000e84b   UDMASetupPingPongTransfer
2000e895   UDMADeInit
2000e8a9   DMASetupTransfer
2000e957   I2C_IF_Write
2000e9b9   I2C_IF_Read
2000ea21   I2C_IF_ReadFrom
2000ea41   I2C_IF_Open
2000ea6b   I2C_IF_Close
2000ea81   _LAtan
2000ec09   _SlDrvDataReadOp
2000ed6d   _SlDrvRxHdrRead
2000eead   sqrt
2000efed   __aeabi_ddiv
2000f125   PRCMCC3200MCUInit
2000f259   fputs
2000f365   puts
2000f38d   spi_Open
2000f4bd   _SlDrvDataWriteOp
2000f5e9   vListInitialise
2000f619   vListInitialiseItem
2000f629   vListInsertEnd
2000f665   vListInsert
2000f6cb   uxListRemove
2000f715   parseInitialize
2000f7bf   getInternalClient
2000f82d   _SlDrvMsgWrite
2000f941   pxPortInitialiseStack
2000f991   xPortStartScheduler
2000f9bd   vPortEndScheduler
2000f9bf   vPortYield
2000f9d1   vPortEnterCritical
2000f9e9   vPortExitCritical
2000fa01   xPortSysTickHandler
2000fa1d   vPortSetupTimerInterrupt
2000fa51   _Dscale
2000fb61   _SlDrvWaitForPoolObj
2000fc6d   i2cReadRegisters
2000fcaf   i2cWriteRegisters
2000fd19   i2cReadRegistersTwoBytes
2000fd79   sl_Select
2000fe81   _SlDrvReleasePoolObj
2000ff85   atan2l
20010089   __aeabi_dmul
20010185   __aeabi_fsub
20010189   __aeabi_fadd
20010281   uDMAChannelTransferSet
20010371   sl_Connect
20010459   spi_Write
20010541   setvbuf
2001061d   sl_NetAppDnsGetHostByName
200106f5   TimerBaseIntHandler
20010707   InitializeTimer
20010733   StartTimer
2001074f   StopTimer
2001075d   GetTimeDuration
200107cd   spi_Read
20010899   _Dint
2001095d   _Dnorm
20010a21   sl_Stop
20010ae5   __TI_doflush
20010b31   fflush
20010ba5   sl_Start
20010c69   ulPortSetInterruptMask
20010c7f   vPortClearInterruptMask
20010c8d   xPortPendSVHandler
20010cd9   vPortSVCHandler
20010d01   prvPortStartFirstTask
20010d19   portCLZ
20010d21   _SlDrvMsgReadCmdCtx
20010dd5   debugPrint
20010df7   debugPrintf
20010e89   _SlDrvNetAppEventHandler
20010f3b   PinMuxConfig
20010fed   sl_Send
2001109d   __TI_wrt_ok
200110ff   __TI_rd_ok
20011149   IntDisable
200111f1   IntEnable
20011299   Timer_IF_Init
200112c3   Timer_IF_IntSetup
200112f5   Timer_IF_InterruptClear
20011309   Timer_IF_Start
2001131d   Timer_IF_DeInit
20011335   Timer_IF_GetCount
20011341   SPIConfigSetExpClk
200113e1   fputc
20011465   putc
20011469   putchar
2001147d   __aeabi_memcpy
2001147d   __aeabi_memcpy4
2001147d   __aeabi_memcpy8
2001147d   memcpy
20011519   _SlFindAndSetActiveObj
200115b1   CollectTxit_ImgTempRH
20011649   __TI_closefile
200116af   fclose
200116e1   snprintf
20011779   PRCMPeripheralClockGet
2001180d   _SlDrvClassifyRxMsg
200118a1   __TI_auto_init
20011935   _SlDrvMsgReadSpawnCtx
200119c5   sl_FsRead
20011a51   sl_FsWrite
20011add   PinConfigSet
20011b65   vsnprintf
20011bed   sl_NetAppMDNSRegisterUnregisterService
20011c75   __aeabi_cdcmpeq
20011c75   __aeabi_cdcmple
20011cfb   __aeabi_cdrcmple
20011d81   I2CMasterInitExpClk
20011e05   _SlDrvCmdOp
20011e89   NwpPowerOnPreamble
20011f09   _SlDrvDriverCBInit
20011f85   _sl_HandleAsync_DnsGetHostByName
20012001   sl_DevGet
2001207d   sl_FsClose
200120f9   __aeabi_fmul
200121ed   __aeabi_memclr
200121ed   __aeabi_memclr4
200121ed   __aeabi_memclr8
200121ef   __aeabi_memset
200121ef   __aeabi_memset4
200121ef   __aeabi_memset8
200121f5   memset
20012265   UARTConfigSetExpClk
200122dd   _sl_HandleAsync_InitComplete
20012351   sl_WlanGet
200123c5   spi_Close
20012439   TimerIntRegister
200124a9   _sl_HandleAsync_PingResponse
20012519   _sl_TruncatePayloadByProtocol
20012591   fprintf
200125f5   TimerIntUnregister
2001265d   _sl_HandleAsync_Connect
200126c5   _sl_HandleAsync_DnsGetHostByService
2001272d   sl_FsGetInfo
20012795   _sl_GetCreateFsMode
200127f9   _sl_HandleAsync_Accept
2001285d   fseek
200128c1   _Dunscale
20012925   uDMAChannelAttributeDisable
20012989   uDMAChannelAttributeEnable
200129ed   __aeabi_cfcmpeq
200129ed   __aeabi_cfcmple
20012a4d   __aeabi_cfrcmple
20012aad   sprintf
20012b0d   __TI_writemsg
20012b37   C$$IO$$
20012b3b   __TI_readmsg
20012bcb   ltoa
20012c25   IntPendClear
20012c7d   PRCMPeripheralReset
20012cd5   _SlDrvDriverCBDeinit
20012d2d   _sl_HandleAsync_Select
20012d85   IntPrioritySet
20012dd9   _sl_HandleAsync_Stop
20012e2d   sl_FsOpen
20012e81   sl_NetAppSendTokenValue
20012ed5   intToASCII
20012f25   SPIIntEnable
20012f71   atoi
20012fbd   srand
20012fd3   rand
20013009   sl_SetSockOpt
20013055   uDMAChannelAssign
200130a1   _sl_GetStartResponseConvert
200130eb   __aeabi_d2f
20013135   SPIIntClear
2001317d   __aeabi_d2iz
200131c5   sl_DevSet
2001320d   sl_FsDel
20013255   sl_WlanSet
200132e1   TimerConfigure
20013325   copy_in
20013369   C$$EXIT
2001336d   abort
20013375   exit
200133ad   __aeabi_d2uiz
200133f1   _Dtest
20013435   sl_NetCfgSet
20013479   sl_Recv
200134bd   PinModeSet
200134fd   _SlDrvRxIrqHandler
2001353d   _SlRemoveFromList
2001357d   signal
200135bd   sl_WlanPolicySet
200135fd   sl_WlanRxFilterSet
2001363d   NwpPowerOff
20013679   PRCMPeripheralClkEnable
200136b5   _SlDrvObjInit
200136f1   strncasecmp
2001372d   uDMAChannelControlSet
20013769   CameraCaptureStop
200137a3   CameraXClkConfig
200137dd   pvPortMalloc
200137fd   vPortFree
20013815   __aeabi_f2d
2001384d   __aeabi_f2iz
20013885   __aeabi_i2f
200138bd   sl_Htonl
200138f5   GPIODirModeSet
2001392b   CameraParamsConfig
20013961   PRCMPeripheralStatusGet
20013995   SPIFIFOLevelSet
200139c9   _SlDrvBasicCmd
200139fd   _c_int00
20013a31   feraiseexcept
20013a65   __aeabi_f2uiz
20013a99   strstr
20013acd   sl_Htons
20013b01   NwpPowerOn
20013b31   PinTypeGPIO
20013b61   UARTDisable
20013b91   strncpy
20013bc1   _Feraise
20013bf1   sl_Socket
20013c21   __aeabi_i2d
20013c4f   raise
20013c7d   CameraIntEnable
20013ca9   DmaSpiSwIntHandler
20013cd5   I2CMasterErr
20013d01   PRCMSysResetCauseGet
20013d2d   _SlDrvFlowContDeinit
20013d59   _SlDrvFlowContInit
20013d85   TimerLoadSet
20013d85   Timer_IF_ReLoad
20013daf   TimerPrescaleSet
20013dd9   CameraIntStatus
20013e01   PRCMPeripheralClkDisable
20013e29   _sl_BuildAddress
20013e51   strncat
20013e79   sl_WlanSetMode
20013ea1   CameraThresholdSet
20013ec7   strncmp
20013eed   CameraIntClear
20013f11   IntUnregister
20013f35   UARTEnable
20013f59   memmove
20013f7d   __aeabi_ui2f
20013fa1   sl_Close
20013fc5   sl_NetAppStart
20013fe9   sl_NetAppStop
2001400d   sl_WlanProfileDel
20014031   CameraCaptureStart
20014053   I2CMasterSlaveAddrSet
20014075   NwpRegisterInterruptHandler
20014097   SPIReset
200140b9   SPIWordCountSet
200140db   memcmp
200140fd   IntRegister
2001411d   _SlDrvCmdSend
2001413d   __aeabi_ui2d
2001415d   I2CMasterIntStatusEx
2001417b   TimerDisable
2001417b   Timer_IF_Stop
20014199   TimerEnable
200141b7   TimerIntStatus
200141d5   UARTCharPut
200141f3   PinTypeI2C
2001420f   TimerValueGet
2001422d   _SlDrvObjDeInit
20014249   memccpy
20014265   UDMAStopTransfer
20014265   uDMAChannelDisable
20014281   uDMAChannelEnable
2001429d   CopyPingResultsToReport
200142b7   PinTypeCamera
200142d1   PinTypeUART
200142eb   SPIDmaDisable
20014305   SPIDmaEnable
2001431f   SPIFIFODisable
20014339   SPIFIFOEnable
20014353   _SlDrvDeviceEventHandler
2001436d   CameraReset
20014385   GPIOPinRead
2001439d   SPICSDisable
200143b5   SPICSEnable
200143cd   SPIDisable
200143e5   SPIEnable
200143fd   TimerIntDisable
20014415   TimerIntEnable
2001442d   _args_main
20014445   __aeabi_lmul
2001445d   strcmp
20014475   CameraDMAEnable
2001448b   CameraIntRegister
200144a1   I2CMasterDataPut
200144b7   I2CMasterEnable
200144cd   PRCMHIBRegRead
200144e3   PRCMHIBRegWrite
200144f9   UARTCharGet
2001450f   _sl_Strlen
20014525   memchr
2001453b   strchr
20014551   uDMAIntRegister
20014567   CPUcpsie
2001457d   IntVTableBaseSet
20014591   _SlDrvShiftDWord
200145a5   _register_unlock
200145ab   _register_lock
200145b3   _nop
200145b9   strlen
200145cd   uDMAControlBaseSet
200145e1   uDMAIntClear
200145f5   I2CMasterControl
20014607   I2CMasterIntClearEx
20014619   I2CMasterTimeoutSet
2001462b   TimerIntClear
2001463d   __TI_zero_init
2001464f   sl_NetAppMDNSUnRegisterService
20014661   uDMAIntUnregister
20014675   NwpMaskInterrupt
20014685   SL_FD_SET
20014695   strcpy
200146a5   tolower
200146b5   I2CMasterDataGet
200146c3   __TI_decompress_none
200146d1   _Dclass
200146df   ResetISR
200146ed   NwpUnMaskInterrupt
200146f9   uDMADisable
20014705   uDMAEnable
20014711   uDMAIntStatus
2001471d   IntMasterEnable
20014727   sl_WlanDisconnect
2001472f   SL_FD_ZERO
20014735   UtilsDelay
2001473b   __TI_decompress_rle24
20014741   log
20014747   __abort_execution
2001474b   _LDtest
20014750   _ctypes_
20014958   _SlPolicySetCmdCtrl
2001495c   _SlPolicyGetCmdCtrl
20014960   _SlProfileGetCmdCtrl
20014964   _SlProfileDelCmdCtrl
20014968   _SlWlanGetNetworkListCtrl
2001496c   _SlRxFilterAddtCmdCtrl
20014970   _SlRxFilterSetCmdCtrl
20014974   _SlRxFilterGetCmdCtrl
20014978   _SlSmartConfigStartCmdCtrl
2001497c   _SlWlanSetModeCmdCtrl
20014980   _SlWlanCfgSetCmdCtrl
20014984   _SlWlanCfgGetCmdCtrl
20014d20   g_H2NSyncPattern
20014d28   g_H2NCnysPattern
20014d30   _SlActionLookupTable
20014de8   _SlFsOpenCmdCtrl
20014dec   _SlFsCloseCmdCtrl
20014df0   _SlFsReadCmdCtrl
20014df4   _SlFsWriteCmdCtrl
20014df8   _SlFsGetInfoCmdCtrl
20014dfc   _SlFsDeleteCmdCtrl
20014e2c   _SlSockSocketCmdCtrl
20014e30   _SlSockCloseCmdCtrl
20014e34   _SlRecvfomCmdCtrl
20014e38   _SlSendCmdCtrl
20014e3c   _SlListenCmdCtrl
20014e40   _SlAcceptCmdCtrl
20014e44   _SlRecvCmdCtrl
20014e48   _SlSetSockOptCmdCtrl
20014e4c   _SlGetSockOptCmdCtrl
20014e50   _SlSelectCmdCtrl
20014ee0   _SlNetAppStartCtrl
20014ee4   _SlNetAppStopCtrl
20014ee8   _SlGetServiceListeCtrl
20014eec   _SlRegisterServiceCtrl
20014ef0   _SlGetHostByServiceCtrl
20014ef4   _SlGetHostByNameCtrl
20014ef8   _SlNetAppSetCmdCtrl
20014efc   _SlNetAppSendTokenValueCmdCtrl
20014f00   _SlNetAppGetCmdCtrl
20014f60   g_deviceClientVersion
20014f90   _SlStopCmdCtrl
20014f94   _SlEventMaskSetCmdCtrl
20014f98   _SlEventMaskGetCmdCtrl
20014f9c   _SlDeviceGetCmdCtrl
20014fa0   _SlDeviceSetCmdCtrl
20014fa4   pcDigits
20014fb0   _SlNetCfgSetCmdCtrl
20014fb4   _SlNetCfgGetCmdCtrl
20014fc0   __TI_static_base__
20015b4c   __TI_Handler_Table_Base
20015b58   __TI_Handler_Table_Limit
20015b60   __TI_CINIT_Base
20015b70   __TI_CINIT_Limit
20018000   g_image_buffer
2002c000   gpCtlTbl
2002c400   __CIOBUF_
2002c520   gfpAppCallbackHndl
2002c6e8   __TI_tmpnams
2002c788   xQueueRegistry
2002c7d8   clientStateFileName
2002c80c   g_ucConnectionSSID
2002c84c   g_flag_blockFull
2002c8c4   g_ucConnectionBSSID
2002c8d8   dataBuffer
2002c8dc   g_block_lastFilled
2002c8e0   g_frame_size_in_bytes
2002c8e4   g_header_length
2002c8e8   g_position_in_block
2002c8ec   g_readHeader
2002c8fc   v_TimerOverflows
2002c900   g_CaptureImage
2002c902   g_flag_DataBlockFilled
2002c903   g_frame_end
2002c904   iDone
2002c908   _sys_memory
ffffffff   __binit__
ffffffff   __c_args__
ffffffff   binit
UNDEFED    SHT$$INIT_ARRAY$$Base
UNDEFED    SHT$$INIT_ARRAY$$Limit

[706 symbols]
