******************************************************************************
                  TI ARM Linker PC v5.1.6                      
******************************************************************************
>> Linked Thu Apr 09 20:02:23 2015

OUTPUT FILE NAME:   <ULP_SEC_CAM.out>
ENTRY POINT SYMBOL: "_c_int00"  address: 200141b1


MEMORY CONFIGURATION

         name            origin    length      used     unused   attr    fill
----------------------  --------  ---------  --------  --------  ----  --------
  SRAM_BOOTLDR          20000000   00004000  00002540  00001ac0  RW X
  SRAM_CODE             20004000   00014000  000121fb  00001e05  RW X
  SRAM_DATA             20018000   0001b000  000188e0  00002720  RW X


SEGMENT ALLOCATION MAP

run origin  load origin   length   init length attrs members
----------  ----------- ---------- ----------- ----- -------
20000000    20000000    00001540   00000000    rw-
  20000000    20000000    00001540   00000000    rw- .data
20003000    20003000    00001000   00000000    rw-
  20003000    20003000    00001000   00000000    rw- .stack
20004000    20004000    00012208   00012208    r-x
  20004000    20004000    00000400   00000400    r-- .intvecs
  20004400    20004400    000109ea   000109ea    r-x .text
  20014df0    20014df0    00000861   00000861    r-- .const
  20015658    20015658    00000bb0   00000bb0    r-- .cinit
20018000    20018000    000188e0   00000000    rw-
  20018000    20018000    000148e0   00000000    rw- .bss
  2002c8e0    2002c8e0    00004000   00000000    rw- .sysmem


SECTION ALLOCATION MAP

 output                                  attributes/
section   page    origin      length       input sections
--------  ----  ----------  ----------   ----------------
.init_array 
*          0    20004000    00000000     UNINITIALIZED

.data      0    20000000    00001540     UNINITIALIZED
                  20000000    00000600     camera_app.obj (.data:JPEG_StdHuffmanTbl)
                  20000600    00000400     camera_app.obj (.data:g_header)
                  20000a00    000003c9     libparse.a : cc3200_certificate.obj (.data:DigiCertHighAssuranceEVRootCA_der)
                  20000dc9    00000003     --HOLE--
                  20000dcc    00000184     simplelink.a : driver.obj (.data)
                  20000f50    000000f0     rtsv7M4_T_le_eabi.lib : defs.obj (.data:_ftable)
                  20001040    000000d0                           : lowlev.obj (.data)
                  20001110    000000b0                           : signal.obj (.data:sigtable)
                  200011c0    00000080                           : xvalues.obj (.data)
                  20001240    00000070                           : xlvalues.obj (.data)
                  200012b0    00000068                           : xfvalues.obj (.data)
                  20001318    00000064     simplelink.a : cc_pal.obj (.data)
                  2000137c    00000040     camera_app.obj (.data:JPEG_StdQuantTblC)
                  200013bc    00000040     camera_app.obj (.data:JPEG_StdQuantTblY)
                  200013fc    00000040     camera_app.obj (.data:zigzag)
                  2000143c    00000034     free_rtos.a : tasks.obj (.data)
                  20001470    0000002c     libparse.a : cc3200_utils.obj (.data:lastDateTime)
                  2000149c    00000018                : cc3200_utils.obj (.data)
                  200014b4    00000018                : request.obj (.data)
                  200014cc    00000010     rtsv7M4_T_le_eabi.lib : defs.obj (.data)
                  200014dc    0000000c     free_rtos.a : osi_freertos.obj (.data)
                  200014e8    0000000c     network_relater_fns.obj (.data)
                  200014f4    0000000c     rtsv7M4_T_le_eabi.lib : memory.obj (.data)
                  20001500    00000008     camera_app.obj (.data)
                  20001508    00000008     rtsv7M4_T_le_eabi.lib : _lock.obj (.data)
                  20001510    00000008                           : exit.obj (.data)
                  20001518    00000008                           : feraiseexcept.obj (.data)
                  20001520    00000006     libparse.a : http.obj (.data)
                  20001526    00000002     --HOLE--
                  20001528    00000004     free_rtos.a : port.obj (.data)
                  2000152c    00000004     libparse.a : cc3200_certificate.obj (.data)
                  20001530    00000004     rtsv7M4_T_le_eabi.lib : errno.obj (.data)
                  20001534    00000004                           : fopen.obj (.data)
                  20001538    00000004                           : rand.obj (.data)
                  2000153c    00000004                           : stkdepth_vars.obj (.data)

.stack     0    20003000    00001000     UNINITIALIZED
                  20003000    00001000     --HOLE--

.intvecs   0    20004000    00000400     
                  20004000    00000400     startup_ccs.obj (.intvecs)

.text      0    20004400    000109ea     
                  20004400    00001258     free_rtos.a : tasks.obj (.text)
                  20005658    00001024     camera_app.obj (.text)
                  2000667c    00000ec0     rtsv7M4_T_le_eabi.lib : _printfi.obj (.text)
                  2000753c    00000d04     network_relater_fns.obj (.text)
                  20008240    00000d02     accelomtrMagntomtr_fxos8700.obj (.text)
                  20008f42    00000002     driverlib.a : interrupt.obj (.text:IntDefaultHandler)
                  20008f44    00000b24     free_rtos.a : queue.obj (.text)
                  20009a68    00000900     libparse.a : request.obj (.text)
                  2000a368    0000064e                : cc3200_utils.obj (.text)
                  2000a9b6    00000002     --HOLE-- [fill = 0]
                  2000a9b8    00000518                : installation.obj (.text)
                  2000aed0    000004a2                : simplejson.obj (.text)
                  2000b372    00000002     --HOLE-- [fill = 0]
                  2000b374    00000490                : cc3200_socket.obj (.text)
                  2000b804    00000490     rtsv7M4_T_le_eabi.lib : pow.obj (.text)
                  2000bc94    0000045c     free_rtos.a : osi_freertos.obj (.text)
                  2000c0f0    000003cc     rtsv7M4_T_le_eabi.lib : memory.obj (.text)
                  2000c4bc    000003b4     libparse.a : cc3200_client_state.obj (.text)
                  2000c870    000003a6     simplelink.a : driver.obj (.text:_SlDrvMsgRead)
                  2000cc16    00000002     --HOLE-- [fill = 0]
                  2000cc18    0000034c                  : driver.obj (.text:_SlAsyncEventGenericHandler)
                  2000cf64    00000310     rtsv7M4_T_le_eabi.lib : lowlev.obj (.text)
                  2000d274    000002e4                           : xlog.obj (.text)
                  2000d558    000002d4                           : trgdrv.obj (.text)
                  2000d82c    000002d0     main.obj (.text)
                  2000dafc    000002a0     rtsv7M4_T_le_eabi.lib : vla_alloc.obj (.text)
                  2000dd9c    00000290     i2c_if.obj (.text)
                  2000e02c    0000026c     uartA1_if.obj (.text)
                  2000e298    0000022c     tempRHSens_si7020.obj (.text)
                  2000e4c4    00000200     udma_if.obj (.text)
                  2000e6c4    000001fc     rtsv7M4_T_le_eabi.lib : xexp.obj (.text)
                  2000e8c0    000001f4                           : ull_div_t2.obj (.text)
                  2000eab4    000001dc     libparse.a : cc3200_certificate.obj (.text)
                  2000ec90    000001c0     rtsv7M4_T_le_eabi.lib : fopen.obj (.text)
                  2000ee50    000001b6                           : fd_add_t2.obj (.text)
                  2000f006    00000002     --HOLE-- [fill = 0]
                  2000f008    000001b0     libparse.a : http.obj (.text)
                  2000f1b8    0000019c     simplelink.a : wlan.obj (.text:sl_WlanConnect)
                  2000f354    00000188     rtsv7M4_T_le_eabi.lib : xlatan.obj (.text)
                  2000f4dc    00000164     simplelink.a : driver.obj (.text:_SlDrvDataReadOp)
                  2000f640    00000164     parse_uploads.obj (.text)
                  2000f7a4    0000015c     i2c_app.obj (.text)
                  2000f900    00000140     simplelink.a : driver.obj (.text:_SlDrvRxHdrRead)
                  2000fa40    00000140     rtsv7M4_T_le_eabi.lib : sqrt.obj (.text)
                  2000fb80    00000136                           : fd_div_t2.obj (.text)
                  2000fcb6    00000002     --HOLE-- [fill = 0]
                  2000fcb8    00000134     driverlib.a : prcm.obj (.text:PRCMCC3200MCUInit)
                  2000fdec    00000134     rtsv7M4_T_le_eabi.lib : fputs.obj (.text)
                  2000ff20    00000130     simplelink.a : cc_pal.obj (.text:spi_Open)
                  20010050    0000012c                  : driver.obj (.text:_SlDrvDataWriteOp)
                  2001017c    0000012a     free_rtos.a : list.obj (.text)
                  200102a6    00000002     --HOLE-- [fill = 0]
                  200102a8    00000116     libparse.a : parse_impl.obj (.text)
                  200103be    00000002     --HOLE-- [fill = 0]
                  200103c0    00000114     simplelink.a : driver.obj (.text:_SlDrvMsgWrite)
                  200104d4    00000110     free_rtos.a : port.obj (.text)
                  200105e4    00000110     rtsv7M4_T_le_eabi.lib : xdscale.obj (.text)
                  200106f4    0000010c     simplelink.a : driver.obj (.text:_SlDrvWaitForPoolObj)
                  20010800    00000108                  : socket.obj (.text:sl_Select)
                  20010908    00000104                  : driver.obj (.text:_SlDrvReleasePoolObj)
                  20010a0c    00000104     rtsv7M4_T_le_eabi.lib : atan2l.obj (.text)
                  20010b10    000000fc                           : fd_mul_t2.obj (.text)
                  20010c0c    000000fa                           : fs_add_t2.obj (.text)
                  20010d06    00000002     --HOLE-- [fill = 0]
                  20010d08    000000f0     driverlib.a : udma.obj (.text:uDMAChannelTransferSet)
                  20010df8    000000e8     simplelink.a : socket.obj (.text:sl_Connect)
                  20010ee0    000000e8                  : cc_pal.obj (.text:spi_Write)
                  20010fc8    000000dc     rtsv7M4_T_le_eabi.lib : setvbuf.obj (.text)
                  200110a4    000000d8     simplelink.a : netapp.obj (.text:sl_NetAppDnsGetHostByName)
                  2001117c    000000cc                  : cc_pal.obj (.text:spi_Read)
                  20011248    000000c4     rtsv7M4_T_le_eabi.lib : xdint.obj (.text)
                  2001130c    000000c4                           : xdnorm.obj (.text)
                  200113d0    000000c4     simplelink.a : device.obj (.text:sl_Stop)
                  20011494    000000c0     rtsv7M4_T_le_eabi.lib : fflush.obj (.text)
                  20011554    000000c0     simplelink.a : device.obj (.text:sl_Start)
                  20011614    000000ba     free_rtos.a : portasm.obj (.text)
                  200116ce    00000002     --HOLE-- [fill = 0]
                  200116d0    000000b4     simplelink.a : driver.obj (.text:_SlDrvMsgReadCmdCtx)
                  20011784    000000b4     libparse.a : cc3200_debug.obj (.text)
                  20011838    000000b2     simplelink.a : netapp.obj (.text:_SlDrvNetAppEventHandler)
                  200118ea    000000b2     pinmux.obj (.text)
                  2001199c    000000b0     app_common.obj (.text)
                  20011a4c    000000b0     simplelink.a : socket.obj (.text:sl_Send)
                  20011afc    000000ac     rtsv7M4_T_le_eabi.lib : _io_perm.obj (.text)
                  20011ba8    000000a8     driverlib.a : interrupt.obj (.text:IntDisable)
                  20011c50    000000a8                 : interrupt.obj (.text:IntEnable)
                  20011cf8    000000a0                 : spi.obj (.text:SPIConfigSetExpClk)
                  20011d98    0000009c     rtsv7M4_T_le_eabi.lib : fputc.obj (.text)
                  20011e34    0000009c                           : memcpy_t2.obj (.text)
                  20011ed0    00000098     simplelink.a : driver.obj (.text:_SlFindAndSetActiveObj)
                  20011f68    00000098     rtsv7M4_T_le_eabi.lib : fclose.obj (.text)
                  20012000    00000098                           : snprintf.obj (.text)
                  20012098    00000094     driverlib.a : prcm.obj (.text:PRCMPeripheralClockGet)
                  2001212c    00000094     simplelink.a : driver.obj (.text:_SlDrvClassifyRxMsg)
                  200121c0    00000094     rtsv7M4_T_le_eabi.lib : auto_init.obj (.text)
                  20012254    00000090     simplelink.a : driver.obj (.text:_SlDrvMsgReadSpawnCtx)
                  200122e4    0000008c                  : fs.obj (.text:sl_FsRead)
                  20012370    0000008c                  : fs.obj (.text:sl_FsWrite)
                  200123fc    00000088     driverlib.a : pin.obj (.text:PinConfigSet)
                  20012484    00000088     rtsv7M4_T_le_eabi.lib : vsnprintf.obj (.text)
                  2001250c    00000088     simplelink.a : netapp.obj (.text:sl_NetAppMDNSRegisterUnregisterService)
                  20012594    00000086     rtsv7M4_T_le_eabi.lib : fd_cmp_t2.obj (.text:__aeabi_cdcmple)
                  2001261a    00000086                           : fd_cmp_t2.obj (.text:__aeabi_cdrcmple)
                  200126a0    00000084     driverlib.a : i2c.obj (.text:I2CMasterInitExpClk)
                  20012724    00000084     simplelink.a : driver.obj (.text:_SlDrvCmdOp)
                  200127a8    00000080                  : cc_pal.obj (.text:NwpPowerOnPreamble)
                  20012828    0000007c                  : driver.obj (.text:_SlDrvDriverCBInit)
                  200128a4    0000007c                  : netapp.obj (.text:_sl_HandleAsync_DnsGetHostByName)
                  20012920    0000007c                  : device.obj (.text:sl_DevGet)
                  2001299c    0000007c                  : fs.obj (.text:sl_FsClose)
                  20012a18    0000007a     rtsv7M4_T_le_eabi.lib : fs_mul_t2.obj (.text)
                  20012a92    00000002     --HOLE-- [fill = 0]
                  20012a94    00000078     simplelink.a : cc_pal.obj (.text:SetupDMAReceive)
                  20012b0c    00000078     rtsv7M4_T_le_eabi.lib : memset_t2.obj (.text)
                  20012b84    00000076     driverlib.a : uart.obj (.text:UARTConfigSetExpClk)
                  20012bfa    00000002     --HOLE-- [fill = 0]
                  20012bfc    00000074     simplelink.a : device.obj (.text:_sl_HandleAsync_InitComplete)
                  20012c70    00000074                  : wlan.obj (.text:sl_WlanGet)
                  20012ce4    00000074                  : cc_pal.obj (.text:spi_Close)
                  20012d58    00000070                  : netapp.obj (.text:_sl_HandleAsync_PingResponse)
                  20012dc8    0000006e                  : socket.obj (.text:_sl_TruncatePayloadByProtocol)
                  20012e36    00000002     --HOLE-- [fill = 0]
                  20012e38    0000006c     rtsv7M4_T_le_eabi.lib : fprintf.obj (.text)
                  20012ea4    00000068     simplelink.a : socket.obj (.text:_sl_HandleAsync_Connect)
                  20012f0c    00000068                  : netapp.obj (.text:_sl_HandleAsync_DnsGetHostByService)
                  20012f74    00000068                  : fs.obj (.text:sl_FsGetInfo)
                  20012fdc    00000064                  : fs.obj (.text:_sl_GetCreateFsMode)
                  20013040    00000064                  : socket.obj (.text:_sl_HandleAsync_Accept)
                  200130a4    00000064     rtsv7M4_T_le_eabi.lib : fseek.obj (.text)
                  20013108    00000064                           : xdunscal.obj (.text)
                  2001316c    00000064     driverlib.a : udma.obj (.text:uDMAChannelAttributeDisable)
                  200131d0    00000064                 : udma.obj (.text:uDMAChannelAttributeEnable)
                  20013234    00000060     rtsv7M4_T_le_eabi.lib : fs_cmp_t2.obj (.text:__aeabi_cfcmple)
                  20013294    00000060                           : fs_cmp_t2.obj (.text:__aeabi_cfrcmple)
                  200132f4    00000060                           : sprintf.obj (.text)
                  20013354    00000060                           : trgmsg.obj (.text)
                  200133b4    0000005e                           : copy_decompress_rle.obj (.text)
                  20013412    0000005a                           : ltoa.obj (.text)
                  2001346c    00000058     driverlib.a : interrupt.obj (.text:IntPendClear)
                  200134c4    00000058                 : prcm.obj (.text:PRCMPeripheralReset)
                  2001351c    00000058     simplelink.a : driver.obj (.text:_SlDrvDriverCBDeinit)
                  20013574    00000058                  : socket.obj (.text:_sl_HandleAsync_Select)
                  200135cc    00000054     driverlib.a : interrupt.obj (.text:IntPrioritySet)
                  20013620    00000054     simplelink.a : device.obj (.text:_sl_HandleAsync_Stop)
                  20013674    00000054                  : fs.obj (.text:sl_FsOpen)
                  200136c8    00000054                  : netapp.obj (.text:sl_NetAppSendTokenValue)
                  2001371c    0000004c     driverlib.a : spi.obj (.text:SPIIntEnable)
                  20013768    0000004c     rtsv7M4_T_le_eabi.lib : atoi.obj (.text)
                  200137b4    0000004c                           : rand.obj (.text)
                  20013800    0000004c     simplelink.a : socket.obj (.text:sl_SetSockOpt)
                  2001384c    0000004c     driverlib.a : udma.obj (.text:uDMAChannelAssign)
                  20013898    0000004a     simplelink.a : device.obj (.text:_sl_GetStartResponseConvert)
                  200138e2    0000004a     rtsv7M4_T_le_eabi.lib : fd_tos_t2.obj (.text)
                  2001392c    00000048     driverlib.a : spi.obj (.text:SPIIntClear)
                  20013974    00000048     rtsv7M4_T_le_eabi.lib : fd_toi_t2.obj (.text)
                  200139bc    00000048     simplelink.a : device.obj (.text:sl_DevSet)
                  20013a04    00000048                  : fs.obj (.text:sl_FsDel)
                  20013a4c    00000048                  : wlan.obj (.text:sl_WlanSet)
                  20013a94    00000044     driverlib.a : spi.obj (.text:SPIDmaMaskGet)
                  20013ad8    00000044     rtsv7M4_T_le_eabi.lib : cpy_tbl.obj (.text)
                  20013b1c    00000044                           : exit.obj (.text)
                  20013b60    00000044                           : fd_tou_t2.obj (.text)
                  20013ba4    00000044                           : xdtest.obj (.text)
                  20013be8    00000044     simplelink.a : netcfg.obj (.text:sl_NetCfgSet)
                  20013c2c    00000044                  : socket.obj (.text:sl_Recv)
                  20013c70    00000040     driverlib.a : pin.obj (.text:PinModeSet)
                  20013cb0    00000040     simplelink.a : driver.obj (.text:_SlDrvRxIrqHandler)
                  20013cf0    00000040                  : driver.obj (.text:_SlRemoveFromList)
                  20013d30    00000040     rtsv7M4_T_le_eabi.lib : signal.obj (.text)
                  20013d70    00000040     simplelink.a : wlan.obj (.text:sl_WlanPolicySet)
                  20013db0    00000040                  : wlan.obj (.text:sl_WlanRxFilterSet)
                  20013df0    0000003c                  : cc_pal.obj (.text:NwpPowerOff)
                  20013e2c    0000003c     driverlib.a : prcm.obj (.text:PRCMPeripheralClkEnable)
                  20013e68    0000003c     simplelink.a : driver.obj (.text:_SlDrvObjInit)
                  20013ea4    0000003c     rtsv7M4_T_le_eabi.lib : strncasecmp.obj (.text)
                  20013ee0    0000003c     driverlib.a : udma.obj (.text:uDMAChannelControlSet)
                  20013f1c    0000003a                 : camera.obj (.text:CameraCaptureStop)
                  20013f56    0000003a                 : camera.obj (.text:CameraXClkConfig)
                  20013f90    00000038     free_rtos.a : heap_3.obj (.text)
                  20013fc8    00000038     rtsv7M4_T_le_eabi.lib : fs_tod_t2.obj (.text)
                  20014000    00000038                           : fs_toi_t2.obj (.text)
                  20014038    00000038                           : i_tofs_t2.obj (.text)
                  20014070    00000038     simplelink.a : socket.obj (.text:sl_Htonl)
                  200140a8    00000036     driverlib.a : gpio.obj (.text:GPIODirModeSet)
                  200140de    00000034                 : camera.obj (.text:CameraParamsConfig)
                  20014112    00000002     --HOLE-- [fill = 0]
                  20014114    00000034                 : prcm.obj (.text:PRCMPeripheralStatusGet)
                  20014148    00000034                 : spi.obj (.text:SPIFIFOLevelSet)
                  2001417c    00000034     simplelink.a : driver.obj (.text:_SlDrvBasicCmd)
                  200141b0    00000034     rtsv7M4_T_le_eabi.lib : boot.obj (.text)
                  200141e4    00000034                           : feraiseexcept.obj (.text)
                  20014218    00000034                           : fs_tou_t2.obj (.text)
                  2001424c    00000034                           : strstr.obj (.text)
                  20014280    00000034     simplelink.a : socket.obj (.text:sl_Htons)
                  200142b4    00000030                  : cc_pal.obj (.text:NwpPowerOn)
                  200142e4    00000030     driverlib.a : pin.obj (.text:PinTypeGPIO)
                  20014314    00000030                 : uart.obj (.text:UARTDisable)
                  20014344    00000030     rtsv7M4_T_le_eabi.lib : strncpy.obj (.text)
                  20014374    00000030                           : xferaise.obj (.text)
                  200143a4    00000030     simplelink.a : socket.obj (.text:sl_Socket)
                  200143d4    0000002e     rtsv7M4_T_le_eabi.lib : i_tofd_t2.obj (.text)
                  20014402    0000002e                           : raise.obj (.text)
                  20014430    0000002c     driverlib.a : camera.obj (.text:CameraIntEnable)
                  2001445c    0000002c     simplelink.a : cc_pal.obj (.text:DmaSpiSwIntHandler)
                  20014488    0000002c     driverlib.a : i2c.obj (.text:I2CMasterErr)
                  200144b4    0000002c                 : prcm.obj (.text:PRCMSysResetCauseGet)
                  200144e0    0000002c     simplelink.a : flowcont.obj (.text:_SlDrvFlowContDeinit)
                  2001450c    0000002c                  : flowcont.obj (.text:_SlDrvFlowContInit)
                  20014538    00000028     driverlib.a : camera.obj (.text:CameraIntStatus)
                  20014560    00000028                 : prcm.obj (.text:PRCMPeripheralClkDisable)
                  20014588    00000028     simplelink.a : socket.obj (.text:_sl_BuildAddress)
                  200145b0    00000028     rtsv7M4_T_le_eabi.lib : strncat.obj (.text)
                  200145d8    00000028     simplelink.a : wlan.obj (.text:sl_WlanSetMode)
                  20014600    00000026     driverlib.a : camera.obj (.text:CameraThresholdSet)
                  20014626    00000026     rtsv7M4_T_le_eabi.lib : strncmp.obj (.text)
                  2001464c    00000024     driverlib.a : camera.obj (.text:CameraIntClear)
                  20014670    00000024                 : interrupt.obj (.text:IntUnregister)
                  20014694    00000024                 : uart.obj (.text:UARTEnable)
                  200146b8    00000024     rtsv7M4_T_le_eabi.lib : memmov.obj (.text)
                  200146dc    00000024     simplelink.a : socket.obj (.text:sl_Close)
                  20014700    00000024                  : netapp.obj (.text:sl_NetAppStart)
                  20014724    00000024                  : netapp.obj (.text:sl_NetAppStop)
                  20014748    00000024                  : wlan.obj (.text:sl_WlanProfileDel)
                  2001476c    00000022     driverlib.a : camera.obj (.text:CameraCaptureStart)
                  2001478e    00000022                 : i2c.obj (.text:I2CMasterSlaveAddrSet)
                  200147b0    00000022     simplelink.a : cc_pal.obj (.text:NwpRegisterInterruptHandler)
                  200147d2    00000022     driverlib.a : spi.obj (.text:SPIReset)
                  200147f4    00000022                 : spi.obj (.text:SPIWordCountSet)
                  20014816    00000022     rtsv7M4_T_le_eabi.lib : memcmp.obj (.text)
                  20014838    00000020     driverlib.a : interrupt.obj (.text:IntRegister)
                  20014858    00000020     simplelink.a : driver.obj (.text:_SlDrvCmdSend)
                  20014878    00000020     rtsv7M4_T_le_eabi.lib : u_tofd_t2.obj (.text)
                  20014898    0000001e     driverlib.a : i2c.obj (.text:I2CMasterIntStatusEx)
                  200148b6    0000001e                 : uart.obj (.text:UARTCharPut)
                  200148d4    0000001c                 : pin.obj (.text:PinTypeI2C)
                  200148f0    0000001c     simplelink.a : driver.obj (.text:_SlDrvObjDeInit)
                  2001490c    0000001c     rtsv7M4_T_le_eabi.lib : memccpy.obj (.text)
                  20014928    0000001c     driverlib.a : udma.obj (.text:uDMAChannelDisable)
                  20014944    0000001c                 : udma.obj (.text:uDMAChannelEnable)
                  20014960    0000001c                 : udma.obj (.text:uDMAChannelRequest)
                  2001497c    0000001a     simplelink.a : netapp.obj (.text:CopyPingResultsToReport)
                  20014996    0000001a     driverlib.a : pin.obj (.text:PinTypeCamera)
                  200149b0    0000001a                 : pin.obj (.text:PinTypeUART)
                  200149ca    0000001a                 : spi.obj (.text:SPIDmaDisable)
                  200149e4    0000001a                 : spi.obj (.text:SPIDmaEnable)
                  200149fe    0000001a                 : spi.obj (.text:SPIFIFODisable)
                  20014a18    0000001a                 : spi.obj (.text:SPIFIFOEnable)
                  20014a32    0000001a     simplelink.a : device.obj (.text:_SlDrvDeviceEventHandler)
                  20014a4c    00000018     driverlib.a : camera.obj (.text:CameraReset)
                  20014a64    00000018                 : gpio.obj (.text:GPIOPinRead)
                  20014a7c    00000018                 : spi.obj (.text:SPICSDisable)
                  20014a94    00000018                 : spi.obj (.text:SPICSEnable)
                  20014aac    00000018                 : spi.obj (.text:SPIDisable)
                  20014ac4    00000018                 : spi.obj (.text:SPIEnable)
                  20014adc    00000018     rtsv7M4_T_le_eabi.lib : args_main.obj (.text)
                  20014af4    00000018                           : ll_mul_t2.obj (.text)
                  20014b0c    00000018                           : strcmp.obj (.text)
                  20014b24    00000016     driverlib.a : camera.obj (.text:CameraDMAEnable)
                  20014b3a    00000016                 : camera.obj (.text:CameraIntRegister)
                  20014b50    00000016                 : i2c.obj (.text:I2CMasterDataPut)
                  20014b66    00000016                 : i2c.obj (.text:I2CMasterEnable)
                  20014b7c    00000016                 : prcm.obj (.text:PRCMHIBRegRead)
                  20014b92    00000016                 : prcm.obj (.text:PRCMHIBRegWrite)
                  20014ba8    00000016                 : uart.obj (.text:UARTCharGet)
                  20014bbe    00000016     simplelink.a : fs.obj (.text:_sl_Strlen)
                  20014bd4    00000016     rtsv7M4_T_le_eabi.lib : memchr.obj (.text)
                  20014bea    00000016                           : strchr.obj (.text)
                  20014c00    00000016     driverlib.a : udma.obj (.text:uDMAIntRegister)
                  20014c16    00000014                 : cpu.obj (.text:CPUcpsie)
                  20014c2a    00000002     --HOLE-- [fill = 0]
                  20014c2c    00000014                 : interrupt.obj (.text:IntVTableBaseSet)
                  20014c40    00000014     simplelink.a : driver.obj (.text:_SlDrvShiftDWord)
                  20014c54    00000014     rtsv7M4_T_le_eabi.lib : _lock.obj (.text)
                  20014c68    00000014                           : strlen.obj (.text)
                  20014c7c    00000014     driverlib.a : udma.obj (.text:uDMAControlBaseSet)
                  20014c90    00000014                 : udma.obj (.text:uDMAIntClear)
                  20014ca4    00000012                 : i2c.obj (.text:I2CMasterControl)
                  20014cb6    00000012                 : i2c.obj (.text:I2CMasterIntClearEx)
                  20014cc8    00000012                 : i2c.obj (.text:I2CMasterTimeoutSet)
                  20014cda    00000012     rtsv7M4_T_le_eabi.lib : copy_zero_init.obj (.text:decompress:ZI)
                  20014cec    00000012     simplelink.a : netapp.obj (.text:sl_NetAppMDNSUnRegisterService)
                  20014cfe    00000012     driverlib.a : udma.obj (.text:uDMAIntUnregister)
                  20014d10    00000010     simplelink.a : cc_pal.obj (.text:NwpMaskInterrupt)
                  20014d20    00000010                  : socket.obj (.text:SL_FD_SET)
                  20014d30    00000010     rtsv7M4_T_le_eabi.lib : strcpy.obj (.text)
                  20014d40    00000010                           : tolower.obj (.text)
                  20014d50    0000000e     driverlib.a : i2c.obj (.text:I2CMasterDataGet)
                  20014d5e    0000000e     rtsv7M4_T_le_eabi.lib : copy_decompress_none.obj (.text:decompress:none)
                  20014d6c    0000000e                           : xdclass.obj (.text)
                  20014d7a    0000000e     startup_ccs.obj (.text)
                  20014d88    0000000c     simplelink.a : cc_pal.obj (.text:NwpUnMaskInterrupt)
                  20014d94    0000000c     driverlib.a : udma.obj (.text:uDMADisable)
                  20014da0    0000000c                 : udma.obj (.text:uDMAEnable)
                  20014dac    0000000c                 : udma.obj (.text:uDMAIntStatus)
                  20014db8    0000000a                 : interrupt.obj (.text:IntMasterEnable)
                  20014dc2    00000008     simplelink.a : wlan.obj (.text:sl_WlanDisconnect)
                  20014dca    00000006                  : socket.obj (.text:SL_FD_ZERO)
                  20014dd0    00000006     driverlib.a : utils.obj (.text:UtilsDelay)
                  20014dd6    00000006     rtsv7M4_T_le_eabi.lib : copy_decompress_rle.obj (.text:decompress:rle24)
                  20014ddc    00000006                           : log.obj (.text)
                  20014de2    00000004                           : error.obj (.text)
                  20014de6    00000004                           : xldtest.obj (.text)

.const     0    20014df0    00000861     
                  20014df0    00000102     rtsv7M4_T_le_eabi.lib : ctype.obj (.const:.string:_ctypes_)
                  20014ef2    00000002     tempRHSens_si7020.obj (.const:.string)
                  20014ef4    00000100     driverlib.a : pin.obj (.const:g_ulPinToPadMap)
                  20014ff4    000000ec     simplelink.a : wlan.obj (.const)
                  200150e0    000000d4     driverlib.a : interrupt.obj (.const:g_pulRegs)
                  200151b4    000000a8                 : prcm.obj (.const:PRCM_PeriphRegsList)
                  2001525c    00000004     --HOLE-- [fill = 0]
                  20015260    00000088     rtsv7M4_T_le_eabi.lib : xlatan.obj (.const)
                  200152e8    00000080     driverlib.a : interrupt.obj (.const)
                  20015368    00000051     network_relater_fns.obj (.const:.string)
                  200153b9    00000003     --HOLE-- [fill = 0]
                  200153bc    0000004c     simplelink.a : driver.obj (.const)
                  20015408    00000048     rtsv7M4_T_le_eabi.lib : xexp.obj (.const)
                  20015450    00000038                           : xlog.obj (.const:p)
                  20015488    00000038     simplelink.a : fs.obj (.const)
                  200154c0    00000034                  : socket.obj (.const)
                  200154f4    00000030     rtsv7M4_T_le_eabi.lib : xdint.obj (.const)
                  20015524    0000002c     libparse.a : cc3200_utils.obj (.const:$P$T0$1)
                  20015550    0000002c     network_relater_fns.obj (.const:$P$T1$2)
                  2001557c    00000028     simplelink.a : netapp.obj (.const)
                  200155a4    00000022     network_relater_fns.obj (.const:.string:$P$T0$1)
                  200155c6    00000002     --HOLE-- [fill = 0]
                  200155c8    00000020     network_relater_fns.obj (.const)
                  200155e8    00000018     driverlib.a : spi.obj (.const)
                  20015600    00000017     libparse.a : request.obj (.const:.string)
                  20015617    00000001     --HOLE-- [fill = 0]
                  20015618    00000014     simplelink.a : device.obj (.const)
                  2001562c    0000000d     camera_app.obj (.const:.string)
                  20015639    0000000b     app_common.obj (.const:.string)
                  20015644    00000008     simplelink.a : netcfg.obj (.const)
                  2001564c    00000005     main.obj (.const:.string)

.cinit     0    20015658    00000bb0     
                  20015658    00000b8a     (.cinit..data.load) [load image, compression = rle]
                  200161e2    00000002     --HOLE-- [fill = 0]
                  200161e4    0000000c     (__TI_handler_table)
                  200161f0    00000008     (.cinit..bss.load) [load image, compression = zero_init]
                  200161f8    00000010     (__TI_cinit_table)

.bss       0    20018000    000148e0     UNINITIALIZED
                  20018000    00014000     main.obj (.bss:g_image_buffer)
                  2002c000    00000400     udma_if.obj (.bss:gpCtlTbl)
                  2002c400    00000120     rtsv7M4_T_le_eabi.lib : trgmsg.obj (.bss:__CIOBUF_)
                  2002c520    00000100     udma_if.obj (.bss:gfpAppCallbackHndl)
                  2002c620    000000c8     free_rtos.a : tasks.obj (.bss:pxReadyTasksLists)
                  2002c6e8    000000a0     rtsv7M4_T_le_eabi.lib : defs.obj (.bss:__TI_tmpnams)
                  2002c788    00000050     free_rtos.a : queue.obj (.bss:xQueueRegistry)
                  2002c7d8    00000034     libparse.a : cc3200_client_state.obj (.bss:clientStateFileName)
                  2002c80c    00000024     network_relater_fns.obj (.bss:g_ucConnectionSSID)
                  2002c830    0000001c     rtsv7M4_T_le_eabi.lib : vla_alloc.obj (.bss)
                  2002c84c    00000014     (.common:xDelayedTaskList1)
                  2002c860    00000014     (.common:xDelayedTaskList2)
                  2002c874    00000014     (.common:xPendingReadyList)
                  2002c888    00000014     (.common:xSuspendedTaskList)
                  2002c89c    00000014     (.common:xTasksWaitingTermination)
                  2002c8b0    00000008     (.common:g_ucConnectionBSSID)
                  2002c8b8    00000008     (.common:parmbuf)
                  2002c8c0    00000004     (.common:__Errorlog)
                  2002c8c4    00000004     (.common:dataBuffer)
                  2002c8c8    00000004     (.common:g_frame_size_in_bytes)
                  2002c8cc    00000004     (.common:g_header_length)
                  2002c8d0    00000004     (.common:g_total_dma_intrpts)
                  2002c8d4    00000004     (.common:pxDelayedTaskList)
                  2002c8d8    00000004     (.common:pxOverflowDelayedTaskList)
                  2002c8dc    00000001     (.common:g_CaptureImage)
                  2002c8dd    00000001     (.common:g_dma_txn_done)
                  2002c8de    00000001     (.common:g_frame_end)
                  2002c8df    00000001     (.common:iDone)

.sysmem    0    2002c8e0    00004000     UNINITIALIZED
                  2002c8e0    00000008     rtsv7M4_T_le_eabi.lib : memory.obj (.sysmem)
                  2002c8e8    00003ff8     --HOLE--


LINKER GENERATED COPY TABLES

__TI_cinit_table @ 200161f8 records: 2, size/record: 8, table size: 16
	.data: load addr=20015658, load size=00000b8a bytes, run addr=20000000, run size=00001540 bytes, compression=rle
	.bss: load addr=200161f0, load size=00000008 bytes, run addr=20018000, run size=000148e0 bytes, compression=zero_init


LINKER GENERATED HANDLER TABLE

__TI_handler_table @ 200161e4 records: 3, size/record: 4, table size: 12
	index: 0, handler: __TI_decompress_rle24
	index: 1, handler: __TI_decompress_none
	index: 2, handler: __TI_zero_init


GLOBAL SYMBOLS: SORTED ALPHABETICALLY BY Name 

address    name
--------   ----
20013b1d   C$$EXIT
2001337f   C$$IO$$
20014c17   CPUcpsie
20005b51   CamControllerInit
2001476d   CameraCaptureStart
20013f1d   CameraCaptureStop
20014b25   CameraDMAEnable
2001464d   CameraIntClear
20014431   CameraIntEnable
20014b3b   CameraIntRegister
20014539   CameraIntStatus
200140df   CameraParamsConfig
20014a4d   CameraReset
20014601   CameraThresholdSet
20013f57   CameraXClkConfig
20005745   CaptureImage
2000e06d   ClearTerm
2000d845   CollectTxit_ImgTempRH
2000786b   ConfigureMode
2000756d   ConfigureSimpleLinkToDefaultState
2000790d   ConnectToNetwork
200079f7   ConnectToNetwork_2
20007ad9   ConnectToNetwork_STA
20007aa9   ConnectToNetwork_STA_2
2001497d   CopyPingResultsToReport
20001324   DMAMsgQ
2000e66b   DMASetupTransfer
2000152c   DigiCertHighAssuranceEVRootCA_der_len
2000e4db   DmaErrorIntHandler
2001445d   DmaSpiSwIntHandler
2000e4c5   DmaSwIntHandler
2000e077   Error
20008ad5   FXOS8700CQ_Init
20008ba9   FXOS8700CQ_Mag_Calibration
200140a9   GPIODirModeSet
20014a65   GPIOPinRead
2000e0af   GetCmd
2000d7e5   HOSTclock
2000d7ad   HOSTclose
2000d76f   HOSTgetenv
2000d713   HOSTlseek
2000d6c1   HOSTopen
2000d675   HOSTread
2000d617   HOSTrename
2000d5dd   HOSTtime
2000d5a5   HOSTunlink
2000d559   HOSTwrite
20014ca5   I2CMasterControl
20014d51   I2CMasterDataGet
20014b51   I2CMasterDataPut
20014b67   I2CMasterEnable
20014489   I2CMasterErr
200126a1   I2CMasterInitExpClk
20014cb7   I2CMasterIntClearEx
20014899   I2CMasterIntStatusEx
2001478f   I2CMasterSlaveAddrSet
20014cc9   I2CMasterTimeoutSet
2000e015   I2C_IF_Close
2000dfcd   I2C_IF_Open
2000dec7   I2C_IF_Read
2000df83   I2C_IF_ReadFrom
2000de11   I2C_IF_Write
2000e02d   InitTerm
2000f641   InitialiseParse
2000753d   InitializeAppVariables
20011ba9   IntDisable
20011c51   IntEnable
20014db9   IntMasterEnable
2001346d   IntPendClear
200135cd   IntPrioritySet
20014839   IntRegister
20014671   IntUnregister
20014c2d   IntVTableBaseSet
20000000   JPEG_StdHuffmanTbl
2000137c   JPEG_StdQuantTblC
200013bc   JPEG_StdQuantTblY
2000e04b   Message
20014d11   NwpMaskInterrupt
20013df1   NwpPowerOff
200142b5   NwpPowerOn
200127a9   NwpPowerOnPreamble
200147b1   NwpRegisterInterruptHandler
20014d89   NwpUnMaskInterrupt
2000fcb9   PRCMCC3200MCUInit
20014b7d   PRCMHIBRegRead
20014b93   PRCMHIBRegWrite
20014561   PRCMPeripheralClkDisable
20013e2d   PRCMPeripheralClkEnable
20012099   PRCMPeripheralClockGet
200134c5   PRCMPeripheralReset
20014115   PRCMPeripheralStatusGet
200144b5   PRCMSysResetCauseGet
200123fd   PinConfigSet
20013c71   PinModeSet
200118eb   PinMuxConfig
20014997   PinTypeCamera
200142e5   PinTypeGPIO
200148d5   PinTypeI2C
200149b1   PinTypeUART
2000e1d9   Report
20014d7b   ResetISR
UNDEFED    SHT$$INIT_ARRAY$$Base
UNDEFED    SHT$$INIT_ARRAY$$Limit
20014d21   SL_FD_SET
20014dcb   SL_FD_ZERO
20014a7d   SPICSDisable
20014a95   SPICSEnable
20011cf9   SPIConfigSetExpClk
20014aad   SPIDisable
200149cb   SPIDmaDisable
200149e5   SPIDmaEnable
20014ac5   SPIEnable
200149ff   SPIFIFODisable
20014a19   SPIFIFOEnable
20014149   SPIFIFOLevelSet
2001392d   SPIIntClear
2001371d   SPIIntEnable
200147d3   SPIReset
200147f5   SPIWordCountSet
2000e56d   SetupTransfer
20007f55   SimpleLinkHttpServerCallback
20007e39   SimpleLinkNetAppEventHandler
20007ee1   SimpleLinkSockEventHandler
20007d05   SimpleLinkWlanEventHandler
20005659   StartCamera
2000e141   TrimSpace
20014ba9   UARTCharGet
200148b7   UARTCharPut
20012b85   UARTConfigSetExpClk
20014315   UARTDisable
20014695   UARTEnable
2000e53f   UDMAChannelSelect
2000e657   UDMADeInit
2000e4e7   UDMAInit
2000e5b1   UDMASetupAutoMemTransfer
2000e5e5   UDMASetupPingPongTransfer
2000e63f   UDMAStartTransfer
2000e64b   UDMAStopTransfer
2000f65b   UploadImageToParse
2000f685   UploadSensorDataToParse
20014dd1   UtilsDelay
2000bf5d   VDeleteSimpleLinkSpawnTask
2000bf0d   VStartSimpleLinkSpawnTask
20014d6d   _Dclass
200011c0   _Denorm
20011249   _Dint
2001130d   _Dnorm
200105e5   _Dscale
20013ba5   _Dtest
20013109   _Dunscale
200011d0   _Eps
20001530   _Errno
2000e6c5   _Exp
200012b0   _FDenorm
200012c0   _FEps
200012d0   _FInf
200012e0   _FNan
20001300   _FRteps
200012f0   _FSnan
20001310   _FXbig
20001314   _FZero
20001518   _Fenv
20014375   _Feraise
200011e0   _Hugeval
200011f0   _Inf
2000f355   _LAtan
20001240   _LDenorm
20014de7   _LDtest
20001250   _LEps
20001260   _LInf
20001270   _LNan
20001290   _LRteps
20001280   _LSnan
200012a0   _LXbig
200012a8   _LZero
2000d275   _Log
20001200   _Nan
20001220   _Rteps
200154e0   _SlAcceptCmdCtrl
200153d0   _SlActionLookupTable
2000cc19   _SlAsyncEventGenericHandler
20015624   _SlDeviceGetCmdCtrl
20015628   _SlDeviceSetCmdCtrl
2001417d   _SlDrvBasicCmd
2001212d   _SlDrvClassifyRxMsg
20012725   _SlDrvCmdOp
20014859   _SlDrvCmdSend
2000f4dd   _SlDrvDataReadOp
20010051   _SlDrvDataWriteOp
20014a33   _SlDrvDeviceEventHandler
2001351d   _SlDrvDriverCBDeinit
20012829   _SlDrvDriverCBInit
200144e1   _SlDrvFlowContDeinit
2001450d   _SlDrvFlowContInit
2000c871   _SlDrvMsgRead
200116d1   _SlDrvMsgReadCmdCtx
20012255   _SlDrvMsgReadSpawnCtx
200103c1   _SlDrvMsgWrite
20011839   _SlDrvNetAppEventHandler
200148f1   _SlDrvObjDeInit
20013e69   _SlDrvObjInit
20010909   _SlDrvReleasePoolObj
2000f901   _SlDrvRxHdrRead
20013cb1   _SlDrvRxIrqHandler
20014c41   _SlDrvShiftDWord
200106f5   _SlDrvWaitForPoolObj
20015620   _SlEventMaskGetCmdCtrl
2001561c   _SlEventMaskSetCmdCtrl
20011ed1   _SlFindAndSetActiveObj
2001548c   _SlFsCloseCmdCtrl
2001549c   _SlFsDeleteCmdCtrl
20015498   _SlFsGetInfoCmdCtrl
20015488   _SlFsOpenCmdCtrl
20015490   _SlFsReadCmdCtrl
20015494   _SlFsWriteCmdCtrl
20015594   _SlGetHostByNameCtrl
20015590   _SlGetHostByServiceCtrl
20015588   _SlGetServiceListeCtrl
200154ec   _SlGetSockOptCmdCtrl
200154dc   _SlListenCmdCtrl
200155a0   _SlNetAppGetCmdCtrl
2001559c   _SlNetAppSendTokenValueCmdCtrl
20015598   _SlNetAppSetCmdCtrl
20015580   _SlNetAppStartCtrl
20015584   _SlNetAppStopCtrl
20015648   _SlNetCfgGetCmdCtrl
20015644   _SlNetCfgSetCmdCtrl
20014ffc   _SlPolicyGetCmdCtrl
20014ff8   _SlPolicySetCmdCtrl
20015004   _SlProfileDelCmdCtrl
20015000   _SlProfileGetCmdCtrl
200154e4   _SlRecvCmdCtrl
200154d4   _SlRecvfomCmdCtrl
2001558c   _SlRegisterServiceCtrl
20013cf1   _SlRemoveFromList
2001500c   _SlRxFilterAddtCmdCtrl
20015014   _SlRxFilterGetCmdCtrl
20015010   _SlRxFilterSetCmdCtrl
200154f0   _SlSelectCmdCtrl
200154d8   _SlSendCmdCtrl
200154e8   _SlSetSockOptCmdCtrl
20015018   _SlSmartConfigStartCmdCtrl
200154d0   _SlSockCloseCmdCtrl
200154cc   _SlSockSocketCmdCtrl
20015618   _SlStopCmdCtrl
20015024   _SlWlanCfgGetCmdCtrl
20015020   _SlWlanCfgSetCmdCtrl
20015008   _SlWlanGetNetworkListCtrl
2001501c   _SlWlanSetModeCmdCtrl
20001210   _Snan
2000151c   _Tls_setup__Fenv
20001230   _Xbig
20001238   _Zero
2002c400   __CIOBUF_
20004000   __STACK_END
00001000   __STACK_SIZE
00004000   __SYSMEM_SIZE
200161f8   __TI_CINIT_Base
20016208   __TI_CINIT_Limit
200161e4   __TI_Handler_Table_Base
200161f0   __TI_Handler_Table_Limit
00000001   __TI_args_main
200121c1   __TI_auto_init
2000ed59   __TI_cleanup
20001510   __TI_cleanup_ptr
20011f69   __TI_closefile
20014d5f   __TI_decompress_none
20014dd7   __TI_decompress_rle24
20011495   __TI_doflush
20001514   __TI_dtors_ptr
200014cc   __TI_ft_end
20007233   __TI_printfi
20011b5f   __TI_rd_ok
20013383   __TI_readmsg
20015658   __TI_static_base__
2002c6e8   __TI_tmpnams
20013355   __TI_writemsg
20011afd   __TI_wrt_ok
20014cdb   __TI_zero_init
20014de3   __abort_execution
20012595   __aeabi_cdcmpeq
20012595   __aeabi_cdcmple
2001261b   __aeabi_cdrcmple
20013235   __aeabi_cfcmpeq
20013235   __aeabi_cfcmple
20013295   __aeabi_cfrcmple
200138e3   __aeabi_d2f
20013975   __aeabi_d2iz
20013b61   __aeabi_d2uiz
2000ee5b   __aeabi_dadd
2000fb81   __aeabi_ddiv
20010b11   __aeabi_dmul
2000ee51   __aeabi_dsub
20013fc9   __aeabi_f2d
20014001   __aeabi_f2iz
20014219   __aeabi_f2uiz
20010c11   __aeabi_fadd
20012a19   __aeabi_fmul
20010c0d   __aeabi_fsub
200143d5   __aeabi_i2d
20014039   __aeabi_i2f
20014af5   __aeabi_lmul
20012b0d   __aeabi_memclr
20012b0d   __aeabi_memclr4
20012b0d   __aeabi_memclr8
20011e35   __aeabi_memcpy
20011e35   __aeabi_memcpy4
20011e35   __aeabi_memcpy8
20012b0f   __aeabi_memset
20012b0f   __aeabi_memset4
20012b0f   __aeabi_memset8
200014d8   __aeabi_stderr
200014d0   __aeabi_stdin
200014d4   __aeabi_stdout
20014879   __aeabi_ui2d
2000e8c1   __aeabi_uldivmod
ffffffff   __binit__
ffffffff   __c_args__
20003000   __stack
2000dc0b   __vla_alloc
2000dafd   __vla_dealloc
2000db8b   __vla_dealloc_eh
20014add   _args_main
200141b1   _c_int00
20014df0   _ctypes_
20000f50   _ftable
20001508   _lock
20014c63   _nop
20014c5b   _register_lock
20014c55   _register_unlock
20014589   _sl_BuildAddress
20012fdd   _sl_GetCreateFsMode
20013899   _sl_GetStartResponseConvert
20013041   _sl_HandleAsync_Accept
20012ea5   _sl_HandleAsync_Connect
200128a5   _sl_HandleAsync_DnsGetHostByName
20012f0d   _sl_HandleAsync_DnsGetHostByService
20012bfd   _sl_HandleAsync_InitComplete
20012d59   _sl_HandleAsync_PingResponse
20013575   _sl_HandleAsync_Select
20013621   _sl_HandleAsync_Stop
20014bbf   _sl_Strlen
20012dc9   _sl_TruncatePayloadByProtocol
2002c8e0   _sys_memory
2000150c   _unlock
20013b21   abort
2000f0b7   addHttpRequestHeader
2000f0e5   addHttpRequestHeaderInt
2000f009   addHttpRequestLine
2000d1c7   add_device
20010a0d   atan2l
20013769   atoi
2000f073   beginHttpGetRequest
2000f051   beginHttpRequest
ffffffff   binit
20009a8b   buildRequestHeaders
2000c485   calloc
20008a75   clearAccelMotionIntrpt
2002c7d8   clientStateFileName
2000d175   close
200014c4   cnt
20008321   configureFXOS8700
2000e2df   configureTempRHSensor
20013ad9   copy_in
2000ab2f   createInstallation
2000a4f9   createNewInstallationId
2002c8c4   dataBuffer
200014c8   dataBufferSize
20011785   debugPrint
200117a7   debugPrintf
20004691   eTaskGetState
2000eab5   ensureCertificateFile
20013b29   exit
20011fcf   fclose
200141e5   feraiseexcept
2000a485   fetchDeviceOSVersion
200114e1   fflush
2000b29b   findSecondJson
2000edaf   fopen
20012e41   fprintf
20011d99   fputc
2000fded   fputs
2000c1df   free
2000ed85   freopen
200130a5   fseek
20000dd0   gFirstCmdMode
2002c8dc   g_CaptureImage
200153c8   g_H2NCnysPattern
200153c0   g_H2NSyncPattern
20001318   g_SpiFd
20000dd8   g_StatMem
20001328   g_cDummy
20015600   g_deviceClientVersion
2002c8c8   g_frame_size_in_bytes
20000600   g_header
2002c8cc   g_header_length
20018000   g_image_buffer
2000149c   g_osVersion
20000dd4   g_pCB
2000131c   g_pHostIntHdl
20004000   g_pfnVectors
2002c8b0   g_ucConnectionBSSID
2002c80c   g_ucConnectionSSID
20001320   g_ucDMAEnabled
2000132c   g_ucDinDout
200014f0   g_uiSimplelinkRole
200014ec   g_ulGatewayIP
20001504   g_ulPingPacketsRecv
200014e8   g_ulStatus
200088ad   getAccelerationMagnitude
20008773   getDoorDirection
2000f133   getHttpResponseBody
2000f107   getHttpResponseStatus
2000ab7f   getInstallation
20010353   getInternalClient
200087ff   getMagnFlux_3axis
2000b2eb   getPushJson
2000e333   getTempRH
2002c520   gfpAppCallbackHndl
2002c000   gpCtlTbl
2000f7a5   i2cReadRegisters
2000f891   i2cReadRegistersTwoBytes
2000f7f7   i2cWriteRegisters
2002c8df   iDone
20007b65   initNetwork
2001199d   intToASCII
2000b2c7   isCompleteJson
2000a421   isPingTime
2000c4bd   loadClientState
20014ddd   log
2000d151   lseek
20013413   ltoa
2000d9b7   main
2000153c   main_func_sp
2000c17d   malloc
2000c061   mem_Free
2000c055   mem_Malloc
2000c081   mem_copy
2000c06d   mem_set
2000c3a5   memalign
2001490d   memccpy
20014bd5   memchr
20014817   memcmp
20011e35   memcpy
200146b9   memmove
20012b15   memset
2000c0f1   minit
2000d0a3   open
2000c0d7   osi_ContextRestore
2000c0d5   osi_ContextSave
2000c095   osi_EnterCritical
2000c09f   osi_ExitCritical
2000bcbb   osi_InterruptDeRegister
2000bc95   osi_InterruptRegister
2000bdc5   osi_LockObjCreate
2000be39   osi_LockObjDelete
2000be49   osi_LockObjLock
2000be75   osi_LockObjUnlock
2000bf89   osi_MsgQCreate
2000bfcd   osi_MsgQDelete
2000c019   osi_MsgQRead
2000bfe7   osi_MsgQWrite
2000c0b1   osi_Sleep
2000be9f   osi_Spawn
2000bda3   osi_SyncObjClear
2000bccd   osi_SyncObjCreate
2000bcfd   osi_SyncObjDelete
2000bd17   osi_SyncObjSignal
2000bd3f   osi_SyncObjSignalFromISR
2000bd77   osi_SyncObjWait
2000bdeb   osi_TaskCreate
2000be2b   osi_TaskDelete
2000c0c1   osi_TaskDisable
2000c0cb   osi_TaskEnable
2000c0a9   osi_start
20000dcc   pPingCallBackFunc
2000a1fd   parseGetErrorCode
2000ada1   parseGetInstallationId
200102a9   parseInitialize
2000a1b9   parseSendRequest
2000a147   parseSendRequestInternal
2000acf3   parseSetInstallationId
20015639   pcDigits
20004bb5   pcTaskGetTaskName
200116c9   portCLZ
2000b805   pow
200116b1   prvPortStartFirstTask
20011e1d   putc
20011e21   putchar
2000fef9   puts
20013f91   pvPortMalloc
2000143c   pxCurrentTCB
200104d5   pxPortInitialiseStack
20014403   raise
200137cb   rand
2000d07f   read
2000c29f   realloc
2000cff5   remove
2000d057   remove_device
2000d019   rename
2000f6a7   retreiveImageIDfromHTTPResponse
2000c5cf   saveClientState
2000a00d   sendRequest
20009a69   setDataBufferPointer
20008729   setMotionDetectionThreshold
20010fc9   setvbuf
20013d31   signal
2000aed1   simpleJsonProcessor
200146dd   sl_Close
20010df9   sl_Connect
20012921   sl_DevGet
200139bd   sl_DevSet
2001299d   sl_FsClose
20013a05   sl_FsDel
20012f75   sl_FsGetInfo
20013675   sl_FsOpen
200122e5   sl_FsRead
20012371   sl_FsWrite
20014071   sl_Htonl
20014281   sl_Htons
200110a5   sl_NetAppDnsGetHostByName
2001250d   sl_NetAppMDNSRegisterUnregisterService
20014ced   sl_NetAppMDNSUnRegisterService
200136c9   sl_NetAppSendTokenValue
20014701   sl_NetAppStart
20014725   sl_NetAppStop
20013be9   sl_NetCfgSet
20013c2d   sl_Recv
20010801   sl_Select
20011a4d   sl_Send
20013801   sl_SetSockOpt
200143a5   sl_Socket
20011555   sl_Start
200113d1   sl_Stop
2000f1b9   sl_WlanConnect
20014dc3   sl_WlanDisconnect
20012c71   sl_WlanGet
20013d71   sl_WlanPolicySet
20014749   sl_WlanProfileDel
20013db1   sl_WlanRxFilterSet
20013a4d   sl_WlanSet
200145d9   sl_WlanSetMode
20012001   snprintf
2000b719   socketClose
2000b571   socketRead
2000b3d5   socketSslConnect
2000b375   socketWait
2000b663   socketWrite
20012ce5   spi_Close
2000ff21   spi_Open
2001117d   spi_Read
20010ee1   spi_Write
200132f5   sprintf
2000fa41   sqrt
200137b5   srand
200014c2   sshPort
20014beb   strchr
20014b0d   strcmp
20014d31   strcpy
20014c69   strlen
20013ea5   strncasecmp
200145b1   strncat
20014627   strncmp
20014345   strncpy
2001424d   strstr
20014d41   tolower
2001384d   uDMAChannelAssign
2001316d   uDMAChannelAttributeDisable
200131d1   uDMAChannelAttributeEnable
20013ee1   uDMAChannelControlSet
20014929   uDMAChannelDisable
20014945   uDMAChannelEnable
20014961   uDMAChannelRequest
20010d09   uDMAChannelTransferSet
20014c7d   uDMAControlBaseSet
20014d95   uDMADisable
20014da1   uDMAEnable
20014c91   uDMAIntClear
20014c01   uDMAIntRegister
20014dad   uDMAIntStatus
20014cff   uDMAIntUnregister
200096c5   ucQueueGetQueueType
20011619   ulPortSetInterruptMask
2000cff5   unlink
20008a29   updateConfigReg
2000a47b   updateLastPingTime
2001025f   uxListRemove
200096a5   uxQueueGetQueueNumber
20009639   uxQueueMessagesWaiting
2000966f   uxQueueMessagesWaitingFromISR
2000964f   uxQueueSpacesAvailable
20004ba9   uxTaskGetNumberOfTasks
20004bd9   uxTaskGetSystemState
200050c9   uxTaskGetTaskNumber
20004725   uxTaskPriorityGet
20005621   uxTaskResetEventItemValue
2000d837   vApplicationIdleHook
2000d839   vApplicationMallocFailedHook
2000d83b   vApplicationStackOverflowHook
2000d82d   vAssertCalled
2001017d   vListInitialise
200101ad   vListInitialiseItem
200101f9   vListInsert
200101bd   vListInsertEnd
2001162f   vPortClearInterruptMask
20010551   vPortEndScheduler
20010565   vPortEnterCritical
2001057d   vPortExitCritical
20013fb1   vPortFree
20011689   vPortSVCHandler
200105b1   vPortSetupTimerInterrupt
20010553   vPortYield
200098df   vQueueAddToRegistry
20009681   vQueueDelete
200096b3   vQueueSetQueueNumber
20009921   vQueueUnregisterQueue
2000463b   vTaskDelay
2000459f   vTaskDelayUntil
2000450f   vTaskDelete
20004a8d   vTaskEndScheduler
200050bb   vTaskMissedYield
20004e51   vTaskPlaceOnEventList
20004eb5   vTaskPlaceOnUnorderedEventList
20005597   vTaskPriorityDisinherit
200054dd   vTaskPriorityInherit
2000475d   vTaskPrioritySet
20004955   vTaskResume
200050e9   vTaskSetTaskNumber
2000501b   vTaskSetTimeOutState
20004a43   vTaskStartScheduler
20004861   vTaskSuspend
20004a9f   vTaskSuspendAll
20004dd1   vTaskSwitchContext
20008241   verifyAccelMagnSensor
2000e299   verifyTempRHSensor
20012485   vsnprintf
2000cf65   write
20008e55   writeMagntCalibrationValue
200014dc   xHigherPriorityTaskWoken
2001163d   xPortPendSVHandler
20010525   xPortStartScheduler
20010595   xPortSysTickHandler
2000996f   xQueueAddToSet
200092a1   xQueueAltGenericReceive
200091f5   xQueueAltGenericSend
200090c9   xQueueCreateCountingSemaphore
2000904b   xQueueCreateMutex
2000995b   xQueueCreateSet
20008fd5   xQueueGenericCreate
2000943b   xQueueGenericReceive
20008f45   xQueueGenericReset
200090e9   xQueueGenericSend
2000939f   xQueueGenericSendFromISR
2000987b   xQueueIsQueueEmptyFromISR
200098bd   xQueueIsQueueFullFromISR
200095f5   xQueuePeekFromISR
2000957d   xQueueReceiveFromISR
2002c788   xQueueRegistry
200099a3   xQueueRemoveFromSet
200099e5   xQueueSelectFromSet
200099ff   xQueueSelectFromSetFromISR
200014e0   xSimpleLinkSpawnQueue
200014e4   xSimpleLinkSpawnTaskHndl
20005041   xTaskCheckForTimeOut
20004401   xTaskGenericCreate
20005491   xTaskGetCurrentTaskHandle
20004c97   xTaskGetIdleTaskHandle
200054a5   xTaskGetSchedulerState
20004b7d   xTaskGetTickCount
20004b91   xTaskGetTickCountFromISR
20004cb5   xTaskIncrementTick
20004f25   xTaskRemoveFromEventList
20004fad   xTaskRemoveFromUnorderedEventList
20004ab1   xTaskResumeAll
200049c9   xTaskResumeFromISR


GLOBAL SYMBOLS: SORTED BY Symbol Address 

address    name
--------   ----
00000001   __TI_args_main
00001000   __STACK_SIZE
00004000   __SYSMEM_SIZE
20000000   JPEG_StdHuffmanTbl
20000600   g_header
20000dcc   pPingCallBackFunc
20000dd0   gFirstCmdMode
20000dd4   g_pCB
20000dd8   g_StatMem
20000f50   _ftable
200011c0   _Denorm
200011d0   _Eps
200011e0   _Hugeval
200011f0   _Inf
20001200   _Nan
20001210   _Snan
20001220   _Rteps
20001230   _Xbig
20001238   _Zero
20001240   _LDenorm
20001250   _LEps
20001260   _LInf
20001270   _LNan
20001280   _LSnan
20001290   _LRteps
200012a0   _LXbig
200012a8   _LZero
200012b0   _FDenorm
200012c0   _FEps
200012d0   _FInf
200012e0   _FNan
200012f0   _FSnan
20001300   _FRteps
20001310   _FXbig
20001314   _FZero
20001318   g_SpiFd
2000131c   g_pHostIntHdl
20001320   g_ucDMAEnabled
20001324   DMAMsgQ
20001328   g_cDummy
2000132c   g_ucDinDout
2000137c   JPEG_StdQuantTblC
200013bc   JPEG_StdQuantTblY
2000143c   pxCurrentTCB
2000149c   g_osVersion
200014c2   sshPort
200014c4   cnt
200014c8   dataBufferSize
200014cc   __TI_ft_end
200014d0   __aeabi_stdin
200014d4   __aeabi_stdout
200014d8   __aeabi_stderr
200014dc   xHigherPriorityTaskWoken
200014e0   xSimpleLinkSpawnQueue
200014e4   xSimpleLinkSpawnTaskHndl
200014e8   g_ulStatus
200014ec   g_ulGatewayIP
200014f0   g_uiSimplelinkRole
20001504   g_ulPingPacketsRecv
20001508   _lock
2000150c   _unlock
20001510   __TI_cleanup_ptr
20001514   __TI_dtors_ptr
20001518   _Fenv
2000151c   _Tls_setup__Fenv
2000152c   DigiCertHighAssuranceEVRootCA_der_len
20001530   _Errno
2000153c   main_func_sp
20003000   __stack
20004000   __STACK_END
20004000   g_pfnVectors
20004401   xTaskGenericCreate
2000450f   vTaskDelete
2000459f   vTaskDelayUntil
2000463b   vTaskDelay
20004691   eTaskGetState
20004725   uxTaskPriorityGet
2000475d   vTaskPrioritySet
20004861   vTaskSuspend
20004955   vTaskResume
200049c9   xTaskResumeFromISR
20004a43   vTaskStartScheduler
20004a8d   vTaskEndScheduler
20004a9f   vTaskSuspendAll
20004ab1   xTaskResumeAll
20004b7d   xTaskGetTickCount
20004b91   xTaskGetTickCountFromISR
20004ba9   uxTaskGetNumberOfTasks
20004bb5   pcTaskGetTaskName
20004bd9   uxTaskGetSystemState
20004c97   xTaskGetIdleTaskHandle
20004cb5   xTaskIncrementTick
20004dd1   vTaskSwitchContext
20004e51   vTaskPlaceOnEventList
20004eb5   vTaskPlaceOnUnorderedEventList
20004f25   xTaskRemoveFromEventList
20004fad   xTaskRemoveFromUnorderedEventList
2000501b   vTaskSetTimeOutState
20005041   xTaskCheckForTimeOut
200050bb   vTaskMissedYield
200050c9   uxTaskGetTaskNumber
200050e9   vTaskSetTaskNumber
20005491   xTaskGetCurrentTaskHandle
200054a5   xTaskGetSchedulerState
200054dd   vTaskPriorityInherit
20005597   vTaskPriorityDisinherit
20005621   uxTaskResetEventItemValue
20005659   StartCamera
20005745   CaptureImage
20005b51   CamControllerInit
20007233   __TI_printfi
2000753d   InitializeAppVariables
2000756d   ConfigureSimpleLinkToDefaultState
2000786b   ConfigureMode
2000790d   ConnectToNetwork
200079f7   ConnectToNetwork_2
20007aa9   ConnectToNetwork_STA_2
20007ad9   ConnectToNetwork_STA
20007b65   initNetwork
20007d05   SimpleLinkWlanEventHandler
20007e39   SimpleLinkNetAppEventHandler
20007ee1   SimpleLinkSockEventHandler
20007f55   SimpleLinkHttpServerCallback
20008241   verifyAccelMagnSensor
20008321   configureFXOS8700
20008729   setMotionDetectionThreshold
20008773   getDoorDirection
200087ff   getMagnFlux_3axis
200088ad   getAccelerationMagnitude
20008a29   updateConfigReg
20008a75   clearAccelMotionIntrpt
20008ad5   FXOS8700CQ_Init
20008ba9   FXOS8700CQ_Mag_Calibration
20008e55   writeMagntCalibrationValue
20008f45   xQueueGenericReset
20008fd5   xQueueGenericCreate
2000904b   xQueueCreateMutex
200090c9   xQueueCreateCountingSemaphore
200090e9   xQueueGenericSend
200091f5   xQueueAltGenericSend
200092a1   xQueueAltGenericReceive
2000939f   xQueueGenericSendFromISR
2000943b   xQueueGenericReceive
2000957d   xQueueReceiveFromISR
200095f5   xQueuePeekFromISR
20009639   uxQueueMessagesWaiting
2000964f   uxQueueSpacesAvailable
2000966f   uxQueueMessagesWaitingFromISR
20009681   vQueueDelete
200096a5   uxQueueGetQueueNumber
200096b3   vQueueSetQueueNumber
200096c5   ucQueueGetQueueType
2000987b   xQueueIsQueueEmptyFromISR
200098bd   xQueueIsQueueFullFromISR
200098df   vQueueAddToRegistry
20009921   vQueueUnregisterQueue
2000995b   xQueueCreateSet
2000996f   xQueueAddToSet
200099a3   xQueueRemoveFromSet
200099e5   xQueueSelectFromSet
200099ff   xQueueSelectFromSetFromISR
20009a69   setDataBufferPointer
20009a8b   buildRequestHeaders
2000a00d   sendRequest
2000a147   parseSendRequestInternal
2000a1b9   parseSendRequest
2000a1fd   parseGetErrorCode
2000a421   isPingTime
2000a47b   updateLastPingTime
2000a485   fetchDeviceOSVersion
2000a4f9   createNewInstallationId
2000ab2f   createInstallation
2000ab7f   getInstallation
2000acf3   parseSetInstallationId
2000ada1   parseGetInstallationId
2000aed1   simpleJsonProcessor
2000b29b   findSecondJson
2000b2c7   isCompleteJson
2000b2eb   getPushJson
2000b375   socketWait
2000b3d5   socketSslConnect
2000b571   socketRead
2000b663   socketWrite
2000b719   socketClose
2000b805   pow
2000bc95   osi_InterruptRegister
2000bcbb   osi_InterruptDeRegister
2000bccd   osi_SyncObjCreate
2000bcfd   osi_SyncObjDelete
2000bd17   osi_SyncObjSignal
2000bd3f   osi_SyncObjSignalFromISR
2000bd77   osi_SyncObjWait
2000bda3   osi_SyncObjClear
2000bdc5   osi_LockObjCreate
2000bdeb   osi_TaskCreate
2000be2b   osi_TaskDelete
2000be39   osi_LockObjDelete
2000be49   osi_LockObjLock
2000be75   osi_LockObjUnlock
2000be9f   osi_Spawn
2000bf0d   VStartSimpleLinkSpawnTask
2000bf5d   VDeleteSimpleLinkSpawnTask
2000bf89   osi_MsgQCreate
2000bfcd   osi_MsgQDelete
2000bfe7   osi_MsgQWrite
2000c019   osi_MsgQRead
2000c055   mem_Malloc
2000c061   mem_Free
2000c06d   mem_set
2000c081   mem_copy
2000c095   osi_EnterCritical
2000c09f   osi_ExitCritical
2000c0a9   osi_start
2000c0b1   osi_Sleep
2000c0c1   osi_TaskDisable
2000c0cb   osi_TaskEnable
2000c0d5   osi_ContextSave
2000c0d7   osi_ContextRestore
2000c0f1   minit
2000c17d   malloc
2000c1df   free
2000c29f   realloc
2000c3a5   memalign
2000c485   calloc
2000c4bd   loadClientState
2000c5cf   saveClientState
2000c871   _SlDrvMsgRead
2000cc19   _SlAsyncEventGenericHandler
2000cf65   write
2000cff5   remove
2000cff5   unlink
2000d019   rename
2000d057   remove_device
2000d07f   read
2000d0a3   open
2000d151   lseek
2000d175   close
2000d1c7   add_device
2000d275   _Log
2000d559   HOSTwrite
2000d5a5   HOSTunlink
2000d5dd   HOSTtime
2000d617   HOSTrename
2000d675   HOSTread
2000d6c1   HOSTopen
2000d713   HOSTlseek
2000d76f   HOSTgetenv
2000d7ad   HOSTclose
2000d7e5   HOSTclock
2000d82d   vAssertCalled
2000d837   vApplicationIdleHook
2000d839   vApplicationMallocFailedHook
2000d83b   vApplicationStackOverflowHook
2000d845   CollectTxit_ImgTempRH
2000d9b7   main
2000dafd   __vla_dealloc
2000db8b   __vla_dealloc_eh
2000dc0b   __vla_alloc
2000de11   I2C_IF_Write
2000dec7   I2C_IF_Read
2000df83   I2C_IF_ReadFrom
2000dfcd   I2C_IF_Open
2000e015   I2C_IF_Close
2000e02d   InitTerm
2000e04b   Message
2000e06d   ClearTerm
2000e077   Error
2000e0af   GetCmd
2000e141   TrimSpace
2000e1d9   Report
2000e299   verifyTempRHSensor
2000e2df   configureTempRHSensor
2000e333   getTempRH
2000e4c5   DmaSwIntHandler
2000e4db   DmaErrorIntHandler
2000e4e7   UDMAInit
2000e53f   UDMAChannelSelect
2000e56d   SetupTransfer
2000e5b1   UDMASetupAutoMemTransfer
2000e5e5   UDMASetupPingPongTransfer
2000e63f   UDMAStartTransfer
2000e64b   UDMAStopTransfer
2000e657   UDMADeInit
2000e66b   DMASetupTransfer
2000e6c5   _Exp
2000e8c1   __aeabi_uldivmod
2000eab5   ensureCertificateFile
2000ed59   __TI_cleanup
2000ed85   freopen
2000edaf   fopen
2000ee51   __aeabi_dsub
2000ee5b   __aeabi_dadd
2000f009   addHttpRequestLine
2000f051   beginHttpRequest
2000f073   beginHttpGetRequest
2000f0b7   addHttpRequestHeader
2000f0e5   addHttpRequestHeaderInt
2000f107   getHttpResponseStatus
2000f133   getHttpResponseBody
2000f1b9   sl_WlanConnect
2000f355   _LAtan
2000f4dd   _SlDrvDataReadOp
2000f641   InitialiseParse
2000f65b   UploadImageToParse
2000f685   UploadSensorDataToParse
2000f6a7   retreiveImageIDfromHTTPResponse
2000f7a5   i2cReadRegisters
2000f7f7   i2cWriteRegisters
2000f891   i2cReadRegistersTwoBytes
2000f901   _SlDrvRxHdrRead
2000fa41   sqrt
2000fb81   __aeabi_ddiv
2000fcb9   PRCMCC3200MCUInit
2000fded   fputs
2000fef9   puts
2000ff21   spi_Open
20010051   _SlDrvDataWriteOp
2001017d   vListInitialise
200101ad   vListInitialiseItem
200101bd   vListInsertEnd
200101f9   vListInsert
2001025f   uxListRemove
200102a9   parseInitialize
20010353   getInternalClient
200103c1   _SlDrvMsgWrite
200104d5   pxPortInitialiseStack
20010525   xPortStartScheduler
20010551   vPortEndScheduler
20010553   vPortYield
20010565   vPortEnterCritical
2001057d   vPortExitCritical
20010595   xPortSysTickHandler
200105b1   vPortSetupTimerInterrupt
200105e5   _Dscale
200106f5   _SlDrvWaitForPoolObj
20010801   sl_Select
20010909   _SlDrvReleasePoolObj
20010a0d   atan2l
20010b11   __aeabi_dmul
20010c0d   __aeabi_fsub
20010c11   __aeabi_fadd
20010d09   uDMAChannelTransferSet
20010df9   sl_Connect
20010ee1   spi_Write
20010fc9   setvbuf
200110a5   sl_NetAppDnsGetHostByName
2001117d   spi_Read
20011249   _Dint
2001130d   _Dnorm
200113d1   sl_Stop
20011495   __TI_doflush
200114e1   fflush
20011555   sl_Start
20011619   ulPortSetInterruptMask
2001162f   vPortClearInterruptMask
2001163d   xPortPendSVHandler
20011689   vPortSVCHandler
200116b1   prvPortStartFirstTask
200116c9   portCLZ
200116d1   _SlDrvMsgReadCmdCtx
20011785   debugPrint
200117a7   debugPrintf
20011839   _SlDrvNetAppEventHandler
200118eb   PinMuxConfig
2001199d   intToASCII
20011a4d   sl_Send
20011afd   __TI_wrt_ok
20011b5f   __TI_rd_ok
20011ba9   IntDisable
20011c51   IntEnable
20011cf9   SPIConfigSetExpClk
20011d99   fputc
20011e1d   putc
20011e21   putchar
20011e35   __aeabi_memcpy
20011e35   __aeabi_memcpy4
20011e35   __aeabi_memcpy8
20011e35   memcpy
20011ed1   _SlFindAndSetActiveObj
20011f69   __TI_closefile
20011fcf   fclose
20012001   snprintf
20012099   PRCMPeripheralClockGet
2001212d   _SlDrvClassifyRxMsg
200121c1   __TI_auto_init
20012255   _SlDrvMsgReadSpawnCtx
200122e5   sl_FsRead
20012371   sl_FsWrite
200123fd   PinConfigSet
20012485   vsnprintf
2001250d   sl_NetAppMDNSRegisterUnregisterService
20012595   __aeabi_cdcmpeq
20012595   __aeabi_cdcmple
2001261b   __aeabi_cdrcmple
200126a1   I2CMasterInitExpClk
20012725   _SlDrvCmdOp
200127a9   NwpPowerOnPreamble
20012829   _SlDrvDriverCBInit
200128a5   _sl_HandleAsync_DnsGetHostByName
20012921   sl_DevGet
2001299d   sl_FsClose
20012a19   __aeabi_fmul
20012b0d   __aeabi_memclr
20012b0d   __aeabi_memclr4
20012b0d   __aeabi_memclr8
20012b0f   __aeabi_memset
20012b0f   __aeabi_memset4
20012b0f   __aeabi_memset8
20012b15   memset
20012b85   UARTConfigSetExpClk
20012bfd   _sl_HandleAsync_InitComplete
20012c71   sl_WlanGet
20012ce5   spi_Close
20012d59   _sl_HandleAsync_PingResponse
20012dc9   _sl_TruncatePayloadByProtocol
20012e41   fprintf
20012ea5   _sl_HandleAsync_Connect
20012f0d   _sl_HandleAsync_DnsGetHostByService
20012f75   sl_FsGetInfo
20012fdd   _sl_GetCreateFsMode
20013041   _sl_HandleAsync_Accept
200130a5   fseek
20013109   _Dunscale
2001316d   uDMAChannelAttributeDisable
200131d1   uDMAChannelAttributeEnable
20013235   __aeabi_cfcmpeq
20013235   __aeabi_cfcmple
20013295   __aeabi_cfrcmple
200132f5   sprintf
20013355   __TI_writemsg
2001337f   C$$IO$$
20013383   __TI_readmsg
20013413   ltoa
2001346d   IntPendClear
200134c5   PRCMPeripheralReset
2001351d   _SlDrvDriverCBDeinit
20013575   _sl_HandleAsync_Select
200135cd   IntPrioritySet
20013621   _sl_HandleAsync_Stop
20013675   sl_FsOpen
200136c9   sl_NetAppSendTokenValue
2001371d   SPIIntEnable
20013769   atoi
200137b5   srand
200137cb   rand
20013801   sl_SetSockOpt
2001384d   uDMAChannelAssign
20013899   _sl_GetStartResponseConvert
200138e3   __aeabi_d2f
2001392d   SPIIntClear
20013975   __aeabi_d2iz
200139bd   sl_DevSet
20013a05   sl_FsDel
20013a4d   sl_WlanSet
20013ad9   copy_in
20013b1d   C$$EXIT
20013b21   abort
20013b29   exit
20013b61   __aeabi_d2uiz
20013ba5   _Dtest
20013be9   sl_NetCfgSet
20013c2d   sl_Recv
20013c71   PinModeSet
20013cb1   _SlDrvRxIrqHandler
20013cf1   _SlRemoveFromList
20013d31   signal
20013d71   sl_WlanPolicySet
20013db1   sl_WlanRxFilterSet
20013df1   NwpPowerOff
20013e2d   PRCMPeripheralClkEnable
20013e69   _SlDrvObjInit
20013ea5   strncasecmp
20013ee1   uDMAChannelControlSet
20013f1d   CameraCaptureStop
20013f57   CameraXClkConfig
20013f91   pvPortMalloc
20013fb1   vPortFree
20013fc9   __aeabi_f2d
20014001   __aeabi_f2iz
20014039   __aeabi_i2f
20014071   sl_Htonl
200140a9   GPIODirModeSet
200140df   CameraParamsConfig
20014115   PRCMPeripheralStatusGet
20014149   SPIFIFOLevelSet
2001417d   _SlDrvBasicCmd
200141b1   _c_int00
200141e5   feraiseexcept
20014219   __aeabi_f2uiz
2001424d   strstr
20014281   sl_Htons
200142b5   NwpPowerOn
200142e5   PinTypeGPIO
20014315   UARTDisable
20014345   strncpy
20014375   _Feraise
200143a5   sl_Socket
200143d5   __aeabi_i2d
20014403   raise
20014431   CameraIntEnable
2001445d   DmaSpiSwIntHandler
20014489   I2CMasterErr
200144b5   PRCMSysResetCauseGet
200144e1   _SlDrvFlowContDeinit
2001450d   _SlDrvFlowContInit
20014539   CameraIntStatus
20014561   PRCMPeripheralClkDisable
20014589   _sl_BuildAddress
200145b1   strncat
200145d9   sl_WlanSetMode
20014601   CameraThresholdSet
20014627   strncmp
2001464d   CameraIntClear
20014671   IntUnregister
20014695   UARTEnable
200146b9   memmove
200146dd   sl_Close
20014701   sl_NetAppStart
20014725   sl_NetAppStop
20014749   sl_WlanProfileDel
2001476d   CameraCaptureStart
2001478f   I2CMasterSlaveAddrSet
200147b1   NwpRegisterInterruptHandler
200147d3   SPIReset
200147f5   SPIWordCountSet
20014817   memcmp
20014839   IntRegister
20014859   _SlDrvCmdSend
20014879   __aeabi_ui2d
20014899   I2CMasterIntStatusEx
200148b7   UARTCharPut
200148d5   PinTypeI2C
200148f1   _SlDrvObjDeInit
2001490d   memccpy
20014929   uDMAChannelDisable
20014945   uDMAChannelEnable
20014961   uDMAChannelRequest
2001497d   CopyPingResultsToReport
20014997   PinTypeCamera
200149b1   PinTypeUART
200149cb   SPIDmaDisable
200149e5   SPIDmaEnable
200149ff   SPIFIFODisable
20014a19   SPIFIFOEnable
20014a33   _SlDrvDeviceEventHandler
20014a4d   CameraReset
20014a65   GPIOPinRead
20014a7d   SPICSDisable
20014a95   SPICSEnable
20014aad   SPIDisable
20014ac5   SPIEnable
20014add   _args_main
20014af5   __aeabi_lmul
20014b0d   strcmp
20014b25   CameraDMAEnable
20014b3b   CameraIntRegister
20014b51   I2CMasterDataPut
20014b67   I2CMasterEnable
20014b7d   PRCMHIBRegRead
20014b93   PRCMHIBRegWrite
20014ba9   UARTCharGet
20014bbf   _sl_Strlen
20014bd5   memchr
20014beb   strchr
20014c01   uDMAIntRegister
20014c17   CPUcpsie
20014c2d   IntVTableBaseSet
20014c41   _SlDrvShiftDWord
20014c55   _register_unlock
20014c5b   _register_lock
20014c63   _nop
20014c69   strlen
20014c7d   uDMAControlBaseSet
20014c91   uDMAIntClear
20014ca5   I2CMasterControl
20014cb7   I2CMasterIntClearEx
20014cc9   I2CMasterTimeoutSet
20014cdb   __TI_zero_init
20014ced   sl_NetAppMDNSUnRegisterService
20014cff   uDMAIntUnregister
20014d11   NwpMaskInterrupt
20014d21   SL_FD_SET
20014d31   strcpy
20014d41   tolower
20014d51   I2CMasterDataGet
20014d5f   __TI_decompress_none
20014d6d   _Dclass
20014d7b   ResetISR
20014d89   NwpUnMaskInterrupt
20014d95   uDMADisable
20014da1   uDMAEnable
20014dad   uDMAIntStatus
20014db9   IntMasterEnable
20014dc3   sl_WlanDisconnect
20014dcb   SL_FD_ZERO
20014dd1   UtilsDelay
20014dd7   __TI_decompress_rle24
20014ddd   log
20014de3   __abort_execution
20014de7   _LDtest
20014df0   _ctypes_
20014ff8   _SlPolicySetCmdCtrl
20014ffc   _SlPolicyGetCmdCtrl
20015000   _SlProfileGetCmdCtrl
20015004   _SlProfileDelCmdCtrl
20015008   _SlWlanGetNetworkListCtrl
2001500c   _SlRxFilterAddtCmdCtrl
20015010   _SlRxFilterSetCmdCtrl
20015014   _SlRxFilterGetCmdCtrl
20015018   _SlSmartConfigStartCmdCtrl
2001501c   _SlWlanSetModeCmdCtrl
20015020   _SlWlanCfgSetCmdCtrl
20015024   _SlWlanCfgGetCmdCtrl
200153c0   g_H2NSyncPattern
200153c8   g_H2NCnysPattern
200153d0   _SlActionLookupTable
20015488   _SlFsOpenCmdCtrl
2001548c   _SlFsCloseCmdCtrl
20015490   _SlFsReadCmdCtrl
20015494   _SlFsWriteCmdCtrl
20015498   _SlFsGetInfoCmdCtrl
2001549c   _SlFsDeleteCmdCtrl
200154cc   _SlSockSocketCmdCtrl
200154d0   _SlSockCloseCmdCtrl
200154d4   _SlRecvfomCmdCtrl
200154d8   _SlSendCmdCtrl
200154dc   _SlListenCmdCtrl
200154e0   _SlAcceptCmdCtrl
200154e4   _SlRecvCmdCtrl
200154e8   _SlSetSockOptCmdCtrl
200154ec   _SlGetSockOptCmdCtrl
200154f0   _SlSelectCmdCtrl
20015580   _SlNetAppStartCtrl
20015584   _SlNetAppStopCtrl
20015588   _SlGetServiceListeCtrl
2001558c   _SlRegisterServiceCtrl
20015590   _SlGetHostByServiceCtrl
20015594   _SlGetHostByNameCtrl
20015598   _SlNetAppSetCmdCtrl
2001559c   _SlNetAppSendTokenValueCmdCtrl
200155a0   _SlNetAppGetCmdCtrl
20015600   g_deviceClientVersion
20015618   _SlStopCmdCtrl
2001561c   _SlEventMaskSetCmdCtrl
20015620   _SlEventMaskGetCmdCtrl
20015624   _SlDeviceGetCmdCtrl
20015628   _SlDeviceSetCmdCtrl
20015639   pcDigits
20015644   _SlNetCfgSetCmdCtrl
20015648   _SlNetCfgGetCmdCtrl
20015658   __TI_static_base__
200161e4   __TI_Handler_Table_Base
200161f0   __TI_Handler_Table_Limit
200161f8   __TI_CINIT_Base
20016208   __TI_CINIT_Limit
20018000   g_image_buffer
2002c000   gpCtlTbl
2002c400   __CIOBUF_
2002c520   gfpAppCallbackHndl
2002c6e8   __TI_tmpnams
2002c788   xQueueRegistry
2002c7d8   clientStateFileName
2002c80c   g_ucConnectionSSID
2002c8b0   g_ucConnectionBSSID
2002c8c4   dataBuffer
2002c8c8   g_frame_size_in_bytes
2002c8cc   g_header_length
2002c8dc   g_CaptureImage
2002c8df   iDone
2002c8e0   _sys_memory
ffffffff   __binit__
ffffffff   __c_args__
ffffffff   binit
UNDEFED    SHT$$INIT_ARRAY$$Base
UNDEFED    SHT$$INIT_ARRAY$$Limit

[675 symbols]
