******************************************************************************
                  TI ARM Linker PC v5.1.6                      
******************************************************************************
>> Linked Fri Apr 10 23:25:51 2015

OUTPUT FILE NAME:   <ULP_SEC_CAM.out>
ENTRY POINT SYMBOL: "_c_int00"  address: 2001457d


MEMORY CONFIGURATION

         name            origin    length      used     unused   attr    fill
----------------------  --------  ---------  --------  --------  ----  --------
  SRAM_BOOTLDR          20000000   00004000  00002540  00001ac0  RW X
  SRAM_CODE             20004000   00014000  0001285e  000017a2  RW X
  SRAM_DATA             20018000   0001b000  000188e0  00002720  RW X


SEGMENT ALLOCATION MAP

run origin  load origin   length   init length attrs members
----------  ----------- ---------- ----------- ----- -------
20000000    20000000    00001540   00000000    rw-
  20000000    20000000    00001540   00000000    rw- .data
20003000    20003000    00001000   00000000    rw-
  20003000    20003000    00001000   00000000    rw- .stack
20004000    20004000    00012860   00012860    r-x
  20004000    20004000    00000400   00000400    r-- .intvecs
  20004400    20004400    00010d9e   00010d9e    r-x .text
  200151a0    200151a0    00000b10   00000b10    r-- .const
  20015cb0    20015cb0    00000bb0   00000bb0    r-- .cinit
20018000    20018000    000188e0   00000000    rw-
  20018000    20018000    000148e0   00000000    rw- .bss
  2002c8e0    2002c8e0    00004000   00000000    rw- .sysmem


SECTION ALLOCATION MAP

 output                                  attributes/
section   page    origin      length       input sections
--------  ----  ----------  ----------   ----------------
.init_array 
*          0    20004000    00000000     UNINITIALIZED

.data      0    20000000    00001540     UNINITIALIZED
                  20000000    00000600     camera_app.obj (.data:JPEG_StdHuffmanTbl)
                  20000600    00000400     camera_app.obj (.data:g_header)
                  20000a00    000003c9     libparse.a : cc3200_certificate.obj (.data:DigiCertHighAssuranceEVRootCA_der)
                  20000dc9    00000003     --HOLE--
                  20000dcc    00000184     simplelink.a : driver.obj (.data)
                  20000f50    000000f0     rtsv7M4_T_le_eabi.lib : defs.obj (.data:_ftable)
                  20001040    000000d0                           : lowlev.obj (.data)
                  20001110    000000b0                           : signal.obj (.data:sigtable)
                  200011c0    00000080                           : xvalues.obj (.data)
                  20001240    00000070                           : xlvalues.obj (.data)
                  200012b0    00000068                           : xfvalues.obj (.data)
                  20001318    00000064     simplelink.a : cc_pal.obj (.data)
                  2000137c    00000040     camera_app.obj (.data:JPEG_StdQuantTblC)
                  200013bc    00000040     camera_app.obj (.data:JPEG_StdQuantTblY)
                  200013fc    00000040     camera_app.obj (.data:zigzag)
                  2000143c    00000034     free_rtos.a : tasks.obj (.data)
                  20001470    0000002c     libparse.a : cc3200_utils.obj (.data:lastDateTime)
                  2000149c    00000018                : cc3200_utils.obj (.data)
                  200014b4    00000018                : request.obj (.data)
                  200014cc    00000010     rtsv7M4_T_le_eabi.lib : defs.obj (.data)
                  200014dc    0000000c     free_rtos.a : osi_freertos.obj (.data)
                  200014e8    0000000c     network_relater_fns.obj (.data)
                  200014f4    0000000c     rtsv7M4_T_le_eabi.lib : memory.obj (.data)
                  20001500    00000008     camera_app.obj (.data)
                  20001508    00000008     rtsv7M4_T_le_eabi.lib : _lock.obj (.data)
                  20001510    00000008                           : exit.obj (.data)
                  20001518    00000008                           : feraiseexcept.obj (.data)
                  20001520    00000006     libparse.a : http.obj (.data)
                  20001526    00000002     --HOLE--
                  20001528    00000004     free_rtos.a : port.obj (.data)
                  2000152c    00000004     libparse.a : cc3200_certificate.obj (.data)
                  20001530    00000004     rtsv7M4_T_le_eabi.lib : errno.obj (.data)
                  20001534    00000004                           : fopen.obj (.data)
                  20001538    00000004                           : rand.obj (.data)
                  2000153c    00000004                           : stkdepth_vars.obj (.data)

.stack     0    20003000    00001000     UNINITIALIZED
                  20003000    00001000     --HOLE--

.intvecs   0    20004000    00000400     
                  20004000    00000400     startup_ccs.obj (.intvecs)

.text      0    20004400    00010d9e     
                  20004400    00001258     free_rtos.a : tasks.obj (.text)
                  20005658    00000ec0     rtsv7M4_T_le_eabi.lib : _printfi.obj (.text)
                  20006518    00000ba0     network_relater_fns.obj (.text)
                  200070b8    00000b88     camera_app.obj (.text)
                  20007c40    00000b24     free_rtos.a : queue.obj (.text)
                  20008764    0000093a     accelomtrMagntomtr_fxos8700.obj (.text)
                  2000909e    00000002     driverlib.a : interrupt.obj (.text:IntDefaultHandler)
                  200090a0    00000900     libparse.a : request.obj (.text)
                  200099a0    0000083c     main.obj (.text)
                  2000a1dc    0000064e     libparse.a : cc3200_utils.obj (.text)
                  2000a82a    00000002     --HOLE-- [fill = 0]
                  2000a82c    00000518                : installation.obj (.text)
                  2000ad44    000004a2                : simplejson.obj (.text)
                  2000b1e6    00000002     --HOLE-- [fill = 0]
                  2000b1e8    00000490                : cc3200_socket.obj (.text)
                  2000b678    00000490     rtsv7M4_T_le_eabi.lib : pow.obj (.text)
                  2000bb08    0000045c     free_rtos.a : osi_freertos.obj (.text)
                  2000bf64    000003cc     rtsv7M4_T_le_eabi.lib : memory.obj (.text)
                  2000c330    000003b4     libparse.a : cc3200_client_state.obj (.text)
                  2000c6e4    000003a6     simplelink.a : driver.obj (.text:_SlDrvMsgRead)
                  2000ca8a    00000002     --HOLE-- [fill = 0]
                  2000ca8c    0000034c                  : driver.obj (.text:_SlAsyncEventGenericHandler)
                  2000cdd8    00000310     rtsv7M4_T_le_eabi.lib : lowlev.obj (.text)
                  2000d0e8    000002e4                           : xlog.obj (.text)
                  2000d3cc    000002d4                           : trgdrv.obj (.text)
                  2000d6a0    000002a0                           : vla_alloc.obj (.text)
                  2000d940    000001fc                           : xexp.obj (.text)
                  2000db3c    000001f4                           : ull_div_t2.obj (.text)
                  2000dd30    000001f0     mt9d111.obj (.text)
                  2000df20    000001dc     libparse.a : cc3200_certificate.obj (.text)
                  2000e0fc    000001c0     rtsv7M4_T_le_eabi.lib : fopen.obj (.text)
                  2000e2bc    000001b8     uartA1_if.obj (.text)
                  2000e474    000001b6     rtsv7M4_T_le_eabi.lib : fd_add_t2.obj (.text)
                  2000e62a    00000002     --HOLE-- [fill = 0]
                  2000e62c    000001b0     libparse.a : http.obj (.text)
                  2000e7dc    0000019c     simplelink.a : wlan.obj (.text:sl_WlanConnect)
                  2000e978    00000198     rtsv7M4_T_le_eabi.lib : xfsin.obj (.text)
                  2000eb10    00000194     udma_if.obj (.text)
                  2000eca4    0000018c     flash_files.obj (.text)
                  2000ee30    0000018c     i2c_if.obj (.text)
                  2000efbc    00000188     rtsv7M4_T_le_eabi.lib : xlatan.obj (.text)
                  2000f144    00000170     i2cconfig.obj (.text)
                  2000f2b4    00000164     simplelink.a : driver.obj (.text:_SlDrvDataReadOp)
                  2000f418    00000140                  : driver.obj (.text:_SlDrvRxHdrRead)
                  2000f558    00000140     rtsv7M4_T_le_eabi.lib : sqrt.obj (.text)
                  2000f698    00000136                           : fd_div_t2.obj (.text)
                  2000f7ce    00000002     --HOLE-- [fill = 0]
                  2000f7d0    00000134     driverlib.a : prcm.obj (.text:PRCMCC3200MCUInit)
                  2000f904    00000134     rtsv7M4_T_le_eabi.lib : fputs.obj (.text)
                  2000fa38    00000130     simplelink.a : cc_pal.obj (.text:spi_Open)
                  2000fb68    0000012c                  : driver.obj (.text:_SlDrvDataWriteOp)
                  2000fc94    0000012a     free_rtos.a : list.obj (.text)
                  2000fdbe    00000002     --HOLE-- [fill = 0]
                  2000fdc0    00000118     parse_uploads.obj (.text)
                  2000fed8    00000116     libparse.a : parse_impl.obj (.text)
                  2000ffee    00000002     --HOLE-- [fill = 0]
                  2000fff0    00000114     simplelink.a : driver.obj (.text:_SlDrvMsgWrite)
                  20010104    00000110     free_rtos.a : port.obj (.text)
                  20010214    00000110     rtsv7M4_T_le_eabi.lib : xdscale.obj (.text)
                  20010324    0000010c     simplelink.a : driver.obj (.text:_SlDrvWaitForPoolObj)
                  20010430    0000010c     i2c_app.obj (.text)
                  2001053c    00000108     simplelink.a : socket.obj (.text:sl_Select)
                  20010644    00000104                  : driver.obj (.text:_SlDrvReleasePoolObj)
                  20010748    00000104     rtsv7M4_T_le_eabi.lib : atan2l.obj (.text)
                  2001084c    000000fc                           : fd_mul_t2.obj (.text)
                  20010948    000000fa                           : fs_add_t2.obj (.text)
                  20010a42    00000002     --HOLE-- [fill = 0]
                  20010a44    000000f8                           : fmodf.obj (.text)
                  20010b3c    000000f0     driverlib.a : udma.obj (.text:uDMAChannelTransferSet)
                  20010c2c    000000e8     simplelink.a : socket.obj (.text:sl_Connect)
                  20010d14    000000e8                  : cc_pal.obj (.text:spi_Write)
                  20010dfc    000000dc     rtsv7M4_T_le_eabi.lib : setvbuf.obj (.text)
                  20010ed8    000000d8                           : xfatan.obj (.text)
                  20010fb0    000000d8     simplelink.a : netapp.obj (.text:sl_NetAppDnsGetHostByName)
                  20011088    000000cc     rtsv7M4_T_le_eabi.lib : sqrtf.obj (.text)
                  20011154    000000cc     simplelink.a : cc_pal.obj (.text:spi_Read)
                  20011220    000000c8     hibernate_related_fns.obj (.text)
                  200112e8    000000c4     rtsv7M4_T_le_eabi.lib : xdint.obj (.text)
                  200113ac    000000c4                           : xdnorm.obj (.text)
                  20011470    000000c4     simplelink.a : device.obj (.text:sl_Stop)
                  20011534    000000c0     rtsv7M4_T_le_eabi.lib : fflush.obj (.text)
                  200115f4    000000c0                           : xfdscale.obj (.text)
                  200116b4    000000c0     simplelink.a : device.obj (.text:sl_Start)
                  20011774    000000bc     rtsv7M4_T_le_eabi.lib : asinf.obj (.text)
                  20011830    000000ba     free_rtos.a : portasm.obj (.text)
                  200118ea    00000002     --HOLE-- [fill = 0]
                  200118ec    000000b4     simplelink.a : driver.obj (.text:_SlDrvMsgReadCmdCtx)
                  200119a0    000000b4     libparse.a : cc3200_debug.obj (.text)
                  20011a54    000000b2     simplelink.a : netapp.obj (.text:_SlDrvNetAppEventHandler)
                  20011b06    000000b2     pinmux.obj (.text)
                  20011bb8    000000b0     simplelink.a : socket.obj (.text:sl_Send)
                  20011c68    000000ac     rtsv7M4_T_le_eabi.lib : _io_perm.obj (.text)
                  20011d14    000000a8     driverlib.a : interrupt.obj (.text:IntDisable)
                  20011dbc    000000a8                 : interrupt.obj (.text:IntEnable)
                  20011e64    000000a0                 : spi.obj (.text:SPIConfigSetExpClk)
                  20011f04    0000009c     rtsv7M4_T_le_eabi.lib : fputc.obj (.text)
                  20011fa0    0000009c                           : memcpy_t2.obj (.text)
                  2001203c    00000098     simplelink.a : driver.obj (.text:_SlFindAndSetActiveObj)
                  200120d4    00000098     rtsv7M4_T_le_eabi.lib : fclose.obj (.text)
                  2001216c    00000098                           : snprintf.obj (.text)
                  20012204    00000094     driverlib.a : prcm.obj (.text:PRCMPeripheralClockGet)
                  20012298    00000094     simplelink.a : driver.obj (.text:_SlDrvClassifyRxMsg)
                  2001232c    00000094     rtsv7M4_T_le_eabi.lib : auto_init.obj (.text)
                  200123c0    00000092                           : fs_div_t2.obj (.text)
                  20012452    00000002     --HOLE-- [fill = 0]
                  20012454    00000090     simplelink.a : driver.obj (.text:_SlDrvMsgReadSpawnCtx)
                  200124e4    0000008c                  : fs.obj (.text:sl_FsRead)
                  20012570    0000008c                  : fs.obj (.text:sl_FsWrite)
                  200125fc    00000088     driverlib.a : pin.obj (.text:PinConfigSet)
                  20012684    00000088     rtsv7M4_T_le_eabi.lib : vsnprintf.obj (.text)
                  2001270c    00000088     simplelink.a : netapp.obj (.text:sl_NetAppMDNSRegisterUnregisterService)
                  20012794    00000086     rtsv7M4_T_le_eabi.lib : fd_cmp_t2.obj (.text:__aeabi_cdcmple)
                  2001281a    00000086                           : fd_cmp_t2.obj (.text:__aeabi_cdrcmple)
                  200128a0    00000084     driverlib.a : i2c.obj (.text:I2CMasterInitExpClk)
                  20012924    00000084     simplelink.a : driver.obj (.text:_SlDrvCmdOp)
                  200129a8    00000080                  : cc_pal.obj (.text:NwpPowerOnPreamble)
                  20012a28    0000007c                  : driver.obj (.text:_SlDrvDriverCBInit)
                  20012aa4    0000007c                  : netapp.obj (.text:_sl_HandleAsync_DnsGetHostByName)
                  20012b20    0000007c                  : device.obj (.text:sl_DevGet)
                  20012b9c    0000007c                  : fs.obj (.text:sl_FsClose)
                  20012c18    0000007a     rtsv7M4_T_le_eabi.lib : fs_mul_t2.obj (.text)
                  20012c92    0000007a                           : xfdnorm.obj (.text)
                  20012d0c    00000078     simplelink.a : cc_pal.obj (.text:SetupDMAReceive)
                  20012d84    00000078     rtsv7M4_T_le_eabi.lib : memset_t2.obj (.text)
                  20012dfc    00000076     driverlib.a : uart.obj (.text:UARTConfigSetExpClk)
                  20012e72    00000002     --HOLE-- [fill = 0]
                  20012e74    00000074     simplelink.a : device.obj (.text:_sl_HandleAsync_InitComplete)
                  20012ee8    00000074                  : wlan.obj (.text:sl_WlanGet)
                  20012f5c    00000074                  : cc_pal.obj (.text:spi_Close)
                  20012fd0    00000070                  : netapp.obj (.text:_sl_HandleAsync_PingResponse)
                  20013040    0000006e                  : socket.obj (.text:_sl_TruncatePayloadByProtocol)
                  200130ae    00000002     --HOLE-- [fill = 0]
                  200130b0    0000006c     rtsv7M4_T_le_eabi.lib : fprintf.obj (.text)
                  2001311c    00000068     driverlib.a : prcm.obj (.text:PRCMHibernateWakeUpGPIOSelect)
                  20013184    00000068     simplelink.a : socket.obj (.text:_sl_HandleAsync_Connect)
                  200131ec    00000068                  : netapp.obj (.text:_sl_HandleAsync_DnsGetHostByService)
                  20013254    00000068                  : fs.obj (.text:sl_FsGetInfo)
                  200132bc    00000064                  : fs.obj (.text:_sl_GetCreateFsMode)
                  20013320    00000064                  : socket.obj (.text:_sl_HandleAsync_Accept)
                  20013384    00000064     rtsv7M4_T_le_eabi.lib : fseek.obj (.text)
                  200133e8    00000064                           : xdunscal.obj (.text)
                  2001344c    00000064     driverlib.a : udma.obj (.text:uDMAChannelAttributeDisable)
                  200134b0    00000064                 : udma.obj (.text:uDMAChannelAttributeEnable)
                  20013514    00000060     rtsv7M4_T_le_eabi.lib : fs_cmp_t2.obj (.text:__aeabi_cfcmple)
                  20013574    00000060                           : fs_cmp_t2.obj (.text:__aeabi_cfrcmple)
                  200135d4    00000060                           : sprintf.obj (.text)
                  20013634    00000060                           : trgmsg.obj (.text)
                  20013694    0000005e                           : copy_decompress_rle.obj (.text)
                  200136f2    0000005a                           : ltoa.obj (.text)
                  2001374c    00000058     driverlib.a : interrupt.obj (.text:IntPendClear)
                  200137a4    00000058                 : prcm.obj (.text:PRCMPeripheralReset)
                  200137fc    00000058     simplelink.a : driver.obj (.text:_SlDrvDriverCBDeinit)
                  20013854    00000058                  : socket.obj (.text:_sl_HandleAsync_Select)
                  200138ac    00000054     driverlib.a : interrupt.obj (.text:IntPrioritySet)
                  20013900    00000054     simplelink.a : device.obj (.text:_sl_HandleAsync_Stop)
                  20013954    00000054     rtsv7M4_T_le_eabi.lib : xfdunsca.obj (.text)
                  200139a8    00000054     simplelink.a : fs.obj (.text:sl_FsOpen)
                  200139fc    00000054                  : netapp.obj (.text:sl_NetAppSendTokenValue)
                  20013a50    00000050     app_common.obj (.text)
                  20013aa0    0000004c     driverlib.a : spi.obj (.text:SPIIntEnable)
                  20013aec    0000004c     rtsv7M4_T_le_eabi.lib : atoi.obj (.text)
                  20013b38    0000004c                           : rand.obj (.text)
                  20013b84    0000004c     simplelink.a : socket.obj (.text:sl_SetSockOpt)
                  20013bd0    0000004c     driverlib.a : udma.obj (.text:uDMAChannelAssign)
                  20013c1c    0000004a     simplelink.a : device.obj (.text:_sl_GetStartResponseConvert)
                  20013c66    0000004a     rtsv7M4_T_le_eabi.lib : fd_tos_t2.obj (.text)
                  20013cb0    00000048     driverlib.a : prcm.obj (.text:PRCMHibernateWakeupSourceEnable)
                  20013cf8    00000048                 : spi.obj (.text:SPIIntClear)
                  20013d40    00000048     rtsv7M4_T_le_eabi.lib : fd_toi_t2.obj (.text)
                  20013d88    00000048     simplelink.a : device.obj (.text:sl_DevSet)
                  20013dd0    00000048                  : fs.obj (.text:sl_FsDel)
                  20013e18    00000048                  : wlan.obj (.text:sl_WlanSet)
                  20013e60    00000044     driverlib.a : spi.obj (.text:SPIDmaMaskGet)
                  20013ea4    00000044     rtsv7M4_T_le_eabi.lib : cpy_tbl.obj (.text)
                  20013ee8    00000044                           : exit.obj (.text)
                  20013f2c    00000044                           : fd_tou_t2.obj (.text)
                  20013f70    00000044                           : xdtest.obj (.text)
                  20013fb4    00000044     simplelink.a : netcfg.obj (.text:sl_NetCfgSet)
                  20013ff8    00000044                  : socket.obj (.text:sl_Recv)
                  2001403c    00000040     driverlib.a : pin.obj (.text:PinModeSet)
                  2001407c    00000040     simplelink.a : driver.obj (.text:_SlDrvRxIrqHandler)
                  200140bc    00000040                  : driver.obj (.text:_SlRemoveFromList)
                  200140fc    00000040     rtsv7M4_T_le_eabi.lib : signal.obj (.text)
                  2001413c    00000040     simplelink.a : wlan.obj (.text:sl_WlanPolicySet)
                  2001417c    00000040                  : wlan.obj (.text:sl_WlanRxFilterSet)
                  200141bc    0000003c                  : cc_pal.obj (.text:NwpPowerOff)
                  200141f8    0000003c     driverlib.a : prcm.obj (.text:PRCMPeripheralClkEnable)
                  20014234    0000003c     simplelink.a : driver.obj (.text:_SlDrvObjInit)
                  20014270    0000003c     rtsv7M4_T_le_eabi.lib : strncasecmp.obj (.text)
                  200142ac    0000003c     driverlib.a : udma.obj (.text:uDMAChannelControlSet)
                  200142e8    0000003a                 : camera.obj (.text:CameraCaptureStop)
                  20014322    0000003a                 : camera.obj (.text:CameraXClkConfig)
                  2001435c    00000038     free_rtos.a : heap_3.obj (.text)
                  20014394    00000038     rtsv7M4_T_le_eabi.lib : fs_tod_t2.obj (.text)
                  200143cc    00000038                           : fs_toi_t2.obj (.text)
                  20014404    00000038                           : i_tofs_t2.obj (.text)
                  2001443c    00000038     simplelink.a : socket.obj (.text:sl_Htonl)
                  20014474    00000036     driverlib.a : gpio.obj (.text:GPIODirModeSet)
                  200144aa    00000034                 : camera.obj (.text:CameraParamsConfig)
                  200144de    00000002     --HOLE-- [fill = 0]
                  200144e0    00000034                 : prcm.obj (.text:PRCMPeripheralStatusGet)
                  20014514    00000034                 : spi.obj (.text:SPIFIFOLevelSet)
                  20014548    00000034     simplelink.a : driver.obj (.text:_SlDrvBasicCmd)
                  2001457c    00000034     rtsv7M4_T_le_eabi.lib : boot.obj (.text)
                  200145b0    00000034                           : feraiseexcept.obj (.text)
                  200145e4    00000034                           : strstr.obj (.text)
                  20014618    00000034                           : xfdtest.obj (.text)
                  2001464c    00000034     simplelink.a : socket.obj (.text:sl_Htons)
                  20014680    00000030                  : cc_pal.obj (.text:NwpPowerOn)
                  200146b0    00000030     driverlib.a : pin.obj (.text:PinTypeGPIO)
                  200146e0    00000030                 : uart.obj (.text:UARTDisable)
                  20014710    00000030     rtsv7M4_T_le_eabi.lib : strncpy.obj (.text)
                  20014740    00000030                           : xferaise.obj (.text)
                  20014770    00000030     simplelink.a : socket.obj (.text:sl_Socket)
                  200147a0    0000002e     rtsv7M4_T_le_eabi.lib : i_tofd_t2.obj (.text)
                  200147ce    0000002e                           : raise.obj (.text)
                  200147fc    0000002c     driverlib.a : camera.obj (.text:CameraIntEnable)
                  20014828    0000002c     simplelink.a : cc_pal.obj (.text:DmaSpiSwIntHandler)
                  20014854    0000002c     driverlib.a : i2c.obj (.text:I2CMasterErr)
                  20014880    0000002c                 : prcm.obj (.text:PRCMSysResetCauseGet)
                  200148ac    0000002c     simplelink.a : flowcont.obj (.text:_SlDrvFlowContDeinit)
                  200148d8    0000002c                  : flowcont.obj (.text:_SlDrvFlowContInit)
                  20014904    00000028     driverlib.a : camera.obj (.text:CameraIntStatus)
                  2001492c    00000028                 : prcm.obj (.text:PRCMPeripheralClkDisable)
                  20014954    00000028     simplelink.a : socket.obj (.text:_sl_BuildAddress)
                  2001497c    00000028     rtsv7M4_T_le_eabi.lib : strncat.obj (.text)
                  200149a4    00000028     simplelink.a : wlan.obj (.text:sl_WlanSetMode)
                  200149cc    00000026     driverlib.a : camera.obj (.text:CameraThresholdSet)
                  200149f2    00000026     rtsv7M4_T_le_eabi.lib : strncmp.obj (.text)
                  20014a18    00000024     driverlib.a : camera.obj (.text:CameraIntClear)
                  20014a3c    00000024                 : interrupt.obj (.text:IntUnregister)
                  20014a60    00000024                 : uart.obj (.text:UARTEnable)
                  20014a84    00000024     rtsv7M4_T_le_eabi.lib : memmov.obj (.text)
                  20014aa8    00000024     simplelink.a : socket.obj (.text:sl_Close)
                  20014acc    00000024                  : netapp.obj (.text:sl_NetAppStart)
                  20014af0    00000024                  : netapp.obj (.text:sl_NetAppStop)
                  20014b14    00000024                  : wlan.obj (.text:sl_WlanProfileDel)
                  20014b38    00000022     driverlib.a : camera.obj (.text:CameraCaptureStart)
                  20014b5a    00000022                 : i2c.obj (.text:I2CMasterSlaveAddrSet)
                  20014b7c    00000022     simplelink.a : cc_pal.obj (.text:NwpRegisterInterruptHandler)
                  20014b9e    00000022     driverlib.a : spi.obj (.text:SPIReset)
                  20014bc0    00000022                 : spi.obj (.text:SPIWordCountSet)
                  20014be2    00000022     rtsv7M4_T_le_eabi.lib : memcmp.obj (.text)
                  20014c04    00000020     driverlib.a : interrupt.obj (.text:IntRegister)
                  20014c24    00000020     simplelink.a : driver.obj (.text:_SlDrvCmdSend)
                  20014c44    0000001e     driverlib.a : i2c.obj (.text:I2CMasterIntStatusEx)
                  20014c62    0000001e                 : uart.obj (.text:UARTCharPut)
                  20014c80    0000001c                 : pin.obj (.text:PinTypeI2C)
                  20014c9c    0000001c     simplelink.a : driver.obj (.text:_SlDrvObjDeInit)
                  20014cb8    0000001c     rtsv7M4_T_le_eabi.lib : memccpy.obj (.text)
                  20014cd4    0000001c     driverlib.a : udma.obj (.text:uDMAChannelDisable)
                  20014cf0    0000001c                 : udma.obj (.text:uDMAChannelEnable)
                  20014d0c    0000001a     simplelink.a : netapp.obj (.text:CopyPingResultsToReport)
                  20014d26    0000001a     driverlib.a : pin.obj (.text:PinTypeCamera)
                  20014d40    0000001a                 : pin.obj (.text:PinTypeUART)
                  20014d5a    0000001a                 : spi.obj (.text:SPIDmaDisable)
                  20014d74    0000001a                 : spi.obj (.text:SPIDmaEnable)
                  20014d8e    0000001a                 : spi.obj (.text:SPIFIFODisable)
                  20014da8    0000001a                 : spi.obj (.text:SPIFIFOEnable)
                  20014dc2    0000001a     simplelink.a : device.obj (.text:_SlDrvDeviceEventHandler)
                  20014ddc    00000018     driverlib.a : camera.obj (.text:CameraReset)
                  20014df4    00000018                 : gpio.obj (.text:GPIOPinRead)
                  20014e0c    00000018                 : prcm.obj (.text:PRCMHibernateEnter)
                  20014e24    00000018                 : spi.obj (.text:SPICSDisable)
                  20014e3c    00000018                 : spi.obj (.text:SPICSEnable)
                  20014e54    00000018                 : spi.obj (.text:SPIDisable)
                  20014e6c    00000018                 : spi.obj (.text:SPIEnable)
                  20014e84    00000018     rtsv7M4_T_le_eabi.lib : args_main.obj (.text)
                  20014e9c    00000018                           : ll_mul_t2.obj (.text)
                  20014eb4    00000018                           : strcmp.obj (.text)
                  20014ecc    00000016     driverlib.a : camera.obj (.text:CameraDMAEnable)
                  20014ee2    00000016                 : camera.obj (.text:CameraIntRegister)
                  20014ef8    00000016                 : i2c.obj (.text:I2CMasterDataPut)
                  20014f0e    00000016                 : i2c.obj (.text:I2CMasterEnable)
                  20014f24    00000016                 : prcm.obj (.text:PRCMHIBRegRead)
                  20014f3a    00000016                 : prcm.obj (.text:PRCMHIBRegWrite)
                  20014f50    00000016                 : uart.obj (.text:UARTCharGet)
                  20014f66    00000016     simplelink.a : fs.obj (.text:_sl_Strlen)
                  20014f7c    00000016     rtsv7M4_T_le_eabi.lib : memchr.obj (.text)
                  20014f92    00000016                           : strchr.obj (.text)
                  20014fa8    00000016     driverlib.a : udma.obj (.text:uDMAIntRegister)
                  20014fbe    00000014                 : cpu.obj (.text:CPUcpsie)
                  20014fd2    00000002     --HOLE-- [fill = 0]
                  20014fd4    00000014                 : interrupt.obj (.text:IntVTableBaseSet)
                  20014fe8    00000014     simplelink.a : driver.obj (.text:_SlDrvShiftDWord)
                  20014ffc    00000014     rtsv7M4_T_le_eabi.lib : _lock.obj (.text)
                  20015010    00000014                           : strlen.obj (.text)
                  20015024    00000014     driverlib.a : udma.obj (.text:uDMAControlBaseSet)
                  20015038    00000014                 : udma.obj (.text:uDMAIntClear)
                  2001504c    00000012                 : i2c.obj (.text:I2CMasterControl)
                  2001505e    00000012                 : i2c.obj (.text:I2CMasterIntClearEx)
                  20015070    00000012                 : i2c.obj (.text:I2CMasterTimeoutSet)
                  20015082    00000012     rtsv7M4_T_le_eabi.lib : copy_zero_init.obj (.text:decompress:ZI)
                  20015094    00000012     simplelink.a : netapp.obj (.text:sl_NetAppMDNSUnRegisterService)
                  200150a6    00000012     driverlib.a : udma.obj (.text:uDMAIntUnregister)
                  200150b8    00000010     simplelink.a : cc_pal.obj (.text:NwpMaskInterrupt)
                  200150c8    00000010                  : socket.obj (.text:SL_FD_SET)
                  200150d8    00000010     rtsv7M4_T_le_eabi.lib : strcpy.obj (.text)
                  200150e8    00000010                           : tolower.obj (.text)
                  200150f8    0000000e     driverlib.a : i2c.obj (.text:I2CMasterDataGet)
                  20015106    0000000e     rtsv7M4_T_le_eabi.lib : copy_decompress_none.obj (.text:decompress:none)
                  20015114    0000000e                           : xdclass.obj (.text)
                  20015122    0000000e     startup_ccs.obj (.text)
                  20015130    0000000c     simplelink.a : cc_pal.obj (.text:NwpUnMaskInterrupt)
                  2001513c    0000000c     driverlib.a : udma.obj (.text:uDMADisable)
                  20015148    0000000c                 : udma.obj (.text:uDMAEnable)
                  20015154    0000000c                 : udma.obj (.text:uDMAIntStatus)
                  20015160    0000000a                 : interrupt.obj (.text:IntMasterEnable)
                  2001516a    00000008     simplelink.a : wlan.obj (.text:sl_WlanDisconnect)
                  20015172    00000006     i2cconfig.obj (.text:MT9D111Delay)
                  20015178    00000006     simplelink.a : socket.obj (.text:SL_FD_ZERO)
                  2001517e    00000006     driverlib.a : utils.obj (.text:UtilsDelay)
                  20015184    00000006     rtsv7M4_T_le_eabi.lib : copy_decompress_rle.obj (.text:decompress:rle24)
                  2001518a    00000006                           : log.obj (.text)
                  20015190    00000006                           : sinf.obj (.text)
                  20015196    00000004                           : error.obj (.text)
                  2001519a    00000004                           : xldtest.obj (.text)

.const     0    200151a0    00000b10     
                  200151a0    0000013c     mt9d111.obj (.const:init_cmds_list)
                  200152dc    00000102     rtsv7M4_T_le_eabi.lib : ctype.obj (.const:.string:_ctypes_)
                  200153de    00000002     --HOLE-- [fill = 0]
                  200153e0    00000100     driverlib.a : pin.obj (.const:g_ulPinToPadMap)
                  200154e0    000000ec     simplelink.a : wlan.obj (.const)
                  200155cc    000000d4     driverlib.a : interrupt.obj (.const:g_pulRegs)
                  200156a0    000000b4     mt9d111.obj (.const:capture_cmds_list)
                  20015754    000000a8     driverlib.a : prcm.obj (.const:PRCM_PeriphRegsList)
                  200157fc    00000004     --HOLE-- [fill = 0]
                  20015800    00000088     rtsv7M4_T_le_eabi.lib : xlatan.obj (.const)
                  20015888    00000080     driverlib.a : interrupt.obj (.const)
                  20015908    00000051     network_relater_fns.obj (.const:.string)
                  20015959    00000003     --HOLE-- [fill = 0]
                  2001595c    0000004c     simplelink.a : driver.obj (.const)
                  200159a8    00000048     rtsv7M4_T_le_eabi.lib : xexp.obj (.const)
                  200159f0    00000038                           : xlog.obj (.const:p)
                  20015a28    00000038     simplelink.a : fs.obj (.const)
                  20015a60    00000036     flash_files.obj (.const:.string)
                  20015a96    00000002     --HOLE-- [fill = 0]
                  20015a98    00000034     rtsv7M4_T_le_eabi.lib : xfatan.obj (.const)
                  20015acc    00000034     simplelink.a : socket.obj (.const)
                  20015b00    00000030     rtsv7M4_T_le_eabi.lib : xdint.obj (.const)
                  20015b30    0000002c     libparse.a : cc3200_utils.obj (.const:$P$T0$1)
                  20015b5c    0000002c     network_relater_fns.obj (.const:$P$T1$2)
                  20015b88    00000028     rtsv7M4_T_le_eabi.lib : xfsin.obj (.const)
                  20015bb0    00000028     simplelink.a : netapp.obj (.const)
                  20015bd8    00000022     network_relater_fns.obj (.const:.string:$P$T0$1)
                  20015bfa    00000022     mt9d111.obj (.const:.string)
                  20015c1c    00000020     network_relater_fns.obj (.const)
                  20015c3c    00000018     driverlib.a : spi.obj (.const)
                  20015c54    00000017     libparse.a : request.obj (.const:.string)
                  20015c6b    00000001     --HOLE-- [fill = 0]
                  20015c6c    00000014     simplelink.a : device.obj (.const)
                  20015c80    0000000d     camera_app.obj (.const:.string)
                  20015c8d    0000000d     main.obj (.const:.string)
                  20015c9a    0000000b     app_common.obj (.const:.string)
                  20015ca5    00000003     --HOLE-- [fill = 0]
                  20015ca8    00000008     simplelink.a : netcfg.obj (.const)

.cinit     0    20015cb0    00000bb0     
                  20015cb0    00000b8a     (.cinit..data.load) [load image, compression = rle]
                  2001683a    00000002     --HOLE-- [fill = 0]
                  2001683c    0000000c     (__TI_handler_table)
                  20016848    00000008     (.cinit..bss.load) [load image, compression = zero_init]
                  20016850    00000010     (__TI_cinit_table)

.bss       0    20018000    000148e0     UNINITIALIZED
                  20018000    00014000     main.obj (.bss:g_image_buffer)
                  2002c000    00000400     udma_if.obj (.bss:gpCtlTbl)
                  2002c400    00000120     rtsv7M4_T_le_eabi.lib : trgmsg.obj (.bss:__CIOBUF_)
                  2002c520    00000100     udma_if.obj (.bss:gfpAppCallbackHndl)
                  2002c620    000000c8     free_rtos.a : tasks.obj (.bss:pxReadyTasksLists)
                  2002c6e8    000000a0     rtsv7M4_T_le_eabi.lib : defs.obj (.bss:__TI_tmpnams)
                  2002c788    00000050     free_rtos.a : queue.obj (.bss:xQueueRegistry)
                  2002c7d8    00000034     libparse.a : cc3200_client_state.obj (.bss:clientStateFileName)
                  2002c80c    00000024     network_relater_fns.obj (.bss:g_ucConnectionSSID)
                  2002c830    0000001c     rtsv7M4_T_le_eabi.lib : vla_alloc.obj (.bss)
                  2002c84c    00000014     (.common:xDelayedTaskList1)
                  2002c860    00000014     (.common:xDelayedTaskList2)
                  2002c874    00000014     (.common:xPendingReadyList)
                  2002c888    00000014     (.common:xSuspendedTaskList)
                  2002c89c    00000014     (.common:xTasksWaitingTermination)
                  2002c8b0    00000008     (.common:g_ucConnectionBSSID)
                  2002c8b8    00000008     (.common:parmbuf)
                  2002c8c0    00000004     (.common:__Errorlog)
                  2002c8c4    00000004     (.common:dataBuffer)
                  2002c8c8    00000004     (.common:g_frame_size_in_bytes)
                  2002c8cc    00000004     (.common:g_header_length)
                  2002c8d0    00000004     (.common:g_total_dma_intrpts)
                  2002c8d4    00000004     (.common:pxDelayedTaskList)
                  2002c8d8    00000004     (.common:pxOverflowDelayedTaskList)
                  2002c8dc    00000001     (.common:g_CaptureImage)
                  2002c8dd    00000001     (.common:g_dma_txn_done)
                  2002c8de    00000001     (.common:g_frame_end)
                  2002c8df    00000001     (.common:iDone)

.sysmem    0    2002c8e0    00004000     UNINITIALIZED
                  2002c8e0    00000008     rtsv7M4_T_le_eabi.lib : memory.obj (.sysmem)
                  2002c8e8    00003ff8     --HOLE--


LINKER GENERATED COPY TABLES

__TI_cinit_table @ 20016850 records: 2, size/record: 8, table size: 16
	.data: load addr=20015cb0, load size=00000b8a bytes, run addr=20000000, run size=00001540 bytes, compression=rle
	.bss: load addr=20016848, load size=00000008 bytes, run addr=20018000, run size=000148e0 bytes, compression=zero_init


LINKER GENERATED HANDLER TABLE

__TI_handler_table @ 2001683c records: 3, size/record: 4, table size: 12
	index: 0, handler: __TI_decompress_rle24
	index: 1, handler: __TI_decompress_none
	index: 2, handler: __TI_zero_init


GLOBAL SYMBOLS: SORTED ALPHABETICALLY BY Name 

address    name
--------   ----
20013ee9   C$$EXIT
2001365f   C$$IO$$
20014fbf   CPUcpsie
20007557   CamControllerInit
20014b39   CameraCaptureStart
200142e9   CameraCaptureStop
20014ecd   CameraDMAEnable
20014a19   CameraIntClear
200147fd   CameraIntEnable
20014ee3   CameraIntRegister
20014905   CameraIntStatus
200144ab   CameraParamsConfig
20014ddd   CameraReset
2000dd31   CameraSensorInit
200149cd   CameraThresholdSet
20014323   CameraXClkConfig
20007129   CaptureImage
2000e2f5   ClearTerm
200099a9   CollectTxit_ImgTempRH
200067e1   ConfigureMode
20006541   ConfigureSimpleLinkToDefaultState
2000681d   ConnectToNetwork
20006985   ConnectToNetwork_2
20006a47   ConnectToNetwork_STA
20006a2b   ConnectToNetwork_STA_2
20014d0d   CopyPingResultsToReport
2000eca5   CreateFile_Flash
20001324   DMAMsgQ
2000ec59   DMASetupTransfer
2000152c   DigiCertHighAssuranceEVRootCA_der_len
2000eb23   DmaErrorIntHandler
20014829   DmaSpiSwIntHandler
2000eb11   DmaSwIntHandler
2000e2fb   Error
20008d2d   FXOS8700CQ_Init
20008e19   FXOS8700CQ_Mag_Calibration
20014475   GPIODirModeSet
20014df5   GPIOPinRead
2000e32f   GetCmd
20011221   HIBernate
2000d659   HOSTclock
2000d621   HOSTclose
2000d5e3   HOSTgetenv
2000d587   HOSTlseek
2000d535   HOSTopen
2000d4e9   HOSTread
2000d48b   HOSTrename
2000d451   HOSTtime
2000d419   HOSTunlink
2000d3cd   HOSTwrite
2000f163   I2CBufferRead
2000f20b   I2CBufferWrite
2000f145   I2CInit
2001504d   I2CMasterControl
200150f9   I2CMasterDataGet
20014ef9   I2CMasterDataPut
20014f0f   I2CMasterEnable
20014855   I2CMasterErr
200128a1   I2CMasterInitExpClk
2001505f   I2CMasterIntClearEx
20014c45   I2CMasterIntStatusEx
20014b5b   I2CMasterSlaveAddrSet
20015071   I2CMasterTimeoutSet
2000efa7   I2C_IF_Close
2000ef7d   I2C_IF_Open
2000eef5   I2C_IF_Read
2000ef5d   I2C_IF_ReadFrom
2000ee93   I2C_IF_Write
2000e2bd   InitTerm
2000fdc1   InitialiseParse
20006519   InitializeAppVariables
20011d15   IntDisable
20011dbd   IntEnable
20015161   IntMasterEnable
2001374d   IntPendClear
200138ad   IntPrioritySet
20014c05   IntRegister
20014a3d   IntUnregister
20014fd5   IntVTableBaseSet
20000000   JPEG_StdHuffmanTbl
2000137c   JPEG_StdQuantTblC
200013bc   JPEG_StdQuantTblY
20015173   MT9D111Delay
20009ca9   Main_fn
2000e2db   Message
200150b9   NwpMaskInterrupt
200141bd   NwpPowerOff
20014681   NwpPowerOn
200129a9   NwpPowerOnPreamble
20014b7d   NwpRegisterInterruptHandler
20015131   NwpUnMaskInterrupt
2000f7d1   PRCMCC3200MCUInit
20014f25   PRCMHIBRegRead
20014f3b   PRCMHIBRegWrite
20014e0d   PRCMHibernateEnter
2001311d   PRCMHibernateWakeUpGPIOSelect
20013cb1   PRCMHibernateWakeupSourceEnable
2001492d   PRCMPeripheralClkDisable
200141f9   PRCMPeripheralClkEnable
20012205   PRCMPeripheralClockGet
200137a5   PRCMPeripheralReset
200144e1   PRCMPeripheralStatusGet
20014881   PRCMSysResetCauseGet
200125fd   PinConfigSet
2001403d   PinModeSet
20011b07   PinMuxConfig
20014d27   PinTypeCamera
200146b1   PinTypeGPIO
20014c81   PinTypeI2C
20014d41   PinTypeUART
2000ed79   ReadFile_FromFlash
2000e3d9   Report
20015123   ResetISR
UNDEFED    SHT$$INIT_ARRAY$$Base
UNDEFED    SHT$$INIT_ARRAY$$Limit
200150c9   SL_FD_SET
20015179   SL_FD_ZERO
20014e25   SPICSDisable
20014e3d   SPICSEnable
20011e65   SPIConfigSetExpClk
20014e55   SPIDisable
20014d5b   SPIDmaDisable
20014d75   SPIDmaEnable
20014e6d   SPIEnable
20014d8f   SPIFIFODisable
20014da9   SPIFIFOEnable
20014515   SPIFIFOLevelSet
20013cf9   SPIIntClear
20013aa1   SPIIntEnable
20014b9f   SPIReset
20014bc1   SPIWordCountSet
2000eba1   SetupTransfer
20006dbd   SimpleLinkHttpServerCallback
20006cd9   SimpleLinkNetAppEventHandler
20006d79   SimpleLinkSockEventHandler
20006bf5   SimpleLinkWlanEventHandler
200070b9   StartCamera
2000dd39   StartSensorInJpegMode
2000e38f   TrimSpace
20014f51   UARTCharGet
20014c63   UARTCharPut
20012dfd   UARTConfigSetExpClk
200146e1   UARTDisable
20014a61   UARTEnable
2000eb79   UDMAChannelSelect
2000ec45   UDMADeInit
2000eb2f   UDMAInit
2000ebd7   UDMASetupAutoMemTransfer
2000ebfb   UDMASetupPingPongTransfer
20014cd5   UDMAStopTransfer
2000fdd7   UploadImageToParse
2000fdf5   UploadSensorDataToParse
2001517f   UtilsDelay
2000bdd1   VDeleteSimpleLinkSpawnTask
2000bd81   VStartSimpleLinkSpawnTask
2000ecfd   WriteFile_ToFlash
20015115   _Dclass
200011c0   _Denorm
200112e9   _Dint
200113ad   _Dnorm
20010215   _Dscale
20013f71   _Dtest
200133e9   _Dunscale
200011d0   _Eps
20001530   _Errno
2000d941   _Exp
20010ed9   _FAtan
200012b0   _FDenorm
20012c93   _FDnorm
200115f5   _FDscale
20014619   _FDtest
20013955   _FDunscale
200012c0   _FEps
200012d0   _FInf
200012e0   _FNan
20001300   _FRteps
2000e979   _FSin
200012f0   _FSnan
20001310   _FXbig
20001314   _FZero
20001518   _Fenv
20014741   _Feraise
200011e0   _Hugeval
200011f0   _Inf
2000efbd   _LAtan
20001240   _LDenorm
2001519b   _LDtest
20001250   _LEps
20001260   _LInf
20001270   _LNan
20001290   _LRteps
20001280   _LSnan
200012a0   _LXbig
200012a8   _LZero
2000d0e9   _Log
20001200   _Nan
20001220   _Rteps
20015aec   _SlAcceptCmdCtrl
20015970   _SlActionLookupTable
2000ca8d   _SlAsyncEventGenericHandler
20015c78   _SlDeviceGetCmdCtrl
20015c7c   _SlDeviceSetCmdCtrl
20014549   _SlDrvBasicCmd
20012299   _SlDrvClassifyRxMsg
20012925   _SlDrvCmdOp
20014c25   _SlDrvCmdSend
2000f2b5   _SlDrvDataReadOp
2000fb69   _SlDrvDataWriteOp
20014dc3   _SlDrvDeviceEventHandler
200137fd   _SlDrvDriverCBDeinit
20012a29   _SlDrvDriverCBInit
200148ad   _SlDrvFlowContDeinit
200148d9   _SlDrvFlowContInit
2000c6e5   _SlDrvMsgRead
200118ed   _SlDrvMsgReadCmdCtx
20012455   _SlDrvMsgReadSpawnCtx
2000fff1   _SlDrvMsgWrite
20011a55   _SlDrvNetAppEventHandler
20014c9d   _SlDrvObjDeInit
20014235   _SlDrvObjInit
20010645   _SlDrvReleasePoolObj
2000f419   _SlDrvRxHdrRead
2001407d   _SlDrvRxIrqHandler
20014fe9   _SlDrvShiftDWord
20010325   _SlDrvWaitForPoolObj
20015c74   _SlEventMaskGetCmdCtrl
20015c70   _SlEventMaskSetCmdCtrl
2001203d   _SlFindAndSetActiveObj
20015a2c   _SlFsCloseCmdCtrl
20015a3c   _SlFsDeleteCmdCtrl
20015a38   _SlFsGetInfoCmdCtrl
20015a28   _SlFsOpenCmdCtrl
20015a30   _SlFsReadCmdCtrl
20015a34   _SlFsWriteCmdCtrl
20015bc8   _SlGetHostByNameCtrl
20015bc4   _SlGetHostByServiceCtrl
20015bbc   _SlGetServiceListeCtrl
20015af8   _SlGetSockOptCmdCtrl
20015ae8   _SlListenCmdCtrl
20015bd4   _SlNetAppGetCmdCtrl
20015bd0   _SlNetAppSendTokenValueCmdCtrl
20015bcc   _SlNetAppSetCmdCtrl
20015bb4   _SlNetAppStartCtrl
20015bb8   _SlNetAppStopCtrl
20015cac   _SlNetCfgGetCmdCtrl
20015ca8   _SlNetCfgSetCmdCtrl
200154e8   _SlPolicyGetCmdCtrl
200154e4   _SlPolicySetCmdCtrl
200154f0   _SlProfileDelCmdCtrl
200154ec   _SlProfileGetCmdCtrl
20015af0   _SlRecvCmdCtrl
20015ae0   _SlRecvfomCmdCtrl
20015bc0   _SlRegisterServiceCtrl
200140bd   _SlRemoveFromList
200154f8   _SlRxFilterAddtCmdCtrl
20015500   _SlRxFilterGetCmdCtrl
200154fc   _SlRxFilterSetCmdCtrl
20015afc   _SlSelectCmdCtrl
20015ae4   _SlSendCmdCtrl
20015af4   _SlSetSockOptCmdCtrl
20015504   _SlSmartConfigStartCmdCtrl
20015adc   _SlSockCloseCmdCtrl
20015ad8   _SlSockSocketCmdCtrl
20015c6c   _SlStopCmdCtrl
20015510   _SlWlanCfgGetCmdCtrl
2001550c   _SlWlanCfgSetCmdCtrl
200154f4   _SlWlanGetNetworkListCtrl
20015508   _SlWlanSetModeCmdCtrl
20001210   _Snan
2000151c   _Tls_setup__Fenv
20001230   _Xbig
20001238   _Zero
2002c400   __CIOBUF_
20004000   __STACK_END
00001000   __STACK_SIZE
00004000   __SYSMEM_SIZE
20016850   __TI_CINIT_Base
20016860   __TI_CINIT_Limit
2001683c   __TI_Handler_Table_Base
20016848   __TI_Handler_Table_Limit
00000001   __TI_args_main
2001232d   __TI_auto_init
2000e1c5   __TI_cleanup
20001510   __TI_cleanup_ptr
200120d5   __TI_closefile
20015107   __TI_decompress_none
20015185   __TI_decompress_rle24
20011535   __TI_doflush
20001514   __TI_dtors_ptr
200014cc   __TI_ft_end
2000620f   __TI_printfi
20011ccb   __TI_rd_ok
20013663   __TI_readmsg
20015cb0   __TI_static_base__
2002c6e8   __TI_tmpnams
20013635   __TI_writemsg
20011c69   __TI_wrt_ok
20015083   __TI_zero_init
20015197   __abort_execution
20012795   __aeabi_cdcmpeq
20012795   __aeabi_cdcmple
2001281b   __aeabi_cdrcmple
20013515   __aeabi_cfcmpeq
20013515   __aeabi_cfcmple
20013575   __aeabi_cfrcmple
20013c67   __aeabi_d2f
20013d41   __aeabi_d2iz
20013f2d   __aeabi_d2uiz
2000e47f   __aeabi_dadd
2000f699   __aeabi_ddiv
2001084d   __aeabi_dmul
2000e475   __aeabi_dsub
20014395   __aeabi_f2d
200143cd   __aeabi_f2iz
2001094d   __aeabi_fadd
200123c1   __aeabi_fdiv
20012c19   __aeabi_fmul
20010949   __aeabi_fsub
200147a1   __aeabi_i2d
20014405   __aeabi_i2f
20014e9d   __aeabi_lmul
20012d85   __aeabi_memclr
20012d85   __aeabi_memclr4
20012d85   __aeabi_memclr8
20011fa1   __aeabi_memcpy
20011fa1   __aeabi_memcpy4
20011fa1   __aeabi_memcpy8
20012d87   __aeabi_memset
20012d87   __aeabi_memset4
20012d87   __aeabi_memset8
200014d8   __aeabi_stderr
200014d0   __aeabi_stdin
200014d4   __aeabi_stdout
2000db3d   __aeabi_uldivmod
ffffffff   __binit__
ffffffff   __c_args__
20003000   __stack
2000d7af   __vla_alloc
2000d6a1   __vla_dealloc
2000d72f   __vla_dealloc_eh
20014e85   _args_main
2001457d   _c_int00
200152dc   _ctypes_
20000f50   _ftable
20001508   _lock
2001500b   _nop
20015003   _register_lock
20014ffd   _register_unlock
20014955   _sl_BuildAddress
200132bd   _sl_GetCreateFsMode
20013c1d   _sl_GetStartResponseConvert
20013321   _sl_HandleAsync_Accept
20013185   _sl_HandleAsync_Connect
20012aa5   _sl_HandleAsync_DnsGetHostByName
200131ed   _sl_HandleAsync_DnsGetHostByService
20012e75   _sl_HandleAsync_InitComplete
20012fd1   _sl_HandleAsync_PingResponse
20013855   _sl_HandleAsync_Select
20013901   _sl_HandleAsync_Stop
20014f67   _sl_Strlen
20013041   _sl_TruncatePayloadByProtocol
2002c8e0   _sys_memory
2000150c   _unlock
20013eed   abort
2000e6db   addHttpRequestHeader
2000e709   addHttpRequestHeaderInt
2000e62d   addHttpRequestLine
2000d03b   add_device
20011775   asinf
20010749   atan2l
20013aed   atoi
2000e697   beginHttpGetRequest
2000e675   beginHttpRequest
ffffffff   binit
200090c3   buildRequestHeaders
2000c2f9   calloc
20008cdd   clearAccelMotionIntrpt
2002c7d8   clientStateFileName
2000cfe9   close
200014c4   cnt
20008793   configureFXOS8700
20013ea5   copy_in
2000a9a3   createInstallation
2000a36d   createNewInstallationId
2002c8c4   dataBuffer
200014c8   dataBufferSize
200119a1   debugPrint
200119c3   debugPrintf
20004691   eTaskGetState
2000df21   ensureCertificateFile
20013ef5   exit
2001213b   fclose
200145b1   feraiseexcept
2000a2f9   fetchDeviceOSVersion
20011581   fflush
2000b10f   findSecondJson
20010a45   fmodf
2000e21b   fopen
200130b9   fprintf
20011f05   fputc
2000f905   fputs
2000c053   free
2000e1f1   freopen
20013385   fseek
20000dd0   gFirstCmdMode
2002c8dc   g_CaptureImage
20015968   g_H2NCnysPattern
20015960   g_H2NSyncPattern
20001318   g_SpiFd
20000dd8   g_StatMem
20001328   g_cDummy
20015c54   g_deviceClientVersion
2002c8de   g_frame_end
2002c8c8   g_frame_size_in_bytes
20000600   g_header
2002c8cc   g_header_length
20018000   g_image_buffer
2000149c   g_osVersion
20000dd4   g_pCB
2000131c   g_pHostIntHdl
20004000   g_pfnVectors
2002c8b0   g_ucConnectionBSSID
2002c80c   g_ucConnectionSSID
20001320   g_ucDMAEnabled
2000132c   g_ucDinDout
200014f0   g_uiSimplelinkRole
200014ec   g_ulGatewayIP
20001504   g_ulPingPacketsRecv
200014e8   g_ulStatus
20008b49   getAccelerationMagnitude
20008a0f   getDoorDirection
2000e757   getHttpResponseBody
2000e72b   getHttpResponseStatus
2000a9f3   getInstallation
2000ff83   getInternalClient
20008ac5   getMagnFlux_3axis
2000b15f   getPushJson
2002c520   gfpAppCallbackHndl
2002c000   gpCtlTbl
20010431   i2cReadRegisters
200104dd   i2cReadRegistersTwoBytes
20010473   i2cWriteRegisters
2002c8df   iDone
20006ad1   initNetwork
20013a51   intToASCII
2000b13b   isCompleteJson
2000a295   isPingTime
2000c331   loadClientState
2001518b   log
2000cfc5   lseek
200136f3   ltoa
20009afd   main
2000153c   main_func_sp
2000bff1   malloc
2000bed5   mem_Free
2000bec9   mem_Malloc
2000bef5   mem_copy
2000bee1   mem_set
2000c219   memalign
20014cb9   memccpy
20014f7d   memchr
20014be3   memcmp
20011fa1   memcpy
20014a85   memmove
20012d8d   memset
2000bf65   minit
2000cf17   open
2000bf4b   osi_ContextRestore
2000bf49   osi_ContextSave
2000bf09   osi_EnterCritical
2000bf13   osi_ExitCritical
2000bb2f   osi_InterruptDeRegister
2000bb09   osi_InterruptRegister
2000bc39   osi_LockObjCreate
2000bcad   osi_LockObjDelete
2000bcbd   osi_LockObjLock
2000bce9   osi_LockObjUnlock
2000bdfd   osi_MsgQCreate
2000be41   osi_MsgQDelete
2000be8d   osi_MsgQRead
2000be5b   osi_MsgQWrite
2000bf25   osi_Sleep
2000bd13   osi_Spawn
2000bc17   osi_SyncObjClear
2000bb41   osi_SyncObjCreate
2000bb71   osi_SyncObjDelete
2000bb8b   osi_SyncObjSignal
2000bbb3   osi_SyncObjSignalFromISR
2000bbeb   osi_SyncObjWait
2000bc5f   osi_TaskCreate
2000bc9f   osi_TaskDelete
2000bf35   osi_TaskDisable
2000bf3f   osi_TaskEnable
2000bf1d   osi_start
20000dcc   pPingCallBackFunc
20009835   parseGetErrorCode
2000ac15   parseGetInstallationId
2000fed9   parseInitialize
200097f1   parseSendRequest
2000977f   parseSendRequestInternal
2000ab67   parseSetInstallationId
20015c9a   pcDigits
20004bb5   pcTaskGetTaskName
200118e5   portCLZ
2000b679   pow
200118cd   prvPortStartFirstTask
20011f89   putc
20011f8d   putchar
2000fa11   puts
2001435d   pvPortMalloc
2000143c   pxCurrentTCB
20010105   pxPortInitialiseStack
200147cf   raise
20013b4f   rand
2000cef3   read
2000c113   realloc
2000ce69   remove
2000cecb   remove_device
2000ce8d   rename
2000fe09   retreiveImageIDfromHTTPResponse
2000c443   saveClientState
20009645   sendRequest
20011251   sensorsTriggerSetup
200090a1   setDataBufferPointer
200089cd   setMotionDetectionThreshold
20010dfd   setvbuf
200140fd   signal
2000ad45   simpleJsonProcessor
20015191   sinf
20014aa9   sl_Close
20010c2d   sl_Connect
20012b21   sl_DevGet
20013d89   sl_DevSet
20012b9d   sl_FsClose
20013dd1   sl_FsDel
20013255   sl_FsGetInfo
200139a9   sl_FsOpen
200124e5   sl_FsRead
20012571   sl_FsWrite
2001443d   sl_Htonl
2001464d   sl_Htons
20010fb1   sl_NetAppDnsGetHostByName
2001270d   sl_NetAppMDNSRegisterUnregisterService
20015095   sl_NetAppMDNSUnRegisterService
200139fd   sl_NetAppSendTokenValue
20014acd   sl_NetAppStart
20014af1   sl_NetAppStop
20013fb5   sl_NetCfgSet
20013ff9   sl_Recv
2001053d   sl_Select
20011bb9   sl_Send
20013b85   sl_SetSockOpt
20014771   sl_Socket
200116b5   sl_Start
20011471   sl_Stop
2000e7dd   sl_WlanConnect
2001516b   sl_WlanDisconnect
20012ee9   sl_WlanGet
2001413d   sl_WlanPolicySet
20014b15   sl_WlanProfileDel
2001417d   sl_WlanRxFilterSet
20013e19   sl_WlanSet
200149a5   sl_WlanSetMode
2001216d   snprintf
2000b58d   socketClose
2000b3e5   socketRead
2000b249   socketSslConnect
2000b1e9   socketWait
2000b4d7   socketWrite
20012f5d   spi_Close
2000fa39   spi_Open
20011155   spi_Read
20010d15   spi_Write
200135d5   sprintf
2000f559   sqrt
20011089   sqrtf
20013b39   srand
200014c2   sshPort
20014f93   strchr
20014eb5   strcmp
200150d9   strcpy
20015011   strlen
20014271   strncasecmp
2001497d   strncat
200149f3   strncmp
20014711   strncpy
200145e5   strstr
200150e9   tolower
20013bd1   uDMAChannelAssign
2001344d   uDMAChannelAttributeDisable
200134b1   uDMAChannelAttributeEnable
200142ad   uDMAChannelControlSet
20014cd5   uDMAChannelDisable
20014cf1   uDMAChannelEnable
20010b3d   uDMAChannelTransferSet
20015025   uDMAControlBaseSet
2001513d   uDMADisable
20015149   uDMAEnable
20015039   uDMAIntClear
20014fa9   uDMAIntRegister
20015155   uDMAIntStatus
200150a7   uDMAIntUnregister
200083c1   ucQueueGetQueueType
20011835   ulPortSetInterruptMask
2000ce69   unlink
20008c9d   updateConfigReg
2000a2ef   updateLastPingTime
2000fd77   uxListRemove
200083a1   uxQueueGetQueueNumber
20008335   uxQueueMessagesWaiting
2000836b   uxQueueMessagesWaitingFromISR
2000834b   uxQueueSpacesAvailable
20004ba9   uxTaskGetNumberOfTasks
20004bd9   uxTaskGetSystemState
200050c9   uxTaskGetTaskNumber
20004725   uxTaskPriorityGet
20005621   uxTaskResetEventItemValue
200099a3   vApplicationIdleHook
200099a5   vApplicationMallocFailedHook
200099a7   vApplicationStackOverflowHook
200099a1   vAssertCalled
2000fc95   vListInitialise
2000fcc5   vListInitialiseItem
2000fd11   vListInsert
2000fcd5   vListInsertEnd
2001184b   vPortClearInterruptMask
20010181   vPortEndScheduler
20010195   vPortEnterCritical
200101ad   vPortExitCritical
2001437d   vPortFree
200118a5   vPortSVCHandler
200101e1   vPortSetupTimerInterrupt
20010183   vPortYield
200085db   vQueueAddToRegistry
2000837d   vQueueDelete
200083af   vQueueSetQueueNumber
2000861d   vQueueUnregisterQueue
2000463b   vTaskDelay
2000459f   vTaskDelayUntil
2000450f   vTaskDelete
20004a8d   vTaskEndScheduler
200050bb   vTaskMissedYield
20004e51   vTaskPlaceOnEventList
20004eb5   vTaskPlaceOnUnorderedEventList
20005597   vTaskPriorityDisinherit
200054dd   vTaskPriorityInherit
2000475d   vTaskPrioritySet
20004955   vTaskResume
200050e9   vTaskSetTaskNumber
2000501b   vTaskSetTimeOutState
20004a43   vTaskStartScheduler
20004861   vTaskSuspend
20004a9f   vTaskSuspendAll
20004dd1   vTaskSwitchContext
20008765   verifyAccelMagnSensor
20012685   vsnprintf
2000cdd9   write
20008fc3   writeMagntCalibrationValue
200014dc   xHigherPriorityTaskWoken
20011859   xPortPendSVHandler
20010155   xPortStartScheduler
200101c5   xPortSysTickHandler
2000866b   xQueueAddToSet
20007f9d   xQueueAltGenericReceive
20007ef1   xQueueAltGenericSend
20007dc5   xQueueCreateCountingSemaphore
20007d47   xQueueCreateMutex
20008657   xQueueCreateSet
20007cd1   xQueueGenericCreate
20008137   xQueueGenericReceive
20007c41   xQueueGenericReset
20007de5   xQueueGenericSend
2000809b   xQueueGenericSendFromISR
20008577   xQueueIsQueueEmptyFromISR
200085b9   xQueueIsQueueFullFromISR
200082f1   xQueuePeekFromISR
20008279   xQueueReceiveFromISR
2002c788   xQueueRegistry
2000869f   xQueueRemoveFromSet
200086e1   xQueueSelectFromSet
200086fb   xQueueSelectFromSetFromISR
200014e0   xSimpleLinkSpawnQueue
200014e4   xSimpleLinkSpawnTaskHndl
20005041   xTaskCheckForTimeOut
20004401   xTaskGenericCreate
20005491   xTaskGetCurrentTaskHandle
20004c97   xTaskGetIdleTaskHandle
200054a5   xTaskGetSchedulerState
20004b7d   xTaskGetTickCount
20004b91   xTaskGetTickCountFromISR
20004cb5   xTaskIncrementTick
20004f25   xTaskRemoveFromEventList
20004fad   xTaskRemoveFromUnorderedEventList
20004ab1   xTaskResumeAll
200049c9   xTaskResumeFromISR


GLOBAL SYMBOLS: SORTED BY Symbol Address 

address    name
--------   ----
00000001   __TI_args_main
00001000   __STACK_SIZE
00004000   __SYSMEM_SIZE
20000000   JPEG_StdHuffmanTbl
20000600   g_header
20000dcc   pPingCallBackFunc
20000dd0   gFirstCmdMode
20000dd4   g_pCB
20000dd8   g_StatMem
20000f50   _ftable
200011c0   _Denorm
200011d0   _Eps
200011e0   _Hugeval
200011f0   _Inf
20001200   _Nan
20001210   _Snan
20001220   _Rteps
20001230   _Xbig
20001238   _Zero
20001240   _LDenorm
20001250   _LEps
20001260   _LInf
20001270   _LNan
20001280   _LSnan
20001290   _LRteps
200012a0   _LXbig
200012a8   _LZero
200012b0   _FDenorm
200012c0   _FEps
200012d0   _FInf
200012e0   _FNan
200012f0   _FSnan
20001300   _FRteps
20001310   _FXbig
20001314   _FZero
20001318   g_SpiFd
2000131c   g_pHostIntHdl
20001320   g_ucDMAEnabled
20001324   DMAMsgQ
20001328   g_cDummy
2000132c   g_ucDinDout
2000137c   JPEG_StdQuantTblC
200013bc   JPEG_StdQuantTblY
2000143c   pxCurrentTCB
2000149c   g_osVersion
200014c2   sshPort
200014c4   cnt
200014c8   dataBufferSize
200014cc   __TI_ft_end
200014d0   __aeabi_stdin
200014d4   __aeabi_stdout
200014d8   __aeabi_stderr
200014dc   xHigherPriorityTaskWoken
200014e0   xSimpleLinkSpawnQueue
200014e4   xSimpleLinkSpawnTaskHndl
200014e8   g_ulStatus
200014ec   g_ulGatewayIP
200014f0   g_uiSimplelinkRole
20001504   g_ulPingPacketsRecv
20001508   _lock
2000150c   _unlock
20001510   __TI_cleanup_ptr
20001514   __TI_dtors_ptr
20001518   _Fenv
2000151c   _Tls_setup__Fenv
2000152c   DigiCertHighAssuranceEVRootCA_der_len
20001530   _Errno
2000153c   main_func_sp
20003000   __stack
20004000   __STACK_END
20004000   g_pfnVectors
20004401   xTaskGenericCreate
2000450f   vTaskDelete
2000459f   vTaskDelayUntil
2000463b   vTaskDelay
20004691   eTaskGetState
20004725   uxTaskPriorityGet
2000475d   vTaskPrioritySet
20004861   vTaskSuspend
20004955   vTaskResume
200049c9   xTaskResumeFromISR
20004a43   vTaskStartScheduler
20004a8d   vTaskEndScheduler
20004a9f   vTaskSuspendAll
20004ab1   xTaskResumeAll
20004b7d   xTaskGetTickCount
20004b91   xTaskGetTickCountFromISR
20004ba9   uxTaskGetNumberOfTasks
20004bb5   pcTaskGetTaskName
20004bd9   uxTaskGetSystemState
20004c97   xTaskGetIdleTaskHandle
20004cb5   xTaskIncrementTick
20004dd1   vTaskSwitchContext
20004e51   vTaskPlaceOnEventList
20004eb5   vTaskPlaceOnUnorderedEventList
20004f25   xTaskRemoveFromEventList
20004fad   xTaskRemoveFromUnorderedEventList
2000501b   vTaskSetTimeOutState
20005041   xTaskCheckForTimeOut
200050bb   vTaskMissedYield
200050c9   uxTaskGetTaskNumber
200050e9   vTaskSetTaskNumber
20005491   xTaskGetCurrentTaskHandle
200054a5   xTaskGetSchedulerState
200054dd   vTaskPriorityInherit
20005597   vTaskPriorityDisinherit
20005621   uxTaskResetEventItemValue
2000620f   __TI_printfi
20006519   InitializeAppVariables
20006541   ConfigureSimpleLinkToDefaultState
200067e1   ConfigureMode
2000681d   ConnectToNetwork
20006985   ConnectToNetwork_2
20006a2b   ConnectToNetwork_STA_2
20006a47   ConnectToNetwork_STA
20006ad1   initNetwork
20006bf5   SimpleLinkWlanEventHandler
20006cd9   SimpleLinkNetAppEventHandler
20006d79   SimpleLinkSockEventHandler
20006dbd   SimpleLinkHttpServerCallback
200070b9   StartCamera
20007129   CaptureImage
20007557   CamControllerInit
20007c41   xQueueGenericReset
20007cd1   xQueueGenericCreate
20007d47   xQueueCreateMutex
20007dc5   xQueueCreateCountingSemaphore
20007de5   xQueueGenericSend
20007ef1   xQueueAltGenericSend
20007f9d   xQueueAltGenericReceive
2000809b   xQueueGenericSendFromISR
20008137   xQueueGenericReceive
20008279   xQueueReceiveFromISR
200082f1   xQueuePeekFromISR
20008335   uxQueueMessagesWaiting
2000834b   uxQueueSpacesAvailable
2000836b   uxQueueMessagesWaitingFromISR
2000837d   vQueueDelete
200083a1   uxQueueGetQueueNumber
200083af   vQueueSetQueueNumber
200083c1   ucQueueGetQueueType
20008577   xQueueIsQueueEmptyFromISR
200085b9   xQueueIsQueueFullFromISR
200085db   vQueueAddToRegistry
2000861d   vQueueUnregisterQueue
20008657   xQueueCreateSet
2000866b   xQueueAddToSet
2000869f   xQueueRemoveFromSet
200086e1   xQueueSelectFromSet
200086fb   xQueueSelectFromSetFromISR
20008765   verifyAccelMagnSensor
20008793   configureFXOS8700
200089cd   setMotionDetectionThreshold
20008a0f   getDoorDirection
20008ac5   getMagnFlux_3axis
20008b49   getAccelerationMagnitude
20008c9d   updateConfigReg
20008cdd   clearAccelMotionIntrpt
20008d2d   FXOS8700CQ_Init
20008e19   FXOS8700CQ_Mag_Calibration
20008fc3   writeMagntCalibrationValue
200090a1   setDataBufferPointer
200090c3   buildRequestHeaders
20009645   sendRequest
2000977f   parseSendRequestInternal
200097f1   parseSendRequest
20009835   parseGetErrorCode
200099a1   vAssertCalled
200099a3   vApplicationIdleHook
200099a5   vApplicationMallocFailedHook
200099a7   vApplicationStackOverflowHook
200099a9   CollectTxit_ImgTempRH
20009afd   main
20009ca9   Main_fn
2000a295   isPingTime
2000a2ef   updateLastPingTime
2000a2f9   fetchDeviceOSVersion
2000a36d   createNewInstallationId
2000a9a3   createInstallation
2000a9f3   getInstallation
2000ab67   parseSetInstallationId
2000ac15   parseGetInstallationId
2000ad45   simpleJsonProcessor
2000b10f   findSecondJson
2000b13b   isCompleteJson
2000b15f   getPushJson
2000b1e9   socketWait
2000b249   socketSslConnect
2000b3e5   socketRead
2000b4d7   socketWrite
2000b58d   socketClose
2000b679   pow
2000bb09   osi_InterruptRegister
2000bb2f   osi_InterruptDeRegister
2000bb41   osi_SyncObjCreate
2000bb71   osi_SyncObjDelete
2000bb8b   osi_SyncObjSignal
2000bbb3   osi_SyncObjSignalFromISR
2000bbeb   osi_SyncObjWait
2000bc17   osi_SyncObjClear
2000bc39   osi_LockObjCreate
2000bc5f   osi_TaskCreate
2000bc9f   osi_TaskDelete
2000bcad   osi_LockObjDelete
2000bcbd   osi_LockObjLock
2000bce9   osi_LockObjUnlock
2000bd13   osi_Spawn
2000bd81   VStartSimpleLinkSpawnTask
2000bdd1   VDeleteSimpleLinkSpawnTask
2000bdfd   osi_MsgQCreate
2000be41   osi_MsgQDelete
2000be5b   osi_MsgQWrite
2000be8d   osi_MsgQRead
2000bec9   mem_Malloc
2000bed5   mem_Free
2000bee1   mem_set
2000bef5   mem_copy
2000bf09   osi_EnterCritical
2000bf13   osi_ExitCritical
2000bf1d   osi_start
2000bf25   osi_Sleep
2000bf35   osi_TaskDisable
2000bf3f   osi_TaskEnable
2000bf49   osi_ContextSave
2000bf4b   osi_ContextRestore
2000bf65   minit
2000bff1   malloc
2000c053   free
2000c113   realloc
2000c219   memalign
2000c2f9   calloc
2000c331   loadClientState
2000c443   saveClientState
2000c6e5   _SlDrvMsgRead
2000ca8d   _SlAsyncEventGenericHandler
2000cdd9   write
2000ce69   remove
2000ce69   unlink
2000ce8d   rename
2000cecb   remove_device
2000cef3   read
2000cf17   open
2000cfc5   lseek
2000cfe9   close
2000d03b   add_device
2000d0e9   _Log
2000d3cd   HOSTwrite
2000d419   HOSTunlink
2000d451   HOSTtime
2000d48b   HOSTrename
2000d4e9   HOSTread
2000d535   HOSTopen
2000d587   HOSTlseek
2000d5e3   HOSTgetenv
2000d621   HOSTclose
2000d659   HOSTclock
2000d6a1   __vla_dealloc
2000d72f   __vla_dealloc_eh
2000d7af   __vla_alloc
2000d941   _Exp
2000db3d   __aeabi_uldivmod
2000dd31   CameraSensorInit
2000dd39   StartSensorInJpegMode
2000df21   ensureCertificateFile
2000e1c5   __TI_cleanup
2000e1f1   freopen
2000e21b   fopen
2000e2bd   InitTerm
2000e2db   Message
2000e2f5   ClearTerm
2000e2fb   Error
2000e32f   GetCmd
2000e38f   TrimSpace
2000e3d9   Report
2000e475   __aeabi_dsub
2000e47f   __aeabi_dadd
2000e62d   addHttpRequestLine
2000e675   beginHttpRequest
2000e697   beginHttpGetRequest
2000e6db   addHttpRequestHeader
2000e709   addHttpRequestHeaderInt
2000e72b   getHttpResponseStatus
2000e757   getHttpResponseBody
2000e7dd   sl_WlanConnect
2000e979   _FSin
2000eb11   DmaSwIntHandler
2000eb23   DmaErrorIntHandler
2000eb2f   UDMAInit
2000eb79   UDMAChannelSelect
2000eba1   SetupTransfer
2000ebd7   UDMASetupAutoMemTransfer
2000ebfb   UDMASetupPingPongTransfer
2000ec45   UDMADeInit
2000ec59   DMASetupTransfer
2000eca5   CreateFile_Flash
2000ecfd   WriteFile_ToFlash
2000ed79   ReadFile_FromFlash
2000ee93   I2C_IF_Write
2000eef5   I2C_IF_Read
2000ef5d   I2C_IF_ReadFrom
2000ef7d   I2C_IF_Open
2000efa7   I2C_IF_Close
2000efbd   _LAtan
2000f145   I2CInit
2000f163   I2CBufferRead
2000f20b   I2CBufferWrite
2000f2b5   _SlDrvDataReadOp
2000f419   _SlDrvRxHdrRead
2000f559   sqrt
2000f699   __aeabi_ddiv
2000f7d1   PRCMCC3200MCUInit
2000f905   fputs
2000fa11   puts
2000fa39   spi_Open
2000fb69   _SlDrvDataWriteOp
2000fc95   vListInitialise
2000fcc5   vListInitialiseItem
2000fcd5   vListInsertEnd
2000fd11   vListInsert
2000fd77   uxListRemove
2000fdc1   InitialiseParse
2000fdd7   UploadImageToParse
2000fdf5   UploadSensorDataToParse
2000fe09   retreiveImageIDfromHTTPResponse
2000fed9   parseInitialize
2000ff83   getInternalClient
2000fff1   _SlDrvMsgWrite
20010105   pxPortInitialiseStack
20010155   xPortStartScheduler
20010181   vPortEndScheduler
20010183   vPortYield
20010195   vPortEnterCritical
200101ad   vPortExitCritical
200101c5   xPortSysTickHandler
200101e1   vPortSetupTimerInterrupt
20010215   _Dscale
20010325   _SlDrvWaitForPoolObj
20010431   i2cReadRegisters
20010473   i2cWriteRegisters
200104dd   i2cReadRegistersTwoBytes
2001053d   sl_Select
20010645   _SlDrvReleasePoolObj
20010749   atan2l
2001084d   __aeabi_dmul
20010949   __aeabi_fsub
2001094d   __aeabi_fadd
20010a45   fmodf
20010b3d   uDMAChannelTransferSet
20010c2d   sl_Connect
20010d15   spi_Write
20010dfd   setvbuf
20010ed9   _FAtan
20010fb1   sl_NetAppDnsGetHostByName
20011089   sqrtf
20011155   spi_Read
20011221   HIBernate
20011251   sensorsTriggerSetup
200112e9   _Dint
200113ad   _Dnorm
20011471   sl_Stop
20011535   __TI_doflush
20011581   fflush
200115f5   _FDscale
200116b5   sl_Start
20011775   asinf
20011835   ulPortSetInterruptMask
2001184b   vPortClearInterruptMask
20011859   xPortPendSVHandler
200118a5   vPortSVCHandler
200118cd   prvPortStartFirstTask
200118e5   portCLZ
200118ed   _SlDrvMsgReadCmdCtx
200119a1   debugPrint
200119c3   debugPrintf
20011a55   _SlDrvNetAppEventHandler
20011b07   PinMuxConfig
20011bb9   sl_Send
20011c69   __TI_wrt_ok
20011ccb   __TI_rd_ok
20011d15   IntDisable
20011dbd   IntEnable
20011e65   SPIConfigSetExpClk
20011f05   fputc
20011f89   putc
20011f8d   putchar
20011fa1   __aeabi_memcpy
20011fa1   __aeabi_memcpy4
20011fa1   __aeabi_memcpy8
20011fa1   memcpy
2001203d   _SlFindAndSetActiveObj
200120d5   __TI_closefile
2001213b   fclose
2001216d   snprintf
20012205   PRCMPeripheralClockGet
20012299   _SlDrvClassifyRxMsg
2001232d   __TI_auto_init
200123c1   __aeabi_fdiv
20012455   _SlDrvMsgReadSpawnCtx
200124e5   sl_FsRead
20012571   sl_FsWrite
200125fd   PinConfigSet
20012685   vsnprintf
2001270d   sl_NetAppMDNSRegisterUnregisterService
20012795   __aeabi_cdcmpeq
20012795   __aeabi_cdcmple
2001281b   __aeabi_cdrcmple
200128a1   I2CMasterInitExpClk
20012925   _SlDrvCmdOp
200129a9   NwpPowerOnPreamble
20012a29   _SlDrvDriverCBInit
20012aa5   _sl_HandleAsync_DnsGetHostByName
20012b21   sl_DevGet
20012b9d   sl_FsClose
20012c19   __aeabi_fmul
20012c93   _FDnorm
20012d85   __aeabi_memclr
20012d85   __aeabi_memclr4
20012d85   __aeabi_memclr8
20012d87   __aeabi_memset
20012d87   __aeabi_memset4
20012d87   __aeabi_memset8
20012d8d   memset
20012dfd   UARTConfigSetExpClk
20012e75   _sl_HandleAsync_InitComplete
20012ee9   sl_WlanGet
20012f5d   spi_Close
20012fd1   _sl_HandleAsync_PingResponse
20013041   _sl_TruncatePayloadByProtocol
200130b9   fprintf
2001311d   PRCMHibernateWakeUpGPIOSelect
20013185   _sl_HandleAsync_Connect
200131ed   _sl_HandleAsync_DnsGetHostByService
20013255   sl_FsGetInfo
200132bd   _sl_GetCreateFsMode
20013321   _sl_HandleAsync_Accept
20013385   fseek
200133e9   _Dunscale
2001344d   uDMAChannelAttributeDisable
200134b1   uDMAChannelAttributeEnable
20013515   __aeabi_cfcmpeq
20013515   __aeabi_cfcmple
20013575   __aeabi_cfrcmple
200135d5   sprintf
20013635   __TI_writemsg
2001365f   C$$IO$$
20013663   __TI_readmsg
200136f3   ltoa
2001374d   IntPendClear
200137a5   PRCMPeripheralReset
200137fd   _SlDrvDriverCBDeinit
20013855   _sl_HandleAsync_Select
200138ad   IntPrioritySet
20013901   _sl_HandleAsync_Stop
20013955   _FDunscale
200139a9   sl_FsOpen
200139fd   sl_NetAppSendTokenValue
20013a51   intToASCII
20013aa1   SPIIntEnable
20013aed   atoi
20013b39   srand
20013b4f   rand
20013b85   sl_SetSockOpt
20013bd1   uDMAChannelAssign
20013c1d   _sl_GetStartResponseConvert
20013c67   __aeabi_d2f
20013cb1   PRCMHibernateWakeupSourceEnable
20013cf9   SPIIntClear
20013d41   __aeabi_d2iz
20013d89   sl_DevSet
20013dd1   sl_FsDel
20013e19   sl_WlanSet
20013ea5   copy_in
20013ee9   C$$EXIT
20013eed   abort
20013ef5   exit
20013f2d   __aeabi_d2uiz
20013f71   _Dtest
20013fb5   sl_NetCfgSet
20013ff9   sl_Recv
2001403d   PinModeSet
2001407d   _SlDrvRxIrqHandler
200140bd   _SlRemoveFromList
200140fd   signal
2001413d   sl_WlanPolicySet
2001417d   sl_WlanRxFilterSet
200141bd   NwpPowerOff
200141f9   PRCMPeripheralClkEnable
20014235   _SlDrvObjInit
20014271   strncasecmp
200142ad   uDMAChannelControlSet
200142e9   CameraCaptureStop
20014323   CameraXClkConfig
2001435d   pvPortMalloc
2001437d   vPortFree
20014395   __aeabi_f2d
200143cd   __aeabi_f2iz
20014405   __aeabi_i2f
2001443d   sl_Htonl
20014475   GPIODirModeSet
200144ab   CameraParamsConfig
200144e1   PRCMPeripheralStatusGet
20014515   SPIFIFOLevelSet
20014549   _SlDrvBasicCmd
2001457d   _c_int00
200145b1   feraiseexcept
200145e5   strstr
20014619   _FDtest
2001464d   sl_Htons
20014681   NwpPowerOn
200146b1   PinTypeGPIO
200146e1   UARTDisable
20014711   strncpy
20014741   _Feraise
20014771   sl_Socket
200147a1   __aeabi_i2d
200147cf   raise
200147fd   CameraIntEnable
20014829   DmaSpiSwIntHandler
20014855   I2CMasterErr
20014881   PRCMSysResetCauseGet
200148ad   _SlDrvFlowContDeinit
200148d9   _SlDrvFlowContInit
20014905   CameraIntStatus
2001492d   PRCMPeripheralClkDisable
20014955   _sl_BuildAddress
2001497d   strncat
200149a5   sl_WlanSetMode
200149cd   CameraThresholdSet
200149f3   strncmp
20014a19   CameraIntClear
20014a3d   IntUnregister
20014a61   UARTEnable
20014a85   memmove
20014aa9   sl_Close
20014acd   sl_NetAppStart
20014af1   sl_NetAppStop
20014b15   sl_WlanProfileDel
20014b39   CameraCaptureStart
20014b5b   I2CMasterSlaveAddrSet
20014b7d   NwpRegisterInterruptHandler
20014b9f   SPIReset
20014bc1   SPIWordCountSet
20014be3   memcmp
20014c05   IntRegister
20014c25   _SlDrvCmdSend
20014c45   I2CMasterIntStatusEx
20014c63   UARTCharPut
20014c81   PinTypeI2C
20014c9d   _SlDrvObjDeInit
20014cb9   memccpy
20014cd5   UDMAStopTransfer
20014cd5   uDMAChannelDisable
20014cf1   uDMAChannelEnable
20014d0d   CopyPingResultsToReport
20014d27   PinTypeCamera
20014d41   PinTypeUART
20014d5b   SPIDmaDisable
20014d75   SPIDmaEnable
20014d8f   SPIFIFODisable
20014da9   SPIFIFOEnable
20014dc3   _SlDrvDeviceEventHandler
20014ddd   CameraReset
20014df5   GPIOPinRead
20014e0d   PRCMHibernateEnter
20014e25   SPICSDisable
20014e3d   SPICSEnable
20014e55   SPIDisable
20014e6d   SPIEnable
20014e85   _args_main
20014e9d   __aeabi_lmul
20014eb5   strcmp
20014ecd   CameraDMAEnable
20014ee3   CameraIntRegister
20014ef9   I2CMasterDataPut
20014f0f   I2CMasterEnable
20014f25   PRCMHIBRegRead
20014f3b   PRCMHIBRegWrite
20014f51   UARTCharGet
20014f67   _sl_Strlen
20014f7d   memchr
20014f93   strchr
20014fa9   uDMAIntRegister
20014fbf   CPUcpsie
20014fd5   IntVTableBaseSet
20014fe9   _SlDrvShiftDWord
20014ffd   _register_unlock
20015003   _register_lock
2001500b   _nop
20015011   strlen
20015025   uDMAControlBaseSet
20015039   uDMAIntClear
2001504d   I2CMasterControl
2001505f   I2CMasterIntClearEx
20015071   I2CMasterTimeoutSet
20015083   __TI_zero_init
20015095   sl_NetAppMDNSUnRegisterService
200150a7   uDMAIntUnregister
200150b9   NwpMaskInterrupt
200150c9   SL_FD_SET
200150d9   strcpy
200150e9   tolower
200150f9   I2CMasterDataGet
20015107   __TI_decompress_none
20015115   _Dclass
20015123   ResetISR
20015131   NwpUnMaskInterrupt
2001513d   uDMADisable
20015149   uDMAEnable
20015155   uDMAIntStatus
20015161   IntMasterEnable
2001516b   sl_WlanDisconnect
20015173   MT9D111Delay
20015179   SL_FD_ZERO
2001517f   UtilsDelay
20015185   __TI_decompress_rle24
2001518b   log
20015191   sinf
20015197   __abort_execution
2001519b   _LDtest
200152dc   _ctypes_
200154e4   _SlPolicySetCmdCtrl
200154e8   _SlPolicyGetCmdCtrl
200154ec   _SlProfileGetCmdCtrl
200154f0   _SlProfileDelCmdCtrl
200154f4   _SlWlanGetNetworkListCtrl
200154f8   _SlRxFilterAddtCmdCtrl
200154fc   _SlRxFilterSetCmdCtrl
20015500   _SlRxFilterGetCmdCtrl
20015504   _SlSmartConfigStartCmdCtrl
20015508   _SlWlanSetModeCmdCtrl
2001550c   _SlWlanCfgSetCmdCtrl
20015510   _SlWlanCfgGetCmdCtrl
20015960   g_H2NSyncPattern
20015968   g_H2NCnysPattern
20015970   _SlActionLookupTable
20015a28   _SlFsOpenCmdCtrl
20015a2c   _SlFsCloseCmdCtrl
20015a30   _SlFsReadCmdCtrl
20015a34   _SlFsWriteCmdCtrl
20015a38   _SlFsGetInfoCmdCtrl
20015a3c   _SlFsDeleteCmdCtrl
20015ad8   _SlSockSocketCmdCtrl
20015adc   _SlSockCloseCmdCtrl
20015ae0   _SlRecvfomCmdCtrl
20015ae4   _SlSendCmdCtrl
20015ae8   _SlListenCmdCtrl
20015aec   _SlAcceptCmdCtrl
20015af0   _SlRecvCmdCtrl
20015af4   _SlSetSockOptCmdCtrl
20015af8   _SlGetSockOptCmdCtrl
20015afc   _SlSelectCmdCtrl
20015bb4   _SlNetAppStartCtrl
20015bb8   _SlNetAppStopCtrl
20015bbc   _SlGetServiceListeCtrl
20015bc0   _SlRegisterServiceCtrl
20015bc4   _SlGetHostByServiceCtrl
20015bc8   _SlGetHostByNameCtrl
20015bcc   _SlNetAppSetCmdCtrl
20015bd0   _SlNetAppSendTokenValueCmdCtrl
20015bd4   _SlNetAppGetCmdCtrl
20015c54   g_deviceClientVersion
20015c6c   _SlStopCmdCtrl
20015c70   _SlEventMaskSetCmdCtrl
20015c74   _SlEventMaskGetCmdCtrl
20015c78   _SlDeviceGetCmdCtrl
20015c7c   _SlDeviceSetCmdCtrl
20015c9a   pcDigits
20015ca8   _SlNetCfgSetCmdCtrl
20015cac   _SlNetCfgGetCmdCtrl
20015cb0   __TI_static_base__
2001683c   __TI_Handler_Table_Base
20016848   __TI_Handler_Table_Limit
20016850   __TI_CINIT_Base
20016860   __TI_CINIT_Limit
20018000   g_image_buffer
2002c000   gpCtlTbl
2002c400   __CIOBUF_
2002c520   gfpAppCallbackHndl
2002c6e8   __TI_tmpnams
2002c788   xQueueRegistry
2002c7d8   clientStateFileName
2002c80c   g_ucConnectionSSID
2002c8b0   g_ucConnectionBSSID
2002c8c4   dataBuffer
2002c8c8   g_frame_size_in_bytes
2002c8cc   g_header_length
2002c8dc   g_CaptureImage
2002c8de   g_frame_end
2002c8df   iDone
2002c8e0   _sys_memory
ffffffff   __binit__
ffffffff   __c_args__
ffffffff   binit
UNDEFED    SHT$$INIT_ARRAY$$Base
UNDEFED    SHT$$INIT_ARRAY$$Limit

[695 symbols]
