******************************************************************************
                  TI ARM Linker PC v5.2.2                      
******************************************************************************
>> Linked Thu Sep 17 19:50:07 2015

OUTPUT FILE NAME:   <ULP_SEC_CAM.out>
ENTRY POINT SYMBOL: "_c_int00"  address: 2001e31d


MEMORY CONFIGURATION

         name            origin    length      used     unused   attr    fill
----------------------  --------  ---------  --------  --------  ----  --------
  SRAM_BOOTLDR          20000000   00004000  000029c8  00001638  RW X
  SRAM_CODE             20004000   0001fc00  0001d224  000029dc  RW X
  SRAM_DATA             20023c00   0001c400  0001c098  00000368  RW X


SEGMENT ALLOCATION MAP

run origin  load origin   length   init length attrs members
----------  ----------- ---------- ----------- ----- -------
20000000    20000000    000009c8   00000000    rw-
  20000000    20000000    000009c8   00000000    rw- .data
20002000    20002000    00002000   00000000    rw-
  20002000    20002000    00002000   00000000    rw- .stack
20004000    20004000    0001d228   0001d228    r-x
  20004000    20004000    00000400   00000400    r-- .intvecs
  20004400    20004400    0001ba3c   0001ba3c    r-x .text
  2001fe3c    2001fe3c    00000e50   00000e50    r-- .const
  20020c90    20020c90    00000598   00000598    r-- .cinit
20023c00    20023c00    0001c098   00000000    rw-
  20023c00    20023c00    00017098   00000000    rw- .bss
  2003ac98    2003ac98    00005000   00000000    rw- .sysmem


SECTION ALLOCATION MAP

 output                                  attributes/
section   page    origin      length       input sections
--------  ----  ----------  ----------   ----------------
.data      0    20000000    000009c8     UNINITIALIZED
                  20000000    000003c9     cc3200_certificate.obj (.data:DigiCertHighAssuranceEVRootCA_der)
                  200003c9    00000001     tasks.obj (.data)
                  200003ca    00000002     --HOLE--
                  200003cc    000000f0     rtsv7M4_T_le_eabi.lib : defs.obj (.data:_ftable)
                  200004bc    000000d0                           : lowlev.obj (.data)
                  2000058c    000000b0                           : signal.obj (.data:sigtable)
                  2000063c    00000004     cc3200_certificate.obj (.data)
                  20000640    00000080     rtsv7M4_T_le_eabi.lib : xvalues.obj (.data)
                  200006c0    00000068                           : xfvalues.obj (.data)
                  20000728    00000064     network_relater_fns.obj (.data:Token)
                  2000078c    00000064     network_relater_fns.obj (.data:Value)
                  200007f0    00000040     jpeg.obj (.data:JPEG_StdQuantTblC)
                  20000830    00000040     jpeg.obj (.data:JPEG_StdQuantTblY)
                  20000870    00000040     jpeg.obj (.data:zigzag)
                  200008b0    00000034     free_rtos.a : tasks.obj (.data)
                  200008e4    00000024     main.obj (.data)
                  20000908    00000018     cc3200_utils.obj (.data)
                  20000920    00000018     request.obj (.data)
                  20000938    00000010     rtsv7M4_T_le_eabi.lib : defs.obj (.data)
                  20000948    0000000c     camera_app.obj (.data)
                  20000954    0000000c     free_rtos.a : osi_freertos.obj (.data)
                  20000960    0000000c     rtsv7M4_T_le_eabi.lib : memory.obj (.data)
                  2000096c    00000009     simplelink.a : cc_pal.obj (.data)
                  20000975    00000003     --HOLE--
                  20000978    00000009                  : driver.obj (.data)
                  20000981    00000003     --HOLE--
                  20000984    00000008     rtsv7M4_T_le_eabi.lib : _lock.obj (.data)
                  2000098c    00000008                           : exit.obj (.data)
                  20000994    00000008                           : feraiseexcept.obj (.data)
                  2000099c    00000008     user_configure_fn.obj (.data)
                  200009a4    00000006     http.obj (.data)
                  200009aa    00000002     --HOLE--
                  200009ac    00000004     free_rtos.a : port.obj (.data)
                  200009b0    00000004     middleware.a : rtc_hal.obj (.data)
                  200009b4    00000004     ota.a : OtaHttp.obj (.data)
                  200009b8    00000004     rtsv7M4_T_le_eabi.lib : errno.obj (.data)
                  200009bc    00000004                           : fopen.obj (.data)
                  200009c0    00000004                           : rand.obj (.data)
                  200009c4    00000004                           : stkdepth_vars.obj (.data)

.TI.persistent 
*          0    20000000    00000000     UNINITIALIZED

.stack     0    20002000    00002000     UNINITIALIZED
                  20002000    00002000     --HOLE--

.intvecs   0    20004000    00000400     
                  20004000    00000400     startup_ccs.obj (.intvecs)

.text      0    20004400    0001ba3c     
                  20004400    00001258     free_rtos.a : tasks.obj (.text)
                  20005658    000010a6     rtsv7M4_T_le_eabi.lib : _printfi.obj (.text)
                  200066fe    00000002     startup_ccs.obj (.text:BusFaultHandler)
                  20006700    00000b24     free_rtos.a : queue.obj (.text)
                  20007224    00000a08     magnetic.obj (.text:fUpdateCalibration10EIG)
                  20007c2c    00000788     magnetic.obj (.text:fUpdateCalibration4INV)
                  200083b4    00000694     magnetic.obj (.text:fUpdateCalibration7EIG)
                  20008a48    00000688     matrix.obj (.text:eigencompute)
                  200090d0    00000610     ota.a : OtaHttp.obj (.text)
                  200096e0    000005ec     simplelink.a : driver.obj (.text:_SlDrvMsgRead)
                  20009ccc    000005c0     user_configure_fn.obj (.text:User_Configure)
                  2000a28c    00000584     magnetic.obj (.text:iUpdateMagnetometerBuffer)
                  2000a810    00000580     network_relater_fns.obj (.text:SimpleLinkHttpServerCallback)
                  2000ad90    000004be     cc3200_utils.obj (.text:createNewInstallationId)
                  2000b24e    00000002     startup_ccs.obj (.text:FaultISR)
                  2000b250    0000048c     request.obj (.text:buildRequestHeaders)
                  2000b6dc    0000045c     free_rtos.a : osi_freertos.obj (.text)
                  2000bb38    0000044c     application_fn.obj (.text:application_fn)
                  2000bf84    00000434     parse_uploads.obj (.text:ConstructGroundDataObject)
                  2000c3b8    00000424     ota.a : OtaClient.obj (.text)
                  2000c7dc    00000414     network_relater_fns.obj (.text:GetSNTPTime)
                  2000cbf0    0000040c     ota.a : OtaApp.obj (.text)
                  2000cffc    000003dc     rtsv7M4_T_le_eabi.lib : memory.obj (.text)
                  2000d3d8    000003b8     matrix.obj (.text:fmatrixAeqInvA)
                  2000d790    00000378     rtsv7M4_T_le_eabi.lib : powf.obj (.text)
                  2000db08    0000035c     ota.a : CdnClient.obj (.text)
                  2000de64    00000354     orientation.obj (.text:feCompassWin8)
                  2000e1b8    00000338     ota.a : LogClient.obj (.text)
                  2000e4f0    0000030c     rtsv7M4_T_le_eabi.lib : lowlev.obj (.text)
                  2000e7fc    000002d4                           : trgdrv.obj (.text)
                  2000ead0    00000298                           : vla_alloc.obj (.text)
                  2000ed68    0000026e     simplejson.obj (.text:simpleJsonProcessor)
                  2000efd6    00000002     driverlib.a : interrupt.obj (.text:IntDefaultHandler)
                  2000efd8    00000254     door_position_detection_algorithm.obj (.text:check_doorpos)
                  2000f22c    00000248     user_configure_fn.obj (.text:Get_Calibration_MagSensor)
                  2000f474    00000248     simplelink.a : driver.obj (.text:_SlDrvRxHdrRead)
                  2000f6bc    00000244                  : wlan.obj (.text:sl_WlanConnect)
                  2000f900    00000230     network_relater_fns.obj (.text:ConfigureSimpleLinkToDefaultState)
                  2000fb30    00000230     lightSens_isl29035.obj (.text:configureISL29035)
                  2000fd60    00000220     parse_uploads.obj (.text:ConstructUserConfigObject)
                  2000ff80    00000220     rtsv7M4_T_le_eabi.lib : ll_div_t2.obj (.text)
                  200101a0    0000021c     mt9d111.obj (.text:RegLstWrite)
                  200103bc    0000020c     camera_app.obj (.text:CaptureImage)
                  200105c8    000001f4     request.obj (.text:payloadSend)
                  200107bc    000001f4     rtsv7M4_T_le_eabi.lib : ull_div_t2.obj (.text)
                  200109b0    000001ec     parse_uploads.obj (.text:ConstructDeviceStateObject)
                  20010b9c    000001e8     user_configure_fn.obj (.text:WiFiProvisioning)
                  20010d84    000001e0     main_FXOS8700.obj (.text:angleCheck_Initializations)
                  20010f64    000001d0     simplelink.a : driver.obj (.text:_SlDrvReleasePoolObj)
                  20011134    000001cc                  : driver.obj (.text:_SlDrvMsgWrite)
                  20011300    000001c4     rtsv7M4_T_le_eabi.lib : fopen.obj (.text)
                  200114c4    000001c0     tasks.obj (.text:RdSensData_Run)
                  20011684    000001c0     magnetic.obj (.text:fInvertMagCal)
                  20011844    000001bc     tasks.obj (.text:MagCal_Run)
                  20011a00    000001bc     rtsv7M4_T_le_eabi.lib : xflog.obj (.text)
                  20011bbc    000001b6                           : fd_add_t2.obj (.text)
                  20011d72    00000002     startup_ccs.obj (.text:IntDefaultHandler)
                  20011d74    000001ac     main.obj (.text:main)
                  20011f20    000001a4     camera_app.obj (.text:CameraIntHandler)
                  200120c4    000001a4     orientation.obj (.text:fQuaternionFromRotationMatrix)
                  20012268    000001a4     cc3200_socket.obj (.text:socketSslConnect)
                  2001240c    0000019c     rtsv7M4_T_le_eabi.lib : xfsin.obj (.text)
                  200125a8    00000190     simplelink.a : driver.obj (.text:_SlDrvWaitForPoolObj)
                  20012738    00000188     matrix.obj (.text:f3x3matrixAeqInvSymB)
                  200128c0    00000184     flc.a : flc.obj (.text)
                  20012a44    00000184     request.obj (.text:sendRequest)
                  20012bc8    00000180     orientation.obj (.text:fWin8AnglesDegFromRotationMatrix)
                  20012d48    00000178     rtsv7M4_T_le_eabi.lib : tanf.obj (.text)
                  20012ec0    00000178                           : xfexp.obj (.text)
                  20013038    00000174     simplelink.a : driver.obj (.text:_SlDrvDriverCBInit)
                  200131ac    00000174     magnetic.obj (.text:fInitMagCalibration)
                  20013320    00000170     simplelink.a : driver.obj (.text:_SlFindAndSetActiveObj)
                  20013490    0000016c     SendObject_ToParse.obj (.text:SendObject_ToParse)
                  200135fc    00000168     ota.obj (.text:OTAServerInfoSet)
                  20013764    00000160     tasks.obj (.text:Fusion_Run)
                  200138c4    00000158     door_position_detection_algorithm.obj (.text:Calculate_DoorOpenThresholdAngle)
                  20013a1c    00000158     drivers.obj (.text:FXOS8700_Init)
                  20013b74    00000158     orientation.obj (.text:qAeqAxB)
                  20013ccc    00000158     orientation.obj (.text:qconjgAxB)
                  20013e24    00000154     network_relater_fns.obj (.text:SimpleLinkWlanEventHandler)
                  20013f78    00000150     simplelink.a : cc_pal.obj (.text:spi_Open)
                  200140c8    0000014c     camera_app.obj (.text:CaptureandSavePreviewImage)
                  20014214    0000014c     ota.obj (.text:OTA_Run)
                  20014360    0000014c     parse_uploads.obj (.text:UploadFirmwareVersionObjectToParse)
                  200144ac    00000140     door_position_detection_algorithm.obj (.text:Calculate_TrueMinMaxAngles)
                  200145ec    0000013c     rtsv7M4_T_le_eabi.lib : fmodf.obj (.text)
                  20014728    0000013c     simplelink.a : socket.obj (.text:sl_Select)
                  20014864    00000138     i2cconfig.obj (.text:I2CBufferRead)
                  2001499c    00000138     Task_ImageCaptureConfigs.obj (.text:ImageSensor_CaptureConfigs_Task)
                  20014ad4    00000138     orientation.obj (.text:fLPFOrientationQuaternion)
                  20014c0c    00000138     orientation.obj (.text:fRotationMatrixFromQuaternion)
                  20014d44    00000136     rtsv7M4_T_le_eabi.lib : fd_div_t2.obj (.text)
                  20014e7a    00000002     startup_ccs.obj (.text:NmiSR)
                  20014e7c    00000134     driverlib.a : prcm.obj (.text:PRCMCC3200MCUInit)
                  20014fb0    00000134     rtsv7M4_T_le_eabi.lib : fputs.obj (.text)
                  200150e4    00000130     i2cconfig.obj (.text:I2CBufferWrite)
                  20015214    0000012a     free_rtos.a : list.obj (.text)
                  2001533e    00000002     main.obj (.text:vApplicationIdleHook)
                  20015340    00000128     simplelink.a : driver.obj (.text:_SlDrvDataReadOp)
                  20015468    00000120     network_relater_fns.obj (.text:initNetwork)
                  20015588    00000118     simplelink.a : socket.obj (.text:sl_SendTo)
                  200156a0    00000110     mt9d111.obj (.text:RestartSensorInJpegMode)
                  200157b0    00000110     free_rtos.a : port.obj (.text)
                  200158c0    00000110     rtsv7M4_T_le_eabi.lib : xdscale.obj (.text)
                  200159d0    0000010c     hibernate_related_fns.obj (.text:HIBernate)
                  20015adc    0000010c     simplelink.a : socket.obj (.text:sl_RecvFrom)
                  20015be8    0000010a     drivers.obj (.text:FXOS8700_ReadData)
                  20015cf2    00000002     main.obj (.text:vApplicationMallocFailedHook)
                  20015cf4    00000108     middleware.a : rtc_hal.obj (.text:rtc_fast_domain_counter_rd)
                  20015dfc    00000108     simplelink.a : socket.obj (.text:sl_Connect)
                  20015f04    00000108                  : socket.obj (.text:sl_Send)
                  2001600c    00000104                  : driver.obj (.text:_SlDrvDataWriteOp)
                  20016110    00000104                  : netapp.obj (.text:sl_NetAppDnsGetHostByName)
                  20016214    00000100     cc3200_client_state.obj (.text:loadClientState)
                  20016314    000000fe     simplelink.a : netapp.obj (.text:_SlDrvNetAppEventHandler)
                  20016412    00000002     --HOLE-- [fill = 0]
                  20016414    000000fc     main.obj (.text:InitializeAppVariables)
                  20016510    000000fc     pinmux.obj (.text:PinMuxConfig)
                  2001660c    000000fc     orientation.obj (.text:fqAeqNormqA)
                  20016708    000000fc     rtsv7M4_T_le_eabi.lib : fd_mul_t2.obj (.text)
                  20016804    000000fa                           : fs_add_t2.obj (.text)
                  200168fe    00000002     --HOLE-- [fill = 0]
                  20016900    000000f8     network_relater_fns.obj (.text:GetTimeNTP)
                  200169f8    000000f8     Task_Main.obj (.text:Main_Task_withHibernate)
                  20016af0    000000f8     network_relater_fns.obj (.text:WiFi_Connect)
                  20016be8    000000f8     cc3200_certificate.obj (.text:ensureCertificateFile)
                  20016ce0    000000f4     mt9d111.obj (.text:SetAnalogGain)
                  20016dd4    000000f4     mt9d111.obj (.text:SetDigitalGain)
                  20016ec8    000000f4     simplelink.a : driver.obj (.text:_SlDrvDriverCBDeinit)
                  20016fbc    000000f4     installation.obj (.text:getInstallation)
                  200170b0    000000f4     app_common.obj (.text:intToASCII)
                  200171a4    000000f4     simplelink.a : fs.obj (.text:sl_FsRead)
                  20017298    000000f2     cc3200_socket.obj (.text:socketRead)
                  2001738a    00000002     --HOLE-- [fill = 0]
                  2001738c    000000f0     driverlib.a : udma.obj (.text:uDMAChannelTransferSet)
                  2001747c    000000ec     orientation.obj (.text:fRotationVectorDegFromQuaternion)
                  20017568    000000ec     tempRHSens_si7020.obj (.text:getTempRH)
                  20017654    000000ec     simplelink.a : fs.obj (.text:sl_FsWrite)
                  20017740    000000e8     door_position_detection_algorithm.obj (.text:Check_MinMax)
                  20017828    000000e8     mt9d111.obj (.text:Register_Read)
                  20017910    000000e4     user_configure_fn.obj (.text:AccessPtMode_HTTPServer_Start)
                  200179f4    000000e4     mt9d111.obj (.text:SetInitialGain)
                  20017ad8    000000e4     fusion.obj (.text:fRun_6DOF_GB_BASIC)
                  20017bbc    000000dc     rtsv7M4_T_le_eabi.lib : setvbuf.obj (.text)
                  20017c98    000000dc     simplelink.a : cc_pal.obj (.text:spi_Read)
                  20017d74    000000da     app_common.obj (.text:Get_FridgeCamID)
                  20017e4e    00000002     --HOLE-- [fill = 0]
                  20017e50    000000d8     user_configure_fn.obj (.text:CollectAngle)
                  20017f28    000000d8     simplelink.a : driver.obj (.text:_SlDrvClassifyRxMsg)
                  20018000    000000d8     rtsv7M4_T_le_eabi.lib : xfatan.obj (.text)
                  200180d8    000000d4     camera_app.obj (.text:DMAConfig)
                  200181ac    000000d4     i2c_app.obj (.text:i2cWriteRegisters)
                  20018280    000000d4     simplelink.a : device.obj (.text:sl_Stop)
                  20018354    000000d0     rtsv7M4_T_le_eabi.lib : xfdscale.obj (.text)
                  20018424    000000cc     Task_UserConfig.obj (.text:UserConfigure_Task)
                  200184f0    000000cc     approximations.obj (.text:fatan_deg)
                  200185bc    000000cc     rtsv7M4_T_le_eabi.lib : sqrtf.obj (.text)
                  20018688    000000c8     flash_files.obj (.text:WriteFile_ToFlash)
                  20018750    000000c8     simplelink.a : netapp.obj (.text:_sl_HandleAsync_DnsGetHostByService)
                  20018818    000000c8     rtsv7M4_T_le_eabi.lib : fflush.obj (.text)
                  200188e0    000000c4     simplelink.a : driver.obj (.text:_SlRemoveFromList)
                  200189a4    000000c0     i2c_if.obj (.text:I2C_IF_Read)
                  20018a64    000000c0     parse_uploads.obj (.text:UploadSensorDataToParse)
                  20018b24    000000be     rtsv7M4_T_le_eabi.lib : xdnorm.obj (.text)
                  20018be2    00000002     --HOLE-- [fill = 0]
                  20018be4    000000bc     i2c_if.obj (.text:I2C_IF_Write)
                  20018ca0    000000bc     simplelink.a : driver.obj (.text:_SlDrvMsgReadCmdCtx)
                  20018d5c    000000bc     rtsv7M4_T_le_eabi.lib : acosf.obj (.text)
                  20018e18    000000bc     simplelink.a : device.obj (.text:sl_Start)
                  20018ed4    000000ba     free_rtos.a : portasm.obj (.text)
                  20018f8e    00000002     --HOLE-- [fill = 0]
                  20018f90    000000b8     simplelink.a : driver.obj (.text:_SlAsyncEventGenericHandler)
                  20019048    000000b8     installation.obj (.text:createInstallation)
                  20019100    000000b4     simplelink.a : netapp.obj (.text:sl_NetAppMDNSRegisterUnregisterService)
                  200191b4    000000ac     rtsv7M4_T_le_eabi.lib : _io_perm.obj (.text)
                  20019260    000000ab     installation.obj (.text:getInstallationByIdCallback)
                  2001930b    00000001     --HOLE-- [fill = 0]
                  2001930c    000000aa     uartA1_if.obj (.text:Report)
                  200193b6    00000002     --HOLE-- [fill = 0]
                  200193b8    000000a8     driverlib.a : interrupt.obj (.text:IntDisable)
                  20019460    000000a8                 : interrupt.obj (.text:IntEnable)
                  20019508    000000a8     parse_uploads.obj (.text:UploadImageToParse)
                  200195b0    000000a8     simplelink.a : netcfg.obj (.text:sl_NetCfgGet)
                  20019658    000000a0     flash_files.obj (.text:ReadFile_FromFlash)
                  200196f8    000000a0     driverlib.a : spi.obj (.text:SPIConfigSetExpClk)
                  20019798    000000a0     parse_uploads.obj (.text:UploadGroundDataObjectToParse)
                  20019838    000000a0     cc3200_socket.obj (.text:socketWrite)
                  200198d8    0000009e     matrix.obj (.text:f3x3matrixDetA)
                  20019976    00000002     --HOLE-- [fill = 0]
                  20019978    0000009c     parse_uploads.obj (.text:UploadUserConfigObjectToParse)
                  20019a14    0000009c     simplelink.a : driver.obj (.text:_SlDrvMsgReadSpawnCtx)
                  20019ab0    0000009c     approximations.obj (.text:fatan2_deg)
                  20019b4c    0000009c     i2c_app.obj (.text:i2cReadRegistersTwoBytes)
                  20019be8    0000009c     rtsv7M4_T_le_eabi.lib : memcpy_t2.obj (.text)
                  20019c84    0000009c     simplelink.a : device.obj (.text:sl_DevGet)
                  20019d20    00000098     network_relater_fns.obj (.text:InitializeUserConfigVariables)
                  20019db8    00000098     LED_timer.obj (.text:IntrptHandler_LEDTimer)
                  20019e50    00000098     simplelink.a : fs.obj (.text:_sl_GetCreateFsMode)
                  20019ee8    00000098     i2c_app.obj (.text:i2cReadRegisters)
                  20019f80    00000098     rtsv7M4_T_le_eabi.lib : fclose.obj (.text)
                  2001a018    00000098                           : fputc.obj (.text)
                  2001a0b0    00000096     parse_uploads.obj (.text:Add_NumberField_ToJSONString)
                  2001a146    00000002     --HOLE-- [fill = 0]
                  2001a148    00000094     jpeg.obj (.text:Modify_JPEGHeaderFile)
                  2001a1dc    00000094     driverlib.a : prcm.obj (.text:PRCMPeripheralClockGet)
                  2001a270    00000094     approximations.obj (.text:facos_deg)
                  2001a304    00000094     rtsv7M4_T_le_eabi.lib : snprintf.obj (.text)
                  2001a398    00000092     parse_impl.obj (.text:parseInitialize)
                  2001a42a    00000092     rtsv7M4_T_le_eabi.lib : fs_div_t2.obj (.text)
                  2001a4bc    00000090     appFns_BatteryLevelSense.obj (.text:Get_BatteryPercent)
                  2001a54c    0000008c     app_common.obj (.text:LED_Blink_2)
                  2001a5d8    0000008c     mt9d111.obj (.text:Read_AllRegisters)
                  2001a664    0000008c     simplelink.a : cc_pal.obj (.text:SetupDMAReceive)
                  2001a6f0    0000008c                  : cc_pal.obj (.text:SetupDMASend)
                  2001a77c    0000008c                  : netapp.obj (.text:_sl_HandleAsync_DnsGetHostByName)
                  2001a808    0000008c                  : netapp.obj (.text:_sl_HandleAsync_PingResponse)
                  2001a894    0000008c     rtsv7M4_T_le_eabi.lib : xfdint.obj (.text)
                  2001a920    0000008c     simplelink.a : cc_pal.obj (.text:spi_Write)
                  2001a9ac    00000088     mt9d111.obj (.text:EnterStandby_mt9d111)
                  2001aa34    00000088     jpeg.obj (.text:Get_ChromQtable)
                  2001aabc    00000088     jpeg.obj (.text:Get_LumQtable)
                  2001ab44    00000088     driverlib.a : prcm.obj (.text:PRCMHibernateIntervalSet)
                  2001abcc    00000088                 : pin.obj (.text:PinConfigSet)
                  2001ac54    00000088     user_configure_fn.obj (.text:WlanConnect)
                  2001acdc    00000088     rtsv7M4_T_le_eabi.lib : vsnprintf.obj (.text)
                  2001ad64    00000088     simplelink.a : socket.obj (.text:sl_Bind)
                  2001adec    00000088                  : fs.obj (.text:sl_FsClose)
                  2001ae74    00000086     rtsv7M4_T_le_eabi.lib : fd_cmp_t2.obj (.text:__aeabi_cdcmple)
                  2001aefa    00000086                           : fd_cmp_t2.obj (.text:__aeabi_cdrcmple)
                  2001af80    00000084     mt9d111.obj (.text:ExitStandby_mt9d111)
                  2001b004    00000084     timer_if.obj (.text:GetPeripheralIntNum)
                  2001b088    00000084     driverlib.a : i2c.obj (.text:I2CMasterInitExpClk)
                  2001b10c    00000084     simplelink.a : cc_pal.obj (.text:NwpPowerOnPreamble)
                  2001b190    00000084     matrix.obj (.text:f3x3matrixAeqI)
                  2001b214    00000084     fusion.obj (.text:fInit_6DOF_GB_BASIC)
                  2001b298    00000080     simplelink.a : driver.obj (.text:_SlDrvCmdOp)
                  2001b318    00000080     tempRHSens_si7020.obj (.text:configureTempRHSensor)
                  2001b398    00000080     simplelink.a : cc_pal.obj (.text:spi_Read_CPU)
                  2001b418    00000080                  : cc_pal.obj (.text:spi_Write_CPU)
                  2001b498    0000007c     driverlib.a : prcm.obj (.text:PRCMRTCGet)
                  2001b514    0000007c     user_configure_fn.obj (.text:SaveImageConfig)
                  2001b590    0000007c     simplelink.a : device.obj (.text:_sl_HandleAsync_InitComplete)
                  2001b60c    0000007c     matrix.obj (.text:fmatrixAeqI)
                  2001b688    0000007c     simplelink.a : fs.obj (.text:sl_FsGetInfo)
                  2001b704    0000007a     rtsv7M4_T_le_eabi.lib : fs_mul_t2.obj (.text)
                  2001b77e    0000007a                           : memset_t2.obj (.text)
                  2001b7f8    0000007a                           : xfdnorm.obj (.text)
                  2001b872    00000002     --HOLE-- [fill = 0]
                  2001b874    00000078     i2c_if.obj (.text:I2CTransact)
                  2001b8ec    00000078     parse_uploads.obj (.text:InitialiseParse)
                  2001b964    00000078     ota.obj (.text:OTA_CommitImage)
                  2001b9dc    00000078     simplelink.a : socket.obj (.text:_sl_HandleAsync_Connect)
                  2001ba54    00000078                  : fs.obj (.text:sl_FsOpen)
                  2001bacc    00000078                  : cc_pal.obj (.text:spi_Close)
                  2001bb44    00000076     driverlib.a : uart.obj (.text:UARTConfigSetExpClk)
                  2001bbba    00000002     --HOLE-- [fill = 0]
                  2001bbbc    00000074     camera_app.obj (.text:Standby_ImageSensor)
                  2001bc30    00000074     middleware.a : rtc_hal.obj (.text:rtc_value_rd)
                  2001bca4    00000074     simplelink.a : socket.obj (.text:sl_Recv)
                  2001bd18    00000073     installation.obj (.text:getInstallationCallback)
                  2001bd8b    00000001     --HOLE-- [fill = 0]
                  2001bd8c    00000072     timer_if.obj (.text:Timer_IF_IntSetup)
                  2001bdfe    00000002     --HOLE-- [fill = 0]
                  2001be00    00000070     camera_app.obj (.text:Start_CameraCapture)
                  2001be70    00000070     timer_fns.obj (.text:get_timeDuration)
                  2001bee0    0000006c     camera_app.obj (.text:CamControllerInit)
                  2001bf4c    0000006c     udma_if.obj (.text:UDMAInit)
                  2001bfb8    0000006c     simplelink.a : driver.obj (.text:_SlDrvCmdSend)
                  2001c024    0000006c     matrix.obj (.text:f3x3matrixAeqMinusA)
                  2001c090    0000006c     request.obj (.text:parseSendRequestInternal)
                  2001c0fc    0000006c     rtsv7M4_T_le_eabi.lib : autoinit.obj (.text)
                  2001c168    0000006c                           : fprintf.obj (.text)
                  2001c1d4    0000006c                           : fs_toll_t2.obj (.text)
                  2001c240    0000006c     timer_fns.obj (.text:start_periodicInterrupt_timer)
                  2001c2ac    0000006a     matrix.obj (.text:f3x3matrixAeqAxScalar)
                  2001c316    0000006a     rtsv7M4_T_le_eabi.lib : copy_decompress_rle.obj (.text)
                  2001c380    00000069     http.obj (.text:beginHttpGetRequest)
                  2001c3e9    00000003     --HOLE-- [fill = 0]
                  2001c3ec    00000068     driverlib.a : prcm.obj (.text:PRCMHibernateWakeUpGPIOSelect)
                  2001c454    00000068     mt9d111.obj (.text:ReadGainReg)
                  2001c4bc    00000068     simplelink.a : netapp.obj (.text:_sl_NetAppSendTokenValue)
                  2001c524    00000068     cc3200_utils.obj (.text:fetchDeviceOSVersion)
                  2001c58c    00000068     rtsv7M4_T_le_eabi.lib : trgmsg.obj (.text)
                  2001c5f4    00000068     user_configure_fn.obj (.text:save_user_configs)
                  2001c65c    00000068     simplelink.a : device.obj (.text:sl_DevSet)
                  2001c6c4    00000068                  : netcfg.obj (.text:sl_NetCfgSet)
                  2001c72c    00000068                  : socket.obj (.text:sl_SetSockOpt)
                  2001c794    00000068                  : wlan.obj (.text:sl_WlanSet)
                  2001c7fc    00000066     matrix.obj (.text:f3x3matrixAeqScalar)
                  2001c862    00000066     rtsv7M4_T_le_eabi.lib : xdunscal.obj (.text)
                  2001c8c8    00000064                           : fseek.obj (.text)
                  2001c92c    00000064     cc3200_socket.obj (.text:socketWait)
                  2001c990    00000064     driverlib.a : udma.obj (.text:uDMAChannelAttributeDisable)
                  2001c9f4    00000064                 : udma.obj (.text:uDMAChannelAttributeEnable)
                  2001ca58    00000060     rtsv7M4_T_le_eabi.lib : fs_cmp_t2.obj (.text:__aeabi_cfcmple)
                  2001cab8    00000060                           : fs_cmp_t2.obj (.text:__aeabi_cfrcmple)
                  2001cb18    00000060     simplelink.a : socket.obj (.text:_sl_HandleAsync_Accept)
                  2001cb78    00000060     main_FXOS8700.obj (.text:fxosDefault_Initializations)
                  2001cbd8    00000060     lightSens_isl29035.obj (.text:getLightsensor_data)
                  2001cc38    00000060     rtsv7M4_T_le_eabi.lib : sprintf.obj (.text)
                  2001cc98    00000060     simplelink.a : wlan.obj (.text:sl_WlanPolicySet)
                  2001ccf8    0000005c                  : socket.obj (.text:sl_Socket)
                  2001cd54    00000058     driverlib.a : interrupt.obj (.text:IntPendClear)
                  2001cdac    00000058                 : prcm.obj (.text:PRCMPeripheralReset)
                  2001ce04    00000056     rtsv7M4_T_le_eabi.lib : ltoa.obj (.text)
                  2001ce5a    00000056                           : xfdunsca.obj (.text)
                  2001ceb0    00000054     driverlib.a : interrupt.obj (.text:IntPrioritySet)
                  2001cf04    00000054     simplelink.a : socket.obj (.text:_sl_HandleAsync_Select)
                  2001cf58    00000054     approximations.obj (.text:fasin_deg)
                  2001cfac    00000054     request.obj (.text:headerSend)
                  2001d000    00000054     simplelink.a : wlan.obj (.text:sl_WlanRxFilterSet)
                  2001d054    00000051     installation.obj (.text:createInstallationCallback)
                  2001d0a5    00000003     --HOLE-- [fill = 0]
                  2001d0a8    00000050     i2c_if.obj (.text:I2C_IF_Open)
                  2001d0f8    00000050     driverlib.a : prcm.obj (.text:PRCMSlowClkCtrGet)
                  2001d148    00000050     camera_app.obj (.text:Restart_Camera)
                  2001d198    00000050     simplelink.a : device.obj (.text:_sl_HandleAsync_Stop)
                  2001d1e8    00000050     mt9d111.obj (.text:disableAE)
                  2001d238    00000050     mt9d111.obj (.text:disableAWB)
                  2001d288    00000050     mt9d111.obj (.text:enableAWB)
                  2001d2d8    00000050     main_FXOS8700.obj (.text:get_angle)
                  2001d328    00000050     rtsv7M4_T_le_eabi.lib : fs_toull_t2.obj (.text)
                  2001d378    00000050     simplelink.a : fs.obj (.text:sl_FsDel)
                  2001d3c8    0000004c     NWP.obj (.text:NWP_SwitchOn)
                  2001d414    0000004c     tasks.obj (.text:RdSensData_Init)
                  2001d460    0000004c     driverlib.a : spi.obj (.text:SPIIntEnable)
                  2001d4ac    0000004c     simplelink.a : driver.obj (.text:_SlDrvProtectAsyncRespSetting)
                  2001d4f8    0000004c                  : driver.obj (.text:_SlDrvRxIrqHandler)
                  2001d544    0000004c                  : socket.obj (.text:_sl_BuildAddress)
                  2001d590    0000004c     rtsv7M4_T_le_eabi.lib : atoi.obj (.text)
                  2001d5dc    0000004c                           : atol.obj (.text)
                  2001d628    0000004c                           : cpy_tbl.obj (.text)
                  2001d674    0000004c                           : rand.obj (.text)
                  2001d6c0    0000004c     driverlib.a : udma.obj (.text:uDMAChannelAssign)
                  2001d70c    0000004c     middleware.a : util64.obj (.text:util_u32_nsec_add)
                  2001d758    0000004a     rtsv7M4_T_le_eabi.lib : fd_tos_t2.obj (.text)
                  2001d7a2    00000002     --HOLE-- [fill = 0]
                  2001d7a4    00000048     NWP.obj (.text:NWP_SwitchOff)
                  2001d7ec    00000048     driverlib.a : prcm.obj (.text:PRCMHibernateWakeupSourceDisable)
                  2001d834    00000048                 : prcm.obj (.text:PRCMHibernateWakeupSourceEnable)
                  2001d87c    00000048     mt9d111.obj (.text:ReadImageConfigReg)
                  2001d8c4    00000048     driverlib.a : spi.obj (.text:SPIIntClear)
                  2001d90c    00000048     mt9d111.obj (.text:Variable_Read)
                  2001d954    00000048     watchdog.obj (.text:WatchdogIntHandler)
                  2001d99c    00000048     simplelink.a : driver.obj (.text:_SlDrvBasicCmd)
                  2001d9e4    00000048     http.obj (.text:addHttpRequestLine)
                  2001da2c    00000048     approximations.obj (.text:fatan_15deg)
                  2001da74    00000048     rtsv7M4_T_le_eabi.lib : fd_toi_t2.obj (.text)
                  2001dabc    00000048     tempRHSens_si7020.obj (.text:verifyTempRHSensor)
                  2001db04    00000046     rtsv7M4_T_le_eabi.lib : ldexp.obj (.text)
                  2001db4a    00000002     --HOLE-- [fill = 0]
                  2001db4c    00000044     appFns_BatteryLevelSense.obj (.text:Get_BatteryVoltage)
                  2001db90    00000044     driverlib.a : spi.obj (.text:SPIDmaMaskGet)
                  2001dbd4    00000044     network_relater_fns.obj (.text:SimpleLinkNetAppEventHandler)
                  2001dc18    00000044     driverlib.a : timer.obj (.text:TimerConfigure)
                  2001dc5c    00000044     udma_if.obj (.text:UDMASetupTransfer)
                  2001dca0    00000044     simplelink.a : cc_pal.obj (.text:cc_SetupTransfer)
                  2001dce4    00000044     main_FXOS8700.obj (.text:fxos_Calibration)
                  2001dd28    00000044     rtsv7M4_T_le_eabi.lib : exit.obj (.text)
                  2001dd6c    00000044                           : fd_tou_t2.obj (.text)
                  2001ddb0    00000044     lightSens_isl29035.obj (.text:verifyISL29035)
                  2001ddf4    00000042     simplelink.a : socket.obj (.text:sl_Htonl)
                  2001de36    00000002     --HOLE-- [fill = 0]
                  2001de38    00000040     mt9d111.obj (.text:CCMRegs_Read)
                  2001de78    00000040     camera_app.obj (.text:Config_CameraCapture)
                  2001deb8    00000040     network_relater_fns.obj (.text:ConfigureMode)
                  2001def8    00000040     camera_app.obj (.text:ImagCapture_Init)
                  2001df38    00000040     mt9d111.obj (.text:PCLK_Rate_read)
                  2001df78    00000040     driverlib.a : pin.obj (.text:PinModeSet)
                  2001dfb8    00000040     mt9d111.obj (.text:Variable_Write)
                  2001dff8    00000040     watchdog.obj (.text:WDT_init)
                  2001e038    00000040     http.obj (.text:getHttpResponseBody)
                  2001e078    00000040     rtsv7M4_T_le_eabi.lib : signal.obj (.text)
                  2001e0b8    00000040     timer_fns.obj (.text:start_1Sec_TimeoutTimer)
                  2001e0f8    00000040     accelomtrMagntomtr_fxos8700.obj (.text:verifyAccelMagnSensor)
                  2001e138    0000003e     rtsv7M4_T_le_eabi.lib : strncasecmp.obj (.text)
                  2001e176    0000003c     simplelink.a : netapp.obj (.text:CopyPingResultsToReport)
                  2001e1b2    00000002     --HOLE-- [fill = 0]
                  2001e1b4    0000003c     tasks.obj (.text:Fusion_Init)
                  2001e1f0    0000003c     ota.obj (.text:OTA_Init)
                  2001e22c    0000003c     driverlib.a : prcm.obj (.text:PRCMPeripheralClkEnable)
                  2001e268    0000003c                 : prcm.obj (.text:PRCMSlowClkCtrFastGet)
                  2001e2a4    0000003c     mt9d111.obj (.text:Reg_Read)
                  2001e2e0    0000003c     simplelink.a : socket.obj (.text:_sl_TruncatePayloadByProtocol)
                  2001e31c    0000003c     rtsv7M4_T_le_eabi.lib : boot.obj (.text)
                  2001e358    0000003c     simplelink.a : socket.obj (.text:sl_Htons)
                  2001e394    0000003c     timer_fns.obj (.text:start_100mSecTimer)
                  2001e3d0    0000003c     driverlib.a : udma.obj (.text:uDMAChannelControlSet)
                  2001e40c    0000003a                 : camera.obj (.text:CameraCaptureStop)
                  2001e446    0000003a                 : camera.obj (.text:CameraXClkConfig)
                  2001e480    0000003a     mt9d111.obj (.text:Reg_Write)
                  2001e4ba    0000003a     orientation.obj (.text:fLPFScalar)
                  2001e4f4    0000003a     request.obj (.text:parseSendRequest)
                  2001e52e    00000002     --HOLE-- [fill = 0]
                  2001e530    00000039     http.obj (.text:addHttpRequestHeader)
                  2001e569    00000003     --HOLE-- [fill = 0]
                  2001e56c    00000038     main.obj (.text:BoardInit)
                  2001e5a4    00000038     batteryVoltLvlSens_adc081c021.obj (.text:Get_BatteryVoltageLevel_ADC081C021)
                  2001e5dc    00000038     LED_timer.obj (.text:LEDTimer_Enable)
                  2001e614    00000038     network_relater_fns.obj (.text:Network_IF_GetHostIP)
                  2001e64c    00000038     simplelink.a : cc_pal.obj (.text:NwpPowerOff)
                  2001e684    00000038     wdt_if.obj (.text:WDT_IF_Init)
                  2001e6bc    00000038     camera_app.obj (.text:Wakeup_ImageSensor)
                  2001e6f4    00000038     free_rtos.a : heap_3.obj (.text)
                  2001e72c    00000038     rtsv7M4_T_le_eabi.lib : fs_tod_t2.obj (.text)
                  2001e764    00000038                           : fs_toi_t2.obj (.text)
                  2001e79c    00000038                           : i_tofs_t2.obj (.text)
                  2001e7d4    00000036     driverlib.a : gpio.obj (.text:GPIODirModeSet)
                  2001e80a    00000036     simplelink.a : netapp.obj (.text:sl_NetAppMDNSUnRegisterService)
                  2001e840    00000035     http.obj (.text:beginHttpRequest)
                  2001e875    00000001     --HOLE-- [fill = 0]
                  2001e876    00000034     driverlib.a : camera.obj (.text:CameraParamsConfig)
                  2001e8aa    00000002     --HOLE-- [fill = 0]
                  2001e8ac    00000034     LED_timer.obj (.text:LEDTimer_Start)
                  2001e8e0    00000034     driverlib.a : prcm.obj (.text:PRCMPeripheralStatusGet)
                  2001e914    00000034     lightSens_isl29035.obj (.text:PowerDown_ISL29035)
                  2001e948    00000034     driverlib.a : spi.obj (.text:SPIFIFOLevelSet)
                  2001e97c    00000034     mt9d111.obj (.text:Verify_ImageSensor)
                  2001e9b0    00000034     http.obj (.text:getHttpResponseStatus)
                  2001e9e4    00000034     rtsv7M4_T_le_eabi.lib : feraiseexcept.obj (.text)
                  2001ea18    00000034                           : fs_tou_t2.obj (.text)
                  2001ea4c    00000034                           : strstr.obj (.text)
                  2001ea80    00000032     timer_if.obj (.text:Timer_IF_Init)
                  2001eab2    00000030     driverlib.a : pin.obj (.text:PinTypeGPIO)
                  2001eae2    00000002     --HOLE-- [fill = 0]
                  2001eae4    00000030     reset.obj (.text:Reset_byStarvingWDT)
                  2001eb14    00000030     mt9d111.obj (.text:StartSensorInJpegMode)
                  2001eb44    00000030     driverlib.a : uart.obj (.text:UARTDisable)
                  2001eb74    00000030     simplelink.a : device.obj (.text:_SlDrvDeviceEventHandler)
                  2001eba4    00000030                  : fs.obj (.text:_sl_Strlen)
                  2001ebd4    00000030     middleware.a : rtc_hal.obj (.text:hw_access_time_addup)
                  2001ec04    00000030     rtsv7M4_T_le_eabi.lib : strncpy.obj (.text)
                  2001ec34    00000030                           : xferaise.obj (.text)
                  2001ec64    00000030     simplelink.a : socket.obj (.text:sl_Close)
                  2001ec94    00000030                  : wlan.obj (.text:sl_WlanProfileDel)
                  2001ecc4    00000030                  : wlan.obj (.text:sl_WlanSetMode)
                  2001ecf4    00000030     tempRHSens_si7020.obj (.text:softResetTempRHSensor)
                  2001ed24    0000002e     rtsv7M4_T_le_eabi.lib : i_tofd_t2.obj (.text)
                  2001ed52    0000002e                           : raise.obj (.text)
                  2001ed80    0000002d     http.obj (.text:addHttpRequestHeaderInt)
                  2001edad    00000003     --HOLE-- [fill = 0]
                  2001edb0    0000002c     tasks.obj (.text:ApplyMagHAL)
                  2001eddc    0000002c     driverlib.a : camera.obj (.text:CameraIntDisable)
                  2001ee08    0000002c                 : camera.obj (.text:CameraIntEnable)
                  2001ee34    0000002c     simplelink.a : cc_pal.obj (.text:DmaSpiSwIntHandler)
                  2001ee60    0000002c     driverlib.a : i2c.obj (.text:I2CMasterErr)
                  2001ee8c    0000002c     timer_fns.obj (.text:IntHandler_1Sec_TimeoutTimer)
                  2001eeb8    0000002c     driverlib.a : prcm.obj (.text:PRCMSysResetCauseGet)
                  2001eee4    0000002c     mt9d111.obj (.text:SoftReset_ImageSensor)
                  2001ef10    0000002c     cc3200_utils.obj (.text:getDeviceTimeDate)
                  2001ef3c    0000002c     request.obj (.text:setDataBufferPointer)
                  2001ef68    0000002c     accelomtrMagntomtr_fxos8700.obj (.text:standby_accelMagn_fxos8700)
                  2001ef94    0000002a     driverlib.a : timer.obj (.text:TimerLoadSet)
                  2001efbe    0000002a                 : timer.obj (.text:TimerPrescaleSet)
                  2001efe8    0000002a     rtsv7M4_T_le_eabi.lib : xdclass.obj (.text)
                  2001f012    0000002a     middleware.a : util64.obj (.text:util_u64_time_add)
                  2001f03c    00000028     driverlib.a : camera.obj (.text:CameraIntStatus)
                  2001f064    00000028     uartA1_if.obj (.text:InitTerm)
                  2001f08c    00000028     driverlib.a : prcm.obj (.text:IsRTCUsed)
                  2001f0b4    00000028     uartA1_if.obj (.text:Message)
                  2001f0dc    00000028     ota.obj (.text:OTA_Update)
                  2001f104    00000028     driverlib.a : prcm.obj (.text:PRCMPeripheralClkDisable)
                  2001f12c    00000028     accelomtrMagntomtr_fxos8700.obj (.text:getAccelMagntData)
                  2001f154    00000028     lightSens_isl29035.obj (.text:getLightsensor_intrptStatus)
                  2001f17c    00000028     rtsv7M4_T_le_eabi.lib : strncat.obj (.text)
                  2001f1a4    00000028     simplelink.a : netapp.obj (.text:sl_NetAppStart)
                  2001f1cc    00000028                  : netapp.obj (.text:sl_NetAppStop)
                  2001f1f4    00000026     driverlib.a : camera.obj (.text:CameraThresholdSet)
                  2001f21a    00000026     simplelink.a : cc_pal.obj (.text:NwpRegisterInterruptHandler)
                  2001f240    00000026     network_relater_fns.obj (.text:SimpleLinkSockEventHandler)
                  2001f266    00000026     rtsv7M4_T_le_eabi.lib : strncmp.obj (.text)
                  2001f28c    00000024     driverlib.a : camera.obj (.text:CameraIntClear)
                  2001f2b0    00000024     dbgFns.obj (.text:Check_I2CDevices)
                  2001f2d4    00000024     timer_fns.obj (.text:IntHandler_100mSecTimer)
                  2001f2f8    00000024     driverlib.a : interrupt.obj (.text:IntUnregister)
                  2001f31c    00000024                 : prcm.obj (.text:RTCU16MSecRegRead)
                  2001f340    00000024     camera_app.obj (.text:ReStart_CameraCapture)
                  2001f364    00000024     timer_if.obj (.text:Timer_IF_Start)
                  2001f388    00000024     driverlib.a : uart.obj (.text:UARTEnable)
                  2001f3ac    00000024     mt9d111.obj (.text:WriteAllAEnAWBRegs)
                  2001f3d0    00000024     simplelink.a : driver.obj (.text:_SlDrvProtectionObjLockWaitForever)
                  2001f3f4    00000024     main_FXOS8700.obj (.text:magnetometer_initialize)
                  2001f418    00000024     timer_fns.obj (.text:reload_periodicTimer)
                  2001f43c    00000024     rtsv7M4_T_le_eabi.lib : u_tofs_t2.obj (.text)
                  2001f460    00000022     driverlib.a : camera.obj (.text:CameraCaptureStart)
                  2001f482    00000022                 : i2c.obj (.text:I2CMasterSlaveAddrSet)
                  2001f4a4    00000022     simplelink.a : socket.obj (.text:SL_FD_SET)
                  2001f4c6    00000022     driverlib.a : spi.obj (.text:SPIReset)
                  2001f4e8    00000022                 : spi.obj (.text:SPIWordCountSet)
                  2001f50a    00000022     rtsv7M4_T_le_eabi.lib : frexp.obj (.text)
                  2001f52c    00000022                           : memcmp.obj (.text)
                  2001f54e    00000020     driverlib.a : gpio.obj (.text:GPIOPinWrite)
                  2001f56e    00000002     --HOLE-- [fill = 0]
                  2001f570    00000020                 : interrupt.obj (.text:IntRegister)
                  2001f590    00000020     simplelink.a : cc_pal.obj (.text:NwpPowerOn)
                  2001f5b0    00000020     mt9d111.obj (.text:Refresh_mt9d111Firmware)
                  2001f5d0    00000020     simplelink.a : driver.obj (.text:_SlDrvProtectionObjUnLock)
                  2001f5f0    00000020     rtsv7M4_T_le_eabi.lib : memchr.obj (.text)
                  2001f610    00000020                           : u_tofd_t2.obj (.text)
                  2001f630    0000001e     driverlib.a : i2c.obj (.text:I2CMasterIntStatusEx)
                  2001f64e    0000001e                 : timer.obj (.text:TimerDisable)
                  2001f66c    0000001e                 : timer.obj (.text:TimerEnable)
                  2001f68a    0000001e                 : timer.obj (.text:TimerIntStatus)
                  2001f6a8    0000001e                 : uart.obj (.text:UARTCharPut)
                  2001f6c6    0000001e     simplelink.a : cc_pal.obj (.text:cc_UDMAChannelSelect)
                  2001f6e4    0000001e     rtsv7M4_T_le_eabi.lib : strcat.obj (.text)
                  2001f702    00000002     --HOLE-- [fill = 0]
                  2001f704    0000001c     tasks.obj (.text:ApplyAccelHAL)
                  2001f720    0000001c     mt9d111.obj (.text:CameraSensorInit)
                  2001f73c    0000001c     udma_if.obj (.text:DmaSwIntHandler)
                  2001f758    0000001c     driverlib.a : pin.obj (.text:PinTypeI2C)
                  2001f774    0000001c     appFns_LightSensor.obj (.text:PowerDown_LightSensor)
                  2001f790    0000001c     driverlib.a : timer.obj (.text:TimerValueGet)
                  2001f7ac    0000001c     simplelink.a : driver.obj (.text:_SlDrvObjLockWaitForever)
                  2001f7c8    0000001c                  : driver.obj (.text:_SlDrvSyncObjWaitForever)
                  2001f7e4    0000001c     rtsv7M4_T_le_eabi.lib : memccpy.obj (.text)
                  2001f800    0000001c     timer_fns.obj (.text:stop_100mSecTimer)
                  2001f81c    0000001c     timer_fns.obj (.text:stop_1Sec_TimeoutTimer)
                  2001f838    0000001c     timer_fns.obj (.text:stop_periodicInterrupt_timer)
                  2001f854    0000001c     driverlib.a : udma.obj (.text:uDMAChannelDisable)
                  2001f870    0000001c                 : udma.obj (.text:uDMAChannelEnable)
                  2001f88c    0000001a     appFns_LightSensor.obj (.text:IsLightOff)
                  2001f8a6    0000001a     driverlib.a : pin.obj (.text:PinTypeCamera)
                  2001f8c0    0000001a                 : pin.obj (.text:PinTypeUART)
                  2001f8da    0000001a                 : spi.obj (.text:SPIDmaDisable)
                  2001f8f4    0000001a                 : spi.obj (.text:SPIDmaEnable)
                  2001f90e    0000001a                 : spi.obj (.text:SPIFIFODisable)
                  2001f928    0000001a                 : spi.obj (.text:SPIFIFOEnable)
                  2001f942    00000018                 : camera.obj (.text:CameraReset)
                  2001f95a    00000018                 : gpio.obj (.text:GPIOPinRead)
                  2001f972    00000002     --HOLE-- [fill = 0]
                  2001f974    00000018     timer_fns.obj (.text:ISR_periodicInterrupt_timer)
                  2001f98c    00000018     app_common.obj (.text:LED_Off)
                  2001f9a4    00000018     app_common.obj (.text:LED_On)
                  2001f9bc    00000018     driverlib.a : prcm.obj (.text:PRCMHibernateEnter)
                  2001f9d4    00000018                 : spi.obj (.text:SPICSDisable)
                  2001f9ec    00000018                 : spi.obj (.text:SPICSEnable)
                  2001fa04    00000018                 : spi.obj (.text:SPIDisable)
                  2001fa1c    00000018                 : spi.obj (.text:SPIEnable)
                  2001fa34    00000018                 : timer.obj (.text:TimerIntEnable)
                  2001fa4c    00000018     timer_if.obj (.text:Timer_IF_InterruptClear)
                  2001fa64    00000018     driverlib.a : wdt.obj (.text:WatchdogStallEnable)
                  2001fa7c    00000018                 : wdt.obj (.text:WatchdogUnlock)
                  2001fa94    00000018     simplelink.a : driver.obj (.text:_SlDrvObjUnLock)
                  2001faac    00000018                  : driver.obj (.text:_SlDrvSyncObjSignal)
                  2001fac4    00000018                  : device.obj (.text:_sl_GetStartResponseConvert)
                  2001fadc    00000018     middleware.a : rtc_hal.obj (.text:get_value)
                  2001faf4    00000018     rtsv7M4_T_le_eabi.lib : args_main.obj (.text)
                  2001fb0c    00000018                           : strcmp.obj (.text)
                  2001fb24    00000016     driverlib.a : camera.obj (.text:CameraDMAEnable)
                  2001fb3a    00000016                 : camera.obj (.text:CameraIntRegister)
                  2001fb50    00000016                 : i2c.obj (.text:I2CMasterDataPut)
                  2001fb66    00000016                 : i2c.obj (.text:I2CMasterEnable)
                  2001fb7c    00000016                 : prcm.obj (.text:PRCMHIBRegRead)
                  2001fb92    00000016                 : prcm.obj (.text:PRCMHIBRegWrite)
                  2001fba8    00000016                 : wdt.obj (.text:WatchdogEnable)
                  2001fbbe    00000016     simplelink.a : driver.obj (.text:_SlDrvMemZero)
                  2001fbd4    00000016     rtsv7M4_T_le_eabi.lib : strchr.obj (.text)
                  2001fbea    00000014     driverlib.a : cpu.obj (.text:CPUcpsie)
                  2001fbfe    00000002     --HOLE-- [fill = 0]
                  2001fc00    00000014                 : interrupt.obj (.text:IntVTableBaseSet)
                  2001fc14    00000014     LED_timer.obj (.text:LEDTimer_Stop)
                  2001fc28    00000014     mt9d111.obj (.text:SetShutterWidth)
                  2001fc3c    00000014     rtsv7M4_T_le_eabi.lib : _lock.obj (.text)
                  2001fc50    00000014                           : strcpy.obj (.text)
                  2001fc64    00000014                           : strlen.obj (.text)
                  2001fc78    00000014     driverlib.a : udma.obj (.text:uDMAControlBaseSet)
                  2001fc8c    00000014                 : udma.obj (.text:uDMAIntClear)
                  2001fca0    00000012                 : i2c.obj (.text:I2CMasterControl)
                  2001fcb2    00000012                 : i2c.obj (.text:I2CMasterIntClearEx)
                  2001fcc4    00000012                 : i2c.obj (.text:I2CMasterTimeoutSet)
                  2001fcd6    00000012                 : timer.obj (.text:TimerIntClear)
                  2001fce8    00000012                 : wdt.obj (.text:WatchdogReloadSet)
                  2001fcfa    00000002     --HOLE-- [fill = 0]
                  2001fcfc    00000010                 : prcm.obj (.text:PRCMSOCReset)
                  2001fd0c    00000010                 : prcm.obj (.text:RTCU32SecRegRead)
                  2001fd1c    00000010     simplelink.a : socket.obj (.text:SL_FD_ZERO)
                  2001fd2c    00000010     timer_if.obj (.text:Timer_IF_Stop)
                  2001fd3c    00000010     driverlib.a : wdt.obj (.text:WatchdogIntClear)
                  2001fd4c    00000010     cc3200_socket.obj (.text:socketClose)
                  2001fd5c    0000000e     driverlib.a : i2c.obj (.text:I2CMasterDataGet)
                  2001fd6a    0000000e     simplelink.a : driver.obj (.text:_SlDrvResetCmdExt)
                  2001fd78    0000000e     rtsv7M4_T_le_eabi.lib : copy_decompress_none.obj (.text:decompress:none)
                  2001fd86    0000000c     udma_if.obj (.text:DmaErrorIntHandler)
                  2001fd92    00000002     --HOLE-- [fill = 0]
                  2001fd94    0000000c     simplelink.a : cc_pal.obj (.text:NwpMaskInterrupt)
                  2001fda0    0000000c                  : cc_pal.obj (.text:NwpUnMaskInterrupt)
                  2001fdac    0000000c     middleware.a : rtc_hal.obj (.text:cc_rtc_get)
                  2001fdb8    0000000c     rtsv7M4_T_le_eabi.lib : copy_zero_init.obj (.text:decompress:ZI)
                  2001fdc4    0000000c     parse_impl.obj (.text:getInternalClient)
                  2001fdd0    0000000c     simplelink.a : wlan.obj (.text:sl_WlanDisconnect)
                  2001fddc    0000000c     driverlib.a : udma.obj (.text:uDMAEnable)
                  2001fde8    0000000c                 : udma.obj (.text:uDMAIntStatus)
                  2001fdf4    0000000a                 : interrupt.obj (.text:IntMasterEnable)
                  2001fdfe    0000000a     main.obj (.text:vApplicationStackOverflowHook)
                  2001fe08    00000008     hibernate_related_fns.obj (.text:sensorsTriggerSetup)
                  2001fe10    00000006     i2cconfig.obj (.text:MT9D111Delay)
                  2001fe16    00000006     startup_ccs.obj (.text:ResetISR)
                  2001fe1c    00000006     driverlib.a : utils.obj (.text:UtilsDelay)
                  2001fe22    00000006     rtsv7M4_T_le_eabi.lib : copy_decompress_rle.obj (.text:decompress:rle24)
                  2001fe28    00000006                           : logf.obj (.text)
                  2001fe2e    00000006                           : sinf.obj (.text)
                  2001fe34    00000004                           : error.obj (.text)
                  2001fe38    00000004                           : pre_init.obj (.text)

.const     0    2001fe3c    00000e50     
                  2001fe3c    00000170     mt9d111.obj (.const:capture_cmds_list)
                  2001ffac    00000140     mt9d111.obj (.const:init_cmds_list)
                  200200ec    00000101     rtsv7M4_T_le_eabi.lib : ctype.obj (.const:.string:_ctypes_)
                  200201ed    00000002     tempRHSens_si7020.obj (.const:.string)
                  200201ef    00000001     --HOLE-- [fill = 0]
                  200201f0    00000100     driverlib.a : pin.obj (.const:g_ulPinToPadMap)
                  200202f0    000000d8     mt9d111.obj (.const)
                  200203c8    000000d4     driverlib.a : interrupt.obj (.const:g_pulRegs)
                  2002049c    000000b0     simplelink.a : wlan.obj (.const:$P$T0$1)
                  2002054c    000000a8     driverlib.a : prcm.obj (.const:PRCM_PeriphRegsList)
                  200205f4    000000a4     mt9d111.obj (.const:$P$T0$1)
                  20020698    00000080     driverlib.a : interrupt.obj (.const)
                  20020718    00000068     mt9d111.obj (.const:$P$T14$15)
                  20020780    00000068     appFns_BatteryLevelSense.obj (.const:V2CEntry$1)
                  200207e8    00000054     mt9d111.obj (.const:$P$T17$18)
                  2002083c    0000004c     mt9d111.obj (.const:$P$T4$5)
                  20020888    00000040     network_relater_fns.obj (.const:.string)
                  200208c8    0000003e     user_configure_fn.obj (.const:.string)
                  20020906    0000003c     simplelink.a : driver.obj (.const:OpcodeTranslateTable)
                  20020942    0000003c                  : wlan.obj (.const)
                  2002097e    00000002     --HOLE-- [fill = 0]
                  20020980    00000038                  : driver.obj (.const:_SlActionLookupTable)
                  200209b8    00000038     rtsv7M4_T_le_eabi.lib : xflog.obj (.const)
                  200209f0    00000038     simplelink.a : fs.obj (.const)
                  20020a28    00000034     rtsv7M4_T_le_eabi.lib : xfatan.obj (.const)
                  20020a5c    00000034     simplelink.a : driver.obj (.const)
                  20020a90    00000034                  : socket.obj (.const)
                  20020ac4    0000002c     network_relater_fns.obj (.const:$P$T0$1)
                  20020af0    0000002c     mt9d111.obj (.const:$P$T16$17)
                  20020b1c    00000029     network_relater_fns.obj (.const)
                  20020b45    00000003     --HOLE-- [fill = 0]
                  20020b48    00000028     rtsv7M4_T_le_eabi.lib : xfdint.obj (.const)
                  20020b70    00000028                           : xfsin.obj (.const)
                  20020b98    00000028     simplelink.a : netapp.obj (.const)
                  20020bc0    00000024     network_relater_fns.obj (.const:g_acMonthOfYear)
                  20020be4    0000001c     rtsv7M4_T_le_eabi.lib : tanf.obj (.const)
                  20020c00    0000001c                           : xfexp.obj (.const)
                  20020c1c    00000018     driverlib.a : spi.obj (.const)
                  20020c34    00000017     request.obj (.const:.string)
                  20020c4b    00000001     --HOLE-- [fill = 0]
                  20020c4c    00000014     simplelink.a : device.obj (.const)
                  20020c60    00000010                  : socket.obj (.const:.string)
                  20020c70    0000000b     app_common.obj (.const:.string)
                  20020c7b    00000008     simplelink.a : device.obj (.const:.string)
                  20020c83    00000001     --HOLE-- [fill = 0]
                  20020c84    00000008                  : netcfg.obj (.const)

.cinit     0    20020c90    00000598     
                  20020c90    0000056d     (.cinit..data.load) [load image, compression = rle]
                  200211fd    00000003     --HOLE-- [fill = 0]
                  20021200    0000000c     (__TI_handler_table)
                  2002120c    00000004     --HOLE-- [fill = 0]
                  20021210    00000008     (.cinit..bss.load) [load image, compression = zero_init]
                  20021218    00000010     (__TI_cinit_table)

.init_array 
*          0    20004000    00000000     UNINITIALIZED

.bss       0    20023c00    00017098     UNINITIALIZED
                  20023c00    00014000     main.obj (.bss:g_image_buffer)
                  20037c00    00000b58     tasks.obj (.bss:thisMagBuffer)
                  20038758    000005a0     ota.a : OtaHttp.obj (.bss:recv_buf)
                  20038cf8    0000044c           : OtaClient.obj (.bss:g_OtaCheckUpdateResponse)
                  20039144    00000418     user_configure_fn.obj (.bss:thisMagCal)
                  2003955c    00000240     ota.obj (.bss:g_otaOptServerInfo)
                  2003979c    00000058     tasks.obj (.bss:thisMag)
                  200397f4    0000000c     (.common:g_SecParams)
                  20039800    00000400     udma_if.obj (.bss:gpCtlTbl)
                  20039c00    000003d8     ota.a : OtaClient.obj (.bss:g_OtaFileMetadata)
                  20039fd8    00000200           : OtaHttp.obj (.bss:send_buf)
                  2003a1d8    00000178     simplelink.a : driver.obj (.bss:g_StatMem)
                  2003a350    00000120     rtsv7M4_T_le_eabi.lib : trgmsg.obj (.bss:__CIOBUF_)
                  2003a470    00000100     udma_if.obj (.bss:gfpAppCallbackHndl)
                  2003a570    000000c8     free_rtos.a : tasks.obj (.bss:pxReadyTasksLists)
                  2003a638    000000ac     tasks.obj (.bss:thisSV_6DOF_GB_BASIC)
                  2003a6e4    000000a0     rtsv7M4_T_le_eabi.lib : defs.obj (.bss:__TI_tmpnams)
                  2003a784    00000074     ota.a : CdnClient.obj (.bss:g_CdnClient)
                  2003a7f8    00000050     simplelink.a : cc_pal.obj (.bss:g_ucDinDout)
                  2003a848    00000050     free_rtos.a : queue.obj (.bss:xQueueRegistry)
                  2003a898    0000004c     ota.a : OtaApp.obj (.bss:g_OtaApp)
                  2003a8e4    0000004c           : OtaApp.obj (.bss:g_OtaApp_statistics)
                  2003a930    00000040     network_relater_fns.obj (.bss:g_TimeData)
                  2003a970    00000034     cc3200_client_state.obj (.bss:clientStateFileName)
                  2003a9a4    00000034     main.obj (.bss:g_cWlanSecurityKey)
                  2003a9d8    00000034     tasks.obj (.bss:thisAccel)
                  2003aa0c    00000024     ota.a : OtaClient.obj (.bss:g_OtaClient)
                  2003aa30    00000024     main.obj (.bss:g_cWlanSSID)
                  2003aa54    00000024     main.obj (.bss:g_ucConnectionSSID)
                  2003aa78    0000001c     rtsv7M4_T_le_eabi.lib : vla_alloc.obj (.bss)
                  2003aa94    00000014     (.common:g_FlcSflashCb)
                  2003aaa8    00000014     (.common:g_flag_blockFull)
                  2003aabc    00000014     (.common:xDelayedTaskList1)
                  2003aad0    00000014     (.common:xDelayedTaskList2)
                  2003aae4    00000014     (.common:xPendingReadyList)
                  2003aaf8    00000014     (.common:xSuspendedTaskList)
                  2003ab0c    00000014     (.common:xTasksWaitingTermination)
                  2003ab20    00000010     (.common:ang_buf)
                  2003ab30    00000010     (.common:g_cResponseObjectID)
                  2003ab40    00000010     (.common:globals)
                  2003ab50    00000010     (.common:mqxglobals)
                  2003ab60    00000008     (.common:g_Gain)
                  2003ab68    00000008     (.common:g_LogClient)
                  2003ab70    00000008     (.common:g_Struct_TimeStamp_MaxAngle)
                  2003ab78    00000008     (.common:g_Struct_TimeStamp_MinAngle)
                  2003ab80    00000008     (.common:g_Struct_TimeStamp_OpenAngle)
                  2003ab88    00000008     (.common:g_Struct_TimeStamp_SnapAngle)
                  2003ab90    00000008     (.common:g_TimeStamp_CamUp)
                  2003ab98    00000008     (.common:g_TimeStamp_DoorClosed)
                  2003aba0    00000008     (.common:g_TimeStamp_MaxAngle)
                  2003aba8    00000008     (.common:g_TimeStamp_MinAngle)
                  2003abb0    00000008     (.common:g_TimeStamp_NWPUp)
                  2003abb8    00000008     (.common:g_TimeStamp_OpenAngle)
                  2003abc0    00000008     (.common:g_TimeStamp_PhotoSnap)
                  2003abc8    00000008     (.common:g_TimeStamp_PhotoUploaded)
                  2003abd0    00000008     (.common:g_TimeStamp_SnapAngle)
                  2003abd8    00000008     (.common:g_TimeStamp_cc3200Up)
                  2003abe0    00000008     (.common:g_ucConnectionBSSID)
                  2003abe8    00000008     (.common:parmbuf)
                  2003abf0    00000008     (.common:sBootInfo)
                  2003abf8    00000004     (.common:DMAMsgQ)
                  2003abfc    00000004     (.common:Elapsed_100MilliSecs)
                  2003ac00    00000004     (.common:Elapsed_1Secs)
                  2003ac04    00000004     (.common:__Errorlog)
                  2003ac08    00000004     (.common:angle_avg)
                  2003ac0c    00000004     (.common:dataBuffer)
                  2003ac10    00000004     (.common:g_angleOffset_to180)
                  2003ac14    00000004     (.common:g_block_lastFilled)
                  2003ac18    00000004     (.common:g_cDummy)
                  2003ac1c    00000004     (.common:g_cWlanSecurityType)
                  2003ac20    00000004     (.common:g_fBatteryVolt_atEnd)
                  2003ac24    00000004     (.common:g_fBatteryVolt_atStart)
                  2003ac28    00000004     (.common:g_frame_size_in_bytes)
                  2003ac2c    00000004     (.common:g_latest_error)
                  2003ac30    00000004     (.common:g_position_in_block)
                  2003ac34    00000004     (.common:g_readHeader)
                  2003ac38    00000004     (.common:g_total_dma_intrpts)
                  2003ac3c    00000004     (.common:g_ulAppStatus)
                  2003ac40    00000004     (.common:g_ulAppTimeout_ms)
                  2003ac44    00000004     (.common:g_ulReloadVal)
                  2003ac48    00000004     (.common:g_ulSimplelinkStatus)
                  2003ac4c    00000004     (.common:g_ulWatchdogCycles)
                  2003ac50    00000004     (.common:gdoor_40deg_angle)
                  2003ac54    00000004     (.common:gdoor_90deg_angle)
                  2003ac58    00000004     (.common:gdoor_OpenDeg_angle)
                  2003ac5c    00000004     (.common:pvOtaApp)
                  2003ac60    00000004     (.common:pxDelayedTaskList)
                  2003ac64    00000004     (.common:pxOverflowDelayedTaskList)
                  2003ac68    00000002     (.common:g_RawMaxAngle)
                  2003ac6a    00000002     (.common:g_RawMinAngle)
                  2003ac6c    00000002     (.common:g_fMaxAngle)
                  2003ac6e    00000002     (.common:g_fMinAngle)
                  2003ac70    00000001     (.common:RxIrqCnt)
                  2003ac71    00000001     (.common:avg_buffer_cnt)
                  2003ac72    00000001     (.common:captureTimeout_Flag)
                  2003ac73    00000001     (.common:checkForLight_Flag)
                  2003ac74    00000001     (.common:cnt_LED_Timer)
                  2003ac75    00000001     (.common:doPeriodicAction_flag)
                  2003ac76    00000001     (.common:g_BlinkCount)
                  2003ac77    00000001     (.common:g_I2CPeripheral_inUse_Flag)
                  2003ac78    00000001     (.common:g_NoOfBlinks)
                  2003ac79    00000001     (.common:g_OffTime)
                  2003ac7a    00000001     (.common:g_OnTime)
                  2003ac7b    00000001     (.common:g_PhoneConnected_ToCC3200AP_flag)
                  2003ac7c    00000001     (.common:g_Task1_Notification)
                  2003ac7d    00000001     (.common:g_Task3_Notification)
                  2003ac7e    00000001     (.common:g_collect_timestamp)
                  2003ac7f    00000001     (.common:g_dma_txn_done)
                  2003ac80    00000001     (.common:g_flag_DataBlockFilled)
                  2003ac81    00000001     (.common:g_flag_door_closing_45degree)
                  2003ac82    00000001     (.common:g_frame_end)
                  2003ac83    00000001     (.common:g_ucAWBOff)
                  2003ac84    00000001     (.common:g_ucAWBOn)
                  2003ac85    00000001     (.common:g_ucAction)
                  2003ac86    00000001     (.common:g_ucActionButton)
                  2003ac87    00000001     (.common:g_ucAngle40)
                  2003ac88    00000001     (.common:g_ucAngle90)
                  2003ac89    00000001     (.common:g_ucCalibration)
                  2003ac8a    00000001     (.common:g_ucConfig)
                  2003ac8b    00000001     (.common:g_ucExitButton)
                  2003ac8c    00000001     (.common:g_ucFeedWatchdog)
                  2003ac8d    00000001     (.common:g_ucMagCalb)
                  2003ac8e    00000001     (.common:g_ucPreviewStart)
                  2003ac8f    00000001     (.common:g_ucPreviewStop)
                  2003ac90    00000001     (.common:g_ucProfileAdded)
                  2003ac91    00000001     (.common:g_ucPushButtonPressedTwice)
                  2003ac92    00000001     (.common:g_ucReasonForFailure)
                  2003ac93    00000001     (.common:g_ucSAVE)
                  2003ac94    00000001     (.common:iDone)
                  2003ac95    00000001     (.common:isitfirsttime)
                  2003ac96    00000001     (.common:print_count)
                  2003ac97    00000001     (.common:valid_case)

.TI.noinit 
*          0    20023c00    00000000     UNINITIALIZED

.sysmem    0    2003ac98    00005000     UNINITIALIZED
                  2003ac98    00000008     rtsv7M4_T_le_eabi.lib : memory.obj (.sysmem)
                  2003aca0    00004ff8     --HOLE--


LINKER GENERATED COPY TABLES

__TI_cinit_table @ 20021218 records: 2, size/record: 8, table size: 16
	.data: load addr=20020c90, load size=0000056d bytes, run addr=20000000, run size=000009c8 bytes, compression=rle
	.bss: load addr=20021210, load size=00000008 bytes, run addr=20023c00, run size=00017098 bytes, compression=zero_init


LINKER GENERATED HANDLER TABLE

__TI_handler_table @ 20021200 records: 3, size/record: 4, table size: 12
	index: 0, handler: __TI_decompress_rle24
	index: 1, handler: __TI_decompress_none
	index: 2, handler: __TI_zero_init


GLOBAL SYMBOLS: SORTED ALPHABETICALLY BY Name 

address   name                                  
-------   ----                                  
2001a0b1  Add_NumberField_ToJSONString          
2001f705  ApplyAccelHAL                         
2001edb1  ApplyMagHAL                           
2001dd29  C$$EXIT                               
2001c5bb  C$$IO$$                               
2001de39  CCMRegs_Read                          
2001fbeb  CPUcpsie                              
200138c5  Calculate_DoorOpenThresholdAngle      
200144ad  Calculate_TrueMinMaxAngles            
2001bee1  CamControllerInit                     
2001f461  CameraCaptureStart                    
2001e40d  CameraCaptureStop                     
2001fb25  CameraDMAEnable                       
2001f28d  CameraIntClear                        
2001eddd  CameraIntDisable                      
2001ee09  CameraIntEnable                       
2001fb3b  CameraIntRegister                     
2001f03d  CameraIntStatus                       
2001e877  CameraParamsConfig                    
2001f943  CameraReset                           
2001f721  CameraSensorInit                      
2001f1f5  CameraThresholdSet                    
2001e447  CameraXClkConfig                      
200103bd  CaptureImage                          
200140c9  CaptureandSavePreviewImage            
2000dd8f  CdnClient_CloseServer                 
2000ddad  CdnClient_ConnectByUrl                
2000dd5d  CdnClient_Init                        
2000dc27  CdnClient_Run                         
2000dc1d  CdnClient_SetFileInfo                 
2001f2b1  Check_I2CDevices                      
20017741  Check_MinMax                          
2001de79  Config_CameraCapture                  
2001deb9  ConfigureMode                         
2000f901  ConfigureSimpleLinkToDefaultState     
200109b1  ConstructDeviceStateObject            
2000bf85  ConstructGroundDataObject             
2000fd61  ConstructUserConfigObject             
2001e177  CopyPingResultsToReport               
2003abf8  DMAMsgQ                               
2000063c  DigiCertHighAssuranceEVRootCA_der_len 
2001fd87  DmaErrorIntHandler                    
2001ee35  DmaSpiSwIntHandler                    
2001f73d  DmaSwIntHandler                       
2003abfc  Elapsed_100MilliSecs                  
2003ac00  Elapsed_1Secs                         
2001a9ad  EnterStandby_mt9d111                  
2001af81  ExitStandby_mt9d111                   
20013a1d  FXOS8700_Init                         
20015be9  FXOS8700_ReadData                     
2001e1b5  Fusion_Init                           
20013765  Fusion_Run                            
2001e7d5  GPIODirModeSet                        
2001f95b  GPIOPinRead                           
2001f54f  GPIOPinWrite                          
2000c7dd  GetSNTPTime                           
20016901  GetTimeNTP                            
2001a4bd  Get_BatteryPercent                    
2001db4d  Get_BatteryVoltage                    
2001e5a5  Get_BatteryVoltageLevel_ADC081C021    
2001aa35  Get_ChromQtable                       
20017d75  Get_FridgeCamID                       
2001aabd  Get_LumQtable                         
200159d1  HIBernate                             
2000ea89  HOSTclock                             
2000ea51  HOSTclose                             
2000ea13  HOSTgetenv                            
2000e9b7  HOSTlseek                             
2000e965  HOSTopen                              
2000e919  HOSTread                              
2000e8bb  HOSTrename                            
2000e881  HOSTtime                              
2000e849  HOSTunlink                            
2000e7fd  HOSTwrite                             
20014865  I2CBufferRead                         
200150e5  I2CBufferWrite                        
2001fca1  I2CMasterControl                      
2001fd5d  I2CMasterDataGet                      
2001fb51  I2CMasterDataPut                      
2001fb67  I2CMasterEnable                       
2001ee61  I2CMasterErr                          
2001b089  I2CMasterInitExpClk                   
2001fcb3  I2CMasterIntClearEx                   
2001f631  I2CMasterIntStatusEx                  
2001f483  I2CMasterSlaveAddrSet                 
2001fcc5  I2CMasterTimeoutSet                   
2001d0a9  I2C_IF_Open                           
200189a5  I2C_IF_Read                           
20018be5  I2C_IF_Write                          
2001f975  ISR_periodicInterrupt_timer           
2001def9  ImagCapture_Init                      
2001499d  ImageSensor_CaptureConfigs_Task       
2001f065  InitTerm                              
2001b8ed  InitialiseParse                       
20019d21  InitializeUserConfigVariables         
200193b9  IntDisable                            
20019461  IntEnable                             
2001f2d5  IntHandler_100mSecTimer               
2001ee8d  IntHandler_1Sec_TimeoutTimer          
2001fdf5  IntMasterEnable                       
2001cd55  IntPendClear                          
2001ceb1  IntPrioritySet                        
2001f571  IntRegister                           
2001f2f9  IntUnregister                         
2001fc01  IntVTableBaseSet                      
20019db9  IntrptHandler_LEDTimer                
2001f88d  IsLightOff                            
200007f0  JPEG_StdQuantTblC                     
20000830  JPEG_StdQuantTblY                     
2001e5dd  LEDTimer_Enable                       
2001e8ad  LEDTimer_Start                        
2001fc15  LEDTimer_Stop                         
2001a54d  LED_Blink_2                           
2001f98d  LED_Off                               
2001f9a5  LED_On                                
2000e34b  LogClient_Close                       
2000e363  LogClient_ConnectAndPrint             
2000e315  LogClient_ConnectServer               
2000e2fd  LogClient_Init                        
2000e1b9  LogClient_Print                       
2001fe11  MT9D111Delay                          
20011845  MagCal_Run                            
200169f9  Main_Task_withHibernate               
2001f0b5  Message                               
2001a149  Modify_JPEGHeaderFile                 
2001d7a5  NWP_SwitchOff                         
2001d3c9  NWP_SwitchOn                          
2001e615  Network_IF_GetHostIP                  
2001fd95  NwpMaskInterrupt                      
2001e64d  NwpPowerOff                           
2001f591  NwpPowerOn                            
2001b10d  NwpPowerOnPreamble                    
[...]
2001dff9  WDT_init                              
2001e039  getHttpResponseBody                   
2001e079  signal                                
2001e0b9  start_1Sec_TimeoutTimer               
2001e0f9  verifyAccelMagnSensor                 
2001e139  strncasecmp                           
2001e177  CopyPingResultsToReport               
2001e1b5  Fusion_Init                           
2001e22d  PRCMPeripheralClkEnable               
2001e269  PRCMSlowClkCtrFastGet                 
2001e2a5  Reg_Read                              
2001e2e1  _sl_TruncatePayloadByProtocol         
2001e31d  _c_int00                              
2001e359  sl_Htons                              
2001e395  start_100mSecTimer                    
2001e3d1  uDMAChannelControlSet                 
2001e40d  CameraCaptureStop                     
2001e447  CameraXClkConfig                      
2001e481  Reg_Write                             
2001e4bb  fLPFScalar                            
2001e4f5  parseSendRequest                      
2001e531  addHttpRequestHeader                  
2001e5a5  Get_BatteryVoltageLevel_ADC081C021    
2001e5dd  LEDTimer_Enable                       
2001e615  Network_IF_GetHostIP                  
2001e64d  NwpPowerOff                           
2001e685  WDT_IF_Init                           
2001e6bd  Wakeup_ImageSensor                    
2001e6f5  pvPortMalloc                          
2001e715  vPortFree                             
2001e72d  __aeabi_f2d                           
2001e765  __aeabi_f2iz                          
2001e79d  __aeabi_i2f                           
2001e7d5  GPIODirModeSet                        
2001e80b  sl_NetAppMDNSUnRegisterService        
2001e841  beginHttpRequest                      
2001e877  CameraParamsConfig                    
2001e8ad  LEDTimer_Start                        
2001e8e1  PRCMPeripheralStatusGet               
2001e915  PowerDown_ISL29035                    
2001e949  SPIFIFOLevelSet                       
2001e97d  Verify_ImageSensor                    
2001e9b1  getHttpResponseStatus                 
2001e9e5  feraiseexcept                         
2001ea19  __aeabi_f2uiz                         
2001ea4d  strstr                                
2001ea81  Timer_IF_Init                         
2001eab3  PinTypeGPIO                           
2001eae5  Reset_byStarvingWDT                   
2001eb15  StartSensorInJpegMode                 
2001eb45  UARTDisable                           
2001eb75  _SlDrvDeviceEventHandler              
2001eba5  _sl_Strlen                            
2001ec05  strncpy                               
2001ec35  _Feraise                              
2001ec65  sl_Close                              
2001ec95  sl_WlanProfileDel                     
2001ecc5  sl_WlanSetMode                        
2001ecf5  softResetTempRHSensor                 
2001ed25  __aeabi_i2d                           
2001ed53  raise                                 
2001ed81  addHttpRequestHeaderInt               
2001edb1  ApplyMagHAL                           
2001eddd  CameraIntDisable                      
2001ee09  CameraIntEnable                       
2001ee35  DmaSpiSwIntHandler                    
2001ee61  I2CMasterErr                          
2001ee8d  IntHandler_1Sec_TimeoutTimer          
2001eeb9  PRCMSysResetCauseGet                  
2001eee5  SoftReset_ImageSensor                 
2001ef3d  setDataBufferPointer                  
2001ef69  standby_accelMagn_fxos8700            
2001ef95  TimerLoadSet                          
2001efbf  TimerPrescaleSet                      
2001efe9  _Dclass                               
2001f013  util_u64_time_add                     
2001f03d  CameraIntStatus                       
2001f065  InitTerm                              
2001f0b5  Message                               
2001f0dd  OTA_Update                            
2001f105  PRCMPeripheralClkDisable              
2001f12d  getAccelMagntData                     
2001f155  getLightsensor_intrptStatus           
2001f17d  strncat                               
2001f1a5  sl_NetAppStart                        
2001f1cd  sl_NetAppStop                         
2001f1f5  CameraThresholdSet                    
2001f21b  NwpRegisterInterruptHandler           
2001f241  SimpleLinkSockEventHandler            
2001f267  strncmp                               
2001f28d  CameraIntClear                        
2001f2b1  Check_I2CDevices                      
2001f2d5  IntHandler_100mSecTimer               
2001f2f9  IntUnregister                         
2001f341  ReStart_CameraCapture                 
2001f365  Timer_IF_Start                        
2001f389  UARTEnable                            
2001f3ad  WriteAllAEnAWBRegs                    
2001f3d1  _SlDrvProtectionObjLockWaitForever    
2001f3f5  magnetometer_initialize               
2001f419  reload_periodicTimer                  
2001f43d  __aeabi_ui2f                          
2001f461  CameraCaptureStart                    
2001f483  I2CMasterSlaveAddrSet                 
2001f4a5  SL_FD_SET                             
2001f4c7  SPIReset                              
2001f4e9  SPIWordCountSet                       
2001f50b  frexp                                 
2001f52d  memcmp                                
2001f54f  GPIOPinWrite                          
2001f571  IntRegister                           
2001f591  NwpPowerOn                            
2001f5b1  Refresh_mt9d111Firmware               
2001f5d1  _SlDrvProtectionObjUnLock             
2001f5f1  memchr                                
2001f611  __aeabi_ui2d                          
2001f631  I2CMasterIntStatusEx                  
2001f64f  TimerDisable                          
2001f66d  TimerEnable                           
2001f68b  TimerIntStatus                        
2001f6a9  UARTCharPut                           
2001f6e5  strcat                                
2001f705  ApplyAccelHAL                         
2001f721  CameraSensorInit                      
2001f73d  DmaSwIntHandler                       
2001f759  PinTypeI2C                            
2001f775  PowerDown_LightSensor                 
2001f791  TimerValueGet                         
2001f7ad  _SlDrvObjLockWaitForever              
2001f7c9  _SlDrvSyncObjWaitForever              
2001f7e5  memccpy                               
2001f801  stop_100mSecTimer                     
2001f81d  stop_1Sec_TimeoutTimer                
2001f839  stop_periodicInterrupt_timer          
2001f855  uDMAChannelDisable                    
2001f871  uDMAChannelEnable                     
2001f88d  IsLightOff                            
2001f8a7  PinTypeCamera                         
2001f8c1  PinTypeUART                           
2001f8db  SPIDmaDisable                         
2001f8f5  SPIDmaEnable                          
2001f90f  SPIFIFODisable                        
2001f929  SPIFIFOEnable                         
2001f943  CameraReset                           
2001f95b  GPIOPinRead                           
2001f975  ISR_periodicInterrupt_timer           
2001f98d  LED_Off                               
2001f9a5  LED_On                                
2001f9bd  PRCMHibernateEnter                    
2001f9d5  SPICSDisable                          
2001f9ed  SPICSEnable                           
2001fa05  SPIDisable                            
2001fa1d  SPIEnable                             
2001fa35  TimerIntEnable                        
2001fa4d  Timer_IF_InterruptClear               
2001fa65  WatchdogStallEnable                   
2001fa7d  WatchdogUnlock                        
2001fa95  _SlDrvObjUnLock                       
2001faad  _SlDrvSyncObjSignal                   
2001fac5  _sl_GetStartResponseConvert           
2001faf5  _args_main                            
2001fb0d  strcmp                                
2001fb25  CameraDMAEnable                       
2001fb3b  CameraIntRegister                     
2001fb51  I2CMasterDataPut                      
2001fb67  I2CMasterEnable                       
2001fb7d  PRCMHIBRegRead                        
2001fb93  PRCMHIBRegWrite                       
2001fba9  WatchdogEnable                        
2001fbbf  _SlDrvMemZero                         
2001fbd5  strchr                                
2001fbeb  CPUcpsie                              
2001fc01  IntVTableBaseSet                      
2001fc15  LEDTimer_Stop                         
2001fc29  SetShutterWidth                       
2001fc3d  _register_unlock                      
2001fc43  _register_lock                        
2001fc4b  _nop                                  
2001fc51  strcpy                                
2001fc65  strlen                                
2001fc79  uDMAControlBaseSet                    
2001fc8d  uDMAIntClear                          
2001fca1  I2CMasterControl                      
2001fcb3  I2CMasterIntClearEx                   
2001fcc5  I2CMasterTimeoutSet                   
2001fcd7  TimerIntClear                         
2001fce9  WatchdogReloadSet                     
2001fcfd  PRCMSOCReset                          
2001fd1d  SL_FD_ZERO                            
2001fd2d  Timer_IF_Stop                         
2001fd3d  WatchdogIntClear                      
2001fd4d  socketClose                           
2001fd5d  I2CMasterDataGet                      
2001fd6b  _SlDrvResetCmdExt                     
2001fd79  __TI_decompress_none                  
2001fd87  DmaErrorIntHandler                    
2001fd95  NwpMaskInterrupt                      
2001fda1  NwpUnMaskInterrupt                    
2001fdad  cc_rtc_get                            
2001fdb9  __TI_zero_init                        
2001fdc5  getInternalClient                     
2001fdd1  sl_WlanDisconnect                     
2001fddd  uDMAEnable                            
2001fde9  uDMAIntStatus                         
2001fdf5  IntMasterEnable                       
2001fdff  vApplicationStackOverflowHook         
2001fe09  sensorsTriggerSetup                   
2001fe11  MT9D111Delay                          
2001fe17  ResetISR                              
2001fe1d  UtilsDelay                            
2001fe23  __TI_decompress_rle24                 
2001fe29  logf                                  
2001fe2f  sinf                                  
2001fe35  __abort_execution                     
2001fe39  _system_pre_init                      
200200ec  _ctypes_                              
20020888  g_acSNTPserver                        
200208a6  g_acNumOfDaysPerMonth                 
200208b2  g_acDigits                            
20020906  OpcodeTranslateTable                  
20020942  _SlPolicySetCmdCtrl                   
20020946  _SlPolicyGetCmdCtrl                   
2002094a  _SlProfileGetCmdCtrl                  
2002094e  _SlProfileDelCmdCtrl                  
20020952  _SlWlanGetNetworkListCtrl             
20020956  _SlRxFilterAddtCmdCtrl                
2002095a  _SlRxFilterSetCmdCtrl                 
2002095e  _SlRxFilterGetCmdCtrl                 
20020962  _SlSmartConfigStartCmdCtrl            
20020966  _SlWlanSetModeCmdCtrl                 
2002096a  _SlWlanCfgSetCmdCtrl                  
2002096e  _SlWlanCfgGetCmdCtrl                  
20020980  _SlActionLookupTable                  
200209f0  _SlFsOpenCmdCtrl                      
200209f4  _SlFsCloseCmdCtrl                     
200209f8  _SlFsReadCmdCtrl                      
200209fc  _SlFsWriteCmdCtrl                     
20020a00  _SlFsGetInfoCmdCtrl                   
20020a04  _SlFsDeleteCmdCtrl                    
20020a5c  g_H2NSyncPattern                      
20020a64  g_H2NCnysPattern                      
20020a6c  RxMsgClassLUT                         
20020a90  _SlSockSocketCmdCtrl                  
20020a94  _SlSockCloseCmdCtrl                   
20020a98  _SlRecvfomCmdCtrl                     
20020a9c  _SlSendCmdCtrl                        
20020aa0  _SlListenCmdCtrl                      
20020aa4  _SlAcceptCmdCtrl                      
20020aa8  _SlRecvCmdCtrl                        
20020aac  _SlSetSockOptCmdCtrl                  
20020ab0  _SlGetSockOptCmdCtrl                  
20020ab4  _SlSelectCmdCtrl                      
20020b1c  g_acDaysOfWeek2013                    
20020b98  _SlNetAppStartCtrl                    
20020b9c  _SlNetAppStopCtrl                     
20020ba0  _SlGetServiceListeCtrl                
20020ba4  _SlRegisterServiceCtrl                
20020ba8  _SlGetHostByServiceCtrl               
20020bac  _SlGetHostByNameCtrl                  
20020bb0  _SlNetAppSetCmdCtrl                   
20020bb4  _SlNetAppSendTokenValueCmdCtrl        
20020bb8  _SlNetAppGetCmdCtrl                   
20020bc0  g_acMonthOfYear                       
20020c34  g_deviceClientVersion                 
20020c4c  _SlStopCmdCtrl                        
20020c50  _SlEventMaskSetCmdCtrl                
20020c54  _SlEventMaskGetCmdCtrl                
20020c58  _SlDeviceGetCmdCtrl                   
20020c5c  _SlDeviceSetCmdCtrl                   
20020c60  _SlPayloadByProtocolLUT               
20020c70  pcDigits                              
20020c7b  StartResponseLUT                      
20020c84  _SlNetCfgSetCmdCtrl                   
20020c88  _SlNetCfgGetCmdCtrl                   
20020c90  __TI_static_base__                    
20021200  __TI_Handler_Table_Base               
2002120c  __TI_Handler_Table_Limit              
20021218  __TI_CINIT_Base                       
20021228  __TI_CINIT_Limit                      
20023c00  g_image_buffer                        
20037c00  thisMagBuffer                         
20038cf8  g_OtaCheckUpdateResponse              
20039144  thisMagCal                            
2003979c  thisMag                               
200397f4  g_SecParams                           
20039800  gpCtlTbl                              
20039c00  g_OtaFileMetadata                     
2003a1d8  g_StatMem                             
2003a350  __CIOBUF_                             
2003a470  gfpAppCallbackHndl                    
2003a638  thisSV_6DOF_GB_BASIC                  
2003a6e4  __TI_tmpnams                          
2003a784  g_CdnClient                           
2003a7f8  g_ucDinDout                           
2003a848  xQueueRegistry                        
2003a898  g_OtaApp                              
2003a8e4  g_OtaApp_statistics                   
2003a930  g_TimeData                            
2003a970  clientStateFileName                   
2003a9a4  g_cWlanSecurityKey                    
2003a9d8  thisAccel                             
2003aa0c  g_OtaClient                           
2003aa30  g_cWlanSSID                           
2003aa54  g_ucConnectionSSID                    
2003aa94  g_FlcSflashCb                         
2003aaa8  g_flag_blockFull                      
2003ab20  ang_buf                               
2003ab30  g_cResponseObjectID                   
2003ab40  globals                               
2003ab50  mqxglobals                            
2003ab60  g_Gain                                
2003ab68  g_LogClient                           
2003ab70  g_Struct_TimeStamp_MaxAngle           
2003ab78  g_Struct_TimeStamp_MinAngle           
2003ab80  g_Struct_TimeStamp_OpenAngle          
2003ab88  g_Struct_TimeStamp_SnapAngle          
2003ab90  g_TimeStamp_CamUp                     
2003ab98  g_TimeStamp_DoorClosed                
2003aba0  g_TimeStamp_MaxAngle                  
2003aba8  g_TimeStamp_MinAngle                  
2003abb0  g_TimeStamp_NWPUp                     
2003abb8  g_TimeStamp_OpenAngle                 
2003abc0  g_TimeStamp_PhotoSnap                 
2003abc8  g_TimeStamp_PhotoUploaded             
2003abd0  g_TimeStamp_SnapAngle                 
2003abd8  g_TimeStamp_cc3200Up                  
2003abe0  g_ucConnectionBSSID                   
2003abf8  DMAMsgQ                               
2003abfc  Elapsed_100MilliSecs                  
2003ac00  Elapsed_1Secs                         
2003ac08  angle_avg                             
2003ac0c  dataBuffer                            
2003ac10  g_angleOffset_to180                   
2003ac14  g_block_lastFilled                    
2003ac18  g_cDummy                              
2003ac1c  g_cWlanSecurityType                   
2003ac20  g_fBatteryVolt_atEnd                  
2003ac24  g_fBatteryVolt_atStart                
2003ac28  g_frame_size_in_bytes                 
2003ac2c  g_latest_error                        
2003ac30  g_position_in_block                   
2003ac34  g_readHeader                          
2003ac3c  g_ulAppStatus                         
2003ac40  g_ulAppTimeout_ms                     
2003ac44  g_ulReloadVal                         
2003ac48  g_ulSimplelinkStatus                  
2003ac4c  g_ulWatchdogCycles                    
2003ac50  gdoor_40deg_angle                     
2003ac54  gdoor_90deg_angle                     
2003ac58  gdoor_OpenDeg_angle                   
2003ac68  g_RawMaxAngle                         
2003ac6a  g_RawMinAngle                         
2003ac6c  g_fMaxAngle                           
2003ac6e  g_fMinAngle                           
2003ac70  RxIrqCnt                              
2003ac71  avg_buffer_cnt                        
2003ac72  captureTimeout_Flag                   
2003ac73  checkForLight_Flag                    
2003ac74  cnt_LED_Timer                         
2003ac75  doPeriodicAction_flag                 
2003ac76  g_BlinkCount                          
2003ac77  g_I2CPeripheral_inUse_Flag            
2003ac78  g_NoOfBlinks                          
2003ac79  g_OffTime                             
2003ac7a  g_OnTime                              
2003ac7b  g_PhoneConnected_ToCC3200AP_flag      
2003ac7c  g_Task1_Notification                  
2003ac7d  g_Task3_Notification                  
2003ac7e  g_collect_timestamp                   
2003ac80  g_flag_DataBlockFilled                
2003ac81  g_flag_door_closing_45degree          
2003ac82  g_frame_end                           
2003ac83  g_ucAWBOff                            
2003ac84  g_ucAWBOn                             
2003ac85  g_ucAction                            
2003ac86  g_ucActionButton                      
2003ac87  g_ucAngle40                           
2003ac88  g_ucAngle90                           
2003ac89  g_ucCalibration                       
2003ac8a  g_ucConfig                            
2003ac8b  g_ucExitButton                        
2003ac8c  g_ucFeedWatchdog                      
2003ac8d  g_ucMagCalb                           
2003ac8e  g_ucPreviewStart                      
2003ac8f  g_ucPreviewStop                       
2003ac90  g_ucProfileAdded                      
2003ac91  g_ucPushButtonPressedTwice            
2003ac92  g_ucReasonForFailure                  
2003ac93  g_ucSAVE                              
2003ac94  iDone                                 
2003ac95  isitfirsttime                         
2003ac96  print_count                           
2003ac97  valid_case                            
2003ac98  _sys_memory                           
ffffffff  __binit__                             
ffffffff  __c_args__                            
ffffffff  binit                                 
UNDEFED   SHT$$INIT_ARRAY$$Base                 
UNDEFED   SHT$$INIT_ARRAY$$Limit                

[991 symbols]
