******************************************************************************
                  TI ARM Linker PC v5.1.6                      
******************************************************************************
>> Linked Tue Apr 28 18:50:53 2015

OUTPUT FILE NAME:   <ULP_SEC_CAM.out>
ENTRY POINT SYMBOL: "_c_int00"  address: 20010ea1


MEMORY CONFIGURATION

         name            origin    length      used     unused   attr    fill
----------------------  --------  ---------  --------  --------  ----  --------
  SRAM_BOOTLDR          20000000   00004000  00002158  00001ea8  RW X
  SRAM_CODE             20004000   00014000  0000f033  00004fcd  RW X
  SRAM_DATA             20018000   00024000  00018721  0000b8df  RW X


SEGMENT ALLOCATION MAP

run origin  load origin   length   init length attrs members
----------  ----------- ---------- ----------- ----- -------
20000000    20000000    00001158   00000000    rw-
  20000000    20000000    00001158   00000000    rw- .data
20003000    20003000    00001000   00000000    rw-
  20003000    20003000    00001000   00000000    rw- .stack
20004000    20004000    0000f038   0000f038    r-x
  20004000    20004000    00000400   00000400    r-- .intvecs
  20004400    20004400    0000d6de   0000d6de    r-x .text
  20011ae0    20011ae0    00000a7d   00000a7d    r-- .const
  20012560    20012560    00000ad8   00000ad8    r-- .cinit
20018000    20018000    00018728   00000000    rw-
  20018000    20018000    00014721   00000000    rw- .bss
  2002c728    2002c728    00004000   00000000    rw- .sysmem


SECTION ALLOCATION MAP

 output                                  attributes/
section   page    origin      length       input sections
--------  ----  ----------  ----------   ----------------
.init_array 
*          0    20004000    00000000     UNINITIALIZED

.data      0    20000000    00001158     UNINITIALIZED
                  20000000    00000600     camera_app.obj (.data:JPEG_StdHuffmanTbl)
                  20000600    00000400     camera_app.obj (.data:g_header)
                  20000a00    000003c9     cc3200_certificate.obj (.data:DigiCertHighAssuranceEVRootCA_der)
                  20000dc9    00000003     --HOLE--
                  20000dcc    00000184     simplelink.a : driver.obj (.data)
                  20000f50    00000064                  : cc_pal.obj (.data)
                  20000fb4    00000040     camera_app.obj (.data:JPEG_StdQuantTblC)
                  20000ff4    00000040     camera_app.obj (.data:JPEG_StdQuantTblY)
                  20001034    00000040     camera_app.obj (.data:zigzag)
                  20001074    00000034     free_rtos.a : tasks.obj (.data)
                  200010a8    0000002c     cc3200_utils.obj (.data:lastDateTime)
                  200010d4    00000018     cc3200_utils.obj (.data)
                  200010ec    00000018     request.obj (.data)
                  20001104    0000000c     free_rtos.a : osi_freertos.obj (.data)
                  20001110    0000000c     network_relater_fns.obj (.data)
                  2000111c    0000000c     rtsv7M4_T_le_eabi.lib : memory.obj (.data)
                  20001128    00000008     camera_app.obj (.data)
                  20001130    00000008     rtsv7M4_T_le_eabi.lib : _lock.obj (.data)
                  20001138    00000008                           : exit.obj (.data)
                  20001140    00000006     http.obj (.data)
                  20001146    00000002     --HOLE--
                  20001148    00000004     cc3200_certificate.obj (.data)
                  2000114c    00000004     free_rtos.a : port.obj (.data)
                  20001150    00000004     rtsv7M4_T_le_eabi.lib : rand.obj (.data)
                  20001154    00000004                           : stkdepth_vars.obj (.data)

.stack     0    20003000    00001000     UNINITIALIZED
                  20003000    00001000     --HOLE--

.intvecs   0    20004000    00000400     
                  20004000    00000400     startup_ccs.obj (.intvecs)

.text      0    20004400    0000d6de     
                  20004400    00001258     free_rtos.a : tasks.obj (.text)
                  20005658    00000ec0     rtsv7M4_T_le_eabi.lib : _printfi.obj (.text)
                  20006518    00000c24     network_relater_fns.obj (.text)
                  2000713c    00000be0     camera_app.obj (.text)
                  20007d1c    00000b24     free_rtos.a : queue.obj (.text)
                  20008840    00000940     request.obj (.text)
                  20009180    000006f8     mt9d111.obj (.text)
                  20009878    000005de     cc3200_utils.obj (.text)
                  20009e56    00000002     driverlib.a : interrupt.obj (.text:IntDefaultHandler)
                  20009e58    000004b0     installation.obj (.text)
                  2000a308    0000045c     free_rtos.a : osi_freertos.obj (.text)
                  2000a764    000003cc     rtsv7M4_T_le_eabi.lib : memory.obj (.text)
                  2000ab30    000003a6     simplelink.a : driver.obj (.text:_SlDrvMsgRead)
                  2000aed6    00000002     --HOLE-- [fill = 0]
                  2000aed8    00000350     cc3200_socket.obj (.text)
                  2000b228    0000034c     simplelink.a : driver.obj (.text:_SlAsyncEventGenericHandler)
                  2000b574    00000314     simplejson.obj (.text)
                  2000b888    000002e4     parse_uploads.obj (.text)
                  2000bb6c    000002c8     main.obj (.text)
                  2000be34    00000290     cc3200_client_state.obj (.text)
                  2000c0c4    000001f4     rtsv7M4_T_le_eabi.lib : ull_div_t2.obj (.text)
                  2000c2b8    000001b8     uartA1_if.obj (.text)
                  2000c470    000001b6     rtsv7M4_T_le_eabi.lib : fd_add_t2.obj (.text)
                  2000c626    00000002     --HOLE-- [fill = 0]
                  2000c628    000001ac     cc3200_certificate.obj (.text)
                  2000c7d4    0000019c     simplelink.a : wlan.obj (.text:sl_WlanConnect)
                  2000c970    00000194     udma_if.obj (.text)
                  2000cb04    0000018c     i2c_if.obj (.text)
                  2000cc90    00000170     i2cconfig.obj (.text)
                  2000ce00    00000164     simplelink.a : driver.obj (.text:_SlDrvDataReadOp)
                  2000cf64    00000154     http.obj (.text)
                  2000d0b8    00000140     simplelink.a : driver.obj (.text:_SlDrvRxHdrRead)
                  2000d1f8    00000136     rtsv7M4_T_le_eabi.lib : fd_div_t2.obj (.text)
                  2000d32e    00000002     --HOLE-- [fill = 0]
                  2000d330    00000134     driverlib.a : prcm.obj (.text:PRCMCC3200MCUInit)
                  2000d464    00000130     simplelink.a : cc_pal.obj (.text:spi_Open)
                  2000d594    0000012c                  : driver.obj (.text:_SlDrvDataWriteOp)
                  2000d6c0    0000012a     free_rtos.a : list.obj (.text)
                  2000d7ea    00000002     --HOLE-- [fill = 0]
                  2000d7ec    00000114     simplelink.a : driver.obj (.text:_SlDrvMsgWrite)
                  2000d900    00000110     free_rtos.a : port.obj (.text)
                  2000da10    0000010c     simplelink.a : driver.obj (.text:_SlDrvWaitForPoolObj)
                  2000db1c    00000108                  : socket.obj (.text:sl_Select)
                  2000dc24    00000104                  : driver.obj (.text:_SlDrvReleasePoolObj)
                  2000dd28    000000fe     parse_impl.obj (.text)
                  2000de26    000000fc     rtsv7M4_T_le_eabi.lib : fd_mul_t2.obj (.text)
                  2000df22    00000002     --HOLE-- [fill = 0]
                  2000df24    000000f0     driverlib.a : udma.obj (.text:uDMAChannelTransferSet)
                  2000e014    000000e8     simplelink.a : socket.obj (.text:sl_Connect)
                  2000e0fc    000000e8                  : cc_pal.obj (.text:spi_Write)
                  2000e1e4    000000e0     collect_and_txit.obj (.text)
                  2000e2c4    000000d8     simplelink.a : netapp.obj (.text:sl_NetAppDnsGetHostByName)
                  2000e39c    000000d8     timer_fns.obj (.text)
                  2000e474    000000cc     simplelink.a : cc_pal.obj (.text:spi_Read)
                  2000e540    000000c4                  : device.obj (.text:sl_Stop)
                  2000e604    000000c0                  : device.obj (.text:sl_Start)
                  2000e6c4    000000ba     free_rtos.a : portasm.obj (.text)
                  2000e77e    00000002     --HOLE-- [fill = 0]
                  2000e780    000000b4     simplelink.a : driver.obj (.text:_SlDrvMsgReadCmdCtx)
                  2000e834    000000b2                  : netapp.obj (.text:_SlDrvNetAppEventHandler)
                  2000e8e6    000000b2     pinmux.obj (.text)
                  2000e998    000000b0     simplelink.a : socket.obj (.text:sl_Send)
                  2000ea48    000000a8     driverlib.a : interrupt.obj (.text:IntDisable)
                  2000eaf0    000000a8                 : interrupt.obj (.text:IntEnable)
                  2000eb98    000000a8     timer_if.obj (.text)
                  2000ec40    000000a0     driverlib.a : spi.obj (.text:SPIConfigSetExpClk)
                  2000ece0    0000009c     rtsv7M4_T_le_eabi.lib : memcpy_t2.obj (.text)
                  2000ed7c    00000098     simplelink.a : driver.obj (.text:_SlFindAndSetActiveObj)
                  2000ee14    00000098     rtsv7M4_T_le_eabi.lib : snprintf.obj (.text)
                  2000eeac    00000094     driverlib.a : prcm.obj (.text:PRCMPeripheralClockGet)
                  2000ef40    00000094     simplelink.a : driver.obj (.text:_SlDrvClassifyRxMsg)
                  2000efd4    00000094     rtsv7M4_T_le_eabi.lib : auto_init.obj (.text)
                  2000f068    00000090     simplelink.a : driver.obj (.text:_SlDrvMsgReadSpawnCtx)
                  2000f0f8    0000008c                  : fs.obj (.text:sl_FsRead)
                  2000f184    0000008c                  : fs.obj (.text:sl_FsWrite)
                  2000f210    00000088     driverlib.a : pin.obj (.text:PinConfigSet)
                  2000f298    00000088     rtsv7M4_T_le_eabi.lib : vsnprintf.obj (.text)
                  2000f320    00000088     simplelink.a : netapp.obj (.text:sl_NetAppMDNSRegisterUnregisterService)
                  2000f3a8    00000086     rtsv7M4_T_le_eabi.lib : fd_cmp_t2.obj (.text:__aeabi_cdcmple)
                  2000f42e    00000086                           : fd_cmp_t2.obj (.text:__aeabi_cdrcmple)
                  2000f4b4    00000084     driverlib.a : i2c.obj (.text:I2CMasterInitExpClk)
                  2000f538    00000084     simplelink.a : driver.obj (.text:_SlDrvCmdOp)
                  2000f5bc    00000080                  : cc_pal.obj (.text:NwpPowerOnPreamble)
                  2000f63c    00000080     cc3200_debug.obj (.text)
                  2000f6bc    0000007c     simplelink.a : driver.obj (.text:_SlDrvDriverCBInit)
                  2000f738    0000007c                  : netapp.obj (.text:_sl_HandleAsync_DnsGetHostByName)
                  2000f7b4    0000007c                  : device.obj (.text:sl_DevGet)
                  2000f830    0000007c                  : fs.obj (.text:sl_FsClose)
                  2000f8ac    0000007a     rtsv7M4_T_le_eabi.lib : fs_mul_t2.obj (.text)
                  2000f926    00000002     --HOLE-- [fill = 0]
                  2000f928    00000078     simplelink.a : cc_pal.obj (.text:SetupDMAReceive)
                  2000f9a0    00000078     rtsv7M4_T_le_eabi.lib : memset_t2.obj (.text)
                  2000fa18    00000076     driverlib.a : uart.obj (.text:UARTConfigSetExpClk)
                  2000fa8e    00000002     --HOLE-- [fill = 0]
                  2000fa90    00000074     simplelink.a : device.obj (.text:_sl_HandleAsync_InitComplete)
                  2000fb04    00000074                  : wlan.obj (.text:sl_WlanGet)
                  2000fb78    00000074                  : cc_pal.obj (.text:spi_Close)
                  2000fbec    00000070     driverlib.a : timer.obj (.text:TimerIntRegister)
                  2000fc5c    00000070     simplelink.a : netapp.obj (.text:_sl_HandleAsync_PingResponse)
                  2000fccc    0000006e                  : socket.obj (.text:_sl_TruncatePayloadByProtocol)
                  2000fd3a    00000002     --HOLE-- [fill = 0]
                  2000fd3c    00000068     driverlib.a : timer.obj (.text:TimerIntUnregister)
                  2000fda4    00000068     simplelink.a : socket.obj (.text:_sl_HandleAsync_Connect)
                  2000fe0c    00000068                  : netapp.obj (.text:_sl_HandleAsync_DnsGetHostByService)
                  2000fe74    00000068                  : fs.obj (.text:sl_FsGetInfo)
                  2000fedc    00000064                  : fs.obj (.text:_sl_GetCreateFsMode)
                  2000ff40    00000064                  : socket.obj (.text:_sl_HandleAsync_Accept)
                  2000ffa4    00000064     driverlib.a : udma.obj (.text:uDMAChannelAttributeDisable)
                  20010008    00000064                 : udma.obj (.text:uDMAChannelAttributeEnable)
                  2001006c    00000060     rtsv7M4_T_le_eabi.lib : sprintf.obj (.text)
                  200100cc    0000005e                           : copy_decompress_rle.obj (.text)
                  2001012a    0000005a                           : ltoa.obj (.text)
                  20010184    00000058     driverlib.a : interrupt.obj (.text:IntPendClear)
                  200101dc    00000058                 : prcm.obj (.text:PRCMPeripheralReset)
                  20010234    00000058     simplelink.a : driver.obj (.text:_SlDrvDriverCBDeinit)
                  2001028c    00000058                  : socket.obj (.text:_sl_HandleAsync_Select)
                  200102e4    00000054     driverlib.a : interrupt.obj (.text:IntPrioritySet)
                  20010338    00000054     simplelink.a : device.obj (.text:_sl_HandleAsync_Stop)
                  2001038c    00000054                  : fs.obj (.text:sl_FsOpen)
                  200103e0    00000054                  : netapp.obj (.text:sl_NetAppSendTokenValue)
                  20010434    00000050     app_common.obj (.text)
                  20010484    0000004c     driverlib.a : spi.obj (.text:SPIIntEnable)
                  200104d0    0000004c     rtsv7M4_T_le_eabi.lib : atoi.obj (.text)
                  2001051c    0000004c                           : rand.obj (.text)
                  20010568    0000004c     simplelink.a : socket.obj (.text:sl_SetSockOpt)
                  200105b4    0000004c     driverlib.a : udma.obj (.text:uDMAChannelAssign)
                  20010600    0000004a     simplelink.a : device.obj (.text:_sl_GetStartResponseConvert)
                  2001064a    0000004a     rtsv7M4_T_le_eabi.lib : fd_tos_t2.obj (.text)
                  20010694    00000048     driverlib.a : spi.obj (.text:SPIIntClear)
                  200106dc    00000048     rtsv7M4_T_le_eabi.lib : fd_toi_t2.obj (.text)
                  20010724    00000048     simplelink.a : device.obj (.text:sl_DevSet)
                  2001076c    00000048                  : fs.obj (.text:sl_FsDel)
                  200107b4    00000048                  : wlan.obj (.text:sl_WlanSet)
                  200107fc    00000044     driverlib.a : spi.obj (.text:SPIDmaMaskGet)
                  20010840    00000044                 : timer.obj (.text:TimerConfigure)
                  20010884    00000044     rtsv7M4_T_le_eabi.lib : cpy_tbl.obj (.text)
                  200108c8    00000044                           : exit.obj (.text)
                  2001090c    00000044                           : xdtest.obj (.text)
                  20010950    00000044     simplelink.a : netcfg.obj (.text:sl_NetCfgSet)
                  20010994    00000044                  : socket.obj (.text:sl_Recv)
                  200109d8    00000040     driverlib.a : pin.obj (.text:PinModeSet)
                  20010a18    00000040     simplelink.a : driver.obj (.text:_SlDrvRxIrqHandler)
                  20010a58    00000040                  : driver.obj (.text:_SlRemoveFromList)
                  20010a98    00000040                  : wlan.obj (.text:sl_WlanPolicySet)
                  20010ad8    00000040                  : wlan.obj (.text:sl_WlanRxFilterSet)
                  20010b18    0000003c                  : cc_pal.obj (.text:NwpPowerOff)
                  20010b54    0000003c     driverlib.a : prcm.obj (.text:PRCMPeripheralClkEnable)
                  20010b90    0000003c     simplelink.a : driver.obj (.text:_SlDrvObjInit)
                  20010bcc    0000003c     rtsv7M4_T_le_eabi.lib : strncasecmp.obj (.text)
                  20010c08    0000003c     driverlib.a : udma.obj (.text:uDMAChannelControlSet)
                  20010c44    0000003a                 : camera.obj (.text:CameraCaptureStop)
                  20010c7e    0000003a                 : camera.obj (.text:CameraXClkConfig)
                  20010cb8    00000038     free_rtos.a : heap_3.obj (.text)
                  20010cf0    00000038     rtsv7M4_T_le_eabi.lib : fs_tod_t2.obj (.text)
                  20010d28    00000038                           : fs_toi_t2.obj (.text)
                  20010d60    00000038     simplelink.a : socket.obj (.text:sl_Htonl)
                  20010d98    00000036     driverlib.a : gpio.obj (.text:GPIODirModeSet)
                  20010dce    00000034                 : camera.obj (.text:CameraParamsConfig)
                  20010e02    00000002     --HOLE-- [fill = 0]
                  20010e04    00000034                 : prcm.obj (.text:PRCMPeripheralStatusGet)
                  20010e38    00000034                 : spi.obj (.text:SPIFIFOLevelSet)
                  20010e6c    00000034     simplelink.a : driver.obj (.text:_SlDrvBasicCmd)
                  20010ea0    00000034     rtsv7M4_T_le_eabi.lib : boot.obj (.text)
                  20010ed4    00000034                           : fs_tou_t2.obj (.text)
                  20010f08    00000034                           : strstr.obj (.text)
                  20010f3c    00000034     simplelink.a : socket.obj (.text:sl_Htons)
                  20010f70    00000030                  : cc_pal.obj (.text:NwpPowerOn)
                  20010fa0    00000030     driverlib.a : pin.obj (.text:PinTypeGPIO)
                  20010fd0    00000030                 : uart.obj (.text:UARTDisable)
                  20011000    00000030     rtsv7M4_T_le_eabi.lib : strncpy.obj (.text)
                  20011030    00000030     simplelink.a : socket.obj (.text:sl_Socket)
                  20011060    0000002e     rtsv7M4_T_le_eabi.lib : i_tofd_t2.obj (.text)
                  2001108e    00000002     --HOLE-- [fill = 0]
                  20011090    0000002c     driverlib.a : camera.obj (.text:CameraIntEnable)
                  200110bc    0000002c     simplelink.a : cc_pal.obj (.text:DmaSpiSwIntHandler)
                  200110e8    0000002c     driverlib.a : i2c.obj (.text:I2CMasterErr)
                  20011114    0000002c                 : prcm.obj (.text:PRCMSysResetCauseGet)
                  20011140    0000002c     simplelink.a : flowcont.obj (.text:_SlDrvFlowContDeinit)
                  2001116c    0000002c                  : flowcont.obj (.text:_SlDrvFlowContInit)
                  20011198    0000002a     driverlib.a : timer.obj (.text:TimerLoadSet)
                  200111c2    0000002a                 : timer.obj (.text:TimerPrescaleSet)
                  200111ec    00000028                 : camera.obj (.text:CameraIntStatus)
                  20011214    00000028                 : prcm.obj (.text:PRCMPeripheralClkDisable)
                  2001123c    00000028     simplelink.a : socket.obj (.text:_sl_BuildAddress)
                  20011264    00000028     rtsv7M4_T_le_eabi.lib : strncat.obj (.text)
                  2001128c    00000028     simplelink.a : wlan.obj (.text:sl_WlanSetMode)
                  200112b4    00000026     driverlib.a : camera.obj (.text:CameraThresholdSet)
                  200112da    00000026     rtsv7M4_T_le_eabi.lib : strncmp.obj (.text)
                  20011300    00000024     driverlib.a : camera.obj (.text:CameraIntClear)
                  20011324    00000024                 : interrupt.obj (.text:IntUnregister)
                  20011348    00000024                 : uart.obj (.text:UARTEnable)
                  2001136c    00000024     rtsv7M4_T_le_eabi.lib : memmov.obj (.text)
                  20011390    00000024                           : u_tofs_t2.obj (.text)
                  200113b4    00000024     simplelink.a : socket.obj (.text:sl_Close)
                  200113d8    00000024                  : netapp.obj (.text:sl_NetAppStart)
                  200113fc    00000024                  : netapp.obj (.text:sl_NetAppStop)
                  20011420    00000024                  : wlan.obj (.text:sl_WlanProfileDel)
                  20011444    00000022     driverlib.a : camera.obj (.text:CameraCaptureStart)
                  20011466    00000022                 : i2c.obj (.text:I2CMasterSlaveAddrSet)
                  20011488    00000022     simplelink.a : cc_pal.obj (.text:NwpRegisterInterruptHandler)
                  200114aa    00000022     driverlib.a : spi.obj (.text:SPIReset)
                  200114cc    00000022                 : spi.obj (.text:SPIWordCountSet)
                  200114ee    00000022     rtsv7M4_T_le_eabi.lib : memcmp.obj (.text)
                  20011510    00000020     driverlib.a : interrupt.obj (.text:IntRegister)
                  20011530    00000020     simplelink.a : driver.obj (.text:_SlDrvCmdSend)
                  20011550    00000020     rtsv7M4_T_le_eabi.lib : u_tofd_t2.obj (.text)
                  20011570    0000001e     driverlib.a : i2c.obj (.text:I2CMasterIntStatusEx)
                  2001158e    0000001e                 : timer.obj (.text:TimerDisable)
                  200115ac    0000001e                 : timer.obj (.text:TimerEnable)
                  200115ca    0000001e                 : timer.obj (.text:TimerIntStatus)
                  200115e8    0000001e                 : uart.obj (.text:UARTCharPut)
                  20011606    0000001c                 : pin.obj (.text:PinTypeI2C)
                  20011622    0000001c                 : timer.obj (.text:TimerValueGet)
                  2001163e    00000002     --HOLE-- [fill = 0]
                  20011640    0000001c     simplelink.a : driver.obj (.text:_SlDrvObjDeInit)
                  2001165c    0000001c     rtsv7M4_T_le_eabi.lib : memccpy.obj (.text)
                  20011678    0000001c     driverlib.a : udma.obj (.text:uDMAChannelDisable)
                  20011694    0000001c                 : udma.obj (.text:uDMAChannelEnable)
                  200116b0    0000001a     simplelink.a : netapp.obj (.text:CopyPingResultsToReport)
                  200116ca    0000001a     driverlib.a : pin.obj (.text:PinTypeCamera)
                  200116e4    0000001a                 : pin.obj (.text:PinTypeUART)
                  200116fe    0000001a                 : spi.obj (.text:SPIDmaDisable)
                  20011718    0000001a                 : spi.obj (.text:SPIDmaEnable)
                  20011732    0000001a                 : spi.obj (.text:SPIFIFODisable)
                  2001174c    0000001a                 : spi.obj (.text:SPIFIFOEnable)
                  20011766    0000001a     simplelink.a : device.obj (.text:_SlDrvDeviceEventHandler)
                  20011780    00000018     driverlib.a : camera.obj (.text:CameraReset)
                  20011798    00000018                 : spi.obj (.text:SPICSDisable)
                  200117b0    00000018                 : spi.obj (.text:SPICSEnable)
                  200117c8    00000018                 : spi.obj (.text:SPIDisable)
                  200117e0    00000018                 : spi.obj (.text:SPIEnable)
                  200117f8    00000018                 : timer.obj (.text:TimerIntDisable)
                  20011810    00000018                 : timer.obj (.text:TimerIntEnable)
                  20011828    00000018     rtsv7M4_T_le_eabi.lib : args_main.obj (.text)
                  20011840    00000018                           : ll_mul_t2.obj (.text)
                  20011858    00000016     driverlib.a : camera.obj (.text:CameraDMAEnable)
                  2001186e    00000016                 : camera.obj (.text:CameraIntRegister)
                  20011884    00000016                 : i2c.obj (.text:I2CMasterDataPut)
                  2001189a    00000016                 : i2c.obj (.text:I2CMasterEnable)
                  200118b0    00000016                 : prcm.obj (.text:PRCMHIBRegRead)
                  200118c6    00000016                 : prcm.obj (.text:PRCMHIBRegWrite)
                  200118dc    00000016                 : uart.obj (.text:UARTCharGet)
                  200118f2    00000016     simplelink.a : fs.obj (.text:_sl_Strlen)
                  20011908    00000016     driverlib.a : udma.obj (.text:uDMAIntRegister)
                  2001191e    00000014                 : cpu.obj (.text:CPUcpsie)
                  20011932    00000002     --HOLE-- [fill = 0]
                  20011934    00000014                 : interrupt.obj (.text:IntVTableBaseSet)
                  20011948    00000014     simplelink.a : driver.obj (.text:_SlDrvShiftDWord)
                  2001195c    00000014     rtsv7M4_T_le_eabi.lib : _lock.obj (.text)
                  20011970    00000014                           : strlen.obj (.text)
                  20011984    00000014     driverlib.a : udma.obj (.text:uDMAControlBaseSet)
                  20011998    00000014                 : udma.obj (.text:uDMAIntClear)
                  200119ac    00000012                 : i2c.obj (.text:I2CMasterControl)
                  200119be    00000012                 : i2c.obj (.text:I2CMasterIntClearEx)
                  200119d0    00000012                 : i2c.obj (.text:I2CMasterTimeoutSet)
                  200119e2    00000012                 : timer.obj (.text:TimerIntClear)
                  200119f4    00000012     rtsv7M4_T_le_eabi.lib : copy_zero_init.obj (.text:decompress:ZI)
                  20011a06    00000012     simplelink.a : netapp.obj (.text:sl_NetAppMDNSUnRegisterService)
                  20011a18    00000012     driverlib.a : udma.obj (.text:uDMAIntUnregister)
                  20011a2a    00000002     --HOLE-- [fill = 0]
                  20011a2c    00000010     simplelink.a : cc_pal.obj (.text:NwpMaskInterrupt)
                  20011a3c    00000010                  : socket.obj (.text:SL_FD_SET)
                  20011a4c    0000000e     driverlib.a : i2c.obj (.text:I2CMasterDataGet)
                  20011a5a    0000000e     rtsv7M4_T_le_eabi.lib : copy_decompress_none.obj (.text:decompress:none)
                  20011a68    0000000e                           : xdclass.obj (.text)
                  20011a76    0000000e     startup_ccs.obj (.text)
                  20011a84    0000000c     simplelink.a : cc_pal.obj (.text:NwpUnMaskInterrupt)
                  20011a90    0000000c     driverlib.a : udma.obj (.text:uDMADisable)
                  20011a9c    0000000c                 : udma.obj (.text:uDMAEnable)
                  20011aa8    0000000c                 : udma.obj (.text:uDMAIntStatus)
                  20011ab4    0000000a                 : interrupt.obj (.text:IntMasterEnable)
                  20011abe    00000008     simplelink.a : wlan.obj (.text:sl_WlanDisconnect)
                  20011ac6    00000006     i2cconfig.obj (.text:MT9D111Delay)
                  20011acc    00000006     simplelink.a : socket.obj (.text:SL_FD_ZERO)
                  20011ad2    00000006     driverlib.a : utils.obj (.text:UtilsDelay)
                  20011ad8    00000006     rtsv7M4_T_le_eabi.lib : copy_decompress_rle.obj (.text:decompress:rle24)

.const     0    20011ae0    00000a7d     
                  20011ae0    0000013c     mt9d111.obj (.const:init_cmds_list)
                  20011c1c    00000102     rtsv7M4_T_le_eabi.lib : ctype.obj (.const:.string:_ctypes_)
                  20011d1e    00000002     --HOLE-- [fill = 0]
                  20011d20    00000100     driverlib.a : pin.obj (.const:g_ulPinToPadMap)
                  20011e20    000000ec     simplelink.a : wlan.obj (.const)
                  20011f0c    000000d4     driverlib.a : interrupt.obj (.const:g_pulRegs)
                  20011fe0    000000b4     mt9d111.obj (.const:capture_cmds_list)
                  20012094    000000a8     driverlib.a : prcm.obj (.const:PRCM_PeriphRegsList)
                  2001213c    0000008c     mt9d111.obj (.const)
                  200121c8    00000080     driverlib.a : interrupt.obj (.const)
                  20012248    00000051     network_relater_fns.obj (.const:.string)
                  20012299    00000001     --HOLE-- [fill = 0]
                  2001229a    0000004c     mt9d111.obj (.const:$P$T3$4)
                  200122e6    00000002     --HOLE-- [fill = 0]
                  200122e8    0000004c     simplelink.a : driver.obj (.const)
                  20012334    00000042     mt9d111.obj (.const:.string)
                  20012376    00000002     --HOLE-- [fill = 0]
                  20012378    00000038     simplelink.a : fs.obj (.const)
                  200123b0    00000034                  : socket.obj (.const)
                  200123e4    0000002c     cc3200_utils.obj (.const:$P$T0$1)
                  20012410    0000002c     network_relater_fns.obj (.const:$P$T1$2)
                  2001243c    0000002b     parse_uploads.obj (.const:.string)
                  20012467    00000001     --HOLE-- [fill = 0]
                  20012468    00000028     simplelink.a : netapp.obj (.const)
                  20012490    00000022     network_relater_fns.obj (.const:.string:$P$T0$1)
                  200124b2    00000002     --HOLE-- [fill = 0]
                  200124b4    00000020     network_relater_fns.obj (.const)
                  200124d4    00000018     driverlib.a : spi.obj (.const)
                  200124ec    00000017     request.obj (.const:.string)
                  20012503    00000016     camera_app.obj (.const:.string)
                  20012519    00000016     collect_and_txit.obj (.const:.string)
                  2001252f    00000001     --HOLE-- [fill = 0]
                  20012530    00000014     simplelink.a : device.obj (.const)
                  20012544    0000000b     app_common.obj (.const:.string)
                  2001254f    00000001     --HOLE-- [fill = 0]
                  20012550    00000008     simplelink.a : netcfg.obj (.const)
                  20012558    00000005     main.obj (.const:.string)

.cinit     0    20012560    00000ad8     
                  20012560    00000ab2     (.cinit..data.load) [load image, compression = rle]
                  20013012    00000002     --HOLE-- [fill = 0]
                  20013014    0000000c     (__TI_handler_table)
                  20013020    00000008     (.cinit..bss.load) [load image, compression = zero_init]
                  20013028    00000010     (__TI_cinit_table)

.bss       0    20018000    00014721     UNINITIALIZED
                  20018000    00014000     main.obj (.bss:g_image_buffer)
                  2002c000    00000400     udma_if.obj (.bss:gpCtlTbl)
                  2002c400    00000100     udma_if.obj (.bss:gfpAppCallbackHndl)
                  2002c500    000000c8     free_rtos.a : tasks.obj (.bss:pxReadyTasksLists)
                  2002c5c8    00000050                 : queue.obj (.bss:xQueueRegistry)
                  2002c618    00000034     cc3200_client_state.obj (.bss:clientStateFileName)
                  2002c64c    00000024     network_relater_fns.obj (.bss:g_ucConnectionSSID)
                  2002c670    00000014     (.common:g_flag_blockFull)
                  2002c684    00000014     (.common:xDelayedTaskList1)
                  2002c698    00000014     (.common:xDelayedTaskList2)
                  2002c6ac    00000014     (.common:xPendingReadyList)
                  2002c6c0    00000014     (.common:xSuspendedTaskList)
                  2002c6d4    00000014     (.common:xTasksWaitingTermination)
                  2002c6e8    00000008     (.common:g_ucConnectionBSSID)
                  2002c6f0    00000004     (.common:__Errorlog)
                  2002c6f4    00000004     (.common:dataBuffer)
                  2002c6f8    00000004     (.common:g_block_lastFilled)
                  2002c6fc    00000004     (.common:g_frame_size_in_bytes)
                  2002c700    00000004     (.common:g_header_length)
                  2002c704    00000004     (.common:g_position_in_block)
                  2002c708    00000004     (.common:g_readHeader)
                  2002c70c    00000004     (.common:g_total_dma_intrpts)
                  2002c710    00000004     (.common:pxDelayedTaskList)
                  2002c714    00000004     (.common:pxOverflowDelayedTaskList)
                  2002c718    00000004     (.common:v_TimerOverflows)
                  2002c71c    00000001     (.common:g_CaptureImage)
                  2002c71d    00000001     (.common:g_dma_txn_done)
                  2002c71e    00000001     (.common:g_flag_DataBlockFilled)
                  2002c71f    00000001     (.common:g_frame_end)
                  2002c720    00000001     (.common:iDone)

.sysmem    0    2002c728    00004000     UNINITIALIZED
                  2002c728    00000008     rtsv7M4_T_le_eabi.lib : memory.obj (.sysmem)
                  2002c730    00003ff8     --HOLE--


LINKER GENERATED COPY TABLES

__TI_cinit_table @ 20013028 records: 2, size/record: 8, table size: 16
	.data: load addr=20012560, load size=00000ab2 bytes, run addr=20000000, run size=00001158 bytes, compression=rle
	.bss: load addr=20013020, load size=00000008 bytes, run addr=20018000, run size=00014721 bytes, compression=zero_init


LINKER GENERATED HANDLER TABLE

__TI_handler_table @ 20013014 records: 3, size/record: 4, table size: 12
	index: 0, handler: __TI_decompress_rle24
	index: 1, handler: __TI_decompress_none
	index: 2, handler: __TI_zero_init


GLOBAL SYMBOLS: SORTED ALPHABETICALLY BY Name 

address    name
--------   ----
200095b3   AnalogGainReg_Read
200108c9   C$$EXIT
2000951f   CCMRegs_Read
2001191f   CPUcpsie
20007561   CamControllerInit
20011445   CameraCaptureStart
20010c45   CameraCaptureStop
20011859   CameraDMAEnable
20011301   CameraIntClear
20011091   CameraIntEnable
2001186f   CameraIntRegister
200111ed   CameraIntStatus
20010dcf   CameraParamsConfig
20011781   CameraReset
20009181   CameraSensorInit
200112b5   CameraThresholdSet
20010c7f   CameraXClkConfig
2000713d   CaptureAndStore_Image
2000c2f1   ClearTerm
2000e1e5   CollectTxit_ImgTempRH
200067e1   ConfigureMode
20006541   ConfigureSimpleLinkToDefaultState
2000681d   ConnectToNetwork
20006985   ConnectToNetwork_2
20006a47   ConnectToNetwork_STA
20006a2b   ConnectToNetwork_STA_2
2000b937   ConstructDeviceStateObject
200116b1   CopyPingResultsToReport
20000f5c   DMAMsgQ
2000cab9   DMASetupTransfer
20001148   DigiCertHighAssuranceEVRootCA_der_len
20009555   DigitalGainRegs_Read
2000c983   DmaErrorIntHandler
200110bd   DmaSpiSwIntHandler
2000c971   DmaSwIntHandler
2000c2f7   Error
20010d99   GPIODirModeSet
2000c32b   GetCmd
2000e405   GetTimeDuration
2000ccaf   I2CBufferRead
2000cd57   I2CBufferWrite
2000cc91   I2CInit
200119ad   I2CMasterControl
20011a4d   I2CMasterDataGet
20011885   I2CMasterDataPut
2001189b   I2CMasterEnable
200110e9   I2CMasterErr
2000f4b5   I2CMasterInitExpClk
200119bf   I2CMasterIntClearEx
20011571   I2CMasterIntStatusEx
20011467   I2CMasterSlaveAddrSet
200119d1   I2CMasterTimeoutSet
2000cc7b   I2C_IF_Close
2000cc51   I2C_IF_Open
2000cbc9   I2C_IF_Read
2000cc31   I2C_IF_ReadFrom
2000cb67   I2C_IF_Write
2000c2b9   InitTerm
2000b889   InitialiseParse
20006519   InitializeAppVariables
2000e3af   InitializeTimer
2000ea49   IntDisable
2000eaf1   IntEnable
20011ab5   IntMasterEnable
20010185   IntPendClear
200102e5   IntPrioritySet
20011511   IntRegister
20011325   IntUnregister
20011935   IntVTableBaseSet
20000000   JPEG_StdHuffmanTbl
20000fb4   JPEG_StdQuantTblC
20000ff4   JPEG_StdQuantTblY
20011ac7   MT9D111Delay
2000bb75   Main_Task
2000c2d7   Message
20011a2d   NwpMaskInterrupt
20010b19   NwpPowerOff
20010f71   NwpPowerOn
2000f5bd   NwpPowerOnPreamble
20011489   NwpRegisterInterruptHandler
20011a85   NwpUnMaskInterrupt
2000d331   PRCMCC3200MCUInit
200118b1   PRCMHIBRegRead
200118c7   PRCMHIBRegWrite
20011215   PRCMPeripheralClkDisable
20010b55   PRCMPeripheralClkEnable
2000eead   PRCMPeripheralClockGet
200101dd   PRCMPeripheralReset
20010e05   PRCMPeripheralStatusGet
20011115   PRCMSysResetCauseGet
2000f211   PinConfigSet
200109d9   PinModeSet
2000e8e7   PinMuxConfig
200116cb   PinTypeCamera
20010fa1   PinTypeGPIO
20011607   PinTypeI2C
200116e5   PinTypeUART
2000936f   ReadAllAEnAWBRegs
2000962d   ReadMCUBootModeReg
20009335   RegStatusRead
2000c3d5   Report
20011a77   ResetISR
200095f9   ResetImageSensorMCU
UNDEFED    SHT$$INIT_ARRAY$$Base
UNDEFED    SHT$$INIT_ARRAY$$Limit
20011a3d   SL_FD_SET
20011acd   SL_FD_ZERO
20011799   SPICSDisable
200117b1   SPICSEnable
2000ec41   SPIConfigSetExpClk
200117c9   SPIDisable
200116ff   SPIDmaDisable
20011719   SPIDmaEnable
200117e1   SPIEnable
20011733   SPIFIFODisable
2001174d   SPIFIFOEnable
20010e39   SPIFIFOLevelSet
20010695   SPIIntClear
20010485   SPIIntEnable
200114ab   SPIReset
200114cd   SPIWordCountSet
2000ca01   SetupTransfer
20009585   ShutterRegs_Read
20006dd5   SimpleLinkHttpServerCallback
20006cd9   SimpleLinkNetAppEventHandler
20006d7d   SimpleLinkSockEventHandler
20006bf5   SimpleLinkWlanEventHandler
20009649   SoftReset_ImageSensor
20009189   StartSensorInJpegMode
2000e3db   StartTimer
2000e3f7   StopTimer
2000e39d   TimerBaseIntHandler
20010841   TimerConfigure
2001158f   TimerDisable
200115ad   TimerEnable
200119e3   TimerIntClear
200117f9   TimerIntDisable
20011811   TimerIntEnable
2000fbed   TimerIntRegister
200115cb   TimerIntStatus
2000fd3d   TimerIntUnregister
20011199   TimerLoadSet
200111c3   TimerPrescaleSet
20011623   TimerValueGet
2000ec1d   Timer_IF_DeInit
2000ec35   Timer_IF_GetCount
2000eb99   Timer_IF_Init
2000ebc3   Timer_IF_IntSetup
2000ebf5   Timer_IF_InterruptClear
20011199   Timer_IF_ReLoad
2000ec09   Timer_IF_Start
2001158f   Timer_IF_Stop
2000c38b   TrimSpace
200118dd   UARTCharGet
200115e9   UARTCharPut
2000fa19   UARTConfigSetExpClk
20010fd1   UARTDisable
20011349   UARTEnable
2000c9d9   UDMAChannelSelect
2000caa5   UDMADeInit
2000c98f   UDMAInit
2000ca37   UDMASetupAutoMemTransfer
2000ca5b   UDMASetupPingPongTransfer
20011679   UDMAStopTransfer
2000b89f   UploadImageToParse
2000b8d5   UploadSensorDataToParse
20011ad3   UtilsDelay
2000a5d1   VDeleteSimpleLinkSpawnTask
2000a581   VStartSimpleLinkSpawnTask
2000966f   Verify_ImageSensor
20009353   WriteAllAEnAWBRegs
20011a69   _Dclass
2001090d   _Dtest
200123d0   _SlAcceptCmdCtrl
200122fc   _SlActionLookupTable
2000b229   _SlAsyncEventGenericHandler
2001253c   _SlDeviceGetCmdCtrl
20012540   _SlDeviceSetCmdCtrl
20010e6d   _SlDrvBasicCmd
2000ef41   _SlDrvClassifyRxMsg
2000f539   _SlDrvCmdOp
20011531   _SlDrvCmdSend
2000ce01   _SlDrvDataReadOp
2000d595   _SlDrvDataWriteOp
20011767   _SlDrvDeviceEventHandler
20010235   _SlDrvDriverCBDeinit
2000f6bd   _SlDrvDriverCBInit
20011141   _SlDrvFlowContDeinit
2001116d   _SlDrvFlowContInit
2000ab31   _SlDrvMsgRead
2000e781   _SlDrvMsgReadCmdCtx
2000f069   _SlDrvMsgReadSpawnCtx
2000d7ed   _SlDrvMsgWrite
2000e835   _SlDrvNetAppEventHandler
20011641   _SlDrvObjDeInit
20010b91   _SlDrvObjInit
2000dc25   _SlDrvReleasePoolObj
2000d0b9   _SlDrvRxHdrRead
20010a19   _SlDrvRxIrqHandler
20011949   _SlDrvShiftDWord
2000da11   _SlDrvWaitForPoolObj
20012538   _SlEventMaskGetCmdCtrl
20012534   _SlEventMaskSetCmdCtrl
2000ed7d   _SlFindAndSetActiveObj
2001237c   _SlFsCloseCmdCtrl
2001238c   _SlFsDeleteCmdCtrl
20012388   _SlFsGetInfoCmdCtrl
20012378   _SlFsOpenCmdCtrl
20012380   _SlFsReadCmdCtrl
20012384   _SlFsWriteCmdCtrl
20012480   _SlGetHostByNameCtrl
2001247c   _SlGetHostByServiceCtrl
20012474   _SlGetServiceListeCtrl
200123dc   _SlGetSockOptCmdCtrl
200123cc   _SlListenCmdCtrl
2001248c   _SlNetAppGetCmdCtrl
20012488   _SlNetAppSendTokenValueCmdCtrl
20012484   _SlNetAppSetCmdCtrl
2001246c   _SlNetAppStartCtrl
20012470   _SlNetAppStopCtrl
20012554   _SlNetCfgGetCmdCtrl
20012550   _SlNetCfgSetCmdCtrl
20011e28   _SlPolicyGetCmdCtrl
20011e24   _SlPolicySetCmdCtrl
20011e30   _SlProfileDelCmdCtrl
20011e2c   _SlProfileGetCmdCtrl
200123d4   _SlRecvCmdCtrl
200123c4   _SlRecvfomCmdCtrl
20012478   _SlRegisterServiceCtrl
20010a59   _SlRemoveFromList
20011e38   _SlRxFilterAddtCmdCtrl
20011e40   _SlRxFilterGetCmdCtrl
20011e3c   _SlRxFilterSetCmdCtrl
200123e0   _SlSelectCmdCtrl
200123c8   _SlSendCmdCtrl
200123d8   _SlSetSockOptCmdCtrl
20011e44   _SlSmartConfigStartCmdCtrl
200123c0   _SlSockCloseCmdCtrl
200123bc   _SlSockSocketCmdCtrl
20012530   _SlStopCmdCtrl
20011e50   _SlWlanCfgGetCmdCtrl
20011e4c   _SlWlanCfgSetCmdCtrl
20011e34   _SlWlanGetNetworkListCtrl
20011e48   _SlWlanSetModeCmdCtrl
20004000   __STACK_END
00001000   __STACK_SIZE
00004000   __SYSMEM_SIZE
20013028   __TI_CINIT_Base
20013038   __TI_CINIT_Limit
20013014   __TI_Handler_Table_Base
20013020   __TI_Handler_Table_Limit
00000001   __TI_args_main
2000efd5   __TI_auto_init
20001138   __TI_cleanup_ptr
20011a5b   __TI_decompress_none
20011ad9   __TI_decompress_rle24
2000113c   __TI_dtors_ptr
2000620f   __TI_printfi
20012560   __TI_static_base__
200119f5   __TI_zero_init
2000f3a9   __aeabi_cdcmpeq
2000f3a9   __aeabi_cdcmple
2000f42f   __aeabi_cdrcmple
2001064b   __aeabi_d2f
200106dd   __aeabi_d2iz
2000c47b   __aeabi_dadd
2000d1f9   __aeabi_ddiv
2000de27   __aeabi_dmul
2000c471   __aeabi_dsub
20010cf1   __aeabi_f2d
20010d29   __aeabi_f2iz
20010ed5   __aeabi_f2uiz
2000f8ad   __aeabi_fmul
20011061   __aeabi_i2d
20011841   __aeabi_lmul
2000f9a1   __aeabi_memclr
2000f9a1   __aeabi_memclr4
2000f9a1   __aeabi_memclr8
2000ece1   __aeabi_memcpy
2000ece1   __aeabi_memcpy4
2000ece1   __aeabi_memcpy8
2000f9a3   __aeabi_memset
2000f9a3   __aeabi_memset4
2000f9a3   __aeabi_memset8
20011551   __aeabi_ui2d
20011391   __aeabi_ui2f
2000c0c5   __aeabi_uldivmod
ffffffff   __binit__
ffffffff   __c_args__
20003000   __stack
20011829   _args_main
20010ea1   _c_int00
20011c1c   _ctypes_
20001130   _lock
2001196b   _nop
20011963   _register_lock
2001195d   _register_unlock
2001123d   _sl_BuildAddress
2000fedd   _sl_GetCreateFsMode
20010601   _sl_GetStartResponseConvert
2000ff41   _sl_HandleAsync_Accept
2000fda5   _sl_HandleAsync_Connect
2000f739   _sl_HandleAsync_DnsGetHostByName
2000fe0d   _sl_HandleAsync_DnsGetHostByService
2000fa91   _sl_HandleAsync_InitComplete
2000fc5d   _sl_HandleAsync_PingResponse
2001028d   _sl_HandleAsync_Select
20010339   _sl_HandleAsync_Stop
200118f3   _sl_Strlen
2000fccd   _sl_TruncatePayloadByProtocol
2002c728   _sys_memory
20001134   _unlock
200108cd   abort
2000cfdf   addHttpRequestHeader
2000d007   addHttpRequestHeaderInt
2000cf65   addHttpRequestLine
200104d1   atoi
2000cfa3   beginHttpGetRequest
2000cf97   beginHttpRequest
ffffffff   binit
20008851   buildRequestHeaders
2000aaf9   calloc
2002c618   clientStateFileName
200010fc   cnt
20010885   copy_in
20009f97   createInstallation
200099b9   createNewInstallationId
2002c6f4   dataBuffer
20001100   dataBufferSize
2000f63d   debugPrint
2000f657   debugPrintf
200094ad   disableAE
20009423   disableAWB
20004691   eTaskGetState
20009461   enableAE
200093e5   enableAWB
2000c629   ensureCertificateFile
200108d5   exit
20009953   fetchDeviceOSVersion
2000b7fb   findSecondJson
2000a853   free
20000dd0   gFirstCmdMode
2002c71c   g_CaptureImage
200122f4   g_H2NCnysPattern
200122ec   g_H2NSyncPattern
20000f50   g_SpiFd
20000dd8   g_StatMem
2002c6f8   g_block_lastFilled
20000f60   g_cDummy
200124ec   g_deviceClientVersion
2002c71e   g_flag_DataBlockFilled
2002c670   g_flag_blockFull
2002c71f   g_frame_end
2002c6fc   g_frame_size_in_bytes
20000600   g_header
2002c700   g_header_length
20018000   g_image_buffer
200010d4   g_osVersion
20000dd4   g_pCB
20000f54   g_pHostIntHdl
20004000   g_pfnVectors
2002c704   g_position_in_block
2002c708   g_readHeader
2002c6e8   g_ucConnectionBSSID
2002c64c   g_ucConnectionSSID
20000f58   g_ucDMAEnabled
20000f64   g_ucDinDout
20001118   g_uiSimplelinkRole
20001114   g_ulGatewayIP
2000112c   g_ulPingPacketsRecv
20001110   g_ulStatus
2000d041   getHttpResponseBody
2000d017   getHttpResponseStatus
20009fe5   getInstallation
2000ddc5   getInternalClient
2000b82d   getPushJson
2002c400   gfpAppCallbackHndl
2002c000   gpCtlTbl
20008aa9   headerSend
2002c720   iDone
20006ad1   initNetwork
20010435   intToASCII
2000b813   isCompleteJson
200098f3   isPingTime
2000be35   loadClientState
2001012b   ltoa
2000bc1b   main
20001154   main_func_sp
2000a7f1   malloc
2000a6d5   mem_Free
2000a6c9   mem_Malloc
2000a6f5   mem_copy
2000a6e1   mem_set
2000aa19   memalign
2001165d   memccpy
200114ef   memcmp
2000ece1   memcpy
2001136d   memmove
2000f9a9   memset
2000a765   minit
2000a74b   osi_ContextRestore
2000a749   osi_ContextSave
2000a709   osi_EnterCritical
2000a713   osi_ExitCritical
2000a32f   osi_InterruptDeRegister
2000a309   osi_InterruptRegister
2000a439   osi_LockObjCreate
2000a4ad   osi_LockObjDelete
2000a4bd   osi_LockObjLock
2000a4e9   osi_LockObjUnlock
2000a5fd   osi_MsgQCreate
2000a641   osi_MsgQDelete
2000a68d   osi_MsgQRead
2000a65b   osi_MsgQWrite
2000a725   osi_Sleep
2000a513   osi_Spawn
2000a417   osi_SyncObjClear
2000a341   osi_SyncObjCreate
2000a371   osi_SyncObjDelete
2000a38b   osi_SyncObjSignal
2000a3b3   osi_SyncObjSignalFromISR
2000a3eb   osi_SyncObjWait
2000a45f   osi_TaskCreate
2000a49f   osi_TaskDelete
2000a735   osi_TaskDisable
2000a73f   osi_TaskEnable
2000a71d   osi_start
20000dcc   pPingCallBackFunc
20008f97   parseGetErrorCode
2000a0e7   parseGetInstallationId
2000dd29   parseInitialize
20008f49   parseSendRequest
20008eb5   parseSendRequestInternal
2000a06b   parseSetInstallationId
20008be1   payloadSend
20012544   pcDigits
20004bb5   pcTaskGetTaskName
2000e779   portCLZ
2000e761   prvPortStartFirstTask
20010cb9   pvPortMalloc
20001074   pxCurrentTCB
2000d901   pxPortInitialiseStack
20010533   rand
2000a913   realloc
2000b8fd   retreiveImageIDfromHTTPResponse
2000bedd   saveClientState
20008df7   sendRequest
20008841   setDataBufferPointer
2000b575   simpleJsonProcessor
200113b5   sl_Close
2000e015   sl_Connect
2000f7b5   sl_DevGet
20010725   sl_DevSet
2000f831   sl_FsClose
2001076d   sl_FsDel
2000fe75   sl_FsGetInfo
2001038d   sl_FsOpen
2000f0f9   sl_FsRead
2000f185   sl_FsWrite
20010d61   sl_Htonl
20010f3d   sl_Htons
2000e2c5   sl_NetAppDnsGetHostByName
2000f321   sl_NetAppMDNSRegisterUnregisterService
20011a07   sl_NetAppMDNSUnRegisterService
200103e1   sl_NetAppSendTokenValue
200113d9   sl_NetAppStart
200113fd   sl_NetAppStop
20010951   sl_NetCfgSet
20010995   sl_Recv
2000db1d   sl_Select
2000e999   sl_Send
20010569   sl_SetSockOpt
20011031   sl_Socket
2000e605   sl_Start
2000e541   sl_Stop
2000c7d5   sl_WlanConnect
20011abf   sl_WlanDisconnect
2000fb05   sl_WlanGet
20010a99   sl_WlanPolicySet
20011421   sl_WlanProfileDel
20010ad9   sl_WlanRxFilterSet
200107b5   sl_WlanSet
2001128d   sl_WlanSetMode
2000ee15   snprintf
200113b5   socketClose
2000b047   socketRead
2000af25   socketSslConnect
2000aed9   socketWait
2000b0e1   socketWrite
2000fb79   spi_Close
2000d465   spi_Open
2000e475   spi_Read
2000e0fd   spi_Write
2001006d   sprintf
2001051d   srand
200010fa   sshPort
20011971   strlen
20010bcd   strncasecmp
20011265   strncat
200112db   strncmp
20011001   strncpy
20010f09   strstr
200105b5   uDMAChannelAssign
2000ffa5   uDMAChannelAttributeDisable
20010009   uDMAChannelAttributeEnable
20010c09   uDMAChannelControlSet
20011679   uDMAChannelDisable
20011695   uDMAChannelEnable
2000df25   uDMAChannelTransferSet
20011985   uDMAControlBaseSet
20011a91   uDMADisable
20011a9d   uDMAEnable
20011999   uDMAIntClear
20011909   uDMAIntRegister
20011aa9   uDMAIntStatus
20011a19   uDMAIntUnregister
2000849d   ucQueueGetQueueType
2000e6c9   ulPortSetInterruptMask
2000994d   updateLastPingTime
2000d7a3   uxListRemove
2000847d   uxQueueGetQueueNumber
20008411   uxQueueMessagesWaiting
20008447   uxQueueMessagesWaitingFromISR
20008427   uxQueueSpacesAvailable
20004ba9   uxTaskGetNumberOfTasks
20004bd9   uxTaskGetSystemState
200050c9   uxTaskGetTaskNumber
20004725   uxTaskPriorityGet
20005621   uxTaskResetEventItemValue
2000bb6f   vApplicationIdleHook
2000bb71   vApplicationMallocFailedHook
2000bb73   vApplicationStackOverflowHook
2000bb6d   vAssertCalled
2000d6c1   vListInitialise
2000d6f1   vListInitialiseItem
2000d73d   vListInsert
2000d701   vListInsertEnd
2000e6df   vPortClearInterruptMask
2000d97d   vPortEndScheduler
2000d991   vPortEnterCritical
2000d9a9   vPortExitCritical
20010cd9   vPortFree
2000e739   vPortSVCHandler
2000d9dd   vPortSetupTimerInterrupt
2000d97f   vPortYield
200086b7   vQueueAddToRegistry
20008459   vQueueDelete
2000848b   vQueueSetQueueNumber
200086f9   vQueueUnregisterQueue
2000463b   vTaskDelay
2000459f   vTaskDelayUntil
2000450f   vTaskDelete
20004a8d   vTaskEndScheduler
200050bb   vTaskMissedYield
20004e51   vTaskPlaceOnEventList
20004eb5   vTaskPlaceOnUnorderedEventList
20005597   vTaskPriorityDisinherit
200054dd   vTaskPriorityInherit
2000475d   vTaskPrioritySet
20004955   vTaskResume
200050e9   vTaskSetTaskNumber
2000501b   vTaskSetTimeOutState
20004a43   vTaskStartScheduler
20004861   vTaskSuspend
20004a9f   vTaskSuspendAll
20004dd1   vTaskSwitchContext
2002c718   v_TimerOverflows
2000f299   vsnprintf
20001104   xHigherPriorityTaskWoken
2000e6ed   xPortPendSVHandler
2000d951   xPortStartScheduler
2000d9c1   xPortSysTickHandler
20008747   xQueueAddToSet
20008079   xQueueAltGenericReceive
20007fcd   xQueueAltGenericSend
20007ea1   xQueueCreateCountingSemaphore
20007e23   xQueueCreateMutex
20008733   xQueueCreateSet
20007dad   xQueueGenericCreate
20008213   xQueueGenericReceive
20007d1d   xQueueGenericReset
20007ec1   xQueueGenericSend
20008177   xQueueGenericSendFromISR
20008653   xQueueIsQueueEmptyFromISR
20008695   xQueueIsQueueFullFromISR
200083cd   xQueuePeekFromISR
20008355   xQueueReceiveFromISR
2002c5c8   xQueueRegistry
2000877b   xQueueRemoveFromSet
200087bd   xQueueSelectFromSet
200087d7   xQueueSelectFromSetFromISR
20001108   xSimpleLinkSpawnQueue
2000110c   xSimpleLinkSpawnTaskHndl
20005041   xTaskCheckForTimeOut
20004401   xTaskGenericCreate
20005491   xTaskGetCurrentTaskHandle
20004c97   xTaskGetIdleTaskHandle
200054a5   xTaskGetSchedulerState
20004b7d   xTaskGetTickCount
20004b91   xTaskGetTickCountFromISR
20004cb5   xTaskIncrementTick
20004f25   xTaskRemoveFromEventList
20004fad   xTaskRemoveFromUnorderedEventList
20004ab1   xTaskResumeAll
200049c9   xTaskResumeFromISR


GLOBAL SYMBOLS: SORTED BY Symbol Address 

address    name
--------   ----
00000001   __TI_args_main
00001000   __STACK_SIZE
00004000   __SYSMEM_SIZE
20000000   JPEG_StdHuffmanTbl
20000600   g_header
20000dcc   pPingCallBackFunc
20000dd0   gFirstCmdMode
20000dd4   g_pCB
20000dd8   g_StatMem
20000f50   g_SpiFd
20000f54   g_pHostIntHdl
20000f58   g_ucDMAEnabled
20000f5c   DMAMsgQ
20000f60   g_cDummy
20000f64   g_ucDinDout
20000fb4   JPEG_StdQuantTblC
20000ff4   JPEG_StdQuantTblY
20001074   pxCurrentTCB
200010d4   g_osVersion
200010fa   sshPort
200010fc   cnt
20001100   dataBufferSize
20001104   xHigherPriorityTaskWoken
20001108   xSimpleLinkSpawnQueue
2000110c   xSimpleLinkSpawnTaskHndl
20001110   g_ulStatus
20001114   g_ulGatewayIP
20001118   g_uiSimplelinkRole
2000112c   g_ulPingPacketsRecv
20001130   _lock
20001134   _unlock
20001138   __TI_cleanup_ptr
2000113c   __TI_dtors_ptr
20001148   DigiCertHighAssuranceEVRootCA_der_len
20001154   main_func_sp
20003000   __stack
20004000   __STACK_END
20004000   g_pfnVectors
20004401   xTaskGenericCreate
2000450f   vTaskDelete
2000459f   vTaskDelayUntil
2000463b   vTaskDelay
20004691   eTaskGetState
20004725   uxTaskPriorityGet
2000475d   vTaskPrioritySet
20004861   vTaskSuspend
20004955   vTaskResume
200049c9   xTaskResumeFromISR
20004a43   vTaskStartScheduler
20004a8d   vTaskEndScheduler
20004a9f   vTaskSuspendAll
20004ab1   xTaskResumeAll
20004b7d   xTaskGetTickCount
20004b91   xTaskGetTickCountFromISR
20004ba9   uxTaskGetNumberOfTasks
20004bb5   pcTaskGetTaskName
20004bd9   uxTaskGetSystemState
20004c97   xTaskGetIdleTaskHandle
20004cb5   xTaskIncrementTick
20004dd1   vTaskSwitchContext
20004e51   vTaskPlaceOnEventList
20004eb5   vTaskPlaceOnUnorderedEventList
20004f25   xTaskRemoveFromEventList
20004fad   xTaskRemoveFromUnorderedEventList
2000501b   vTaskSetTimeOutState
20005041   xTaskCheckForTimeOut
200050bb   vTaskMissedYield
200050c9   uxTaskGetTaskNumber
200050e9   vTaskSetTaskNumber
20005491   xTaskGetCurrentTaskHandle
200054a5   xTaskGetSchedulerState
200054dd   vTaskPriorityInherit
20005597   vTaskPriorityDisinherit
20005621   uxTaskResetEventItemValue
2000620f   __TI_printfi
20006519   InitializeAppVariables
20006541   ConfigureSimpleLinkToDefaultState
200067e1   ConfigureMode
2000681d   ConnectToNetwork
20006985   ConnectToNetwork_2
20006a2b   ConnectToNetwork_STA_2
20006a47   ConnectToNetwork_STA
20006ad1   initNetwork
20006bf5   SimpleLinkWlanEventHandler
20006cd9   SimpleLinkNetAppEventHandler
20006d7d   SimpleLinkSockEventHandler
20006dd5   SimpleLinkHttpServerCallback
2000713d   CaptureAndStore_Image
20007561   CamControllerInit
20007d1d   xQueueGenericReset
20007dad   xQueueGenericCreate
20007e23   xQueueCreateMutex
20007ea1   xQueueCreateCountingSemaphore
20007ec1   xQueueGenericSend
20007fcd   xQueueAltGenericSend
20008079   xQueueAltGenericReceive
20008177   xQueueGenericSendFromISR
20008213   xQueueGenericReceive
20008355   xQueueReceiveFromISR
200083cd   xQueuePeekFromISR
20008411   uxQueueMessagesWaiting
20008427   uxQueueSpacesAvailable
20008447   uxQueueMessagesWaitingFromISR
20008459   vQueueDelete
2000847d   uxQueueGetQueueNumber
2000848b   vQueueSetQueueNumber
2000849d   ucQueueGetQueueType
20008653   xQueueIsQueueEmptyFromISR
20008695   xQueueIsQueueFullFromISR
200086b7   vQueueAddToRegistry
200086f9   vQueueUnregisterQueue
20008733   xQueueCreateSet
20008747   xQueueAddToSet
2000877b   xQueueRemoveFromSet
200087bd   xQueueSelectFromSet
200087d7   xQueueSelectFromSetFromISR
20008841   setDataBufferPointer
20008851   buildRequestHeaders
20008aa9   headerSend
20008be1   payloadSend
20008df7   sendRequest
20008eb5   parseSendRequestInternal
20008f49   parseSendRequest
20008f97   parseGetErrorCode
20009181   CameraSensorInit
20009189   StartSensorInJpegMode
20009335   RegStatusRead
20009353   WriteAllAEnAWBRegs
2000936f   ReadAllAEnAWBRegs
200093e5   enableAWB
20009423   disableAWB
20009461   enableAE
200094ad   disableAE
2000951f   CCMRegs_Read
20009555   DigitalGainRegs_Read
20009585   ShutterRegs_Read
200095b3   AnalogGainReg_Read
200095f9   ResetImageSensorMCU
2000962d   ReadMCUBootModeReg
20009649   SoftReset_ImageSensor
2000966f   Verify_ImageSensor
200098f3   isPingTime
2000994d   updateLastPingTime
20009953   fetchDeviceOSVersion
200099b9   createNewInstallationId
20009f97   createInstallation
20009fe5   getInstallation
2000a06b   parseSetInstallationId
2000a0e7   parseGetInstallationId
2000a309   osi_InterruptRegister
2000a32f   osi_InterruptDeRegister
2000a341   osi_SyncObjCreate
2000a371   osi_SyncObjDelete
2000a38b   osi_SyncObjSignal
2000a3b3   osi_SyncObjSignalFromISR
2000a3eb   osi_SyncObjWait
2000a417   osi_SyncObjClear
2000a439   osi_LockObjCreate
2000a45f   osi_TaskCreate
2000a49f   osi_TaskDelete
2000a4ad   osi_LockObjDelete
2000a4bd   osi_LockObjLock
2000a4e9   osi_LockObjUnlock
2000a513   osi_Spawn
2000a581   VStartSimpleLinkSpawnTask
2000a5d1   VDeleteSimpleLinkSpawnTask
2000a5fd   osi_MsgQCreate
2000a641   osi_MsgQDelete
2000a65b   osi_MsgQWrite
2000a68d   osi_MsgQRead
2000a6c9   mem_Malloc
2000a6d5   mem_Free
2000a6e1   mem_set
2000a6f5   mem_copy
2000a709   osi_EnterCritical
2000a713   osi_ExitCritical
2000a71d   osi_start
2000a725   osi_Sleep
2000a735   osi_TaskDisable
2000a73f   osi_TaskEnable
2000a749   osi_ContextSave
2000a74b   osi_ContextRestore
2000a765   minit
2000a7f1   malloc
2000a853   free
2000a913   realloc
2000aa19   memalign
2000aaf9   calloc
2000ab31   _SlDrvMsgRead
2000aed9   socketWait
2000af25   socketSslConnect
2000b047   socketRead
2000b0e1   socketWrite
2000b229   _SlAsyncEventGenericHandler
2000b575   simpleJsonProcessor
2000b7fb   findSecondJson
2000b813   isCompleteJson
2000b82d   getPushJson
2000b889   InitialiseParse
2000b89f   UploadImageToParse
2000b8d5   UploadSensorDataToParse
2000b8fd   retreiveImageIDfromHTTPResponse
2000b937   ConstructDeviceStateObject
2000bb6d   vAssertCalled
2000bb6f   vApplicationIdleHook
2000bb71   vApplicationMallocFailedHook
2000bb73   vApplicationStackOverflowHook
2000bb75   Main_Task
2000bc1b   main
2000be35   loadClientState
2000bedd   saveClientState
2000c0c5   __aeabi_uldivmod
2000c2b9   InitTerm
2000c2d7   Message
2000c2f1   ClearTerm
2000c2f7   Error
2000c32b   GetCmd
2000c38b   TrimSpace
2000c3d5   Report
2000c471   __aeabi_dsub
2000c47b   __aeabi_dadd
2000c629   ensureCertificateFile
2000c7d5   sl_WlanConnect
2000c971   DmaSwIntHandler
2000c983   DmaErrorIntHandler
2000c98f   UDMAInit
2000c9d9   UDMAChannelSelect
2000ca01   SetupTransfer
2000ca37   UDMASetupAutoMemTransfer
2000ca5b   UDMASetupPingPongTransfer
2000caa5   UDMADeInit
2000cab9   DMASetupTransfer
2000cb67   I2C_IF_Write
2000cbc9   I2C_IF_Read
2000cc31   I2C_IF_ReadFrom
2000cc51   I2C_IF_Open
2000cc7b   I2C_IF_Close
2000cc91   I2CInit
2000ccaf   I2CBufferRead
2000cd57   I2CBufferWrite
2000ce01   _SlDrvDataReadOp
2000cf65   addHttpRequestLine
2000cf97   beginHttpRequest
2000cfa3   beginHttpGetRequest
2000cfdf   addHttpRequestHeader
2000d007   addHttpRequestHeaderInt
2000d017   getHttpResponseStatus
2000d041   getHttpResponseBody
2000d0b9   _SlDrvRxHdrRead
2000d1f9   __aeabi_ddiv
2000d331   PRCMCC3200MCUInit
2000d465   spi_Open
2000d595   _SlDrvDataWriteOp
2000d6c1   vListInitialise
2000d6f1   vListInitialiseItem
2000d701   vListInsertEnd
2000d73d   vListInsert
2000d7a3   uxListRemove
2000d7ed   _SlDrvMsgWrite
2000d901   pxPortInitialiseStack
2000d951   xPortStartScheduler
2000d97d   vPortEndScheduler
2000d97f   vPortYield
2000d991   vPortEnterCritical
2000d9a9   vPortExitCritical
2000d9c1   xPortSysTickHandler
2000d9dd   vPortSetupTimerInterrupt
2000da11   _SlDrvWaitForPoolObj
2000db1d   sl_Select
2000dc25   _SlDrvReleasePoolObj
2000dd29   parseInitialize
2000ddc5   getInternalClient
2000de27   __aeabi_dmul
2000df25   uDMAChannelTransferSet
2000e015   sl_Connect
2000e0fd   spi_Write
2000e1e5   CollectTxit_ImgTempRH
2000e2c5   sl_NetAppDnsGetHostByName
2000e39d   TimerBaseIntHandler
2000e3af   InitializeTimer
2000e3db   StartTimer
2000e3f7   StopTimer
2000e405   GetTimeDuration
2000e475   spi_Read
2000e541   sl_Stop
2000e605   sl_Start
2000e6c9   ulPortSetInterruptMask
2000e6df   vPortClearInterruptMask
2000e6ed   xPortPendSVHandler
2000e739   vPortSVCHandler
2000e761   prvPortStartFirstTask
2000e779   portCLZ
2000e781   _SlDrvMsgReadCmdCtx
2000e835   _SlDrvNetAppEventHandler
2000e8e7   PinMuxConfig
2000e999   sl_Send
2000ea49   IntDisable
2000eaf1   IntEnable
2000eb99   Timer_IF_Init
2000ebc3   Timer_IF_IntSetup
2000ebf5   Timer_IF_InterruptClear
2000ec09   Timer_IF_Start
2000ec1d   Timer_IF_DeInit
2000ec35   Timer_IF_GetCount
2000ec41   SPIConfigSetExpClk
2000ece1   __aeabi_memcpy
2000ece1   __aeabi_memcpy4
2000ece1   __aeabi_memcpy8
2000ece1   memcpy
2000ed7d   _SlFindAndSetActiveObj
2000ee15   snprintf
2000eead   PRCMPeripheralClockGet
2000ef41   _SlDrvClassifyRxMsg
2000efd5   __TI_auto_init
2000f069   _SlDrvMsgReadSpawnCtx
2000f0f9   sl_FsRead
2000f185   sl_FsWrite
2000f211   PinConfigSet
2000f299   vsnprintf
2000f321   sl_NetAppMDNSRegisterUnregisterService
2000f3a9   __aeabi_cdcmpeq
2000f3a9   __aeabi_cdcmple
2000f42f   __aeabi_cdrcmple
2000f4b5   I2CMasterInitExpClk
2000f539   _SlDrvCmdOp
2000f5bd   NwpPowerOnPreamble
2000f63d   debugPrint
2000f657   debugPrintf
2000f6bd   _SlDrvDriverCBInit
2000f739   _sl_HandleAsync_DnsGetHostByName
2000f7b5   sl_DevGet
2000f831   sl_FsClose
2000f8ad   __aeabi_fmul
2000f9a1   __aeabi_memclr
2000f9a1   __aeabi_memclr4
2000f9a1   __aeabi_memclr8
2000f9a3   __aeabi_memset
2000f9a3   __aeabi_memset4
2000f9a3   __aeabi_memset8
2000f9a9   memset
2000fa19   UARTConfigSetExpClk
2000fa91   _sl_HandleAsync_InitComplete
2000fb05   sl_WlanGet
2000fb79   spi_Close
2000fbed   TimerIntRegister
2000fc5d   _sl_HandleAsync_PingResponse
2000fccd   _sl_TruncatePayloadByProtocol
2000fd3d   TimerIntUnregister
2000fda5   _sl_HandleAsync_Connect
2000fe0d   _sl_HandleAsync_DnsGetHostByService
2000fe75   sl_FsGetInfo
2000fedd   _sl_GetCreateFsMode
2000ff41   _sl_HandleAsync_Accept
2000ffa5   uDMAChannelAttributeDisable
20010009   uDMAChannelAttributeEnable
2001006d   sprintf
2001012b   ltoa
20010185   IntPendClear
200101dd   PRCMPeripheralReset
20010235   _SlDrvDriverCBDeinit
2001028d   _sl_HandleAsync_Select
200102e5   IntPrioritySet
20010339   _sl_HandleAsync_Stop
2001038d   sl_FsOpen
200103e1   sl_NetAppSendTokenValue
20010435   intToASCII
20010485   SPIIntEnable
200104d1   atoi
2001051d   srand
20010533   rand
20010569   sl_SetSockOpt
200105b5   uDMAChannelAssign
20010601   _sl_GetStartResponseConvert
2001064b   __aeabi_d2f
20010695   SPIIntClear
200106dd   __aeabi_d2iz
20010725   sl_DevSet
2001076d   sl_FsDel
200107b5   sl_WlanSet
20010841   TimerConfigure
20010885   copy_in
200108c9   C$$EXIT
200108cd   abort
200108d5   exit
2001090d   _Dtest
20010951   sl_NetCfgSet
20010995   sl_Recv
200109d9   PinModeSet
20010a19   _SlDrvRxIrqHandler
20010a59   _SlRemoveFromList
20010a99   sl_WlanPolicySet
20010ad9   sl_WlanRxFilterSet
20010b19   NwpPowerOff
20010b55   PRCMPeripheralClkEnable
20010b91   _SlDrvObjInit
20010bcd   strncasecmp
20010c09   uDMAChannelControlSet
20010c45   CameraCaptureStop
20010c7f   CameraXClkConfig
20010cb9   pvPortMalloc
20010cd9   vPortFree
20010cf1   __aeabi_f2d
20010d29   __aeabi_f2iz
20010d61   sl_Htonl
20010d99   GPIODirModeSet
20010dcf   CameraParamsConfig
20010e05   PRCMPeripheralStatusGet
20010e39   SPIFIFOLevelSet
20010e6d   _SlDrvBasicCmd
20010ea1   _c_int00
20010ed5   __aeabi_f2uiz
20010f09   strstr
20010f3d   sl_Htons
20010f71   NwpPowerOn
20010fa1   PinTypeGPIO
20010fd1   UARTDisable
20011001   strncpy
20011031   sl_Socket
20011061   __aeabi_i2d
20011091   CameraIntEnable
200110bd   DmaSpiSwIntHandler
200110e9   I2CMasterErr
20011115   PRCMSysResetCauseGet
20011141   _SlDrvFlowContDeinit
2001116d   _SlDrvFlowContInit
20011199   TimerLoadSet
20011199   Timer_IF_ReLoad
200111c3   TimerPrescaleSet
200111ed   CameraIntStatus
20011215   PRCMPeripheralClkDisable
2001123d   _sl_BuildAddress
20011265   strncat
2001128d   sl_WlanSetMode
200112b5   CameraThresholdSet
200112db   strncmp
20011301   CameraIntClear
20011325   IntUnregister
20011349   UARTEnable
2001136d   memmove
20011391   __aeabi_ui2f
200113b5   sl_Close
200113b5   socketClose
200113d9   sl_NetAppStart
200113fd   sl_NetAppStop
20011421   sl_WlanProfileDel
20011445   CameraCaptureStart
20011467   I2CMasterSlaveAddrSet
20011489   NwpRegisterInterruptHandler
200114ab   SPIReset
200114cd   SPIWordCountSet
200114ef   memcmp
20011511   IntRegister
20011531   _SlDrvCmdSend
20011551   __aeabi_ui2d
20011571   I2CMasterIntStatusEx
2001158f   TimerDisable
2001158f   Timer_IF_Stop
200115ad   TimerEnable
200115cb   TimerIntStatus
200115e9   UARTCharPut
20011607   PinTypeI2C
20011623   TimerValueGet
20011641   _SlDrvObjDeInit
2001165d   memccpy
20011679   UDMAStopTransfer
20011679   uDMAChannelDisable
20011695   uDMAChannelEnable
200116b1   CopyPingResultsToReport
200116cb   PinTypeCamera
200116e5   PinTypeUART
200116ff   SPIDmaDisable
20011719   SPIDmaEnable
20011733   SPIFIFODisable
2001174d   SPIFIFOEnable
20011767   _SlDrvDeviceEventHandler
20011781   CameraReset
20011799   SPICSDisable
200117b1   SPICSEnable
200117c9   SPIDisable
200117e1   SPIEnable
200117f9   TimerIntDisable
20011811   TimerIntEnable
20011829   _args_main
20011841   __aeabi_lmul
20011859   CameraDMAEnable
2001186f   CameraIntRegister
20011885   I2CMasterDataPut
2001189b   I2CMasterEnable
200118b1   PRCMHIBRegRead
200118c7   PRCMHIBRegWrite
200118dd   UARTCharGet
200118f3   _sl_Strlen
20011909   uDMAIntRegister
2001191f   CPUcpsie
20011935   IntVTableBaseSet
20011949   _SlDrvShiftDWord
2001195d   _register_unlock
20011963   _register_lock
2001196b   _nop
20011971   strlen
20011985   uDMAControlBaseSet
20011999   uDMAIntClear
200119ad   I2CMasterControl
200119bf   I2CMasterIntClearEx
200119d1   I2CMasterTimeoutSet
200119e3   TimerIntClear
200119f5   __TI_zero_init
20011a07   sl_NetAppMDNSUnRegisterService
20011a19   uDMAIntUnregister
20011a2d   NwpMaskInterrupt
20011a3d   SL_FD_SET
20011a4d   I2CMasterDataGet
20011a5b   __TI_decompress_none
20011a69   _Dclass
20011a77   ResetISR
20011a85   NwpUnMaskInterrupt
20011a91   uDMADisable
20011a9d   uDMAEnable
20011aa9   uDMAIntStatus
20011ab5   IntMasterEnable
20011abf   sl_WlanDisconnect
20011ac7   MT9D111Delay
20011acd   SL_FD_ZERO
20011ad3   UtilsDelay
20011ad9   __TI_decompress_rle24
20011c1c   _ctypes_
20011e24   _SlPolicySetCmdCtrl
20011e28   _SlPolicyGetCmdCtrl
20011e2c   _SlProfileGetCmdCtrl
20011e30   _SlProfileDelCmdCtrl
20011e34   _SlWlanGetNetworkListCtrl
20011e38   _SlRxFilterAddtCmdCtrl
20011e3c   _SlRxFilterSetCmdCtrl
20011e40   _SlRxFilterGetCmdCtrl
20011e44   _SlSmartConfigStartCmdCtrl
20011e48   _SlWlanSetModeCmdCtrl
20011e4c   _SlWlanCfgSetCmdCtrl
20011e50   _SlWlanCfgGetCmdCtrl
200122ec   g_H2NSyncPattern
200122f4   g_H2NCnysPattern
200122fc   _SlActionLookupTable
20012378   _SlFsOpenCmdCtrl
2001237c   _SlFsCloseCmdCtrl
20012380   _SlFsReadCmdCtrl
20012384   _SlFsWriteCmdCtrl
20012388   _SlFsGetInfoCmdCtrl
2001238c   _SlFsDeleteCmdCtrl
200123bc   _SlSockSocketCmdCtrl
200123c0   _SlSockCloseCmdCtrl
200123c4   _SlRecvfomCmdCtrl
200123c8   _SlSendCmdCtrl
200123cc   _SlListenCmdCtrl
200123d0   _SlAcceptCmdCtrl
200123d4   _SlRecvCmdCtrl
200123d8   _SlSetSockOptCmdCtrl
200123dc   _SlGetSockOptCmdCtrl
200123e0   _SlSelectCmdCtrl
2001246c   _SlNetAppStartCtrl
20012470   _SlNetAppStopCtrl
20012474   _SlGetServiceListeCtrl
20012478   _SlRegisterServiceCtrl
2001247c   _SlGetHostByServiceCtrl
20012480   _SlGetHostByNameCtrl
20012484   _SlNetAppSetCmdCtrl
20012488   _SlNetAppSendTokenValueCmdCtrl
2001248c   _SlNetAppGetCmdCtrl
200124ec   g_deviceClientVersion
20012530   _SlStopCmdCtrl
20012534   _SlEventMaskSetCmdCtrl
20012538   _SlEventMaskGetCmdCtrl
2001253c   _SlDeviceGetCmdCtrl
20012540   _SlDeviceSetCmdCtrl
20012544   pcDigits
20012550   _SlNetCfgSetCmdCtrl
20012554   _SlNetCfgGetCmdCtrl
20012560   __TI_static_base__
20013014   __TI_Handler_Table_Base
20013020   __TI_Handler_Table_Limit
20013028   __TI_CINIT_Base
20013038   __TI_CINIT_Limit
20018000   g_image_buffer
2002c000   gpCtlTbl
2002c400   gfpAppCallbackHndl
2002c5c8   xQueueRegistry
2002c618   clientStateFileName
2002c64c   g_ucConnectionSSID
2002c670   g_flag_blockFull
2002c6e8   g_ucConnectionBSSID
2002c6f4   dataBuffer
2002c6f8   g_block_lastFilled
2002c6fc   g_frame_size_in_bytes
2002c700   g_header_length
2002c704   g_position_in_block
2002c708   g_readHeader
2002c718   v_TimerOverflows
2002c71c   g_CaptureImage
2002c71e   g_flag_DataBlockFilled
2002c71f   g_frame_end
2002c720   iDone
2002c728   _sys_memory
ffffffff   __binit__
ffffffff   __c_args__
ffffffff   binit
UNDEFED    SHT$$INIT_ARRAY$$Base
UNDEFED    SHT$$INIT_ARRAY$$Limit

[605 symbols]
