******************************************************************************
                  TI ARM Linker PC v5.1.6                      
******************************************************************************
>> Linked Wed May 20 12:50:16 2015

OUTPUT FILE NAME:   <ULP_SEC_CAM.out>
ENTRY POINT SYMBOL: "_c_int00"  address: 20011d15


MEMORY CONFIGURATION

         name            origin    length      used     unused   attr    fill
----------------------  --------  ---------  --------  --------  ----  --------
  SRAM_BOOTLDR          20000000   00004000  000021a4  00001e5c  RW X
  SRAM_CODE             20004000   00014000  00010027  00003fd9  RW X
  SRAM_DATA             20018000   00024000  00018af8  0000b508  RW X


SEGMENT ALLOCATION MAP

run origin  load origin   length   init length attrs members
----------  ----------- ---------- ----------- ----- -------
20000000    20000000    000011a4   00000000    rw-
  20000000    20000000    000011a4   00000000    rw- .data
20003000    20003000    00001000   00000000    rw-
  20003000    20003000    00001000   00000000    rw- .stack
20004000    20004000    00010030   00010030    r-x
  20004000    20004000    00000400   00000400    r-- .intvecs
  20004400    20004400    0000e562   0000e562    r-x .text
  20012964    20012964    00000bad   00000bad    r-- .const
  20013518    20013518    00000b18   00000b18    r-- .cinit
20018000    20018000    00018af8   00000000    rw-
  20018000    20018000    00014af8   00000000    rw- .bss
  2002caf8    2002caf8    00004000   00000000    rw- .sysmem


SECTION ALLOCATION MAP

 output                                  attributes/
section   page    origin      length       input sections
--------  ----  ----------  ----------   ----------------
.init_array 
*          0    20004000    00000000     UNINITIALIZED

.data      0    20000000    000011a4     UNINITIALIZED
                  20000000    00000600     camera_app.obj (.data:JPEG_StdHuffmanTbl)
                  20000600    00000400     camera_app.obj (.data:g_header)
                  20000a00    000003c9     cc3200_certificate.obj (.data:DigiCertHighAssuranceEVRootCA_der)
                  20000dc9    00000003     --HOLE--
                  20000dcc    00000184     simplelink.a : driver.obj (.data)
                  20000f50    00000064                  : cc_pal.obj (.data)
                  20000fb4    00000040     camera_app.obj (.data:JPEG_StdQuantTblC)
                  20000ff4    00000040     camera_app.obj (.data:JPEG_StdQuantTblY)
                  20001034    00000040     camera_app.obj (.data:zigzag)
                  20001074    0000003c     main.obj (.data:g_token_get)
                  200010b0    00000034     free_rtos.a : tasks.obj (.data)
                  200010e4    0000002c     cc3200_utils.obj (.data:lastDateTime)
                  20001110    0000001c     main.obj (.data)
                  2000112c    00000018     cc3200_utils.obj (.data)
                  20001144    00000018     request.obj (.data)
                  2000115c    0000000c     free_rtos.a : osi_freertos.obj (.data)
                  20001168    0000000c     rtsv7M4_T_le_eabi.lib : memory.obj (.data)
                  20001174    00000008     camera_app.obj (.data)
                  2000117c    00000008     rtsv7M4_T_le_eabi.lib : _lock.obj (.data)
                  20001184    00000008                           : exit.obj (.data)
                  2000118c    00000006     http.obj (.data)
                  20001192    00000002     --HOLE--
                  20001194    00000004     cc3200_certificate.obj (.data)
                  20001198    00000004     free_rtos.a : port.obj (.data)
                  2000119c    00000004     rtsv7M4_T_le_eabi.lib : rand.obj (.data)
                  200011a0    00000004                           : stkdepth_vars.obj (.data)

.stack     0    20003000    00001000     UNINITIALIZED
                  20003000    00001000     --HOLE--

.intvecs   0    20004000    00000400     
                  20004000    00000400     startup_ccs.obj (.intvecs)

.text      0    20004400    0000e562     
                  20004400    00001258     free_rtos.a : tasks.obj (.text)
                  20005658    00000fac     network_relater_fns.obj (.text)
                  20006604    00000ec0     rtsv7M4_T_le_eabi.lib : _printfi.obj (.text)
                  200074c4    00000b24     free_rtos.a : queue.obj (.text)
                  20007fe8    00000aac     camera_app.obj (.text)
                  20008a94    00000a14     mt9d111.obj (.text)
                  200094a8    00000940     request.obj (.text)
                  20009de8    000005de     cc3200_utils.obj (.text)
                  2000a3c6    00000002     driverlib.a : interrupt.obj (.text:IntDefaultHandler)
                  2000a3c8    000004b0     installation.obj (.text)
                  2000a878    000004a8     wifi_provisioning_thruAPmode.obj (.text)
                  2000ad20    0000045c     free_rtos.a : osi_freertos.obj (.text)
                  2000b17c    000003cc     rtsv7M4_T_le_eabi.lib : memory.obj (.text)
                  2000b548    000003a6     simplelink.a : driver.obj (.text:_SlDrvMsgRead)
                  2000b8ee    00000002     --HOLE-- [fill = 0]
                  2000b8f0    00000388     cc3200_socket.obj (.text)
                  2000bc78    0000034c     simplelink.a : driver.obj (.text:_SlAsyncEventGenericHandler)
                  2000bfc4    00000316     simplejson.obj (.text)
                  2000c2da    00000002     --HOLE-- [fill = 0]
                  2000c2dc    00000304     main.obj (.text)
                  2000c5e0    000002d4     parse_uploads.obj (.text)
                  2000c8b4    00000290     cc3200_client_state.obj (.text)
                  2000cb44    000001f4     rtsv7M4_T_le_eabi.lib : ull_div_t2.obj (.text)
                  2000cd38    000001bc     flash_files.obj (.text)
                  2000cef4    000001b8     uartA1_if.obj (.text)
                  2000d0ac    000001b6     rtsv7M4_T_le_eabi.lib : fd_add_t2.obj (.text)
                  2000d262    00000002     --HOLE-- [fill = 0]
                  2000d264    000001ac     cc3200_certificate.obj (.text)
                  2000d410    0000019c     collect_and_txit.obj (.text)
                  2000d5ac    0000019c     simplelink.a : wlan.obj (.text:sl_WlanConnect)
                  2000d748    00000194     udma_if.obj (.text)
                  2000d8dc    0000018c     i2c_if.obj (.text)
                  2000da68    00000170     i2cconfig.obj (.text)
                  2000dbd8    00000164     simplelink.a : driver.obj (.text:_SlDrvDataReadOp)
                  2000dd3c    00000164     test_modules.obj (.text)
                  2000dea0    00000154     http.obj (.text)
                  2000dff4    00000140     simplelink.a : driver.obj (.text:_SlDrvRxHdrRead)
                  2000e134    00000136     rtsv7M4_T_le_eabi.lib : fd_div_t2.obj (.text)
                  2000e26a    00000002     --HOLE-- [fill = 0]
                  2000e26c    00000134     driverlib.a : prcm.obj (.text:PRCMCC3200MCUInit)
                  2000e3a0    00000130     simplelink.a : cc_pal.obj (.text:spi_Open)
                  2000e4d0    0000012c                  : driver.obj (.text:_SlDrvDataWriteOp)
                  2000e5fc    0000012a     free_rtos.a : list.obj (.text)
                  2000e726    00000002     --HOLE-- [fill = 0]
                  2000e728    00000114     simplelink.a : driver.obj (.text:_SlDrvMsgWrite)
                  2000e83c    00000110     free_rtos.a : port.obj (.text)
                  2000e94c    0000010c     simplelink.a : driver.obj (.text:_SlDrvWaitForPoolObj)
                  2000ea58    00000108                  : socket.obj (.text:sl_Select)
                  2000eb60    00000104                  : driver.obj (.text:_SlDrvReleasePoolObj)
                  2000ec64    000000fe     parse_impl.obj (.text)
                  2000ed62    000000fc     rtsv7M4_T_le_eabi.lib : fd_mul_t2.obj (.text)
                  2000ee5e    00000002     --HOLE-- [fill = 0]
                  2000ee60    000000f0     driverlib.a : udma.obj (.text:uDMAChannelTransferSet)
                  2000ef50    000000e8     simplelink.a : socket.obj (.text:sl_Connect)
                  2000f038    000000e8                  : cc_pal.obj (.text:spi_Write)
                  2000f120    000000d8                  : netapp.obj (.text:sl_NetAppDnsGetHostByName)
                  2000f1f8    000000d8     timer_fns.obj (.text)
                  2000f2d0    000000cc     simplelink.a : cc_pal.obj (.text:spi_Read)
                  2000f39c    000000c8     pinmux.obj (.text)
                  2000f464    000000c4     simplelink.a : device.obj (.text:sl_Stop)
                  2000f528    000000c0                  : device.obj (.text:sl_Start)
                  2000f5e8    000000ba     free_rtos.a : portasm.obj (.text)
                  2000f6a2    00000002     --HOLE-- [fill = 0]
                  2000f6a4    000000b4     simplelink.a : driver.obj (.text:_SlDrvMsgReadCmdCtx)
                  2000f758    000000b2                  : netapp.obj (.text:_SlDrvNetAppEventHandler)
                  2000f80a    00000002     --HOLE-- [fill = 0]
                  2000f80c    000000b0                  : socket.obj (.text:sl_Send)
                  2000f8bc    000000a8     driverlib.a : interrupt.obj (.text:IntDisable)
                  2000f964    000000a8                 : interrupt.obj (.text:IntEnable)
                  2000fa0c    000000a8     timer_if.obj (.text)
                  2000fab4    000000a0     driverlib.a : spi.obj (.text:SPIConfigSetExpClk)
                  2000fb54    0000009c     rtsv7M4_T_le_eabi.lib : memcpy_t2.obj (.text)
                  2000fbf0    00000098     simplelink.a : driver.obj (.text:_SlFindAndSetActiveObj)
                  2000fc88    00000098     rtsv7M4_T_le_eabi.lib : snprintf.obj (.text)
                  2000fd20    00000094     driverlib.a : prcm.obj (.text:PRCMPeripheralClockGet)
                  2000fdb4    00000094     simplelink.a : driver.obj (.text:_SlDrvClassifyRxMsg)
                  2000fe48    00000094     rtsv7M4_T_le_eabi.lib : auto_init.obj (.text)
                  2000fedc    00000090     simplelink.a : driver.obj (.text:_SlDrvMsgReadSpawnCtx)
                  2000ff6c    0000008c                  : fs.obj (.text:sl_FsRead)
                  2000fff8    0000008c                  : fs.obj (.text:sl_FsWrite)
                  20010084    00000088     driverlib.a : pin.obj (.text:PinConfigSet)
                  2001010c    00000088     rtsv7M4_T_le_eabi.lib : vsnprintf.obj (.text)
                  20010194    00000088     simplelink.a : netapp.obj (.text:sl_NetAppMDNSRegisterUnregisterService)
                  2001021c    00000086     rtsv7M4_T_le_eabi.lib : fd_cmp_t2.obj (.text:__aeabi_cdcmple)
                  200102a2    00000086                           : fd_cmp_t2.obj (.text:__aeabi_cdrcmple)
                  20010328    00000084     driverlib.a : i2c.obj (.text:I2CMasterInitExpClk)
                  200103ac    00000084     simplelink.a : driver.obj (.text:_SlDrvCmdOp)
                  20010430    00000080                  : cc_pal.obj (.text:NwpPowerOnPreamble)
                  200104b0    00000080     cc3200_debug.obj (.text)
                  20010530    0000007c     simplelink.a : driver.obj (.text:_SlDrvDriverCBInit)
                  200105ac    0000007c                  : netapp.obj (.text:_sl_HandleAsync_DnsGetHostByName)
                  20010628    0000007c                  : device.obj (.text:sl_DevGet)
                  200106a4    0000007c                  : fs.obj (.text:sl_FsClose)
                  20010720    0000007a     rtsv7M4_T_le_eabi.lib : fs_mul_t2.obj (.text)
                  2001079a    00000002     --HOLE-- [fill = 0]
                  2001079c    00000078     simplelink.a : cc_pal.obj (.text:SetupDMAReceive)
                  20010814    00000078     rtsv7M4_T_le_eabi.lib : memset_t2.obj (.text)
                  2001088c    00000076     driverlib.a : uart.obj (.text:UARTConfigSetExpClk)
                  20010902    00000002     --HOLE-- [fill = 0]
                  20010904    00000074     simplelink.a : device.obj (.text:_sl_HandleAsync_InitComplete)
                  20010978    00000074                  : wlan.obj (.text:sl_WlanGet)
                  200109ec    00000074                  : cc_pal.obj (.text:spi_Close)
                  20010a60    00000070     driverlib.a : timer.obj (.text:TimerIntRegister)
                  20010ad0    00000070     simplelink.a : netapp.obj (.text:_sl_HandleAsync_PingResponse)
                  20010b40    0000006e                  : socket.obj (.text:_sl_TruncatePayloadByProtocol)
                  20010bae    00000002     --HOLE-- [fill = 0]
                  20010bb0    00000068     driverlib.a : timer.obj (.text:TimerIntUnregister)
                  20010c18    00000068     simplelink.a : socket.obj (.text:_sl_HandleAsync_Connect)
                  20010c80    00000068                  : netapp.obj (.text:_sl_HandleAsync_DnsGetHostByService)
                  20010ce8    00000068                  : fs.obj (.text:sl_FsGetInfo)
                  20010d50    00000064                  : fs.obj (.text:_sl_GetCreateFsMode)
                  20010db4    00000064                  : socket.obj (.text:_sl_HandleAsync_Accept)
                  20010e18    00000064     driverlib.a : udma.obj (.text:uDMAChannelAttributeDisable)
                  20010e7c    00000064                 : udma.obj (.text:uDMAChannelAttributeEnable)
                  20010ee0    00000060     rtsv7M4_T_le_eabi.lib : sprintf.obj (.text)
                  20010f40    0000005e                           : copy_decompress_rle.obj (.text)
                  20010f9e    0000005a                           : ltoa.obj (.text)
                  20010ff8    00000058     driverlib.a : interrupt.obj (.text:IntPendClear)
                  20011050    00000058                 : prcm.obj (.text:PRCMPeripheralReset)
                  200110a8    00000058     simplelink.a : driver.obj (.text:_SlDrvDriverCBDeinit)
                  20011100    00000058                  : socket.obj (.text:_sl_HandleAsync_Select)
                  20011158    00000054     driverlib.a : interrupt.obj (.text:IntPrioritySet)
                  200111ac    00000054     simplelink.a : device.obj (.text:_sl_HandleAsync_Stop)
                  20011200    00000054                  : fs.obj (.text:sl_FsOpen)
                  20011254    00000054                  : netapp.obj (.text:sl_NetAppSendTokenValue)
                  200112a8    00000050     app_common.obj (.text)
                  200112f8    0000004c     driverlib.a : spi.obj (.text:SPIIntEnable)
                  20011344    0000004c     rtsv7M4_T_le_eabi.lib : atoi.obj (.text)
                  20011390    0000004c                           : rand.obj (.text)
                  200113dc    0000004c     simplelink.a : socket.obj (.text:sl_SetSockOpt)
                  20011428    0000004c     driverlib.a : udma.obj (.text:uDMAChannelAssign)
                  20011474    0000004a     simplelink.a : device.obj (.text:_sl_GetStartResponseConvert)
                  200114be    0000004a     rtsv7M4_T_le_eabi.lib : fd_tos_t2.obj (.text)
                  20011508    00000048     driverlib.a : spi.obj (.text:SPIIntClear)
                  20011550    00000048     rtsv7M4_T_le_eabi.lib : fd_toi_t2.obj (.text)
                  20011598    00000048     simplelink.a : device.obj (.text:sl_DevSet)
                  200115e0    00000048                  : fs.obj (.text:sl_FsDel)
                  20011628    00000048                  : wlan.obj (.text:sl_WlanSet)
                  20011670    00000044     driverlib.a : spi.obj (.text:SPIDmaMaskGet)
                  200116b4    00000044                 : timer.obj (.text:TimerConfigure)
                  200116f8    00000044     rtsv7M4_T_le_eabi.lib : cpy_tbl.obj (.text)
                  2001173c    00000044                           : exit.obj (.text)
                  20011780    00000044                           : xdtest.obj (.text)
                  200117c4    00000044     simplelink.a : netcfg.obj (.text:sl_NetCfgSet)
                  20011808    00000044                  : socket.obj (.text:sl_Recv)
                  2001184c    00000040     driverlib.a : pin.obj (.text:PinModeSet)
                  2001188c    00000040     simplelink.a : driver.obj (.text:_SlDrvRxIrqHandler)
                  200118cc    00000040                  : driver.obj (.text:_SlRemoveFromList)
                  2001190c    00000040                  : wlan.obj (.text:sl_WlanPolicySet)
                  2001194c    00000040                  : wlan.obj (.text:sl_WlanRxFilterSet)
                  2001198c    0000003c                  : cc_pal.obj (.text:NwpPowerOff)
                  200119c8    0000003c     driverlib.a : prcm.obj (.text:PRCMPeripheralClkEnable)
                  20011a04    0000003c     simplelink.a : driver.obj (.text:_SlDrvObjInit)
                  20011a40    0000003c     rtsv7M4_T_le_eabi.lib : strncasecmp.obj (.text)
                  20011a7c    0000003c     driverlib.a : udma.obj (.text:uDMAChannelControlSet)
                  20011ab8    0000003a                 : camera.obj (.text:CameraCaptureStop)
                  20011af2    0000003a                 : camera.obj (.text:CameraXClkConfig)
                  20011b2c    00000038     free_rtos.a : heap_3.obj (.text)
                  20011b64    00000038     rtsv7M4_T_le_eabi.lib : fs_tod_t2.obj (.text)
                  20011b9c    00000038                           : fs_toi_t2.obj (.text)
                  20011bd4    00000038     simplelink.a : socket.obj (.text:sl_Htonl)
                  20011c0c    00000036     driverlib.a : gpio.obj (.text:GPIODirModeSet)
                  20011c42    00000034                 : camera.obj (.text:CameraParamsConfig)
                  20011c76    00000002     --HOLE-- [fill = 0]
                  20011c78    00000034                 : prcm.obj (.text:PRCMPeripheralStatusGet)
                  20011cac    00000034                 : spi.obj (.text:SPIFIFOLevelSet)
                  20011ce0    00000034     simplelink.a : driver.obj (.text:_SlDrvBasicCmd)
                  20011d14    00000034     rtsv7M4_T_le_eabi.lib : boot.obj (.text)
                  20011d48    00000034                           : fs_tou_t2.obj (.text)
                  20011d7c    00000034                           : strstr.obj (.text)
                  20011db0    00000034     simplelink.a : socket.obj (.text:sl_Htons)
                  20011de4    00000030                  : cc_pal.obj (.text:NwpPowerOn)
                  20011e14    00000030     driverlib.a : pin.obj (.text:PinTypeGPIO)
                  20011e44    00000030                 : uart.obj (.text:UARTDisable)
                  20011e74    00000030     rtsv7M4_T_le_eabi.lib : strncpy.obj (.text)
                  20011ea4    00000030     simplelink.a : socket.obj (.text:sl_Socket)
                  20011ed4    0000002e     rtsv7M4_T_le_eabi.lib : i_tofd_t2.obj (.text)
                  20011f02    00000002     --HOLE-- [fill = 0]
                  20011f04    0000002c     driverlib.a : camera.obj (.text:CameraIntEnable)
                  20011f30    0000002c     simplelink.a : cc_pal.obj (.text:DmaSpiSwIntHandler)
                  20011f5c    0000002c     driverlib.a : i2c.obj (.text:I2CMasterErr)
                  20011f88    0000002c                 : prcm.obj (.text:PRCMSysResetCauseGet)
                  20011fb4    0000002c     simplelink.a : flowcont.obj (.text:_SlDrvFlowContDeinit)
                  20011fe0    0000002c                  : flowcont.obj (.text:_SlDrvFlowContInit)
                  2001200c    0000002a     driverlib.a : timer.obj (.text:TimerLoadSet)
                  20012036    0000002a                 : timer.obj (.text:TimerPrescaleSet)
                  20012060    00000028                 : camera.obj (.text:CameraIntStatus)
                  20012088    00000028                 : prcm.obj (.text:PRCMPeripheralClkDisable)
                  200120b0    00000028     simplelink.a : socket.obj (.text:_sl_BuildAddress)
                  200120d8    00000028     rtsv7M4_T_le_eabi.lib : strncat.obj (.text)
                  20012100    00000028     simplelink.a : wlan.obj (.text:sl_WlanSetMode)
                  20012128    00000026     driverlib.a : camera.obj (.text:CameraThresholdSet)
                  2001214e    00000026     rtsv7M4_T_le_eabi.lib : strncmp.obj (.text)
                  20012174    00000024     driverlib.a : camera.obj (.text:CameraIntClear)
                  20012198    00000024                 : interrupt.obj (.text:IntUnregister)
                  200121bc    00000024                 : uart.obj (.text:UARTEnable)
                  200121e0    00000024     rtsv7M4_T_le_eabi.lib : memmov.obj (.text)
                  20012204    00000024                           : u_tofs_t2.obj (.text)
                  20012228    00000024     simplelink.a : socket.obj (.text:sl_Close)
                  2001224c    00000024                  : netapp.obj (.text:sl_NetAppStart)
                  20012270    00000024                  : netapp.obj (.text:sl_NetAppStop)
                  20012294    00000024                  : wlan.obj (.text:sl_WlanProfileDel)
                  200122b8    00000022     driverlib.a : camera.obj (.text:CameraCaptureStart)
                  200122da    00000022                 : i2c.obj (.text:I2CMasterSlaveAddrSet)
                  200122fc    00000022     simplelink.a : cc_pal.obj (.text:NwpRegisterInterruptHandler)
                  2001231e    00000022     driverlib.a : spi.obj (.text:SPIReset)
                  20012340    00000022                 : spi.obj (.text:SPIWordCountSet)
                  20012362    00000022     rtsv7M4_T_le_eabi.lib : memcmp.obj (.text)
                  20012384    00000020     driverlib.a : interrupt.obj (.text:IntRegister)
                  200123a4    00000020     simplelink.a : driver.obj (.text:_SlDrvCmdSend)
                  200123c4    00000020     rtsv7M4_T_le_eabi.lib : u_tofd_t2.obj (.text)
                  200123e4    0000001e     driverlib.a : i2c.obj (.text:I2CMasterIntStatusEx)
                  20012402    0000001e                 : timer.obj (.text:TimerDisable)
                  20012420    0000001e                 : timer.obj (.text:TimerEnable)
                  2001243e    0000001e                 : timer.obj (.text:TimerIntStatus)
                  2001245c    0000001e                 : uart.obj (.text:UARTCharPut)
                  2001247a    0000001c                 : pin.obj (.text:PinTypeI2C)
                  20012496    0000001c                 : timer.obj (.text:TimerValueGet)
                  200124b2    00000002     --HOLE-- [fill = 0]
                  200124b4    0000001c     simplelink.a : driver.obj (.text:_SlDrvObjDeInit)
                  200124d0    0000001c     rtsv7M4_T_le_eabi.lib : memccpy.obj (.text)
                  200124ec    0000001c     driverlib.a : udma.obj (.text:uDMAChannelDisable)
                  20012508    0000001c                 : udma.obj (.text:uDMAChannelEnable)
                  20012524    0000001a     simplelink.a : netapp.obj (.text:CopyPingResultsToReport)
                  2001253e    0000001a     driverlib.a : pin.obj (.text:PinTypeCamera)
                  20012558    0000001a                 : pin.obj (.text:PinTypeUART)
                  20012572    0000001a                 : spi.obj (.text:SPIDmaDisable)
                  2001258c    0000001a                 : spi.obj (.text:SPIDmaEnable)
                  200125a6    0000001a                 : spi.obj (.text:SPIFIFODisable)
                  200125c0    0000001a                 : spi.obj (.text:SPIFIFOEnable)
                  200125da    0000001a     simplelink.a : device.obj (.text:_SlDrvDeviceEventHandler)
                  200125f4    00000018     driverlib.a : camera.obj (.text:CameraReset)
                  2001260c    00000018                 : spi.obj (.text:SPICSDisable)
                  20012624    00000018                 : spi.obj (.text:SPICSEnable)
                  2001263c    00000018                 : spi.obj (.text:SPIDisable)
                  20012654    00000018                 : spi.obj (.text:SPIEnable)
                  2001266c    00000018                 : timer.obj (.text:TimerIntDisable)
                  20012684    00000018                 : timer.obj (.text:TimerIntEnable)
                  2001269c    00000018     rtsv7M4_T_le_eabi.lib : args_main.obj (.text)
                  200126b4    00000018                           : ll_mul_t2.obj (.text)
                  200126cc    00000016     driverlib.a : camera.obj (.text:CameraDMAEnable)
                  200126e2    00000016                 : camera.obj (.text:CameraIntRegister)
                  200126f8    00000016                 : i2c.obj (.text:I2CMasterDataPut)
                  2001270e    00000016                 : i2c.obj (.text:I2CMasterEnable)
                  20012724    00000016                 : prcm.obj (.text:PRCMHIBRegRead)
                  2001273a    00000016                 : prcm.obj (.text:PRCMHIBRegWrite)
                  20012750    00000016                 : uart.obj (.text:UARTCharGet)
                  20012766    00000016     simplelink.a : fs.obj (.text:_sl_Strlen)
                  2001277c    00000016     driverlib.a : udma.obj (.text:uDMAIntRegister)
                  20012792    00000014                 : cpu.obj (.text:CPUcpsie)
                  200127a6    00000002     --HOLE-- [fill = 0]
                  200127a8    00000014                 : interrupt.obj (.text:IntVTableBaseSet)
                  200127bc    00000014     simplelink.a : driver.obj (.text:_SlDrvShiftDWord)
                  200127d0    00000014     rtsv7M4_T_le_eabi.lib : _lock.obj (.text)
                  200127e4    00000014                           : strlen.obj (.text)
                  200127f8    00000014     driverlib.a : udma.obj (.text:uDMAControlBaseSet)
                  2001280c    00000014                 : udma.obj (.text:uDMAIntClear)
                  20012820    00000012                 : i2c.obj (.text:I2CMasterControl)
                  20012832    00000012                 : i2c.obj (.text:I2CMasterIntClearEx)
                  20012844    00000012                 : i2c.obj (.text:I2CMasterTimeoutSet)
                  20012856    00000012                 : timer.obj (.text:TimerIntClear)
                  20012868    00000012     rtsv7M4_T_le_eabi.lib : copy_zero_init.obj (.text:decompress:ZI)
                  2001287a    00000012     simplelink.a : netapp.obj (.text:sl_NetAppMDNSUnRegisterService)
                  2001288c    00000012     driverlib.a : udma.obj (.text:uDMAIntUnregister)
                  2001289e    00000002     --HOLE-- [fill = 0]
                  200128a0    00000010     simplelink.a : cc_pal.obj (.text:NwpMaskInterrupt)
                  200128b0    00000010                  : socket.obj (.text:SL_FD_SET)
                  200128c0    00000010     rtsv7M4_T_le_eabi.lib : strcpy.obj (.text)
                  200128d0    0000000e     driverlib.a : i2c.obj (.text:I2CMasterDataGet)
                  200128de    0000000e     rtsv7M4_T_le_eabi.lib : copy_decompress_none.obj (.text:decompress:none)
                  200128ec    0000000e                           : xdclass.obj (.text)
                  200128fa    0000000e     startup_ccs.obj (.text)
                  20012908    0000000c     simplelink.a : cc_pal.obj (.text:NwpUnMaskInterrupt)
                  20012914    0000000c     driverlib.a : udma.obj (.text:uDMADisable)
                  20012920    0000000c                 : udma.obj (.text:uDMAEnable)
                  2001292c    0000000c                 : udma.obj (.text:uDMAIntStatus)
                  20012938    0000000a                 : interrupt.obj (.text:IntMasterEnable)
                  20012942    00000008     simplelink.a : wlan.obj (.text:sl_WlanDisconnect)
                  2001294a    00000006     i2cconfig.obj (.text:MT9D111Delay)
                  20012950    00000006     simplelink.a : socket.obj (.text:SL_FD_ZERO)
                  20012956    00000006     driverlib.a : utils.obj (.text:UtilsDelay)
                  2001295c    00000006     rtsv7M4_T_le_eabi.lib : copy_decompress_rle.obj (.text:decompress:rle24)

.const     0    20012964    00000bad     
                  20012964    00000140     mt9d111.obj (.const:init_cmds_list)
                  20012aa4    00000102     rtsv7M4_T_le_eabi.lib : ctype.obj (.const:.string:_ctypes_)
                  20012ba6    00000002     --HOLE-- [fill = 0]
                  20012ba8    00000100     driverlib.a : pin.obj (.const:g_ulPinToPadMap)
                  20012ca8    000000ec     simplelink.a : wlan.obj (.const)
                  20012d94    000000d4     driverlib.a : interrupt.obj (.const:g_pulRegs)
                  20012e68    000000c8     mt9d111.obj (.const)
                  20012f30    000000c4     mt9d111.obj (.const:capture_cmds_list)
                  20012ff4    000000a8     driverlib.a : prcm.obj (.const:PRCM_PeriphRegsList)
                  2001309c    00000080                 : interrupt.obj (.const)
                  2001311c    0000005d     mt9d111.obj (.const:.string)
                  20013179    00000053     network_relater_fns.obj (.const:.string)
                  200131cc    00000050     mt9d111.obj (.const:$P$T24$25)
                  2001321c    0000004c     mt9d111.obj (.const:$P$T5$6)
                  20013268    0000004c     simplelink.a : driver.obj (.const)
                  200132b4    00000038                  : fs.obj (.const)
                  200132ec    00000036     flash_files.obj (.const:.string)
                  20013322    00000002     --HOLE-- [fill = 0]
                  20013324    00000034     simplelink.a : socket.obj (.const)
                  20013358    0000002c     cc3200_utils.obj (.const:$P$T0$1)
                  20013384    0000002c     network_relater_fns.obj (.const:$P$T1$2)
                  200133b0    0000002b     parse_uploads.obj (.const:.string)
                  200133db    00000001     --HOLE-- [fill = 0]
                  200133dc    00000028     simplelink.a : netapp.obj (.const)
                  20013404    00000023     mt9d111.obj (.const:.string:$P$T1$2)
                  20013427    00000022     network_relater_fns.obj (.const:.string:$P$T0$1)
                  20013449    00000003     --HOLE-- [fill = 0]
                  2001344c    00000020     network_relater_fns.obj (.const)
                  2001346c    0000001b     wifi_provisioning_thruAPmode.obj (.const:.string)
                  20013487    00000001     --HOLE-- [fill = 0]
                  20013488    00000018     driverlib.a : spi.obj (.const)
                  200134a0    00000017     request.obj (.const:.string)
                  200134b7    00000016     camera_app.obj (.const:.string)
                  200134cd    00000016     collect_and_txit.obj (.const:.string)
                  200134e3    00000001     --HOLE-- [fill = 0]
                  200134e4    00000014     simplelink.a : device.obj (.const)
                  200134f8    0000000b     app_common.obj (.const:.string)
                  20013503    00000001     --HOLE-- [fill = 0]
                  20013504    00000008     simplelink.a : netcfg.obj (.const)
                  2001350c    00000005     main.obj (.const:.string)

.cinit     0    20013518    00000b18     
                  20013518    00000af0     (.cinit..data.load) [load image, compression = rle]
                  20014008    0000000c     (__TI_handler_table)
                  20014014    00000004     --HOLE-- [fill = 0]
                  20014018    00000008     (.cinit..bss.load) [load image, compression = zero_init]
                  20014020    00000010     (__TI_cinit_table)

.bss       0    20018000    00014af8     UNINITIALIZED
                  20018000    00014000     main.obj (.bss:g_image_buffer)
                  2002c000    00000400     udma_if.obj (.bss:gpCtlTbl)
                  2002c400    00000370     main.obj (.bss:g_NetEntries)
                  2002c770    00000100     udma_if.obj (.bss:gfpAppCallbackHndl)
                  2002c870    000000c8     free_rtos.a : tasks.obj (.bss:pxReadyTasksLists)
                  2002c938    00000050                 : queue.obj (.bss:xQueueRegistry)
                  2002c988    00000034     cc3200_client_state.obj (.bss:clientStateFileName)
                  2002c9bc    00000034     main.obj (.bss:g_cWlanSecurityKey)
                  2002c9f0    00000024     main.obj (.bss:g_cWlanSSID)
                  2002ca14    00000024     main.obj (.bss:g_ucConnectionSSID)
                  2002ca38    00000014     (.common:g_flag_blockFull)
                  2002ca4c    00000014     (.common:xDelayedTaskList1)
                  2002ca60    00000014     (.common:xDelayedTaskList2)
                  2002ca74    00000014     (.common:xPendingReadyList)
                  2002ca88    00000014     (.common:xSuspendedTaskList)
                  2002ca9c    00000014     (.common:xTasksWaitingTermination)
                  2002cab0    0000000c     (.common:g_SecParams)
                  2002cabc    00000008     (.common:g_ucConnectionBSSID)
                  2002cac4    00000004     (.common:__Errorlog)
                  2002cac8    00000004     (.common:dataBuffer)
                  2002cacc    00000004     (.common:g_block_lastFilled)
                  2002cad0    00000004     (.common:g_cWlanSecurityType)
                  2002cad4    00000004     (.common:g_frame_size_in_bytes)
                  2002cad8    00000004     (.common:g_header_length)
                  2002cadc    00000004     (.common:g_position_in_block)
                  2002cae0    00000004     (.common:g_readHeader)
                  2002cae4    00000004     (.common:g_total_dma_intrpts)
                  2002cae8    00000004     (.common:pxDelayedTaskList)
                  2002caec    00000004     (.common:pxOverflowDelayedTaskList)
                  2002caf0    00000004     (.common:v_TimerOverflows)
                  2002caf4    00000001     (.common:g_dma_txn_done)
                  2002caf5    00000001     (.common:g_flag_DataBlockFilled)
                  2002caf6    00000001     (.common:g_frame_end)
                  2002caf7    00000001     (.common:iDone)

.sysmem    0    2002caf8    00004000     UNINITIALIZED
                  2002caf8    00000008     rtsv7M4_T_le_eabi.lib : memory.obj (.sysmem)
                  2002cb00    00003ff8     --HOLE--


LINKER GENERATED COPY TABLES

__TI_cinit_table @ 20014020 records: 2, size/record: 8, table size: 16
	.data: load addr=20013518, load size=00000af0 bytes, run addr=20000000, run size=000011a4 bytes, compression=rle
	.bss: load addr=20014018, load size=00000008 bytes, run addr=20018000, run size=00014af8 bytes, compression=zero_init


LINKER GENERATED HANDLER TABLE

__TI_handler_table @ 20014008 records: 3, size/record: 4, table size: 12
	index: 0, handler: __TI_decompress_rle24
	index: 1, handler: __TI_decompress_none
	index: 2, handler: __TI_zero_init


GLOBAL SYMBOLS: SORTED ALPHABETICALLY BY Name 

address    name
--------   ----
20009083   AnalogGainReg_Read
2001173d   C$$EXIT
20008fed   CCMRegs_Read
20012793   CPUcpsie
200082c9   CamControllerInit
200122b9   CameraCaptureStart
20011ab9   CameraCaptureStop
200126cd   CameraDMAEnable
20012175   CameraIntClear
20011f05   CameraIntEnable
200126e3   CameraIntRegister
20012061   CameraIntStatus
20011c43   CameraParamsConfig
200125f5   CameraReset
20008a95   CameraSensorInit
20008a9d   CameraSensorInit_SettingsFromFlash
20012129   CameraThresholdSet
20011af3   CameraXClkConfig
2000800f   CaptureAndStore_Image
2000cf2d   ClearTerm
2000d411   CollectTxit_ImgTempRH
2000593d   ConfigureMode
20005695   ConfigureSimpleLinkToDefaultState
20005975   ConnectToNetwork
20005add   ConnectToNetwork_2
20005ba9   ConnectToNetwork_STA
20005b83   ConnectToNetwork_STA_2
2000c68f   ConstructDeviceStateObject
20012525   CopyPingResultsToReport
2000cd39   CreateFile_Flash
20000f5c   DMAMsgQ
2000d891   DMASetupTransfer
20001194   DigiCertHighAssuranceEVRootCA_der_len
2000901d   DigitalGainRegs_Read
2000d75b   DmaErrorIntHandler
20011f31   DmaSpiSwIntHandler
2000d749   DmaSwIntHandler
20009387   EnterStandby_mt9d111
2000cf33   Error
200093d1   ExitStandby_mt9d111
20011c0d   GPIODirModeSet
2000cf67   GetCmd
2000f261   GetTimeDuration
2000da87   I2CBufferRead
2000db2f   I2CBufferWrite
2000da69   I2CInit
20012821   I2CMasterControl
200128d1   I2CMasterDataGet
200126f9   I2CMasterDataPut
2001270f   I2CMasterEnable
20011f5d   I2CMasterErr
20010329   I2CMasterInitExpClk
20012833   I2CMasterIntClearEx
200123e5   I2CMasterIntStatusEx
200122db   I2CMasterSlaveAddrSet
20012845   I2CMasterTimeoutSet
2000da53   I2C_IF_Close
2000da29   I2C_IF_Open
2000d9a1   I2C_IF_Read
2000da09   I2C_IF_ReadFrom
2000d93f   I2C_IF_Write
2000cef5   InitTerm
2000c5e1   InitialiseParse
20005659   InitializeAppVariables
2000f20b   InitializeTimer
2000f8bd   IntDisable
2000f965   IntEnable
20012939   IntMasterEnable
20010ff9   IntPendClear
20011159   IntPrioritySet
20012385   IntRegister
20012199   IntUnregister
200127a9   IntVTableBaseSet
200090ff   JPEGDataLength_read
20000000   JPEG_StdHuffmanTbl
20000fb4   JPEG_StdQuantTblC
20000ff4   JPEG_StdQuantTblY
20008fc5   JpegConfigReg_Read
2001294b   MT9D111Delay
2000c2e5   Main_Task
2000cf13   Message
200128a1   NwpMaskInterrupt
2001198d   NwpPowerOff
20011de5   NwpPowerOn
20010431   NwpPowerOnPreamble
200122fd   NwpRegisterInterruptHandler
20012909   NwpUnMaskInterrupt
200090c1   PCLK_Rate_read
2000e26d   PRCMCC3200MCUInit
20012725   PRCMHIBRegRead
2001273b   PRCMHIBRegWrite
20012089   PRCMPeripheralClkDisable
200119c9   PRCMPeripheralClkEnable
2000fd21   PRCMPeripheralClockGet
20011051   PRCMPeripheralReset
20011c79   PRCMPeripheralStatusGet
20011f89   PRCMSysResetCauseGet
20010085   PinConfigSet
2001184d   PinModeSet
2000f39d   PinMuxConfig
2001253f   PinTypeCamera
20011e15   PinTypeGPIO
2001247b   PinTypeI2C
20012559   PinTypeUART
2000a879   ProvisioningAP
20008e09   ReadAllAEnAWBRegs
2000ce39   ReadFile_FromFlash
20009177   ReadMCUBootModeReg
20008da7   RegStatusRead
2000d011   Report
200128fb   ResetISR
20009149   ResetImageSensorMCU
UNDEFED    SHT$$INIT_ARRAY$$Base
UNDEFED    SHT$$INIT_ARRAY$$Limit
200128b1   SL_FD_SET
20012951   SL_FD_ZERO
2001260d   SPICSDisable
20012625   SPICSEnable
2000fab5   SPIConfigSetExpClk
2001263d   SPIDisable
20012573   SPIDmaDisable
2001258d   SPIDmaEnable
20012655   SPIEnable
200125a7   SPIFIFODisable
200125c1   SPIFIFOEnable
20011cad   SPIFIFOLevelSet
20011509   SPIIntClear
200112f9   SPIIntEnable
2001231f   SPIReset
20012341   SPIWordCountSet
20001110   SecurityParams
2000d7d9   SetupTransfer
20009051   ShutterRegs_Read
200063cb   SimpleLinkHttpServerCallback
20005ef1   SimpleLinkNetAppEventHandler
20005f61   SimpleLinkSockEventHandler
20005d99   SimpleLinkWlanEventHandler
20009191   SoftReset_ImageSensor
20007fe9   Standby_ImageSensor
20008ac5   StartCapture_SettingsFromFlash
20008bf3   StartSensorInJpegMode
2000f237   StartTimer
2000f253   StopTimer
2000dd69   TestOrProfile_CameraModuleStandby
2000ddcd   Test_ImageSensConfigFromFlash
2000dd3d   Test_Provisioning_thruAP
2000f1f9   TimerBaseIntHandler
200116b5   TimerConfigure
20012403   TimerDisable
20012421   TimerEnable
20012857   TimerIntClear
2001266d   TimerIntDisable
20012685   TimerIntEnable
20010a61   TimerIntRegister
2001243f   TimerIntStatus
20010bb1   TimerIntUnregister
2001200d   TimerLoadSet
20012037   TimerPrescaleSet
20012497   TimerValueGet
2000fa91   Timer_IF_DeInit
2000faa9   Timer_IF_GetCount
2000fa0d   Timer_IF_Init
2000fa37   Timer_IF_IntSetup
2000fa69   Timer_IF_InterruptClear
2001200d   Timer_IF_ReLoad
2000fa7d   Timer_IF_Start
20012403   Timer_IF_Stop
2000cfc7   TrimSpace
20012751   UARTCharGet
2001245d   UARTCharPut
2001088d   UARTConfigSetExpClk
20011e45   UARTDisable
200121bd   UARTEnable
2000d7b1   UDMAChannelSelect
2000d87d   UDMADeInit
2000d767   UDMAInit
2000d80f   UDMASetupAutoMemTransfer
2000d833   UDMASetupPingPongTransfer
200124ed   UDMAStopTransfer
2000c5f7   UploadImageToParse
2000c62d   UploadSensorDataToParse
20012957   UtilsDelay
2000afe9   VDeleteSimpleLinkSpawnTask
2000af99   VStartSimpleLinkSpawnTask
200091e9   Variable_Read
200091b9   Verify_ImageSensor
20008001   Wakeup_ImageSensor
20008de7   WriteAllAEnAWBRegs
20008af3   WriteConfigRegFile_toFlash
20008bc5   WriteConfigRegFilefromUser_toFlash
2000cd91   WriteFile_ToFlash
200128ed   _Dclass
20011781   _Dtest
20013344   _SlAcceptCmdCtrl
2001327c   _SlActionLookupTable
2000bc79   _SlAsyncEventGenericHandler
200134f0   _SlDeviceGetCmdCtrl
200134f4   _SlDeviceSetCmdCtrl
20011ce1   _SlDrvBasicCmd
2000fdb5   _SlDrvClassifyRxMsg
200103ad   _SlDrvCmdOp
200123a5   _SlDrvCmdSend
2000dbd9   _SlDrvDataReadOp
2000e4d1   _SlDrvDataWriteOp
200125db   _SlDrvDeviceEventHandler
200110a9   _SlDrvDriverCBDeinit
20010531   _SlDrvDriverCBInit
20011fb5   _SlDrvFlowContDeinit
20011fe1   _SlDrvFlowContInit
2000b549   _SlDrvMsgRead
2000f6a5   _SlDrvMsgReadCmdCtx
2000fedd   _SlDrvMsgReadSpawnCtx
2000e729   _SlDrvMsgWrite
2000f759   _SlDrvNetAppEventHandler
200124b5   _SlDrvObjDeInit
20011a05   _SlDrvObjInit
2000eb61   _SlDrvReleasePoolObj
2000dff5   _SlDrvRxHdrRead
2001188d   _SlDrvRxIrqHandler
200127bd   _SlDrvShiftDWord
2000e94d   _SlDrvWaitForPoolObj
200134ec   _SlEventMaskGetCmdCtrl
200134e8   _SlEventMaskSetCmdCtrl
2000fbf1   _SlFindAndSetActiveObj
200132b8   _SlFsCloseCmdCtrl
200132c8   _SlFsDeleteCmdCtrl
200132c4   _SlFsGetInfoCmdCtrl
200132b4   _SlFsOpenCmdCtrl
200132bc   _SlFsReadCmdCtrl
200132c0   _SlFsWriteCmdCtrl
200133f4   _SlGetHostByNameCtrl
200133f0   _SlGetHostByServiceCtrl
200133e8   _SlGetServiceListeCtrl
20013350   _SlGetSockOptCmdCtrl
20013340   _SlListenCmdCtrl
20013400   _SlNetAppGetCmdCtrl
200133fc   _SlNetAppSendTokenValueCmdCtrl
200133f8   _SlNetAppSetCmdCtrl
200133e0   _SlNetAppStartCtrl
200133e4   _SlNetAppStopCtrl
20013508   _SlNetCfgGetCmdCtrl
20013504   _SlNetCfgSetCmdCtrl
20012cb0   _SlPolicyGetCmdCtrl
20012cac   _SlPolicySetCmdCtrl
20012cb8   _SlProfileDelCmdCtrl
20012cb4   _SlProfileGetCmdCtrl
20013348   _SlRecvCmdCtrl
20013338   _SlRecvfomCmdCtrl
200133ec   _SlRegisterServiceCtrl
200118cd   _SlRemoveFromList
20012cc0   _SlRxFilterAddtCmdCtrl
20012cc8   _SlRxFilterGetCmdCtrl
20012cc4   _SlRxFilterSetCmdCtrl
20013354   _SlSelectCmdCtrl
2001333c   _SlSendCmdCtrl
2001334c   _SlSetSockOptCmdCtrl
20012ccc   _SlSmartConfigStartCmdCtrl
20013334   _SlSockCloseCmdCtrl
20013330   _SlSockSocketCmdCtrl
200134e4   _SlStopCmdCtrl
20012cd8   _SlWlanCfgGetCmdCtrl
20012cd4   _SlWlanCfgSetCmdCtrl
20012cbc   _SlWlanGetNetworkListCtrl
20012cd0   _SlWlanSetModeCmdCtrl
20004000   __STACK_END
00001000   __STACK_SIZE
00004000   __SYSMEM_SIZE
20014020   __TI_CINIT_Base
20014030   __TI_CINIT_Limit
20014008   __TI_Handler_Table_Base
20014014   __TI_Handler_Table_Limit
00000001   __TI_args_main
2000fe49   __TI_auto_init
20001184   __TI_cleanup_ptr
200128df   __TI_decompress_none
2001295d   __TI_decompress_rle24
20001188   __TI_dtors_ptr
200071bb   __TI_printfi
20013518   __TI_static_base__
20012869   __TI_zero_init
2001021d   __aeabi_cdcmpeq
2001021d   __aeabi_cdcmple
200102a3   __aeabi_cdrcmple
200114bf   __aeabi_d2f
20011551   __aeabi_d2iz
2000d0b7   __aeabi_dadd
2000e135   __aeabi_ddiv
2000ed63   __aeabi_dmul
2000d0ad   __aeabi_dsub
20011b65   __aeabi_f2d
20011b9d   __aeabi_f2iz
20011d49   __aeabi_f2uiz
20010721   __aeabi_fmul
20011ed5   __aeabi_i2d
200126b5   __aeabi_lmul
20010815   __aeabi_memclr
20010815   __aeabi_memclr4
20010815   __aeabi_memclr8
2000fb55   __aeabi_memcpy
2000fb55   __aeabi_memcpy4
2000fb55   __aeabi_memcpy8
20010817   __aeabi_memset
20010817   __aeabi_memset4
20010817   __aeabi_memset8
200123c5   __aeabi_ui2d
20012205   __aeabi_ui2f
2000cb45   __aeabi_uldivmod
ffffffff   __binit__
ffffffff   __c_args__
20003000   __stack
2001269d   _args_main
20011d15   _c_int00
20012aa4   _ctypes_
2000117c   _lock
200127df   _nop
200127d7   _register_lock
200127d1   _register_unlock
200120b1   _sl_BuildAddress
20010d51   _sl_GetCreateFsMode
20011475   _sl_GetStartResponseConvert
20010db5   _sl_HandleAsync_Accept
20010c19   _sl_HandleAsync_Connect
200105ad   _sl_HandleAsync_DnsGetHostByName
20010c81   _sl_HandleAsync_DnsGetHostByService
20010905   _sl_HandleAsync_InitComplete
20010ad1   _sl_HandleAsync_PingResponse
20011101   _sl_HandleAsync_Select
200111ad   _sl_HandleAsync_Stop
20012767   _sl_Strlen
20010b41   _sl_TruncatePayloadByProtocol
2002caf8   _sys_memory
20001180   _unlock
20011741   abort
2000df1b   addHttpRequestHeader
2000df43   addHttpRequestHeaderInt
2000dea1   addHttpRequestLine
20011345   atoi
2000dedf   beginHttpGetRequest
2000ded3   beginHttpRequest
ffffffff   binit
200094b9   buildRequestHeaders
2000b511   calloc
2002c988   clientStateFileName
20001154   cnt
200116f9   copy_in
2000a507   createInstallation
20009f29   createNewInstallationId
2002cac8   dataBuffer
20001158   dataBufferSize
200104b1   debugPrint
200104cb   debugPrintf
20008f7b   disableAE
20008ef9   disableAWB
20004691   eTaskGetState
20008f3d   enableAE
20008eb5   enableAWB
2000d265   ensureCertificateFile
20011749   exit
20009ec3   fetchDeviceOSVersion
2000c24d   findSecondJson
2000b26b   free
20000dd0   gFirstCmdMode
20013274   g_H2NCnysPattern
2001326c   g_H2NSyncPattern
2002c400   g_NetEntries
2002cab0   g_SecParams
20000f50   g_SpiFd
20000dd8   g_StatMem
2002cacc   g_block_lastFilled
20000f60   g_cDummy
2002c9f0   g_cWlanSSID
2002c9bc   g_cWlanSecurityKey
2002cad0   g_cWlanSecurityType
200134a0   g_deviceClientVersion
2002caf5   g_flag_DataBlockFilled
2002ca38   g_flag_blockFull
2002caf6   g_frame_end
2002cad4   g_frame_size_in_bytes
20000600   g_header
2002cad8   g_header_length
20018000   g_image_buffer
2000112c   g_osVersion
20000dd4   g_pCB
20000f54   g_pHostIntHdl
20004000   g_pfnVectors
2002cadc   g_position_in_block
2002cae0   g_readHeader
20001074   g_token_get
20001129   g_ucConnectedToConfAP
2002cabc   g_ucConnectionBSSID
2002ca14   g_ucConnectionSSID
20000f58   g_ucDMAEnabled
20000f64   g_ucDinDout
2000112b   g_ucPriority
20001128   g_ucProfileAdded
2000112a   g_ucProvisioningDone
20001124   g_uiSimplelinkRole
20001120   g_ulGatewayIP
20001178   g_ulPingPacketsRecv
2000111c   g_ulStatus
2000df7d   getHttpResponseBody
2000df53   getHttpResponseStatus
2000a555   getInstallation
2000ed01   getInternalClient
2000c27f   getPushJson
2002c770   gfpAppCallbackHndl
2002c000   gpCtlTbl
20009711   headerSend
2002caf7   iDone
20005c71   initNetwork
200112a9   intToASCII
2000c265   isCompleteJson
20009e63   isPingTime
2000c8b5   loadClientState
20010f9f   ltoa
2000c3a3   main
200011a0   main_func_sp
2000b209   malloc
2000b0ed   mem_Free
2000b0e1   mem_Malloc
2000b10d   mem_copy
2000b0f9   mem_set
2000b431   memalign
200124d1   memccpy
20012363   memcmp
2000fb55   memcpy
200121e1   memmove
2001081d   memset
2000b17d   minit
2000b163   osi_ContextRestore
2000b161   osi_ContextSave
2000b121   osi_EnterCritical
2000b12b   osi_ExitCritical
2000ad47   osi_InterruptDeRegister
2000ad21   osi_InterruptRegister
2000ae51   osi_LockObjCreate
2000aec5   osi_LockObjDelete
2000aed5   osi_LockObjLock
2000af01   osi_LockObjUnlock
2000b015   osi_MsgQCreate
2000b059   osi_MsgQDelete
2000b0a5   osi_MsgQRead
2000b073   osi_MsgQWrite
2000b13d   osi_Sleep
2000af2b   osi_Spawn
2000ae2f   osi_SyncObjClear
2000ad59   osi_SyncObjCreate
2000ad89   osi_SyncObjDelete
2000ada3   osi_SyncObjSignal
2000adcb   osi_SyncObjSignalFromISR
2000ae03   osi_SyncObjWait
2000ae77   osi_TaskCreate
2000aeb7   osi_TaskDelete
2000b14d   osi_TaskDisable
2000b157   osi_TaskEnable
2000b135   osi_start
20000dcc   pPingCallBackFunc
20009c27   parseGetErrorCode
2000a657   parseGetInstallationId
2000ec65   parseInitialize
20009bf3   parseSendRequest
20009b7d   parseSendRequestInternal
2000a5db   parseSetInstallationId
20009849   payloadSend
200134f8   pcDigits
20004bb5   pcTaskGetTaskName
2000f69d   portCLZ
2000f685   prvPortStartFirstTask
20011b2d   pvPortMalloc
200010b0   pxCurrentTCB
2000e83d   pxPortInitialiseStack
200113a7   rand
2000b32b   realloc
2000c655   retreiveImageIDfromHTTPResponse
2000c95d   saveClientState
20009a67   sendRequest
200094a9   setDataBufferPointer
2000bfc5   simpleJsonProcessor
20012229   sl_Close
2000ef51   sl_Connect
20010629   sl_DevGet
20011599   sl_DevSet
200106a5   sl_FsClose
200115e1   sl_FsDel
20010ce9   sl_FsGetInfo
20011201   sl_FsOpen
2000ff6d   sl_FsRead
2000fff9   sl_FsWrite
20011bd5   sl_Htonl
20011db1   sl_Htons
2000f121   sl_NetAppDnsGetHostByName
20010195   sl_NetAppMDNSRegisterUnregisterService
2001287b   sl_NetAppMDNSUnRegisterService
20011255   sl_NetAppSendTokenValue
2001224d   sl_NetAppStart
20012271   sl_NetAppStop
200117c5   sl_NetCfgSet
20011809   sl_Recv
2000ea59   sl_Select
2000f80d   sl_Send
200113dd   sl_SetSockOpt
20011ea5   sl_Socket
2000f529   sl_Start
2000f465   sl_Stop
2000d5ad   sl_WlanConnect
20012943   sl_WlanDisconnect
20010979   sl_WlanGet
2001190d   sl_WlanPolicySet
20012295   sl_WlanProfileDel
2001194d   sl_WlanRxFilterSet
20011629   sl_WlanSet
20012101   sl_WlanSetMode
2000fc89   snprintf
20012229   socketClose
2000ba6b   socketRead
2000b93d   socketSslConnect
2000b8f1   socketWait
2000baed   socketWrite
200109ed   spi_Close
2000e3a1   spi_Open
2000f2d1   spi_Read
2000f039   spi_Write
20010ee1   sprintf
20011391   srand
20001152   sshPort
200128c1   strcpy
200127e5   strlen
20011a41   strncasecmp
200120d9   strncat
2001214f   strncmp
20011e75   strncpy
20011d7d   strstr
20011429   uDMAChannelAssign
20010e19   uDMAChannelAttributeDisable
20010e7d   uDMAChannelAttributeEnable
20011a7d   uDMAChannelControlSet
200124ed   uDMAChannelDisable
20012509   uDMAChannelEnable
2000ee61   uDMAChannelTransferSet
200127f9   uDMAControlBaseSet
20012915   uDMADisable
20012921   uDMAEnable
2001280d   uDMAIntClear
2001277d   uDMAIntRegister
2001292d   uDMAIntStatus
2001288d   uDMAIntUnregister
20007c45   ucQueueGetQueueType
2000f5ed   ulPortSetInterruptMask
20009ebd   updateLastPingTime
2000e6df   uxListRemove
20007c25   uxQueueGetQueueNumber
20007bb9   uxQueueMessagesWaiting
20007bef   uxQueueMessagesWaitingFromISR
20007bcf   uxQueueSpacesAvailable
20004ba9   uxTaskGetNumberOfTasks
20004bd9   uxTaskGetSystemState
200050c9   uxTaskGetTaskNumber
20004725   uxTaskPriorityGet
20005621   uxTaskResetEventItemValue
2000c2df   vApplicationIdleHook
2000c2e1   vApplicationMallocFailedHook
2000c2e3   vApplicationStackOverflowHook
2000c2dd   vAssertCalled
2000e5fd   vListInitialise
2000e62d   vListInitialiseItem
2000e679   vListInsert
2000e63d   vListInsertEnd
2000f603   vPortClearInterruptMask
2000e8b9   vPortEndScheduler
2000e8cd   vPortEnterCritical
2000e8e5   vPortExitCritical
20011b4d   vPortFree
2000f65d   vPortSVCHandler
2000e919   vPortSetupTimerInterrupt
2000e8bb   vPortYield
20007e5f   vQueueAddToRegistry
20007c01   vQueueDelete
20007c33   vQueueSetQueueNumber
20007ea1   vQueueUnregisterQueue
2000463b   vTaskDelay
2000459f   vTaskDelayUntil
2000450f   vTaskDelete
20004a8d   vTaskEndScheduler
200050bb   vTaskMissedYield
20004e51   vTaskPlaceOnEventList
20004eb5   vTaskPlaceOnUnorderedEventList
20005597   vTaskPriorityDisinherit
200054dd   vTaskPriorityInherit
2000475d   vTaskPrioritySet
20004955   vTaskResume
200050e9   vTaskSetTaskNumber
2000501b   vTaskSetTimeOutState
20004a43   vTaskStartScheduler
20004861   vTaskSuspend
20004a9f   vTaskSuspendAll
20004dd1   vTaskSwitchContext
2002caf0   v_TimerOverflows
2001010d   vsnprintf
2000115c   xHigherPriorityTaskWoken
2000f611   xPortPendSVHandler
2000e88d   xPortStartScheduler
2000e8fd   xPortSysTickHandler
20007eef   xQueueAddToSet
20007821   xQueueAltGenericReceive
20007775   xQueueAltGenericSend
20007649   xQueueCreateCountingSemaphore
200075cb   xQueueCreateMutex
20007edb   xQueueCreateSet
20007555   xQueueGenericCreate
200079bb   xQueueGenericReceive
200074c5   xQueueGenericReset
20007669   xQueueGenericSend
2000791f   xQueueGenericSendFromISR
20007dfb   xQueueIsQueueEmptyFromISR
20007e3d   xQueueIsQueueFullFromISR
20007b75   xQueuePeekFromISR
20007afd   xQueueReceiveFromISR
2002c938   xQueueRegistry
20007f23   xQueueRemoveFromSet
20007f65   xQueueSelectFromSet
20007f7f   xQueueSelectFromSetFromISR
20001160   xSimpleLinkSpawnQueue
20001164   xSimpleLinkSpawnTaskHndl
20005041   xTaskCheckForTimeOut
20004401   xTaskGenericCreate
20005491   xTaskGetCurrentTaskHandle
20004c97   xTaskGetIdleTaskHandle
200054a5   xTaskGetSchedulerState
20004b7d   xTaskGetTickCount
20004b91   xTaskGetTickCountFromISR
20004cb5   xTaskIncrementTick
20004f25   xTaskRemoveFromEventList
20004fad   xTaskRemoveFromUnorderedEventList
20004ab1   xTaskResumeAll
200049c9   xTaskResumeFromISR


GLOBAL SYMBOLS: SORTED BY Symbol Address 

address    name
--------   ----
00000001   __TI_args_main
00001000   __STACK_SIZE
00004000   __SYSMEM_SIZE
20000000   JPEG_StdHuffmanTbl
20000600   g_header
20000dcc   pPingCallBackFunc
20000dd0   gFirstCmdMode
20000dd4   g_pCB
20000dd8   g_StatMem
20000f50   g_SpiFd
20000f54   g_pHostIntHdl
20000f58   g_ucDMAEnabled
20000f5c   DMAMsgQ
20000f60   g_cDummy
20000f64   g_ucDinDout
20000fb4   JPEG_StdQuantTblC
20000ff4   JPEG_StdQuantTblY
20001074   g_token_get
200010b0   pxCurrentTCB
20001110   SecurityParams
2000111c   g_ulStatus
20001120   g_ulGatewayIP
20001124   g_uiSimplelinkRole
20001128   g_ucProfileAdded
20001129   g_ucConnectedToConfAP
2000112a   g_ucProvisioningDone
2000112b   g_ucPriority
2000112c   g_osVersion
20001152   sshPort
20001154   cnt
20001158   dataBufferSize
2000115c   xHigherPriorityTaskWoken
20001160   xSimpleLinkSpawnQueue
20001164   xSimpleLinkSpawnTaskHndl
20001178   g_ulPingPacketsRecv
2000117c   _lock
20001180   _unlock
20001184   __TI_cleanup_ptr
20001188   __TI_dtors_ptr
20001194   DigiCertHighAssuranceEVRootCA_der_len
200011a0   main_func_sp
20003000   __stack
20004000   __STACK_END
20004000   g_pfnVectors
20004401   xTaskGenericCreate
2000450f   vTaskDelete
2000459f   vTaskDelayUntil
2000463b   vTaskDelay
20004691   eTaskGetState
20004725   uxTaskPriorityGet
2000475d   vTaskPrioritySet
20004861   vTaskSuspend
20004955   vTaskResume
200049c9   xTaskResumeFromISR
20004a43   vTaskStartScheduler
20004a8d   vTaskEndScheduler
20004a9f   vTaskSuspendAll
20004ab1   xTaskResumeAll
20004b7d   xTaskGetTickCount
20004b91   xTaskGetTickCountFromISR
20004ba9   uxTaskGetNumberOfTasks
20004bb5   pcTaskGetTaskName
20004bd9   uxTaskGetSystemState
20004c97   xTaskGetIdleTaskHandle
20004cb5   xTaskIncrementTick
20004dd1   vTaskSwitchContext
20004e51   vTaskPlaceOnEventList
20004eb5   vTaskPlaceOnUnorderedEventList
20004f25   xTaskRemoveFromEventList
20004fad   xTaskRemoveFromUnorderedEventList
2000501b   vTaskSetTimeOutState
20005041   xTaskCheckForTimeOut
200050bb   vTaskMissedYield
200050c9   uxTaskGetTaskNumber
200050e9   vTaskSetTaskNumber
20005491   xTaskGetCurrentTaskHandle
200054a5   xTaskGetSchedulerState
200054dd   vTaskPriorityInherit
20005597   vTaskPriorityDisinherit
20005621   uxTaskResetEventItemValue
20005659   InitializeAppVariables
20005695   ConfigureSimpleLinkToDefaultState
2000593d   ConfigureMode
20005975   ConnectToNetwork
20005add   ConnectToNetwork_2
20005b83   ConnectToNetwork_STA_2
20005ba9   ConnectToNetwork_STA
20005c71   initNetwork
20005d99   SimpleLinkWlanEventHandler
20005ef1   SimpleLinkNetAppEventHandler
20005f61   SimpleLinkSockEventHandler
200063cb   SimpleLinkHttpServerCallback
200071bb   __TI_printfi
200074c5   xQueueGenericReset
20007555   xQueueGenericCreate
200075cb   xQueueCreateMutex
20007649   xQueueCreateCountingSemaphore
20007669   xQueueGenericSend
20007775   xQueueAltGenericSend
20007821   xQueueAltGenericReceive
2000791f   xQueueGenericSendFromISR
200079bb   xQueueGenericReceive
20007afd   xQueueReceiveFromISR
20007b75   xQueuePeekFromISR
20007bb9   uxQueueMessagesWaiting
20007bcf   uxQueueSpacesAvailable
20007bef   uxQueueMessagesWaitingFromISR
20007c01   vQueueDelete
20007c25   uxQueueGetQueueNumber
20007c33   vQueueSetQueueNumber
20007c45   ucQueueGetQueueType
20007dfb   xQueueIsQueueEmptyFromISR
20007e3d   xQueueIsQueueFullFromISR
20007e5f   vQueueAddToRegistry
20007ea1   vQueueUnregisterQueue
20007edb   xQueueCreateSet
20007eef   xQueueAddToSet
20007f23   xQueueRemoveFromSet
20007f65   xQueueSelectFromSet
20007f7f   xQueueSelectFromSetFromISR
20007fe9   Standby_ImageSensor
20008001   Wakeup_ImageSensor
2000800f   CaptureAndStore_Image
200082c9   CamControllerInit
20008a95   CameraSensorInit
20008a9d   CameraSensorInit_SettingsFromFlash
20008ac5   StartCapture_SettingsFromFlash
20008af3   WriteConfigRegFile_toFlash
20008bc5   WriteConfigRegFilefromUser_toFlash
20008bf3   StartSensorInJpegMode
20008da7   RegStatusRead
20008de7   WriteAllAEnAWBRegs
20008e09   ReadAllAEnAWBRegs
20008eb5   enableAWB
20008ef9   disableAWB
20008f3d   enableAE
20008f7b   disableAE
20008fc5   JpegConfigReg_Read
20008fed   CCMRegs_Read
2000901d   DigitalGainRegs_Read
20009051   ShutterRegs_Read
20009083   AnalogGainReg_Read
200090c1   PCLK_Rate_read
200090ff   JPEGDataLength_read
20009149   ResetImageSensorMCU
20009177   ReadMCUBootModeReg
20009191   SoftReset_ImageSensor
200091b9   Verify_ImageSensor
200091e9   Variable_Read
20009387   EnterStandby_mt9d111
200093d1   ExitStandby_mt9d111
200094a9   setDataBufferPointer
200094b9   buildRequestHeaders
20009711   headerSend
20009849   payloadSend
20009a67   sendRequest
20009b7d   parseSendRequestInternal
20009bf3   parseSendRequest
20009c27   parseGetErrorCode
20009e63   isPingTime
20009ebd   updateLastPingTime
20009ec3   fetchDeviceOSVersion
20009f29   createNewInstallationId
2000a507   createInstallation
2000a555   getInstallation
2000a5db   parseSetInstallationId
2000a657   parseGetInstallationId
2000a879   ProvisioningAP
2000ad21   osi_InterruptRegister
2000ad47   osi_InterruptDeRegister
2000ad59   osi_SyncObjCreate
2000ad89   osi_SyncObjDelete
2000ada3   osi_SyncObjSignal
2000adcb   osi_SyncObjSignalFromISR
2000ae03   osi_SyncObjWait
2000ae2f   osi_SyncObjClear
2000ae51   osi_LockObjCreate
2000ae77   osi_TaskCreate
2000aeb7   osi_TaskDelete
2000aec5   osi_LockObjDelete
2000aed5   osi_LockObjLock
2000af01   osi_LockObjUnlock
2000af2b   osi_Spawn
2000af99   VStartSimpleLinkSpawnTask
2000afe9   VDeleteSimpleLinkSpawnTask
2000b015   osi_MsgQCreate
2000b059   osi_MsgQDelete
2000b073   osi_MsgQWrite
2000b0a5   osi_MsgQRead
2000b0e1   mem_Malloc
2000b0ed   mem_Free
2000b0f9   mem_set
2000b10d   mem_copy
2000b121   osi_EnterCritical
2000b12b   osi_ExitCritical
2000b135   osi_start
2000b13d   osi_Sleep
2000b14d   osi_TaskDisable
2000b157   osi_TaskEnable
2000b161   osi_ContextSave
2000b163   osi_ContextRestore
2000b17d   minit
2000b209   malloc
2000b26b   free
2000b32b   realloc
2000b431   memalign
2000b511   calloc
2000b549   _SlDrvMsgRead
2000b8f1   socketWait
2000b93d   socketSslConnect
2000ba6b   socketRead
2000baed   socketWrite
2000bc79   _SlAsyncEventGenericHandler
2000bfc5   simpleJsonProcessor
2000c24d   findSecondJson
2000c265   isCompleteJson
2000c27f   getPushJson
2000c2dd   vAssertCalled
2000c2df   vApplicationIdleHook
2000c2e1   vApplicationMallocFailedHook
2000c2e3   vApplicationStackOverflowHook
2000c2e5   Main_Task
2000c3a3   main
2000c5e1   InitialiseParse
2000c5f7   UploadImageToParse
2000c62d   UploadSensorDataToParse
2000c655   retreiveImageIDfromHTTPResponse
2000c68f   ConstructDeviceStateObject
2000c8b5   loadClientState
2000c95d   saveClientState
2000cb45   __aeabi_uldivmod
2000cd39   CreateFile_Flash
2000cd91   WriteFile_ToFlash
2000ce39   ReadFile_FromFlash
2000cef5   InitTerm
2000cf13   Message
2000cf2d   ClearTerm
2000cf33   Error
2000cf67   GetCmd
2000cfc7   TrimSpace
2000d011   Report
2000d0ad   __aeabi_dsub
2000d0b7   __aeabi_dadd
2000d265   ensureCertificateFile
2000d411   CollectTxit_ImgTempRH
2000d5ad   sl_WlanConnect
2000d749   DmaSwIntHandler
2000d75b   DmaErrorIntHandler
2000d767   UDMAInit
2000d7b1   UDMAChannelSelect
2000d7d9   SetupTransfer
2000d80f   UDMASetupAutoMemTransfer
2000d833   UDMASetupPingPongTransfer
2000d87d   UDMADeInit
2000d891   DMASetupTransfer
2000d93f   I2C_IF_Write
2000d9a1   I2C_IF_Read
2000da09   I2C_IF_ReadFrom
2000da29   I2C_IF_Open
2000da53   I2C_IF_Close
2000da69   I2CInit
2000da87   I2CBufferRead
2000db2f   I2CBufferWrite
2000dbd9   _SlDrvDataReadOp
2000dd3d   Test_Provisioning_thruAP
2000dd69   TestOrProfile_CameraModuleStandby
2000ddcd   Test_ImageSensConfigFromFlash
2000dea1   addHttpRequestLine
2000ded3   beginHttpRequest
2000dedf   beginHttpGetRequest
2000df1b   addHttpRequestHeader
2000df43   addHttpRequestHeaderInt
2000df53   getHttpResponseStatus
2000df7d   getHttpResponseBody
2000dff5   _SlDrvRxHdrRead
2000e135   __aeabi_ddiv
2000e26d   PRCMCC3200MCUInit
2000e3a1   spi_Open
2000e4d1   _SlDrvDataWriteOp
2000e5fd   vListInitialise
2000e62d   vListInitialiseItem
2000e63d   vListInsertEnd
2000e679   vListInsert
2000e6df   uxListRemove
2000e729   _SlDrvMsgWrite
2000e83d   pxPortInitialiseStack
2000e88d   xPortStartScheduler
2000e8b9   vPortEndScheduler
2000e8bb   vPortYield
2000e8cd   vPortEnterCritical
2000e8e5   vPortExitCritical
2000e8fd   xPortSysTickHandler
2000e919   vPortSetupTimerInterrupt
2000e94d   _SlDrvWaitForPoolObj
2000ea59   sl_Select
2000eb61   _SlDrvReleasePoolObj
2000ec65   parseInitialize
2000ed01   getInternalClient
2000ed63   __aeabi_dmul
2000ee61   uDMAChannelTransferSet
2000ef51   sl_Connect
2000f039   spi_Write
2000f121   sl_NetAppDnsGetHostByName
2000f1f9   TimerBaseIntHandler
2000f20b   InitializeTimer
2000f237   StartTimer
2000f253   StopTimer
2000f261   GetTimeDuration
2000f2d1   spi_Read
2000f39d   PinMuxConfig
2000f465   sl_Stop
2000f529   sl_Start
2000f5ed   ulPortSetInterruptMask
2000f603   vPortClearInterruptMask
2000f611   xPortPendSVHandler
2000f65d   vPortSVCHandler
2000f685   prvPortStartFirstTask
2000f69d   portCLZ
2000f6a5   _SlDrvMsgReadCmdCtx
2000f759   _SlDrvNetAppEventHandler
2000f80d   sl_Send
2000f8bd   IntDisable
2000f965   IntEnable
2000fa0d   Timer_IF_Init
2000fa37   Timer_IF_IntSetup
2000fa69   Timer_IF_InterruptClear
2000fa7d   Timer_IF_Start
2000fa91   Timer_IF_DeInit
2000faa9   Timer_IF_GetCount
2000fab5   SPIConfigSetExpClk
2000fb55   __aeabi_memcpy
2000fb55   __aeabi_memcpy4
2000fb55   __aeabi_memcpy8
2000fb55   memcpy
2000fbf1   _SlFindAndSetActiveObj
2000fc89   snprintf
2000fd21   PRCMPeripheralClockGet
2000fdb5   _SlDrvClassifyRxMsg
2000fe49   __TI_auto_init
2000fedd   _SlDrvMsgReadSpawnCtx
2000ff6d   sl_FsRead
2000fff9   sl_FsWrite
20010085   PinConfigSet
2001010d   vsnprintf
20010195   sl_NetAppMDNSRegisterUnregisterService
2001021d   __aeabi_cdcmpeq
2001021d   __aeabi_cdcmple
200102a3   __aeabi_cdrcmple
20010329   I2CMasterInitExpClk
200103ad   _SlDrvCmdOp
20010431   NwpPowerOnPreamble
200104b1   debugPrint
200104cb   debugPrintf
20010531   _SlDrvDriverCBInit
200105ad   _sl_HandleAsync_DnsGetHostByName
20010629   sl_DevGet
200106a5   sl_FsClose
20010721   __aeabi_fmul
20010815   __aeabi_memclr
20010815   __aeabi_memclr4
20010815   __aeabi_memclr8
20010817   __aeabi_memset
20010817   __aeabi_memset4
20010817   __aeabi_memset8
2001081d   memset
2001088d   UARTConfigSetExpClk
20010905   _sl_HandleAsync_InitComplete
20010979   sl_WlanGet
200109ed   spi_Close
20010a61   TimerIntRegister
20010ad1   _sl_HandleAsync_PingResponse
20010b41   _sl_TruncatePayloadByProtocol
20010bb1   TimerIntUnregister
20010c19   _sl_HandleAsync_Connect
20010c81   _sl_HandleAsync_DnsGetHostByService
20010ce9   sl_FsGetInfo
20010d51   _sl_GetCreateFsMode
20010db5   _sl_HandleAsync_Accept
20010e19   uDMAChannelAttributeDisable
20010e7d   uDMAChannelAttributeEnable
20010ee1   sprintf
20010f9f   ltoa
20010ff9   IntPendClear
20011051   PRCMPeripheralReset
200110a9   _SlDrvDriverCBDeinit
20011101   _sl_HandleAsync_Select
20011159   IntPrioritySet
200111ad   _sl_HandleAsync_Stop
20011201   sl_FsOpen
20011255   sl_NetAppSendTokenValue
200112a9   intToASCII
200112f9   SPIIntEnable
20011345   atoi
20011391   srand
200113a7   rand
200113dd   sl_SetSockOpt
20011429   uDMAChannelAssign
20011475   _sl_GetStartResponseConvert
200114bf   __aeabi_d2f
20011509   SPIIntClear
20011551   __aeabi_d2iz
20011599   sl_DevSet
200115e1   sl_FsDel
20011629   sl_WlanSet
200116b5   TimerConfigure
200116f9   copy_in
2001173d   C$$EXIT
20011741   abort
20011749   exit
20011781   _Dtest
200117c5   sl_NetCfgSet
20011809   sl_Recv
2001184d   PinModeSet
2001188d   _SlDrvRxIrqHandler
200118cd   _SlRemoveFromList
2001190d   sl_WlanPolicySet
2001194d   sl_WlanRxFilterSet
2001198d   NwpPowerOff
200119c9   PRCMPeripheralClkEnable
20011a05   _SlDrvObjInit
20011a41   strncasecmp
20011a7d   uDMAChannelControlSet
20011ab9   CameraCaptureStop
20011af3   CameraXClkConfig
20011b2d   pvPortMalloc
20011b4d   vPortFree
20011b65   __aeabi_f2d
20011b9d   __aeabi_f2iz
20011bd5   sl_Htonl
20011c0d   GPIODirModeSet
20011c43   CameraParamsConfig
20011c79   PRCMPeripheralStatusGet
20011cad   SPIFIFOLevelSet
20011ce1   _SlDrvBasicCmd
20011d15   _c_int00
20011d49   __aeabi_f2uiz
20011d7d   strstr
20011db1   sl_Htons
20011de5   NwpPowerOn
20011e15   PinTypeGPIO
20011e45   UARTDisable
20011e75   strncpy
20011ea5   sl_Socket
20011ed5   __aeabi_i2d
20011f05   CameraIntEnable
20011f31   DmaSpiSwIntHandler
20011f5d   I2CMasterErr
20011f89   PRCMSysResetCauseGet
20011fb5   _SlDrvFlowContDeinit
20011fe1   _SlDrvFlowContInit
2001200d   TimerLoadSet
2001200d   Timer_IF_ReLoad
20012037   TimerPrescaleSet
20012061   CameraIntStatus
20012089   PRCMPeripheralClkDisable
200120b1   _sl_BuildAddress
200120d9   strncat
20012101   sl_WlanSetMode
20012129   CameraThresholdSet
2001214f   strncmp
20012175   CameraIntClear
20012199   IntUnregister
200121bd   UARTEnable
200121e1   memmove
20012205   __aeabi_ui2f
20012229   sl_Close
20012229   socketClose
2001224d   sl_NetAppStart
20012271   sl_NetAppStop
20012295   sl_WlanProfileDel
200122b9   CameraCaptureStart
200122db   I2CMasterSlaveAddrSet
200122fd   NwpRegisterInterruptHandler
2001231f   SPIReset
20012341   SPIWordCountSet
20012363   memcmp
20012385   IntRegister
200123a5   _SlDrvCmdSend
200123c5   __aeabi_ui2d
200123e5   I2CMasterIntStatusEx
20012403   TimerDisable
20012403   Timer_IF_Stop
20012421   TimerEnable
2001243f   TimerIntStatus
2001245d   UARTCharPut
2001247b   PinTypeI2C
20012497   TimerValueGet
200124b5   _SlDrvObjDeInit
200124d1   memccpy
200124ed   UDMAStopTransfer
200124ed   uDMAChannelDisable
20012509   uDMAChannelEnable
20012525   CopyPingResultsToReport
2001253f   PinTypeCamera
20012559   PinTypeUART
20012573   SPIDmaDisable
2001258d   SPIDmaEnable
200125a7   SPIFIFODisable
200125c1   SPIFIFOEnable
200125db   _SlDrvDeviceEventHandler
200125f5   CameraReset
2001260d   SPICSDisable
20012625   SPICSEnable
2001263d   SPIDisable
20012655   SPIEnable
2001266d   TimerIntDisable
20012685   TimerIntEnable
2001269d   _args_main
200126b5   __aeabi_lmul
200126cd   CameraDMAEnable
200126e3   CameraIntRegister
200126f9   I2CMasterDataPut
2001270f   I2CMasterEnable
20012725   PRCMHIBRegRead
2001273b   PRCMHIBRegWrite
20012751   UARTCharGet
20012767   _sl_Strlen
2001277d   uDMAIntRegister
20012793   CPUcpsie
200127a9   IntVTableBaseSet
200127bd   _SlDrvShiftDWord
200127d1   _register_unlock
200127d7   _register_lock
200127df   _nop
200127e5   strlen
200127f9   uDMAControlBaseSet
2001280d   uDMAIntClear
20012821   I2CMasterControl
20012833   I2CMasterIntClearEx
20012845   I2CMasterTimeoutSet
20012857   TimerIntClear
20012869   __TI_zero_init
2001287b   sl_NetAppMDNSUnRegisterService
2001288d   uDMAIntUnregister
200128a1   NwpMaskInterrupt
200128b1   SL_FD_SET
200128c1   strcpy
200128d1   I2CMasterDataGet
200128df   __TI_decompress_none
200128ed   _Dclass
200128fb   ResetISR
20012909   NwpUnMaskInterrupt
20012915   uDMADisable
20012921   uDMAEnable
2001292d   uDMAIntStatus
20012939   IntMasterEnable
20012943   sl_WlanDisconnect
2001294b   MT9D111Delay
20012951   SL_FD_ZERO
20012957   UtilsDelay
2001295d   __TI_decompress_rle24
20012aa4   _ctypes_
20012cac   _SlPolicySetCmdCtrl
20012cb0   _SlPolicyGetCmdCtrl
20012cb4   _SlProfileGetCmdCtrl
20012cb8   _SlProfileDelCmdCtrl
20012cbc   _SlWlanGetNetworkListCtrl
20012cc0   _SlRxFilterAddtCmdCtrl
20012cc4   _SlRxFilterSetCmdCtrl
20012cc8   _SlRxFilterGetCmdCtrl
20012ccc   _SlSmartConfigStartCmdCtrl
20012cd0   _SlWlanSetModeCmdCtrl
20012cd4   _SlWlanCfgSetCmdCtrl
20012cd8   _SlWlanCfgGetCmdCtrl
2001326c   g_H2NSyncPattern
20013274   g_H2NCnysPattern
2001327c   _SlActionLookupTable
200132b4   _SlFsOpenCmdCtrl
200132b8   _SlFsCloseCmdCtrl
200132bc   _SlFsReadCmdCtrl
200132c0   _SlFsWriteCmdCtrl
200132c4   _SlFsGetInfoCmdCtrl
200132c8   _SlFsDeleteCmdCtrl
20013330   _SlSockSocketCmdCtrl
20013334   _SlSockCloseCmdCtrl
20013338   _SlRecvfomCmdCtrl
2001333c   _SlSendCmdCtrl
20013340   _SlListenCmdCtrl
20013344   _SlAcceptCmdCtrl
20013348   _SlRecvCmdCtrl
2001334c   _SlSetSockOptCmdCtrl
20013350   _SlGetSockOptCmdCtrl
20013354   _SlSelectCmdCtrl
200133e0   _SlNetAppStartCtrl
200133e4   _SlNetAppStopCtrl
200133e8   _SlGetServiceListeCtrl
200133ec   _SlRegisterServiceCtrl
200133f0   _SlGetHostByServiceCtrl
200133f4   _SlGetHostByNameCtrl
200133f8   _SlNetAppSetCmdCtrl
200133fc   _SlNetAppSendTokenValueCmdCtrl
20013400   _SlNetAppGetCmdCtrl
200134a0   g_deviceClientVersion
200134e4   _SlStopCmdCtrl
200134e8   _SlEventMaskSetCmdCtrl
200134ec   _SlEventMaskGetCmdCtrl
200134f0   _SlDeviceGetCmdCtrl
200134f4   _SlDeviceSetCmdCtrl
200134f8   pcDigits
20013504   _SlNetCfgSetCmdCtrl
20013508   _SlNetCfgGetCmdCtrl
20013518   __TI_static_base__
20014008   __TI_Handler_Table_Base
20014014   __TI_Handler_Table_Limit
20014020   __TI_CINIT_Base
20014030   __TI_CINIT_Limit
20018000   g_image_buffer
2002c000   gpCtlTbl
2002c400   g_NetEntries
2002c770   gfpAppCallbackHndl
2002c938   xQueueRegistry
2002c988   clientStateFileName
2002c9bc   g_cWlanSecurityKey
2002c9f0   g_cWlanSSID
2002ca14   g_ucConnectionSSID
2002ca38   g_flag_blockFull
2002cab0   g_SecParams
2002cabc   g_ucConnectionBSSID
2002cac8   dataBuffer
2002cacc   g_block_lastFilled
2002cad0   g_cWlanSecurityType
2002cad4   g_frame_size_in_bytes
2002cad8   g_header_length
2002cadc   g_position_in_block
2002cae0   g_readHeader
2002caf0   v_TimerOverflows
2002caf5   g_flag_DataBlockFilled
2002caf6   g_frame_end
2002caf7   iDone
2002caf8   _sys_memory
ffffffff   __binit__
ffffffff   __c_args__
ffffffff   binit
UNDEFED    SHT$$INIT_ARRAY$$Base
UNDEFED    SHT$$INIT_ARRAY$$Limit

[635 symbols]
