******************************************************************************
                  TI ARM Linker PC v5.1.6                      
******************************************************************************
>> Linked Wed May 06 11:45:23 2015

OUTPUT FILE NAME:   <ULP_SEC_CAM.out>
ENTRY POINT SYMBOL: "_c_int00"  address: 200110bd


MEMORY CONFIGURATION

         name            origin    length      used     unused   attr    fill
----------------------  --------  ---------  --------  --------  ----  --------
  SRAM_BOOTLDR          20000000   00004000  00002158  00001ea8  RW X
  SRAM_CODE             20004000   00014000  0000f277  00004d89  RW X
  SRAM_DATA             20018000   00024000  00018721  0000b8df  RW X


SEGMENT ALLOCATION MAP

run origin  load origin   length   init length attrs members
----------  ----------- ---------- ----------- ----- -------
20000000    20000000    00001158   00000000    rw-
  20000000    20000000    00001158   00000000    rw- .data
20003000    20003000    00001000   00000000    rw-
  20003000    20003000    00001000   00000000    rw- .stack
20004000    20004000    0000f280   0000f280    r-x
  20004000    20004000    00000400   00000400    r-- .intvecs
  20004400    20004400    0000d8fa   0000d8fa    r-x .text
  20011cfc    20011cfc    00000aa5   00000aa5    r-- .const
  200127a8    200127a8    00000ad8   00000ad8    r-- .cinit
20018000    20018000    00018728   00000000    rw-
  20018000    20018000    00014721   00000000    rw- .bss
  2002c728    2002c728    00004000   00000000    rw- .sysmem


SECTION ALLOCATION MAP

 output                                  attributes/
section   page    origin      length       input sections
--------  ----  ----------  ----------   ----------------
.init_array 
*          0    20004000    00000000     UNINITIALIZED

.data      0    20000000    00001158     UNINITIALIZED
                  20000000    00000600     camera_app.obj (.data:JPEG_StdHuffmanTbl)
                  20000600    00000400     camera_app.obj (.data:g_header)
                  20000a00    000003c9     cc3200_certificate.obj (.data:DigiCertHighAssuranceEVRootCA_der)
                  20000dc9    00000003     --HOLE--
                  20000dcc    00000184     simplelink.a : driver.obj (.data)
                  20000f50    00000064                  : cc_pal.obj (.data)
                  20000fb4    00000040     camera_app.obj (.data:JPEG_StdQuantTblC)
                  20000ff4    00000040     camera_app.obj (.data:JPEG_StdQuantTblY)
                  20001034    00000040     camera_app.obj (.data:zigzag)
                  20001074    00000034     free_rtos.a : tasks.obj (.data)
                  200010a8    0000002c     cc3200_utils.obj (.data:lastDateTime)
                  200010d4    00000018     cc3200_utils.obj (.data)
                  200010ec    00000018     request.obj (.data)
                  20001104    0000000c     free_rtos.a : osi_freertos.obj (.data)
                  20001110    0000000c     network_relater_fns.obj (.data)
                  2000111c    0000000c     rtsv7M4_T_le_eabi.lib : memory.obj (.data)
                  20001128    00000008     camera_app.obj (.data)
                  20001130    00000008     rtsv7M4_T_le_eabi.lib : _lock.obj (.data)
                  20001138    00000008                           : exit.obj (.data)
                  20001140    00000006     http.obj (.data)
                  20001146    00000002     --HOLE--
                  20001148    00000004     cc3200_certificate.obj (.data)
                  2000114c    00000004     free_rtos.a : port.obj (.data)
                  20001150    00000004     rtsv7M4_T_le_eabi.lib : rand.obj (.data)
                  20001154    00000004                           : stkdepth_vars.obj (.data)

.stack     0    20003000    00001000     UNINITIALIZED
                  20003000    00001000     --HOLE--

.intvecs   0    20004000    00000400     
                  20004000    00000400     startup_ccs.obj (.intvecs)

.text      0    20004400    0000d8fa     
                  20004400    00001258     free_rtos.a : tasks.obj (.text)
                  20005658    00000ec0     rtsv7M4_T_le_eabi.lib : _printfi.obj (.text)
                  20006518    00000c88     camera_app.obj (.text)
                  200071a0    00000c28     network_relater_fns.obj (.text)
                  20007dc8    00000b24     free_rtos.a : queue.obj (.text)
                  200088ec    0000093c     request.obj (.text)
                  20009228    00000840     mt9d111.obj (.text)
                  20009a68    000005de     cc3200_utils.obj (.text)
                  2000a046    00000002     driverlib.a : interrupt.obj (.text:IntDefaultHandler)
                  2000a048    000004b0     installation.obj (.text)
                  2000a4f8    0000045c     free_rtos.a : osi_freertos.obj (.text)
                  2000a954    000003cc     rtsv7M4_T_le_eabi.lib : memory.obj (.text)
                  2000ad20    000003a6     simplelink.a : driver.obj (.text:_SlDrvMsgRead)
                  2000b0c6    00000002     --HOLE-- [fill = 0]
                  2000b0c8    0000034c                  : driver.obj (.text:_SlAsyncEventGenericHandler)
                  2000b414    00000340     main.obj (.text)
                  2000b754    0000031c     cc3200_socket.obj (.text)
                  2000ba70    00000314     simplejson.obj (.text)
                  2000bd84    000002d4     parse_uploads.obj (.text)
                  2000c058    00000290     cc3200_client_state.obj (.text)
                  2000c2e8    000001f4     rtsv7M4_T_le_eabi.lib : ull_div_t2.obj (.text)
                  2000c4dc    000001b8     uartA1_if.obj (.text)
                  2000c694    000001b6     rtsv7M4_T_le_eabi.lib : fd_add_t2.obj (.text)
                  2000c84a    00000002     --HOLE-- [fill = 0]
                  2000c84c    000001ac     cc3200_certificate.obj (.text)
                  2000c9f8    0000019c     simplelink.a : wlan.obj (.text:sl_WlanConnect)
                  2000cb94    00000194     udma_if.obj (.text)
                  2000cd28    0000018c     i2c_if.obj (.text)
                  2000ceb4    00000170     i2cconfig.obj (.text)
                  2000d024    00000164     simplelink.a : driver.obj (.text:_SlDrvDataReadOp)
                  2000d188    00000154     http.obj (.text)
                  2000d2dc    00000140     simplelink.a : driver.obj (.text:_SlDrvRxHdrRead)
                  2000d41c    00000136     rtsv7M4_T_le_eabi.lib : fd_div_t2.obj (.text)
                  2000d552    00000002     --HOLE-- [fill = 0]
                  2000d554    00000134     driverlib.a : prcm.obj (.text:PRCMCC3200MCUInit)
                  2000d688    00000130     simplelink.a : cc_pal.obj (.text:spi_Open)
                  2000d7b8    0000012c                  : driver.obj (.text:_SlDrvDataWriteOp)
                  2000d8e4    0000012a     free_rtos.a : list.obj (.text)
                  2000da0e    00000002     --HOLE-- [fill = 0]
                  2000da10    00000114     simplelink.a : driver.obj (.text:_SlDrvMsgWrite)
                  2000db24    00000110     free_rtos.a : port.obj (.text)
                  2000dc34    0000010c     simplelink.a : driver.obj (.text:_SlDrvWaitForPoolObj)
                  2000dd40    00000108                  : socket.obj (.text:sl_Select)
                  2000de48    00000104                  : driver.obj (.text:_SlDrvReleasePoolObj)
                  2000df4c    000000fe     parse_impl.obj (.text)
                  2000e04a    000000fc     rtsv7M4_T_le_eabi.lib : fd_mul_t2.obj (.text)
                  2000e146    00000002     --HOLE-- [fill = 0]
                  2000e148    000000f0     driverlib.a : udma.obj (.text:uDMAChannelTransferSet)
                  2000e238    000000e8     simplelink.a : socket.obj (.text:sl_Connect)
                  2000e320    000000e8                  : cc_pal.obj (.text:spi_Write)
                  2000e408    000000d8     collect_and_txit.obj (.text)
                  2000e4e0    000000d8     simplelink.a : netapp.obj (.text:sl_NetAppDnsGetHostByName)
                  2000e5b8    000000d8     timer_fns.obj (.text)
                  2000e690    000000cc     simplelink.a : cc_pal.obj (.text:spi_Read)
                  2000e75c    000000c4                  : device.obj (.text:sl_Stop)
                  2000e820    000000c0                  : device.obj (.text:sl_Start)
                  2000e8e0    000000ba     free_rtos.a : portasm.obj (.text)
                  2000e99a    00000002     --HOLE-- [fill = 0]
                  2000e99c    000000b4     simplelink.a : driver.obj (.text:_SlDrvMsgReadCmdCtx)
                  2000ea50    000000b2                  : netapp.obj (.text:_SlDrvNetAppEventHandler)
                  2000eb02    000000b2     pinmux.obj (.text)
                  2000ebb4    000000b0     simplelink.a : socket.obj (.text:sl_Send)
                  2000ec64    000000a8     driverlib.a : interrupt.obj (.text:IntDisable)
                  2000ed0c    000000a8                 : interrupt.obj (.text:IntEnable)
                  2000edb4    000000a8     timer_if.obj (.text)
                  2000ee5c    000000a0     driverlib.a : spi.obj (.text:SPIConfigSetExpClk)
                  2000eefc    0000009c     rtsv7M4_T_le_eabi.lib : memcpy_t2.obj (.text)
                  2000ef98    00000098     simplelink.a : driver.obj (.text:_SlFindAndSetActiveObj)
                  2000f030    00000098     rtsv7M4_T_le_eabi.lib : snprintf.obj (.text)
                  2000f0c8    00000094     driverlib.a : prcm.obj (.text:PRCMPeripheralClockGet)
                  2000f15c    00000094     simplelink.a : driver.obj (.text:_SlDrvClassifyRxMsg)
                  2000f1f0    00000094     rtsv7M4_T_le_eabi.lib : auto_init.obj (.text)
                  2000f284    00000090     simplelink.a : driver.obj (.text:_SlDrvMsgReadSpawnCtx)
                  2000f314    0000008c                  : fs.obj (.text:sl_FsRead)
                  2000f3a0    0000008c                  : fs.obj (.text:sl_FsWrite)
                  2000f42c    00000088     driverlib.a : pin.obj (.text:PinConfigSet)
                  2000f4b4    00000088     rtsv7M4_T_le_eabi.lib : vsnprintf.obj (.text)
                  2000f53c    00000088     simplelink.a : netapp.obj (.text:sl_NetAppMDNSRegisterUnregisterService)
                  2000f5c4    00000086     rtsv7M4_T_le_eabi.lib : fd_cmp_t2.obj (.text:__aeabi_cdcmple)
                  2000f64a    00000086                           : fd_cmp_t2.obj (.text:__aeabi_cdrcmple)
                  2000f6d0    00000084     driverlib.a : i2c.obj (.text:I2CMasterInitExpClk)
                  2000f754    00000084     simplelink.a : driver.obj (.text:_SlDrvCmdOp)
                  2000f7d8    00000080                  : cc_pal.obj (.text:NwpPowerOnPreamble)
                  2000f858    00000080     cc3200_debug.obj (.text)
                  2000f8d8    0000007c     simplelink.a : driver.obj (.text:_SlDrvDriverCBInit)
                  2000f954    0000007c                  : netapp.obj (.text:_sl_HandleAsync_DnsGetHostByName)
                  2000f9d0    0000007c                  : device.obj (.text:sl_DevGet)
                  2000fa4c    0000007c                  : fs.obj (.text:sl_FsClose)
                  2000fac8    0000007a     rtsv7M4_T_le_eabi.lib : fs_mul_t2.obj (.text)
                  2000fb42    00000002     --HOLE-- [fill = 0]
                  2000fb44    00000078     simplelink.a : cc_pal.obj (.text:SetupDMAReceive)
                  2000fbbc    00000078     rtsv7M4_T_le_eabi.lib : memset_t2.obj (.text)
                  2000fc34    00000076     driverlib.a : uart.obj (.text:UARTConfigSetExpClk)
                  2000fcaa    00000002     --HOLE-- [fill = 0]
                  2000fcac    00000074     simplelink.a : device.obj (.text:_sl_HandleAsync_InitComplete)
                  2000fd20    00000074                  : wlan.obj (.text:sl_WlanGet)
                  2000fd94    00000074                  : cc_pal.obj (.text:spi_Close)
                  2000fe08    00000070     driverlib.a : timer.obj (.text:TimerIntRegister)
                  2000fe78    00000070     simplelink.a : netapp.obj (.text:_sl_HandleAsync_PingResponse)
                  2000fee8    0000006e                  : socket.obj (.text:_sl_TruncatePayloadByProtocol)
                  2000ff56    00000002     --HOLE-- [fill = 0]
                  2000ff58    00000068     driverlib.a : timer.obj (.text:TimerIntUnregister)
                  2000ffc0    00000068     simplelink.a : socket.obj (.text:_sl_HandleAsync_Connect)
                  20010028    00000068                  : netapp.obj (.text:_sl_HandleAsync_DnsGetHostByService)
                  20010090    00000068                  : fs.obj (.text:sl_FsGetInfo)
                  200100f8    00000064                  : fs.obj (.text:_sl_GetCreateFsMode)
                  2001015c    00000064                  : socket.obj (.text:_sl_HandleAsync_Accept)
                  200101c0    00000064     driverlib.a : udma.obj (.text:uDMAChannelAttributeDisable)
                  20010224    00000064                 : udma.obj (.text:uDMAChannelAttributeEnable)
                  20010288    00000060     rtsv7M4_T_le_eabi.lib : sprintf.obj (.text)
                  200102e8    0000005e                           : copy_decompress_rle.obj (.text)
                  20010346    0000005a                           : ltoa.obj (.text)
                  200103a0    00000058     driverlib.a : interrupt.obj (.text:IntPendClear)
                  200103f8    00000058                 : prcm.obj (.text:PRCMPeripheralReset)
                  20010450    00000058     simplelink.a : driver.obj (.text:_SlDrvDriverCBDeinit)
                  200104a8    00000058                  : socket.obj (.text:_sl_HandleAsync_Select)
                  20010500    00000054     driverlib.a : interrupt.obj (.text:IntPrioritySet)
                  20010554    00000054     simplelink.a : device.obj (.text:_sl_HandleAsync_Stop)
                  200105a8    00000054                  : fs.obj (.text:sl_FsOpen)
                  200105fc    00000054                  : netapp.obj (.text:sl_NetAppSendTokenValue)
                  20010650    00000050     app_common.obj (.text)
                  200106a0    0000004c     driverlib.a : spi.obj (.text:SPIIntEnable)
                  200106ec    0000004c     rtsv7M4_T_le_eabi.lib : atoi.obj (.text)
                  20010738    0000004c                           : rand.obj (.text)
                  20010784    0000004c     simplelink.a : socket.obj (.text:sl_SetSockOpt)
                  200107d0    0000004c     driverlib.a : udma.obj (.text:uDMAChannelAssign)
                  2001081c    0000004a     simplelink.a : device.obj (.text:_sl_GetStartResponseConvert)
                  20010866    0000004a     rtsv7M4_T_le_eabi.lib : fd_tos_t2.obj (.text)
                  200108b0    00000048     driverlib.a : spi.obj (.text:SPIIntClear)
                  200108f8    00000048     rtsv7M4_T_le_eabi.lib : fd_toi_t2.obj (.text)
                  20010940    00000048     simplelink.a : device.obj (.text:sl_DevSet)
                  20010988    00000048                  : fs.obj (.text:sl_FsDel)
                  200109d0    00000048                  : wlan.obj (.text:sl_WlanSet)
                  20010a18    00000044     driverlib.a : spi.obj (.text:SPIDmaMaskGet)
                  20010a5c    00000044                 : timer.obj (.text:TimerConfigure)
                  20010aa0    00000044     rtsv7M4_T_le_eabi.lib : cpy_tbl.obj (.text)
                  20010ae4    00000044                           : exit.obj (.text)
                  20010b28    00000044                           : xdtest.obj (.text)
                  20010b6c    00000044     simplelink.a : netcfg.obj (.text:sl_NetCfgSet)
                  20010bb0    00000044                  : socket.obj (.text:sl_Recv)
                  20010bf4    00000040     driverlib.a : pin.obj (.text:PinModeSet)
                  20010c34    00000040     simplelink.a : driver.obj (.text:_SlDrvRxIrqHandler)
                  20010c74    00000040                  : driver.obj (.text:_SlRemoveFromList)
                  20010cb4    00000040                  : wlan.obj (.text:sl_WlanPolicySet)
                  20010cf4    00000040                  : wlan.obj (.text:sl_WlanRxFilterSet)
                  20010d34    0000003c                  : cc_pal.obj (.text:NwpPowerOff)
                  20010d70    0000003c     driverlib.a : prcm.obj (.text:PRCMPeripheralClkEnable)
                  20010dac    0000003c     simplelink.a : driver.obj (.text:_SlDrvObjInit)
                  20010de8    0000003c     rtsv7M4_T_le_eabi.lib : strncasecmp.obj (.text)
                  20010e24    0000003c     driverlib.a : udma.obj (.text:uDMAChannelControlSet)
                  20010e60    0000003a                 : camera.obj (.text:CameraCaptureStop)
                  20010e9a    0000003a                 : camera.obj (.text:CameraXClkConfig)
                  20010ed4    00000038     free_rtos.a : heap_3.obj (.text)
                  20010f0c    00000038     rtsv7M4_T_le_eabi.lib : fs_tod_t2.obj (.text)
                  20010f44    00000038                           : fs_toi_t2.obj (.text)
                  20010f7c    00000038     simplelink.a : socket.obj (.text:sl_Htonl)
                  20010fb4    00000036     driverlib.a : gpio.obj (.text:GPIODirModeSet)
                  20010fea    00000034                 : camera.obj (.text:CameraParamsConfig)
                  2001101e    00000002     --HOLE-- [fill = 0]
                  20011020    00000034                 : prcm.obj (.text:PRCMPeripheralStatusGet)
                  20011054    00000034                 : spi.obj (.text:SPIFIFOLevelSet)
                  20011088    00000034     simplelink.a : driver.obj (.text:_SlDrvBasicCmd)
                  200110bc    00000034     rtsv7M4_T_le_eabi.lib : boot.obj (.text)
                  200110f0    00000034                           : fs_tou_t2.obj (.text)
                  20011124    00000034                           : strstr.obj (.text)
                  20011158    00000034     simplelink.a : socket.obj (.text:sl_Htons)
                  2001118c    00000030                  : cc_pal.obj (.text:NwpPowerOn)
                  200111bc    00000030     driverlib.a : pin.obj (.text:PinTypeGPIO)
                  200111ec    00000030                 : uart.obj (.text:UARTDisable)
                  2001121c    00000030     rtsv7M4_T_le_eabi.lib : strncpy.obj (.text)
                  2001124c    00000030     simplelink.a : socket.obj (.text:sl_Socket)
                  2001127c    0000002e     rtsv7M4_T_le_eabi.lib : i_tofd_t2.obj (.text)
                  200112aa    00000002     --HOLE-- [fill = 0]
                  200112ac    0000002c     driverlib.a : camera.obj (.text:CameraIntEnable)
                  200112d8    0000002c     simplelink.a : cc_pal.obj (.text:DmaSpiSwIntHandler)
                  20011304    0000002c     driverlib.a : i2c.obj (.text:I2CMasterErr)
                  20011330    0000002c                 : prcm.obj (.text:PRCMSysResetCauseGet)
                  2001135c    0000002c     simplelink.a : flowcont.obj (.text:_SlDrvFlowContDeinit)
                  20011388    0000002c                  : flowcont.obj (.text:_SlDrvFlowContInit)
                  200113b4    0000002a     driverlib.a : timer.obj (.text:TimerLoadSet)
                  200113de    0000002a                 : timer.obj (.text:TimerPrescaleSet)
                  20011408    00000028                 : camera.obj (.text:CameraIntStatus)
                  20011430    00000028                 : prcm.obj (.text:PRCMPeripheralClkDisable)
                  20011458    00000028     simplelink.a : socket.obj (.text:_sl_BuildAddress)
                  20011480    00000028     rtsv7M4_T_le_eabi.lib : strncat.obj (.text)
                  200114a8    00000028     simplelink.a : wlan.obj (.text:sl_WlanSetMode)
                  200114d0    00000026     driverlib.a : camera.obj (.text:CameraThresholdSet)
                  200114f6    00000026     rtsv7M4_T_le_eabi.lib : strncmp.obj (.text)
                  2001151c    00000024     driverlib.a : camera.obj (.text:CameraIntClear)
                  20011540    00000024                 : interrupt.obj (.text:IntUnregister)
                  20011564    00000024                 : uart.obj (.text:UARTEnable)
                  20011588    00000024     rtsv7M4_T_le_eabi.lib : memmov.obj (.text)
                  200115ac    00000024                           : u_tofs_t2.obj (.text)
                  200115d0    00000024     simplelink.a : socket.obj (.text:sl_Close)
                  200115f4    00000024                  : netapp.obj (.text:sl_NetAppStart)
                  20011618    00000024                  : netapp.obj (.text:sl_NetAppStop)
                  2001163c    00000024                  : wlan.obj (.text:sl_WlanProfileDel)
                  20011660    00000022     driverlib.a : camera.obj (.text:CameraCaptureStart)
                  20011682    00000022                 : i2c.obj (.text:I2CMasterSlaveAddrSet)
                  200116a4    00000022     simplelink.a : cc_pal.obj (.text:NwpRegisterInterruptHandler)
                  200116c6    00000022     driverlib.a : spi.obj (.text:SPIReset)
                  200116e8    00000022                 : spi.obj (.text:SPIWordCountSet)
                  2001170a    00000022     rtsv7M4_T_le_eabi.lib : memcmp.obj (.text)
                  2001172c    00000020     driverlib.a : interrupt.obj (.text:IntRegister)
                  2001174c    00000020     simplelink.a : driver.obj (.text:_SlDrvCmdSend)
                  2001176c    00000020     rtsv7M4_T_le_eabi.lib : u_tofd_t2.obj (.text)
                  2001178c    0000001e     driverlib.a : i2c.obj (.text:I2CMasterIntStatusEx)
                  200117aa    0000001e                 : timer.obj (.text:TimerDisable)
                  200117c8    0000001e                 : timer.obj (.text:TimerEnable)
                  200117e6    0000001e                 : timer.obj (.text:TimerIntStatus)
                  20011804    0000001e                 : uart.obj (.text:UARTCharPut)
                  20011822    0000001c                 : pin.obj (.text:PinTypeI2C)
                  2001183e    0000001c                 : timer.obj (.text:TimerValueGet)
                  2001185a    00000002     --HOLE-- [fill = 0]
                  2001185c    0000001c     simplelink.a : driver.obj (.text:_SlDrvObjDeInit)
                  20011878    0000001c     rtsv7M4_T_le_eabi.lib : memccpy.obj (.text)
                  20011894    0000001c     driverlib.a : udma.obj (.text:uDMAChannelDisable)
                  200118b0    0000001c                 : udma.obj (.text:uDMAChannelEnable)
                  200118cc    0000001a     simplelink.a : netapp.obj (.text:CopyPingResultsToReport)
                  200118e6    0000001a     driverlib.a : pin.obj (.text:PinTypeCamera)
                  20011900    0000001a                 : pin.obj (.text:PinTypeUART)
                  2001191a    0000001a                 : spi.obj (.text:SPIDmaDisable)
                  20011934    0000001a                 : spi.obj (.text:SPIDmaEnable)
                  2001194e    0000001a                 : spi.obj (.text:SPIFIFODisable)
                  20011968    0000001a                 : spi.obj (.text:SPIFIFOEnable)
                  20011982    0000001a     simplelink.a : device.obj (.text:_SlDrvDeviceEventHandler)
                  2001199c    00000018     driverlib.a : camera.obj (.text:CameraReset)
                  200119b4    00000018                 : spi.obj (.text:SPICSDisable)
                  200119cc    00000018                 : spi.obj (.text:SPICSEnable)
                  200119e4    00000018                 : spi.obj (.text:SPIDisable)
                  200119fc    00000018                 : spi.obj (.text:SPIEnable)
                  20011a14    00000018                 : timer.obj (.text:TimerIntDisable)
                  20011a2c    00000018                 : timer.obj (.text:TimerIntEnable)
                  20011a44    00000018     rtsv7M4_T_le_eabi.lib : args_main.obj (.text)
                  20011a5c    00000018                           : ll_mul_t2.obj (.text)
                  20011a74    00000016     driverlib.a : camera.obj (.text:CameraDMAEnable)
                  20011a8a    00000016                 : camera.obj (.text:CameraIntRegister)
                  20011aa0    00000016                 : i2c.obj (.text:I2CMasterDataPut)
                  20011ab6    00000016                 : i2c.obj (.text:I2CMasterEnable)
                  20011acc    00000016                 : prcm.obj (.text:PRCMHIBRegRead)
                  20011ae2    00000016                 : prcm.obj (.text:PRCMHIBRegWrite)
                  20011af8    00000016                 : uart.obj (.text:UARTCharGet)
                  20011b0e    00000016     simplelink.a : fs.obj (.text:_sl_Strlen)
                  20011b24    00000016     driverlib.a : udma.obj (.text:uDMAIntRegister)
                  20011b3a    00000014                 : cpu.obj (.text:CPUcpsie)
                  20011b4e    00000002     --HOLE-- [fill = 0]
                  20011b50    00000014                 : interrupt.obj (.text:IntVTableBaseSet)
                  20011b64    00000014     simplelink.a : driver.obj (.text:_SlDrvShiftDWord)
                  20011b78    00000014     rtsv7M4_T_le_eabi.lib : _lock.obj (.text)
                  20011b8c    00000014                           : strlen.obj (.text)
                  20011ba0    00000014     driverlib.a : udma.obj (.text:uDMAControlBaseSet)
                  20011bb4    00000014                 : udma.obj (.text:uDMAIntClear)
                  20011bc8    00000012                 : i2c.obj (.text:I2CMasterControl)
                  20011bda    00000012                 : i2c.obj (.text:I2CMasterIntClearEx)
                  20011bec    00000012                 : i2c.obj (.text:I2CMasterTimeoutSet)
                  20011bfe    00000012                 : timer.obj (.text:TimerIntClear)
                  20011c10    00000012     rtsv7M4_T_le_eabi.lib : copy_zero_init.obj (.text:decompress:ZI)
                  20011c22    00000012     simplelink.a : netapp.obj (.text:sl_NetAppMDNSUnRegisterService)
                  20011c34    00000012     driverlib.a : udma.obj (.text:uDMAIntUnregister)
                  20011c46    00000002     --HOLE-- [fill = 0]
                  20011c48    00000010     simplelink.a : cc_pal.obj (.text:NwpMaskInterrupt)
                  20011c58    00000010                  : socket.obj (.text:SL_FD_SET)
                  20011c68    0000000e     driverlib.a : i2c.obj (.text:I2CMasterDataGet)
                  20011c76    0000000e     rtsv7M4_T_le_eabi.lib : copy_decompress_none.obj (.text:decompress:none)
                  20011c84    0000000e                           : xdclass.obj (.text)
                  20011c92    0000000e     startup_ccs.obj (.text)
                  20011ca0    0000000c     simplelink.a : cc_pal.obj (.text:NwpUnMaskInterrupt)
                  20011cac    0000000c     driverlib.a : udma.obj (.text:uDMADisable)
                  20011cb8    0000000c                 : udma.obj (.text:uDMAEnable)
                  20011cc4    0000000c                 : udma.obj (.text:uDMAIntStatus)
                  20011cd0    0000000a                 : interrupt.obj (.text:IntMasterEnable)
                  20011cda    00000008     simplelink.a : wlan.obj (.text:sl_WlanDisconnect)
                  20011ce2    00000006     i2cconfig.obj (.text:MT9D111Delay)
                  20011ce8    00000006     simplelink.a : socket.obj (.text:SL_FD_ZERO)
                  20011cee    00000006     driverlib.a : utils.obj (.text:UtilsDelay)
                  20011cf4    00000006     rtsv7M4_T_le_eabi.lib : copy_decompress_rle.obj (.text:decompress:rle24)

.const     0    20011cfc    00000aa5     
                  20011cfc    0000013c     mt9d111.obj (.const:init_cmds_list)
                  20011e38    00000102     rtsv7M4_T_le_eabi.lib : ctype.obj (.const:.string:_ctypes_)
                  20011f3a    00000002     --HOLE-- [fill = 0]
                  20011f3c    00000100     driverlib.a : pin.obj (.const:g_ulPinToPadMap)
                  2001203c    000000ec     simplelink.a : wlan.obj (.const)
                  20012128    000000d4     driverlib.a : interrupt.obj (.const:g_pulRegs)
                  200121fc    000000b4     mt9d111.obj (.const:capture_cmds_list)
                  200122b0    000000b4     mt9d111.obj (.const)
                  20012364    000000a8     driverlib.a : prcm.obj (.const:PRCM_PeriphRegsList)
                  2001240c    00000080                 : interrupt.obj (.const)
                  2001248c    00000051     network_relater_fns.obj (.const:.string)
                  200124dd    00000001     --HOLE-- [fill = 0]
                  200124de    0000004c     mt9d111.obj (.const:$P$T3$4)
                  2001252a    00000002     --HOLE-- [fill = 0]
                  2001252c    0000004c     simplelink.a : driver.obj (.const)
                  20012578    00000042     mt9d111.obj (.const:.string)
                  200125ba    00000002     --HOLE-- [fill = 0]
                  200125bc    00000038     simplelink.a : fs.obj (.const)
                  200125f4    00000034                  : socket.obj (.const)
                  20012628    0000002c     cc3200_utils.obj (.const:$P$T0$1)
                  20012654    0000002c     network_relater_fns.obj (.const:$P$T1$2)
                  20012680    0000002b     parse_uploads.obj (.const:.string)
                  200126ab    00000001     --HOLE-- [fill = 0]
                  200126ac    00000028     simplelink.a : netapp.obj (.const)
                  200126d4    00000022     network_relater_fns.obj (.const:.string:$P$T0$1)
                  200126f6    00000002     --HOLE-- [fill = 0]
                  200126f8    00000020     network_relater_fns.obj (.const)
                  20012718    00000018     driverlib.a : spi.obj (.const)
                  20012730    00000017     request.obj (.const:.string)
                  20012747    00000016     camera_app.obj (.const:.string)
                  2001275d    00000016     collect_and_txit.obj (.const:.string)
                  20012773    00000001     --HOLE-- [fill = 0]
                  20012774    00000014     simplelink.a : device.obj (.const)
                  20012788    0000000b     app_common.obj (.const:.string)
                  20012793    00000001     --HOLE-- [fill = 0]
                  20012794    00000008     simplelink.a : netcfg.obj (.const)
                  2001279c    00000005     main.obj (.const:.string)

.cinit     0    200127a8    00000ad8     
                  200127a8    00000ab1     (.cinit..data.load) [load image, compression = rle]
                  20013259    00000003     --HOLE-- [fill = 0]
                  2001325c    0000000c     (__TI_handler_table)
                  20013268    00000008     (.cinit..bss.load) [load image, compression = zero_init]
                  20013270    00000010     (__TI_cinit_table)

.bss       0    20018000    00014721     UNINITIALIZED
                  20018000    00014000     main.obj (.bss:g_image_buffer)
                  2002c000    00000400     udma_if.obj (.bss:gpCtlTbl)
                  2002c400    00000100     udma_if.obj (.bss:gfpAppCallbackHndl)
                  2002c500    000000c8     free_rtos.a : tasks.obj (.bss:pxReadyTasksLists)
                  2002c5c8    00000050                 : queue.obj (.bss:xQueueRegistry)
                  2002c618    00000034     cc3200_client_state.obj (.bss:clientStateFileName)
                  2002c64c    00000024     network_relater_fns.obj (.bss:g_ucConnectionSSID)
                  2002c670    00000014     (.common:g_flag_blockFull)
                  2002c684    00000014     (.common:xDelayedTaskList1)
                  2002c698    00000014     (.common:xDelayedTaskList2)
                  2002c6ac    00000014     (.common:xPendingReadyList)
                  2002c6c0    00000014     (.common:xSuspendedTaskList)
                  2002c6d4    00000014     (.common:xTasksWaitingTermination)
                  2002c6e8    00000008     (.common:g_ucConnectionBSSID)
                  2002c6f0    00000004     (.common:__Errorlog)
                  2002c6f4    00000004     (.common:dataBuffer)
                  2002c6f8    00000004     (.common:g_block_lastFilled)
                  2002c6fc    00000004     (.common:g_frame_size_in_bytes)
                  2002c700    00000004     (.common:g_header_length)
                  2002c704    00000004     (.common:g_position_in_block)
                  2002c708    00000004     (.common:g_readHeader)
                  2002c70c    00000004     (.common:g_total_dma_intrpts)
                  2002c710    00000004     (.common:pxDelayedTaskList)
                  2002c714    00000004     (.common:pxOverflowDelayedTaskList)
                  2002c718    00000004     (.common:v_TimerOverflows)
                  2002c71c    00000001     (.common:g_CaptureImage)
                  2002c71d    00000001     (.common:g_dma_txn_done)
                  2002c71e    00000001     (.common:g_flag_DataBlockFilled)
                  2002c71f    00000001     (.common:g_frame_end)
                  2002c720    00000001     (.common:iDone)

.sysmem    0    2002c728    00004000     UNINITIALIZED
                  2002c728    00000008     rtsv7M4_T_le_eabi.lib : memory.obj (.sysmem)
                  2002c730    00003ff8     --HOLE--


LINKER GENERATED COPY TABLES

__TI_cinit_table @ 20013270 records: 2, size/record: 8, table size: 16
	.data: load addr=200127a8, load size=00000ab1 bytes, run addr=20000000, run size=00001158 bytes, compression=rle
	.bss: load addr=20013268, load size=00000008 bytes, run addr=20018000, run size=00014721 bytes, compression=zero_init


LINKER GENERATED HANDLER TABLE

__TI_handler_table @ 2001325c records: 3, size/record: 4, table size: 12
	index: 0, handler: __TI_decompress_rle24
	index: 1, handler: __TI_decompress_none
	index: 2, handler: __TI_zero_init


GLOBAL SYMBOLS: SORTED ALPHABETICALLY BY Name 

address    name
--------   ----
20009695   AnalogGainReg_Read
20010ae5   C$$EXIT
200095fd   CCMRegs_Read
20011b3b   CPUcpsie
200069f7   CamControllerInit
20011661   CameraCaptureStart
20010e61   CameraCaptureStop
20011a75   CameraDMAEnable
2001151d   CameraIntClear
200112ad   CameraIntEnable
20011a8b   CameraIntRegister
20011409   CameraIntStatus
20010feb   CameraParamsConfig
2001199d   CameraReset
20009229   CameraSensorInit
200114d1   CameraThresholdSet
20010e9b   CameraXClkConfig
20006519   CaptureAndStore_Image
2000c515   ClearTerm
2000e409   CollectTxit_ImgTempRH
20007469   ConfigureMode
200071c9   ConfigureSimpleLinkToDefaultState
200074a5   ConnectToNetwork
2000760d   ConnectToNetwork_2
200076cf   ConnectToNetwork_STA
200076b3   ConnectToNetwork_STA_2
2000be33   ConstructDeviceStateObject
200118cd   CopyPingResultsToReport
20000f5c   DMAMsgQ
2000ccdd   DMASetupTransfer
20001148   DigiCertHighAssuranceEVRootCA_der_len
2000962d   DigitalGainRegs_Read
2000cba7   DmaErrorIntHandler
200112d9   DmaSpiSwIntHandler
2000cb95   DmaSwIntHandler
2000c51b   Error
20010fb5   GPIODirModeSet
2000c54f   GetCmd
2000e621   GetTimeDuration
2000ced3   I2CBufferRead
2000cf7b   I2CBufferWrite
2000ceb5   I2CInit
20011bc9   I2CMasterControl
20011c69   I2CMasterDataGet
20011aa1   I2CMasterDataPut
20011ab7   I2CMasterEnable
20011305   I2CMasterErr
2000f6d1   I2CMasterInitExpClk
20011bdb   I2CMasterIntClearEx
2001178d   I2CMasterIntStatusEx
20011683   I2CMasterSlaveAddrSet
20011bed   I2CMasterTimeoutSet
2000ce9f   I2C_IF_Close
2000ce75   I2C_IF_Open
2000cded   I2C_IF_Read
2000ce55   I2C_IF_ReadFrom
2000cd8b   I2C_IF_Write
2000c4dd   InitTerm
2000bd85   InitialiseParse
200071a1   InitializeAppVariables
2000e5cb   InitializeTimer
2000ec65   IntDisable
2000ed0d   IntEnable
20011cd1   IntMasterEnable
200103a1   IntPendClear
20010501   IntPrioritySet
2001172d   IntRegister
20011541   IntUnregister
20011b51   IntVTableBaseSet
20009705   JPEGDataLength_read
20000000   JPEG_StdHuffmanTbl
20000fb4   JPEG_StdQuantTblC
20000ff4   JPEG_StdQuantTblY
200095cf   JpegConfigReg_Read
20011ce3   MT9D111Delay
2000b41d   Main_Task
2000c4fb   Message
20011c49   NwpMaskInterrupt
20010d35   NwpPowerOff
2001118d   NwpPowerOn
2000f7d9   NwpPowerOnPreamble
200116a5   NwpRegisterInterruptHandler
20011ca1   NwpUnMaskInterrupt
200096cd   PCLK_Rate_read
2000d555   PRCMCC3200MCUInit
20011acd   PRCMHIBRegRead
20011ae3   PRCMHIBRegWrite
20011431   PRCMPeripheralClkDisable
20010d71   PRCMPeripheralClkEnable
2000f0c9   PRCMPeripheralClockGet
200103f9   PRCMPeripheralReset
20011021   PRCMPeripheralStatusGet
20011331   PRCMSysResetCauseGet
2000f42d   PinConfigSet
20010bf5   PinModeSet
2000eb03   PinMuxConfig
200118e7   PinTypeCamera
200111bd   PinTypeGPIO
20011823   PinTypeI2C
20011901   PinTypeUART
2000941f   ReadAllAEnAWBRegs
2000978f   ReadMCUBootModeReg
200093dd   RegStatusRead
2000c5f9   Report
20011c93   ResetISR
20009761   ResetImageSensorMCU
UNDEFED    SHT$$INIT_ARRAY$$Base
UNDEFED    SHT$$INIT_ARRAY$$Limit
20011c59   SL_FD_SET
20011ce9   SL_FD_ZERO
200119b5   SPICSDisable
200119cd   SPICSEnable
2000ee5d   SPIConfigSetExpClk
200119e5   SPIDisable
2001191b   SPIDmaDisable
20011935   SPIDmaEnable
200119fd   SPIEnable
2001194f   SPIFIFODisable
20011969   SPIFIFOEnable
20011055   SPIFIFOLevelSet
200108b1   SPIIntClear
200106a1   SPIIntEnable
200116c7   SPIReset
200116e9   SPIWordCountSet
2000cc25   SetupTransfer
2000965d   ShutterRegs_Read
20007a61   SimpleLinkHttpServerCallback
20007965   SimpleLinkNetAppEventHandler
20007a09   SimpleLinkSockEventHandler
20007881   SimpleLinkWlanEventHandler
200097a9   SoftReset_ImageSensor
20009231   StartSensorInJpegMode
2000e5f7   StartTimer
2000e613   StopTimer
2000e5b9   TimerBaseIntHandler
20010a5d   TimerConfigure
200117ab   TimerDisable
200117c9   TimerEnable
20011bff   TimerIntClear
20011a15   TimerIntDisable
20011a2d   TimerIntEnable
2000fe09   TimerIntRegister
200117e7   TimerIntStatus
2000ff59   TimerIntUnregister
200113b5   TimerLoadSet
200113df   TimerPrescaleSet
2001183f   TimerValueGet
2000ee39   Timer_IF_DeInit
2000ee51   Timer_IF_GetCount
2000edb5   Timer_IF_Init
2000eddf   Timer_IF_IntSetup
2000ee11   Timer_IF_InterruptClear
200113b5   Timer_IF_ReLoad
2000ee25   Timer_IF_Start
200117ab   Timer_IF_Stop
2000c5af   TrimSpace
20011af9   UARTCharGet
20011805   UARTCharPut
2000fc35   UARTConfigSetExpClk
200111ed   UARTDisable
20011565   UARTEnable
2000cbfd   UDMAChannelSelect
2000ccc9   UDMADeInit
2000cbb3   UDMAInit
2000cc5b   UDMASetupAutoMemTransfer
2000cc7f   UDMASetupPingPongTransfer
20011895   UDMAStopTransfer
2000bd9b   UploadImageToParse
2000bdd1   UploadSensorDataToParse
20011cef   UtilsDelay
2000a7c1   VDeleteSimpleLinkSpawnTask
2000a771   VStartSimpleLinkSpawnTask
200097fb   Variable_Read
200097d1   Verify_ImageSensor
20009403   WriteAllAEnAWBRegs
20011c85   _Dclass
20010b29   _Dtest
20012614   _SlAcceptCmdCtrl
20012540   _SlActionLookupTable
2000b0c9   _SlAsyncEventGenericHandler
20012780   _SlDeviceGetCmdCtrl
20012784   _SlDeviceSetCmdCtrl
20011089   _SlDrvBasicCmd
2000f15d   _SlDrvClassifyRxMsg
2000f755   _SlDrvCmdOp
2001174d   _SlDrvCmdSend
2000d025   _SlDrvDataReadOp
2000d7b9   _SlDrvDataWriteOp
20011983   _SlDrvDeviceEventHandler
20010451   _SlDrvDriverCBDeinit
2000f8d9   _SlDrvDriverCBInit
2001135d   _SlDrvFlowContDeinit
20011389   _SlDrvFlowContInit
2000ad21   _SlDrvMsgRead
2000e99d   _SlDrvMsgReadCmdCtx
2000f285   _SlDrvMsgReadSpawnCtx
2000da11   _SlDrvMsgWrite
2000ea51   _SlDrvNetAppEventHandler
2001185d   _SlDrvObjDeInit
20010dad   _SlDrvObjInit
2000de49   _SlDrvReleasePoolObj
2000d2dd   _SlDrvRxHdrRead
20010c35   _SlDrvRxIrqHandler
20011b65   _SlDrvShiftDWord
2000dc35   _SlDrvWaitForPoolObj
2001277c   _SlEventMaskGetCmdCtrl
20012778   _SlEventMaskSetCmdCtrl
2000ef99   _SlFindAndSetActiveObj
200125c0   _SlFsCloseCmdCtrl
200125d0   _SlFsDeleteCmdCtrl
200125cc   _SlFsGetInfoCmdCtrl
200125bc   _SlFsOpenCmdCtrl
200125c4   _SlFsReadCmdCtrl
200125c8   _SlFsWriteCmdCtrl
200126c4   _SlGetHostByNameCtrl
200126c0   _SlGetHostByServiceCtrl
200126b8   _SlGetServiceListeCtrl
20012620   _SlGetSockOptCmdCtrl
20012610   _SlListenCmdCtrl
200126d0   _SlNetAppGetCmdCtrl
200126cc   _SlNetAppSendTokenValueCmdCtrl
200126c8   _SlNetAppSetCmdCtrl
200126b0   _SlNetAppStartCtrl
200126b4   _SlNetAppStopCtrl
20012798   _SlNetCfgGetCmdCtrl
20012794   _SlNetCfgSetCmdCtrl
20012044   _SlPolicyGetCmdCtrl
20012040   _SlPolicySetCmdCtrl
2001204c   _SlProfileDelCmdCtrl
20012048   _SlProfileGetCmdCtrl
20012618   _SlRecvCmdCtrl
20012608   _SlRecvfomCmdCtrl
200126bc   _SlRegisterServiceCtrl
20010c75   _SlRemoveFromList
20012054   _SlRxFilterAddtCmdCtrl
2001205c   _SlRxFilterGetCmdCtrl
20012058   _SlRxFilterSetCmdCtrl
20012624   _SlSelectCmdCtrl
2001260c   _SlSendCmdCtrl
2001261c   _SlSetSockOptCmdCtrl
20012060   _SlSmartConfigStartCmdCtrl
20012604   _SlSockCloseCmdCtrl
20012600   _SlSockSocketCmdCtrl
20012774   _SlStopCmdCtrl
2001206c   _SlWlanCfgGetCmdCtrl
20012068   _SlWlanCfgSetCmdCtrl
20012050   _SlWlanGetNetworkListCtrl
20012064   _SlWlanSetModeCmdCtrl
20004000   __STACK_END
00001000   __STACK_SIZE
00004000   __SYSMEM_SIZE
20013270   __TI_CINIT_Base
20013280   __TI_CINIT_Limit
2001325c   __TI_Handler_Table_Base
20013268   __TI_Handler_Table_Limit
00000001   __TI_args_main
2000f1f1   __TI_auto_init
20001138   __TI_cleanup_ptr
20011c77   __TI_decompress_none
20011cf5   __TI_decompress_rle24
2000113c   __TI_dtors_ptr
2000620f   __TI_printfi
200127a8   __TI_static_base__
20011c11   __TI_zero_init
2000f5c5   __aeabi_cdcmpeq
2000f5c5   __aeabi_cdcmple
2000f64b   __aeabi_cdrcmple
20010867   __aeabi_d2f
200108f9   __aeabi_d2iz
2000c69f   __aeabi_dadd
2000d41d   __aeabi_ddiv
2000e04b   __aeabi_dmul
2000c695   __aeabi_dsub
20010f0d   __aeabi_f2d
20010f45   __aeabi_f2iz
200110f1   __aeabi_f2uiz
2000fac9   __aeabi_fmul
2001127d   __aeabi_i2d
20011a5d   __aeabi_lmul
2000fbbd   __aeabi_memclr
2000fbbd   __aeabi_memclr4
2000fbbd   __aeabi_memclr8
2000eefd   __aeabi_memcpy
2000eefd   __aeabi_memcpy4
2000eefd   __aeabi_memcpy8
2000fbbf   __aeabi_memset
2000fbbf   __aeabi_memset4
2000fbbf   __aeabi_memset8
2001176d   __aeabi_ui2d
200115ad   __aeabi_ui2f
2000c2e9   __aeabi_uldivmod
ffffffff   __binit__
ffffffff   __c_args__
20003000   __stack
20011a45   _args_main
200110bd   _c_int00
20011e38   _ctypes_
20001130   _lock
20011b87   _nop
20011b7f   _register_lock
20011b79   _register_unlock
20011459   _sl_BuildAddress
200100f9   _sl_GetCreateFsMode
2001081d   _sl_GetStartResponseConvert
2001015d   _sl_HandleAsync_Accept
2000ffc1   _sl_HandleAsync_Connect
2000f955   _sl_HandleAsync_DnsGetHostByName
20010029   _sl_HandleAsync_DnsGetHostByService
2000fcad   _sl_HandleAsync_InitComplete
2000fe79   _sl_HandleAsync_PingResponse
200104a9   _sl_HandleAsync_Select
20010555   _sl_HandleAsync_Stop
20011b0f   _sl_Strlen
2000fee9   _sl_TruncatePayloadByProtocol
2002c728   _sys_memory
20001134   _unlock
20010ae9   abort
2000d203   addHttpRequestHeader
2000d22b   addHttpRequestHeaderInt
2000d189   addHttpRequestLine
200106ed   atoi
2000d1c7   beginHttpGetRequest
2000d1bb   beginHttpRequest
ffffffff   binit
200088fd   buildRequestHeaders
2000ace9   calloc
2002c618   clientStateFileName
200010fc   cnt
20010aa1   copy_in
2000a187   createInstallation
20009ba9   createNewInstallationId
2002c6f4   dataBuffer
20001100   dataBufferSize
2000f859   debugPrint
2000f873   debugPrintf
2000955d   disableAE
200094d3   disableAWB
20004691   eTaskGetState
20009519   enableAE
20009495   enableAWB
2000c84d   ensureCertificateFile
20010af1   exit
20009b43   fetchDeviceOSVersion
2000bcf7   findSecondJson
2000aa43   free
20000dd0   gFirstCmdMode
2002c71c   g_CaptureImage
20012538   g_H2NCnysPattern
20012530   g_H2NSyncPattern
20000f50   g_SpiFd
20000dd8   g_StatMem
2002c6f8   g_block_lastFilled
20000f60   g_cDummy
20012730   g_deviceClientVersion
2002c71e   g_flag_DataBlockFilled
2002c670   g_flag_blockFull
2002c71f   g_frame_end
2002c6fc   g_frame_size_in_bytes
20000600   g_header
2002c700   g_header_length
20018000   g_image_buffer
200010d4   g_osVersion
20000dd4   g_pCB
20000f54   g_pHostIntHdl
20004000   g_pfnVectors
2002c704   g_position_in_block
2002c708   g_readHeader
2002c6e8   g_ucConnectionBSSID
2002c64c   g_ucConnectionSSID
20000f58   g_ucDMAEnabled
20000f64   g_ucDinDout
20001118   g_uiSimplelinkRole
20001114   g_ulGatewayIP
2000112c   g_ulPingPacketsRecv
20001110   g_ulStatus
2000d265   getHttpResponseBody
2000d23b   getHttpResponseStatus
2000a1d5   getInstallation
2000dfe9   getInternalClient
2000bd29   getPushJson
2002c400   gfpAppCallbackHndl
2002c000   gpCtlTbl
20008b55   headerSend
2002c720   iDone
2000775d   initNetwork
20010651   intToASCII
2000bd0f   isCompleteJson
20009ae3   isPingTime
2000c059   loadClientState
20010347   ltoa
2000b51d   main
20001154   main_func_sp
2000a9e1   malloc
2000a8c5   mem_Free
2000a8b9   mem_Malloc
2000a8e5   mem_copy
2000a8d1   mem_set
2000ac09   memalign
20011879   memccpy
2001170b   memcmp
2000eefd   memcpy
20011589   memmove
2000fbc5   memset
2000a955   minit
2000a93b   osi_ContextRestore
2000a939   osi_ContextSave
2000a8f9   osi_EnterCritical
2000a903   osi_ExitCritical
2000a51f   osi_InterruptDeRegister
2000a4f9   osi_InterruptRegister
2000a629   osi_LockObjCreate
2000a69d   osi_LockObjDelete
2000a6ad   osi_LockObjLock
2000a6d9   osi_LockObjUnlock
2000a7ed   osi_MsgQCreate
2000a831   osi_MsgQDelete
2000a87d   osi_MsgQRead
2000a84b   osi_MsgQWrite
2000a915   osi_Sleep
2000a703   osi_Spawn
2000a607   osi_SyncObjClear
2000a531   osi_SyncObjCreate
2000a561   osi_SyncObjDelete
2000a57b   osi_SyncObjSignal
2000a5a3   osi_SyncObjSignalFromISR
2000a5db   osi_SyncObjWait
2000a64f   osi_TaskCreate
2000a68f   osi_TaskDelete
2000a925   osi_TaskDisable
2000a92f   osi_TaskEnable
2000a90d   osi_start
20000dcc   pPingCallBackFunc
20009067   parseGetErrorCode
2000a2d7   parseGetInstallationId
2000df4d   parseInitialize
20009019   parseSendRequest
20008fbd   parseSendRequestInternal
2000a25b   parseSetInstallationId
20008c8d   payloadSend
20012788   pcDigits
20004bb5   pcTaskGetTaskName
2000e995   portCLZ
2000e97d   prvPortStartFirstTask
20010ed5   pvPortMalloc
20001074   pxCurrentTCB
2000db25   pxPortInitialiseStack
2001074f   rand
2000ab03   realloc
2000bdf9   retreiveImageIDfromHTTPResponse
2000c101   saveClientState
20008eab   sendRequest
200088ed   setDataBufferPointer
2000ba71   simpleJsonProcessor
200115d1   sl_Close
2000e239   sl_Connect
2000f9d1   sl_DevGet
20010941   sl_DevSet
2000fa4d   sl_FsClose
20010989   sl_FsDel
20010091   sl_FsGetInfo
200105a9   sl_FsOpen
2000f315   sl_FsRead
2000f3a1   sl_FsWrite
20010f7d   sl_Htonl
20011159   sl_Htons
2000e4e1   sl_NetAppDnsGetHostByName
2000f53d   sl_NetAppMDNSRegisterUnregisterService
20011c23   sl_NetAppMDNSUnRegisterService
200105fd   sl_NetAppSendTokenValue
200115f5   sl_NetAppStart
20011619   sl_NetAppStop
20010b6d   sl_NetCfgSet
20010bb1   sl_Recv
2000dd41   sl_Select
2000ebb5   sl_Send
20010785   sl_SetSockOpt
2001124d   sl_Socket
2000e821   sl_Start
2000e75d   sl_Stop
2000c9f9   sl_WlanConnect
20011cdb   sl_WlanDisconnect
2000fd21   sl_WlanGet
20010cb5   sl_WlanPolicySet
2001163d   sl_WlanProfileDel
20010cf5   sl_WlanRxFilterSet
200109d1   sl_WlanSet
200114a9   sl_WlanSetMode
2000f031   snprintf
200115d1   socketClose
2000b8c3   socketRead
2000b7a1   socketSslConnect
2000b755   socketWait
2000b93f   socketWrite
2000fd95   spi_Close
2000d689   spi_Open
2000e691   spi_Read
2000e321   spi_Write
20010289   sprintf
20010739   srand
200010fa   sshPort
20011b8d   strlen
20010de9   strncasecmp
20011481   strncat
200114f7   strncmp
2001121d   strncpy
20011125   strstr
200107d1   uDMAChannelAssign
200101c1   uDMAChannelAttributeDisable
20010225   uDMAChannelAttributeEnable
20010e25   uDMAChannelControlSet
20011895   uDMAChannelDisable
200118b1   uDMAChannelEnable
2000e149   uDMAChannelTransferSet
20011ba1   uDMAControlBaseSet
20011cad   uDMADisable
20011cb9   uDMAEnable
20011bb5   uDMAIntClear
20011b25   uDMAIntRegister
20011cc5   uDMAIntStatus
20011c35   uDMAIntUnregister
20008549   ucQueueGetQueueType
2000e8e5   ulPortSetInterruptMask
20009b3d   updateLastPingTime
2000d9c7   uxListRemove
20008529   uxQueueGetQueueNumber
200084bd   uxQueueMessagesWaiting
200084f3   uxQueueMessagesWaitingFromISR
200084d3   uxQueueSpacesAvailable
20004ba9   uxTaskGetNumberOfTasks
20004bd9   uxTaskGetSystemState
200050c9   uxTaskGetTaskNumber
20004725   uxTaskPriorityGet
20005621   uxTaskResetEventItemValue
2000b417   vApplicationIdleHook
2000b419   vApplicationMallocFailedHook
2000b41b   vApplicationStackOverflowHook
2000b415   vAssertCalled
2000d8e5   vListInitialise
2000d915   vListInitialiseItem
2000d961   vListInsert
2000d925   vListInsertEnd
2000e8fb   vPortClearInterruptMask
2000dba1   vPortEndScheduler
2000dbb5   vPortEnterCritical
2000dbcd   vPortExitCritical
20010ef5   vPortFree
2000e955   vPortSVCHandler
2000dc01   vPortSetupTimerInterrupt
2000dba3   vPortYield
20008763   vQueueAddToRegistry
20008505   vQueueDelete
20008537   vQueueSetQueueNumber
200087a5   vQueueUnregisterQueue
2000463b   vTaskDelay
2000459f   vTaskDelayUntil
2000450f   vTaskDelete
20004a8d   vTaskEndScheduler
200050bb   vTaskMissedYield
20004e51   vTaskPlaceOnEventList
20004eb5   vTaskPlaceOnUnorderedEventList
20005597   vTaskPriorityDisinherit
200054dd   vTaskPriorityInherit
2000475d   vTaskPrioritySet
20004955   vTaskResume
200050e9   vTaskSetTaskNumber
2000501b   vTaskSetTimeOutState
20004a43   vTaskStartScheduler
20004861   vTaskSuspend
20004a9f   vTaskSuspendAll
20004dd1   vTaskSwitchContext
2002c718   v_TimerOverflows
2000f4b5   vsnprintf
20001104   xHigherPriorityTaskWoken
2000e909   xPortPendSVHandler
2000db75   xPortStartScheduler
2000dbe5   xPortSysTickHandler
200087f3   xQueueAddToSet
20008125   xQueueAltGenericReceive
20008079   xQueueAltGenericSend
20007f4d   xQueueCreateCountingSemaphore
20007ecf   xQueueCreateMutex
200087df   xQueueCreateSet
20007e59   xQueueGenericCreate
200082bf   xQueueGenericReceive
20007dc9   xQueueGenericReset
20007f6d   xQueueGenericSend
20008223   xQueueGenericSendFromISR
200086ff   xQueueIsQueueEmptyFromISR
20008741   xQueueIsQueueFullFromISR
20008479   xQueuePeekFromISR
20008401   xQueueReceiveFromISR
2002c5c8   xQueueRegistry
20008827   xQueueRemoveFromSet
20008869   xQueueSelectFromSet
20008883   xQueueSelectFromSetFromISR
20001108   xSimpleLinkSpawnQueue
2000110c   xSimpleLinkSpawnTaskHndl
20005041   xTaskCheckForTimeOut
20004401   xTaskGenericCreate
20005491   xTaskGetCurrentTaskHandle
20004c97   xTaskGetIdleTaskHandle
200054a5   xTaskGetSchedulerState
20004b7d   xTaskGetTickCount
20004b91   xTaskGetTickCountFromISR
20004cb5   xTaskIncrementTick
20004f25   xTaskRemoveFromEventList
20004fad   xTaskRemoveFromUnorderedEventList
20004ab1   xTaskResumeAll
200049c9   xTaskResumeFromISR


GLOBAL SYMBOLS: SORTED BY Symbol Address 

address    name
--------   ----
00000001   __TI_args_main
00001000   __STACK_SIZE
00004000   __SYSMEM_SIZE
20000000   JPEG_StdHuffmanTbl
20000600   g_header
20000dcc   pPingCallBackFunc
20000dd0   gFirstCmdMode
20000dd4   g_pCB
20000dd8   g_StatMem
20000f50   g_SpiFd
20000f54   g_pHostIntHdl
20000f58   g_ucDMAEnabled
20000f5c   DMAMsgQ
20000f60   g_cDummy
20000f64   g_ucDinDout
20000fb4   JPEG_StdQuantTblC
20000ff4   JPEG_StdQuantTblY
20001074   pxCurrentTCB
200010d4   g_osVersion
200010fa   sshPort
200010fc   cnt
20001100   dataBufferSize
20001104   xHigherPriorityTaskWoken
20001108   xSimpleLinkSpawnQueue
2000110c   xSimpleLinkSpawnTaskHndl
20001110   g_ulStatus
20001114   g_ulGatewayIP
20001118   g_uiSimplelinkRole
2000112c   g_ulPingPacketsRecv
20001130   _lock
20001134   _unlock
20001138   __TI_cleanup_ptr
2000113c   __TI_dtors_ptr
20001148   DigiCertHighAssuranceEVRootCA_der_len
20001154   main_func_sp
20003000   __stack
20004000   __STACK_END
20004000   g_pfnVectors
20004401   xTaskGenericCreate
2000450f   vTaskDelete
2000459f   vTaskDelayUntil
2000463b   vTaskDelay
20004691   eTaskGetState
20004725   uxTaskPriorityGet
2000475d   vTaskPrioritySet
20004861   vTaskSuspend
20004955   vTaskResume
200049c9   xTaskResumeFromISR
20004a43   vTaskStartScheduler
20004a8d   vTaskEndScheduler
20004a9f   vTaskSuspendAll
20004ab1   xTaskResumeAll
20004b7d   xTaskGetTickCount
20004b91   xTaskGetTickCountFromISR
20004ba9   uxTaskGetNumberOfTasks
20004bb5   pcTaskGetTaskName
20004bd9   uxTaskGetSystemState
20004c97   xTaskGetIdleTaskHandle
20004cb5   xTaskIncrementTick
20004dd1   vTaskSwitchContext
20004e51   vTaskPlaceOnEventList
20004eb5   vTaskPlaceOnUnorderedEventList
20004f25   xTaskRemoveFromEventList
20004fad   xTaskRemoveFromUnorderedEventList
2000501b   vTaskSetTimeOutState
20005041   xTaskCheckForTimeOut
200050bb   vTaskMissedYield
200050c9   uxTaskGetTaskNumber
200050e9   vTaskSetTaskNumber
20005491   xTaskGetCurrentTaskHandle
200054a5   xTaskGetSchedulerState
200054dd   vTaskPriorityInherit
20005597   vTaskPriorityDisinherit
20005621   uxTaskResetEventItemValue
2000620f   __TI_printfi
20006519   CaptureAndStore_Image
200069f7   CamControllerInit
200071a1   InitializeAppVariables
200071c9   ConfigureSimpleLinkToDefaultState
20007469   ConfigureMode
200074a5   ConnectToNetwork
2000760d   ConnectToNetwork_2
200076b3   ConnectToNetwork_STA_2
200076cf   ConnectToNetwork_STA
2000775d   initNetwork
20007881   SimpleLinkWlanEventHandler
20007965   SimpleLinkNetAppEventHandler
20007a09   SimpleLinkSockEventHandler
20007a61   SimpleLinkHttpServerCallback
20007dc9   xQueueGenericReset
20007e59   xQueueGenericCreate
20007ecf   xQueueCreateMutex
20007f4d   xQueueCreateCountingSemaphore
20007f6d   xQueueGenericSend
20008079   xQueueAltGenericSend
20008125   xQueueAltGenericReceive
20008223   xQueueGenericSendFromISR
200082bf   xQueueGenericReceive
20008401   xQueueReceiveFromISR
20008479   xQueuePeekFromISR
200084bd   uxQueueMessagesWaiting
200084d3   uxQueueSpacesAvailable
200084f3   uxQueueMessagesWaitingFromISR
20008505   vQueueDelete
20008529   uxQueueGetQueueNumber
20008537   vQueueSetQueueNumber
20008549   ucQueueGetQueueType
200086ff   xQueueIsQueueEmptyFromISR
20008741   xQueueIsQueueFullFromISR
20008763   vQueueAddToRegistry
200087a5   vQueueUnregisterQueue
200087df   xQueueCreateSet
200087f3   xQueueAddToSet
20008827   xQueueRemoveFromSet
20008869   xQueueSelectFromSet
20008883   xQueueSelectFromSetFromISR
200088ed   setDataBufferPointer
200088fd   buildRequestHeaders
20008b55   headerSend
20008c8d   payloadSend
20008eab   sendRequest
20008fbd   parseSendRequestInternal
20009019   parseSendRequest
20009067   parseGetErrorCode
20009229   CameraSensorInit
20009231   StartSensorInJpegMode
200093dd   RegStatusRead
20009403   WriteAllAEnAWBRegs
2000941f   ReadAllAEnAWBRegs
20009495   enableAWB
200094d3   disableAWB
20009519   enableAE
2000955d   disableAE
200095cf   JpegConfigReg_Read
200095fd   CCMRegs_Read
2000962d   DigitalGainRegs_Read
2000965d   ShutterRegs_Read
20009695   AnalogGainReg_Read
200096cd   PCLK_Rate_read
20009705   JPEGDataLength_read
20009761   ResetImageSensorMCU
2000978f   ReadMCUBootModeReg
200097a9   SoftReset_ImageSensor
200097d1   Verify_ImageSensor
200097fb   Variable_Read
20009ae3   isPingTime
20009b3d   updateLastPingTime
20009b43   fetchDeviceOSVersion
20009ba9   createNewInstallationId
2000a187   createInstallation
2000a1d5   getInstallation
2000a25b   parseSetInstallationId
2000a2d7   parseGetInstallationId
2000a4f9   osi_InterruptRegister
2000a51f   osi_InterruptDeRegister
2000a531   osi_SyncObjCreate
2000a561   osi_SyncObjDelete
2000a57b   osi_SyncObjSignal
2000a5a3   osi_SyncObjSignalFromISR
2000a5db   osi_SyncObjWait
2000a607   osi_SyncObjClear
2000a629   osi_LockObjCreate
2000a64f   osi_TaskCreate
2000a68f   osi_TaskDelete
2000a69d   osi_LockObjDelete
2000a6ad   osi_LockObjLock
2000a6d9   osi_LockObjUnlock
2000a703   osi_Spawn
2000a771   VStartSimpleLinkSpawnTask
2000a7c1   VDeleteSimpleLinkSpawnTask
2000a7ed   osi_MsgQCreate
2000a831   osi_MsgQDelete
2000a84b   osi_MsgQWrite
2000a87d   osi_MsgQRead
2000a8b9   mem_Malloc
2000a8c5   mem_Free
2000a8d1   mem_set
2000a8e5   mem_copy
2000a8f9   osi_EnterCritical
2000a903   osi_ExitCritical
2000a90d   osi_start
2000a915   osi_Sleep
2000a925   osi_TaskDisable
2000a92f   osi_TaskEnable
2000a939   osi_ContextSave
2000a93b   osi_ContextRestore
2000a955   minit
2000a9e1   malloc
2000aa43   free
2000ab03   realloc
2000ac09   memalign
2000ace9   calloc
2000ad21   _SlDrvMsgRead
2000b0c9   _SlAsyncEventGenericHandler
2000b415   vAssertCalled
2000b417   vApplicationIdleHook
2000b419   vApplicationMallocFailedHook
2000b41b   vApplicationStackOverflowHook
2000b41d   Main_Task
2000b51d   main
2000b755   socketWait
2000b7a1   socketSslConnect
2000b8c3   socketRead
2000b93f   socketWrite
2000ba71   simpleJsonProcessor
2000bcf7   findSecondJson
2000bd0f   isCompleteJson
2000bd29   getPushJson
2000bd85   InitialiseParse
2000bd9b   UploadImageToParse
2000bdd1   UploadSensorDataToParse
2000bdf9   retreiveImageIDfromHTTPResponse
2000be33   ConstructDeviceStateObject
2000c059   loadClientState
2000c101   saveClientState
2000c2e9   __aeabi_uldivmod
2000c4dd   InitTerm
2000c4fb   Message
2000c515   ClearTerm
2000c51b   Error
2000c54f   GetCmd
2000c5af   TrimSpace
2000c5f9   Report
2000c695   __aeabi_dsub
2000c69f   __aeabi_dadd
2000c84d   ensureCertificateFile
2000c9f9   sl_WlanConnect
2000cb95   DmaSwIntHandler
2000cba7   DmaErrorIntHandler
2000cbb3   UDMAInit
2000cbfd   UDMAChannelSelect
2000cc25   SetupTransfer
2000cc5b   UDMASetupAutoMemTransfer
2000cc7f   UDMASetupPingPongTransfer
2000ccc9   UDMADeInit
2000ccdd   DMASetupTransfer
2000cd8b   I2C_IF_Write
2000cded   I2C_IF_Read
2000ce55   I2C_IF_ReadFrom
2000ce75   I2C_IF_Open
2000ce9f   I2C_IF_Close
2000ceb5   I2CInit
2000ced3   I2CBufferRead
2000cf7b   I2CBufferWrite
2000d025   _SlDrvDataReadOp
2000d189   addHttpRequestLine
2000d1bb   beginHttpRequest
2000d1c7   beginHttpGetRequest
2000d203   addHttpRequestHeader
2000d22b   addHttpRequestHeaderInt
2000d23b   getHttpResponseStatus
2000d265   getHttpResponseBody
2000d2dd   _SlDrvRxHdrRead
2000d41d   __aeabi_ddiv
2000d555   PRCMCC3200MCUInit
2000d689   spi_Open
2000d7b9   _SlDrvDataWriteOp
2000d8e5   vListInitialise
2000d915   vListInitialiseItem
2000d925   vListInsertEnd
2000d961   vListInsert
2000d9c7   uxListRemove
2000da11   _SlDrvMsgWrite
2000db25   pxPortInitialiseStack
2000db75   xPortStartScheduler
2000dba1   vPortEndScheduler
2000dba3   vPortYield
2000dbb5   vPortEnterCritical
2000dbcd   vPortExitCritical
2000dbe5   xPortSysTickHandler
2000dc01   vPortSetupTimerInterrupt
2000dc35   _SlDrvWaitForPoolObj
2000dd41   sl_Select
2000de49   _SlDrvReleasePoolObj
2000df4d   parseInitialize
2000dfe9   getInternalClient
2000e04b   __aeabi_dmul
2000e149   uDMAChannelTransferSet
2000e239   sl_Connect
2000e321   spi_Write
2000e409   CollectTxit_ImgTempRH
2000e4e1   sl_NetAppDnsGetHostByName
2000e5b9   TimerBaseIntHandler
2000e5cb   InitializeTimer
2000e5f7   StartTimer
2000e613   StopTimer
2000e621   GetTimeDuration
2000e691   spi_Read
2000e75d   sl_Stop
2000e821   sl_Start
2000e8e5   ulPortSetInterruptMask
2000e8fb   vPortClearInterruptMask
2000e909   xPortPendSVHandler
2000e955   vPortSVCHandler
2000e97d   prvPortStartFirstTask
2000e995   portCLZ
2000e99d   _SlDrvMsgReadCmdCtx
2000ea51   _SlDrvNetAppEventHandler
2000eb03   PinMuxConfig
2000ebb5   sl_Send
2000ec65   IntDisable
2000ed0d   IntEnable
2000edb5   Timer_IF_Init
2000eddf   Timer_IF_IntSetup
2000ee11   Timer_IF_InterruptClear
2000ee25   Timer_IF_Start
2000ee39   Timer_IF_DeInit
2000ee51   Timer_IF_GetCount
2000ee5d   SPIConfigSetExpClk
2000eefd   __aeabi_memcpy
2000eefd   __aeabi_memcpy4
2000eefd   __aeabi_memcpy8
2000eefd   memcpy
2000ef99   _SlFindAndSetActiveObj
2000f031   snprintf
2000f0c9   PRCMPeripheralClockGet
2000f15d   _SlDrvClassifyRxMsg
2000f1f1   __TI_auto_init
2000f285   _SlDrvMsgReadSpawnCtx
2000f315   sl_FsRead
2000f3a1   sl_FsWrite
2000f42d   PinConfigSet
2000f4b5   vsnprintf
2000f53d   sl_NetAppMDNSRegisterUnregisterService
2000f5c5   __aeabi_cdcmpeq
2000f5c5   __aeabi_cdcmple
2000f64b   __aeabi_cdrcmple
2000f6d1   I2CMasterInitExpClk
2000f755   _SlDrvCmdOp
2000f7d9   NwpPowerOnPreamble
2000f859   debugPrint
2000f873   debugPrintf
2000f8d9   _SlDrvDriverCBInit
2000f955   _sl_HandleAsync_DnsGetHostByName
2000f9d1   sl_DevGet
2000fa4d   sl_FsClose
2000fac9   __aeabi_fmul
2000fbbd   __aeabi_memclr
2000fbbd   __aeabi_memclr4
2000fbbd   __aeabi_memclr8
2000fbbf   __aeabi_memset
2000fbbf   __aeabi_memset4
2000fbbf   __aeabi_memset8
2000fbc5   memset
2000fc35   UARTConfigSetExpClk
2000fcad   _sl_HandleAsync_InitComplete
2000fd21   sl_WlanGet
2000fd95   spi_Close
2000fe09   TimerIntRegister
2000fe79   _sl_HandleAsync_PingResponse
2000fee9   _sl_TruncatePayloadByProtocol
2000ff59   TimerIntUnregister
2000ffc1   _sl_HandleAsync_Connect
20010029   _sl_HandleAsync_DnsGetHostByService
20010091   sl_FsGetInfo
200100f9   _sl_GetCreateFsMode
2001015d   _sl_HandleAsync_Accept
200101c1   uDMAChannelAttributeDisable
20010225   uDMAChannelAttributeEnable
20010289   sprintf
20010347   ltoa
200103a1   IntPendClear
200103f9   PRCMPeripheralReset
20010451   _SlDrvDriverCBDeinit
200104a9   _sl_HandleAsync_Select
20010501   IntPrioritySet
20010555   _sl_HandleAsync_Stop
200105a9   sl_FsOpen
200105fd   sl_NetAppSendTokenValue
20010651   intToASCII
200106a1   SPIIntEnable
200106ed   atoi
20010739   srand
2001074f   rand
20010785   sl_SetSockOpt
200107d1   uDMAChannelAssign
2001081d   _sl_GetStartResponseConvert
20010867   __aeabi_d2f
200108b1   SPIIntClear
200108f9   __aeabi_d2iz
20010941   sl_DevSet
20010989   sl_FsDel
200109d1   sl_WlanSet
20010a5d   TimerConfigure
20010aa1   copy_in
20010ae5   C$$EXIT
20010ae9   abort
20010af1   exit
20010b29   _Dtest
20010b6d   sl_NetCfgSet
20010bb1   sl_Recv
20010bf5   PinModeSet
20010c35   _SlDrvRxIrqHandler
20010c75   _SlRemoveFromList
20010cb5   sl_WlanPolicySet
20010cf5   sl_WlanRxFilterSet
20010d35   NwpPowerOff
20010d71   PRCMPeripheralClkEnable
20010dad   _SlDrvObjInit
20010de9   strncasecmp
20010e25   uDMAChannelControlSet
20010e61   CameraCaptureStop
20010e9b   CameraXClkConfig
20010ed5   pvPortMalloc
20010ef5   vPortFree
20010f0d   __aeabi_f2d
20010f45   __aeabi_f2iz
20010f7d   sl_Htonl
20010fb5   GPIODirModeSet
20010feb   CameraParamsConfig
20011021   PRCMPeripheralStatusGet
20011055   SPIFIFOLevelSet
20011089   _SlDrvBasicCmd
200110bd   _c_int00
200110f1   __aeabi_f2uiz
20011125   strstr
20011159   sl_Htons
2001118d   NwpPowerOn
200111bd   PinTypeGPIO
200111ed   UARTDisable
2001121d   strncpy
2001124d   sl_Socket
2001127d   __aeabi_i2d
200112ad   CameraIntEnable
200112d9   DmaSpiSwIntHandler
20011305   I2CMasterErr
20011331   PRCMSysResetCauseGet
2001135d   _SlDrvFlowContDeinit
20011389   _SlDrvFlowContInit
200113b5   TimerLoadSet
200113b5   Timer_IF_ReLoad
200113df   TimerPrescaleSet
20011409   CameraIntStatus
20011431   PRCMPeripheralClkDisable
20011459   _sl_BuildAddress
20011481   strncat
200114a9   sl_WlanSetMode
200114d1   CameraThresholdSet
200114f7   strncmp
2001151d   CameraIntClear
20011541   IntUnregister
20011565   UARTEnable
20011589   memmove
200115ad   __aeabi_ui2f
200115d1   sl_Close
200115d1   socketClose
200115f5   sl_NetAppStart
20011619   sl_NetAppStop
2001163d   sl_WlanProfileDel
20011661   CameraCaptureStart
20011683   I2CMasterSlaveAddrSet
200116a5   NwpRegisterInterruptHandler
200116c7   SPIReset
200116e9   SPIWordCountSet
2001170b   memcmp
2001172d   IntRegister
2001174d   _SlDrvCmdSend
2001176d   __aeabi_ui2d
2001178d   I2CMasterIntStatusEx
200117ab   TimerDisable
200117ab   Timer_IF_Stop
200117c9   TimerEnable
200117e7   TimerIntStatus
20011805   UARTCharPut
20011823   PinTypeI2C
2001183f   TimerValueGet
2001185d   _SlDrvObjDeInit
20011879   memccpy
20011895   UDMAStopTransfer
20011895   uDMAChannelDisable
200118b1   uDMAChannelEnable
200118cd   CopyPingResultsToReport
200118e7   PinTypeCamera
20011901   PinTypeUART
2001191b   SPIDmaDisable
20011935   SPIDmaEnable
2001194f   SPIFIFODisable
20011969   SPIFIFOEnable
20011983   _SlDrvDeviceEventHandler
2001199d   CameraReset
200119b5   SPICSDisable
200119cd   SPICSEnable
200119e5   SPIDisable
200119fd   SPIEnable
20011a15   TimerIntDisable
20011a2d   TimerIntEnable
20011a45   _args_main
20011a5d   __aeabi_lmul
20011a75   CameraDMAEnable
20011a8b   CameraIntRegister
20011aa1   I2CMasterDataPut
20011ab7   I2CMasterEnable
20011acd   PRCMHIBRegRead
20011ae3   PRCMHIBRegWrite
20011af9   UARTCharGet
20011b0f   _sl_Strlen
20011b25   uDMAIntRegister
20011b3b   CPUcpsie
20011b51   IntVTableBaseSet
20011b65   _SlDrvShiftDWord
20011b79   _register_unlock
20011b7f   _register_lock
20011b87   _nop
20011b8d   strlen
20011ba1   uDMAControlBaseSet
20011bb5   uDMAIntClear
20011bc9   I2CMasterControl
20011bdb   I2CMasterIntClearEx
20011bed   I2CMasterTimeoutSet
20011bff   TimerIntClear
20011c11   __TI_zero_init
20011c23   sl_NetAppMDNSUnRegisterService
20011c35   uDMAIntUnregister
20011c49   NwpMaskInterrupt
20011c59   SL_FD_SET
20011c69   I2CMasterDataGet
20011c77   __TI_decompress_none
20011c85   _Dclass
20011c93   ResetISR
20011ca1   NwpUnMaskInterrupt
20011cad   uDMADisable
20011cb9   uDMAEnable
20011cc5   uDMAIntStatus
20011cd1   IntMasterEnable
20011cdb   sl_WlanDisconnect
20011ce3   MT9D111Delay
20011ce9   SL_FD_ZERO
20011cef   UtilsDelay
20011cf5   __TI_decompress_rle24
20011e38   _ctypes_
20012040   _SlPolicySetCmdCtrl
20012044   _SlPolicyGetCmdCtrl
20012048   _SlProfileGetCmdCtrl
2001204c   _SlProfileDelCmdCtrl
20012050   _SlWlanGetNetworkListCtrl
20012054   _SlRxFilterAddtCmdCtrl
20012058   _SlRxFilterSetCmdCtrl
2001205c   _SlRxFilterGetCmdCtrl
20012060   _SlSmartConfigStartCmdCtrl
20012064   _SlWlanSetModeCmdCtrl
20012068   _SlWlanCfgSetCmdCtrl
2001206c   _SlWlanCfgGetCmdCtrl
20012530   g_H2NSyncPattern
20012538   g_H2NCnysPattern
20012540   _SlActionLookupTable
200125bc   _SlFsOpenCmdCtrl
200125c0   _SlFsCloseCmdCtrl
200125c4   _SlFsReadCmdCtrl
200125c8   _SlFsWriteCmdCtrl
200125cc   _SlFsGetInfoCmdCtrl
200125d0   _SlFsDeleteCmdCtrl
20012600   _SlSockSocketCmdCtrl
20012604   _SlSockCloseCmdCtrl
20012608   _SlRecvfomCmdCtrl
2001260c   _SlSendCmdCtrl
20012610   _SlListenCmdCtrl
20012614   _SlAcceptCmdCtrl
20012618   _SlRecvCmdCtrl
2001261c   _SlSetSockOptCmdCtrl
20012620   _SlGetSockOptCmdCtrl
20012624   _SlSelectCmdCtrl
200126b0   _SlNetAppStartCtrl
200126b4   _SlNetAppStopCtrl
200126b8   _SlGetServiceListeCtrl
200126bc   _SlRegisterServiceCtrl
200126c0   _SlGetHostByServiceCtrl
200126c4   _SlGetHostByNameCtrl
200126c8   _SlNetAppSetCmdCtrl
200126cc   _SlNetAppSendTokenValueCmdCtrl
200126d0   _SlNetAppGetCmdCtrl
20012730   g_deviceClientVersion
20012774   _SlStopCmdCtrl
20012778   _SlEventMaskSetCmdCtrl
2001277c   _SlEventMaskGetCmdCtrl
20012780   _SlDeviceGetCmdCtrl
20012784   _SlDeviceSetCmdCtrl
20012788   pcDigits
20012794   _SlNetCfgSetCmdCtrl
20012798   _SlNetCfgGetCmdCtrl
200127a8   __TI_static_base__
2001325c   __TI_Handler_Table_Base
20013268   __TI_Handler_Table_Limit
20013270   __TI_CINIT_Base
20013280   __TI_CINIT_Limit
20018000   g_image_buffer
2002c000   gpCtlTbl
2002c400   gfpAppCallbackHndl
2002c5c8   xQueueRegistry
2002c618   clientStateFileName
2002c64c   g_ucConnectionSSID
2002c670   g_flag_blockFull
2002c6e8   g_ucConnectionBSSID
2002c6f4   dataBuffer
2002c6f8   g_block_lastFilled
2002c6fc   g_frame_size_in_bytes
2002c700   g_header_length
2002c704   g_position_in_block
2002c708   g_readHeader
2002c718   v_TimerOverflows
2002c71c   g_CaptureImage
2002c71e   g_flag_DataBlockFilled
2002c71f   g_frame_end
2002c720   iDone
2002c728   _sys_memory
ffffffff   __binit__
ffffffff   __c_args__
ffffffff   binit
UNDEFED    SHT$$INIT_ARRAY$$Base
UNDEFED    SHT$$INIT_ARRAY$$Limit

[609 symbols]
