******************************************************************************
                  TI ARM Linker PC v5.1.6                      
******************************************************************************
>> Linked Thu Apr 23 15:20:24 2015

OUTPUT FILE NAME:   <ULP_SEC_CAM.out>
ENTRY POINT SYMBOL: "_c_int00"  address: 20013c45


MEMORY CONFIGURATION

         name            origin    length      used     unused   attr    fill
----------------------  --------  ---------  --------  --------  ----  --------
  SRAM_BOOTLDR          20000000   00004000  00002540  00001ac0  RW X
  SRAM_CODE             20004000   00014000  00011fc1  0000203f  RW X
  SRAM_DATA             20018000   00024000  00022905  000016fb  RW X


SEGMENT ALLOCATION MAP

run origin  load origin   length   init length attrs members
----------  ----------- ---------- ----------- ----- -------
20000000    20000000    00001540   00000000    rw-
  20000000    20000000    00001540   00000000    rw- .data
20003000    20003000    00001000   00000000    rw-
  20003000    20003000    00001000   00000000    rw- .stack
20004000    20004000    00011fc8   00011fc8    r-x
  20004000    20004000    00000400   00000400    r-- .intvecs
  20004400    20004400    0001059c   0001059c    r-x .text
  200149a0    200149a0    00000a75   00000a75    r-- .const
  20015418    20015418    00000bb0   00000bb0    r-- .cinit
20018000    20018000    00022908   00000000    rw-
  20018000    20018000    0001e905   00000000    rw- .bss
  20036908    20036908    00004000   00000000    rw- .sysmem


SECTION ALLOCATION MAP

 output                                  attributes/
section   page    origin      length       input sections
--------  ----  ----------  ----------   ----------------
.init_array 
*          0    20004000    00000000     UNINITIALIZED

.data      0    20000000    00001540     UNINITIALIZED
                  20000000    00000600     camera_app.obj (.data:JPEG_StdHuffmanTbl)
                  20000600    00000400     camera_app.obj (.data:g_header)
                  20000a00    000003c9     libparse.a : cc3200_certificate.obj (.data:DigiCertHighAssuranceEVRootCA_der)
                  20000dc9    00000003     --HOLE--
                  20000dcc    00000184     simplelink.a : driver.obj (.data)
                  20000f50    000000f0     rtsv7M4_T_le_eabi.lib : defs.obj (.data:_ftable)
                  20001040    000000d0                           : lowlev.obj (.data)
                  20001110    000000b0                           : signal.obj (.data:sigtable)
                  200011c0    00000080                           : xvalues.obj (.data)
                  20001240    00000070                           : xlvalues.obj (.data)
                  200012b0    00000068                           : xfvalues.obj (.data)
                  20001318    00000064     simplelink.a : cc_pal.obj (.data)
                  2000137c    00000040     camera_app.obj (.data:JPEG_StdQuantTblC)
                  200013bc    00000040     camera_app.obj (.data:JPEG_StdQuantTblY)
                  200013fc    00000040     camera_app.obj (.data:zigzag)
                  2000143c    00000034     free_rtos.a : tasks.obj (.data)
                  20001470    0000002c     libparse.a : cc3200_utils.obj (.data:lastDateTime)
                  2000149c    00000018                : cc3200_utils.obj (.data)
                  200014b4    00000018                : request.obj (.data)
                  200014cc    00000010     rtsv7M4_T_le_eabi.lib : defs.obj (.data)
                  200014dc    0000000c     free_rtos.a : osi_freertos.obj (.data)
                  200014e8    0000000c     network_relater_fns.obj (.data)
                  200014f4    0000000c     rtsv7M4_T_le_eabi.lib : memory.obj (.data)
                  20001500    00000008     camera_app.obj (.data)
                  20001508    00000008     rtsv7M4_T_le_eabi.lib : _lock.obj (.data)
                  20001510    00000008                           : exit.obj (.data)
                  20001518    00000008                           : feraiseexcept.obj (.data)
                  20001520    00000006     libparse.a : http.obj (.data)
                  20001526    00000002     --HOLE--
                  20001528    00000004     free_rtos.a : port.obj (.data)
                  2000152c    00000004     libparse.a : cc3200_certificate.obj (.data)
                  20001530    00000004     rtsv7M4_T_le_eabi.lib : errno.obj (.data)
                  20001534    00000004                           : fopen.obj (.data)
                  20001538    00000004                           : rand.obj (.data)
                  2000153c    00000004                           : stkdepth_vars.obj (.data)

.stack     0    20003000    00001000     UNINITIALIZED
                  20003000    00001000     --HOLE--

.intvecs   0    20004000    00000400     
                  20004000    00000400     startup_ccs.obj (.intvecs)

.text      0    20004400    0001059c     
                  20004400    00001258     free_rtos.a : tasks.obj (.text)
                  20005658    00000ec0     rtsv7M4_T_le_eabi.lib : _printfi.obj (.text)
                  20006518    00000c1c     network_relater_fns.obj (.text)
                  20007134    00000bf4     camera_app.obj (.text)
                  20007d28    00000b24     free_rtos.a : queue.obj (.text)
                  2000884c    0000097c     libparse.a : request.obj (.text)
                  200091c8    0000093a     accelomtrMagntomtr_fxos8700.obj (.text)
                  20009b02    00000002     driverlib.a : interrupt.obj (.text:IntDefaultHandler)
                  20009b04    0000064e     libparse.a : cc3200_utils.obj (.text)
                  2000a152    00000002     --HOLE-- [fill = 0]
                  2000a154    00000518                : installation.obj (.text)
                  2000a66c    000004a2                : simplejson.obj (.text)
                  2000ab0e    00000002     --HOLE-- [fill = 0]
                  2000ab10    0000049c                : cc3200_socket.obj (.text)
                  2000afac    00000490     rtsv7M4_T_le_eabi.lib : pow.obj (.text)
                  2000b43c    0000045c     free_rtos.a : osi_freertos.obj (.text)
                  2000b898    000003cc     rtsv7M4_T_le_eabi.lib : memory.obj (.text)
                  2000bc64    000003b4     libparse.a : cc3200_client_state.obj (.text)
                  2000c018    000003a6     simplelink.a : driver.obj (.text:_SlDrvMsgRead)
                  2000c3be    00000002     --HOLE-- [fill = 0]
                  2000c3c0    0000034c                  : driver.obj (.text:_SlAsyncEventGenericHandler)
                  2000c70c    00000310     rtsv7M4_T_le_eabi.lib : lowlev.obj (.text)
                  2000ca1c    000002fc     main.obj (.text)
                  2000cd18    000002e4     rtsv7M4_T_le_eabi.lib : xlog.obj (.text)
                  2000cffc    000002d4                           : trgdrv.obj (.text)
                  2000d2d0    000002a0                           : vla_alloc.obj (.text)
                  2000d570    0000027c     parse_uploads.obj (.text)
                  2000d7ec    00000204     mt9d111.obj (.text)
                  2000d9f0    000001fc     rtsv7M4_T_le_eabi.lib : xexp.obj (.text)
                  2000dbec    000001f4                           : ull_div_t2.obj (.text)
                  2000dde0    000001dc     libparse.a : cc3200_certificate.obj (.text)
                  2000dfbc    000001c0     rtsv7M4_T_le_eabi.lib : fopen.obj (.text)
                  2000e17c    000001b8     uartA1_if.obj (.text)
                  2000e334    000001b6     rtsv7M4_T_le_eabi.lib : fd_add_t2.obj (.text)
                  2000e4ea    00000002     --HOLE-- [fill = 0]
                  2000e4ec    000001b0     libparse.a : http.obj (.text)
                  2000e69c    0000019c     simplelink.a : wlan.obj (.text:sl_WlanConnect)
                  2000e838    00000194     udma_if.obj (.text)
                  2000e9cc    0000018c     i2c_if.obj (.text)
                  2000eb58    00000188     rtsv7M4_T_le_eabi.lib : xlatan.obj (.text)
                  2000ece0    00000170     i2cconfig.obj (.text)
                  2000ee50    00000164     simplelink.a : driver.obj (.text:_SlDrvDataReadOp)
                  2000efb4    00000140                  : driver.obj (.text:_SlDrvRxHdrRead)
                  2000f0f4    00000140     rtsv7M4_T_le_eabi.lib : sqrt.obj (.text)
                  2000f234    00000136                           : fd_div_t2.obj (.text)
                  2000f36a    00000002     --HOLE-- [fill = 0]
                  2000f36c    00000134     driverlib.a : prcm.obj (.text:PRCMCC3200MCUInit)
                  2000f4a0    00000134     rtsv7M4_T_le_eabi.lib : fputs.obj (.text)
                  2000f5d4    00000130     simplelink.a : cc_pal.obj (.text:spi_Open)
                  2000f704    0000012c                  : driver.obj (.text:_SlDrvDataWriteOp)
                  2000f830    0000012a     free_rtos.a : list.obj (.text)
                  2000f95a    00000002     --HOLE-- [fill = 0]
                  2000f95c    00000116     libparse.a : parse_impl.obj (.text)
                  2000fa72    00000002     --HOLE-- [fill = 0]
                  2000fa74    00000114     simplelink.a : driver.obj (.text:_SlDrvMsgWrite)
                  2000fb88    00000110     free_rtos.a : port.obj (.text)
                  2000fc98    00000110     rtsv7M4_T_le_eabi.lib : xdscale.obj (.text)
                  2000fda8    0000010c     simplelink.a : driver.obj (.text:_SlDrvWaitForPoolObj)
                  2000feb4    0000010c     i2c_app.obj (.text)
                  2000ffc0    00000108     simplelink.a : socket.obj (.text:sl_Select)
                  200100c8    00000104                  : driver.obj (.text:_SlDrvReleasePoolObj)
                  200101cc    00000104     rtsv7M4_T_le_eabi.lib : atan2l.obj (.text)
                  200102d0    000000fc                           : fd_mul_t2.obj (.text)
                  200103cc    000000fa                           : fs_add_t2.obj (.text)
                  200104c6    00000002     --HOLE-- [fill = 0]
                  200104c8    000000f0     driverlib.a : udma.obj (.text:uDMAChannelTransferSet)
                  200105b8    000000e8     simplelink.a : socket.obj (.text:sl_Connect)
                  200106a0    000000e8                  : cc_pal.obj (.text:spi_Write)
                  20010788    000000dc     rtsv7M4_T_le_eabi.lib : setvbuf.obj (.text)
                  20010864    000000d8     simplelink.a : netapp.obj (.text:sl_NetAppDnsGetHostByName)
                  2001093c    000000d8     timer_fns.obj (.text)
                  20010a14    000000cc     simplelink.a : cc_pal.obj (.text:spi_Read)
                  20010ae0    000000c4     rtsv7M4_T_le_eabi.lib : xdint.obj (.text)
                  20010ba4    000000c4                           : xdnorm.obj (.text)
                  20010c68    000000c4     simplelink.a : device.obj (.text:sl_Stop)
                  20010d2c    000000c0     rtsv7M4_T_le_eabi.lib : fflush.obj (.text)
                  20010dec    000000c0     simplelink.a : device.obj (.text:sl_Start)
                  20010eac    000000ba     free_rtos.a : portasm.obj (.text)
                  20010f66    00000002     --HOLE-- [fill = 0]
                  20010f68    000000b4     simplelink.a : driver.obj (.text:_SlDrvMsgReadCmdCtx)
                  2001101c    000000b4     libparse.a : cc3200_debug.obj (.text)
                  200110d0    000000b2     simplelink.a : netapp.obj (.text:_SlDrvNetAppEventHandler)
                  20011182    000000b2     pinmux.obj (.text)
                  20011234    000000b0     simplelink.a : socket.obj (.text:sl_Send)
                  200112e4    000000ac     rtsv7M4_T_le_eabi.lib : _io_perm.obj (.text)
                  20011390    000000a8     driverlib.a : interrupt.obj (.text:IntDisable)
                  20011438    000000a8                 : interrupt.obj (.text:IntEnable)
                  200114e0    000000a8     timer_if.obj (.text)
                  20011588    000000a0     driverlib.a : spi.obj (.text:SPIConfigSetExpClk)
                  20011628    0000009c     rtsv7M4_T_le_eabi.lib : fputc.obj (.text)
                  200116c4    0000009c                           : memcpy_t2.obj (.text)
                  20011760    00000098     simplelink.a : driver.obj (.text:_SlFindAndSetActiveObj)
                  200117f8    00000098     collect_and_txit.obj (.text)
                  20011890    00000098     rtsv7M4_T_le_eabi.lib : fclose.obj (.text)
                  20011928    00000098                           : snprintf.obj (.text)
                  200119c0    00000094     driverlib.a : prcm.obj (.text:PRCMPeripheralClockGet)
                  20011a54    00000094     simplelink.a : driver.obj (.text:_SlDrvClassifyRxMsg)
                  20011ae8    00000094     rtsv7M4_T_le_eabi.lib : auto_init.obj (.text)
                  20011b7c    00000090     simplelink.a : driver.obj (.text:_SlDrvMsgReadSpawnCtx)
                  20011c0c    0000008c                  : fs.obj (.text:sl_FsRead)
                  20011c98    0000008c                  : fs.obj (.text:sl_FsWrite)
                  20011d24    00000088     driverlib.a : pin.obj (.text:PinConfigSet)
                  20011dac    00000088     rtsv7M4_T_le_eabi.lib : vsnprintf.obj (.text)
                  20011e34    00000088     simplelink.a : netapp.obj (.text:sl_NetAppMDNSRegisterUnregisterService)
                  20011ebc    00000086     rtsv7M4_T_le_eabi.lib : fd_cmp_t2.obj (.text:__aeabi_cdcmple)
                  20011f42    00000086                           : fd_cmp_t2.obj (.text:__aeabi_cdrcmple)
                  20011fc8    00000084     driverlib.a : i2c.obj (.text:I2CMasterInitExpClk)
                  2001204c    00000084     simplelink.a : driver.obj (.text:_SlDrvCmdOp)
                  200120d0    00000080                  : cc_pal.obj (.text:NwpPowerOnPreamble)
                  20012150    0000007c                  : driver.obj (.text:_SlDrvDriverCBInit)
                  200121cc    0000007c                  : netapp.obj (.text:_sl_HandleAsync_DnsGetHostByName)
                  20012248    0000007c                  : device.obj (.text:sl_DevGet)
                  200122c4    0000007c                  : fs.obj (.text:sl_FsClose)
                  20012340    0000007a     rtsv7M4_T_le_eabi.lib : fs_mul_t2.obj (.text)
                  200123ba    00000002     --HOLE-- [fill = 0]
                  200123bc    00000078     simplelink.a : cc_pal.obj (.text:SetupDMAReceive)
                  20012434    00000078     rtsv7M4_T_le_eabi.lib : memset_t2.obj (.text)
                  200124ac    00000076     driverlib.a : uart.obj (.text:UARTConfigSetExpClk)
                  20012522    00000002     --HOLE-- [fill = 0]
                  20012524    00000074     simplelink.a : device.obj (.text:_sl_HandleAsync_InitComplete)
                  20012598    00000074                  : wlan.obj (.text:sl_WlanGet)
                  2001260c    00000074                  : cc_pal.obj (.text:spi_Close)
                  20012680    00000070     driverlib.a : timer.obj (.text:TimerIntRegister)
                  200126f0    00000070     simplelink.a : netapp.obj (.text:_sl_HandleAsync_PingResponse)
                  20012760    0000006e                  : socket.obj (.text:_sl_TruncatePayloadByProtocol)
                  200127ce    00000002     --HOLE-- [fill = 0]
                  200127d0    0000006c     rtsv7M4_T_le_eabi.lib : fprintf.obj (.text)
                  2001283c    00000068     driverlib.a : timer.obj (.text:TimerIntUnregister)
                  200128a4    00000068     simplelink.a : socket.obj (.text:_sl_HandleAsync_Connect)
                  2001290c    00000068                  : netapp.obj (.text:_sl_HandleAsync_DnsGetHostByService)
                  20012974    00000068                  : fs.obj (.text:sl_FsGetInfo)
                  200129dc    00000064                  : fs.obj (.text:_sl_GetCreateFsMode)
                  20012a40    00000064                  : socket.obj (.text:_sl_HandleAsync_Accept)
                  20012aa4    00000064     rtsv7M4_T_le_eabi.lib : fseek.obj (.text)
                  20012b08    00000064                           : xdunscal.obj (.text)
                  20012b6c    00000064     driverlib.a : udma.obj (.text:uDMAChannelAttributeDisable)
                  20012bd0    00000064                 : udma.obj (.text:uDMAChannelAttributeEnable)
                  20012c34    00000060     rtsv7M4_T_le_eabi.lib : fs_cmp_t2.obj (.text:__aeabi_cfcmple)
                  20012c94    00000060                           : fs_cmp_t2.obj (.text:__aeabi_cfrcmple)
                  20012cf4    00000060                           : sprintf.obj (.text)
                  20012d54    00000060                           : trgmsg.obj (.text)
                  20012db4    0000005e                           : copy_decompress_rle.obj (.text)
                  20012e12    0000005a                           : ltoa.obj (.text)
                  20012e6c    00000058     driverlib.a : interrupt.obj (.text:IntPendClear)
                  20012ec4    00000058                 : prcm.obj (.text:PRCMPeripheralReset)
                  20012f1c    00000058     simplelink.a : driver.obj (.text:_SlDrvDriverCBDeinit)
                  20012f74    00000058                  : socket.obj (.text:_sl_HandleAsync_Select)
                  20012fcc    00000054     driverlib.a : interrupt.obj (.text:IntPrioritySet)
                  20013020    00000054     simplelink.a : device.obj (.text:_sl_HandleAsync_Stop)
                  20013074    00000054                  : fs.obj (.text:sl_FsOpen)
                  200130c8    00000054                  : netapp.obj (.text:sl_NetAppSendTokenValue)
                  2001311c    00000050     app_common.obj (.text)
                  2001316c    0000004c     driverlib.a : spi.obj (.text:SPIIntEnable)
                  200131b8    0000004c     rtsv7M4_T_le_eabi.lib : atoi.obj (.text)
                  20013204    0000004c                           : rand.obj (.text)
                  20013250    0000004c     simplelink.a : socket.obj (.text:sl_SetSockOpt)
                  2001329c    0000004c     driverlib.a : udma.obj (.text:uDMAChannelAssign)
                  200132e8    0000004a     simplelink.a : device.obj (.text:_sl_GetStartResponseConvert)
                  20013332    0000004a     rtsv7M4_T_le_eabi.lib : fd_tos_t2.obj (.text)
                  2001337c    00000048     driverlib.a : spi.obj (.text:SPIIntClear)
                  200133c4    00000048     rtsv7M4_T_le_eabi.lib : fd_toi_t2.obj (.text)
                  2001340c    00000048     simplelink.a : device.obj (.text:sl_DevSet)
                  20013454    00000048                  : fs.obj (.text:sl_FsDel)
                  2001349c    00000048                  : wlan.obj (.text:sl_WlanSet)
                  200134e4    00000044     driverlib.a : spi.obj (.text:SPIDmaMaskGet)
                  20013528    00000044                 : timer.obj (.text:TimerConfigure)
                  2001356c    00000044     rtsv7M4_T_le_eabi.lib : cpy_tbl.obj (.text)
                  200135b0    00000044                           : exit.obj (.text)
                  200135f4    00000044                           : fd_tou_t2.obj (.text)
                  20013638    00000044                           : xdtest.obj (.text)
                  2001367c    00000044     simplelink.a : netcfg.obj (.text:sl_NetCfgSet)
                  200136c0    00000044                  : socket.obj (.text:sl_Recv)
                  20013704    00000040     driverlib.a : pin.obj (.text:PinModeSet)
                  20013744    00000040     simplelink.a : driver.obj (.text:_SlDrvRxIrqHandler)
                  20013784    00000040                  : driver.obj (.text:_SlRemoveFromList)
                  200137c4    00000040     rtsv7M4_T_le_eabi.lib : signal.obj (.text)
                  20013804    00000040     simplelink.a : wlan.obj (.text:sl_WlanPolicySet)
                  20013844    00000040                  : wlan.obj (.text:sl_WlanRxFilterSet)
                  20013884    0000003c                  : cc_pal.obj (.text:NwpPowerOff)
                  200138c0    0000003c     driverlib.a : prcm.obj (.text:PRCMPeripheralClkEnable)
                  200138fc    0000003c     simplelink.a : driver.obj (.text:_SlDrvObjInit)
                  20013938    0000003c     rtsv7M4_T_le_eabi.lib : strncasecmp.obj (.text)
                  20013974    0000003c     driverlib.a : udma.obj (.text:uDMAChannelControlSet)
                  200139b0    0000003a                 : camera.obj (.text:CameraCaptureStop)
                  200139ea    0000003a                 : camera.obj (.text:CameraXClkConfig)
                  20013a24    00000038     free_rtos.a : heap_3.obj (.text)
                  20013a5c    00000038     rtsv7M4_T_le_eabi.lib : fs_tod_t2.obj (.text)
                  20013a94    00000038                           : fs_toi_t2.obj (.text)
                  20013acc    00000038                           : i_tofs_t2.obj (.text)
                  20013b04    00000038     simplelink.a : socket.obj (.text:sl_Htonl)
                  20013b3c    00000036     driverlib.a : gpio.obj (.text:GPIODirModeSet)
                  20013b72    00000034                 : camera.obj (.text:CameraParamsConfig)
                  20013ba6    00000002     --HOLE-- [fill = 0]
                  20013ba8    00000034                 : prcm.obj (.text:PRCMPeripheralStatusGet)
                  20013bdc    00000034                 : spi.obj (.text:SPIFIFOLevelSet)
                  20013c10    00000034     simplelink.a : driver.obj (.text:_SlDrvBasicCmd)
                  20013c44    00000034     rtsv7M4_T_le_eabi.lib : boot.obj (.text)
                  20013c78    00000034                           : feraiseexcept.obj (.text)
                  20013cac    00000034                           : fs_tou_t2.obj (.text)
                  20013ce0    00000034                           : strstr.obj (.text)
                  20013d14    00000034     simplelink.a : socket.obj (.text:sl_Htons)
                  20013d48    00000030                  : cc_pal.obj (.text:NwpPowerOn)
                  20013d78    00000030     driverlib.a : pin.obj (.text:PinTypeGPIO)
                  20013da8    00000030                 : uart.obj (.text:UARTDisable)
                  20013dd8    00000030     rtsv7M4_T_le_eabi.lib : strncpy.obj (.text)
                  20013e08    00000030                           : xferaise.obj (.text)
                  20013e38    00000030     simplelink.a : socket.obj (.text:sl_Socket)
                  20013e68    0000002e     rtsv7M4_T_le_eabi.lib : i_tofd_t2.obj (.text)
                  20013e96    0000002e                           : raise.obj (.text)
                  20013ec4    0000002c     driverlib.a : camera.obj (.text:CameraIntEnable)
                  20013ef0    0000002c     simplelink.a : cc_pal.obj (.text:DmaSpiSwIntHandler)
                  20013f1c    0000002c     driverlib.a : i2c.obj (.text:I2CMasterErr)
                  20013f48    0000002c                 : prcm.obj (.text:PRCMSysResetCauseGet)
                  20013f74    0000002c     simplelink.a : flowcont.obj (.text:_SlDrvFlowContDeinit)
                  20013fa0    0000002c                  : flowcont.obj (.text:_SlDrvFlowContInit)
                  20013fcc    0000002a     driverlib.a : timer.obj (.text:TimerLoadSet)
                  20013ff6    0000002a                 : timer.obj (.text:TimerPrescaleSet)
                  20014020    00000028                 : camera.obj (.text:CameraIntStatus)
                  20014048    00000028                 : prcm.obj (.text:PRCMPeripheralClkDisable)
                  20014070    00000028     simplelink.a : socket.obj (.text:_sl_BuildAddress)
                  20014098    00000028     rtsv7M4_T_le_eabi.lib : strncat.obj (.text)
                  200140c0    00000028     simplelink.a : wlan.obj (.text:sl_WlanSetMode)
                  200140e8    00000026     driverlib.a : camera.obj (.text:CameraThresholdSet)
                  2001410e    00000026     rtsv7M4_T_le_eabi.lib : strncmp.obj (.text)
                  20014134    00000024     driverlib.a : camera.obj (.text:CameraIntClear)
                  20014158    00000024                 : interrupt.obj (.text:IntUnregister)
                  2001417c    00000024                 : uart.obj (.text:UARTEnable)
                  200141a0    00000024     rtsv7M4_T_le_eabi.lib : memmov.obj (.text)
                  200141c4    00000024                           : u_tofs_t2.obj (.text)
                  200141e8    00000024     simplelink.a : socket.obj (.text:sl_Close)
                  2001420c    00000024                  : netapp.obj (.text:sl_NetAppStart)
                  20014230    00000024                  : netapp.obj (.text:sl_NetAppStop)
                  20014254    00000024                  : wlan.obj (.text:sl_WlanProfileDel)
                  20014278    00000022     driverlib.a : camera.obj (.text:CameraCaptureStart)
                  2001429a    00000022                 : i2c.obj (.text:I2CMasterSlaveAddrSet)
                  200142bc    00000022     simplelink.a : cc_pal.obj (.text:NwpRegisterInterruptHandler)
                  200142de    00000022     driverlib.a : spi.obj (.text:SPIReset)
                  20014300    00000022                 : spi.obj (.text:SPIWordCountSet)
                  20014322    00000022     rtsv7M4_T_le_eabi.lib : memcmp.obj (.text)
                  20014344    00000020     driverlib.a : interrupt.obj (.text:IntRegister)
                  20014364    00000020     simplelink.a : driver.obj (.text:_SlDrvCmdSend)
                  20014384    00000020     rtsv7M4_T_le_eabi.lib : u_tofd_t2.obj (.text)
                  200143a4    0000001e     driverlib.a : i2c.obj (.text:I2CMasterIntStatusEx)
                  200143c2    0000001e                 : timer.obj (.text:TimerDisable)
                  200143e0    0000001e                 : timer.obj (.text:TimerEnable)
                  200143fe    0000001e                 : timer.obj (.text:TimerIntStatus)
                  2001441c    0000001e                 : uart.obj (.text:UARTCharPut)
                  2001443a    0000001c                 : pin.obj (.text:PinTypeI2C)
                  20014456    0000001c                 : timer.obj (.text:TimerValueGet)
                  20014472    00000002     --HOLE-- [fill = 0]
                  20014474    0000001c     simplelink.a : driver.obj (.text:_SlDrvObjDeInit)
                  20014490    0000001c     rtsv7M4_T_le_eabi.lib : memccpy.obj (.text)
                  200144ac    0000001c     driverlib.a : udma.obj (.text:uDMAChannelDisable)
                  200144c8    0000001c                 : udma.obj (.text:uDMAChannelEnable)
                  200144e4    0000001a     simplelink.a : netapp.obj (.text:CopyPingResultsToReport)
                  200144fe    0000001a     driverlib.a : pin.obj (.text:PinTypeCamera)
                  20014518    0000001a                 : pin.obj (.text:PinTypeUART)
                  20014532    0000001a                 : spi.obj (.text:SPIDmaDisable)
                  2001454c    0000001a                 : spi.obj (.text:SPIDmaEnable)
                  20014566    0000001a                 : spi.obj (.text:SPIFIFODisable)
                  20014580    0000001a                 : spi.obj (.text:SPIFIFOEnable)
                  2001459a    0000001a     simplelink.a : device.obj (.text:_SlDrvDeviceEventHandler)
                  200145b4    00000018     driverlib.a : camera.obj (.text:CameraReset)
                  200145cc    00000018                 : gpio.obj (.text:GPIOPinRead)
                  200145e4    00000018                 : spi.obj (.text:SPICSDisable)
                  200145fc    00000018                 : spi.obj (.text:SPICSEnable)
                  20014614    00000018                 : spi.obj (.text:SPIDisable)
                  2001462c    00000018                 : spi.obj (.text:SPIEnable)
                  20014644    00000018                 : timer.obj (.text:TimerIntDisable)
                  2001465c    00000018                 : timer.obj (.text:TimerIntEnable)
                  20014674    00000018     rtsv7M4_T_le_eabi.lib : args_main.obj (.text)
                  2001468c    00000018                           : ll_mul_t2.obj (.text)
                  200146a4    00000018                           : strcmp.obj (.text)
                  200146bc    00000016     driverlib.a : camera.obj (.text:CameraDMAEnable)
                  200146d2    00000016                 : camera.obj (.text:CameraIntRegister)
                  200146e8    00000016                 : i2c.obj (.text:I2CMasterDataPut)
                  200146fe    00000016                 : i2c.obj (.text:I2CMasterEnable)
                  20014714    00000016                 : prcm.obj (.text:PRCMHIBRegRead)
                  2001472a    00000016                 : prcm.obj (.text:PRCMHIBRegWrite)
                  20014740    00000016                 : uart.obj (.text:UARTCharGet)
                  20014756    00000016     simplelink.a : fs.obj (.text:_sl_Strlen)
                  2001476c    00000016     rtsv7M4_T_le_eabi.lib : memchr.obj (.text)
                  20014782    00000016                           : strchr.obj (.text)
                  20014798    00000016     driverlib.a : udma.obj (.text:uDMAIntRegister)
                  200147ae    00000014                 : cpu.obj (.text:CPUcpsie)
                  200147c2    00000002     --HOLE-- [fill = 0]
                  200147c4    00000014                 : interrupt.obj (.text:IntVTableBaseSet)
                  200147d8    00000014     simplelink.a : driver.obj (.text:_SlDrvShiftDWord)
                  200147ec    00000014     rtsv7M4_T_le_eabi.lib : _lock.obj (.text)
                  20014800    00000014                           : strlen.obj (.text)
                  20014814    00000014     driverlib.a : udma.obj (.text:uDMAControlBaseSet)
                  20014828    00000014                 : udma.obj (.text:uDMAIntClear)
                  2001483c    00000012                 : i2c.obj (.text:I2CMasterControl)
                  2001484e    00000012                 : i2c.obj (.text:I2CMasterIntClearEx)
                  20014860    00000012                 : i2c.obj (.text:I2CMasterTimeoutSet)
                  20014872    00000012                 : timer.obj (.text:TimerIntClear)
                  20014884    00000012     rtsv7M4_T_le_eabi.lib : copy_zero_init.obj (.text:decompress:ZI)
                  20014896    00000012     simplelink.a : netapp.obj (.text:sl_NetAppMDNSUnRegisterService)
                  200148a8    00000012     driverlib.a : udma.obj (.text:uDMAIntUnregister)
                  200148ba    00000002     --HOLE-- [fill = 0]
                  200148bc    00000010     simplelink.a : cc_pal.obj (.text:NwpMaskInterrupt)
                  200148cc    00000010                  : socket.obj (.text:SL_FD_SET)
                  200148dc    00000010     rtsv7M4_T_le_eabi.lib : strcpy.obj (.text)
                  200148ec    00000010                           : tolower.obj (.text)
                  200148fc    0000000e     driverlib.a : i2c.obj (.text:I2CMasterDataGet)
                  2001490a    0000000e     rtsv7M4_T_le_eabi.lib : copy_decompress_none.obj (.text:decompress:none)
                  20014918    0000000e                           : xdclass.obj (.text)
                  20014926    0000000e     startup_ccs.obj (.text)
                  20014934    0000000c     simplelink.a : cc_pal.obj (.text:NwpUnMaskInterrupt)
                  20014940    0000000c     driverlib.a : udma.obj (.text:uDMADisable)
                  2001494c    0000000c                 : udma.obj (.text:uDMAEnable)
                  20014958    0000000c                 : udma.obj (.text:uDMAIntStatus)
                  20014964    0000000a                 : interrupt.obj (.text:IntMasterEnable)
                  2001496e    00000008     simplelink.a : wlan.obj (.text:sl_WlanDisconnect)
                  20014976    00000006     i2cconfig.obj (.text:MT9D111Delay)
                  2001497c    00000006     simplelink.a : socket.obj (.text:SL_FD_ZERO)
                  20014982    00000006     driverlib.a : utils.obj (.text:UtilsDelay)
                  20014988    00000006     rtsv7M4_T_le_eabi.lib : copy_decompress_rle.obj (.text:decompress:rle24)
                  2001498e    00000006                           : log.obj (.text)
                  20014994    00000004                           : error.obj (.text)
                  20014998    00000004                           : xldtest.obj (.text)

.const     0    200149a0    00000a75     
                  200149a0    0000013c     mt9d111.obj (.const:init_cmds_list)
                  20014adc    00000102     rtsv7M4_T_le_eabi.lib : ctype.obj (.const:.string:_ctypes_)
                  20014bde    00000002     --HOLE-- [fill = 0]
                  20014be0    00000100     driverlib.a : pin.obj (.const:g_ulPinToPadMap)
                  20014ce0    000000ec     simplelink.a : wlan.obj (.const)
                  20014dcc    000000d4     driverlib.a : interrupt.obj (.const:g_pulRegs)
                  20014ea0    000000ac     mt9d111.obj (.const:capture_cmds_list)
                  20014f4c    000000a8     driverlib.a : prcm.obj (.const:PRCM_PeriphRegsList)
                  20014ff4    00000004     --HOLE-- [fill = 0]
                  20014ff8    00000088     rtsv7M4_T_le_eabi.lib : xlatan.obj (.const)
                  20015080    00000080     driverlib.a : interrupt.obj (.const)
                  20015100    00000051     network_relater_fns.obj (.const:.string)
                  20015151    00000003     --HOLE-- [fill = 0]
                  20015154    0000004c     simplelink.a : driver.obj (.const)
                  200151a0    00000048     rtsv7M4_T_le_eabi.lib : xexp.obj (.const)
                  200151e8    00000038                           : xlog.obj (.const:p)
                  20015220    00000038     simplelink.a : fs.obj (.const)
                  20015258    00000034                  : socket.obj (.const)
                  2001528c    00000030     rtsv7M4_T_le_eabi.lib : xdint.obj (.const)
                  200152bc    0000002c     libparse.a : cc3200_utils.obj (.const:$P$T0$1)
                  200152e8    0000002c     network_relater_fns.obj (.const:$P$T1$2)
                  20015314    00000028     simplelink.a : netapp.obj (.const)
                  2001533c    00000022     network_relater_fns.obj (.const:.string:$P$T0$1)
                  2001535e    00000022     mt9d111.obj (.const:.string)
                  20015380    00000020     network_relater_fns.obj (.const)
                  200153a0    00000018     driverlib.a : spi.obj (.const)
                  200153b8    00000017     libparse.a : request.obj (.const:.string)
                  200153cf    00000016     camera_app.obj (.const:.string)
                  200153e5    00000003     --HOLE-- [fill = 0]
                  200153e8    00000014     simplelink.a : device.obj (.const)
                  200153fc    0000000b     app_common.obj (.const:.string)
                  20015407    00000001     --HOLE-- [fill = 0]
                  20015408    00000008     simplelink.a : netcfg.obj (.const)
                  20015410    00000005     main.obj (.const:.string)

.cinit     0    20015418    00000bb0     
                  20015418    00000b8a     (.cinit..data.load) [load image, compression = rle]
                  20015fa2    00000002     --HOLE-- [fill = 0]
                  20015fa4    0000000c     (__TI_handler_table)
                  20015fb0    00000008     (.cinit..bss.load) [load image, compression = zero_init]
                  20015fb8    00000010     (__TI_cinit_table)

.bss       0    20018000    0001e905     UNINITIALIZED
                  20018000    0001e000     main.obj (.bss:g_image_buffer)
                  20036000    00000400     udma_if.obj (.bss:gpCtlTbl)
                  20036400    00000120     rtsv7M4_T_le_eabi.lib : trgmsg.obj (.bss:__CIOBUF_)
                  20036520    00000100     udma_if.obj (.bss:gfpAppCallbackHndl)
                  20036620    000000c8     free_rtos.a : tasks.obj (.bss:pxReadyTasksLists)
                  200366e8    000000a0     rtsv7M4_T_le_eabi.lib : defs.obj (.bss:__TI_tmpnams)
                  20036788    00000050     free_rtos.a : queue.obj (.bss:xQueueRegistry)
                  200367d8    00000034     libparse.a : cc3200_client_state.obj (.bss:clientStateFileName)
                  2003680c    00000024     network_relater_fns.obj (.bss:g_ucConnectionSSID)
                  20036830    0000001c     rtsv7M4_T_le_eabi.lib : vla_alloc.obj (.bss)
                  2003684c    00000014     (.common:g_flag_blockFull)
                  20036860    00000014     (.common:xDelayedTaskList1)
                  20036874    00000014     (.common:xDelayedTaskList2)
                  20036888    00000014     (.common:xPendingReadyList)
                  2003689c    00000014     (.common:xSuspendedTaskList)
                  200368b0    00000014     (.common:xTasksWaitingTermination)
                  200368c4    00000008     (.common:g_ucConnectionBSSID)
                  200368cc    00000008     (.common:parmbuf)
                  200368d4    00000004     (.common:__Errorlog)
                  200368d8    00000004     (.common:dataBuffer)
                  200368dc    00000004     (.common:g_block_lastFilled)
                  200368e0    00000004     (.common:g_frame_size_in_bytes)
                  200368e4    00000004     (.common:g_header_length)
                  200368e8    00000004     (.common:g_position_in_block)
                  200368ec    00000004     (.common:g_readHeader)
                  200368f0    00000004     (.common:g_total_dma_intrpts)
                  200368f4    00000004     (.common:pxDelayedTaskList)
                  200368f8    00000004     (.common:pxOverflowDelayedTaskList)
                  200368fc    00000004     (.common:v_TimerOverflows)
                  20036900    00000001     (.common:g_CaptureImage)
                  20036901    00000001     (.common:g_dma_txn_done)
                  20036902    00000001     (.common:g_flag_DataBlockFilled)
                  20036903    00000001     (.common:g_frame_end)
                  20036904    00000001     (.common:iDone)

.sysmem    0    20036908    00004000     UNINITIALIZED
                  20036908    00000008     rtsv7M4_T_le_eabi.lib : memory.obj (.sysmem)
                  20036910    00003ff8     --HOLE--


LINKER GENERATED COPY TABLES

__TI_cinit_table @ 20015fb8 records: 2, size/record: 8, table size: 16
	.data: load addr=20015418, load size=00000b8a bytes, run addr=20000000, run size=00001540 bytes, compression=rle
	.bss: load addr=20015fb0, load size=00000008 bytes, run addr=20018000, run size=0001e905 bytes, compression=zero_init


LINKER GENERATED HANDLER TABLE

__TI_handler_table @ 20015fa4 records: 3, size/record: 4, table size: 12
	index: 0, handler: __TI_decompress_rle24
	index: 1, handler: __TI_decompress_none
	index: 2, handler: __TI_zero_init


GLOBAL SYMBOLS: SORTED ALPHABETICALLY BY Name 

address    name
--------   ----
200135b1   C$$EXIT
20012d7f   C$$IO$$
200147af   CPUcpsie
20007571   CamControllerInit
20014279   CameraCaptureStart
200139b1   CameraCaptureStop
200146bd   CameraDMAEnable
20014135   CameraIntClear
20013ec5   CameraIntEnable
200146d3   CameraIntRegister
20014021   CameraIntStatus
20013b73   CameraParamsConfig
200145b5   CameraReset
2000d7ed   CameraSensorInit
200140e9   CameraThresholdSet
200139eb   CameraXClkConfig
20007135   CaptureAndStore_Image
2000e1b5   ClearTerm
200117f9   CollectTxit_ImgTempRH
200067e1   ConfigureMode
20006541   ConfigureSimpleLinkToDefaultState
2000681d   ConnectToNetwork
20006985   ConnectToNetwork_2
20006a47   ConnectToNetwork_STA
20006a2b   ConnectToNetwork_STA_2
2000d5f1   ConstructDeviceStateObject
200144e5   CopyPingResultsToReport
20001324   DMAMsgQ
2000e981   DMASetupTransfer
2000152c   DigiCertHighAssuranceEVRootCA_der_len
2000e84b   DmaErrorIntHandler
20013ef1   DmaSpiSwIntHandler
2000e839   DmaSwIntHandler
2000e1bb   Error
20009791   FXOS8700CQ_Init
2000987d   FXOS8700CQ_Mag_Calibration
20013b3d   GPIODirModeSet
200145cd   GPIOPinRead
2000e1ef   GetCmd
200109a5   GetTimeDuration
2000d289   HOSTclock
2000d251   HOSTclose
2000d213   HOSTgetenv
2000d1b7   HOSTlseek
2000d165   HOSTopen
2000d119   HOSTread
2000d0bb   HOSTrename
2000d081   HOSTtime
2000d049   HOSTunlink
2000cffd   HOSTwrite
2000ecff   I2CBufferRead
2000eda7   I2CBufferWrite
2000ece1   I2CInit
2001483d   I2CMasterControl
200148fd   I2CMasterDataGet
200146e9   I2CMasterDataPut
200146ff   I2CMasterEnable
20013f1d   I2CMasterErr
20011fc9   I2CMasterInitExpClk
2001484f   I2CMasterIntClearEx
200143a5   I2CMasterIntStatusEx
2001429b   I2CMasterSlaveAddrSet
20014861   I2CMasterTimeoutSet
2000eb43   I2C_IF_Close
2000eb19   I2C_IF_Open
2000ea91   I2C_IF_Read
2000eaf9   I2C_IF_ReadFrom
2000ea2f   I2C_IF_Write
2000e17d   InitTerm
2000d571   InitialiseParse
20006519   InitializeAppVariables
2001094f   InitializeTimer
20011391   IntDisable
20011439   IntEnable
20014965   IntMasterEnable
20012e6d   IntPendClear
20012fcd   IntPrioritySet
20014345   IntRegister
20014159   IntUnregister
200147c5   IntVTableBaseSet
20000000   JPEG_StdHuffmanTbl
2000137c   JPEG_StdQuantTblC
200013bc   JPEG_StdQuantTblY
20014977   MT9D111Delay
2000ca25   Main_Task
2000e19b   Message
200148bd   NwpMaskInterrupt
20013885   NwpPowerOff
20013d49   NwpPowerOn
200120d1   NwpPowerOnPreamble
200142bd   NwpRegisterInterruptHandler
20014935   NwpUnMaskInterrupt
2000f36d   PRCMCC3200MCUInit
20014715   PRCMHIBRegRead
2001472b   PRCMHIBRegWrite
20014049   PRCMPeripheralClkDisable
200138c1   PRCMPeripheralClkEnable
200119c1   PRCMPeripheralClockGet
20012ec5   PRCMPeripheralReset
20013ba9   PRCMPeripheralStatusGet
20013f49   PRCMSysResetCauseGet
20011d25   PinConfigSet
20013705   PinModeSet
20011183   PinMuxConfig
200144ff   PinTypeCamera
20013d79   PinTypeGPIO
2001443b   PinTypeI2C
20014519   PinTypeUART
2000e299   Report
20014927   ResetISR
UNDEFED    SHT$$INIT_ARRAY$$Base
UNDEFED    SHT$$INIT_ARRAY$$Limit
200148cd   SL_FD_SET
2001497d   SL_FD_ZERO
200145e5   SPICSDisable
200145fd   SPICSEnable
20011589   SPIConfigSetExpClk
20014615   SPIDisable
20014533   SPIDmaDisable
2001454d   SPIDmaEnable
2001462d   SPIEnable
20014567   SPIFIFODisable
20014581   SPIFIFOEnable
20013bdd   SPIFIFOLevelSet
2001337d   SPIIntClear
2001316d   SPIIntEnable
200142df   SPIReset
20014301   SPIWordCountSet
2000e8c9   SetupTransfer
20006dd5   SimpleLinkHttpServerCallback
20006cd9   SimpleLinkNetAppEventHandler
20006d7d   SimpleLinkSockEventHandler
20006bf5   SimpleLinkWlanEventHandler
2000d7f5   StartSensorInJpegMode
2001097b   StartTimer
20010997   StopTimer
2001093d   TimerBaseIntHandler
20013529   TimerConfigure
200143c3   TimerDisable
200143e1   TimerEnable
20014873   TimerIntClear
20014645   TimerIntDisable
2001465d   TimerIntEnable
20012681   TimerIntRegister
200143ff   TimerIntStatus
2001283d   TimerIntUnregister
20013fcd   TimerLoadSet
20013ff7   TimerPrescaleSet
20014457   TimerValueGet
20011565   Timer_IF_DeInit
2001157d   Timer_IF_GetCount
200114e1   Timer_IF_Init
2001150b   Timer_IF_IntSetup
2001153d   Timer_IF_InterruptClear
20013fcd   Timer_IF_ReLoad
20011551   Timer_IF_Start
200143c3   Timer_IF_Stop
2000e24f   TrimSpace
20014741   UARTCharGet
2001441d   UARTCharPut
200124ad   UARTConfigSetExpClk
20013da9   UARTDisable
2001417d   UARTEnable
2000e8a1   UDMAChannelSelect
2000e96d   UDMADeInit
2000e857   UDMAInit
2000e8ff   UDMASetupAutoMemTransfer
2000e923   UDMASetupPingPongTransfer
200144ad   UDMAStopTransfer
2000d587   UploadImageToParse
2000d5a5   UploadSensorDataToParse
20014983   UtilsDelay
2000b705   VDeleteSimpleLinkSpawnTask
2000b6b5   VStartSimpleLinkSpawnTask
20014919   _Dclass
200011c0   _Denorm
20010ae1   _Dint
20010ba5   _Dnorm
2000fc99   _Dscale
20013639   _Dtest
20012b09   _Dunscale
200011d0   _Eps
20001530   _Errno
2000d9f1   _Exp
200012b0   _FDenorm
200012c0   _FEps
200012d0   _FInf
200012e0   _FNan
20001300   _FRteps
200012f0   _FSnan
20001310   _FXbig
20001314   _FZero
20001518   _Fenv
20013e09   _Feraise
200011e0   _Hugeval
200011f0   _Inf
2000eb59   _LAtan
20001240   _LDenorm
20014999   _LDtest
20001250   _LEps
20001260   _LInf
20001270   _LNan
20001290   _LRteps
20001280   _LSnan
200012a0   _LXbig
200012a8   _LZero
2000cd19   _Log
20001200   _Nan
20001220   _Rteps
20015278   _SlAcceptCmdCtrl
20015168   _SlActionLookupTable
2000c3c1   _SlAsyncEventGenericHandler
200153f4   _SlDeviceGetCmdCtrl
200153f8   _SlDeviceSetCmdCtrl
20013c11   _SlDrvBasicCmd
20011a55   _SlDrvClassifyRxMsg
2001204d   _SlDrvCmdOp
20014365   _SlDrvCmdSend
2000ee51   _SlDrvDataReadOp
2000f705   _SlDrvDataWriteOp
2001459b   _SlDrvDeviceEventHandler
20012f1d   _SlDrvDriverCBDeinit
20012151   _SlDrvDriverCBInit
20013f75   _SlDrvFlowContDeinit
20013fa1   _SlDrvFlowContInit
2000c019   _SlDrvMsgRead
20010f69   _SlDrvMsgReadCmdCtx
20011b7d   _SlDrvMsgReadSpawnCtx
2000fa75   _SlDrvMsgWrite
200110d1   _SlDrvNetAppEventHandler
20014475   _SlDrvObjDeInit
200138fd   _SlDrvObjInit
200100c9   _SlDrvReleasePoolObj
2000efb5   _SlDrvRxHdrRead
20013745   _SlDrvRxIrqHandler
200147d9   _SlDrvShiftDWord
2000fda9   _SlDrvWaitForPoolObj
200153f0   _SlEventMaskGetCmdCtrl
200153ec   _SlEventMaskSetCmdCtrl
20011761   _SlFindAndSetActiveObj
20015224   _SlFsCloseCmdCtrl
20015234   _SlFsDeleteCmdCtrl
20015230   _SlFsGetInfoCmdCtrl
20015220   _SlFsOpenCmdCtrl
20015228   _SlFsReadCmdCtrl
2001522c   _SlFsWriteCmdCtrl
2001532c   _SlGetHostByNameCtrl
20015328   _SlGetHostByServiceCtrl
20015320   _SlGetServiceListeCtrl
20015284   _SlGetSockOptCmdCtrl
20015274   _SlListenCmdCtrl
20015338   _SlNetAppGetCmdCtrl
20015334   _SlNetAppSendTokenValueCmdCtrl
20015330   _SlNetAppSetCmdCtrl
20015318   _SlNetAppStartCtrl
2001531c   _SlNetAppStopCtrl
2001540c   _SlNetCfgGetCmdCtrl
20015408   _SlNetCfgSetCmdCtrl
20014ce8   _SlPolicyGetCmdCtrl
20014ce4   _SlPolicySetCmdCtrl
20014cf0   _SlProfileDelCmdCtrl
20014cec   _SlProfileGetCmdCtrl
2001527c   _SlRecvCmdCtrl
2001526c   _SlRecvfomCmdCtrl
20015324   _SlRegisterServiceCtrl
20013785   _SlRemoveFromList
20014cf8   _SlRxFilterAddtCmdCtrl
20014d00   _SlRxFilterGetCmdCtrl
20014cfc   _SlRxFilterSetCmdCtrl
20015288   _SlSelectCmdCtrl
20015270   _SlSendCmdCtrl
20015280   _SlSetSockOptCmdCtrl
20014d04   _SlSmartConfigStartCmdCtrl
20015268   _SlSockCloseCmdCtrl
20015264   _SlSockSocketCmdCtrl
200153e8   _SlStopCmdCtrl
20014d10   _SlWlanCfgGetCmdCtrl
20014d0c   _SlWlanCfgSetCmdCtrl
20014cf4   _SlWlanGetNetworkListCtrl
20014d08   _SlWlanSetModeCmdCtrl
20001210   _Snan
2000151c   _Tls_setup__Fenv
20001230   _Xbig
20001238   _Zero
20036400   __CIOBUF_
20004000   __STACK_END
00001000   __STACK_SIZE
00004000   __SYSMEM_SIZE
20015fb8   __TI_CINIT_Base
20015fc8   __TI_CINIT_Limit
20015fa4   __TI_Handler_Table_Base
20015fb0   __TI_Handler_Table_Limit
00000001   __TI_args_main
20011ae9   __TI_auto_init
2000e085   __TI_cleanup
20001510   __TI_cleanup_ptr
20011891   __TI_closefile
2001490b   __TI_decompress_none
20014989   __TI_decompress_rle24
20010d2d   __TI_doflush
20001514   __TI_dtors_ptr
200014cc   __TI_ft_end
2000620f   __TI_printfi
20011347   __TI_rd_ok
20012d83   __TI_readmsg
20015418   __TI_static_base__
200366e8   __TI_tmpnams
20012d55   __TI_writemsg
200112e5   __TI_wrt_ok
20014885   __TI_zero_init
20014995   __abort_execution
20011ebd   __aeabi_cdcmpeq
20011ebd   __aeabi_cdcmple
20011f43   __aeabi_cdrcmple
20012c35   __aeabi_cfcmpeq
20012c35   __aeabi_cfcmple
20012c95   __aeabi_cfrcmple
20013333   __aeabi_d2f
200133c5   __aeabi_d2iz
200135f5   __aeabi_d2uiz
2000e33f   __aeabi_dadd
2000f235   __aeabi_ddiv
200102d1   __aeabi_dmul
2000e335   __aeabi_dsub
20013a5d   __aeabi_f2d
20013a95   __aeabi_f2iz
20013cad   __aeabi_f2uiz
200103d1   __aeabi_fadd
20012341   __aeabi_fmul
200103cd   __aeabi_fsub
20013e69   __aeabi_i2d
20013acd   __aeabi_i2f
2001468d   __aeabi_lmul
20012435   __aeabi_memclr
20012435   __aeabi_memclr4
20012435   __aeabi_memclr8
200116c5   __aeabi_memcpy
200116c5   __aeabi_memcpy4
200116c5   __aeabi_memcpy8
20012437   __aeabi_memset
20012437   __aeabi_memset4
20012437   __aeabi_memset8
200014d8   __aeabi_stderr
200014d0   __aeabi_stdin
200014d4   __aeabi_stdout
20014385   __aeabi_ui2d
200141c5   __aeabi_ui2f
2000dbed   __aeabi_uldivmod
ffffffff   __binit__
ffffffff   __c_args__
20003000   __stack
2000d3df   __vla_alloc
2000d2d1   __vla_dealloc
2000d35f   __vla_dealloc_eh
20014675   _args_main
20013c45   _c_int00
20014adc   _ctypes_
20000f50   _ftable
20001508   _lock
200147fb   _nop
200147f3   _register_lock
200147ed   _register_unlock
20014071   _sl_BuildAddress
200129dd   _sl_GetCreateFsMode
200132e9   _sl_GetStartResponseConvert
20012a41   _sl_HandleAsync_Accept
200128a5   _sl_HandleAsync_Connect
200121cd   _sl_HandleAsync_DnsGetHostByName
2001290d   _sl_HandleAsync_DnsGetHostByService
20012525   _sl_HandleAsync_InitComplete
200126f1   _sl_HandleAsync_PingResponse
20012f75   _sl_HandleAsync_Select
20013021   _sl_HandleAsync_Stop
20014757   _sl_Strlen
20012761   _sl_TruncatePayloadByProtocol
20036908   _sys_memory
2000150c   _unlock
200135b5   abort
2000e59b   addHttpRequestHeader
2000e5c9   addHttpRequestHeaderInt
2000e4ed   addHttpRequestLine
2000c96f   add_device
200101cd   atan2l
200131b9   atoi
2000e557   beginHttpGetRequest
2000e535   beginHttpRequest
ffffffff   binit
2000886f   buildRequestHeaders
2000bc2d   calloc
20009741   clearAccelMotionIntrpt
200367d8   clientStateFileName
2000c91d   close
200014c4   cnt
200091f7   configureFXOS8700
2001356d   copy_in
2000a2cb   createInstallation
20009c95   createNewInstallationId
200368d8   dataBuffer
200014c8   dataBufferSize
2001101d   debugPrint
2001103f   debugPrintf
20004691   eTaskGetState
2000dde1   ensureCertificateFile
200135bd   exit
200118f7   fclose
20013c79   feraiseexcept
20009c21   fetchDeviceOSVersion
20010d79   fflush
2000aa37   findSecondJson
2000e0db   fopen
200127d9   fprintf
20011629   fputc
2000f4a1   fputs
2000b987   free
2000e0b1   freopen
20012aa5   fseek
20000dd0   gFirstCmdMode
20036900   g_CaptureImage
20015160   g_H2NCnysPattern
20015158   g_H2NSyncPattern
20001318   g_SpiFd
20000dd8   g_StatMem
200368dc   g_block_lastFilled
20001328   g_cDummy
200153b8   g_deviceClientVersion
20036902   g_flag_DataBlockFilled
2003684c   g_flag_blockFull
20036903   g_frame_end
200368e0   g_frame_size_in_bytes
20000600   g_header
200368e4   g_header_length
20018000   g_image_buffer
2000149c   g_osVersion
20000dd4   g_pCB
2000131c   g_pHostIntHdl
20004000   g_pfnVectors
200368e8   g_position_in_block
200368ec   g_readHeader
200368c4   g_ucConnectionBSSID
2003680c   g_ucConnectionSSID
20001320   g_ucDMAEnabled
2000132c   g_ucDinDout
200014f0   g_uiSimplelinkRole
200014ec   g_ulGatewayIP
20001504   g_ulPingPacketsRecv
200014e8   g_ulStatus
200095ad   getAccelerationMagnitude
20009473   getDoorDirection
2000e617   getHttpResponseBody
2000e5eb   getHttpResponseStatus
2000a31b   getInstallation
2000fa07   getInternalClient
20009529   getMagnFlux_3axis
2000aa87   getPushJson
20036520   gfpAppCallbackHndl
20036000   gpCtlTbl
2000feb5   i2cReadRegisters
2000ff61   i2cReadRegistersTwoBytes
2000fef7   i2cWriteRegisters
20036904   iDone
20006ad1   initNetwork
2001311d   intToASCII
2000aa63   isCompleteJson
20009bbd   isPingTime
2000bc65   loadClientState
2001498f   log
2000c8f9   lseek
20012e13   ltoa
2000cac5   main
2000153c   main_func_sp
2000b925   malloc
2000b809   mem_Free
2000b7fd   mem_Malloc
2000b829   mem_copy
2000b815   mem_set
2000bb4d   memalign
20014491   memccpy
2001476d   memchr
20014323   memcmp
200116c5   memcpy
200141a1   memmove
2001243d   memset
2000b899   minit
2000c84b   open
2000b87f   osi_ContextRestore
2000b87d   osi_ContextSave
2000b83d   osi_EnterCritical
2000b847   osi_ExitCritical
2000b463   osi_InterruptDeRegister
2000b43d   osi_InterruptRegister
2000b56d   osi_LockObjCreate
2000b5e1   osi_LockObjDelete
2000b5f1   osi_LockObjLock
2000b61d   osi_LockObjUnlock
2000b731   osi_MsgQCreate
2000b775   osi_MsgQDelete
2000b7c1   osi_MsgQRead
2000b78f   osi_MsgQWrite
2000b859   osi_Sleep
2000b647   osi_Spawn
2000b54b   osi_SyncObjClear
2000b475   osi_SyncObjCreate
2000b4a5   osi_SyncObjDelete
2000b4bf   osi_SyncObjSignal
2000b4e7   osi_SyncObjSignalFromISR
2000b51f   osi_SyncObjWait
2000b593   osi_TaskCreate
2000b5d3   osi_TaskDelete
2000b869   osi_TaskDisable
2000b873   osi_TaskEnable
2000b851   osi_start
20000dcc   pPingCallBackFunc
20009017   parseGetErrorCode
2000a53d   parseGetInstallationId
2000f95d   parseInitialize
20008fe1   parseSendRequest
20008f71   parseSendRequestInternal
2000a48f   parseSetInstallationId
200153fc   pcDigits
20004bb5   pcTaskGetTaskName
20010f61   portCLZ
2000afad   pow
20010f49   prvPortStartFirstTask
200116ad   putc
200116b1   putchar
2000f5ad   puts
20013a25   pvPortMalloc
2000143c   pxCurrentTCB
2000fb89   pxPortInitialiseStack
20013e97   raise
2001321b   rand
2000c827   read
2000ba47   realloc
2000c79d   remove
2000c7ff   remove_device
2000c7c1   rename
2000d5b9   retreiveImageIDfromHTTPResponse
2000bd77   saveClientState
20008df1   sendRequest
2000884d   setDataBufferPointer
20009431   setMotionDetectionThreshold
20010789   setvbuf
200137c5   signal
2000a66d   simpleJsonProcessor
200141e9   sl_Close
200105b9   sl_Connect
20012249   sl_DevGet
2001340d   sl_DevSet
200122c5   sl_FsClose
20013455   sl_FsDel
20012975   sl_FsGetInfo
20013075   sl_FsOpen
20011c0d   sl_FsRead
20011c99   sl_FsWrite
20013b05   sl_Htonl
20013d15   sl_Htons
20010865   sl_NetAppDnsGetHostByName
20011e35   sl_NetAppMDNSRegisterUnregisterService
20014897   sl_NetAppMDNSUnRegisterService
200130c9   sl_NetAppSendTokenValue
2001420d   sl_NetAppStart
20014231   sl_NetAppStop
2001367d   sl_NetCfgSet
200136c1   sl_Recv
2000ffc1   sl_Select
20011235   sl_Send
20013251   sl_SetSockOpt
20013e39   sl_Socket
20010ded   sl_Start
20010c69   sl_Stop
2000e69d   sl_WlanConnect
2001496f   sl_WlanDisconnect
20012599   sl_WlanGet
20013805   sl_WlanPolicySet
20014255   sl_WlanProfileDel
20013845   sl_WlanRxFilterSet
2001349d   sl_WlanSet
200140c1   sl_WlanSetMode
20011929   snprintf
2000aea9   socketClose
2000ad0d   socketRead
2000ab71   socketSslConnect
2000ab11   socketWait
2000ae09   socketWrite
2001260d   spi_Close
2000f5d5   spi_Open
20010a15   spi_Read
200106a1   spi_Write
20012cf5   sprintf
2000f0f5   sqrt
20013205   srand
200014c2   sshPort
20014783   strchr
200146a5   strcmp
200148dd   strcpy
20014801   strlen
20013939   strncasecmp
20014099   strncat
2001410f   strncmp
20013dd9   strncpy
20013ce1   strstr
200148ed   tolower
2001329d   uDMAChannelAssign
20012b6d   uDMAChannelAttributeDisable
20012bd1   uDMAChannelAttributeEnable
20013975   uDMAChannelControlSet
200144ad   uDMAChannelDisable
200144c9   uDMAChannelEnable
200104c9   uDMAChannelTransferSet
20014815   uDMAControlBaseSet
20014941   uDMADisable
2001494d   uDMAEnable
20014829   uDMAIntClear
20014799   uDMAIntRegister
20014959   uDMAIntStatus
200148a9   uDMAIntUnregister
200084a9   ucQueueGetQueueType
20010eb1   ulPortSetInterruptMask
2000c79d   unlink
20009701   updateConfigReg
20009c17   updateLastPingTime
2000f913   uxListRemove
20008489   uxQueueGetQueueNumber
2000841d   uxQueueMessagesWaiting
20008453   uxQueueMessagesWaitingFromISR
20008433   uxQueueSpacesAvailable
20004ba9   uxTaskGetNumberOfTasks
20004bd9   uxTaskGetSystemState
200050c9   uxTaskGetTaskNumber
20004725   uxTaskPriorityGet
20005621   uxTaskResetEventItemValue
2000ca1f   vApplicationIdleHook
2000ca21   vApplicationMallocFailedHook
2000ca23   vApplicationStackOverflowHook
2000ca1d   vAssertCalled
2000f831   vListInitialise
2000f861   vListInitialiseItem
2000f8ad   vListInsert
2000f871   vListInsertEnd
20010ec7   vPortClearInterruptMask
2000fc05   vPortEndScheduler
2000fc19   vPortEnterCritical
2000fc31   vPortExitCritical
20013a45   vPortFree
20010f21   vPortSVCHandler
2000fc65   vPortSetupTimerInterrupt
2000fc07   vPortYield
200086c3   vQueueAddToRegistry
20008465   vQueueDelete
20008497   vQueueSetQueueNumber
20008705   vQueueUnregisterQueue
2000463b   vTaskDelay
2000459f   vTaskDelayUntil
2000450f   vTaskDelete
20004a8d   vTaskEndScheduler
200050bb   vTaskMissedYield
20004e51   vTaskPlaceOnEventList
20004eb5   vTaskPlaceOnUnorderedEventList
20005597   vTaskPriorityDisinherit
200054dd   vTaskPriorityInherit
2000475d   vTaskPrioritySet
20004955   vTaskResume
200050e9   vTaskSetTaskNumber
2000501b   vTaskSetTimeOutState
20004a43   vTaskStartScheduler
20004861   vTaskSuspend
20004a9f   vTaskSuspendAll
20004dd1   vTaskSwitchContext
200368fc   v_TimerOverflows
200091c9   verifyAccelMagnSensor
20011dad   vsnprintf
2000c70d   write
20009a27   writeMagntCalibrationValue
200014dc   xHigherPriorityTaskWoken
20010ed5   xPortPendSVHandler
2000fbd9   xPortStartScheduler
2000fc49   xPortSysTickHandler
20008753   xQueueAddToSet
20008085   xQueueAltGenericReceive
20007fd9   xQueueAltGenericSend
20007ead   xQueueCreateCountingSemaphore
20007e2f   xQueueCreateMutex
2000873f   xQueueCreateSet
20007db9   xQueueGenericCreate
2000821f   xQueueGenericReceive
20007d29   xQueueGenericReset
20007ecd   xQueueGenericSend
20008183   xQueueGenericSendFromISR
2000865f   xQueueIsQueueEmptyFromISR
200086a1   xQueueIsQueueFullFromISR
200083d9   xQueuePeekFromISR
20008361   xQueueReceiveFromISR
20036788   xQueueRegistry
20008787   xQueueRemoveFromSet
200087c9   xQueueSelectFromSet
200087e3   xQueueSelectFromSetFromISR
200014e0   xSimpleLinkSpawnQueue
200014e4   xSimpleLinkSpawnTaskHndl
20005041   xTaskCheckForTimeOut
20004401   xTaskGenericCreate
20005491   xTaskGetCurrentTaskHandle
20004c97   xTaskGetIdleTaskHandle
200054a5   xTaskGetSchedulerState
20004b7d   xTaskGetTickCount
20004b91   xTaskGetTickCountFromISR
20004cb5   xTaskIncrementTick
20004f25   xTaskRemoveFromEventList
20004fad   xTaskRemoveFromUnorderedEventList
20004ab1   xTaskResumeAll
200049c9   xTaskResumeFromISR


GLOBAL SYMBOLS: SORTED BY Symbol Address 

address    name
--------   ----
00000001   __TI_args_main
00001000   __STACK_SIZE
00004000   __SYSMEM_SIZE
20000000   JPEG_StdHuffmanTbl
20000600   g_header
20000dcc   pPingCallBackFunc
20000dd0   gFirstCmdMode
20000dd4   g_pCB
20000dd8   g_StatMem
20000f50   _ftable
200011c0   _Denorm
200011d0   _Eps
200011e0   _Hugeval
200011f0   _Inf
20001200   _Nan
20001210   _Snan
20001220   _Rteps
20001230   _Xbig
20001238   _Zero
20001240   _LDenorm
20001250   _LEps
20001260   _LInf
20001270   _LNan
20001280   _LSnan
20001290   _LRteps
200012a0   _LXbig
200012a8   _LZero
200012b0   _FDenorm
200012c0   _FEps
200012d0   _FInf
200012e0   _FNan
200012f0   _FSnan
20001300   _FRteps
20001310   _FXbig
20001314   _FZero
20001318   g_SpiFd
2000131c   g_pHostIntHdl
20001320   g_ucDMAEnabled
20001324   DMAMsgQ
20001328   g_cDummy
2000132c   g_ucDinDout
2000137c   JPEG_StdQuantTblC
200013bc   JPEG_StdQuantTblY
2000143c   pxCurrentTCB
2000149c   g_osVersion
200014c2   sshPort
200014c4   cnt
200014c8   dataBufferSize
200014cc   __TI_ft_end
200014d0   __aeabi_stdin
200014d4   __aeabi_stdout
200014d8   __aeabi_stderr
200014dc   xHigherPriorityTaskWoken
200014e0   xSimpleLinkSpawnQueue
200014e4   xSimpleLinkSpawnTaskHndl
200014e8   g_ulStatus
200014ec   g_ulGatewayIP
200014f0   g_uiSimplelinkRole
20001504   g_ulPingPacketsRecv
20001508   _lock
2000150c   _unlock
20001510   __TI_cleanup_ptr
20001514   __TI_dtors_ptr
20001518   _Fenv
2000151c   _Tls_setup__Fenv
2000152c   DigiCertHighAssuranceEVRootCA_der_len
20001530   _Errno
2000153c   main_func_sp
20003000   __stack
20004000   __STACK_END
20004000   g_pfnVectors
20004401   xTaskGenericCreate
2000450f   vTaskDelete
2000459f   vTaskDelayUntil
2000463b   vTaskDelay
20004691   eTaskGetState
20004725   uxTaskPriorityGet
2000475d   vTaskPrioritySet
20004861   vTaskSuspend
20004955   vTaskResume
200049c9   xTaskResumeFromISR
20004a43   vTaskStartScheduler
20004a8d   vTaskEndScheduler
20004a9f   vTaskSuspendAll
20004ab1   xTaskResumeAll
20004b7d   xTaskGetTickCount
20004b91   xTaskGetTickCountFromISR
20004ba9   uxTaskGetNumberOfTasks
20004bb5   pcTaskGetTaskName
20004bd9   uxTaskGetSystemState
20004c97   xTaskGetIdleTaskHandle
20004cb5   xTaskIncrementTick
20004dd1   vTaskSwitchContext
20004e51   vTaskPlaceOnEventList
20004eb5   vTaskPlaceOnUnorderedEventList
20004f25   xTaskRemoveFromEventList
20004fad   xTaskRemoveFromUnorderedEventList
2000501b   vTaskSetTimeOutState
20005041   xTaskCheckForTimeOut
200050bb   vTaskMissedYield
200050c9   uxTaskGetTaskNumber
200050e9   vTaskSetTaskNumber
20005491   xTaskGetCurrentTaskHandle
200054a5   xTaskGetSchedulerState
200054dd   vTaskPriorityInherit
20005597   vTaskPriorityDisinherit
20005621   uxTaskResetEventItemValue
2000620f   __TI_printfi
20006519   InitializeAppVariables
20006541   ConfigureSimpleLinkToDefaultState
200067e1   ConfigureMode
2000681d   ConnectToNetwork
20006985   ConnectToNetwork_2
20006a2b   ConnectToNetwork_STA_2
20006a47   ConnectToNetwork_STA
20006ad1   initNetwork
20006bf5   SimpleLinkWlanEventHandler
20006cd9   SimpleLinkNetAppEventHandler
20006d7d   SimpleLinkSockEventHandler
20006dd5   SimpleLinkHttpServerCallback
20007135   CaptureAndStore_Image
20007571   CamControllerInit
20007d29   xQueueGenericReset
20007db9   xQueueGenericCreate
20007e2f   xQueueCreateMutex
20007ead   xQueueCreateCountingSemaphore
20007ecd   xQueueGenericSend
20007fd9   xQueueAltGenericSend
20008085   xQueueAltGenericReceive
20008183   xQueueGenericSendFromISR
2000821f   xQueueGenericReceive
20008361   xQueueReceiveFromISR
200083d9   xQueuePeekFromISR
2000841d   uxQueueMessagesWaiting
20008433   uxQueueSpacesAvailable
20008453   uxQueueMessagesWaitingFromISR
20008465   vQueueDelete
20008489   uxQueueGetQueueNumber
20008497   vQueueSetQueueNumber
200084a9   ucQueueGetQueueType
2000865f   xQueueIsQueueEmptyFromISR
200086a1   xQueueIsQueueFullFromISR
200086c3   vQueueAddToRegistry
20008705   vQueueUnregisterQueue
2000873f   xQueueCreateSet
20008753   xQueueAddToSet
20008787   xQueueRemoveFromSet
200087c9   xQueueSelectFromSet
200087e3   xQueueSelectFromSetFromISR
2000884d   setDataBufferPointer
2000886f   buildRequestHeaders
20008df1   sendRequest
20008f71   parseSendRequestInternal
20008fe1   parseSendRequest
20009017   parseGetErrorCode
200091c9   verifyAccelMagnSensor
200091f7   configureFXOS8700
20009431   setMotionDetectionThreshold
20009473   getDoorDirection
20009529   getMagnFlux_3axis
200095ad   getAccelerationMagnitude
20009701   updateConfigReg
20009741   clearAccelMotionIntrpt
20009791   FXOS8700CQ_Init
2000987d   FXOS8700CQ_Mag_Calibration
20009a27   writeMagntCalibrationValue
20009bbd   isPingTime
20009c17   updateLastPingTime
20009c21   fetchDeviceOSVersion
20009c95   createNewInstallationId
2000a2cb   createInstallation
2000a31b   getInstallation
2000a48f   parseSetInstallationId
2000a53d   parseGetInstallationId
2000a66d   simpleJsonProcessor
2000aa37   findSecondJson
2000aa63   isCompleteJson
2000aa87   getPushJson
2000ab11   socketWait
2000ab71   socketSslConnect
2000ad0d   socketRead
2000ae09   socketWrite
2000aea9   socketClose
2000afad   pow
2000b43d   osi_InterruptRegister
2000b463   osi_InterruptDeRegister
2000b475   osi_SyncObjCreate
2000b4a5   osi_SyncObjDelete
2000b4bf   osi_SyncObjSignal
2000b4e7   osi_SyncObjSignalFromISR
2000b51f   osi_SyncObjWait
2000b54b   osi_SyncObjClear
2000b56d   osi_LockObjCreate
2000b593   osi_TaskCreate
2000b5d3   osi_TaskDelete
2000b5e1   osi_LockObjDelete
2000b5f1   osi_LockObjLock
2000b61d   osi_LockObjUnlock
2000b647   osi_Spawn
2000b6b5   VStartSimpleLinkSpawnTask
2000b705   VDeleteSimpleLinkSpawnTask
2000b731   osi_MsgQCreate
2000b775   osi_MsgQDelete
2000b78f   osi_MsgQWrite
2000b7c1   osi_MsgQRead
2000b7fd   mem_Malloc
2000b809   mem_Free
2000b815   mem_set
2000b829   mem_copy
2000b83d   osi_EnterCritical
2000b847   osi_ExitCritical
2000b851   osi_start
2000b859   osi_Sleep
2000b869   osi_TaskDisable
2000b873   osi_TaskEnable
2000b87d   osi_ContextSave
2000b87f   osi_ContextRestore
2000b899   minit
2000b925   malloc
2000b987   free
2000ba47   realloc
2000bb4d   memalign
2000bc2d   calloc
2000bc65   loadClientState
2000bd77   saveClientState
2000c019   _SlDrvMsgRead
2000c3c1   _SlAsyncEventGenericHandler
2000c70d   write
2000c79d   remove
2000c79d   unlink
2000c7c1   rename
2000c7ff   remove_device
2000c827   read
2000c84b   open
2000c8f9   lseek
2000c91d   close
2000c96f   add_device
2000ca1d   vAssertCalled
2000ca1f   vApplicationIdleHook
2000ca21   vApplicationMallocFailedHook
2000ca23   vApplicationStackOverflowHook
2000ca25   Main_Task
2000cac5   main
2000cd19   _Log
2000cffd   HOSTwrite
2000d049   HOSTunlink
2000d081   HOSTtime
2000d0bb   HOSTrename
2000d119   HOSTread
2000d165   HOSTopen
2000d1b7   HOSTlseek
2000d213   HOSTgetenv
2000d251   HOSTclose
2000d289   HOSTclock
2000d2d1   __vla_dealloc
2000d35f   __vla_dealloc_eh
2000d3df   __vla_alloc
2000d571   InitialiseParse
2000d587   UploadImageToParse
2000d5a5   UploadSensorDataToParse
2000d5b9   retreiveImageIDfromHTTPResponse
2000d5f1   ConstructDeviceStateObject
2000d7ed   CameraSensorInit
2000d7f5   StartSensorInJpegMode
2000d9f1   _Exp
2000dbed   __aeabi_uldivmod
2000dde1   ensureCertificateFile
2000e085   __TI_cleanup
2000e0b1   freopen
2000e0db   fopen
2000e17d   InitTerm
2000e19b   Message
2000e1b5   ClearTerm
2000e1bb   Error
2000e1ef   GetCmd
2000e24f   TrimSpace
2000e299   Report
2000e335   __aeabi_dsub
2000e33f   __aeabi_dadd
2000e4ed   addHttpRequestLine
2000e535   beginHttpRequest
2000e557   beginHttpGetRequest
2000e59b   addHttpRequestHeader
2000e5c9   addHttpRequestHeaderInt
2000e5eb   getHttpResponseStatus
2000e617   getHttpResponseBody
2000e69d   sl_WlanConnect
2000e839   DmaSwIntHandler
2000e84b   DmaErrorIntHandler
2000e857   UDMAInit
2000e8a1   UDMAChannelSelect
2000e8c9   SetupTransfer
2000e8ff   UDMASetupAutoMemTransfer
2000e923   UDMASetupPingPongTransfer
2000e96d   UDMADeInit
2000e981   DMASetupTransfer
2000ea2f   I2C_IF_Write
2000ea91   I2C_IF_Read
2000eaf9   I2C_IF_ReadFrom
2000eb19   I2C_IF_Open
2000eb43   I2C_IF_Close
2000eb59   _LAtan
2000ece1   I2CInit
2000ecff   I2CBufferRead
2000eda7   I2CBufferWrite
2000ee51   _SlDrvDataReadOp
2000efb5   _SlDrvRxHdrRead
2000f0f5   sqrt
2000f235   __aeabi_ddiv
2000f36d   PRCMCC3200MCUInit
2000f4a1   fputs
2000f5ad   puts
2000f5d5   spi_Open
2000f705   _SlDrvDataWriteOp
2000f831   vListInitialise
2000f861   vListInitialiseItem
2000f871   vListInsertEnd
2000f8ad   vListInsert
2000f913   uxListRemove
2000f95d   parseInitialize
2000fa07   getInternalClient
2000fa75   _SlDrvMsgWrite
2000fb89   pxPortInitialiseStack
2000fbd9   xPortStartScheduler
2000fc05   vPortEndScheduler
2000fc07   vPortYield
2000fc19   vPortEnterCritical
2000fc31   vPortExitCritical
2000fc49   xPortSysTickHandler
2000fc65   vPortSetupTimerInterrupt
2000fc99   _Dscale
2000fda9   _SlDrvWaitForPoolObj
2000feb5   i2cReadRegisters
2000fef7   i2cWriteRegisters
2000ff61   i2cReadRegistersTwoBytes
2000ffc1   sl_Select
200100c9   _SlDrvReleasePoolObj
200101cd   atan2l
200102d1   __aeabi_dmul
200103cd   __aeabi_fsub
200103d1   __aeabi_fadd
200104c9   uDMAChannelTransferSet
200105b9   sl_Connect
200106a1   spi_Write
20010789   setvbuf
20010865   sl_NetAppDnsGetHostByName
2001093d   TimerBaseIntHandler
2001094f   InitializeTimer
2001097b   StartTimer
20010997   StopTimer
200109a5   GetTimeDuration
20010a15   spi_Read
20010ae1   _Dint
20010ba5   _Dnorm
20010c69   sl_Stop
20010d2d   __TI_doflush
20010d79   fflush
20010ded   sl_Start
20010eb1   ulPortSetInterruptMask
20010ec7   vPortClearInterruptMask
20010ed5   xPortPendSVHandler
20010f21   vPortSVCHandler
20010f49   prvPortStartFirstTask
20010f61   portCLZ
20010f69   _SlDrvMsgReadCmdCtx
2001101d   debugPrint
2001103f   debugPrintf
200110d1   _SlDrvNetAppEventHandler
20011183   PinMuxConfig
20011235   sl_Send
200112e5   __TI_wrt_ok
20011347   __TI_rd_ok
20011391   IntDisable
20011439   IntEnable
200114e1   Timer_IF_Init
2001150b   Timer_IF_IntSetup
2001153d   Timer_IF_InterruptClear
20011551   Timer_IF_Start
20011565   Timer_IF_DeInit
2001157d   Timer_IF_GetCount
20011589   SPIConfigSetExpClk
20011629   fputc
200116ad   putc
200116b1   putchar
200116c5   __aeabi_memcpy
200116c5   __aeabi_memcpy4
200116c5   __aeabi_memcpy8
200116c5   memcpy
20011761   _SlFindAndSetActiveObj
200117f9   CollectTxit_ImgTempRH
20011891   __TI_closefile
200118f7   fclose
20011929   snprintf
200119c1   PRCMPeripheralClockGet
20011a55   _SlDrvClassifyRxMsg
20011ae9   __TI_auto_init
20011b7d   _SlDrvMsgReadSpawnCtx
20011c0d   sl_FsRead
20011c99   sl_FsWrite
20011d25   PinConfigSet
20011dad   vsnprintf
20011e35   sl_NetAppMDNSRegisterUnregisterService
20011ebd   __aeabi_cdcmpeq
20011ebd   __aeabi_cdcmple
20011f43   __aeabi_cdrcmple
20011fc9   I2CMasterInitExpClk
2001204d   _SlDrvCmdOp
200120d1   NwpPowerOnPreamble
20012151   _SlDrvDriverCBInit
200121cd   _sl_HandleAsync_DnsGetHostByName
20012249   sl_DevGet
200122c5   sl_FsClose
20012341   __aeabi_fmul
20012435   __aeabi_memclr
20012435   __aeabi_memclr4
20012435   __aeabi_memclr8
20012437   __aeabi_memset
20012437   __aeabi_memset4
20012437   __aeabi_memset8
2001243d   memset
200124ad   UARTConfigSetExpClk
20012525   _sl_HandleAsync_InitComplete
20012599   sl_WlanGet
2001260d   spi_Close
20012681   TimerIntRegister
200126f1   _sl_HandleAsync_PingResponse
20012761   _sl_TruncatePayloadByProtocol
200127d9   fprintf
2001283d   TimerIntUnregister
200128a5   _sl_HandleAsync_Connect
2001290d   _sl_HandleAsync_DnsGetHostByService
20012975   sl_FsGetInfo
200129dd   _sl_GetCreateFsMode
20012a41   _sl_HandleAsync_Accept
20012aa5   fseek
20012b09   _Dunscale
20012b6d   uDMAChannelAttributeDisable
20012bd1   uDMAChannelAttributeEnable
20012c35   __aeabi_cfcmpeq
20012c35   __aeabi_cfcmple
20012c95   __aeabi_cfrcmple
20012cf5   sprintf
20012d55   __TI_writemsg
20012d7f   C$$IO$$
20012d83   __TI_readmsg
20012e13   ltoa
20012e6d   IntPendClear
20012ec5   PRCMPeripheralReset
20012f1d   _SlDrvDriverCBDeinit
20012f75   _sl_HandleAsync_Select
20012fcd   IntPrioritySet
20013021   _sl_HandleAsync_Stop
20013075   sl_FsOpen
200130c9   sl_NetAppSendTokenValue
2001311d   intToASCII
2001316d   SPIIntEnable
200131b9   atoi
20013205   srand
2001321b   rand
20013251   sl_SetSockOpt
2001329d   uDMAChannelAssign
200132e9   _sl_GetStartResponseConvert
20013333   __aeabi_d2f
2001337d   SPIIntClear
200133c5   __aeabi_d2iz
2001340d   sl_DevSet
20013455   sl_FsDel
2001349d   sl_WlanSet
20013529   TimerConfigure
2001356d   copy_in
200135b1   C$$EXIT
200135b5   abort
200135bd   exit
200135f5   __aeabi_d2uiz
20013639   _Dtest
2001367d   sl_NetCfgSet
200136c1   sl_Recv
20013705   PinModeSet
20013745   _SlDrvRxIrqHandler
20013785   _SlRemoveFromList
200137c5   signal
20013805   sl_WlanPolicySet
20013845   sl_WlanRxFilterSet
20013885   NwpPowerOff
200138c1   PRCMPeripheralClkEnable
200138fd   _SlDrvObjInit
20013939   strncasecmp
20013975   uDMAChannelControlSet
200139b1   CameraCaptureStop
200139eb   CameraXClkConfig
20013a25   pvPortMalloc
20013a45   vPortFree
20013a5d   __aeabi_f2d
20013a95   __aeabi_f2iz
20013acd   __aeabi_i2f
20013b05   sl_Htonl
20013b3d   GPIODirModeSet
20013b73   CameraParamsConfig
20013ba9   PRCMPeripheralStatusGet
20013bdd   SPIFIFOLevelSet
20013c11   _SlDrvBasicCmd
20013c45   _c_int00
20013c79   feraiseexcept
20013cad   __aeabi_f2uiz
20013ce1   strstr
20013d15   sl_Htons
20013d49   NwpPowerOn
20013d79   PinTypeGPIO
20013da9   UARTDisable
20013dd9   strncpy
20013e09   _Feraise
20013e39   sl_Socket
20013e69   __aeabi_i2d
20013e97   raise
20013ec5   CameraIntEnable
20013ef1   DmaSpiSwIntHandler
20013f1d   I2CMasterErr
20013f49   PRCMSysResetCauseGet
20013f75   _SlDrvFlowContDeinit
20013fa1   _SlDrvFlowContInit
20013fcd   TimerLoadSet
20013fcd   Timer_IF_ReLoad
20013ff7   TimerPrescaleSet
20014021   CameraIntStatus
20014049   PRCMPeripheralClkDisable
20014071   _sl_BuildAddress
20014099   strncat
200140c1   sl_WlanSetMode
200140e9   CameraThresholdSet
2001410f   strncmp
20014135   CameraIntClear
20014159   IntUnregister
2001417d   UARTEnable
200141a1   memmove
200141c5   __aeabi_ui2f
200141e9   sl_Close
2001420d   sl_NetAppStart
20014231   sl_NetAppStop
20014255   sl_WlanProfileDel
20014279   CameraCaptureStart
2001429b   I2CMasterSlaveAddrSet
200142bd   NwpRegisterInterruptHandler
200142df   SPIReset
20014301   SPIWordCountSet
20014323   memcmp
20014345   IntRegister
20014365   _SlDrvCmdSend
20014385   __aeabi_ui2d
200143a5   I2CMasterIntStatusEx
200143c3   TimerDisable
200143c3   Timer_IF_Stop
200143e1   TimerEnable
200143ff   TimerIntStatus
2001441d   UARTCharPut
2001443b   PinTypeI2C
20014457   TimerValueGet
20014475   _SlDrvObjDeInit
20014491   memccpy
200144ad   UDMAStopTransfer
200144ad   uDMAChannelDisable
200144c9   uDMAChannelEnable
200144e5   CopyPingResultsToReport
200144ff   PinTypeCamera
20014519   PinTypeUART
20014533   SPIDmaDisable
2001454d   SPIDmaEnable
20014567   SPIFIFODisable
20014581   SPIFIFOEnable
2001459b   _SlDrvDeviceEventHandler
200145b5   CameraReset
200145cd   GPIOPinRead
200145e5   SPICSDisable
200145fd   SPICSEnable
20014615   SPIDisable
2001462d   SPIEnable
20014645   TimerIntDisable
2001465d   TimerIntEnable
20014675   _args_main
2001468d   __aeabi_lmul
200146a5   strcmp
200146bd   CameraDMAEnable
200146d3   CameraIntRegister
200146e9   I2CMasterDataPut
200146ff   I2CMasterEnable
20014715   PRCMHIBRegRead
2001472b   PRCMHIBRegWrite
20014741   UARTCharGet
20014757   _sl_Strlen
2001476d   memchr
20014783   strchr
20014799   uDMAIntRegister
200147af   CPUcpsie
200147c5   IntVTableBaseSet
200147d9   _SlDrvShiftDWord
200147ed   _register_unlock
200147f3   _register_lock
200147fb   _nop
20014801   strlen
20014815   uDMAControlBaseSet
20014829   uDMAIntClear
2001483d   I2CMasterControl
2001484f   I2CMasterIntClearEx
20014861   I2CMasterTimeoutSet
20014873   TimerIntClear
20014885   __TI_zero_init
20014897   sl_NetAppMDNSUnRegisterService
200148a9   uDMAIntUnregister
200148bd   NwpMaskInterrupt
200148cd   SL_FD_SET
200148dd   strcpy
200148ed   tolower
200148fd   I2CMasterDataGet
2001490b   __TI_decompress_none
20014919   _Dclass
20014927   ResetISR
20014935   NwpUnMaskInterrupt
20014941   uDMADisable
2001494d   uDMAEnable
20014959   uDMAIntStatus
20014965   IntMasterEnable
2001496f   sl_WlanDisconnect
20014977   MT9D111Delay
2001497d   SL_FD_ZERO
20014983   UtilsDelay
20014989   __TI_decompress_rle24
2001498f   log
20014995   __abort_execution
20014999   _LDtest
20014adc   _ctypes_
20014ce4   _SlPolicySetCmdCtrl
20014ce8   _SlPolicyGetCmdCtrl
20014cec   _SlProfileGetCmdCtrl
20014cf0   _SlProfileDelCmdCtrl
20014cf4   _SlWlanGetNetworkListCtrl
20014cf8   _SlRxFilterAddtCmdCtrl
20014cfc   _SlRxFilterSetCmdCtrl
20014d00   _SlRxFilterGetCmdCtrl
20014d04   _SlSmartConfigStartCmdCtrl
20014d08   _SlWlanSetModeCmdCtrl
20014d0c   _SlWlanCfgSetCmdCtrl
20014d10   _SlWlanCfgGetCmdCtrl
20015158   g_H2NSyncPattern
20015160   g_H2NCnysPattern
20015168   _SlActionLookupTable
20015220   _SlFsOpenCmdCtrl
20015224   _SlFsCloseCmdCtrl
20015228   _SlFsReadCmdCtrl
2001522c   _SlFsWriteCmdCtrl
20015230   _SlFsGetInfoCmdCtrl
20015234   _SlFsDeleteCmdCtrl
20015264   _SlSockSocketCmdCtrl
20015268   _SlSockCloseCmdCtrl
2001526c   _SlRecvfomCmdCtrl
20015270   _SlSendCmdCtrl
20015274   _SlListenCmdCtrl
20015278   _SlAcceptCmdCtrl
2001527c   _SlRecvCmdCtrl
20015280   _SlSetSockOptCmdCtrl
20015284   _SlGetSockOptCmdCtrl
20015288   _SlSelectCmdCtrl
20015318   _SlNetAppStartCtrl
2001531c   _SlNetAppStopCtrl
20015320   _SlGetServiceListeCtrl
20015324   _SlRegisterServiceCtrl
20015328   _SlGetHostByServiceCtrl
2001532c   _SlGetHostByNameCtrl
20015330   _SlNetAppSetCmdCtrl
20015334   _SlNetAppSendTokenValueCmdCtrl
20015338   _SlNetAppGetCmdCtrl
200153b8   g_deviceClientVersion
200153e8   _SlStopCmdCtrl
200153ec   _SlEventMaskSetCmdCtrl
200153f0   _SlEventMaskGetCmdCtrl
200153f4   _SlDeviceGetCmdCtrl
200153f8   _SlDeviceSetCmdCtrl
200153fc   pcDigits
20015408   _SlNetCfgSetCmdCtrl
2001540c   _SlNetCfgGetCmdCtrl
20015418   __TI_static_base__
20015fa4   __TI_Handler_Table_Base
20015fb0   __TI_Handler_Table_Limit
20015fb8   __TI_CINIT_Base
20015fc8   __TI_CINIT_Limit
20018000   g_image_buffer
20036000   gpCtlTbl
20036400   __CIOBUF_
20036520   gfpAppCallbackHndl
200366e8   __TI_tmpnams
20036788   xQueueRegistry
200367d8   clientStateFileName
2003680c   g_ucConnectionSSID
2003684c   g_flag_blockFull
200368c4   g_ucConnectionBSSID
200368d8   dataBuffer
200368dc   g_block_lastFilled
200368e0   g_frame_size_in_bytes
200368e4   g_header_length
200368e8   g_position_in_block
200368ec   g_readHeader
200368fc   v_TimerOverflows
20036900   g_CaptureImage
20036902   g_flag_DataBlockFilled
20036903   g_frame_end
20036904   iDone
20036908   _sys_memory
ffffffff   __binit__
ffffffff   __c_args__
ffffffff   binit
UNDEFED    SHT$$INIT_ARRAY$$Base
UNDEFED    SHT$$INIT_ARRAY$$Limit

[710 symbols]
