******************************************************************************
                  TI ARM Linker PC v5.1.6                      
******************************************************************************
>> Linked Mon Apr 20 17:26:34 2015

OUTPUT FILE NAME:   <ULP_SEC_CAM.out>
ENTRY POINT SYMBOL: "_c_int00"  address: 200138c1


MEMORY CONFIGURATION

         name            origin    length      used     unused   attr    fill
----------------------  --------  ---------  --------  --------  ----  --------
  SRAM_BOOTLDR          20000000   00004000  00002540  00001ac0  RW X
  SRAM_CODE             20004000   00014000  00011ae5  0000251b  RW X
  SRAM_DATA             20018000   00024000  000228e0  00001720  RW X


SEGMENT ALLOCATION MAP

run origin  load origin   length   init length attrs members
----------  ----------- ---------- ----------- ----- -------
20000000    20000000    00001540   00000000    rw-
  20000000    20000000    00001540   00000000    rw- .data
20003000    20003000    00001000   00000000    rw-
  20003000    20003000    00001000   00000000    rw- .stack
20004000    20004000    00011af0   00011af0    r-x
  20004000    20004000    00000400   00000400    r-- .intvecs
  20004400    20004400    000100c4   000100c4    r-x .text
  200144c8    200144c8    00000a71   00000a71    r-- .const
  20014f40    20014f40    00000bb0   00000bb0    r-- .cinit
20018000    20018000    000228e0   00000000    rw-
  20018000    20018000    0001e8e0   00000000    rw- .bss
  200368e0    200368e0    00004000   00000000    rw- .sysmem


SECTION ALLOCATION MAP

 output                                  attributes/
section   page    origin      length       input sections
--------  ----  ----------  ----------   ----------------
.init_array 
*          0    20004000    00000000     UNINITIALIZED

.data      0    20000000    00001540     UNINITIALIZED
                  20000000    00000600     camera_app.obj (.data:JPEG_StdHuffmanTbl)
                  20000600    00000400     camera_app.obj (.data:g_header)
                  20000a00    000003c9     libparse.a : cc3200_certificate.obj (.data:DigiCertHighAssuranceEVRootCA_der)
                  20000dc9    00000003     --HOLE--
                  20000dcc    00000184     simplelink.a : driver.obj (.data)
                  20000f50    000000f0     rtsv7M4_T_le_eabi.lib : defs.obj (.data:_ftable)
                  20001040    000000d0                           : lowlev.obj (.data)
                  20001110    000000b0                           : signal.obj (.data:sigtable)
                  200011c0    00000080                           : xvalues.obj (.data)
                  20001240    00000070                           : xlvalues.obj (.data)
                  200012b0    00000068                           : xfvalues.obj (.data)
                  20001318    00000064     simplelink.a : cc_pal.obj (.data)
                  2000137c    00000040     camera_app.obj (.data:JPEG_StdQuantTblC)
                  200013bc    00000040     camera_app.obj (.data:JPEG_StdQuantTblY)
                  200013fc    00000040     camera_app.obj (.data:zigzag)
                  2000143c    00000034     free_rtos.a : tasks.obj (.data)
                  20001470    0000002c     libparse.a : cc3200_utils.obj (.data:lastDateTime)
                  2000149c    00000018                : cc3200_utils.obj (.data)
                  200014b4    00000018                : request.obj (.data)
                  200014cc    00000010     rtsv7M4_T_le_eabi.lib : defs.obj (.data)
                  200014dc    0000000c     free_rtos.a : osi_freertos.obj (.data)
                  200014e8    0000000c     network_relater_fns.obj (.data)
                  200014f4    0000000c     rtsv7M4_T_le_eabi.lib : memory.obj (.data)
                  20001500    00000008     camera_app.obj (.data)
                  20001508    00000008     rtsv7M4_T_le_eabi.lib : _lock.obj (.data)
                  20001510    00000008                           : exit.obj (.data)
                  20001518    00000008                           : feraiseexcept.obj (.data)
                  20001520    00000006     libparse.a : http.obj (.data)
                  20001526    00000002     --HOLE--
                  20001528    00000004     free_rtos.a : port.obj (.data)
                  2000152c    00000004     libparse.a : cc3200_certificate.obj (.data)
                  20001530    00000004     rtsv7M4_T_le_eabi.lib : errno.obj (.data)
                  20001534    00000004                           : fopen.obj (.data)
                  20001538    00000004                           : rand.obj (.data)
                  2000153c    00000004                           : stkdepth_vars.obj (.data)

.stack     0    20003000    00001000     UNINITIALIZED
                  20003000    00001000     --HOLE--

.intvecs   0    20004000    00000400     
                  20004000    00000400     startup_ccs.obj (.intvecs)

.text      0    20004400    000100c4     
                  20004400    00001258     free_rtos.a : tasks.obj (.text)
                  20005658    00000ec0     rtsv7M4_T_le_eabi.lib : _printfi.obj (.text)
                  20006518    00000c20     network_relater_fns.obj (.text)
                  20007138    00000b5c     camera_app.obj (.text)
                  20007c94    00000b24     free_rtos.a : queue.obj (.text)
                  200087b8    0000097c     libparse.a : request.obj (.text)
                  20009134    0000093a     accelomtrMagntomtr_fxos8700.obj (.text)
                  20009a6e    00000002     driverlib.a : interrupt.obj (.text:IntDefaultHandler)
                  20009a70    0000064e     libparse.a : cc3200_utils.obj (.text)
                  2000a0be    00000002     --HOLE-- [fill = 0]
                  2000a0c0    00000518                : installation.obj (.text)
                  2000a5d8    000004a2                : simplejson.obj (.text)
                  2000aa7a    00000002     --HOLE-- [fill = 0]
                  2000aa7c    0000049c                : cc3200_socket.obj (.text)
                  2000af18    00000490     rtsv7M4_T_le_eabi.lib : pow.obj (.text)
                  2000b3a8    0000045c     free_rtos.a : osi_freertos.obj (.text)
                  2000b804    000003cc     rtsv7M4_T_le_eabi.lib : memory.obj (.text)
                  2000bbd0    000003b4     libparse.a : cc3200_client_state.obj (.text)
                  2000bf84    000003a6     simplelink.a : driver.obj (.text:_SlDrvMsgRead)
                  2000c32a    00000002     --HOLE-- [fill = 0]
                  2000c32c    0000034c                  : driver.obj (.text:_SlAsyncEventGenericHandler)
                  2000c678    00000340     main.obj (.text)
                  2000c9b8    00000310     rtsv7M4_T_le_eabi.lib : lowlev.obj (.text)
                  2000ccc8    000002e4                           : xlog.obj (.text)
                  2000cfac    000002d4                           : trgdrv.obj (.text)
                  2000d280    000002a0                           : vla_alloc.obj (.text)
                  2000d520    0000027c     parse_uploads.obj (.text)
                  2000d79c    00000204     mt9d111.obj (.text)
                  2000d9a0    000001fc     rtsv7M4_T_le_eabi.lib : xexp.obj (.text)
                  2000db9c    000001f4                           : ull_div_t2.obj (.text)
                  2000dd90    000001dc     libparse.a : cc3200_certificate.obj (.text)
                  2000df6c    000001c0     rtsv7M4_T_le_eabi.lib : fopen.obj (.text)
                  2000e12c    000001b8     uartA1_if.obj (.text)
                  2000e2e4    000001b6     rtsv7M4_T_le_eabi.lib : fd_add_t2.obj (.text)
                  2000e49a    00000002     --HOLE-- [fill = 0]
                  2000e49c    000001b0     libparse.a : http.obj (.text)
                  2000e64c    0000019c     simplelink.a : wlan.obj (.text:sl_WlanConnect)
                  2000e7e8    00000194     udma_if.obj (.text)
                  2000e97c    0000018c     i2c_if.obj (.text)
                  2000eb08    00000188     rtsv7M4_T_le_eabi.lib : xlatan.obj (.text)
                  2000ec90    00000170     i2cconfig.obj (.text)
                  2000ee00    00000164     simplelink.a : driver.obj (.text:_SlDrvDataReadOp)
                  2000ef64    00000140                  : driver.obj (.text:_SlDrvRxHdrRead)
                  2000f0a4    00000140     rtsv7M4_T_le_eabi.lib : sqrt.obj (.text)
                  2000f1e4    00000136                           : fd_div_t2.obj (.text)
                  2000f31a    00000002     --HOLE-- [fill = 0]
                  2000f31c    00000134     driverlib.a : prcm.obj (.text:PRCMCC3200MCUInit)
                  2000f450    00000134     rtsv7M4_T_le_eabi.lib : fputs.obj (.text)
                  2000f584    00000130     simplelink.a : cc_pal.obj (.text:spi_Open)
                  2000f6b4    0000012c                  : driver.obj (.text:_SlDrvDataWriteOp)
                  2000f7e0    0000012a     free_rtos.a : list.obj (.text)
                  2000f90a    00000002     --HOLE-- [fill = 0]
                  2000f90c    00000116     libparse.a : parse_impl.obj (.text)
                  2000fa22    00000002     --HOLE-- [fill = 0]
                  2000fa24    00000114     simplelink.a : driver.obj (.text:_SlDrvMsgWrite)
                  2000fb38    00000110     free_rtos.a : port.obj (.text)
                  2000fc48    00000110     rtsv7M4_T_le_eabi.lib : xdscale.obj (.text)
                  2000fd58    0000010c     simplelink.a : driver.obj (.text:_SlDrvWaitForPoolObj)
                  2000fe64    0000010c     i2c_app.obj (.text)
                  2000ff70    00000108     simplelink.a : socket.obj (.text:sl_Select)
                  20010078    00000104                  : driver.obj (.text:_SlDrvReleasePoolObj)
                  2001017c    00000104     rtsv7M4_T_le_eabi.lib : atan2l.obj (.text)
                  20010280    000000fc                           : fd_mul_t2.obj (.text)
                  2001037c    000000fa                           : fs_add_t2.obj (.text)
                  20010476    00000002     --HOLE-- [fill = 0]
                  20010478    000000f0     driverlib.a : udma.obj (.text:uDMAChannelTransferSet)
                  20010568    000000e8     simplelink.a : socket.obj (.text:sl_Connect)
                  20010650    000000e8                  : cc_pal.obj (.text:spi_Write)
                  20010738    000000dc     rtsv7M4_T_le_eabi.lib : setvbuf.obj (.text)
                  20010814    000000d8     simplelink.a : netapp.obj (.text:sl_NetAppDnsGetHostByName)
                  200108ec    000000cc                  : cc_pal.obj (.text:spi_Read)
                  200109b8    000000c4     rtsv7M4_T_le_eabi.lib : xdint.obj (.text)
                  20010a7c    000000c4                           : xdnorm.obj (.text)
                  20010b40    000000c4     simplelink.a : device.obj (.text:sl_Stop)
                  20010c04    000000c0     rtsv7M4_T_le_eabi.lib : fflush.obj (.text)
                  20010cc4    000000c0     simplelink.a : device.obj (.text:sl_Start)
                  20010d84    000000ba     free_rtos.a : portasm.obj (.text)
                  20010e3e    00000002     --HOLE-- [fill = 0]
                  20010e40    000000b4     simplelink.a : driver.obj (.text:_SlDrvMsgReadCmdCtx)
                  20010ef4    000000b4     libparse.a : cc3200_debug.obj (.text)
                  20010fa8    000000b2     simplelink.a : netapp.obj (.text:_SlDrvNetAppEventHandler)
                  2001105a    000000b2     pinmux.obj (.text)
                  2001110c    000000b0     simplelink.a : socket.obj (.text:sl_Send)
                  200111bc    000000ac     rtsv7M4_T_le_eabi.lib : _io_perm.obj (.text)
                  20011268    000000a8     driverlib.a : interrupt.obj (.text:IntDisable)
                  20011310    000000a8                 : interrupt.obj (.text:IntEnable)
                  200113b8    000000a0                 : spi.obj (.text:SPIConfigSetExpClk)
                  20011458    0000009c     rtsv7M4_T_le_eabi.lib : fputc.obj (.text)
                  200114f4    0000009c                           : memcpy_t2.obj (.text)
                  20011590    00000098     simplelink.a : driver.obj (.text:_SlFindAndSetActiveObj)
                  20011628    00000098     rtsv7M4_T_le_eabi.lib : fclose.obj (.text)
                  200116c0    00000098                           : snprintf.obj (.text)
                  20011758    00000094     driverlib.a : prcm.obj (.text:PRCMPeripheralClockGet)
                  200117ec    00000094     simplelink.a : driver.obj (.text:_SlDrvClassifyRxMsg)
                  20011880    00000094     rtsv7M4_T_le_eabi.lib : auto_init.obj (.text)
                  20011914    00000090     simplelink.a : driver.obj (.text:_SlDrvMsgReadSpawnCtx)
                  200119a4    0000008c                  : fs.obj (.text:sl_FsRead)
                  20011a30    0000008c                  : fs.obj (.text:sl_FsWrite)
                  20011abc    00000088     driverlib.a : pin.obj (.text:PinConfigSet)
                  20011b44    00000088     rtsv7M4_T_le_eabi.lib : vsnprintf.obj (.text)
                  20011bcc    00000088     simplelink.a : netapp.obj (.text:sl_NetAppMDNSRegisterUnregisterService)
                  20011c54    00000086     rtsv7M4_T_le_eabi.lib : fd_cmp_t2.obj (.text:__aeabi_cdcmple)
                  20011cda    00000086                           : fd_cmp_t2.obj (.text:__aeabi_cdrcmple)
                  20011d60    00000084     driverlib.a : i2c.obj (.text:I2CMasterInitExpClk)
                  20011de4    00000084     simplelink.a : driver.obj (.text:_SlDrvCmdOp)
                  20011e68    00000080                  : cc_pal.obj (.text:NwpPowerOnPreamble)
                  20011ee8    0000007c                  : driver.obj (.text:_SlDrvDriverCBInit)
                  20011f64    0000007c                  : netapp.obj (.text:_sl_HandleAsync_DnsGetHostByName)
                  20011fe0    0000007c                  : device.obj (.text:sl_DevGet)
                  2001205c    0000007c                  : fs.obj (.text:sl_FsClose)
                  200120d8    0000007a     rtsv7M4_T_le_eabi.lib : fs_mul_t2.obj (.text)
                  20012152    00000002     --HOLE-- [fill = 0]
                  20012154    00000078     simplelink.a : cc_pal.obj (.text:SetupDMAReceive)
                  200121cc    00000078     rtsv7M4_T_le_eabi.lib : memset_t2.obj (.text)
                  20012244    00000076     driverlib.a : uart.obj (.text:UARTConfigSetExpClk)
                  200122ba    00000002     --HOLE-- [fill = 0]
                  200122bc    00000074     simplelink.a : device.obj (.text:_sl_HandleAsync_InitComplete)
                  20012330    00000074                  : wlan.obj (.text:sl_WlanGet)
                  200123a4    00000074                  : cc_pal.obj (.text:spi_Close)
                  20012418    00000070                  : netapp.obj (.text:_sl_HandleAsync_PingResponse)
                  20012488    0000006e                  : socket.obj (.text:_sl_TruncatePayloadByProtocol)
                  200124f6    00000002     --HOLE-- [fill = 0]
                  200124f8    0000006c     rtsv7M4_T_le_eabi.lib : fprintf.obj (.text)
                  20012564    00000068     simplelink.a : socket.obj (.text:_sl_HandleAsync_Connect)
                  200125cc    00000068                  : netapp.obj (.text:_sl_HandleAsync_DnsGetHostByService)
                  20012634    00000068                  : fs.obj (.text:sl_FsGetInfo)
                  2001269c    00000064                  : fs.obj (.text:_sl_GetCreateFsMode)
                  20012700    00000064                  : socket.obj (.text:_sl_HandleAsync_Accept)
                  20012764    00000064     rtsv7M4_T_le_eabi.lib : fseek.obj (.text)
                  200127c8    00000064                           : xdunscal.obj (.text)
                  2001282c    00000064     driverlib.a : udma.obj (.text:uDMAChannelAttributeDisable)
                  20012890    00000064                 : udma.obj (.text:uDMAChannelAttributeEnable)
                  200128f4    00000060     rtsv7M4_T_le_eabi.lib : fs_cmp_t2.obj (.text:__aeabi_cfcmple)
                  20012954    00000060                           : fs_cmp_t2.obj (.text:__aeabi_cfrcmple)
                  200129b4    00000060                           : sprintf.obj (.text)
                  20012a14    00000060                           : trgmsg.obj (.text)
                  20012a74    0000005e                           : copy_decompress_rle.obj (.text)
                  20012ad2    0000005a                           : ltoa.obj (.text)
                  20012b2c    00000058     driverlib.a : interrupt.obj (.text:IntPendClear)
                  20012b84    00000058                 : prcm.obj (.text:PRCMPeripheralReset)
                  20012bdc    00000058     simplelink.a : driver.obj (.text:_SlDrvDriverCBDeinit)
                  20012c34    00000058                  : socket.obj (.text:_sl_HandleAsync_Select)
                  20012c8c    00000054     driverlib.a : interrupt.obj (.text:IntPrioritySet)
                  20012ce0    00000054     simplelink.a : device.obj (.text:_sl_HandleAsync_Stop)
                  20012d34    00000054                  : fs.obj (.text:sl_FsOpen)
                  20012d88    00000054                  : netapp.obj (.text:sl_NetAppSendTokenValue)
                  20012ddc    00000050     app_common.obj (.text)
                  20012e2c    0000004c     driverlib.a : spi.obj (.text:SPIIntEnable)
                  20012e78    0000004c     rtsv7M4_T_le_eabi.lib : atoi.obj (.text)
                  20012ec4    0000004c                           : rand.obj (.text)
                  20012f10    0000004c     simplelink.a : socket.obj (.text:sl_SetSockOpt)
                  20012f5c    0000004c     driverlib.a : udma.obj (.text:uDMAChannelAssign)
                  20012fa8    0000004a     simplelink.a : device.obj (.text:_sl_GetStartResponseConvert)
                  20012ff2    0000004a     rtsv7M4_T_le_eabi.lib : fd_tos_t2.obj (.text)
                  2001303c    00000048     driverlib.a : spi.obj (.text:SPIIntClear)
                  20013084    00000048     rtsv7M4_T_le_eabi.lib : fd_toi_t2.obj (.text)
                  200130cc    00000048     simplelink.a : device.obj (.text:sl_DevSet)
                  20013114    00000048                  : fs.obj (.text:sl_FsDel)
                  2001315c    00000048                  : wlan.obj (.text:sl_WlanSet)
                  200131a4    00000044     driverlib.a : spi.obj (.text:SPIDmaMaskGet)
                  200131e8    00000044     rtsv7M4_T_le_eabi.lib : cpy_tbl.obj (.text)
                  2001322c    00000044                           : exit.obj (.text)
                  20013270    00000044                           : fd_tou_t2.obj (.text)
                  200132b4    00000044                           : xdtest.obj (.text)
                  200132f8    00000044     simplelink.a : netcfg.obj (.text:sl_NetCfgSet)
                  2001333c    00000044                  : socket.obj (.text:sl_Recv)
                  20013380    00000040     driverlib.a : pin.obj (.text:PinModeSet)
                  200133c0    00000040     simplelink.a : driver.obj (.text:_SlDrvRxIrqHandler)
                  20013400    00000040                  : driver.obj (.text:_SlRemoveFromList)
                  20013440    00000040     rtsv7M4_T_le_eabi.lib : signal.obj (.text)
                  20013480    00000040     simplelink.a : wlan.obj (.text:sl_WlanPolicySet)
                  200134c0    00000040                  : wlan.obj (.text:sl_WlanRxFilterSet)
                  20013500    0000003c                  : cc_pal.obj (.text:NwpPowerOff)
                  2001353c    0000003c     driverlib.a : prcm.obj (.text:PRCMPeripheralClkEnable)
                  20013578    0000003c     simplelink.a : driver.obj (.text:_SlDrvObjInit)
                  200135b4    0000003c     rtsv7M4_T_le_eabi.lib : strncasecmp.obj (.text)
                  200135f0    0000003c     driverlib.a : udma.obj (.text:uDMAChannelControlSet)
                  2001362c    0000003a                 : camera.obj (.text:CameraCaptureStop)
                  20013666    0000003a                 : camera.obj (.text:CameraXClkConfig)
                  200136a0    00000038     free_rtos.a : heap_3.obj (.text)
                  200136d8    00000038     rtsv7M4_T_le_eabi.lib : fs_tod_t2.obj (.text)
                  20013710    00000038                           : fs_toi_t2.obj (.text)
                  20013748    00000038                           : i_tofs_t2.obj (.text)
                  20013780    00000038     simplelink.a : socket.obj (.text:sl_Htonl)
                  200137b8    00000036     driverlib.a : gpio.obj (.text:GPIODirModeSet)
                  200137ee    00000034                 : camera.obj (.text:CameraParamsConfig)
                  20013822    00000002     --HOLE-- [fill = 0]
                  20013824    00000034                 : prcm.obj (.text:PRCMPeripheralStatusGet)
                  20013858    00000034                 : spi.obj (.text:SPIFIFOLevelSet)
                  2001388c    00000034     simplelink.a : driver.obj (.text:_SlDrvBasicCmd)
                  200138c0    00000034     rtsv7M4_T_le_eabi.lib : boot.obj (.text)
                  200138f4    00000034                           : feraiseexcept.obj (.text)
                  20013928    00000034                           : fs_tou_t2.obj (.text)
                  2001395c    00000034                           : strstr.obj (.text)
                  20013990    00000034     simplelink.a : socket.obj (.text:sl_Htons)
                  200139c4    00000030                  : cc_pal.obj (.text:NwpPowerOn)
                  200139f4    00000030     driverlib.a : pin.obj (.text:PinTypeGPIO)
                  20013a24    00000030                 : uart.obj (.text:UARTDisable)
                  20013a54    00000030     rtsv7M4_T_le_eabi.lib : strncpy.obj (.text)
                  20013a84    00000030                           : xferaise.obj (.text)
                  20013ab4    00000030     simplelink.a : socket.obj (.text:sl_Socket)
                  20013ae4    0000002e     rtsv7M4_T_le_eabi.lib : i_tofd_t2.obj (.text)
                  20013b12    0000002e                           : raise.obj (.text)
                  20013b40    0000002c     driverlib.a : camera.obj (.text:CameraIntEnable)
                  20013b6c    0000002c     simplelink.a : cc_pal.obj (.text:DmaSpiSwIntHandler)
                  20013b98    0000002c     driverlib.a : i2c.obj (.text:I2CMasterErr)
                  20013bc4    0000002c                 : prcm.obj (.text:PRCMSysResetCauseGet)
                  20013bf0    0000002c     simplelink.a : flowcont.obj (.text:_SlDrvFlowContDeinit)
                  20013c1c    0000002c                  : flowcont.obj (.text:_SlDrvFlowContInit)
                  20013c48    00000028     driverlib.a : camera.obj (.text:CameraIntStatus)
                  20013c70    00000028                 : prcm.obj (.text:PRCMPeripheralClkDisable)
                  20013c98    00000028     simplelink.a : socket.obj (.text:_sl_BuildAddress)
                  20013cc0    00000028     rtsv7M4_T_le_eabi.lib : strncat.obj (.text)
                  20013ce8    00000028     simplelink.a : wlan.obj (.text:sl_WlanSetMode)
                  20013d10    00000026     driverlib.a : camera.obj (.text:CameraThresholdSet)
                  20013d36    00000026     rtsv7M4_T_le_eabi.lib : strncmp.obj (.text)
                  20013d5c    00000024     driverlib.a : camera.obj (.text:CameraIntClear)
                  20013d80    00000024                 : interrupt.obj (.text:IntUnregister)
                  20013da4    00000024                 : uart.obj (.text:UARTEnable)
                  20013dc8    00000024     rtsv7M4_T_le_eabi.lib : memmov.obj (.text)
                  20013dec    00000024     simplelink.a : socket.obj (.text:sl_Close)
                  20013e10    00000024                  : netapp.obj (.text:sl_NetAppStart)
                  20013e34    00000024                  : netapp.obj (.text:sl_NetAppStop)
                  20013e58    00000024                  : wlan.obj (.text:sl_WlanProfileDel)
                  20013e7c    00000022     driverlib.a : camera.obj (.text:CameraCaptureStart)
                  20013e9e    00000022                 : i2c.obj (.text:I2CMasterSlaveAddrSet)
                  20013ec0    00000022     simplelink.a : cc_pal.obj (.text:NwpRegisterInterruptHandler)
                  20013ee2    00000022     driverlib.a : spi.obj (.text:SPIReset)
                  20013f04    00000022                 : spi.obj (.text:SPIWordCountSet)
                  20013f26    00000022     rtsv7M4_T_le_eabi.lib : memcmp.obj (.text)
                  20013f48    00000020     driverlib.a : interrupt.obj (.text:IntRegister)
                  20013f68    00000020     simplelink.a : driver.obj (.text:_SlDrvCmdSend)
                  20013f88    0000001e     driverlib.a : i2c.obj (.text:I2CMasterIntStatusEx)
                  20013fa6    0000001e                 : uart.obj (.text:UARTCharPut)
                  20013fc4    0000001c                 : pin.obj (.text:PinTypeI2C)
                  20013fe0    0000001c     simplelink.a : driver.obj (.text:_SlDrvObjDeInit)
                  20013ffc    0000001c     rtsv7M4_T_le_eabi.lib : memccpy.obj (.text)
                  20014018    0000001c     driverlib.a : udma.obj (.text:uDMAChannelDisable)
                  20014034    0000001c                 : udma.obj (.text:uDMAChannelEnable)
                  20014050    0000001a     simplelink.a : netapp.obj (.text:CopyPingResultsToReport)
                  2001406a    0000001a     driverlib.a : pin.obj (.text:PinTypeCamera)
                  20014084    0000001a                 : pin.obj (.text:PinTypeUART)
                  2001409e    0000001a                 : spi.obj (.text:SPIDmaDisable)
                  200140b8    0000001a                 : spi.obj (.text:SPIDmaEnable)
                  200140d2    0000001a                 : spi.obj (.text:SPIFIFODisable)
                  200140ec    0000001a                 : spi.obj (.text:SPIFIFOEnable)
                  20014106    0000001a     simplelink.a : device.obj (.text:_SlDrvDeviceEventHandler)
                  20014120    00000018     driverlib.a : camera.obj (.text:CameraReset)
                  20014138    00000018                 : gpio.obj (.text:GPIOPinRead)
                  20014150    00000018                 : spi.obj (.text:SPICSDisable)
                  20014168    00000018                 : spi.obj (.text:SPICSEnable)
                  20014180    00000018                 : spi.obj (.text:SPIDisable)
                  20014198    00000018                 : spi.obj (.text:SPIEnable)
                  200141b0    00000018     rtsv7M4_T_le_eabi.lib : args_main.obj (.text)
                  200141c8    00000018                           : ll_mul_t2.obj (.text)
                  200141e0    00000018                           : strcmp.obj (.text)
                  200141f8    00000016     driverlib.a : camera.obj (.text:CameraDMAEnable)
                  2001420e    00000016                 : camera.obj (.text:CameraIntRegister)
                  20014224    00000016                 : i2c.obj (.text:I2CMasterDataPut)
                  2001423a    00000016                 : i2c.obj (.text:I2CMasterEnable)
                  20014250    00000016                 : prcm.obj (.text:PRCMHIBRegRead)
                  20014266    00000016                 : prcm.obj (.text:PRCMHIBRegWrite)
                  2001427c    00000016                 : uart.obj (.text:UARTCharGet)
                  20014292    00000016     simplelink.a : fs.obj (.text:_sl_Strlen)
                  200142a8    00000016     rtsv7M4_T_le_eabi.lib : memchr.obj (.text)
                  200142be    00000016                           : strchr.obj (.text)
                  200142d4    00000016     driverlib.a : udma.obj (.text:uDMAIntRegister)
                  200142ea    00000014                 : cpu.obj (.text:CPUcpsie)
                  200142fe    00000002     --HOLE-- [fill = 0]
                  20014300    00000014                 : interrupt.obj (.text:IntVTableBaseSet)
                  20014314    00000014     simplelink.a : driver.obj (.text:_SlDrvShiftDWord)
                  20014328    00000014     rtsv7M4_T_le_eabi.lib : _lock.obj (.text)
                  2001433c    00000014                           : strlen.obj (.text)
                  20014350    00000014     driverlib.a : udma.obj (.text:uDMAControlBaseSet)
                  20014364    00000014                 : udma.obj (.text:uDMAIntClear)
                  20014378    00000012                 : i2c.obj (.text:I2CMasterControl)
                  2001438a    00000012                 : i2c.obj (.text:I2CMasterIntClearEx)
                  2001439c    00000012                 : i2c.obj (.text:I2CMasterTimeoutSet)
                  200143ae    00000012     rtsv7M4_T_le_eabi.lib : copy_zero_init.obj (.text:decompress:ZI)
                  200143c0    00000012     simplelink.a : netapp.obj (.text:sl_NetAppMDNSUnRegisterService)
                  200143d2    00000012     driverlib.a : udma.obj (.text:uDMAIntUnregister)
                  200143e4    00000010     simplelink.a : cc_pal.obj (.text:NwpMaskInterrupt)
                  200143f4    00000010                  : socket.obj (.text:SL_FD_SET)
                  20014404    00000010     rtsv7M4_T_le_eabi.lib : strcpy.obj (.text)
                  20014414    00000010                           : tolower.obj (.text)
                  20014424    0000000e     driverlib.a : i2c.obj (.text:I2CMasterDataGet)
                  20014432    0000000e     rtsv7M4_T_le_eabi.lib : copy_decompress_none.obj (.text:decompress:none)
                  20014440    0000000e                           : xdclass.obj (.text)
                  2001444e    0000000e     startup_ccs.obj (.text)
                  2001445c    0000000c     simplelink.a : cc_pal.obj (.text:NwpUnMaskInterrupt)
                  20014468    0000000c     driverlib.a : udma.obj (.text:uDMADisable)
                  20014474    0000000c                 : udma.obj (.text:uDMAEnable)
                  20014480    0000000c                 : udma.obj (.text:uDMAIntStatus)
                  2001448c    0000000a                 : interrupt.obj (.text:IntMasterEnable)
                  20014496    00000008     simplelink.a : wlan.obj (.text:sl_WlanDisconnect)
                  2001449e    00000006     i2cconfig.obj (.text:MT9D111Delay)
                  200144a4    00000006     simplelink.a : socket.obj (.text:SL_FD_ZERO)
                  200144aa    00000006     driverlib.a : utils.obj (.text:UtilsDelay)
                  200144b0    00000006     rtsv7M4_T_le_eabi.lib : copy_decompress_rle.obj (.text:decompress:rle24)
                  200144b6    00000006                           : log.obj (.text)
                  200144bc    00000004                           : error.obj (.text)
                  200144c0    00000004                           : xldtest.obj (.text)

.const     0    200144c8    00000a71     
                  200144c8    0000013c     mt9d111.obj (.const:init_cmds_list)
                  20014604    00000102     rtsv7M4_T_le_eabi.lib : ctype.obj (.const:.string:_ctypes_)
                  20014706    00000002     --HOLE-- [fill = 0]
                  20014708    00000100     driverlib.a : pin.obj (.const:g_ulPinToPadMap)
                  20014808    000000ec     simplelink.a : wlan.obj (.const)
                  200148f4    000000d4     driverlib.a : interrupt.obj (.const:g_pulRegs)
                  200149c8    000000b4     mt9d111.obj (.const:capture_cmds_list)
                  20014a7c    000000a8     driverlib.a : prcm.obj (.const:PRCM_PeriphRegsList)
                  20014b24    00000004     --HOLE-- [fill = 0]
                  20014b28    00000088     rtsv7M4_T_le_eabi.lib : xlatan.obj (.const)
                  20014bb0    00000080     driverlib.a : interrupt.obj (.const)
                  20014c30    00000051     network_relater_fns.obj (.const:.string)
                  20014c81    00000003     --HOLE-- [fill = 0]
                  20014c84    0000004c     simplelink.a : driver.obj (.const)
                  20014cd0    00000048     rtsv7M4_T_le_eabi.lib : xexp.obj (.const)
                  20014d18    00000038                           : xlog.obj (.const:p)
                  20014d50    00000038     simplelink.a : fs.obj (.const)
                  20014d88    00000034                  : socket.obj (.const)
                  20014dbc    00000030     rtsv7M4_T_le_eabi.lib : xdint.obj (.const)
                  20014dec    0000002c     libparse.a : cc3200_utils.obj (.const:$P$T0$1)
                  20014e18    0000002c     network_relater_fns.obj (.const:$P$T1$2)
                  20014e44    00000028     simplelink.a : netapp.obj (.const)
                  20014e6c    00000022     network_relater_fns.obj (.const:.string:$P$T0$1)
                  20014e8e    00000022     mt9d111.obj (.const:.string)
                  20014eb0    00000020     network_relater_fns.obj (.const)
                  20014ed0    00000018     driverlib.a : spi.obj (.const)
                  20014ee8    00000017     libparse.a : request.obj (.const:.string)
                  20014eff    00000001     --HOLE-- [fill = 0]
                  20014f00    00000014     simplelink.a : device.obj (.const)
                  20014f14    0000000d     camera_app.obj (.const:.string)
                  20014f21    0000000b     app_common.obj (.const:.string)
                  20014f2c    00000008     simplelink.a : netcfg.obj (.const)
                  20014f34    00000005     main.obj (.const:.string)

.cinit     0    20014f40    00000bb0     
                  20014f40    00000b8b     (.cinit..data.load) [load image, compression = rle]
                  20015acb    00000001     --HOLE-- [fill = 0]
                  20015acc    0000000c     (__TI_handler_table)
                  20015ad8    00000008     (.cinit..bss.load) [load image, compression = zero_init]
                  20015ae0    00000010     (__TI_cinit_table)

.bss       0    20018000    0001e8e0     UNINITIALIZED
                  20018000    0001e000     main.obj (.bss:g_image_buffer)
                  20036000    00000400     udma_if.obj (.bss:gpCtlTbl)
                  20036400    00000120     rtsv7M4_T_le_eabi.lib : trgmsg.obj (.bss:__CIOBUF_)
                  20036520    00000100     udma_if.obj (.bss:gfpAppCallbackHndl)
                  20036620    000000c8     free_rtos.a : tasks.obj (.bss:pxReadyTasksLists)
                  200366e8    000000a0     rtsv7M4_T_le_eabi.lib : defs.obj (.bss:__TI_tmpnams)
                  20036788    00000050     free_rtos.a : queue.obj (.bss:xQueueRegistry)
                  200367d8    00000034     libparse.a : cc3200_client_state.obj (.bss:clientStateFileName)
                  2003680c    00000024     network_relater_fns.obj (.bss:g_ucConnectionSSID)
                  20036830    0000001c     rtsv7M4_T_le_eabi.lib : vla_alloc.obj (.bss)
                  2003684c    00000014     (.common:xDelayedTaskList1)
                  20036860    00000014     (.common:xDelayedTaskList2)
                  20036874    00000014     (.common:xPendingReadyList)
                  20036888    00000014     (.common:xSuspendedTaskList)
                  2003689c    00000014     (.common:xTasksWaitingTermination)
                  200368b0    00000008     (.common:g_ucConnectionBSSID)
                  200368b8    00000008     (.common:parmbuf)
                  200368c0    00000004     (.common:__Errorlog)
                  200368c4    00000004     (.common:dataBuffer)
                  200368c8    00000004     (.common:g_frame_size_in_bytes)
                  200368cc    00000004     (.common:g_header_length)
                  200368d0    00000004     (.common:g_total_dma_intrpts)
                  200368d4    00000004     (.common:pxDelayedTaskList)
                  200368d8    00000004     (.common:pxOverflowDelayedTaskList)
                  200368dc    00000001     (.common:g_CaptureImage)
                  200368dd    00000001     (.common:g_dma_txn_done)
                  200368de    00000001     (.common:g_frame_end)
                  200368df    00000001     (.common:iDone)

.sysmem    0    200368e0    00004000     UNINITIALIZED
                  200368e0    00000008     rtsv7M4_T_le_eabi.lib : memory.obj (.sysmem)
                  200368e8    00003ff8     --HOLE--


LINKER GENERATED COPY TABLES

__TI_cinit_table @ 20015ae0 records: 2, size/record: 8, table size: 16
	.data: load addr=20014f40, load size=00000b8b bytes, run addr=20000000, run size=00001540 bytes, compression=rle
	.bss: load addr=20015ad8, load size=00000008 bytes, run addr=20018000, run size=0001e8e0 bytes, compression=zero_init


LINKER GENERATED HANDLER TABLE

__TI_handler_table @ 20015acc records: 3, size/record: 4, table size: 12
	index: 0, handler: __TI_decompress_rle24
	index: 1, handler: __TI_decompress_none
	index: 2, handler: __TI_zero_init


GLOBAL SYMBOLS: SORTED ALPHABETICALLY BY Name 

address    name
--------   ----
2001322d   C$$EXIT
20012a3f   C$$IO$$
200142eb   CPUcpsie
200074e9   CamControllerInit
20013e7d   CameraCaptureStart
2001362d   CameraCaptureStop
200141f9   CameraDMAEnable
20013d5d   CameraIntClear
20013b41   CameraIntEnable
2001420f   CameraIntRegister
20013c49   CameraIntStatus
200137ef   CameraParamsConfig
20014121   CameraReset
2000d79d   CameraSensorInit
20013d11   CameraThresholdSet
20013667   CameraXClkConfig
200071a9   CaptureImage
2000e165   ClearTerm
2000c681   CollectTxit_ImgTempRH
200067e1   ConfigureMode
20006541   ConfigureSimpleLinkToDefaultState
2000681d   ConnectToNetwork
20006989   ConnectToNetwork_2
20006a4b   ConnectToNetwork_STA
20006a2f   ConnectToNetwork_STA_2
2000d5a1   ConstructDeviceStateObject
20014051   CopyPingResultsToReport
20001324   DMAMsgQ
2000e931   DMASetupTransfer
2000152c   DigiCertHighAssuranceEVRootCA_der_len
2000e7fb   DmaErrorIntHandler
20013b6d   DmaSpiSwIntHandler
2000e7e9   DmaSwIntHandler
2000e16b   Error
200096fd   FXOS8700CQ_Init
200097e9   FXOS8700CQ_Mag_Calibration
200137b9   GPIODirModeSet
20014139   GPIOPinRead
2000e19f   GetCmd
2000d239   HOSTclock
2000d201   HOSTclose
2000d1c3   HOSTgetenv
2000d167   HOSTlseek
2000d115   HOSTopen
2000d0c9   HOSTread
2000d06b   HOSTrename
2000d031   HOSTtime
2000cff9   HOSTunlink
2000cfad   HOSTwrite
2000ecaf   I2CBufferRead
2000ed57   I2CBufferWrite
2000ec91   I2CInit
20014379   I2CMasterControl
20014425   I2CMasterDataGet
20014225   I2CMasterDataPut
2001423b   I2CMasterEnable
20013b99   I2CMasterErr
20011d61   I2CMasterInitExpClk
2001438b   I2CMasterIntClearEx
20013f89   I2CMasterIntStatusEx
20013e9f   I2CMasterSlaveAddrSet
2001439d   I2CMasterTimeoutSet
2000eaf3   I2C_IF_Close
2000eac9   I2C_IF_Open
2000ea41   I2C_IF_Read
2000eaa9   I2C_IF_ReadFrom
2000e9df   I2C_IF_Write
2000e12d   InitTerm
2000d521   InitialiseParse
20006519   InitializeAppVariables
20011269   IntDisable
20011311   IntEnable
2001448d   IntMasterEnable
20012b2d   IntPendClear
20012c8d   IntPrioritySet
20013f49   IntRegister
20013d81   IntUnregister
20014301   IntVTableBaseSet
20000000   JPEG_StdHuffmanTbl
2000137c   JPEG_StdQuantTblC
200013bc   JPEG_StdQuantTblY
2001449f   MT9D111Delay
2000c6df   Main_Task
2000e14b   Message
200143e5   NwpMaskInterrupt
20013501   NwpPowerOff
200139c5   NwpPowerOn
20011e69   NwpPowerOnPreamble
20013ec1   NwpRegisterInterruptHandler
2001445d   NwpUnMaskInterrupt
2000f31d   PRCMCC3200MCUInit
20014251   PRCMHIBRegRead
20014267   PRCMHIBRegWrite
20013c71   PRCMPeripheralClkDisable
2001353d   PRCMPeripheralClkEnable
20011759   PRCMPeripheralClockGet
20012b85   PRCMPeripheralReset
20013825   PRCMPeripheralStatusGet
20013bc5   PRCMSysResetCauseGet
20011abd   PinConfigSet
20013381   PinModeSet
2001105b   PinMuxConfig
2001406b   PinTypeCamera
200139f5   PinTypeGPIO
20013fc5   PinTypeI2C
20014085   PinTypeUART
2000e249   Report
2001444f   ResetISR
UNDEFED    SHT$$INIT_ARRAY$$Base
UNDEFED    SHT$$INIT_ARRAY$$Limit
200143f5   SL_FD_SET
200144a5   SL_FD_ZERO
20014151   SPICSDisable
20014169   SPICSEnable
200113b9   SPIConfigSetExpClk
20014181   SPIDisable
2001409f   SPIDmaDisable
200140b9   SPIDmaEnable
20014199   SPIEnable
200140d3   SPIFIFODisable
200140ed   SPIFIFOEnable
20013859   SPIFIFOLevelSet
2001303d   SPIIntClear
20012e2d   SPIIntEnable
20013ee3   SPIReset
20013f05   SPIWordCountSet
2000e879   SetupTransfer
20006dd9   SimpleLinkHttpServerCallback
20006cdd   SimpleLinkNetAppEventHandler
20006d81   SimpleLinkSockEventHandler
20006bf9   SimpleLinkWlanEventHandler
20007139   StartCamera
2000d7a5   StartSensorInJpegMode
2000e1ff   TrimSpace
2001427d   UARTCharGet
20013fa7   UARTCharPut
20012245   UARTConfigSetExpClk
20013a25   UARTDisable
20013da5   UARTEnable
2000e851   UDMAChannelSelect
2000e91d   UDMADeInit
2000e807   UDMAInit
2000e8af   UDMASetupAutoMemTransfer
2000e8d3   UDMASetupPingPongTransfer
20014019   UDMAStopTransfer
2000d537   UploadImageToParse
2000d555   UploadSensorDataToParse
200144ab   UtilsDelay
2000b671   VDeleteSimpleLinkSpawnTask
2000b621   VStartSimpleLinkSpawnTask
20014441   _Dclass
200011c0   _Denorm
200109b9   _Dint
20010a7d   _Dnorm
2000fc49   _Dscale
200132b5   _Dtest
200127c9   _Dunscale
200011d0   _Eps
20001530   _Errno
2000d9a1   _Exp
200012b0   _FDenorm
200012c0   _FEps
200012d0   _FInf
200012e0   _FNan
20001300   _FRteps
200012f0   _FSnan
20001310   _FXbig
20001314   _FZero
20001518   _Fenv
20013a85   _Feraise
200011e0   _Hugeval
200011f0   _Inf
2000eb09   _LAtan
20001240   _LDenorm
200144c1   _LDtest
20001250   _LEps
20001260   _LInf
20001270   _LNan
20001290   _LRteps
20001280   _LSnan
200012a0   _LXbig
200012a8   _LZero
2000ccc9   _Log
20001200   _Nan
20001220   _Rteps
20014da8   _SlAcceptCmdCtrl
20014c98   _SlActionLookupTable
2000c32d   _SlAsyncEventGenericHandler
20014f0c   _SlDeviceGetCmdCtrl
20014f10   _SlDeviceSetCmdCtrl
2001388d   _SlDrvBasicCmd
200117ed   _SlDrvClassifyRxMsg
20011de5   _SlDrvCmdOp
20013f69   _SlDrvCmdSend
2000ee01   _SlDrvDataReadOp
2000f6b5   _SlDrvDataWriteOp
20014107   _SlDrvDeviceEventHandler
20012bdd   _SlDrvDriverCBDeinit
20011ee9   _SlDrvDriverCBInit
20013bf1   _SlDrvFlowContDeinit
20013c1d   _SlDrvFlowContInit
2000bf85   _SlDrvMsgRead
20010e41   _SlDrvMsgReadCmdCtx
20011915   _SlDrvMsgReadSpawnCtx
2000fa25   _SlDrvMsgWrite
20010fa9   _SlDrvNetAppEventHandler
20013fe1   _SlDrvObjDeInit
20013579   _SlDrvObjInit
20010079   _SlDrvReleasePoolObj
2000ef65   _SlDrvRxHdrRead
200133c1   _SlDrvRxIrqHandler
20014315   _SlDrvShiftDWord
2000fd59   _SlDrvWaitForPoolObj
20014f08   _SlEventMaskGetCmdCtrl
20014f04   _SlEventMaskSetCmdCtrl
20011591   _SlFindAndSetActiveObj
20014d54   _SlFsCloseCmdCtrl
20014d64   _SlFsDeleteCmdCtrl
20014d60   _SlFsGetInfoCmdCtrl
20014d50   _SlFsOpenCmdCtrl
20014d58   _SlFsReadCmdCtrl
20014d5c   _SlFsWriteCmdCtrl
20014e5c   _SlGetHostByNameCtrl
20014e58   _SlGetHostByServiceCtrl
20014e50   _SlGetServiceListeCtrl
20014db4   _SlGetSockOptCmdCtrl
20014da4   _SlListenCmdCtrl
20014e68   _SlNetAppGetCmdCtrl
20014e64   _SlNetAppSendTokenValueCmdCtrl
20014e60   _SlNetAppSetCmdCtrl
20014e48   _SlNetAppStartCtrl
20014e4c   _SlNetAppStopCtrl
20014f30   _SlNetCfgGetCmdCtrl
20014f2c   _SlNetCfgSetCmdCtrl
20014810   _SlPolicyGetCmdCtrl
2001480c   _SlPolicySetCmdCtrl
20014818   _SlProfileDelCmdCtrl
20014814   _SlProfileGetCmdCtrl
20014dac   _SlRecvCmdCtrl
20014d9c   _SlRecvfomCmdCtrl
20014e54   _SlRegisterServiceCtrl
20013401   _SlRemoveFromList
20014820   _SlRxFilterAddtCmdCtrl
20014828   _SlRxFilterGetCmdCtrl
20014824   _SlRxFilterSetCmdCtrl
20014db8   _SlSelectCmdCtrl
20014da0   _SlSendCmdCtrl
20014db0   _SlSetSockOptCmdCtrl
2001482c   _SlSmartConfigStartCmdCtrl
20014d98   _SlSockCloseCmdCtrl
20014d94   _SlSockSocketCmdCtrl
20014f00   _SlStopCmdCtrl
20014838   _SlWlanCfgGetCmdCtrl
20014834   _SlWlanCfgSetCmdCtrl
2001481c   _SlWlanGetNetworkListCtrl
20014830   _SlWlanSetModeCmdCtrl
20001210   _Snan
2000151c   _Tls_setup__Fenv
20001230   _Xbig
20001238   _Zero
20036400   __CIOBUF_
20004000   __STACK_END
00001000   __STACK_SIZE
00004000   __SYSMEM_SIZE
20015ae0   __TI_CINIT_Base
20015af0   __TI_CINIT_Limit
20015acc   __TI_Handler_Table_Base
20015ad8   __TI_Handler_Table_Limit
00000001   __TI_args_main
20011881   __TI_auto_init
2000e035   __TI_cleanup
20001510   __TI_cleanup_ptr
20011629   __TI_closefile
20014433   __TI_decompress_none
200144b1   __TI_decompress_rle24
20010c05   __TI_doflush
20001514   __TI_dtors_ptr
200014cc   __TI_ft_end
2000620f   __TI_printfi
2001121f   __TI_rd_ok
20012a43   __TI_readmsg
20014f40   __TI_static_base__
200366e8   __TI_tmpnams
20012a15   __TI_writemsg
200111bd   __TI_wrt_ok
200143af   __TI_zero_init
200144bd   __abort_execution
20011c55   __aeabi_cdcmpeq
20011c55   __aeabi_cdcmple
20011cdb   __aeabi_cdrcmple
200128f5   __aeabi_cfcmpeq
200128f5   __aeabi_cfcmple
20012955   __aeabi_cfrcmple
20012ff3   __aeabi_d2f
20013085   __aeabi_d2iz
20013271   __aeabi_d2uiz
2000e2ef   __aeabi_dadd
2000f1e5   __aeabi_ddiv
20010281   __aeabi_dmul
2000e2e5   __aeabi_dsub
200136d9   __aeabi_f2d
20013711   __aeabi_f2iz
20013929   __aeabi_f2uiz
20010381   __aeabi_fadd
200120d9   __aeabi_fmul
2001037d   __aeabi_fsub
20013ae5   __aeabi_i2d
20013749   __aeabi_i2f
200141c9   __aeabi_lmul
200121cd   __aeabi_memclr
200121cd   __aeabi_memclr4
200121cd   __aeabi_memclr8
200114f5   __aeabi_memcpy
200114f5   __aeabi_memcpy4
200114f5   __aeabi_memcpy8
200121cf   __aeabi_memset
200121cf   __aeabi_memset4
200121cf   __aeabi_memset8
200014d8   __aeabi_stderr
200014d0   __aeabi_stdin
200014d4   __aeabi_stdout
2000db9d   __aeabi_uldivmod
ffffffff   __binit__
ffffffff   __c_args__
20003000   __stack
2000d38f   __vla_alloc
2000d281   __vla_dealloc
2000d30f   __vla_dealloc_eh
200141b1   _args_main
200138c1   _c_int00
20014604   _ctypes_
20000f50   _ftable
20001508   _lock
20014337   _nop
2001432f   _register_lock
20014329   _register_unlock
20013c99   _sl_BuildAddress
2001269d   _sl_GetCreateFsMode
20012fa9   _sl_GetStartResponseConvert
20012701   _sl_HandleAsync_Accept
20012565   _sl_HandleAsync_Connect
20011f65   _sl_HandleAsync_DnsGetHostByName
200125cd   _sl_HandleAsync_DnsGetHostByService
200122bd   _sl_HandleAsync_InitComplete
20012419   _sl_HandleAsync_PingResponse
20012c35   _sl_HandleAsync_Select
20012ce1   _sl_HandleAsync_Stop
20014293   _sl_Strlen
20012489   _sl_TruncatePayloadByProtocol
200368e0   _sys_memory
2000150c   _unlock
20013231   abort
2000e54b   addHttpRequestHeader
2000e579   addHttpRequestHeaderInt
2000e49d   addHttpRequestLine
2000cc1b   add_device
2001017d   atan2l
20012e79   atoi
2000e507   beginHttpGetRequest
2000e4e5   beginHttpRequest
ffffffff   binit
200087db   buildRequestHeaders
2000bb99   calloc
200096ad   clearAccelMotionIntrpt
200367d8   clientStateFileName
2000cbc9   close
200014c4   cnt
20009163   configureFXOS8700
200131e9   copy_in
2000a237   createInstallation
20009c01   createNewInstallationId
200368c4   dataBuffer
200014c8   dataBufferSize
20010ef5   debugPrint
20010f17   debugPrintf
20004691   eTaskGetState
2000dd91   ensureCertificateFile
20013239   exit
2001168f   fclose
200138f5   feraiseexcept
20009b8d   fetchDeviceOSVersion
20010c51   fflush
2000a9a3   findSecondJson
2000e08b   fopen
20012501   fprintf
20011459   fputc
2000f451   fputs
2000b8f3   free
2000e061   freopen
20012765   fseek
20000dd0   gFirstCmdMode
200368dc   g_CaptureImage
20014c90   g_H2NCnysPattern
20014c88   g_H2NSyncPattern
20001318   g_SpiFd
20000dd8   g_StatMem
20001328   g_cDummy
20014ee8   g_deviceClientVersion
200368de   g_frame_end
200368c8   g_frame_size_in_bytes
20000600   g_header
200368cc   g_header_length
20018000   g_image_buffer
2000149c   g_osVersion
20000dd4   g_pCB
2000131c   g_pHostIntHdl
20004000   g_pfnVectors
200368b0   g_ucConnectionBSSID
2003680c   g_ucConnectionSSID
20001320   g_ucDMAEnabled
2000132c   g_ucDinDout
200014f0   g_uiSimplelinkRole
200014ec   g_ulGatewayIP
20001504   g_ulPingPacketsRecv
200014e8   g_ulStatus
20009519   getAccelerationMagnitude
200093df   getDoorDirection
2000e5c7   getHttpResponseBody
2000e59b   getHttpResponseStatus
2000a287   getInstallation
2000f9b7   getInternalClient
20009495   getMagnFlux_3axis
2000a9f3   getPushJson
20036520   gfpAppCallbackHndl
20036000   gpCtlTbl
2000fe65   i2cReadRegisters
2000ff11   i2cReadRegistersTwoBytes
2000fea7   i2cWriteRegisters
200368df   iDone
20006ad5   initNetwork
20012ddd   intToASCII
2000a9cf   isCompleteJson
20009b29   isPingTime
2000bbd1   loadClientState
200144b7   log
2000cba5   lseek
20012ad3   ltoa
2000c77f   main
2000153c   main_func_sp
2000b891   malloc
2000b775   mem_Free
2000b769   mem_Malloc
2000b795   mem_copy
2000b781   mem_set
2000bab9   memalign
20013ffd   memccpy
200142a9   memchr
20013f27   memcmp
200114f5   memcpy
20013dc9   memmove
200121d5   memset
2000b805   minit
2000caf7   open
2000b7eb   osi_ContextRestore
2000b7e9   osi_ContextSave
2000b7a9   osi_EnterCritical
2000b7b3   osi_ExitCritical
2000b3cf   osi_InterruptDeRegister
2000b3a9   osi_InterruptRegister
2000b4d9   osi_LockObjCreate
2000b54d   osi_LockObjDelete
2000b55d   osi_LockObjLock
2000b589   osi_LockObjUnlock
2000b69d   osi_MsgQCreate
2000b6e1   osi_MsgQDelete
2000b72d   osi_MsgQRead
2000b6fb   osi_MsgQWrite
2000b7c5   osi_Sleep
2000b5b3   osi_Spawn
2000b4b7   osi_SyncObjClear
2000b3e1   osi_SyncObjCreate
2000b411   osi_SyncObjDelete
2000b42b   osi_SyncObjSignal
2000b453   osi_SyncObjSignalFromISR
2000b48b   osi_SyncObjWait
2000b4ff   osi_TaskCreate
2000b53f   osi_TaskDelete
2000b7d5   osi_TaskDisable
2000b7df   osi_TaskEnable
2000b7bd   osi_start
20000dcc   pPingCallBackFunc
20008f83   parseGetErrorCode
2000a4a9   parseGetInstallationId
2000f90d   parseInitialize
20008f4d   parseSendRequest
20008edd   parseSendRequestInternal
2000a3fb   parseSetInstallationId
20014f21   pcDigits
20004bb5   pcTaskGetTaskName
20010e39   portCLZ
2000af19   pow
20010e21   prvPortStartFirstTask
200114dd   putc
200114e1   putchar
2000f55d   puts
200136a1   pvPortMalloc
2000143c   pxCurrentTCB
2000fb39   pxPortInitialiseStack
20013b13   raise
20012edb   rand
2000cad3   read
2000b9b3   realloc
2000ca49   remove
2000caab   remove_device
2000ca6d   rename
2000d569   retreiveImageIDfromHTTPResponse
2000bce3   saveClientState
20008d5d   sendRequest
200087b9   setDataBufferPointer
2000939d   setMotionDetectionThreshold
20010739   setvbuf
20013441   signal
2000a5d9   simpleJsonProcessor
20013ded   sl_Close
20010569   sl_Connect
20011fe1   sl_DevGet
200130cd   sl_DevSet
2001205d   sl_FsClose
20013115   sl_FsDel
20012635   sl_FsGetInfo
20012d35   sl_FsOpen
200119a5   sl_FsRead
20011a31   sl_FsWrite
20013781   sl_Htonl
20013991   sl_Htons
20010815   sl_NetAppDnsGetHostByName
20011bcd   sl_NetAppMDNSRegisterUnregisterService
200143c1   sl_NetAppMDNSUnRegisterService
20012d89   sl_NetAppSendTokenValue
20013e11   sl_NetAppStart
20013e35   sl_NetAppStop
200132f9   sl_NetCfgSet
2001333d   sl_Recv
2000ff71   sl_Select
2001110d   sl_Send
20012f11   sl_SetSockOpt
20013ab5   sl_Socket
20010cc5   sl_Start
20010b41   sl_Stop
2000e64d   sl_WlanConnect
20014497   sl_WlanDisconnect
20012331   sl_WlanGet
20013481   sl_WlanPolicySet
20013e59   sl_WlanProfileDel
200134c1   sl_WlanRxFilterSet
2001315d   sl_WlanSet
20013ce9   sl_WlanSetMode
200116c1   snprintf
2000ae15   socketClose
2000ac79   socketRead
2000aadd   socketSslConnect
2000aa7d   socketWait
2000ad75   socketWrite
200123a5   spi_Close
2000f585   spi_Open
200108ed   spi_Read
20010651   spi_Write
200129b5   sprintf
2000f0a5   sqrt
20012ec5   srand
200014c2   sshPort
200142bf   strchr
200141e1   strcmp
20014405   strcpy
2001433d   strlen
200135b5   strncasecmp
20013cc1   strncat
20013d37   strncmp
20013a55   strncpy
2001395d   strstr
20014415   tolower
20012f5d   uDMAChannelAssign
2001282d   uDMAChannelAttributeDisable
20012891   uDMAChannelAttributeEnable
200135f1   uDMAChannelControlSet
20014019   uDMAChannelDisable
20014035   uDMAChannelEnable
20010479   uDMAChannelTransferSet
20014351   uDMAControlBaseSet
20014469   uDMADisable
20014475   uDMAEnable
20014365   uDMAIntClear
200142d5   uDMAIntRegister
20014481   uDMAIntStatus
200143d3   uDMAIntUnregister
20008415   ucQueueGetQueueType
20010d89   ulPortSetInterruptMask
2000ca49   unlink
2000966d   updateConfigReg
20009b83   updateLastPingTime
2000f8c3   uxListRemove
200083f5   uxQueueGetQueueNumber
20008389   uxQueueMessagesWaiting
200083bf   uxQueueMessagesWaitingFromISR
2000839f   uxQueueSpacesAvailable
20004ba9   uxTaskGetNumberOfTasks
20004bd9   uxTaskGetSystemState
200050c9   uxTaskGetTaskNumber
20004725   uxTaskPriorityGet
20005621   uxTaskResetEventItemValue
2000c67b   vApplicationIdleHook
2000c67d   vApplicationMallocFailedHook
2000c67f   vApplicationStackOverflowHook
2000c679   vAssertCalled
2000f7e1   vListInitialise
2000f811   vListInitialiseItem
2000f85d   vListInsert
2000f821   vListInsertEnd
20010d9f   vPortClearInterruptMask
2000fbb5   vPortEndScheduler
2000fbc9   vPortEnterCritical
2000fbe1   vPortExitCritical
200136c1   vPortFree
20010df9   vPortSVCHandler
2000fc15   vPortSetupTimerInterrupt
2000fbb7   vPortYield
2000862f   vQueueAddToRegistry
200083d1   vQueueDelete
20008403   vQueueSetQueueNumber
20008671   vQueueUnregisterQueue
2000463b   vTaskDelay
2000459f   vTaskDelayUntil
2000450f   vTaskDelete
20004a8d   vTaskEndScheduler
200050bb   vTaskMissedYield
20004e51   vTaskPlaceOnEventList
20004eb5   vTaskPlaceOnUnorderedEventList
20005597   vTaskPriorityDisinherit
200054dd   vTaskPriorityInherit
2000475d   vTaskPrioritySet
20004955   vTaskResume
200050e9   vTaskSetTaskNumber
2000501b   vTaskSetTimeOutState
20004a43   vTaskStartScheduler
20004861   vTaskSuspend
20004a9f   vTaskSuspendAll
20004dd1   vTaskSwitchContext
20009135   verifyAccelMagnSensor
20011b45   vsnprintf
2000c9b9   write
20009993   writeMagntCalibrationValue
200014dc   xHigherPriorityTaskWoken
20010dad   xPortPendSVHandler
2000fb89   xPortStartScheduler
2000fbf9   xPortSysTickHandler
200086bf   xQueueAddToSet
20007ff1   xQueueAltGenericReceive
20007f45   xQueueAltGenericSend
20007e19   xQueueCreateCountingSemaphore
20007d9b   xQueueCreateMutex
200086ab   xQueueCreateSet
20007d25   xQueueGenericCreate
2000818b   xQueueGenericReceive
20007c95   xQueueGenericReset
20007e39   xQueueGenericSend
200080ef   xQueueGenericSendFromISR
200085cb   xQueueIsQueueEmptyFromISR
2000860d   xQueueIsQueueFullFromISR
20008345   xQueuePeekFromISR
200082cd   xQueueReceiveFromISR
20036788   xQueueRegistry
200086f3   xQueueRemoveFromSet
20008735   xQueueSelectFromSet
2000874f   xQueueSelectFromSetFromISR
200014e0   xSimpleLinkSpawnQueue
200014e4   xSimpleLinkSpawnTaskHndl
20005041   xTaskCheckForTimeOut
20004401   xTaskGenericCreate
20005491   xTaskGetCurrentTaskHandle
20004c97   xTaskGetIdleTaskHandle
200054a5   xTaskGetSchedulerState
20004b7d   xTaskGetTickCount
20004b91   xTaskGetTickCountFromISR
20004cb5   xTaskIncrementTick
20004f25   xTaskRemoveFromEventList
20004fad   xTaskRemoveFromUnorderedEventList
20004ab1   xTaskResumeAll
200049c9   xTaskResumeFromISR


GLOBAL SYMBOLS: SORTED BY Symbol Address 

address    name
--------   ----
00000001   __TI_args_main
00001000   __STACK_SIZE
00004000   __SYSMEM_SIZE
20000000   JPEG_StdHuffmanTbl
20000600   g_header
20000dcc   pPingCallBackFunc
20000dd0   gFirstCmdMode
20000dd4   g_pCB
20000dd8   g_StatMem
20000f50   _ftable
200011c0   _Denorm
200011d0   _Eps
200011e0   _Hugeval
200011f0   _Inf
20001200   _Nan
20001210   _Snan
20001220   _Rteps
20001230   _Xbig
20001238   _Zero
20001240   _LDenorm
20001250   _LEps
20001260   _LInf
20001270   _LNan
20001280   _LSnan
20001290   _LRteps
200012a0   _LXbig
200012a8   _LZero
200012b0   _FDenorm
200012c0   _FEps
200012d0   _FInf
200012e0   _FNan
200012f0   _FSnan
20001300   _FRteps
20001310   _FXbig
20001314   _FZero
20001318   g_SpiFd
2000131c   g_pHostIntHdl
20001320   g_ucDMAEnabled
20001324   DMAMsgQ
20001328   g_cDummy
2000132c   g_ucDinDout
2000137c   JPEG_StdQuantTblC
200013bc   JPEG_StdQuantTblY
2000143c   pxCurrentTCB
2000149c   g_osVersion
200014c2   sshPort
200014c4   cnt
200014c8   dataBufferSize
200014cc   __TI_ft_end
200014d0   __aeabi_stdin
200014d4   __aeabi_stdout
200014d8   __aeabi_stderr
200014dc   xHigherPriorityTaskWoken
200014e0   xSimpleLinkSpawnQueue
200014e4   xSimpleLinkSpawnTaskHndl
200014e8   g_ulStatus
200014ec   g_ulGatewayIP
200014f0   g_uiSimplelinkRole
20001504   g_ulPingPacketsRecv
20001508   _lock
2000150c   _unlock
20001510   __TI_cleanup_ptr
20001514   __TI_dtors_ptr
20001518   _Fenv
2000151c   _Tls_setup__Fenv
2000152c   DigiCertHighAssuranceEVRootCA_der_len
20001530   _Errno
2000153c   main_func_sp
20003000   __stack
20004000   __STACK_END
20004000   g_pfnVectors
20004401   xTaskGenericCreate
2000450f   vTaskDelete
2000459f   vTaskDelayUntil
2000463b   vTaskDelay
20004691   eTaskGetState
20004725   uxTaskPriorityGet
2000475d   vTaskPrioritySet
20004861   vTaskSuspend
20004955   vTaskResume
200049c9   xTaskResumeFromISR
20004a43   vTaskStartScheduler
20004a8d   vTaskEndScheduler
20004a9f   vTaskSuspendAll
20004ab1   xTaskResumeAll
20004b7d   xTaskGetTickCount
20004b91   xTaskGetTickCountFromISR
20004ba9   uxTaskGetNumberOfTasks
20004bb5   pcTaskGetTaskName
20004bd9   uxTaskGetSystemState
20004c97   xTaskGetIdleTaskHandle
20004cb5   xTaskIncrementTick
20004dd1   vTaskSwitchContext
20004e51   vTaskPlaceOnEventList
20004eb5   vTaskPlaceOnUnorderedEventList
20004f25   xTaskRemoveFromEventList
20004fad   xTaskRemoveFromUnorderedEventList
2000501b   vTaskSetTimeOutState
20005041   xTaskCheckForTimeOut
200050bb   vTaskMissedYield
200050c9   uxTaskGetTaskNumber
200050e9   vTaskSetTaskNumber
20005491   xTaskGetCurrentTaskHandle
200054a5   xTaskGetSchedulerState
200054dd   vTaskPriorityInherit
20005597   vTaskPriorityDisinherit
20005621   uxTaskResetEventItemValue
2000620f   __TI_printfi
20006519   InitializeAppVariables
20006541   ConfigureSimpleLinkToDefaultState
200067e1   ConfigureMode
2000681d   ConnectToNetwork
20006989   ConnectToNetwork_2
20006a2f   ConnectToNetwork_STA_2
20006a4b   ConnectToNetwork_STA
20006ad5   initNetwork
20006bf9   SimpleLinkWlanEventHandler
20006cdd   SimpleLinkNetAppEventHandler
20006d81   SimpleLinkSockEventHandler
20006dd9   SimpleLinkHttpServerCallback
20007139   StartCamera
200071a9   CaptureImage
200074e9   CamControllerInit
20007c95   xQueueGenericReset
20007d25   xQueueGenericCreate
20007d9b   xQueueCreateMutex
20007e19   xQueueCreateCountingSemaphore
20007e39   xQueueGenericSend
20007f45   xQueueAltGenericSend
20007ff1   xQueueAltGenericReceive
200080ef   xQueueGenericSendFromISR
2000818b   xQueueGenericReceive
200082cd   xQueueReceiveFromISR
20008345   xQueuePeekFromISR
20008389   uxQueueMessagesWaiting
2000839f   uxQueueSpacesAvailable
200083bf   uxQueueMessagesWaitingFromISR
200083d1   vQueueDelete
200083f5   uxQueueGetQueueNumber
20008403   vQueueSetQueueNumber
20008415   ucQueueGetQueueType
200085cb   xQueueIsQueueEmptyFromISR
2000860d   xQueueIsQueueFullFromISR
2000862f   vQueueAddToRegistry
20008671   vQueueUnregisterQueue
200086ab   xQueueCreateSet
200086bf   xQueueAddToSet
200086f3   xQueueRemoveFromSet
20008735   xQueueSelectFromSet
2000874f   xQueueSelectFromSetFromISR
200087b9   setDataBufferPointer
200087db   buildRequestHeaders
20008d5d   sendRequest
20008edd   parseSendRequestInternal
20008f4d   parseSendRequest
20008f83   parseGetErrorCode
20009135   verifyAccelMagnSensor
20009163   configureFXOS8700
2000939d   setMotionDetectionThreshold
200093df   getDoorDirection
20009495   getMagnFlux_3axis
20009519   getAccelerationMagnitude
2000966d   updateConfigReg
200096ad   clearAccelMotionIntrpt
200096fd   FXOS8700CQ_Init
200097e9   FXOS8700CQ_Mag_Calibration
20009993   writeMagntCalibrationValue
20009b29   isPingTime
20009b83   updateLastPingTime
20009b8d   fetchDeviceOSVersion
20009c01   createNewInstallationId
2000a237   createInstallation
2000a287   getInstallation
2000a3fb   parseSetInstallationId
2000a4a9   parseGetInstallationId
2000a5d9   simpleJsonProcessor
2000a9a3   findSecondJson
2000a9cf   isCompleteJson
2000a9f3   getPushJson
2000aa7d   socketWait
2000aadd   socketSslConnect
2000ac79   socketRead
2000ad75   socketWrite
2000ae15   socketClose
2000af19   pow
2000b3a9   osi_InterruptRegister
2000b3cf   osi_InterruptDeRegister
2000b3e1   osi_SyncObjCreate
2000b411   osi_SyncObjDelete
2000b42b   osi_SyncObjSignal
2000b453   osi_SyncObjSignalFromISR
2000b48b   osi_SyncObjWait
2000b4b7   osi_SyncObjClear
2000b4d9   osi_LockObjCreate
2000b4ff   osi_TaskCreate
2000b53f   osi_TaskDelete
2000b54d   osi_LockObjDelete
2000b55d   osi_LockObjLock
2000b589   osi_LockObjUnlock
2000b5b3   osi_Spawn
2000b621   VStartSimpleLinkSpawnTask
2000b671   VDeleteSimpleLinkSpawnTask
2000b69d   osi_MsgQCreate
2000b6e1   osi_MsgQDelete
2000b6fb   osi_MsgQWrite
2000b72d   osi_MsgQRead
2000b769   mem_Malloc
2000b775   mem_Free
2000b781   mem_set
2000b795   mem_copy
2000b7a9   osi_EnterCritical
2000b7b3   osi_ExitCritical
2000b7bd   osi_start
2000b7c5   osi_Sleep
2000b7d5   osi_TaskDisable
2000b7df   osi_TaskEnable
2000b7e9   osi_ContextSave
2000b7eb   osi_ContextRestore
2000b805   minit
2000b891   malloc
2000b8f3   free
2000b9b3   realloc
2000bab9   memalign
2000bb99   calloc
2000bbd1   loadClientState
2000bce3   saveClientState
2000bf85   _SlDrvMsgRead
2000c32d   _SlAsyncEventGenericHandler
2000c679   vAssertCalled
2000c67b   vApplicationIdleHook
2000c67d   vApplicationMallocFailedHook
2000c67f   vApplicationStackOverflowHook
2000c681   CollectTxit_ImgTempRH
2000c6df   Main_Task
2000c77f   main
2000c9b9   write
2000ca49   remove
2000ca49   unlink
2000ca6d   rename
2000caab   remove_device
2000cad3   read
2000caf7   open
2000cba5   lseek
2000cbc9   close
2000cc1b   add_device
2000ccc9   _Log
2000cfad   HOSTwrite
2000cff9   HOSTunlink
2000d031   HOSTtime
2000d06b   HOSTrename
2000d0c9   HOSTread
2000d115   HOSTopen
2000d167   HOSTlseek
2000d1c3   HOSTgetenv
2000d201   HOSTclose
2000d239   HOSTclock
2000d281   __vla_dealloc
2000d30f   __vla_dealloc_eh
2000d38f   __vla_alloc
2000d521   InitialiseParse
2000d537   UploadImageToParse
2000d555   UploadSensorDataToParse
2000d569   retreiveImageIDfromHTTPResponse
2000d5a1   ConstructDeviceStateObject
2000d79d   CameraSensorInit
2000d7a5   StartSensorInJpegMode
2000d9a1   _Exp
2000db9d   __aeabi_uldivmod
2000dd91   ensureCertificateFile
2000e035   __TI_cleanup
2000e061   freopen
2000e08b   fopen
2000e12d   InitTerm
2000e14b   Message
2000e165   ClearTerm
2000e16b   Error
2000e19f   GetCmd
2000e1ff   TrimSpace
2000e249   Report
2000e2e5   __aeabi_dsub
2000e2ef   __aeabi_dadd
2000e49d   addHttpRequestLine
2000e4e5   beginHttpRequest
2000e507   beginHttpGetRequest
2000e54b   addHttpRequestHeader
2000e579   addHttpRequestHeaderInt
2000e59b   getHttpResponseStatus
2000e5c7   getHttpResponseBody
2000e64d   sl_WlanConnect
2000e7e9   DmaSwIntHandler
2000e7fb   DmaErrorIntHandler
2000e807   UDMAInit
2000e851   UDMAChannelSelect
2000e879   SetupTransfer
2000e8af   UDMASetupAutoMemTransfer
2000e8d3   UDMASetupPingPongTransfer
2000e91d   UDMADeInit
2000e931   DMASetupTransfer
2000e9df   I2C_IF_Write
2000ea41   I2C_IF_Read
2000eaa9   I2C_IF_ReadFrom
2000eac9   I2C_IF_Open
2000eaf3   I2C_IF_Close
2000eb09   _LAtan
2000ec91   I2CInit
2000ecaf   I2CBufferRead
2000ed57   I2CBufferWrite
2000ee01   _SlDrvDataReadOp
2000ef65   _SlDrvRxHdrRead
2000f0a5   sqrt
2000f1e5   __aeabi_ddiv
2000f31d   PRCMCC3200MCUInit
2000f451   fputs
2000f55d   puts
2000f585   spi_Open
2000f6b5   _SlDrvDataWriteOp
2000f7e1   vListInitialise
2000f811   vListInitialiseItem
2000f821   vListInsertEnd
2000f85d   vListInsert
2000f8c3   uxListRemove
2000f90d   parseInitialize
2000f9b7   getInternalClient
2000fa25   _SlDrvMsgWrite
2000fb39   pxPortInitialiseStack
2000fb89   xPortStartScheduler
2000fbb5   vPortEndScheduler
2000fbb7   vPortYield
2000fbc9   vPortEnterCritical
2000fbe1   vPortExitCritical
2000fbf9   xPortSysTickHandler
2000fc15   vPortSetupTimerInterrupt
2000fc49   _Dscale
2000fd59   _SlDrvWaitForPoolObj
2000fe65   i2cReadRegisters
2000fea7   i2cWriteRegisters
2000ff11   i2cReadRegistersTwoBytes
2000ff71   sl_Select
20010079   _SlDrvReleasePoolObj
2001017d   atan2l
20010281   __aeabi_dmul
2001037d   __aeabi_fsub
20010381   __aeabi_fadd
20010479   uDMAChannelTransferSet
20010569   sl_Connect
20010651   spi_Write
20010739   setvbuf
20010815   sl_NetAppDnsGetHostByName
200108ed   spi_Read
200109b9   _Dint
20010a7d   _Dnorm
20010b41   sl_Stop
20010c05   __TI_doflush
20010c51   fflush
20010cc5   sl_Start
20010d89   ulPortSetInterruptMask
20010d9f   vPortClearInterruptMask
20010dad   xPortPendSVHandler
20010df9   vPortSVCHandler
20010e21   prvPortStartFirstTask
20010e39   portCLZ
20010e41   _SlDrvMsgReadCmdCtx
20010ef5   debugPrint
20010f17   debugPrintf
20010fa9   _SlDrvNetAppEventHandler
2001105b   PinMuxConfig
2001110d   sl_Send
200111bd   __TI_wrt_ok
2001121f   __TI_rd_ok
20011269   IntDisable
20011311   IntEnable
200113b9   SPIConfigSetExpClk
20011459   fputc
200114dd   putc
200114e1   putchar
200114f5   __aeabi_memcpy
200114f5   __aeabi_memcpy4
200114f5   __aeabi_memcpy8
200114f5   memcpy
20011591   _SlFindAndSetActiveObj
20011629   __TI_closefile
2001168f   fclose
200116c1   snprintf
20011759   PRCMPeripheralClockGet
200117ed   _SlDrvClassifyRxMsg
20011881   __TI_auto_init
20011915   _SlDrvMsgReadSpawnCtx
200119a5   sl_FsRead
20011a31   sl_FsWrite
20011abd   PinConfigSet
20011b45   vsnprintf
20011bcd   sl_NetAppMDNSRegisterUnregisterService
20011c55   __aeabi_cdcmpeq
20011c55   __aeabi_cdcmple
20011cdb   __aeabi_cdrcmple
20011d61   I2CMasterInitExpClk
20011de5   _SlDrvCmdOp
20011e69   NwpPowerOnPreamble
20011ee9   _SlDrvDriverCBInit
20011f65   _sl_HandleAsync_DnsGetHostByName
20011fe1   sl_DevGet
2001205d   sl_FsClose
200120d9   __aeabi_fmul
200121cd   __aeabi_memclr
200121cd   __aeabi_memclr4
200121cd   __aeabi_memclr8
200121cf   __aeabi_memset
200121cf   __aeabi_memset4
200121cf   __aeabi_memset8
200121d5   memset
20012245   UARTConfigSetExpClk
200122bd   _sl_HandleAsync_InitComplete
20012331   sl_WlanGet
200123a5   spi_Close
20012419   _sl_HandleAsync_PingResponse
20012489   _sl_TruncatePayloadByProtocol
20012501   fprintf
20012565   _sl_HandleAsync_Connect
200125cd   _sl_HandleAsync_DnsGetHostByService
20012635   sl_FsGetInfo
2001269d   _sl_GetCreateFsMode
20012701   _sl_HandleAsync_Accept
20012765   fseek
200127c9   _Dunscale
2001282d   uDMAChannelAttributeDisable
20012891   uDMAChannelAttributeEnable
200128f5   __aeabi_cfcmpeq
200128f5   __aeabi_cfcmple
20012955   __aeabi_cfrcmple
200129b5   sprintf
20012a15   __TI_writemsg
20012a3f   C$$IO$$
20012a43   __TI_readmsg
20012ad3   ltoa
20012b2d   IntPendClear
20012b85   PRCMPeripheralReset
20012bdd   _SlDrvDriverCBDeinit
20012c35   _sl_HandleAsync_Select
20012c8d   IntPrioritySet
20012ce1   _sl_HandleAsync_Stop
20012d35   sl_FsOpen
20012d89   sl_NetAppSendTokenValue
20012ddd   intToASCII
20012e2d   SPIIntEnable
20012e79   atoi
20012ec5   srand
20012edb   rand
20012f11   sl_SetSockOpt
20012f5d   uDMAChannelAssign
20012fa9   _sl_GetStartResponseConvert
20012ff3   __aeabi_d2f
2001303d   SPIIntClear
20013085   __aeabi_d2iz
200130cd   sl_DevSet
20013115   sl_FsDel
2001315d   sl_WlanSet
200131e9   copy_in
2001322d   C$$EXIT
20013231   abort
20013239   exit
20013271   __aeabi_d2uiz
200132b5   _Dtest
200132f9   sl_NetCfgSet
2001333d   sl_Recv
20013381   PinModeSet
200133c1   _SlDrvRxIrqHandler
20013401   _SlRemoveFromList
20013441   signal
20013481   sl_WlanPolicySet
200134c1   sl_WlanRxFilterSet
20013501   NwpPowerOff
2001353d   PRCMPeripheralClkEnable
20013579   _SlDrvObjInit
200135b5   strncasecmp
200135f1   uDMAChannelControlSet
2001362d   CameraCaptureStop
20013667   CameraXClkConfig
200136a1   pvPortMalloc
200136c1   vPortFree
200136d9   __aeabi_f2d
20013711   __aeabi_f2iz
20013749   __aeabi_i2f
20013781   sl_Htonl
200137b9   GPIODirModeSet
200137ef   CameraParamsConfig
20013825   PRCMPeripheralStatusGet
20013859   SPIFIFOLevelSet
2001388d   _SlDrvBasicCmd
200138c1   _c_int00
200138f5   feraiseexcept
20013929   __aeabi_f2uiz
2001395d   strstr
20013991   sl_Htons
200139c5   NwpPowerOn
200139f5   PinTypeGPIO
20013a25   UARTDisable
20013a55   strncpy
20013a85   _Feraise
20013ab5   sl_Socket
20013ae5   __aeabi_i2d
20013b13   raise
20013b41   CameraIntEnable
20013b6d   DmaSpiSwIntHandler
20013b99   I2CMasterErr
20013bc5   PRCMSysResetCauseGet
20013bf1   _SlDrvFlowContDeinit
20013c1d   _SlDrvFlowContInit
20013c49   CameraIntStatus
20013c71   PRCMPeripheralClkDisable
20013c99   _sl_BuildAddress
20013cc1   strncat
20013ce9   sl_WlanSetMode
20013d11   CameraThresholdSet
20013d37   strncmp
20013d5d   CameraIntClear
20013d81   IntUnregister
20013da5   UARTEnable
20013dc9   memmove
20013ded   sl_Close
20013e11   sl_NetAppStart
20013e35   sl_NetAppStop
20013e59   sl_WlanProfileDel
20013e7d   CameraCaptureStart
20013e9f   I2CMasterSlaveAddrSet
20013ec1   NwpRegisterInterruptHandler
20013ee3   SPIReset
20013f05   SPIWordCountSet
20013f27   memcmp
20013f49   IntRegister
20013f69   _SlDrvCmdSend
20013f89   I2CMasterIntStatusEx
20013fa7   UARTCharPut
20013fc5   PinTypeI2C
20013fe1   _SlDrvObjDeInit
20013ffd   memccpy
20014019   UDMAStopTransfer
20014019   uDMAChannelDisable
20014035   uDMAChannelEnable
20014051   CopyPingResultsToReport
2001406b   PinTypeCamera
20014085   PinTypeUART
2001409f   SPIDmaDisable
200140b9   SPIDmaEnable
200140d3   SPIFIFODisable
200140ed   SPIFIFOEnable
20014107   _SlDrvDeviceEventHandler
20014121   CameraReset
20014139   GPIOPinRead
20014151   SPICSDisable
20014169   SPICSEnable
20014181   SPIDisable
20014199   SPIEnable
200141b1   _args_main
200141c9   __aeabi_lmul
200141e1   strcmp
200141f9   CameraDMAEnable
2001420f   CameraIntRegister
20014225   I2CMasterDataPut
2001423b   I2CMasterEnable
20014251   PRCMHIBRegRead
20014267   PRCMHIBRegWrite
2001427d   UARTCharGet
20014293   _sl_Strlen
200142a9   memchr
200142bf   strchr
200142d5   uDMAIntRegister
200142eb   CPUcpsie
20014301   IntVTableBaseSet
20014315   _SlDrvShiftDWord
20014329   _register_unlock
2001432f   _register_lock
20014337   _nop
2001433d   strlen
20014351   uDMAControlBaseSet
20014365   uDMAIntClear
20014379   I2CMasterControl
2001438b   I2CMasterIntClearEx
2001439d   I2CMasterTimeoutSet
200143af   __TI_zero_init
200143c1   sl_NetAppMDNSUnRegisterService
200143d3   uDMAIntUnregister
200143e5   NwpMaskInterrupt
200143f5   SL_FD_SET
20014405   strcpy
20014415   tolower
20014425   I2CMasterDataGet
20014433   __TI_decompress_none
20014441   _Dclass
2001444f   ResetISR
2001445d   NwpUnMaskInterrupt
20014469   uDMADisable
20014475   uDMAEnable
20014481   uDMAIntStatus
2001448d   IntMasterEnable
20014497   sl_WlanDisconnect
2001449f   MT9D111Delay
200144a5   SL_FD_ZERO
200144ab   UtilsDelay
200144b1   __TI_decompress_rle24
200144b7   log
200144bd   __abort_execution
200144c1   _LDtest
20014604   _ctypes_
2001480c   _SlPolicySetCmdCtrl
20014810   _SlPolicyGetCmdCtrl
20014814   _SlProfileGetCmdCtrl
20014818   _SlProfileDelCmdCtrl
2001481c   _SlWlanGetNetworkListCtrl
20014820   _SlRxFilterAddtCmdCtrl
20014824   _SlRxFilterSetCmdCtrl
20014828   _SlRxFilterGetCmdCtrl
2001482c   _SlSmartConfigStartCmdCtrl
20014830   _SlWlanSetModeCmdCtrl
20014834   _SlWlanCfgSetCmdCtrl
20014838   _SlWlanCfgGetCmdCtrl
20014c88   g_H2NSyncPattern
20014c90   g_H2NCnysPattern
20014c98   _SlActionLookupTable
20014d50   _SlFsOpenCmdCtrl
20014d54   _SlFsCloseCmdCtrl
20014d58   _SlFsReadCmdCtrl
20014d5c   _SlFsWriteCmdCtrl
20014d60   _SlFsGetInfoCmdCtrl
20014d64   _SlFsDeleteCmdCtrl
20014d94   _SlSockSocketCmdCtrl
20014d98   _SlSockCloseCmdCtrl
20014d9c   _SlRecvfomCmdCtrl
20014da0   _SlSendCmdCtrl
20014da4   _SlListenCmdCtrl
20014da8   _SlAcceptCmdCtrl
20014dac   _SlRecvCmdCtrl
20014db0   _SlSetSockOptCmdCtrl
20014db4   _SlGetSockOptCmdCtrl
20014db8   _SlSelectCmdCtrl
20014e48   _SlNetAppStartCtrl
20014e4c   _SlNetAppStopCtrl
20014e50   _SlGetServiceListeCtrl
20014e54   _SlRegisterServiceCtrl
20014e58   _SlGetHostByServiceCtrl
20014e5c   _SlGetHostByNameCtrl
20014e60   _SlNetAppSetCmdCtrl
20014e64   _SlNetAppSendTokenValueCmdCtrl
20014e68   _SlNetAppGetCmdCtrl
20014ee8   g_deviceClientVersion
20014f00   _SlStopCmdCtrl
20014f04   _SlEventMaskSetCmdCtrl
20014f08   _SlEventMaskGetCmdCtrl
20014f0c   _SlDeviceGetCmdCtrl
20014f10   _SlDeviceSetCmdCtrl
20014f21   pcDigits
20014f2c   _SlNetCfgSetCmdCtrl
20014f30   _SlNetCfgGetCmdCtrl
20014f40   __TI_static_base__
20015acc   __TI_Handler_Table_Base
20015ad8   __TI_Handler_Table_Limit
20015ae0   __TI_CINIT_Base
20015af0   __TI_CINIT_Limit
20018000   g_image_buffer
20036000   gpCtlTbl
20036400   __CIOBUF_
20036520   gfpAppCallbackHndl
200366e8   __TI_tmpnams
20036788   xQueueRegistry
200367d8   clientStateFileName
2003680c   g_ucConnectionSSID
200368b0   g_ucConnectionBSSID
200368c4   dataBuffer
200368c8   g_frame_size_in_bytes
200368cc   g_header_length
200368dc   g_CaptureImage
200368de   g_frame_end
200368df   iDone
200368e0   _sys_memory
ffffffff   __binit__
ffffffff   __c_args__
ffffffff   binit
UNDEFED    SHT$$INIT_ARRAY$$Base
UNDEFED    SHT$$INIT_ARRAY$$Limit

[678 symbols]
