******************************************************************************
                  TI ARM Linker PC v5.2.2                      
******************************************************************************
>> Linked Sat Aug 08 16:55:02 2015

OUTPUT FILE NAME:   <ULP_SEC_CAM.out>
ENTRY POINT SYMBOL: "_c_int00"  address: 2001f27d


MEMORY CONFIGURATION

         name            origin    length      used     unused   attr    fill
----------------------  --------  ---------  --------  --------  ----  --------
  SRAM_BOOTLDR          20000000   00004000  0000293c  000016c4  RW X
  SRAM_CODE             20004000   0001e300  0001e1e7  00000119  RW X
  SRAM_DATA             20022300   0001dd00  0001c36f  00001991  RW X


SEGMENT ALLOCATION MAP

run origin  load origin   length   init length attrs members
----------  ----------- ---------- ----------- ----- -------
20000000    20000000    0000093c   00000000    rw-
  20000000    20000000    0000093c   00000000    rw- .data
20002000    20002000    00002000   00000000    rw-
  20002000    20002000    00002000   00000000    rw- .stack
20004000    20004000    0001e1e8   0001e1e8    r-x
  20004000    20004000    00000400   00000400    r-- .intvecs
  20004400    20004400    0001c664   0001c664    r-x .text
  20020a64    20020a64    00001253   00001253    r-- .const
  20021cb8    20021cb8    00000530   00000530    r-- .cinit
20022400    20022400    0001c370   00000000    rw-
  20022400    20022400    0001736f   00000000    rw- .bss
  20039770    20039770    00005000   00000000    rw- .sysmem


SECTION ALLOCATION MAP

 output                                  attributes/
section   page    origin      length       input sections
--------  ----  ----------  ----------   ----------------
.data      0    20000000    0000093c     UNINITIALIZED
                  20000000    000003c9     cc3200_certificate.obj (.data:DigiCertHighAssuranceEVRootCA_der)
                  200003c9    00000001     tasks.obj (.data)
                  200003ca    00000002     --HOLE--
                  200003cc    000000f0     rtsv7M4_T_le_eabi.lib : defs.obj (.data:_ftable)
                  200004bc    000000d0                           : lowlev.obj (.data)
                  2000058c    000000b0                           : signal.obj (.data:sigtable)
                  2000063c    00000004     cc3200_certificate.obj (.data)
                  20000640    00000080     rtsv7M4_T_le_eabi.lib : xvalues.obj (.data)
                  200006c0    00000068                           : xfvalues.obj (.data)
                  20000728    00000064     network_relater_fns.obj (.data:Token)
                  2000078c    00000064     network_relater_fns.obj (.data:Value)
                  200007f0    0000003c     main.obj (.data:g_token_get)
                  2000082c    00000034     free_rtos.a : tasks.obj (.data)
                  20000860    00000024     main.obj (.data)
                  20000884    00000018     cc3200_utils.obj (.data)
                  2000089c    00000018     request.obj (.data)
                  200008b4    00000010     rtsv7M4_T_le_eabi.lib : defs.obj (.data)
                  200008c4    0000000c     free_rtos.a : osi_freertos.obj (.data)
                  200008d0    0000000c     rtsv7M4_T_le_eabi.lib : memory.obj (.data)
                  200008dc    00000009     simplelink.a : cc_pal.obj (.data)
                  200008e5    00000003     --HOLE--
                  200008e8    00000009                  : driver.obj (.data)
                  200008f1    00000003     --HOLE--
                  200008f4    00000008     camera_app.obj (.data)
                  200008fc    00000008     rtsv7M4_T_le_eabi.lib : _lock.obj (.data)
                  20000904    00000008                           : exit.obj (.data)
                  2000090c    00000008                           : feraiseexcept.obj (.data)
                  20000914    00000006     http.obj (.data)
                  2000091a    00000002     --HOLE--
                  2000091c    00000004     free_rtos.a : port.obj (.data)
                  20000920    00000004     middleware.a : rtc_hal.obj (.data)
                  20000924    00000004     ota.a : OtaHttp.obj (.data)
                  20000928    00000004     rtsv7M4_T_le_eabi.lib : errno.obj (.data)
                  2000092c    00000004                           : fopen.obj (.data)
                  20000930    00000004                           : rand.obj (.data)
                  20000934    00000004                           : stkdepth_vars.obj (.data)
                  20000938    00000004     user_configure_fn.obj (.data)

.TI.persistent 
*          0    20000000    00000000     UNINITIALIZED

.stack     0    20002000    00002000     UNINITIALIZED
                  20002000    00002000     --HOLE--

.intvecs   0    20004000    00000400     
                  20004000    00000400     startup_ccs.obj (.intvecs)

.text      0    20004400    0001c664     
                  20004400    00001258     free_rtos.a : tasks.obj (.text)
                  20005658    000010a6     rtsv7M4_T_le_eabi.lib : _printfi.obj (.text)
                  200066fe    00000002     startup_ccs.obj (.text:BusFaultHandler)
                  20006700    00000b24     free_rtos.a : queue.obj (.text)
                  20007224    00000a08     magnetic.obj (.text:fUpdateCalibration10EIG)
                  20007c2c    00000788     magnetic.obj (.text:fUpdateCalibration4INV)
                  200083b4    00000694     magnetic.obj (.text:fUpdateCalibration7EIG)
                  20008a48    00000688     matrix.obj (.text:eigencompute)
                  200090d0    00000610     ota.a : OtaHttp.obj (.text)
                  200096e0    000005ec     simplelink.a : driver.obj (.text:_SlDrvMsgRead)
                  20009ccc    00000584     magnetic.obj (.text:iUpdateMagnetometerBuffer)
                  2000a250    000004dc     network_relater_fns.obj (.text:SimpleLinkHttpServerCallback)
                  2000a72c    000004d8     application_fn.obj (.text:application_fn)
                  2000ac04    000004be     cc3200_utils.obj (.text:createNewInstallationId)
                  2000b0c2    00000002     driverlib.a : interrupt.obj (.text:IntDefaultHandler)
                  2000b0c4    0000045c     free_rtos.a : osi_freertos.obj (.text)
                  2000b520    0000044c     request.obj (.text:buildRequestHeaders)
                  2000b96c    00000424     ota.a : OtaClient.obj (.text)
                  2000bd90    0000040c           : OtaApp.obj (.text)
                  2000c19c    000003dc     rtsv7M4_T_le_eabi.lib : memory.obj (.text)
                  2000c578    000003bc     network_relater_fns.obj (.text:SimpleLinkWlanEventHandler)
                  2000c934    000003b8     matrix.obj (.text:fmatrixAeqInvA)
                  2000ccec    00000378     rtsv7M4_T_le_eabi.lib : powf.obj (.text)
                  2000d064    0000035c     user_configure_fn.obj (.text:User_Configure)
                  2000d3c0    0000035c     ota.a : CdnClient.obj (.text)
                  2000d71c    00000354     orientation.obj (.text:feCompassAndroid)
                  2000da70    00000354     orientation.obj (.text:feCompassWin8)
                  2000ddc4    00000350     orientation.obj (.text:feCompassNED)
                  2000e114    0000033c     door_position_detection_algorithm.obj (.text:Calculate_DoorOpenThresholdAngle)
                  2000e450    00000338     ota.a : LogClient.obj (.text)
                  2000e788    00000324     tasks.obj (.text:MagCal_Run)
                  2000eaac    0000030c     rtsv7M4_T_le_eabi.lib : lowlev.obj (.text)
                  2000edb8    000002dc     network_relater_fns.obj (.text:ConfigureSimpleLinkToDefaultState)
                  2000f094    000002d4     rtsv7M4_T_le_eabi.lib : trgdrv.obj (.text)
                  2000f368    00000298     mt9d111.obj (.text:RegLstWrite)
                  2000f600    00000298     rtsv7M4_T_le_eabi.lib : vla_alloc.obj (.text)
                  2000f898    00000284     camera_app.obj (.text:CaptureImage)
                  2000fb1c    00000284     parse_uploads.obj (.text:ConstructGroundDataObject)
                  2000fda0    00000278     door_position_detection_algorithm.obj (.text:check_doorpos)
                  20010018    00000270     user_configure_fn.obj (.text:WiFiProvisioning)
                  20010288    0000026e     simplejson.obj (.text:simpleJsonProcessor)
                  200104f6    00000002     startup_ccs.obj (.text:IntDefaultHandler)
                  200104f8    00000268     user_configure_fn.obj (.text:Get_Calibration_MagSensor)
                  20010760    0000025c     lightSens_isl29035.obj (.text:configureISL29035)
                  200109bc    00000248     simplelink.a : driver.obj (.text:_SlDrvRxHdrRead)
                  20010c04    00000244                  : wlan.obj (.text:sl_WlanConnect)
                  20010e48    00000220     ota.obj (.text:OTA_Run)
                  20011068    00000220     rtsv7M4_T_le_eabi.lib : ll_div_t2.obj (.text)
                  20011288    00000204     request.obj (.text:payloadSend)
                  2001148c    000001f4     rtsv7M4_T_le_eabi.lib : ull_div_t2.obj (.text)
                  20011680    000001ec     main_FXOS8700.obj (.text:angleCheck_Initializations)
                  2001186c    000001d4     user_configure_fn.obj (.text:AccessPtMode_HTTPServer_Start)
                  20011a40    000001d0     simplelink.a : driver.obj (.text:_SlDrvReleasePoolObj)
                  20011c10    000001cc                  : driver.obj (.text:_SlDrvMsgWrite)
                  20011ddc    000001c8     main.obj (.text:main)
                  20011fa4    000001c4     tasks.obj (.text:RdSensData_Run)
                  20012168    000001c4     rtsv7M4_T_le_eabi.lib : fopen.obj (.text)
                  2001232c    000001c0     magnetic.obj (.text:fInvertMagCal)
                  200124ec    000001bc     rtsv7M4_T_le_eabi.lib : xflog.obj (.text)
                  200126a8    000001b6                           : fd_add_t2.obj (.text)
                  2001285e    00000002     startup_ccs.obj (.text:NmiSR)
                  20012860    000001b0     parse_uploads.obj (.text:ConstructUserConfigObject)
                  20012a10    000001ac     parse_uploads.obj (.text:ConstructDeviceStateObject)
                  20012bbc    000001ac     network_relater_fns.obj (.text:initNetwork)
                  20012d68    000001a4     orientation.obj (.text:fQuaternionFromRotationMatrix)
                  20012f0c    000001a4     cc3200_socket.obj (.text:socketSslConnect)
                  200130b0    000001a0     camera_app.obj (.text:CameraIntHandler)
                  20013250    0000019c     rtsv7M4_T_le_eabi.lib : xfsin.obj (.text)
                  200133ec    00000190     simplelink.a : driver.obj (.text:_SlDrvWaitForPoolObj)
                  2001357c    0000018c     request.obj (.text:sendRequest)
                  20013708    00000188     matrix.obj (.text:f3x3matrixAeqInvSymB)
                  20013890    00000184     flc.a : flc.obj (.text)
                  20013a14    00000180     fusion.obj (.text:fRun_6DOF_GB_BASIC)
                  20013b94    00000180     orientation.obj (.text:fWin8AnglesDegFromRotationMatrix)
                  20013d14    00000178     rtsv7M4_T_le_eabi.lib : tanf.obj (.text)
                  20013e8c    00000178                           : xfexp.obj (.text)
                  20014004    00000174     simplelink.a : driver.obj (.text:_SlDrvDriverCBInit)
                  20014178    00000174     magnetic.obj (.text:fInitMagCalibration)
                  200142ec    00000170     network_relater_fns.obj (.text:SimpleLinkNetAppEventHandler)
                  2001445c    00000170     simplelink.a : driver.obj (.text:_SlFindAndSetActiveObj)
                  200145cc    00000168     ota.obj (.text:OTAServerInfoSet)
                  20014734    00000165     network_relater_fns.obj (.text:SimpleLinkSockEventHandler)
                  20014899    00000001     --HOLE-- [fill = 0]
                  2001489a    00000002     main.obj (.text:vApplicationIdleHook)
                  2001489c    00000164     tempRHSens_si7020.obj (.text:getTempRH)
                  20014a00    00000160     tasks.obj (.text:Fusion_Run)
                  20014b60    00000160     network_relater_fns.obj (.text:WiFi_Connect)
                  20014cc0    0000015c     hibernate_related_fns.obj (.text:HIBernate)
                  20014e1c    00000158     drivers.obj (.text:FXOS8700_Init)
                  20014f74    00000158     orientation.obj (.text:qAeqAxB)
                  200150cc    00000158     orientation.obj (.text:qconjgAxB)
                  20015224    00000150     Task_ImageCaptureConfigs.obj (.text:ImageSensor_CaptureConfigs_Task)
                  20015374    00000150     simplelink.a : cc_pal.obj (.text:spi_Open)
                  200154c4    00000144     Task_UserConfig.obj (.text:UserConfigure_Task)
                  20015608    0000013c     rtsv7M4_T_le_eabi.lib : fmodf.obj (.text)
                  20015744    0000013c     simplelink.a : socket.obj (.text:sl_Select)
                  20015880    00000138     i2cconfig.obj (.text:I2CBufferRead)
                  200159b8    00000138     mt9d111.obj (.text:Register_Read)
                  20015af0    00000138     orientation.obj (.text:fLPFOrientationQuaternion)
                  20015c28    00000138     orientation.obj (.text:fRotationMatrixFromQuaternion)
                  20015d60    00000138     i2c_app.obj (.text:i2cWriteRegisters)
                  20015e98    00000136     rtsv7M4_T_le_eabi.lib : fd_div_t2.obj (.text)
                  20015fce    00000002     --HOLE-- [fill = 0]
                  20015fd0    00000134     driverlib.a : prcm.obj (.text:PRCMCC3200MCUInit)
                  20016104    00000134     rtsv7M4_T_le_eabi.lib : fputs.obj (.text)
                  20016238    00000130     i2cconfig.obj (.text:I2CBufferWrite)
                  20016368    0000012a     free_rtos.a : list.obj (.text)
                  20016492    00000002     --HOLE-- [fill = 0]
                  20016494    00000128     mt9d111.obj (.text:Read_AllRegisters)
                  200165bc    00000128     simplelink.a : driver.obj (.text:_SlDrvDataReadOp)
                  200166e4    00000116     drivers.obj (.text:FXOS8700_ReadData)
                  200167fa    00000002     --HOLE-- [fill = 0]
                  200167fc    00000110     free_rtos.a : port.obj (.text)
                  2001690c    00000110     rtsv7M4_T_le_eabi.lib : xdscale.obj (.text)
                  20016a1c    00000110     lightSens_isl29035.obj (.text:verifyISL29035)
                  20016b2c    00000110     tempRHSens_si7020.obj (.text:verifyTempRHSensor)
                  20016c3c    0000010c     sendGroundData.obj (.text:SendGroundData)
                  20016d48    0000010c     flash_files.obj (.text:WriteFile_ToFlash)
                  20016e54    00000108     middleware.a : rtc_hal.obj (.text:rtc_fast_domain_counter_rd)
                  20016f5c    00000108     simplelink.a : socket.obj (.text:sl_Connect)
                  20017064    00000108                  : socket.obj (.text:sl_Send)
                  2001716c    00000104     dbgFns.obj (.text:Check_I2CDevices)
                  20017270    00000104     simplelink.a : driver.obj (.text:_SlDrvDataWriteOp)
                  20017374    00000104     i2c_app.obj (.text:i2cReadRegistersTwoBytes)
                  20017478    00000104     simplelink.a : netapp.obj (.text:sl_NetAppDnsGetHostByName)
                  2001757c    00000100     i2c_app.obj (.text:i2cReadRegisters)
                  2001767c    00000100     cc3200_client_state.obj (.text:loadClientState)
                  2001777c    000000fe     simplelink.a : netapp.obj (.text:_SlDrvNetAppEventHandler)
                  2001787a    00000002     --HOLE-- [fill = 0]
                  2001787c    000000fc     Task_Main.obj (.text:Main_Task_withHibernate)
                  20017978    000000fc     pinmux.obj (.text:PinMuxConfig)
                  20017a74    000000fc     orientation.obj (.text:fqAeqNormqA)
                  20017b70    000000fc     rtsv7M4_T_le_eabi.lib : fd_mul_t2.obj (.text)
                  20017c6c    000000fa                           : fs_add_t2.obj (.text)
                  20017d66    00000002     --HOLE-- [fill = 0]
                  20017d68    000000f8     app_common.obj (.text:Get_FridgeCamID)
                  20017e60    000000f8     cc3200_certificate.obj (.text:ensureCertificateFile)
                  20017f58    000000f8     orientation.obj (.text:fAndroidAnglesDegFromRotationMatrix)
                  20018050    000000f8     orientation.obj (.text:fNEDAnglesDegFromRotationMatrix)
                  20018148    000000f4     Task_UserConfig.obj (.text:IsLongPress)
                  2001823c    000000f4     simplelink.a : driver.obj (.text:_SlDrvDriverCBDeinit)
                  20018330    000000f4     installation.obj (.text:getInstallation)
                  20018424    000000f4     app_common.obj (.text:intToASCII)
                  20018518    000000f4     simplelink.a : fs.obj (.text:sl_FsRead)
                  2001860c    000000f4     accelomtrMagntomtr_fxos8700.obj (.text:verifyAccelMagnSensor)
                  20018700    000000f2     cc3200_socket.obj (.text:socketRead)
                  200187f2    00000002     --HOLE-- [fill = 0]
                  200187f4    000000f0     camera_app.obj (.text:DMAConfig)
                  200188e4    000000f0     driverlib.a : udma.obj (.text:uDMAChannelTransferSet)
                  200189d4    000000ec     user_configure_fn.obj (.text:CollectAngle)
                  20018ac0    000000ec     orientation.obj (.text:fRotationVectorDegFromQuaternion)
                  20018bac    000000ec     simplelink.a : fs.obj (.text:sl_FsWrite)
                  20018c98    000000e8     appFns_BatteryLevelSense.obj (.text:Get_BatteryPercent)
                  20018d80    000000e4     parse_uploads.obj (.text:UploadImageToParse)
                  20018e64    000000e0     flash_files.obj (.text:ReadFile_FromFlash)
                  20018f44    000000e0     camera_app.obj (.text:Start_CameraCapture)
                  20019024    000000e0     parse_uploads.obj (.text:UploadGroundDataObjectToParse)
                  20019104    000000dc     parse_uploads.obj (.text:UploadSensorDataToParse)
                  200191e0    000000dc     parse_uploads.obj (.text:UploadUserConfigObjectToParse)
                  200192bc    000000dc     rtsv7M4_T_le_eabi.lib : setvbuf.obj (.text)
                  20019398    000000dc     simplelink.a : cc_pal.obj (.text:spi_Read)
                  20019474    000000d8                  : driver.obj (.text:_SlDrvClassifyRxMsg)
                  2001954c    000000d8     rtsv7M4_T_le_eabi.lib : xfatan.obj (.text)
                  20019624    000000d4     ota.obj (.text:OTA_CommitImage)
                  200196f8    000000d4     simplelink.a : device.obj (.text:sl_Stop)
                  200197cc    000000d0     rtsv7M4_T_le_eabi.lib : xfdscale.obj (.text)
                  2001989c    000000cc     approximations.obj (.text:fatan_deg)
                  20019968    000000cc     rtsv7M4_T_le_eabi.lib : sqrtf.obj (.text)
                  20019a34    000000c8     mt9d111.obj (.text:EnterStandby_mt9d111)
                  20019afc    000000c8     simplelink.a : netapp.obj (.text:_sl_HandleAsync_DnsGetHostByService)
                  20019bc4    000000c8     rtsv7M4_T_le_eabi.lib : fflush.obj (.text)
                  20019c8c    000000c4     mt9d111.obj (.text:ExitStandby_mt9d111)
                  20019d50    000000c4     simplelink.a : driver.obj (.text:_SlRemoveFromList)
                  20019e14    000000c0     i2c_if.obj (.text:I2C_IF_Read)
                  20019ed4    000000c0     user_configure_fn.obj (.text:WlanConnect)
                  20019f94    000000be     rtsv7M4_T_le_eabi.lib : xdnorm.obj (.text)
                  2001a052    00000002     --HOLE-- [fill = 0]
                  2001a054    000000bc     i2c_if.obj (.text:I2C_IF_Write)
                  2001a110    000000bc     main.obj (.text:InitializeAppVariables)
                  2001a1cc    000000bc     simplelink.a : driver.obj (.text:_SlDrvMsgReadCmdCtx)
                  2001a288    000000bc     tempRHSens_si7020.obj (.text:configureTempRHSensor)
                  2001a344    000000bc     rtsv7M4_T_le_eabi.lib : acosf.obj (.text)
                  2001a400    000000bc     simplelink.a : device.obj (.text:sl_Start)
                  2001a4bc    000000ba     free_rtos.a : portasm.obj (.text)
                  2001a576    00000002     --HOLE-- [fill = 0]
                  2001a578    000000b8     simplelink.a : driver.obj (.text:_SlAsyncEventGenericHandler)
                  2001a630    000000b8     installation.obj (.text:createInstallation)
                  2001a6e8    000000b4     simplelink.a : netapp.obj (.text:sl_NetAppMDNSRegisterUnregisterService)
                  2001a79c    000000ac     mt9d111.obj (.text:Verify_ImageSensor)
                  2001a848    000000ac     rtsv7M4_T_le_eabi.lib : _io_perm.obj (.text)
                  2001a8f4    000000ab     installation.obj (.text:getInstallationByIdCallback)
                  2001a99f    00000001     --HOLE-- [fill = 0]
                  2001a9a0    000000aa     uartA1_if.obj (.text:Report)
                  2001aa4a    00000002     --HOLE-- [fill = 0]
                  2001aa4c    000000a8     driverlib.a : interrupt.obj (.text:IntDisable)
                  2001aaf4    000000a8                 : interrupt.obj (.text:IntEnable)
                  2001ab9c    000000a8     simplelink.a : netcfg.obj (.text:sl_NetCfgGet)
                  2001ac44    000000a0     driverlib.a : spi.obj (.text:SPIConfigSetExpClk)
                  2001ace4    000000a0     camera_app.obj (.text:Standby_ImageSensor)
                  2001ad84    000000a0     cc3200_socket.obj (.text:socketWrite)
                  2001ae24    0000009e     matrix.obj (.text:f3x3matrixDetA)
                  2001aec2    00000002     --HOLE-- [fill = 0]
                  2001aec4    0000009c     simplelink.a : driver.obj (.text:_SlDrvMsgReadSpawnCtx)
                  2001af60    0000009c     approximations.obj (.text:fatan2_deg)
                  2001affc    0000009c     rtsv7M4_T_le_eabi.lib : memcpy_t2.obj (.text)
                  2001b098    0000009c     simplelink.a : device.obj (.text:sl_DevGet)
                  2001b134    00000098     camera_app.obj (.text:Config_CameraCapture)
                  2001b1cc    00000098     network_relater_fns.obj (.text:InitializeUserConfigVariables)
                  2001b264    00000098     LED_timer.obj (.text:IntrptHandler_LEDTimer)
                  2001b2fc    00000098     simplelink.a : fs.obj (.text:_sl_GetCreateFsMode)
                  2001b394    00000098     rtsv7M4_T_le_eabi.lib : fclose.obj (.text)
                  2001b42c    00000098                           : fputc.obj (.text)
                  2001b4c4    00000096     parse_uploads.obj (.text:Add_NumberField_ToJSONString)
                  2001b55a    00000002     --HOLE-- [fill = 0]
                  2001b55c    00000094     driverlib.a : prcm.obj (.text:PRCMPeripheralClockGet)
                  2001b5f0    00000094     approximations.obj (.text:facos_deg)
                  2001b684    00000094     lightSens_isl29035.obj (.text:getLightsensor_data)
                  2001b718    00000094     rtsv7M4_T_le_eabi.lib : snprintf.obj (.text)
                  2001b7ac    00000092     parse_impl.obj (.text:parseInitialize)
                  2001b83e    00000092     rtsv7M4_T_le_eabi.lib : fs_div_t2.obj (.text)
                  2001b8d0    0000008c     app_common.obj (.text:LED_Blink_2)
                  2001b95c    0000008c     camera_app.obj (.text:ReStart_CameraCapture)
                  2001b9e8    0000008c     simplelink.a : cc_pal.obj (.text:SetupDMAReceive)
                  2001ba74    0000008c                  : cc_pal.obj (.text:SetupDMASend)
                  2001bb00    0000008c                  : netapp.obj (.text:_sl_HandleAsync_DnsGetHostByName)
                  2001bb8c    0000008c                  : netapp.obj (.text:_sl_HandleAsync_PingResponse)
                  2001bc18    0000008c     rtsv7M4_T_le_eabi.lib : xfdint.obj (.text)
                  2001bca4    0000008c     simplelink.a : cc_pal.obj (.text:spi_Write)
                  2001bd30    00000088     driverlib.a : prcm.obj (.text:PRCMHibernateIntervalSet)
                  2001bdb8    00000088                 : pin.obj (.text:PinConfigSet)
                  2001be40    00000088     rtsv7M4_T_le_eabi.lib : vsnprintf.obj (.text)
                  2001bec8    00000088     simplelink.a : fs.obj (.text:sl_FsClose)
                  2001bf50    00000086     rtsv7M4_T_le_eabi.lib : fd_cmp_t2.obj (.text:__aeabi_cdcmple)
                  2001bfd6    00000086                           : fd_cmp_t2.obj (.text:__aeabi_cdrcmple)
                  2001c05c    00000084     timer_if.obj (.text:GetPeripheralIntNum)
                  2001c0e0    00000084     driverlib.a : i2c.obj (.text:I2CMasterInitExpClk)
                  2001c164    00000084     simplelink.a : cc_pal.obj (.text:NwpPowerOnPreamble)
                  2001c1e8    00000084     matrix.obj (.text:f3x3matrixAeqI)
                  2001c26c    00000084     fusion.obj (.text:fInit_6DOF_GB_BASIC)
                  2001c2f0    00000084     sendUserConfigDataToParse.obj (.text:sendUserConfigData)
                  2001c374    00000080     simplelink.a : driver.obj (.text:_SlDrvCmdOp)
                  2001c3f4    00000080                  : cc_pal.obj (.text:spi_Read_CPU)
                  2001c474    00000080                  : cc_pal.obj (.text:spi_Write_CPU)
                  2001c4f4    0000007c     driverlib.a : prcm.obj (.text:PRCMRTCGet)
                  2001c570    0000007c     camera_app.obj (.text:Wakeup_ImageSensor)
                  2001c5ec    0000007c     simplelink.a : device.obj (.text:_sl_HandleAsync_InitComplete)
                  2001c668    0000007c     matrix.obj (.text:fmatrixAeqI)
                  2001c6e4    0000007c     simplelink.a : fs.obj (.text:sl_FsGetInfo)
                  2001c760    0000007a     rtsv7M4_T_le_eabi.lib : fs_mul_t2.obj (.text)
                  2001c7da    0000007a                           : memset_t2.obj (.text)
                  2001c854    0000007a                           : xfdnorm.obj (.text)
                  2001c8ce    00000002     --HOLE-- [fill = 0]
                  2001c8d0    00000078     network_relater_fns.obj (.text:ConfigureMode)
                  2001c948    00000078     i2c_if.obj (.text:I2CTransact)
                  2001c9c0    00000078     parse_uploads.obj (.text:InitialiseParse)
                  2001ca38    00000078     NWP.obj (.text:NWP_SwitchOn)
                  2001cab0    00000078     simplelink.a : socket.obj (.text:_sl_HandleAsync_Connect)
                  2001cb28    00000078                  : fs.obj (.text:sl_FsOpen)
                  2001cba0    00000078                  : cc_pal.obj (.text:spi_Close)
                  2001cc18    00000076     driverlib.a : uart.obj (.text:UARTConfigSetExpClk)
                  2001cc8e    00000002     --HOLE-- [fill = 0]
                  2001cc90    00000074     NWP.obj (.text:NWP_SwitchOff)
                  2001cd04    00000074     appFns_LightSensor.obj (.text:PowerDown_LightSensor)
                  2001cd78    00000074     middleware.a : rtc_hal.obj (.text:rtc_value_rd)
                  2001cdec    00000074     simplelink.a : socket.obj (.text:sl_Recv)
                  2001ce60    00000073     installation.obj (.text:getInstallationCallback)
                  2001ced3    00000001     --HOLE-- [fill = 0]
                  2001ced4    00000072     timer_if.obj (.text:Timer_IF_IntSetup)
                  2001cf46    00000002     --HOLE-- [fill = 0]
                  2001cf48    00000070     batteryVoltLvlSens_adc081c021.obj (.text:Get_BatteryVoltageLevel_ADC081C021)
                  2001cfb8    00000070     timer_fns.obj (.text:get_timeDuration)
                  2001d028    0000006c     camera_app.obj (.text:CamControllerInit)
                  2001d094    0000006c     lightSens_isl29035.obj (.text:PowerDown_ISL29035)
                  2001d100    0000006c     udma_if.obj (.text:UDMAInit)
                  2001d16c    0000006c     simplelink.a : driver.obj (.text:_SlDrvCmdSend)
                  2001d1d8    0000006c     matrix.obj (.text:f3x3matrixAeqMinusA)
                  2001d244    0000006c     request.obj (.text:parseSendRequestInternal)
                  2001d2b0    0000006c     rtsv7M4_T_le_eabi.lib : autoinit.obj (.text)
                  2001d31c    0000006c                           : fprintf.obj (.text)
                  2001d388    0000006c                           : fs_toll_t2.obj (.text)
                  2001d3f4    0000006a     matrix.obj (.text:f3x3matrixAeqAxScalar)
                  2001d45e    0000006a     rtsv7M4_T_le_eabi.lib : copy_decompress_rle.obj (.text)
                  2001d4c8    00000069     http.obj (.text:beginHttpGetRequest)
                  2001d531    00000003     --HOLE-- [fill = 0]
                  2001d534    00000068     driverlib.a : prcm.obj (.text:PRCMHibernateWakeUpGPIOSelect)
                  2001d59c    00000068     mt9d111.obj (.text:RestartSensorInJpegMode)
                  2001d604    00000068     mt9d111.obj (.text:StartSensorInJpegMode)
                  2001d66c    00000068     simplelink.a : netapp.obj (.text:_sl_NetAppSendTokenValue)
                  2001d6d4    00000068     cc3200_utils.obj (.text:fetchDeviceOSVersion)
                  2001d73c    00000068     rtsv7M4_T_le_eabi.lib : trgmsg.obj (.text)
                  2001d7a4    00000068     simplelink.a : device.obj (.text:sl_DevSet)
                  2001d80c    00000068                  : netcfg.obj (.text:sl_NetCfgSet)
                  2001d874    00000068                  : socket.obj (.text:sl_SetSockOpt)
                  2001d8dc    00000068                  : wlan.obj (.text:sl_WlanSet)
                  2001d944    00000066     matrix.obj (.text:f3x3matrixAeqScalar)
                  2001d9aa    00000066     rtsv7M4_T_le_eabi.lib : xdunscal.obj (.text)
                  2001da10    00000064     mt9d111.obj (.text:CCMRegs_Read)
                  2001da74    00000064     rtsv7M4_T_le_eabi.lib : fseek.obj (.text)
                  2001dad8    00000064     cc3200_socket.obj (.text:socketWait)
                  2001db3c    00000064     tempRHSens_si7020.obj (.text:softResetTempRHSensor)
                  2001dba0    00000064     driverlib.a : udma.obj (.text:uDMAChannelAttributeDisable)
                  2001dc04    00000064                 : udma.obj (.text:uDMAChannelAttributeEnable)
                  2001dc68    00000060     watchdog.obj (.text:WatchdogIntHandler)
                  2001dcc8    00000060     rtsv7M4_T_le_eabi.lib : fs_cmp_t2.obj (.text:__aeabi_cfcmple)
                  2001dd28    00000060                           : fs_cmp_t2.obj (.text:__aeabi_cfrcmple)
                  2001dd88    00000060     simplelink.a : socket.obj (.text:_sl_HandleAsync_Accept)
                  2001dde8    00000060     main_FXOS8700.obj (.text:fxosDefault_Initializations)
                  2001de48    00000060     lightSens_isl29035.obj (.text:getLightsensor_intrptStatus)
                  2001dea8    00000060     accelomtrMagntomtr_fxos8700.obj (.text:getMagntData)
                  2001df08    00000060     rtsv7M4_T_le_eabi.lib : sprintf.obj (.text)
                  2001df68    00000060     simplelink.a : wlan.obj (.text:sl_WlanPolicySet)
                  2001dfc8    00000060     accelomtrMagntomtr_fxos8700.obj (.text:standby_accelMagn_fxos8700)
                  2001e028    0000005c     ota.obj (.text:OTA_Init)
                  2001e084    0000005c     mt9d111.obj (.text:PCLK_Rate_read)
                  2001e0e0    0000005c     simplelink.a : socket.obj (.text:sl_Socket)
                  2001e13c    00000058     driverlib.a : interrupt.obj (.text:IntPendClear)
                  2001e194    00000058                 : prcm.obj (.text:PRCMPeripheralReset)
                  2001e1ec    00000056     rtsv7M4_T_le_eabi.lib : ltoa.obj (.text)
                  2001e242    00000056                           : xfdunsca.obj (.text)
                  2001e298    00000054     driverlib.a : interrupt.obj (.text:IntPrioritySet)
                  2001e2ec    00000054     simplelink.a : socket.obj (.text:_sl_HandleAsync_Select)
                  2001e340    00000054     approximations.obj (.text:fasin_deg)
                  2001e394    00000054     request.obj (.text:headerSend)
                  2001e3e8    00000054     simplelink.a : wlan.obj (.text:sl_WlanRxFilterSet)
                  2001e43c    00000051     installation.obj (.text:createInstallationCallback)
                  2001e48d    00000003     --HOLE-- [fill = 0]
                  2001e490    00000050     i2c_if.obj (.text:I2C_IF_Open)
                  2001e4e0    00000050     camera_app.obj (.text:ImagCapture_Init)
                  2001e530    00000050     driverlib.a : prcm.obj (.text:PRCMSlowClkCtrGet)
                  2001e580    00000050     simplelink.a : device.obj (.text:_sl_HandleAsync_Stop)
                  2001e5d0    00000050     mt9d111.obj (.text:disableAE)
                  2001e620    00000050     mt9d111.obj (.text:disableAWB)
                  2001e670    00000050     rtsv7M4_T_le_eabi.lib : fs_toull_t2.obj (.text)
                  2001e6c0    00000050     simplelink.a : fs.obj (.text:sl_FsDel)
                  2001e710    0000004c     tasks.obj (.text:RdSensData_Init)
                  2001e75c    0000004c     driverlib.a : spi.obj (.text:SPIIntEnable)
                  2001e7a8    0000004c     watchdog.obj (.text:WDT_init)
                  2001e7f4    0000004c     simplelink.a : driver.obj (.text:_SlDrvProtectAsyncRespSetting)
                  2001e840    0000004c                  : driver.obj (.text:_SlDrvRxIrqHandler)
                  2001e88c    0000004c                  : socket.obj (.text:_sl_BuildAddress)
                  2001e8d8    0000004c     rtsv7M4_T_le_eabi.lib : atoi.obj (.text)
                  2001e924    0000004c                           : atol.obj (.text)
                  2001e970    0000004c                           : cpy_tbl.obj (.text)
                  2001e9bc    0000004c                           : rand.obj (.text)
                  2001ea08    0000004c     driverlib.a : udma.obj (.text:uDMAChannelAssign)
                  2001ea54    0000004c     middleware.a : util64.obj (.text:util_u32_nsec_add)
                  2001eaa0    0000004a     rtsv7M4_T_le_eabi.lib : fd_tos_t2.obj (.text)
                  2001eaea    00000002     --HOLE-- [fill = 0]
                  2001eaec    00000048     driverlib.a : prcm.obj (.text:PRCMHibernateWakeupSourceDisable)
                  2001eb34    00000048                 : prcm.obj (.text:PRCMHibernateWakeupSourceEnable)
                  2001eb7c    00000048                 : spi.obj (.text:SPIIntClear)
                  2001ebc4    00000048     mt9d111.obj (.text:Variable_Read)
                  2001ec0c    00000048     simplelink.a : driver.obj (.text:_SlDrvBasicCmd)
                  2001ec54    00000048     http.obj (.text:addHttpRequestLine)
                  2001ec9c    00000048     approximations.obj (.text:fatan_15deg)
                  2001ece4    00000048     rtsv7M4_T_le_eabi.lib : fd_toi_t2.obj (.text)
                  2001ed2c    00000046                           : ldexp.obj (.text)
                  2001ed72    00000002     --HOLE-- [fill = 0]
                  2001ed74    00000044     driverlib.a : spi.obj (.text:SPIDmaMaskGet)
                  2001edb8    00000044                 : timer.obj (.text:TimerConfigure)
                  2001edfc    00000044     udma_if.obj (.text:UDMASetupTransfer)
                  2001ee40    00000044     simplelink.a : cc_pal.obj (.text:cc_SetupTransfer)
                  2001ee84    00000044     main_FXOS8700.obj (.text:fxos_Calibration)
                  2001eec8    00000044     rtsv7M4_T_le_eabi.lib : exit.obj (.text)
                  2001ef0c    00000044                           : fd_tou_t2.obj (.text)
                  2001ef50    00000042     simplelink.a : socket.obj (.text:sl_Htonl)
                  2001ef92    00000002     --HOLE-- [fill = 0]
                  2001ef94    00000040     driverlib.a : pin.obj (.text:PinModeSet)
                  2001efd4    00000040     wdt_if.obj (.text:WDT_IF_Init)
                  2001f014    00000040     http.obj (.text:getHttpResponseBody)
                  2001f054    00000040     rtsv7M4_T_le_eabi.lib : signal.obj (.text)
                  2001f094    00000040     timer_fns.obj (.text:start_1Sec_TimeoutTimer)
                  2001f0d4    0000003e     appFns_LightSensor.obj (.text:IsLightOff)
                  2001f112    0000003e     rtsv7M4_T_le_eabi.lib : strncasecmp.obj (.text)
                  2001f150    0000003c     simplelink.a : netapp.obj (.text:CopyPingResultsToReport)
                  2001f18c    0000003c     tasks.obj (.text:Fusion_Init)
                  2001f1c8    0000003c     driverlib.a : prcm.obj (.text:PRCMPeripheralClkEnable)
                  2001f204    0000003c                 : prcm.obj (.text:PRCMSlowClkCtrFastGet)
                  2001f240    0000003c     simplelink.a : socket.obj (.text:_sl_TruncatePayloadByProtocol)
                  2001f27c    0000003c     rtsv7M4_T_le_eabi.lib : boot.obj (.text)
                  2001f2b8    0000003c     simplelink.a : socket.obj (.text:sl_Htons)
                  2001f2f4    0000003c     timer_fns.obj (.text:start_100mSecTimer)
                  2001f330    0000003c     driverlib.a : udma.obj (.text:uDMAChannelControlSet)
                  2001f36c    0000003a                 : camera.obj (.text:CameraCaptureStop)
                  2001f3a6    0000003a                 : camera.obj (.text:CameraXClkConfig)
                  2001f3e0    0000003a     orientation.obj (.text:fLPFScalar)
                  2001f41a    0000003a     request.obj (.text:parseSendRequest)
                  2001f454    00000039     http.obj (.text:addHttpRequestHeader)
                  2001f48d    00000003     --HOLE-- [fill = 0]
                  2001f490    00000038     main.obj (.text:BoardInit)
                  2001f4c8    00000038     LED_timer.obj (.text:LEDTimer_Enable)
                  2001f500    00000038     simplelink.a : cc_pal.obj (.text:NwpPowerOff)
                  2001f538    00000038     free_rtos.a : heap_3.obj (.text)
                  2001f570    00000038     rtsv7M4_T_le_eabi.lib : fs_tod_t2.obj (.text)
                  2001f5a8    00000038                           : fs_toi_t2.obj (.text)
                  2001f5e0    00000038                           : i_tofs_t2.obj (.text)
                  2001f618    00000036     driverlib.a : gpio.obj (.text:GPIODirModeSet)
                  2001f64e    00000036     simplelink.a : netapp.obj (.text:sl_NetAppMDNSUnRegisterService)
                  2001f684    00000035     http.obj (.text:beginHttpRequest)
                  2001f6b9    00000001     --HOLE-- [fill = 0]
                  2001f6ba    00000034     driverlib.a : camera.obj (.text:CameraParamsConfig)
                  2001f6ee    00000002     --HOLE-- [fill = 0]
                  2001f6f0    00000034     LED_timer.obj (.text:LEDTimer_Start)
                  2001f724    00000034     driverlib.a : prcm.obj (.text:PRCMPeripheralStatusGet)
                  2001f758    00000034                 : spi.obj (.text:SPIFIFOLevelSet)
                  2001f78c    00000034     http.obj (.text:getHttpResponseStatus)
                  2001f7c0    00000034     main_FXOS8700.obj (.text:get_angle)
                  2001f7f4    00000034     rtsv7M4_T_le_eabi.lib : feraiseexcept.obj (.text)
                  2001f828    00000034                           : fs_tou_t2.obj (.text)
                  2001f85c    00000034                           : strstr.obj (.text)
                  2001f890    00000033     ota.obj (.text:OTA_Update)
                  2001f8c3    00000001     --HOLE-- [fill = 0]
                  2001f8c4    00000032     timer_if.obj (.text:Timer_IF_Init)
                  2001f8f6    00000030     driverlib.a : pin.obj (.text:PinTypeGPIO)
                  2001f926    00000002     --HOLE-- [fill = 0]
                  2001f928    00000030                 : uart.obj (.text:UARTDisable)
                  2001f958    00000030     simplelink.a : device.obj (.text:_SlDrvDeviceEventHandler)
                  2001f988    00000030                  : fs.obj (.text:_sl_Strlen)
                  2001f9b8    00000030     middleware.a : rtc_hal.obj (.text:hw_access_time_addup)
                  2001f9e8    00000030     rtsv7M4_T_le_eabi.lib : strncpy.obj (.text)
                  2001fa18    00000030                           : xferaise.obj (.text)
                  2001fa48    00000030     simplelink.a : socket.obj (.text:sl_Close)
                  2001fa78    00000030                  : wlan.obj (.text:sl_WlanProfileDel)
                  2001faa8    00000030                  : wlan.obj (.text:sl_WlanSetMode)
                  2001fad8    0000002e     rtsv7M4_T_le_eabi.lib : i_tofd_t2.obj (.text)
                  2001fb06    0000002e                           : raise.obj (.text)
                  2001fb34    0000002d     http.obj (.text:addHttpRequestHeaderInt)
                  2001fb61    00000003     --HOLE-- [fill = 0]
                  2001fb64    0000002c     tasks.obj (.text:ApplyMagHAL)
                  2001fb90    0000002c     driverlib.a : camera.obj (.text:CameraIntEnable)
                  2001fbbc    0000002c     simplelink.a : cc_pal.obj (.text:DmaSpiSwIntHandler)
                  2001fbe8    0000002c     driverlib.a : i2c.obj (.text:I2CMasterErr)
                  2001fc14    0000002c     timer_fns.obj (.text:IntHandler_1Sec_TimeoutTimer)
                  2001fc40    0000002c     driverlib.a : prcm.obj (.text:PRCMSysResetCauseGet)
                  2001fc6c    0000002c     mt9d111.obj (.text:SoftReset_ImageSensor)
                  2001fc98    0000002c     cc3200_utils.obj (.text:getDeviceTimeDate)
                  2001fcc4    0000002c     request.obj (.text:setDataBufferPointer)
                  2001fcf0    0000002a     driverlib.a : timer.obj (.text:TimerLoadSet)
                  2001fd1a    0000002a                 : timer.obj (.text:TimerPrescaleSet)
                  2001fd44    0000002a     rtsv7M4_T_le_eabi.lib : xdclass.obj (.text)
                  2001fd6e    0000002a     middleware.a : util64.obj (.text:util_u64_time_add)
                  2001fd98    00000028     driverlib.a : camera.obj (.text:CameraIntStatus)
                  2001fdc0    00000028     uartA1_if.obj (.text:InitTerm)
                  2001fde8    00000028     driverlib.a : prcm.obj (.text:IsRTCUsed)
                  2001fe10    00000028     uartA1_if.obj (.text:Message)
                  2001fe38    00000028     driverlib.a : prcm.obj (.text:PRCMPeripheralClkDisable)
                  2001fe60    00000028     rtsv7M4_T_le_eabi.lib : strncat.obj (.text)
                  2001fe88    00000028     simplelink.a : netapp.obj (.text:sl_NetAppStart)
                  2001feb0    00000028                  : netapp.obj (.text:sl_NetAppStop)
                  2001fed8    00000026     driverlib.a : camera.obj (.text:CameraThresholdSet)
                  2001fefe    00000026     simplelink.a : cc_pal.obj (.text:NwpRegisterInterruptHandler)
                  2001ff24    00000026     rtsv7M4_T_le_eabi.lib : strncmp.obj (.text)
                  2001ff4a    00000002     --HOLE-- [fill = 0]
                  2001ff4c    00000024     driverlib.a : camera.obj (.text:CameraIntClear)
                  2001ff70    00000024     timer_fns.obj (.text:IntHandler_100mSecTimer)
                  2001ff94    00000024     driverlib.a : interrupt.obj (.text:IntUnregister)
                  2001ffb8    00000024                 : prcm.obj (.text:RTCU16MSecRegRead)
                  2001ffdc    00000024     timer_if.obj (.text:Timer_IF_Start)
                  20020000    00000024     driverlib.a : uart.obj (.text:UARTEnable)
                  20020024    00000024     mt9d111.obj (.text:WriteAllAEnAWBRegs)
                  20020048    00000024     simplelink.a : driver.obj (.text:_SlDrvProtectionObjLockWaitForever)
                  2002006c    00000024     main_FXOS8700.obj (.text:magnetometer_initialize)
                  20020090    00000024     rtsv7M4_T_le_eabi.lib : u_tofs_t2.obj (.text)
                  200200b4    00000022     driverlib.a : camera.obj (.text:CameraCaptureStart)
                  200200d6    00000022                 : i2c.obj (.text:I2CMasterSlaveAddrSet)
                  200200f8    00000022     simplelink.a : socket.obj (.text:SL_FD_SET)
                  2002011a    00000022     driverlib.a : spi.obj (.text:SPIReset)
                  2002013c    00000022                 : spi.obj (.text:SPIWordCountSet)
                  2002015e    00000022     rtsv7M4_T_le_eabi.lib : frexp.obj (.text)
                  20020180    00000022                           : memcmp.obj (.text)
                  200201a2    00000020     driverlib.a : gpio.obj (.text:GPIOPinWrite)
                  200201c2    00000002     --HOLE-- [fill = 0]
                  200201c4    00000020                 : interrupt.obj (.text:IntRegister)
                  200201e4    00000020     simplelink.a : cc_pal.obj (.text:NwpPowerOn)
                  20020204    00000020     mt9d111.obj (.text:Refresh_mt9d111Firmware)
                  20020224    00000020     reset.obj (.text:Reset_byStarvingWDT)
                  20020244    00000020     simplelink.a : driver.obj (.text:_SlDrvProtectionObjUnLock)
                  20020264    00000020     rtsv7M4_T_le_eabi.lib : memchr.obj (.text)
                  20020284    00000020                           : u_tofd_t2.obj (.text)
                  200202a4    0000001e     driverlib.a : i2c.obj (.text:I2CMasterIntStatusEx)
                  200202c2    0000001e                 : timer.obj (.text:TimerDisable)
                  200202e0    0000001e                 : timer.obj (.text:TimerEnable)
                  200202fe    0000001e                 : timer.obj (.text:TimerIntStatus)
                  2002031c    0000001e                 : uart.obj (.text:UARTCharPut)
                  2002033a    0000001e     simplelink.a : cc_pal.obj (.text:cc_UDMAChannelSelect)
                  20020358    0000001e     rtsv7M4_T_le_eabi.lib : strcat.obj (.text)
                  20020376    00000002     --HOLE-- [fill = 0]
                  20020378    0000001c     tasks.obj (.text:ApplyAccelHAL)
                  20020394    0000001c     mt9d111.obj (.text:CameraSensorInit)
                  200203b0    0000001c     udma_if.obj (.text:DmaSwIntHandler)
                  200203cc    0000001c     driverlib.a : pin.obj (.text:PinTypeI2C)
                  200203e8    0000001c                 : timer.obj (.text:TimerValueGet)
                  20020404    0000001c     simplelink.a : driver.obj (.text:_SlDrvObjLockWaitForever)
                  20020420    0000001c                  : driver.obj (.text:_SlDrvSyncObjWaitForever)
                  2002043c    0000001c     rtsv7M4_T_le_eabi.lib : memccpy.obj (.text)
                  20020458    0000001c     timer_fns.obj (.text:stop_100mSecTimer)
                  20020474    0000001c     timer_fns.obj (.text:stop_1Sec_TimeoutTimer)
                  20020490    0000001c     driverlib.a : udma.obj (.text:uDMAChannelDisable)
                  200204ac    0000001c                 : udma.obj (.text:uDMAChannelEnable)
                  200204c8    0000001c     main.obj (.text:vApplicationMallocFailedHook)
                  200204e4    0000001a     driverlib.a : pin.obj (.text:PinTypeCamera)
                  200204fe    0000001a                 : pin.obj (.text:PinTypeUART)
                  20020518    0000001a                 : spi.obj (.text:SPIDmaDisable)
                  20020532    0000001a                 : spi.obj (.text:SPIDmaEnable)
                  2002054c    0000001a                 : spi.obj (.text:SPIFIFODisable)
                  20020566    0000001a                 : spi.obj (.text:SPIFIFOEnable)
                  20020580    00000018                 : camera.obj (.text:CameraReset)
                  20020598    00000018     startup_ccs.obj (.text:FaultISR)
                  200205b0    00000018     driverlib.a : gpio.obj (.text:GPIOPinRead)
                  200205c8    00000018     app_common.obj (.text:LED_Off)
                  200205e0    00000018     app_common.obj (.text:LED_On)
                  200205f8    00000018     driverlib.a : prcm.obj (.text:PRCMHibernateEnter)
                  20020610    00000018                 : spi.obj (.text:SPICSDisable)
                  20020628    00000018                 : spi.obj (.text:SPICSEnable)
                  20020640    00000018                 : spi.obj (.text:SPIDisable)
                  20020658    00000018                 : spi.obj (.text:SPIEnable)
                  20020670    00000018                 : timer.obj (.text:TimerIntEnable)
                  20020688    00000018     timer_if.obj (.text:Timer_IF_InterruptClear)
                  200206a0    00000018     driverlib.a : wdt.obj (.text:WatchdogStallEnable)
                  200206b8    00000018                 : wdt.obj (.text:WatchdogUnlock)
                  200206d0    00000018     simplelink.a : driver.obj (.text:_SlDrvObjUnLock)
                  200206e8    00000018                  : driver.obj (.text:_SlDrvSyncObjSignal)
                  20020700    00000018                  : device.obj (.text:_sl_GetStartResponseConvert)
                  20020718    00000018     middleware.a : rtc_hal.obj (.text:get_value)
                  20020730    00000018     rtsv7M4_T_le_eabi.lib : args_main.obj (.text)
                  20020748    00000018                           : strcmp.obj (.text)
                  20020760    00000016     driverlib.a : camera.obj (.text:CameraDMAEnable)
                  20020776    00000016                 : camera.obj (.text:CameraIntRegister)
                  2002078c    00000016                 : i2c.obj (.text:I2CMasterDataPut)
                  200207a2    00000016                 : i2c.obj (.text:I2CMasterEnable)
                  200207b8    00000016                 : prcm.obj (.text:PRCMHIBRegRead)
                  200207ce    00000016                 : prcm.obj (.text:PRCMHIBRegWrite)
                  200207e4    00000016                 : wdt.obj (.text:WatchdogEnable)
                  200207fa    00000016     simplelink.a : driver.obj (.text:_SlDrvMemZero)
                  20020810    00000016     rtsv7M4_T_le_eabi.lib : strchr.obj (.text)
                  20020826    00000014     driverlib.a : cpu.obj (.text:CPUcpsie)
                  2002083a    00000002     --HOLE-- [fill = 0]
                  2002083c    00000014                 : interrupt.obj (.text:IntVTableBaseSet)
                  20020850    00000014     LED_timer.obj (.text:LEDTimer_Stop)
                  20020864    00000014     rtsv7M4_T_le_eabi.lib : _lock.obj (.text)
                  20020878    00000014                           : strcpy.obj (.text)
                  2002088c    00000014                           : strlen.obj (.text)
                  200208a0    00000014     driverlib.a : udma.obj (.text:uDMAControlBaseSet)
                  200208b4    00000014                 : udma.obj (.text:uDMAIntClear)
                  200208c8    00000012                 : i2c.obj (.text:I2CMasterControl)
                  200208da    00000012                 : i2c.obj (.text:I2CMasterIntClearEx)
                  200208ec    00000012                 : i2c.obj (.text:I2CMasterTimeoutSet)
                  200208fe    00000012                 : timer.obj (.text:TimerIntClear)
                  20020910    00000012                 : wdt.obj (.text:WatchdogReloadSet)
                  20020922    00000002     --HOLE-- [fill = 0]
                  20020924    00000010                 : prcm.obj (.text:PRCMSOCReset)
                  20020934    00000010                 : prcm.obj (.text:RTCU32SecRegRead)
                  20020944    00000010     simplelink.a : socket.obj (.text:SL_FD_ZERO)
                  20020954    00000010     timer_if.obj (.text:Timer_IF_Stop)
                  20020964    00000010     driverlib.a : wdt.obj (.text:WatchdogIntClear)
                  20020974    00000010     cc3200_socket.obj (.text:socketClose)
                  20020984    0000000e     driverlib.a : i2c.obj (.text:I2CMasterDataGet)
                  20020992    0000000e     simplelink.a : driver.obj (.text:_SlDrvResetCmdExt)
                  200209a0    0000000e     rtsv7M4_T_le_eabi.lib : copy_decompress_none.obj (.text:decompress:none)
                  200209ae    0000000c     udma_if.obj (.text:DmaErrorIntHandler)
                  200209ba    00000002     --HOLE-- [fill = 0]
                  200209bc    0000000c     simplelink.a : cc_pal.obj (.text:NwpMaskInterrupt)
                  200209c8    0000000c                  : cc_pal.obj (.text:NwpUnMaskInterrupt)
                  200209d4    0000000c     middleware.a : rtc_hal.obj (.text:cc_rtc_get)
                  200209e0    0000000c     rtsv7M4_T_le_eabi.lib : copy_zero_init.obj (.text:decompress:ZI)
                  200209ec    0000000c     parse_impl.obj (.text:getInternalClient)
                  200209f8    0000000c     simplelink.a : wlan.obj (.text:sl_WlanDisconnect)
                  20020a04    0000000c     driverlib.a : udma.obj (.text:uDMAEnable)
                  20020a10    0000000c                 : udma.obj (.text:uDMAIntStatus)
                  20020a1c    0000000a                 : interrupt.obj (.text:IntMasterEnable)
                  20020a26    0000000a     main.obj (.text:vApplicationStackOverflowHook)
                  20020a30    00000008     hibernate_related_fns.obj (.text:sensorsTriggerSetup)
                  20020a38    00000006     i2cconfig.obj (.text:MT9D111Delay)
                  20020a3e    00000006     startup_ccs.obj (.text:ResetISR)
                  20020a44    00000006     driverlib.a : utils.obj (.text:UtilsDelay)
                  20020a4a    00000006     rtsv7M4_T_le_eabi.lib : copy_decompress_rle.obj (.text:decompress:rle24)
                  20020a50    00000006                           : logf.obj (.text)
                  20020a56    00000006                           : sinf.obj (.text)
                  20020a5c    00000004                           : error.obj (.text)
                  20020a60    00000004                           : pre_init.obj (.text)

.const     0    20020a64    00001253     
                  20020a64    00000170     mt9d111.obj (.const:capture_cmds_list)
                  20020bd4    00000140     mt9d111.obj (.const:init_cmds_list)
                  20020d14    00000104     mt9d111.obj (.const)
                  20020e18    00000101     rtsv7M4_T_le_eabi.lib : ctype.obj (.const:.string:_ctypes_)
                  20020f19    00000003     --HOLE-- [fill = 0]
                  20020f1c    00000100     driverlib.a : pin.obj (.const:g_ulPinToPadMap)
                  2002101c    000000f8     mt9d111.obj (.const:$P$T5$6)
                  20021114    000000d4     driverlib.a : interrupt.obj (.const:g_pulRegs)
                  200211e8    000000b0     simplelink.a : wlan.obj (.const:$P$T0$1)
                  20021298    000000a8     driverlib.a : prcm.obj (.const:PRCM_PeriphRegsList)
                  20021340    00000097     mt9d111.obj (.const:.string)
                  200213d7    00000085     lightSens_isl29035.obj (.const:.string)
                  2002145c    00000081     parse_uploads.obj (.const:.string)
                  200214dd    00000003     --HOLE-- [fill = 0]
                  200214e0    00000080     driverlib.a : interrupt.obj (.const)
                  20021560    0000007e     camera_app.obj (.const:.string)
                  200215de    00000074     mt9d111.obj (.const:recapture_cmds_list)
                  20021652    00000002     --HOLE-- [fill = 0]
                  20021654    00000068     appFns_BatteryLevelSense.obj (.const:V2CEntry$1)
                  200216bc    00000064     user_configure_fn.obj (.const:.string)
                  20021720    00000062     accelomtrMagntomtr_fxos8700.obj (.const:.string)
                  20021782    00000054     mt9d111.obj (.const:$P$T31$32)
                  200217d6    0000004c     mt9d111.obj (.const:$P$T9$10)
                  20021822    0000004b     tempRHSens_si7020.obj (.const:.string)
                  2002186d    0000003c     i2c_app.obj (.const:.string)
                  200218a9    00000001     --HOLE-- [fill = 0]
                  200218aa    0000003c     simplelink.a : driver.obj (.const:OpcodeTranslateTable)
                  200218e6    0000003c                  : wlan.obj (.const)
                  20021922    00000002     --HOLE-- [fill = 0]
                  20021924    00000038                  : driver.obj (.const:_SlActionLookupTable)
                  2002195c    00000038     rtsv7M4_T_le_eabi.lib : xflog.obj (.const)
                  20021994    00000038     simplelink.a : fs.obj (.const)
                  200219cc    00000036     flash_files.obj (.const:.string)
                  20021a02    00000002     --HOLE-- [fill = 0]
                  20021a04    00000034     rtsv7M4_T_le_eabi.lib : xfatan.obj (.const)
                  20021a38    00000034     simplelink.a : driver.obj (.const)
                  20021a6c    00000034                  : socket.obj (.const)
                  20021aa0    0000002c     network_relater_fns.obj (.const:$P$T1$2)
                  20021acc    00000028     rtsv7M4_T_le_eabi.lib : xfdint.obj (.const)
                  20021af4    00000028                           : xfsin.obj (.const)
                  20021b1c    00000028     simplelink.a : netapp.obj (.const)
                  20021b44    00000027     network_relater_fns.obj (.const:.string)
                  20021b6b    00000023     batteryVoltLvlSens_adc081c021.obj (.const:.string:$P$T0$1)
                  20021b8e    00000022     network_relater_fns.obj (.const:.string:$P$T0$1)
                  20021bb0    0000001c     rtsv7M4_T_le_eabi.lib : tanf.obj (.const)
                  20021bcc    0000001c                           : xfexp.obj (.const)
                  20021be8    00000018     driverlib.a : spi.obj (.const)
                  20021c00    00000017     request.obj (.const:.string)
                  20021c17    00000016     appFns_LightSensor.obj (.const:.string)
                  20021c2d    00000014     network_relater_fns.obj (.const)
                  20021c41    00000001     --HOLE-- [fill = 0]
                  20021c42    00000014     simplelink.a : device.obj (.const)
                  20021c56    00000013     sendUserConfigDataToParse.obj (.const:.string)
                  20021c69    00000010     simplelink.a : socket.obj (.const:.string)
                  20021c79    0000000f     application_fn.obj (.const:.string)
                  20021c88    0000000f     sendGroundData.obj (.const:.string)
                  20021c97    0000000b     app_common.obj (.const:.string)
                  20021ca2    00000008     simplelink.a : device.obj (.const:.string)
                  20021caa    00000008                  : netcfg.obj (.const)
                  20021cb2    00000005     main.obj (.const:.string)

.cinit     0    20021cb8    00000530     
                  20021cb8    00000509     (.cinit..data.load) [load image, compression = rle]
                  200221c1    00000003     --HOLE-- [fill = 0]
                  200221c4    0000000c     (__TI_handler_table)
                  200221d0    00000008     (.cinit..bss.load) [load image, compression = zero_init]
                  200221d8    00000010     (__TI_cinit_table)

.init_array 
*          0    20004000    00000000     UNINITIALIZED

.bss       0    20022400    0001736f     UNINITIALIZED
                  20022400    00014000     main.obj (.bss:g_image_buffer)
                  20036400    00000b58     tasks.obj (.bss:thisMagBuffer)
                  20036f58    000005a0     ota.a : OtaHttp.obj (.bss:recv_buf)
                  200374f8    0000044c           : OtaClient.obj (.bss:g_OtaCheckUpdateResponse)
                  20037944    00000418     user_configure_fn.obj (.bss:thisMagCal)
                  20037d5c    00000240     ota.obj (.bss:g_otaOptServerInfo)
                  20037f9c    00000058     tasks.obj (.bss:thisMag)
                  20037ff4    0000000c     (.common:g_SecParams)
                  20038000    00000400     udma_if.obj (.bss:gpCtlTbl)
                  20038400    000003d8     ota.a : OtaClient.obj (.bss:g_OtaFileMetadata)
                  200387d8    00000370     main.obj (.bss:g_NetEntries)
                  20038b48    00000200     ota.a : OtaHttp.obj (.bss:send_buf)
                  20038d48    00000178     simplelink.a : driver.obj (.bss:g_StatMem)
                  20038ec0    00000120     rtsv7M4_T_le_eabi.lib : trgmsg.obj (.bss:__CIOBUF_)
                  20038fe0    00000100     udma_if.obj (.bss:gfpAppCallbackHndl)
                  200390e0    000000c8     free_rtos.a : tasks.obj (.bss:pxReadyTasksLists)
                  200391a8    000000ac     tasks.obj (.bss:thisSV_6DOF_GB_BASIC)
                  20039254    000000a0     rtsv7M4_T_le_eabi.lib : defs.obj (.bss:__TI_tmpnams)
                  200392f4    00000074     ota.a : CdnClient.obj (.bss:g_CdnClient)
                  20039368    00000050     simplelink.a : cc_pal.obj (.bss:g_ucDinDout)
                  200393b8    00000050     free_rtos.a : queue.obj (.bss:xQueueRegistry)
                  20039408    0000004c     ota.a : OtaApp.obj (.bss:g_OtaApp)
                  20039454    0000004c           : OtaApp.obj (.bss:g_OtaApp_statistics)
                  200394a0    00000034     cc3200_client_state.obj (.bss:clientStateFileName)
                  200394d4    00000034     main.obj (.bss:g_cWlanSecurityKey)
                  20039508    00000034     tasks.obj (.bss:thisAccel)
                  2003953c    00000024     ota.a : OtaClient.obj (.bss:g_OtaClient)
                  20039560    00000024     main.obj (.bss:g_cWlanSSID)
                  20039584    00000024     main.obj (.bss:g_ucConnectionSSID)
                  200395a8    0000001c     rtsv7M4_T_le_eabi.lib : vla_alloc.obj (.bss)
                  200395c4    00000014     (.common:g_FlcSflashCb)
                  200395d8    00000014     (.common:g_flag_blockFull)
                  200395ec    00000014     (.common:xDelayedTaskList1)
                  20039600    00000014     (.common:xDelayedTaskList2)
                  20039614    00000014     (.common:xPendingReadyList)
                  20039628    00000014     (.common:xSuspendedTaskList)
                  2003963c    00000014     (.common:xTasksWaitingTermination)
                  20039650    00000010     (.common:ang_buf)
                  20039660    00000010     (.common:globals)
                  20039670    00000010     (.common:mqxglobals)
                  20039680    00000008     (.common:g_LogClient)
                  20039688    00000008     (.common:g_Struct_TimeStamp_MaxAngle)
                  20039690    00000008     (.common:g_Struct_TimeStamp_MinAngle)
                  20039698    00000008     (.common:g_TimeStamp_CamUp)
                  200396a0    00000008     (.common:g_TimeStamp_DoorClosed)
                  200396a8    00000008     (.common:g_TimeStamp_NWPUp)
                  200396b0    00000008     (.common:g_TimeStamp_PhotoSnap)
                  200396b8    00000008     (.common:g_TimeStamp_PhotoUploaded)
                  200396c0    00000008     (.common:g_TimeStamp_cc3200Up)
                  200396c8    00000008     (.common:g_TimeStamp_maxAngle)
                  200396d0    00000008     (.common:g_TimeStamp_minAngle)
                  200396d8    00000008     (.common:g_ucConnectionBSSID)
                  200396e0    00000008     (.common:parmbuf)
                  200396e8    00000008     (.common:sBootInfo)
                  200396f0    00000004     (.common:DMAMsgQ)
                  200396f4    00000004     (.common:Elapsed_100MilliSecs)
                  200396f8    00000004     (.common:Elapsed_1Secs)
                  200396fc    00000004     (.common:__Errorlog)
                  20039700    00000004     (.common:angle_avg)
                  20039704    00000004     (.common:dataBuffer)
                  20039708    00000004     (.common:g_block_lastFilled)
                  2003970c    00000004     (.common:g_cDummy)
                  20039710    00000004     (.common:g_cWlanSecurityType)
                  20039714    00000004     (.common:g_frame_size_in_bytes)
                  20039718    00000004     (.common:g_position_in_block)
                  2003971c    00000004     (.common:g_readHeader)
                  20039720    00000004     (.common:g_total_dma_intrpts)
                  20039724    00000004     (.common:g_ulAppStatus)
                  20039728    00000004     (.common:g_ulAppTimeout_ms)
                  2003972c    00000004     (.common:g_ulSimplelinkStatus)
                  20039730    00000004     (.common:g_ulWatchdogCycles)
                  20039734    00000004     (.common:gdoor_40deg_angle)
                  20039738    00000004     (.common:gdoor_90deg_angle)
                  2003973c    00000004     (.common:gdoor_OpenDeg_angle)
                  20039740    00000004     (.common:pvOtaApp)
                  20039744    00000004     (.common:pxDelayedTaskList)
                  20039748    00000004     (.common:pxOverflowDelayedTaskList)
                  2003974c    00000002     (.common:g_fMaxAngle)
                  2003974e    00000002     (.common:g_fMinAngle)
                  20039750    00000001     (.common:RxIrqCnt)
                  20039751    00000001     (.common:avg_buffer_cnt)
                  20039752    00000001     (.common:captureTimeout_Flag)
                  20039753    00000001     (.common:checkForLight_Flag)
                  20039754    00000001     (.common:cnt_LED_Timer)
                  20039755    00000001     (.common:g_BlinkCount)
                  20039756    00000001     (.common:g_I2CPeripheral_inUse_Flag)
                  20039757    00000001     (.common:g_NoOfBlinks)
                  20039758    00000001     (.common:g_OffTime)
                  20039759    00000001     (.common:g_OnTime)
                  2003975a    00000001     (.common:g_PhoneConnected_ToCC3200AP_flag)
                  2003975b    00000001     (.common:g_Task1_Notification)
                  2003975c    00000001     (.common:g_Task3_Notification)
                  2003975d    00000001     (.common:g_dma_txn_done)
                  2003975e    00000001     (.common:g_flag_DataBlockFilled)
                  2003975f    00000001     (.common:g_flag_door_closing_45degree)
                  20039760    00000001     (.common:g_frame_end)
                  20039761    00000001     (.common:g_ucAngle40)
                  20039762    00000001     (.common:g_ucAngle90)
                  20039763    00000001     (.common:g_ucCalibration)
                  20039764    00000001     (.common:g_ucConfig)
                  20039765    00000001     (.common:g_ucExitButton)
                  20039766    00000001     (.common:g_ucFeedWatchdog)
                  20039767    00000001     (.common:g_ucMagCalb)
                  20039768    00000001     (.common:g_ucProfileAdded)
                  20039769    00000001     (.common:g_ucPushButtonPressedTwice)
                  2003976a    00000001     (.common:g_ucReasonForFailure)
                  2003976b    00000001     (.common:iDone)
                  2003976c    00000001     (.common:isitfirsttime)
                  2003976d    00000001     (.common:print_count)
                  2003976e    00000001     (.common:valid_case)

.TI.noinit 
*          0    20022400    00000000     UNINITIALIZED

.sysmem    0    20039770    00005000     UNINITIALIZED
                  20039770    00000008     rtsv7M4_T_le_eabi.lib : memory.obj (.sysmem)
                  20039778    00004ff8     --HOLE--


LINKER GENERATED COPY TABLES

__TI_cinit_table @ 200221d8 records: 2, size/record: 8, table size: 16
	.data: load addr=20021cb8, load size=00000509 bytes, run addr=20000000, run size=0000093c bytes, compression=rle
	.bss: load addr=200221d0, load size=00000008 bytes, run addr=20022400, run size=0001736f bytes, compression=zero_init


LINKER GENERATED HANDLER TABLE

__TI_handler_table @ 200221c4 records: 3, size/record: 4, table size: 12
	index: 0, handler: __TI_decompress_rle24
	index: 1, handler: __TI_decompress_none
	index: 2, handler: __TI_zero_init


GLOBAL SYMBOLS: SORTED ALPHABETICALLY BY Name 

address   name                                  
-------   ----                                  
2001b4c5  Add_NumberField_ToJSONString          
20020379  ApplyAccelHAL                         
2001fb65  ApplyMagHAL                           
2001eec9  C$$EXIT                               
2001d76b  C$$IO$$                               
2001da11  CCMRegs_Read                          
20020827  CPUcpsie                              
2000e115  Calculate_DoorOpenThresholdAngle      
2001d029  CamControllerInit                     
200200b5  CameraCaptureStart                    
2001f36d  CameraCaptureStop                     
20020761  CameraDMAEnable                       
2001ff4d  CameraIntClear                        
2001fb91  CameraIntEnable                       
20020777  CameraIntRegister                     
2001fd99  CameraIntStatus                       
2001f6bb  CameraParamsConfig                    
20020581  CameraReset                           
20020395  CameraSensorInit                      
2001fed9  CameraThresholdSet                    
2001f3a7  CameraXClkConfig                      
2000f899  CaptureImage                          
2000d647  CdnClient_CloseServer                 
2000d665  CdnClient_ConnectByUrl                
2000d615  CdnClient_Init                        
2000d4df  CdnClient_Run                         
2000d4d5  CdnClient_SetFileInfo                 
2001716d  Check_I2CDevices                      
2001b135  Config_CameraCapture                  
2001c8d1  ConfigureMode                         
2000edb9  ConfigureSimpleLinkToDefaultState     
20012a11  ConstructDeviceStateObject            
2000fb1d  ConstructGroundDataObject             
20012861  ConstructUserConfigObject             
2001f151  CopyPingResultsToReport               
200396f0  DMAMsgQ                               
2000063c  DigiCertHighAssuranceEVRootCA_der_len 
200209af  DmaErrorIntHandler                    
2001fbbd  DmaSpiSwIntHandler                    
200203b1  DmaSwIntHandler                       
200396f4  Elapsed_100MilliSecs                  
200396f8  Elapsed_1Secs                         
20019a35  EnterStandby_mt9d111                  
20019c8d  ExitStandby_mt9d111                   
20014e1d  FXOS8700_Init                         
200166e5  FXOS8700_ReadData                     
2001f18d  Fusion_Init                           
20014a01  Fusion_Run                            
2001f619  GPIODirModeSet                        
200205b1  GPIOPinRead                           
200201a3  GPIOPinWrite                          
20018c99  Get_BatteryPercent                    
2001cf49  Get_BatteryVoltageLevel_ADC081C021    
20017d69  Get_FridgeCamID                       
20014cc1  HIBernate                             
2000f321  HOSTclock                             
2000f2e9  HOSTclose                             
2000f2ab  HOSTgetenv                            
2000f24f  HOSTlseek                             
2000f1fd  HOSTopen                              
2000f1b1  HOSTread                              
2000f153  HOSTrename                            
2000f119  HOSTtime                              
2000f0e1  HOSTunlink                            
2000f095  HOSTwrite                             
20015881  I2CBufferRead                         
20016239  I2CBufferWrite                        
200208c9  I2CMasterControl                      
20020985  I2CMasterDataGet                      
2002078d  I2CMasterDataPut                      
200207a3  I2CMasterEnable                       
2001fbe9  I2CMasterErr                          
2001c0e1  I2CMasterInitExpClk                   
200208db  I2CMasterIntClearEx                   
200202a5  I2CMasterIntStatusEx                  
200200d7  I2CMasterSlaveAddrSet                 
200208ed  I2CMasterTimeoutSet                   
2001e491  I2C_IF_Open                           
20019e15  I2C_IF_Read                           
2001a055  I2C_IF_Write                          
2001e4e1  ImagCapture_Init                      
20015225  ImageSensor_CaptureConfigs_Task       
2001fdc1  InitTerm                              
2001c9c1  InitialiseParse                       
2001b1cd  InitializeUserConfigVariables         
2001aa4d  IntDisable                            
2001aaf5  IntEnable                             
2001ff71  IntHandler_100mSecTimer               
2001fc15  IntHandler_1Sec_TimeoutTimer          
20020a1d  IntMasterEnable                       
2001e13d  IntPendClear                          
2001e299  IntPrioritySet                        
200201c5  IntRegister                           
2001ff95  IntUnregister                         
2002083d  IntVTableBaseSet                      
2001b265  IntrptHandler_LEDTimer                
2001f0d5  IsLightOff                            
20018149  IsLongPress                           
2001f4c9  LEDTimer_Enable                       
2001f6f1  LEDTimer_Start                        
20020851  LEDTimer_Stop                         
2001b8d1  LED_Blink_2                           
200205c9  LED_Off                               
200205e1  LED_On                                
2000e5e3  LogClient_Close                       
2000e5fb  LogClient_ConnectAndPrint             
2000e5ad  LogClient_ConnectServer               
2000e595  LogClient_Init                        
2000e451  LogClient_Print                       
20020a39  MT9D111Delay                          
2000e789  MagCal_Run                            
2001787d  Main_Task_withHibernate               
2001fe11  Message                               
2001cc91  NWP_SwitchOff                         
2001ca39  NWP_SwitchOn                          
200209bd  NwpMaskInterrupt                      
2001f501  NwpPowerOff                           
200201e5  NwpPowerOn                            
2001c165  NwpPowerOnPreamble                    
2001feff  NwpRegisterInterruptHandler           
200209c9  NwpUnMaskInterrupt                    
200145cd  OTAServerInfoSet                      
20019625  OTA_CommitImage                       
2001f891  OTA_Update                            
200218aa  OpcodeTranslateTable                  
2000bd4f  OtaClient_CloseServer                 
2000bd19  OtaClient_ConnectServer               
2000bce7  OtaClient_GetNextUpdate               
2000bcb5  OtaClient_Init                        
2000bbdf  OtaClient_ResourceMetadata            
2000ba1b  OtaClient_ResourceNameConvert         
2000b96d  OtaClient_UpdateCheck                 
2001e085  PCLK_Rate_read                        
20015fd1  PRCMCC3200MCUInit                     
200207b9  PRCMHIBRegRead                        
200207cf  PRCMHIBRegWrite                       
200205f9  PRCMHibernateEnter                    
2001bd31  PRCMHibernateIntervalSet              
2001d535  PRCMHibernateWakeUpGPIOSelect         
2001eaed  PRCMHibernateWakeupSourceDisable      
2001eb35  PRCMHibernateWakeupSourceEnable       
2001fe39  PRCMPeripheralClkDisable              
2001f1c9  PRCMPeripheralClkEnable               
2001b55d  PRCMPeripheralClockGet                
2001e195  PRCMPeripheralReset                   
2001f725  PRCMPeripheralStatusGet               
2001c4f5  PRCMRTCGet                            
20020925  PRCMSOCReset                          
2001f205  PRCMSlowClkCtrFastGet                 
2001e531  PRCMSlowClkCtrGet                     
2001fc41  PRCMSysResetCauseGet                  
2001bdb9  PinConfigSet                          
2001ef95  PinModeSet                            
20017979  PinMuxConfig                          
200204e5  PinTypeCamera                         
2001f8f7  PinTypeGPIO                           
200203cd  PinTypeI2C                            
200204ff  PinTypeUART                           
2001d095  PowerDown_ISL29035                    
2001cd05  PowerDown_LightSensor                 
2001e711  RdSensData_Init                       
20011fa5  RdSensData_Run                        
2001b95d  ReStart_CameraCapture                 
20018e65  ReadFile_FromFlash                    
20016495  Read_AllRegisters                     
20020205  Refresh_mt9d111Firmware               
2001a9a1  Report                                
20020a3f  ResetISR                              
20020225  Reset_byStarvingWDT                   
2001d59d  RestartSensorInJpegMode               
20039750  RxIrqCnt                              
20021a48  RxMsgClassLUT                         
UNDEFED   SHT$$INIT_ARRAY$$Base                 
UNDEFED   SHT$$INIT_ARRAY$$Limit                
200200f9  SL_FD_SET                             
20020945  SL_FD_ZERO                            
20020611  SPICSDisable                          
20020629  SPICSEnable                           
2001ac45  SPIConfigSetExpClk                    
20020641  SPIDisable                            
20020519  SPIDmaDisable                         
20020533  SPIDmaEnable                          
20020659  SPIEnable                             
2002054d  SPIFIFODisable                        
20020567  SPIFIFOEnable                         
2001f759  SPIFIFOLevelSet                       
2001eb7d  SPIIntClear                           
2001e75d  SPIIntEnable                          
[...]
2001e195  PRCMPeripheralReset                   
2001e1ed  ltoa                                  
2001e243  _FDunscale                            
2001e299  IntPrioritySet                        
2001e2ed  _sl_HandleAsync_Select                
2001e341  fasin_deg                             
2001e395  headerSend                            
2001e3e9  sl_WlanRxFilterSet                    
2001e491  I2C_IF_Open                           
2001e4e1  ImagCapture_Init                      
2001e531  PRCMSlowClkCtrGet                     
2001e581  _sl_HandleAsync_Stop                  
2001e5d1  disableAE                             
2001e621  disableAWB                            
2001e671  __aeabi_f2ulz                         
2001e6c1  sl_FsDel                              
2001e711  RdSensData_Init                       
2001e75d  SPIIntEnable                          
2001e7a9  WDT_init                              
2001e7f5  _SlDrvProtectAsyncRespSetting         
2001e841  _SlDrvRxIrqHandler                    
2001e88d  _sl_BuildAddress                      
2001e8d9  atoi                                  
2001e925  atol                                  
2001e971  copy_in                               
2001e9bd  srand                                 
2001e9d3  rand                                  
2001ea09  uDMAChannelAssign                     
2001ea55  util_u32_nsec_add                     
2001eaa1  __aeabi_d2f                           
2001eaed  PRCMHibernateWakeupSourceDisable      
2001eb35  PRCMHibernateWakeupSourceEnable       
2001eb7d  SPIIntClear                           
2001ebc5  Variable_Read                         
2001ec0d  _SlDrvBasicCmd                        
2001ec55  addHttpRequestLine                    
2001ec9d  fatan_15deg                           
2001ece5  __aeabi_d2iz                          
2001ed2d  ldexp                                 
2001edb9  TimerConfigure                        
2001edfd  UDMASetupTransfer                     
2001ee85  fxos_Calibration                      
2001eec9  C$$EXIT                               
2001eecd  abort                                 
2001eed5  exit                                  
2001ef0d  __aeabi_d2uiz                         
2001ef51  sl_Htonl                              
2001ef95  PinModeSet                            
2001efd5  WDT_IF_Init                           
2001f015  getHttpResponseBody                   
2001f055  signal                                
2001f095  start_1Sec_TimeoutTimer               
2001f0d5  IsLightOff                            
2001f113  strncasecmp                           
2001f151  CopyPingResultsToReport               
2001f18d  Fusion_Init                           
2001f1c9  PRCMPeripheralClkEnable               
2001f205  PRCMSlowClkCtrFastGet                 
2001f241  _sl_TruncatePayloadByProtocol         
2001f27d  _c_int00                              
2001f2b9  sl_Htons                              
2001f2f5  start_100mSecTimer                    
2001f331  uDMAChannelControlSet                 
2001f36d  CameraCaptureStop                     
2001f3a7  CameraXClkConfig                      
2001f3e1  fLPFScalar                            
2001f41b  parseSendRequest                      
2001f455  addHttpRequestHeader                  
2001f4c9  LEDTimer_Enable                       
2001f501  NwpPowerOff                           
2001f539  pvPortMalloc                          
2001f559  vPortFree                             
2001f571  __aeabi_f2d                           
2001f5a9  __aeabi_f2iz                          
2001f5e1  __aeabi_i2f                           
2001f619  GPIODirModeSet                        
2001f64f  sl_NetAppMDNSUnRegisterService        
2001f685  beginHttpRequest                      
2001f6bb  CameraParamsConfig                    
2001f6f1  LEDTimer_Start                        
2001f725  PRCMPeripheralStatusGet               
2001f759  SPIFIFOLevelSet                       
2001f78d  getHttpResponseStatus                 
2001f7c1  get_angle                             
2001f7f5  feraiseexcept                         
2001f829  __aeabi_f2uiz                         
2001f85d  strstr                                
2001f891  OTA_Update                            
2001f8c5  Timer_IF_Init                         
2001f8f7  PinTypeGPIO                           
2001f929  UARTDisable                           
2001f959  _SlDrvDeviceEventHandler              
2001f989  _sl_Strlen                            
2001f9e9  strncpy                               
2001fa19  _Feraise                              
2001fa49  sl_Close                              
2001fa79  sl_WlanProfileDel                     
2001faa9  sl_WlanSetMode                        
2001fad9  __aeabi_i2d                           
2001fb07  raise                                 
2001fb35  addHttpRequestHeaderInt               
2001fb65  ApplyMagHAL                           
2001fb91  CameraIntEnable                       
2001fbbd  DmaSpiSwIntHandler                    
2001fbe9  I2CMasterErr                          
2001fc15  IntHandler_1Sec_TimeoutTimer          
2001fc41  PRCMSysResetCauseGet                  
2001fc6d  SoftReset_ImageSensor                 
2001fcc5  setDataBufferPointer                  
2001fcf1  TimerLoadSet                          
2001fd1b  TimerPrescaleSet                      
2001fd45  _Dclass                               
2001fd6f  util_u64_time_add                     
2001fd99  CameraIntStatus                       
2001fdc1  InitTerm                              
2001fe11  Message                               
2001fe39  PRCMPeripheralClkDisable              
2001fe61  strncat                               
2001fe89  sl_NetAppStart                        
2001feb1  sl_NetAppStop                         
2001fed9  CameraThresholdSet                    
2001feff  NwpRegisterInterruptHandler           
2001ff25  strncmp                               
2001ff4d  CameraIntClear                        
2001ff71  IntHandler_100mSecTimer               
2001ff95  IntUnregister                         
2001ffdd  Timer_IF_Start                        
20020001  UARTEnable                            
20020025  WriteAllAEnAWBRegs                    
20020049  _SlDrvProtectionObjLockWaitForever    
2002006d  magnetometer_initialize               
20020091  __aeabi_ui2f                          
200200b5  CameraCaptureStart                    
200200d7  I2CMasterSlaveAddrSet                 
200200f9  SL_FD_SET                             
2002011b  SPIReset                              
2002013d  SPIWordCountSet                       
2002015f  frexp                                 
20020181  memcmp                                
200201a3  GPIOPinWrite                          
200201c5  IntRegister                           
200201e5  NwpPowerOn                            
20020205  Refresh_mt9d111Firmware               
20020225  Reset_byStarvingWDT                   
20020245  _SlDrvProtectionObjUnLock             
20020265  memchr                                
20020285  __aeabi_ui2d                          
200202a5  I2CMasterIntStatusEx                  
200202c3  TimerDisable                          
200202e1  TimerEnable                           
200202ff  TimerIntStatus                        
2002031d  UARTCharPut                           
20020359  strcat                                
20020379  ApplyAccelHAL                         
20020395  CameraSensorInit                      
200203b1  DmaSwIntHandler                       
200203cd  PinTypeI2C                            
200203e9  TimerValueGet                         
20020405  _SlDrvObjLockWaitForever              
20020421  _SlDrvSyncObjWaitForever              
2002043d  memccpy                               
20020459  stop_100mSecTimer                     
20020475  stop_1Sec_TimeoutTimer                
20020491  uDMAChannelDisable                    
200204ad  uDMAChannelEnable                     
200204c9  vApplicationMallocFailedHook          
200204e5  PinTypeCamera                         
200204ff  PinTypeUART                           
20020519  SPIDmaDisable                         
20020533  SPIDmaEnable                          
2002054d  SPIFIFODisable                        
20020567  SPIFIFOEnable                         
20020581  CameraReset                           
200205b1  GPIOPinRead                           
200205c9  LED_Off                               
200205e1  LED_On                                
200205f9  PRCMHibernateEnter                    
20020611  SPICSDisable                          
20020629  SPICSEnable                           
20020641  SPIDisable                            
20020659  SPIEnable                             
20020671  TimerIntEnable                        
20020689  Timer_IF_InterruptClear               
200206a1  WatchdogStallEnable                   
200206b9  WatchdogUnlock                        
200206d1  _SlDrvObjUnLock                       
200206e9  _SlDrvSyncObjSignal                   
20020701  _sl_GetStartResponseConvert           
20020731  _args_main                            
20020749  strcmp                                
20020761  CameraDMAEnable                       
20020777  CameraIntRegister                     
2002078d  I2CMasterDataPut                      
200207a3  I2CMasterEnable                       
200207b9  PRCMHIBRegRead                        
200207cf  PRCMHIBRegWrite                       
200207e5  WatchdogEnable                        
200207fb  _SlDrvMemZero                         
20020811  strchr                                
20020827  CPUcpsie                              
2002083d  IntVTableBaseSet                      
20020851  LEDTimer_Stop                         
20020865  _register_unlock                      
2002086b  _register_lock                        
20020873  _nop                                  
20020879  strcpy                                
2002088d  strlen                                
200208a1  uDMAControlBaseSet                    
200208b5  uDMAIntClear                          
200208c9  I2CMasterControl                      
200208db  I2CMasterIntClearEx                   
200208ed  I2CMasterTimeoutSet                   
200208ff  TimerIntClear                         
20020911  WatchdogReloadSet                     
20020925  PRCMSOCReset                          
20020945  SL_FD_ZERO                            
20020955  Timer_IF_Stop                         
20020965  WatchdogIntClear                      
20020975  socketClose                           
20020985  I2CMasterDataGet                      
20020993  _SlDrvResetCmdExt                     
200209a1  __TI_decompress_none                  
200209af  DmaErrorIntHandler                    
200209bd  NwpMaskInterrupt                      
200209c9  NwpUnMaskInterrupt                    
200209d5  cc_rtc_get                            
200209e1  __TI_zero_init                        
200209ed  getInternalClient                     
200209f9  sl_WlanDisconnect                     
20020a05  uDMAEnable                            
20020a11  uDMAIntStatus                         
20020a1d  IntMasterEnable                       
20020a27  vApplicationStackOverflowHook         
20020a31  sensorsTriggerSetup                   
20020a39  MT9D111Delay                          
20020a3f  ResetISR                              
20020a45  UtilsDelay                            
20020a4b  __TI_decompress_rle24                 
20020a51  logf                                  
20020a57  sinf                                  
20020a5d  __abort_execution                     
20020a61  _system_pre_init                      
20020e18  _ctypes_                              
200218aa  OpcodeTranslateTable                  
200218e6  _SlPolicySetCmdCtrl                   
200218ea  _SlPolicyGetCmdCtrl                   
200218ee  _SlProfileGetCmdCtrl                  
200218f2  _SlProfileDelCmdCtrl                  
200218f6  _SlWlanGetNetworkListCtrl             
200218fa  _SlRxFilterAddtCmdCtrl                
200218fe  _SlRxFilterSetCmdCtrl                 
20021902  _SlRxFilterGetCmdCtrl                 
20021906  _SlSmartConfigStartCmdCtrl            
2002190a  _SlWlanSetModeCmdCtrl                 
2002190e  _SlWlanCfgSetCmdCtrl                  
20021912  _SlWlanCfgGetCmdCtrl                  
20021924  _SlActionLookupTable                  
20021994  _SlFsOpenCmdCtrl                      
20021998  _SlFsCloseCmdCtrl                     
2002199c  _SlFsReadCmdCtrl                      
200219a0  _SlFsWriteCmdCtrl                     
200219a4  _SlFsGetInfoCmdCtrl                   
200219a8  _SlFsDeleteCmdCtrl                    
20021a38  g_H2NSyncPattern                      
20021a40  g_H2NCnysPattern                      
20021a48  RxMsgClassLUT                         
20021a6c  _SlSockSocketCmdCtrl                  
20021a70  _SlSockCloseCmdCtrl                   
20021a74  _SlRecvfomCmdCtrl                     
20021a78  _SlSendCmdCtrl                        
20021a7c  _SlListenCmdCtrl                      
20021a80  _SlAcceptCmdCtrl                      
20021a84  _SlRecvCmdCtrl                        
20021a88  _SlSetSockOptCmdCtrl                  
20021a8c  _SlGetSockOptCmdCtrl                  
20021a90  _SlSelectCmdCtrl                      
20021b1c  _SlNetAppStartCtrl                    
20021b20  _SlNetAppStopCtrl                     
20021b24  _SlGetServiceListeCtrl                
20021b28  _SlRegisterServiceCtrl                
20021b2c  _SlGetHostByServiceCtrl               
20021b30  _SlGetHostByNameCtrl                  
20021b34  _SlNetAppSetCmdCtrl                   
20021b38  _SlNetAppSendTokenValueCmdCtrl        
20021b3c  _SlNetAppGetCmdCtrl                   
20021c00  g_deviceClientVersion                 
20021c42  _SlStopCmdCtrl                        
20021c46  _SlEventMaskSetCmdCtrl                
20021c4a  _SlEventMaskGetCmdCtrl                
20021c4e  _SlDeviceGetCmdCtrl                   
20021c52  _SlDeviceSetCmdCtrl                   
20021c69  _SlPayloadByProtocolLUT               
20021c97  pcDigits                              
20021ca2  StartResponseLUT                      
20021caa  _SlNetCfgSetCmdCtrl                   
20021cae  _SlNetCfgGetCmdCtrl                   
20021cb8  __TI_static_base__                    
200221c4  __TI_Handler_Table_Base               
200221d0  __TI_Handler_Table_Limit              
200221d8  __TI_CINIT_Base                       
200221e8  __TI_CINIT_Limit                      
20022400  g_image_buffer                        
20036400  thisMagBuffer                         
200374f8  g_OtaCheckUpdateResponse              
20037944  thisMagCal                            
20037f9c  thisMag                               
20037ff4  g_SecParams                           
20038000  gpCtlTbl                              
20038400  g_OtaFileMetadata                     
200387d8  g_NetEntries                          
20038d48  g_StatMem                             
20038ec0  __CIOBUF_                             
20038fe0  gfpAppCallbackHndl                    
200391a8  thisSV_6DOF_GB_BASIC                  
20039254  __TI_tmpnams                          
200392f4  g_CdnClient                           
20039368  g_ucDinDout                           
200393b8  xQueueRegistry                        
20039408  g_OtaApp                              
20039454  g_OtaApp_statistics                   
200394a0  clientStateFileName                   
200394d4  g_cWlanSecurityKey                    
20039508  thisAccel                             
2003953c  g_OtaClient                           
20039560  g_cWlanSSID                           
20039584  g_ucConnectionSSID                    
200395c4  g_FlcSflashCb                         
200395d8  g_flag_blockFull                      
20039650  ang_buf                               
20039660  globals                               
20039670  mqxglobals                            
20039680  g_LogClient                           
20039688  g_Struct_TimeStamp_MaxAngle           
20039690  g_Struct_TimeStamp_MinAngle           
20039698  g_TimeStamp_CamUp                     
200396a0  g_TimeStamp_DoorClosed                
200396a8  g_TimeStamp_NWPUp                     
200396b0  g_TimeStamp_PhotoSnap                 
200396b8  g_TimeStamp_PhotoUploaded             
200396c0  g_TimeStamp_cc3200Up                  
200396c8  g_TimeStamp_maxAngle                  
200396d0  g_TimeStamp_minAngle                  
200396d8  g_ucConnectionBSSID                   
200396f0  DMAMsgQ                               
200396f4  Elapsed_100MilliSecs                  
200396f8  Elapsed_1Secs                         
20039700  angle_avg                             
20039704  dataBuffer                            
20039708  g_block_lastFilled                    
2003970c  g_cDummy                              
20039710  g_cWlanSecurityType                   
20039714  g_frame_size_in_bytes                 
20039718  g_position_in_block                   
2003971c  g_readHeader                          
20039724  g_ulAppStatus                         
20039728  g_ulAppTimeout_ms                     
2003972c  g_ulSimplelinkStatus                  
20039730  g_ulWatchdogCycles                    
20039734  gdoor_40deg_angle                     
20039738  gdoor_90deg_angle                     
2003973c  gdoor_OpenDeg_angle                   
2003974c  g_fMaxAngle                           
2003974e  g_fMinAngle                           
20039750  RxIrqCnt                              
20039751  avg_buffer_cnt                        
20039752  captureTimeout_Flag                   
20039753  checkForLight_Flag                    
20039754  cnt_LED_Timer                         
20039755  g_BlinkCount                          
20039756  g_I2CPeripheral_inUse_Flag            
20039757  g_NoOfBlinks                          
20039758  g_OffTime                             
20039759  g_OnTime                              
2003975a  g_PhoneConnected_ToCC3200AP_flag      
2003975b  g_Task1_Notification                  
2003975c  g_Task3_Notification                  
2003975e  g_flag_DataBlockFilled                
2003975f  g_flag_door_closing_45degree          
20039760  g_frame_end                           
20039761  g_ucAngle40                           
20039762  g_ucAngle90                           
20039763  g_ucCalibration                       
20039764  g_ucConfig                            
20039765  g_ucExitButton                        
20039766  g_ucFeedWatchdog                      
20039767  g_ucMagCalb                           
20039768  g_ucProfileAdded                      
20039769  g_ucPushButtonPressedTwice            
2003976a  g_ucReasonForFailure                  
2003976b  iDone                                 
2003976c  isitfirsttime                         
2003976d  print_count                           
2003976e  valid_case                            
20039770  _sys_memory                           
ffffffff  __binit__                             
ffffffff  __c_args__                            
ffffffff  binit                                 
UNDEFED   SHT$$INIT_ARRAY$$Base                 
UNDEFED   SHT$$INIT_ARRAY$$Limit                

[935 symbols]
