******************************************************************************
                  TI ARM Linker PC v5.2.2                      
******************************************************************************
>> Linked Thu Jun 18 15:03:43 2015

OUTPUT FILE NAME:   <ULP_SEC_CAM.out>
ENTRY POINT SYMBOL: "_c_int00"  address: 2001a671


MEMORY CONFIGURATION

         name            origin    length      used     unused   attr    fill
----------------------  --------  ---------  --------  --------  ----  --------
  SRAM_BOOTLDR          20000000   00004000  0000258c  00001a74  RW X
  SRAM_CODE             20004000   0001a000  00019024  00000fdc  RW X
  SRAM_DATA             2001e000   0001e000  00019dca  00004236  RW X


SEGMENT ALLOCATION MAP

run origin  load origin   length   init length attrs members
----------  ----------- ---------- ----------- ----- -------
20000000    20000000    0000158c   00000000    rw-
  20000000    20000000    0000158c   00000000    rw- .data
20003000    20003000    00001000   00000000    rw-
  20003000    20003000    00001000   00000000    rw- .stack
20004000    20004000    00019028   00019028    r-x
  20004000    20004000    00000400   00000400    r-- .intvecs
  20004400    20004400    000171e0   000171e0    r-x .text
  2001b5e0    2001b5e0    00000e54   00000e54    r-- .const
  2001c438    2001c438    00000bf0   00000bf0    r-- .cinit
2001e000    2001e000    00019dd0   00000000    rw-
  2001e000    2001e000    00015dca   00000000    rw- .bss
  20033dd0    20033dd0    00004000   00000000    rw- .sysmem


SECTION ALLOCATION MAP

 output                                  attributes/
section   page    origin      length       input sections
--------  ----  ----------  ----------   ----------------
.data      0    20000000    0000158c     UNINITIALIZED
                  20000000    00000600     camera_app.obj (.data:JPEG_StdHuffmanTbl)
                  20000600    00000400     camera_app.obj (.data:g_header)
                  20000a00    000003c9     cc3200_certificate.obj (.data:DigiCertHighAssuranceEVRootCA_der)
                  20000dc9    00000001     main_FXOS8700.obj (.data)
                  20000dca    00000001     tasks.obj (.data)
                  20000dcb    00000001     --HOLE--
                  20000dcc    00000184     simplelink.a : driver.obj (.data)
                  20000f50    000000f0     rtsv7M4_T_le_eabi.lib : defs.obj (.data:_ftable)
                  20001040    000000d0                           : lowlev.obj (.data)
                  20001110    000000b0                           : signal.obj (.data:sigtable)
                  200011c0    00000080                           : xvalues.obj (.data)
                  20001240    00000070                           : xlvalues.obj (.data)
                  200012b0    00000068                           : xfvalues.obj (.data)
                  20001318    00000064     simplelink.a : cc_pal.obj (.data)
                  2000137c    00000040     camera_app.obj (.data:JPEG_StdQuantTblC)
                  200013bc    00000040     camera_app.obj (.data:JPEG_StdQuantTblY)
                  200013fc    00000040     camera_app.obj (.data:zigzag)
                  2000143c    0000003c     main.obj (.data:g_token_get)
                  20001478    00000034     free_rtos.a : tasks.obj (.data)
                  200014ac    0000002c     cc3200_utils.obj (.data:lastDateTime)
                  200014d8    0000001c     main.obj (.data)
                  200014f4    00000018     cc3200_utils.obj (.data)
                  2000150c    00000018     request.obj (.data)
                  20001524    00000010     rtsv7M4_T_le_eabi.lib : defs.obj (.data)
                  20001534    0000000c     free_rtos.a : osi_freertos.obj (.data)
                  20001540    0000000c     rtsv7M4_T_le_eabi.lib : memory.obj (.data)
                  2000154c    00000008     camera_app.obj (.data)
                  20001554    00000008     rtsv7M4_T_le_eabi.lib : _lock.obj (.data)
                  2000155c    00000008                           : exit.obj (.data)
                  20001564    00000008                           : feraiseexcept.obj (.data)
                  2000156c    00000006     http.obj (.data)
                  20001572    00000002     --HOLE--
                  20001574    00000004     cc3200_certificate.obj (.data)
                  20001578    00000004     free_rtos.a : port.obj (.data)
                  2000157c    00000004     rtsv7M4_T_le_eabi.lib : errno.obj (.data)
                  20001580    00000004                           : fopen.obj (.data)
                  20001584    00000004                           : rand.obj (.data)
                  20001588    00000004                           : stkdepth_vars.obj (.data)

.TI.persistent 
*          0    20000000    00000000     UNINITIALIZED

.stack     0    20003000    00001000     UNINITIALIZED
                  20003000    00001000     --HOLE--

.intvecs   0    20004000    00000400     
                  20004000    00000400     startup_ccs.obj (.intvecs)

.text      0    20004400    000171e0     
                  20004400    00001988     orientation.obj (.text)
                  20005d88    00001330     magnetic.obj (.text)
                  200070b8    00001258     free_rtos.a : tasks.obj (.text)
                  20008310    000010a6     rtsv7M4_T_le_eabi.lib : _printfi.obj (.text)
                  200093b6    00000002     driverlib.a : interrupt.obj (.text:IntDefaultHandler)
                  200093b8    00000f7c     network_relater_fns.obj (.text)
                  2000a334    00000e8c     camera_app.obj (.text)
                  2000b1c0    00000b24     free_rtos.a : queue.obj (.text)
                  2000bce4    00000a6c     matrix.obj (.text)
                  2000c750    00000a18     mt9d111.obj (.text)
                  2000d168    0000095e     accelomtrMagntomtr_fxos8700.obj (.text)
                  2000dac6    00000002     --HOLE-- [fill = 0]
                  2000dac8    00000944     request.obj (.text)
                  2000e40c    000005de     cc3200_utils.obj (.text)
                  2000e9ea    00000002     --HOLE-- [fill = 0]
                  2000e9ec    00000558     tasks.obj (.text)
                  2000ef44    000004b0     installation.obj (.text)
                  2000f3f4    00000494     wifi_provisioning_thruAPmode.obj (.text)
                  2000f888    00000480     rtsv7M4_T_le_eabi.lib : pow.obj (.text)
                  2000fd08    0000045c     free_rtos.a : osi_freertos.obj (.text)
                  20010164    000003f0     simplelink.a : driver.obj (.text:_SlDrvMsgRead)
                  20010554    000003dc     rtsv7M4_T_le_eabi.lib : memory.obj (.text)
                  20010930    0000037c     cc3200_socket.obj (.text)
                  20010cac    00000378     rtsv7M4_T_le_eabi.lib : powf.obj (.text)
                  20011024    0000036c     simplelink.a : driver.obj (.text:_SlAsyncEventGenericHandler)
                  20011390    00000318     simplejson.obj (.text)
                  200116a8    00000310     main_FXOS8700.obj (.text)
                  200119b8    0000030c     rtsv7M4_T_le_eabi.lib : lowlev.obj (.text)
                  20011cc4    000002e4                           : xlog.obj (.text)
                  20011fa8    000002e0     parse_uploads.obj (.text)
                  20012288    000002d4     rtsv7M4_T_le_eabi.lib : trgdrv.obj (.text)
                  2001255c    00000298                           : vla_alloc.obj (.text)
                  200127f4    00000290     cc3200_client_state.obj (.text)
                  20012a84    00000230     approximations.obj (.text)
                  20012cb4    00000220     main.obj (.text)
                  20012ed4    0000020c     algorithm.obj (.text)
                  200130e0    000001fc     rtsv7M4_T_le_eabi.lib : xexp.obj (.text)
                  200132dc    000001f4                           : ull_div_t2.obj (.text)
                  200134d0    000001d0     tempRHSens_si7020.obj (.text)
                  200136a0    000001c4     rtsv7M4_T_le_eabi.lib : fopen.obj (.text)
                  20013864    000001bc                           : xflog.obj (.text)
                  20013a20    000001b8     uartA1_if.obj (.text)
                  20013bd8    000001b6     rtsv7M4_T_le_eabi.lib : fd_add_t2.obj (.text)
                  20013d8e    00000002     --HOLE-- [fill = 0]
                  20013d90    000001ac     cc3200_certificate.obj (.text)
                  20013f3c    000001ac     collect_and_txit.obj (.text)
                  200140e8    000001ac     flash_files.obj (.text)
                  20014294    000001a4     simplelink.a : wlan.obj (.text:sl_WlanConnect)
                  20014438    0000019c     rtsv7M4_T_le_eabi.lib : xfsin.obj (.text)
                  200145d4    00000194     udma_if.obj (.text)
                  20014768    0000018c     i2c_if.obj (.text)
                  200148f4    00000188     rtsv7M4_T_le_eabi.lib : xlatan.obj (.text)
                  20014a7c    00000180     drivers.obj (.text)
                  20014bfc    00000178     rtsv7M4_T_le_eabi.lib : tanf.obj (.text)
                  20014d74    00000178                           : xfexp.obj (.text)
                  20014eec    00000174     fusion.obj (.text)
                  20015060    00000170     i2cconfig.obj (.text)
                  200151d0    0000016c     simplelink.a : driver.obj (.text:_SlDrvDataReadOp)
                  2001533c    00000168     rtsv7M4_T_le_eabi.lib : atan2l.obj (.text)
                  200154a4    00000150     http.obj (.text)
                  200155f4    00000140     simplelink.a : driver.obj (.text:_SlDrvRxHdrRead)
                  20015734    00000140     rtsv7M4_T_le_eabi.lib : sqrt.obj (.text)
                  20015874    0000013c                           : fmodf.obj (.text)
                  200159b0    00000136                           : fd_div_t2.obj (.text)
                  20015ae6    00000002     --HOLE-- [fill = 0]
                  20015ae8    00000134     driverlib.a : prcm.obj (.text:PRCMCC3200MCUInit)
                  20015c1c    00000134     rtsv7M4_T_le_eabi.lib : fputs.obj (.text)
                  20015d50    00000130     simplelink.a : cc_pal.obj (.text:spi_Open)
                  20015e80    0000012c                  : driver.obj (.text:_SlDrvDataWriteOp)
                  20015fac    0000012a     free_rtos.a : list.obj (.text)
                  200160d6    00000002     --HOLE-- [fill = 0]
                  200160d8    00000120     simplelink.a : driver.obj (.text:_SlDrvMsgWrite)
                  200161f8    0000011c                  : driver.obj (.text:_SlDrvWaitForPoolObj)
                  20016314    00000118     lightSens_isl29035.obj (.text)
                  2001642c    00000110     free_rtos.a : port.obj (.text)
                  2001653c    00000110     i2c_app.obj (.text)
                  2001664c    00000110     rtsv7M4_T_le_eabi.lib : xdscale.obj (.text)
                  2001675c    00000108     simplelink.a : socket.obj (.text:sl_Select)
                  20016864    000000fe     parse_impl.obj (.text)
                  20016962    00000002     --HOLE-- [fill = 0]
                  20016964    000000fc     hibernate_related_fns.obj (.text)
                  20016a60    000000fc     rtsv7M4_T_le_eabi.lib : fd_mul_t2.obj (.text)
                  20016b5c    000000fa                           : fs_add_t2.obj (.text)
                  20016c56    00000002     --HOLE-- [fill = 0]
                  20016c58    000000f0     simplelink.a : driver.obj (.text:_SlDrvReleasePoolObj)
                  20016d48    000000f0     driverlib.a : udma.obj (.text:uDMAChannelTransferSet)
                  20016e38    000000e8     pinmux.obj (.text)
                  20016f20    000000e8     simplelink.a : socket.obj (.text:sl_Connect)
                  20017008    000000e8                  : cc_pal.obj (.text:spi_Write)
                  200170f0    000000dc     app_common.obj (.text)
                  200171cc    000000dc     rtsv7M4_T_le_eabi.lib : setvbuf.obj (.text)
                  200172a8    000000dc     simplelink.a : netapp.obj (.text:sl_NetAppDnsGetHostByName)
                  20017384    000000d8     rtsv7M4_T_le_eabi.lib : xfatan.obj (.text)
                  2001745c    000000d0                           : xfdscale.obj (.text)
                  2001752c    000000cc                           : sqrtf.obj (.text)
                  200175f8    000000cc     simplelink.a : cc_pal.obj (.text:spi_Read)
                  200176c4    000000c8     rtsv7M4_T_le_eabi.lib : fflush.obj (.text)
                  2001778c    000000c8     simplelink.a : device.obj (.text:sl_Start)
                  20017854    000000c4                  : device.obj (.text:sl_Stop)
                  20017918    000000c0     rtsv7M4_T_le_eabi.lib : xdint.obj (.text)
                  200179d8    000000be                           : xdnorm.obj (.text)
                  20017a96    00000002     --HOLE-- [fill = 0]
                  20017a98    000000bc                           : acosf.obj (.text)
                  20017b54    000000ba     free_rtos.a : portasm.obj (.text)
                  20017c0e    00000002     --HOLE-- [fill = 0]
                  20017c10    000000b4     simplelink.a : driver.obj (.text:_SlDrvMsgReadCmdCtx)
                  20017cc4    000000b4                  : netapp.obj (.text:_SlDrvNetAppEventHandler)
                  20017d78    000000b0                  : socket.obj (.text:sl_Send)
                  20017e28    000000ac     rtsv7M4_T_le_eabi.lib : _io_perm.obj (.text)
                  20017ed4    000000a8     driverlib.a : interrupt.obj (.text:IntDisable)
                  20017f7c    000000a8                 : interrupt.obj (.text:IntEnable)
                  20018024    000000a0                 : spi.obj (.text:SPIConfigSetExpClk)
                  200180c4    0000009c     rtsv7M4_T_le_eabi.lib : memcpy_t2.obj (.text)
                  20018160    00000098     simplelink.a : driver.obj (.text:_SlDrvClassifyRxMsg)
                  200181f8    00000098                  : driver.obj (.text:_SlFindAndSetActiveObj)
                  20018290    00000098     rtsv7M4_T_le_eabi.lib : fclose.obj (.text)
                  20018328    00000098                           : fputc.obj (.text)
                  200183c0    00000094     driverlib.a : prcm.obj (.text:PRCMPeripheralClockGet)
                  20018454    00000094     rtsv7M4_T_le_eabi.lib : snprintf.obj (.text)
                  200184e8    00000092                           : fs_div_t2.obj (.text)
                  2001857a    00000002     --HOLE-- [fill = 0]
                  2001857c    00000090     simplelink.a : driver.obj (.text:_SlDrvMsgReadSpawnCtx)
                  2001860c    0000008c     rtsv7M4_T_le_eabi.lib : xfdint.obj (.text)
                  20018698    0000008c     simplelink.a : fs.obj (.text:sl_FsRead)
                  20018724    0000008c                  : fs.obj (.text:sl_FsWrite)
                  200187b0    0000008c                  : netapp.obj (.text:sl_NetAppMDNSRegisterUnregisterService)
                  2001883c    00000088     driverlib.a : prcm.obj (.text:PRCMHibernateIntervalSet)
                  200188c4    00000088                 : pin.obj (.text:PinConfigSet)
                  2001894c    00000088     rtsv7M4_T_le_eabi.lib : vsnprintf.obj (.text)
                  200189d4    00000086                           : fd_cmp_t2.obj (.text:__aeabi_cdcmple)
                  20018a5a    00000086                           : fd_cmp_t2.obj (.text:__aeabi_cdrcmple)
                  20018ae0    00000084     driverlib.a : i2c.obj (.text:I2CMasterInitExpClk)
                  20018b64    00000084     simplelink.a : driver.obj (.text:_SlDrvCmdOp)
                  20018be8    00000080                  : cc_pal.obj (.text:NwpPowerOnPreamble)
                  20018c68    00000080     cc3200_debug.obj (.text)
                  20018ce8    0000007c     simplelink.a : driver.obj (.text:_SlDrvDriverCBInit)
                  20018d64    0000007c                  : device.obj (.text:sl_DevGet)
                  20018de0    0000007c                  : fs.obj (.text:sl_FsClose)
                  20018e5c    0000007a     rtsv7M4_T_le_eabi.lib : fs_mul_t2.obj (.text)
                  20018ed6    0000007a                           : memset_t2.obj (.text)
                  20018f50    0000007a                           : xfdnorm.obj (.text)
                  20018fca    00000002     --HOLE-- [fill = 0]
                  20018fcc    00000078     simplelink.a : cc_pal.obj (.text:SetupDMAReceive)
                  20019044    00000078                  : netapp.obj (.text:_sl_HandleAsync_DnsGetHostByName)
                  200190bc    00000078                  : netapp.obj (.text:_sl_HandleAsync_PingResponse)
                  20019134    00000078                  : wlan.obj (.text:sl_WlanGet)
                  200191ac    00000076     driverlib.a : uart.obj (.text:UARTConfigSetExpClk)
                  20019222    00000002     --HOLE-- [fill = 0]
                  20019224    00000074     simplelink.a : device.obj (.text:_sl_HandleAsync_InitComplete)
                  20019298    00000074                  : cc_pal.obj (.text:spi_Close)
                  2001930c    00000070                  : fs.obj (.text:sl_FsGetInfo)
                  2001937c    0000006c                  : socket.obj (.text:_sl_TruncatePayloadByProtocol)
                  200193e8    0000006c     rtsv7M4_T_le_eabi.lib : autoinit.obj (.text)
                  20019454    0000006c                           : fprintf.obj (.text)
                  200194c0    0000006a                           : copy_decompress_rle.obj (.text)
                  2001952a    00000002     --HOLE-- [fill = 0]
                  2001952c    00000068     driverlib.a : prcm.obj (.text:PRCMHibernateWakeUpGPIOSelect)
                  20019594    00000068     simplelink.a : fs.obj (.text:_sl_GetCreateFsMode)
                  200195fc    00000068                  : socket.obj (.text:_sl_HandleAsync_Connect)
                  20019664    00000068     rtsv7M4_T_le_eabi.lib : trgmsg.obj (.text)
                  200196cc    00000066                           : xdunscal.obj (.text)
                  20019732    00000002     --HOLE-- [fill = 0]
                  20019734    00000064     simplelink.a : socket.obj (.text:_sl_HandleAsync_Accept)
                  20019798    00000064                  : netapp.obj (.text:_sl_HandleAsync_DnsGetHostByService)
                  200197fc    00000064     rtsv7M4_T_le_eabi.lib : fseek.obj (.text)
                  20019860    00000064     driverlib.a : udma.obj (.text:uDMAChannelAttributeDisable)
                  200198c4    00000064                 : udma.obj (.text:uDMAChannelAttributeEnable)
                  20019928    00000060     rtsv7M4_T_le_eabi.lib : fs_cmp_t2.obj (.text:__aeabi_cfcmple)
                  20019988    00000060                           : fs_cmp_t2.obj (.text:__aeabi_cfrcmple)
                  200199e8    00000060                           : sprintf.obj (.text)
                  20019a48    00000058     driverlib.a : interrupt.obj (.text:IntPendClear)
                  20019aa0    00000058                 : prcm.obj (.text:PRCMPeripheralReset)
                  20019af8    00000058     simplelink.a : driver.obj (.text:_SlDrvDriverCBDeinit)
                  20019b50    00000058                  : socket.obj (.text:_sl_HandleAsync_Select)
                  20019ba8    00000058                  : netapp.obj (.text:sl_NetAppSendTokenValue)
                  20019c00    00000056     rtsv7M4_T_le_eabi.lib : ltoa.obj (.text)
                  20019c56    00000056                           : xfdunsca.obj (.text)
                  20019cac    00000054     driverlib.a : interrupt.obj (.text:IntPrioritySet)
                  20019d00    00000054     simplelink.a : device.obj (.text:_sl_HandleAsync_Stop)
                  20019d54    00000054                  : fs.obj (.text:sl_FsOpen)
                  20019da8    00000050     rtsv7M4_T_le_eabi.lib : fs_toull_t2.obj (.text)
                  20019df8    0000004c     driverlib.a : spi.obj (.text:SPIIntEnable)
                  20019e44    0000004c     rtsv7M4_T_le_eabi.lib : atoi.obj (.text)
                  20019e90    0000004c                           : cpy_tbl.obj (.text)
                  20019edc    0000004c                           : rand.obj (.text)
                  20019f28    0000004c     simplelink.a : device.obj (.text:sl_DevSet)
                  20019f74    0000004c                  : socket.obj (.text:sl_SetSockOpt)
                  20019fc0    0000004c                  : wlan.obj (.text:sl_WlanSet)
                  2001a00c    0000004c     driverlib.a : udma.obj (.text:uDMAChannelAssign)
                  2001a058    0000004a     simplelink.a : device.obj (.text:_sl_GetStartResponseConvert)
                  2001a0a2    0000004a     rtsv7M4_T_le_eabi.lib : fd_tos_t2.obj (.text)
                  2001a0ec    00000048     driverlib.a : prcm.obj (.text:PRCMHibernateWakeupSourceDisable)
                  2001a134    00000048                 : prcm.obj (.text:PRCMHibernateWakeupSourceEnable)
                  2001a17c    00000048                 : spi.obj (.text:SPIIntClear)
                  2001a1c4    00000048     simplelink.a : driver.obj (.text:_SlRemoveFromList)
                  2001a20c    00000048     rtsv7M4_T_le_eabi.lib : fd_toi_t2.obj (.text)
                  2001a254    00000048     simplelink.a : fs.obj (.text:sl_FsDel)
                  2001a29c    00000048                  : netcfg.obj (.text:sl_NetCfgSet)
                  2001a2e4    00000046     rtsv7M4_T_le_eabi.lib : ldexp.obj (.text)
                  2001a32a    00000002     --HOLE-- [fill = 0]
                  2001a32c    00000044     driverlib.a : spi.obj (.text:SPIDmaMaskGet)
                  2001a370    00000044     rtsv7M4_T_le_eabi.lib : exit.obj (.text)
                  2001a3b4    00000044                           : fd_tou_t2.obj (.text)
                  2001a3f8    00000044     simplelink.a : socket.obj (.text:sl_Recv)
                  2001a43c    00000040     driverlib.a : pin.obj (.text:PinModeSet)
                  2001a47c    00000040     simplelink.a : driver.obj (.text:_SlDrvRxIrqHandler)
                  2001a4bc    00000040     rtsv7M4_T_le_eabi.lib : signal.obj (.text)
                  2001a4fc    00000040     simplelink.a : wlan.obj (.text:sl_WlanPolicySet)
                  2001a53c    00000040                  : wlan.obj (.text:sl_WlanRxFilterSet)
                  2001a57c    0000003e     rtsv7M4_T_le_eabi.lib : strncasecmp.obj (.text)
                  2001a5ba    00000002     --HOLE-- [fill = 0]
                  2001a5bc    0000003c     simplelink.a : cc_pal.obj (.text:NwpPowerOff)
                  2001a5f8    0000003c     driverlib.a : prcm.obj (.text:PRCMPeripheralClkEnable)
                  2001a634    0000003c     simplelink.a : driver.obj (.text:_SlDrvObjInit)
                  2001a670    0000003c     rtsv7M4_T_le_eabi.lib : boot.obj (.text)
                  2001a6ac    0000003c     driverlib.a : udma.obj (.text:uDMAChannelControlSet)
                  2001a6e8    0000003a                 : camera.obj (.text:CameraCaptureStop)
                  2001a722    0000003a                 : camera.obj (.text:CameraXClkConfig)
                  2001a75c    00000038     free_rtos.a : heap_3.obj (.text)
                  2001a794    00000038     rtsv7M4_T_le_eabi.lib : fs_tod_t2.obj (.text)
                  2001a7cc    00000038                           : fs_toi_t2.obj (.text)
                  2001a804    00000038                           : i_tofs_t2.obj (.text)
                  2001a83c    00000038     simplelink.a : socket.obj (.text:sl_Htonl)
                  2001a874    00000036     driverlib.a : gpio.obj (.text:GPIODirModeSet)
                  2001a8aa    00000034                 : camera.obj (.text:CameraParamsConfig)
                  2001a8de    00000002     --HOLE-- [fill = 0]
                  2001a8e0    00000034                 : prcm.obj (.text:PRCMPeripheralStatusGet)
                  2001a914    00000034                 : spi.obj (.text:SPIFIFOLevelSet)
                  2001a948    00000034     simplelink.a : driver.obj (.text:_SlDrvBasicCmd)
                  2001a97c    00000034     rtsv7M4_T_le_eabi.lib : feraiseexcept.obj (.text)
                  2001a9b0    00000034                           : fs_tou_t2.obj (.text)
                  2001a9e4    00000034                           : strstr.obj (.text)
                  2001aa18    00000034     simplelink.a : socket.obj (.text:sl_Htons)
                  2001aa4c    00000030                  : cc_pal.obj (.text:NwpPowerOn)
                  2001aa7c    00000030     driverlib.a : pin.obj (.text:PinTypeGPIO)
                  2001aaac    00000030                 : uart.obj (.text:UARTDisable)
                  2001aadc    00000030     rtsv7M4_T_le_eabi.lib : strncpy.obj (.text)
                  2001ab0c    00000030                           : xferaise.obj (.text)
                  2001ab3c    00000030     simplelink.a : socket.obj (.text:sl_Socket)
                  2001ab6c    0000002e     rtsv7M4_T_le_eabi.lib : i_tofd_t2.obj (.text)
                  2001ab9a    0000002e                           : raise.obj (.text)
                  2001abc8    0000002c     driverlib.a : camera.obj (.text:CameraIntEnable)
                  2001abf4    0000002c     simplelink.a : cc_pal.obj (.text:DmaSpiSwIntHandler)
                  2001ac20    0000002c     driverlib.a : i2c.obj (.text:I2CMasterErr)
                  2001ac4c    0000002c                 : prcm.obj (.text:PRCMSysResetCauseGet)
                  2001ac78    0000002c     simplelink.a : flowcont.obj (.text:_SlDrvFlowContDeinit)
                  2001aca4    0000002c                  : flowcont.obj (.text:_SlDrvFlowContInit)
                  2001acd0    0000002a                  : socket.obj (.text:_sl_BuildAddress)
                  2001acfa    0000002a     rtsv7M4_T_le_eabi.lib : xdclass.obj (.text)
                  2001ad24    00000028     driverlib.a : camera.obj (.text:CameraIntStatus)
                  2001ad4c    00000028                 : prcm.obj (.text:PRCMPeripheralClkDisable)
                  2001ad74    00000028     rtsv7M4_T_le_eabi.lib : strncat.obj (.text)
                  2001ad9c    00000028     simplelink.a : wlan.obj (.text:sl_WlanSetMode)
                  2001adc4    00000026     driverlib.a : camera.obj (.text:CameraThresholdSet)
                  2001adea    00000026     rtsv7M4_T_le_eabi.lib : strncmp.obj (.text)
                  2001ae10    00000024     driverlib.a : camera.obj (.text:CameraIntClear)
                  2001ae34    00000024                 : interrupt.obj (.text:IntUnregister)
                  2001ae58    00000024                 : uart.obj (.text:UARTEnable)
                  2001ae7c    00000024     rtsv7M4_T_le_eabi.lib : memmov.obj (.text)
                  2001aea0    00000024     simplelink.a : socket.obj (.text:sl_Close)
                  2001aec4    00000024                  : netapp.obj (.text:sl_NetAppStart)
                  2001aee8    00000024                  : netapp.obj (.text:sl_NetAppStop)
                  2001af0c    00000024                  : wlan.obj (.text:sl_WlanProfileDel)
                  2001af30    00000022     driverlib.a : camera.obj (.text:CameraCaptureStart)
                  2001af52    00000022                 : i2c.obj (.text:I2CMasterSlaveAddrSet)
                  2001af74    00000022     simplelink.a : cc_pal.obj (.text:NwpRegisterInterruptHandler)
                  2001af96    00000022     driverlib.a : spi.obj (.text:SPIReset)
                  2001afb8    00000022                 : spi.obj (.text:SPIWordCountSet)
                  2001afda    00000022     rtsv7M4_T_le_eabi.lib : frexp.obj (.text)
                  2001affc    00000022                           : memcmp.obj (.text)
                  2001b01e    00000020     driverlib.a : gpio.obj (.text:GPIOPinWrite)
                  2001b03e    00000002     --HOLE-- [fill = 0]
                  2001b040    00000020                 : interrupt.obj (.text:IntRegister)
                  2001b060    00000020     simplelink.a : driver.obj (.text:_SlDrvCmdSend)
                  2001b080    00000020                  : device.obj (.text:_SlDrvDeviceEventHandler)
                  2001b0a0    00000020     rtsv7M4_T_le_eabi.lib : memchr.obj (.text)
                  2001b0c0    00000020                           : u_tofd_t2.obj (.text)
                  2001b0e0    0000001e     driverlib.a : i2c.obj (.text:I2CMasterIntStatusEx)
                  2001b0fe    0000001e                 : uart.obj (.text:UARTCharPut)
                  2001b11c    0000001c                 : pin.obj (.text:PinTypeI2C)
                  2001b138    0000001c     simplelink.a : driver.obj (.text:_SlDrvObjDeInit)
                  2001b154    0000001c     rtsv7M4_T_le_eabi.lib : memccpy.obj (.text)
                  2001b170    0000001c     driverlib.a : udma.obj (.text:uDMAChannelDisable)
                  2001b18c    0000001c                 : udma.obj (.text:uDMAChannelEnable)
                  2001b1a8    0000001a     simplelink.a : netapp.obj (.text:CopyPingResultsToReport)
                  2001b1c2    0000001a     driverlib.a : pin.obj (.text:PinTypeCamera)
                  2001b1dc    0000001a                 : pin.obj (.text:PinTypeUART)
                  2001b1f6    0000001a                 : spi.obj (.text:SPIDmaDisable)
                  2001b210    0000001a                 : spi.obj (.text:SPIDmaEnable)
                  2001b22a    0000001a                 : spi.obj (.text:SPIFIFODisable)
                  2001b244    0000001a                 : spi.obj (.text:SPIFIFOEnable)
                  2001b25e    00000018                 : camera.obj (.text:CameraReset)
                  2001b276    00000018                 : gpio.obj (.text:GPIOPinRead)
                  2001b28e    00000002     --HOLE-- [fill = 0]
                  2001b290    00000018                 : prcm.obj (.text:PRCMHibernateEnter)
                  2001b2a8    00000018                 : spi.obj (.text:SPICSDisable)
                  2001b2c0    00000018                 : spi.obj (.text:SPICSEnable)
                  2001b2d8    00000018                 : spi.obj (.text:SPIDisable)
                  2001b2f0    00000018                 : spi.obj (.text:SPIEnable)
                  2001b308    00000018     rtsv7M4_T_le_eabi.lib : args_main.obj (.text)
                  2001b320    00000018                           : strcmp.obj (.text)
                  2001b338    00000016     driverlib.a : camera.obj (.text:CameraDMAEnable)
                  2001b34e    00000016                 : camera.obj (.text:CameraIntRegister)
                  2001b364    00000016                 : i2c.obj (.text:I2CMasterDataPut)
                  2001b37a    00000016                 : i2c.obj (.text:I2CMasterEnable)
                  2001b390    00000016                 : prcm.obj (.text:PRCMHIBRegRead)
                  2001b3a6    00000016                 : prcm.obj (.text:PRCMHIBRegWrite)
                  2001b3bc    00000016                 : uart.obj (.text:UARTCharGet)
                  2001b3d2    00000016     simplelink.a : driver.obj (.text:_SlDrvShiftDWord)
                  2001b3e8    00000016                  : fs.obj (.text:_sl_Strlen)
                  2001b3fe    00000016     rtsv7M4_T_le_eabi.lib : strchr.obj (.text)
                  2001b414    00000016     driverlib.a : udma.obj (.text:uDMAIntRegister)
                  2001b42a    00000014                 : cpu.obj (.text:CPUcpsie)
                  2001b43e    00000002     --HOLE-- [fill = 0]
                  2001b440    00000014                 : interrupt.obj (.text:IntVTableBaseSet)
                  2001b454    00000014     rtsv7M4_T_le_eabi.lib : _lock.obj (.text)
                  2001b468    00000014                           : strcpy.obj (.text)
                  2001b47c    00000014                           : strlen.obj (.text)
                  2001b490    00000014     driverlib.a : udma.obj (.text:uDMAControlBaseSet)
                  2001b4a4    00000014                 : udma.obj (.text:uDMAIntClear)
                  2001b4b8    00000012                 : i2c.obj (.text:I2CMasterControl)
                  2001b4ca    00000012                 : i2c.obj (.text:I2CMasterIntClearEx)
                  2001b4dc    00000012                 : i2c.obj (.text:I2CMasterTimeoutSet)
                  2001b4ee    00000012     simplelink.a : netapp.obj (.text:sl_NetAppMDNSUnRegisterService)
                  2001b500    00000012     driverlib.a : udma.obj (.text:uDMAIntUnregister)
                  2001b512    00000002     --HOLE-- [fill = 0]
                  2001b514    00000010     simplelink.a : cc_pal.obj (.text:NwpMaskInterrupt)
                  2001b524    00000010                  : socket.obj (.text:SL_FD_SET)
                  2001b534    0000000e     driverlib.a : i2c.obj (.text:I2CMasterDataGet)
                  2001b542    0000000e     rtsv7M4_T_le_eabi.lib : copy_decompress_none.obj (.text:decompress:none)
                  2001b550    0000000e     startup_ccs.obj (.text)
                  2001b55e    00000002     --HOLE-- [fill = 0]
                  2001b560    0000000c     simplelink.a : cc_pal.obj (.text:NwpUnMaskInterrupt)
                  2001b56c    0000000c     rtsv7M4_T_le_eabi.lib : copy_zero_init.obj (.text:decompress:ZI)
                  2001b578    0000000c     driverlib.a : udma.obj (.text:uDMADisable)
                  2001b584    0000000c                 : udma.obj (.text:uDMAEnable)
                  2001b590    0000000c                 : udma.obj (.text:uDMAIntStatus)
                  2001b59c    0000000a                 : interrupt.obj (.text:IntMasterEnable)
                  2001b5a6    00000008     simplelink.a : wlan.obj (.text:sl_WlanDisconnect)
                  2001b5ae    00000006     i2cconfig.obj (.text:MT9D111Delay)
                  2001b5b4    00000006     simplelink.a : socket.obj (.text:SL_FD_ZERO)
                  2001b5ba    00000006     driverlib.a : utils.obj (.text:UtilsDelay)
                  2001b5c0    00000006     rtsv7M4_T_le_eabi.lib : copy_decompress_rle.obj (.text:decompress:rle24)
                  2001b5c6    00000006                           : log.obj (.text)
                  2001b5cc    00000006                           : logf.obj (.text)
                  2001b5d2    00000006                           : sinf.obj (.text)
                  2001b5d8    00000004                           : error.obj (.text)
                  2001b5dc    00000004                           : pre_init.obj (.text)

.const     0    2001b5e0    00000e54     
                  2001b5e0    0000013c     mt9d111.obj (.const:init_cmds_list)
                  2001b71c    00000101     rtsv7M4_T_le_eabi.lib : ctype.obj (.const:.string:_ctypes_)
                  2001b81d    00000002     tempRHSens_si7020.obj (.const:.string)
                  2001b81f    00000001     --HOLE-- [fill = 0]
                  2001b820    00000100     driverlib.a : pin.obj (.const:g_ulPinToPadMap)
                  2001b920    000000ec     simplelink.a : wlan.obj (.const)
                  2001ba0c    000000d4     driverlib.a : interrupt.obj (.const:g_pulRegs)
                  2001bae0    000000c8     mt9d111.obj (.const)
                  2001bba8    000000c4     mt9d111.obj (.const:capture_cmds_list)
                  2001bc6c    000000a8     driverlib.a : prcm.obj (.const:PRCM_PeriphRegsList)
                  2001bd14    00000004     --HOLE-- [fill = 0]
                  2001bd18    00000088     rtsv7M4_T_le_eabi.lib : xlatan.obj (.const)
                  2001bda0    00000080     driverlib.a : interrupt.obj (.const)
                  2001be20    0000005d     mt9d111.obj (.const:.string)
                  2001be7d    00000001     --HOLE-- [fill = 0]
                  2001be7e    00000050     mt9d111.obj (.const:$P$T25$26)
                  2001bece    0000004c     mt9d111.obj (.const:$P$T6$7)
                  2001bf1a    00000002     --HOLE-- [fill = 0]
                  2001bf1c    0000004c     simplelink.a : driver.obj (.const)
                  2001bf68    0000004a     camera_app.obj (.const:.string)
                  2001bfb2    00000005     main.obj (.const:.string)
                  2001bfb7    00000001     --HOLE-- [fill = 0]
                  2001bfb8    00000048     rtsv7M4_T_le_eabi.lib : xexp.obj (.const)
                  2001c000    00000040     network_relater_fns.obj (.const:.string)
                  2001c040    00000038     rtsv7M4_T_le_eabi.lib : xlog.obj (.const:p)
                  2001c078    00000038                           : xflog.obj (.const)
                  2001c0b0    00000038     simplelink.a : fs.obj (.const)
                  2001c0e8    00000036     flash_files.obj (.const:.string)
                  2001c11e    00000002     --HOLE-- [fill = 0]
                  2001c120    00000034     rtsv7M4_T_le_eabi.lib : xfatan.obj (.const)
                  2001c154    00000034     simplelink.a : socket.obj (.const)
                  2001c188    00000030     rtsv7M4_T_le_eabi.lib : xdint.obj (.const)
                  2001c1b8    0000002c     cc3200_utils.obj (.const:$P$T0$1)
                  2001c1e4    0000002c     network_relater_fns.obj (.const:$P$T1$2)
                  2001c210    0000002b     parse_uploads.obj (.const:.string)
                  2001c23b    00000001     --HOLE-- [fill = 0]
                  2001c23c    00000028     mt9d111.obj (.const:$P$T5$6)
                  2001c264    00000028     rtsv7M4_T_le_eabi.lib : xfdint.obj (.const)
                  2001c28c    00000028                           : xfsin.obj (.const)
                  2001c2b4    00000028     simplelink.a : netapp.obj (.const)
                  2001c2dc    00000025     camera_app.obj (.const:.string:$P$T1$2)
                  2001c301    00000023     mt9d111.obj (.const:.string:$P$T1$2)
                  2001c324    00000022     network_relater_fns.obj (.const:.string:$P$T0$1)
                  2001c346    00000002     --HOLE-- [fill = 0]
                  2001c348    0000001c     rtsv7M4_T_le_eabi.lib : tanf.obj (.const)
                  2001c364    0000001c                           : xfexp.obj (.const)
                  2001c380    0000001b     wifi_provisioning_thruAPmode.obj (.const:.string)
                  2001c39b    00000001     --HOLE-- [fill = 0]
                  2001c39c    00000018     driverlib.a : spi.obj (.const)
                  2001c3b4    00000017     request.obj (.const:.string)
                  2001c3cb    00000016     collect_and_txit.obj (.const:.string)
                  2001c3e1    00000014     lightSens_isl29035.obj (.const:.string)
                  2001c3f5    00000014     network_relater_fns.obj (.const)
                  2001c409    00000003     --HOLE-- [fill = 0]
                  2001c40c    00000014     simplelink.a : device.obj (.const)
                  2001c420    0000000b     app_common.obj (.const:.string)
                  2001c42b    00000001     --HOLE-- [fill = 0]
                  2001c42c    00000008     simplelink.a : netcfg.obj (.const)

.cinit     0    2001c438    00000bf0     
                  2001c438    00000bcb     (.cinit..data.load) [load image, compression = rle]
                  2001d003    00000001     --HOLE-- [fill = 0]
                  2001d004    0000000c     (__TI_handler_table)
                  2001d010    00000008     (.cinit..bss.load) [load image, compression = zero_init]
                  2001d018    00000010     (__TI_cinit_table)

.init_array 
*          0    20004000    00000000     UNINITIALIZED

.bss       0    2001e000    00015dca     UNINITIALIZED
                  2001e000    00014000     main.obj (.bss:g_image_buffer)
                  20032000    00000b58     tasks.obj (.bss:thisMagBuffer)
                  20032b58    00000418     tasks.obj (.bss:thisMagCal)
                  20032f70    00000058     tasks.obj (.bss:thisMag)
                  20032fc8    00000034     cc3200_client_state.obj (.bss:clientStateFileName)
                  20032ffc    00000004     (.common:__Errorlog)
                  20033000    00000400     udma_if.obj (.bss:gpCtlTbl)
                  20033400    00000370     main.obj (.bss:g_NetEntries)
                  20033770    00000120     rtsv7M4_T_le_eabi.lib : trgmsg.obj (.bss:__CIOBUF_)
                  20033890    00000100     udma_if.obj (.bss:gfpAppCallbackHndl)
                  20033990    000000c8     free_rtos.a : tasks.obj (.bss:pxReadyTasksLists)
                  20033a58    000000ac     tasks.obj (.bss:thisSV_6DOF_GB_BASIC)
                  20033b04    000000a0     rtsv7M4_T_le_eabi.lib : defs.obj (.bss:__TI_tmpnams)
                  20033ba4    00000050     free_rtos.a : queue.obj (.bss:xQueueRegistry)
                  20033bf4    00000034     main.obj (.bss:g_cWlanSecurityKey)
                  20033c28    00000034     tasks.obj (.bss:thisAccel)
                  20033c5c    00000024     main.obj (.bss:g_cWlanSSID)
                  20033c80    00000024     main.obj (.bss:g_ucConnectionSSID)
                  20033ca4    0000001c     rtsv7M4_T_le_eabi.lib : vla_alloc.obj (.bss)
                  20033cc0    00000014     (.common:g_flag_blockFull)
                  20033cd4    00000014     (.common:xDelayedTaskList1)
                  20033ce8    00000014     (.common:xDelayedTaskList2)
                  20033cfc    00000014     (.common:xPendingReadyList)
                  20033d10    00000014     (.common:xSuspendedTaskList)
                  20033d24    00000014     (.common:xTasksWaitingTermination)
                  20033d38    00000010     (.common:ang_buf)
                  20033d48    00000010     (.common:globals)
                  20033d58    00000010     (.common:mqxglobals)
                  20033d68    0000000c     (.common:g_SecParams)
                  20033d74    00000008     (.common:g_ucConnectionBSSID)
                  20033d7c    00000008     (.common:parmbuf)
                  20033d84    00000004     (.common:angle_avg)
                  20033d88    00000004     (.common:angle_reading_del1)
                  20033d8c    00000004     (.common:angle_reading_del2)
                  20033d90    00000004     (.common:angle_reading_del3)
                  20033d94    00000004     (.common:angle_reading_del4)
                  20033d98    00000004     (.common:dataBuffer)
                  20033d9c    00000004     (.common:g_block_lastFilled)
                  20033da0    00000004     (.common:g_cWlanSecurityType)
                  20033da4    00000004     (.common:g_frame_size_in_bytes)
                  20033da8    00000004     (.common:g_header_length)
                  20033dac    00000004     (.common:g_position_in_block)
                  20033db0    00000004     (.common:g_readHeader)
                  20033db4    00000004     (.common:g_total_dma_intrpts)
                  20033db8    00000004     (.common:pxDelayedTaskList)
                  20033dbc    00000004     (.common:pxOverflowDelayedTaskList)
                  20033dc0    00000001     (.common:avg_buffer_cnt)
                  20033dc1    00000001     (.common:cnt_prakz2)
                  20033dc2    00000001     (.common:g_dma_txn_done)
                  20033dc3    00000001     (.common:g_flag_DataBlockFilled)
                  20033dc4    00000001     (.common:g_flag_door_closing_45degree)
                  20033dc5    00000001     (.common:g_frame_end)
                  20033dc6    00000001     (.common:iDone)
                  20033dc7    00000001     (.common:isitfirsttime)
                  20033dc8    00000001     (.common:open1_close0_invalid2)
                  20033dc9    00000001     (.common:valid_case)

.TI.noinit 
*          0    2001e000    00000000     UNINITIALIZED

.sysmem    0    20033dd0    00004000     UNINITIALIZED
                  20033dd0    00000008     rtsv7M4_T_le_eabi.lib : memory.obj (.sysmem)
                  20033dd8    00003ff8     --HOLE--


LINKER GENERATED COPY TABLES

__TI_cinit_table @ 2001d018 records: 2, size/record: 8, table size: 16
	.data: load addr=2001c438, load size=00000bcb bytes, run addr=20000000, run size=0000158c bytes, compression=rle
	.bss: load addr=2001d010, load size=00000008 bytes, run addr=2001e000, run size=00015dca bytes, compression=zero_init


LINKER GENERATED HANDLER TABLE

__TI_handler_table @ 2001d004 records: 3, size/record: 4, table size: 12
	index: 0, handler: __TI_decompress_rle24
	index: 1, handler: __TI_decompress_none
	index: 2, handler: __TI_zero_init


GLOBAL SYMBOLS: SORTED ALPHABETICALLY BY Name 

address   name                                  
-------   ----                                  
2000cd55  AnalogGainReg_Read                    
2000ee79  ApplyAccelHAL                         
2000ee89  ApplyMagHAL                           
2001a371  C$$EXIT                               
20019693  C$$IO$$                               
2000ccb5  CCMRegs_Read                          
2001b42b  CPUcpsie                              
2000a897  CamControllerInit                     
2001af31  CameraCaptureStart                    
2001a6e9  CameraCaptureStop                     
2001b339  CameraDMAEnable                       
2001ae11  CameraIntClear                        
2001abc9  CameraIntEnable                       
2001b34f  CameraIntRegister                     
2001ad25  CameraIntStatus                       
2001a8ab  CameraParamsConfig                    
2001b25f  CameraReset                           
2000c751  CameraSensorInit                      
2000c759  CameraSensorInit_SettingsFromFlash    
2001adc5  CameraThresholdSet                    
2001a723  CameraXClkConfig                      
2000a35b  CaptureAndStore_Image                 
2000a585  CaptureinRAM                          
2000a5e5  CaptureinRAM_StoreAfterCapture_Image  
20013a59  ClearTerm                             
20013f3d  CollectTxit_ImgTempRH                 
20012d43  Config_And_Start_CameraCapture        
2000968d  ConfigureMode                         
200093e9  ConfigureSimpleLinkToDefaultState     
200096e9  ConnectToNetwork                      
2000984d  ConnectToNetwork_STA                  
2001205b  ConstructDeviceStateObject            
2001b1a9  CopyPingResultsToReport               
200140e9  CreateFile_Flash                      
20001324  DMAMsgQ                               
2001471d  DMASetupTransfer                      
20001574  DigiCertHighAssuranceEVRootCA_der_len 
2000cce5  DigitalGainRegs_Read                  
200145e7  DmaErrorIntHandler                    
2001abf5  DmaSpiSwIntHandler                    
200145d5  DmaSwIntHandler                       
2000d01b  EnterStandby_mt9d111                  
20013a5f  Error                                 
2000d071  ExitStandby_mt9d111                   
2000d75d  FXOS8700CQ_Init                       
2000d841  FXOS8700CQ_Mag_Calibration            
20014a7d  FXOS8700_Init                         
20014aff  FXOS8700_ReadData                     
2000ea0b  Fusion_Init                           
2000eb41  Fusion_Run                            
2001a875  GPIODirModeSet                        
2001b277  GPIOPinRead                           
2001b01f  GPIOPinWrite                          
20013a93  GetCmd                                
20016965  HIBernate                             
20012515  HOSTclock                             
200124dd  HOSTclose                             
2001249f  HOSTgetenv                            
20012443  HOSTlseek                             
200123f1  HOSTopen                              
200123a5  HOSTread                              
20012347  HOSTrename                            
2001230d  HOSTtime                              
200122d5  HOSTunlink                            
20012289  HOSTwrite                             
2001507f  I2CBufferRead                         
20015127  I2CBufferWrite                        
20015061  I2CInit                               
2001b4b9  I2CMasterControl                      
2001b535  I2CMasterDataGet                      
2001b365  I2CMasterDataPut                      
2001b37b  I2CMasterEnable                       
2001ac21  I2CMasterErr                          
20018ae1  I2CMasterInitExpClk                   
2001b4cb  I2CMasterIntClearEx                   
2001b0e1  I2CMasterIntStatusEx                  
2001af53  I2CMasterSlaveAddrSet                 
2001b4dd  I2CMasterTimeoutSet                   
200148df  I2C_IF_Close                          
200148b5  I2C_IF_Open                           
2001482d  I2C_IF_Read                           
20014895  I2C_IF_ReadFrom                       
200147cb  I2C_IF_Write                          
20013a21  InitTerm                              
20011fa9  InitialiseParse                       
200093b9  InitializeAppVariables                
20017ed5  IntDisable                            
20017f7d  IntEnable                             
2001b59d  IntMasterEnable                       
20019a49  IntPendClear                          
20019cad  IntPrioritySet                        
2001b041  IntRegister                           
2001ae35  IntUnregister                         
2001b441  IntVTableBaseSet                      
2000cdcb  JPEGDataLength_read                   
20000000  JPEG_StdHuffmanTbl                    
2000137c  JPEG_StdQuantTblC                     
200013bc  JPEG_StdQuantTblY                     
2000cc8d  JpegConfigReg_Read                    
2001713b  LED_Blink                             
200171a1  LED_Off                               
20017197  LED_On                                
2000ca77  LL_Configs                            
2001b5af  MT9D111Delay                          
2000ec99  MagCal_Run                            
20012cbd  Main_Task                             
20012ce9  Main_Task_withHibernate               
20013a3f  Message                               
2001b515  NwpMaskInterrupt                      
2001a5bd  NwpPowerOff                           
2001aa4d  NwpPowerOn                            
20018be9  NwpPowerOnPreamble                    
2001af75  NwpRegisterInterruptHandler           
2001b561  NwpUnMaskInterrupt                    
2000cd8d  PCLK_Rate_read                        
20015ae9  PRCMCC3200MCUInit                     
2001b391  PRCMHIBRegRead                        
2001b3a7  PRCMHIBRegWrite                       
2001b291  PRCMHibernateEnter                    
2001883d  PRCMHibernateIntervalSet              
2001952d  PRCMHibernateWakeUpGPIOSelect         
2001a0ed  PRCMHibernateWakeupSourceDisable      
2001a135  PRCMHibernateWakeupSourceEnable       
2001ad4d  PRCMPeripheralClkDisable              
2001a5f9  PRCMPeripheralClkEnable               
200183c1  PRCMPeripheralClockGet                
20019aa1  PRCMPeripheralReset                   
2001a8e1  PRCMPeripheralStatusGet               
2001ac4d  PRCMSysResetCauseGet                  
200188c5  PinConfigSet                          
2001a43d  PinModeSet                            
20016e39  PinMuxConfig                          
2001b1c3  PinTypeCamera                         
2001aa7d  PinTypeGPIO                           
2001b11d  PinTypeI2C                            
2001b1dd  PinTypeUART                           
20012cdd  ProvisionAP_Task                      
2000f3f5  ProvisioningAP                        
2000e9ed  RdSensData_Init                       
2000ea29  RdSensData_Run                        
2000cad1  ReadAllAEnAWBRegs                     
200141df  ReadFile_FromFlash                    
2000ce49  ReadMCUBootModeReg                    
2000ca51  RegStatusRead                         
20013b3d  Report                                
2001b551  ResetISR                              
2000ce15  ResetImageSensorMCU                   
UNDEFED   SHT$$INIT_ARRAY$$Base                 
UNDEFED   SHT$$INIT_ARRAY$$Limit                
2001b525  SL_FD_SET                             
2001b5b5  SL_FD_ZERO                            
2001b2a9  SPICSDisable                          
2001b2c1  SPICSEnable                           
20018025  SPIConfigSetExpClk                    
2001b2d9  SPIDisable                            
2001b1f7  SPIDmaDisable                         
2001b211  SPIDmaEnable                          
2001b2f1  SPIEnable                             
2001b22b  SPIFIFODisable                        
2001b245  SPIFIFOEnable                         
2001a915  SPIFIFOLevelSet                       
2001a17d  SPIIntClear                           
20019df9  SPIIntEnable                          
2001af97  SPIReset                              
2001afb9  SPIWordCountSet                       
200014d8  SecurityParams                        
20014665  SetupTransfer                         
2000cd1d  ShutterRegs_Read                      
2000a031  SimpleLinkHttpServerCallback          
20009b8d  SimpleLinkNetAppEventHandler          
20009f31  SimpleLinkSockEventHandler            
20009a49  SimpleLinkWlanEventHandler            
2000ce5f  SoftReset_ImageSensor                 
2000a335  Standby_ImageSensor                   
2000c781  StartCapture_SettingsFromFlash        
2000c8a5  StartSensorInJpegMode                 
20012cd5  Test_Task                             
20013af3  TrimSpace                             
2001b3bd  UARTCharGet                           
2001b0ff  UARTCharPut                           
200191ad  UARTConfigSetExpClk                   
2001aaad  UARTDisable                           
2001ae59  UARTEnable                            
2001463d  UDMAChannelSelect                     
20014709  UDMADeInit                            
200145f3  UDMAInit                              
2001469b  UDMASetupAutoMemTransfer              
200146bf  UDMASetupPingPongTransfer             
2001b171  UDMAStopTransfer                      
20011fbf  UploadImageToParse                    
20011ffb  UploadSensorDataToParse               
2001b5bb  UtilsDelay                            
2000ffd1  VDeleteSimpleLinkSpawnTask            
2000ff81  VStartSimpleLinkSpawnTask             
2000ceb5  Variable_Read                         
2000ce85  Verify_ImageSensor                    
2000a34f  Wakeup_ImageSensor                    
2000ca93  WriteAllAEnAWBRegs                    
2000c7af  WriteConfigRegFile_toFlash            
2000c879  WriteConfigRegFilefromUser_toFlash    
2001413d  WriteFile_ToFlash                     
2001acfb  _Dclass                               
200011c0  _Denorm                               
20017919  _Dint                                 
200179d9  _Dnorm                                
2001664d  _Dscale                               
200196cd  _Dunscale                             
200011d0  _Eps                                  
2000157c  _Errno                                
200130e1  _Exp                                  
20017385  _FAtan                                
200012b0  _FDenorm                              
2001860d  _FDint                                
20018f51  _FDnorm                               
2001745d  _FDscale                              
20019c57  _FDunscale                            
200012c0  _FEps                                 
20014d75  _FExp                                 
200012d0  _FInf                                 
20013865  _FLog                                 
200012e0  _FNan                                 
20001300  _FRteps                               
20014439  _FSin                                 
200012f0  _FSnan                                
20001310  _FXbig                                
20001314  _FZero                                
20001564  _Fenv                                 
2001ab0d  _Feraise                              
200011e0  _Hugeval                              
200011f0  _Inf                                  
200148f5  _LAtan                                
20001240  _LDenorm                              
20001250  _LEps                                 
20001260  _LInf                                 
20001270  _LNan                                 
20001290  _LRteps                               
20001280  _LSnan                                
200012a0  _LXbig                                
200012a8  _LZero                                
20011cc5  _Log                                  
20001200  _Nan                                  
20001220  _Rteps                                
2001c174  _SlAcceptCmdCtrl                      
2001bf30  _SlActionLookupTable                  
20011025  _SlAsyncEventGenericHandler           
2001c418  _SlDeviceGetCmdCtrl                   
2001c41c  _SlDeviceSetCmdCtrl                   
2001a949  _SlDrvBasicCmd                        
20018161  _SlDrvClassifyRxMsg                   
20018b65  _SlDrvCmdOp                           
2001b061  _SlDrvCmdSend                         
200151d1  _SlDrvDataReadOp                      
20015e81  _SlDrvDataWriteOp                     
2001b081  _SlDrvDeviceEventHandler              
20019af9  _SlDrvDriverCBDeinit                  
20018ce9  _SlDrvDriverCBInit                    
2001ac79  _SlDrvFlowContDeinit                  
2001aca5  _SlDrvFlowContInit                    
20010165  _SlDrvMsgRead                         
20017c11  _SlDrvMsgReadCmdCtx                   
2001857d  _SlDrvMsgReadSpawnCtx                 
200160d9  _SlDrvMsgWrite                        
20017cc5  _SlDrvNetAppEventHandler              
2001b139  _SlDrvObjDeInit                       
2001a635  _SlDrvObjInit                         
20016c59  _SlDrvReleasePoolObj                  
200155f5  _SlDrvRxHdrRead                       
2001a47d  _SlDrvRxIrqHandler                    
2001b3d3  _SlDrvShiftDWord                      
200161f9  _SlDrvWaitForPoolObj                  
2001c414  _SlEventMaskGetCmdCtrl                
2001c410  _SlEventMaskSetCmdCtrl                
200181f9  _SlFindAndSetActiveObj                
2001c0b4  _SlFsCloseCmdCtrl                     
2001c0c4  _SlFsDeleteCmdCtrl                    
2001c0c0  _SlFsGetInfoCmdCtrl                   
2001c0b0  _SlFsOpenCmdCtrl                      
2001c0b8  _SlFsReadCmdCtrl                      
2001c0bc  _SlFsWriteCmdCtrl                     
2001c2cc  _SlGetHostByNameCtrl                  
2001c2c8  _SlGetHostByServiceCtrl               
2001c2c0  _SlGetServiceListeCtrl                
2001c180  _SlGetSockOptCmdCtrl                  
2001c170  _SlListenCmdCtrl                      
2001c2d8  _SlNetAppGetCmdCtrl                   
2001c2d4  _SlNetAppSendTokenValueCmdCtrl        
2001c2d0  _SlNetAppSetCmdCtrl                   
2001c2b8  _SlNetAppStartCtrl                    
2001c2bc  _SlNetAppStopCtrl                     
2001c430  _SlNetCfgGetCmdCtrl                   
2001c42c  _SlNetCfgSetCmdCtrl                   
2001b928  _SlPolicyGetCmdCtrl                   
2001b924  _SlPolicySetCmdCtrl                   
2001b930  _SlProfileDelCmdCtrl                  
2001b92c  _SlProfileGetCmdCtrl                  
2001c178  _SlRecvCmdCtrl                        
2001c168  _SlRecvfomCmdCtrl                     
2001c2c4  _SlRegisterServiceCtrl                
2001a1c5  _SlRemoveFromList                     
2001b938  _SlRxFilterAddtCmdCtrl                
2001b940  _SlRxFilterGetCmdCtrl                 
2001b93c  _SlRxFilterSetCmdCtrl                 
2001c184  _SlSelectCmdCtrl                      
2001c16c  _SlSendCmdCtrl                        
2001c17c  _SlSetSockOptCmdCtrl                  
2001b944  _SlSmartConfigStartCmdCtrl            
2001c164  _SlSockCloseCmdCtrl                   
2001c160  _SlSockSocketCmdCtrl                  
2001c40c  _SlStopCmdCtrl                        
2001b950  _SlWlanCfgGetCmdCtrl                  
2001b94c  _SlWlanCfgSetCmdCtrl                  
2001b934  _SlWlanGetNetworkListCtrl             
2001b948  _SlWlanSetModeCmdCtrl                 
20001210  _Snan                                 
20001568  _Tls_setup__Fenv                      
20001230  _Xbig                                 
20001238  _Zero                                 
20033770  __CIOBUF_                             
20004000  __STACK_END                           
00001000  __STACK_SIZE                          
00004000  __SYSMEM_SIZE                         
2001d018  __TI_CINIT_Base                       
2001d028  __TI_CINIT_Limit                      
2001d004  __TI_Handler_Table_Base               
2001d010  __TI_Handler_Table_Limit              
200193e9  __TI_auto_init                        
20013769  __TI_cleanup                          
2000155c  __TI_cleanup_ptr                      
20018291  __TI_closefile                        
2001b543  __TI_decompress_none                  
2001b5c1  __TI_decompress_rle24                 
200176c5  __TI_doflush                          
20001560  __TI_dtors_ptr                        
20001524  __TI_ft_end                           
200090b1  __TI_printfi                          
20017e8b  __TI_rd_ok                            
20019697  __TI_readmsg                          
2001c438  __TI_static_base__                    
20033b04  __TI_tmpnams                          
20019665  __TI_writemsg                         
20017e29  __TI_wrt_ok                           
2001b56d  __TI_zero_init                        
2001b5d9  __abort_execution                     
200189d5  __aeabi_cdcmpeq                       
200189d5  __aeabi_cdcmple                       
20018a5b  __aeabi_cdrcmple                      
20019929  __aeabi_cfcmpeq                       
20019929  __aeabi_cfcmple                       
20019989  __aeabi_cfrcmple                      
2001a0a3  __aeabi_d2f                           
2001a20d  __aeabi_d2iz                          
2001a3b5  __aeabi_d2uiz                         
20013be3  __aeabi_dadd                          
200159b1  __aeabi_ddiv                          
20016a61  __aeabi_dmul                          
20013bd9  __aeabi_dsub                          
2001a795  __aeabi_f2d                           
2001a7cd  __aeabi_f2iz                          
2001a9b1  __aeabi_f2uiz                         
20019da9  __aeabi_f2ulz                         
20016b61  __aeabi_fadd                          
200184e9  __aeabi_fdiv                          
20018e5d  __aeabi_fmul                          
20016b5d  __aeabi_fsub                          
2001ab6d  __aeabi_i2d                           
2001a805  __aeabi_i2f                           
20018ed7  __aeabi_memclr                        
20018ed7  __aeabi_memclr4                       
20018ed7  __aeabi_memclr8                       
200180c5  __aeabi_memcpy                        
200180c5  __aeabi_memcpy4                       
200180c5  __aeabi_memcpy8                       
20018ed9  __aeabi_memset                        
20018ed9  __aeabi_memset4                       
20018ed9  __aeabi_memset8                       
20001530  __aeabi_stderr                        
20001528  __aeabi_stdin                         
2000152c  __aeabi_stdout                        
2001b0c1  __aeabi_ui2d                          
200132dd  __aeabi_uldivmod                      
ffffffff  __binit__                             
ffffffff  __c_args__                            
20003000  __stack                               
20012665  __vla_alloc                           
2001255d  __vla_dealloc                         
200125e5  __vla_dealloc_eh                      
2001b309  _args_main                            
2001a671  _c_int00                              
2001b71c  _ctypes_                              
20000f50  _ftable                               
20001554  _lock                                 
2001b463  _nop                                  
2001b45b  _register_lock                        
2001b455  _register_unlock                      
2001acd1  _sl_BuildAddress                      
20019595  _sl_GetCreateFsMode                   
2001a059  _sl_GetStartResponseConvert           
20019735  _sl_HandleAsync_Accept                
200195fd  _sl_HandleAsync_Connect               
20019045  _sl_HandleAsync_DnsGetHostByName      
20019799  _sl_HandleAsync_DnsGetHostByService   
20019225  _sl_HandleAsync_InitComplete          
200190bd  _sl_HandleAsync_PingResponse          
20019b51  _sl_HandleAsync_Select                
20019d01  _sl_HandleAsync_Stop                  
2001b3e9  _sl_Strlen                            
2001937d  _sl_TruncatePayloadByProtocol         
20033dd0  _sys_memory                           
2001b5dd  _system_pre_init                      
20001558  _unlock                               
2001a375  abort                                 
20017a99  acosf                                 
2001551f  addHttpRequestHeader                  
20015545  addHttpRequestHeaderInt               
200154a5  addHttpRequestLine                    
20011c19  add_device                            
20033d38  ang_buf                               
20033d84  angle_avg                             
20033d88  angle_reading_del1                    
20033d8c  angle_reading_del2                    
20033d90  angle_reading_del3                    
20033d94  angle_reading_del4                    
2001533d  atan2l                                
20019e45  atoi                                  
20033dc0  avg_buffer_cnt                        
200154e3  beginHttpGetRequest                   
200154d7  beginHttpRequest                      
ffffffff  binit                                 
2000dad9  buildRequestHeaders                   
200108fd  calloc                                
20012ed5  check_doorpos                         
2000d705  clearAccelMotionIntrpt                
20032fc8  clientStateFileName                   
20011bc9  close                                 
2000151c  cnt                                   
20033dc1  cnt_prakz2                            
2000d1ad  configureFXOS8700                     
20016315  configureISL29035                     
20013517  configureTempRHSensor                 
20019e91  copy_in                               
2000af71  createAndWrite_ImageHeaderFile        
2000f081  createInstallation                    
2000e54d  createNewInstallationId               
2000b0bf  create_JpegImageFile                  
20033d98  dataBuffer                            
20001520  dataBufferSize                        
20018c69  debugPrint                            
20018c83  debugPrintf                           
2000cc43  disableAE                             
2000cbb9  disableAWB                            
20007349  eTaskGetState                         
2000bf9d  eigencompute                          
2000cc01  enableAE                              
2000cb75  enableAWB                             
20013d91  ensureCertificateFile                 
2001a37d  exit                                  
20004697  f3DOFMagnetometerMatrixAndroid        
20004633  f3DOFMagnetometerMatrixNED            
20004697  f3DOFMagnetometerMatrixWin8           
20004401  f3DOFTiltAndroid                      
20004401  f3DOFTiltNED                          
20004509  f3DOFTiltWin8                         
2000bd63  f3x3matrixAeqAxScalar                 
2000bce5  f3x3matrixAeqI                        
2000bdc1  f3x3matrixAeqInvSymB                  
2000bd97  f3x3matrixAeqMinusA                   
2000bd3f  f3x3matrixAeqScalar                   
2000bf07  f3x3matrixDetA                        
20004f85  fAndroidAnglesDegFromRotationMatrix   
20005d89  fInitMagCalibration                   
20014eed  fInit_6DOF_GB_BASIC                   
2000616d  fInvertMagCal                         
200057b9  fLPFOrientationQuaternion             
200058f1  fLPFScalar                            
20004ee1  fNEDAnglesDegFromRotationMatrix       
200052c5  fQuaternionFromRotationMatrix         
20005165  fQuaternionFromRotationVectorDeg      
20005411  fRotationMatrixFromQuaternion         
20005713  fRotationVectorDegFromQuaternion      
2000553d  fRotationVectorDegFromRotationMatrix  
20014f41  fRun_6DOF_GB_BASIC                    
20006ac1  fUpdateCalibration10EIG               
20006295  fUpdateCalibration4INV                
20006715  fUpdateCalibration7EIG                
20005029  fWin8AnglesDegFromRotationMatrix      
20012ac5  facos_deg                             
20012a85  fasin_deg                             
20012bd3  fatan2_deg                            
20012c4f  fatan_15deg                           
20012b43  fatan_deg                             
200182f7  fclose                                
200049a5  feCompassAndroid                      
20004705  feCompassNED                          
20004c41  feCompassWin8                         
2001a97d  feraiseexcept                         
2000e4e7  fetchDeviceOSVersion                  
20017711  fflush                                
2001161b  findSecondJson                        
20000dc9  flag                                  
2000bd11  fmatrixAeqI                           
2000c38d  fmatrixAeqInvA                        
2000c56f  fmatrixAeqRenormRotA                  
20015875  fmodf                                 
200137bf  fopen                                 
2001945d  fprintf                               
20018329  fputc                                 
20015c1d  fputs                                 
20005d6f  fqAeq1                                
20005cab  fqAeqNormqA                           
2001064b  free                                  
20013795  freopen                               
2001afdb  frexp                                 
200197fd  fseek                                 
2001178d  fxos_calibrate                        
200117e5  fxos_get_initialYaw                   
200116a9  fxos_main                             
20011707  fxos_main_waitfor40degrees            
20011845  fxos_waitFor40Degrees                 
20000dd0  gFirstCmdMode                         
2001bf28  g_H2NCnysPattern                      
2001bf20  g_H2NSyncPattern                      
20033400  g_NetEntries                          
20033d68  g_SecParams                           
20001318  g_SpiFd                               
20000dd8  g_StatMem                             
20033d9c  g_block_lastFilled                    
20001328  g_cDummy                              
20033c5c  g_cWlanSSID                           
20033bf4  g_cWlanSecurityKey                    
20033da0  g_cWlanSecurityType                   
2001c3b4  g_deviceClientVersion                 
20033dc3  g_flag_DataBlockFilled                
20033cc0  g_flag_blockFull                      
20033dc4  g_flag_door_closing_45degree          
20033dc5  g_frame_end                           
20033da4  g_frame_size_in_bytes                 
20000600  g_header                              
20033da8  g_header_length                       
2001e000  g_image_buffer                        
200014f4  g_osVersion                           
20000dd4  g_pCB                                 
2000131c  g_pHostIntHdl                         
20004000  g_pfnVectors                          
20033dac  g_position_in_block                   
20033db0  g_readHeader                          
2000143c  g_token_get                           
200014f1  g_ucConnectedToConfAP                 
20033d74  g_ucConnectionBSSID                   
20033c80  g_ucConnectionSSID                    
20001320  g_ucDMAEnabled                        
2000132c  g_ucDinDout                           
200014f3  g_ucPriority                          
200014f0  g_ucProfileAdded                      
200014f2  g_ucProvisioningDone                  
200014ec  g_uiSimplelinkRole                    
200014e8  g_ulGatewayIP                         
20001550  g_ulPingPacketsRecv                   
200014e4  g_ulStatus                            
2000d571  getAccelerationMagnitude              
2000d433  getDoorDirection                      
2001557d  getHttpResponseBody                   
20015553  getHttpResponseStatus                 
2000f0cf  getInstallation                       
20016901  getInternalClient                     
20016383  getLightsensor_data                   
200163af  getLightsensor_intrptStatus           
2000d4ed  getMagnFlux_3axis                     
2001164d  getPushJson                           
20013543  getTempRH                             
20033890  gfpAppCallbackHndl                    
20033d48  globals                               
20033000  gpCtlTbl                              
2000dd11  headerSend                            
2001653d  i2cReadRegisters                      
200165eb  i2cReadRegistersTwoBytes              
2001657f  i2cWriteRegisters                     
20033dc6  iDone                                 
20005e59  iUpdateMagnetometerBuffer             
2000990d  initNetwork                           
200170f1  intToASCII                            
20011633  isCompleteJson                        
2000e487  isPingTime                            
20033dc7  isitfirsttime                         
2001a2e5  ldexp                                 
200127f5  loadClientState                       
2001b5c7  log                                   
2001b5cd  logf                                  
20011ba5  lseek                                 
20019c01  ltoa                                  
20012db1  main                                  
20001588  main_func_sp                          
200105e3  malloc                                
200100d5  mem_Free                              
200100c9  mem_Malloc                            
200100f5  mem_copy                              
200100e1  mem_set                               
20010819  memalign                              
2001b155  memccpy                               
2001b0a1  memchr                                
2001affd  memcmp                                
200180c5  memcpy                                
2001ae7d  memmove                               
20018edf  memset                                
20010555  minit                                 
20033d58  mqxglobals                            
20011af7  open                                  
20033dc8  open1_close0_invalid2                 
2001014b  osi_ContextRestore                    
20010149  osi_ContextSave                       
20010109  osi_EnterCritical                     
20010113  osi_ExitCritical                      
2000fd2f  osi_InterruptDeRegister               
2000fd09  osi_InterruptRegister                 
2000fe39  osi_LockObjCreate                     
2000fead  osi_LockObjDelete                     
2000febd  osi_LockObjLock                       
2000fee9  osi_LockObjUnlock                     
2000fffd  osi_MsgQCreate                        
20010041  osi_MsgQDelete                        
2001008d  osi_MsgQRead                          
2001005b  osi_MsgQWrite                         
20010125  osi_Sleep                             
2000ff13  osi_Spawn                             
2000fe17  osi_SyncObjClear                      
2000fd41  osi_SyncObjCreate                     
2000fd71  osi_SyncObjDelete                     
2000fd8b  osi_SyncObjSignal                     
2000fdb3  osi_SyncObjSignalFromISR              
2000fdeb  osi_SyncObjWait                       
2000fe5f  osi_TaskCreate                        
2000fe9f  osi_TaskDelete                        
20010135  osi_TaskDisable                       
2001013f  osi_TaskEnable                        
2001011d  osi_start                             
20000dcc  pPingCallBackFunc                     
2000e293  parseGetErrorCode                     
2000f1d1  parseGetInstallationId                
20016865  parseInitialize                       
2000e25f  parseSendRequest                      
2000e1e9  parseSendRequestInternal              
2000f155  parseSetInstallationId                
2000de59  payloadSend                           
2001c420  pcDigits                              
2000786d  pcTaskGetTaskName                     
20017c09  portCLZ                               
2000f889  pow                                   
20010cad  powf                                  
20017bf1  prvPortStartFirstTask                 
20018329  putc                                  
200183ad  putchar                               
20015d29  puts                                  
2001a75d  pvPortMalloc                          
20001478  pxCurrentTCB                          
2001642d  pxPortInitialiseStack                 
20005a45  qAeqAxB                               
20005921  qAeqBxC                               
20005b79  qconjgAxB                             
2001ab9b  raise                                 
20019ef3  rand                                  
20011ad3  read                                  
2001070d  realloc                               
20011a49  remove                                
20011aab  remove_device                         
20011a6d  rename                                
20012021  retreiveImageIDfromHTTPResponse       
2001289d  saveClientState                       
2000e0cd  sendRequest                           
200169ed  sensorsTriggerSetup                   
2000dac9  setDataBufferPointer                  
2000d3f1  setMotionDetectionThreshold           
20016343  setThreshold_lightsensor              
200171cd  setvbuf                               
2001a4bd  signal                                
20011391  simpleJsonProcessor                   
2001b5d3  sinf                                  
2001aea1  sl_Close                              
20016f21  sl_Connect                            
20018d65  sl_DevGet                             
20019f29  sl_DevSet                             
20018de1  sl_FsClose                            
2001a255  sl_FsDel                              
2001930d  sl_FsGetInfo                          
[...]
200164ed  xPortSysTickHandler                   
20016509  vPortSetupTimerInterrupt              
2001653d  i2cReadRegisters                      
2001657f  i2cWriteRegisters                     
200165eb  i2cReadRegistersTwoBytes              
2001664d  _Dscale                               
2001675d  sl_Select                             
20016865  parseInitialize                       
20016901  getInternalClient                     
20016965  HIBernate                             
200169ed  sensorsTriggerSetup                   
20016a61  __aeabi_dmul                          
20016b5d  __aeabi_fsub                          
20016b61  __aeabi_fadd                          
20016c59  _SlDrvReleasePoolObj                  
20016d49  uDMAChannelTransferSet                
20016e39  PinMuxConfig                          
20016f21  sl_Connect                            
20017009  spi_Write                             
200170f1  intToASCII                            
2001713b  LED_Blink                             
20017197  LED_On                                
200171a1  LED_Off                               
200171cd  setvbuf                               
200172a9  sl_NetAppDnsGetHostByName             
20017385  _FAtan                                
2001745d  _FDscale                              
2001752d  sqrtf                                 
200175f9  spi_Read                              
200176c5  __TI_doflush                          
20017711  fflush                                
2001778d  sl_Start                              
20017855  sl_Stop                               
20017919  _Dint                                 
200179d9  _Dnorm                                
20017a99  acosf                                 
20017b59  ulPortSetInterruptMask                
20017b6f  vPortClearInterruptMask               
20017b7d  xPortPendSVHandler                    
20017bc9  vPortSVCHandler                       
20017bf1  prvPortStartFirstTask                 
20017c09  portCLZ                               
20017c11  _SlDrvMsgReadCmdCtx                   
20017cc5  _SlDrvNetAppEventHandler              
20017d79  sl_Send                               
20017e29  __TI_wrt_ok                           
20017e8b  __TI_rd_ok                            
20017ed5  IntDisable                            
20017f7d  IntEnable                             
20018025  SPIConfigSetExpClk                    
200180c5  __aeabi_memcpy                        
200180c5  __aeabi_memcpy4                       
200180c5  __aeabi_memcpy8                       
200180c5  memcpy                                
20018161  _SlDrvClassifyRxMsg                   
200181f9  _SlFindAndSetActiveObj                
20018291  __TI_closefile                        
200182f7  fclose                                
20018329  fputc                                 
20018329  putc                                  
200183ad  putchar                               
200183c1  PRCMPeripheralClockGet                
20018455  snprintf                              
200184e9  __aeabi_fdiv                          
2001857d  _SlDrvMsgReadSpawnCtx                 
2001860d  _FDint                                
20018699  sl_FsRead                             
20018725  sl_FsWrite                            
200187b1  sl_NetAppMDNSRegisterUnregisterService
2001883d  PRCMHibernateIntervalSet              
200188c5  PinConfigSet                          
2001894d  vsnprintf                             
200189d5  __aeabi_cdcmpeq                       
200189d5  __aeabi_cdcmple                       
20018a5b  __aeabi_cdrcmple                      
20018ae1  I2CMasterInitExpClk                   
20018b65  _SlDrvCmdOp                           
20018be9  NwpPowerOnPreamble                    
20018c69  debugPrint                            
20018c83  debugPrintf                           
20018ce9  _SlDrvDriverCBInit                    
20018d65  sl_DevGet                             
20018de1  sl_FsClose                            
20018e5d  __aeabi_fmul                          
20018ed7  __aeabi_memclr                        
20018ed7  __aeabi_memclr4                       
20018ed7  __aeabi_memclr8                       
20018ed9  __aeabi_memset                        
20018ed9  __aeabi_memset4                       
20018ed9  __aeabi_memset8                       
20018edf  memset                                
20018f51  _FDnorm                               
20019045  _sl_HandleAsync_DnsGetHostByName      
200190bd  _sl_HandleAsync_PingResponse          
20019135  sl_WlanGet                            
200191ad  UARTConfigSetExpClk                   
20019225  _sl_HandleAsync_InitComplete          
20019299  spi_Close                             
2001930d  sl_FsGetInfo                          
2001937d  _sl_TruncatePayloadByProtocol         
200193e9  __TI_auto_init                        
2001945d  fprintf                               
2001952d  PRCMHibernateWakeUpGPIOSelect         
20019595  _sl_GetCreateFsMode                   
200195fd  _sl_HandleAsync_Connect               
20019665  __TI_writemsg                         
20019693  C$$IO$$                               
20019697  __TI_readmsg                          
200196cd  _Dunscale                             
20019735  _sl_HandleAsync_Accept                
20019799  _sl_HandleAsync_DnsGetHostByService   
200197fd  fseek                                 
20019861  uDMAChannelAttributeDisable           
200198c5  uDMAChannelAttributeEnable            
20019929  __aeabi_cfcmpeq                       
20019929  __aeabi_cfcmple                       
20019989  __aeabi_cfrcmple                      
200199e9  sprintf                               
20019a49  IntPendClear                          
20019aa1  PRCMPeripheralReset                   
20019af9  _SlDrvDriverCBDeinit                  
20019b51  _sl_HandleAsync_Select                
20019ba9  sl_NetAppSendTokenValue               
20019c01  ltoa                                  
20019c57  _FDunscale                            
20019cad  IntPrioritySet                        
20019d01  _sl_HandleAsync_Stop                  
20019d55  sl_FsOpen                             
20019da9  __aeabi_f2ulz                         
20019df9  SPIIntEnable                          
20019e45  atoi                                  
20019e91  copy_in                               
20019edd  srand                                 
20019ef3  rand                                  
20019f29  sl_DevSet                             
20019f75  sl_SetSockOpt                         
20019fc1  sl_WlanSet                            
2001a00d  uDMAChannelAssign                     
2001a059  _sl_GetStartResponseConvert           
2001a0a3  __aeabi_d2f                           
2001a0ed  PRCMHibernateWakeupSourceDisable      
2001a135  PRCMHibernateWakeupSourceEnable       
2001a17d  SPIIntClear                           
2001a1c5  _SlRemoveFromList                     
2001a20d  __aeabi_d2iz                          
2001a255  sl_FsDel                              
2001a29d  sl_NetCfgSet                          
2001a2e5  ldexp                                 
2001a371  C$$EXIT                               
2001a375  abort                                 
2001a37d  exit                                  
2001a3b5  __aeabi_d2uiz                         
2001a3f9  sl_Recv                               
2001a43d  PinModeSet                            
2001a47d  _SlDrvRxIrqHandler                    
2001a4bd  signal                                
2001a4fd  sl_WlanPolicySet                      
2001a53d  sl_WlanRxFilterSet                    
2001a57d  strncasecmp                           
2001a5bd  NwpPowerOff                           
2001a5f9  PRCMPeripheralClkEnable               
2001a635  _SlDrvObjInit                         
2001a671  _c_int00                              
2001a6ad  uDMAChannelControlSet                 
2001a6e9  CameraCaptureStop                     
2001a723  CameraXClkConfig                      
2001a75d  pvPortMalloc                          
2001a77d  vPortFree                             
2001a795  __aeabi_f2d                           
2001a7cd  __aeabi_f2iz                          
2001a805  __aeabi_i2f                           
2001a83d  sl_Htonl                              
2001a875  GPIODirModeSet                        
2001a8ab  CameraParamsConfig                    
2001a8e1  PRCMPeripheralStatusGet               
2001a915  SPIFIFOLevelSet                       
2001a949  _SlDrvBasicCmd                        
2001a97d  feraiseexcept                         
2001a9b1  __aeabi_f2uiz                         
2001a9e5  strstr                                
2001aa19  sl_Htons                              
2001aa4d  NwpPowerOn                            
2001aa7d  PinTypeGPIO                           
2001aaad  UARTDisable                           
2001aadd  strncpy                               
2001ab0d  _Feraise                              
2001ab3d  sl_Socket                             
2001ab6d  __aeabi_i2d                           
2001ab9b  raise                                 
2001abc9  CameraIntEnable                       
2001abf5  DmaSpiSwIntHandler                    
2001ac21  I2CMasterErr                          
2001ac4d  PRCMSysResetCauseGet                  
2001ac79  _SlDrvFlowContDeinit                  
2001aca5  _SlDrvFlowContInit                    
2001acd1  _sl_BuildAddress                      
2001acfb  _Dclass                               
2001ad25  CameraIntStatus                       
2001ad4d  PRCMPeripheralClkDisable              
2001ad75  strncat                               
2001ad9d  sl_WlanSetMode                        
2001adc5  CameraThresholdSet                    
2001adeb  strncmp                               
2001ae11  CameraIntClear                        
2001ae35  IntUnregister                         
2001ae59  UARTEnable                            
2001ae7d  memmove                               
2001aea1  sl_Close                              
2001aea1  socketClose                           
2001aec5  sl_NetAppStart                        
2001aee9  sl_NetAppStop                         
2001af0d  sl_WlanProfileDel                     
2001af31  CameraCaptureStart                    
2001af53  I2CMasterSlaveAddrSet                 
2001af75  NwpRegisterInterruptHandler           
2001af97  SPIReset                              
2001afb9  SPIWordCountSet                       
2001afdb  frexp                                 
2001affd  memcmp                                
2001b01f  GPIOPinWrite                          
2001b041  IntRegister                           
2001b061  _SlDrvCmdSend                         
2001b081  _SlDrvDeviceEventHandler              
2001b0a1  memchr                                
2001b0c1  __aeabi_ui2d                          
2001b0e1  I2CMasterIntStatusEx                  
2001b0ff  UARTCharPut                           
2001b11d  PinTypeI2C                            
2001b139  _SlDrvObjDeInit                       
2001b155  memccpy                               
2001b171  UDMAStopTransfer                      
2001b171  uDMAChannelDisable                    
2001b18d  uDMAChannelEnable                     
2001b1a9  CopyPingResultsToReport               
2001b1c3  PinTypeCamera                         
2001b1dd  PinTypeUART                           
2001b1f7  SPIDmaDisable                         
2001b211  SPIDmaEnable                          
2001b22b  SPIFIFODisable                        
2001b245  SPIFIFOEnable                         
2001b25f  CameraReset                           
2001b277  GPIOPinRead                           
2001b291  PRCMHibernateEnter                    
2001b2a9  SPICSDisable                          
2001b2c1  SPICSEnable                           
2001b2d9  SPIDisable                            
2001b2f1  SPIEnable                             
2001b309  _args_main                            
2001b321  strcmp                                
2001b339  CameraDMAEnable                       
2001b34f  CameraIntRegister                     
2001b365  I2CMasterDataPut                      
2001b37b  I2CMasterEnable                       
2001b391  PRCMHIBRegRead                        
2001b3a7  PRCMHIBRegWrite                       
2001b3bd  UARTCharGet                           
2001b3d3  _SlDrvShiftDWord                      
2001b3e9  _sl_Strlen                            
2001b3ff  strchr                                
2001b415  uDMAIntRegister                       
2001b42b  CPUcpsie                              
2001b441  IntVTableBaseSet                      
2001b455  _register_unlock                      
2001b45b  _register_lock                        
2001b463  _nop                                  
2001b469  strcpy                                
2001b47d  strlen                                
2001b491  uDMAControlBaseSet                    
2001b4a5  uDMAIntClear                          
2001b4b9  I2CMasterControl                      
2001b4cb  I2CMasterIntClearEx                   
2001b4dd  I2CMasterTimeoutSet                   
2001b4ef  sl_NetAppMDNSUnRegisterService        
2001b501  uDMAIntUnregister                     
2001b515  NwpMaskInterrupt                      
2001b525  SL_FD_SET                             
2001b535  I2CMasterDataGet                      
2001b543  __TI_decompress_none                  
2001b551  ResetISR                              
2001b561  NwpUnMaskInterrupt                    
2001b56d  __TI_zero_init                        
2001b579  uDMADisable                           
2001b585  uDMAEnable                            
2001b591  uDMAIntStatus                         
2001b59d  IntMasterEnable                       
2001b5a7  sl_WlanDisconnect                     
2001b5af  MT9D111Delay                          
2001b5b5  SL_FD_ZERO                            
2001b5bb  UtilsDelay                            
2001b5c1  __TI_decompress_rle24                 
2001b5c7  log                                   
2001b5cd  logf                                  
2001b5d3  sinf                                  
2001b5d9  __abort_execution                     
2001b5dd  _system_pre_init                      
2001b71c  _ctypes_                              
2001b924  _SlPolicySetCmdCtrl                   
2001b928  _SlPolicyGetCmdCtrl                   
2001b92c  _SlProfileGetCmdCtrl                  
2001b930  _SlProfileDelCmdCtrl                  
2001b934  _SlWlanGetNetworkListCtrl             
2001b938  _SlRxFilterAddtCmdCtrl                
2001b93c  _SlRxFilterSetCmdCtrl                 
2001b940  _SlRxFilterGetCmdCtrl                 
2001b944  _SlSmartConfigStartCmdCtrl            
2001b948  _SlWlanSetModeCmdCtrl                 
2001b94c  _SlWlanCfgSetCmdCtrl                  
2001b950  _SlWlanCfgGetCmdCtrl                  
2001bf20  g_H2NSyncPattern                      
2001bf28  g_H2NCnysPattern                      
2001bf30  _SlActionLookupTable                  
2001c0b0  _SlFsOpenCmdCtrl                      
2001c0b4  _SlFsCloseCmdCtrl                     
2001c0b8  _SlFsReadCmdCtrl                      
2001c0bc  _SlFsWriteCmdCtrl                     
2001c0c0  _SlFsGetInfoCmdCtrl                   
2001c0c4  _SlFsDeleteCmdCtrl                    
2001c160  _SlSockSocketCmdCtrl                  
2001c164  _SlSockCloseCmdCtrl                   
2001c168  _SlRecvfomCmdCtrl                     
2001c16c  _SlSendCmdCtrl                        
2001c170  _SlListenCmdCtrl                      
2001c174  _SlAcceptCmdCtrl                      
2001c178  _SlRecvCmdCtrl                        
2001c17c  _SlSetSockOptCmdCtrl                  
2001c180  _SlGetSockOptCmdCtrl                  
2001c184  _SlSelectCmdCtrl                      
2001c2b8  _SlNetAppStartCtrl                    
2001c2bc  _SlNetAppStopCtrl                     
2001c2c0  _SlGetServiceListeCtrl                
2001c2c4  _SlRegisterServiceCtrl                
2001c2c8  _SlGetHostByServiceCtrl               
2001c2cc  _SlGetHostByNameCtrl                  
2001c2d0  _SlNetAppSetCmdCtrl                   
2001c2d4  _SlNetAppSendTokenValueCmdCtrl        
2001c2d8  _SlNetAppGetCmdCtrl                   
2001c3b4  g_deviceClientVersion                 
2001c40c  _SlStopCmdCtrl                        
2001c410  _SlEventMaskSetCmdCtrl                
2001c414  _SlEventMaskGetCmdCtrl                
2001c418  _SlDeviceGetCmdCtrl                   
2001c41c  _SlDeviceSetCmdCtrl                   
2001c420  pcDigits                              
2001c42c  _SlNetCfgSetCmdCtrl                   
2001c430  _SlNetCfgGetCmdCtrl                   
2001c438  __TI_static_base__                    
2001d004  __TI_Handler_Table_Base               
2001d010  __TI_Handler_Table_Limit              
2001d018  __TI_CINIT_Base                       
2001d028  __TI_CINIT_Limit                      
2001e000  g_image_buffer                        
20032000  thisMagBuffer                         
20032b58  thisMagCal                            
20032f70  thisMag                               
20032fc8  clientStateFileName                   
20033000  gpCtlTbl                              
20033400  g_NetEntries                          
20033770  __CIOBUF_                             
20033890  gfpAppCallbackHndl                    
20033a58  thisSV_6DOF_GB_BASIC                  
20033b04  __TI_tmpnams                          
20033ba4  xQueueRegistry                        
20033bf4  g_cWlanSecurityKey                    
20033c28  thisAccel                             
20033c5c  g_cWlanSSID                           
20033c80  g_ucConnectionSSID                    
20033cc0  g_flag_blockFull                      
20033d38  ang_buf                               
20033d48  globals                               
20033d58  mqxglobals                            
20033d68  g_SecParams                           
20033d74  g_ucConnectionBSSID                   
20033d84  angle_avg                             
20033d88  angle_reading_del1                    
20033d8c  angle_reading_del2                    
20033d90  angle_reading_del3                    
20033d94  angle_reading_del4                    
20033d98  dataBuffer                            
20033d9c  g_block_lastFilled                    
20033da0  g_cWlanSecurityType                   
20033da4  g_frame_size_in_bytes                 
20033da8  g_header_length                       
20033dac  g_position_in_block                   
20033db0  g_readHeader                          
20033dc0  avg_buffer_cnt                        
20033dc1  cnt_prakz2                            
20033dc3  g_flag_DataBlockFilled                
20033dc4  g_flag_door_closing_45degree          
20033dc5  g_frame_end                           
20033dc6  iDone                                 
20033dc7  isitfirsttime                         
20033dc8  open1_close0_invalid2                 
20033dc9  valid_case                            
20033dd0  _sys_memory                           
ffffffff  __binit__                             
ffffffff  __c_args__                            
ffffffff  binit                                 
UNDEFED   SHT$$INIT_ARRAY$$Base                 
UNDEFED   SHT$$INIT_ARRAY$$Limit                

[850 symbols]
