******************************************************************************
                  TI ARM Linker PC v5.2.2                      
******************************************************************************
>> Linked Wed Sep 09 21:07:43 2015

OUTPUT FILE NAME:   <ULP_SEC_CAM.out>
ENTRY POINT SYMBOL: "_c_int00"  address: 2002001d


MEMORY CONFIGURATION

         name            origin    length      used     unused   attr    fill
----------------------  --------  ---------  --------  --------  ----  --------
  SRAM_BOOTLDR          20000000   00004000  000029c8  00001638  RW X
  SRAM_CODE             20004000   0001fc00  0001f125  00000adb  RW X
  SRAM_DATA             20023c00   0001c400  0001c098  00000368  RW X


SEGMENT ALLOCATION MAP

run origin  load origin   length   init length attrs members
----------  ----------- ---------- ----------- ----- -------
20000000    20000000    000009c8   00000000    rw-
  20000000    20000000    000009c8   00000000    rw- .data
20002000    20002000    00002000   00000000    rw-
  20002000    20002000    00002000   00000000    rw- .stack
20004000    20004000    0001f128   0001f128    r-x
  20004000    20004000    00000400   00000400    r-- .intvecs
  20004400    20004400    0001d4d4   0001d4d4    r-x .text
  200218d4    200218d4    000012b9   000012b9    r-- .const
  20022b90    20022b90    00000598   00000598    r-- .cinit
20023c00    20023c00    0001c098   00000000    rw-
  20023c00    20023c00    00017098   00000000    rw- .bss
  2003ac98    2003ac98    00005000   00000000    rw- .sysmem


SECTION ALLOCATION MAP

 output                                  attributes/
section   page    origin      length       input sections
--------  ----  ----------  ----------   ----------------
.data      0    20000000    000009c8     UNINITIALIZED
                  20000000    000003c9     cc3200_certificate.obj (.data:DigiCertHighAssuranceEVRootCA_der)
                  200003c9    00000001     tasks.obj (.data)
                  200003ca    00000002     --HOLE--
                  200003cc    000000f0     rtsv7M4_T_le_eabi.lib : defs.obj (.data:_ftable)
                  200004bc    000000d0                           : lowlev.obj (.data)
                  2000058c    000000b0                           : signal.obj (.data:sigtable)
                  2000063c    00000004     cc3200_certificate.obj (.data)
                  20000640    00000080     rtsv7M4_T_le_eabi.lib : xvalues.obj (.data)
                  200006c0    00000068                           : xfvalues.obj (.data)
                  20000728    00000064     network_relater_fns.obj (.data:Token)
                  2000078c    00000064     network_relater_fns.obj (.data:Value)
                  200007f0    00000040     jpeg.obj (.data:JPEG_StdQuantTblC)
                  20000830    00000040     jpeg.obj (.data:JPEG_StdQuantTblY)
                  20000870    00000040     jpeg.obj (.data:zigzag)
                  200008b0    00000034     free_rtos.a : tasks.obj (.data)
                  200008e4    00000024     main.obj (.data)
                  20000908    00000018     cc3200_utils.obj (.data)
                  20000920    00000018     request.obj (.data)
                  20000938    00000010     rtsv7M4_T_le_eabi.lib : defs.obj (.data)
                  20000948    0000000c     camera_app.obj (.data)
                  20000954    0000000c     free_rtos.a : osi_freertos.obj (.data)
                  20000960    0000000c     rtsv7M4_T_le_eabi.lib : memory.obj (.data)
                  2000096c    00000009     simplelink.a : cc_pal.obj (.data)
                  20000975    00000003     --HOLE--
                  20000978    00000009                  : driver.obj (.data)
                  20000981    00000003     --HOLE--
                  20000984    00000008     rtsv7M4_T_le_eabi.lib : _lock.obj (.data)
                  2000098c    00000008                           : exit.obj (.data)
                  20000994    00000008                           : feraiseexcept.obj (.data)
                  2000099c    00000008     user_configure_fn.obj (.data)
                  200009a4    00000006     http.obj (.data)
                  200009aa    00000002     --HOLE--
                  200009ac    00000004     free_rtos.a : port.obj (.data)
                  200009b0    00000004     middleware.a : rtc_hal.obj (.data)
                  200009b4    00000004     ota.a : OtaHttp.obj (.data)
                  200009b8    00000004     rtsv7M4_T_le_eabi.lib : errno.obj (.data)
                  200009bc    00000004                           : fopen.obj (.data)
                  200009c0    00000004                           : rand.obj (.data)
                  200009c4    00000004                           : stkdepth_vars.obj (.data)

.TI.persistent 
*          0    20000000    00000000     UNINITIALIZED

.stack     0    20002000    00002000     UNINITIALIZED
                  20002000    00002000     --HOLE--

.intvecs   0    20004000    00000400     
                  20004000    00000400     startup_ccs.obj (.intvecs)

.text      0    20004400    0001d4d4     
                  20004400    00001258     free_rtos.a : tasks.obj (.text)
                  20005658    000010a6     rtsv7M4_T_le_eabi.lib : _printfi.obj (.text)
                  200066fe    00000002     startup_ccs.obj (.text:BusFaultHandler)
                  20006700    00000b24     free_rtos.a : queue.obj (.text)
                  20007224    00000a08     magnetic.obj (.text:fUpdateCalibration10EIG)
                  20007c2c    00000788     magnetic.obj (.text:fUpdateCalibration4INV)
                  200083b4    00000694     magnetic.obj (.text:fUpdateCalibration7EIG)
                  20008a48    00000688     matrix.obj (.text:eigencompute)
                  200090d0    00000610     ota.a : OtaHttp.obj (.text)
                  200096e0    000005ec     simplelink.a : driver.obj (.text:_SlDrvMsgRead)
                  20009ccc    000005b4     user_configure_fn.obj (.text:User_Configure)
                  2000a280    00000584     magnetic.obj (.text:iUpdateMagnetometerBuffer)
                  2000a804    00000580     network_relater_fns.obj (.text:SimpleLinkHttpServerCallback)
                  2000ad84    000004e0     application_fn.obj (.text:application_fn)
                  2000b264    000004be     cc3200_utils.obj (.text:createNewInstallationId)
                  2000b722    00000002     startup_ccs.obj (.text:FaultISR)
                  2000b724    0000048c     request.obj (.text:buildRequestHeaders)
                  2000bbb0    0000045c     network_relater_fns.obj (.text:GetSNTPTime)
                  2000c00c    0000045c     free_rtos.a : osi_freertos.obj (.text)
                  2000c468    00000450     parse_uploads.obj (.text:ConstructGroundDataObject)
                  2000c8b8    00000424     ota.a : OtaClient.obj (.text)
                  2000ccdc    0000040c           : OtaApp.obj (.text)
                  2000d0e8    000003dc     rtsv7M4_T_le_eabi.lib : memory.obj (.text)
                  2000d4c4    000003b8     matrix.obj (.text:fmatrixAeqInvA)
                  2000d87c    00000378     rtsv7M4_T_le_eabi.lib : powf.obj (.text)
                  2000dbf4    0000035c     ota.a : CdnClient.obj (.text)
                  2000df50    00000354     orientation.obj (.text:feCompassWin8)
                  2000e2a4    00000338     ota.a : LogClient.obj (.text)
                  2000e5dc    0000031c     user_configure_fn.obj (.text:Get_Calibration_MagSensor)
                  2000e8f8    0000030c     rtsv7M4_T_le_eabi.lib : lowlev.obj (.text)
                  2000ec04    000002d4     camera_app.obj (.text:CaptureImage)
                  2000eed8    000002d4     rtsv7M4_T_le_eabi.lib : trgdrv.obj (.text)
                  2000f1ac    000002b4     network_relater_fns.obj (.text:ConfigureSimpleLinkToDefaultState)
                  2000f460    00000298     mt9d111.obj (.text:RegLstWrite)
                  2000f6f8    00000298     user_configure_fn.obj (.text:WiFiProvisioning)
                  2000f990    00000298     rtsv7M4_T_le_eabi.lib : vla_alloc.obj (.text)
                  2000fc28    00000294     request.obj (.text:payloadSend)
                  2000febc    00000270     parse_uploads.obj (.text:ConstructUserConfigObject)
                  2001012c    00000270     lightSens_isl29035.obj (.text:configureISL29035)
                  2001039c    0000026e     simplejson.obj (.text:simpleJsonProcessor)
                  2001060a    00000002     driverlib.a : interrupt.obj (.text:IntDefaultHandler)
                  2001060c    00000268     main_FXOS8700.obj (.text:angleCheck_Initializations)
                  20010874    00000254     door_position_detection_algorithm.obj (.text:check_doorpos)
                  20010ac8    00000248     simplelink.a : driver.obj (.text:_SlDrvRxHdrRead)
                  20010d10    00000244                  : wlan.obj (.text:sl_WlanConnect)
                  20010f54    00000220     rtsv7M4_T_le_eabi.lib : ll_div_t2.obj (.text)
                  20011174    000001f4                           : ull_div_t2.obj (.text)
                  20011368    000001e4     main.obj (.text:main)
                  2001154c    000001d0     simplelink.a : driver.obj (.text:_SlDrvReleasePoolObj)
                  2001171c    000001cc                  : driver.obj (.text:_SlDrvMsgWrite)
                  200118e8    000001c4     rtsv7M4_T_le_eabi.lib : fopen.obj (.text)
                  20011aac    000001c0     tasks.obj (.text:RdSensData_Run)
                  20011c6c    000001c0     magnetic.obj (.text:fInvertMagCal)
                  20011e2c    000001bc     tasks.obj (.text:MagCal_Run)
                  20011fe8    000001bc     rtsv7M4_T_le_eabi.lib : xflog.obj (.text)
                  200121a4    000001b8     parse_uploads.obj (.text:ConstructDeviceStateObject)
                  2001235c    000001b6     rtsv7M4_T_le_eabi.lib : fd_add_t2.obj (.text)
                  20012512    00000002     startup_ccs.obj (.text:IntDefaultHandler)
                  20012514    000001b0     user_configure_fn.obj (.text:AccessPtMode_HTTPServer_Start)
                  200126c4    000001b0     camera_app.obj (.text:CameraIntHandler)
                  20012874    000001ac     request.obj (.text:sendRequest)
                  20012a20    000001a8     door_position_detection_algorithm.obj (.text:Calculate_TrueMinMaxAngles)
                  20012bc8    000001a4     orientation.obj (.text:fQuaternionFromRotationMatrix)
                  20012d6c    000001a4     network_relater_fns.obj (.text:initNetwork)
                  20012f10    000001a4     cc3200_socket.obj (.text:socketSslConnect)
                  200130b4    0000019c     rtsv7M4_T_le_eabi.lib : xfsin.obj (.text)
                  20013250    00000198     SendObject_ToParse.obj (.text:SendObject_ToParse)
                  200133e8    00000198     parse_uploads.obj (.text:UploadFirmwareVersionObjectToParse)
                  20013580    00000194     camera_app.obj (.text:CaptureandSavePreviewImage)
                  20013714    00000190     simplelink.a : driver.obj (.text:_SlDrvWaitForPoolObj)
                  200138a4    0000018c     Task_ImageCaptureConfigs.obj (.text:ImageSensor_CaptureConfigs_Task)
                  20013a30    00000188     matrix.obj (.text:f3x3matrixAeqInvSymB)
                  20013bb8    00000184     ota.obj (.text:OTA_Run)
                  20013d3c    00000184     flc.a : flc.obj (.text)
                  20013ec0    00000180     orientation.obj (.text:fWin8AnglesDegFromRotationMatrix)
                  20014040    0000017c     network_relater_fns.obj (.text:SimpleLinkWlanEventHandler)
                  200141bc    00000178     door_position_detection_algorithm.obj (.text:Calculate_DoorOpenThresholdAngle)
                  20014334    00000178     rtsv7M4_T_le_eabi.lib : tanf.obj (.text)
                  200144ac    00000178                           : xfexp.obj (.text)
                  20014624    00000174     simplelink.a : driver.obj (.text:_SlDrvDriverCBInit)
                  20014798    00000174     magnetic.obj (.text:fInitMagCalibration)
                  2001490c    00000170     simplelink.a : driver.obj (.text:_SlFindAndSetActiveObj)
                  20014a7c    00000170     tempRHSens_si7020.obj (.text:getTempRH)
                  20014bec    00000168     ota.obj (.text:OTAServerInfoSet)
                  20014d54    00000160     tasks.obj (.text:Fusion_Run)
                  20014eb4    00000158     drivers.obj (.text:FXOS8700_Init)
                  2001500c    00000158     orientation.obj (.text:qAeqAxB)
                  20015164    00000158     orientation.obj (.text:qconjgAxB)
                  200152bc    00000150     simplelink.a : cc_pal.obj (.text:spi_Open)
                  2001540c    00000148     mt9d111.obj (.text:RestartSensorInJpegMode)
                  20015554    00000144     i2c_app.obj (.text:i2cWriteRegisters)
                  20015698    00000140     network_relater_fns.obj (.text:WiFi_Connect)
                  200157d8    0000013c     rtsv7M4_T_le_eabi.lib : fmodf.obj (.text)
                  20015914    0000013c     simplelink.a : socket.obj (.text:sl_Select)
                  20015a50    00000138     i2cconfig.obj (.text:I2CBufferRead)
                  20015b88    00000138     mt9d111.obj (.text:Register_Read)
                  20015cc0    00000138     orientation.obj (.text:fLPFOrientationQuaternion)
                  20015df8    00000138     orientation.obj (.text:fRotationMatrixFromQuaternion)
                  20015f30    00000136     rtsv7M4_T_le_eabi.lib : fd_div_t2.obj (.text)
                  20016066    00000002     startup_ccs.obj (.text:NmiSR)
                  20016068    00000134     driverlib.a : prcm.obj (.text:PRCMCC3200MCUInit)
                  2001619c    00000134     rtsv7M4_T_le_eabi.lib : fputs.obj (.text)
                  200162d0    00000130     i2cconfig.obj (.text:I2CBufferWrite)
                  20016400    0000012a     free_rtos.a : list.obj (.text)
                  2001652a    00000002     main.obj (.text:vApplicationIdleHook)
                  2001652c    00000128     simplelink.a : driver.obj (.text:_SlDrvDataReadOp)
                  20016654    00000120     network_relater_fns.obj (.text:GetTimeNTP)
                  20016774    0000011c     mt9d111.obj (.text:SetInitialGain)
                  20016890    00000118     simplelink.a : socket.obj (.text:sl_SendTo)
                  200169a8    00000114     i2c_app.obj (.text:i2cReadRegistersTwoBytes)
                  20016abc    00000110     free_rtos.a : port.obj (.text)
                  20016bcc    00000110     i2c_app.obj (.text:i2cReadRegisters)
                  20016cdc    00000110     rtsv7M4_T_le_eabi.lib : xdscale.obj (.text)
                  20016dec    0000010c     hibernate_related_fns.obj (.text:HIBernate)
                  20016ef8    0000010c     flash_files.obj (.text:WriteFile_ToFlash)
                  20017004    0000010c     simplelink.a : socket.obj (.text:sl_RecvFrom)
                  20017110    0000010c     tempRHSens_si7020.obj (.text:verifyTempRHSensor)
                  2001721c    0000010a     drivers.obj (.text:FXOS8700_ReadData)
                  20017326    00000002     --HOLE-- [fill = 0]
                  20017328    00000108     parse_uploads.obj (.text:UploadSensorDataToParse)
                  20017430    00000108     middleware.a : rtc_hal.obj (.text:rtc_fast_domain_counter_rd)
                  20017538    00000108     simplelink.a : socket.obj (.text:sl_Connect)
                  20017640    00000108                  : socket.obj (.text:sl_Send)
                  20017748    00000104                  : driver.obj (.text:_SlDrvDataWriteOp)
                  2001784c    00000104                  : netapp.obj (.text:sl_NetAppDnsGetHostByName)
                  20017950    00000100     cc3200_client_state.obj (.text:loadClientState)
                  20017a50    000000fe     simplelink.a : netapp.obj (.text:_SlDrvNetAppEventHandler)
                  20017b4e    00000002     --HOLE-- [fill = 0]
                  20017b50    000000fc     Task_Main.obj (.text:Main_Task_withHibernate)
                  20017c4c    000000fc     pinmux.obj (.text:PinMuxConfig)
                  20017d48    000000fc     orientation.obj (.text:fqAeqNormqA)
                  20017e44    000000fc     rtsv7M4_T_le_eabi.lib : fd_mul_t2.obj (.text)
                  20017f40    000000fa                           : fs_add_t2.obj (.text)
                  2001803a    00000002     --HOLE-- [fill = 0]
                  2001803c    000000f8     cc3200_certificate.obj (.text:ensureCertificateFile)
                  20018134    000000f6     app_common.obj (.text:Get_FridgeCamID)
                  2001822a    000000f4     mt9d111.obj (.text:SetAnalogGain)
                  2001831e    000000f4     mt9d111.obj (.text:SetDigitalGain)
                  20018412    00000002     --HOLE-- [fill = 0]
                  20018414    000000f4     simplelink.a : driver.obj (.text:_SlDrvDriverCBDeinit)
                  20018508    000000f4     installation.obj (.text:getInstallation)
                  200185fc    000000f4     app_common.obj (.text:intToASCII)
                  200186f0    000000f4     simplelink.a : fs.obj (.text:sl_FsRead)
                  200187e4    000000f2     cc3200_socket.obj (.text:socketRead)
                  200188d6    00000002     --HOLE-- [fill = 0]
                  200188d8    000000f0     main.obj (.text:InitializeAppVariables)
                  200189c8    000000f0     driverlib.a : udma.obj (.text:uDMAChannelTransferSet)
                  20018ab8    000000f0     lightSens_isl29035.obj (.text:verifyISL29035)
                  20018ba8    000000ec     network_relater_fns.obj (.text:SimpleLinkNetAppEventHandler)
                  20018c94    000000ec     parse_uploads.obj (.text:UploadImageToParse)
                  20018d80    000000ec     orientation.obj (.text:fRotationVectorDegFromQuaternion)
                  20018e6c    000000ec     simplelink.a : fs.obj (.text:sl_FsWrite)
                  20018f58    000000ec     accelomtrMagntomtr_fxos8700.obj (.text:verifyAccelMagnSensor)
                  20019044    000000e8     door_position_detection_algorithm.obj (.text:Check_MinMax)
                  2001912c    000000e8     parse_uploads.obj (.text:UploadGroundDataObjectToParse)
                  20019214    000000e8     parse_uploads.obj (.text:UploadUserConfigObjectToParse)
                  200192fc    000000e4     appFns_BatteryLevelSense.obj (.text:Get_BatteryPercent)
                  200193e0    000000e4     fusion.obj (.text:fRun_6DOF_GB_BASIC)
                  200194c4    000000e0     flash_files.obj (.text:ReadFile_FromFlash)
                  200195a4    000000dc     camera_app.obj (.text:Start_CameraCapture)
                  20019680    000000dc     rtsv7M4_T_le_eabi.lib : setvbuf.obj (.text)
                  2001975c    000000dc     simplelink.a : cc_pal.obj (.text:spi_Read)
                  20019838    000000d8     user_configure_fn.obj (.text:CollectAngle)
                  20019910    000000d8     simplelink.a : driver.obj (.text:_SlDrvClassifyRxMsg)
                  200199e8    000000d8     rtsv7M4_T_le_eabi.lib : xfatan.obj (.text)
                  20019ac0    000000d4     camera_app.obj (.text:DMAConfig)
                  20019b94    000000d4     simplelink.a : device.obj (.text:sl_Stop)
                  20019c68    000000d0     Task_UserConfig.obj (.text:UserConfigure_Task)
                  20019d38    000000d0     rtsv7M4_T_le_eabi.lib : xfdscale.obj (.text)
                  20019e08    000000cc     tempRHSens_si7020.obj (.text:configureTempRHSensor)
                  20019ed4    000000cc     approximations.obj (.text:fatan_deg)
                  20019fa0    000000cc     rtsv7M4_T_le_eabi.lib : sqrtf.obj (.text)
                  2001a06c    000000c8     mt9d111.obj (.text:EnterStandby_mt9d111)
                  2001a134    000000c8     mt9d111.obj (.text:ReadGainReg)
                  2001a1fc    000000c8     simplelink.a : netapp.obj (.text:_sl_HandleAsync_DnsGetHostByService)
                  2001a2c4    000000c8     rtsv7M4_T_le_eabi.lib : fflush.obj (.text)
                  2001a38c    000000c4     mt9d111.obj (.text:ExitStandby_mt9d111)
                  2001a450    000000c4     simplelink.a : driver.obj (.text:_SlRemoveFromList)
                  2001a514    000000c0     i2c_if.obj (.text:I2C_IF_Read)
                  2001a5d4    000000c0     mt9d111.obj (.text:Read_AllRegisters)
                  2001a694    000000c0     network_relater_fns.obj (.text:SimpleLinkSockEventHandler)
                  2001a754    000000c0     user_configure_fn.obj (.text:WlanConnect)
                  2001a814    000000be     rtsv7M4_T_le_eabi.lib : xdnorm.obj (.text)
                  2001a8d2    00000002     --HOLE-- [fill = 0]
                  2001a8d4    000000bc     i2c_if.obj (.text:I2C_IF_Write)
                  2001a990    000000bc     camera_app.obj (.text:Standby_ImageSensor)
                  2001aa4c    000000bc     simplelink.a : driver.obj (.text:_SlDrvMsgReadCmdCtx)
                  2001ab08    000000bc     rtsv7M4_T_le_eabi.lib : acosf.obj (.text)
                  2001abc4    000000bc     simplelink.a : device.obj (.text:sl_Start)
                  2001ac80    000000ba     free_rtos.a : portasm.obj (.text)
                  2001ad3a    00000002     --HOLE-- [fill = 0]
                  2001ad3c    000000b8     simplelink.a : driver.obj (.text:_SlAsyncEventGenericHandler)
                  2001adf4    000000b8     installation.obj (.text:createInstallation)
                  2001aeac    000000b4     user_configure_fn.obj (.text:SaveImageConfig)
                  2001af60    000000b4     simplelink.a : netapp.obj (.text:sl_NetAppMDNSRegisterUnregisterService)
                  2001b014    000000ac     rtsv7M4_T_le_eabi.lib : _io_perm.obj (.text)
                  2001b0c0    000000ab     installation.obj (.text:getInstallationByIdCallback)
                  2001b16b    00000001     --HOLE-- [fill = 0]
                  2001b16c    000000aa     uartA1_if.obj (.text:Report)
                  2001b216    00000002     --HOLE-- [fill = 0]
                  2001b218    000000a8     driverlib.a : interrupt.obj (.text:IntDisable)
                  2001b2c0    000000a8                 : interrupt.obj (.text:IntEnable)
                  2001b368    000000a8     simplelink.a : netcfg.obj (.text:sl_NetCfgGet)
                  2001b410    000000a0     driverlib.a : spi.obj (.text:SPIConfigSetExpClk)
                  2001b4b0    000000a0     lightSens_isl29035.obj (.text:getLightsensor_data)
                  2001b550    000000a0     cc3200_socket.obj (.text:socketWrite)
                  2001b5f0    0000009e     matrix.obj (.text:f3x3matrixDetA)
                  2001b68e    00000002     --HOLE-- [fill = 0]
                  2001b690    0000009c     simplelink.a : driver.obj (.text:_SlDrvMsgReadSpawnCtx)
                  2001b72c    0000009c     approximations.obj (.text:fatan2_deg)
                  2001b7c8    0000009c     rtsv7M4_T_le_eabi.lib : memcpy_t2.obj (.text)
                  2001b864    0000009c     simplelink.a : device.obj (.text:sl_DevGet)
                  2001b900    00000098     network_relater_fns.obj (.text:InitializeUserConfigVariables)
                  2001b998    00000098     LED_timer.obj (.text:IntrptHandler_LEDTimer)
                  2001ba30    00000098     ota.obj (.text:OTA_CommitImage)
                  2001bac8    00000098     mt9d111.obj (.text:Verify_ImageSensor)
                  2001bb60    00000098     simplelink.a : fs.obj (.text:_sl_GetCreateFsMode)
                  2001bbf8    00000098     rtsv7M4_T_le_eabi.lib : fclose.obj (.text)
                  2001bc90    00000098                           : fputc.obj (.text)
                  2001bd28    00000096     parse_uploads.obj (.text:Add_NumberField_ToJSONString)
                  2001bdbe    00000002     --HOLE-- [fill = 0]
                  2001bdc0    00000094     dbgFns.obj (.text:Check_I2CDevices)
                  2001be54    00000094     camera_app.obj (.text:Config_CameraCapture)
                  2001bee8    00000094     Task_UserConfig.obj (.text:IsLongPress)
                  2001bf7c    00000094     jpeg.obj (.text:Modify_JPEGHeaderFile)
                  2001c010    00000094     driverlib.a : prcm.obj (.text:PRCMPeripheralClockGet)
                  2001c0a4    00000094     approximations.obj (.text:facos_deg)
                  2001c138    00000094     rtsv7M4_T_le_eabi.lib : snprintf.obj (.text)
                  2001c1cc    00000092     parse_impl.obj (.text:parseInitialize)
                  2001c25e    00000092     rtsv7M4_T_le_eabi.lib : fs_div_t2.obj (.text)
                  2001c2f0    0000008c     app_common.obj (.text:LED_Blink_2)
                  2001c37c    0000008c     simplelink.a : cc_pal.obj (.text:SetupDMAReceive)
                  2001c408    0000008c                  : cc_pal.obj (.text:SetupDMASend)
                  2001c494    0000008c                  : netapp.obj (.text:_sl_HandleAsync_DnsGetHostByName)
                  2001c520    0000008c                  : netapp.obj (.text:_sl_HandleAsync_PingResponse)
                  2001c5ac    0000008c     rtsv7M4_T_le_eabi.lib : xfdint.obj (.text)
                  2001c638    0000008c     simplelink.a : cc_pal.obj (.text:spi_Write)
                  2001c6c4    00000088     jpeg.obj (.text:Get_ChromQtable)
                  2001c74c    00000088     jpeg.obj (.text:Get_LumQtable)
                  2001c7d4    00000088     driverlib.a : prcm.obj (.text:PRCMHibernateIntervalSet)
                  2001c85c    00000088                 : pin.obj (.text:PinConfigSet)
                  2001c8e4    00000088     rtsv7M4_T_le_eabi.lib : vsnprintf.obj (.text)
                  2001c96c    00000088     simplelink.a : socket.obj (.text:sl_Bind)
                  2001c9f4    00000088                  : fs.obj (.text:sl_FsClose)
                  2001ca7c    00000086     rtsv7M4_T_le_eabi.lib : fd_cmp_t2.obj (.text:__aeabi_cdcmple)
                  2001cb02    00000086                           : fd_cmp_t2.obj (.text:__aeabi_cdrcmple)
                  2001cb88    00000084     timer_if.obj (.text:GetPeripheralIntNum)
                  2001cc0c    00000084     driverlib.a : i2c.obj (.text:I2CMasterInitExpClk)
                  2001cc90    00000084     simplelink.a : cc_pal.obj (.text:NwpPowerOnPreamble)
                  2001cd14    00000084     matrix.obj (.text:f3x3matrixAeqI)
                  2001cd98    00000084     fusion.obj (.text:fInit_6DOF_GB_BASIC)
                  2001ce1c    00000080     camera_app.obj (.text:Wakeup_ImageSensor)
                  2001ce9c    00000080     simplelink.a : driver.obj (.text:_SlDrvCmdOp)
                  2001cf1c    00000080                  : cc_pal.obj (.text:spi_Read_CPU)
                  2001cf9c    00000080                  : cc_pal.obj (.text:spi_Write_CPU)
                  2001d01c    0000007c     driverlib.a : prcm.obj (.text:PRCMRTCGet)
                  2001d098    0000007c     appFns_LightSensor.obj (.text:PowerDown_LightSensor)
                  2001d114    0000007c     simplelink.a : device.obj (.text:_sl_HandleAsync_InitComplete)
                  2001d190    0000007c     matrix.obj (.text:fmatrixAeqI)
                  2001d20c    0000007c     simplelink.a : fs.obj (.text:sl_FsGetInfo)
                  2001d288    0000007a     rtsv7M4_T_le_eabi.lib : fs_mul_t2.obj (.text)
                  2001d302    0000007a                           : memset_t2.obj (.text)
                  2001d37c    0000007a                           : xfdnorm.obj (.text)
                  2001d3f6    00000002     --HOLE-- [fill = 0]
                  2001d3f8    00000078     network_relater_fns.obj (.text:ConfigureMode)
                  2001d470    00000078     appFns_BatteryLevelSense.obj (.text:Get_BatteryVoltage)
                  2001d4e8    00000078     batteryVoltLvlSens_adc081c021.obj (.text:Get_BatteryVoltageLevel_ADC081C021)
                  2001d560    00000078     i2c_if.obj (.text:I2CTransact)
                  2001d5d8    00000078     parse_uploads.obj (.text:InitialiseParse)
                  2001d650    00000078     NWP.obj (.text:NWP_SwitchOn)
                  2001d6c8    00000078     simplelink.a : socket.obj (.text:_sl_HandleAsync_Connect)
                  2001d740    00000078                  : fs.obj (.text:sl_FsOpen)
                  2001d7b8    00000078                  : cc_pal.obj (.text:spi_Close)
                  2001d830    00000076     driverlib.a : uart.obj (.text:UARTConfigSetExpClk)
                  2001d8a6    00000002     --HOLE-- [fill = 0]
                  2001d8a8    00000074     NWP.obj (.text:NWP_SwitchOff)
                  2001d91c    00000074     lightSens_isl29035.obj (.text:PowerDown_ISL29035)
                  2001d990    00000074     camera_app.obj (.text:ReStart_CameraCapture)
                  2001da04    00000074     middleware.a : rtc_hal.obj (.text:rtc_value_rd)
                  2001da78    00000074     simplelink.a : socket.obj (.text:sl_Recv)
                  2001daec    00000073     installation.obj (.text:getInstallationCallback)
                  2001db5f    00000001     --HOLE-- [fill = 0]
                  2001db60    00000072     timer_if.obj (.text:Timer_IF_IntSetup)
                  2001dbd2    00000002     --HOLE-- [fill = 0]
                  2001dbd4    00000070     network_relater_fns.obj (.text:Network_IF_GetHostIP)
                  2001dc44    00000070     timer_fns.obj (.text:get_timeDuration)
                  2001dcb4    00000070     tempRHSens_si7020.obj (.text:softResetTempRHSensor)
                  2001dd24    0000006c     camera_app.obj (.text:CamControllerInit)
                  2001dd90    0000006c     mt9d111.obj (.text:ReadImageConfigReg)
                  2001ddfc    0000006c     udma_if.obj (.text:UDMAInit)
                  2001de68    0000006c     simplelink.a : driver.obj (.text:_SlDrvCmdSend)
                  2001ded4    0000006c     matrix.obj (.text:f3x3matrixAeqMinusA)
                  2001df40    0000006c     request.obj (.text:parseSendRequestInternal)
                  2001dfac    0000006c     rtsv7M4_T_le_eabi.lib : autoinit.obj (.text)
                  2001e018    0000006c                           : fprintf.obj (.text)
                  2001e084    0000006c                           : fs_toll_t2.obj (.text)
                  2001e0f0    0000006c     accelomtrMagntomtr_fxos8700.obj (.text:standby_accelMagn_fxos8700)
                  2001e15c    0000006c     timer_fns.obj (.text:start_periodicInterrupt_timer)
                  2001e1c8    0000006a     matrix.obj (.text:f3x3matrixAeqAxScalar)
                  2001e232    0000006a     rtsv7M4_T_le_eabi.lib : copy_decompress_rle.obj (.text)
                  2001e29c    00000069     http.obj (.text:beginHttpGetRequest)
                  2001e305    00000003     --HOLE-- [fill = 0]
                  2001e308    00000068     driverlib.a : prcm.obj (.text:PRCMHibernateWakeUpGPIOSelect)
                  2001e370    00000068     mt9d111.obj (.text:StartSensorInJpegMode)
                  2001e3d8    00000068     simplelink.a : netapp.obj (.text:_sl_NetAppSendTokenValue)
                  2001e440    00000068     cc3200_utils.obj (.text:fetchDeviceOSVersion)
                  2001e4a8    00000068     accelomtrMagntomtr_fxos8700.obj (.text:getAccelMagntData)
                  2001e510    00000068     lightSens_isl29035.obj (.text:getLightsensor_intrptStatus)
                  2001e578    00000068     rtsv7M4_T_le_eabi.lib : trgmsg.obj (.text)
                  2001e5e0    00000068     simplelink.a : device.obj (.text:sl_DevSet)
                  2001e648    00000068                  : netcfg.obj (.text:sl_NetCfgSet)
                  2001e6b0    00000068                  : socket.obj (.text:sl_SetSockOpt)
                  2001e718    00000068                  : wlan.obj (.text:sl_WlanSet)
                  2001e780    00000066     matrix.obj (.text:f3x3matrixAeqScalar)
                  2001e7e6    00000066     rtsv7M4_T_le_eabi.lib : xdunscal.obj (.text)
                  2001e84c    00000064                           : fseek.obj (.text)
                  2001e8b0    00000064     cc3200_socket.obj (.text:socketWait)
                  2001e914    00000064     driverlib.a : udma.obj (.text:uDMAChannelAttributeDisable)
                  2001e978    00000064                 : udma.obj (.text:uDMAChannelAttributeEnable)
                  2001e9dc    00000060     mt9d111.obj (.text:CCMRegs_Read)
                  2001ea3c    00000060     watchdog.obj (.text:WatchdogIntHandler)
                  2001ea9c    00000060     rtsv7M4_T_le_eabi.lib : fs_cmp_t2.obj (.text:__aeabi_cfcmple)
                  2001eafc    00000060                           : fs_cmp_t2.obj (.text:__aeabi_cfrcmple)
                  2001eb5c    00000060     simplelink.a : socket.obj (.text:_sl_HandleAsync_Accept)
                  2001ebbc    00000060     main_FXOS8700.obj (.text:fxosDefault_Initializations)
                  2001ec1c    00000060     rtsv7M4_T_le_eabi.lib : sprintf.obj (.text)
                  2001ec7c    00000060     simplelink.a : wlan.obj (.text:sl_WlanPolicySet)
                  2001ecdc    0000005c                  : socket.obj (.text:sl_Socket)
                  2001ed38    00000058     driverlib.a : interrupt.obj (.text:IntPendClear)
                  2001ed90    00000058     mt9d111.obj (.text:PCLK_Rate_read)
                  2001ede8    00000058     driverlib.a : prcm.obj (.text:PRCMPeripheralReset)
                  2001ee40    00000056     rtsv7M4_T_le_eabi.lib : ltoa.obj (.text)
                  2001ee96    00000056                           : xfdunsca.obj (.text)
                  2001eeec    00000054     driverlib.a : interrupt.obj (.text:IntPrioritySet)
                  2001ef40    00000054     simplelink.a : socket.obj (.text:_sl_HandleAsync_Select)
                  2001ef94    00000054     approximations.obj (.text:fasin_deg)
                  2001efe8    00000054     request.obj (.text:headerSend)
                  2001f03c    00000054     simplelink.a : wlan.obj (.text:sl_WlanRxFilterSet)
                  2001f090    00000051     installation.obj (.text:createInstallationCallback)
                  2001f0e1    00000003     --HOLE-- [fill = 0]
                  2001f0e4    00000050     i2c_if.obj (.text:I2C_IF_Open)
                  2001f134    00000050     driverlib.a : prcm.obj (.text:PRCMSlowClkCtrGet)
                  2001f184    00000050     camera_app.obj (.text:Restart_Camera)
                  2001f1d4    00000050     simplelink.a : device.obj (.text:_sl_HandleAsync_Stop)
                  2001f224    00000050     mt9d111.obj (.text:disableAE)
                  2001f274    00000050     mt9d111.obj (.text:disableAWB)
                  2001f2c4    00000050     mt9d111.obj (.text:enableAWB)
                  2001f314    00000050     main_FXOS8700.obj (.text:get_angle)
                  2001f364    00000050     rtsv7M4_T_le_eabi.lib : fs_toull_t2.obj (.text)
                  2001f3b4    00000050     simplelink.a : fs.obj (.text:sl_FsDel)
                  2001f404    0000004c     tasks.obj (.text:RdSensData_Init)
                  2001f450    0000004c     driverlib.a : spi.obj (.text:SPIIntEnable)
                  2001f49c    0000004c     simplelink.a : driver.obj (.text:_SlDrvProtectAsyncRespSetting)
                  2001f4e8    0000004c                  : driver.obj (.text:_SlDrvRxIrqHandler)
                  2001f534    0000004c                  : socket.obj (.text:_sl_BuildAddress)
                  2001f580    0000004c     rtsv7M4_T_le_eabi.lib : atoi.obj (.text)
                  2001f5cc    0000004c                           : atol.obj (.text)
                  2001f618    0000004c                           : cpy_tbl.obj (.text)
                  2001f664    0000004c                           : rand.obj (.text)
                  2001f6b0    0000004c     driverlib.a : udma.obj (.text:uDMAChannelAssign)
                  2001f6fc    0000004c     middleware.a : util64.obj (.text:util_u32_nsec_add)
                  2001f748    0000004a     rtsv7M4_T_le_eabi.lib : fd_tos_t2.obj (.text)
                  2001f792    00000002     --HOLE-- [fill = 0]
                  2001f794    00000048     driverlib.a : prcm.obj (.text:PRCMHibernateWakeupSourceDisable)
                  2001f7dc    00000048                 : prcm.obj (.text:PRCMHibernateWakeupSourceEnable)
                  2001f824    00000048                 : spi.obj (.text:SPIIntClear)
                  2001f86c    00000048     mt9d111.obj (.text:Variable_Read)
                  2001f8b4    00000048     simplelink.a : driver.obj (.text:_SlDrvBasicCmd)
                  2001f8fc    00000048     http.obj (.text:addHttpRequestLine)
                  2001f944    00000048     approximations.obj (.text:fatan_15deg)
                  2001f98c    00000048     rtsv7M4_T_le_eabi.lib : fd_toi_t2.obj (.text)
                  2001f9d4    00000046                           : ldexp.obj (.text)
                  2001fa1a    00000002     --HOLE-- [fill = 0]
                  2001fa1c    00000044     driverlib.a : spi.obj (.text:SPIDmaMaskGet)
                  2001fa60    00000044                 : timer.obj (.text:TimerConfigure)
                  2001faa4    00000044     udma_if.obj (.text:UDMASetupTransfer)
                  2001fae8    00000044     simplelink.a : cc_pal.obj (.text:cc_SetupTransfer)
                  2001fb2c    00000044     main_FXOS8700.obj (.text:fxos_Calibration)
                  2001fb70    00000044     rtsv7M4_T_le_eabi.lib : exit.obj (.text)
                  2001fbb4    00000044                           : fd_tou_t2.obj (.text)
                  2001fbf8    00000042     simplelink.a : socket.obj (.text:sl_Htonl)
                  2001fc3a    00000002     --HOLE-- [fill = 0]
                  2001fc3c    00000040     camera_app.obj (.text:ImagCapture_Init)
                  2001fc7c    00000040     driverlib.a : pin.obj (.text:PinModeSet)
                  2001fcbc    00000040     mt9d111.obj (.text:Variable_Write)
                  2001fcfc    00000040     watchdog.obj (.text:WDT_init)
                  2001fd3c    00000040     http.obj (.text:getHttpResponseBody)
                  2001fd7c    00000040     rtsv7M4_T_le_eabi.lib : signal.obj (.text)
                  2001fdbc    00000040     timer_fns.obj (.text:start_1Sec_TimeoutTimer)
                  2001fdfc    0000003e     rtsv7M4_T_le_eabi.lib : strncasecmp.obj (.text)
                  2001fe3a    00000002     --HOLE-- [fill = 0]
                  2001fe3c    0000003c     main.obj (.text:BoardInit)
                  2001fe78    0000003c     simplelink.a : netapp.obj (.text:CopyPingResultsToReport)
                  2001feb4    0000003c     tasks.obj (.text:Fusion_Init)
                  2001fef0    0000003c     ota.obj (.text:OTA_Init)
                  2001ff2c    0000003c     driverlib.a : prcm.obj (.text:PRCMPeripheralClkEnable)
                  2001ff68    0000003c                 : prcm.obj (.text:PRCMSlowClkCtrFastGet)
                  2001ffa4    0000003c     mt9d111.obj (.text:Reg_Read)
                  2001ffe0    0000003c     simplelink.a : socket.obj (.text:_sl_TruncatePayloadByProtocol)
                  2002001c    0000003c     rtsv7M4_T_le_eabi.lib : boot.obj (.text)
                  20020058    0000003c     simplelink.a : socket.obj (.text:sl_Htons)
                  20020094    0000003c     timer_fns.obj (.text:start_100mSecTimer)
                  200200d0    0000003c     driverlib.a : udma.obj (.text:uDMAChannelControlSet)
                  2002010c    0000003a                 : camera.obj (.text:CameraCaptureStop)
                  20020146    0000003a                 : camera.obj (.text:CameraXClkConfig)
                  20020180    0000003a     appFns_LightSensor.obj (.text:IsLightOff)
                  200201ba    0000003a     mt9d111.obj (.text:Reg_Write)
                  200201f4    0000003a     orientation.obj (.text:fLPFScalar)
                  2002022e    0000003a     request.obj (.text:parseSendRequest)
                  20020268    00000039     http.obj (.text:addHttpRequestHeader)
                  200202a1    00000003     --HOLE-- [fill = 0]
                  200202a4    00000038     LED_timer.obj (.text:LEDTimer_Enable)
                  200202dc    00000038     simplelink.a : cc_pal.obj (.text:NwpPowerOff)
                  20020314    00000038     reset.obj (.text:Reset_byStarvingWDT)
                  2002034c    00000038     wdt_if.obj (.text:WDT_IF_Init)
                  20020384    00000038     free_rtos.a : heap_3.obj (.text)
                  200203bc    00000038     rtsv7M4_T_le_eabi.lib : fs_tod_t2.obj (.text)
                  200203f4    00000038                           : fs_toi_t2.obj (.text)
                  2002042c    00000038                           : i_tofs_t2.obj (.text)
                  20020464    00000036     driverlib.a : gpio.obj (.text:GPIODirModeSet)
                  2002049a    00000036     simplelink.a : netapp.obj (.text:sl_NetAppMDNSUnRegisterService)
                  200204d0    00000035     http.obj (.text:beginHttpRequest)
                  20020505    00000001     --HOLE-- [fill = 0]
                  20020506    00000034     driverlib.a : camera.obj (.text:CameraParamsConfig)
                  2002053a    00000002     --HOLE-- [fill = 0]
                  2002053c    00000034     LED_timer.obj (.text:LEDTimer_Start)
                  20020570    00000034     driverlib.a : prcm.obj (.text:PRCMPeripheralStatusGet)
                  200205a4    00000034                 : spi.obj (.text:SPIFIFOLevelSet)
                  200205d8    00000034     http.obj (.text:getHttpResponseStatus)
                  2002060c    00000034     rtsv7M4_T_le_eabi.lib : feraiseexcept.obj (.text)
                  20020640    00000034                           : fs_tou_t2.obj (.text)
                  20020674    00000034                           : strstr.obj (.text)
                  200206a8    00000032     timer_if.obj (.text:Timer_IF_Init)
                  200206da    00000030     driverlib.a : pin.obj (.text:PinTypeGPIO)
                  2002070a    00000002     --HOLE-- [fill = 0]
                  2002070c    00000030                 : uart.obj (.text:UARTDisable)
                  2002073c    00000030     simplelink.a : device.obj (.text:_SlDrvDeviceEventHandler)
                  2002076c    00000030                  : fs.obj (.text:_sl_Strlen)
                  2002079c    00000030     middleware.a : rtc_hal.obj (.text:hw_access_time_addup)
                  200207cc    00000030     rtsv7M4_T_le_eabi.lib : strncpy.obj (.text)
                  200207fc    00000030                           : xferaise.obj (.text)
                  2002082c    00000030     simplelink.a : socket.obj (.text:sl_Close)
                  2002085c    00000030                  : wlan.obj (.text:sl_WlanProfileDel)
                  2002088c    00000030                  : wlan.obj (.text:sl_WlanSetMode)
                  200208bc    0000002e     rtsv7M4_T_le_eabi.lib : i_tofd_t2.obj (.text)
                  200208ea    0000002e                           : raise.obj (.text)
                  20020918    0000002d     http.obj (.text:addHttpRequestHeaderInt)
                  20020945    00000003     --HOLE-- [fill = 0]
                  20020948    0000002c     tasks.obj (.text:ApplyMagHAL)
                  20020974    0000002c     driverlib.a : camera.obj (.text:CameraIntDisable)
                  200209a0    0000002c                 : camera.obj (.text:CameraIntEnable)
                  200209cc    0000002c     simplelink.a : cc_pal.obj (.text:DmaSpiSwIntHandler)
                  200209f8    0000002c     driverlib.a : i2c.obj (.text:I2CMasterErr)
                  20020a24    0000002c     timer_fns.obj (.text:IntHandler_1Sec_TimeoutTimer)
                  20020a50    0000002c     driverlib.a : prcm.obj (.text:PRCMSysResetCauseGet)
                  20020a7c    0000002c     mt9d111.obj (.text:SoftReset_ImageSensor)
                  20020aa8    0000002c     cc3200_utils.obj (.text:getDeviceTimeDate)
                  20020ad4    0000002c     request.obj (.text:setDataBufferPointer)
                  20020b00    0000002a     driverlib.a : timer.obj (.text:TimerLoadSet)
                  20020b2a    0000002a                 : timer.obj (.text:TimerPrescaleSet)
                  20020b54    0000002a     rtsv7M4_T_le_eabi.lib : xdclass.obj (.text)
                  20020b7e    0000002a     middleware.a : util64.obj (.text:util_u64_time_add)
                  20020ba8    00000029     ota.obj (.text:OTA_Update)
                  20020bd1    00000003     --HOLE-- [fill = 0]
                  20020bd4    00000028     driverlib.a : camera.obj (.text:CameraIntStatus)
                  20020bfc    00000028     uartA1_if.obj (.text:InitTerm)
                  20020c24    00000028     driverlib.a : prcm.obj (.text:IsRTCUsed)
                  20020c4c    00000028     uartA1_if.obj (.text:Message)
                  20020c74    00000028     driverlib.a : prcm.obj (.text:PRCMPeripheralClkDisable)
                  20020c9c    00000028     rtsv7M4_T_le_eabi.lib : strncat.obj (.text)
                  20020cc4    00000028     simplelink.a : netapp.obj (.text:sl_NetAppStart)
                  20020cec    00000028                  : netapp.obj (.text:sl_NetAppStop)
                  20020d14    00000026     driverlib.a : camera.obj (.text:CameraThresholdSet)
                  20020d3a    00000026     simplelink.a : cc_pal.obj (.text:NwpRegisterInterruptHandler)
                  20020d60    00000026     rtsv7M4_T_le_eabi.lib : strncmp.obj (.text)
                  20020d86    00000002     --HOLE-- [fill = 0]
                  20020d88    00000024     driverlib.a : camera.obj (.text:CameraIntClear)
                  20020dac    00000024     timer_fns.obj (.text:IntHandler_100mSecTimer)
                  20020dd0    00000024     driverlib.a : interrupt.obj (.text:IntUnregister)
                  20020df4    00000024                 : prcm.obj (.text:RTCU16MSecRegRead)
                  20020e18    00000024     timer_if.obj (.text:Timer_IF_Start)
                  20020e3c    00000024     driverlib.a : uart.obj (.text:UARTEnable)
                  20020e60    00000024     mt9d111.obj (.text:WriteAllAEnAWBRegs)
                  20020e84    00000024     simplelink.a : driver.obj (.text:_SlDrvProtectionObjLockWaitForever)
                  20020ea8    00000024     main_FXOS8700.obj (.text:magnetometer_initialize)
                  20020ecc    00000024     timer_fns.obj (.text:reload_periodicTimer)
                  20020ef0    00000024     rtsv7M4_T_le_eabi.lib : u_tofs_t2.obj (.text)
                  20020f14    00000022     driverlib.a : camera.obj (.text:CameraCaptureStart)
                  20020f36    00000022                 : i2c.obj (.text:I2CMasterSlaveAddrSet)
                  20020f58    00000022     simplelink.a : socket.obj (.text:SL_FD_SET)
                  20020f7a    00000022     driverlib.a : spi.obj (.text:SPIReset)
                  20020f9c    00000022                 : spi.obj (.text:SPIWordCountSet)
                  20020fbe    00000022     rtsv7M4_T_le_eabi.lib : frexp.obj (.text)
                  20020fe0    00000022                           : memcmp.obj (.text)
                  20021002    00000020     driverlib.a : gpio.obj (.text:GPIOPinWrite)
                  20021022    00000002     --HOLE-- [fill = 0]
                  20021024    00000020                 : interrupt.obj (.text:IntRegister)
                  20021044    00000020     simplelink.a : cc_pal.obj (.text:NwpPowerOn)
                  20021064    00000020     mt9d111.obj (.text:Refresh_mt9d111Firmware)
                  20021084    00000020     simplelink.a : driver.obj (.text:_SlDrvProtectionObjUnLock)
                  200210a4    00000020     rtsv7M4_T_le_eabi.lib : memchr.obj (.text)
                  200210c4    00000020                           : u_tofd_t2.obj (.text)
                  200210e4    0000001e     driverlib.a : i2c.obj (.text:I2CMasterIntStatusEx)
                  20021102    0000001e                 : timer.obj (.text:TimerDisable)
                  20021120    0000001e                 : timer.obj (.text:TimerEnable)
                  2002113e    0000001e                 : timer.obj (.text:TimerIntStatus)
                  2002115c    0000001e                 : uart.obj (.text:UARTCharPut)
                  2002117a    0000001e     simplelink.a : cc_pal.obj (.text:cc_UDMAChannelSelect)
                  20021198    0000001e     rtsv7M4_T_le_eabi.lib : strcat.obj (.text)
                  200211b6    00000002     --HOLE-- [fill = 0]
                  200211b8    0000001c     tasks.obj (.text:ApplyAccelHAL)
                  200211d4    0000001c     mt9d111.obj (.text:CameraSensorInit)
                  200211f0    0000001c     udma_if.obj (.text:DmaSwIntHandler)
                  2002120c    0000001c     driverlib.a : pin.obj (.text:PinTypeI2C)
                  20021228    0000001c                 : timer.obj (.text:TimerValueGet)
                  20021244    0000001c     simplelink.a : driver.obj (.text:_SlDrvObjLockWaitForever)
                  20021260    0000001c                  : driver.obj (.text:_SlDrvSyncObjWaitForever)
                  2002127c    0000001c     rtsv7M4_T_le_eabi.lib : memccpy.obj (.text)
                  20021298    0000001c     timer_fns.obj (.text:stop_100mSecTimer)
                  200212b4    0000001c     timer_fns.obj (.text:stop_1Sec_TimeoutTimer)
                  200212d0    0000001c     timer_fns.obj (.text:stop_periodicInterrupt_timer)
                  200212ec    0000001c     driverlib.a : udma.obj (.text:uDMAChannelDisable)
                  20021308    0000001c                 : udma.obj (.text:uDMAChannelEnable)
                  20021324    0000001c     main.obj (.text:vApplicationMallocFailedHook)
                  20021340    0000001a     driverlib.a : pin.obj (.text:PinTypeCamera)
                  2002135a    0000001a                 : pin.obj (.text:PinTypeUART)
                  20021374    0000001a                 : spi.obj (.text:SPIDmaDisable)
                  2002138e    0000001a                 : spi.obj (.text:SPIDmaEnable)
                  200213a8    0000001a                 : spi.obj (.text:SPIFIFODisable)
                  200213c2    0000001a                 : spi.obj (.text:SPIFIFOEnable)
                  200213dc    00000018                 : camera.obj (.text:CameraReset)
                  200213f4    00000018                 : gpio.obj (.text:GPIOPinRead)
                  2002140c    00000018     timer_fns.obj (.text:ISR_periodicInterrupt_timer)
                  20021424    00000018     app_common.obj (.text:LED_Off)
                  2002143c    00000018     app_common.obj (.text:LED_On)
                  20021454    00000018     driverlib.a : prcm.obj (.text:PRCMHibernateEnter)
                  2002146c    00000018                 : spi.obj (.text:SPICSDisable)
                  20021484    00000018                 : spi.obj (.text:SPICSEnable)
                  2002149c    00000018                 : spi.obj (.text:SPIDisable)
                  200214b4    00000018                 : spi.obj (.text:SPIEnable)
                  200214cc    00000018                 : timer.obj (.text:TimerIntEnable)
                  200214e4    00000018     timer_if.obj (.text:Timer_IF_InterruptClear)
                  200214fc    00000018     driverlib.a : wdt.obj (.text:WatchdogStallEnable)
                  20021514    00000018                 : wdt.obj (.text:WatchdogUnlock)
                  2002152c    00000018     simplelink.a : driver.obj (.text:_SlDrvObjUnLock)
                  20021544    00000018                  : driver.obj (.text:_SlDrvSyncObjSignal)
                  2002155c    00000018                  : device.obj (.text:_sl_GetStartResponseConvert)
                  20021574    00000018     middleware.a : rtc_hal.obj (.text:get_value)
                  2002158c    00000018     rtsv7M4_T_le_eabi.lib : args_main.obj (.text)
                  200215a4    00000018                           : strcmp.obj (.text)
                  200215bc    00000016     driverlib.a : camera.obj (.text:CameraDMAEnable)
                  200215d2    00000016                 : camera.obj (.text:CameraIntRegister)
                  200215e8    00000016                 : i2c.obj (.text:I2CMasterDataPut)
                  200215fe    00000016                 : i2c.obj (.text:I2CMasterEnable)
                  20021614    00000016                 : prcm.obj (.text:PRCMHIBRegRead)
                  2002162a    00000016                 : prcm.obj (.text:PRCMHIBRegWrite)
                  20021640    00000016                 : wdt.obj (.text:WatchdogEnable)
                  20021656    00000016     simplelink.a : driver.obj (.text:_SlDrvMemZero)
                  2002166c    00000016     rtsv7M4_T_le_eabi.lib : strchr.obj (.text)
                  20021682    00000014     driverlib.a : cpu.obj (.text:CPUcpsie)
                  20021696    00000002     --HOLE-- [fill = 0]
                  20021698    00000014                 : interrupt.obj (.text:IntVTableBaseSet)
                  200216ac    00000014     LED_timer.obj (.text:LEDTimer_Stop)
                  200216c0    00000014     mt9d111.obj (.text:SetShutterWidth)
                  200216d4    00000014     rtsv7M4_T_le_eabi.lib : _lock.obj (.text)
                  200216e8    00000014                           : strcpy.obj (.text)
                  200216fc    00000014                           : strlen.obj (.text)
                  20021710    00000014     driverlib.a : udma.obj (.text:uDMAControlBaseSet)
                  20021724    00000014                 : udma.obj (.text:uDMAIntClear)
                  20021738    00000012                 : i2c.obj (.text:I2CMasterControl)
                  2002174a    00000012                 : i2c.obj (.text:I2CMasterIntClearEx)
                  2002175c    00000012                 : i2c.obj (.text:I2CMasterTimeoutSet)
                  2002176e    00000012                 : timer.obj (.text:TimerIntClear)
                  20021780    00000012                 : wdt.obj (.text:WatchdogReloadSet)
                  20021792    00000002     --HOLE-- [fill = 0]
                  20021794    00000010                 : prcm.obj (.text:PRCMSOCReset)
                  200217a4    00000010                 : prcm.obj (.text:RTCU32SecRegRead)
                  200217b4    00000010     simplelink.a : socket.obj (.text:SL_FD_ZERO)
                  200217c4    00000010     timer_if.obj (.text:Timer_IF_Stop)
                  200217d4    00000010     driverlib.a : wdt.obj (.text:WatchdogIntClear)
                  200217e4    00000010     cc3200_socket.obj (.text:socketClose)
                  200217f4    0000000e     driverlib.a : i2c.obj (.text:I2CMasterDataGet)
                  20021802    0000000e     simplelink.a : driver.obj (.text:_SlDrvResetCmdExt)
                  20021810    0000000e     rtsv7M4_T_le_eabi.lib : copy_decompress_none.obj (.text:decompress:none)
                  2002181e    0000000c     udma_if.obj (.text:DmaErrorIntHandler)
                  2002182a    00000002     --HOLE-- [fill = 0]
                  2002182c    0000000c     simplelink.a : cc_pal.obj (.text:NwpMaskInterrupt)
                  20021838    0000000c                  : cc_pal.obj (.text:NwpUnMaskInterrupt)
                  20021844    0000000c     middleware.a : rtc_hal.obj (.text:cc_rtc_get)
                  20021850    0000000c     rtsv7M4_T_le_eabi.lib : copy_zero_init.obj (.text:decompress:ZI)
                  2002185c    0000000c     parse_impl.obj (.text:getInternalClient)
                  20021868    0000000c     simplelink.a : wlan.obj (.text:sl_WlanDisconnect)
                  20021874    0000000c     driverlib.a : udma.obj (.text:uDMAEnable)
                  20021880    0000000c                 : udma.obj (.text:uDMAIntStatus)
                  2002188c    0000000a                 : interrupt.obj (.text:IntMasterEnable)
                  20021896    0000000a     main.obj (.text:vApplicationStackOverflowHook)
                  200218a0    00000008     hibernate_related_fns.obj (.text:sensorsTriggerSetup)
                  200218a8    00000006     i2cconfig.obj (.text:MT9D111Delay)
                  200218ae    00000006     startup_ccs.obj (.text:ResetISR)
                  200218b4    00000006     driverlib.a : utils.obj (.text:UtilsDelay)
                  200218ba    00000006     rtsv7M4_T_le_eabi.lib : copy_decompress_rle.obj (.text:decompress:rle24)
                  200218c0    00000006                           : logf.obj (.text)
                  200218c6    00000006                           : sinf.obj (.text)
                  200218cc    00000004                           : error.obj (.text)
                  200218d0    00000004                           : pre_init.obj (.text)

.const     0    200218d4    000012b9     
                  200218d4    00000170     mt9d111.obj (.const:capture_cmds_list)
                  20021a44    00000140     mt9d111.obj (.const:init_cmds_list)
                  20021b84    00000101     rtsv7M4_T_le_eabi.lib : ctype.obj (.const:.string:_ctypes_)
                  20021c85    00000003     --HOLE-- [fill = 0]
                  20021c88    00000100     driverlib.a : pin.obj (.const:g_ulPinToPadMap)
                  20021d88    000000d8     mt9d111.obj (.const)
                  20021e60    000000d4     driverlib.a : interrupt.obj (.const:g_pulRegs)
                  20021f34    000000b0     simplelink.a : wlan.obj (.const:$P$T0$1)
                  20021fe4    000000a8     driverlib.a : prcm.obj (.const:PRCM_PeriphRegsList)
                  2002208c    000000a4     mt9d111.obj (.const:$P$T2$3)
                  20022130    0000009e     mt9d111.obj (.const:.string)
                  200221ce    00000088     network_relater_fns.obj (.const:.string)
                  20022256    00000085     lightSens_isl29035.obj (.const:.string)
                  200222db    00000081     parse_uploads.obj (.const:.string)
                  2002235c    00000080     driverlib.a : interrupt.obj (.const)
                  200223dc    0000007a     camera_app.obj (.const:.string)
                  20022456    00000074     user_configure_fn.obj (.const:.string)
                  200224ca    00000069     accelomtrMagntomtr_fxos8700.obj (.const:.string)
                  20022533    00000001     --HOLE-- [fill = 0]
                  20022534    00000068     mt9d111.obj (.const:$P$T17$18)
                  2002259c    00000068     appFns_BatteryLevelSense.obj (.const:V2CEntry$1)
                  20022604    00000054     mt9d111.obj (.const:$P$T23$24)
                  20022658    0000004c     mt9d111.obj (.const:$P$T6$7)
                  200226a4    0000004b     tempRHSens_si7020.obj (.const:.string)
                  200226ef    0000003c     i2c_app.obj (.const:.string)
                  2002272b    00000001     --HOLE-- [fill = 0]
                  2002272c    0000003c     simplelink.a : driver.obj (.const:OpcodeTranslateTable)
                  20022768    0000003c                  : wlan.obj (.const)
                  200227a4    00000038                  : driver.obj (.const:_SlActionLookupTable)
                  200227dc    00000038     rtsv7M4_T_le_eabi.lib : xflog.obj (.const)
                  20022814    00000038     simplelink.a : fs.obj (.const)
                  2002284c    00000036     flash_files.obj (.const:.string)
                  20022882    00000002     --HOLE-- [fill = 0]
                  20022884    00000034     rtsv7M4_T_le_eabi.lib : xfatan.obj (.const)
                  200228b8    00000034     simplelink.a : driver.obj (.const)
                  200228ec    00000034                  : socket.obj (.const)
                  20022920    0000002c     network_relater_fns.obj (.const:$P$T1$2)
                  2002294c    0000002c     mt9d111.obj (.const:$P$T19$20)
                  20022978    00000029     network_relater_fns.obj (.const)
                  200229a1    00000003     --HOLE-- [fill = 0]
                  200229a4    00000028     rtsv7M4_T_le_eabi.lib : xfdint.obj (.const)
                  200229cc    00000028                           : xfsin.obj (.const)
                  200229f4    00000028     simplelink.a : netapp.obj (.const)
                  20022a1c    00000024     network_relater_fns.obj (.const:g_acMonthOfYear)
                  20022a40    00000023     batteryVoltLvlSens_adc081c021.obj (.const:.string:$P$T0$1)
                  20022a63    00000023     parse_uploads.obj (.const:.string:$P$T5$6)
                  20022a86    00000022     network_relater_fns.obj (.const:.string:$P$T0$1)
                  20022aa8    0000001c     rtsv7M4_T_le_eabi.lib : tanf.obj (.const)
                  20022ac4    0000001c                           : xfexp.obj (.const)
                  20022ae0    00000018     driverlib.a : spi.obj (.const)
                  20022af8    00000017     request.obj (.const:.string)
                  20022b0f    00000016     appFns_LightSensor.obj (.const:.string)
                  20022b25    00000001     --HOLE-- [fill = 0]
                  20022b26    00000014     simplelink.a : device.obj (.const)
                  20022b3a    00000013     SendObject_ToParse.obj (.const:.string)
                  20022b4d    00000010     simplelink.a : socket.obj (.const:.string)
                  20022b5d    0000000f     application_fn.obj (.const:.string)
                  20022b6c    0000000b     app_common.obj (.const:.string)
                  20022b77    00000008     simplelink.a : device.obj (.const:.string)
                  20022b7f    00000001     --HOLE-- [fill = 0]
                  20022b80    00000008                  : netcfg.obj (.const)
                  20022b88    00000005     main.obj (.const:.string)

.cinit     0    20022b90    00000598     
                  20022b90    0000056d     (.cinit..data.load) [load image, compression = rle]
                  200230fd    00000003     --HOLE-- [fill = 0]
                  20023100    0000000c     (__TI_handler_table)
                  2002310c    00000004     --HOLE-- [fill = 0]
                  20023110    00000008     (.cinit..bss.load) [load image, compression = zero_init]
                  20023118    00000010     (__TI_cinit_table)

.init_array 
*          0    20004000    00000000     UNINITIALIZED

.bss       0    20023c00    00017098     UNINITIALIZED
                  20023c00    00014000     main.obj (.bss:g_image_buffer)
                  20037c00    00000b58     tasks.obj (.bss:thisMagBuffer)
                  20038758    000005a0     ota.a : OtaHttp.obj (.bss:recv_buf)
                  20038cf8    0000044c           : OtaClient.obj (.bss:g_OtaCheckUpdateResponse)
                  20039144    00000418     user_configure_fn.obj (.bss:thisMagCal)
                  2003955c    00000240     ota.obj (.bss:g_otaOptServerInfo)
                  2003979c    00000058     tasks.obj (.bss:thisMag)
                  200397f4    0000000c     (.common:g_SecParams)
                  20039800    00000400     udma_if.obj (.bss:gpCtlTbl)
                  20039c00    000003d8     ota.a : OtaClient.obj (.bss:g_OtaFileMetadata)
                  20039fd8    00000200           : OtaHttp.obj (.bss:send_buf)
                  2003a1d8    00000178     simplelink.a : driver.obj (.bss:g_StatMem)
                  2003a350    00000120     rtsv7M4_T_le_eabi.lib : trgmsg.obj (.bss:__CIOBUF_)
                  2003a470    00000100     udma_if.obj (.bss:gfpAppCallbackHndl)
                  2003a570    000000c8     free_rtos.a : tasks.obj (.bss:pxReadyTasksLists)
                  2003a638    000000ac     tasks.obj (.bss:thisSV_6DOF_GB_BASIC)
                  2003a6e4    000000a0     rtsv7M4_T_le_eabi.lib : defs.obj (.bss:__TI_tmpnams)
                  2003a784    00000074     ota.a : CdnClient.obj (.bss:g_CdnClient)
                  2003a7f8    00000050     simplelink.a : cc_pal.obj (.bss:g_ucDinDout)
                  2003a848    00000050     free_rtos.a : queue.obj (.bss:xQueueRegistry)
                  2003a898    0000004c     ota.a : OtaApp.obj (.bss:g_OtaApp)
                  2003a8e4    0000004c           : OtaApp.obj (.bss:g_OtaApp_statistics)
                  2003a930    00000040     network_relater_fns.obj (.bss:g_TimeData)
                  2003a970    00000034     cc3200_client_state.obj (.bss:clientStateFileName)
                  2003a9a4    00000034     main.obj (.bss:g_cWlanSecurityKey)
                  2003a9d8    00000034     tasks.obj (.bss:thisAccel)
                  2003aa0c    00000024     ota.a : OtaClient.obj (.bss:g_OtaClient)
                  2003aa30    00000024     main.obj (.bss:g_cWlanSSID)
                  2003aa54    00000024     main.obj (.bss:g_ucConnectionSSID)
                  2003aa78    0000001c     rtsv7M4_T_le_eabi.lib : vla_alloc.obj (.bss)
                  2003aa94    00000014     (.common:g_FlcSflashCb)
                  2003aaa8    00000014     (.common:g_flag_blockFull)
                  2003aabc    00000014     (.common:xDelayedTaskList1)
                  2003aad0    00000014     (.common:xDelayedTaskList2)
                  2003aae4    00000014     (.common:xPendingReadyList)
                  2003aaf8    00000014     (.common:xSuspendedTaskList)
                  2003ab0c    00000014     (.common:xTasksWaitingTermination)
                  2003ab20    00000010     (.common:ang_buf)
                  2003ab30    00000010     (.common:g_cResponseObjectID)
                  2003ab40    00000010     (.common:globals)
                  2003ab50    00000010     (.common:mqxglobals)
                  2003ab60    00000008     (.common:g_Gain)
                  2003ab68    00000008     (.common:g_LogClient)
                  2003ab70    00000008     (.common:g_Struct_TimeStamp_MaxAngle)
                  2003ab78    00000008     (.common:g_Struct_TimeStamp_MinAngle)
                  2003ab80    00000008     (.common:g_Struct_TimeStamp_OpenAngle)
                  2003ab88    00000008     (.common:g_Struct_TimeStamp_SnapAngle)
                  2003ab90    00000008     (.common:g_TimeStamp_CamUp)
                  2003ab98    00000008     (.common:g_TimeStamp_DoorClosed)
                  2003aba0    00000008     (.common:g_TimeStamp_MaxAngle)
                  2003aba8    00000008     (.common:g_TimeStamp_MinAngle)
                  2003abb0    00000008     (.common:g_TimeStamp_NWPUp)
                  2003abb8    00000008     (.common:g_TimeStamp_OpenAngle)
                  2003abc0    00000008     (.common:g_TimeStamp_PhotoSnap)
                  2003abc8    00000008     (.common:g_TimeStamp_PhotoUploaded)
                  2003abd0    00000008     (.common:g_TimeStamp_SnapAngle)
                  2003abd8    00000008     (.common:g_TimeStamp_cc3200Up)
                  2003abe0    00000008     (.common:g_ucConnectionBSSID)
                  2003abe8    00000008     (.common:parmbuf)
                  2003abf0    00000008     (.common:sBootInfo)
                  2003abf8    00000004     (.common:DMAMsgQ)
                  2003abfc    00000004     (.common:Elapsed_100MilliSecs)
                  2003ac00    00000004     (.common:Elapsed_1Secs)
                  2003ac04    00000004     (.common:__Errorlog)
                  2003ac08    00000004     (.common:angle_avg)
                  2003ac0c    00000004     (.common:dataBuffer)
                  2003ac10    00000004     (.common:g_angleOffset_to180)
                  2003ac14    00000004     (.common:g_block_lastFilled)
                  2003ac18    00000004     (.common:g_cDummy)
                  2003ac1c    00000004     (.common:g_cWlanSecurityType)
                  2003ac20    00000004     (.common:g_fBatteryVolt_atEnd)
                  2003ac24    00000004     (.common:g_fBatteryVolt_atStart)
                  2003ac28    00000004     (.common:g_frame_size_in_bytes)
                  2003ac2c    00000004     (.common:g_latest_error)
                  2003ac30    00000004     (.common:g_position_in_block)
                  2003ac34    00000004     (.common:g_readHeader)
                  2003ac38    00000004     (.common:g_total_dma_intrpts)
                  2003ac3c    00000004     (.common:g_ulAppStatus)
                  2003ac40    00000004     (.common:g_ulAppTimeout_ms)
                  2003ac44    00000004     (.common:g_ulReloadVal)
                  2003ac48    00000004     (.common:g_ulSimplelinkStatus)
                  2003ac4c    00000004     (.common:g_ulWatchdogCycles)
                  2003ac50    00000004     (.common:gdoor_40deg_angle)
                  2003ac54    00000004     (.common:gdoor_90deg_angle)
                  2003ac58    00000004     (.common:gdoor_OpenDeg_angle)
                  2003ac5c    00000004     (.common:pvOtaApp)
                  2003ac60    00000004     (.common:pxDelayedTaskList)
                  2003ac64    00000004     (.common:pxOverflowDelayedTaskList)
                  2003ac68    00000002     (.common:g_RawMaxAngle)
                  2003ac6a    00000002     (.common:g_RawMinAngle)
                  2003ac6c    00000002     (.common:g_fMaxAngle)
                  2003ac6e    00000002     (.common:g_fMinAngle)
                  2003ac70    00000001     (.common:RxIrqCnt)
                  2003ac71    00000001     (.common:avg_buffer_cnt)
                  2003ac72    00000001     (.common:captureTimeout_Flag)
                  2003ac73    00000001     (.common:checkForLight_Flag)
                  2003ac74    00000001     (.common:cnt_LED_Timer)
                  2003ac75    00000001     (.common:doPeriodicAction_flag)
                  2003ac76    00000001     (.common:g_BlinkCount)
                  2003ac77    00000001     (.common:g_I2CPeripheral_inUse_Flag)
                  2003ac78    00000001     (.common:g_NoOfBlinks)
                  2003ac79    00000001     (.common:g_OffTime)
                  2003ac7a    00000001     (.common:g_OnTime)
                  2003ac7b    00000001     (.common:g_PhoneConnected_ToCC3200AP_flag)
                  2003ac7c    00000001     (.common:g_Task1_Notification)
                  2003ac7d    00000001     (.common:g_Task3_Notification)
                  2003ac7e    00000001     (.common:g_collect_timestamp)
                  2003ac7f    00000001     (.common:g_dma_txn_done)
                  2003ac80    00000001     (.common:g_flag_DataBlockFilled)
                  2003ac81    00000001     (.common:g_flag_door_closing_45degree)
                  2003ac82    00000001     (.common:g_frame_end)
                  2003ac83    00000001     (.common:g_ucAWBOff)
                  2003ac84    00000001     (.common:g_ucAWBOn)
                  2003ac85    00000001     (.common:g_ucAction)
                  2003ac86    00000001     (.common:g_ucActionButton)
                  2003ac87    00000001     (.common:g_ucAngle40)
                  2003ac88    00000001     (.common:g_ucAngle90)
                  2003ac89    00000001     (.common:g_ucCalibration)
                  2003ac8a    00000001     (.common:g_ucConfig)
                  2003ac8b    00000001     (.common:g_ucExitButton)
                  2003ac8c    00000001     (.common:g_ucFeedWatchdog)
                  2003ac8d    00000001     (.common:g_ucMagCalb)
                  2003ac8e    00000001     (.common:g_ucPreviewStart)
                  2003ac8f    00000001     (.common:g_ucPreviewStop)
                  2003ac90    00000001     (.common:g_ucProfileAdded)
                  2003ac91    00000001     (.common:g_ucPushButtonPressedTwice)
                  2003ac92    00000001     (.common:g_ucReasonForFailure)
                  2003ac93    00000001     (.common:g_ucSAVE)
                  2003ac94    00000001     (.common:iDone)
                  2003ac95    00000001     (.common:isitfirsttime)
                  2003ac96    00000001     (.common:print_count)
                  2003ac97    00000001     (.common:valid_case)

.TI.noinit 
*          0    20023c00    00000000     UNINITIALIZED

.sysmem    0    2003ac98    00005000     UNINITIALIZED
                  2003ac98    00000008     rtsv7M4_T_le_eabi.lib : memory.obj (.sysmem)
                  2003aca0    00004ff8     --HOLE--


LINKER GENERATED COPY TABLES

__TI_cinit_table @ 20023118 records: 2, size/record: 8, table size: 16
	.data: load addr=20022b90, load size=0000056d bytes, run addr=20000000, run size=000009c8 bytes, compression=rle
	.bss: load addr=20023110, load size=00000008 bytes, run addr=20023c00, run size=00017098 bytes, compression=zero_init


LINKER GENERATED HANDLER TABLE

__TI_handler_table @ 20023100 records: 3, size/record: 4, table size: 12
	index: 0, handler: __TI_decompress_rle24
	index: 1, handler: __TI_decompress_none
	index: 2, handler: __TI_zero_init


GLOBAL SYMBOLS: SORTED ALPHABETICALLY BY Name 

address   name                                  
-------   ----                                  
2001bd29  Add_NumberField_ToJSONString          
200211b9  ApplyAccelHAL                         
20020949  ApplyMagHAL                           
2001fb71  C$$EXIT                               
2001e5a7  C$$IO$$                               
2001e9dd  CCMRegs_Read                          
20021683  CPUcpsie                              
200141bd  Calculate_DoorOpenThresholdAngle      
20012a21  Calculate_TrueMinMaxAngles            
2001dd25  CamControllerInit                     
20020f15  CameraCaptureStart                    
2002010d  CameraCaptureStop                     
200215bd  CameraDMAEnable                       
20020d89  CameraIntClear                        
20020975  CameraIntDisable                      
200209a1  CameraIntEnable                       
200215d3  CameraIntRegister                     
20020bd5  CameraIntStatus                       
20020507  CameraParamsConfig                    
200213dd  CameraReset                           
200211d5  CameraSensorInit                      
20020d15  CameraThresholdSet                    
20020147  CameraXClkConfig                      
2000ec05  CaptureImage                          
20013581  CaptureandSavePreviewImage            
2000de7b  CdnClient_CloseServer                 
2000de99  CdnClient_ConnectByUrl                
2000de49  CdnClient_Init                        
2000dd13  CdnClient_Run                         
2000dd09  CdnClient_SetFileInfo                 
2001bdc1  Check_I2CDevices                      
20019045  Check_MinMax                          
2001be55  Config_CameraCapture                  
2001d3f9  ConfigureMode                         
2000f1ad  ConfigureSimpleLinkToDefaultState     
200121a5  ConstructDeviceStateObject            
2000c469  ConstructGroundDataObject             
2000febd  ConstructUserConfigObject             
2001fe79  CopyPingResultsToReport               
2003abf8  DMAMsgQ                               
2000063c  DigiCertHighAssuranceEVRootCA_der_len 
2002181f  DmaErrorIntHandler                    
200209cd  DmaSpiSwIntHandler                    
200211f1  DmaSwIntHandler                       
2003abfc  Elapsed_100MilliSecs                  
2003ac00  Elapsed_1Secs                         
2001a06d  EnterStandby_mt9d111                  
2001a38d  ExitStandby_mt9d111                   
20014eb5  FXOS8700_Init                         
2001721d  FXOS8700_ReadData                     
2001feb5  Fusion_Init                           
20014d55  Fusion_Run                            
20020465  GPIODirModeSet                        
200213f5  GPIOPinRead                           
20021003  GPIOPinWrite                          
2000bbb1  GetSNTPTime                           
20016655  GetTimeNTP                            
200192fd  Get_BatteryPercent                    
2001d471  Get_BatteryVoltage                    
2001d4e9  Get_BatteryVoltageLevel_ADC081C021    
2001c6c5  Get_ChromQtable                       
20018135  Get_FridgeCamID                       
2001c74d  Get_LumQtable                         
20016ded  HIBernate                             
2000f165  HOSTclock                             
2000f12d  HOSTclose                             
2000f0ef  HOSTgetenv                            
2000f093  HOSTlseek                             
2000f041  HOSTopen                              
2000eff5  HOSTread                              
2000ef97  HOSTrename                            
2000ef5d  HOSTtime                              
2000ef25  HOSTunlink                            
2000eed9  HOSTwrite                             
20015a51  I2CBufferRead                         
200162d1  I2CBufferWrite                        
20021739  I2CMasterControl                      
200217f5  I2CMasterDataGet                      
200215e9  I2CMasterDataPut                      
200215ff  I2CMasterEnable                       
200209f9  I2CMasterErr                          
2001cc0d  I2CMasterInitExpClk                   
2002174b  I2CMasterIntClearEx                   
200210e5  I2CMasterIntStatusEx                  
20020f37  I2CMasterSlaveAddrSet                 
2002175d  I2CMasterTimeoutSet                   
2001f0e5  I2C_IF_Open                           
2001a515  I2C_IF_Read                           
2001a8d5  I2C_IF_Write                          
2002140d  ISR_periodicInterrupt_timer           
2001fc3d  ImagCapture_Init                      
200138a5  ImageSensor_CaptureConfigs_Task       
20020bfd  InitTerm                              
2001d5d9  InitialiseParse                       
2001b901  InitializeUserConfigVariables         
2001b219  IntDisable                            
2001b2c1  IntEnable                             
20020dad  IntHandler_100mSecTimer               
20020a25  IntHandler_1Sec_TimeoutTimer          
2002188d  IntMasterEnable                       
2001ed39  IntPendClear                          
2001eeed  IntPrioritySet                        
20021025  IntRegister                           
20020dd1  IntUnregister                         
20021699  IntVTableBaseSet                      
[...]
2001f945  fatan_15deg                           
2001f98d  __aeabi_d2iz                          
2001f9d5  ldexp                                 
2001fa61  TimerConfigure                        
2001faa5  UDMASetupTransfer                     
2001fb2d  fxos_Calibration                      
2001fb71  C$$EXIT                               
2001fb75  abort                                 
2001fb7d  exit                                  
2001fbb5  __aeabi_d2uiz                         
2001fbf9  sl_Htonl                              
2001fc3d  ImagCapture_Init                      
2001fc7d  PinModeSet                            
2001fcbd  Variable_Write                        
2001fcfd  WDT_init                              
2001fd3d  getHttpResponseBody                   
2001fd7d  signal                                
2001fdbd  start_1Sec_TimeoutTimer               
2001fdfd  strncasecmp                           
2001fe79  CopyPingResultsToReport               
2001feb5  Fusion_Init                           
2001ff2d  PRCMPeripheralClkEnable               
2001ff69  PRCMSlowClkCtrFastGet                 
2001ffa5  Reg_Read                              
2001ffe1  _sl_TruncatePayloadByProtocol         
2002001d  _c_int00                              
20020059  sl_Htons                              
20020095  start_100mSecTimer                    
200200d1  uDMAChannelControlSet                 
2002010d  CameraCaptureStop                     
20020147  CameraXClkConfig                      
20020181  IsLightOff                            
200201bb  Reg_Write                             
200201f5  fLPFScalar                            
2002022f  parseSendRequest                      
20020269  addHttpRequestHeader                  
200202a5  LEDTimer_Enable                       
200202dd  NwpPowerOff                           
20020315  Reset_byStarvingWDT                   
2002034d  WDT_IF_Init                           
20020385  pvPortMalloc                          
200203a5  vPortFree                             
200203bd  __aeabi_f2d                           
200203f5  __aeabi_f2iz                          
2002042d  __aeabi_i2f                           
20020465  GPIODirModeSet                        
2002049b  sl_NetAppMDNSUnRegisterService        
200204d1  beginHttpRequest                      
20020507  CameraParamsConfig                    
2002053d  LEDTimer_Start                        
20020571  PRCMPeripheralStatusGet               
200205a5  SPIFIFOLevelSet                       
200205d9  getHttpResponseStatus                 
2002060d  feraiseexcept                         
20020641  __aeabi_f2uiz                         
20020675  strstr                                
200206a9  Timer_IF_Init                         
200206db  PinTypeGPIO                           
2002070d  UARTDisable                           
2002073d  _SlDrvDeviceEventHandler              
2002076d  _sl_Strlen                            
200207cd  strncpy                               
200207fd  _Feraise                              
2002082d  sl_Close                              
2002085d  sl_WlanProfileDel                     
2002088d  sl_WlanSetMode                        
200208bd  __aeabi_i2d                           
200208eb  raise                                 
20020919  addHttpRequestHeaderInt               
20020949  ApplyMagHAL                           
20020975  CameraIntDisable                      
200209a1  CameraIntEnable                       
200209cd  DmaSpiSwIntHandler                    
200209f9  I2CMasterErr                          
20020a25  IntHandler_1Sec_TimeoutTimer          
20020a51  PRCMSysResetCauseGet                  
20020a7d  SoftReset_ImageSensor                 
20020ad5  setDataBufferPointer                  
20020b01  TimerLoadSet                          
20020b2b  TimerPrescaleSet                      
20020b55  _Dclass                               
20020b7f  util_u64_time_add                     
20020ba9  OTA_Update                            
20020bd5  CameraIntStatus                       
20020bfd  InitTerm                              
20020c4d  Message                               
20020c75  PRCMPeripheralClkDisable              
20020c9d  strncat                               
20020cc5  sl_NetAppStart                        
20020ced  sl_NetAppStop                         
20020d15  CameraThresholdSet                    
20020d3b  NwpRegisterInterruptHandler           
20020d61  strncmp                               
20020d89  CameraIntClear                        
20020dad  IntHandler_100mSecTimer               
20020dd1  IntUnregister                         
20020e19  Timer_IF_Start                        
20020e3d  UARTEnable                            
20020e61  WriteAllAEnAWBRegs                    
20020e85  _SlDrvProtectionObjLockWaitForever    
20020ea9  magnetometer_initialize               
20020ecd  reload_periodicTimer                  
20020ef1  __aeabi_ui2f                          
20020f15  CameraCaptureStart                    
20020f37  I2CMasterSlaveAddrSet                 
20020f59  SL_FD_SET                             
20020f7b  SPIReset                              
20020f9d  SPIWordCountSet                       
20020fbf  frexp                                 
20020fe1  memcmp                                
20021003  GPIOPinWrite                          
20021025  IntRegister                           
20021045  NwpPowerOn                            
20021065  Refresh_mt9d111Firmware               
20021085  _SlDrvProtectionObjUnLock             
200210a5  memchr                                
200210c5  __aeabi_ui2d                          
200210e5  I2CMasterIntStatusEx                  
20021103  TimerDisable                          
20021121  TimerEnable                           
2002113f  TimerIntStatus                        
2002115d  UARTCharPut                           
20021199  strcat                                
200211b9  ApplyAccelHAL                         
200211d5  CameraSensorInit                      
200211f1  DmaSwIntHandler                       
2002120d  PinTypeI2C                            
20021229  TimerValueGet                         
20021245  _SlDrvObjLockWaitForever              
20021261  _SlDrvSyncObjWaitForever              
2002127d  memccpy                               
20021299  stop_100mSecTimer                     
200212b5  stop_1Sec_TimeoutTimer                
200212d1  stop_periodicInterrupt_timer          
200212ed  uDMAChannelDisable                    
20021309  uDMAChannelEnable                     
20021325  vApplicationMallocFailedHook          
20021341  PinTypeCamera                         
2002135b  PinTypeUART                           
20021375  SPIDmaDisable                         
2002138f  SPIDmaEnable                          
200213a9  SPIFIFODisable                        
200213c3  SPIFIFOEnable                         
200213dd  CameraReset                           
200213f5  GPIOPinRead                           
2002140d  ISR_periodicInterrupt_timer           
20021425  LED_Off                               
2002143d  LED_On                                
20021455  PRCMHibernateEnter                    
2002146d  SPICSDisable                          
20021485  SPICSEnable                           
2002149d  SPIDisable                            
200214b5  SPIEnable                             
200214cd  TimerIntEnable                        
200214e5  Timer_IF_InterruptClear               
200214fd  WatchdogStallEnable                   
20021515  WatchdogUnlock                        
2002152d  _SlDrvObjUnLock                       
20021545  _SlDrvSyncObjSignal                   
2002155d  _sl_GetStartResponseConvert           
2002158d  _args_main                            
200215a5  strcmp                                
200215bd  CameraDMAEnable                       
200215d3  CameraIntRegister                     
200215e9  I2CMasterDataPut                      
200215ff  I2CMasterEnable                       
20021615  PRCMHIBRegRead                        
2002162b  PRCMHIBRegWrite                       
20021641  WatchdogEnable                        
20021657  _SlDrvMemZero                         
2002166d  strchr                                
20021683  CPUcpsie                              
20021699  IntVTableBaseSet                      
200216ad  LEDTimer_Stop                         
200216c1  SetShutterWidth                       
200216d5  _register_unlock                      
200216db  _register_lock                        
200216e3  _nop                                  
200216e9  strcpy                                
200216fd  strlen                                
20021711  uDMAControlBaseSet                    
20021725  uDMAIntClear                          
20021739  I2CMasterControl                      
2002174b  I2CMasterIntClearEx                   
2002175d  I2CMasterTimeoutSet                   
2002176f  TimerIntClear                         
20021781  WatchdogReloadSet                     
20021795  PRCMSOCReset                          
200217b5  SL_FD_ZERO                            
200217c5  Timer_IF_Stop                         
200217d5  WatchdogIntClear                      
200217e5  socketClose                           
200217f5  I2CMasterDataGet                      
20021803  _SlDrvResetCmdExt                     
20021811  __TI_decompress_none                  
2002181f  DmaErrorIntHandler                    
2002182d  NwpMaskInterrupt                      
20021839  NwpUnMaskInterrupt                    
20021845  cc_rtc_get                            
20021851  __TI_zero_init                        
2002185d  getInternalClient                     
20021869  sl_WlanDisconnect                     
20021875  uDMAEnable                            
20021881  uDMAIntStatus                         
2002188d  IntMasterEnable                       
20021897  vApplicationStackOverflowHook         
200218a1  sensorsTriggerSetup                   
200218a9  MT9D111Delay                          
200218af  ResetISR                              
200218b5  UtilsDelay                            
200218bb  __TI_decompress_rle24                 
200218c1  logf                                  
200218c7  sinf                                  
200218cd  __abort_execution                     
200218d1  _system_pre_init                      
20021b84  _ctypes_                              
200221ce  g_acSNTPserver                        
200221ec  g_acNumOfDaysPerMonth                 
200221f8  g_acDigits                            
2002272c  OpcodeTranslateTable                  
20022768  _SlPolicySetCmdCtrl                   
2002276c  _SlPolicyGetCmdCtrl                   
20022770  _SlProfileGetCmdCtrl                  
20022774  _SlProfileDelCmdCtrl                  
20022778  _SlWlanGetNetworkListCtrl             
2002277c  _SlRxFilterAddtCmdCtrl                
20022780  _SlRxFilterSetCmdCtrl                 
20022784  _SlRxFilterGetCmdCtrl                 
20022788  _SlSmartConfigStartCmdCtrl            
2002278c  _SlWlanSetModeCmdCtrl                 
20022790  _SlWlanCfgSetCmdCtrl                  
20022794  _SlWlanCfgGetCmdCtrl                  
200227a4  _SlActionLookupTable                  
20022814  _SlFsOpenCmdCtrl                      
20022818  _SlFsCloseCmdCtrl                     
2002281c  _SlFsReadCmdCtrl                      
20022820  _SlFsWriteCmdCtrl                     
20022824  _SlFsGetInfoCmdCtrl                   
20022828  _SlFsDeleteCmdCtrl                    
200228b8  g_H2NSyncPattern                      
200228c0  g_H2NCnysPattern                      
200228c8  RxMsgClassLUT                         
200228ec  _SlSockSocketCmdCtrl                  
200228f0  _SlSockCloseCmdCtrl                   
200228f4  _SlRecvfomCmdCtrl                     
200228f8  _SlSendCmdCtrl                        
200228fc  _SlListenCmdCtrl                      
20022900  _SlAcceptCmdCtrl                      
20022904  _SlRecvCmdCtrl                        
20022908  _SlSetSockOptCmdCtrl                  
2002290c  _SlGetSockOptCmdCtrl                  
20022910  _SlSelectCmdCtrl                      
20022978  g_acDaysOfWeek2013                    
200229f4  _SlNetAppStartCtrl                    
200229f8  _SlNetAppStopCtrl                     
200229fc  _SlGetServiceListeCtrl                
20022a00  _SlRegisterServiceCtrl                
20022a04  _SlGetHostByServiceCtrl               
20022a08  _SlGetHostByNameCtrl                  
20022a0c  _SlNetAppSetCmdCtrl                   
20022a10  _SlNetAppSendTokenValueCmdCtrl        
20022a14  _SlNetAppGetCmdCtrl                   
20022a1c  g_acMonthOfYear                       
20022af8  g_deviceClientVersion                 
20022b26  _SlStopCmdCtrl                        
20022b2a  _SlEventMaskSetCmdCtrl                
20022b2e  _SlEventMaskGetCmdCtrl                
20022b32  _SlDeviceGetCmdCtrl                   
20022b36  _SlDeviceSetCmdCtrl                   
20022b4d  _SlPayloadByProtocolLUT               
20022b6c  pcDigits                              
20022b77  StartResponseLUT                      
20022b80  _SlNetCfgSetCmdCtrl                   
20022b84  _SlNetCfgGetCmdCtrl                   
20022b90  __TI_static_base__                    
20023100  __TI_Handler_Table_Base               
2002310c  __TI_Handler_Table_Limit              
20023118  __TI_CINIT_Base                       
20023128  __TI_CINIT_Limit                      
20023c00  g_image_buffer                        
20037c00  thisMagBuffer                         
20038cf8  g_OtaCheckUpdateResponse              
20039144  thisMagCal                            
2003979c  thisMag                               
200397f4  g_SecParams                           
20039800  gpCtlTbl                              
20039c00  g_OtaFileMetadata                     
2003a1d8  g_StatMem                             
2003a350  __CIOBUF_                             
2003a470  gfpAppCallbackHndl                    
2003a638  thisSV_6DOF_GB_BASIC                  
2003a6e4  __TI_tmpnams                          
2003a784  g_CdnClient                           
2003a7f8  g_ucDinDout                           
2003a848  xQueueRegistry                        
2003a898  g_OtaApp                              
2003a8e4  g_OtaApp_statistics                   
2003a930  g_TimeData                            
2003a970  clientStateFileName                   
2003a9a4  g_cWlanSecurityKey                    
2003a9d8  thisAccel                             
2003aa0c  g_OtaClient                           
2003aa30  g_cWlanSSID                           
2003aa54  g_ucConnectionSSID                    
2003aa94  g_FlcSflashCb                         
2003aaa8  g_flag_blockFull                      
2003ab20  ang_buf                               
2003ab30  g_cResponseObjectID                   
2003ab40  globals                               
2003ab50  mqxglobals                            
2003ab60  g_Gain                                
2003ab68  g_LogClient                           
2003ab70  g_Struct_TimeStamp_MaxAngle           
2003ab78  g_Struct_TimeStamp_MinAngle           
2003ab80  g_Struct_TimeStamp_OpenAngle          
2003ab88  g_Struct_TimeStamp_SnapAngle          
2003ab90  g_TimeStamp_CamUp                     
2003ab98  g_TimeStamp_DoorClosed                
2003aba0  g_TimeStamp_MaxAngle                  
2003aba8  g_TimeStamp_MinAngle                  
2003abb0  g_TimeStamp_NWPUp                     
2003abb8  g_TimeStamp_OpenAngle                 
2003abc0  g_TimeStamp_PhotoSnap                 
2003abc8  g_TimeStamp_PhotoUploaded             
2003abd0  g_TimeStamp_SnapAngle                 
2003abd8  g_TimeStamp_cc3200Up                  
2003abe0  g_ucConnectionBSSID                   
2003abf8  DMAMsgQ                               
2003abfc  Elapsed_100MilliSecs                  
2003ac00  Elapsed_1Secs                         
2003ac08  angle_avg                             
2003ac0c  dataBuffer                            
2003ac10  g_angleOffset_to180                   
2003ac14  g_block_lastFilled                    
2003ac18  g_cDummy                              
2003ac1c  g_cWlanSecurityType                   
2003ac20  g_fBatteryVolt_atEnd                  
2003ac24  g_fBatteryVolt_atStart                
2003ac28  g_frame_size_in_bytes                 
2003ac2c  g_latest_error                        
2003ac30  g_position_in_block                   
2003ac34  g_readHeader                          
2003ac3c  g_ulAppStatus                         
2003ac40  g_ulAppTimeout_ms                     
2003ac44  g_ulReloadVal                         
2003ac48  g_ulSimplelinkStatus                  
2003ac4c  g_ulWatchdogCycles                    
2003ac50  gdoor_40deg_angle                     
2003ac54  gdoor_90deg_angle                     
2003ac58  gdoor_OpenDeg_angle                   
2003ac68  g_RawMaxAngle                         
2003ac6a  g_RawMinAngle                         
2003ac6c  g_fMaxAngle                           
2003ac6e  g_fMinAngle                           
2003ac70  RxIrqCnt                              
2003ac71  avg_buffer_cnt                        
2003ac72  captureTimeout_Flag                   
2003ac73  checkForLight_Flag                    
2003ac74  cnt_LED_Timer                         
2003ac75  doPeriodicAction_flag                 
2003ac76  g_BlinkCount                          
2003ac77  g_I2CPeripheral_inUse_Flag            
2003ac78  g_NoOfBlinks                          
2003ac79  g_OffTime                             
2003ac7a  g_OnTime                              
2003ac7b  g_PhoneConnected_ToCC3200AP_flag      
2003ac7c  g_Task1_Notification                  
2003ac7d  g_Task3_Notification                  
2003ac7e  g_collect_timestamp                   
2003ac80  g_flag_DataBlockFilled                
2003ac81  g_flag_door_closing_45degree          
2003ac82  g_frame_end                           
2003ac83  g_ucAWBOff                            
2003ac84  g_ucAWBOn                             
2003ac85  g_ucAction                            
2003ac86  g_ucActionButton                      
2003ac87  g_ucAngle40                           
2003ac88  g_ucAngle90                           
2003ac89  g_ucCalibration                       
2003ac8a  g_ucConfig                            
2003ac8b  g_ucExitButton                        
2003ac8c  g_ucFeedWatchdog                      
2003ac8d  g_ucMagCalb                           
2003ac8e  g_ucPreviewStart                      
2003ac8f  g_ucPreviewStop                       
2003ac90  g_ucProfileAdded                      
2003ac91  g_ucPushButtonPressedTwice            
2003ac92  g_ucReasonForFailure                  
2003ac93  g_ucSAVE                              
2003ac94  iDone                                 
2003ac95  isitfirsttime                         
2003ac96  print_count                           
2003ac97  valid_case                            
2003ac98  _sys_memory                           
ffffffff  __binit__                             
ffffffff  __c_args__                            
ffffffff  binit                                 
UNDEFED   SHT$$INIT_ARRAY$$Base                 
UNDEFED   SHT$$INIT_ARRAY$$Limit                

[991 symbols]
