******************************************************************************
                  TI ARM Linker PC v5.1.6                      
******************************************************************************
>> Linked Mon May 18 13:00:16 2015

OUTPUT FILE NAME:   <ULP_SEC_CAM.out>
ENTRY POINT SYMBOL: "_c_int00"  address: 2000d2dd


MEMORY CONFIGURATION

         name            origin    length      used     unused   attr    fill
----------------------  --------  ---------  --------  --------  ----  --------
  SRAM_BOOTLDR          20000000   00004000  000012a4  00002d5c  RW X
  SRAM_CODE             20004000   00014000  0000a3c7  00009c39  RW X
  SRAM_DATA             20018000   00024000  00004a91  0001f56f  RW X


SEGMENT ALLOCATION MAP

run origin  load origin   length   init length attrs members
----------  ----------- ---------- ----------- ----- -------
20000000    20000000    000002a4   00000000    rw-
  20000000    20000000    000002a4   00000000    rw- .data
20003000    20003000    00001000   00000000    rw-
  20003000    20003000    00001000   00000000    rw- .stack
20004000    20004000    0000a3d0   0000a3d0    r-x
  20004000    20004000    00000400   00000400    r-- .intvecs
  20004400    20004400    0000985a   0000985a    r-x .text
  2000dc5c    2000dc5c    000006d5   000006d5    r-- .const
  2000e338    2000e338    00000098   00000098    r-- .cinit
20018000    20018000    00004a91   00000000    rw-
  20018000    20018000    00004000   00000000    rw- .sysmem
  2001c000    2001c000    00000a91   00000000    rw- .bss


SECTION ALLOCATION MAP

 output                                  attributes/
section   page    origin      length       input sections
--------  ----  ----------  ----------   ----------------
.init_array 
*          0    20004000    00000000     UNINITIALIZED

.data      0    20000000    000002a4     UNINITIALIZED
                  20000000    00000184     simplelink.a : driver.obj (.data)
                  20000184    00000064                  : cc_pal.obj (.data)
                  200001e8    0000003c     main.obj (.data:g_token_get)
                  20000224    00000034     free_rtos.a : tasks.obj (.data)
                  20000258    0000001c     main.obj (.data)
                  20000274    0000000c     free_rtos.a : osi_freertos.obj (.data)
                  20000280    0000000c     rtsv7M4_T_le_eabi.lib : memory.obj (.data)
                  2000028c    00000008                           : _lock.obj (.data)
                  20000294    00000008                           : exit.obj (.data)
                  2000029c    00000004     free_rtos.a : port.obj (.data)
                  200002a0    00000004     rtsv7M4_T_le_eabi.lib : stkdepth_vars.obj (.data)

.stack     0    20003000    00001000     UNINITIALIZED
                  20003000    00001000     --HOLE--

.intvecs   0    20004000    00000400     
                  20004000    00000400     startup_ccs.obj (.intvecs)

.text      0    20004400    0000985a     
                  20004400    00001258     free_rtos.a : tasks.obj (.text)
                  20005658    00000f8c     network_relater_fns.obj (.text)
                  200065e4    00000ec0     rtsv7M4_T_le_eabi.lib : _printfi.obj (.text)
                  200074a4    00000b24     free_rtos.a : queue.obj (.text)
                  20007fc8    0000045c                 : osi_freertos.obj (.text)
                  20008424    00000450     wifi_provisioning_thruAPmode.obj (.text)
                  20008874    000003cc     rtsv7M4_T_le_eabi.lib : memory.obj (.text)
                  20008c40    000003a6     simplelink.a : driver.obj (.text:_SlDrvMsgRead)
                  20008fe6    00000002     driverlib.a : interrupt.obj (.text:IntDefaultHandler)
                  20008fe8    0000034c     simplelink.a : driver.obj (.text:_SlAsyncEventGenericHandler)
                  20009334    00000220     main.obj (.text)
                  20009554    000001f4     rtsv7M4_T_le_eabi.lib : ull_div_t2.obj (.text)
                  20009748    000001b8     uartA1_if.obj (.text)
                  20009900    000001b6     rtsv7M4_T_le_eabi.lib : fd_add_t2.obj (.text)
                  20009ab6    00000002     --HOLE-- [fill = 0]
                  20009ab8    0000019c     simplelink.a : wlan.obj (.text:sl_WlanConnect)
                  20009c54    00000198     flash_files.obj (.text)
                  20009dec    00000194     udma_if.obj (.text)
                  20009f80    0000018c     i2c_if.obj (.text)
                  2000a10c    00000140     simplelink.a : driver.obj (.text:_SlDrvRxHdrRead)
                  2000a24c    00000136     rtsv7M4_T_le_eabi.lib : fd_div_t2.obj (.text)
                  2000a382    00000002     --HOLE-- [fill = 0]
                  2000a384    00000134     driverlib.a : prcm.obj (.text:PRCMCC3200MCUInit)
                  2000a4b8    00000130     simplelink.a : cc_pal.obj (.text:spi_Open)
                  2000a5e8    0000012a     free_rtos.a : list.obj (.text)
                  2000a712    00000002     --HOLE-- [fill = 0]
                  2000a714    00000114     simplelink.a : driver.obj (.text:_SlDrvMsgWrite)
                  2000a828    00000110     free_rtos.a : port.obj (.text)
                  2000a938    0000010c     simplelink.a : driver.obj (.text:_SlDrvWaitForPoolObj)
                  2000aa44    00000104                  : driver.obj (.text:_SlDrvReleasePoolObj)
                  2000ab48    000000fc     rtsv7M4_T_le_eabi.lib : fd_mul_t2.obj (.text)
                  2000ac44    000000f0     driverlib.a : udma.obj (.text:uDMAChannelTransferSet)
                  2000ad34    000000e8     simplelink.a : cc_pal.obj (.text:spi_Write)
                  2000ae1c    000000d8     timer_fns.obj (.text)
                  2000aef4    000000cc     simplelink.a : cc_pal.obj (.text:spi_Read)
                  2000afc0    000000c4                  : device.obj (.text:sl_Stop)
                  2000b084    000000c0                  : device.obj (.text:sl_Start)
                  2000b144    000000ba     free_rtos.a : portasm.obj (.text)
                  2000b1fe    00000002     --HOLE-- [fill = 0]
                  2000b200    000000b4     simplelink.a : driver.obj (.text:_SlDrvMsgReadCmdCtx)
                  2000b2b4    000000b2                  : netapp.obj (.text:_SlDrvNetAppEventHandler)
                  2000b366    000000b2     pinmux.obj (.text)
                  2000b418    000000a8     driverlib.a : interrupt.obj (.text:IntDisable)
                  2000b4c0    000000a8                 : interrupt.obj (.text:IntEnable)
                  2000b568    000000a8     timer_if.obj (.text)
                  2000b610    000000a0     driverlib.a : spi.obj (.text:SPIConfigSetExpClk)
                  2000b6b0    0000009c     rtsv7M4_T_le_eabi.lib : memcpy_t2.obj (.text)
                  2000b74c    00000098     simplelink.a : driver.obj (.text:_SlFindAndSetActiveObj)
                  2000b7e4    00000094     driverlib.a : prcm.obj (.text:PRCMPeripheralClockGet)
                  2000b878    00000094     simplelink.a : driver.obj (.text:_SlDrvClassifyRxMsg)
                  2000b90c    00000094     rtsv7M4_T_le_eabi.lib : auto_init.obj (.text)
                  2000b9a0    00000090     simplelink.a : driver.obj (.text:_SlDrvMsgReadSpawnCtx)
                  2000ba30    0000008c                  : fs.obj (.text:sl_FsRead)
                  2000babc    0000008c                  : fs.obj (.text:sl_FsWrite)
                  2000bb48    00000088     driverlib.a : pin.obj (.text:PinConfigSet)
                  2000bbd0    00000088     rtsv7M4_T_le_eabi.lib : vsnprintf.obj (.text)
                  2000bc58    00000088     simplelink.a : netapp.obj (.text:sl_NetAppMDNSRegisterUnregisterService)
                  2000bce0    00000086     rtsv7M4_T_le_eabi.lib : fd_cmp_t2.obj (.text:__aeabi_cdcmple)
                  2000bd66    00000086                           : fd_cmp_t2.obj (.text:__aeabi_cdrcmple)
                  2000bdec    00000084     driverlib.a : i2c.obj (.text:I2CMasterInitExpClk)
                  2000be70    00000084     simplelink.a : driver.obj (.text:_SlDrvCmdOp)
                  2000bef4    00000080                  : cc_pal.obj (.text:NwpPowerOnPreamble)
                  2000bf74    0000007c                  : driver.obj (.text:_SlDrvDriverCBInit)
                  2000bff0    0000007c                  : netapp.obj (.text:_sl_HandleAsync_DnsGetHostByName)
                  2000c06c    0000007c                  : device.obj (.text:sl_DevGet)
                  2000c0e8    0000007c                  : fs.obj (.text:sl_FsClose)
                  2000c164    00000078                  : cc_pal.obj (.text:SetupDMAReceive)
                  2000c1dc    00000078     rtsv7M4_T_le_eabi.lib : memset_t2.obj (.text)
                  2000c254    00000076     driverlib.a : uart.obj (.text:UARTConfigSetExpClk)
                  2000c2ca    00000002     --HOLE-- [fill = 0]
                  2000c2cc    00000074     simplelink.a : device.obj (.text:_sl_HandleAsync_InitComplete)
                  2000c340    00000074                  : wlan.obj (.text:sl_WlanGet)
                  2000c3b4    00000074                  : cc_pal.obj (.text:spi_Close)
                  2000c428    00000070     driverlib.a : timer.obj (.text:TimerIntRegister)
                  2000c498    00000070     simplelink.a : netapp.obj (.text:_sl_HandleAsync_PingResponse)
                  2000c508    00000068     driverlib.a : timer.obj (.text:TimerIntUnregister)
                  2000c570    00000068     simplelink.a : socket.obj (.text:_sl_HandleAsync_Connect)
                  2000c5d8    00000068                  : netapp.obj (.text:_sl_HandleAsync_DnsGetHostByService)
                  2000c640    00000064                  : fs.obj (.text:_sl_GetCreateFsMode)
                  2000c6a4    00000064                  : socket.obj (.text:_sl_HandleAsync_Accept)
                  2000c708    00000064     driverlib.a : udma.obj (.text:uDMAChannelAttributeDisable)
                  2000c76c    00000064                 : udma.obj (.text:uDMAChannelAttributeEnable)
                  2000c7d0    0000005e     rtsv7M4_T_le_eabi.lib : copy_decompress_rle.obj (.text)
                  2000c82e    0000005a                           : ltoa.obj (.text)
                  2000c888    00000058     driverlib.a : interrupt.obj (.text:IntPendClear)
                  2000c8e0    00000058                 : prcm.obj (.text:PRCMPeripheralReset)
                  2000c938    00000058     simplelink.a : driver.obj (.text:_SlDrvDriverCBDeinit)
                  2000c990    00000058                  : socket.obj (.text:_sl_HandleAsync_Select)
                  2000c9e8    00000054     driverlib.a : interrupt.obj (.text:IntPrioritySet)
                  2000ca3c    00000054     simplelink.a : device.obj (.text:_sl_HandleAsync_Stop)
                  2000ca90    00000054                  : fs.obj (.text:sl_FsOpen)
                  2000cae4    00000054                  : netapp.obj (.text:sl_NetAppSendTokenValue)
                  2000cb38    0000004c     driverlib.a : spi.obj (.text:SPIIntEnable)
                  2000cb84    0000004c     rtsv7M4_T_le_eabi.lib : atoi.obj (.text)
                  2000cbd0    0000004c     driverlib.a : udma.obj (.text:uDMAChannelAssign)
                  2000cc1c    0000004a     simplelink.a : device.obj (.text:_sl_GetStartResponseConvert)
                  2000cc66    0000004a     rtsv7M4_T_le_eabi.lib : fd_tos_t2.obj (.text)
                  2000ccb0    00000048     driverlib.a : spi.obj (.text:SPIIntClear)
                  2000ccf8    00000048     rtsv7M4_T_le_eabi.lib : fd_toi_t2.obj (.text)
                  2000cd40    00000048     simplelink.a : device.obj (.text:sl_DevSet)
                  2000cd88    00000048                  : wlan.obj (.text:sl_WlanSet)
                  2000cdd0    00000044     driverlib.a : spi.obj (.text:SPIDmaMaskGet)
                  2000ce14    00000044                 : timer.obj (.text:TimerConfigure)
                  2000ce58    00000044     rtsv7M4_T_le_eabi.lib : cpy_tbl.obj (.text)
                  2000ce9c    00000044                           : exit.obj (.text)
                  2000cee0    00000044                           : xdtest.obj (.text)
                  2000cf24    00000044     simplelink.a : netcfg.obj (.text:sl_NetCfgSet)
                  2000cf68    00000040     driverlib.a : pin.obj (.text:PinModeSet)
                  2000cfa8    00000040     simplelink.a : driver.obj (.text:_SlDrvRxIrqHandler)
                  2000cfe8    00000040                  : driver.obj (.text:_SlRemoveFromList)
                  2000d028    00000040                  : wlan.obj (.text:sl_WlanPolicySet)
                  2000d068    00000040                  : wlan.obj (.text:sl_WlanRxFilterSet)
                  2000d0a8    0000003c                  : cc_pal.obj (.text:NwpPowerOff)
                  2000d0e4    0000003c     driverlib.a : prcm.obj (.text:PRCMPeripheralClkEnable)
                  2000d120    0000003c     simplelink.a : driver.obj (.text:_SlDrvObjInit)
                  2000d15c    0000003c     driverlib.a : udma.obj (.text:uDMAChannelControlSet)
                  2000d198    00000038     free_rtos.a : heap_3.obj (.text)
                  2000d1d0    00000038     rtsv7M4_T_le_eabi.lib : fs_tod_t2.obj (.text)
                  2000d208    00000036     driverlib.a : gpio.obj (.text:GPIODirModeSet)
                  2000d23e    00000002     --HOLE-- [fill = 0]
                  2000d240    00000034                 : prcm.obj (.text:PRCMPeripheralStatusGet)
                  2000d274    00000034                 : spi.obj (.text:SPIFIFOLevelSet)
                  2000d2a8    00000034     simplelink.a : driver.obj (.text:_SlDrvBasicCmd)
                  2000d2dc    00000034     rtsv7M4_T_le_eabi.lib : boot.obj (.text)
                  2000d310    00000030     simplelink.a : cc_pal.obj (.text:NwpPowerOn)
                  2000d340    00000030     driverlib.a : pin.obj (.text:PinTypeGPIO)
                  2000d370    00000030                 : uart.obj (.text:UARTDisable)
                  2000d3a0    0000002e     rtsv7M4_T_le_eabi.lib : i_tofd_t2.obj (.text)
                  2000d3ce    00000002     --HOLE-- [fill = 0]
                  2000d3d0    0000002c     simplelink.a : cc_pal.obj (.text:DmaSpiSwIntHandler)
                  2000d3fc    0000002c     driverlib.a : i2c.obj (.text:I2CMasterErr)
                  2000d428    0000002c                 : prcm.obj (.text:PRCMSysResetCauseGet)
                  2000d454    0000002c     simplelink.a : flowcont.obj (.text:_SlDrvFlowContDeinit)
                  2000d480    0000002c                  : flowcont.obj (.text:_SlDrvFlowContInit)
                  2000d4ac    0000002a     driverlib.a : timer.obj (.text:TimerLoadSet)
                  2000d4d6    0000002a                 : timer.obj (.text:TimerPrescaleSet)
                  2000d500    00000028                 : prcm.obj (.text:PRCMPeripheralClkDisable)
                  2000d528    00000028     simplelink.a : wlan.obj (.text:sl_WlanSetMode)
                  2000d550    00000024     driverlib.a : interrupt.obj (.text:IntUnregister)
                  2000d574    00000024                 : uart.obj (.text:UARTEnable)
                  2000d598    00000024     rtsv7M4_T_le_eabi.lib : memmov.obj (.text)
                  2000d5bc    00000024                           : u_tofs_t2.obj (.text)
                  2000d5e0    00000024     simplelink.a : netapp.obj (.text:sl_NetAppStart)
                  2000d604    00000024                  : netapp.obj (.text:sl_NetAppStop)
                  2000d628    00000024                  : wlan.obj (.text:sl_WlanProfileDel)
                  2000d64c    00000022     driverlib.a : i2c.obj (.text:I2CMasterSlaveAddrSet)
                  2000d66e    00000022     simplelink.a : cc_pal.obj (.text:NwpRegisterInterruptHandler)
                  2000d690    00000022     driverlib.a : spi.obj (.text:SPIReset)
                  2000d6b2    00000022                 : spi.obj (.text:SPIWordCountSet)
                  2000d6d4    00000022     rtsv7M4_T_le_eabi.lib : memcmp.obj (.text)
                  2000d6f6    00000002     --HOLE-- [fill = 0]
                  2000d6f8    00000020     driverlib.a : interrupt.obj (.text:IntRegister)
                  2000d718    00000020     simplelink.a : driver.obj (.text:_SlDrvCmdSend)
                  2000d738    00000020     rtsv7M4_T_le_eabi.lib : u_tofd_t2.obj (.text)
                  2000d758    0000001e     driverlib.a : i2c.obj (.text:I2CMasterIntStatusEx)
                  2000d776    0000001e                 : timer.obj (.text:TimerDisable)
                  2000d794    0000001e                 : timer.obj (.text:TimerEnable)
                  2000d7b2    0000001e                 : timer.obj (.text:TimerIntStatus)
                  2000d7d0    0000001e                 : uart.obj (.text:UARTCharPut)
                  2000d7ee    0000001c                 : pin.obj (.text:PinTypeI2C)
                  2000d80a    0000001c                 : timer.obj (.text:TimerValueGet)
                  2000d826    00000002     --HOLE-- [fill = 0]
                  2000d828    0000001c     simplelink.a : driver.obj (.text:_SlDrvObjDeInit)
                  2000d844    0000001c     rtsv7M4_T_le_eabi.lib : memccpy.obj (.text)
                  2000d860    0000001c     driverlib.a : udma.obj (.text:uDMAChannelEnable)
                  2000d87c    0000001a     simplelink.a : netapp.obj (.text:CopyPingResultsToReport)
                  2000d896    0000001a     driverlib.a : pin.obj (.text:PinTypeCamera)
                  2000d8b0    0000001a                 : pin.obj (.text:PinTypeUART)
                  2000d8ca    0000001a                 : spi.obj (.text:SPIDmaDisable)
                  2000d8e4    0000001a                 : spi.obj (.text:SPIDmaEnable)
                  2000d8fe    0000001a                 : spi.obj (.text:SPIFIFODisable)
                  2000d918    0000001a                 : spi.obj (.text:SPIFIFOEnable)
                  2000d932    0000001a     simplelink.a : device.obj (.text:_SlDrvDeviceEventHandler)
                  2000d94c    00000018     driverlib.a : spi.obj (.text:SPICSDisable)
                  2000d964    00000018                 : spi.obj (.text:SPICSEnable)
                  2000d97c    00000018                 : spi.obj (.text:SPIDisable)
                  2000d994    00000018                 : spi.obj (.text:SPIEnable)
                  2000d9ac    00000018                 : timer.obj (.text:TimerIntDisable)
                  2000d9c4    00000018                 : timer.obj (.text:TimerIntEnable)
                  2000d9dc    00000018     rtsv7M4_T_le_eabi.lib : args_main.obj (.text)
                  2000d9f4    00000018                           : ll_mul_t2.obj (.text)
                  2000da0c    00000016     driverlib.a : i2c.obj (.text:I2CMasterDataPut)
                  2000da22    00000016                 : i2c.obj (.text:I2CMasterEnable)
                  2000da38    00000016                 : prcm.obj (.text:PRCMHIBRegRead)
                  2000da4e    00000016                 : prcm.obj (.text:PRCMHIBRegWrite)
                  2000da64    00000016                 : uart.obj (.text:UARTCharGet)
                  2000da7a    00000016     simplelink.a : fs.obj (.text:_sl_Strlen)
                  2000da90    00000016     driverlib.a : udma.obj (.text:uDMAIntRegister)
                  2000daa6    00000014                 : cpu.obj (.text:CPUcpsie)
                  2000daba    00000002     --HOLE-- [fill = 0]
                  2000dabc    00000014                 : interrupt.obj (.text:IntVTableBaseSet)
                  2000dad0    00000014     simplelink.a : driver.obj (.text:_SlDrvShiftDWord)
                  2000dae4    00000014     rtsv7M4_T_le_eabi.lib : _lock.obj (.text)
                  2000daf8    00000014                           : strlen.obj (.text)
                  2000db0c    00000014     driverlib.a : udma.obj (.text:uDMAControlBaseSet)
                  2000db20    00000014                 : udma.obj (.text:uDMAIntClear)
                  2000db34    00000012                 : i2c.obj (.text:I2CMasterControl)
                  2000db46    00000012                 : i2c.obj (.text:I2CMasterIntClearEx)
                  2000db58    00000012                 : i2c.obj (.text:I2CMasterTimeoutSet)
                  2000db6a    00000012                 : timer.obj (.text:TimerIntClear)
                  2000db7c    00000012     rtsv7M4_T_le_eabi.lib : copy_zero_init.obj (.text:decompress:ZI)
                  2000db8e    00000012     simplelink.a : netapp.obj (.text:sl_NetAppMDNSUnRegisterService)
                  2000dba0    00000012     driverlib.a : udma.obj (.text:uDMAIntUnregister)
                  2000dbb2    00000002     --HOLE-- [fill = 0]
                  2000dbb4    00000010     simplelink.a : cc_pal.obj (.text:NwpMaskInterrupt)
                  2000dbc4    00000010     rtsv7M4_T_le_eabi.lib : strcpy.obj (.text)
                  2000dbd4    0000000e     driverlib.a : i2c.obj (.text:I2CMasterDataGet)
                  2000dbe2    0000000e     rtsv7M4_T_le_eabi.lib : copy_decompress_none.obj (.text:decompress:none)
                  2000dbf0    0000000e                           : xdclass.obj (.text)
                  2000dbfe    0000000e     startup_ccs.obj (.text)
                  2000dc0c    0000000c     simplelink.a : cc_pal.obj (.text:NwpUnMaskInterrupt)
                  2000dc18    0000000c     driverlib.a : udma.obj (.text:uDMADisable)
                  2000dc24    0000000c                 : udma.obj (.text:uDMAEnable)
                  2000dc30    0000000c                 : udma.obj (.text:uDMAIntStatus)
                  2000dc3c    0000000a                 : interrupt.obj (.text:IntMasterEnable)
                  2000dc46    00000008     simplelink.a : wlan.obj (.text:sl_WlanDisconnect)
                  2000dc4e    00000006     driverlib.a : utils.obj (.text:UtilsDelay)
                  2000dc54    00000006     rtsv7M4_T_le_eabi.lib : copy_decompress_rle.obj (.text:decompress:rle24)

.const     0    2000dc5c    000006d5     
                  2000dc5c    00000102     rtsv7M4_T_le_eabi.lib : ctype.obj (.const:.string:_ctypes_)
                  2000dd5e    00000002     --HOLE-- [fill = 0]
                  2000dd60    00000100     driverlib.a : pin.obj (.const:g_ulPinToPadMap)
                  2000de60    000000ec     simplelink.a : wlan.obj (.const)
                  2000df4c    000000d4     driverlib.a : interrupt.obj (.const:g_pulRegs)
                  2000e020    000000a8                 : prcm.obj (.const:PRCM_PeriphRegsList)
                  2000e0c8    00000080                 : interrupt.obj (.const)
                  2000e148    0000004c     simplelink.a : driver.obj (.const)
                  2000e194    0000003e     network_relater_fns.obj (.const:.string)
                  2000e1d2    00000002     --HOLE-- [fill = 0]
                  2000e1d4    00000038     simplelink.a : fs.obj (.const)
                  2000e20c    00000036     flash_files.obj (.const:.string)
                  2000e242    00000002     --HOLE-- [fill = 0]
                  2000e244    0000002c     network_relater_fns.obj (.const:$P$T1$2)
                  2000e270    00000028     simplelink.a : netapp.obj (.const)
                  2000e298    00000022     network_relater_fns.obj (.const:.string:$P$T0$1)
                  2000e2ba    00000002     --HOLE-- [fill = 0]
                  2000e2bc    00000020     network_relater_fns.obj (.const)
                  2000e2dc    0000001b     wifi_provisioning_thruAPmode.obj (.const:.string)
                  2000e2f7    00000001     --HOLE-- [fill = 0]
                  2000e2f8    00000018     driverlib.a : spi.obj (.const)
                  2000e310    00000014     simplelink.a : device.obj (.const)
                  2000e324    00000008                  : netcfg.obj (.const)
                  2000e32c    00000005     main.obj (.const:.string)

.cinit     0    2000e338    00000098     
                  2000e338    00000074     (.cinit..data.load) [load image, compression = rle]
                  2000e3ac    0000000c     (__TI_handler_table)
                  2000e3b8    00000008     (.cinit..bss.load) [load image, compression = zero_init]
                  2000e3c0    00000010     (__TI_cinit_table)

.sysmem    0    20018000    00004000     UNINITIALIZED
                  20018000    00000008     rtsv7M4_T_le_eabi.lib : memory.obj (.sysmem)
                  20018008    00003ff8     --HOLE--

.bss       0    2001c000    00000a91     UNINITIALIZED
                  2001c000    00000400     udma_if.obj (.bss:gpCtlTbl)
                  2001c400    00000370     main.obj (.bss:g_NetEntries)
                  2001c770    00000100     udma_if.obj (.bss:gfpAppCallbackHndl)
                  2001c870    000000c8     free_rtos.a : tasks.obj (.bss:pxReadyTasksLists)
                  2001c938    00000050                 : queue.obj (.bss:xQueueRegistry)
                  2001c988    00000034     main.obj (.bss:g_cWlanSecurityKey)
                  2001c9bc    00000024     main.obj (.bss:g_cWlanSSID)
                  2001c9e0    00000024     main.obj (.bss:g_ucConnectionSSID)
                  2001ca04    00000014     (.common:xDelayedTaskList1)
                  2001ca18    00000014     (.common:xDelayedTaskList2)
                  2001ca2c    00000014     (.common:xPendingReadyList)
                  2001ca40    00000014     (.common:xSuspendedTaskList)
                  2001ca54    00000014     (.common:xTasksWaitingTermination)
                  2001ca68    0000000c     (.common:g_SecParams)
                  2001ca74    00000008     (.common:g_ucConnectionBSSID)
                  2001ca7c    00000004     (.common:__Errorlog)
                  2001ca80    00000004     (.common:g_cWlanSecurityType)
                  2001ca84    00000004     (.common:pxDelayedTaskList)
                  2001ca88    00000004     (.common:pxOverflowDelayedTaskList)
                  2001ca8c    00000004     (.common:v_TimerOverflows)
                  2001ca90    00000001     (.common:iDone)


LINKER GENERATED COPY TABLES

__TI_cinit_table @ 2000e3c0 records: 2, size/record: 8, table size: 16
	.data: load addr=2000e338, load size=00000074 bytes, run addr=20000000, run size=000002a4 bytes, compression=rle
	.bss: load addr=2000e3b8, load size=00000008 bytes, run addr=2001c000, run size=00000a91 bytes, compression=zero_init


LINKER GENERATED HANDLER TABLE

__TI_handler_table @ 2000e3ac records: 3, size/record: 4, table size: 12
	index: 0, handler: __TI_decompress_rle24
	index: 1, handler: __TI_decompress_none
	index: 2, handler: __TI_zero_init


GLOBAL SYMBOLS: SORTED ALPHABETICALLY BY Name 

address    name
--------   ----
2000ce9d   C$$EXIT
2000daa7   CPUcpsie
20009781   ClearTerm
2000593d   ConfigureMode
20005695   ConfigureSimpleLinkToDefaultState
20005975   ConnectToNetwork
20005add   ConnectToNetwork_2
20005b9f   ConnectToNetwork_STA
20005b83   ConnectToNetwork_STA_2
2000d87d   CopyPingResultsToReport
20009c55   CreateFile_Flash
20000190   DMAMsgQ
20009f35   DMASetupTransfer
20009dff   DmaErrorIntHandler
2000d3d1   DmaSpiSwIntHandler
20009ded   DmaSwIntHandler
20009787   Error
2000d209   GPIODirModeSet
200097bb   GetCmd
2000ae85   GetTimeDuration
2000db35   I2CMasterControl
2000dbd5   I2CMasterDataGet
2000da0d   I2CMasterDataPut
2000da23   I2CMasterEnable
2000d3fd   I2CMasterErr
2000bded   I2CMasterInitExpClk
2000db47   I2CMasterIntClearEx
2000d759   I2CMasterIntStatusEx
2000d64d   I2CMasterSlaveAddrSet
2000db59   I2CMasterTimeoutSet
2000a0f7   I2C_IF_Close
2000a0cd   I2C_IF_Open
2000a045   I2C_IF_Read
2000a0ad   I2C_IF_ReadFrom
20009fe3   I2C_IF_Write
20009749   InitTerm
20005659   InitializeAppVariables
2000ae2f   InitializeTimer
2000b419   IntDisable
2000b4c1   IntEnable
2000dc3d   IntMasterEnable
2000c889   IntPendClear
2000c9e9   IntPrioritySet
2000d6f9   IntRegister
2000d551   IntUnregister
2000dabd   IntVTableBaseSet
2000933d   Main_Task
20009767   Message
2000dbb5   NwpMaskInterrupt
2000d0a9   NwpPowerOff
2000d311   NwpPowerOn
2000bef5   NwpPowerOnPreamble
2000d66f   NwpRegisterInterruptHandler
2000dc0d   NwpUnMaskInterrupt
2000a385   PRCMCC3200MCUInit
2000da39   PRCMHIBRegRead
2000da4f   PRCMHIBRegWrite
2000d501   PRCMPeripheralClkDisable
2000d0e5   PRCMPeripheralClkEnable
2000b7e5   PRCMPeripheralClockGet
2000c8e1   PRCMPeripheralReset
2000d241   PRCMPeripheralStatusGet
2000d429   PRCMSysResetCauseGet
2000bb49   PinConfigSet
2000cf69   PinModeSet
2000b367   PinMuxConfig
2000d897   PinTypeCamera
2000d341   PinTypeGPIO
2000d7ef   PinTypeI2C
2000d8b1   PinTypeUART
20008425   ProvisioningAP
20009d2f   ReadFile_FromFlash
20009865   Report
2000dbff   ResetISR
UNDEFED    SHT$$INIT_ARRAY$$Base
UNDEFED    SHT$$INIT_ARRAY$$Limit
2000d94d   SPICSDisable
2000d965   SPICSEnable
2000b611   SPIConfigSetExpClk
2000d97d   SPIDisable
2000d8cb   SPIDmaDisable
2000d8e5   SPIDmaEnable
2000d995   SPIEnable
2000d8ff   SPIFIFODisable
2000d919   SPIFIFOEnable
2000d275   SPIFIFOLevelSet
2000ccb1   SPIIntClear
2000cb39   SPIIntEnable
2000d691   SPIReset
2000d6b3   SPIWordCountSet
20000258   SecurityParams
20009e7d   SetupTransfer
200063ab   SimpleLinkHttpServerCallback
20005ed1   SimpleLinkNetAppEventHandler
20005f41   SimpleLinkSockEventHandler
20005d79   SimpleLinkWlanEventHandler
2000ae5b   StartTimer
2000ae77   StopTimer
2000ae1d   TimerBaseIntHandler
2000ce15   TimerConfigure
2000d777   TimerDisable
2000d795   TimerEnable
2000db6b   TimerIntClear
2000d9ad   TimerIntDisable
2000d9c5   TimerIntEnable
2000c429   TimerIntRegister
2000d7b3   TimerIntStatus
2000c509   TimerIntUnregister
2000d4ad   TimerLoadSet
2000d4d7   TimerPrescaleSet
2000d80b   TimerValueGet
2000b5ed   Timer_IF_DeInit
2000b605   Timer_IF_GetCount
2000b569   Timer_IF_Init
2000b593   Timer_IF_IntSetup
2000b5c5   Timer_IF_InterruptClear
2000d4ad   Timer_IF_ReLoad
2000b5d9   Timer_IF_Start
2000d777   Timer_IF_Stop
2000981b   TrimSpace
2000da65   UARTCharGet
2000d7d1   UARTCharPut
2000c255   UARTConfigSetExpClk
2000d371   UARTDisable
2000d575   UARTEnable
20009e55   UDMAChannelSelect
20009f21   UDMADeInit
20009e0b   UDMAInit
20009eb3   UDMASetupAutoMemTransfer
20009ed7   UDMASetupPingPongTransfer
2000dc4f   UtilsDelay
20008291   VDeleteSimpleLinkSpawnTask
20008241   VStartSimpleLinkSpawnTask
20009cad   WriteFile_ToFlash
2000dbf1   _Dclass
2000cee1   _Dtest
2000e15c   _SlActionLookupTable
20008fe9   _SlAsyncEventGenericHandler
2000e31c   _SlDeviceGetCmdCtrl
2000e320   _SlDeviceSetCmdCtrl
2000d2a9   _SlDrvBasicCmd
2000b879   _SlDrvClassifyRxMsg
2000be71   _SlDrvCmdOp
2000d719   _SlDrvCmdSend
2000d933   _SlDrvDeviceEventHandler
2000c939   _SlDrvDriverCBDeinit
2000bf75   _SlDrvDriverCBInit
2000d455   _SlDrvFlowContDeinit
2000d481   _SlDrvFlowContInit
20008c41   _SlDrvMsgRead
2000b201   _SlDrvMsgReadCmdCtx
2000b9a1   _SlDrvMsgReadSpawnCtx
2000a715   _SlDrvMsgWrite
2000b2b5   _SlDrvNetAppEventHandler
2000d829   _SlDrvObjDeInit
2000d121   _SlDrvObjInit
2000aa45   _SlDrvReleasePoolObj
2000a10d   _SlDrvRxHdrRead
2000cfa9   _SlDrvRxIrqHandler
2000dad1   _SlDrvShiftDWord
2000a939   _SlDrvWaitForPoolObj
2000e318   _SlEventMaskGetCmdCtrl
2000e314   _SlEventMaskSetCmdCtrl
2000b74d   _SlFindAndSetActiveObj
2000e1d8   _SlFsCloseCmdCtrl
2000e1e8   _SlFsDeleteCmdCtrl
2000e1e4   _SlFsGetInfoCmdCtrl
2000e1d4   _SlFsOpenCmdCtrl
2000e1dc   _SlFsReadCmdCtrl
2000e1e0   _SlFsWriteCmdCtrl
2000e288   _SlGetHostByNameCtrl
2000e284   _SlGetHostByServiceCtrl
2000e27c   _SlGetServiceListeCtrl
2000e294   _SlNetAppGetCmdCtrl
2000e290   _SlNetAppSendTokenValueCmdCtrl
2000e28c   _SlNetAppSetCmdCtrl
2000e274   _SlNetAppStartCtrl
2000e278   _SlNetAppStopCtrl
2000e328   _SlNetCfgGetCmdCtrl
2000e324   _SlNetCfgSetCmdCtrl
2000de68   _SlPolicyGetCmdCtrl
2000de64   _SlPolicySetCmdCtrl
2000de70   _SlProfileDelCmdCtrl
2000de6c   _SlProfileGetCmdCtrl
2000e280   _SlRegisterServiceCtrl
2000cfe9   _SlRemoveFromList
2000de78   _SlRxFilterAddtCmdCtrl
2000de80   _SlRxFilterGetCmdCtrl
2000de7c   _SlRxFilterSetCmdCtrl
2000de84   _SlSmartConfigStartCmdCtrl
2000e310   _SlStopCmdCtrl
2000de90   _SlWlanCfgGetCmdCtrl
2000de8c   _SlWlanCfgSetCmdCtrl
2000de74   _SlWlanGetNetworkListCtrl
2000de88   _SlWlanSetModeCmdCtrl
20004000   __STACK_END
00001000   __STACK_SIZE
00004000   __SYSMEM_SIZE
2000e3c0   __TI_CINIT_Base
2000e3d0   __TI_CINIT_Limit
2000e3ac   __TI_Handler_Table_Base
2000e3b8   __TI_Handler_Table_Limit
00000001   __TI_args_main
2000b90d   __TI_auto_init
20000294   __TI_cleanup_ptr
2000dbe3   __TI_decompress_none
2000dc55   __TI_decompress_rle24
20000298   __TI_dtors_ptr
2000719b   __TI_printfi
2000e338   __TI_static_base__
2000db7d   __TI_zero_init
2000bce1   __aeabi_cdcmpeq
2000bce1   __aeabi_cdcmple
2000bd67   __aeabi_cdrcmple
2000cc67   __aeabi_d2f
2000ccf9   __aeabi_d2iz
2000990b   __aeabi_dadd
2000a24d   __aeabi_ddiv
2000ab49   __aeabi_dmul
20009901   __aeabi_dsub
2000d1d1   __aeabi_f2d
2000d3a1   __aeabi_i2d
2000d9f5   __aeabi_lmul
2000c1dd   __aeabi_memclr
2000c1dd   __aeabi_memclr4
2000c1dd   __aeabi_memclr8
2000b6b1   __aeabi_memcpy
2000b6b1   __aeabi_memcpy4
2000b6b1   __aeabi_memcpy8
2000c1df   __aeabi_memset
2000c1df   __aeabi_memset4
2000c1df   __aeabi_memset8
2000d739   __aeabi_ui2d
2000d5bd   __aeabi_ui2f
20009555   __aeabi_uldivmod
ffffffff   __binit__
ffffffff   __c_args__
20003000   __stack
2000d9dd   _args_main
2000d2dd   _c_int00
2000dc5c   _ctypes_
2000028c   _lock
2000daf3   _nop
2000daeb   _register_lock
2000dae5   _register_unlock
2000c641   _sl_GetCreateFsMode
2000cc1d   _sl_GetStartResponseConvert
2000c6a5   _sl_HandleAsync_Accept
2000c571   _sl_HandleAsync_Connect
2000bff1   _sl_HandleAsync_DnsGetHostByName
2000c5d9   _sl_HandleAsync_DnsGetHostByService
2000c2cd   _sl_HandleAsync_InitComplete
2000c499   _sl_HandleAsync_PingResponse
2000c991   _sl_HandleAsync_Select
2000ca3d   _sl_HandleAsync_Stop
2000da7b   _sl_Strlen
20018000   _sys_memory
20000290   _unlock
2000cea1   abort
2000cb85   atoi
ffffffff   binit
20008c09   calloc
2000ce59   copy_in
20004691   eTaskGetState
2000cea9   exit
20008963   free
20000004   gFirstCmdMode
2000e154   g_H2NCnysPattern
2000e14c   g_H2NSyncPattern
2001c400   g_NetEntries
2001ca68   g_SecParams
20000184   g_SpiFd
2000000c   g_StatMem
20000194   g_cDummy
2001c9bc   g_cWlanSSID
2001c988   g_cWlanSecurityKey
2001ca80   g_cWlanSecurityType
20000008   g_pCB
20000188   g_pHostIntHdl
20004000   g_pfnVectors
200001e8   g_token_get
20000271   g_ucConnectedToConfAP
2001ca74   g_ucConnectionBSSID
2001c9e0   g_ucConnectionSSID
2000018c   g_ucDMAEnabled
20000198   g_ucDinDout
20000273   g_ucPriority
20000270   g_ucProfileAdded
20000272   g_ucProvisioningDone
2000026c   g_uiSimplelinkRole
20000268   g_ulGatewayIP
20000264   g_ulStatus
2001c770   gfpAppCallbackHndl
2001c000   gpCtlTbl
2001ca90   iDone
20005c55   initNetwork
2000c82f   ltoa
200093ab   main
200002a0   main_func_sp
20008901   malloc
20008395   mem_Free
20008389   mem_Malloc
200083b5   mem_copy
200083a1   mem_set
20008b29   memalign
2000d845   memccpy
2000d6d5   memcmp
2000b6b1   memcpy
2000d599   memmove
2000c1e5   memset
20008875   minit
2000840b   osi_ContextRestore
20008409   osi_ContextSave
200083c9   osi_EnterCritical
200083d3   osi_ExitCritical
20007fef   osi_InterruptDeRegister
20007fc9   osi_InterruptRegister
200080f9   osi_LockObjCreate
2000816d   osi_LockObjDelete
2000817d   osi_LockObjLock
200081a9   osi_LockObjUnlock
200082bd   osi_MsgQCreate
20008301   osi_MsgQDelete
2000834d   osi_MsgQRead
2000831b   osi_MsgQWrite
200083e5   osi_Sleep
200081d3   osi_Spawn
200080d7   osi_SyncObjClear
20008001   osi_SyncObjCreate
20008031   osi_SyncObjDelete
2000804b   osi_SyncObjSignal
20008073   osi_SyncObjSignalFromISR
200080ab   osi_SyncObjWait
2000811f   osi_TaskCreate
2000815f   osi_TaskDelete
200083f5   osi_TaskDisable
200083ff   osi_TaskEnable
200083dd   osi_start
20000000   pPingCallBackFunc
20004bb5   pcTaskGetTaskName
2000b1f9   portCLZ
2000b1e1   prvPortStartFirstTask
2000d199   pvPortMalloc
20000224   pxCurrentTCB
2000a829   pxPortInitialiseStack
20008a23   realloc
2000c06d   sl_DevGet
2000cd41   sl_DevSet
2000c0e9   sl_FsClose
2000ca91   sl_FsOpen
2000ba31   sl_FsRead
2000babd   sl_FsWrite
2000bc59   sl_NetAppMDNSRegisterUnregisterService
2000db8f   sl_NetAppMDNSUnRegisterService
2000cae5   sl_NetAppSendTokenValue
2000d5e1   sl_NetAppStart
2000d605   sl_NetAppStop
2000cf25   sl_NetCfgSet
2000b085   sl_Start
2000afc1   sl_Stop
20009ab9   sl_WlanConnect
2000dc47   sl_WlanDisconnect
2000c341   sl_WlanGet
2000d029   sl_WlanPolicySet
2000d629   sl_WlanProfileDel
2000d069   sl_WlanRxFilterSet
2000cd89   sl_WlanSet
2000d529   sl_WlanSetMode
2000c3b5   spi_Close
2000a4b9   spi_Open
2000aef5   spi_Read
2000ad35   spi_Write
2000dbc5   strcpy
2000daf9   strlen
2000cbd1   uDMAChannelAssign
2000c709   uDMAChannelAttributeDisable
2000c76d   uDMAChannelAttributeEnable
2000d15d   uDMAChannelControlSet
2000d861   uDMAChannelEnable
2000ac45   uDMAChannelTransferSet
2000db0d   uDMAControlBaseSet
2000dc19   uDMADisable
2000dc25   uDMAEnable
2000db21   uDMAIntClear
2000da91   uDMAIntRegister
2000dc31   uDMAIntStatus
2000dba1   uDMAIntUnregister
20007c25   ucQueueGetQueueType
2000b149   ulPortSetInterruptMask
2000a6cb   uxListRemove
20007c05   uxQueueGetQueueNumber
20007b99   uxQueueMessagesWaiting
20007bcf   uxQueueMessagesWaitingFromISR
20007baf   uxQueueSpacesAvailable
20004ba9   uxTaskGetNumberOfTasks
20004bd9   uxTaskGetSystemState
200050c9   uxTaskGetTaskNumber
20004725   uxTaskPriorityGet
20005621   uxTaskResetEventItemValue
20009337   vApplicationIdleHook
20009339   vApplicationMallocFailedHook
2000933b   vApplicationStackOverflowHook
20009335   vAssertCalled
2000a5e9   vListInitialise
2000a619   vListInitialiseItem
2000a665   vListInsert
2000a629   vListInsertEnd
2000b15f   vPortClearInterruptMask
2000a8a5   vPortEndScheduler
2000a8b9   vPortEnterCritical
2000a8d1   vPortExitCritical
2000d1b9   vPortFree
2000b1b9   vPortSVCHandler
2000a905   vPortSetupTimerInterrupt
2000a8a7   vPortYield
20007e3f   vQueueAddToRegistry
20007be1   vQueueDelete
20007c13   vQueueSetQueueNumber
20007e81   vQueueUnregisterQueue
2000463b   vTaskDelay
2000459f   vTaskDelayUntil
2000450f   vTaskDelete
20004a8d   vTaskEndScheduler
200050bb   vTaskMissedYield
20004e51   vTaskPlaceOnEventList
20004eb5   vTaskPlaceOnUnorderedEventList
20005597   vTaskPriorityDisinherit
200054dd   vTaskPriorityInherit
2000475d   vTaskPrioritySet
20004955   vTaskResume
200050e9   vTaskSetTaskNumber
2000501b   vTaskSetTimeOutState
20004a43   vTaskStartScheduler
20004861   vTaskSuspend
20004a9f   vTaskSuspendAll
20004dd1   vTaskSwitchContext
2001ca8c   v_TimerOverflows
2000bbd1   vsnprintf
20000274   xHigherPriorityTaskWoken
2000b16d   xPortPendSVHandler
2000a879   xPortStartScheduler
2000a8e9   xPortSysTickHandler
20007ecf   xQueueAddToSet
20007801   xQueueAltGenericReceive
20007755   xQueueAltGenericSend
20007629   xQueueCreateCountingSemaphore
200075ab   xQueueCreateMutex
20007ebb   xQueueCreateSet
20007535   xQueueGenericCreate
2000799b   xQueueGenericReceive
200074a5   xQueueGenericReset
20007649   xQueueGenericSend
200078ff   xQueueGenericSendFromISR
20007ddb   xQueueIsQueueEmptyFromISR
20007e1d   xQueueIsQueueFullFromISR
20007b55   xQueuePeekFromISR
20007add   xQueueReceiveFromISR
2001c938   xQueueRegistry
20007f03   xQueueRemoveFromSet
20007f45   xQueueSelectFromSet
20007f5f   xQueueSelectFromSetFromISR
20000278   xSimpleLinkSpawnQueue
2000027c   xSimpleLinkSpawnTaskHndl
20005041   xTaskCheckForTimeOut
20004401   xTaskGenericCreate
20005491   xTaskGetCurrentTaskHandle
20004c97   xTaskGetIdleTaskHandle
200054a5   xTaskGetSchedulerState
20004b7d   xTaskGetTickCount
20004b91   xTaskGetTickCountFromISR
20004cb5   xTaskIncrementTick
20004f25   xTaskRemoveFromEventList
20004fad   xTaskRemoveFromUnorderedEventList
20004ab1   xTaskResumeAll
200049c9   xTaskResumeFromISR


GLOBAL SYMBOLS: SORTED BY Symbol Address 

address    name
--------   ----
00000001   __TI_args_main
00001000   __STACK_SIZE
00004000   __SYSMEM_SIZE
20000000   pPingCallBackFunc
20000004   gFirstCmdMode
20000008   g_pCB
2000000c   g_StatMem
20000184   g_SpiFd
20000188   g_pHostIntHdl
2000018c   g_ucDMAEnabled
20000190   DMAMsgQ
20000194   g_cDummy
20000198   g_ucDinDout
200001e8   g_token_get
20000224   pxCurrentTCB
20000258   SecurityParams
20000264   g_ulStatus
20000268   g_ulGatewayIP
2000026c   g_uiSimplelinkRole
20000270   g_ucProfileAdded
20000271   g_ucConnectedToConfAP
20000272   g_ucProvisioningDone
20000273   g_ucPriority
20000274   xHigherPriorityTaskWoken
20000278   xSimpleLinkSpawnQueue
2000027c   xSimpleLinkSpawnTaskHndl
2000028c   _lock
20000290   _unlock
20000294   __TI_cleanup_ptr
20000298   __TI_dtors_ptr
200002a0   main_func_sp
20003000   __stack
20004000   __STACK_END
20004000   g_pfnVectors
20004401   xTaskGenericCreate
2000450f   vTaskDelete
2000459f   vTaskDelayUntil
2000463b   vTaskDelay
20004691   eTaskGetState
20004725   uxTaskPriorityGet
2000475d   vTaskPrioritySet
20004861   vTaskSuspend
20004955   vTaskResume
200049c9   xTaskResumeFromISR
20004a43   vTaskStartScheduler
20004a8d   vTaskEndScheduler
20004a9f   vTaskSuspendAll
20004ab1   xTaskResumeAll
20004b7d   xTaskGetTickCount
20004b91   xTaskGetTickCountFromISR
20004ba9   uxTaskGetNumberOfTasks
20004bb5   pcTaskGetTaskName
20004bd9   uxTaskGetSystemState
20004c97   xTaskGetIdleTaskHandle
20004cb5   xTaskIncrementTick
20004dd1   vTaskSwitchContext
20004e51   vTaskPlaceOnEventList
20004eb5   vTaskPlaceOnUnorderedEventList
20004f25   xTaskRemoveFromEventList
20004fad   xTaskRemoveFromUnorderedEventList
2000501b   vTaskSetTimeOutState
20005041   xTaskCheckForTimeOut
200050bb   vTaskMissedYield
200050c9   uxTaskGetTaskNumber
200050e9   vTaskSetTaskNumber
20005491   xTaskGetCurrentTaskHandle
200054a5   xTaskGetSchedulerState
200054dd   vTaskPriorityInherit
20005597   vTaskPriorityDisinherit
20005621   uxTaskResetEventItemValue
20005659   InitializeAppVariables
20005695   ConfigureSimpleLinkToDefaultState
2000593d   ConfigureMode
20005975   ConnectToNetwork
20005add   ConnectToNetwork_2
20005b83   ConnectToNetwork_STA_2
20005b9f   ConnectToNetwork_STA
20005c55   initNetwork
20005d79   SimpleLinkWlanEventHandler
20005ed1   SimpleLinkNetAppEventHandler
20005f41   SimpleLinkSockEventHandler
200063ab   SimpleLinkHttpServerCallback
2000719b   __TI_printfi
200074a5   xQueueGenericReset
20007535   xQueueGenericCreate
200075ab   xQueueCreateMutex
20007629   xQueueCreateCountingSemaphore
20007649   xQueueGenericSend
20007755   xQueueAltGenericSend
20007801   xQueueAltGenericReceive
200078ff   xQueueGenericSendFromISR
2000799b   xQueueGenericReceive
20007add   xQueueReceiveFromISR
20007b55   xQueuePeekFromISR
20007b99   uxQueueMessagesWaiting
20007baf   uxQueueSpacesAvailable
20007bcf   uxQueueMessagesWaitingFromISR
20007be1   vQueueDelete
20007c05   uxQueueGetQueueNumber
20007c13   vQueueSetQueueNumber
20007c25   ucQueueGetQueueType
20007ddb   xQueueIsQueueEmptyFromISR
20007e1d   xQueueIsQueueFullFromISR
20007e3f   vQueueAddToRegistry
20007e81   vQueueUnregisterQueue
20007ebb   xQueueCreateSet
20007ecf   xQueueAddToSet
20007f03   xQueueRemoveFromSet
20007f45   xQueueSelectFromSet
20007f5f   xQueueSelectFromSetFromISR
20007fc9   osi_InterruptRegister
20007fef   osi_InterruptDeRegister
20008001   osi_SyncObjCreate
20008031   osi_SyncObjDelete
2000804b   osi_SyncObjSignal
20008073   osi_SyncObjSignalFromISR
200080ab   osi_SyncObjWait
200080d7   osi_SyncObjClear
200080f9   osi_LockObjCreate
2000811f   osi_TaskCreate
2000815f   osi_TaskDelete
2000816d   osi_LockObjDelete
2000817d   osi_LockObjLock
200081a9   osi_LockObjUnlock
200081d3   osi_Spawn
20008241   VStartSimpleLinkSpawnTask
20008291   VDeleteSimpleLinkSpawnTask
200082bd   osi_MsgQCreate
20008301   osi_MsgQDelete
2000831b   osi_MsgQWrite
2000834d   osi_MsgQRead
20008389   mem_Malloc
20008395   mem_Free
200083a1   mem_set
200083b5   mem_copy
200083c9   osi_EnterCritical
200083d3   osi_ExitCritical
200083dd   osi_start
200083e5   osi_Sleep
200083f5   osi_TaskDisable
200083ff   osi_TaskEnable
20008409   osi_ContextSave
2000840b   osi_ContextRestore
20008425   ProvisioningAP
20008875   minit
20008901   malloc
20008963   free
20008a23   realloc
20008b29   memalign
20008c09   calloc
20008c41   _SlDrvMsgRead
20008fe9   _SlAsyncEventGenericHandler
20009335   vAssertCalled
20009337   vApplicationIdleHook
20009339   vApplicationMallocFailedHook
2000933b   vApplicationStackOverflowHook
2000933d   Main_Task
200093ab   main
20009555   __aeabi_uldivmod
20009749   InitTerm
20009767   Message
20009781   ClearTerm
20009787   Error
200097bb   GetCmd
2000981b   TrimSpace
20009865   Report
20009901   __aeabi_dsub
2000990b   __aeabi_dadd
20009ab9   sl_WlanConnect
20009c55   CreateFile_Flash
20009cad   WriteFile_ToFlash
20009d2f   ReadFile_FromFlash
20009ded   DmaSwIntHandler
20009dff   DmaErrorIntHandler
20009e0b   UDMAInit
20009e55   UDMAChannelSelect
20009e7d   SetupTransfer
20009eb3   UDMASetupAutoMemTransfer
20009ed7   UDMASetupPingPongTransfer
20009f21   UDMADeInit
20009f35   DMASetupTransfer
20009fe3   I2C_IF_Write
2000a045   I2C_IF_Read
2000a0ad   I2C_IF_ReadFrom
2000a0cd   I2C_IF_Open
2000a0f7   I2C_IF_Close
2000a10d   _SlDrvRxHdrRead
2000a24d   __aeabi_ddiv
2000a385   PRCMCC3200MCUInit
2000a4b9   spi_Open
2000a5e9   vListInitialise
2000a619   vListInitialiseItem
2000a629   vListInsertEnd
2000a665   vListInsert
2000a6cb   uxListRemove
2000a715   _SlDrvMsgWrite
2000a829   pxPortInitialiseStack
2000a879   xPortStartScheduler
2000a8a5   vPortEndScheduler
2000a8a7   vPortYield
2000a8b9   vPortEnterCritical
2000a8d1   vPortExitCritical
2000a8e9   xPortSysTickHandler
2000a905   vPortSetupTimerInterrupt
2000a939   _SlDrvWaitForPoolObj
2000aa45   _SlDrvReleasePoolObj
2000ab49   __aeabi_dmul
2000ac45   uDMAChannelTransferSet
2000ad35   spi_Write
2000ae1d   TimerBaseIntHandler
2000ae2f   InitializeTimer
2000ae5b   StartTimer
2000ae77   StopTimer
2000ae85   GetTimeDuration
2000aef5   spi_Read
2000afc1   sl_Stop
2000b085   sl_Start
2000b149   ulPortSetInterruptMask
2000b15f   vPortClearInterruptMask
2000b16d   xPortPendSVHandler
2000b1b9   vPortSVCHandler
2000b1e1   prvPortStartFirstTask
2000b1f9   portCLZ
2000b201   _SlDrvMsgReadCmdCtx
2000b2b5   _SlDrvNetAppEventHandler
2000b367   PinMuxConfig
2000b419   IntDisable
2000b4c1   IntEnable
2000b569   Timer_IF_Init
2000b593   Timer_IF_IntSetup
2000b5c5   Timer_IF_InterruptClear
2000b5d9   Timer_IF_Start
2000b5ed   Timer_IF_DeInit
2000b605   Timer_IF_GetCount
2000b611   SPIConfigSetExpClk
2000b6b1   __aeabi_memcpy
2000b6b1   __aeabi_memcpy4
2000b6b1   __aeabi_memcpy8
2000b6b1   memcpy
2000b74d   _SlFindAndSetActiveObj
2000b7e5   PRCMPeripheralClockGet
2000b879   _SlDrvClassifyRxMsg
2000b90d   __TI_auto_init
2000b9a1   _SlDrvMsgReadSpawnCtx
2000ba31   sl_FsRead
2000babd   sl_FsWrite
2000bb49   PinConfigSet
2000bbd1   vsnprintf
2000bc59   sl_NetAppMDNSRegisterUnregisterService
2000bce1   __aeabi_cdcmpeq
2000bce1   __aeabi_cdcmple
2000bd67   __aeabi_cdrcmple
2000bded   I2CMasterInitExpClk
2000be71   _SlDrvCmdOp
2000bef5   NwpPowerOnPreamble
2000bf75   _SlDrvDriverCBInit
2000bff1   _sl_HandleAsync_DnsGetHostByName
2000c06d   sl_DevGet
2000c0e9   sl_FsClose
2000c1dd   __aeabi_memclr
2000c1dd   __aeabi_memclr4
2000c1dd   __aeabi_memclr8
2000c1df   __aeabi_memset
2000c1df   __aeabi_memset4
2000c1df   __aeabi_memset8
2000c1e5   memset
2000c255   UARTConfigSetExpClk
2000c2cd   _sl_HandleAsync_InitComplete
2000c341   sl_WlanGet
2000c3b5   spi_Close
2000c429   TimerIntRegister
2000c499   _sl_HandleAsync_PingResponse
2000c509   TimerIntUnregister
2000c571   _sl_HandleAsync_Connect
2000c5d9   _sl_HandleAsync_DnsGetHostByService
2000c641   _sl_GetCreateFsMode
2000c6a5   _sl_HandleAsync_Accept
2000c709   uDMAChannelAttributeDisable
2000c76d   uDMAChannelAttributeEnable
2000c82f   ltoa
2000c889   IntPendClear
2000c8e1   PRCMPeripheralReset
2000c939   _SlDrvDriverCBDeinit
2000c991   _sl_HandleAsync_Select
2000c9e9   IntPrioritySet
2000ca3d   _sl_HandleAsync_Stop
2000ca91   sl_FsOpen
2000cae5   sl_NetAppSendTokenValue
2000cb39   SPIIntEnable
2000cb85   atoi
2000cbd1   uDMAChannelAssign
2000cc1d   _sl_GetStartResponseConvert
2000cc67   __aeabi_d2f
2000ccb1   SPIIntClear
2000ccf9   __aeabi_d2iz
2000cd41   sl_DevSet
2000cd89   sl_WlanSet
2000ce15   TimerConfigure
2000ce59   copy_in
2000ce9d   C$$EXIT
2000cea1   abort
2000cea9   exit
2000cee1   _Dtest
2000cf25   sl_NetCfgSet
2000cf69   PinModeSet
2000cfa9   _SlDrvRxIrqHandler
2000cfe9   _SlRemoveFromList
2000d029   sl_WlanPolicySet
2000d069   sl_WlanRxFilterSet
2000d0a9   NwpPowerOff
2000d0e5   PRCMPeripheralClkEnable
2000d121   _SlDrvObjInit
2000d15d   uDMAChannelControlSet
2000d199   pvPortMalloc
2000d1b9   vPortFree
2000d1d1   __aeabi_f2d
2000d209   GPIODirModeSet
2000d241   PRCMPeripheralStatusGet
2000d275   SPIFIFOLevelSet
2000d2a9   _SlDrvBasicCmd
2000d2dd   _c_int00
2000d311   NwpPowerOn
2000d341   PinTypeGPIO
2000d371   UARTDisable
2000d3a1   __aeabi_i2d
2000d3d1   DmaSpiSwIntHandler
2000d3fd   I2CMasterErr
2000d429   PRCMSysResetCauseGet
2000d455   _SlDrvFlowContDeinit
2000d481   _SlDrvFlowContInit
2000d4ad   TimerLoadSet
2000d4ad   Timer_IF_ReLoad
2000d4d7   TimerPrescaleSet
2000d501   PRCMPeripheralClkDisable
2000d529   sl_WlanSetMode
2000d551   IntUnregister
2000d575   UARTEnable
2000d599   memmove
2000d5bd   __aeabi_ui2f
2000d5e1   sl_NetAppStart
2000d605   sl_NetAppStop
2000d629   sl_WlanProfileDel
2000d64d   I2CMasterSlaveAddrSet
2000d66f   NwpRegisterInterruptHandler
2000d691   SPIReset
2000d6b3   SPIWordCountSet
2000d6d5   memcmp
2000d6f9   IntRegister
2000d719   _SlDrvCmdSend
2000d739   __aeabi_ui2d
2000d759   I2CMasterIntStatusEx
2000d777   TimerDisable
2000d777   Timer_IF_Stop
2000d795   TimerEnable
2000d7b3   TimerIntStatus
2000d7d1   UARTCharPut
2000d7ef   PinTypeI2C
2000d80b   TimerValueGet
2000d829   _SlDrvObjDeInit
2000d845   memccpy
2000d861   uDMAChannelEnable
2000d87d   CopyPingResultsToReport
2000d897   PinTypeCamera
2000d8b1   PinTypeUART
2000d8cb   SPIDmaDisable
2000d8e5   SPIDmaEnable
2000d8ff   SPIFIFODisable
2000d919   SPIFIFOEnable
2000d933   _SlDrvDeviceEventHandler
2000d94d   SPICSDisable
2000d965   SPICSEnable
2000d97d   SPIDisable
2000d995   SPIEnable
2000d9ad   TimerIntDisable
2000d9c5   TimerIntEnable
2000d9dd   _args_main
2000d9f5   __aeabi_lmul
2000da0d   I2CMasterDataPut
2000da23   I2CMasterEnable
2000da39   PRCMHIBRegRead
2000da4f   PRCMHIBRegWrite
2000da65   UARTCharGet
2000da7b   _sl_Strlen
2000da91   uDMAIntRegister
2000daa7   CPUcpsie
2000dabd   IntVTableBaseSet
2000dad1   _SlDrvShiftDWord
2000dae5   _register_unlock
2000daeb   _register_lock
2000daf3   _nop
2000daf9   strlen
2000db0d   uDMAControlBaseSet
2000db21   uDMAIntClear
2000db35   I2CMasterControl
2000db47   I2CMasterIntClearEx
2000db59   I2CMasterTimeoutSet
2000db6b   TimerIntClear
2000db7d   __TI_zero_init
2000db8f   sl_NetAppMDNSUnRegisterService
2000dba1   uDMAIntUnregister
2000dbb5   NwpMaskInterrupt
2000dbc5   strcpy
2000dbd5   I2CMasterDataGet
2000dbe3   __TI_decompress_none
2000dbf1   _Dclass
2000dbff   ResetISR
2000dc0d   NwpUnMaskInterrupt
2000dc19   uDMADisable
2000dc25   uDMAEnable
2000dc31   uDMAIntStatus
2000dc3d   IntMasterEnable
2000dc47   sl_WlanDisconnect
2000dc4f   UtilsDelay
2000dc55   __TI_decompress_rle24
2000dc5c   _ctypes_
2000de64   _SlPolicySetCmdCtrl
2000de68   _SlPolicyGetCmdCtrl
2000de6c   _SlProfileGetCmdCtrl
2000de70   _SlProfileDelCmdCtrl
2000de74   _SlWlanGetNetworkListCtrl
2000de78   _SlRxFilterAddtCmdCtrl
2000de7c   _SlRxFilterSetCmdCtrl
2000de80   _SlRxFilterGetCmdCtrl
2000de84   _SlSmartConfigStartCmdCtrl
2000de88   _SlWlanSetModeCmdCtrl
2000de8c   _SlWlanCfgSetCmdCtrl
2000de90   _SlWlanCfgGetCmdCtrl
2000e14c   g_H2NSyncPattern
2000e154   g_H2NCnysPattern
2000e15c   _SlActionLookupTable
2000e1d4   _SlFsOpenCmdCtrl
2000e1d8   _SlFsCloseCmdCtrl
2000e1dc   _SlFsReadCmdCtrl
2000e1e0   _SlFsWriteCmdCtrl
2000e1e4   _SlFsGetInfoCmdCtrl
2000e1e8   _SlFsDeleteCmdCtrl
2000e274   _SlNetAppStartCtrl
2000e278   _SlNetAppStopCtrl
2000e27c   _SlGetServiceListeCtrl
2000e280   _SlRegisterServiceCtrl
2000e284   _SlGetHostByServiceCtrl
2000e288   _SlGetHostByNameCtrl
2000e28c   _SlNetAppSetCmdCtrl
2000e290   _SlNetAppSendTokenValueCmdCtrl
2000e294   _SlNetAppGetCmdCtrl
2000e310   _SlStopCmdCtrl
2000e314   _SlEventMaskSetCmdCtrl
2000e318   _SlEventMaskGetCmdCtrl
2000e31c   _SlDeviceGetCmdCtrl
2000e320   _SlDeviceSetCmdCtrl
2000e324   _SlNetCfgSetCmdCtrl
2000e328   _SlNetCfgGetCmdCtrl
2000e338   __TI_static_base__
2000e3ac   __TI_Handler_Table_Base
2000e3b8   __TI_Handler_Table_Limit
2000e3c0   __TI_CINIT_Base
2000e3d0   __TI_CINIT_Limit
20018000   _sys_memory
2001c000   gpCtlTbl
2001c400   g_NetEntries
2001c770   gfpAppCallbackHndl
2001c938   xQueueRegistry
2001c988   g_cWlanSecurityKey
2001c9bc   g_cWlanSSID
2001c9e0   g_ucConnectionSSID
2001ca68   g_SecParams
2001ca74   g_ucConnectionBSSID
2001ca80   g_cWlanSecurityType
2001ca8c   v_TimerOverflows
2001ca90   iDone
ffffffff   __binit__
ffffffff   __c_args__
ffffffff   binit
UNDEFED    SHT$$INIT_ARRAY$$Base
UNDEFED    SHT$$INIT_ARRAY$$Limit

[475 symbols]
