******************************************************************************
                  TI ARM Linker PC v5.2.3                      
******************************************************************************
>> Linked Fri Aug 14 18:00:19 2015

OUTPUT FILE NAME:   <ULP_SEC_CAM.out>
ENTRY POINT SYMBOL: "_c_int00"  address: 2002083d


MEMORY CONFIGURATION

         name            origin    length      used     unused   attr    fill
----------------------  --------  ---------  --------  --------  ----  --------
  SRAM_BOOTLDR          20000000   00004000  00002944  000016bc  RW X
  SRAM_CODE             20004000   0001fc00  0001f973  0000028d  RW X
  SRAM_DATA             20023c00   0001c400  0001c3b6  0000004a  RW X


SEGMENT ALLOCATION MAP

run origin  load origin   length   init length attrs members
----------  ----------- ---------- ----------- ----- -------
20000000    20000000    00000944   00000000    rw-
  20000000    20000000    00000944   00000000    rw- .data
20002000    20002000    00002000   00000000    rw-
  20002000    20002000    00002000   00000000    rw- .stack
20004000    20004000    0001f978   0001f978    r-x
  20004000    20004000    00000400   00000400    r-- .intvecs
  20004400    20004400    0001dc7c   0001dc7c    r-x .text
  2002207c    2002207c    000013bf   000013bf    r-- .const
  20023440    20023440    00000538   00000538    r-- .cinit
20023c00    20023c00    0001c3b8   00000000    rw-
  20023c00    20023c00    000173b6   00000000    rw- .bss
  2003afb8    2003afb8    00005000   00000000    rw- .sysmem


SECTION ALLOCATION MAP

 output                                  attributes/
section   page    origin      length       input sections
--------  ----  ----------  ----------   ----------------
.data      0    20000000    00000944     UNINITIALIZED
                  20000000    000003c9     cc3200_certificate.obj (.data:DigiCertHighAssuranceEVRootCA_der)
                  200003c9    00000001     tasks.obj (.data)
                  200003ca    00000002     --HOLE--
                  200003cc    000000f0     rtsv7M4_T_le_eabi.lib : defs.obj (.data:_ftable)
                  200004bc    000000d0                           : lowlev.obj (.data)
                  2000058c    000000b0                           : signal.obj (.data:sigtable)
                  2000063c    00000004     cc3200_certificate.obj (.data)
                  20000640    00000080     rtsv7M4_T_le_eabi.lib : xvalues.obj (.data)
                  200006c0    00000068                           : xfvalues.obj (.data)
                  20000728    00000064     network_relater_fns.obj (.data:Token)
                  2000078c    00000064     network_relater_fns.obj (.data:Value)
                  200007f0    0000003c     main.obj (.data:g_token_get)
                  2000082c    00000034     free_rtos.a : tasks.obj (.data)
                  20000860    00000024     main.obj (.data)
                  20000884    00000018     cc3200_utils.obj (.data)
                  2000089c    00000018     request.obj (.data)
                  200008b4    00000010     rtsv7M4_T_le_eabi.lib : defs.obj (.data)
                  200008c4    0000000c     camera_app.obj (.data)
                  200008d0    0000000c     free_rtos.a : osi_freertos.obj (.data)
                  200008dc    0000000c     rtsv7M4_T_le_eabi.lib : memory.obj (.data)
                  200008e8    00000009     simplelink.a : cc_pal.obj (.data)
                  200008f1    00000003     --HOLE--
                  200008f4    00000009                  : driver.obj (.data)
                  200008fd    00000003     --HOLE--
                  20000900    00000008     rtsv7M4_T_le_eabi.lib : _lock.obj (.data)
                  20000908    00000008                           : exit.obj (.data)
                  20000910    00000008                           : feraiseexcept.obj (.data)
                  20000918    00000008     user_configure_fn.obj (.data)
                  20000920    00000006     http.obj (.data)
                  20000926    00000002     --HOLE--
                  20000928    00000004     free_rtos.a : port.obj (.data)
                  2000092c    00000004     middleware.a : rtc_hal.obj (.data)
                  20000930    00000004     ota.a : OtaHttp.obj (.data)
                  20000934    00000004     rtsv7M4_T_le_eabi.lib : errno.obj (.data)
                  20000938    00000004                           : fopen.obj (.data)
                  2000093c    00000004                           : rand.obj (.data)
                  20000940    00000004                           : stkdepth_vars.obj (.data)

.TI.persistent 
*          0    20000000    00000000     UNINITIALIZED

.stack     0    20002000    00002000     UNINITIALIZED
                  20002000    00002000     --HOLE--

.intvecs   0    20004000    00000400     
                  20004000    00000400     startup_ccs.obj (.intvecs)

.text      0    20004400    0001dc7c     
                  20004400    00001258     free_rtos.a : tasks.obj (.text)
                  20005658    000010a6     rtsv7M4_T_le_eabi.lib : _printfi.obj (.text)
                  200066fe    00000002     startup_ccs.obj (.text:BusFaultHandler)
                  20006700    00000b24     free_rtos.a : queue.obj (.text)
                  20007224    00000a08     magnetic.obj (.text:fUpdateCalibration10EIG)
                  20007c2c    000007c4     network_relater_fns.obj (.text:SimpleLinkHttpServerCallback)
                  200083f0    00000788     magnetic.obj (.text:fUpdateCalibration4INV)
                  20008b78    00000694     magnetic.obj (.text:fUpdateCalibration7EIG)
                  2000920c    00000688     matrix.obj (.text:eigencompute)
                  20009894    00000610     ota.a : OtaHttp.obj (.text)
                  20009ea4    000005ec     simplelink.a : driver.obj (.text:_SlDrvMsgRead)
                  2000a490    00000584     magnetic.obj (.text:iUpdateMagnetometerBuffer)
                  2000aa14    0000056c     user_configure_fn.obj (.text:User_Configure)
                  2000af80    000004e8     application_fn.obj (.text:application_fn)
                  2000b468    000004be     cc3200_utils.obj (.text:createNewInstallationId)
                  2000b926    00000002     startup_ccs.obj (.text:FaultISR)
                  2000b928    00000494     network_relater_fns.obj (.text:GetSNTPTime)
                  2000bdbc    0000045c     free_rtos.a : osi_freertos.obj (.text)
                  2000c218    0000044c     request.obj (.text:buildRequestHeaders)
                  2000c664    00000424     ota.a : OtaClient.obj (.text)
                  2000ca88    0000040c           : OtaApp.obj (.text)
                  2000ce94    000003dc     rtsv7M4_T_le_eabi.lib : memory.obj (.text)
                  2000d270    000003bc     network_relater_fns.obj (.text:SimpleLinkWlanEventHandler)
                  2000d62c    000003b8     matrix.obj (.text:fmatrixAeqInvA)
                  2000d9e4    00000378     rtsv7M4_T_le_eabi.lib : powf.obj (.text)
                  2000dd5c    0000035c     ota.a : CdnClient.obj (.text)
                  2000e0b8    00000354     orientation.obj (.text:feCompassAndroid)
                  2000e40c    00000354     orientation.obj (.text:feCompassWin8)
                  2000e760    00000350     orientation.obj (.text:feCompassNED)
                  2000eab0    0000033c     door_position_detection_algorithm.obj (.text:Calculate_DoorOpenThresholdAngle)
                  2000edec    00000338     ota.a : LogClient.obj (.text)
                  2000f124    00000324     tasks.obj (.text:MagCal_Run)
                  2000f448    0000031c     parse_uploads.obj (.text:ConstructGroundDataObject)
                  2000f764    0000030c     rtsv7M4_T_le_eabi.lib : lowlev.obj (.text)
                  2000fa70    000002dc     network_relater_fns.obj (.text:ConfigureSimpleLinkToDefaultState)
                  2000fd4c    000002d4     rtsv7M4_T_le_eabi.lib : trgdrv.obj (.text)
                  20010020    00000298     mt9d111.obj (.text:RegLstWrite)
                  200102b8    00000298     rtsv7M4_T_le_eabi.lib : vla_alloc.obj (.text)
                  20010550    00000284     camera_app.obj (.text:CaptureImage)
                  200107d4    00000278     door_position_detection_algorithm.obj (.text:check_doorpos)
                  20010a4c    00000270     user_configure_fn.obj (.text:WiFiProvisioning)
                  20010cbc    0000026e     simplejson.obj (.text:simpleJsonProcessor)
                  20010f2a    00000002     driverlib.a : interrupt.obj (.text:IntDefaultHandler)
                  20010f2c    00000268     user_configure_fn.obj (.text:Get_Calibration_MagSensor)
                  20011194    0000025c     lightSens_isl29035.obj (.text:configureISL29035)
                  200113f0    00000248     simplelink.a : driver.obj (.text:_SlDrvRxHdrRead)
                  20011638    00000244                  : wlan.obj (.text:sl_WlanConnect)
                  2001187c    00000220     ota.obj (.text:OTA_Run)
                  20011a9c    0000021e     rtsv7M4_T_le_eabi.lib : ll_div_t2.obj (.text)
                  20011cba    00000002     startup_ccs.obj (.text:IntDefaultHandler)
                  20011cbc    00000204     request.obj (.text:payloadSend)
                  20011ec0    000001f4     rtsv7M4_T_le_eabi.lib : ull_div_t2.obj (.text)
                  200120b4    000001ec     main_FXOS8700.obj (.text:angleCheck_Initializations)
                  200122a0    000001d4     user_configure_fn.obj (.text:AccessPtMode_HTTPServer_Start)
                  20012474    000001d0     parse_uploads.obj (.text:ConstructUserConfigObject)
                  20012644    000001d0     simplelink.a : driver.obj (.text:_SlDrvReleasePoolObj)
                  20012814    000001cc                  : driver.obj (.text:_SlDrvMsgWrite)
                  200129e0    000001c8     main.obj (.text:main)
                  20012ba8    000001c4     tasks.obj (.text:RdSensData_Run)
                  20012d6c    000001c4     rtsv7M4_T_le_eabi.lib : fopen.obj (.text)
                  20012f30    000001c0     magnetic.obj (.text:fInvertMagCal)
                  200130f0    000001bc     rtsv7M4_T_le_eabi.lib : xflog.obj (.text)
                  200132ac    000001b6                           : fd_add_t2.obj (.text)
                  20013462    00000002     startup_ccs.obj (.text:NmiSR)
                  20013464    000001ac     parse_uploads.obj (.text:ConstructDeviceStateObject)
                  20013610    000001ac     network_relater_fns.obj (.text:initNetwork)
                  200137bc    000001a4     orientation.obj (.text:fQuaternionFromRotationMatrix)
                  20013960    000001a4     cc3200_socket.obj (.text:socketSslConnect)
                  20013b04    000001a0     camera_app.obj (.text:CameraIntHandler)
                  20013ca4    0000019c     rtsv7M4_T_le_eabi.lib : xfsin.obj (.text)
                  20013e40    00000190     simplelink.a : driver.obj (.text:_SlDrvWaitForPoolObj)
                  20013fd0    0000018c     request.obj (.text:sendRequest)
                  2001415c    00000188     matrix.obj (.text:f3x3matrixAeqInvSymB)
                  200142e4    00000184     Task_ImageCaptureConfigs.obj (.text:ImageSensor_CaptureConfigs_Task)
                  20014468    00000184     flc.a : flc.obj (.text)
                  200145ec    00000180     camera_app.obj (.text:CaptureandSavePreviewImage)
                  2001476c    00000180     fusion.obj (.text:fRun_6DOF_GB_BASIC)
                  200148ec    00000180     orientation.obj (.text:fWin8AnglesDegFromRotationMatrix)
                  20014a6c    00000178     rtsv7M4_T_le_eabi.lib : tanf.obj (.text)
                  20014be4    00000178                           : xfexp.obj (.text)
                  20014d5c    00000174     simplelink.a : driver.obj (.text:_SlDrvDriverCBInit)
                  20014ed0    00000174     magnetic.obj (.text:fInitMagCalibration)
                  20015044    00000170     network_relater_fns.obj (.text:SimpleLinkNetAppEventHandler)
                  200151b4    00000170     simplelink.a : driver.obj (.text:_SlFindAndSetActiveObj)
                  20015324    0000016c     network_relater_fns.obj (.text:WiFi_Connect)
                  20015490    00000168     ota.obj (.text:OTAServerInfoSet)
                  200155f8    00000165     network_relater_fns.obj (.text:SimpleLinkSockEventHandler)
                  2001575d    00000001     --HOLE-- [fill = 0]
                  2001575e    00000002     rtsv7M4_T_le_eabi.lib : l_div0.obj (.text)
                  20015760    00000164     tempRHSens_si7020.obj (.text:getTempRH)
                  200158c4    00000160     tasks.obj (.text:Fusion_Run)
                  20015a24    00000158     drivers.obj (.text:FXOS8700_Init)
                  20015b7c    00000158     orientation.obj (.text:qAeqAxB)
                  20015cd4    00000158     orientation.obj (.text:qconjgAxB)
                  20015e2c    00000150     network_relater_fns.obj (.text:GetTimeNTP)
                  20015f7c    00000150     simplelink.a : cc_pal.obj (.text:spi_Open)
                  200160cc    00000148     mt9d111.obj (.text:RestartSensorInJpegMode)
                  20016214    00000144     Task_UserConfig.obj (.text:UserConfigure_Task)
                  20016358    0000013c     rtsv7M4_T_le_eabi.lib : fmodf.obj (.text)
                  20016494    0000013c     simplelink.a : socket.obj (.text:sl_Select)
                  200165d0    00000138     hibernate_related_fns.obj (.text:HIBernate)
                  20016708    00000138     i2cconfig.obj (.text:I2CBufferRead)
                  20016840    00000138     mt9d111.obj (.text:Register_Read)
                  20016978    00000138     orientation.obj (.text:fLPFOrientationQuaternion)
                  20016ab0    00000138     orientation.obj (.text:fRotationMatrixFromQuaternion)
                  20016be8    00000138     i2c_app.obj (.text:i2cWriteRegisters)
                  20016d20    00000136     rtsv7M4_T_le_eabi.lib : fd_div_t2.obj (.text)
                  20016e56    00000002     main.obj (.text:vApplicationIdleHook)
                  20016e58    00000134     driverlib.a : prcm.obj (.text:PRCMCC3200MCUInit)
                  20016f8c    00000134     rtsv7M4_T_le_eabi.lib : fputs.obj (.text)
                  200170c0    00000130     i2cconfig.obj (.text:I2CBufferWrite)
                  200171f0    00000130     mt9d111.obj (.text:Read_AllRegisters)
                  20017320    0000012a     free_rtos.a : list.obj (.text)
                  2001744a    00000002     --HOLE-- [fill = 0]
                  2001744c    00000128     simplelink.a : driver.obj (.text:_SlDrvDataReadOp)
                  20017574    00000118                  : socket.obj (.text:sl_SendTo)
                  2001768c    00000116     drivers.obj (.text:FXOS8700_ReadData)
                  200177a2    00000002     --HOLE-- [fill = 0]
                  200177a4    00000110     free_rtos.a : port.obj (.text)
                  200178b4    00000110     rtsv7M4_T_le_eabi.lib : xdscale.obj (.text)
                  200179c4    00000110     lightSens_isl29035.obj (.text:verifyISL29035)
                  20017ad4    00000110     tempRHSens_si7020.obj (.text:verifyTempRHSensor)
                  20017be4    0000010c     sendGroundData.obj (.text:SendGroundData)
                  20017cf0    0000010c     flash_files.obj (.text:WriteFile_ToFlash)
                  20017dfc    0000010c     simplelink.a : socket.obj (.text:sl_RecvFrom)
                  20017f08    00000108     middleware.a : rtc_hal.obj (.text:rtc_fast_domain_counter_rd)
                  20018010    00000108     simplelink.a : socket.obj (.text:sl_Connect)
                  20018118    00000108                  : socket.obj (.text:sl_Send)
                  20018220    00000104     dbgFns.obj (.text:Check_I2CDevices)
                  20018324    00000104     simplelink.a : driver.obj (.text:_SlDrvDataWriteOp)
                  20018428    00000104     i2c_app.obj (.text:i2cReadRegistersTwoBytes)
                  2001852c    00000104     simplelink.a : netapp.obj (.text:sl_NetAppDnsGetHostByName)
                  20018630    00000100     i2c_app.obj (.text:i2cReadRegisters)
                  20018730    00000100     cc3200_client_state.obj (.text:loadClientState)
                  20018830    000000fe     simplelink.a : netapp.obj (.text:_SlDrvNetAppEventHandler)
                  2001892e    00000002     --HOLE-- [fill = 0]
                  20018930    000000fc     pinmux.obj (.text:PinMuxConfig)
                  20018a2c    000000fc     orientation.obj (.text:fqAeqNormqA)
                  20018b28    000000fc     rtsv7M4_T_le_eabi.lib : fd_mul_t2.obj (.text)
                  20018c24    000000fa                           : fs_add_t2.obj (.text)
                  20018d1e    00000002     --HOLE-- [fill = 0]
                  20018d20    000000f8     app_common.obj (.text:Get_FridgeCamID)
                  20018e18    000000f8     cc3200_certificate.obj (.text:ensureCertificateFile)
                  20018f10    000000f8     orientation.obj (.text:fAndroidAnglesDegFromRotationMatrix)
                  20019008    000000f8     orientation.obj (.text:fNEDAnglesDegFromRotationMatrix)
                  20019100    000000f4     Task_UserConfig.obj (.text:IsLongPress)
                  200191f4    000000f4     Task_Main.obj (.text:Main_Task_withHibernate)
                  200192e8    000000f4     mt9d111.obj (.text:SetAnalogGain)
                  200193dc    000000f4     mt9d111.obj (.text:SetDigitalGain)
                  200194d0    000000f4     simplelink.a : driver.obj (.text:_SlDrvDriverCBDeinit)
                  200195c4    000000f4     installation.obj (.text:getInstallation)
                  200196b8    000000f4     app_common.obj (.text:intToASCII)
                  200197ac    000000f4     simplelink.a : fs.obj (.text:sl_FsRead)
                  200198a0    000000f4     accelomtrMagntomtr_fxos8700.obj (.text:verifyAccelMagnSensor)
                  20019994    000000f2     cc3200_socket.obj (.text:socketRead)
                  20019a86    00000002     --HOLE-- [fill = 0]
                  20019a88    000000f0     camera_app.obj (.text:DMAConfig)
                  20019b78    000000f0     driverlib.a : udma.obj (.text:uDMAChannelTransferSet)
                  20019c68    000000ec     user_configure_fn.obj (.text:CollectAngle)
                  20019d54    000000ec     mt9d111.obj (.text:SetInitialGain)
                  20019e40    000000ec     orientation.obj (.text:fRotationVectorDegFromQuaternion)
                  20019f2c    000000ec     simplelink.a : fs.obj (.text:sl_FsWrite)
                  2001a018    000000e8     appFns_BatteryLevelSense.obj (.text:Get_BatteryPercent)
                  2001a100    000000e4     parse_uploads.obj (.text:UploadImageToParse)
                  2001a1e4    000000e0     flash_files.obj (.text:ReadFile_FromFlash)
                  2001a2c4    000000e0     camera_app.obj (.text:Start_CameraCapture)
                  2001a3a4    000000e0     parse_uploads.obj (.text:UploadGroundDataObjectToParse)
                  2001a484    000000dc     parse_uploads.obj (.text:UploadSensorDataToParse)
                  2001a560    000000dc     parse_uploads.obj (.text:UploadUserConfigObjectToParse)
                  2001a63c    000000dc     rtsv7M4_T_le_eabi.lib : setvbuf.obj (.text)
                  2001a718    000000dc     simplelink.a : cc_pal.obj (.text:spi_Read)
                  2001a7f4    000000d8                  : driver.obj (.text:_SlDrvClassifyRxMsg)
                  2001a8cc    000000d8     rtsv7M4_T_le_eabi.lib : xfatan.obj (.text)
                  2001a9a4    000000d4     ota.obj (.text:OTA_CommitImage)
                  2001aa78    000000d4     simplelink.a : device.obj (.text:sl_Stop)
                  2001ab4c    000000d0     rtsv7M4_T_le_eabi.lib : xfdscale.obj (.text)
                  2001ac1c    000000cc     approximations.obj (.text:fatan_deg)
                  2001ace8    000000cc     rtsv7M4_T_le_eabi.lib : sqrtf.obj (.text)
                  2001adb4    000000c8     mt9d111.obj (.text:EnterStandby_mt9d111)
                  2001ae7c    000000c8     simplelink.a : netapp.obj (.text:_sl_HandleAsync_DnsGetHostByService)
                  2001af44    000000c8     rtsv7M4_T_le_eabi.lib : fflush.obj (.text)
                  2001b00c    000000c4     mt9d111.obj (.text:ExitStandby_mt9d111)
                  2001b0d0    000000c4     simplelink.a : driver.obj (.text:_SlRemoveFromList)
                  2001b194    000000c0     i2c_if.obj (.text:I2C_IF_Read)
                  2001b254    000000c0     user_configure_fn.obj (.text:WlanConnect)
                  2001b314    000000be     rtsv7M4_T_le_eabi.lib : xdnorm.obj (.text)
                  2001b3d2    00000002     --HOLE-- [fill = 0]
                  2001b3d4    000000bc     i2c_if.obj (.text:I2C_IF_Write)
                  2001b490    000000bc     main.obj (.text:InitializeAppVariables)
                  2001b54c    000000bc     simplelink.a : driver.obj (.text:_SlDrvMsgReadCmdCtx)
                  2001b608    000000bc     tempRHSens_si7020.obj (.text:configureTempRHSensor)
                  2001b6c4    000000bc     rtsv7M4_T_le_eabi.lib : acosf.obj (.text)
                  2001b780    000000bc     simplelink.a : device.obj (.text:sl_Start)
                  2001b83c    000000ba     free_rtos.a : portasm.obj (.text)
                  2001b8f6    00000002     --HOLE-- [fill = 0]
                  2001b8f8    000000b8     simplelink.a : driver.obj (.text:_SlAsyncEventGenericHandler)
                  2001b9b0    000000b8     installation.obj (.text:createInstallation)
                  2001ba68    000000b4     user_configure_fn.obj (.text:SaveImageConfig)
                  2001bb1c    000000b4     simplelink.a : netapp.obj (.text:sl_NetAppMDNSRegisterUnregisterService)
                  2001bbd0    000000ac     camera_app.obj (.text:Standby_ImageSensor)
                  2001bc7c    000000ac     mt9d111.obj (.text:Verify_ImageSensor)
                  2001bd28    000000ac     rtsv7M4_T_le_eabi.lib : _io_perm.obj (.text)
                  2001bdd4    000000ab     installation.obj (.text:getInstallationByIdCallback)
                  2001be7f    00000001     --HOLE-- [fill = 0]
                  2001be80    000000aa     uartA1_if.obj (.text:Report)
                  2001bf2a    00000002     --HOLE-- [fill = 0]
                  2001bf2c    000000a8     driverlib.a : interrupt.obj (.text:IntDisable)
                  2001bfd4    000000a8                 : interrupt.obj (.text:IntEnable)
                  2001c07c    000000a8     simplelink.a : netcfg.obj (.text:sl_NetCfgGet)
                  2001c124    000000a0     driverlib.a : spi.obj (.text:SPIConfigSetExpClk)
                  2001c1c4    000000a0     cc3200_socket.obj (.text:socketWrite)
                  2001c264    0000009e     matrix.obj (.text:f3x3matrixDetA)
                  2001c302    00000002     --HOLE-- [fill = 0]
                  2001c304    0000009c     simplelink.a : driver.obj (.text:_SlDrvMsgReadSpawnCtx)
                  2001c3a0    0000009c     approximations.obj (.text:fatan2_deg)
                  2001c43c    0000009c     rtsv7M4_T_le_eabi.lib : memcpy_t2.obj (.text)
                  2001c4d8    0000009c     simplelink.a : device.obj (.text:sl_DevGet)
                  2001c574    00000098     camera_app.obj (.text:Config_CameraCapture)
                  2001c60c    00000098     network_relater_fns.obj (.text:InitializeUserConfigVariables)
                  2001c6a4    00000098     LED_timer.obj (.text:IntrptHandler_LEDTimer)
                  2001c73c    00000098     simplelink.a : fs.obj (.text:_sl_GetCreateFsMode)
                  2001c7d4    00000098     rtsv7M4_T_le_eabi.lib : fclose.obj (.text)
                  2001c86c    00000098                           : fputc.obj (.text)
                  2001c904    00000096     parse_uploads.obj (.text:Add_NumberField_ToJSONString)
                  2001c99a    00000002     --HOLE-- [fill = 0]
                  2001c99c    00000094     driverlib.a : prcm.obj (.text:PRCMPeripheralClockGet)
                  2001ca30    00000094     approximations.obj (.text:facos_deg)
                  2001cac4    00000094     lightSens_isl29035.obj (.text:getLightsensor_data)
                  2001cb58    00000094     rtsv7M4_T_le_eabi.lib : snprintf.obj (.text)
                  2001cbec    00000092     parse_impl.obj (.text:parseInitialize)
                  2001cc7e    00000092     rtsv7M4_T_le_eabi.lib : fs_div_t2.obj (.text)
                  2001cd10    0000008c     app_common.obj (.text:LED_Blink_2)
                  2001cd9c    0000008c     simplelink.a : cc_pal.obj (.text:SetupDMAReceive)
                  2001ce28    0000008c                  : cc_pal.obj (.text:SetupDMASend)
                  2001ceb4    0000008c                  : netapp.obj (.text:_sl_HandleAsync_DnsGetHostByName)
                  2001cf40    0000008c                  : netapp.obj (.text:_sl_HandleAsync_PingResponse)
                  2001cfcc    0000008c     rtsv7M4_T_le_eabi.lib : xfdint.obj (.text)
                  2001d058    0000008c     simplelink.a : cc_pal.obj (.text:spi_Write)
                  2001d0e4    00000088     driverlib.a : prcm.obj (.text:PRCMHibernateIntervalSet)
                  2001d16c    00000088                 : pin.obj (.text:PinConfigSet)
                  2001d1f4    00000088     rtsv7M4_T_le_eabi.lib : vsnprintf.obj (.text)
                  2001d27c    00000088     simplelink.a : socket.obj (.text:sl_Bind)
                  2001d304    00000088                  : fs.obj (.text:sl_FsClose)
                  2001d38c    00000086     rtsv7M4_T_le_eabi.lib : fd_cmp_t2.obj (.text:__aeabi_cdcmple)
                  2001d412    00000086                           : fd_cmp_t2.obj (.text:__aeabi_cdrcmple)
                  2001d498    00000084     timer_if.obj (.text:GetPeripheralIntNum)
                  2001d51c    00000084     driverlib.a : i2c.obj (.text:I2CMasterInitExpClk)
                  2001d5a0    00000084     simplelink.a : cc_pal.obj (.text:NwpPowerOnPreamble)
                  2001d624    00000084     camera_app.obj (.text:Wakeup_ImageSensor)
                  2001d6a8    00000084     matrix.obj (.text:f3x3matrixAeqI)
                  2001d72c    00000084     fusion.obj (.text:fInit_6DOF_GB_BASIC)
                  2001d7b0    00000084     sendUserConfigDataToParse.obj (.text:sendUserConfigData)
                  2001d834    00000080     simplelink.a : driver.obj (.text:_SlDrvCmdOp)
                  2001d8b4    00000080                  : cc_pal.obj (.text:spi_Read_CPU)
                  2001d934    00000080                  : cc_pal.obj (.text:spi_Write_CPU)
                  2001d9b4    0000007c     driverlib.a : prcm.obj (.text:PRCMRTCGet)
                  2001da30    0000007c     simplelink.a : device.obj (.text:_sl_HandleAsync_InitComplete)
                  2001daac    0000007c     matrix.obj (.text:fmatrixAeqI)
                  2001db28    0000007c     simplelink.a : fs.obj (.text:sl_FsGetInfo)
                  2001dba4    0000007a     rtsv7M4_T_le_eabi.lib : fs_mul_t2.obj (.text)
                  2001dc1e    0000007a                           : memset_t2.obj (.text)
                  2001dc98    0000007a                           : xfdnorm.obj (.text)
                  2001dd12    00000002     --HOLE-- [fill = 0]
                  2001dd14    00000078     network_relater_fns.obj (.text:ConfigureMode)
                  2001dd8c    00000078     i2c_if.obj (.text:I2CTransact)
                  2001de04    00000078     parse_uploads.obj (.text:InitialiseParse)
                  2001de7c    00000078     NWP.obj (.text:NWP_SwitchOn)
                  2001def4    00000078     simplelink.a : socket.obj (.text:_sl_HandleAsync_Connect)
                  2001df6c    00000078                  : fs.obj (.text:sl_FsOpen)
                  2001dfe4    00000078                  : cc_pal.obj (.text:spi_Close)
                  2001e05c    00000076     driverlib.a : uart.obj (.text:UARTConfigSetExpClk)
                  2001e0d2    00000002     --HOLE-- [fill = 0]
                  2001e0d4    00000074     NWP.obj (.text:NWP_SwitchOff)
                  2001e148    00000074     appFns_LightSensor.obj (.text:PowerDown_LightSensor)
                  2001e1bc    00000074     camera_app.obj (.text:ReStart_CameraCapture)
                  2001e230    00000074     mt9d111.obj (.text:ReadImageConfigReg)
                  2001e2a4    00000074     middleware.a : rtc_hal.obj (.text:rtc_value_rd)
                  2001e318    00000074     simplelink.a : socket.obj (.text:sl_Recv)
                  2001e38c    00000073     installation.obj (.text:getInstallationCallback)
                  2001e3ff    00000001     --HOLE-- [fill = 0]
                  2001e400    00000072     timer_if.obj (.text:Timer_IF_IntSetup)
                  2001e472    00000002     --HOLE-- [fill = 0]
                  2001e474    00000070     batteryVoltLvlSens_adc081c021.obj (.text:Get_BatteryVoltageLevel_ADC081C021)
                  2001e4e4    00000070     network_relater_fns.obj (.text:Network_IF_GetHostIP)
                  2001e554    00000070     timer_fns.obj (.text:get_timeDuration)
                  2001e5c4    0000006c     camera_app.obj (.text:CamControllerInit)
                  2001e630    0000006c     lightSens_isl29035.obj (.text:PowerDown_ISL29035)
                  2001e69c    0000006c     udma_if.obj (.text:UDMAInit)
                  2001e708    0000006c     simplelink.a : driver.obj (.text:_SlDrvCmdSend)
                  2001e774    0000006c     matrix.obj (.text:f3x3matrixAeqMinusA)
                  2001e7e0    0000006c     request.obj (.text:parseSendRequestInternal)
                  2001e84c    0000006c     rtsv7M4_T_le_eabi.lib : autoinit.obj (.text)
                  2001e8b8    0000006c                           : fprintf.obj (.text)
                  2001e924    0000006c                           : fs_toll_t2.obj (.text)
                  2001e990    0000006a     matrix.obj (.text:f3x3matrixAeqAxScalar)
                  2001e9fa    0000006a     rtsv7M4_T_le_eabi.lib : copy_decompress_rle.obj (.text)
                  2001ea64    00000069     http.obj (.text:beginHttpGetRequest)
                  2001eacd    00000003     --HOLE-- [fill = 0]
                  2001ead0    00000068     driverlib.a : prcm.obj (.text:PRCMHibernateWakeUpGPIOSelect)
                  2001eb38    00000068     mt9d111.obj (.text:StartSensorInJpegMode)
                  2001eba0    00000068     simplelink.a : netapp.obj (.text:_sl_NetAppSendTokenValue)
                  2001ec08    00000068     cc3200_utils.obj (.text:fetchDeviceOSVersion)
                  2001ec70    00000068     rtsv7M4_T_le_eabi.lib : trgmsg.obj (.text)
                  2001ecd8    00000068     simplelink.a : device.obj (.text:sl_DevSet)
                  2001ed40    00000068                  : netcfg.obj (.text:sl_NetCfgSet)
                  2001eda8    00000068                  : socket.obj (.text:sl_SetSockOpt)
                  2001ee10    00000068                  : wlan.obj (.text:sl_WlanSet)
                  2001ee78    00000066     matrix.obj (.text:f3x3matrixAeqScalar)
                  2001eede    00000066     rtsv7M4_T_le_eabi.lib : xdunscal.obj (.text)
                  2001ef44    00000064     mt9d111.obj (.text:CCMRegs_Read)
                  2001efa8    00000064     rtsv7M4_T_le_eabi.lib : fseek.obj (.text)
                  2001f00c    00000064     cc3200_socket.obj (.text:socketWait)
                  2001f070    00000064     tempRHSens_si7020.obj (.text:softResetTempRHSensor)
                  2001f0d4    00000064     driverlib.a : udma.obj (.text:uDMAChannelAttributeDisable)
                  2001f138    00000064                 : udma.obj (.text:uDMAChannelAttributeEnable)
                  2001f19c    00000060     watchdog.obj (.text:WatchdogIntHandler)
                  2001f1fc    00000060     rtsv7M4_T_le_eabi.lib : fs_cmp_t2.obj (.text:__aeabi_cfcmple)
                  2001f25c    00000060                           : fs_cmp_t2.obj (.text:__aeabi_cfrcmple)
                  2001f2bc    00000060     simplelink.a : socket.obj (.text:_sl_HandleAsync_Accept)
                  2001f31c    00000060     main_FXOS8700.obj (.text:fxosDefault_Initializations)
                  2001f37c    00000060     lightSens_isl29035.obj (.text:getLightsensor_intrptStatus)
                  2001f3dc    00000060     accelomtrMagntomtr_fxos8700.obj (.text:getMagntData)
                  2001f43c    00000060     rtsv7M4_T_le_eabi.lib : sprintf.obj (.text)
                  2001f49c    00000060     simplelink.a : wlan.obj (.text:sl_WlanPolicySet)
                  2001f4fc    00000060     accelomtrMagntomtr_fxos8700.obj (.text:standby_accelMagn_fxos8700)
                  2001f55c    0000005c     ota.obj (.text:OTA_Init)
                  2001f5b8    0000005c     mt9d111.obj (.text:PCLK_Rate_read)
                  2001f614    0000005c     simplelink.a : socket.obj (.text:sl_Socket)
                  2001f670    00000058     driverlib.a : interrupt.obj (.text:IntPendClear)
                  2001f6c8    00000058                 : prcm.obj (.text:PRCMPeripheralReset)
                  2001f720    00000056     rtsv7M4_T_le_eabi.lib : ltoa.obj (.text)
                  2001f776    00000056                           : xfdunsca.obj (.text)
                  2001f7cc    00000054     driverlib.a : interrupt.obj (.text:IntPrioritySet)
                  2001f820    00000054     simplelink.a : socket.obj (.text:_sl_HandleAsync_Select)
                  2001f874    00000054     approximations.obj (.text:fasin_deg)
                  2001f8c8    00000054     request.obj (.text:headerSend)
                  2001f91c    00000054     simplelink.a : wlan.obj (.text:sl_WlanRxFilterSet)
                  2001f970    00000051     installation.obj (.text:createInstallationCallback)
                  2001f9c1    00000003     --HOLE-- [fill = 0]
                  2001f9c4    00000050     i2c_if.obj (.text:I2C_IF_Open)
                  2001fa14    00000050     camera_app.obj (.text:ImagCapture_Init)
                  2001fa64    00000050     driverlib.a : prcm.obj (.text:PRCMSlowClkCtrGet)
                  2001fab4    00000050     simplelink.a : device.obj (.text:_sl_HandleAsync_Stop)
                  2001fb04    00000050     mt9d111.obj (.text:disableAE)
                  2001fb54    00000050     mt9d111.obj (.text:disableAWB)
                  2001fba4    00000050     mt9d111.obj (.text:enableAWB)
                  2001fbf4    00000050     rtsv7M4_T_le_eabi.lib : fs_toull_t2.obj (.text)
                  2001fc44    00000050     simplelink.a : fs.obj (.text:sl_FsDel)
                  2001fc94    0000004c     tasks.obj (.text:RdSensData_Init)
                  2001fce0    0000004c     driverlib.a : spi.obj (.text:SPIIntEnable)
                  2001fd2c    0000004c     watchdog.obj (.text:WDT_init)
                  2001fd78    0000004c     simplelink.a : driver.obj (.text:_SlDrvProtectAsyncRespSetting)
                  2001fdc4    0000004c                  : driver.obj (.text:_SlDrvRxIrqHandler)
                  2001fe10    0000004c                  : socket.obj (.text:_sl_BuildAddress)
                  2001fe5c    0000004c     rtsv7M4_T_le_eabi.lib : atoi.obj (.text)
                  2001fea8    0000004c                           : atol.obj (.text)
                  2001fef4    0000004c                           : cpy_tbl.obj (.text)
                  2001ff40    0000004c                           : rand.obj (.text)
                  2001ff8c    0000004c     driverlib.a : udma.obj (.text:uDMAChannelAssign)
                  2001ffd8    0000004c     middleware.a : util64.obj (.text:util_u32_nsec_add)
                  20020024    0000004a     rtsv7M4_T_le_eabi.lib : fd_tos_t2.obj (.text)
                  2002006e    00000002     --HOLE-- [fill = 0]
                  20020070    00000048     driverlib.a : prcm.obj (.text:PRCMHibernateWakeupSourceDisable)
                  200200b8    00000048                 : prcm.obj (.text:PRCMHibernateWakeupSourceEnable)
                  20020100    00000048                 : spi.obj (.text:SPIIntClear)
                  20020148    00000048     mt9d111.obj (.text:Variable_Read)
                  20020190    00000048     simplelink.a : driver.obj (.text:_SlDrvBasicCmd)
                  200201d8    00000048     http.obj (.text:addHttpRequestLine)
                  20020220    00000048     approximations.obj (.text:fatan_15deg)
                  20020268    00000048     rtsv7M4_T_le_eabi.lib : fd_toi_t2.obj (.text)
                  200202b0    00000046                           : ldexp.obj (.text)
                  200202f6    00000002     --HOLE-- [fill = 0]
                  200202f8    00000044     driverlib.a : spi.obj (.text:SPIDmaMaskGet)
                  2002033c    00000044                 : timer.obj (.text:TimerConfigure)
                  20020380    00000044     udma_if.obj (.text:UDMASetupTransfer)
                  200203c4    00000044     simplelink.a : cc_pal.obj (.text:cc_SetupTransfer)
                  20020408    00000044     main_FXOS8700.obj (.text:fxos_Calibration)
                  2002044c    00000044     rtsv7M4_T_le_eabi.lib : exit.obj (.text)
                  20020490    00000044                           : fd_tou_t2.obj (.text)
                  200204d4    00000042     simplelink.a : socket.obj (.text:sl_Htonl)
                  20020516    00000002     --HOLE-- [fill = 0]
                  20020518    00000040     driverlib.a : pin.obj (.text:PinModeSet)
                  20020558    00000040     mt9d111.obj (.text:Variable_Write)
                  20020598    00000040     http.obj (.text:getHttpResponseBody)
                  200205d8    00000040     rtsv7M4_T_le_eabi.lib : signal.obj (.text)
                  20020618    00000040     timer_fns.obj (.text:start_1Sec_TimeoutTimer)
                  20020658    0000003e     appFns_LightSensor.obj (.text:IsLightOff)
                  20020696    0000003e     rtsv7M4_T_le_eabi.lib : strncasecmp.obj (.text)
                  200206d4    0000003c     simplelink.a : netapp.obj (.text:CopyPingResultsToReport)
                  20020710    0000003c     tasks.obj (.text:Fusion_Init)
                  2002074c    0000003c     driverlib.a : prcm.obj (.text:PRCMPeripheralClkEnable)
                  20020788    0000003c                 : prcm.obj (.text:PRCMSlowClkCtrFastGet)
                  200207c4    0000003c     mt9d111.obj (.text:Reg_Read)
                  20020800    0000003c     simplelink.a : socket.obj (.text:_sl_TruncatePayloadByProtocol)
                  2002083c    0000003c     rtsv7M4_T_le_eabi.lib : boot.obj (.text)
                  20020878    0000003c     simplelink.a : socket.obj (.text:sl_Htons)
                  200208b4    0000003c     timer_fns.obj (.text:start_100mSecTimer)
                  200208f0    0000003c     driverlib.a : udma.obj (.text:uDMAChannelControlSet)
                  2002092c    0000003a                 : camera.obj (.text:CameraCaptureStop)
                  20020966    0000003a                 : camera.obj (.text:CameraXClkConfig)
                  200209a0    0000003a     mt9d111.obj (.text:Reg_Write)
                  200209da    0000003a     orientation.obj (.text:fLPFScalar)
                  20020a14    0000003a     request.obj (.text:parseSendRequest)
                  20020a4e    00000002     --HOLE-- [fill = 0]
                  20020a50    00000039     http.obj (.text:addHttpRequestHeader)
                  20020a89    00000003     --HOLE-- [fill = 0]
                  20020a8c    00000038     main.obj (.text:BoardInit)
                  20020ac4    00000038     LED_timer.obj (.text:LEDTimer_Enable)
                  20020afc    00000038     simplelink.a : cc_pal.obj (.text:NwpPowerOff)
                  20020b34    00000038     wdt_if.obj (.text:WDT_IF_Init)
                  20020b6c    00000038     free_rtos.a : heap_3.obj (.text)
                  20020ba4    00000038     rtsv7M4_T_le_eabi.lib : fs_tod_t2.obj (.text)
                  20020bdc    00000038                           : fs_toi_t2.obj (.text)
                  20020c14    00000038                           : i_tofs_t2.obj (.text)
                  20020c4c    00000036     driverlib.a : gpio.obj (.text:GPIODirModeSet)
                  20020c82    00000036     simplelink.a : netapp.obj (.text:sl_NetAppMDNSUnRegisterService)
                  20020cb8    00000035     http.obj (.text:beginHttpRequest)
                  20020ced    00000001     --HOLE-- [fill = 0]
                  20020cee    00000034     driverlib.a : camera.obj (.text:CameraParamsConfig)
                  20020d22    00000002     --HOLE-- [fill = 0]
                  20020d24    00000034     LED_timer.obj (.text:LEDTimer_Start)
                  20020d58    00000034     driverlib.a : prcm.obj (.text:PRCMPeripheralStatusGet)
                  20020d8c    00000034                 : spi.obj (.text:SPIFIFOLevelSet)
                  20020dc0    00000034     http.obj (.text:getHttpResponseStatus)
                  20020df4    00000034     main_FXOS8700.obj (.text:get_angle)
                  20020e28    00000034     rtsv7M4_T_le_eabi.lib : feraiseexcept.obj (.text)
                  20020e5c    00000034                           : fs_tou_t2.obj (.text)
                  20020e90    00000034                           : strstr.obj (.text)
                  20020ec4    00000033     ota.obj (.text:OTA_Update)
                  20020ef7    00000001     --HOLE-- [fill = 0]
                  20020ef8    00000032     timer_if.obj (.text:Timer_IF_Init)
                  20020f2a    00000030     driverlib.a : pin.obj (.text:PinTypeGPIO)
                  20020f5a    00000002     --HOLE-- [fill = 0]
                  20020f5c    00000030                 : uart.obj (.text:UARTDisable)
                  20020f8c    00000030     simplelink.a : device.obj (.text:_SlDrvDeviceEventHandler)
                  20020fbc    00000030                  : fs.obj (.text:_sl_Strlen)
                  20020fec    00000030     middleware.a : rtc_hal.obj (.text:hw_access_time_addup)
                  2002101c    00000030     rtsv7M4_T_le_eabi.lib : strncpy.obj (.text)
                  2002104c    00000030                           : xferaise.obj (.text)
                  2002107c    00000030     simplelink.a : socket.obj (.text:sl_Close)
                  200210ac    00000030                  : wlan.obj (.text:sl_WlanProfileDel)
                  200210dc    00000030                  : wlan.obj (.text:sl_WlanSetMode)
                  2002110c    0000002e     rtsv7M4_T_le_eabi.lib : i_tofd_t2.obj (.text)
                  2002113a    0000002e                           : raise.obj (.text)
                  20021168    0000002d     http.obj (.text:addHttpRequestHeaderInt)
                  20021195    00000003     --HOLE-- [fill = 0]
                  20021198    0000002c     tasks.obj (.text:ApplyMagHAL)
                  200211c4    0000002c     driverlib.a : camera.obj (.text:CameraIntEnable)
                  200211f0    0000002c     simplelink.a : cc_pal.obj (.text:DmaSpiSwIntHandler)
                  2002121c    0000002c     driverlib.a : i2c.obj (.text:I2CMasterErr)
                  20021248    0000002c     timer_fns.obj (.text:IntHandler_1Sec_TimeoutTimer)
                  20021274    0000002c     driverlib.a : prcm.obj (.text:PRCMSysResetCauseGet)
                  200212a0    0000002c     mt9d111.obj (.text:SoftReset_ImageSensor)
                  200212cc    0000002c     cc3200_utils.obj (.text:getDeviceTimeDate)
                  200212f8    0000002c     request.obj (.text:setDataBufferPointer)
                  20021324    0000002a     driverlib.a : timer.obj (.text:TimerLoadSet)
                  2002134e    0000002a                 : timer.obj (.text:TimerPrescaleSet)
                  20021378    0000002a     rtsv7M4_T_le_eabi.lib : xdclass.obj (.text)
                  200213a2    0000002a     middleware.a : util64.obj (.text:util_u64_time_add)
                  200213cc    00000028     driverlib.a : camera.obj (.text:CameraIntStatus)
                  200213f4    00000028     uartA1_if.obj (.text:InitTerm)
                  2002141c    00000028     driverlib.a : prcm.obj (.text:IsRTCUsed)
                  20021444    00000028     uartA1_if.obj (.text:Message)
                  2002146c    00000028     driverlib.a : prcm.obj (.text:PRCMPeripheralClkDisable)
                  20021494    00000028     rtsv7M4_T_le_eabi.lib : strncat.obj (.text)
                  200214bc    00000028     simplelink.a : netapp.obj (.text:sl_NetAppStart)
                  200214e4    00000028                  : netapp.obj (.text:sl_NetAppStop)
                  2002150c    00000026     driverlib.a : camera.obj (.text:CameraThresholdSet)
                  20021532    00000026     simplelink.a : cc_pal.obj (.text:NwpRegisterInterruptHandler)
                  20021558    00000026     rtsv7M4_T_le_eabi.lib : strncmp.obj (.text)
                  2002157e    00000002     --HOLE-- [fill = 0]
                  20021580    00000024     driverlib.a : camera.obj (.text:CameraIntClear)
                  200215a4    00000024     timer_fns.obj (.text:IntHandler_100mSecTimer)
                  200215c8    00000024     driverlib.a : interrupt.obj (.text:IntUnregister)
                  200215ec    00000024                 : prcm.obj (.text:RTCU16MSecRegRead)
                  20021610    00000024     timer_if.obj (.text:Timer_IF_Start)
                  20021634    00000024     driverlib.a : uart.obj (.text:UARTEnable)
                  20021658    00000024     mt9d111.obj (.text:WriteAllAEnAWBRegs)
                  2002167c    00000024     simplelink.a : driver.obj (.text:_SlDrvProtectionObjLockWaitForever)
                  200216a0    00000024     main_FXOS8700.obj (.text:magnetometer_initialize)
                  200216c4    00000024     rtsv7M4_T_le_eabi.lib : u_tofs_t2.obj (.text)
                  200216e8    00000022     driverlib.a : camera.obj (.text:CameraCaptureStart)
                  2002170a    00000022                 : i2c.obj (.text:I2CMasterSlaveAddrSet)
                  2002172c    00000022     simplelink.a : socket.obj (.text:SL_FD_SET)
                  2002174e    00000022     driverlib.a : spi.obj (.text:SPIReset)
                  20021770    00000022                 : spi.obj (.text:SPIWordCountSet)
                  20021792    00000022     rtsv7M4_T_le_eabi.lib : frexp.obj (.text)
                  200217b4    00000022                           : memcmp.obj (.text)
                  200217d6    00000020     driverlib.a : gpio.obj (.text:GPIOPinWrite)
                  200217f6    00000002     --HOLE-- [fill = 0]
                  200217f8    00000020                 : interrupt.obj (.text:IntRegister)
                  20021818    00000020     simplelink.a : cc_pal.obj (.text:NwpPowerOn)
                  20021838    00000020     mt9d111.obj (.text:Refresh_mt9d111Firmware)
                  20021858    00000020     reset.obj (.text:Reset_byStarvingWDT)
                  20021878    00000020     simplelink.a : driver.obj (.text:_SlDrvProtectionObjUnLock)
                  20021898    00000020     rtsv7M4_T_le_eabi.lib : memchr.obj (.text)
                  200218b8    00000020                           : u_tofd_t2.obj (.text)
                  200218d8    0000001e     driverlib.a : i2c.obj (.text:I2CMasterIntStatusEx)
                  200218f6    0000001e                 : timer.obj (.text:TimerDisable)
                  20021914    0000001e                 : timer.obj (.text:TimerEnable)
                  20021932    0000001e                 : timer.obj (.text:TimerIntStatus)
                  20021950    0000001e                 : uart.obj (.text:UARTCharPut)
                  2002196e    0000001e     simplelink.a : cc_pal.obj (.text:cc_UDMAChannelSelect)
                  2002198c    0000001e     rtsv7M4_T_le_eabi.lib : strcat.obj (.text)
                  200219aa    00000002     --HOLE-- [fill = 0]
                  200219ac    0000001c     tasks.obj (.text:ApplyAccelHAL)
                  200219c8    0000001c     mt9d111.obj (.text:CameraSensorInit)
                  200219e4    0000001c     udma_if.obj (.text:DmaSwIntHandler)
                  20021a00    0000001c     driverlib.a : pin.obj (.text:PinTypeI2C)
                  20021a1c    0000001c                 : timer.obj (.text:TimerValueGet)
                  20021a38    0000001c     simplelink.a : driver.obj (.text:_SlDrvObjLockWaitForever)
                  20021a54    0000001c                  : driver.obj (.text:_SlDrvSyncObjWaitForever)
                  20021a70    0000001c     rtsv7M4_T_le_eabi.lib : memccpy.obj (.text)
                  20021a8c    0000001c     timer_fns.obj (.text:stop_100mSecTimer)
                  20021aa8    0000001c     timer_fns.obj (.text:stop_1Sec_TimeoutTimer)
                  20021ac4    0000001c     driverlib.a : udma.obj (.text:uDMAChannelDisable)
                  20021ae0    0000001c                 : udma.obj (.text:uDMAChannelEnable)
                  20021afc    0000001c     main.obj (.text:vApplicationMallocFailedHook)
                  20021b18    0000001a     driverlib.a : pin.obj (.text:PinTypeCamera)
                  20021b32    0000001a                 : pin.obj (.text:PinTypeUART)
                  20021b4c    0000001a                 : spi.obj (.text:SPIDmaDisable)
                  20021b66    0000001a                 : spi.obj (.text:SPIDmaEnable)
                  20021b80    0000001a                 : spi.obj (.text:SPIFIFODisable)
                  20021b9a    0000001a                 : spi.obj (.text:SPIFIFOEnable)
                  20021bb4    00000018                 : camera.obj (.text:CameraReset)
                  20021bcc    00000018                 : gpio.obj (.text:GPIOPinRead)
                  20021be4    00000018     app_common.obj (.text:LED_Off)
                  20021bfc    00000018     app_common.obj (.text:LED_On)
                  20021c14    00000018     driverlib.a : prcm.obj (.text:PRCMHibernateEnter)
                  20021c2c    00000018                 : spi.obj (.text:SPICSDisable)
                  20021c44    00000018                 : spi.obj (.text:SPICSEnable)
                  20021c5c    00000018                 : spi.obj (.text:SPIDisable)
                  20021c74    00000018                 : spi.obj (.text:SPIEnable)
                  20021c8c    00000018                 : timer.obj (.text:TimerIntEnable)
                  20021ca4    00000018     timer_if.obj (.text:Timer_IF_InterruptClear)
                  20021cbc    00000018     driverlib.a : wdt.obj (.text:WatchdogUnlock)
                  20021cd4    00000018     simplelink.a : driver.obj (.text:_SlDrvObjUnLock)
                  20021cec    00000018                  : driver.obj (.text:_SlDrvSyncObjSignal)
                  20021d04    00000018                  : device.obj (.text:_sl_GetStartResponseConvert)
                  20021d1c    00000018     middleware.a : rtc_hal.obj (.text:get_value)
                  20021d34    00000018     rtsv7M4_T_le_eabi.lib : args_main.obj (.text)
                  20021d4c    00000018                           : strcmp.obj (.text)
                  20021d64    00000016     driverlib.a : camera.obj (.text:CameraDMAEnable)
                  20021d7a    00000016                 : camera.obj (.text:CameraIntRegister)
                  20021d90    00000016                 : i2c.obj (.text:I2CMasterDataPut)
                  20021da6    00000016                 : i2c.obj (.text:I2CMasterEnable)
                  20021dbc    00000016                 : prcm.obj (.text:PRCMHIBRegRead)
                  20021dd2    00000016                 : prcm.obj (.text:PRCMHIBRegWrite)
                  20021de8    00000016                 : wdt.obj (.text:WatchdogEnable)
                  20021dfe    00000016     simplelink.a : driver.obj (.text:_SlDrvMemZero)
                  20021e14    00000016     rtsv7M4_T_le_eabi.lib : strchr.obj (.text)
                  20021e2a    00000014     driverlib.a : cpu.obj (.text:CPUcpsie)
                  20021e3e    00000002     --HOLE-- [fill = 0]
                  20021e40    00000014                 : interrupt.obj (.text:IntVTableBaseSet)
                  20021e54    00000014     LED_timer.obj (.text:LEDTimer_Stop)
                  20021e68    00000014     mt9d111.obj (.text:SetShutterWidth)
                  20021e7c    00000014     rtsv7M4_T_le_eabi.lib : _lock.obj (.text)
                  20021e90    00000014                           : strcpy.obj (.text)
                  20021ea4    00000014                           : strlen.obj (.text)
                  20021eb8    00000014     driverlib.a : udma.obj (.text:uDMAControlBaseSet)
                  20021ecc    00000014                 : udma.obj (.text:uDMAIntClear)
                  20021ee0    00000012                 : i2c.obj (.text:I2CMasterControl)
                  20021ef2    00000012                 : i2c.obj (.text:I2CMasterIntClearEx)
                  20021f04    00000012                 : i2c.obj (.text:I2CMasterTimeoutSet)
                  20021f16    00000012                 : timer.obj (.text:TimerIntClear)
                  20021f28    00000012                 : wdt.obj (.text:WatchdogReloadSet)
                  20021f3a    00000002     --HOLE-- [fill = 0]
                  20021f3c    00000010                 : prcm.obj (.text:PRCMSOCReset)
                  20021f4c    00000010                 : prcm.obj (.text:RTCU32SecRegRead)
                  20021f5c    00000010     simplelink.a : socket.obj (.text:SL_FD_ZERO)
                  20021f6c    00000010     timer_if.obj (.text:Timer_IF_Stop)
                  20021f7c    00000010     driverlib.a : wdt.obj (.text:WatchdogIntClear)
                  20021f8c    00000010     cc3200_socket.obj (.text:socketClose)
                  20021f9c    0000000e     driverlib.a : i2c.obj (.text:I2CMasterDataGet)
                  20021faa    0000000e     simplelink.a : driver.obj (.text:_SlDrvResetCmdExt)
                  20021fb8    0000000e     rtsv7M4_T_le_eabi.lib : copy_decompress_none.obj (.text:decompress:none)
                  20021fc6    0000000c     udma_if.obj (.text:DmaErrorIntHandler)
                  20021fd2    00000002     --HOLE-- [fill = 0]
                  20021fd4    0000000c     simplelink.a : cc_pal.obj (.text:NwpMaskInterrupt)
                  20021fe0    0000000c                  : cc_pal.obj (.text:NwpUnMaskInterrupt)
                  20021fec    0000000c     middleware.a : rtc_hal.obj (.text:cc_rtc_get)
                  20021ff8    0000000c     rtsv7M4_T_le_eabi.lib : copy_zero_init.obj (.text:decompress:ZI)
                  20022004    0000000c     parse_impl.obj (.text:getInternalClient)
                  20022010    0000000c     simplelink.a : wlan.obj (.text:sl_WlanDisconnect)
                  2002201c    0000000c     driverlib.a : udma.obj (.text:uDMAEnable)
                  20022028    0000000c                 : udma.obj (.text:uDMAIntStatus)
                  20022034    0000000a                 : interrupt.obj (.text:IntMasterEnable)
                  2002203e    0000000a     main.obj (.text:vApplicationStackOverflowHook)
                  20022048    00000008     hibernate_related_fns.obj (.text:sensorsTriggerSetup)
                  20022050    00000006     i2cconfig.obj (.text:MT9D111Delay)
                  20022056    00000006     startup_ccs.obj (.text:ResetISR)
                  2002205c    00000006     driverlib.a : utils.obj (.text:UtilsDelay)
                  20022062    00000006     rtsv7M4_T_le_eabi.lib : copy_decompress_rle.obj (.text:decompress:rle24)
                  20022068    00000006                           : logf.obj (.text)
                  2002206e    00000006                           : sinf.obj (.text)
                  20022074    00000004                           : error.obj (.text)
                  20022078    00000004                           : pre_init.obj (.text)

.const     0    2002207c    000013bf     
                  2002207c    00000170     mt9d111.obj (.const:capture_cmds_list)
                  200221ec    00000140     mt9d111.obj (.const:init_cmds_list)
                  2002232c    00000110     mt9d111.obj (.const)
                  2002243c    00000101     rtsv7M4_T_le_eabi.lib : ctype.obj (.const:.string:_ctypes_)
                  2002253d    00000003     --HOLE-- [fill = 0]
                  20022540    00000100     driverlib.a : pin.obj (.const:g_ulPinToPadMap)
                  20022640    000000f8     mt9d111.obj (.const:$P$T6$7)
                  20022738    000000d4     driverlib.a : interrupt.obj (.const:g_pulRegs)
                  2002280c    000000b0     simplelink.a : wlan.obj (.const:$P$T0$1)
                  200228bc    000000a8     driverlib.a : prcm.obj (.const:PRCM_PeriphRegsList)
                  20022964    000000a4     mt9d111.obj (.const:$P$T2$3)
                  20022a08    00000099     camera_app.obj (.const:.string)
                  20022aa1    00000097     mt9d111.obj (.const:.string)
                  20022b38    00000088     network_relater_fns.obj (.const:.string)
                  20022bc0    00000085     lightSens_isl29035.obj (.const:.string)
                  20022c45    00000081     parse_uploads.obj (.const:.string)
                  20022cc6    00000002     --HOLE-- [fill = 0]
                  20022cc8    00000080     driverlib.a : interrupt.obj (.const)
                  20022d48    00000074     user_configure_fn.obj (.const:.string)
                  20022dbc    00000068     mt9d111.obj (.const:$P$T22$23)
                  20022e24    00000068     appFns_BatteryLevelSense.obj (.const:V2CEntry$1)
                  20022e8c    00000062     accelomtrMagntomtr_fxos8700.obj (.const:.string)
                  20022eee    00000054     mt9d111.obj (.const:$P$T35$36)
                  20022f42    0000004c     mt9d111.obj (.const:$P$T10$11)
                  20022f8e    0000004b     tempRHSens_si7020.obj (.const:.string)
                  20022fd9    0000003c     i2c_app.obj (.const:.string)
                  20023015    00000001     --HOLE-- [fill = 0]
                  20023016    0000003c     simplelink.a : driver.obj (.const:OpcodeTranslateTable)
                  20023052    0000003c                  : wlan.obj (.const)
                  2002308e    00000002     --HOLE-- [fill = 0]
                  20023090    00000038                  : driver.obj (.const:_SlActionLookupTable)
                  200230c8    00000038     rtsv7M4_T_le_eabi.lib : xflog.obj (.const)
                  20023100    00000038     simplelink.a : fs.obj (.const)
                  20023138    00000036     flash_files.obj (.const:.string)
                  2002316e    00000002     --HOLE-- [fill = 0]
                  20023170    00000034     rtsv7M4_T_le_eabi.lib : xfatan.obj (.const)
                  200231a4    00000034     simplelink.a : driver.obj (.const)
                  200231d8    00000034                  : socket.obj (.const)
                  2002320c    0000002c     network_relater_fns.obj (.const:$P$T1$2)
                  20023238    00000029     network_relater_fns.obj (.const)
                  20023261    00000003     --HOLE-- [fill = 0]
                  20023264    00000028     rtsv7M4_T_le_eabi.lib : xfdint.obj (.const)
                  2002328c    00000028                           : xfsin.obj (.const)
                  200232b4    00000028     simplelink.a : netapp.obj (.const)
                  200232dc    00000024     network_relater_fns.obj (.const:g_acMonthOfYear)
                  20023300    00000023     batteryVoltLvlSens_adc081c021.obj (.const:.string:$P$T0$1)
                  20023323    00000022     network_relater_fns.obj (.const:.string:$P$T0$1)
                  20023345    00000003     --HOLE-- [fill = 0]
                  20023348    0000001c     rtsv7M4_T_le_eabi.lib : tanf.obj (.const)
                  20023364    0000001c                           : xfexp.obj (.const)
                  20023380    00000018     driverlib.a : spi.obj (.const)
                  20023398    00000017     request.obj (.const:.string)
                  200233af    00000016     appFns_LightSensor.obj (.const:.string)
                  200233c5    00000001     --HOLE-- [fill = 0]
                  200233c6    00000014     simplelink.a : device.obj (.const)
                  200233da    00000013     sendUserConfigDataToParse.obj (.const:.string)
                  200233ed    00000010     simplelink.a : socket.obj (.const:.string)
                  200233fd    0000000f     application_fn.obj (.const:.string)
                  2002340c    0000000f     sendGroundData.obj (.const:.string)
                  2002341b    0000000b     app_common.obj (.const:.string)
                  20023426    00000008     simplelink.a : device.obj (.const:.string)
                  2002342e    00000008                  : netcfg.obj (.const)
                  20023436    00000005     main.obj (.const:.string)

.cinit     0    20023440    00000538     
                  20023440    00000510     (.cinit..data.load) [load image, compression = rle]
                  20023950    0000000c     (__TI_handler_table)
                  2002395c    00000004     --HOLE-- [fill = 0]
                  20023960    00000008     (.cinit..bss.load) [load image, compression = zero_init]
                  20023968    00000010     (__TI_cinit_table)

.init_array 
*          0    20004000    00000000     UNINITIALIZED

.bss       0    20023c00    000173b6     UNINITIALIZED
                  20023c00    00014000     main.obj (.bss:g_image_buffer)
                  20037c00    00000b58     tasks.obj (.bss:thisMagBuffer)
                  20038758    000005a0     ota.a : OtaHttp.obj (.bss:recv_buf)
                  20038cf8    0000044c           : OtaClient.obj (.bss:g_OtaCheckUpdateResponse)
                  20039144    00000418     user_configure_fn.obj (.bss:thisMagCal)
                  2003955c    00000240     ota.obj (.bss:g_otaOptServerInfo)
                  2003979c    00000058     tasks.obj (.bss:thisMag)
                  200397f4    0000000c     (.common:g_SecParams)
                  20039800    00000400     udma_if.obj (.bss:gpCtlTbl)
                  20039c00    000003d8     ota.a : OtaClient.obj (.bss:g_OtaFileMetadata)
                  20039fd8    00000370     main.obj (.bss:g_NetEntries)
                  2003a348    00000200     ota.a : OtaHttp.obj (.bss:send_buf)
                  2003a548    00000178     simplelink.a : driver.obj (.bss:g_StatMem)
                  2003a6c0    00000120     rtsv7M4_T_le_eabi.lib : trgmsg.obj (.bss:__CIOBUF_)
                  2003a7e0    00000100     udma_if.obj (.bss:gfpAppCallbackHndl)
                  2003a8e0    000000c8     free_rtos.a : tasks.obj (.bss:pxReadyTasksLists)
                  2003a9a8    000000ac     tasks.obj (.bss:thisSV_6DOF_GB_BASIC)
                  2003aa54    000000a0     rtsv7M4_T_le_eabi.lib : defs.obj (.bss:__TI_tmpnams)
                  2003aaf4    00000074     ota.a : CdnClient.obj (.bss:g_CdnClient)
                  2003ab68    00000050     simplelink.a : cc_pal.obj (.bss:g_ucDinDout)
                  2003abb8    00000050     free_rtos.a : queue.obj (.bss:xQueueRegistry)
                  2003ac08    0000004c     ota.a : OtaApp.obj (.bss:g_OtaApp)
                  2003ac54    0000004c           : OtaApp.obj (.bss:g_OtaApp_statistics)
                  2003aca0    00000040     network_relater_fns.obj (.bss:g_TimeData)
                  2003ace0    00000034     cc3200_client_state.obj (.bss:clientStateFileName)
                  2003ad14    00000034     main.obj (.bss:g_cWlanSecurityKey)
                  2003ad48    00000034     tasks.obj (.bss:thisAccel)
                  2003ad7c    00000024     ota.a : OtaClient.obj (.bss:g_OtaClient)
                  2003ada0    00000024     main.obj (.bss:g_cWlanSSID)
                  2003adc4    00000024     main.obj (.bss:g_ucConnectionSSID)
                  2003ade8    0000001c     rtsv7M4_T_le_eabi.lib : vla_alloc.obj (.bss)
                  2003ae04    00000014     (.common:g_FlcSflashCb)
                  2003ae18    00000014     (.common:g_flag_blockFull)
                  2003ae2c    00000014     (.common:xDelayedTaskList1)
                  2003ae40    00000014     (.common:xDelayedTaskList2)
                  2003ae54    00000014     (.common:xPendingReadyList)
                  2003ae68    00000014     (.common:xSuspendedTaskList)
                  2003ae7c    00000014     (.common:xTasksWaitingTermination)
                  2003ae90    00000010     (.common:ang_buf)
                  2003aea0    00000010     (.common:globals)
                  2003aeb0    00000010     (.common:mqxglobals)
                  2003aec0    00000008     (.common:g_LogClient)
                  2003aec8    00000008     (.common:g_Struct_TimeStamp_MaxAngle)
                  2003aed0    00000008     (.common:g_Struct_TimeStamp_MinAngle)
                  2003aed8    00000008     (.common:g_TimeStamp_CamUp)
                  2003aee0    00000008     (.common:g_TimeStamp_DoorClosed)
                  2003aee8    00000008     (.common:g_TimeStamp_NWPUp)
                  2003aef0    00000008     (.common:g_TimeStamp_PhotoSnap)
                  2003aef8    00000008     (.common:g_TimeStamp_PhotoUploaded)
                  2003af00    00000008     (.common:g_TimeStamp_cc3200Up)
                  2003af08    00000008     (.common:g_TimeStamp_maxAngle)
                  2003af10    00000008     (.common:g_TimeStamp_minAngle)
                  2003af18    00000008     (.common:g_ucConnectionBSSID)
                  2003af20    00000008     (.common:parmbuf)
                  2003af28    00000008     (.common:sBootInfo)
                  2003af30    00000004     (.common:DMAMsgQ)
                  2003af34    00000004     (.common:Elapsed_100MilliSecs)
                  2003af38    00000004     (.common:Elapsed_1Secs)
                  2003af3c    00000004     (.common:__Errorlog)
                  2003af40    00000004     (.common:angle_avg)
                  2003af44    00000004     (.common:dataBuffer)
                  2003af48    00000004     (.common:g_block_lastFilled)
                  2003af4c    00000004     (.common:g_cDummy)
                  2003af50    00000004     (.common:g_cWlanSecurityType)
                  2003af54    00000004     (.common:g_frame_size_in_bytes)
                  2003af58    00000004     (.common:g_position_in_block)
                  2003af5c    00000004     (.common:g_readHeader)
                  2003af60    00000004     (.common:g_total_dma_intrpts)
                  2003af64    00000004     (.common:g_ulAppStatus)
                  2003af68    00000004     (.common:g_ulAppTimeout_ms)
                  2003af6c    00000004     (.common:g_ulSimplelinkStatus)
                  2003af70    00000004     (.common:g_ulWatchdogCycles)
                  2003af74    00000004     (.common:gdoor_40deg_angle)
                  2003af78    00000004     (.common:gdoor_90deg_angle)
                  2003af7c    00000004     (.common:gdoor_OpenDeg_angle)
                  2003af80    00000004     (.common:pvOtaApp)
                  2003af84    00000004     (.common:pxDelayedTaskList)
                  2003af88    00000004     (.common:pxOverflowDelayedTaskList)
                  2003af8c    00000002     (.common:g_fMaxAngle)
                  2003af8e    00000002     (.common:g_fMinAngle)
                  2003af90    00000001     (.common:RxIrqCnt)
                  2003af91    00000001     (.common:avg_buffer_cnt)
                  2003af92    00000001     (.common:captureTimeout_Flag)
                  2003af93    00000001     (.common:checkForLight_Flag)
                  2003af94    00000001     (.common:cnt_LED_Timer)
                  2003af95    00000001     (.common:g_BlinkCount)
                  2003af96    00000001     (.common:g_I2CPeripheral_inUse_Flag)
                  2003af97    00000001     (.common:g_NoOfBlinks)
                  2003af98    00000001     (.common:g_OffTime)
                  2003af99    00000001     (.common:g_OnTime)
                  2003af9a    00000001     (.common:g_PhoneConnected_ToCC3200AP_flag)
                  2003af9b    00000001     (.common:g_Task1_Notification)
                  2003af9c    00000001     (.common:g_Task3_Notification)
                  2003af9d    00000001     (.common:g_dma_txn_done)
                  2003af9e    00000001     (.common:g_flag_DataBlockFilled)
                  2003af9f    00000001     (.common:g_flag_door_closing_45degree)
                  2003afa0    00000001     (.common:g_frame_end)
                  2003afa1    00000001     (.common:g_ucAWBOff)
                  2003afa2    00000001     (.common:g_ucAWBOn)
                  2003afa3    00000001     (.common:g_ucAction)
                  2003afa4    00000001     (.common:g_ucActionButton)
                  2003afa5    00000001     (.common:g_ucAngle40)
                  2003afa6    00000001     (.common:g_ucAngle90)
                  2003afa7    00000001     (.common:g_ucCalibration)
                  2003afa8    00000001     (.common:g_ucConfig)
                  2003afa9    00000001     (.common:g_ucExitButton)
                  2003afaa    00000001     (.common:g_ucFeedWatchdog)
                  2003afab    00000001     (.common:g_ucMagCalb)
                  2003afac    00000001     (.common:g_ucPreviewStart)
                  2003afad    00000001     (.common:g_ucPreviewStop)
                  2003afae    00000001     (.common:g_ucProfileAdded)
                  2003afaf    00000001     (.common:g_ucPushButtonPressedTwice)
                  2003afb0    00000001     (.common:g_ucReasonForFailure)
                  2003afb1    00000001     (.common:g_ucSAVE)
                  2003afb2    00000001     (.common:iDone)
                  2003afb3    00000001     (.common:isitfirsttime)
                  2003afb4    00000001     (.common:print_count)
                  2003afb5    00000001     (.common:valid_case)

.TI.noinit 
*          0    20023c00    00000000     UNINITIALIZED

.sysmem    0    2003afb8    00005000     UNINITIALIZED
                  2003afb8    00000008     rtsv7M4_T_le_eabi.lib : memory.obj (.sysmem)
                  2003afc0    00004ff8     --HOLE--


LINKER GENERATED COPY TABLES

__TI_cinit_table @ 20023968 records: 2, size/record: 8, table size: 16
	.data: load addr=20023440, load size=00000510 bytes, run addr=20000000, run size=00000944 bytes, compression=rle
	.bss: load addr=20023960, load size=00000008 bytes, run addr=20023c00, run size=000173b6 bytes, compression=zero_init


LINKER GENERATED HANDLER TABLE

__TI_handler_table @ 20023950 records: 3, size/record: 4, table size: 12
	index: 0, handler: __TI_decompress_rle24
	index: 1, handler: __TI_decompress_none
	index: 2, handler: __TI_zero_init


GLOBAL SYMBOLS: SORTED ALPHABETICALLY BY Name 

address   name                                  
-------   ----                                  
2001c905  Add_NumberField_ToJSONString          
200219ad  ApplyAccelHAL                         
20021199  ApplyMagHAL                           
2002044d  C$$EXIT                               
2001ec9f  C$$IO$$                               
2001ef45  CCMRegs_Read                          
20021e2b  CPUcpsie                              
2000eab1  Calculate_DoorOpenThresholdAngle      
2001e5c5  CamControllerInit                     
200216e9  CameraCaptureStart                    
2002092d  CameraCaptureStop                     
20021d65  CameraDMAEnable                       
20021581  CameraIntClear                        
200211c5  CameraIntEnable                       
20021d7b  CameraIntRegister                     
200213cd  CameraIntStatus                       
20020cef  CameraParamsConfig                    
20021bb5  CameraReset                           
200219c9  CameraSensorInit                      
2002150d  CameraThresholdSet                    
20020967  CameraXClkConfig                      
20010551  CaptureImage                          
200145ed  CaptureandSavePreviewImage            
2000dfe3  CdnClient_CloseServer                 
2000e001  CdnClient_ConnectByUrl                
2000dfb1  CdnClient_Init                        
2000de7b  CdnClient_Run                         
2000de71  CdnClient_SetFileInfo                 
20018221  Check_I2CDevices                      
2001c575  Config_CameraCapture                  
2001dd15  ConfigureMode                         
2000fa71  ConfigureSimpleLinkToDefaultState     
20013465  ConstructDeviceStateObject            
2000f449  ConstructGroundDataObject             
20012475  ConstructUserConfigObject             
200206d5  CopyPingResultsToReport               
2003af30  DMAMsgQ                               
2000063c  DigiCertHighAssuranceEVRootCA_der_len 
20021fc7  DmaErrorIntHandler                    
200211f1  DmaSpiSwIntHandler                    
200219e5  DmaSwIntHandler                       
2003af34  Elapsed_100MilliSecs                  
2003af38  Elapsed_1Secs                         
2001adb5  EnterStandby_mt9d111                  
2001b00d  ExitStandby_mt9d111                   
20015a25  FXOS8700_Init                         
2001768d  FXOS8700_ReadData                     
20020711  Fusion_Init                           
200158c5  Fusion_Run                            
20020c4d  GPIODirModeSet                        
20021bcd  GPIOPinRead                           
200217d7  GPIOPinWrite                          
2000b929  GetSNTPTime                           
20015e2d  GetTimeNTP                            
2001a019  Get_BatteryPercent                    
2001e475  Get_BatteryVoltageLevel_ADC081C021    
20018d21  Get_FridgeCamID                       
200165d1  HIBernate                             
2000ffd9  HOSTclock                             
2000ffa1  HOSTclose                             
2000ff63  HOSTgetenv                            
2000ff07  HOSTlseek                             
2000feb5  HOSTopen                              
2000fe69  HOSTread                              
2000fe0b  HOSTrename                            
2000fdd1  HOSTtime                              
2000fd99  HOSTunlink                            
2000fd4d  HOSTwrite                             
20016709  I2CBufferRead                         
200170c1  I2CBufferWrite                        
20021ee1  I2CMasterControl                      
20021f9d  I2CMasterDataGet                      
20021d91  I2CMasterDataPut                      
20021da7  I2CMasterEnable                       
2002121d  I2CMasterErr                          
2001d51d  I2CMasterInitExpClk                   
20021ef3  I2CMasterIntClearEx                   
200218d9  I2CMasterIntStatusEx                  
2002170b  I2CMasterSlaveAddrSet                 
20021f05  I2CMasterTimeoutSet                   
2001f9c5  I2C_IF_Open                           
2001b195  I2C_IF_Read                           
2001b3d5  I2C_IF_Write                          
2001fa15  ImagCapture_Init                      
200142e5  ImageSensor_CaptureConfigs_Task       
200213f5  InitTerm                              
2001de05  InitialiseParse                       
2001c60d  InitializeUserConfigVariables         
2001bf2d  IntDisable                            
2001bfd5  IntEnable                             
200215a5  IntHandler_100mSecTimer               
20021249  IntHandler_1Sec_TimeoutTimer          
20022035  IntMasterEnable                       
2001f671  IntPendClear                          
2001f7cd  IntPrioritySet                        
200217f9  IntRegister                           
200215c9  IntUnregister                         
20021e41  IntVTableBaseSet                      
2001c6a5  IntrptHandler_LEDTimer                
20020659  IsLightOff                            
20019101  IsLongPress                           
20020ac5  LEDTimer_Enable                       
20020d25  LEDTimer_Start                        
20021e55  LEDTimer_Stop                         
2001cd11  LED_Blink_2                           
20021be5  LED_Off                               
20021bfd  LED_On                                
2000ef7f  LogClient_Close                       
2000ef97  LogClient_ConnectAndPrint             
2000ef49  LogClient_ConnectServer               
2000ef31  LogClient_Init                        
2000eded  LogClient_Print                       
20022051  MT9D111Delay                          
2000f125  MagCal_Run                            
200191f5  Main_Task_withHibernate               
20021445  Message                               
2001e0d5  NWP_SwitchOff                         
2001de7d  NWP_SwitchOn                          
2001e4e5  Network_IF_GetHostIP                  
20021fd5  NwpMaskInterrupt                      
20020afd  NwpPowerOff                           
20021819  NwpPowerOn                            
2001d5a1  NwpPowerOnPreamble                    
20021533  NwpRegisterInterruptHandler           
20021fe1  NwpUnMaskInterrupt                    
20015491  OTAServerInfoSet                      
2001a9a5  OTA_CommitImage                       
20020ec5  OTA_Update                            
20023016  OpcodeTranslateTable                  
2000ca47  OtaClient_CloseServer                 
2000ca11  OtaClient_ConnectServer               
2000c9df  OtaClient_GetNextUpdate               
2000c9ad  OtaClient_Init                        
2000c8d7  OtaClient_ResourceMetadata            
2000c713  OtaClient_ResourceNameConvert         
2000c665  OtaClient_UpdateCheck                 
2001f5b9  PCLK_Rate_read                        
20016e59  PRCMCC3200MCUInit                     
20021dbd  PRCMHIBRegRead                        
20021dd3  PRCMHIBRegWrite                       
20021c15  PRCMHibernateEnter                    
2001d0e5  PRCMHibernateIntervalSet              
2001ead1  PRCMHibernateWakeUpGPIOSelect         
20020071  PRCMHibernateWakeupSourceDisable      
[...]
2001fc95  RdSensData_Init                       
2001fce1  SPIIntEnable                          
2001fd2d  WDT_init                              
2001fd79  _SlDrvProtectAsyncRespSetting         
2001fdc5  _SlDrvRxIrqHandler                    
2001fe11  _sl_BuildAddress                      
2001fe5d  atoi                                  
2001fea9  atol                                  
2001fef5  copy_in                               
2001ff41  srand                                 
2001ff57  rand                                  
2001ff8d  uDMAChannelAssign                     
2001ffd9  util_u32_nsec_add                     
20020025  __aeabi_d2f                           
20020071  PRCMHibernateWakeupSourceDisable      
200200b9  PRCMHibernateWakeupSourceEnable       
20020101  SPIIntClear                           
20020149  Variable_Read                         
20020191  _SlDrvBasicCmd                        
200201d9  addHttpRequestLine                    
20020221  fatan_15deg                           
20020269  __aeabi_d2iz                          
200202b1  ldexp                                 
2002033d  TimerConfigure                        
20020381  UDMASetupTransfer                     
20020409  fxos_Calibration                      
2002044d  C$$EXIT                               
20020451  abort                                 
20020459  exit                                  
20020491  __aeabi_d2uiz                         
200204d5  sl_Htonl                              
20020519  PinModeSet                            
20020559  Variable_Write                        
20020599  getHttpResponseBody                   
200205d9  signal                                
20020619  start_1Sec_TimeoutTimer               
20020659  IsLightOff                            
20020697  strncasecmp                           
200206d5  CopyPingResultsToReport               
20020711  Fusion_Init                           
2002074d  PRCMPeripheralClkEnable               
20020789  PRCMSlowClkCtrFastGet                 
200207c5  Reg_Read                              
20020801  _sl_TruncatePayloadByProtocol         
2002083d  _c_int00                              
20020879  sl_Htons                              
200208b5  start_100mSecTimer                    
200208f1  uDMAChannelControlSet                 
2002092d  CameraCaptureStop                     
20020967  CameraXClkConfig                      
200209a1  Reg_Write                             
200209db  fLPFScalar                            
20020a15  parseSendRequest                      
20020a51  addHttpRequestHeader                  
20020ac5  LEDTimer_Enable                       
20020afd  NwpPowerOff                           
20020b35  WDT_IF_Init                           
20020b6d  pvPortMalloc                          
20020b8d  vPortFree                             
20020ba5  __aeabi_f2d                           
20020bdd  __aeabi_f2iz                          
20020c15  __aeabi_i2f                           
20020c4d  GPIODirModeSet                        
20020c83  sl_NetAppMDNSUnRegisterService        
20020cb9  beginHttpRequest                      
20020cef  CameraParamsConfig                    
20020d25  LEDTimer_Start                        
20020d59  PRCMPeripheralStatusGet               
20020d8d  SPIFIFOLevelSet                       
20020dc1  getHttpResponseStatus                 
20020df5  get_angle                             
20020e29  feraiseexcept                         
20020e5d  __aeabi_f2uiz                         
20020e91  strstr                                
20020ec5  OTA_Update                            
20020ef9  Timer_IF_Init                         
20020f2b  PinTypeGPIO                           
20020f5d  UARTDisable                           
20020f8d  _SlDrvDeviceEventHandler              
20020fbd  _sl_Strlen                            
2002101d  strncpy                               
2002104d  _Feraise                              
2002107d  sl_Close                              
200210ad  sl_WlanProfileDel                     
200210dd  sl_WlanSetMode                        
2002110d  __aeabi_i2d                           
2002113b  raise                                 
20021169  addHttpRequestHeaderInt               
20021199  ApplyMagHAL                           
200211c5  CameraIntEnable                       
200211f1  DmaSpiSwIntHandler                    
2002121d  I2CMasterErr                          
20021249  IntHandler_1Sec_TimeoutTimer          
20021275  PRCMSysResetCauseGet                  
200212a1  SoftReset_ImageSensor                 
200212f9  setDataBufferPointer                  
20021325  TimerLoadSet                          
2002134f  TimerPrescaleSet                      
20021379  _Dclass                               
200213a3  util_u64_time_add                     
200213cd  CameraIntStatus                       
200213f5  InitTerm                              
20021445  Message                               
2002146d  PRCMPeripheralClkDisable              
20021495  strncat                               
200214bd  sl_NetAppStart                        
200214e5  sl_NetAppStop                         
2002150d  CameraThresholdSet                    
20021533  NwpRegisterInterruptHandler           
20021559  strncmp                               
20021581  CameraIntClear                        
200215a5  IntHandler_100mSecTimer               
200215c9  IntUnregister                         
20021611  Timer_IF_Start                        
20021635  UARTEnable                            
20021659  WriteAllAEnAWBRegs                    
2002167d  _SlDrvProtectionObjLockWaitForever    
200216a1  magnetometer_initialize               
200216c5  __aeabi_ui2f                          
200216e9  CameraCaptureStart                    
2002170b  I2CMasterSlaveAddrSet                 
2002172d  SL_FD_SET                             
2002174f  SPIReset                              
20021771  SPIWordCountSet                       
20021793  frexp                                 
200217b5  memcmp                                
200217d7  GPIOPinWrite                          
200217f9  IntRegister                           
20021819  NwpPowerOn                            
20021839  Refresh_mt9d111Firmware               
20021859  Reset_byStarvingWDT                   
20021879  _SlDrvProtectionObjUnLock             
20021899  memchr                                
200218b9  __aeabi_ui2d                          
200218d9  I2CMasterIntStatusEx                  
200218f7  TimerDisable                          
20021915  TimerEnable                           
20021933  TimerIntStatus                        
20021951  UARTCharPut                           
2002198d  strcat                                
200219ad  ApplyAccelHAL                         
200219c9  CameraSensorInit                      
200219e5  DmaSwIntHandler                       
20021a01  PinTypeI2C                            
20021a1d  TimerValueGet                         
20021a39  _SlDrvObjLockWaitForever              
20021a55  _SlDrvSyncObjWaitForever              
20021a71  memccpy                               
20021a8d  stop_100mSecTimer                     
20021aa9  stop_1Sec_TimeoutTimer                
20021ac5  uDMAChannelDisable                    
20021ae1  uDMAChannelEnable                     
20021afd  vApplicationMallocFailedHook          
20021b19  PinTypeCamera                         
20021b33  PinTypeUART                           
20021b4d  SPIDmaDisable                         
20021b67  SPIDmaEnable                          
20021b81  SPIFIFODisable                        
20021b9b  SPIFIFOEnable                         
20021bb5  CameraReset                           
20021bcd  GPIOPinRead                           
20021be5  LED_Off                               
20021bfd  LED_On                                
20021c15  PRCMHibernateEnter                    
20021c2d  SPICSDisable                          
20021c45  SPICSEnable                           
20021c5d  SPIDisable                            
20021c75  SPIEnable                             
20021c8d  TimerIntEnable                        
20021ca5  Timer_IF_InterruptClear               
20021cbd  WatchdogUnlock                        
20021cd5  _SlDrvObjUnLock                       
20021ced  _SlDrvSyncObjSignal                   
20021d05  _sl_GetStartResponseConvert           
20021d35  _args_main                            
20021d4d  strcmp                                
20021d65  CameraDMAEnable                       
20021d7b  CameraIntRegister                     
20021d91  I2CMasterDataPut                      
20021da7  I2CMasterEnable                       
20021dbd  PRCMHIBRegRead                        
20021dd3  PRCMHIBRegWrite                       
20021de9  WatchdogEnable                        
20021dff  _SlDrvMemZero                         
20021e15  strchr                                
20021e2b  CPUcpsie                              
20021e41  IntVTableBaseSet                      
20021e55  LEDTimer_Stop                         
20021e69  SetShutterWidth                       
20021e7d  _register_unlock                      
20021e83  _register_lock                        
20021e8b  _nop                                  
20021e91  strcpy                                
20021ea5  strlen                                
20021eb9  uDMAControlBaseSet                    
20021ecd  uDMAIntClear                          
20021ee1  I2CMasterControl                      
20021ef3  I2CMasterIntClearEx                   
20021f05  I2CMasterTimeoutSet                   
20021f17  TimerIntClear                         
20021f29  WatchdogReloadSet                     
20021f3d  PRCMSOCReset                          
20021f5d  SL_FD_ZERO                            
20021f6d  Timer_IF_Stop                         
20021f7d  WatchdogIntClear                      
20021f8d  socketClose                           
20021f9d  I2CMasterDataGet                      
20021fab  _SlDrvResetCmdExt                     
20021fb9  __TI_decompress_none                  
20021fc7  DmaErrorIntHandler                    
20021fd5  NwpMaskInterrupt                      
20021fe1  NwpUnMaskInterrupt                    
20021fed  cc_rtc_get                            
20021ff9  __TI_zero_init                        
20022005  getInternalClient                     
20022011  sl_WlanDisconnect                     
2002201d  uDMAEnable                            
20022029  uDMAIntStatus                         
20022035  IntMasterEnable                       
2002203f  vApplicationStackOverflowHook         
20022049  sensorsTriggerSetup                   
20022051  MT9D111Delay                          
20022057  ResetISR                              
2002205d  UtilsDelay                            
20022063  __TI_decompress_rle24                 
20022069  logf                                  
2002206f  sinf                                  
20022075  __abort_execution                     
20022079  _system_pre_init                      
2002243c  _ctypes_                              
20022b38  g_acSNTPserver                        
20022b56  g_acNumOfDaysPerMonth                 
20022b62  g_acDigits                            
20023016  OpcodeTranslateTable                  
20023052  _SlPolicySetCmdCtrl                   
20023056  _SlPolicyGetCmdCtrl                   
2002305a  _SlProfileGetCmdCtrl                  
2002305e  _SlProfileDelCmdCtrl                  
20023062  _SlWlanGetNetworkListCtrl             
20023066  _SlRxFilterAddtCmdCtrl                
2002306a  _SlRxFilterSetCmdCtrl                 
2002306e  _SlRxFilterGetCmdCtrl                 
20023072  _SlSmartConfigStartCmdCtrl            
20023076  _SlWlanSetModeCmdCtrl                 
2002307a  _SlWlanCfgSetCmdCtrl                  
2002307e  _SlWlanCfgGetCmdCtrl                  
20023090  _SlActionLookupTable                  
20023100  _SlFsOpenCmdCtrl                      
20023104  _SlFsCloseCmdCtrl                     
20023108  _SlFsReadCmdCtrl                      
2002310c  _SlFsWriteCmdCtrl                     
20023110  _SlFsGetInfoCmdCtrl                   
20023114  _SlFsDeleteCmdCtrl                    
200231a4  g_H2NSyncPattern                      
200231ac  g_H2NCnysPattern                      
200231b4  RxMsgClassLUT                         
200231d8  _SlSockSocketCmdCtrl                  
200231dc  _SlSockCloseCmdCtrl                   
200231e0  _SlRecvfomCmdCtrl                     
200231e4  _SlSendCmdCtrl                        
200231e8  _SlListenCmdCtrl                      
200231ec  _SlAcceptCmdCtrl                      
200231f0  _SlRecvCmdCtrl                        
200231f4  _SlSetSockOptCmdCtrl                  
200231f8  _SlGetSockOptCmdCtrl                  
200231fc  _SlSelectCmdCtrl                      
20023238  g_acDaysOfWeek2013                    
200232b4  _SlNetAppStartCtrl                    
200232b8  _SlNetAppStopCtrl                     
200232bc  _SlGetServiceListeCtrl                
200232c0  _SlRegisterServiceCtrl                
200232c4  _SlGetHostByServiceCtrl               
200232c8  _SlGetHostByNameCtrl                  
200232cc  _SlNetAppSetCmdCtrl                   
200232d0  _SlNetAppSendTokenValueCmdCtrl        
200232d4  _SlNetAppGetCmdCtrl                   
200232dc  g_acMonthOfYear                       
20023398  g_deviceClientVersion                 
200233c6  _SlStopCmdCtrl                        
200233ca  _SlEventMaskSetCmdCtrl                
200233ce  _SlEventMaskGetCmdCtrl                
200233d2  _SlDeviceGetCmdCtrl                   
200233d6  _SlDeviceSetCmdCtrl                   
200233ed  _SlPayloadByProtocolLUT               
2002341b  pcDigits                              
20023426  StartResponseLUT                      
2002342e  _SlNetCfgSetCmdCtrl                   
20023432  _SlNetCfgGetCmdCtrl                   
20023440  __TI_static_base__                    
20023950  __TI_Handler_Table_Base               
2002395c  __TI_Handler_Table_Limit              
20023968  __TI_CINIT_Base                       
20023978  __TI_CINIT_Limit                      
20023c00  g_image_buffer                        
20037c00  thisMagBuffer                         
20038cf8  g_OtaCheckUpdateResponse              
20039144  thisMagCal                            
2003979c  thisMag                               
200397f4  g_SecParams                           
20039800  gpCtlTbl                              
20039c00  g_OtaFileMetadata                     
20039fd8  g_NetEntries                          
2003a548  g_StatMem                             
2003a6c0  __CIOBUF_                             
2003a7e0  gfpAppCallbackHndl                    
2003a9a8  thisSV_6DOF_GB_BASIC                  
2003aa54  __TI_tmpnams                          
2003aaf4  g_CdnClient                           
2003ab68  g_ucDinDout                           
2003abb8  xQueueRegistry                        
2003ac08  g_OtaApp                              
2003ac54  g_OtaApp_statistics                   
2003aca0  g_TimeData                            
2003ace0  clientStateFileName                   
2003ad14  g_cWlanSecurityKey                    
2003ad48  thisAccel                             
2003ad7c  g_OtaClient                           
2003ada0  g_cWlanSSID                           
2003adc4  g_ucConnectionSSID                    
2003ae04  g_FlcSflashCb                         
2003ae18  g_flag_blockFull                      
2003ae90  ang_buf                               
2003aea0  globals                               
2003aeb0  mqxglobals                            
2003aec0  g_LogClient                           
2003aec8  g_Struct_TimeStamp_MaxAngle           
2003aed0  g_Struct_TimeStamp_MinAngle           
2003aed8  g_TimeStamp_CamUp                     
2003aee0  g_TimeStamp_DoorClosed                
2003aee8  g_TimeStamp_NWPUp                     
2003aef0  g_TimeStamp_PhotoSnap                 
2003aef8  g_TimeStamp_PhotoUploaded             
2003af00  g_TimeStamp_cc3200Up                  
2003af08  g_TimeStamp_maxAngle                  
2003af10  g_TimeStamp_minAngle                  
2003af18  g_ucConnectionBSSID                   
2003af30  DMAMsgQ                               
2003af34  Elapsed_100MilliSecs                  
2003af38  Elapsed_1Secs                         
2003af40  angle_avg                             
2003af44  dataBuffer                            
2003af48  g_block_lastFilled                    
2003af4c  g_cDummy                              
2003af50  g_cWlanSecurityType                   
2003af54  g_frame_size_in_bytes                 
2003af58  g_position_in_block                   
2003af5c  g_readHeader                          
2003af64  g_ulAppStatus                         
2003af68  g_ulAppTimeout_ms                     
2003af6c  g_ulSimplelinkStatus                  
2003af70  g_ulWatchdogCycles                    
2003af74  gdoor_40deg_angle                     
2003af78  gdoor_90deg_angle                     
2003af7c  gdoor_OpenDeg_angle                   
2003af8c  g_fMaxAngle                           
2003af8e  g_fMinAngle                           
2003af90  RxIrqCnt                              
2003af91  avg_buffer_cnt                        
2003af92  captureTimeout_Flag                   
2003af93  checkForLight_Flag                    
2003af94  cnt_LED_Timer                         
2003af95  g_BlinkCount                          
2003af96  g_I2CPeripheral_inUse_Flag            
2003af97  g_NoOfBlinks                          
2003af98  g_OffTime                             
2003af99  g_OnTime                              
2003af9a  g_PhoneConnected_ToCC3200AP_flag      
2003af9b  g_Task1_Notification                  
2003af9c  g_Task3_Notification                  
2003af9e  g_flag_DataBlockFilled                
2003af9f  g_flag_door_closing_45degree          
2003afa0  g_frame_end                           
2003afa1  g_ucAWBOff                            
2003afa2  g_ucAWBOn                             
2003afa3  g_ucAction                            
2003afa4  g_ucActionButton                      
2003afa5  g_ucAngle40                           
2003afa6  g_ucAngle90                           
2003afa7  g_ucCalibration                       
2003afa8  g_ucConfig                            
2003afa9  g_ucExitButton                        
2003afaa  g_ucFeedWatchdog                      
2003afab  g_ucMagCalb                           
2003afac  g_ucPreviewStart                      
2003afad  g_ucPreviewStop                       
2003afae  g_ucProfileAdded                      
2003afaf  g_ucPushButtonPressedTwice            
2003afb0  g_ucReasonForFailure                  
2003afb1  g_ucSAVE                              
2003afb2  iDone                                 
2003afb3  isitfirsttime                         
2003afb4  print_count                           
2003afb5  valid_case                            
2003afb8  _sys_memory                           
ffffffff  __binit__                             
ffffffff  __c_args__                            
ffffffff  binit                                 
UNDEFED   SHT$$INIT_ARRAY$$Base                 
UNDEFED   SHT$$INIT_ARRAY$$Limit                

[967 symbols]
