******************************************************************************
                  TI ARM Linker PC v5.1.6                      
******************************************************************************
>> Linked Wed Apr 15 15:09:58 2015

OUTPUT FILE NAME:   <ULP_SEC_CAM.out>
ENTRY POINT SYMBOL: "_c_int00"  address: 20013905


MEMORY CONFIGURATION

         name            origin    length      used     unused   attr    fill
----------------------  --------  ---------  --------  --------  ----  --------
  SRAM_BOOTLDR          20000000   00004000  00002540  00001ac0  RW X
  SRAM_CODE             20004000   00014000  00011b29  000024d7  RW X
  SRAM_DATA             20018000   00024000  000228e0  00001720  RW X


SEGMENT ALLOCATION MAP

run origin  load origin   length   init length attrs members
----------  ----------- ---------- ----------- ----- -------
20000000    20000000    00001540   00000000    rw-
  20000000    20000000    00001540   00000000    rw- .data
20003000    20003000    00001000   00000000    rw-
  20003000    20003000    00001000   00000000    rw- .stack
20004000    20004000    00011b30   00011b30    r-x
  20004000    20004000    00000400   00000400    r-- .intvecs
  20004400    20004400    00010108   00010108    r-x .text
  20014508    20014508    00000a71   00000a71    r-- .const
  20014f80    20014f80    00000bb0   00000bb0    r-- .cinit
20018000    20018000    000228e0   00000000    rw-
  20018000    20018000    0001e8e0   00000000    rw- .bss
  200368e0    200368e0    00004000   00000000    rw- .sysmem


SECTION ALLOCATION MAP

 output                                  attributes/
section   page    origin      length       input sections
--------  ----  ----------  ----------   ----------------
.init_array 
*          0    20004000    00000000     UNINITIALIZED

.data      0    20000000    00001540     UNINITIALIZED
                  20000000    00000600     camera_app.obj (.data:JPEG_StdHuffmanTbl)
                  20000600    00000400     camera_app.obj (.data:g_header)
                  20000a00    000003c9     libparse.a : cc3200_certificate.obj (.data:DigiCertHighAssuranceEVRootCA_der)
                  20000dc9    00000003     --HOLE--
                  20000dcc    00000184     simplelink.a : driver.obj (.data)
                  20000f50    000000f0     rtsv7M4_T_le_eabi.lib : defs.obj (.data:_ftable)
                  20001040    000000d0                           : lowlev.obj (.data)
                  20001110    000000b0                           : signal.obj (.data:sigtable)
                  200011c0    00000080                           : xvalues.obj (.data)
                  20001240    00000070                           : xlvalues.obj (.data)
                  200012b0    00000068                           : xfvalues.obj (.data)
                  20001318    00000064     simplelink.a : cc_pal.obj (.data)
                  2000137c    00000040     camera_app.obj (.data:JPEG_StdQuantTblC)
                  200013bc    00000040     camera_app.obj (.data:JPEG_StdQuantTblY)
                  200013fc    00000040     camera_app.obj (.data:zigzag)
                  2000143c    00000034     free_rtos.a : tasks.obj (.data)
                  20001470    0000002c     libparse.a : cc3200_utils.obj (.data:lastDateTime)
                  2000149c    00000018                : cc3200_utils.obj (.data)
                  200014b4    00000018                : request.obj (.data)
                  200014cc    00000010     rtsv7M4_T_le_eabi.lib : defs.obj (.data)
                  200014dc    0000000c     free_rtos.a : osi_freertos.obj (.data)
                  200014e8    0000000c     network_relater_fns.obj (.data)
                  200014f4    0000000c     rtsv7M4_T_le_eabi.lib : memory.obj (.data)
                  20001500    00000008     camera_app.obj (.data)
                  20001508    00000008     rtsv7M4_T_le_eabi.lib : _lock.obj (.data)
                  20001510    00000008                           : exit.obj (.data)
                  20001518    00000008                           : feraiseexcept.obj (.data)
                  20001520    00000006     libparse.a : http.obj (.data)
                  20001526    00000002     --HOLE--
                  20001528    00000004     free_rtos.a : port.obj (.data)
                  2000152c    00000004     libparse.a : cc3200_certificate.obj (.data)
                  20001530    00000004     rtsv7M4_T_le_eabi.lib : errno.obj (.data)
                  20001534    00000004                           : fopen.obj (.data)
                  20001538    00000004                           : rand.obj (.data)
                  2000153c    00000004                           : stkdepth_vars.obj (.data)

.stack     0    20003000    00001000     UNINITIALIZED
                  20003000    00001000     --HOLE--

.intvecs   0    20004000    00000400     
                  20004000    00000400     startup_ccs.obj (.intvecs)

.text      0    20004400    00010108     
                  20004400    00001258     free_rtos.a : tasks.obj (.text)
                  20005658    00000ec0     rtsv7M4_T_le_eabi.lib : _printfi.obj (.text)
                  20006518    00000c04     camera_app.obj (.text)
                  2000711c    00000bbc     network_relater_fns.obj (.text)
                  20007cd8    00000b24     free_rtos.a : queue.obj (.text)
                  200087fc    0000097c     libparse.a : request.obj (.text)
                  20009178    0000093a     accelomtrMagntomtr_fxos8700.obj (.text)
                  20009ab2    00000002     driverlib.a : interrupt.obj (.text:IntDefaultHandler)
                  20009ab4    0000064e     libparse.a : cc3200_utils.obj (.text)
                  2000a102    00000002     --HOLE-- [fill = 0]
                  2000a104    00000518                : installation.obj (.text)
                  2000a61c    000004a2                : simplejson.obj (.text)
                  2000aabe    00000002     --HOLE-- [fill = 0]
                  2000aac0    0000049c                : cc3200_socket.obj (.text)
                  2000af5c    00000490     rtsv7M4_T_le_eabi.lib : pow.obj (.text)
                  2000b3ec    0000045c     free_rtos.a : osi_freertos.obj (.text)
                  2000b848    000003cc     rtsv7M4_T_le_eabi.lib : memory.obj (.text)
                  2000bc14    000003b4     libparse.a : cc3200_client_state.obj (.text)
                  2000bfc8    000003a6     simplelink.a : driver.obj (.text:_SlDrvMsgRead)
                  2000c36e    00000002     --HOLE-- [fill = 0]
                  2000c370    0000034c                  : driver.obj (.text:_SlAsyncEventGenericHandler)
                  2000c6bc    00000340     main.obj (.text)
                  2000c9fc    00000310     rtsv7M4_T_le_eabi.lib : lowlev.obj (.text)
                  2000cd0c    000002e4                           : xlog.obj (.text)
                  2000cff0    000002d4                           : trgdrv.obj (.text)
                  2000d2c4    000002a0                           : vla_alloc.obj (.text)
                  2000d564    0000027c     parse_uploads.obj (.text)
                  2000d7e0    00000204     mt9d111.obj (.text)
                  2000d9e4    000001fc     rtsv7M4_T_le_eabi.lib : xexp.obj (.text)
                  2000dbe0    000001f4                           : ull_div_t2.obj (.text)
                  2000ddd4    000001dc     libparse.a : cc3200_certificate.obj (.text)
                  2000dfb0    000001c0     rtsv7M4_T_le_eabi.lib : fopen.obj (.text)
                  2000e170    000001b8     uartA1_if.obj (.text)
                  2000e328    000001b6     rtsv7M4_T_le_eabi.lib : fd_add_t2.obj (.text)
                  2000e4de    00000002     --HOLE-- [fill = 0]
                  2000e4e0    000001b0     libparse.a : http.obj (.text)
                  2000e690    0000019c     simplelink.a : wlan.obj (.text:sl_WlanConnect)
                  2000e82c    00000194     udma_if.obj (.text)
                  2000e9c0    0000018c     i2c_if.obj (.text)
                  2000eb4c    00000188     rtsv7M4_T_le_eabi.lib : xlatan.obj (.text)
                  2000ecd4    00000170     i2cconfig.obj (.text)
                  2000ee44    00000164     simplelink.a : driver.obj (.text:_SlDrvDataReadOp)
                  2000efa8    00000140                  : driver.obj (.text:_SlDrvRxHdrRead)
                  2000f0e8    00000140     rtsv7M4_T_le_eabi.lib : sqrt.obj (.text)
                  2000f228    00000136                           : fd_div_t2.obj (.text)
                  2000f35e    00000002     --HOLE-- [fill = 0]
                  2000f360    00000134     driverlib.a : prcm.obj (.text:PRCMCC3200MCUInit)
                  2000f494    00000134     rtsv7M4_T_le_eabi.lib : fputs.obj (.text)
                  2000f5c8    00000130     simplelink.a : cc_pal.obj (.text:spi_Open)
                  2000f6f8    0000012c                  : driver.obj (.text:_SlDrvDataWriteOp)
                  2000f824    0000012a     free_rtos.a : list.obj (.text)
                  2000f94e    00000002     --HOLE-- [fill = 0]
                  2000f950    00000116     libparse.a : parse_impl.obj (.text)
                  2000fa66    00000002     --HOLE-- [fill = 0]
                  2000fa68    00000114     simplelink.a : driver.obj (.text:_SlDrvMsgWrite)
                  2000fb7c    00000110     free_rtos.a : port.obj (.text)
                  2000fc8c    00000110     rtsv7M4_T_le_eabi.lib : xdscale.obj (.text)
                  2000fd9c    0000010c     simplelink.a : driver.obj (.text:_SlDrvWaitForPoolObj)
                  2000fea8    0000010c     i2c_app.obj (.text)
                  2000ffb4    00000108     simplelink.a : socket.obj (.text:sl_Select)
                  200100bc    00000104                  : driver.obj (.text:_SlDrvReleasePoolObj)
                  200101c0    00000104     rtsv7M4_T_le_eabi.lib : atan2l.obj (.text)
                  200102c4    000000fc                           : fd_mul_t2.obj (.text)
                  200103c0    000000fa                           : fs_add_t2.obj (.text)
                  200104ba    00000002     --HOLE-- [fill = 0]
                  200104bc    000000f0     driverlib.a : udma.obj (.text:uDMAChannelTransferSet)
                  200105ac    000000e8     simplelink.a : socket.obj (.text:sl_Connect)
                  20010694    000000e8                  : cc_pal.obj (.text:spi_Write)
                  2001077c    000000dc     rtsv7M4_T_le_eabi.lib : setvbuf.obj (.text)
                  20010858    000000d8     simplelink.a : netapp.obj (.text:sl_NetAppDnsGetHostByName)
                  20010930    000000cc                  : cc_pal.obj (.text:spi_Read)
                  200109fc    000000c4     rtsv7M4_T_le_eabi.lib : xdint.obj (.text)
                  20010ac0    000000c4                           : xdnorm.obj (.text)
                  20010b84    000000c4     simplelink.a : device.obj (.text:sl_Stop)
                  20010c48    000000c0     rtsv7M4_T_le_eabi.lib : fflush.obj (.text)
                  20010d08    000000c0     simplelink.a : device.obj (.text:sl_Start)
                  20010dc8    000000ba     free_rtos.a : portasm.obj (.text)
                  20010e82    00000002     --HOLE-- [fill = 0]
                  20010e84    000000b4     simplelink.a : driver.obj (.text:_SlDrvMsgReadCmdCtx)
                  20010f38    000000b4     libparse.a : cc3200_debug.obj (.text)
                  20010fec    000000b2     simplelink.a : netapp.obj (.text:_SlDrvNetAppEventHandler)
                  2001109e    000000b2     pinmux.obj (.text)
                  20011150    000000b0     simplelink.a : socket.obj (.text:sl_Send)
                  20011200    000000ac     rtsv7M4_T_le_eabi.lib : _io_perm.obj (.text)
                  200112ac    000000a8     driverlib.a : interrupt.obj (.text:IntDisable)
                  20011354    000000a8                 : interrupt.obj (.text:IntEnable)
                  200113fc    000000a0                 : spi.obj (.text:SPIConfigSetExpClk)
                  2001149c    0000009c     rtsv7M4_T_le_eabi.lib : fputc.obj (.text)
                  20011538    0000009c                           : memcpy_t2.obj (.text)
                  200115d4    00000098     simplelink.a : driver.obj (.text:_SlFindAndSetActiveObj)
                  2001166c    00000098     rtsv7M4_T_le_eabi.lib : fclose.obj (.text)
                  20011704    00000098                           : snprintf.obj (.text)
                  2001179c    00000094     driverlib.a : prcm.obj (.text:PRCMPeripheralClockGet)
                  20011830    00000094     simplelink.a : driver.obj (.text:_SlDrvClassifyRxMsg)
                  200118c4    00000094     rtsv7M4_T_le_eabi.lib : auto_init.obj (.text)
                  20011958    00000090     simplelink.a : driver.obj (.text:_SlDrvMsgReadSpawnCtx)
                  200119e8    0000008c                  : fs.obj (.text:sl_FsRead)
                  20011a74    0000008c                  : fs.obj (.text:sl_FsWrite)
                  20011b00    00000088     driverlib.a : pin.obj (.text:PinConfigSet)
                  20011b88    00000088     rtsv7M4_T_le_eabi.lib : vsnprintf.obj (.text)
                  20011c10    00000088     simplelink.a : netapp.obj (.text:sl_NetAppMDNSRegisterUnregisterService)
                  20011c98    00000086     rtsv7M4_T_le_eabi.lib : fd_cmp_t2.obj (.text:__aeabi_cdcmple)
                  20011d1e    00000086                           : fd_cmp_t2.obj (.text:__aeabi_cdrcmple)
                  20011da4    00000084     driverlib.a : i2c.obj (.text:I2CMasterInitExpClk)
                  20011e28    00000084     simplelink.a : driver.obj (.text:_SlDrvCmdOp)
                  20011eac    00000080                  : cc_pal.obj (.text:NwpPowerOnPreamble)
                  20011f2c    0000007c                  : driver.obj (.text:_SlDrvDriverCBInit)
                  20011fa8    0000007c                  : netapp.obj (.text:_sl_HandleAsync_DnsGetHostByName)
                  20012024    0000007c                  : device.obj (.text:sl_DevGet)
                  200120a0    0000007c                  : fs.obj (.text:sl_FsClose)
                  2001211c    0000007a     rtsv7M4_T_le_eabi.lib : fs_mul_t2.obj (.text)
                  20012196    00000002     --HOLE-- [fill = 0]
                  20012198    00000078     simplelink.a : cc_pal.obj (.text:SetupDMAReceive)
                  20012210    00000078     rtsv7M4_T_le_eabi.lib : memset_t2.obj (.text)
                  20012288    00000076     driverlib.a : uart.obj (.text:UARTConfigSetExpClk)
                  200122fe    00000002     --HOLE-- [fill = 0]
                  20012300    00000074     simplelink.a : device.obj (.text:_sl_HandleAsync_InitComplete)
                  20012374    00000074                  : wlan.obj (.text:sl_WlanGet)
                  200123e8    00000074                  : cc_pal.obj (.text:spi_Close)
                  2001245c    00000070                  : netapp.obj (.text:_sl_HandleAsync_PingResponse)
                  200124cc    0000006e                  : socket.obj (.text:_sl_TruncatePayloadByProtocol)
                  2001253a    00000002     --HOLE-- [fill = 0]
                  2001253c    0000006c     rtsv7M4_T_le_eabi.lib : fprintf.obj (.text)
                  200125a8    00000068     simplelink.a : socket.obj (.text:_sl_HandleAsync_Connect)
                  20012610    00000068                  : netapp.obj (.text:_sl_HandleAsync_DnsGetHostByService)
                  20012678    00000068                  : fs.obj (.text:sl_FsGetInfo)
                  200126e0    00000064                  : fs.obj (.text:_sl_GetCreateFsMode)
                  20012744    00000064                  : socket.obj (.text:_sl_HandleAsync_Accept)
                  200127a8    00000064     rtsv7M4_T_le_eabi.lib : fseek.obj (.text)
                  2001280c    00000064                           : xdunscal.obj (.text)
                  20012870    00000064     driverlib.a : udma.obj (.text:uDMAChannelAttributeDisable)
                  200128d4    00000064                 : udma.obj (.text:uDMAChannelAttributeEnable)
                  20012938    00000060     rtsv7M4_T_le_eabi.lib : fs_cmp_t2.obj (.text:__aeabi_cfcmple)
                  20012998    00000060                           : fs_cmp_t2.obj (.text:__aeabi_cfrcmple)
                  200129f8    00000060                           : sprintf.obj (.text)
                  20012a58    00000060                           : trgmsg.obj (.text)
                  20012ab8    0000005e                           : copy_decompress_rle.obj (.text)
                  20012b16    0000005a                           : ltoa.obj (.text)
                  20012b70    00000058     driverlib.a : interrupt.obj (.text:IntPendClear)
                  20012bc8    00000058                 : prcm.obj (.text:PRCMPeripheralReset)
                  20012c20    00000058     simplelink.a : driver.obj (.text:_SlDrvDriverCBDeinit)
                  20012c78    00000058                  : socket.obj (.text:_sl_HandleAsync_Select)
                  20012cd0    00000054     driverlib.a : interrupt.obj (.text:IntPrioritySet)
                  20012d24    00000054     simplelink.a : device.obj (.text:_sl_HandleAsync_Stop)
                  20012d78    00000054                  : fs.obj (.text:sl_FsOpen)
                  20012dcc    00000054                  : netapp.obj (.text:sl_NetAppSendTokenValue)
                  20012e20    00000050     app_common.obj (.text)
                  20012e70    0000004c     driverlib.a : spi.obj (.text:SPIIntEnable)
                  20012ebc    0000004c     rtsv7M4_T_le_eabi.lib : atoi.obj (.text)
                  20012f08    0000004c                           : rand.obj (.text)
                  20012f54    0000004c     simplelink.a : socket.obj (.text:sl_SetSockOpt)
                  20012fa0    0000004c     driverlib.a : udma.obj (.text:uDMAChannelAssign)
                  20012fec    0000004a     simplelink.a : device.obj (.text:_sl_GetStartResponseConvert)
                  20013036    0000004a     rtsv7M4_T_le_eabi.lib : fd_tos_t2.obj (.text)
                  20013080    00000048     driverlib.a : spi.obj (.text:SPIIntClear)
                  200130c8    00000048     rtsv7M4_T_le_eabi.lib : fd_toi_t2.obj (.text)
                  20013110    00000048     simplelink.a : device.obj (.text:sl_DevSet)
                  20013158    00000048                  : fs.obj (.text:sl_FsDel)
                  200131a0    00000048                  : wlan.obj (.text:sl_WlanSet)
                  200131e8    00000044     driverlib.a : spi.obj (.text:SPIDmaMaskGet)
                  2001322c    00000044     rtsv7M4_T_le_eabi.lib : cpy_tbl.obj (.text)
                  20013270    00000044                           : exit.obj (.text)
                  200132b4    00000044                           : fd_tou_t2.obj (.text)
                  200132f8    00000044                           : xdtest.obj (.text)
                  2001333c    00000044     simplelink.a : netcfg.obj (.text:sl_NetCfgSet)
                  20013380    00000044                  : socket.obj (.text:sl_Recv)
                  200133c4    00000040     driverlib.a : pin.obj (.text:PinModeSet)
                  20013404    00000040     simplelink.a : driver.obj (.text:_SlDrvRxIrqHandler)
                  20013444    00000040                  : driver.obj (.text:_SlRemoveFromList)
                  20013484    00000040     rtsv7M4_T_le_eabi.lib : signal.obj (.text)
                  200134c4    00000040     simplelink.a : wlan.obj (.text:sl_WlanPolicySet)
                  20013504    00000040                  : wlan.obj (.text:sl_WlanRxFilterSet)
                  20013544    0000003c                  : cc_pal.obj (.text:NwpPowerOff)
                  20013580    0000003c     driverlib.a : prcm.obj (.text:PRCMPeripheralClkEnable)
                  200135bc    0000003c     simplelink.a : driver.obj (.text:_SlDrvObjInit)
                  200135f8    0000003c     rtsv7M4_T_le_eabi.lib : strncasecmp.obj (.text)
                  20013634    0000003c     driverlib.a : udma.obj (.text:uDMAChannelControlSet)
                  20013670    0000003a                 : camera.obj (.text:CameraCaptureStop)
                  200136aa    0000003a                 : camera.obj (.text:CameraXClkConfig)
                  200136e4    00000038     free_rtos.a : heap_3.obj (.text)
                  2001371c    00000038     rtsv7M4_T_le_eabi.lib : fs_tod_t2.obj (.text)
                  20013754    00000038                           : fs_toi_t2.obj (.text)
                  2001378c    00000038                           : i_tofs_t2.obj (.text)
                  200137c4    00000038     simplelink.a : socket.obj (.text:sl_Htonl)
                  200137fc    00000036     driverlib.a : gpio.obj (.text:GPIODirModeSet)
                  20013832    00000034                 : camera.obj (.text:CameraParamsConfig)
                  20013866    00000002     --HOLE-- [fill = 0]
                  20013868    00000034                 : prcm.obj (.text:PRCMPeripheralStatusGet)
                  2001389c    00000034                 : spi.obj (.text:SPIFIFOLevelSet)
                  200138d0    00000034     simplelink.a : driver.obj (.text:_SlDrvBasicCmd)
                  20013904    00000034     rtsv7M4_T_le_eabi.lib : boot.obj (.text)
                  20013938    00000034                           : feraiseexcept.obj (.text)
                  2001396c    00000034                           : fs_tou_t2.obj (.text)
                  200139a0    00000034                           : strstr.obj (.text)
                  200139d4    00000034     simplelink.a : socket.obj (.text:sl_Htons)
                  20013a08    00000030                  : cc_pal.obj (.text:NwpPowerOn)
                  20013a38    00000030     driverlib.a : pin.obj (.text:PinTypeGPIO)
                  20013a68    00000030                 : uart.obj (.text:UARTDisable)
                  20013a98    00000030     rtsv7M4_T_le_eabi.lib : strncpy.obj (.text)
                  20013ac8    00000030                           : xferaise.obj (.text)
                  20013af8    00000030     simplelink.a : socket.obj (.text:sl_Socket)
                  20013b28    0000002e     rtsv7M4_T_le_eabi.lib : i_tofd_t2.obj (.text)
                  20013b56    0000002e                           : raise.obj (.text)
                  20013b84    0000002c     driverlib.a : camera.obj (.text:CameraIntEnable)
                  20013bb0    0000002c     simplelink.a : cc_pal.obj (.text:DmaSpiSwIntHandler)
                  20013bdc    0000002c     driverlib.a : i2c.obj (.text:I2CMasterErr)
                  20013c08    0000002c                 : prcm.obj (.text:PRCMSysResetCauseGet)
                  20013c34    0000002c     simplelink.a : flowcont.obj (.text:_SlDrvFlowContDeinit)
                  20013c60    0000002c                  : flowcont.obj (.text:_SlDrvFlowContInit)
                  20013c8c    00000028     driverlib.a : camera.obj (.text:CameraIntStatus)
                  20013cb4    00000028                 : prcm.obj (.text:PRCMPeripheralClkDisable)
                  20013cdc    00000028     simplelink.a : socket.obj (.text:_sl_BuildAddress)
                  20013d04    00000028     rtsv7M4_T_le_eabi.lib : strncat.obj (.text)
                  20013d2c    00000028     simplelink.a : wlan.obj (.text:sl_WlanSetMode)
                  20013d54    00000026     driverlib.a : camera.obj (.text:CameraThresholdSet)
                  20013d7a    00000026     rtsv7M4_T_le_eabi.lib : strncmp.obj (.text)
                  20013da0    00000024     driverlib.a : camera.obj (.text:CameraIntClear)
                  20013dc4    00000024                 : interrupt.obj (.text:IntUnregister)
                  20013de8    00000024                 : uart.obj (.text:UARTEnable)
                  20013e0c    00000024     rtsv7M4_T_le_eabi.lib : memmov.obj (.text)
                  20013e30    00000024     simplelink.a : socket.obj (.text:sl_Close)
                  20013e54    00000024                  : netapp.obj (.text:sl_NetAppStart)
                  20013e78    00000024                  : netapp.obj (.text:sl_NetAppStop)
                  20013e9c    00000024                  : wlan.obj (.text:sl_WlanProfileDel)
                  20013ec0    00000022     driverlib.a : camera.obj (.text:CameraCaptureStart)
                  20013ee2    00000022                 : i2c.obj (.text:I2CMasterSlaveAddrSet)
                  20013f04    00000022     simplelink.a : cc_pal.obj (.text:NwpRegisterInterruptHandler)
                  20013f26    00000022     driverlib.a : spi.obj (.text:SPIReset)
                  20013f48    00000022                 : spi.obj (.text:SPIWordCountSet)
                  20013f6a    00000022     rtsv7M4_T_le_eabi.lib : memcmp.obj (.text)
                  20013f8c    00000020     driverlib.a : interrupt.obj (.text:IntRegister)
                  20013fac    00000020     simplelink.a : driver.obj (.text:_SlDrvCmdSend)
                  20013fcc    0000001e     driverlib.a : i2c.obj (.text:I2CMasterIntStatusEx)
                  20013fea    0000001e                 : uart.obj (.text:UARTCharPut)
                  20014008    0000001c                 : pin.obj (.text:PinTypeI2C)
                  20014024    0000001c     simplelink.a : driver.obj (.text:_SlDrvObjDeInit)
                  20014040    0000001c     rtsv7M4_T_le_eabi.lib : memccpy.obj (.text)
                  2001405c    0000001c     driverlib.a : udma.obj (.text:uDMAChannelDisable)
                  20014078    0000001c                 : udma.obj (.text:uDMAChannelEnable)
                  20014094    0000001a     simplelink.a : netapp.obj (.text:CopyPingResultsToReport)
                  200140ae    0000001a     driverlib.a : pin.obj (.text:PinTypeCamera)
                  200140c8    0000001a                 : pin.obj (.text:PinTypeUART)
                  200140e2    0000001a                 : spi.obj (.text:SPIDmaDisable)
                  200140fc    0000001a                 : spi.obj (.text:SPIDmaEnable)
                  20014116    0000001a                 : spi.obj (.text:SPIFIFODisable)
                  20014130    0000001a                 : spi.obj (.text:SPIFIFOEnable)
                  2001414a    0000001a     simplelink.a : device.obj (.text:_SlDrvDeviceEventHandler)
                  20014164    00000018     driverlib.a : camera.obj (.text:CameraReset)
                  2001417c    00000018                 : gpio.obj (.text:GPIOPinRead)
                  20014194    00000018                 : spi.obj (.text:SPICSDisable)
                  200141ac    00000018                 : spi.obj (.text:SPICSEnable)
                  200141c4    00000018                 : spi.obj (.text:SPIDisable)
                  200141dc    00000018                 : spi.obj (.text:SPIEnable)
                  200141f4    00000018     rtsv7M4_T_le_eabi.lib : args_main.obj (.text)
                  2001420c    00000018                           : ll_mul_t2.obj (.text)
                  20014224    00000018                           : strcmp.obj (.text)
                  2001423c    00000016     driverlib.a : camera.obj (.text:CameraDMAEnable)
                  20014252    00000016                 : camera.obj (.text:CameraIntRegister)
                  20014268    00000016                 : i2c.obj (.text:I2CMasterDataPut)
                  2001427e    00000016                 : i2c.obj (.text:I2CMasterEnable)
                  20014294    00000016                 : prcm.obj (.text:PRCMHIBRegRead)
                  200142aa    00000016                 : prcm.obj (.text:PRCMHIBRegWrite)
                  200142c0    00000016                 : uart.obj (.text:UARTCharGet)
                  200142d6    00000016     simplelink.a : fs.obj (.text:_sl_Strlen)
                  200142ec    00000016     rtsv7M4_T_le_eabi.lib : memchr.obj (.text)
                  20014302    00000016                           : strchr.obj (.text)
                  20014318    00000016     driverlib.a : udma.obj (.text:uDMAIntRegister)
                  2001432e    00000014                 : cpu.obj (.text:CPUcpsie)
                  20014342    00000002     --HOLE-- [fill = 0]
                  20014344    00000014                 : interrupt.obj (.text:IntVTableBaseSet)
                  20014358    00000014     simplelink.a : driver.obj (.text:_SlDrvShiftDWord)
                  2001436c    00000014     rtsv7M4_T_le_eabi.lib : _lock.obj (.text)
                  20014380    00000014                           : strlen.obj (.text)
                  20014394    00000014     driverlib.a : udma.obj (.text:uDMAControlBaseSet)
                  200143a8    00000014                 : udma.obj (.text:uDMAIntClear)
                  200143bc    00000012                 : i2c.obj (.text:I2CMasterControl)
                  200143ce    00000012                 : i2c.obj (.text:I2CMasterIntClearEx)
                  200143e0    00000012                 : i2c.obj (.text:I2CMasterTimeoutSet)
                  200143f2    00000012     rtsv7M4_T_le_eabi.lib : copy_zero_init.obj (.text:decompress:ZI)
                  20014404    00000012     simplelink.a : netapp.obj (.text:sl_NetAppMDNSUnRegisterService)
                  20014416    00000012     driverlib.a : udma.obj (.text:uDMAIntUnregister)
                  20014428    00000010     simplelink.a : cc_pal.obj (.text:NwpMaskInterrupt)
                  20014438    00000010                  : socket.obj (.text:SL_FD_SET)
                  20014448    00000010     rtsv7M4_T_le_eabi.lib : strcpy.obj (.text)
                  20014458    00000010                           : tolower.obj (.text)
                  20014468    0000000e     driverlib.a : i2c.obj (.text:I2CMasterDataGet)
                  20014476    0000000e     rtsv7M4_T_le_eabi.lib : copy_decompress_none.obj (.text:decompress:none)
                  20014484    0000000e                           : xdclass.obj (.text)
                  20014492    0000000e     startup_ccs.obj (.text)
                  200144a0    0000000c     simplelink.a : cc_pal.obj (.text:NwpUnMaskInterrupt)
                  200144ac    0000000c     driverlib.a : udma.obj (.text:uDMADisable)
                  200144b8    0000000c                 : udma.obj (.text:uDMAEnable)
                  200144c4    0000000c                 : udma.obj (.text:uDMAIntStatus)
                  200144d0    0000000a                 : interrupt.obj (.text:IntMasterEnable)
                  200144da    00000008     simplelink.a : wlan.obj (.text:sl_WlanDisconnect)
                  200144e2    00000006     i2cconfig.obj (.text:MT9D111Delay)
                  200144e8    00000006     simplelink.a : socket.obj (.text:SL_FD_ZERO)
                  200144ee    00000006     driverlib.a : utils.obj (.text:UtilsDelay)
                  200144f4    00000006     rtsv7M4_T_le_eabi.lib : copy_decompress_rle.obj (.text:decompress:rle24)
                  200144fa    00000006                           : log.obj (.text)
                  20014500    00000004                           : error.obj (.text)
                  20014504    00000004                           : xldtest.obj (.text)

.const     0    20014508    00000a71     
                  20014508    0000013c     mt9d111.obj (.const:init_cmds_list)
                  20014644    00000102     rtsv7M4_T_le_eabi.lib : ctype.obj (.const:.string:_ctypes_)
                  20014746    00000002     --HOLE-- [fill = 0]
                  20014748    00000100     driverlib.a : pin.obj (.const:g_ulPinToPadMap)
                  20014848    000000ec     simplelink.a : wlan.obj (.const)
                  20014934    000000d4     driverlib.a : interrupt.obj (.const:g_pulRegs)
                  20014a08    000000b4     mt9d111.obj (.const:capture_cmds_list)
                  20014abc    000000a8     driverlib.a : prcm.obj (.const:PRCM_PeriphRegsList)
                  20014b64    00000004     --HOLE-- [fill = 0]
                  20014b68    00000088     rtsv7M4_T_le_eabi.lib : xlatan.obj (.const)
                  20014bf0    00000080     driverlib.a : interrupt.obj (.const)
                  20014c70    00000051     network_relater_fns.obj (.const:.string)
                  20014cc1    00000003     --HOLE-- [fill = 0]
                  20014cc4    0000004c     simplelink.a : driver.obj (.const)
                  20014d10    00000048     rtsv7M4_T_le_eabi.lib : xexp.obj (.const)
                  20014d58    00000038                           : xlog.obj (.const:p)
                  20014d90    00000038     simplelink.a : fs.obj (.const)
                  20014dc8    00000034                  : socket.obj (.const)
                  20014dfc    00000030     rtsv7M4_T_le_eabi.lib : xdint.obj (.const)
                  20014e2c    0000002c     libparse.a : cc3200_utils.obj (.const:$P$T0$1)
                  20014e58    0000002c     network_relater_fns.obj (.const:$P$T1$2)
                  20014e84    00000028     simplelink.a : netapp.obj (.const)
                  20014eac    00000022     network_relater_fns.obj (.const:.string:$P$T0$1)
                  20014ece    00000022     mt9d111.obj (.const:.string)
                  20014ef0    00000020     network_relater_fns.obj (.const)
                  20014f10    00000018     driverlib.a : spi.obj (.const)
                  20014f28    00000017     libparse.a : request.obj (.const:.string)
                  20014f3f    00000001     --HOLE-- [fill = 0]
                  20014f40    00000014     simplelink.a : device.obj (.const)
                  20014f54    0000000d     camera_app.obj (.const:.string)
                  20014f61    0000000b     app_common.obj (.const:.string)
                  20014f6c    00000008     simplelink.a : netcfg.obj (.const)
                  20014f74    00000005     main.obj (.const:.string)

.cinit     0    20014f80    00000bb0     
                  20014f80    00000b8a     (.cinit..data.load) [load image, compression = rle]
                  20015b0a    00000002     --HOLE-- [fill = 0]
                  20015b0c    0000000c     (__TI_handler_table)
                  20015b18    00000008     (.cinit..bss.load) [load image, compression = zero_init]
                  20015b20    00000010     (__TI_cinit_table)

.bss       0    20018000    0001e8e0     UNINITIALIZED
                  20018000    0001e000     main.obj (.bss:g_image_buffer)
                  20036000    00000400     udma_if.obj (.bss:gpCtlTbl)
                  20036400    00000120     rtsv7M4_T_le_eabi.lib : trgmsg.obj (.bss:__CIOBUF_)
                  20036520    00000100     udma_if.obj (.bss:gfpAppCallbackHndl)
                  20036620    000000c8     free_rtos.a : tasks.obj (.bss:pxReadyTasksLists)
                  200366e8    000000a0     rtsv7M4_T_le_eabi.lib : defs.obj (.bss:__TI_tmpnams)
                  20036788    00000050     free_rtos.a : queue.obj (.bss:xQueueRegistry)
                  200367d8    00000034     libparse.a : cc3200_client_state.obj (.bss:clientStateFileName)
                  2003680c    00000024     network_relater_fns.obj (.bss:g_ucConnectionSSID)
                  20036830    0000001c     rtsv7M4_T_le_eabi.lib : vla_alloc.obj (.bss)
                  2003684c    00000014     (.common:xDelayedTaskList1)
                  20036860    00000014     (.common:xDelayedTaskList2)
                  20036874    00000014     (.common:xPendingReadyList)
                  20036888    00000014     (.common:xSuspendedTaskList)
                  2003689c    00000014     (.common:xTasksWaitingTermination)
                  200368b0    00000008     (.common:g_ucConnectionBSSID)
                  200368b8    00000008     (.common:parmbuf)
                  200368c0    00000004     (.common:__Errorlog)
                  200368c4    00000004     (.common:dataBuffer)
                  200368c8    00000004     (.common:g_frame_size_in_bytes)
                  200368cc    00000004     (.common:g_header_length)
                  200368d0    00000004     (.common:g_total_dma_intrpts)
                  200368d4    00000004     (.common:pxDelayedTaskList)
                  200368d8    00000004     (.common:pxOverflowDelayedTaskList)
                  200368dc    00000001     (.common:g_CaptureImage)
                  200368dd    00000001     (.common:g_dma_txn_done)
                  200368de    00000001     (.common:g_frame_end)
                  200368df    00000001     (.common:iDone)

.sysmem    0    200368e0    00004000     UNINITIALIZED
                  200368e0    00000008     rtsv7M4_T_le_eabi.lib : memory.obj (.sysmem)
                  200368e8    00003ff8     --HOLE--


LINKER GENERATED COPY TABLES

__TI_cinit_table @ 20015b20 records: 2, size/record: 8, table size: 16
	.data: load addr=20014f80, load size=00000b8a bytes, run addr=20000000, run size=00001540 bytes, compression=rle
	.bss: load addr=20015b18, load size=00000008 bytes, run addr=20018000, run size=0001e8e0 bytes, compression=zero_init


LINKER GENERATED HANDLER TABLE

__TI_handler_table @ 20015b0c records: 3, size/record: 4, table size: 12
	index: 0, handler: __TI_decompress_rle24
	index: 1, handler: __TI_decompress_none
	index: 2, handler: __TI_zero_init


GLOBAL SYMBOLS: SORTED ALPHABETICALLY BY Name 

address    name
--------   ----
20013271   C$$EXIT
20012a83   C$$IO$$
2001432f   CPUcpsie
20006a25   CamControllerInit
20013ec1   CameraCaptureStart
20013671   CameraCaptureStop
2001423d   CameraDMAEnable
20013da1   CameraIntClear
20013b85   CameraIntEnable
20014253   CameraIntRegister
20013c8d   CameraIntStatus
20013833   CameraParamsConfig
20014165   CameraReset
2000d7e1   CameraSensorInit
20013d55   CameraThresholdSet
200136ab   CameraXClkConfig
20006589   CaptureImage
2000e1a9   ClearTerm
2000c6c5   CollectTxit_ImgTempRH
200073e5   ConfigureMode
20007145   ConfigureSimpleLinkToDefaultState
20007421   ConnectToNetwork
2000758d   ConnectToNetwork_2
2000764f   ConnectToNetwork_STA
20007633   ConnectToNetwork_STA_2
2000d5e5   ConstructDeviceStateObject
20014095   CopyPingResultsToReport
20001324   DMAMsgQ
2000e975   DMASetupTransfer
2000152c   DigiCertHighAssuranceEVRootCA_der_len
2000e83f   DmaErrorIntHandler
20013bb1   DmaSpiSwIntHandler
2000e82d   DmaSwIntHandler
2000e1af   Error
20009741   FXOS8700CQ_Init
2000982d   FXOS8700CQ_Mag_Calibration
200137fd   GPIODirModeSet
2001417d   GPIOPinRead
2000e1e3   GetCmd
2000d27d   HOSTclock
2000d245   HOSTclose
2000d207   HOSTgetenv
2000d1ab   HOSTlseek
2000d159   HOSTopen
2000d10d   HOSTread
2000d0af   HOSTrename
2000d075   HOSTtime
2000d03d   HOSTunlink
2000cff1   HOSTwrite
2000ecf3   I2CBufferRead
2000ed9b   I2CBufferWrite
2000ecd5   I2CInit
200143bd   I2CMasterControl
20014469   I2CMasterDataGet
20014269   I2CMasterDataPut
2001427f   I2CMasterEnable
20013bdd   I2CMasterErr
20011da5   I2CMasterInitExpClk
200143cf   I2CMasterIntClearEx
20013fcd   I2CMasterIntStatusEx
20013ee3   I2CMasterSlaveAddrSet
200143e1   I2CMasterTimeoutSet
2000eb37   I2C_IF_Close
2000eb0d   I2C_IF_Open
2000ea85   I2C_IF_Read
2000eaed   I2C_IF_ReadFrom
2000ea23   I2C_IF_Write
2000e171   InitTerm
2000d565   InitialiseParse
2000711d   InitializeAppVariables
200112ad   IntDisable
20011355   IntEnable
200144d1   IntMasterEnable
20012b71   IntPendClear
20012cd1   IntPrioritySet
20013f8d   IntRegister
20013dc5   IntUnregister
20014345   IntVTableBaseSet
20000000   JPEG_StdHuffmanTbl
2000137c   JPEG_StdQuantTblC
200013bc   JPEG_StdQuantTblY
200144e3   MT9D111Delay
2000c723   Main_Task
2000e18f   Message
20014429   NwpMaskInterrupt
20013545   NwpPowerOff
20013a09   NwpPowerOn
20011ead   NwpPowerOnPreamble
20013f05   NwpRegisterInterruptHandler
200144a1   NwpUnMaskInterrupt
2000f361   PRCMCC3200MCUInit
20014295   PRCMHIBRegRead
200142ab   PRCMHIBRegWrite
20013cb5   PRCMPeripheralClkDisable
20013581   PRCMPeripheralClkEnable
2001179d   PRCMPeripheralClockGet
20012bc9   PRCMPeripheralReset
20013869   PRCMPeripheralStatusGet
20013c09   PRCMSysResetCauseGet
20011b01   PinConfigSet
200133c5   PinModeSet
2001109f   PinMuxConfig
200140af   PinTypeCamera
20013a39   PinTypeGPIO
20014009   PinTypeI2C
200140c9   PinTypeUART
2000e28d   Report
20014493   ResetISR
UNDEFED    SHT$$INIT_ARRAY$$Base
UNDEFED    SHT$$INIT_ARRAY$$Limit
20014439   SL_FD_SET
200144e9   SL_FD_ZERO
20014195   SPICSDisable
200141ad   SPICSEnable
200113fd   SPIConfigSetExpClk
200141c5   SPIDisable
200140e3   SPIDmaDisable
200140fd   SPIDmaEnable
200141dd   SPIEnable
20014117   SPIFIFODisable
20014131   SPIFIFOEnable
2001389d   SPIFIFOLevelSet
20013081   SPIIntClear
20012e71   SPIIntEnable
20013f27   SPIReset
20013f49   SPIWordCountSet
2000e8bd   SetupTransfer
200079d9   SimpleLinkHttpServerCallback
200078e1   SimpleLinkNetAppEventHandler
20007981   SimpleLinkSockEventHandler
200077fd   SimpleLinkWlanEventHandler
20006519   StartCamera
2000d7e9   StartSensorInJpegMode
2000e243   TrimSpace
200142c1   UARTCharGet
20013feb   UARTCharPut
20012289   UARTConfigSetExpClk
20013a69   UARTDisable
20013de9   UARTEnable
2000e895   UDMAChannelSelect
2000e961   UDMADeInit
2000e84b   UDMAInit
2000e8f3   UDMASetupAutoMemTransfer
2000e917   UDMASetupPingPongTransfer
2001405d   UDMAStopTransfer
2000d57b   UploadImageToParse
2000d599   UploadSensorDataToParse
200144ef   UtilsDelay
2000b6b5   VDeleteSimpleLinkSpawnTask
2000b665   VStartSimpleLinkSpawnTask
20014485   _Dclass
200011c0   _Denorm
200109fd   _Dint
20010ac1   _Dnorm
2000fc8d   _Dscale
200132f9   _Dtest
2001280d   _Dunscale
200011d0   _Eps
20001530   _Errno
2000d9e5   _Exp
200012b0   _FDenorm
200012c0   _FEps
200012d0   _FInf
200012e0   _FNan
20001300   _FRteps
200012f0   _FSnan
20001310   _FXbig
20001314   _FZero
20001518   _Fenv
20013ac9   _Feraise
200011e0   _Hugeval
200011f0   _Inf
2000eb4d   _LAtan
20001240   _LDenorm
20014505   _LDtest
20001250   _LEps
20001260   _LInf
20001270   _LNan
20001290   _LRteps
20001280   _LSnan
200012a0   _LXbig
200012a8   _LZero
2000cd0d   _Log
20001200   _Nan
20001220   _Rteps
20014de8   _SlAcceptCmdCtrl
20014cd8   _SlActionLookupTable
2000c371   _SlAsyncEventGenericHandler
20014f4c   _SlDeviceGetCmdCtrl
20014f50   _SlDeviceSetCmdCtrl
200138d1   _SlDrvBasicCmd
20011831   _SlDrvClassifyRxMsg
20011e29   _SlDrvCmdOp
20013fad   _SlDrvCmdSend
2000ee45   _SlDrvDataReadOp
2000f6f9   _SlDrvDataWriteOp
2001414b   _SlDrvDeviceEventHandler
20012c21   _SlDrvDriverCBDeinit
20011f2d   _SlDrvDriverCBInit
20013c35   _SlDrvFlowContDeinit
20013c61   _SlDrvFlowContInit
2000bfc9   _SlDrvMsgRead
20010e85   _SlDrvMsgReadCmdCtx
20011959   _SlDrvMsgReadSpawnCtx
2000fa69   _SlDrvMsgWrite
20010fed   _SlDrvNetAppEventHandler
20014025   _SlDrvObjDeInit
200135bd   _SlDrvObjInit
200100bd   _SlDrvReleasePoolObj
2000efa9   _SlDrvRxHdrRead
20013405   _SlDrvRxIrqHandler
20014359   _SlDrvShiftDWord
2000fd9d   _SlDrvWaitForPoolObj
20014f48   _SlEventMaskGetCmdCtrl
20014f44   _SlEventMaskSetCmdCtrl
200115d5   _SlFindAndSetActiveObj
20014d94   _SlFsCloseCmdCtrl
20014da4   _SlFsDeleteCmdCtrl
20014da0   _SlFsGetInfoCmdCtrl
20014d90   _SlFsOpenCmdCtrl
20014d98   _SlFsReadCmdCtrl
20014d9c   _SlFsWriteCmdCtrl
20014e9c   _SlGetHostByNameCtrl
20014e98   _SlGetHostByServiceCtrl
20014e90   _SlGetServiceListeCtrl
20014df4   _SlGetSockOptCmdCtrl
20014de4   _SlListenCmdCtrl
20014ea8   _SlNetAppGetCmdCtrl
20014ea4   _SlNetAppSendTokenValueCmdCtrl
20014ea0   _SlNetAppSetCmdCtrl
20014e88   _SlNetAppStartCtrl
20014e8c   _SlNetAppStopCtrl
20014f70   _SlNetCfgGetCmdCtrl
20014f6c   _SlNetCfgSetCmdCtrl
20014850   _SlPolicyGetCmdCtrl
2001484c   _SlPolicySetCmdCtrl
20014858   _SlProfileDelCmdCtrl
20014854   _SlProfileGetCmdCtrl
20014dec   _SlRecvCmdCtrl
20014ddc   _SlRecvfomCmdCtrl
20014e94   _SlRegisterServiceCtrl
20013445   _SlRemoveFromList
20014860   _SlRxFilterAddtCmdCtrl
20014868   _SlRxFilterGetCmdCtrl
20014864   _SlRxFilterSetCmdCtrl
20014df8   _SlSelectCmdCtrl
20014de0   _SlSendCmdCtrl
20014df0   _SlSetSockOptCmdCtrl
2001486c   _SlSmartConfigStartCmdCtrl
20014dd8   _SlSockCloseCmdCtrl
20014dd4   _SlSockSocketCmdCtrl
20014f40   _SlStopCmdCtrl
20014878   _SlWlanCfgGetCmdCtrl
20014874   _SlWlanCfgSetCmdCtrl
2001485c   _SlWlanGetNetworkListCtrl
20014870   _SlWlanSetModeCmdCtrl
20001210   _Snan
2000151c   _Tls_setup__Fenv
20001230   _Xbig
20001238   _Zero
20036400   __CIOBUF_
20004000   __STACK_END
00001000   __STACK_SIZE
00004000   __SYSMEM_SIZE
20015b20   __TI_CINIT_Base
20015b30   __TI_CINIT_Limit
20015b0c   __TI_Handler_Table_Base
20015b18   __TI_Handler_Table_Limit
00000001   __TI_args_main
200118c5   __TI_auto_init
2000e079   __TI_cleanup
20001510   __TI_cleanup_ptr
2001166d   __TI_closefile
20014477   __TI_decompress_none
200144f5   __TI_decompress_rle24
20010c49   __TI_doflush
20001514   __TI_dtors_ptr
200014cc   __TI_ft_end
2000620f   __TI_printfi
20011263   __TI_rd_ok
20012a87   __TI_readmsg
20014f80   __TI_static_base__
200366e8   __TI_tmpnams
20012a59   __TI_writemsg
20011201   __TI_wrt_ok
200143f3   __TI_zero_init
20014501   __abort_execution
20011c99   __aeabi_cdcmpeq
20011c99   __aeabi_cdcmple
20011d1f   __aeabi_cdrcmple
20012939   __aeabi_cfcmpeq
20012939   __aeabi_cfcmple
20012999   __aeabi_cfrcmple
20013037   __aeabi_d2f
200130c9   __aeabi_d2iz
200132b5   __aeabi_d2uiz
2000e333   __aeabi_dadd
2000f229   __aeabi_ddiv
200102c5   __aeabi_dmul
2000e329   __aeabi_dsub
2001371d   __aeabi_f2d
20013755   __aeabi_f2iz
2001396d   __aeabi_f2uiz
200103c5   __aeabi_fadd
2001211d   __aeabi_fmul
200103c1   __aeabi_fsub
20013b29   __aeabi_i2d
2001378d   __aeabi_i2f
2001420d   __aeabi_lmul
20012211   __aeabi_memclr
20012211   __aeabi_memclr4
20012211   __aeabi_memclr8
20011539   __aeabi_memcpy
20011539   __aeabi_memcpy4
20011539   __aeabi_memcpy8
20012213   __aeabi_memset
20012213   __aeabi_memset4
20012213   __aeabi_memset8
200014d8   __aeabi_stderr
200014d0   __aeabi_stdin
200014d4   __aeabi_stdout
2000dbe1   __aeabi_uldivmod
ffffffff   __binit__
ffffffff   __c_args__
20003000   __stack
2000d3d3   __vla_alloc
2000d2c5   __vla_dealloc
2000d353   __vla_dealloc_eh
200141f5   _args_main
20013905   _c_int00
20014644   _ctypes_
20000f50   _ftable
20001508   _lock
2001437b   _nop
20014373   _register_lock
2001436d   _register_unlock
20013cdd   _sl_BuildAddress
200126e1   _sl_GetCreateFsMode
20012fed   _sl_GetStartResponseConvert
20012745   _sl_HandleAsync_Accept
200125a9   _sl_HandleAsync_Connect
20011fa9   _sl_HandleAsync_DnsGetHostByName
20012611   _sl_HandleAsync_DnsGetHostByService
20012301   _sl_HandleAsync_InitComplete
2001245d   _sl_HandleAsync_PingResponse
20012c79   _sl_HandleAsync_Select
20012d25   _sl_HandleAsync_Stop
200142d7   _sl_Strlen
200124cd   _sl_TruncatePayloadByProtocol
200368e0   _sys_memory
2000150c   _unlock
20013275   abort
2000e58f   addHttpRequestHeader
2000e5bd   addHttpRequestHeaderInt
2000e4e1   addHttpRequestLine
2000cc5f   add_device
200101c1   atan2l
20012ebd   atoi
2000e54b   beginHttpGetRequest
2000e529   beginHttpRequest
ffffffff   binit
2000881f   buildRequestHeaders
2000bbdd   calloc
200096f1   clearAccelMotionIntrpt
200367d8   clientStateFileName
2000cc0d   close
200014c4   cnt
200091a7   configureFXOS8700
2001322d   copy_in
2000a27b   createInstallation
20009c45   createNewInstallationId
200368c4   dataBuffer
200014c8   dataBufferSize
20010f39   debugPrint
20010f5b   debugPrintf
20004691   eTaskGetState
2000ddd5   ensureCertificateFile
2001327d   exit
200116d3   fclose
20013939   feraiseexcept
20009bd1   fetchDeviceOSVersion
20010c95   fflush
2000a9e7   findSecondJson
2000e0cf   fopen
20012545   fprintf
2001149d   fputc
2000f495   fputs
2000b937   free
2000e0a5   freopen
200127a9   fseek
20000dd0   gFirstCmdMode
200368dc   g_CaptureImage
20014cd0   g_H2NCnysPattern
20014cc8   g_H2NSyncPattern
20001318   g_SpiFd
20000dd8   g_StatMem
20001328   g_cDummy
20014f28   g_deviceClientVersion
200368de   g_frame_end
200368c8   g_frame_size_in_bytes
20000600   g_header
200368cc   g_header_length
20018000   g_image_buffer
2000149c   g_osVersion
20000dd4   g_pCB
2000131c   g_pHostIntHdl
20004000   g_pfnVectors
200368b0   g_ucConnectionBSSID
2003680c   g_ucConnectionSSID
20001320   g_ucDMAEnabled
2000132c   g_ucDinDout
200014f0   g_uiSimplelinkRole
200014ec   g_ulGatewayIP
20001504   g_ulPingPacketsRecv
200014e8   g_ulStatus
2000955d   getAccelerationMagnitude
20009423   getDoorDirection
2000e60b   getHttpResponseBody
2000e5df   getHttpResponseStatus
2000a2cb   getInstallation
2000f9fb   getInternalClient
200094d9   getMagnFlux_3axis
2000aa37   getPushJson
20036520   gfpAppCallbackHndl
20036000   gpCtlTbl
2000fea9   i2cReadRegisters
2000ff55   i2cReadRegistersTwoBytes
2000feeb   i2cWriteRegisters
200368df   iDone
200076d9   initNetwork
20012e21   intToASCII
2000aa13   isCompleteJson
20009b6d   isPingTime
2000bc15   loadClientState
200144fb   log
2000cbe9   lseek
20012b17   ltoa
2000c7c3   main
2000153c   main_func_sp
2000b8d5   malloc
2000b7b9   mem_Free
2000b7ad   mem_Malloc
2000b7d9   mem_copy
2000b7c5   mem_set
2000bafd   memalign
20014041   memccpy
200142ed   memchr
20013f6b   memcmp
20011539   memcpy
20013e0d   memmove
20012219   memset
2000b849   minit
2000cb3b   open
2000b82f   osi_ContextRestore
2000b82d   osi_ContextSave
2000b7ed   osi_EnterCritical
2000b7f7   osi_ExitCritical
2000b413   osi_InterruptDeRegister
2000b3ed   osi_InterruptRegister
2000b51d   osi_LockObjCreate
2000b591   osi_LockObjDelete
2000b5a1   osi_LockObjLock
2000b5cd   osi_LockObjUnlock
2000b6e1   osi_MsgQCreate
2000b725   osi_MsgQDelete
2000b771   osi_MsgQRead
2000b73f   osi_MsgQWrite
2000b809   osi_Sleep
2000b5f7   osi_Spawn
2000b4fb   osi_SyncObjClear
2000b425   osi_SyncObjCreate
2000b455   osi_SyncObjDelete
2000b46f   osi_SyncObjSignal
2000b497   osi_SyncObjSignalFromISR
2000b4cf   osi_SyncObjWait
2000b543   osi_TaskCreate
2000b583   osi_TaskDelete
2000b819   osi_TaskDisable
2000b823   osi_TaskEnable
2000b801   osi_start
20000dcc   pPingCallBackFunc
20008fc7   parseGetErrorCode
2000a4ed   parseGetInstallationId
2000f951   parseInitialize
20008f91   parseSendRequest
20008f21   parseSendRequestInternal
2000a43f   parseSetInstallationId
20014f61   pcDigits
20004bb5   pcTaskGetTaskName
20010e7d   portCLZ
2000af5d   pow
20010e65   prvPortStartFirstTask
20011521   putc
20011525   putchar
2000f5a1   puts
200136e5   pvPortMalloc
2000143c   pxCurrentTCB
2000fb7d   pxPortInitialiseStack
20013b57   raise
20012f1f   rand
2000cb17   read
2000b9f7   realloc
2000ca8d   remove
2000caef   remove_device
2000cab1   rename
2000d5ad   retreiveImageIDfromHTTPResponse
2000bd27   saveClientState
20008da1   sendRequest
200087fd   setDataBufferPointer
200093e1   setMotionDetectionThreshold
2001077d   setvbuf
20013485   signal
2000a61d   simpleJsonProcessor
20013e31   sl_Close
200105ad   sl_Connect
20012025   sl_DevGet
20013111   sl_DevSet
200120a1   sl_FsClose
20013159   sl_FsDel
20012679   sl_FsGetInfo
20012d79   sl_FsOpen
200119e9   sl_FsRead
20011a75   sl_FsWrite
200137c5   sl_Htonl
200139d5   sl_Htons
20010859   sl_NetAppDnsGetHostByName
20011c11   sl_NetAppMDNSRegisterUnregisterService
20014405   sl_NetAppMDNSUnRegisterService
20012dcd   sl_NetAppSendTokenValue
20013e55   sl_NetAppStart
20013e79   sl_NetAppStop
2001333d   sl_NetCfgSet
20013381   sl_Recv
2000ffb5   sl_Select
20011151   sl_Send
20012f55   sl_SetSockOpt
20013af9   sl_Socket
20010d09   sl_Start
20010b85   sl_Stop
2000e691   sl_WlanConnect
200144db   sl_WlanDisconnect
20012375   sl_WlanGet
200134c5   sl_WlanPolicySet
20013e9d   sl_WlanProfileDel
20013505   sl_WlanRxFilterSet
200131a1   sl_WlanSet
20013d2d   sl_WlanSetMode
20011705   snprintf
2000ae59   socketClose
2000acbd   socketRead
2000ab21   socketSslConnect
2000aac1   socketWait
2000adb9   socketWrite
200123e9   spi_Close
2000f5c9   spi_Open
20010931   spi_Read
20010695   spi_Write
200129f9   sprintf
2000f0e9   sqrt
20012f09   srand
200014c2   sshPort
20014303   strchr
20014225   strcmp
20014449   strcpy
20014381   strlen
200135f9   strncasecmp
20013d05   strncat
20013d7b   strncmp
20013a99   strncpy
200139a1   strstr
20014459   tolower
20012fa1   uDMAChannelAssign
20012871   uDMAChannelAttributeDisable
200128d5   uDMAChannelAttributeEnable
20013635   uDMAChannelControlSet
2001405d   uDMAChannelDisable
20014079   uDMAChannelEnable
200104bd   uDMAChannelTransferSet
20014395   uDMAControlBaseSet
200144ad   uDMADisable
200144b9   uDMAEnable
200143a9   uDMAIntClear
20014319   uDMAIntRegister
200144c5   uDMAIntStatus
20014417   uDMAIntUnregister
20008459   ucQueueGetQueueType
20010dcd   ulPortSetInterruptMask
2000ca8d   unlink
200096b1   updateConfigReg
20009bc7   updateLastPingTime
2000f907   uxListRemove
20008439   uxQueueGetQueueNumber
200083cd   uxQueueMessagesWaiting
20008403   uxQueueMessagesWaitingFromISR
200083e3   uxQueueSpacesAvailable
20004ba9   uxTaskGetNumberOfTasks
20004bd9   uxTaskGetSystemState
200050c9   uxTaskGetTaskNumber
20004725   uxTaskPriorityGet
20005621   uxTaskResetEventItemValue
2000c6bf   vApplicationIdleHook
2000c6c1   vApplicationMallocFailedHook
2000c6c3   vApplicationStackOverflowHook
2000c6bd   vAssertCalled
2000f825   vListInitialise
2000f855   vListInitialiseItem
2000f8a1   vListInsert
2000f865   vListInsertEnd
20010de3   vPortClearInterruptMask
2000fbf9   vPortEndScheduler
2000fc0d   vPortEnterCritical
2000fc25   vPortExitCritical
20013705   vPortFree
20010e3d   vPortSVCHandler
2000fc59   vPortSetupTimerInterrupt
2000fbfb   vPortYield
20008673   vQueueAddToRegistry
20008415   vQueueDelete
20008447   vQueueSetQueueNumber
200086b5   vQueueUnregisterQueue
2000463b   vTaskDelay
2000459f   vTaskDelayUntil
2000450f   vTaskDelete
20004a8d   vTaskEndScheduler
200050bb   vTaskMissedYield
20004e51   vTaskPlaceOnEventList
20004eb5   vTaskPlaceOnUnorderedEventList
20005597   vTaskPriorityDisinherit
200054dd   vTaskPriorityInherit
2000475d   vTaskPrioritySet
20004955   vTaskResume
200050e9   vTaskSetTaskNumber
2000501b   vTaskSetTimeOutState
20004a43   vTaskStartScheduler
20004861   vTaskSuspend
20004a9f   vTaskSuspendAll
20004dd1   vTaskSwitchContext
20009179   verifyAccelMagnSensor
20011b89   vsnprintf
2000c9fd   write
200099d7   writeMagntCalibrationValue
200014dc   xHigherPriorityTaskWoken
20010df1   xPortPendSVHandler
2000fbcd   xPortStartScheduler
2000fc3d   xPortSysTickHandler
20008703   xQueueAddToSet
20008035   xQueueAltGenericReceive
20007f89   xQueueAltGenericSend
20007e5d   xQueueCreateCountingSemaphore
20007ddf   xQueueCreateMutex
200086ef   xQueueCreateSet
20007d69   xQueueGenericCreate
200081cf   xQueueGenericReceive
20007cd9   xQueueGenericReset
20007e7d   xQueueGenericSend
20008133   xQueueGenericSendFromISR
2000860f   xQueueIsQueueEmptyFromISR
20008651   xQueueIsQueueFullFromISR
20008389   xQueuePeekFromISR
20008311   xQueueReceiveFromISR
20036788   xQueueRegistry
20008737   xQueueRemoveFromSet
20008779   xQueueSelectFromSet
20008793   xQueueSelectFromSetFromISR
200014e0   xSimpleLinkSpawnQueue
200014e4   xSimpleLinkSpawnTaskHndl
20005041   xTaskCheckForTimeOut
20004401   xTaskGenericCreate
20005491   xTaskGetCurrentTaskHandle
20004c97   xTaskGetIdleTaskHandle
200054a5   xTaskGetSchedulerState
20004b7d   xTaskGetTickCount
20004b91   xTaskGetTickCountFromISR
20004cb5   xTaskIncrementTick
20004f25   xTaskRemoveFromEventList
20004fad   xTaskRemoveFromUnorderedEventList
20004ab1   xTaskResumeAll
200049c9   xTaskResumeFromISR


GLOBAL SYMBOLS: SORTED BY Symbol Address 

address    name
--------   ----
00000001   __TI_args_main
00001000   __STACK_SIZE
00004000   __SYSMEM_SIZE
20000000   JPEG_StdHuffmanTbl
20000600   g_header
20000dcc   pPingCallBackFunc
20000dd0   gFirstCmdMode
20000dd4   g_pCB
20000dd8   g_StatMem
20000f50   _ftable
200011c0   _Denorm
200011d0   _Eps
200011e0   _Hugeval
200011f0   _Inf
20001200   _Nan
20001210   _Snan
20001220   _Rteps
20001230   _Xbig
20001238   _Zero
20001240   _LDenorm
20001250   _LEps
20001260   _LInf
20001270   _LNan
20001280   _LSnan
20001290   _LRteps
200012a0   _LXbig
200012a8   _LZero
200012b0   _FDenorm
200012c0   _FEps
200012d0   _FInf
200012e0   _FNan
200012f0   _FSnan
20001300   _FRteps
20001310   _FXbig
20001314   _FZero
20001318   g_SpiFd
2000131c   g_pHostIntHdl
20001320   g_ucDMAEnabled
20001324   DMAMsgQ
20001328   g_cDummy
2000132c   g_ucDinDout
2000137c   JPEG_StdQuantTblC
200013bc   JPEG_StdQuantTblY
2000143c   pxCurrentTCB
2000149c   g_osVersion
200014c2   sshPort
200014c4   cnt
200014c8   dataBufferSize
200014cc   __TI_ft_end
200014d0   __aeabi_stdin
200014d4   __aeabi_stdout
200014d8   __aeabi_stderr
200014dc   xHigherPriorityTaskWoken
200014e0   xSimpleLinkSpawnQueue
200014e4   xSimpleLinkSpawnTaskHndl
200014e8   g_ulStatus
200014ec   g_ulGatewayIP
200014f0   g_uiSimplelinkRole
20001504   g_ulPingPacketsRecv
20001508   _lock
2000150c   _unlock
20001510   __TI_cleanup_ptr
20001514   __TI_dtors_ptr
20001518   _Fenv
2000151c   _Tls_setup__Fenv
2000152c   DigiCertHighAssuranceEVRootCA_der_len
20001530   _Errno
2000153c   main_func_sp
20003000   __stack
20004000   __STACK_END
20004000   g_pfnVectors
20004401   xTaskGenericCreate
2000450f   vTaskDelete
2000459f   vTaskDelayUntil
2000463b   vTaskDelay
20004691   eTaskGetState
20004725   uxTaskPriorityGet
2000475d   vTaskPrioritySet
20004861   vTaskSuspend
20004955   vTaskResume
200049c9   xTaskResumeFromISR
20004a43   vTaskStartScheduler
20004a8d   vTaskEndScheduler
20004a9f   vTaskSuspendAll
20004ab1   xTaskResumeAll
20004b7d   xTaskGetTickCount
20004b91   xTaskGetTickCountFromISR
20004ba9   uxTaskGetNumberOfTasks
20004bb5   pcTaskGetTaskName
20004bd9   uxTaskGetSystemState
20004c97   xTaskGetIdleTaskHandle
20004cb5   xTaskIncrementTick
20004dd1   vTaskSwitchContext
20004e51   vTaskPlaceOnEventList
20004eb5   vTaskPlaceOnUnorderedEventList
20004f25   xTaskRemoveFromEventList
20004fad   xTaskRemoveFromUnorderedEventList
2000501b   vTaskSetTimeOutState
20005041   xTaskCheckForTimeOut
200050bb   vTaskMissedYield
200050c9   uxTaskGetTaskNumber
200050e9   vTaskSetTaskNumber
20005491   xTaskGetCurrentTaskHandle
200054a5   xTaskGetSchedulerState
200054dd   vTaskPriorityInherit
20005597   vTaskPriorityDisinherit
20005621   uxTaskResetEventItemValue
2000620f   __TI_printfi
20006519   StartCamera
20006589   CaptureImage
20006a25   CamControllerInit
2000711d   InitializeAppVariables
20007145   ConfigureSimpleLinkToDefaultState
200073e5   ConfigureMode
20007421   ConnectToNetwork
2000758d   ConnectToNetwork_2
20007633   ConnectToNetwork_STA_2
2000764f   ConnectToNetwork_STA
200076d9   initNetwork
200077fd   SimpleLinkWlanEventHandler
200078e1   SimpleLinkNetAppEventHandler
20007981   SimpleLinkSockEventHandler
200079d9   SimpleLinkHttpServerCallback
20007cd9   xQueueGenericReset
20007d69   xQueueGenericCreate
20007ddf   xQueueCreateMutex
20007e5d   xQueueCreateCountingSemaphore
20007e7d   xQueueGenericSend
20007f89   xQueueAltGenericSend
20008035   xQueueAltGenericReceive
20008133   xQueueGenericSendFromISR
200081cf   xQueueGenericReceive
20008311   xQueueReceiveFromISR
20008389   xQueuePeekFromISR
200083cd   uxQueueMessagesWaiting
200083e3   uxQueueSpacesAvailable
20008403   uxQueueMessagesWaitingFromISR
20008415   vQueueDelete
20008439   uxQueueGetQueueNumber
20008447   vQueueSetQueueNumber
20008459   ucQueueGetQueueType
2000860f   xQueueIsQueueEmptyFromISR
20008651   xQueueIsQueueFullFromISR
20008673   vQueueAddToRegistry
200086b5   vQueueUnregisterQueue
200086ef   xQueueCreateSet
20008703   xQueueAddToSet
20008737   xQueueRemoveFromSet
20008779   xQueueSelectFromSet
20008793   xQueueSelectFromSetFromISR
200087fd   setDataBufferPointer
2000881f   buildRequestHeaders
20008da1   sendRequest
20008f21   parseSendRequestInternal
20008f91   parseSendRequest
20008fc7   parseGetErrorCode
20009179   verifyAccelMagnSensor
200091a7   configureFXOS8700
200093e1   setMotionDetectionThreshold
20009423   getDoorDirection
200094d9   getMagnFlux_3axis
2000955d   getAccelerationMagnitude
200096b1   updateConfigReg
200096f1   clearAccelMotionIntrpt
20009741   FXOS8700CQ_Init
2000982d   FXOS8700CQ_Mag_Calibration
200099d7   writeMagntCalibrationValue
20009b6d   isPingTime
20009bc7   updateLastPingTime
20009bd1   fetchDeviceOSVersion
20009c45   createNewInstallationId
2000a27b   createInstallation
2000a2cb   getInstallation
2000a43f   parseSetInstallationId
2000a4ed   parseGetInstallationId
2000a61d   simpleJsonProcessor
2000a9e7   findSecondJson
2000aa13   isCompleteJson
2000aa37   getPushJson
2000aac1   socketWait
2000ab21   socketSslConnect
2000acbd   socketRead
2000adb9   socketWrite
2000ae59   socketClose
2000af5d   pow
2000b3ed   osi_InterruptRegister
2000b413   osi_InterruptDeRegister
2000b425   osi_SyncObjCreate
2000b455   osi_SyncObjDelete
2000b46f   osi_SyncObjSignal
2000b497   osi_SyncObjSignalFromISR
2000b4cf   osi_SyncObjWait
2000b4fb   osi_SyncObjClear
2000b51d   osi_LockObjCreate
2000b543   osi_TaskCreate
2000b583   osi_TaskDelete
2000b591   osi_LockObjDelete
2000b5a1   osi_LockObjLock
2000b5cd   osi_LockObjUnlock
2000b5f7   osi_Spawn
2000b665   VStartSimpleLinkSpawnTask
2000b6b5   VDeleteSimpleLinkSpawnTask
2000b6e1   osi_MsgQCreate
2000b725   osi_MsgQDelete
2000b73f   osi_MsgQWrite
2000b771   osi_MsgQRead
2000b7ad   mem_Malloc
2000b7b9   mem_Free
2000b7c5   mem_set
2000b7d9   mem_copy
2000b7ed   osi_EnterCritical
2000b7f7   osi_ExitCritical
2000b801   osi_start
2000b809   osi_Sleep
2000b819   osi_TaskDisable
2000b823   osi_TaskEnable
2000b82d   osi_ContextSave
2000b82f   osi_ContextRestore
2000b849   minit
2000b8d5   malloc
2000b937   free
2000b9f7   realloc
2000bafd   memalign
2000bbdd   calloc
2000bc15   loadClientState
2000bd27   saveClientState
2000bfc9   _SlDrvMsgRead
2000c371   _SlAsyncEventGenericHandler
2000c6bd   vAssertCalled
2000c6bf   vApplicationIdleHook
2000c6c1   vApplicationMallocFailedHook
2000c6c3   vApplicationStackOverflowHook
2000c6c5   CollectTxit_ImgTempRH
2000c723   Main_Task
2000c7c3   main
2000c9fd   write
2000ca8d   remove
2000ca8d   unlink
2000cab1   rename
2000caef   remove_device
2000cb17   read
2000cb3b   open
2000cbe9   lseek
2000cc0d   close
2000cc5f   add_device
2000cd0d   _Log
2000cff1   HOSTwrite
2000d03d   HOSTunlink
2000d075   HOSTtime
2000d0af   HOSTrename
2000d10d   HOSTread
2000d159   HOSTopen
2000d1ab   HOSTlseek
2000d207   HOSTgetenv
2000d245   HOSTclose
2000d27d   HOSTclock
2000d2c5   __vla_dealloc
2000d353   __vla_dealloc_eh
2000d3d3   __vla_alloc
2000d565   InitialiseParse
2000d57b   UploadImageToParse
2000d599   UploadSensorDataToParse
2000d5ad   retreiveImageIDfromHTTPResponse
2000d5e5   ConstructDeviceStateObject
2000d7e1   CameraSensorInit
2000d7e9   StartSensorInJpegMode
2000d9e5   _Exp
2000dbe1   __aeabi_uldivmod
2000ddd5   ensureCertificateFile
2000e079   __TI_cleanup
2000e0a5   freopen
2000e0cf   fopen
2000e171   InitTerm
2000e18f   Message
2000e1a9   ClearTerm
2000e1af   Error
2000e1e3   GetCmd
2000e243   TrimSpace
2000e28d   Report
2000e329   __aeabi_dsub
2000e333   __aeabi_dadd
2000e4e1   addHttpRequestLine
2000e529   beginHttpRequest
2000e54b   beginHttpGetRequest
2000e58f   addHttpRequestHeader
2000e5bd   addHttpRequestHeaderInt
2000e5df   getHttpResponseStatus
2000e60b   getHttpResponseBody
2000e691   sl_WlanConnect
2000e82d   DmaSwIntHandler
2000e83f   DmaErrorIntHandler
2000e84b   UDMAInit
2000e895   UDMAChannelSelect
2000e8bd   SetupTransfer
2000e8f3   UDMASetupAutoMemTransfer
2000e917   UDMASetupPingPongTransfer
2000e961   UDMADeInit
2000e975   DMASetupTransfer
2000ea23   I2C_IF_Write
2000ea85   I2C_IF_Read
2000eaed   I2C_IF_ReadFrom
2000eb0d   I2C_IF_Open
2000eb37   I2C_IF_Close
2000eb4d   _LAtan
2000ecd5   I2CInit
2000ecf3   I2CBufferRead
2000ed9b   I2CBufferWrite
2000ee45   _SlDrvDataReadOp
2000efa9   _SlDrvRxHdrRead
2000f0e9   sqrt
2000f229   __aeabi_ddiv
2000f361   PRCMCC3200MCUInit
2000f495   fputs
2000f5a1   puts
2000f5c9   spi_Open
2000f6f9   _SlDrvDataWriteOp
2000f825   vListInitialise
2000f855   vListInitialiseItem
2000f865   vListInsertEnd
2000f8a1   vListInsert
2000f907   uxListRemove
2000f951   parseInitialize
2000f9fb   getInternalClient
2000fa69   _SlDrvMsgWrite
2000fb7d   pxPortInitialiseStack
2000fbcd   xPortStartScheduler
2000fbf9   vPortEndScheduler
2000fbfb   vPortYield
2000fc0d   vPortEnterCritical
2000fc25   vPortExitCritical
2000fc3d   xPortSysTickHandler
2000fc59   vPortSetupTimerInterrupt
2000fc8d   _Dscale
2000fd9d   _SlDrvWaitForPoolObj
2000fea9   i2cReadRegisters
2000feeb   i2cWriteRegisters
2000ff55   i2cReadRegistersTwoBytes
2000ffb5   sl_Select
200100bd   _SlDrvReleasePoolObj
200101c1   atan2l
200102c5   __aeabi_dmul
200103c1   __aeabi_fsub
200103c5   __aeabi_fadd
200104bd   uDMAChannelTransferSet
200105ad   sl_Connect
20010695   spi_Write
2001077d   setvbuf
20010859   sl_NetAppDnsGetHostByName
20010931   spi_Read
200109fd   _Dint
20010ac1   _Dnorm
20010b85   sl_Stop
20010c49   __TI_doflush
20010c95   fflush
20010d09   sl_Start
20010dcd   ulPortSetInterruptMask
20010de3   vPortClearInterruptMask
20010df1   xPortPendSVHandler
20010e3d   vPortSVCHandler
20010e65   prvPortStartFirstTask
20010e7d   portCLZ
20010e85   _SlDrvMsgReadCmdCtx
20010f39   debugPrint
20010f5b   debugPrintf
20010fed   _SlDrvNetAppEventHandler
2001109f   PinMuxConfig
20011151   sl_Send
20011201   __TI_wrt_ok
20011263   __TI_rd_ok
200112ad   IntDisable
20011355   IntEnable
200113fd   SPIConfigSetExpClk
2001149d   fputc
20011521   putc
20011525   putchar
20011539   __aeabi_memcpy
20011539   __aeabi_memcpy4
20011539   __aeabi_memcpy8
20011539   memcpy
200115d5   _SlFindAndSetActiveObj
2001166d   __TI_closefile
200116d3   fclose
20011705   snprintf
2001179d   PRCMPeripheralClockGet
20011831   _SlDrvClassifyRxMsg
200118c5   __TI_auto_init
20011959   _SlDrvMsgReadSpawnCtx
200119e9   sl_FsRead
20011a75   sl_FsWrite
20011b01   PinConfigSet
20011b89   vsnprintf
20011c11   sl_NetAppMDNSRegisterUnregisterService
20011c99   __aeabi_cdcmpeq
20011c99   __aeabi_cdcmple
20011d1f   __aeabi_cdrcmple
20011da5   I2CMasterInitExpClk
20011e29   _SlDrvCmdOp
20011ead   NwpPowerOnPreamble
20011f2d   _SlDrvDriverCBInit
20011fa9   _sl_HandleAsync_DnsGetHostByName
20012025   sl_DevGet
200120a1   sl_FsClose
2001211d   __aeabi_fmul
20012211   __aeabi_memclr
20012211   __aeabi_memclr4
20012211   __aeabi_memclr8
20012213   __aeabi_memset
20012213   __aeabi_memset4
20012213   __aeabi_memset8
20012219   memset
20012289   UARTConfigSetExpClk
20012301   _sl_HandleAsync_InitComplete
20012375   sl_WlanGet
200123e9   spi_Close
2001245d   _sl_HandleAsync_PingResponse
200124cd   _sl_TruncatePayloadByProtocol
20012545   fprintf
200125a9   _sl_HandleAsync_Connect
20012611   _sl_HandleAsync_DnsGetHostByService
20012679   sl_FsGetInfo
200126e1   _sl_GetCreateFsMode
20012745   _sl_HandleAsync_Accept
200127a9   fseek
2001280d   _Dunscale
20012871   uDMAChannelAttributeDisable
200128d5   uDMAChannelAttributeEnable
20012939   __aeabi_cfcmpeq
20012939   __aeabi_cfcmple
20012999   __aeabi_cfrcmple
200129f9   sprintf
20012a59   __TI_writemsg
20012a83   C$$IO$$
20012a87   __TI_readmsg
20012b17   ltoa
20012b71   IntPendClear
20012bc9   PRCMPeripheralReset
20012c21   _SlDrvDriverCBDeinit
20012c79   _sl_HandleAsync_Select
20012cd1   IntPrioritySet
20012d25   _sl_HandleAsync_Stop
20012d79   sl_FsOpen
20012dcd   sl_NetAppSendTokenValue
20012e21   intToASCII
20012e71   SPIIntEnable
20012ebd   atoi
20012f09   srand
20012f1f   rand
20012f55   sl_SetSockOpt
20012fa1   uDMAChannelAssign
20012fed   _sl_GetStartResponseConvert
20013037   __aeabi_d2f
20013081   SPIIntClear
200130c9   __aeabi_d2iz
20013111   sl_DevSet
20013159   sl_FsDel
200131a1   sl_WlanSet
2001322d   copy_in
20013271   C$$EXIT
20013275   abort
2001327d   exit
200132b5   __aeabi_d2uiz
200132f9   _Dtest
2001333d   sl_NetCfgSet
20013381   sl_Recv
200133c5   PinModeSet
20013405   _SlDrvRxIrqHandler
20013445   _SlRemoveFromList
20013485   signal
200134c5   sl_WlanPolicySet
20013505   sl_WlanRxFilterSet
20013545   NwpPowerOff
20013581   PRCMPeripheralClkEnable
200135bd   _SlDrvObjInit
200135f9   strncasecmp
20013635   uDMAChannelControlSet
20013671   CameraCaptureStop
200136ab   CameraXClkConfig
200136e5   pvPortMalloc
20013705   vPortFree
2001371d   __aeabi_f2d
20013755   __aeabi_f2iz
2001378d   __aeabi_i2f
200137c5   sl_Htonl
200137fd   GPIODirModeSet
20013833   CameraParamsConfig
20013869   PRCMPeripheralStatusGet
2001389d   SPIFIFOLevelSet
200138d1   _SlDrvBasicCmd
20013905   _c_int00
20013939   feraiseexcept
2001396d   __aeabi_f2uiz
200139a1   strstr
200139d5   sl_Htons
20013a09   NwpPowerOn
20013a39   PinTypeGPIO
20013a69   UARTDisable
20013a99   strncpy
20013ac9   _Feraise
20013af9   sl_Socket
20013b29   __aeabi_i2d
20013b57   raise
20013b85   CameraIntEnable
20013bb1   DmaSpiSwIntHandler
20013bdd   I2CMasterErr
20013c09   PRCMSysResetCauseGet
20013c35   _SlDrvFlowContDeinit
20013c61   _SlDrvFlowContInit
20013c8d   CameraIntStatus
20013cb5   PRCMPeripheralClkDisable
20013cdd   _sl_BuildAddress
20013d05   strncat
20013d2d   sl_WlanSetMode
20013d55   CameraThresholdSet
20013d7b   strncmp
20013da1   CameraIntClear
20013dc5   IntUnregister
20013de9   UARTEnable
20013e0d   memmove
20013e31   sl_Close
20013e55   sl_NetAppStart
20013e79   sl_NetAppStop
20013e9d   sl_WlanProfileDel
20013ec1   CameraCaptureStart
20013ee3   I2CMasterSlaveAddrSet
20013f05   NwpRegisterInterruptHandler
20013f27   SPIReset
20013f49   SPIWordCountSet
20013f6b   memcmp
20013f8d   IntRegister
20013fad   _SlDrvCmdSend
20013fcd   I2CMasterIntStatusEx
20013feb   UARTCharPut
20014009   PinTypeI2C
20014025   _SlDrvObjDeInit
20014041   memccpy
2001405d   UDMAStopTransfer
2001405d   uDMAChannelDisable
20014079   uDMAChannelEnable
20014095   CopyPingResultsToReport
200140af   PinTypeCamera
200140c9   PinTypeUART
200140e3   SPIDmaDisable
200140fd   SPIDmaEnable
20014117   SPIFIFODisable
20014131   SPIFIFOEnable
2001414b   _SlDrvDeviceEventHandler
20014165   CameraReset
2001417d   GPIOPinRead
20014195   SPICSDisable
200141ad   SPICSEnable
200141c5   SPIDisable
200141dd   SPIEnable
200141f5   _args_main
2001420d   __aeabi_lmul
20014225   strcmp
2001423d   CameraDMAEnable
20014253   CameraIntRegister
20014269   I2CMasterDataPut
2001427f   I2CMasterEnable
20014295   PRCMHIBRegRead
200142ab   PRCMHIBRegWrite
200142c1   UARTCharGet
200142d7   _sl_Strlen
200142ed   memchr
20014303   strchr
20014319   uDMAIntRegister
2001432f   CPUcpsie
20014345   IntVTableBaseSet
20014359   _SlDrvShiftDWord
2001436d   _register_unlock
20014373   _register_lock
2001437b   _nop
20014381   strlen
20014395   uDMAControlBaseSet
200143a9   uDMAIntClear
200143bd   I2CMasterControl
200143cf   I2CMasterIntClearEx
200143e1   I2CMasterTimeoutSet
200143f3   __TI_zero_init
20014405   sl_NetAppMDNSUnRegisterService
20014417   uDMAIntUnregister
20014429   NwpMaskInterrupt
20014439   SL_FD_SET
20014449   strcpy
20014459   tolower
20014469   I2CMasterDataGet
20014477   __TI_decompress_none
20014485   _Dclass
20014493   ResetISR
200144a1   NwpUnMaskInterrupt
200144ad   uDMADisable
200144b9   uDMAEnable
200144c5   uDMAIntStatus
200144d1   IntMasterEnable
200144db   sl_WlanDisconnect
200144e3   MT9D111Delay
200144e9   SL_FD_ZERO
200144ef   UtilsDelay
200144f5   __TI_decompress_rle24
200144fb   log
20014501   __abort_execution
20014505   _LDtest
20014644   _ctypes_
2001484c   _SlPolicySetCmdCtrl
20014850   _SlPolicyGetCmdCtrl
20014854   _SlProfileGetCmdCtrl
20014858   _SlProfileDelCmdCtrl
2001485c   _SlWlanGetNetworkListCtrl
20014860   _SlRxFilterAddtCmdCtrl
20014864   _SlRxFilterSetCmdCtrl
20014868   _SlRxFilterGetCmdCtrl
2001486c   _SlSmartConfigStartCmdCtrl
20014870   _SlWlanSetModeCmdCtrl
20014874   _SlWlanCfgSetCmdCtrl
20014878   _SlWlanCfgGetCmdCtrl
20014cc8   g_H2NSyncPattern
20014cd0   g_H2NCnysPattern
20014cd8   _SlActionLookupTable
20014d90   _SlFsOpenCmdCtrl
20014d94   _SlFsCloseCmdCtrl
20014d98   _SlFsReadCmdCtrl
20014d9c   _SlFsWriteCmdCtrl
20014da0   _SlFsGetInfoCmdCtrl
20014da4   _SlFsDeleteCmdCtrl
20014dd4   _SlSockSocketCmdCtrl
20014dd8   _SlSockCloseCmdCtrl
20014ddc   _SlRecvfomCmdCtrl
20014de0   _SlSendCmdCtrl
20014de4   _SlListenCmdCtrl
20014de8   _SlAcceptCmdCtrl
20014dec   _SlRecvCmdCtrl
20014df0   _SlSetSockOptCmdCtrl
20014df4   _SlGetSockOptCmdCtrl
20014df8   _SlSelectCmdCtrl
20014e88   _SlNetAppStartCtrl
20014e8c   _SlNetAppStopCtrl
20014e90   _SlGetServiceListeCtrl
20014e94   _SlRegisterServiceCtrl
20014e98   _SlGetHostByServiceCtrl
20014e9c   _SlGetHostByNameCtrl
20014ea0   _SlNetAppSetCmdCtrl
20014ea4   _SlNetAppSendTokenValueCmdCtrl
20014ea8   _SlNetAppGetCmdCtrl
20014f28   g_deviceClientVersion
20014f40   _SlStopCmdCtrl
20014f44   _SlEventMaskSetCmdCtrl
20014f48   _SlEventMaskGetCmdCtrl
20014f4c   _SlDeviceGetCmdCtrl
20014f50   _SlDeviceSetCmdCtrl
20014f61   pcDigits
20014f6c   _SlNetCfgSetCmdCtrl
20014f70   _SlNetCfgGetCmdCtrl
20014f80   __TI_static_base__
20015b0c   __TI_Handler_Table_Base
20015b18   __TI_Handler_Table_Limit
20015b20   __TI_CINIT_Base
20015b30   __TI_CINIT_Limit
20018000   g_image_buffer
20036000   gpCtlTbl
20036400   __CIOBUF_
20036520   gfpAppCallbackHndl
200366e8   __TI_tmpnams
20036788   xQueueRegistry
200367d8   clientStateFileName
2003680c   g_ucConnectionSSID
200368b0   g_ucConnectionBSSID
200368c4   dataBuffer
200368c8   g_frame_size_in_bytes
200368cc   g_header_length
200368dc   g_CaptureImage
200368de   g_frame_end
200368df   iDone
200368e0   _sys_memory
ffffffff   __binit__
ffffffff   __c_args__
ffffffff   binit
UNDEFED    SHT$$INIT_ARRAY$$Base
UNDEFED    SHT$$INIT_ARRAY$$Limit

[678 symbols]
