******************************************************************************
                  TI ARM Linker PC v5.2.2                      
******************************************************************************
>> Linked Thu Sep 03 20:07:14 2015

OUTPUT FILE NAME:   <ULP_SEC_CAM.out>
ENTRY POINT SYMBOL: "_c_int00"  address: 2001ff69


MEMORY CONFIGURATION

         name            origin    length      used     unused   attr    fill
----------------------  --------  ---------  --------  --------  ----  --------
  SRAM_BOOTLDR          20000000   00004000  000029c8  00001638  RW X
  SRAM_CODE             20004000   0001fc00  0001f0a9  00000b57  RW X
  SRAM_DATA             20023c00   0001c400  0001c094  0000036c  RW X


SEGMENT ALLOCATION MAP

run origin  load origin   length   init length attrs members
----------  ----------- ---------- ----------- ----- -------
20000000    20000000    000009c8   00000000    rw-
  20000000    20000000    000009c8   00000000    rw- .data
20002000    20002000    00002000   00000000    rw-
  20002000    20002000    00002000   00000000    rw- .stack
20004000    20004000    0001f0b0   0001f0b0    r-x
  20004000    20004000    00000400   00000400    r-- .intvecs
  20004400    20004400    0001d458   0001d458    r-x .text
  20021858    20021858    000012b9   000012b9    r-- .const
  20022b18    20022b18    00000598   00000598    r-- .cinit
20023c00    20023c00    0001c098   00000000    rw-
  20023c00    20023c00    00017094   00000000    rw- .bss
  2003ac98    2003ac98    00005000   00000000    rw- .sysmem


SECTION ALLOCATION MAP

 output                                  attributes/
section   page    origin      length       input sections
--------  ----  ----------  ----------   ----------------
.data      0    20000000    000009c8     UNINITIALIZED
                  20000000    000003c9     cc3200_certificate.obj (.data:DigiCertHighAssuranceEVRootCA_der)
                  200003c9    00000001     tasks.obj (.data)
                  200003ca    00000002     --HOLE--
                  200003cc    000000f0     rtsv7M4_T_le_eabi.lib : defs.obj (.data:_ftable)
                  200004bc    000000d0                           : lowlev.obj (.data)
                  2000058c    000000b0                           : signal.obj (.data:sigtable)
                  2000063c    00000004     cc3200_certificate.obj (.data)
                  20000640    00000080     rtsv7M4_T_le_eabi.lib : xvalues.obj (.data)
                  200006c0    00000068                           : xfvalues.obj (.data)
                  20000728    00000064     network_relater_fns.obj (.data:Token)
                  2000078c    00000064     network_relater_fns.obj (.data:Value)
                  200007f0    00000040     jpeg.obj (.data:JPEG_StdQuantTblC)
                  20000830    00000040     jpeg.obj (.data:JPEG_StdQuantTblY)
                  20000870    00000040     jpeg.obj (.data:zigzag)
                  200008b0    00000034     free_rtos.a : tasks.obj (.data)
                  200008e4    00000024     main.obj (.data)
                  20000908    00000018     cc3200_utils.obj (.data)
                  20000920    00000018     request.obj (.data)
                  20000938    00000010     rtsv7M4_T_le_eabi.lib : defs.obj (.data)
                  20000948    0000000c     camera_app.obj (.data)
                  20000954    0000000c     free_rtos.a : osi_freertos.obj (.data)
                  20000960    0000000c     rtsv7M4_T_le_eabi.lib : memory.obj (.data)
                  2000096c    00000009     simplelink.a : cc_pal.obj (.data)
                  20000975    00000003     --HOLE--
                  20000978    00000009                  : driver.obj (.data)
                  20000981    00000003     --HOLE--
                  20000984    00000008     rtsv7M4_T_le_eabi.lib : _lock.obj (.data)
                  2000098c    00000008                           : exit.obj (.data)
                  20000994    00000008                           : feraiseexcept.obj (.data)
                  2000099c    00000008     user_configure_fn.obj (.data)
                  200009a4    00000006     http.obj (.data)
                  200009aa    00000002     --HOLE--
                  200009ac    00000004     free_rtos.a : port.obj (.data)
                  200009b0    00000004     middleware.a : rtc_hal.obj (.data)
                  200009b4    00000004     ota.a : OtaHttp.obj (.data)
                  200009b8    00000004     rtsv7M4_T_le_eabi.lib : errno.obj (.data)
                  200009bc    00000004                           : fopen.obj (.data)
                  200009c0    00000004                           : rand.obj (.data)
                  200009c4    00000004                           : stkdepth_vars.obj (.data)

.TI.persistent 
*          0    20000000    00000000     UNINITIALIZED

.stack     0    20002000    00002000     UNINITIALIZED
                  20002000    00002000     --HOLE--

.intvecs   0    20004000    00000400     
                  20004000    00000400     startup_ccs.obj (.intvecs)

.text      0    20004400    0001d458     
                  20004400    00001258     free_rtos.a : tasks.obj (.text)
                  20005658    000010a6     rtsv7M4_T_le_eabi.lib : _printfi.obj (.text)
                  200066fe    00000002     startup_ccs.obj (.text:BusFaultHandler)
                  20006700    00000b24     free_rtos.a : queue.obj (.text)
                  20007224    00000a08     magnetic.obj (.text:fUpdateCalibration10EIG)
                  20007c2c    00000788     magnetic.obj (.text:fUpdateCalibration4INV)
                  200083b4    00000694     magnetic.obj (.text:fUpdateCalibration7EIG)
                  20008a48    00000688     matrix.obj (.text:eigencompute)
                  200090d0    00000610     ota.a : OtaHttp.obj (.text)
                  200096e0    000005ec     simplelink.a : driver.obj (.text:_SlDrvMsgRead)
                  20009ccc    00000584     user_configure_fn.obj (.text:User_Configure)
                  2000a250    00000584     magnetic.obj (.text:iUpdateMagnetometerBuffer)
                  2000a7d4    00000580     network_relater_fns.obj (.text:SimpleLinkHttpServerCallback)
                  2000ad54    000004e0     application_fn.obj (.text:application_fn)
                  2000b234    000004be     cc3200_utils.obj (.text:createNewInstallationId)
                  2000b6f2    00000002     driverlib.a : interrupt.obj (.text:IntDefaultHandler)
                  2000b6f4    0000048c     request.obj (.text:buildRequestHeaders)
                  2000bb80    0000045c     network_relater_fns.obj (.text:GetSNTPTime)
                  2000bfdc    0000045c     free_rtos.a : osi_freertos.obj (.text)
                  2000c438    00000450     parse_uploads.obj (.text:ConstructGroundDataObject)
                  2000c888    00000424     ota.a : OtaClient.obj (.text)
                  2000ccac    0000040c           : OtaApp.obj (.text)
                  2000d0b8    000003dc     rtsv7M4_T_le_eabi.lib : memory.obj (.text)
                  2000d494    000003b8     matrix.obj (.text:fmatrixAeqInvA)
                  2000d84c    00000378     rtsv7M4_T_le_eabi.lib : powf.obj (.text)
                  2000dbc4    0000035c     ota.a : CdnClient.obj (.text)
                  2000df20    00000354     orientation.obj (.text:feCompassWin8)
                  2000e274    00000338     ota.a : LogClient.obj (.text)
                  2000e5ac    0000030c     rtsv7M4_T_le_eabi.lib : lowlev.obj (.text)
                  2000e8b8    000002d4                           : trgdrv.obj (.text)
                  2000eb8c    000002d0     camera_app.obj (.text:CaptureImage)
                  2000ee5c    000002c4     tasks.obj (.text:MagCal_Run)
                  2000f120    000002b0     network_relater_fns.obj (.text:ConfigureSimpleLinkToDefaultState)
                  2000f3d0    00000298     mt9d111.obj (.text:RegLstWrite)
                  2000f668    00000298     user_configure_fn.obj (.text:WiFiProvisioning)
                  2000f900    00000298     rtsv7M4_T_le_eabi.lib : vla_alloc.obj (.text)
                  2000fb98    00000294     request.obj (.text:payloadSend)
                  2000fe2c    00000290     user_configure_fn.obj (.text:Get_Calibration_MagSensor)
                  200100bc    0000026e     simplejson.obj (.text:simpleJsonProcessor)
                  2001032a    00000002     startup_ccs.obj (.text:IntDefaultHandler)
                  2001032c    00000268     parse_uploads.obj (.text:ConstructUserConfigObject)
                  20010594    00000268     main_FXOS8700.obj (.text:angleCheck_Initializations)
                  200107fc    00000264     lightSens_isl29035.obj (.text:configureISL29035)
                  20010a60    00000254     door_position_detection_algorithm.obj (.text:check_doorpos)
                  20010cb4    00000248     simplelink.a : driver.obj (.text:_SlDrvRxHdrRead)
                  20010efc    00000244                  : wlan.obj (.text:sl_WlanConnect)
                  20011140    00000220     rtsv7M4_T_le_eabi.lib : ll_div_t2.obj (.text)
                  20011360    000001f4                           : ull_div_t2.obj (.text)
                  20011554    000001d8     main.obj (.text:main)
                  2001172c    000001d0     simplelink.a : driver.obj (.text:_SlDrvReleasePoolObj)
                  200118fc    000001cc                  : driver.obj (.text:_SlDrvMsgWrite)
                  20011ac8    000001c4     rtsv7M4_T_le_eabi.lib : fopen.obj (.text)
                  20011c8c    000001c0     tasks.obj (.text:RdSensData_Run)
                  20011e4c    000001c0     magnetic.obj (.text:fInvertMagCal)
                  2001200c    000001bc     rtsv7M4_T_le_eabi.lib : xflog.obj (.text)
                  200121c8    000001b8     parse_uploads.obj (.text:ConstructDeviceStateObject)
                  20012380    000001b6     rtsv7M4_T_le_eabi.lib : fd_add_t2.obj (.text)
                  20012536    00000002     startup_ccs.obj (.text:NmiSR)
                  20012538    000001b0     user_configure_fn.obj (.text:AccessPtMode_HTTPServer_Start)
                  200126e8    000001b0     camera_app.obj (.text:CameraIntHandler)
                  20012898    000001ac     SendObject_ToParse.obj (.text:SendObject_ToParse)
                  20012a44    000001ac     request.obj (.text:sendRequest)
                  20012bf0    000001a8     door_position_detection_algorithm.obj (.text:Calculate_TrueMinMaxAngles)
                  20012d98    000001a4     orientation.obj (.text:fQuaternionFromRotationMatrix)
                  20012f3c    000001a4     network_relater_fns.obj (.text:initNetwork)
                  200130e0    000001a4     cc3200_socket.obj (.text:socketSslConnect)
                  20013284    0000019c     rtsv7M4_T_le_eabi.lib : xfsin.obj (.text)
                  20013420    00000198     ota.obj (.text:OTA_Run)
                  200135b8    00000190     camera_app.obj (.text:CaptureandSavePreviewImage)
                  20013748    00000190     parse_uploads.obj (.text:UploadFirmwareVersionObjectToParse)
                  200138d8    00000190     simplelink.a : driver.obj (.text:_SlDrvWaitForPoolObj)
                  20013a68    0000018c     Task_ImageCaptureConfigs.obj (.text:ImageSensor_CaptureConfigs_Task)
                  20013bf4    00000188     matrix.obj (.text:f3x3matrixAeqInvSymB)
                  20013d7c    00000184     flc.a : flc.obj (.text)
                  20013f00    00000180     orientation.obj (.text:fWin8AnglesDegFromRotationMatrix)
                  20014080    0000017c     network_relater_fns.obj (.text:SimpleLinkWlanEventHandler)
                  200141fc    00000178     door_position_detection_algorithm.obj (.text:Calculate_DoorOpenThresholdAngle)
                  20014374    00000178     rtsv7M4_T_le_eabi.lib : tanf.obj (.text)
                  200144ec    00000178                           : xfexp.obj (.text)
                  20014664    00000174     simplelink.a : driver.obj (.text:_SlDrvDriverCBInit)
                  200147d8    00000174     magnetic.obj (.text:fInitMagCalibration)
                  2001494c    00000170     simplelink.a : driver.obj (.text:_SlFindAndSetActiveObj)
                  20014abc    00000168     ota.obj (.text:OTAServerInfoSet)
                  20014c24    00000160     tasks.obj (.text:Fusion_Run)
                  20014d84    00000160     tempRHSens_si7020.obj (.text:getTempRH)
                  20014ee4    00000158     drivers.obj (.text:FXOS8700_Init)
                  2001503c    00000158     orientation.obj (.text:qAeqAxB)
                  20015194    00000158     orientation.obj (.text:qconjgAxB)
                  200152ec    00000150     simplelink.a : cc_pal.obj (.text:spi_Open)
                  2001543c    00000148     mt9d111.obj (.text:RestartSensorInJpegMode)
                  20015584    00000140     network_relater_fns.obj (.text:WiFi_Connect)
                  200156c4    0000013c     rtsv7M4_T_le_eabi.lib : fmodf.obj (.text)
                  20015800    0000013c     simplelink.a : socket.obj (.text:sl_Select)
                  2001593c    00000138     i2cconfig.obj (.text:I2CBufferRead)
                  20015a74    00000138     mt9d111.obj (.text:Register_Read)
                  20015bac    00000138     orientation.obj (.text:fLPFOrientationQuaternion)
                  20015ce4    00000138     orientation.obj (.text:fRotationMatrixFromQuaternion)
                  20015e1c    00000138     i2c_app.obj (.text:i2cWriteRegisters)
                  20015f54    00000136     rtsv7M4_T_le_eabi.lib : fd_div_t2.obj (.text)
                  2001608a    00000002     main.obj (.text:vApplicationIdleHook)
                  2001608c    00000134     driverlib.a : prcm.obj (.text:PRCMCC3200MCUInit)
                  200161c0    00000134     rtsv7M4_T_le_eabi.lib : fputs.obj (.text)
                  200162f4    00000130     i2cconfig.obj (.text:I2CBufferWrite)
                  20016424    0000012a     free_rtos.a : list.obj (.text)
                  2001654e    00000002     --HOLE-- [fill = 0]
                  20016550    00000128     simplelink.a : driver.obj (.text:_SlDrvDataReadOp)
                  20016678    00000120     network_relater_fns.obj (.text:GetTimeNTP)
                  20016798    0000011c     mt9d111.obj (.text:SetInitialGain)
                  200168b4    00000118     simplelink.a : socket.obj (.text:sl_SendTo)
                  200169cc    00000110     free_rtos.a : port.obj (.text)
                  20016adc    00000110     rtsv7M4_T_le_eabi.lib : xdscale.obj (.text)
                  20016bec    0000010c     hibernate_related_fns.obj (.text:HIBernate)
                  20016cf8    0000010c     flash_files.obj (.text:WriteFile_ToFlash)
                  20016e04    0000010c     simplelink.a : socket.obj (.text:sl_RecvFrom)
                  20016f10    0000010a     drivers.obj (.text:FXOS8700_ReadData)
                  2001701a    00000002     --HOLE-- [fill = 0]
                  2001701c    00000108     middleware.a : rtc_hal.obj (.text:rtc_fast_domain_counter_rd)
                  20017124    00000108     simplelink.a : socket.obj (.text:sl_Connect)
                  2001722c    00000108                  : socket.obj (.text:sl_Send)
                  20017334    00000104                  : driver.obj (.text:_SlDrvDataWriteOp)
                  20017438    00000104     i2c_app.obj (.text:i2cReadRegistersTwoBytes)
                  2001753c    00000104     simplelink.a : netapp.obj (.text:sl_NetAppDnsGetHostByName)
                  20017640    00000104     tempRHSens_si7020.obj (.text:verifyTempRHSensor)
                  20017744    00000100     i2c_app.obj (.text:i2cReadRegisters)
                  20017844    00000100     cc3200_client_state.obj (.text:loadClientState)
                  20017944    000000fe     simplelink.a : netapp.obj (.text:_SlDrvNetAppEventHandler)
                  20017a42    00000002     --HOLE-- [fill = 0]
                  20017a44    000000fc     pinmux.obj (.text:PinMuxConfig)
                  20017b40    000000fc     parse_uploads.obj (.text:UploadSensorDataToParse)
                  20017c3c    000000fc     orientation.obj (.text:fqAeqNormqA)
                  20017d38    000000fc     rtsv7M4_T_le_eabi.lib : fd_mul_t2.obj (.text)
                  20017e34    000000fa                           : fs_add_t2.obj (.text)
                  20017f2e    00000002     --HOLE-- [fill = 0]
                  20017f30    000000f8     Task_Main.obj (.text:Main_Task_withHibernate)
                  20018028    000000f8     cc3200_certificate.obj (.text:ensureCertificateFile)
                  20018120    000000f8     fusion.obj (.text:fRun_6DOF_GB_BASIC)
                  20018218    000000f6     app_common.obj (.text:Get_FridgeCamID)
                  2001830e    000000f4     mt9d111.obj (.text:SetAnalogGain)
                  20018402    000000f4     mt9d111.obj (.text:SetDigitalGain)
                  200184f6    00000002     --HOLE-- [fill = 0]
                  200184f8    000000f4     simplelink.a : driver.obj (.text:_SlDrvDriverCBDeinit)
                  200185ec    000000f4     installation.obj (.text:getInstallation)
                  200186e0    000000f4     app_common.obj (.text:intToASCII)
                  200187d4    000000f4     simplelink.a : fs.obj (.text:sl_FsRead)
                  200188c8    000000f2     cc3200_socket.obj (.text:socketRead)
                  200189ba    00000002     --HOLE-- [fill = 0]
                  200189bc    000000f0     main.obj (.text:InitializeAppVariables)
                  20018aac    000000f0     driverlib.a : udma.obj (.text:uDMAChannelTransferSet)
                  20018b9c    000000ec     network_relater_fns.obj (.text:SimpleLinkNetAppEventHandler)
                  20018c88    000000ec     orientation.obj (.text:fRotationVectorDegFromQuaternion)
                  20018d74    000000ec     simplelink.a : fs.obj (.text:sl_FsWrite)
                  20018e60    000000e8     door_position_detection_algorithm.obj (.text:Check_MinMax)
                  20018f48    000000e8     lightSens_isl29035.obj (.text:verifyISL29035)
                  20019030    000000e4     appFns_BatteryLevelSense.obj (.text:Get_BatteryPercent)
                  20019114    000000e4     parse_uploads.obj (.text:UploadImageToParse)
                  200191f8    000000e0     flash_files.obj (.text:ReadFile_FromFlash)
                  200192d8    000000e0     parse_uploads.obj (.text:UploadGroundDataObjectToParse)
                  200193b8    000000e0     accelomtrMagntomtr_fxos8700.obj (.text:verifyAccelMagnSensor)
                  20019498    000000dc     camera_app.obj (.text:Start_CameraCapture)
                  20019574    000000dc     parse_uploads.obj (.text:UploadUserConfigObjectToParse)
                  20019650    000000dc     Task_UserConfig.obj (.text:UserConfigure_Task)
                  2001972c    000000dc     rtsv7M4_T_le_eabi.lib : setvbuf.obj (.text)
                  20019808    000000dc     simplelink.a : cc_pal.obj (.text:spi_Read)
                  200198e4    000000d8     user_configure_fn.obj (.text:CollectAngle)
                  200199bc    000000d8     simplelink.a : driver.obj (.text:_SlDrvClassifyRxMsg)
                  20019a94    000000d8     rtsv7M4_T_le_eabi.lib : xfatan.obj (.text)
                  20019b6c    000000d4     camera_app.obj (.text:DMAConfig)
                  20019c40    000000d4     simplelink.a : device.obj (.text:sl_Stop)
                  20019d14    000000d0     rtsv7M4_T_le_eabi.lib : xfdscale.obj (.text)
                  20019de4    000000cc     approximations.obj (.text:fatan_deg)
                  20019eb0    000000cc     rtsv7M4_T_le_eabi.lib : sqrtf.obj (.text)
                  20019f7c    000000c8     mt9d111.obj (.text:EnterStandby_mt9d111)
                  2001a044    000000c8     mt9d111.obj (.text:ReadGainReg)
                  2001a10c    000000c8     simplelink.a : netapp.obj (.text:_sl_HandleAsync_DnsGetHostByService)
                  2001a1d4    000000c8     rtsv7M4_T_le_eabi.lib : fflush.obj (.text)
                  2001a29c    000000c4     mt9d111.obj (.text:ExitStandby_mt9d111)
                  2001a360    000000c4     simplelink.a : driver.obj (.text:_SlRemoveFromList)
                  2001a424    000000c0     i2c_if.obj (.text:I2C_IF_Read)
                  2001a4e4    000000c0     mt9d111.obj (.text:Read_AllRegisters)
                  2001a5a4    000000c0     network_relater_fns.obj (.text:SimpleLinkSockEventHandler)
                  2001a664    000000c0     user_configure_fn.obj (.text:WlanConnect)
                  2001a724    000000be     rtsv7M4_T_le_eabi.lib : xdnorm.obj (.text)
                  2001a7e2    00000002     --HOLE-- [fill = 0]
                  2001a7e4    000000bc     i2c_if.obj (.text:I2C_IF_Write)
                  2001a8a0    000000bc     camera_app.obj (.text:Standby_ImageSensor)
                  2001a95c    000000bc     simplelink.a : driver.obj (.text:_SlDrvMsgReadCmdCtx)
                  2001aa18    000000bc     tempRHSens_si7020.obj (.text:configureTempRHSensor)
                  2001aad4    000000bc     rtsv7M4_T_le_eabi.lib : acosf.obj (.text)
                  2001ab90    000000bc     simplelink.a : device.obj (.text:sl_Start)
                  2001ac4c    000000ba     free_rtos.a : portasm.obj (.text)
                  2001ad06    00000002     --HOLE-- [fill = 0]
                  2001ad08    000000b8     simplelink.a : driver.obj (.text:_SlAsyncEventGenericHandler)
                  2001adc0    000000b8     installation.obj (.text:createInstallation)
                  2001ae78    000000b4     user_configure_fn.obj (.text:SaveImageConfig)
                  2001af2c    000000b4     simplelink.a : netapp.obj (.text:sl_NetAppMDNSRegisterUnregisterService)
                  2001afe0    000000ac     rtsv7M4_T_le_eabi.lib : _io_perm.obj (.text)
                  2001b08c    000000ab     installation.obj (.text:getInstallationByIdCallback)
                  2001b137    00000001     --HOLE-- [fill = 0]
                  2001b138    000000aa     uartA1_if.obj (.text:Report)
                  2001b1e2    00000002     --HOLE-- [fill = 0]
                  2001b1e4    000000a8     driverlib.a : interrupt.obj (.text:IntDisable)
                  2001b28c    000000a8                 : interrupt.obj (.text:IntEnable)
                  2001b334    000000a8     simplelink.a : netcfg.obj (.text:sl_NetCfgGet)
                  2001b3dc    000000a0     driverlib.a : spi.obj (.text:SPIConfigSetExpClk)
                  2001b47c    000000a0     cc3200_socket.obj (.text:socketWrite)
                  2001b51c    0000009e     matrix.obj (.text:f3x3matrixDetA)
                  2001b5ba    00000002     --HOLE-- [fill = 0]
                  2001b5bc    0000009c     simplelink.a : driver.obj (.text:_SlDrvMsgReadSpawnCtx)
                  2001b658    0000009c     approximations.obj (.text:fatan2_deg)
                  2001b6f4    0000009c     rtsv7M4_T_le_eabi.lib : memcpy_t2.obj (.text)
                  2001b790    0000009c     simplelink.a : device.obj (.text:sl_DevGet)
                  2001b82c    00000098     network_relater_fns.obj (.text:InitializeUserConfigVariables)
                  2001b8c4    00000098     LED_timer.obj (.text:IntrptHandler_LEDTimer)
                  2001b95c    00000098     ota.obj (.text:OTA_CommitImage)
                  2001b9f4    00000098     mt9d111.obj (.text:Verify_ImageSensor)
                  2001ba8c    00000098     simplelink.a : fs.obj (.text:_sl_GetCreateFsMode)
                  2001bb24    00000098     rtsv7M4_T_le_eabi.lib : fclose.obj (.text)
                  2001bbbc    00000098                           : fputc.obj (.text)
                  2001bc54    00000096     parse_uploads.obj (.text:Add_NumberField_ToJSONString)
                  2001bcea    00000002     --HOLE-- [fill = 0]
                  2001bcec    00000094     dbgFns.obj (.text:Check_I2CDevices)
                  2001bd80    00000094     camera_app.obj (.text:Config_CameraCapture)
                  2001be14    00000094     Task_UserConfig.obj (.text:IsLongPress)
                  2001bea8    00000094     jpeg.obj (.text:Modify_JPEGHeaderFile)
                  2001bf3c    00000094     driverlib.a : prcm.obj (.text:PRCMPeripheralClockGet)
                  2001bfd0    00000094     approximations.obj (.text:facos_deg)
                  2001c064    00000094     lightSens_isl29035.obj (.text:getLightsensor_data)
                  2001c0f8    00000094     rtsv7M4_T_le_eabi.lib : snprintf.obj (.text)
                  2001c18c    00000092     parse_impl.obj (.text:parseInitialize)
                  2001c21e    00000092     rtsv7M4_T_le_eabi.lib : fs_div_t2.obj (.text)
                  2001c2b0    0000008c     app_common.obj (.text:LED_Blink_2)
                  2001c33c    0000008c     simplelink.a : cc_pal.obj (.text:SetupDMAReceive)
                  2001c3c8    0000008c                  : cc_pal.obj (.text:SetupDMASend)
                  2001c454    0000008c                  : netapp.obj (.text:_sl_HandleAsync_DnsGetHostByName)
                  2001c4e0    0000008c                  : netapp.obj (.text:_sl_HandleAsync_PingResponse)
                  2001c56c    0000008c     rtsv7M4_T_le_eabi.lib : xfdint.obj (.text)
                  2001c5f8    0000008c     simplelink.a : cc_pal.obj (.text:spi_Write)
                  2001c684    00000088     jpeg.obj (.text:Get_ChromQtable)
                  2001c70c    00000088     jpeg.obj (.text:Get_LumQtable)
                  2001c794    00000088     driverlib.a : prcm.obj (.text:PRCMHibernateIntervalSet)
                  2001c81c    00000088                 : pin.obj (.text:PinConfigSet)
                  2001c8a4    00000088     rtsv7M4_T_le_eabi.lib : vsnprintf.obj (.text)
                  2001c92c    00000088     simplelink.a : socket.obj (.text:sl_Bind)
                  2001c9b4    00000088                  : fs.obj (.text:sl_FsClose)
                  2001ca3c    00000086     rtsv7M4_T_le_eabi.lib : fd_cmp_t2.obj (.text:__aeabi_cdcmple)
                  2001cac2    00000086                           : fd_cmp_t2.obj (.text:__aeabi_cdrcmple)
                  2001cb48    00000084     timer_if.obj (.text:GetPeripheralIntNum)
                  2001cbcc    00000084     driverlib.a : i2c.obj (.text:I2CMasterInitExpClk)
                  2001cc50    00000084     simplelink.a : cc_pal.obj (.text:NwpPowerOnPreamble)
                  2001ccd4    00000084     matrix.obj (.text:f3x3matrixAeqI)
                  2001cd58    00000084     fusion.obj (.text:fInit_6DOF_GB_BASIC)
                  2001cddc    00000080     camera_app.obj (.text:Wakeup_ImageSensor)
                  2001ce5c    00000080     simplelink.a : driver.obj (.text:_SlDrvCmdOp)
                  2001cedc    00000080                  : cc_pal.obj (.text:spi_Read_CPU)
                  2001cf5c    00000080                  : cc_pal.obj (.text:spi_Write_CPU)
                  2001cfdc    0000007c     driverlib.a : prcm.obj (.text:PRCMRTCGet)
                  2001d058    0000007c     simplelink.a : device.obj (.text:_sl_HandleAsync_InitComplete)
                  2001d0d4    0000007c     matrix.obj (.text:fmatrixAeqI)
                  2001d150    0000007c     simplelink.a : fs.obj (.text:sl_FsGetInfo)
                  2001d1cc    0000007a     rtsv7M4_T_le_eabi.lib : fs_mul_t2.obj (.text)
                  2001d246    0000007a                           : memset_t2.obj (.text)
                  2001d2c0    0000007a                           : xfdnorm.obj (.text)
                  2001d33a    00000002     --HOLE-- [fill = 0]
                  2001d33c    00000078     network_relater_fns.obj (.text:ConfigureMode)
                  2001d3b4    00000078     appFns_BatteryLevelSense.obj (.text:Get_BatteryVoltage)
                  2001d42c    00000078     i2c_if.obj (.text:I2CTransact)
                  2001d4a4    00000078     parse_uploads.obj (.text:InitialiseParse)
                  2001d51c    00000078     NWP.obj (.text:NWP_SwitchOn)
                  2001d594    00000078     simplelink.a : socket.obj (.text:_sl_HandleAsync_Connect)
                  2001d60c    00000078                  : fs.obj (.text:sl_FsOpen)
                  2001d684    00000078                  : cc_pal.obj (.text:spi_Close)
                  2001d6fc    00000076     driverlib.a : uart.obj (.text:UARTConfigSetExpClk)
                  2001d772    00000002     --HOLE-- [fill = 0]
                  2001d774    00000074     NWP.obj (.text:NWP_SwitchOff)
                  2001d7e8    00000074     camera_app.obj (.text:ReStart_CameraCapture)
                  2001d85c    00000074     middleware.a : rtc_hal.obj (.text:rtc_value_rd)
                  2001d8d0    00000074     simplelink.a : socket.obj (.text:sl_Recv)
                  2001d944    00000073     installation.obj (.text:getInstallationCallback)
                  2001d9b7    00000001     --HOLE-- [fill = 0]
                  2001d9b8    00000072     timer_if.obj (.text:Timer_IF_IntSetup)
                  2001da2a    00000002     --HOLE-- [fill = 0]
                  2001da2c    00000070     batteryVoltLvlSens_adc081c021.obj (.text:Get_BatteryVoltageLevel_ADC081C021)
                  2001da9c    00000070     network_relater_fns.obj (.text:Network_IF_GetHostIP)
                  2001db0c    00000070     appFns_LightSensor.obj (.text:PowerDown_LightSensor)
                  2001db7c    00000070     timer_fns.obj (.text:get_timeDuration)
                  2001dbec    0000006c     camera_app.obj (.text:CamControllerInit)
                  2001dc58    0000006c     lightSens_isl29035.obj (.text:PowerDown_ISL29035)
                  2001dcc4    0000006c     mt9d111.obj (.text:ReadImageConfigReg)
                  2001dd30    0000006c     udma_if.obj (.text:UDMAInit)
                  2001dd9c    0000006c     simplelink.a : driver.obj (.text:_SlDrvCmdSend)
                  2001de08    0000006c     matrix.obj (.text:f3x3matrixAeqMinusA)
                  2001de74    0000006c     request.obj (.text:parseSendRequestInternal)
                  2001dee0    0000006c     rtsv7M4_T_le_eabi.lib : autoinit.obj (.text)
                  2001df4c    0000006c                           : fprintf.obj (.text)
                  2001dfb8    0000006c                           : fs_toll_t2.obj (.text)
                  2001e024    0000006c     timer_fns.obj (.text:start_periodicInterrupt_timer)
                  2001e090    0000006a     matrix.obj (.text:f3x3matrixAeqAxScalar)
                  2001e0fa    0000006a     rtsv7M4_T_le_eabi.lib : copy_decompress_rle.obj (.text)
                  2001e164    00000069     http.obj (.text:beginHttpGetRequest)
                  2001e1cd    00000003     --HOLE-- [fill = 0]
                  2001e1d0    00000068     driverlib.a : prcm.obj (.text:PRCMHibernateWakeUpGPIOSelect)
                  2001e238    00000068     mt9d111.obj (.text:StartSensorInJpegMode)
                  2001e2a0    00000068     simplelink.a : netapp.obj (.text:_sl_NetAppSendTokenValue)
                  2001e308    00000068     cc3200_utils.obj (.text:fetchDeviceOSVersion)
                  2001e370    00000068     rtsv7M4_T_le_eabi.lib : trgmsg.obj (.text)
                  2001e3d8    00000068     simplelink.a : device.obj (.text:sl_DevSet)
                  2001e440    00000068                  : netcfg.obj (.text:sl_NetCfgSet)
                  2001e4a8    00000068                  : socket.obj (.text:sl_SetSockOpt)
                  2001e510    00000068                  : wlan.obj (.text:sl_WlanSet)
                  2001e578    00000066     matrix.obj (.text:f3x3matrixAeqScalar)
                  2001e5de    00000066     rtsv7M4_T_le_eabi.lib : xdunscal.obj (.text)
                  2001e644    00000064                           : fseek.obj (.text)
                  2001e6a8    00000064     cc3200_socket.obj (.text:socketWait)
                  2001e70c    00000064     tempRHSens_si7020.obj (.text:softResetTempRHSensor)
                  2001e770    00000064     driverlib.a : udma.obj (.text:uDMAChannelAttributeDisable)
                  2001e7d4    00000064                 : udma.obj (.text:uDMAChannelAttributeEnable)
                  2001e838    00000060     mt9d111.obj (.text:CCMRegs_Read)
                  2001e898    00000060     watchdog.obj (.text:WatchdogIntHandler)
                  2001e8f8    00000060     rtsv7M4_T_le_eabi.lib : fs_cmp_t2.obj (.text:__aeabi_cfcmple)
                  2001e958    00000060                           : fs_cmp_t2.obj (.text:__aeabi_cfrcmple)
                  2001e9b8    00000060     simplelink.a : socket.obj (.text:_sl_HandleAsync_Accept)
                  2001ea18    00000060     main_FXOS8700.obj (.text:fxosDefault_Initializations)
                  2001ea78    00000060     rtsv7M4_T_le_eabi.lib : sprintf.obj (.text)
                  2001ead8    00000060     simplelink.a : wlan.obj (.text:sl_WlanPolicySet)
                  2001eb38    00000060     accelomtrMagntomtr_fxos8700.obj (.text:standby_accelMagn_fxos8700)
                  2001eb98    0000005c     accelomtrMagntomtr_fxos8700.obj (.text:getAccelMagntData)
                  2001ebf4    0000005c     lightSens_isl29035.obj (.text:getLightsensor_intrptStatus)
                  2001ec50    0000005c     simplelink.a : socket.obj (.text:sl_Socket)
                  2001ecac    00000058     driverlib.a : interrupt.obj (.text:IntPendClear)
                  2001ed04    00000058     mt9d111.obj (.text:PCLK_Rate_read)
                  2001ed5c    00000058     driverlib.a : prcm.obj (.text:PRCMPeripheralReset)
                  2001edb4    00000056     rtsv7M4_T_le_eabi.lib : ltoa.obj (.text)
                  2001ee0a    00000056                           : xfdunsca.obj (.text)
                  2001ee60    00000054     driverlib.a : interrupt.obj (.text:IntPrioritySet)
                  2001eeb4    00000054     watchdog.obj (.text:WDT_init)
                  2001ef08    00000054     simplelink.a : socket.obj (.text:_sl_HandleAsync_Select)
                  2001ef5c    00000054     approximations.obj (.text:fasin_deg)
                  2001efb0    00000054     request.obj (.text:headerSend)
                  2001f004    00000054     simplelink.a : wlan.obj (.text:sl_WlanRxFilterSet)
                  2001f058    00000051     installation.obj (.text:createInstallationCallback)
                  2001f0a9    00000003     --HOLE-- [fill = 0]
                  2001f0ac    00000050     i2c_if.obj (.text:I2C_IF_Open)
                  2001f0fc    00000050     driverlib.a : prcm.obj (.text:PRCMSlowClkCtrGet)
                  2001f14c    00000050     camera_app.obj (.text:Restart_Camera)
                  2001f19c    00000050     simplelink.a : device.obj (.text:_sl_HandleAsync_Stop)
                  2001f1ec    00000050     mt9d111.obj (.text:disableAE)
                  2001f23c    00000050     mt9d111.obj (.text:disableAWB)
                  2001f28c    00000050     mt9d111.obj (.text:enableAWB)
                  2001f2dc    00000050     main_FXOS8700.obj (.text:get_angle)
                  2001f32c    00000050     rtsv7M4_T_le_eabi.lib : fs_toull_t2.obj (.text)
                  2001f37c    00000050     simplelink.a : fs.obj (.text:sl_FsDel)
                  2001f3cc    0000004c     tasks.obj (.text:RdSensData_Init)
                  2001f418    0000004c     driverlib.a : spi.obj (.text:SPIIntEnable)
                  2001f464    0000004c     simplelink.a : driver.obj (.text:_SlDrvProtectAsyncRespSetting)
                  2001f4b0    0000004c                  : driver.obj (.text:_SlDrvRxIrqHandler)
                  2001f4fc    0000004c                  : socket.obj (.text:_sl_BuildAddress)
                  2001f548    0000004c     rtsv7M4_T_le_eabi.lib : atoi.obj (.text)
                  2001f594    0000004c                           : atol.obj (.text)
                  2001f5e0    0000004c                           : cpy_tbl.obj (.text)
                  2001f62c    0000004c                           : rand.obj (.text)
                  2001f678    0000004c     driverlib.a : udma.obj (.text:uDMAChannelAssign)
                  2001f6c4    0000004c     middleware.a : util64.obj (.text:util_u32_nsec_add)
                  2001f710    0000004a     rtsv7M4_T_le_eabi.lib : fd_tos_t2.obj (.text)
                  2001f75a    00000002     --HOLE-- [fill = 0]
                  2001f75c    00000048     driverlib.a : prcm.obj (.text:PRCMHibernateWakeupSourceDisable)
                  2001f7a4    00000048                 : prcm.obj (.text:PRCMHibernateWakeupSourceEnable)
                  2001f7ec    00000048                 : spi.obj (.text:SPIIntClear)
                  2001f834    00000048     mt9d111.obj (.text:Variable_Read)
                  2001f87c    00000048     simplelink.a : driver.obj (.text:_SlDrvBasicCmd)
                  2001f8c4    00000048     http.obj (.text:addHttpRequestLine)
                  2001f90c    00000048     approximations.obj (.text:fatan_15deg)
                  2001f954    00000048     rtsv7M4_T_le_eabi.lib : fd_toi_t2.obj (.text)
                  2001f99c    00000046                           : ldexp.obj (.text)
                  2001f9e2    00000002     --HOLE-- [fill = 0]
                  2001f9e4    00000044     driverlib.a : spi.obj (.text:SPIDmaMaskGet)
                  2001fa28    00000044                 : timer.obj (.text:TimerConfigure)
                  2001fa6c    00000044     udma_if.obj (.text:UDMASetupTransfer)
                  2001fab0    00000044     simplelink.a : cc_pal.obj (.text:cc_SetupTransfer)
                  2001faf4    00000044     main_FXOS8700.obj (.text:fxos_Calibration)
                  2001fb38    00000044     rtsv7M4_T_le_eabi.lib : exit.obj (.text)
                  2001fb7c    00000044                           : fd_tou_t2.obj (.text)
                  2001fbc0    00000042     simplelink.a : socket.obj (.text:sl_Htonl)
                  2001fc02    00000002     --HOLE-- [fill = 0]
                  2001fc04    00000040     camera_app.obj (.text:ImagCapture_Init)
                  2001fc44    00000040     driverlib.a : pin.obj (.text:PinModeSet)
                  2001fc84    00000040     mt9d111.obj (.text:Variable_Write)
                  2001fcc4    00000040     http.obj (.text:getHttpResponseBody)
                  2001fd04    00000040     rtsv7M4_T_le_eabi.lib : signal.obj (.text)
                  2001fd44    00000040     timer_fns.obj (.text:start_1Sec_TimeoutTimer)
                  2001fd84    0000003e     rtsv7M4_T_le_eabi.lib : strncasecmp.obj (.text)
                  2001fdc2    0000003c     simplelink.a : netapp.obj (.text:CopyPingResultsToReport)
                  2001fdfe    00000002     --HOLE-- [fill = 0]
                  2001fe00    0000003c     tasks.obj (.text:Fusion_Init)
                  2001fe3c    0000003c     ota.obj (.text:OTA_Init)
                  2001fe78    0000003c     driverlib.a : prcm.obj (.text:PRCMPeripheralClkEnable)
                  2001feb4    0000003c                 : prcm.obj (.text:PRCMSlowClkCtrFastGet)
                  2001fef0    0000003c     mt9d111.obj (.text:Reg_Read)
                  2001ff2c    0000003c     simplelink.a : socket.obj (.text:_sl_TruncatePayloadByProtocol)
                  2001ff68    0000003c     rtsv7M4_T_le_eabi.lib : boot.obj (.text)
                  2001ffa4    0000003c     simplelink.a : socket.obj (.text:sl_Htons)
                  2001ffe0    0000003c     timer_fns.obj (.text:start_100mSecTimer)
                  2002001c    0000003c     driverlib.a : udma.obj (.text:uDMAChannelControlSet)
                  20020058    0000003a                 : camera.obj (.text:CameraCaptureStop)
                  20020092    0000003a                 : camera.obj (.text:CameraXClkConfig)
                  200200cc    0000003a     appFns_LightSensor.obj (.text:IsLightOff)
                  20020106    0000003a     mt9d111.obj (.text:Reg_Write)
                  20020140    0000003a     orientation.obj (.text:fLPFScalar)
                  2002017a    0000003a     request.obj (.text:parseSendRequest)
                  200201b4    00000039     http.obj (.text:addHttpRequestHeader)
                  200201ed    00000003     --HOLE-- [fill = 0]
                  200201f0    00000038     main.obj (.text:BoardInit)
                  20020228    00000038     LED_timer.obj (.text:LEDTimer_Enable)
                  20020260    00000038     simplelink.a : cc_pal.obj (.text:NwpPowerOff)
                  20020298    00000038     wdt_if.obj (.text:WDT_IF_Init)
                  200202d0    00000038     free_rtos.a : heap_3.obj (.text)
                  20020308    00000038     rtsv7M4_T_le_eabi.lib : fs_tod_t2.obj (.text)
                  20020340    00000038                           : fs_toi_t2.obj (.text)
                  20020378    00000038                           : i_tofs_t2.obj (.text)
                  200203b0    00000036     driverlib.a : gpio.obj (.text:GPIODirModeSet)
                  200203e6    00000036     simplelink.a : netapp.obj (.text:sl_NetAppMDNSUnRegisterService)
                  2002041c    00000035     http.obj (.text:beginHttpRequest)
                  20020451    00000001     --HOLE-- [fill = 0]
                  20020452    00000034     driverlib.a : camera.obj (.text:CameraParamsConfig)
                  20020486    00000002     --HOLE-- [fill = 0]
                  20020488    00000034     LED_timer.obj (.text:LEDTimer_Start)
                  200204bc    00000034     driverlib.a : prcm.obj (.text:PRCMPeripheralStatusGet)
                  200204f0    00000034                 : spi.obj (.text:SPIFIFOLevelSet)
                  20020524    00000034     http.obj (.text:getHttpResponseStatus)
                  20020558    00000034     rtsv7M4_T_le_eabi.lib : feraiseexcept.obj (.text)
                  2002058c    00000034                           : fs_tou_t2.obj (.text)
                  200205c0    00000034                           : strstr.obj (.text)
                  200205f4    00000032     timer_if.obj (.text:Timer_IF_Init)
                  20020626    00000030     driverlib.a : pin.obj (.text:PinTypeGPIO)
                  20020656    00000002     --HOLE-- [fill = 0]
                  20020658    00000030                 : uart.obj (.text:UARTDisable)
                  20020688    00000030     simplelink.a : device.obj (.text:_SlDrvDeviceEventHandler)
                  200206b8    00000030                  : fs.obj (.text:_sl_Strlen)
                  200206e8    00000030     middleware.a : rtc_hal.obj (.text:hw_access_time_addup)
                  20020718    00000030     rtsv7M4_T_le_eabi.lib : strncpy.obj (.text)
                  20020748    00000030                           : xferaise.obj (.text)
                  20020778    00000030     simplelink.a : socket.obj (.text:sl_Close)
                  200207a8    00000030                  : wlan.obj (.text:sl_WlanProfileDel)
                  200207d8    00000030                  : wlan.obj (.text:sl_WlanSetMode)
                  20020808    0000002e     rtsv7M4_T_le_eabi.lib : i_tofd_t2.obj (.text)
                  20020836    0000002e                           : raise.obj (.text)
                  20020864    0000002d     http.obj (.text:addHttpRequestHeaderInt)
                  20020891    00000003     --HOLE-- [fill = 0]
                  20020894    0000002c     tasks.obj (.text:ApplyMagHAL)
                  200208c0    0000002c     driverlib.a : camera.obj (.text:CameraIntDisable)
                  200208ec    0000002c                 : camera.obj (.text:CameraIntEnable)
                  20020918    0000002c     simplelink.a : cc_pal.obj (.text:DmaSpiSwIntHandler)
                  20020944    0000002c     driverlib.a : i2c.obj (.text:I2CMasterErr)
                  20020970    0000002c     timer_fns.obj (.text:IntHandler_1Sec_TimeoutTimer)
                  2002099c    0000002c     driverlib.a : prcm.obj (.text:PRCMSysResetCauseGet)
                  200209c8    0000002c     mt9d111.obj (.text:SoftReset_ImageSensor)
                  200209f4    0000002c     cc3200_utils.obj (.text:getDeviceTimeDate)
                  20020a20    0000002c     request.obj (.text:setDataBufferPointer)
                  20020a4c    0000002a     driverlib.a : timer.obj (.text:TimerLoadSet)
                  20020a76    0000002a                 : timer.obj (.text:TimerPrescaleSet)
                  20020aa0    0000002a     rtsv7M4_T_le_eabi.lib : xdclass.obj (.text)
                  20020aca    0000002a     middleware.a : util64.obj (.text:util_u64_time_add)
                  20020af4    00000029     ota.obj (.text:OTA_Update)
                  20020b1d    00000003     --HOLE-- [fill = 0]
                  20020b20    00000028     driverlib.a : camera.obj (.text:CameraIntStatus)
                  20020b48    00000028     uartA1_if.obj (.text:InitTerm)
                  20020b70    00000028     driverlib.a : prcm.obj (.text:IsRTCUsed)
                  20020b98    00000028     uartA1_if.obj (.text:Message)
                  20020bc0    00000028     driverlib.a : prcm.obj (.text:PRCMPeripheralClkDisable)
                  20020be8    00000028     rtsv7M4_T_le_eabi.lib : strncat.obj (.text)
                  20020c10    00000028     simplelink.a : netapp.obj (.text:sl_NetAppStart)
                  20020c38    00000028                  : netapp.obj (.text:sl_NetAppStop)
                  20020c60    00000026     driverlib.a : camera.obj (.text:CameraThresholdSet)
                  20020c86    00000026     simplelink.a : cc_pal.obj (.text:NwpRegisterInterruptHandler)
                  20020cac    00000026     rtsv7M4_T_le_eabi.lib : strncmp.obj (.text)
                  20020cd2    00000002     --HOLE-- [fill = 0]
                  20020cd4    00000024     driverlib.a : camera.obj (.text:CameraIntClear)
                  20020cf8    00000024     timer_fns.obj (.text:IntHandler_100mSecTimer)
                  20020d1c    00000024     driverlib.a : interrupt.obj (.text:IntUnregister)
                  20020d40    00000024                 : prcm.obj (.text:RTCU16MSecRegRead)
                  20020d64    00000024     timer_if.obj (.text:Timer_IF_Start)
                  20020d88    00000024     driverlib.a : uart.obj (.text:UARTEnable)
                  20020dac    00000024     mt9d111.obj (.text:WriteAllAEnAWBRegs)
                  20020dd0    00000024     simplelink.a : driver.obj (.text:_SlDrvProtectionObjLockWaitForever)
                  20020df4    00000024     main_FXOS8700.obj (.text:magnetometer_initialize)
                  20020e18    00000024     timer_fns.obj (.text:reload_periodicTimer)
                  20020e3c    00000024     rtsv7M4_T_le_eabi.lib : u_tofs_t2.obj (.text)
                  20020e60    00000022     driverlib.a : camera.obj (.text:CameraCaptureStart)
                  20020e82    00000022                 : i2c.obj (.text:I2CMasterSlaveAddrSet)
                  20020ea4    00000022     simplelink.a : socket.obj (.text:SL_FD_SET)
                  20020ec6    00000022     driverlib.a : spi.obj (.text:SPIReset)
                  20020ee8    00000022                 : spi.obj (.text:SPIWordCountSet)
                  20020f0a    00000022     rtsv7M4_T_le_eabi.lib : frexp.obj (.text)
                  20020f2c    00000022                           : memcmp.obj (.text)
                  20020f4e    00000020     driverlib.a : gpio.obj (.text:GPIOPinWrite)
                  20020f6e    00000002     --HOLE-- [fill = 0]
                  20020f70    00000020                 : interrupt.obj (.text:IntRegister)
                  20020f90    00000020     simplelink.a : cc_pal.obj (.text:NwpPowerOn)
                  20020fb0    00000020     mt9d111.obj (.text:Refresh_mt9d111Firmware)
                  20020fd0    00000020     reset.obj (.text:Reset_byStarvingWDT)
                  20020ff0    00000020     simplelink.a : driver.obj (.text:_SlDrvProtectionObjUnLock)
                  20021010    00000020     rtsv7M4_T_le_eabi.lib : memchr.obj (.text)
                  20021030    00000020                           : u_tofd_t2.obj (.text)
                  20021050    0000001e     driverlib.a : i2c.obj (.text:I2CMasterIntStatusEx)
                  2002106e    0000001e                 : timer.obj (.text:TimerDisable)
                  2002108c    0000001e                 : timer.obj (.text:TimerEnable)
                  200210aa    0000001e                 : timer.obj (.text:TimerIntStatus)
                  200210c8    0000001e                 : uart.obj (.text:UARTCharPut)
                  200210e6    0000001e     simplelink.a : cc_pal.obj (.text:cc_UDMAChannelSelect)
                  20021104    0000001e     rtsv7M4_T_le_eabi.lib : strcat.obj (.text)
                  20021122    00000002     --HOLE-- [fill = 0]
                  20021124    0000001c     tasks.obj (.text:ApplyAccelHAL)
                  20021140    0000001c     mt9d111.obj (.text:CameraSensorInit)
                  2002115c    0000001c     udma_if.obj (.text:DmaSwIntHandler)
                  20021178    0000001c     driverlib.a : pin.obj (.text:PinTypeI2C)
                  20021194    0000001c                 : timer.obj (.text:TimerValueGet)
                  200211b0    0000001c     simplelink.a : driver.obj (.text:_SlDrvObjLockWaitForever)
                  200211cc    0000001c                  : driver.obj (.text:_SlDrvSyncObjWaitForever)
                  200211e8    0000001c     rtsv7M4_T_le_eabi.lib : memccpy.obj (.text)
                  20021204    0000001c     timer_fns.obj (.text:stop_100mSecTimer)
                  20021220    0000001c     timer_fns.obj (.text:stop_1Sec_TimeoutTimer)
                  2002123c    0000001c     timer_fns.obj (.text:stop_periodicInterrupt_timer)
                  20021258    0000001c     driverlib.a : udma.obj (.text:uDMAChannelDisable)
                  20021274    0000001c                 : udma.obj (.text:uDMAChannelEnable)
                  20021290    0000001c     main.obj (.text:vApplicationMallocFailedHook)
                  200212ac    0000001a     driverlib.a : pin.obj (.text:PinTypeCamera)
                  200212c6    0000001a                 : pin.obj (.text:PinTypeUART)
                  200212e0    0000001a                 : spi.obj (.text:SPIDmaDisable)
                  200212fa    0000001a                 : spi.obj (.text:SPIDmaEnable)
                  20021314    0000001a                 : spi.obj (.text:SPIFIFODisable)
                  2002132e    0000001a                 : spi.obj (.text:SPIFIFOEnable)
                  20021348    00000018                 : camera.obj (.text:CameraReset)
                  20021360    00000018     startup_ccs.obj (.text:FaultISR)
                  20021378    00000018     driverlib.a : gpio.obj (.text:GPIOPinRead)
                  20021390    00000018     timer_fns.obj (.text:ISR_periodicInterrupt_timer)
                  200213a8    00000018     app_common.obj (.text:LED_Off)
                  200213c0    00000018     app_common.obj (.text:LED_On)
                  200213d8    00000018     driverlib.a : prcm.obj (.text:PRCMHibernateEnter)
                  200213f0    00000018                 : spi.obj (.text:SPICSDisable)
                  20021408    00000018                 : spi.obj (.text:SPICSEnable)
                  20021420    00000018                 : spi.obj (.text:SPIDisable)
                  20021438    00000018                 : spi.obj (.text:SPIEnable)
                  20021450    00000018                 : timer.obj (.text:TimerIntEnable)
                  20021468    00000018     timer_if.obj (.text:Timer_IF_InterruptClear)
                  20021480    00000018     driverlib.a : wdt.obj (.text:WatchdogStallEnable)
                  20021498    00000018                 : wdt.obj (.text:WatchdogUnlock)
                  200214b0    00000018     simplelink.a : driver.obj (.text:_SlDrvObjUnLock)
                  200214c8    00000018                  : driver.obj (.text:_SlDrvSyncObjSignal)
                  200214e0    00000018                  : device.obj (.text:_sl_GetStartResponseConvert)
                  200214f8    00000018     middleware.a : rtc_hal.obj (.text:get_value)
                  20021510    00000018     rtsv7M4_T_le_eabi.lib : args_main.obj (.text)
                  20021528    00000018                           : strcmp.obj (.text)
                  20021540    00000016     driverlib.a : camera.obj (.text:CameraDMAEnable)
                  20021556    00000016                 : camera.obj (.text:CameraIntRegister)
                  2002156c    00000016                 : i2c.obj (.text:I2CMasterDataPut)
                  20021582    00000016                 : i2c.obj (.text:I2CMasterEnable)
                  20021598    00000016                 : prcm.obj (.text:PRCMHIBRegRead)
                  200215ae    00000016                 : prcm.obj (.text:PRCMHIBRegWrite)
                  200215c4    00000016                 : wdt.obj (.text:WatchdogEnable)
                  200215da    00000016     simplelink.a : driver.obj (.text:_SlDrvMemZero)
                  200215f0    00000016     rtsv7M4_T_le_eabi.lib : strchr.obj (.text)
                  20021606    00000014     driverlib.a : cpu.obj (.text:CPUcpsie)
                  2002161a    00000002     --HOLE-- [fill = 0]
                  2002161c    00000014                 : interrupt.obj (.text:IntVTableBaseSet)
                  20021630    00000014     LED_timer.obj (.text:LEDTimer_Stop)
                  20021644    00000014     mt9d111.obj (.text:SetShutterWidth)
                  20021658    00000014     rtsv7M4_T_le_eabi.lib : _lock.obj (.text)
                  2002166c    00000014                           : strcpy.obj (.text)
                  20021680    00000014                           : strlen.obj (.text)
                  20021694    00000014     driverlib.a : udma.obj (.text:uDMAControlBaseSet)
                  200216a8    00000014                 : udma.obj (.text:uDMAIntClear)
                  200216bc    00000012                 : i2c.obj (.text:I2CMasterControl)
                  200216ce    00000012                 : i2c.obj (.text:I2CMasterIntClearEx)
                  200216e0    00000012                 : i2c.obj (.text:I2CMasterTimeoutSet)
                  200216f2    00000012                 : timer.obj (.text:TimerIntClear)
                  20021704    00000012                 : wdt.obj (.text:WatchdogReloadSet)
                  20021716    00000002     --HOLE-- [fill = 0]
                  20021718    00000010                 : prcm.obj (.text:PRCMSOCReset)
                  20021728    00000010                 : prcm.obj (.text:RTCU32SecRegRead)
                  20021738    00000010     simplelink.a : socket.obj (.text:SL_FD_ZERO)
                  20021748    00000010     timer_if.obj (.text:Timer_IF_Stop)
                  20021758    00000010     driverlib.a : wdt.obj (.text:WatchdogIntClear)
                  20021768    00000010     cc3200_socket.obj (.text:socketClose)
                  20021778    0000000e     driverlib.a : i2c.obj (.text:I2CMasterDataGet)
                  20021786    0000000e     simplelink.a : driver.obj (.text:_SlDrvResetCmdExt)
                  20021794    0000000e     rtsv7M4_T_le_eabi.lib : copy_decompress_none.obj (.text:decompress:none)
                  200217a2    0000000c     udma_if.obj (.text:DmaErrorIntHandler)
                  200217ae    00000002     --HOLE-- [fill = 0]
                  200217b0    0000000c     simplelink.a : cc_pal.obj (.text:NwpMaskInterrupt)
                  200217bc    0000000c                  : cc_pal.obj (.text:NwpUnMaskInterrupt)
                  200217c8    0000000c     middleware.a : rtc_hal.obj (.text:cc_rtc_get)
                  200217d4    0000000c     rtsv7M4_T_le_eabi.lib : copy_zero_init.obj (.text:decompress:ZI)
                  200217e0    0000000c     parse_impl.obj (.text:getInternalClient)
                  200217ec    0000000c     simplelink.a : wlan.obj (.text:sl_WlanDisconnect)
                  200217f8    0000000c     driverlib.a : udma.obj (.text:uDMAEnable)
                  20021804    0000000c                 : udma.obj (.text:uDMAIntStatus)
                  20021810    0000000a                 : interrupt.obj (.text:IntMasterEnable)
                  2002181a    0000000a     main.obj (.text:vApplicationStackOverflowHook)
                  20021824    00000008     hibernate_related_fns.obj (.text:sensorsTriggerSetup)
                  2002182c    00000006     i2cconfig.obj (.text:MT9D111Delay)
                  20021832    00000006     startup_ccs.obj (.text:ResetISR)
                  20021838    00000006     driverlib.a : utils.obj (.text:UtilsDelay)
                  2002183e    00000006     rtsv7M4_T_le_eabi.lib : copy_decompress_rle.obj (.text:decompress:rle24)
                  20021844    00000006                           : logf.obj (.text)
                  2002184a    00000006                           : sinf.obj (.text)
                  20021850    00000004                           : error.obj (.text)
                  20021854    00000004                           : pre_init.obj (.text)

.const     0    20021858    000012b9     
                  20021858    00000170     mt9d111.obj (.const:capture_cmds_list)
                  200219c8    00000140     mt9d111.obj (.const:init_cmds_list)
                  20021b08    00000101     rtsv7M4_T_le_eabi.lib : ctype.obj (.const:.string:_ctypes_)
                  20021c09    00000003     --HOLE-- [fill = 0]
                  20021c0c    00000100     driverlib.a : pin.obj (.const:g_ulPinToPadMap)
                  20021d0c    000000d8     mt9d111.obj (.const)
                  20021de4    000000d4     driverlib.a : interrupt.obj (.const:g_pulRegs)
                  20021eb8    000000b0     simplelink.a : wlan.obj (.const:$P$T0$1)
                  20021f68    000000a8     driverlib.a : prcm.obj (.const:PRCM_PeriphRegsList)
                  20022010    000000a4     mt9d111.obj (.const:$P$T2$3)
                  200220b4    0000009e     mt9d111.obj (.const:.string)
                  20022152    00000088     network_relater_fns.obj (.const:.string)
                  200221da    00000085     lightSens_isl29035.obj (.const:.string)
                  2002225f    00000081     parse_uploads.obj (.const:.string)
                  200222e0    00000080     driverlib.a : interrupt.obj (.const)
                  20022360    0000007a     camera_app.obj (.const:.string)
                  200223da    00000074     user_configure_fn.obj (.const:.string)
                  2002244e    00000069     accelomtrMagntomtr_fxos8700.obj (.const:.string)
                  200224b7    00000001     --HOLE-- [fill = 0]
                  200224b8    00000068     mt9d111.obj (.const:$P$T17$18)
                  20022520    00000068     appFns_BatteryLevelSense.obj (.const:V2CEntry$1)
                  20022588    00000054     mt9d111.obj (.const:$P$T23$24)
                  200225dc    0000004c     mt9d111.obj (.const:$P$T6$7)
                  20022628    0000004b     tempRHSens_si7020.obj (.const:.string)
                  20022673    0000003c     i2c_app.obj (.const:.string)
                  200226af    00000001     --HOLE-- [fill = 0]
                  200226b0    0000003c     simplelink.a : driver.obj (.const:OpcodeTranslateTable)
                  200226ec    0000003c                  : wlan.obj (.const)
                  20022728    00000038                  : driver.obj (.const:_SlActionLookupTable)
                  20022760    00000038     rtsv7M4_T_le_eabi.lib : xflog.obj (.const)
                  20022798    00000038     simplelink.a : fs.obj (.const)
                  200227d0    00000036     flash_files.obj (.const:.string)
                  20022806    00000002     --HOLE-- [fill = 0]
                  20022808    00000034     rtsv7M4_T_le_eabi.lib : xfatan.obj (.const)
                  2002283c    00000034     simplelink.a : driver.obj (.const)
                  20022870    00000034                  : socket.obj (.const)
                  200228a4    0000002c     network_relater_fns.obj (.const:$P$T1$2)
                  200228d0    0000002c     mt9d111.obj (.const:$P$T19$20)
                  200228fc    00000029     network_relater_fns.obj (.const)
                  20022925    00000003     --HOLE-- [fill = 0]
                  20022928    00000028     rtsv7M4_T_le_eabi.lib : xfdint.obj (.const)
                  20022950    00000028                           : xfsin.obj (.const)
                  20022978    00000028     simplelink.a : netapp.obj (.const)
                  200229a0    00000024     network_relater_fns.obj (.const:g_acMonthOfYear)
                  200229c4    00000023     batteryVoltLvlSens_adc081c021.obj (.const:.string:$P$T0$1)
                  200229e7    00000023     parse_uploads.obj (.const:.string:$P$T5$6)
                  20022a0a    00000022     network_relater_fns.obj (.const:.string:$P$T0$1)
                  20022a2c    0000001c     rtsv7M4_T_le_eabi.lib : tanf.obj (.const)
                  20022a48    0000001c                           : xfexp.obj (.const)
                  20022a64    00000018     driverlib.a : spi.obj (.const)
                  20022a7c    00000017     request.obj (.const:.string)
                  20022a93    00000016     appFns_LightSensor.obj (.const:.string)
                  20022aa9    00000001     --HOLE-- [fill = 0]
                  20022aaa    00000014     simplelink.a : device.obj (.const)
                  20022abe    00000013     SendObject_ToParse.obj (.const:.string)
                  20022ad1    00000010     simplelink.a : socket.obj (.const:.string)
                  20022ae1    0000000f     application_fn.obj (.const:.string)
                  20022af0    0000000b     app_common.obj (.const:.string)
                  20022afb    00000008     simplelink.a : device.obj (.const:.string)
                  20022b03    00000001     --HOLE-- [fill = 0]
                  20022b04    00000008                  : netcfg.obj (.const)
                  20022b0c    00000005     main.obj (.const:.string)

.cinit     0    20022b18    00000598     
                  20022b18    0000056d     (.cinit..data.load) [load image, compression = rle]
                  20023085    00000003     --HOLE-- [fill = 0]
                  20023088    0000000c     (__TI_handler_table)
                  20023094    00000004     --HOLE-- [fill = 0]
                  20023098    00000008     (.cinit..bss.load) [load image, compression = zero_init]
                  200230a0    00000010     (__TI_cinit_table)

.init_array 
*          0    20004000    00000000     UNINITIALIZED

.bss       0    20023c00    00017094     UNINITIALIZED
                  20023c00    00014000     main.obj (.bss:g_image_buffer)
                  20037c00    00000b58     tasks.obj (.bss:thisMagBuffer)
                  20038758    000005a0     ota.a : OtaHttp.obj (.bss:recv_buf)
                  20038cf8    0000044c           : OtaClient.obj (.bss:g_OtaCheckUpdateResponse)
                  20039144    00000418     user_configure_fn.obj (.bss:thisMagCal)
                  2003955c    00000240     ota.obj (.bss:g_otaOptServerInfo)
                  2003979c    00000058     tasks.obj (.bss:thisMag)
                  200397f4    0000000c     (.common:g_SecParams)
                  20039800    00000400     udma_if.obj (.bss:gpCtlTbl)
                  20039c00    000003d8     ota.a : OtaClient.obj (.bss:g_OtaFileMetadata)
                  20039fd8    00000200           : OtaHttp.obj (.bss:send_buf)
                  2003a1d8    00000178     simplelink.a : driver.obj (.bss:g_StatMem)
                  2003a350    00000120     rtsv7M4_T_le_eabi.lib : trgmsg.obj (.bss:__CIOBUF_)
                  2003a470    00000100     udma_if.obj (.bss:gfpAppCallbackHndl)
                  2003a570    000000c8     free_rtos.a : tasks.obj (.bss:pxReadyTasksLists)
                  2003a638    000000ac     tasks.obj (.bss:thisSV_6DOF_GB_BASIC)
                  2003a6e4    000000a0     rtsv7M4_T_le_eabi.lib : defs.obj (.bss:__TI_tmpnams)
                  2003a784    00000074     ota.a : CdnClient.obj (.bss:g_CdnClient)
                  2003a7f8    00000050     simplelink.a : cc_pal.obj (.bss:g_ucDinDout)
                  2003a848    00000050     free_rtos.a : queue.obj (.bss:xQueueRegistry)
                  2003a898    0000004c     ota.a : OtaApp.obj (.bss:g_OtaApp)
                  2003a8e4    0000004c           : OtaApp.obj (.bss:g_OtaApp_statistics)
                  2003a930    00000040     network_relater_fns.obj (.bss:g_TimeData)
                  2003a970    00000034     cc3200_client_state.obj (.bss:clientStateFileName)
                  2003a9a4    00000034     main.obj (.bss:g_cWlanSecurityKey)
                  2003a9d8    00000034     tasks.obj (.bss:thisAccel)
                  2003aa0c    00000024     ota.a : OtaClient.obj (.bss:g_OtaClient)
                  2003aa30    00000024     main.obj (.bss:g_cWlanSSID)
                  2003aa54    00000024     main.obj (.bss:g_ucConnectionSSID)
                  2003aa78    0000001c     rtsv7M4_T_le_eabi.lib : vla_alloc.obj (.bss)
                  2003aa94    00000014     (.common:g_FlcSflashCb)
                  2003aaa8    00000014     (.common:g_flag_blockFull)
                  2003aabc    00000014     (.common:xDelayedTaskList1)
                  2003aad0    00000014     (.common:xDelayedTaskList2)
                  2003aae4    00000014     (.common:xPendingReadyList)
                  2003aaf8    00000014     (.common:xSuspendedTaskList)
                  2003ab0c    00000014     (.common:xTasksWaitingTermination)
                  2003ab20    00000010     (.common:ang_buf)
                  2003ab30    00000010     (.common:g_cResponseObjectID)
                  2003ab40    00000010     (.common:globals)
                  2003ab50    00000010     (.common:mqxglobals)
                  2003ab60    00000008     (.common:g_Gain)
                  2003ab68    00000008     (.common:g_LogClient)
                  2003ab70    00000008     (.common:g_Struct_TimeStamp_MaxAngle)
                  2003ab78    00000008     (.common:g_Struct_TimeStamp_MinAngle)
                  2003ab80    00000008     (.common:g_Struct_TimeStamp_OpenAngle)
                  2003ab88    00000008     (.common:g_Struct_TimeStamp_SnapAngle)
                  2003ab90    00000008     (.common:g_TimeStamp_CamUp)
                  2003ab98    00000008     (.common:g_TimeStamp_DoorClosed)
                  2003aba0    00000008     (.common:g_TimeStamp_MaxAngle)
                  2003aba8    00000008     (.common:g_TimeStamp_MinAngle)
                  2003abb0    00000008     (.common:g_TimeStamp_NWPUp)
                  2003abb8    00000008     (.common:g_TimeStamp_OpenAngle)
                  2003abc0    00000008     (.common:g_TimeStamp_PhotoSnap)
                  2003abc8    00000008     (.common:g_TimeStamp_PhotoUploaded)
                  2003abd0    00000008     (.common:g_TimeStamp_SnapAngle)
                  2003abd8    00000008     (.common:g_TimeStamp_cc3200Up)
                  2003abe0    00000008     (.common:g_ucConnectionBSSID)
                  2003abe8    00000008     (.common:parmbuf)
                  2003abf0    00000008     (.common:sBootInfo)
                  2003abf8    00000004     (.common:DMAMsgQ)
                  2003abfc    00000004     (.common:Elapsed_100MilliSecs)
                  2003ac00    00000004     (.common:Elapsed_1Secs)
                  2003ac04    00000004     (.common:__Errorlog)
                  2003ac08    00000004     (.common:angle_avg)
                  2003ac0c    00000004     (.common:dataBuffer)
                  2003ac10    00000004     (.common:g_angleOffset_to180)
                  2003ac14    00000004     (.common:g_block_lastFilled)
                  2003ac18    00000004     (.common:g_cDummy)
                  2003ac1c    00000004     (.common:g_cWlanSecurityType)
                  2003ac20    00000004     (.common:g_fBatteryVolt_atEnd)
                  2003ac24    00000004     (.common:g_fBatteryVolt_atStart)
                  2003ac28    00000004     (.common:g_frame_size_in_bytes)
                  2003ac2c    00000004     (.common:g_position_in_block)
                  2003ac30    00000004     (.common:g_readHeader)
                  2003ac34    00000004     (.common:g_total_dma_intrpts)
                  2003ac38    00000004     (.common:g_ulAppStatus)
                  2003ac3c    00000004     (.common:g_ulAppTimeout_ms)
                  2003ac40    00000004     (.common:g_ulReloadVal)
                  2003ac44    00000004     (.common:g_ulSimplelinkStatus)
                  2003ac48    00000004     (.common:g_ulWatchdogCycles)
                  2003ac4c    00000004     (.common:gdoor_40deg_angle)
                  2003ac50    00000004     (.common:gdoor_90deg_angle)
                  2003ac54    00000004     (.common:gdoor_OpenDeg_angle)
                  2003ac58    00000004     (.common:pvOtaApp)
                  2003ac5c    00000004     (.common:pxDelayedTaskList)
                  2003ac60    00000004     (.common:pxOverflowDelayedTaskList)
                  2003ac64    00000002     (.common:g_RawMaxAngle)
                  2003ac66    00000002     (.common:g_RawMinAngle)
                  2003ac68    00000002     (.common:g_fMaxAngle)
                  2003ac6a    00000002     (.common:g_fMinAngle)
                  2003ac6c    00000001     (.common:RxIrqCnt)
                  2003ac6d    00000001     (.common:avg_buffer_cnt)
                  2003ac6e    00000001     (.common:captureTimeout_Flag)
                  2003ac6f    00000001     (.common:checkForLight_Flag)
                  2003ac70    00000001     (.common:cnt_LED_Timer)
                  2003ac71    00000001     (.common:doPeriodicAction_flag)
                  2003ac72    00000001     (.common:g_BlinkCount)
                  2003ac73    00000001     (.common:g_I2CPeripheral_inUse_Flag)
                  2003ac74    00000001     (.common:g_NoOfBlinks)
                  2003ac75    00000001     (.common:g_OffTime)
                  2003ac76    00000001     (.common:g_OnTime)
                  2003ac77    00000001     (.common:g_PhoneConnected_ToCC3200AP_flag)
                  2003ac78    00000001     (.common:g_Task1_Notification)
                  2003ac79    00000001     (.common:g_Task3_Notification)
                  2003ac7a    00000001     (.common:g_collect_timestamp)
                  2003ac7b    00000001     (.common:g_dma_txn_done)
                  2003ac7c    00000001     (.common:g_flag_DataBlockFilled)
                  2003ac7d    00000001     (.common:g_flag_door_closing_45degree)
                  2003ac7e    00000001     (.common:g_frame_end)
                  2003ac7f    00000001     (.common:g_ucAWBOff)
                  2003ac80    00000001     (.common:g_ucAWBOn)
                  2003ac81    00000001     (.common:g_ucAction)
                  2003ac82    00000001     (.common:g_ucActionButton)
                  2003ac83    00000001     (.common:g_ucAngle40)
                  2003ac84    00000001     (.common:g_ucAngle90)
                  2003ac85    00000001     (.common:g_ucCalibration)
                  2003ac86    00000001     (.common:g_ucConfig)
                  2003ac87    00000001     (.common:g_ucExitButton)
                  2003ac88    00000001     (.common:g_ucFeedWatchdog)
                  2003ac89    00000001     (.common:g_ucMagCalb)
                  2003ac8a    00000001     (.common:g_ucPreviewStart)
                  2003ac8b    00000001     (.common:g_ucPreviewStop)
                  2003ac8c    00000001     (.common:g_ucProfileAdded)
                  2003ac8d    00000001     (.common:g_ucPushButtonPressedTwice)
                  2003ac8e    00000001     (.common:g_ucReasonForFailure)
                  2003ac8f    00000001     (.common:g_ucSAVE)
                  2003ac90    00000001     (.common:iDone)
                  2003ac91    00000001     (.common:isitfirsttime)
                  2003ac92    00000001     (.common:print_count)
                  2003ac93    00000001     (.common:valid_case)

.TI.noinit 
*          0    20023c00    00000000     UNINITIALIZED

.sysmem    0    2003ac98    00005000     UNINITIALIZED
                  2003ac98    00000008     rtsv7M4_T_le_eabi.lib : memory.obj (.sysmem)
                  2003aca0    00004ff8     --HOLE--


LINKER GENERATED COPY TABLES

__TI_cinit_table @ 200230a0 records: 2, size/record: 8, table size: 16
	.data: load addr=20022b18, load size=0000056d bytes, run addr=20000000, run size=000009c8 bytes, compression=rle
	.bss: load addr=20023098, load size=00000008 bytes, run addr=20023c00, run size=00017094 bytes, compression=zero_init


LINKER GENERATED HANDLER TABLE

__TI_handler_table @ 20023088 records: 3, size/record: 4, table size: 12
	index: 0, handler: __TI_decompress_rle24
	index: 1, handler: __TI_decompress_none
	index: 2, handler: __TI_zero_init


GLOBAL SYMBOLS: SORTED ALPHABETICALLY BY Name 

address   name                                  
-------   ----                                  
2001bc55  Add_NumberField_ToJSONString          
20021125  ApplyAccelHAL                         
20020895  ApplyMagHAL                           
2001fb39  C$$EXIT                               
2001e39f  C$$IO$$                               
2001e839  CCMRegs_Read                          
20021607  CPUcpsie                              
200141fd  Calculate_DoorOpenThresholdAngle      
20012bf1  Calculate_TrueMinMaxAngles            
2001dbed  CamControllerInit                     
20020e61  CameraCaptureStart                    
20020059  CameraCaptureStop                     
20021541  CameraDMAEnable                       
20020cd5  CameraIntClear                        
200208c1  CameraIntDisable                      
200208ed  CameraIntEnable                       
20021557  CameraIntRegister                     
20020b21  CameraIntStatus                       
20020453  CameraParamsConfig                    
20021349  CameraReset                           
20021141  CameraSensorInit                      
20020c61  CameraThresholdSet                    
20020093  CameraXClkConfig                      
2000eb8d  CaptureImage                          
200135b9  CaptureandSavePreviewImage            
2000de4b  CdnClient_CloseServer                 
2000de69  CdnClient_ConnectByUrl                
2000de19  CdnClient_Init                        
2000dce3  CdnClient_Run                         
2000dcd9  CdnClient_SetFileInfo                 
2001bced  Check_I2CDevices                      
20018e61  Check_MinMax                          
2001bd81  Config_CameraCapture                  
2001d33d  ConfigureMode                         
2000f121  ConfigureSimpleLinkToDefaultState     
200121c9  ConstructDeviceStateObject            
2000c439  ConstructGroundDataObject             
2001032d  ConstructUserConfigObject             
2001fdc3  CopyPingResultsToReport               
2003abf8  DMAMsgQ                               
2000063c  DigiCertHighAssuranceEVRootCA_der_len 
200217a3  DmaErrorIntHandler                    
20020919  DmaSpiSwIntHandler                    
2002115d  DmaSwIntHandler                       
2003abfc  Elapsed_100MilliSecs                  
2003ac00  Elapsed_1Secs                         
20019f7d  EnterStandby_mt9d111                  
2001a29d  ExitStandby_mt9d111                   
20014ee5  FXOS8700_Init                         
20016f11  FXOS8700_ReadData                     
2001fe01  Fusion_Init                           
20014c25  Fusion_Run                            
200203b1  GPIODirModeSet                        
20021379  GPIOPinRead                           
20020f4f  GPIOPinWrite                          
2000bb81  GetSNTPTime                           
20016679  GetTimeNTP                            
20019031  Get_BatteryPercent                    
2001d3b5  Get_BatteryVoltage                    
2001da2d  Get_BatteryVoltageLevel_ADC081C021    
2001c685  Get_ChromQtable                       
20018219  Get_FridgeCamID                       
2001c70d  Get_LumQtable                         
20016bed  HIBernate                             
2000eb45  HOSTclock                             
2000eb0d  HOSTclose                             
2000eacf  HOSTgetenv                            
2000ea73  HOSTlseek                             
2000ea21  HOSTopen                              
2000e9d5  HOSTread                              
2000e977  HOSTrename                            
2000e93d  HOSTtime                              
2000e905  HOSTunlink                            
2000e8b9  HOSTwrite                             
2001593d  I2CBufferRead                         
200162f5  I2CBufferWrite                        
200216bd  I2CMasterControl                      
20021779  I2CMasterDataGet                      
2002156d  I2CMasterDataPut                      
20021583  I2CMasterEnable                       
20020945  I2CMasterErr                          
2001cbcd  I2CMasterInitExpClk                   
200216cf  I2CMasterIntClearEx                   
20021051  I2CMasterIntStatusEx                  
20020e83  I2CMasterSlaveAddrSet                 
200216e1  I2CMasterTimeoutSet                   
2001f0ad  I2C_IF_Open                           
2001a425  I2C_IF_Read                           
2001a7e5  I2C_IF_Write                          
20021391  ISR_periodicInterrupt_timer           
2001fc05  ImagCapture_Init                      
20013a69  ImageSensor_CaptureConfigs_Task       
20020b49  InitTerm                              
2001d4a5  InitialiseParse                       
2001b82d  InitializeUserConfigVariables         
2001b1e5  IntDisable                            
2001b28d  IntEnable                             
20020cf9  IntHandler_100mSecTimer               
20020971  IntHandler_1Sec_TimeoutTimer          
20021811  IntMasterEnable                       
2001ecad  IntPendClear                          
2001ee61  IntPrioritySet                        
20020f71  IntRegister                           
20020d1d  IntUnregister                         
2002161d  IntVTableBaseSet                      
2001b8c5  IntrptHandler_LEDTimer                
[...]
2001f87d  _SlDrvBasicCmd                        
2001f8c5  addHttpRequestLine                    
2001f90d  fatan_15deg                           
2001f955  __aeabi_d2iz                          
2001f99d  ldexp                                 
2001fa29  TimerConfigure                        
2001fa6d  UDMASetupTransfer                     
2001faf5  fxos_Calibration                      
2001fb39  C$$EXIT                               
2001fb3d  abort                                 
2001fb45  exit                                  
2001fb7d  __aeabi_d2uiz                         
2001fbc1  sl_Htonl                              
2001fc05  ImagCapture_Init                      
2001fc45  PinModeSet                            
2001fc85  Variable_Write                        
2001fcc5  getHttpResponseBody                   
2001fd05  signal                                
2001fd45  start_1Sec_TimeoutTimer               
2001fd85  strncasecmp                           
2001fdc3  CopyPingResultsToReport               
2001fe01  Fusion_Init                           
2001fe79  PRCMPeripheralClkEnable               
2001feb5  PRCMSlowClkCtrFastGet                 
2001fef1  Reg_Read                              
2001ff2d  _sl_TruncatePayloadByProtocol         
2001ff69  _c_int00                              
2001ffa5  sl_Htons                              
2001ffe1  start_100mSecTimer                    
2002001d  uDMAChannelControlSet                 
20020059  CameraCaptureStop                     
20020093  CameraXClkConfig                      
200200cd  IsLightOff                            
20020107  Reg_Write                             
20020141  fLPFScalar                            
2002017b  parseSendRequest                      
200201b5  addHttpRequestHeader                  
20020229  LEDTimer_Enable                       
20020261  NwpPowerOff                           
20020299  WDT_IF_Init                           
200202d1  pvPortMalloc                          
200202f1  vPortFree                             
20020309  __aeabi_f2d                           
20020341  __aeabi_f2iz                          
20020379  __aeabi_i2f                           
200203b1  GPIODirModeSet                        
200203e7  sl_NetAppMDNSUnRegisterService        
2002041d  beginHttpRequest                      
20020453  CameraParamsConfig                    
20020489  LEDTimer_Start                        
200204bd  PRCMPeripheralStatusGet               
200204f1  SPIFIFOLevelSet                       
20020525  getHttpResponseStatus                 
20020559  feraiseexcept                         
2002058d  __aeabi_f2uiz                         
200205c1  strstr                                
200205f5  Timer_IF_Init                         
20020627  PinTypeGPIO                           
20020659  UARTDisable                           
20020689  _SlDrvDeviceEventHandler              
200206b9  _sl_Strlen                            
20020719  strncpy                               
20020749  _Feraise                              
20020779  sl_Close                              
200207a9  sl_WlanProfileDel                     
200207d9  sl_WlanSetMode                        
20020809  __aeabi_i2d                           
20020837  raise                                 
20020865  addHttpRequestHeaderInt               
20020895  ApplyMagHAL                           
200208c1  CameraIntDisable                      
200208ed  CameraIntEnable                       
20020919  DmaSpiSwIntHandler                    
20020945  I2CMasterErr                          
20020971  IntHandler_1Sec_TimeoutTimer          
2002099d  PRCMSysResetCauseGet                  
200209c9  SoftReset_ImageSensor                 
20020a21  setDataBufferPointer                  
20020a4d  TimerLoadSet                          
20020a77  TimerPrescaleSet                      
20020aa1  _Dclass                               
20020acb  util_u64_time_add                     
20020af5  OTA_Update                            
20020b21  CameraIntStatus                       
20020b49  InitTerm                              
20020b99  Message                               
20020bc1  PRCMPeripheralClkDisable              
20020be9  strncat                               
20020c11  sl_NetAppStart                        
20020c39  sl_NetAppStop                         
20020c61  CameraThresholdSet                    
20020c87  NwpRegisterInterruptHandler           
20020cad  strncmp                               
20020cd5  CameraIntClear                        
20020cf9  IntHandler_100mSecTimer               
20020d1d  IntUnregister                         
20020d65  Timer_IF_Start                        
20020d89  UARTEnable                            
20020dad  WriteAllAEnAWBRegs                    
20020dd1  _SlDrvProtectionObjLockWaitForever    
20020df5  magnetometer_initialize               
20020e19  reload_periodicTimer                  
20020e3d  __aeabi_ui2f                          
20020e61  CameraCaptureStart                    
20020e83  I2CMasterSlaveAddrSet                 
20020ea5  SL_FD_SET                             
20020ec7  SPIReset                              
20020ee9  SPIWordCountSet                       
20020f0b  frexp                                 
20020f2d  memcmp                                
20020f4f  GPIOPinWrite                          
20020f71  IntRegister                           
20020f91  NwpPowerOn                            
20020fb1  Refresh_mt9d111Firmware               
20020fd1  Reset_byStarvingWDT                   
20020ff1  _SlDrvProtectionObjUnLock             
20021011  memchr                                
20021031  __aeabi_ui2d                          
20021051  I2CMasterIntStatusEx                  
2002106f  TimerDisable                          
2002108d  TimerEnable                           
200210ab  TimerIntStatus                        
200210c9  UARTCharPut                           
20021105  strcat                                
20021125  ApplyAccelHAL                         
20021141  CameraSensorInit                      
2002115d  DmaSwIntHandler                       
20021179  PinTypeI2C                            
20021195  TimerValueGet                         
200211b1  _SlDrvObjLockWaitForever              
200211cd  _SlDrvSyncObjWaitForever              
200211e9  memccpy                               
20021205  stop_100mSecTimer                     
20021221  stop_1Sec_TimeoutTimer                
2002123d  stop_periodicInterrupt_timer          
20021259  uDMAChannelDisable                    
20021275  uDMAChannelEnable                     
20021291  vApplicationMallocFailedHook          
200212ad  PinTypeCamera                         
200212c7  PinTypeUART                           
200212e1  SPIDmaDisable                         
200212fb  SPIDmaEnable                          
20021315  SPIFIFODisable                        
2002132f  SPIFIFOEnable                         
20021349  CameraReset                           
20021379  GPIOPinRead                           
20021391  ISR_periodicInterrupt_timer           
200213a9  LED_Off                               
200213c1  LED_On                                
200213d9  PRCMHibernateEnter                    
200213f1  SPICSDisable                          
20021409  SPICSEnable                           
20021421  SPIDisable                            
20021439  SPIEnable                             
20021451  TimerIntEnable                        
20021469  Timer_IF_InterruptClear               
20021481  WatchdogStallEnable                   
20021499  WatchdogUnlock                        
200214b1  _SlDrvObjUnLock                       
200214c9  _SlDrvSyncObjSignal                   
200214e1  _sl_GetStartResponseConvert           
20021511  _args_main                            
20021529  strcmp                                
20021541  CameraDMAEnable                       
20021557  CameraIntRegister                     
2002156d  I2CMasterDataPut                      
20021583  I2CMasterEnable                       
20021599  PRCMHIBRegRead                        
200215af  PRCMHIBRegWrite                       
200215c5  WatchdogEnable                        
200215db  _SlDrvMemZero                         
200215f1  strchr                                
20021607  CPUcpsie                              
2002161d  IntVTableBaseSet                      
20021631  LEDTimer_Stop                         
20021645  SetShutterWidth                       
20021659  _register_unlock                      
2002165f  _register_lock                        
20021667  _nop                                  
2002166d  strcpy                                
20021681  strlen                                
20021695  uDMAControlBaseSet                    
200216a9  uDMAIntClear                          
200216bd  I2CMasterControl                      
200216cf  I2CMasterIntClearEx                   
200216e1  I2CMasterTimeoutSet                   
200216f3  TimerIntClear                         
20021705  WatchdogReloadSet                     
20021719  PRCMSOCReset                          
20021739  SL_FD_ZERO                            
20021749  Timer_IF_Stop                         
20021759  WatchdogIntClear                      
20021769  socketClose                           
20021779  I2CMasterDataGet                      
20021787  _SlDrvResetCmdExt                     
20021795  __TI_decompress_none                  
200217a3  DmaErrorIntHandler                    
200217b1  NwpMaskInterrupt                      
200217bd  NwpUnMaskInterrupt                    
200217c9  cc_rtc_get                            
200217d5  __TI_zero_init                        
200217e1  getInternalClient                     
200217ed  sl_WlanDisconnect                     
200217f9  uDMAEnable                            
20021805  uDMAIntStatus                         
20021811  IntMasterEnable                       
2002181b  vApplicationStackOverflowHook         
20021825  sensorsTriggerSetup                   
2002182d  MT9D111Delay                          
20021833  ResetISR                              
20021839  UtilsDelay                            
2002183f  __TI_decompress_rle24                 
20021845  logf                                  
2002184b  sinf                                  
20021851  __abort_execution                     
20021855  _system_pre_init                      
20021b08  _ctypes_                              
20022152  g_acSNTPserver                        
20022170  g_acNumOfDaysPerMonth                 
2002217c  g_acDigits                            
200226b0  OpcodeTranslateTable                  
200226ec  _SlPolicySetCmdCtrl                   
200226f0  _SlPolicyGetCmdCtrl                   
200226f4  _SlProfileGetCmdCtrl                  
200226f8  _SlProfileDelCmdCtrl                  
200226fc  _SlWlanGetNetworkListCtrl             
20022700  _SlRxFilterAddtCmdCtrl                
20022704  _SlRxFilterSetCmdCtrl                 
20022708  _SlRxFilterGetCmdCtrl                 
2002270c  _SlSmartConfigStartCmdCtrl            
20022710  _SlWlanSetModeCmdCtrl                 
20022714  _SlWlanCfgSetCmdCtrl                  
20022718  _SlWlanCfgGetCmdCtrl                  
20022728  _SlActionLookupTable                  
20022798  _SlFsOpenCmdCtrl                      
2002279c  _SlFsCloseCmdCtrl                     
200227a0  _SlFsReadCmdCtrl                      
200227a4  _SlFsWriteCmdCtrl                     
200227a8  _SlFsGetInfoCmdCtrl                   
200227ac  _SlFsDeleteCmdCtrl                    
2002283c  g_H2NSyncPattern                      
20022844  g_H2NCnysPattern                      
2002284c  RxMsgClassLUT                         
20022870  _SlSockSocketCmdCtrl                  
20022874  _SlSockCloseCmdCtrl                   
20022878  _SlRecvfomCmdCtrl                     
2002287c  _SlSendCmdCtrl                        
20022880  _SlListenCmdCtrl                      
20022884  _SlAcceptCmdCtrl                      
20022888  _SlRecvCmdCtrl                        
2002288c  _SlSetSockOptCmdCtrl                  
20022890  _SlGetSockOptCmdCtrl                  
20022894  _SlSelectCmdCtrl                      
200228fc  g_acDaysOfWeek2013                    
20022978  _SlNetAppStartCtrl                    
2002297c  _SlNetAppStopCtrl                     
20022980  _SlGetServiceListeCtrl                
20022984  _SlRegisterServiceCtrl                
20022988  _SlGetHostByServiceCtrl               
2002298c  _SlGetHostByNameCtrl                  
20022990  _SlNetAppSetCmdCtrl                   
20022994  _SlNetAppSendTokenValueCmdCtrl        
20022998  _SlNetAppGetCmdCtrl                   
200229a0  g_acMonthOfYear                       
20022a7c  g_deviceClientVersion                 
20022aaa  _SlStopCmdCtrl                        
20022aae  _SlEventMaskSetCmdCtrl                
20022ab2  _SlEventMaskGetCmdCtrl                
20022ab6  _SlDeviceGetCmdCtrl                   
20022aba  _SlDeviceSetCmdCtrl                   
20022ad1  _SlPayloadByProtocolLUT               
20022af0  pcDigits                              
20022afb  StartResponseLUT                      
20022b04  _SlNetCfgSetCmdCtrl                   
20022b08  _SlNetCfgGetCmdCtrl                   
20022b18  __TI_static_base__                    
20023088  __TI_Handler_Table_Base               
20023094  __TI_Handler_Table_Limit              
200230a0  __TI_CINIT_Base                       
200230b0  __TI_CINIT_Limit                      
20023c00  g_image_buffer                        
20037c00  thisMagBuffer                         
20038cf8  g_OtaCheckUpdateResponse              
20039144  thisMagCal                            
2003979c  thisMag                               
200397f4  g_SecParams                           
20039800  gpCtlTbl                              
20039c00  g_OtaFileMetadata                     
2003a1d8  g_StatMem                             
2003a350  __CIOBUF_                             
2003a470  gfpAppCallbackHndl                    
2003a638  thisSV_6DOF_GB_BASIC                  
2003a6e4  __TI_tmpnams                          
2003a784  g_CdnClient                           
2003a7f8  g_ucDinDout                           
2003a848  xQueueRegistry                        
2003a898  g_OtaApp                              
2003a8e4  g_OtaApp_statistics                   
2003a930  g_TimeData                            
2003a970  clientStateFileName                   
2003a9a4  g_cWlanSecurityKey                    
2003a9d8  thisAccel                             
2003aa0c  g_OtaClient                           
2003aa30  g_cWlanSSID                           
2003aa54  g_ucConnectionSSID                    
2003aa94  g_FlcSflashCb                         
2003aaa8  g_flag_blockFull                      
2003ab20  ang_buf                               
2003ab30  g_cResponseObjectID                   
2003ab40  globals                               
2003ab50  mqxglobals                            
2003ab60  g_Gain                                
2003ab68  g_LogClient                           
2003ab70  g_Struct_TimeStamp_MaxAngle           
2003ab78  g_Struct_TimeStamp_MinAngle           
2003ab80  g_Struct_TimeStamp_OpenAngle          
2003ab88  g_Struct_TimeStamp_SnapAngle          
2003ab90  g_TimeStamp_CamUp                     
2003ab98  g_TimeStamp_DoorClosed                
2003aba0  g_TimeStamp_MaxAngle                  
2003aba8  g_TimeStamp_MinAngle                  
2003abb0  g_TimeStamp_NWPUp                     
2003abb8  g_TimeStamp_OpenAngle                 
2003abc0  g_TimeStamp_PhotoSnap                 
2003abc8  g_TimeStamp_PhotoUploaded             
2003abd0  g_TimeStamp_SnapAngle                 
2003abd8  g_TimeStamp_cc3200Up                  
2003abe0  g_ucConnectionBSSID                   
2003abf8  DMAMsgQ                               
2003abfc  Elapsed_100MilliSecs                  
2003ac00  Elapsed_1Secs                         
2003ac08  angle_avg                             
2003ac0c  dataBuffer                            
2003ac10  g_angleOffset_to180                   
2003ac14  g_block_lastFilled                    
2003ac18  g_cDummy                              
2003ac1c  g_cWlanSecurityType                   
2003ac20  g_fBatteryVolt_atEnd                  
2003ac24  g_fBatteryVolt_atStart                
2003ac28  g_frame_size_in_bytes                 
2003ac2c  g_position_in_block                   
2003ac30  g_readHeader                          
2003ac38  g_ulAppStatus                         
2003ac3c  g_ulAppTimeout_ms                     
2003ac40  g_ulReloadVal                         
2003ac44  g_ulSimplelinkStatus                  
2003ac48  g_ulWatchdogCycles                    
2003ac4c  gdoor_40deg_angle                     
2003ac50  gdoor_90deg_angle                     
2003ac54  gdoor_OpenDeg_angle                   
2003ac64  g_RawMaxAngle                         
2003ac66  g_RawMinAngle                         
2003ac68  g_fMaxAngle                           
2003ac6a  g_fMinAngle                           
2003ac6c  RxIrqCnt                              
2003ac6d  avg_buffer_cnt                        
2003ac6e  captureTimeout_Flag                   
2003ac6f  checkForLight_Flag                    
2003ac70  cnt_LED_Timer                         
2003ac71  doPeriodicAction_flag                 
2003ac72  g_BlinkCount                          
2003ac73  g_I2CPeripheral_inUse_Flag            
2003ac74  g_NoOfBlinks                          
2003ac75  g_OffTime                             
2003ac76  g_OnTime                              
2003ac77  g_PhoneConnected_ToCC3200AP_flag      
2003ac78  g_Task1_Notification                  
2003ac79  g_Task3_Notification                  
2003ac7a  g_collect_timestamp                   
2003ac7c  g_flag_DataBlockFilled                
2003ac7d  g_flag_door_closing_45degree          
2003ac7e  g_frame_end                           
2003ac7f  g_ucAWBOff                            
2003ac80  g_ucAWBOn                             
2003ac81  g_ucAction                            
2003ac82  g_ucActionButton                      
2003ac83  g_ucAngle40                           
2003ac84  g_ucAngle90                           
2003ac85  g_ucCalibration                       
2003ac86  g_ucConfig                            
2003ac87  g_ucExitButton                        
2003ac88  g_ucFeedWatchdog                      
2003ac89  g_ucMagCalb                           
2003ac8a  g_ucPreviewStart                      
2003ac8b  g_ucPreviewStop                       
2003ac8c  g_ucProfileAdded                      
2003ac8d  g_ucPushButtonPressedTwice            
2003ac8e  g_ucReasonForFailure                  
2003ac8f  g_ucSAVE                              
2003ac90  iDone                                 
2003ac91  isitfirsttime                         
2003ac92  print_count                           
2003ac93  valid_case                            
2003ac98  _sys_memory                           
ffffffff  __binit__                             
ffffffff  __c_args__                            
ffffffff  binit                                 
UNDEFED   SHT$$INIT_ARRAY$$Base                 
UNDEFED   SHT$$INIT_ARRAY$$Limit                

[990 symbols]
