******************************************************************************
                  TI ARM Linker PC v5.2.2                      
******************************************************************************
>> Linked Fri Aug 28 17:31:25 2015

OUTPUT FILE NAME:   <ULP_SEC_CAM.out>
ENTRY POINT SYMBOL: "_c_int00"  address: 2001ff81


MEMORY CONFIGURATION

         name            origin    length      used     unused   attr    fill
----------------------  --------  ---------  --------  --------  ----  --------
  SRAM_BOOTLDR          20000000   00004000  000029c8  00001638  RW X
  SRAM_CODE             20004000   0001fc00  0001f0d5  00000b2b  RW X
  SRAM_DATA             20023c00   0001c400  0001c094  0000036c  RW X


SEGMENT ALLOCATION MAP

run origin  load origin   length   init length attrs members
----------  ----------- ---------- ----------- ----- -------
20000000    20000000    000009c8   00000000    rw-
  20000000    20000000    000009c8   00000000    rw- .data
20002000    20002000    00002000   00000000    rw-
  20002000    20002000    00002000   00000000    rw- .stack
20004000    20004000    0001f0d8   0001f0d8    r-x
  20004000    20004000    00000400   00000400    r-- .intvecs
  20004400    20004400    0001d484   0001d484    r-x .text
  20021884    20021884    000012b9   000012b9    r-- .const
  20022b40    20022b40    00000598   00000598    r-- .cinit
20023c00    20023c00    0001c098   00000000    rw-
  20023c00    20023c00    00017094   00000000    rw- .bss
  2003ac98    2003ac98    00005000   00000000    rw- .sysmem


SECTION ALLOCATION MAP

 output                                  attributes/
section   page    origin      length       input sections
--------  ----  ----------  ----------   ----------------
.data      0    20000000    000009c8     UNINITIALIZED
                  20000000    000003c9     cc3200_certificate.obj (.data:DigiCertHighAssuranceEVRootCA_der)
                  200003c9    00000001     tasks.obj (.data)
                  200003ca    00000002     --HOLE--
                  200003cc    000000f0     rtsv7M4_T_le_eabi.lib : defs.obj (.data:_ftable)
                  200004bc    000000d0                           : lowlev.obj (.data)
                  2000058c    000000b0                           : signal.obj (.data:sigtable)
                  2000063c    00000004     cc3200_certificate.obj (.data)
                  20000640    00000080     rtsv7M4_T_le_eabi.lib : xvalues.obj (.data)
                  200006c0    00000068                           : xfvalues.obj (.data)
                  20000728    00000064     network_relater_fns.obj (.data:Token)
                  2000078c    00000064     network_relater_fns.obj (.data:Value)
                  200007f0    00000040     jpeg.obj (.data:JPEG_StdQuantTblC)
                  20000830    00000040     jpeg.obj (.data:JPEG_StdQuantTblY)
                  20000870    00000040     jpeg.obj (.data:zigzag)
                  200008b0    00000034     free_rtos.a : tasks.obj (.data)
                  200008e4    00000024     main.obj (.data)
                  20000908    00000018     cc3200_utils.obj (.data)
                  20000920    00000018     request.obj (.data)
                  20000938    00000010     rtsv7M4_T_le_eabi.lib : defs.obj (.data)
                  20000948    0000000c     camera_app.obj (.data)
                  20000954    0000000c     free_rtos.a : osi_freertos.obj (.data)
                  20000960    0000000c     rtsv7M4_T_le_eabi.lib : memory.obj (.data)
                  2000096c    00000009     simplelink.a : cc_pal.obj (.data)
                  20000975    00000003     --HOLE--
                  20000978    00000009                  : driver.obj (.data)
                  20000981    00000003     --HOLE--
                  20000984    00000008     rtsv7M4_T_le_eabi.lib : _lock.obj (.data)
                  2000098c    00000008                           : exit.obj (.data)
                  20000994    00000008                           : feraiseexcept.obj (.data)
                  2000099c    00000008     user_configure_fn.obj (.data)
                  200009a4    00000006     http.obj (.data)
                  200009aa    00000002     --HOLE--
                  200009ac    00000004     free_rtos.a : port.obj (.data)
                  200009b0    00000004     middleware.a : rtc_hal.obj (.data)
                  200009b4    00000004     ota.a : OtaHttp.obj (.data)
                  200009b8    00000004     rtsv7M4_T_le_eabi.lib : errno.obj (.data)
                  200009bc    00000004                           : fopen.obj (.data)
                  200009c0    00000004                           : rand.obj (.data)
                  200009c4    00000004                           : stkdepth_vars.obj (.data)

.TI.persistent 
*          0    20000000    00000000     UNINITIALIZED

.stack     0    20002000    00002000     UNINITIALIZED
                  20002000    00002000     --HOLE--

.intvecs   0    20004000    00000400     
                  20004000    00000400     startup_ccs.obj (.intvecs)

.text      0    20004400    0001d484     
                  20004400    00001258     free_rtos.a : tasks.obj (.text)
                  20005658    000010a6     rtsv7M4_T_le_eabi.lib : _printfi.obj (.text)
                  200066fe    00000002     startup_ccs.obj (.text:BusFaultHandler)
                  20006700    00000b24     free_rtos.a : queue.obj (.text)
                  20007224    00000a08     magnetic.obj (.text:fUpdateCalibration10EIG)
                  20007c2c    00000788     magnetic.obj (.text:fUpdateCalibration4INV)
                  200083b4    00000694     magnetic.obj (.text:fUpdateCalibration7EIG)
                  20008a48    00000688     matrix.obj (.text:eigencompute)
                  200090d0    00000610     ota.a : OtaHttp.obj (.text)
                  200096e0    000005ec     simplelink.a : driver.obj (.text:_SlDrvMsgRead)
                  20009ccc    00000584     magnetic.obj (.text:iUpdateMagnetometerBuffer)
                  2000a250    00000580     network_relater_fns.obj (.text:SimpleLinkHttpServerCallback)
                  2000a7d0    00000574     user_configure_fn.obj (.text:User_Configure)
                  2000ad44    000004be     cc3200_utils.obj (.text:createNewInstallationId)
                  2000b202    00000002     driverlib.a : interrupt.obj (.text:IntDefaultHandler)
                  2000b204    000004b4     application_fn.obj (.text:application_fn)
                  2000b6b8    000004a0     network_relater_fns.obj (.text:GetSNTPTime)
                  2000bb58    0000048c     request.obj (.text:buildRequestHeaders)
                  2000bfe4    0000045c     free_rtos.a : osi_freertos.obj (.text)
                  2000c440    00000450     parse_uploads.obj (.text:ConstructGroundDataObject)
                  2000c890    00000424     ota.a : OtaClient.obj (.text)
                  2000ccb4    0000040c           : OtaApp.obj (.text)
                  2000d0c0    000003dc     rtsv7M4_T_le_eabi.lib : memory.obj (.text)
                  2000d49c    000003b8     matrix.obj (.text:fmatrixAeqInvA)
                  2000d854    00000378     rtsv7M4_T_le_eabi.lib : powf.obj (.text)
                  2000dbcc    0000035c     ota.a : CdnClient.obj (.text)
                  2000df28    00000354     orientation.obj (.text:feCompassWin8)
                  2000e27c    00000338     ota.a : LogClient.obj (.text)
                  2000e5b4    0000030c     rtsv7M4_T_le_eabi.lib : lowlev.obj (.text)
                  2000e8c0    000002d4                           : trgdrv.obj (.text)
                  2000eb94    000002d0     camera_app.obj (.text:CaptureImage)
                  2000ee64    000002c4     tasks.obj (.text:MagCal_Run)
                  2000f128    000002b0     network_relater_fns.obj (.text:ConfigureSimpleLinkToDefaultState)
                  2000f3d8    00000298     mt9d111.obj (.text:RegLstWrite)
                  2000f670    00000298     user_configure_fn.obj (.text:WiFiProvisioning)
                  2000f908    00000298     rtsv7M4_T_le_eabi.lib : vla_alloc.obj (.text)
                  2000fba0    00000294     request.obj (.text:payloadSend)
                  2000fe34    00000290     user_configure_fn.obj (.text:Get_Calibration_MagSensor)
                  200100c4    0000026e     simplejson.obj (.text:simpleJsonProcessor)
                  20010332    00000002     startup_ccs.obj (.text:IntDefaultHandler)
                  20010334    00000268     main_FXOS8700.obj (.text:angleCheck_Initializations)
                  2001059c    00000264     door_position_detection_algorithm.obj (.text:check_doorpos)
                  20010800    0000025c     parse_uploads.obj (.text:ConstructUserConfigObject)
                  20010a5c    0000025c     lightSens_isl29035.obj (.text:configureISL29035)
                  20010cb8    00000248     simplelink.a : driver.obj (.text:_SlDrvRxHdrRead)
                  20010f00    00000244                  : wlan.obj (.text:sl_WlanConnect)
                  20011144    00000220     rtsv7M4_T_le_eabi.lib : ll_div_t2.obj (.text)
                  20011364    000001f4                           : ull_div_t2.obj (.text)
                  20011558    000001d4     main.obj (.text:main)
                  2001172c    000001d0     simplelink.a : driver.obj (.text:_SlDrvReleasePoolObj)
                  200118fc    000001cc                  : driver.obj (.text:_SlDrvMsgWrite)
                  20011ac8    000001c4     rtsv7M4_T_le_eabi.lib : fopen.obj (.text)
                  20011c8c    000001c0     tasks.obj (.text:RdSensData_Run)
                  20011e4c    000001c0     magnetic.obj (.text:fInvertMagCal)
                  2001200c    000001bc     rtsv7M4_T_le_eabi.lib : xflog.obj (.text)
                  200121c8    000001b8     parse_uploads.obj (.text:ConstructDeviceStateObject)
                  20012380    000001b6     rtsv7M4_T_le_eabi.lib : fd_add_t2.obj (.text)
                  20012536    00000002     startup_ccs.obj (.text:NmiSR)
                  20012538    000001b0     user_configure_fn.obj (.text:AccessPtMode_HTTPServer_Start)
                  200126e8    000001b0     camera_app.obj (.text:CameraIntHandler)
                  20012898    000001ac     request.obj (.text:sendRequest)
                  20012a44    000001a8     door_position_detection_algorithm.obj (.text:Calculate_TrueMinMaxAngles)
                  20012bec    000001a4     orientation.obj (.text:fQuaternionFromRotationMatrix)
                  20012d90    000001a4     network_relater_fns.obj (.text:initNetwork)
                  20012f34    000001a4     cc3200_socket.obj (.text:socketSslConnect)
                  200130d8    0000019c     SendObject_ToParse.obj (.text:SendObject_ToParse)
                  20013274    0000019c     rtsv7M4_T_le_eabi.lib : xfsin.obj (.text)
                  20013410    00000198     ota.obj (.text:OTA_Run)
                  200135a8    00000190     camera_app.obj (.text:CaptureandSavePreviewImage)
                  20013738    00000190     simplelink.a : driver.obj (.text:_SlDrvWaitForPoolObj)
                  200138c8    0000018c     Task_ImageCaptureConfigs.obj (.text:ImageSensor_CaptureConfigs_Task)
                  20013a54    0000018c     network_relater_fns.obj (.text:SimpleLinkWlanEventHandler)
                  20013be0    00000188     matrix.obj (.text:f3x3matrixAeqInvSymB)
                  20013d68    00000184     parse_uploads.obj (.text:UploadFirmwareVersionObjectToParse)
                  20013eec    00000184     flc.a : flc.obj (.text)
                  20014070    00000180     orientation.obj (.text:fWin8AnglesDegFromRotationMatrix)
                  200141f0    00000178     door_position_detection_algorithm.obj (.text:Calculate_DoorOpenThresholdAngle)
                  20014368    00000178     rtsv7M4_T_le_eabi.lib : tanf.obj (.text)
                  200144e0    00000178                           : xfexp.obj (.text)
                  20014658    00000174     simplelink.a : driver.obj (.text:_SlDrvDriverCBInit)
                  200147cc    00000174     magnetic.obj (.text:fInitMagCalibration)
                  20014940    00000170     simplelink.a : driver.obj (.text:_SlFindAndSetActiveObj)
                  20014ab0    00000168     ota.obj (.text:OTAServerInfoSet)
                  20014c18    00000160     tasks.obj (.text:Fusion_Run)
                  20014d78    00000160     tempRHSens_si7020.obj (.text:getTempRH)
                  20014ed8    00000158     drivers.obj (.text:FXOS8700_Init)
                  20015030    00000158     orientation.obj (.text:qAeqAxB)
                  20015188    00000158     orientation.obj (.text:qconjgAxB)
                  200152e0    00000150     simplelink.a : cc_pal.obj (.text:spi_Open)
                  20015430    00000148     mt9d111.obj (.text:RestartSensorInJpegMode)
                  20015578    00000140     network_relater_fns.obj (.text:WiFi_Connect)
                  200156b8    0000013c     rtsv7M4_T_le_eabi.lib : fmodf.obj (.text)
                  200157f4    0000013c     simplelink.a : socket.obj (.text:sl_Select)
                  20015930    00000138     network_relater_fns.obj (.text:GetTimeNTP)
                  20015a68    00000138     i2cconfig.obj (.text:I2CBufferRead)
                  20015ba0    00000138     mt9d111.obj (.text:Register_Read)
                  20015cd8    00000138     orientation.obj (.text:fLPFOrientationQuaternion)
                  20015e10    00000138     orientation.obj (.text:fRotationMatrixFromQuaternion)
                  20015f48    00000138     i2c_app.obj (.text:i2cWriteRegisters)
                  20016080    00000136     rtsv7M4_T_le_eabi.lib : fd_div_t2.obj (.text)
                  200161b6    00000002     main.obj (.text:vApplicationIdleHook)
                  200161b8    00000134     driverlib.a : prcm.obj (.text:PRCMCC3200MCUInit)
                  200162ec    00000134     rtsv7M4_T_le_eabi.lib : fputs.obj (.text)
                  20016420    00000130     i2cconfig.obj (.text:I2CBufferWrite)
                  20016550    0000012a     free_rtos.a : list.obj (.text)
                  2001667a    00000002     --HOLE-- [fill = 0]
                  2001667c    00000128     simplelink.a : driver.obj (.text:_SlDrvDataReadOp)
                  200167a4    0000011c     mt9d111.obj (.text:SetInitialGain)
                  200168c0    00000118     simplelink.a : socket.obj (.text:sl_SendTo)
                  200169d8    00000110     free_rtos.a : port.obj (.text)
                  20016ae8    00000110     rtsv7M4_T_le_eabi.lib : xdscale.obj (.text)
                  20016bf8    0000010c     hibernate_related_fns.obj (.text:HIBernate)
                  20016d04    0000010c     flash_files.obj (.text:WriteFile_ToFlash)
                  20016e10    0000010c     simplelink.a : socket.obj (.text:sl_RecvFrom)
                  20016f1c    0000010a     drivers.obj (.text:FXOS8700_ReadData)
                  20017026    00000002     --HOLE-- [fill = 0]
                  20017028    00000108     middleware.a : rtc_hal.obj (.text:rtc_fast_domain_counter_rd)
                  20017130    00000108     simplelink.a : socket.obj (.text:sl_Connect)
                  20017238    00000108                  : socket.obj (.text:sl_Send)
                  20017340    00000104                  : driver.obj (.text:_SlDrvDataWriteOp)
                  20017444    00000104     i2c_app.obj (.text:i2cReadRegistersTwoBytes)
                  20017548    00000104     simplelink.a : netapp.obj (.text:sl_NetAppDnsGetHostByName)
                  2001764c    00000104     tempRHSens_si7020.obj (.text:verifyTempRHSensor)
                  20017750    00000100     i2c_app.obj (.text:i2cReadRegisters)
                  20017850    00000100     cc3200_client_state.obj (.text:loadClientState)
                  20017950    000000fe     simplelink.a : netapp.obj (.text:_SlDrvNetAppEventHandler)
                  20017a4e    00000002     --HOLE-- [fill = 0]
                  20017a50    000000fc     pinmux.obj (.text:PinMuxConfig)
                  20017b4c    000000fc     parse_uploads.obj (.text:UploadSensorDataToParse)
                  20017c48    000000fc     orientation.obj (.text:fqAeqNormqA)
                  20017d44    000000fc     rtsv7M4_T_le_eabi.lib : fd_mul_t2.obj (.text)
                  20017e40    000000fa                           : fs_add_t2.obj (.text)
                  20017f3a    00000002     --HOLE-- [fill = 0]
                  20017f3c    000000f8     cc3200_certificate.obj (.text:ensureCertificateFile)
                  20018034    000000f8     fusion.obj (.text:fRun_6DOF_GB_BASIC)
                  2001812c    000000f6     app_common.obj (.text:Get_FridgeCamID)
                  20018222    000000f4     mt9d111.obj (.text:SetAnalogGain)
                  20018316    000000f4     mt9d111.obj (.text:SetDigitalGain)
                  2001840a    00000002     --HOLE-- [fill = 0]
                  2001840c    000000f4     simplelink.a : driver.obj (.text:_SlDrvDriverCBDeinit)
                  20018500    000000f4     installation.obj (.text:getInstallation)
                  200185f4    000000f4     app_common.obj (.text:intToASCII)
                  200186e8    000000f4     simplelink.a : fs.obj (.text:sl_FsRead)
                  200187dc    000000f2     cc3200_socket.obj (.text:socketRead)
                  200188ce    00000002     --HOLE-- [fill = 0]
                  200188d0    000000f0     main.obj (.text:InitializeAppVariables)
                  200189c0    000000f0     Task_Main.obj (.text:Main_Task_withHibernate)
                  20018ab0    000000f0     driverlib.a : udma.obj (.text:uDMAChannelTransferSet)
                  20018ba0    000000ec     network_relater_fns.obj (.text:SimpleLinkNetAppEventHandler)
                  20018c8c    000000ec     orientation.obj (.text:fRotationVectorDegFromQuaternion)
                  20018d78    000000ec     simplelink.a : fs.obj (.text:sl_FsWrite)
                  20018e64    000000e8     door_position_detection_algorithm.obj (.text:Check_MinMax)
                  20018f4c    000000e8     lightSens_isl29035.obj (.text:verifyISL29035)
                  20019034    000000e4     appFns_BatteryLevelSense.obj (.text:Get_BatteryPercent)
                  20019118    000000e4     parse_uploads.obj (.text:UploadImageToParse)
                  200191fc    000000e0     flash_files.obj (.text:ReadFile_FromFlash)
                  200192dc    000000e0     parse_uploads.obj (.text:UploadGroundDataObjectToParse)
                  200193bc    000000e0     accelomtrMagntomtr_fxos8700.obj (.text:verifyAccelMagnSensor)
                  2001949c    000000dc     camera_app.obj (.text:Start_CameraCapture)
                  20019578    000000dc     parse_uploads.obj (.text:UploadUserConfigObjectToParse)
                  20019654    000000dc     Task_UserConfig.obj (.text:UserConfigure_Task)
                  20019730    000000dc     rtsv7M4_T_le_eabi.lib : setvbuf.obj (.text)
                  2001980c    000000dc     simplelink.a : cc_pal.obj (.text:spi_Read)
                  200198e8    000000d8     user_configure_fn.obj (.text:CollectAngle)
                  200199c0    000000d8     simplelink.a : driver.obj (.text:_SlDrvClassifyRxMsg)
                  20019a98    000000d8     rtsv7M4_T_le_eabi.lib : xfatan.obj (.text)
                  20019b70    000000d4     camera_app.obj (.text:DMAConfig)
                  20019c44    000000d4     simplelink.a : device.obj (.text:sl_Stop)
                  20019d18    000000d0     rtsv7M4_T_le_eabi.lib : xfdscale.obj (.text)
                  20019de8    000000cc     approximations.obj (.text:fatan_deg)
                  20019eb4    000000cc     rtsv7M4_T_le_eabi.lib : sqrtf.obj (.text)
                  20019f80    000000c8     mt9d111.obj (.text:EnterStandby_mt9d111)
                  2001a048    000000c8     mt9d111.obj (.text:ReadGainReg)
                  2001a110    000000c8     simplelink.a : netapp.obj (.text:_sl_HandleAsync_DnsGetHostByService)
                  2001a1d8    000000c8     rtsv7M4_T_le_eabi.lib : fflush.obj (.text)
                  2001a2a0    000000c4     mt9d111.obj (.text:ExitStandby_mt9d111)
                  2001a364    000000c4     simplelink.a : driver.obj (.text:_SlRemoveFromList)
                  2001a428    000000c0     i2c_if.obj (.text:I2C_IF_Read)
                  2001a4e8    000000c0     mt9d111.obj (.text:Read_AllRegisters)
                  2001a5a8    000000c0     network_relater_fns.obj (.text:SimpleLinkSockEventHandler)
                  2001a668    000000c0     user_configure_fn.obj (.text:WlanConnect)
                  2001a728    000000be     rtsv7M4_T_le_eabi.lib : xdnorm.obj (.text)
                  2001a7e6    00000002     --HOLE-- [fill = 0]
                  2001a7e8    000000bc     i2c_if.obj (.text:I2C_IF_Write)
                  2001a8a4    000000bc     camera_app.obj (.text:Standby_ImageSensor)
                  2001a960    000000bc     simplelink.a : driver.obj (.text:_SlDrvMsgReadCmdCtx)
                  2001aa1c    000000bc     tempRHSens_si7020.obj (.text:configureTempRHSensor)
                  2001aad8    000000bc     rtsv7M4_T_le_eabi.lib : acosf.obj (.text)
                  2001ab94    000000bc     simplelink.a : device.obj (.text:sl_Start)
                  2001ac50    000000ba     free_rtos.a : portasm.obj (.text)
                  2001ad0a    00000002     --HOLE-- [fill = 0]
                  2001ad0c    000000b8     simplelink.a : driver.obj (.text:_SlAsyncEventGenericHandler)
                  2001adc4    000000b8     installation.obj (.text:createInstallation)
                  2001ae7c    000000b4     user_configure_fn.obj (.text:SaveImageConfig)
                  2001af30    000000b4     simplelink.a : netapp.obj (.text:sl_NetAppMDNSRegisterUnregisterService)
                  2001afe4    000000ac     rtsv7M4_T_le_eabi.lib : _io_perm.obj (.text)
                  2001b090    000000ab     installation.obj (.text:getInstallationByIdCallback)
                  2001b13b    00000001     --HOLE-- [fill = 0]
                  2001b13c    000000aa     uartA1_if.obj (.text:Report)
                  2001b1e6    00000002     --HOLE-- [fill = 0]
                  2001b1e8    000000a8     driverlib.a : interrupt.obj (.text:IntDisable)
                  2001b290    000000a8                 : interrupt.obj (.text:IntEnable)
                  2001b338    000000a8     simplelink.a : netcfg.obj (.text:sl_NetCfgGet)
                  2001b3e0    000000a0     driverlib.a : spi.obj (.text:SPIConfigSetExpClk)
                  2001b480    000000a0     cc3200_socket.obj (.text:socketWrite)
                  2001b520    0000009e     matrix.obj (.text:f3x3matrixDetA)
                  2001b5be    00000002     --HOLE-- [fill = 0]
                  2001b5c0    0000009c     simplelink.a : driver.obj (.text:_SlDrvMsgReadSpawnCtx)
                  2001b65c    0000009c     approximations.obj (.text:fatan2_deg)
                  2001b6f8    0000009c     rtsv7M4_T_le_eabi.lib : memcpy_t2.obj (.text)
                  2001b794    0000009c     simplelink.a : device.obj (.text:sl_DevGet)
                  2001b830    00000098     network_relater_fns.obj (.text:InitializeUserConfigVariables)
                  2001b8c8    00000098     LED_timer.obj (.text:IntrptHandler_LEDTimer)
                  2001b960    00000098     ota.obj (.text:OTA_CommitImage)
                  2001b9f8    00000098     mt9d111.obj (.text:Verify_ImageSensor)
                  2001ba90    00000098     simplelink.a : fs.obj (.text:_sl_GetCreateFsMode)
                  2001bb28    00000098     rtsv7M4_T_le_eabi.lib : fclose.obj (.text)
                  2001bbc0    00000098                           : fputc.obj (.text)
                  2001bc58    00000096     parse_uploads.obj (.text:Add_NumberField_ToJSONString)
                  2001bcee    00000002     --HOLE-- [fill = 0]
                  2001bcf0    00000094     dbgFns.obj (.text:Check_I2CDevices)
                  2001bd84    00000094     camera_app.obj (.text:Config_CameraCapture)
                  2001be18    00000094     Task_UserConfig.obj (.text:IsLongPress)
                  2001beac    00000094     jpeg.obj (.text:Modify_JPEGHeaderFile)
                  2001bf40    00000094     driverlib.a : prcm.obj (.text:PRCMPeripheralClockGet)
                  2001bfd4    00000094     approximations.obj (.text:facos_deg)
                  2001c068    00000094     lightSens_isl29035.obj (.text:getLightsensor_data)
                  2001c0fc    00000094     rtsv7M4_T_le_eabi.lib : snprintf.obj (.text)
                  2001c190    00000092     parse_impl.obj (.text:parseInitialize)
                  2001c222    00000092     rtsv7M4_T_le_eabi.lib : fs_div_t2.obj (.text)
                  2001c2b4    0000008c     app_common.obj (.text:LED_Blink_2)
                  2001c340    0000008c     simplelink.a : cc_pal.obj (.text:SetupDMAReceive)
                  2001c3cc    0000008c                  : cc_pal.obj (.text:SetupDMASend)
                  2001c458    0000008c                  : netapp.obj (.text:_sl_HandleAsync_DnsGetHostByName)
                  2001c4e4    0000008c                  : netapp.obj (.text:_sl_HandleAsync_PingResponse)
                  2001c570    0000008c     rtsv7M4_T_le_eabi.lib : xfdint.obj (.text)
                  2001c5fc    0000008c     simplelink.a : cc_pal.obj (.text:spi_Write)
                  2001c688    00000088     jpeg.obj (.text:Get_ChromQtable)
                  2001c710    00000088     jpeg.obj (.text:Get_LumQtable)
                  2001c798    00000088     driverlib.a : prcm.obj (.text:PRCMHibernateIntervalSet)
                  2001c820    00000088                 : pin.obj (.text:PinConfigSet)
                  2001c8a8    00000088     rtsv7M4_T_le_eabi.lib : vsnprintf.obj (.text)
                  2001c930    00000088     simplelink.a : socket.obj (.text:sl_Bind)
                  2001c9b8    00000088                  : fs.obj (.text:sl_FsClose)
                  2001ca40    00000086     rtsv7M4_T_le_eabi.lib : fd_cmp_t2.obj (.text:__aeabi_cdcmple)
                  2001cac6    00000086                           : fd_cmp_t2.obj (.text:__aeabi_cdrcmple)
                  2001cb4c    00000084     timer_if.obj (.text:GetPeripheralIntNum)
                  2001cbd0    00000084     driverlib.a : i2c.obj (.text:I2CMasterInitExpClk)
                  2001cc54    00000084     simplelink.a : cc_pal.obj (.text:NwpPowerOnPreamble)
                  2001ccd8    00000084     matrix.obj (.text:f3x3matrixAeqI)
                  2001cd5c    00000084     fusion.obj (.text:fInit_6DOF_GB_BASIC)
                  2001cde0    00000080     camera_app.obj (.text:Wakeup_ImageSensor)
                  2001ce60    00000080     simplelink.a : driver.obj (.text:_SlDrvCmdOp)
                  2001cee0    00000080                  : cc_pal.obj (.text:spi_Read_CPU)
                  2001cf60    00000080                  : cc_pal.obj (.text:spi_Write_CPU)
                  2001cfe0    00000080     timer_fns.obj (.text:start_periodicInterrupt_timer)
                  2001d060    0000007c     driverlib.a : prcm.obj (.text:PRCMRTCGet)
                  2001d0dc    0000007c     simplelink.a : device.obj (.text:_sl_HandleAsync_InitComplete)
                  2001d158    0000007c     matrix.obj (.text:fmatrixAeqI)
                  2001d1d4    0000007c     simplelink.a : fs.obj (.text:sl_FsGetInfo)
                  2001d250    0000007a     rtsv7M4_T_le_eabi.lib : fs_mul_t2.obj (.text)
                  2001d2ca    0000007a                           : memset_t2.obj (.text)
                  2001d344    0000007a                           : xfdnorm.obj (.text)
                  2001d3be    00000002     --HOLE-- [fill = 0]
                  2001d3c0    00000078     network_relater_fns.obj (.text:ConfigureMode)
                  2001d438    00000078     appFns_BatteryLevelSense.obj (.text:Get_BatteryVoltage)
                  2001d4b0    00000078     i2c_if.obj (.text:I2CTransact)
                  2001d528    00000078     parse_uploads.obj (.text:InitialiseParse)
                  2001d5a0    00000078     NWP.obj (.text:NWP_SwitchOn)
                  2001d618    00000078     simplelink.a : socket.obj (.text:_sl_HandleAsync_Connect)
                  2001d690    00000078                  : fs.obj (.text:sl_FsOpen)
                  2001d708    00000078                  : cc_pal.obj (.text:spi_Close)
                  2001d780    00000076     driverlib.a : uart.obj (.text:UARTConfigSetExpClk)
                  2001d7f6    00000002     --HOLE-- [fill = 0]
                  2001d7f8    00000074     NWP.obj (.text:NWP_SwitchOff)
                  2001d86c    00000074     camera_app.obj (.text:ReStart_CameraCapture)
                  2001d8e0    00000074     middleware.a : rtc_hal.obj (.text:rtc_value_rd)
                  2001d954    00000074     simplelink.a : socket.obj (.text:sl_Recv)
                  2001d9c8    00000073     installation.obj (.text:getInstallationCallback)
                  2001da3b    00000001     --HOLE-- [fill = 0]
                  2001da3c    00000072     timer_if.obj (.text:Timer_IF_IntSetup)
                  2001daae    00000002     --HOLE-- [fill = 0]
                  2001dab0    00000070     batteryVoltLvlSens_adc081c021.obj (.text:Get_BatteryVoltageLevel_ADC081C021)
                  2001db20    00000070     network_relater_fns.obj (.text:Network_IF_GetHostIP)
                  2001db90    00000070     appFns_LightSensor.obj (.text:PowerDown_LightSensor)
                  2001dc00    00000070     timer_fns.obj (.text:get_timeDuration)
                  2001dc70    0000006c     camera_app.obj (.text:CamControllerInit)
                  2001dcdc    0000006c     lightSens_isl29035.obj (.text:PowerDown_ISL29035)
                  2001dd48    0000006c     mt9d111.obj (.text:ReadImageConfigReg)
                  2001ddb4    0000006c     udma_if.obj (.text:UDMAInit)
                  2001de20    0000006c     simplelink.a : driver.obj (.text:_SlDrvCmdSend)
                  2001de8c    0000006c     matrix.obj (.text:f3x3matrixAeqMinusA)
                  2001def8    0000006c     request.obj (.text:parseSendRequestInternal)
                  2001df64    0000006c     rtsv7M4_T_le_eabi.lib : autoinit.obj (.text)
                  2001dfd0    0000006c                           : fprintf.obj (.text)
                  2001e03c    0000006c                           : fs_toll_t2.obj (.text)
                  2001e0a8    0000006a     matrix.obj (.text:f3x3matrixAeqAxScalar)
                  2001e112    0000006a     rtsv7M4_T_le_eabi.lib : copy_decompress_rle.obj (.text)
                  2001e17c    00000069     http.obj (.text:beginHttpGetRequest)
                  2001e1e5    00000003     --HOLE-- [fill = 0]
                  2001e1e8    00000068     driverlib.a : prcm.obj (.text:PRCMHibernateWakeUpGPIOSelect)
                  2001e250    00000068     mt9d111.obj (.text:StartSensorInJpegMode)
                  2001e2b8    00000068     simplelink.a : netapp.obj (.text:_sl_NetAppSendTokenValue)
                  2001e320    00000068     cc3200_utils.obj (.text:fetchDeviceOSVersion)
                  2001e388    00000068     rtsv7M4_T_le_eabi.lib : trgmsg.obj (.text)
                  2001e3f0    00000068     simplelink.a : device.obj (.text:sl_DevSet)
                  2001e458    00000068                  : netcfg.obj (.text:sl_NetCfgSet)
                  2001e4c0    00000068                  : socket.obj (.text:sl_SetSockOpt)
                  2001e528    00000068                  : wlan.obj (.text:sl_WlanSet)
                  2001e590    00000066     matrix.obj (.text:f3x3matrixAeqScalar)
                  2001e5f6    00000066     rtsv7M4_T_le_eabi.lib : xdunscal.obj (.text)
                  2001e65c    00000064                           : fseek.obj (.text)
                  2001e6c0    00000064     cc3200_socket.obj (.text:socketWait)
                  2001e724    00000064     tempRHSens_si7020.obj (.text:softResetTempRHSensor)
                  2001e788    00000064     driverlib.a : udma.obj (.text:uDMAChannelAttributeDisable)
                  2001e7ec    00000064                 : udma.obj (.text:uDMAChannelAttributeEnable)
                  2001e850    00000060     mt9d111.obj (.text:CCMRegs_Read)
                  2001e8b0    00000060     watchdog.obj (.text:WatchdogIntHandler)
                  2001e910    00000060     rtsv7M4_T_le_eabi.lib : fs_cmp_t2.obj (.text:__aeabi_cfcmple)
                  2001e970    00000060                           : fs_cmp_t2.obj (.text:__aeabi_cfrcmple)
                  2001e9d0    00000060     simplelink.a : socket.obj (.text:_sl_HandleAsync_Accept)
                  2001ea30    00000060     main_FXOS8700.obj (.text:fxosDefault_Initializations)
                  2001ea90    00000060     rtsv7M4_T_le_eabi.lib : sprintf.obj (.text)
                  2001eaf0    00000060     simplelink.a : wlan.obj (.text:sl_WlanPolicySet)
                  2001eb50    00000060     accelomtrMagntomtr_fxos8700.obj (.text:standby_accelMagn_fxos8700)
                  2001ebb0    0000005c     accelomtrMagntomtr_fxos8700.obj (.text:getAccelMagntData)
                  2001ec0c    0000005c     lightSens_isl29035.obj (.text:getLightsensor_intrptStatus)
                  2001ec68    0000005c     simplelink.a : socket.obj (.text:sl_Socket)
                  2001ecc4    00000058     driverlib.a : interrupt.obj (.text:IntPendClear)
                  2001ed1c    00000058     mt9d111.obj (.text:PCLK_Rate_read)
                  2001ed74    00000058     driverlib.a : prcm.obj (.text:PRCMPeripheralReset)
                  2001edcc    00000056     rtsv7M4_T_le_eabi.lib : ltoa.obj (.text)
                  2001ee22    00000056                           : xfdunsca.obj (.text)
                  2001ee78    00000054     driverlib.a : interrupt.obj (.text:IntPrioritySet)
                  2001eecc    00000054     watchdog.obj (.text:WDT_init)
                  2001ef20    00000054     simplelink.a : socket.obj (.text:_sl_HandleAsync_Select)
                  2001ef74    00000054     approximations.obj (.text:fasin_deg)
                  2001efc8    00000054     request.obj (.text:headerSend)
                  2001f01c    00000054     simplelink.a : wlan.obj (.text:sl_WlanRxFilterSet)
                  2001f070    00000051     installation.obj (.text:createInstallationCallback)
                  2001f0c1    00000003     --HOLE-- [fill = 0]
                  2001f0c4    00000050     i2c_if.obj (.text:I2C_IF_Open)
                  2001f114    00000050     driverlib.a : prcm.obj (.text:PRCMSlowClkCtrGet)
                  2001f164    00000050     camera_app.obj (.text:Restart_Camera)
                  2001f1b4    00000050     simplelink.a : device.obj (.text:_sl_HandleAsync_Stop)
                  2001f204    00000050     mt9d111.obj (.text:disableAE)
                  2001f254    00000050     mt9d111.obj (.text:disableAWB)
                  2001f2a4    00000050     mt9d111.obj (.text:enableAWB)
                  2001f2f4    00000050     main_FXOS8700.obj (.text:get_angle)
                  2001f344    00000050     rtsv7M4_T_le_eabi.lib : fs_toull_t2.obj (.text)
                  2001f394    00000050     simplelink.a : fs.obj (.text:sl_FsDel)
                  2001f3e4    0000004c     tasks.obj (.text:RdSensData_Init)
                  2001f430    0000004c     driverlib.a : spi.obj (.text:SPIIntEnable)
                  2001f47c    0000004c     simplelink.a : driver.obj (.text:_SlDrvProtectAsyncRespSetting)
                  2001f4c8    0000004c                  : driver.obj (.text:_SlDrvRxIrqHandler)
                  2001f514    0000004c                  : socket.obj (.text:_sl_BuildAddress)
                  2001f560    0000004c     rtsv7M4_T_le_eabi.lib : atoi.obj (.text)
                  2001f5ac    0000004c                           : atol.obj (.text)
                  2001f5f8    0000004c                           : cpy_tbl.obj (.text)
                  2001f644    0000004c                           : rand.obj (.text)
                  2001f690    0000004c     driverlib.a : udma.obj (.text:uDMAChannelAssign)
                  2001f6dc    0000004c     middleware.a : util64.obj (.text:util_u32_nsec_add)
                  2001f728    0000004a     rtsv7M4_T_le_eabi.lib : fd_tos_t2.obj (.text)
                  2001f772    00000002     --HOLE-- [fill = 0]
                  2001f774    00000048     driverlib.a : prcm.obj (.text:PRCMHibernateWakeupSourceDisable)
                  2001f7bc    00000048                 : prcm.obj (.text:PRCMHibernateWakeupSourceEnable)
                  2001f804    00000048                 : spi.obj (.text:SPIIntClear)
                  2001f84c    00000048     mt9d111.obj (.text:Variable_Read)
                  2001f894    00000048     simplelink.a : driver.obj (.text:_SlDrvBasicCmd)
                  2001f8dc    00000048     http.obj (.text:addHttpRequestLine)
                  2001f924    00000048     approximations.obj (.text:fatan_15deg)
                  2001f96c    00000048     rtsv7M4_T_le_eabi.lib : fd_toi_t2.obj (.text)
                  2001f9b4    00000046                           : ldexp.obj (.text)
                  2001f9fa    00000002     --HOLE-- [fill = 0]
                  2001f9fc    00000044     driverlib.a : spi.obj (.text:SPIDmaMaskGet)
                  2001fa40    00000044                 : timer.obj (.text:TimerConfigure)
                  2001fa84    00000044     udma_if.obj (.text:UDMASetupTransfer)
                  2001fac8    00000044     simplelink.a : cc_pal.obj (.text:cc_SetupTransfer)
                  2001fb0c    00000044     main_FXOS8700.obj (.text:fxos_Calibration)
                  2001fb50    00000044     rtsv7M4_T_le_eabi.lib : exit.obj (.text)
                  2001fb94    00000044                           : fd_tou_t2.obj (.text)
                  2001fbd8    00000042     simplelink.a : socket.obj (.text:sl_Htonl)
                  2001fc1a    00000002     --HOLE-- [fill = 0]
                  2001fc1c    00000040     camera_app.obj (.text:ImagCapture_Init)
                  2001fc5c    00000040     driverlib.a : pin.obj (.text:PinModeSet)
                  2001fc9c    00000040     mt9d111.obj (.text:Variable_Write)
                  2001fcdc    00000040     http.obj (.text:getHttpResponseBody)
                  2001fd1c    00000040     rtsv7M4_T_le_eabi.lib : signal.obj (.text)
                  2001fd5c    00000040     timer_fns.obj (.text:start_1Sec_TimeoutTimer)
                  2001fd9c    0000003e     rtsv7M4_T_le_eabi.lib : strncasecmp.obj (.text)
                  2001fdda    0000003c     simplelink.a : netapp.obj (.text:CopyPingResultsToReport)
                  2001fe16    00000002     --HOLE-- [fill = 0]
                  2001fe18    0000003c     tasks.obj (.text:Fusion_Init)
                  2001fe54    0000003c     ota.obj (.text:OTA_Init)
                  2001fe90    0000003c     driverlib.a : prcm.obj (.text:PRCMPeripheralClkEnable)
                  2001fecc    0000003c                 : prcm.obj (.text:PRCMSlowClkCtrFastGet)
                  2001ff08    0000003c     mt9d111.obj (.text:Reg_Read)
                  2001ff44    0000003c     simplelink.a : socket.obj (.text:_sl_TruncatePayloadByProtocol)
                  2001ff80    0000003c     rtsv7M4_T_le_eabi.lib : boot.obj (.text)
                  2001ffbc    0000003c     simplelink.a : socket.obj (.text:sl_Htons)
                  2001fff8    0000003c     timer_fns.obj (.text:start_100mSecTimer)
                  20020034    0000003c     driverlib.a : udma.obj (.text:uDMAChannelControlSet)
                  20020070    0000003a                 : camera.obj (.text:CameraCaptureStop)
                  200200aa    0000003a                 : camera.obj (.text:CameraXClkConfig)
                  200200e4    0000003a     appFns_LightSensor.obj (.text:IsLightOff)
                  2002011e    0000003a     mt9d111.obj (.text:Reg_Write)
                  20020158    0000003a     orientation.obj (.text:fLPFScalar)
                  20020192    0000003a     request.obj (.text:parseSendRequest)
                  200201cc    00000039     http.obj (.text:addHttpRequestHeader)
                  20020205    00000003     --HOLE-- [fill = 0]
                  20020208    00000038     main.obj (.text:BoardInit)
                  20020240    00000038     LED_timer.obj (.text:LEDTimer_Enable)
                  20020278    00000038     simplelink.a : cc_pal.obj (.text:NwpPowerOff)
                  200202b0    00000038     wdt_if.obj (.text:WDT_IF_Init)
                  200202e8    00000038     free_rtos.a : heap_3.obj (.text)
                  20020320    00000038     rtsv7M4_T_le_eabi.lib : fs_tod_t2.obj (.text)
                  20020358    00000038                           : fs_toi_t2.obj (.text)
                  20020390    00000038                           : i_tofs_t2.obj (.text)
                  200203c8    00000036     driverlib.a : gpio.obj (.text:GPIODirModeSet)
                  200203fe    00000036     simplelink.a : netapp.obj (.text:sl_NetAppMDNSUnRegisterService)
                  20020434    00000035     http.obj (.text:beginHttpRequest)
                  20020469    00000001     --HOLE-- [fill = 0]
                  2002046a    00000034     driverlib.a : camera.obj (.text:CameraParamsConfig)
                  2002049e    00000002     --HOLE-- [fill = 0]
                  200204a0    00000034     LED_timer.obj (.text:LEDTimer_Start)
                  200204d4    00000034     driverlib.a : prcm.obj (.text:PRCMPeripheralStatusGet)
                  20020508    00000034                 : spi.obj (.text:SPIFIFOLevelSet)
                  2002053c    00000034     http.obj (.text:getHttpResponseStatus)
                  20020570    00000034     rtsv7M4_T_le_eabi.lib : feraiseexcept.obj (.text)
                  200205a4    00000034                           : fs_tou_t2.obj (.text)
                  200205d8    00000034                           : strstr.obj (.text)
                  2002060c    00000032     timer_if.obj (.text:Timer_IF_Init)
                  2002063e    00000030     driverlib.a : pin.obj (.text:PinTypeGPIO)
                  2002066e    00000002     --HOLE-- [fill = 0]
                  20020670    00000030                 : uart.obj (.text:UARTDisable)
                  200206a0    00000030     simplelink.a : device.obj (.text:_SlDrvDeviceEventHandler)
                  200206d0    00000030                  : fs.obj (.text:_sl_Strlen)
                  20020700    00000030     middleware.a : rtc_hal.obj (.text:hw_access_time_addup)
                  20020730    00000030     rtsv7M4_T_le_eabi.lib : strncpy.obj (.text)
                  20020760    00000030                           : xferaise.obj (.text)
                  20020790    00000030     simplelink.a : socket.obj (.text:sl_Close)
                  200207c0    00000030                  : wlan.obj (.text:sl_WlanProfileDel)
                  200207f0    00000030                  : wlan.obj (.text:sl_WlanSetMode)
                  20020820    00000030     timer_fns.obj (.text:stop_periodicInterrupt_timer)
                  20020850    0000002e     rtsv7M4_T_le_eabi.lib : i_tofd_t2.obj (.text)
                  2002087e    0000002e                           : raise.obj (.text)
                  200208ac    0000002d     http.obj (.text:addHttpRequestHeaderInt)
                  200208d9    00000003     --HOLE-- [fill = 0]
                  200208dc    0000002c     tasks.obj (.text:ApplyMagHAL)
                  20020908    0000002c     driverlib.a : camera.obj (.text:CameraIntDisable)
                  20020934    0000002c                 : camera.obj (.text:CameraIntEnable)
                  20020960    0000002c     simplelink.a : cc_pal.obj (.text:DmaSpiSwIntHandler)
                  2002098c    0000002c     driverlib.a : i2c.obj (.text:I2CMasterErr)
                  200209b8    0000002c     timer_fns.obj (.text:IntHandler_1Sec_TimeoutTimer)
                  200209e4    0000002c     driverlib.a : prcm.obj (.text:PRCMSysResetCauseGet)
                  20020a10    0000002c     mt9d111.obj (.text:SoftReset_ImageSensor)
                  20020a3c    0000002c     cc3200_utils.obj (.text:getDeviceTimeDate)
                  20020a68    0000002c     request.obj (.text:setDataBufferPointer)
                  20020a94    0000002a     driverlib.a : timer.obj (.text:TimerLoadSet)
                  20020abe    0000002a                 : timer.obj (.text:TimerPrescaleSet)
                  20020ae8    0000002a     rtsv7M4_T_le_eabi.lib : xdclass.obj (.text)
                  20020b12    0000002a     middleware.a : util64.obj (.text:util_u64_time_add)
                  20020b3c    00000029     ota.obj (.text:OTA_Update)
                  20020b65    00000003     --HOLE-- [fill = 0]
                  20020b68    00000028     driverlib.a : camera.obj (.text:CameraIntStatus)
                  20020b90    00000028     uartA1_if.obj (.text:InitTerm)
                  20020bb8    00000028     driverlib.a : prcm.obj (.text:IsRTCUsed)
                  20020be0    00000028     uartA1_if.obj (.text:Message)
                  20020c08    00000028     driverlib.a : prcm.obj (.text:PRCMPeripheralClkDisable)
                  20020c30    00000028     rtsv7M4_T_le_eabi.lib : strncat.obj (.text)
                  20020c58    00000028     simplelink.a : netapp.obj (.text:sl_NetAppStart)
                  20020c80    00000028                  : netapp.obj (.text:sl_NetAppStop)
                  20020ca8    00000026     driverlib.a : camera.obj (.text:CameraThresholdSet)
                  20020cce    00000026     simplelink.a : cc_pal.obj (.text:NwpRegisterInterruptHandler)
                  20020cf4    00000026     rtsv7M4_T_le_eabi.lib : strncmp.obj (.text)
                  20020d1a    00000002     --HOLE-- [fill = 0]
                  20020d1c    00000024     driverlib.a : camera.obj (.text:CameraIntClear)
                  20020d40    00000024     timer_fns.obj (.text:IntHandler_100mSecTimer)
                  20020d64    00000024     driverlib.a : interrupt.obj (.text:IntUnregister)
                  20020d88    00000024                 : prcm.obj (.text:RTCU16MSecRegRead)
                  20020dac    00000024     timer_if.obj (.text:Timer_IF_Start)
                  20020dd0    00000024     driverlib.a : uart.obj (.text:UARTEnable)
                  20020df4    00000024     mt9d111.obj (.text:WriteAllAEnAWBRegs)
                  20020e18    00000024     simplelink.a : driver.obj (.text:_SlDrvProtectionObjLockWaitForever)
                  20020e3c    00000024     main_FXOS8700.obj (.text:magnetometer_initialize)
                  20020e60    00000024     timer_fns.obj (.text:reload_periodicTimer)
                  20020e84    00000024     rtsv7M4_T_le_eabi.lib : u_tofs_t2.obj (.text)
                  20020ea8    00000022     driverlib.a : camera.obj (.text:CameraCaptureStart)
                  20020eca    00000022                 : i2c.obj (.text:I2CMasterSlaveAddrSet)
                  20020eec    00000022     simplelink.a : socket.obj (.text:SL_FD_SET)
                  20020f0e    00000022     driverlib.a : spi.obj (.text:SPIReset)
                  20020f30    00000022                 : spi.obj (.text:SPIWordCountSet)
                  20020f52    00000022     rtsv7M4_T_le_eabi.lib : frexp.obj (.text)
                  20020f74    00000022                           : memcmp.obj (.text)
                  20020f96    00000020     driverlib.a : gpio.obj (.text:GPIOPinWrite)
                  20020fb6    00000002     --HOLE-- [fill = 0]
                  20020fb8    00000020                 : interrupt.obj (.text:IntRegister)
                  20020fd8    00000020     simplelink.a : cc_pal.obj (.text:NwpPowerOn)
                  20020ff8    00000020     mt9d111.obj (.text:Refresh_mt9d111Firmware)
                  20021018    00000020     reset.obj (.text:Reset_byStarvingWDT)
                  20021038    00000020     simplelink.a : driver.obj (.text:_SlDrvProtectionObjUnLock)
                  20021058    00000020     rtsv7M4_T_le_eabi.lib : memchr.obj (.text)
                  20021078    00000020                           : u_tofd_t2.obj (.text)
                  20021098    0000001e     driverlib.a : i2c.obj (.text:I2CMasterIntStatusEx)
                  200210b6    0000001e                 : timer.obj (.text:TimerDisable)
                  200210d4    0000001e                 : timer.obj (.text:TimerEnable)
                  200210f2    0000001e                 : timer.obj (.text:TimerIntStatus)
                  20021110    0000001e                 : uart.obj (.text:UARTCharPut)
                  2002112e    0000001e     simplelink.a : cc_pal.obj (.text:cc_UDMAChannelSelect)
                  2002114c    0000001e     rtsv7M4_T_le_eabi.lib : strcat.obj (.text)
                  2002116a    00000002     --HOLE-- [fill = 0]
                  2002116c    0000001c     tasks.obj (.text:ApplyAccelHAL)
                  20021188    0000001c     mt9d111.obj (.text:CameraSensorInit)
                  200211a4    0000001c     udma_if.obj (.text:DmaSwIntHandler)
                  200211c0    0000001c     driverlib.a : pin.obj (.text:PinTypeI2C)
                  200211dc    0000001c                 : timer.obj (.text:TimerValueGet)
                  200211f8    0000001c     simplelink.a : driver.obj (.text:_SlDrvObjLockWaitForever)
                  20021214    0000001c                  : driver.obj (.text:_SlDrvSyncObjWaitForever)
                  20021230    0000001c     rtsv7M4_T_le_eabi.lib : memccpy.obj (.text)
                  2002124c    0000001c     timer_fns.obj (.text:stop_100mSecTimer)
                  20021268    0000001c     timer_fns.obj (.text:stop_1Sec_TimeoutTimer)
                  20021284    0000001c     driverlib.a : udma.obj (.text:uDMAChannelDisable)
                  200212a0    0000001c                 : udma.obj (.text:uDMAChannelEnable)
                  200212bc    0000001c     main.obj (.text:vApplicationMallocFailedHook)
                  200212d8    0000001a     driverlib.a : pin.obj (.text:PinTypeCamera)
                  200212f2    0000001a                 : pin.obj (.text:PinTypeUART)
                  2002130c    0000001a                 : spi.obj (.text:SPIDmaDisable)
                  20021326    0000001a                 : spi.obj (.text:SPIDmaEnable)
                  20021340    0000001a                 : spi.obj (.text:SPIFIFODisable)
                  2002135a    0000001a                 : spi.obj (.text:SPIFIFOEnable)
                  20021374    00000018                 : camera.obj (.text:CameraReset)
                  2002138c    00000018     startup_ccs.obj (.text:FaultISR)
                  200213a4    00000018     driverlib.a : gpio.obj (.text:GPIOPinRead)
                  200213bc    00000018     timer_fns.obj (.text:ISR_periodicInterrupt_timer)
                  200213d4    00000018     app_common.obj (.text:LED_Off)
                  200213ec    00000018     app_common.obj (.text:LED_On)
                  20021404    00000018     driverlib.a : prcm.obj (.text:PRCMHibernateEnter)
                  2002141c    00000018                 : spi.obj (.text:SPICSDisable)
                  20021434    00000018                 : spi.obj (.text:SPICSEnable)
                  2002144c    00000018                 : spi.obj (.text:SPIDisable)
                  20021464    00000018                 : spi.obj (.text:SPIEnable)
                  2002147c    00000018                 : timer.obj (.text:TimerIntEnable)
                  20021494    00000018     timer_if.obj (.text:Timer_IF_InterruptClear)
                  200214ac    00000018     driverlib.a : wdt.obj (.text:WatchdogStallEnable)
                  200214c4    00000018                 : wdt.obj (.text:WatchdogUnlock)
                  200214dc    00000018     simplelink.a : driver.obj (.text:_SlDrvObjUnLock)
                  200214f4    00000018                  : driver.obj (.text:_SlDrvSyncObjSignal)
                  2002150c    00000018                  : device.obj (.text:_sl_GetStartResponseConvert)
                  20021524    00000018     middleware.a : rtc_hal.obj (.text:get_value)
                  2002153c    00000018     rtsv7M4_T_le_eabi.lib : args_main.obj (.text)
                  20021554    00000018                           : strcmp.obj (.text)
                  2002156c    00000016     driverlib.a : camera.obj (.text:CameraDMAEnable)
                  20021582    00000016                 : camera.obj (.text:CameraIntRegister)
                  20021598    00000016                 : i2c.obj (.text:I2CMasterDataPut)
                  200215ae    00000016                 : i2c.obj (.text:I2CMasterEnable)
                  200215c4    00000016                 : prcm.obj (.text:PRCMHIBRegRead)
                  200215da    00000016                 : prcm.obj (.text:PRCMHIBRegWrite)
                  200215f0    00000016                 : wdt.obj (.text:WatchdogEnable)
                  20021606    00000016     simplelink.a : driver.obj (.text:_SlDrvMemZero)
                  2002161c    00000016     rtsv7M4_T_le_eabi.lib : strchr.obj (.text)
                  20021632    00000014     driverlib.a : cpu.obj (.text:CPUcpsie)
                  20021646    00000002     --HOLE-- [fill = 0]
                  20021648    00000014                 : interrupt.obj (.text:IntVTableBaseSet)
                  2002165c    00000014     LED_timer.obj (.text:LEDTimer_Stop)
                  20021670    00000014     mt9d111.obj (.text:SetShutterWidth)
                  20021684    00000014     rtsv7M4_T_le_eabi.lib : _lock.obj (.text)
                  20021698    00000014                           : strcpy.obj (.text)
                  200216ac    00000014                           : strlen.obj (.text)
                  200216c0    00000014     driverlib.a : udma.obj (.text:uDMAControlBaseSet)
                  200216d4    00000014                 : udma.obj (.text:uDMAIntClear)
                  200216e8    00000012                 : i2c.obj (.text:I2CMasterControl)
                  200216fa    00000012                 : i2c.obj (.text:I2CMasterIntClearEx)
                  2002170c    00000012                 : i2c.obj (.text:I2CMasterTimeoutSet)
                  2002171e    00000012                 : timer.obj (.text:TimerIntClear)
                  20021730    00000012                 : wdt.obj (.text:WatchdogReloadSet)
                  20021742    00000002     --HOLE-- [fill = 0]
                  20021744    00000010                 : prcm.obj (.text:PRCMSOCReset)
                  20021754    00000010                 : prcm.obj (.text:RTCU32SecRegRead)
                  20021764    00000010     simplelink.a : socket.obj (.text:SL_FD_ZERO)
                  20021774    00000010     timer_if.obj (.text:Timer_IF_Stop)
                  20021784    00000010     driverlib.a : wdt.obj (.text:WatchdogIntClear)
                  20021794    00000010     cc3200_socket.obj (.text:socketClose)
                  200217a4    0000000e     driverlib.a : i2c.obj (.text:I2CMasterDataGet)
                  200217b2    0000000e     simplelink.a : driver.obj (.text:_SlDrvResetCmdExt)
                  200217c0    0000000e     rtsv7M4_T_le_eabi.lib : copy_decompress_none.obj (.text:decompress:none)
                  200217ce    0000000c     udma_if.obj (.text:DmaErrorIntHandler)
                  200217da    00000002     --HOLE-- [fill = 0]
                  200217dc    0000000c     simplelink.a : cc_pal.obj (.text:NwpMaskInterrupt)
                  200217e8    0000000c                  : cc_pal.obj (.text:NwpUnMaskInterrupt)
                  200217f4    0000000c     middleware.a : rtc_hal.obj (.text:cc_rtc_get)
                  20021800    0000000c     rtsv7M4_T_le_eabi.lib : copy_zero_init.obj (.text:decompress:ZI)
                  2002180c    0000000c     parse_impl.obj (.text:getInternalClient)
                  20021818    0000000c     simplelink.a : wlan.obj (.text:sl_WlanDisconnect)
                  20021824    0000000c     driverlib.a : udma.obj (.text:uDMAEnable)
                  20021830    0000000c                 : udma.obj (.text:uDMAIntStatus)
                  2002183c    0000000a                 : interrupt.obj (.text:IntMasterEnable)
                  20021846    0000000a     main.obj (.text:vApplicationStackOverflowHook)
                  20021850    00000008     hibernate_related_fns.obj (.text:sensorsTriggerSetup)
                  20021858    00000006     i2cconfig.obj (.text:MT9D111Delay)
                  2002185e    00000006     startup_ccs.obj (.text:ResetISR)
                  20021864    00000006     driverlib.a : utils.obj (.text:UtilsDelay)
                  2002186a    00000006     rtsv7M4_T_le_eabi.lib : copy_decompress_rle.obj (.text:decompress:rle24)
                  20021870    00000006                           : logf.obj (.text)
                  20021876    00000006                           : sinf.obj (.text)
                  2002187c    00000004                           : error.obj (.text)
                  20021880    00000004                           : pre_init.obj (.text)

.const     0    20021884    000012b9     
                  20021884    00000170     mt9d111.obj (.const:capture_cmds_list)
                  200219f4    00000140     mt9d111.obj (.const:init_cmds_list)
                  20021b34    00000101     rtsv7M4_T_le_eabi.lib : ctype.obj (.const:.string:_ctypes_)
                  20021c35    00000003     --HOLE-- [fill = 0]
                  20021c38    00000100     driverlib.a : pin.obj (.const:g_ulPinToPadMap)
                  20021d38    000000d8     mt9d111.obj (.const)
                  20021e10    000000d4     driverlib.a : interrupt.obj (.const:g_pulRegs)
                  20021ee4    000000b0     simplelink.a : wlan.obj (.const:$P$T0$1)
                  20021f94    000000a8     driverlib.a : prcm.obj (.const:PRCM_PeriphRegsList)
                  2002203c    000000a4     mt9d111.obj (.const:$P$T2$3)
                  200220e0    0000009e     mt9d111.obj (.const:.string)
                  2002217e    00000088     network_relater_fns.obj (.const:.string)
                  20022206    00000085     lightSens_isl29035.obj (.const:.string)
                  2002228b    00000081     parse_uploads.obj (.const:.string)
                  2002230c    00000080     driverlib.a : interrupt.obj (.const)
                  2002238c    0000007a     camera_app.obj (.const:.string)
                  20022406    00000074     user_configure_fn.obj (.const:.string)
                  2002247a    00000069     accelomtrMagntomtr_fxos8700.obj (.const:.string)
                  200224e3    00000001     --HOLE-- [fill = 0]
                  200224e4    00000068     mt9d111.obj (.const:$P$T17$18)
                  2002254c    00000068     appFns_BatteryLevelSense.obj (.const:V2CEntry$1)
                  200225b4    00000054     mt9d111.obj (.const:$P$T23$24)
                  20022608    0000004c     mt9d111.obj (.const:$P$T6$7)
                  20022654    0000004b     tempRHSens_si7020.obj (.const:.string)
                  2002269f    0000003c     i2c_app.obj (.const:.string)
                  200226db    00000001     --HOLE-- [fill = 0]
                  200226dc    0000003c     simplelink.a : driver.obj (.const:OpcodeTranslateTable)
                  20022718    0000003c                  : wlan.obj (.const)
                  20022754    00000038                  : driver.obj (.const:_SlActionLookupTable)
                  2002278c    00000038     rtsv7M4_T_le_eabi.lib : xflog.obj (.const)
                  200227c4    00000038     simplelink.a : fs.obj (.const)
                  200227fc    00000036     flash_files.obj (.const:.string)
                  20022832    00000002     --HOLE-- [fill = 0]
                  20022834    00000034     rtsv7M4_T_le_eabi.lib : xfatan.obj (.const)
                  20022868    00000034     simplelink.a : driver.obj (.const)
                  2002289c    00000034                  : socket.obj (.const)
                  200228d0    0000002c     network_relater_fns.obj (.const:$P$T1$2)
                  200228fc    0000002c     mt9d111.obj (.const:$P$T19$20)
                  20022928    00000029     network_relater_fns.obj (.const)
                  20022951    00000003     --HOLE-- [fill = 0]
                  20022954    00000028     rtsv7M4_T_le_eabi.lib : xfdint.obj (.const)
                  2002297c    00000028                           : xfsin.obj (.const)
                  200229a4    00000028     simplelink.a : netapp.obj (.const)
                  200229cc    00000024     network_relater_fns.obj (.const:g_acMonthOfYear)
                  200229f0    00000023     batteryVoltLvlSens_adc081c021.obj (.const:.string:$P$T0$1)
                  20022a13    00000023     parse_uploads.obj (.const:.string:$P$T5$6)
                  20022a36    00000022     network_relater_fns.obj (.const:.string:$P$T0$1)
                  20022a58    0000001c     rtsv7M4_T_le_eabi.lib : tanf.obj (.const)
                  20022a74    0000001c                           : xfexp.obj (.const)
                  20022a90    00000018     driverlib.a : spi.obj (.const)
                  20022aa8    00000017     request.obj (.const:.string)
                  20022abf    00000016     appFns_LightSensor.obj (.const:.string)
                  20022ad5    00000001     --HOLE-- [fill = 0]
                  20022ad6    00000014     simplelink.a : device.obj (.const)
                  20022aea    00000013     SendObject_ToParse.obj (.const:.string)
                  20022afd    00000010     simplelink.a : socket.obj (.const:.string)
                  20022b0d    0000000f     application_fn.obj (.const:.string)
                  20022b1c    0000000b     app_common.obj (.const:.string)
                  20022b27    00000008     simplelink.a : device.obj (.const:.string)
                  20022b2f    00000001     --HOLE-- [fill = 0]
                  20022b30    00000008                  : netcfg.obj (.const)
                  20022b38    00000005     main.obj (.const:.string)

.cinit     0    20022b40    00000598     
                  20022b40    0000056d     (.cinit..data.load) [load image, compression = rle]
                  200230ad    00000003     --HOLE-- [fill = 0]
                  200230b0    0000000c     (__TI_handler_table)
                  200230bc    00000004     --HOLE-- [fill = 0]
                  200230c0    00000008     (.cinit..bss.load) [load image, compression = zero_init]
                  200230c8    00000010     (__TI_cinit_table)

.init_array 
*          0    20004000    00000000     UNINITIALIZED

.bss       0    20023c00    00017094     UNINITIALIZED
                  20023c00    00014000     main.obj (.bss:g_image_buffer)
                  20037c00    00000b58     tasks.obj (.bss:thisMagBuffer)
                  20038758    000005a0     ota.a : OtaHttp.obj (.bss:recv_buf)
                  20038cf8    0000044c           : OtaClient.obj (.bss:g_OtaCheckUpdateResponse)
                  20039144    00000418     user_configure_fn.obj (.bss:thisMagCal)
                  2003955c    00000240     ota.obj (.bss:g_otaOptServerInfo)
                  2003979c    00000058     tasks.obj (.bss:thisMag)
                  200397f4    0000000c     (.common:g_SecParams)
                  20039800    00000400     udma_if.obj (.bss:gpCtlTbl)
                  20039c00    000003d8     ota.a : OtaClient.obj (.bss:g_OtaFileMetadata)
                  20039fd8    00000200           : OtaHttp.obj (.bss:send_buf)
                  2003a1d8    00000178     simplelink.a : driver.obj (.bss:g_StatMem)
                  2003a350    00000120     rtsv7M4_T_le_eabi.lib : trgmsg.obj (.bss:__CIOBUF_)
                  2003a470    00000100     udma_if.obj (.bss:gfpAppCallbackHndl)
                  2003a570    000000c8     free_rtos.a : tasks.obj (.bss:pxReadyTasksLists)
                  2003a638    000000ac     tasks.obj (.bss:thisSV_6DOF_GB_BASIC)
                  2003a6e4    000000a0     rtsv7M4_T_le_eabi.lib : defs.obj (.bss:__TI_tmpnams)
                  2003a784    00000074     ota.a : CdnClient.obj (.bss:g_CdnClient)
                  2003a7f8    00000050     simplelink.a : cc_pal.obj (.bss:g_ucDinDout)
                  2003a848    00000050     free_rtos.a : queue.obj (.bss:xQueueRegistry)
                  2003a898    0000004c     ota.a : OtaApp.obj (.bss:g_OtaApp)
                  2003a8e4    0000004c           : OtaApp.obj (.bss:g_OtaApp_statistics)
                  2003a930    00000040     network_relater_fns.obj (.bss:g_TimeData)
                  2003a970    00000034     cc3200_client_state.obj (.bss:clientStateFileName)
                  2003a9a4    00000034     main.obj (.bss:g_cWlanSecurityKey)
                  2003a9d8    00000034     tasks.obj (.bss:thisAccel)
                  2003aa0c    00000024     ota.a : OtaClient.obj (.bss:g_OtaClient)
                  2003aa30    00000024     main.obj (.bss:g_cWlanSSID)
                  2003aa54    00000024     main.obj (.bss:g_ucConnectionSSID)
                  2003aa78    0000001c     rtsv7M4_T_le_eabi.lib : vla_alloc.obj (.bss)
                  2003aa94    00000014     (.common:g_FlcSflashCb)
                  2003aaa8    00000014     (.common:g_flag_blockFull)
                  2003aabc    00000014     (.common:xDelayedTaskList1)
                  2003aad0    00000014     (.common:xDelayedTaskList2)
                  2003aae4    00000014     (.common:xPendingReadyList)
                  2003aaf8    00000014     (.common:xSuspendedTaskList)
                  2003ab0c    00000014     (.common:xTasksWaitingTermination)
                  2003ab20    00000010     (.common:ang_buf)
                  2003ab30    00000010     (.common:g_cResponseObjectID)
                  2003ab40    00000010     (.common:globals)
                  2003ab50    00000010     (.common:mqxglobals)
                  2003ab60    00000008     (.common:g_Gain)
                  2003ab68    00000008     (.common:g_LogClient)
                  2003ab70    00000008     (.common:g_Struct_TimeStamp_MaxAngle)
                  2003ab78    00000008     (.common:g_Struct_TimeStamp_MinAngle)
                  2003ab80    00000008     (.common:g_Struct_TimeStamp_OpenAngle)
                  2003ab88    00000008     (.common:g_Struct_TimeStamp_SnapAngle)
                  2003ab90    00000008     (.common:g_TimeStamp_CamUp)
                  2003ab98    00000008     (.common:g_TimeStamp_DoorClosed)
                  2003aba0    00000008     (.common:g_TimeStamp_MaxAngle)
                  2003aba8    00000008     (.common:g_TimeStamp_MinAngle)
                  2003abb0    00000008     (.common:g_TimeStamp_NWPUp)
                  2003abb8    00000008     (.common:g_TimeStamp_OpenAngle)
                  2003abc0    00000008     (.common:g_TimeStamp_PhotoSnap)
                  2003abc8    00000008     (.common:g_TimeStamp_PhotoUploaded)
                  2003abd0    00000008     (.common:g_TimeStamp_SnapAngle)
                  2003abd8    00000008     (.common:g_TimeStamp_cc3200Up)
                  2003abe0    00000008     (.common:g_ucConnectionBSSID)
                  2003abe8    00000008     (.common:parmbuf)
                  2003abf0    00000008     (.common:sBootInfo)
                  2003abf8    00000004     (.common:DMAMsgQ)
                  2003abfc    00000004     (.common:Elapsed_100MilliSecs)
                  2003ac00    00000004     (.common:Elapsed_1Secs)
                  2003ac04    00000004     (.common:__Errorlog)
                  2003ac08    00000004     (.common:angle_avg)
                  2003ac0c    00000004     (.common:dataBuffer)
                  2003ac10    00000004     (.common:g_angleOffset_to180)
                  2003ac14    00000004     (.common:g_block_lastFilled)
                  2003ac18    00000004     (.common:g_cDummy)
                  2003ac1c    00000004     (.common:g_cWlanSecurityType)
                  2003ac20    00000004     (.common:g_fBatteryVolt_atEnd)
                  2003ac24    00000004     (.common:g_fBatteryVolt_atStart)
                  2003ac28    00000004     (.common:g_frame_size_in_bytes)
                  2003ac2c    00000004     (.common:g_position_in_block)
                  2003ac30    00000004     (.common:g_readHeader)
                  2003ac34    00000004     (.common:g_total_dma_intrpts)
                  2003ac38    00000004     (.common:g_ulAppStatus)
                  2003ac3c    00000004     (.common:g_ulAppTimeout_ms)
                  2003ac40    00000004     (.common:g_ulReloadVal)
                  2003ac44    00000004     (.common:g_ulSimplelinkStatus)
                  2003ac48    00000004     (.common:g_ulWatchdogCycles)
                  2003ac4c    00000004     (.common:gdoor_40deg_angle)
                  2003ac50    00000004     (.common:gdoor_90deg_angle)
                  2003ac54    00000004     (.common:gdoor_OpenDeg_angle)
                  2003ac58    00000004     (.common:pvOtaApp)
                  2003ac5c    00000004     (.common:pxDelayedTaskList)
                  2003ac60    00000004     (.common:pxOverflowDelayedTaskList)
                  2003ac64    00000002     (.common:g_RawMaxAngle)
                  2003ac66    00000002     (.common:g_RawMinAngle)
                  2003ac68    00000002     (.common:g_fMaxAngle)
                  2003ac6a    00000002     (.common:g_fMinAngle)
                  2003ac6c    00000001     (.common:RxIrqCnt)
                  2003ac6d    00000001     (.common:avg_buffer_cnt)
                  2003ac6e    00000001     (.common:captureTimeout_Flag)
                  2003ac6f    00000001     (.common:checkForLight_Flag)
                  2003ac70    00000001     (.common:cnt_LED_Timer)
                  2003ac71    00000001     (.common:doPeriodicAction_flag)
                  2003ac72    00000001     (.common:g_BlinkCount)
                  2003ac73    00000001     (.common:g_I2CPeripheral_inUse_Flag)
                  2003ac74    00000001     (.common:g_NoOfBlinks)
                  2003ac75    00000001     (.common:g_OffTime)
                  2003ac76    00000001     (.common:g_OnTime)
                  2003ac77    00000001     (.common:g_PhoneConnected_ToCC3200AP_flag)
                  2003ac78    00000001     (.common:g_Task1_Notification)
                  2003ac79    00000001     (.common:g_Task3_Notification)
                  2003ac7a    00000001     (.common:g_collect_timestamp)
                  2003ac7b    00000001     (.common:g_dma_txn_done)
                  2003ac7c    00000001     (.common:g_flag_DataBlockFilled)
                  2003ac7d    00000001     (.common:g_flag_door_closing_45degree)
                  2003ac7e    00000001     (.common:g_frame_end)
                  2003ac7f    00000001     (.common:g_ucAWBOff)
                  2003ac80    00000001     (.common:g_ucAWBOn)
                  2003ac81    00000001     (.common:g_ucAction)
                  2003ac82    00000001     (.common:g_ucActionButton)
                  2003ac83    00000001     (.common:g_ucAngle40)
                  2003ac84    00000001     (.common:g_ucAngle90)
                  2003ac85    00000001     (.common:g_ucCalibration)
                  2003ac86    00000001     (.common:g_ucConfig)
                  2003ac87    00000001     (.common:g_ucExitButton)
                  2003ac88    00000001     (.common:g_ucFeedWatchdog)
                  2003ac89    00000001     (.common:g_ucMagCalb)
                  2003ac8a    00000001     (.common:g_ucPreviewStart)
                  2003ac8b    00000001     (.common:g_ucPreviewStop)
                  2003ac8c    00000001     (.common:g_ucProfileAdded)
                  2003ac8d    00000001     (.common:g_ucPushButtonPressedTwice)
                  2003ac8e    00000001     (.common:g_ucReasonForFailure)
                  2003ac8f    00000001     (.common:g_ucSAVE)
                  2003ac90    00000001     (.common:iDone)
                  2003ac91    00000001     (.common:isitfirsttime)
                  2003ac92    00000001     (.common:print_count)
                  2003ac93    00000001     (.common:valid_case)

.TI.noinit 
*          0    20023c00    00000000     UNINITIALIZED

.sysmem    0    2003ac98    00005000     UNINITIALIZED
                  2003ac98    00000008     rtsv7M4_T_le_eabi.lib : memory.obj (.sysmem)
                  2003aca0    00004ff8     --HOLE--


LINKER GENERATED COPY TABLES

__TI_cinit_table @ 200230c8 records: 2, size/record: 8, table size: 16
	.data: load addr=20022b40, load size=0000056d bytes, run addr=20000000, run size=000009c8 bytes, compression=rle
	.bss: load addr=200230c0, load size=00000008 bytes, run addr=20023c00, run size=00017094 bytes, compression=zero_init


LINKER GENERATED HANDLER TABLE

__TI_handler_table @ 200230b0 records: 3, size/record: 4, table size: 12
	index: 0, handler: __TI_decompress_rle24
	index: 1, handler: __TI_decompress_none
	index: 2, handler: __TI_zero_init


GLOBAL SYMBOLS: SORTED ALPHABETICALLY BY Name 

address   name                                  
-------   ----                                  
2001bc59  Add_NumberField_ToJSONString          
2002116d  ApplyAccelHAL                         
200208dd  ApplyMagHAL                           
2001fb51  C$$EXIT                               
2001e3b7  C$$IO$$                               
2001e851  CCMRegs_Read                          
20021633  CPUcpsie                              
200141f1  Calculate_DoorOpenThresholdAngle      
20012a45  Calculate_TrueMinMaxAngles            
2001dc71  CamControllerInit                     
20020ea9  CameraCaptureStart                    
20020071  CameraCaptureStop                     
2002156d  CameraDMAEnable                       
20020d1d  CameraIntClear                        
20020909  CameraIntDisable                      
20020935  CameraIntEnable                       
20021583  CameraIntRegister                     
20020b69  CameraIntStatus                       
2002046b  CameraParamsConfig                    
20021375  CameraReset                           
20021189  CameraSensorInit                      
20020ca9  CameraThresholdSet                    
200200ab  CameraXClkConfig                      
2000eb95  CaptureImage                          
200135a9  CaptureandSavePreviewImage            
2000de53  CdnClient_CloseServer                 
2000de71  CdnClient_ConnectByUrl                
2000de21  CdnClient_Init                        
2000dceb  CdnClient_Run                         
2000dce1  CdnClient_SetFileInfo                 
2001bcf1  Check_I2CDevices                      
20018e65  Check_MinMax                          
2001bd85  Config_CameraCapture                  
2001d3c1  ConfigureMode                         
2000f129  ConfigureSimpleLinkToDefaultState     
200121c9  ConstructDeviceStateObject            
2000c441  ConstructGroundDataObject             
20010801  ConstructUserConfigObject             
2001fddb  CopyPingResultsToReport               
2003abf8  DMAMsgQ                               
2000063c  DigiCertHighAssuranceEVRootCA_der_len 
200217cf  DmaErrorIntHandler                    
20020961  DmaSpiSwIntHandler                    
200211a5  DmaSwIntHandler                       
2003abfc  Elapsed_100MilliSecs                  
2003ac00  Elapsed_1Secs                         
20019f81  EnterStandby_mt9d111                  
2001a2a1  ExitStandby_mt9d111                   
20014ed9  FXOS8700_Init                         
20016f1d  FXOS8700_ReadData                     
2001fe19  Fusion_Init                           
20014c19  Fusion_Run                            
200203c9  GPIODirModeSet                        
200213a5  GPIOPinRead                           
20020f97  GPIOPinWrite                          
2000b6b9  GetSNTPTime                           
20015931  GetTimeNTP                            
20019035  Get_BatteryPercent                    
2001d439  Get_BatteryVoltage                    
2001dab1  Get_BatteryVoltageLevel_ADC081C021    
2001c689  Get_ChromQtable                       
2001812d  Get_FridgeCamID                       
2001c711  Get_LumQtable                         
20016bf9  HIBernate                             
2000eb4d  HOSTclock                             
2000eb15  HOSTclose                             
2000ead7  HOSTgetenv                            
2000ea7b  HOSTlseek                             
2000ea29  HOSTopen                              
2000e9dd  HOSTread                              
2000e97f  HOSTrename                            
2000e945  HOSTtime                              
2000e90d  HOSTunlink                            
2000e8c1  HOSTwrite                             
20015a69  I2CBufferRead                         
20016421  I2CBufferWrite                        
200216e9  I2CMasterControl                      
200217a5  I2CMasterDataGet                      
20021599  I2CMasterDataPut                      
200215af  I2CMasterEnable                       
2002098d  I2CMasterErr                          
2001cbd1  I2CMasterInitExpClk                   
200216fb  I2CMasterIntClearEx                   
20021099  I2CMasterIntStatusEx                  
20020ecb  I2CMasterSlaveAddrSet                 
2002170d  I2CMasterTimeoutSet                   
2001f0c5  I2C_IF_Open                           
2001a429  I2C_IF_Read                           
2001a7e9  I2C_IF_Write                          
200213bd  ISR_periodicInterrupt_timer           
2001fc1d  ImagCapture_Init                      
200138c9  ImageSensor_CaptureConfigs_Task       
20020b91  InitTerm                              
2001d529  InitialiseParse                       
2001b831  InitializeUserConfigVariables         
2001b1e9  IntDisable                            
2001b291  IntEnable                             
20020d41  IntHandler_100mSecTimer               
200209b9  IntHandler_1Sec_TimeoutTimer          
2002183d  IntMasterEnable                       
2001ecc5  IntPendClear                          
2001ee79  IntPrioritySet                        
20020fb9  IntRegister                           
20020d65  IntUnregister                         
20021649  IntVTableBaseSet                      
2001b8c9  IntrptHandler_LEDTimer                
[...]
2001f895  _SlDrvBasicCmd                        
2001f8dd  addHttpRequestLine                    
2001f925  fatan_15deg                           
2001f96d  __aeabi_d2iz                          
2001f9b5  ldexp                                 
2001fa41  TimerConfigure                        
2001fa85  UDMASetupTransfer                     
2001fb0d  fxos_Calibration                      
2001fb51  C$$EXIT                               
2001fb55  abort                                 
2001fb5d  exit                                  
2001fb95  __aeabi_d2uiz                         
2001fbd9  sl_Htonl                              
2001fc1d  ImagCapture_Init                      
2001fc5d  PinModeSet                            
2001fc9d  Variable_Write                        
2001fcdd  getHttpResponseBody                   
2001fd1d  signal                                
2001fd5d  start_1Sec_TimeoutTimer               
2001fd9d  strncasecmp                           
2001fddb  CopyPingResultsToReport               
2001fe19  Fusion_Init                           
2001fe91  PRCMPeripheralClkEnable               
2001fecd  PRCMSlowClkCtrFastGet                 
2001ff09  Reg_Read                              
2001ff45  _sl_TruncatePayloadByProtocol         
2001ff81  _c_int00                              
2001ffbd  sl_Htons                              
2001fff9  start_100mSecTimer                    
20020035  uDMAChannelControlSet                 
20020071  CameraCaptureStop                     
200200ab  CameraXClkConfig                      
200200e5  IsLightOff                            
2002011f  Reg_Write                             
20020159  fLPFScalar                            
20020193  parseSendRequest                      
200201cd  addHttpRequestHeader                  
20020241  LEDTimer_Enable                       
20020279  NwpPowerOff                           
200202b1  WDT_IF_Init                           
200202e9  pvPortMalloc                          
20020309  vPortFree                             
20020321  __aeabi_f2d                           
20020359  __aeabi_f2iz                          
20020391  __aeabi_i2f                           
200203c9  GPIODirModeSet                        
200203ff  sl_NetAppMDNSUnRegisterService        
20020435  beginHttpRequest                      
2002046b  CameraParamsConfig                    
200204a1  LEDTimer_Start                        
200204d5  PRCMPeripheralStatusGet               
20020509  SPIFIFOLevelSet                       
2002053d  getHttpResponseStatus                 
20020571  feraiseexcept                         
200205a5  __aeabi_f2uiz                         
200205d9  strstr                                
2002060d  Timer_IF_Init                         
2002063f  PinTypeGPIO                           
20020671  UARTDisable                           
200206a1  _SlDrvDeviceEventHandler              
200206d1  _sl_Strlen                            
20020731  strncpy                               
20020761  _Feraise                              
20020791  sl_Close                              
200207c1  sl_WlanProfileDel                     
200207f1  sl_WlanSetMode                        
20020821  stop_periodicInterrupt_timer          
20020851  __aeabi_i2d                           
2002087f  raise                                 
200208ad  addHttpRequestHeaderInt               
200208dd  ApplyMagHAL                           
20020909  CameraIntDisable                      
20020935  CameraIntEnable                       
20020961  DmaSpiSwIntHandler                    
2002098d  I2CMasterErr                          
200209b9  IntHandler_1Sec_TimeoutTimer          
200209e5  PRCMSysResetCauseGet                  
20020a11  SoftReset_ImageSensor                 
20020a69  setDataBufferPointer                  
20020a95  TimerLoadSet                          
20020abf  TimerPrescaleSet                      
20020ae9  _Dclass                               
20020b13  util_u64_time_add                     
20020b3d  OTA_Update                            
20020b69  CameraIntStatus                       
20020b91  InitTerm                              
20020be1  Message                               
20020c09  PRCMPeripheralClkDisable              
20020c31  strncat                               
20020c59  sl_NetAppStart                        
20020c81  sl_NetAppStop                         
20020ca9  CameraThresholdSet                    
20020ccf  NwpRegisterInterruptHandler           
20020cf5  strncmp                               
20020d1d  CameraIntClear                        
20020d41  IntHandler_100mSecTimer               
20020d65  IntUnregister                         
20020dad  Timer_IF_Start                        
20020dd1  UARTEnable                            
20020df5  WriteAllAEnAWBRegs                    
20020e19  _SlDrvProtectionObjLockWaitForever    
20020e3d  magnetometer_initialize               
20020e61  reload_periodicTimer                  
20020e85  __aeabi_ui2f                          
20020ea9  CameraCaptureStart                    
20020ecb  I2CMasterSlaveAddrSet                 
20020eed  SL_FD_SET                             
20020f0f  SPIReset                              
20020f31  SPIWordCountSet                       
20020f53  frexp                                 
20020f75  memcmp                                
20020f97  GPIOPinWrite                          
20020fb9  IntRegister                           
20020fd9  NwpPowerOn                            
20020ff9  Refresh_mt9d111Firmware               
20021019  Reset_byStarvingWDT                   
20021039  _SlDrvProtectionObjUnLock             
20021059  memchr                                
20021079  __aeabi_ui2d                          
20021099  I2CMasterIntStatusEx                  
200210b7  TimerDisable                          
200210d5  TimerEnable                           
200210f3  TimerIntStatus                        
20021111  UARTCharPut                           
2002114d  strcat                                
2002116d  ApplyAccelHAL                         
20021189  CameraSensorInit                      
200211a5  DmaSwIntHandler                       
200211c1  PinTypeI2C                            
200211dd  TimerValueGet                         
200211f9  _SlDrvObjLockWaitForever              
20021215  _SlDrvSyncObjWaitForever              
20021231  memccpy                               
2002124d  stop_100mSecTimer                     
20021269  stop_1Sec_TimeoutTimer                
20021285  uDMAChannelDisable                    
200212a1  uDMAChannelEnable                     
200212bd  vApplicationMallocFailedHook          
200212d9  PinTypeCamera                         
200212f3  PinTypeUART                           
2002130d  SPIDmaDisable                         
20021327  SPIDmaEnable                          
20021341  SPIFIFODisable                        
2002135b  SPIFIFOEnable                         
20021375  CameraReset                           
200213a5  GPIOPinRead                           
200213bd  ISR_periodicInterrupt_timer           
200213d5  LED_Off                               
200213ed  LED_On                                
20021405  PRCMHibernateEnter                    
2002141d  SPICSDisable                          
20021435  SPICSEnable                           
2002144d  SPIDisable                            
20021465  SPIEnable                             
2002147d  TimerIntEnable                        
20021495  Timer_IF_InterruptClear               
200214ad  WatchdogStallEnable                   
200214c5  WatchdogUnlock                        
200214dd  _SlDrvObjUnLock                       
200214f5  _SlDrvSyncObjSignal                   
2002150d  _sl_GetStartResponseConvert           
2002153d  _args_main                            
20021555  strcmp                                
2002156d  CameraDMAEnable                       
20021583  CameraIntRegister                     
20021599  I2CMasterDataPut                      
200215af  I2CMasterEnable                       
200215c5  PRCMHIBRegRead                        
200215db  PRCMHIBRegWrite                       
200215f1  WatchdogEnable                        
20021607  _SlDrvMemZero                         
2002161d  strchr                                
20021633  CPUcpsie                              
20021649  IntVTableBaseSet                      
2002165d  LEDTimer_Stop                         
20021671  SetShutterWidth                       
20021685  _register_unlock                      
2002168b  _register_lock                        
20021693  _nop                                  
20021699  strcpy                                
200216ad  strlen                                
200216c1  uDMAControlBaseSet                    
200216d5  uDMAIntClear                          
200216e9  I2CMasterControl                      
200216fb  I2CMasterIntClearEx                   
2002170d  I2CMasterTimeoutSet                   
2002171f  TimerIntClear                         
20021731  WatchdogReloadSet                     
20021745  PRCMSOCReset                          
20021765  SL_FD_ZERO                            
20021775  Timer_IF_Stop                         
20021785  WatchdogIntClear                      
20021795  socketClose                           
200217a5  I2CMasterDataGet                      
200217b3  _SlDrvResetCmdExt                     
200217c1  __TI_decompress_none                  
200217cf  DmaErrorIntHandler                    
200217dd  NwpMaskInterrupt                      
200217e9  NwpUnMaskInterrupt                    
200217f5  cc_rtc_get                            
20021801  __TI_zero_init                        
2002180d  getInternalClient                     
20021819  sl_WlanDisconnect                     
20021825  uDMAEnable                            
20021831  uDMAIntStatus                         
2002183d  IntMasterEnable                       
20021847  vApplicationStackOverflowHook         
20021851  sensorsTriggerSetup                   
20021859  MT9D111Delay                          
2002185f  ResetISR                              
20021865  UtilsDelay                            
2002186b  __TI_decompress_rle24                 
20021871  logf                                  
20021877  sinf                                  
2002187d  __abort_execution                     
20021881  _system_pre_init                      
20021b34  _ctypes_                              
2002217e  g_acSNTPserver                        
2002219c  g_acNumOfDaysPerMonth                 
200221a8  g_acDigits                            
200226dc  OpcodeTranslateTable                  
20022718  _SlPolicySetCmdCtrl                   
2002271c  _SlPolicyGetCmdCtrl                   
20022720  _SlProfileGetCmdCtrl                  
20022724  _SlProfileDelCmdCtrl                  
20022728  _SlWlanGetNetworkListCtrl             
2002272c  _SlRxFilterAddtCmdCtrl                
20022730  _SlRxFilterSetCmdCtrl                 
20022734  _SlRxFilterGetCmdCtrl                 
20022738  _SlSmartConfigStartCmdCtrl            
2002273c  _SlWlanSetModeCmdCtrl                 
20022740  _SlWlanCfgSetCmdCtrl                  
20022744  _SlWlanCfgGetCmdCtrl                  
20022754  _SlActionLookupTable                  
200227c4  _SlFsOpenCmdCtrl                      
200227c8  _SlFsCloseCmdCtrl                     
200227cc  _SlFsReadCmdCtrl                      
200227d0  _SlFsWriteCmdCtrl                     
200227d4  _SlFsGetInfoCmdCtrl                   
200227d8  _SlFsDeleteCmdCtrl                    
20022868  g_H2NSyncPattern                      
20022870  g_H2NCnysPattern                      
20022878  RxMsgClassLUT                         
2002289c  _SlSockSocketCmdCtrl                  
200228a0  _SlSockCloseCmdCtrl                   
200228a4  _SlRecvfomCmdCtrl                     
200228a8  _SlSendCmdCtrl                        
200228ac  _SlListenCmdCtrl                      
200228b0  _SlAcceptCmdCtrl                      
200228b4  _SlRecvCmdCtrl                        
200228b8  _SlSetSockOptCmdCtrl                  
200228bc  _SlGetSockOptCmdCtrl                  
200228c0  _SlSelectCmdCtrl                      
20022928  g_acDaysOfWeek2013                    
200229a4  _SlNetAppStartCtrl                    
200229a8  _SlNetAppStopCtrl                     
200229ac  _SlGetServiceListeCtrl                
200229b0  _SlRegisterServiceCtrl                
200229b4  _SlGetHostByServiceCtrl               
200229b8  _SlGetHostByNameCtrl                  
200229bc  _SlNetAppSetCmdCtrl                   
200229c0  _SlNetAppSendTokenValueCmdCtrl        
200229c4  _SlNetAppGetCmdCtrl                   
200229cc  g_acMonthOfYear                       
20022aa8  g_deviceClientVersion                 
20022ad6  _SlStopCmdCtrl                        
20022ada  _SlEventMaskSetCmdCtrl                
20022ade  _SlEventMaskGetCmdCtrl                
20022ae2  _SlDeviceGetCmdCtrl                   
20022ae6  _SlDeviceSetCmdCtrl                   
20022afd  _SlPayloadByProtocolLUT               
20022b1c  pcDigits                              
20022b27  StartResponseLUT                      
20022b30  _SlNetCfgSetCmdCtrl                   
20022b34  _SlNetCfgGetCmdCtrl                   
20022b40  __TI_static_base__                    
200230b0  __TI_Handler_Table_Base               
200230bc  __TI_Handler_Table_Limit              
200230c8  __TI_CINIT_Base                       
200230d8  __TI_CINIT_Limit                      
20023c00  g_image_buffer                        
20037c00  thisMagBuffer                         
20038cf8  g_OtaCheckUpdateResponse              
20039144  thisMagCal                            
2003979c  thisMag                               
200397f4  g_SecParams                           
20039800  gpCtlTbl                              
20039c00  g_OtaFileMetadata                     
2003a1d8  g_StatMem                             
2003a350  __CIOBUF_                             
2003a470  gfpAppCallbackHndl                    
2003a638  thisSV_6DOF_GB_BASIC                  
2003a6e4  __TI_tmpnams                          
2003a784  g_CdnClient                           
2003a7f8  g_ucDinDout                           
2003a848  xQueueRegistry                        
2003a898  g_OtaApp                              
2003a8e4  g_OtaApp_statistics                   
2003a930  g_TimeData                            
2003a970  clientStateFileName                   
2003a9a4  g_cWlanSecurityKey                    
2003a9d8  thisAccel                             
2003aa0c  g_OtaClient                           
2003aa30  g_cWlanSSID                           
2003aa54  g_ucConnectionSSID                    
2003aa94  g_FlcSflashCb                         
2003aaa8  g_flag_blockFull                      
2003ab20  ang_buf                               
2003ab30  g_cResponseObjectID                   
2003ab40  globals                               
2003ab50  mqxglobals                            
2003ab60  g_Gain                                
2003ab68  g_LogClient                           
2003ab70  g_Struct_TimeStamp_MaxAngle           
2003ab78  g_Struct_TimeStamp_MinAngle           
2003ab80  g_Struct_TimeStamp_OpenAngle          
2003ab88  g_Struct_TimeStamp_SnapAngle          
2003ab90  g_TimeStamp_CamUp                     
2003ab98  g_TimeStamp_DoorClosed                
2003aba0  g_TimeStamp_MaxAngle                  
2003aba8  g_TimeStamp_MinAngle                  
2003abb0  g_TimeStamp_NWPUp                     
2003abb8  g_TimeStamp_OpenAngle                 
2003abc0  g_TimeStamp_PhotoSnap                 
2003abc8  g_TimeStamp_PhotoUploaded             
2003abd0  g_TimeStamp_SnapAngle                 
2003abd8  g_TimeStamp_cc3200Up                  
2003abe0  g_ucConnectionBSSID                   
2003abf8  DMAMsgQ                               
2003abfc  Elapsed_100MilliSecs                  
2003ac00  Elapsed_1Secs                         
2003ac08  angle_avg                             
2003ac0c  dataBuffer                            
2003ac10  g_angleOffset_to180                   
2003ac14  g_block_lastFilled                    
2003ac18  g_cDummy                              
2003ac1c  g_cWlanSecurityType                   
2003ac20  g_fBatteryVolt_atEnd                  
2003ac24  g_fBatteryVolt_atStart                
2003ac28  g_frame_size_in_bytes                 
2003ac2c  g_position_in_block                   
2003ac30  g_readHeader                          
2003ac38  g_ulAppStatus                         
2003ac3c  g_ulAppTimeout_ms                     
2003ac40  g_ulReloadVal                         
2003ac44  g_ulSimplelinkStatus                  
2003ac48  g_ulWatchdogCycles                    
2003ac4c  gdoor_40deg_angle                     
2003ac50  gdoor_90deg_angle                     
2003ac54  gdoor_OpenDeg_angle                   
2003ac64  g_RawMaxAngle                         
2003ac66  g_RawMinAngle                         
2003ac68  g_fMaxAngle                           
2003ac6a  g_fMinAngle                           
2003ac6c  RxIrqCnt                              
2003ac6d  avg_buffer_cnt                        
2003ac6e  captureTimeout_Flag                   
2003ac6f  checkForLight_Flag                    
2003ac70  cnt_LED_Timer                         
2003ac71  doPeriodicAction_flag                 
2003ac72  g_BlinkCount                          
2003ac73  g_I2CPeripheral_inUse_Flag            
2003ac74  g_NoOfBlinks                          
2003ac75  g_OffTime                             
2003ac76  g_OnTime                              
2003ac77  g_PhoneConnected_ToCC3200AP_flag      
2003ac78  g_Task1_Notification                  
2003ac79  g_Task3_Notification                  
2003ac7a  g_collect_timestamp                   
2003ac7c  g_flag_DataBlockFilled                
2003ac7d  g_flag_door_closing_45degree          
2003ac7e  g_frame_end                           
2003ac7f  g_ucAWBOff                            
2003ac80  g_ucAWBOn                             
2003ac81  g_ucAction                            
2003ac82  g_ucActionButton                      
2003ac83  g_ucAngle40                           
2003ac84  g_ucAngle90                           
2003ac85  g_ucCalibration                       
2003ac86  g_ucConfig                            
2003ac87  g_ucExitButton                        
2003ac88  g_ucFeedWatchdog                      
2003ac89  g_ucMagCalb                           
2003ac8a  g_ucPreviewStart                      
2003ac8b  g_ucPreviewStop                       
2003ac8c  g_ucProfileAdded                      
2003ac8d  g_ucPushButtonPressedTwice            
2003ac8e  g_ucReasonForFailure                  
2003ac8f  g_ucSAVE                              
2003ac90  iDone                                 
2003ac91  isitfirsttime                         
2003ac92  print_count                           
2003ac93  valid_case                            
2003ac98  _sys_memory                           
ffffffff  __binit__                             
ffffffff  __c_args__                            
ffffffff  binit                                 
UNDEFED   SHT$$INIT_ARRAY$$Base                 
UNDEFED   SHT$$INIT_ARRAY$$Limit                

[990 symbols]
