******************************************************************************
                  TI ARM Linker PC v5.2.2                      
******************************************************************************
>> Linked Thu Jun 18 20:38:53 2015

OUTPUT FILE NAME:   <ULP_SEC_CAM.out>
ENTRY POINT SYMBOL: "_c_int00"  address: 2001a679


MEMORY CONFIGURATION

         name            origin    length      used     unused   attr    fill
----------------------  --------  ---------  --------  --------  ----  --------
  SRAM_BOOTLDR          20000000   00004000  0000258c  00001a74  RW X
  SRAM_CODE             20004000   0001a000  00019064  00000f9c  RW X
  SRAM_DATA             2001e000   0001e000  00019dca  00004236  RW X


SEGMENT ALLOCATION MAP

run origin  load origin   length   init length attrs members
----------  ----------- ---------- ----------- ----- -------
20000000    20000000    0000158c   00000000    rw-
  20000000    20000000    0000158c   00000000    rw- .data
20003000    20003000    00001000   00000000    rw-
  20003000    20003000    00001000   00000000    rw- .stack
20004000    20004000    00019068   00019068    r-x
  20004000    20004000    00000400   00000400    r-- .intvecs
  20004400    20004400    00017220   00017220    r-x .text
  2001b620    2001b620    00000e54   00000e54    r-- .const
  2001c478    2001c478    00000bf0   00000bf0    r-- .cinit
2001e000    2001e000    00019dd0   00000000    rw-
  2001e000    2001e000    00015dca   00000000    rw- .bss
  20033dd0    20033dd0    00004000   00000000    rw- .sysmem


SECTION ALLOCATION MAP

 output                                  attributes/
section   page    origin      length       input sections
--------  ----  ----------  ----------   ----------------
.data      0    20000000    0000158c     UNINITIALIZED
                  20000000    00000600     camera_app.obj (.data:JPEG_StdHuffmanTbl)
                  20000600    00000400     camera_app.obj (.data:g_header)
                  20000a00    000003c9     cc3200_certificate.obj (.data:DigiCertHighAssuranceEVRootCA_der)
                  20000dc9    00000001     main_FXOS8700.obj (.data)
                  20000dca    00000001     tasks.obj (.data)
                  20000dcb    00000001     --HOLE--
                  20000dcc    00000184     simplelink.a : driver.obj (.data)
                  20000f50    000000f0     rtsv7M4_T_le_eabi.lib : defs.obj (.data:_ftable)
                  20001040    000000d0                           : lowlev.obj (.data)
                  20001110    000000b0                           : signal.obj (.data:sigtable)
                  200011c0    00000080                           : xvalues.obj (.data)
                  20001240    00000070                           : xlvalues.obj (.data)
                  200012b0    00000068                           : xfvalues.obj (.data)
                  20001318    00000064     simplelink.a : cc_pal.obj (.data)
                  2000137c    00000040     camera_app.obj (.data:JPEG_StdQuantTblC)
                  200013bc    00000040     camera_app.obj (.data:JPEG_StdQuantTblY)
                  200013fc    00000040     camera_app.obj (.data:zigzag)
                  2000143c    0000003c     main.obj (.data:g_token_get)
                  20001478    00000034     free_rtos.a : tasks.obj (.data)
                  200014ac    0000002c     cc3200_utils.obj (.data:lastDateTime)
                  200014d8    0000001c     main.obj (.data)
                  200014f4    00000018     cc3200_utils.obj (.data)
                  2000150c    00000018     request.obj (.data)
                  20001524    00000010     rtsv7M4_T_le_eabi.lib : defs.obj (.data)
                  20001534    0000000c     free_rtos.a : osi_freertos.obj (.data)
                  20001540    0000000c     rtsv7M4_T_le_eabi.lib : memory.obj (.data)
                  2000154c    00000008     camera_app.obj (.data)
                  20001554    00000008     rtsv7M4_T_le_eabi.lib : _lock.obj (.data)
                  2000155c    00000008                           : exit.obj (.data)
                  20001564    00000008                           : feraiseexcept.obj (.data)
                  2000156c    00000006     http.obj (.data)
                  20001572    00000002     --HOLE--
                  20001574    00000004     cc3200_certificate.obj (.data)
                  20001578    00000004     free_rtos.a : port.obj (.data)
                  2000157c    00000004     rtsv7M4_T_le_eabi.lib : errno.obj (.data)
                  20001580    00000004                           : fopen.obj (.data)
                  20001584    00000004                           : rand.obj (.data)
                  20001588    00000004                           : stkdepth_vars.obj (.data)

.TI.persistent 
*          0    20000000    00000000     UNINITIALIZED

.stack     0    20003000    00001000     UNINITIALIZED
                  20003000    00001000     --HOLE--

.intvecs   0    20004000    00000400     
                  20004000    00000400     startup_ccs.obj (.intvecs)

.text      0    20004400    00017220     
                  20004400    00001988     orientation.obj (.text)
                  20005d88    00001330     magnetic.obj (.text)
                  200070b8    00001258     free_rtos.a : tasks.obj (.text)
                  20008310    000010a6     rtsv7M4_T_le_eabi.lib : _printfi.obj (.text)
                  200093b6    00000002     driverlib.a : interrupt.obj (.text:IntDefaultHandler)
                  200093b8    00000f7c     network_relater_fns.obj (.text)
                  2000a334    00000ea4     camera_app.obj (.text)
                  2000b1d8    00000b24     free_rtos.a : queue.obj (.text)
                  2000bcfc    00000a6c     matrix.obj (.text)
                  2000c768    00000a18     mt9d111.obj (.text)
                  2000d180    0000095e     accelomtrMagntomtr_fxos8700.obj (.text)
                  2000dade    00000002     --HOLE-- [fill = 0]
                  2000dae0    00000944     request.obj (.text)
                  2000e424    000005de     cc3200_utils.obj (.text)
                  2000ea02    00000002     --HOLE-- [fill = 0]
                  2000ea04    00000558     tasks.obj (.text)
                  2000ef5c    000004b0     installation.obj (.text)
                  2000f40c    00000494     wifi_provisioning_thruAPmode.obj (.text)
                  2000f8a0    00000480     rtsv7M4_T_le_eabi.lib : pow.obj (.text)
                  2000fd20    0000045c     free_rtos.a : osi_freertos.obj (.text)
                  2001017c    000003f0     simplelink.a : driver.obj (.text:_SlDrvMsgRead)
                  2001056c    000003dc     rtsv7M4_T_le_eabi.lib : memory.obj (.text)
                  20010948    0000037c     cc3200_socket.obj (.text)
                  20010cc4    00000378     rtsv7M4_T_le_eabi.lib : powf.obj (.text)
                  2001103c    0000036c     simplelink.a : driver.obj (.text:_SlAsyncEventGenericHandler)
                  200113a8    00000318     main_FXOS8700.obj (.text)
                  200116c0    00000318     simplejson.obj (.text)
                  200119d8    0000030c     rtsv7M4_T_le_eabi.lib : lowlev.obj (.text)
                  20011ce4    000002e4                           : xlog.obj (.text)
                  20011fc8    000002e0     parse_uploads.obj (.text)
                  200122a8    000002d4     rtsv7M4_T_le_eabi.lib : trgdrv.obj (.text)
                  2001257c    00000298                           : vla_alloc.obj (.text)
                  20012814    00000290     cc3200_client_state.obj (.text)
                  20012aa4    00000280     main.obj (.text)
                  20012d24    00000230     approximations.obj (.text)
                  20012f54    0000020c     algorithm.obj (.text)
                  20013160    000001fc     rtsv7M4_T_le_eabi.lib : xexp.obj (.text)
                  2001335c    000001f4                           : ull_div_t2.obj (.text)
                  20013550    000001d0     tempRHSens_si7020.obj (.text)
                  20013720    000001c4     rtsv7M4_T_le_eabi.lib : fopen.obj (.text)
                  200138e4    000001bc                           : xflog.obj (.text)
                  20013aa0    000001b8     uartA1_if.obj (.text)
                  20013c58    000001b6     rtsv7M4_T_le_eabi.lib : fd_add_t2.obj (.text)
                  20013e0e    00000002     --HOLE-- [fill = 0]
                  20013e10    000001ac     cc3200_certificate.obj (.text)
                  20013fbc    000001ac     flash_files.obj (.text)
                  20014168    000001a4     simplelink.a : wlan.obj (.text:sl_WlanConnect)
                  2001430c    0000019c     rtsv7M4_T_le_eabi.lib : xfsin.obj (.text)
                  200144a8    00000194     collect_and_txit.obj (.text)
                  2001463c    00000194     udma_if.obj (.text)
                  200147d0    0000018c     i2c_if.obj (.text)
                  2001495c    00000188     rtsv7M4_T_le_eabi.lib : xlatan.obj (.text)
                  20014ae4    00000180     drivers.obj (.text)
                  20014c64    00000178     rtsv7M4_T_le_eabi.lib : tanf.obj (.text)
                  20014ddc    00000178                           : xfexp.obj (.text)
                  20014f54    00000174     fusion.obj (.text)
                  200150c8    00000170     i2cconfig.obj (.text)
                  20015238    0000016c     simplelink.a : driver.obj (.text:_SlDrvDataReadOp)
                  200153a4    00000168     rtsv7M4_T_le_eabi.lib : atan2l.obj (.text)
                  2001550c    00000150     http.obj (.text)
                  2001565c    00000140     simplelink.a : driver.obj (.text:_SlDrvRxHdrRead)
                  2001579c    00000140     rtsv7M4_T_le_eabi.lib : sqrt.obj (.text)
                  200158dc    0000013c                           : fmodf.obj (.text)
                  20015a18    00000136                           : fd_div_t2.obj (.text)
                  20015b4e    00000002     --HOLE-- [fill = 0]
                  20015b50    00000134     driverlib.a : prcm.obj (.text:PRCMCC3200MCUInit)
                  20015c84    00000134     rtsv7M4_T_le_eabi.lib : fputs.obj (.text)
                  20015db8    00000130     simplelink.a : cc_pal.obj (.text:spi_Open)
                  20015ee8    0000012c                  : driver.obj (.text:_SlDrvDataWriteOp)
                  20016014    0000012a     free_rtos.a : list.obj (.text)
                  2001613e    00000002     --HOLE-- [fill = 0]
                  20016140    00000120     simplelink.a : driver.obj (.text:_SlDrvMsgWrite)
                  20016260    0000011c                  : driver.obj (.text:_SlDrvWaitForPoolObj)
                  2001637c    00000110     free_rtos.a : port.obj (.text)
                  2001648c    00000110     i2c_app.obj (.text)
                  2001659c    00000110     rtsv7M4_T_le_eabi.lib : xdscale.obj (.text)
                  200166ac    00000108     lightSens_isl29035.obj (.text)
                  200167b4    00000108     simplelink.a : socket.obj (.text:sl_Select)
                  200168bc    000000fe     parse_impl.obj (.text)
                  200169ba    000000fc     rtsv7M4_T_le_eabi.lib : fd_mul_t2.obj (.text)
                  20016ab6    000000fa                           : fs_add_t2.obj (.text)
                  20016bb0    000000f0     simplelink.a : driver.obj (.text:_SlDrvReleasePoolObj)
                  20016ca0    000000f0     driverlib.a : udma.obj (.text:uDMAChannelTransferSet)
                  20016d90    000000e8     pinmux.obj (.text)
                  20016e78    000000e8     simplelink.a : socket.obj (.text:sl_Connect)
                  20016f60    000000e8                  : cc_pal.obj (.text:spi_Write)
                  20017048    000000dc     app_common.obj (.text)
                  20017124    000000dc     rtsv7M4_T_le_eabi.lib : setvbuf.obj (.text)
                  20017200    000000dc     simplelink.a : netapp.obj (.text:sl_NetAppDnsGetHostByName)
                  200172dc    000000d8     rtsv7M4_T_le_eabi.lib : xfatan.obj (.text)
                  200173b4    000000d0                           : xfdscale.obj (.text)
                  20017484    000000cc                           : sqrtf.obj (.text)
                  20017550    000000cc     simplelink.a : cc_pal.obj (.text:spi_Read)
                  2001761c    000000c8     rtsv7M4_T_le_eabi.lib : fflush.obj (.text)
                  200176e4    000000c8     simplelink.a : device.obj (.text:sl_Start)
                  200177ac    000000c4                  : device.obj (.text:sl_Stop)
                  20017870    000000c0     rtsv7M4_T_le_eabi.lib : xdint.obj (.text)
                  20017930    000000be                           : xdnorm.obj (.text)
                  200179ee    00000002     --HOLE-- [fill = 0]
                  200179f0    000000bc                           : acosf.obj (.text)
                  20017aac    000000ba     free_rtos.a : portasm.obj (.text)
                  20017b66    00000002     --HOLE-- [fill = 0]
                  20017b68    000000b4     simplelink.a : driver.obj (.text:_SlDrvMsgReadCmdCtx)
                  20017c1c    000000b4                  : netapp.obj (.text:_SlDrvNetAppEventHandler)
                  20017cd0    000000b0     hibernate_related_fns.obj (.text)
                  20017d80    000000b0     simplelink.a : socket.obj (.text:sl_Send)
                  20017e30    000000ac     rtsv7M4_T_le_eabi.lib : _io_perm.obj (.text)
                  20017edc    000000a8     driverlib.a : interrupt.obj (.text:IntDisable)
                  20017f84    000000a8                 : interrupt.obj (.text:IntEnable)
                  2001802c    000000a0                 : spi.obj (.text:SPIConfigSetExpClk)
                  200180cc    0000009c     rtsv7M4_T_le_eabi.lib : memcpy_t2.obj (.text)
                  20018168    00000098     simplelink.a : driver.obj (.text:_SlDrvClassifyRxMsg)
                  20018200    00000098                  : driver.obj (.text:_SlFindAndSetActiveObj)
                  20018298    00000098     rtsv7M4_T_le_eabi.lib : fclose.obj (.text)
                  20018330    00000098                           : fputc.obj (.text)
                  200183c8    00000094     driverlib.a : prcm.obj (.text:PRCMPeripheralClockGet)
                  2001845c    00000094     rtsv7M4_T_le_eabi.lib : snprintf.obj (.text)
                  200184f0    00000092                           : fs_div_t2.obj (.text)
                  20018582    00000002     --HOLE-- [fill = 0]
                  20018584    00000090     simplelink.a : driver.obj (.text:_SlDrvMsgReadSpawnCtx)
                  20018614    0000008c     rtsv7M4_T_le_eabi.lib : xfdint.obj (.text)
                  200186a0    0000008c     simplelink.a : fs.obj (.text:sl_FsRead)
                  2001872c    0000008c                  : fs.obj (.text:sl_FsWrite)
                  200187b8    0000008c                  : netapp.obj (.text:sl_NetAppMDNSRegisterUnregisterService)
                  20018844    00000088     driverlib.a : prcm.obj (.text:PRCMHibernateIntervalSet)
                  200188cc    00000088                 : pin.obj (.text:PinConfigSet)
                  20018954    00000088     rtsv7M4_T_le_eabi.lib : vsnprintf.obj (.text)
                  200189dc    00000086                           : fd_cmp_t2.obj (.text:__aeabi_cdcmple)
                  20018a62    00000086                           : fd_cmp_t2.obj (.text:__aeabi_cdrcmple)
                  20018ae8    00000084     driverlib.a : i2c.obj (.text:I2CMasterInitExpClk)
                  20018b6c    00000084     simplelink.a : driver.obj (.text:_SlDrvCmdOp)
                  20018bf0    00000080                  : cc_pal.obj (.text:NwpPowerOnPreamble)
                  20018c70    00000080     cc3200_debug.obj (.text)
                  20018cf0    0000007c     simplelink.a : driver.obj (.text:_SlDrvDriverCBInit)
                  20018d6c    0000007c                  : device.obj (.text:sl_DevGet)
                  20018de8    0000007c                  : fs.obj (.text:sl_FsClose)
                  20018e64    0000007a     rtsv7M4_T_le_eabi.lib : fs_mul_t2.obj (.text)
                  20018ede    0000007a                           : memset_t2.obj (.text)
                  20018f58    0000007a                           : xfdnorm.obj (.text)
                  20018fd2    00000002     --HOLE-- [fill = 0]
                  20018fd4    00000078     simplelink.a : cc_pal.obj (.text:SetupDMAReceive)
                  2001904c    00000078                  : netapp.obj (.text:_sl_HandleAsync_DnsGetHostByName)
                  200190c4    00000078                  : netapp.obj (.text:_sl_HandleAsync_PingResponse)
                  2001913c    00000078                  : wlan.obj (.text:sl_WlanGet)
                  200191b4    00000076     driverlib.a : uart.obj (.text:UARTConfigSetExpClk)
                  2001922a    00000002     --HOLE-- [fill = 0]
                  2001922c    00000074     simplelink.a : device.obj (.text:_sl_HandleAsync_InitComplete)
                  200192a0    00000074                  : cc_pal.obj (.text:spi_Close)
                  20019314    00000070                  : fs.obj (.text:sl_FsGetInfo)
                  20019384    0000006c                  : socket.obj (.text:_sl_TruncatePayloadByProtocol)
                  200193f0    0000006c     rtsv7M4_T_le_eabi.lib : autoinit.obj (.text)
                  2001945c    0000006c                           : fprintf.obj (.text)
                  200194c8    0000006a                           : copy_decompress_rle.obj (.text)
                  20019532    00000002     --HOLE-- [fill = 0]
                  20019534    00000068     driverlib.a : prcm.obj (.text:PRCMHibernateWakeUpGPIOSelect)
                  2001959c    00000068     simplelink.a : fs.obj (.text:_sl_GetCreateFsMode)
                  20019604    00000068                  : socket.obj (.text:_sl_HandleAsync_Connect)
                  2001966c    00000068     rtsv7M4_T_le_eabi.lib : trgmsg.obj (.text)
                  200196d4    00000066                           : xdunscal.obj (.text)
                  2001973a    00000002     --HOLE-- [fill = 0]
                  2001973c    00000064     simplelink.a : socket.obj (.text:_sl_HandleAsync_Accept)
                  200197a0    00000064                  : netapp.obj (.text:_sl_HandleAsync_DnsGetHostByService)
                  20019804    00000064     rtsv7M4_T_le_eabi.lib : fseek.obj (.text)
                  20019868    00000064     driverlib.a : udma.obj (.text:uDMAChannelAttributeDisable)
                  200198cc    00000064                 : udma.obj (.text:uDMAChannelAttributeEnable)
                  20019930    00000060     rtsv7M4_T_le_eabi.lib : fs_cmp_t2.obj (.text:__aeabi_cfcmple)
                  20019990    00000060                           : fs_cmp_t2.obj (.text:__aeabi_cfrcmple)
                  200199f0    00000060                           : sprintf.obj (.text)
                  20019a50    00000058     driverlib.a : interrupt.obj (.text:IntPendClear)
                  20019aa8    00000058                 : prcm.obj (.text:PRCMPeripheralReset)
                  20019b00    00000058     simplelink.a : driver.obj (.text:_SlDrvDriverCBDeinit)
                  20019b58    00000058                  : socket.obj (.text:_sl_HandleAsync_Select)
                  20019bb0    00000058                  : netapp.obj (.text:sl_NetAppSendTokenValue)
                  20019c08    00000056     rtsv7M4_T_le_eabi.lib : ltoa.obj (.text)
                  20019c5e    00000056                           : xfdunsca.obj (.text)
                  20019cb4    00000054     driverlib.a : interrupt.obj (.text:IntPrioritySet)
                  20019d08    00000054     simplelink.a : device.obj (.text:_sl_HandleAsync_Stop)
                  20019d5c    00000054                  : fs.obj (.text:sl_FsOpen)
                  20019db0    00000050     rtsv7M4_T_le_eabi.lib : fs_toull_t2.obj (.text)
                  20019e00    0000004c     driverlib.a : spi.obj (.text:SPIIntEnable)
                  20019e4c    0000004c     rtsv7M4_T_le_eabi.lib : atoi.obj (.text)
                  20019e98    0000004c                           : cpy_tbl.obj (.text)
                  20019ee4    0000004c                           : rand.obj (.text)
                  20019f30    0000004c     simplelink.a : device.obj (.text:sl_DevSet)
                  20019f7c    0000004c                  : socket.obj (.text:sl_SetSockOpt)
                  20019fc8    0000004c                  : wlan.obj (.text:sl_WlanSet)
                  2001a014    0000004c     driverlib.a : udma.obj (.text:uDMAChannelAssign)
                  2001a060    0000004a     simplelink.a : device.obj (.text:_sl_GetStartResponseConvert)
                  2001a0aa    0000004a     rtsv7M4_T_le_eabi.lib : fd_tos_t2.obj (.text)
                  2001a0f4    00000048     driverlib.a : prcm.obj (.text:PRCMHibernateWakeupSourceDisable)
                  2001a13c    00000048                 : prcm.obj (.text:PRCMHibernateWakeupSourceEnable)
                  2001a184    00000048                 : spi.obj (.text:SPIIntClear)
                  2001a1cc    00000048     simplelink.a : driver.obj (.text:_SlRemoveFromList)
                  2001a214    00000048     rtsv7M4_T_le_eabi.lib : fd_toi_t2.obj (.text)
                  2001a25c    00000048     simplelink.a : fs.obj (.text:sl_FsDel)
                  2001a2a4    00000048                  : netcfg.obj (.text:sl_NetCfgSet)
                  2001a2ec    00000046     rtsv7M4_T_le_eabi.lib : ldexp.obj (.text)
                  2001a332    00000002     --HOLE-- [fill = 0]
                  2001a334    00000044     driverlib.a : spi.obj (.text:SPIDmaMaskGet)
                  2001a378    00000044     rtsv7M4_T_le_eabi.lib : exit.obj (.text)
                  2001a3bc    00000044                           : fd_tou_t2.obj (.text)
                  2001a400    00000044     simplelink.a : socket.obj (.text:sl_Recv)
                  2001a444    00000040     driverlib.a : pin.obj (.text:PinModeSet)
                  2001a484    00000040     simplelink.a : driver.obj (.text:_SlDrvRxIrqHandler)
                  2001a4c4    00000040     rtsv7M4_T_le_eabi.lib : signal.obj (.text)
                  2001a504    00000040     simplelink.a : wlan.obj (.text:sl_WlanPolicySet)
                  2001a544    00000040                  : wlan.obj (.text:sl_WlanRxFilterSet)
                  2001a584    0000003e     rtsv7M4_T_le_eabi.lib : strncasecmp.obj (.text)
                  2001a5c2    00000002     --HOLE-- [fill = 0]
                  2001a5c4    0000003c     simplelink.a : cc_pal.obj (.text:NwpPowerOff)
                  2001a600    0000003c     driverlib.a : prcm.obj (.text:PRCMPeripheralClkEnable)
                  2001a63c    0000003c     simplelink.a : driver.obj (.text:_SlDrvObjInit)
                  2001a678    0000003c     rtsv7M4_T_le_eabi.lib : boot.obj (.text)
                  2001a6b4    0000003c     driverlib.a : udma.obj (.text:uDMAChannelControlSet)
                  2001a6f0    0000003a                 : camera.obj (.text:CameraCaptureStop)
                  2001a72a    0000003a                 : camera.obj (.text:CameraXClkConfig)
                  2001a764    00000038     free_rtos.a : heap_3.obj (.text)
                  2001a79c    00000038     rtsv7M4_T_le_eabi.lib : fs_tod_t2.obj (.text)
                  2001a7d4    00000038                           : fs_toi_t2.obj (.text)
                  2001a80c    00000038                           : i_tofs_t2.obj (.text)
                  2001a844    00000038     simplelink.a : socket.obj (.text:sl_Htonl)
                  2001a87c    00000036     driverlib.a : gpio.obj (.text:GPIODirModeSet)
                  2001a8b2    00000002     --HOLE-- [fill = 0]
                  2001a8b4    00000036     appflile_lightSensor.obj (.text)
                  2001a8ea    00000034     driverlib.a : camera.obj (.text:CameraParamsConfig)
                  2001a91e    00000002     --HOLE-- [fill = 0]
                  2001a920    00000034                 : prcm.obj (.text:PRCMPeripheralStatusGet)
                  2001a954    00000034                 : spi.obj (.text:SPIFIFOLevelSet)
                  2001a988    00000034     simplelink.a : driver.obj (.text:_SlDrvBasicCmd)
                  2001a9bc    00000034     rtsv7M4_T_le_eabi.lib : feraiseexcept.obj (.text)
                  2001a9f0    00000034                           : fs_tou_t2.obj (.text)
                  2001aa24    00000034                           : strstr.obj (.text)
                  2001aa58    00000034     simplelink.a : socket.obj (.text:sl_Htons)
                  2001aa8c    00000030                  : cc_pal.obj (.text:NwpPowerOn)
                  2001aabc    00000030     driverlib.a : pin.obj (.text:PinTypeGPIO)
                  2001aaec    00000030                 : uart.obj (.text:UARTDisable)
                  2001ab1c    00000030     rtsv7M4_T_le_eabi.lib : strncpy.obj (.text)
                  2001ab4c    00000030                           : xferaise.obj (.text)
                  2001ab7c    00000030     simplelink.a : socket.obj (.text:sl_Socket)
                  2001abac    0000002e     rtsv7M4_T_le_eabi.lib : i_tofd_t2.obj (.text)
                  2001abda    0000002e                           : raise.obj (.text)
                  2001ac08    0000002c     driverlib.a : camera.obj (.text:CameraIntEnable)
                  2001ac34    0000002c     simplelink.a : cc_pal.obj (.text:DmaSpiSwIntHandler)
                  2001ac60    0000002c     driverlib.a : i2c.obj (.text:I2CMasterErr)
                  2001ac8c    0000002c                 : prcm.obj (.text:PRCMSysResetCauseGet)
                  2001acb8    0000002c     simplelink.a : flowcont.obj (.text:_SlDrvFlowContDeinit)
                  2001ace4    0000002c                  : flowcont.obj (.text:_SlDrvFlowContInit)
                  2001ad10    0000002a                  : socket.obj (.text:_sl_BuildAddress)
                  2001ad3a    0000002a     rtsv7M4_T_le_eabi.lib : xdclass.obj (.text)
                  2001ad64    00000028     driverlib.a : camera.obj (.text:CameraIntStatus)
                  2001ad8c    00000028                 : prcm.obj (.text:PRCMPeripheralClkDisable)
                  2001adb4    00000028     rtsv7M4_T_le_eabi.lib : strncat.obj (.text)
                  2001addc    00000028     simplelink.a : wlan.obj (.text:sl_WlanSetMode)
                  2001ae04    00000026     driverlib.a : camera.obj (.text:CameraThresholdSet)
                  2001ae2a    00000026     rtsv7M4_T_le_eabi.lib : strncmp.obj (.text)
                  2001ae50    00000024     driverlib.a : camera.obj (.text:CameraIntClear)
                  2001ae74    00000024                 : interrupt.obj (.text:IntUnregister)
                  2001ae98    00000024                 : uart.obj (.text:UARTEnable)
                  2001aebc    00000024     rtsv7M4_T_le_eabi.lib : memmov.obj (.text)
                  2001aee0    00000024     simplelink.a : socket.obj (.text:sl_Close)
                  2001af04    00000024                  : netapp.obj (.text:sl_NetAppStart)
                  2001af28    00000024                  : netapp.obj (.text:sl_NetAppStop)
                  2001af4c    00000024                  : wlan.obj (.text:sl_WlanProfileDel)
                  2001af70    00000022     driverlib.a : camera.obj (.text:CameraCaptureStart)
                  2001af92    00000022                 : i2c.obj (.text:I2CMasterSlaveAddrSet)
                  2001afb4    00000022     simplelink.a : cc_pal.obj (.text:NwpRegisterInterruptHandler)
                  2001afd6    00000022     driverlib.a : spi.obj (.text:SPIReset)
                  2001aff8    00000022                 : spi.obj (.text:SPIWordCountSet)
                  2001b01a    00000022     rtsv7M4_T_le_eabi.lib : frexp.obj (.text)
                  2001b03c    00000022                           : memcmp.obj (.text)
                  2001b05e    00000020     driverlib.a : gpio.obj (.text:GPIOPinWrite)
                  2001b07e    00000002     --HOLE-- [fill = 0]
                  2001b080    00000020                 : interrupt.obj (.text:IntRegister)
                  2001b0a0    00000020     simplelink.a : driver.obj (.text:_SlDrvCmdSend)
                  2001b0c0    00000020                  : device.obj (.text:_SlDrvDeviceEventHandler)
                  2001b0e0    00000020     rtsv7M4_T_le_eabi.lib : memchr.obj (.text)
                  2001b100    00000020                           : u_tofd_t2.obj (.text)
                  2001b120    0000001e     driverlib.a : i2c.obj (.text:I2CMasterIntStatusEx)
                  2001b13e    0000001e                 : uart.obj (.text:UARTCharPut)
                  2001b15c    0000001c                 : pin.obj (.text:PinTypeI2C)
                  2001b178    0000001c     simplelink.a : driver.obj (.text:_SlDrvObjDeInit)
                  2001b194    0000001c     rtsv7M4_T_le_eabi.lib : memccpy.obj (.text)
                  2001b1b0    0000001c     driverlib.a : udma.obj (.text:uDMAChannelDisable)
                  2001b1cc    0000001c                 : udma.obj (.text:uDMAChannelEnable)
                  2001b1e8    0000001a     simplelink.a : netapp.obj (.text:CopyPingResultsToReport)
                  2001b202    0000001a     driverlib.a : pin.obj (.text:PinTypeCamera)
                  2001b21c    0000001a                 : pin.obj (.text:PinTypeUART)
                  2001b236    0000001a                 : spi.obj (.text:SPIDmaDisable)
                  2001b250    0000001a                 : spi.obj (.text:SPIDmaEnable)
                  2001b26a    0000001a                 : spi.obj (.text:SPIFIFODisable)
                  2001b284    0000001a                 : spi.obj (.text:SPIFIFOEnable)
                  2001b29e    00000018                 : camera.obj (.text:CameraReset)
                  2001b2b6    00000018                 : gpio.obj (.text:GPIOPinRead)
                  2001b2ce    00000002     --HOLE-- [fill = 0]
                  2001b2d0    00000018                 : prcm.obj (.text:PRCMHibernateEnter)
                  2001b2e8    00000018                 : spi.obj (.text:SPICSDisable)
                  2001b300    00000018                 : spi.obj (.text:SPICSEnable)
                  2001b318    00000018                 : spi.obj (.text:SPIDisable)
                  2001b330    00000018                 : spi.obj (.text:SPIEnable)
                  2001b348    00000018     rtsv7M4_T_le_eabi.lib : args_main.obj (.text)
                  2001b360    00000018                           : strcmp.obj (.text)
                  2001b378    00000016     driverlib.a : camera.obj (.text:CameraDMAEnable)
                  2001b38e    00000016                 : camera.obj (.text:CameraIntRegister)
                  2001b3a4    00000016                 : i2c.obj (.text:I2CMasterDataPut)
                  2001b3ba    00000016                 : i2c.obj (.text:I2CMasterEnable)
                  2001b3d0    00000016                 : prcm.obj (.text:PRCMHIBRegRead)
                  2001b3e6    00000016                 : prcm.obj (.text:PRCMHIBRegWrite)
                  2001b3fc    00000016                 : uart.obj (.text:UARTCharGet)
                  2001b412    00000016     simplelink.a : driver.obj (.text:_SlDrvShiftDWord)
                  2001b428    00000016                  : fs.obj (.text:_sl_Strlen)
                  2001b43e    00000016     rtsv7M4_T_le_eabi.lib : strchr.obj (.text)
                  2001b454    00000016     driverlib.a : udma.obj (.text:uDMAIntRegister)
                  2001b46a    00000014                 : cpu.obj (.text:CPUcpsie)
                  2001b47e    00000002     --HOLE-- [fill = 0]
                  2001b480    00000014                 : interrupt.obj (.text:IntVTableBaseSet)
                  2001b494    00000014     rtsv7M4_T_le_eabi.lib : _lock.obj (.text)
                  2001b4a8    00000014                           : strcpy.obj (.text)
                  2001b4bc    00000014                           : strlen.obj (.text)
                  2001b4d0    00000014     driverlib.a : udma.obj (.text:uDMAControlBaseSet)
                  2001b4e4    00000014                 : udma.obj (.text:uDMAIntClear)
                  2001b4f8    00000012                 : i2c.obj (.text:I2CMasterControl)
                  2001b50a    00000012                 : i2c.obj (.text:I2CMasterIntClearEx)
                  2001b51c    00000012                 : i2c.obj (.text:I2CMasterTimeoutSet)
                  2001b52e    00000012     simplelink.a : netapp.obj (.text:sl_NetAppMDNSUnRegisterService)
                  2001b540    00000012     driverlib.a : udma.obj (.text:uDMAIntUnregister)
                  2001b552    00000002     --HOLE-- [fill = 0]
                  2001b554    00000010     simplelink.a : cc_pal.obj (.text:NwpMaskInterrupt)
                  2001b564    00000010                  : socket.obj (.text:SL_FD_SET)
                  2001b574    0000000e     driverlib.a : i2c.obj (.text:I2CMasterDataGet)
                  2001b582    0000000e     rtsv7M4_T_le_eabi.lib : copy_decompress_none.obj (.text:decompress:none)
                  2001b590    0000000e     startup_ccs.obj (.text)
                  2001b59e    00000002     --HOLE-- [fill = 0]
                  2001b5a0    0000000c     simplelink.a : cc_pal.obj (.text:NwpUnMaskInterrupt)
                  2001b5ac    0000000c     rtsv7M4_T_le_eabi.lib : copy_zero_init.obj (.text:decompress:ZI)
                  2001b5b8    0000000c     driverlib.a : udma.obj (.text:uDMADisable)
                  2001b5c4    0000000c                 : udma.obj (.text:uDMAEnable)
                  2001b5d0    0000000c                 : udma.obj (.text:uDMAIntStatus)
                  2001b5dc    0000000a                 : interrupt.obj (.text:IntMasterEnable)
                  2001b5e6    00000008     simplelink.a : wlan.obj (.text:sl_WlanDisconnect)
                  2001b5ee    00000006     i2cconfig.obj (.text:MT9D111Delay)
                  2001b5f4    00000006     simplelink.a : socket.obj (.text:SL_FD_ZERO)
                  2001b5fa    00000006     driverlib.a : utils.obj (.text:UtilsDelay)
                  2001b600    00000006     rtsv7M4_T_le_eabi.lib : copy_decompress_rle.obj (.text:decompress:rle24)
                  2001b606    00000006                           : log.obj (.text)
                  2001b60c    00000006                           : logf.obj (.text)
                  2001b612    00000006                           : sinf.obj (.text)
                  2001b618    00000004                           : error.obj (.text)
                  2001b61c    00000004                           : pre_init.obj (.text)

.const     0    2001b620    00000e54     
                  2001b620    0000013c     mt9d111.obj (.const:init_cmds_list)
                  2001b75c    00000101     rtsv7M4_T_le_eabi.lib : ctype.obj (.const:.string:_ctypes_)
                  2001b85d    00000002     tempRHSens_si7020.obj (.const:.string)
                  2001b85f    00000001     --HOLE-- [fill = 0]
                  2001b860    00000100     driverlib.a : pin.obj (.const:g_ulPinToPadMap)
                  2001b960    000000ec     simplelink.a : wlan.obj (.const)
                  2001ba4c    000000d4     driverlib.a : interrupt.obj (.const:g_pulRegs)
                  2001bb20    000000c8     mt9d111.obj (.const)
                  2001bbe8    000000c4     mt9d111.obj (.const:capture_cmds_list)
                  2001bcac    000000a8     driverlib.a : prcm.obj (.const:PRCM_PeriphRegsList)
                  2001bd54    00000004     --HOLE-- [fill = 0]
                  2001bd58    00000088     rtsv7M4_T_le_eabi.lib : xlatan.obj (.const)
                  2001bde0    00000080     driverlib.a : interrupt.obj (.const)
                  2001be60    0000005d     mt9d111.obj (.const:.string)
                  2001bebd    00000001     --HOLE-- [fill = 0]
                  2001bebe    00000050     mt9d111.obj (.const:$P$T25$26)
                  2001bf0e    0000004c     mt9d111.obj (.const:$P$T6$7)
                  2001bf5a    00000002     --HOLE-- [fill = 0]
                  2001bf5c    0000004c     simplelink.a : driver.obj (.const)
                  2001bfa8    0000004a     camera_app.obj (.const:.string)
                  2001bff2    00000005     main.obj (.const:.string)
                  2001bff7    00000001     --HOLE-- [fill = 0]
                  2001bff8    00000048     rtsv7M4_T_le_eabi.lib : xexp.obj (.const)
                  2001c040    00000040     network_relater_fns.obj (.const:.string)
                  2001c080    00000038     rtsv7M4_T_le_eabi.lib : xlog.obj (.const:p)
                  2001c0b8    00000038                           : xflog.obj (.const)
                  2001c0f0    00000038     simplelink.a : fs.obj (.const)
                  2001c128    00000036     flash_files.obj (.const:.string)
                  2001c15e    00000002     --HOLE-- [fill = 0]
                  2001c160    00000034     rtsv7M4_T_le_eabi.lib : xfatan.obj (.const)
                  2001c194    00000034     simplelink.a : socket.obj (.const)
                  2001c1c8    00000030     rtsv7M4_T_le_eabi.lib : xdint.obj (.const)
                  2001c1f8    0000002c     cc3200_utils.obj (.const:$P$T0$1)
                  2001c224    0000002c     network_relater_fns.obj (.const:$P$T1$2)
                  2001c250    0000002b     parse_uploads.obj (.const:.string)
                  2001c27b    00000001     --HOLE-- [fill = 0]
                  2001c27c    00000028     mt9d111.obj (.const:$P$T5$6)
                  2001c2a4    00000028     rtsv7M4_T_le_eabi.lib : xfdint.obj (.const)
                  2001c2cc    00000028                           : xfsin.obj (.const)
                  2001c2f4    00000028     simplelink.a : netapp.obj (.const)
                  2001c31c    00000025     camera_app.obj (.const:.string:$P$T1$2)
                  2001c341    00000023     mt9d111.obj (.const:.string:$P$T1$2)
                  2001c364    00000022     network_relater_fns.obj (.const:.string:$P$T0$1)
                  2001c386    00000002     --HOLE-- [fill = 0]
                  2001c388    0000001c     rtsv7M4_T_le_eabi.lib : tanf.obj (.const)
                  2001c3a4    0000001c                           : xfexp.obj (.const)
                  2001c3c0    0000001b     wifi_provisioning_thruAPmode.obj (.const:.string)
                  2001c3db    00000001     --HOLE-- [fill = 0]
                  2001c3dc    00000018     driverlib.a : spi.obj (.const)
                  2001c3f4    00000017     request.obj (.const:.string)
                  2001c40b    00000016     collect_and_txit.obj (.const:.string)
                  2001c421    00000014     lightSens_isl29035.obj (.const:.string)
                  2001c435    00000014     network_relater_fns.obj (.const)
                  2001c449    00000003     --HOLE-- [fill = 0]
                  2001c44c    00000014     simplelink.a : device.obj (.const)
                  2001c460    0000000b     app_common.obj (.const:.string)
                  2001c46b    00000001     --HOLE-- [fill = 0]
                  2001c46c    00000008     simplelink.a : netcfg.obj (.const)

.cinit     0    2001c478    00000bf0     
                  2001c478    00000bcb     (.cinit..data.load) [load image, compression = rle]
                  2001d043    00000001     --HOLE-- [fill = 0]
                  2001d044    0000000c     (__TI_handler_table)
                  2001d050    00000008     (.cinit..bss.load) [load image, compression = zero_init]
                  2001d058    00000010     (__TI_cinit_table)

.init_array 
*          0    20004000    00000000     UNINITIALIZED

.bss       0    2001e000    00015dca     UNINITIALIZED
                  2001e000    00014000     main.obj (.bss:g_image_buffer)
                  20032000    00000b58     tasks.obj (.bss:thisMagBuffer)
                  20032b58    00000418     tasks.obj (.bss:thisMagCal)
                  20032f70    00000058     tasks.obj (.bss:thisMag)
                  20032fc8    00000034     cc3200_client_state.obj (.bss:clientStateFileName)
                  20032ffc    00000004     (.common:__Errorlog)
                  20033000    00000400     udma_if.obj (.bss:gpCtlTbl)
                  20033400    00000370     main.obj (.bss:g_NetEntries)
                  20033770    00000120     rtsv7M4_T_le_eabi.lib : trgmsg.obj (.bss:__CIOBUF_)
                  20033890    00000100     udma_if.obj (.bss:gfpAppCallbackHndl)
                  20033990    000000c8     free_rtos.a : tasks.obj (.bss:pxReadyTasksLists)
                  20033a58    000000ac     tasks.obj (.bss:thisSV_6DOF_GB_BASIC)
                  20033b04    000000a0     rtsv7M4_T_le_eabi.lib : defs.obj (.bss:__TI_tmpnams)
                  20033ba4    00000050     free_rtos.a : queue.obj (.bss:xQueueRegistry)
                  20033bf4    00000034     main.obj (.bss:g_cWlanSecurityKey)
                  20033c28    00000034     tasks.obj (.bss:thisAccel)
                  20033c5c    00000024     main.obj (.bss:g_cWlanSSID)
                  20033c80    00000024     main.obj (.bss:g_ucConnectionSSID)
                  20033ca4    0000001c     rtsv7M4_T_le_eabi.lib : vla_alloc.obj (.bss)
                  20033cc0    00000014     (.common:g_flag_blockFull)
                  20033cd4    00000014     (.common:xDelayedTaskList1)
                  20033ce8    00000014     (.common:xDelayedTaskList2)
                  20033cfc    00000014     (.common:xPendingReadyList)
                  20033d10    00000014     (.common:xSuspendedTaskList)
                  20033d24    00000014     (.common:xTasksWaitingTermination)
                  20033d38    00000010     (.common:ang_buf)
                  20033d48    00000010     (.common:globals)
                  20033d58    00000010     (.common:mqxglobals)
                  20033d68    0000000c     (.common:g_SecParams)
                  20033d74    00000008     (.common:g_ucConnectionBSSID)
                  20033d7c    00000008     (.common:parmbuf)
                  20033d84    00000004     (.common:angle_avg)
                  20033d88    00000004     (.common:angle_reading_del1)
                  20033d8c    00000004     (.common:angle_reading_del2)
                  20033d90    00000004     (.common:angle_reading_del3)
                  20033d94    00000004     (.common:angle_reading_del4)
                  20033d98    00000004     (.common:dataBuffer)
                  20033d9c    00000004     (.common:g_block_lastFilled)
                  20033da0    00000004     (.common:g_cWlanSecurityType)
                  20033da4    00000004     (.common:g_frame_size_in_bytes)
                  20033da8    00000004     (.common:g_header_length)
                  20033dac    00000004     (.common:g_position_in_block)
                  20033db0    00000004     (.common:g_readHeader)
                  20033db4    00000004     (.common:g_total_dma_intrpts)
                  20033db8    00000004     (.common:pxDelayedTaskList)
                  20033dbc    00000004     (.common:pxOverflowDelayedTaskList)
                  20033dc0    00000001     (.common:avg_buffer_cnt)
                  20033dc1    00000001     (.common:cnt_prakz2)
                  20033dc2    00000001     (.common:g_dma_txn_done)
                  20033dc3    00000001     (.common:g_flag_DataBlockFilled)
                  20033dc4    00000001     (.common:g_flag_door_closing_45degree)
                  20033dc5    00000001     (.common:g_frame_end)
                  20033dc6    00000001     (.common:iDone)
                  20033dc7    00000001     (.common:isitfirsttime)
                  20033dc8    00000001     (.common:open1_close0_invalid2)
                  20033dc9    00000001     (.common:valid_case)

.TI.noinit 
*          0    2001e000    00000000     UNINITIALIZED

.sysmem    0    20033dd0    00004000     UNINITIALIZED
                  20033dd0    00000008     rtsv7M4_T_le_eabi.lib : memory.obj (.sysmem)
                  20033dd8    00003ff8     --HOLE--


LINKER GENERATED COPY TABLES

__TI_cinit_table @ 2001d058 records: 2, size/record: 8, table size: 16
	.data: load addr=2001c478, load size=00000bcb bytes, run addr=20000000, run size=0000158c bytes, compression=rle
	.bss: load addr=2001d050, load size=00000008 bytes, run addr=2001e000, run size=00015dca bytes, compression=zero_init


LINKER GENERATED HANDLER TABLE

__TI_handler_table @ 2001d044 records: 3, size/record: 4, table size: 12
	index: 0, handler: __TI_decompress_rle24
	index: 1, handler: __TI_decompress_none
	index: 2, handler: __TI_zero_init


GLOBAL SYMBOLS: SORTED ALPHABETICALLY BY Name 

address   name                                  
-------   ----                                  
2000cd6d  AnalogGainReg_Read                    
2000ee91  ApplyAccelHAL                         
2000eea1  ApplyMagHAL                           
2001a379  C$$EXIT                               
2001969b  C$$IO$$                               
2000cccd  CCMRegs_Read                          
2001b46b  CPUcpsie                              
2000a8af  CamControllerInit                     
2001af71  CameraCaptureStart                    
2001a6f1  CameraCaptureStop                     
2001b379  CameraDMAEnable                       
2001ae51  CameraIntClear                        
2001ac09  CameraIntEnable                       
2001b38f  CameraIntRegister                     
2001ad65  CameraIntStatus                       
2001a8eb  CameraParamsConfig                    
2001b29f  CameraReset                           
2000c769  CameraSensorInit                      
2000c771  CameraSensorInit_SettingsFromFlash    
2001ae05  CameraThresholdSet                    
2001a72b  CameraXClkConfig                      
2000a35b  CaptureAndStore_Image                 
2000a58d  CaptureinRAM                          
2000a5e5  CaptureinRAM_StoreAfterCapture_Image  
20013ad9  ClearTerm                             
200144a9  CollectTxit_ImgTempRH                 
20012b83  Config_And_Start_CameraCapture        
2000968d  ConfigureMode                         
200093e9  ConfigureSimpleLinkToDefaultState     
200096e9  ConnectToNetwork                      
2000984d  ConnectToNetwork_STA                  
2001207b  ConstructDeviceStateObject            
2001b1e9  CopyPingResultsToReport               
20013fbd  CreateFile_Flash                      
20001324  DMAMsgQ                               
20014785  DMASetupTransfer                      
20001574  DigiCertHighAssuranceEVRootCA_der_len 
2000ccfd  DigitalGainRegs_Read                  
2001464f  DmaErrorIntHandler                    
2001ac35  DmaSpiSwIntHandler                    
2001463d  DmaSwIntHandler                       
2000d033  EnterStandby_mt9d111                  
20013adf  Error                                 
2000d089  ExitStandby_mt9d111                   
2000d775  FXOS8700CQ_Init                       
2000d859  FXOS8700CQ_Mag_Calibration            
20014ae5  FXOS8700_Init                         
20014b67  FXOS8700_ReadData                     
2000ea23  Fusion_Init                           
2000eb59  Fusion_Run                            
2001a87d  GPIODirModeSet                        
2001b2b7  GPIOPinRead                           
2001b05f  GPIOPinWrite                          
20013b13  GetCmd                                
20017cd1  HIBernate                             
20012535  HOSTclock                             
200124fd  HOSTclose                             
200124bf  HOSTgetenv                            
20012463  HOSTlseek                             
20012411  HOSTopen                              
200123c5  HOSTread                              
20012367  HOSTrename                            
2001232d  HOSTtime                              
200122f5  HOSTunlink                            
200122a9  HOSTwrite                             
200150e7  I2CBufferRead                         
2001518f  I2CBufferWrite                        
200150c9  I2CInit                               
2001b4f9  I2CMasterControl                      
2001b575  I2CMasterDataGet                      
2001b3a5  I2CMasterDataPut                      
2001b3bb  I2CMasterEnable                       
2001ac61  I2CMasterErr                          
20018ae9  I2CMasterInitExpClk                   
2001b50b  I2CMasterIntClearEx                   
2001b121  I2CMasterIntStatusEx                  
2001af93  I2CMasterSlaveAddrSet                 
2001b51d  I2CMasterTimeoutSet                   
20014947  I2C_IF_Close                          
2001491d  I2C_IF_Open                           
20014895  I2C_IF_Read                           
200148fd  I2C_IF_ReadFrom                       
20014833  I2C_IF_Write                          
20013aa1  InitTerm                              
20011fc9  InitialiseParse                       
200093b9  InitializeAppVariables                
20017edd  IntDisable                            
20017f85  IntEnable                             
2001b5dd  IntMasterEnable                       
20019a51  IntPendClear                          
20019cb5  IntPrioritySet                        
2001b081  IntRegister                           
2001ae75  IntUnregister                         
2001b481  IntVTableBaseSet                      
2001a8b5  IsLightOff                            
2000cde3  JPEGDataLength_read                   
20000000  JPEG_StdHuffmanTbl                    
2000137c  JPEG_StdQuantTblC                     
200013bc  JPEG_StdQuantTblY                     
2000cca5  JpegConfigReg_Read                    
20017093  LED_Blink                             
200170f9  LED_Off                               
200170ef  LED_On                                
2000ca8f  LL_Configs                            
2001b5ef  MT9D111Delay                          
2000ecb1  MagCal_Run                            
20012aad  Main_Task                             
20012b13  Main_Task_withHibernate               
20013abf  Message                               
2001b555  NwpMaskInterrupt                      
2001a5c5  NwpPowerOff                           
2001aa8d  NwpPowerOn                            
20018bf1  NwpPowerOnPreamble                    
2001afb5  NwpRegisterInterruptHandler           
2001b5a1  NwpUnMaskInterrupt                    
2000cda5  PCLK_Rate_read                        
20015b51  PRCMCC3200MCUInit                     
2001b3d1  PRCMHIBRegRead                        
2001b3e7  PRCMHIBRegWrite                       
2001b2d1  PRCMHibernateEnter                    
20018845  PRCMHibernateIntervalSet              
20019535  PRCMHibernateWakeUpGPIOSelect         
2001a0f5  PRCMHibernateWakeupSourceDisable      
2001a13d  PRCMHibernateWakeupSourceEnable       
2001ad8d  PRCMPeripheralClkDisable              
2001a601  PRCMPeripheralClkEnable               
200183c9  PRCMPeripheralClockGet                
20019aa9  PRCMPeripheralReset                   
2001a921  PRCMPeripheralStatusGet               
2001ac8d  PRCMSysResetCauseGet                  
200188cd  PinConfigSet                          
2001a445  PinModeSet                            
20016d91  PinMuxConfig                          
2001b203  PinTypeCamera                         
2001aabd  PinTypeGPIO                           
2001b15d  PinTypeI2C                            
2001b21d  PinTypeUART                           
20012b07  ProvisionAP_Task                      
2000f40d  ProvisioningAP                        
2000ea05  RdSensData_Init                       
2000ea41  RdSensData_Run                        
2000cae9  ReadAllAEnAWBRegs                     
200140b3  ReadFile_FromFlash                    
2000ce61  ReadMCUBootModeReg                    
2000ca69  RegStatusRead                         
20013bbd  Report                                
2001b591  ResetISR                              
2000ce2d  ResetImageSensorMCU                   
UNDEFED   SHT$$INIT_ARRAY$$Base                 
UNDEFED   SHT$$INIT_ARRAY$$Limit                
2001b565  SL_FD_SET                             
2001b5f5  SL_FD_ZERO                            
2001b2e9  SPICSDisable                          
2001b301  SPICSEnable                           
2001802d  SPIConfigSetExpClk                    
2001b319  SPIDisable                            
2001b237  SPIDmaDisable                         
2001b251  SPIDmaEnable                          
2001b331  SPIEnable                             
2001b26b  SPIFIFODisable                        
2001b285  SPIFIFOEnable                         
2001a955  SPIFIFOLevelSet                       
2001a185  SPIIntClear                           
20019e01  SPIIntEnable                          
2001afd7  SPIReset                              
2001aff9  SPIWordCountSet                       
200014d8  SecurityParams                        
200146cd  SetupTransfer                         
2000cd35  ShutterRegs_Read                      
2000a031  SimpleLinkHttpServerCallback          
20009b8d  SimpleLinkNetAppEventHandler          
20009f31  SimpleLinkSockEventHandler            
20009a49  SimpleLinkWlanEventHandler            
2000ce77  SoftReset_ImageSensor                 
2000a335  Standby_ImageSensor                   
2000c799  StartCapture_SettingsFromFlash        
2000c8bd  StartSensorInJpegMode                 
20012adb  Test_Task                             
20013b73  TrimSpace                             
2001b3fd  UARTCharGet                           
2001b13f  UARTCharPut                           
200191b5  UARTConfigSetExpClk                   
2001aaed  UARTDisable                           
2001ae99  UARTEnable                            
200146a5  UDMAChannelSelect                     
20014771  UDMADeInit                            
2001465b  UDMAInit                              
20014703  UDMASetupAutoMemTransfer              
20014727  UDMASetupPingPongTransfer             
2001b1b1  UDMAStopTransfer                      
20011fdf  UploadImageToParse                    
2001201b  UploadSensorDataToParse               
2001b5fb  UtilsDelay                            
2000ffe9  VDeleteSimpleLinkSpawnTask            
2000ff99  VStartSimpleLinkSpawnTask             
2000cecd  Variable_Read                         
2000ce9d  Verify_ImageSensor                    
2000a34f  Wakeup_ImageSensor                    
2000caab  WriteAllAEnAWBRegs                    
2000c7c7  WriteConfigRegFile_toFlash            
2000c891  WriteConfigRegFilefromUser_toFlash    
20014011  WriteFile_ToFlash                     
2001ad3b  _Dclass                               
200011c0  _Denorm                               
20017871  _Dint                                 
20017931  _Dnorm                                
2001659d  _Dscale                               
200196d5  _Dunscale                             
200011d0  _Eps                                  
2000157c  _Errno                                
20013161  _Exp                                  
200172dd  _FAtan                                
200012b0  _FDenorm                              
20018615  _FDint                                
20018f59  _FDnorm                               
200173b5  _FDscale                              
20019c5f  _FDunscale                            
200012c0  _FEps                                 
20014ddd  _FExp                                 
200012d0  _FInf                                 
200138e5  _FLog                                 
200012e0  _FNan                                 
20001300  _FRteps                               
2001430d  _FSin                                 
200012f0  _FSnan                                
20001310  _FXbig                                
20001314  _FZero                                
20001564  _Fenv                                 
2001ab4d  _Feraise                              
200011e0  _Hugeval                              
200011f0  _Inf                                  
2001495d  _LAtan                                
20001240  _LDenorm                              
20001250  _LEps                                 
20001260  _LInf                                 
20001270  _LNan                                 
20001290  _LRteps                               
20001280  _LSnan                                
200012a0  _LXbig                                
200012a8  _LZero                                
20011ce5  _Log                                  
20001200  _Nan                                  
20001220  _Rteps                                
2001c1b4  _SlAcceptCmdCtrl                      
2001bf70  _SlActionLookupTable                  
2001103d  _SlAsyncEventGenericHandler           
2001c458  _SlDeviceGetCmdCtrl                   
2001c45c  _SlDeviceSetCmdCtrl                   
2001a989  _SlDrvBasicCmd                        
20018169  _SlDrvClassifyRxMsg                   
20018b6d  _SlDrvCmdOp                           
2001b0a1  _SlDrvCmdSend                         
20015239  _SlDrvDataReadOp                      
20015ee9  _SlDrvDataWriteOp                     
2001b0c1  _SlDrvDeviceEventHandler              
20019b01  _SlDrvDriverCBDeinit                  
20018cf1  _SlDrvDriverCBInit                    
2001acb9  _SlDrvFlowContDeinit                  
2001ace5  _SlDrvFlowContInit                    
2001017d  _SlDrvMsgRead                         
20017b69  _SlDrvMsgReadCmdCtx                   
20018585  _SlDrvMsgReadSpawnCtx                 
20016141  _SlDrvMsgWrite                        
20017c1d  _SlDrvNetAppEventHandler              
2001b179  _SlDrvObjDeInit                       
2001a63d  _SlDrvObjInit                         
20016bb1  _SlDrvReleasePoolObj                  
2001565d  _SlDrvRxHdrRead                       
2001a485  _SlDrvRxIrqHandler                    
2001b413  _SlDrvShiftDWord                      
20016261  _SlDrvWaitForPoolObj                  
2001c454  _SlEventMaskGetCmdCtrl                
2001c450  _SlEventMaskSetCmdCtrl                
20018201  _SlFindAndSetActiveObj                
2001c0f4  _SlFsCloseCmdCtrl                     
2001c104  _SlFsDeleteCmdCtrl                    
2001c100  _SlFsGetInfoCmdCtrl                   
2001c0f0  _SlFsOpenCmdCtrl                      
2001c0f8  _SlFsReadCmdCtrl                      
2001c0fc  _SlFsWriteCmdCtrl                     
2001c30c  _SlGetHostByNameCtrl                  
2001c308  _SlGetHostByServiceCtrl               
2001c300  _SlGetServiceListeCtrl                
2001c1c0  _SlGetSockOptCmdCtrl                  
2001c1b0  _SlListenCmdCtrl                      
2001c318  _SlNetAppGetCmdCtrl                   
2001c314  _SlNetAppSendTokenValueCmdCtrl        
2001c310  _SlNetAppSetCmdCtrl                   
2001c2f8  _SlNetAppStartCtrl                    
2001c2fc  _SlNetAppStopCtrl                     
2001c470  _SlNetCfgGetCmdCtrl                   
2001c46c  _SlNetCfgSetCmdCtrl                   
2001b968  _SlPolicyGetCmdCtrl                   
2001b964  _SlPolicySetCmdCtrl                   
2001b970  _SlProfileDelCmdCtrl                  
2001b96c  _SlProfileGetCmdCtrl                  
2001c1b8  _SlRecvCmdCtrl                        
2001c1a8  _SlRecvfomCmdCtrl                     
2001c304  _SlRegisterServiceCtrl                
2001a1cd  _SlRemoveFromList                     
2001b978  _SlRxFilterAddtCmdCtrl                
2001b980  _SlRxFilterGetCmdCtrl                 
2001b97c  _SlRxFilterSetCmdCtrl                 
2001c1c4  _SlSelectCmdCtrl                      
2001c1ac  _SlSendCmdCtrl                        
2001c1bc  _SlSetSockOptCmdCtrl                  
2001b984  _SlSmartConfigStartCmdCtrl            
2001c1a4  _SlSockCloseCmdCtrl                   
2001c1a0  _SlSockSocketCmdCtrl                  
2001c44c  _SlStopCmdCtrl                        
2001b990  _SlWlanCfgGetCmdCtrl                  
2001b98c  _SlWlanCfgSetCmdCtrl                  
2001b974  _SlWlanGetNetworkListCtrl             
2001b988  _SlWlanSetModeCmdCtrl                 
20001210  _Snan                                 
20001568  _Tls_setup__Fenv                      
20001230  _Xbig                                 
20001238  _Zero                                 
20033770  __CIOBUF_                             
20004000  __STACK_END                           
00001000  __STACK_SIZE                          
00004000  __SYSMEM_SIZE                         
2001d058  __TI_CINIT_Base                       
2001d068  __TI_CINIT_Limit                      
2001d044  __TI_Handler_Table_Base               
2001d050  __TI_Handler_Table_Limit              
200193f1  __TI_auto_init                        
200137e9  __TI_cleanup                          
2000155c  __TI_cleanup_ptr                      
20018299  __TI_closefile                        
2001b583  __TI_decompress_none                  
2001b601  __TI_decompress_rle24                 
2001761d  __TI_doflush                          
20001560  __TI_dtors_ptr                        
20001524  __TI_ft_end                           
200090b1  __TI_printfi                          
20017e93  __TI_rd_ok                            
2001969f  __TI_readmsg                          
2001c478  __TI_static_base__                    
20033b04  __TI_tmpnams                          
2001966d  __TI_writemsg                         
20017e31  __TI_wrt_ok                           
2001b5ad  __TI_zero_init                        
2001b619  __abort_execution                     
200189dd  __aeabi_cdcmpeq                       
200189dd  __aeabi_cdcmple                       
20018a63  __aeabi_cdrcmple                      
20019931  __aeabi_cfcmpeq                       
20019931  __aeabi_cfcmple                       
20019991  __aeabi_cfrcmple                      
2001a0ab  __aeabi_d2f                           
2001a215  __aeabi_d2iz                          
2001a3bd  __aeabi_d2uiz                         
20013c63  __aeabi_dadd                          
20015a19  __aeabi_ddiv                          
200169bb  __aeabi_dmul                          
20013c59  __aeabi_dsub                          
2001a79d  __aeabi_f2d                           
2001a7d5  __aeabi_f2iz                          
2001a9f1  __aeabi_f2uiz                         
20019db1  __aeabi_f2ulz                         
20016abb  __aeabi_fadd                          
200184f1  __aeabi_fdiv                          
20018e65  __aeabi_fmul                          
20016ab7  __aeabi_fsub                          
2001abad  __aeabi_i2d                           
2001a80d  __aeabi_i2f                           
20018edf  __aeabi_memclr                        
20018edf  __aeabi_memclr4                       
20018edf  __aeabi_memclr8                       
200180cd  __aeabi_memcpy                        
200180cd  __aeabi_memcpy4                       
200180cd  __aeabi_memcpy8                       
20018ee1  __aeabi_memset                        
20018ee1  __aeabi_memset4                       
20018ee1  __aeabi_memset8                       
20001530  __aeabi_stderr                        
20001528  __aeabi_stdin                         
2000152c  __aeabi_stdout                        
2001b101  __aeabi_ui2d                          
2001335d  __aeabi_uldivmod                      
ffffffff  __binit__                             
ffffffff  __c_args__                            
20003000  __stack                               
20012685  __vla_alloc                           
2001257d  __vla_dealloc                         
20012605  __vla_dealloc_eh                      
2001b349  _args_main                            
2001a679  _c_int00                              
2001b75c  _ctypes_                              
20000f50  _ftable                               
20001554  _lock                                 
2001b4a3  _nop                                  
2001b49b  _register_lock                        
2001b495  _register_unlock                      
2001ad11  _sl_BuildAddress                      
2001959d  _sl_GetCreateFsMode                   
2001a061  _sl_GetStartResponseConvert           
2001973d  _sl_HandleAsync_Accept                
20019605  _sl_HandleAsync_Connect               
2001904d  _sl_HandleAsync_DnsGetHostByName      
200197a1  _sl_HandleAsync_DnsGetHostByService   
2001922d  _sl_HandleAsync_InitComplete          
200190c5  _sl_HandleAsync_PingResponse          
20019b59  _sl_HandleAsync_Select                
20019d09  _sl_HandleAsync_Stop                  
2001b429  _sl_Strlen                            
20019385  _sl_TruncatePayloadByProtocol         
20033dd0  _sys_memory                           
2001b61d  _system_pre_init                      
20001558  _unlock                               
2001a37d  abort                                 
200179f1  acosf                                 
20015587  addHttpRequestHeader                  
200155ad  addHttpRequestHeaderInt               
2001550d  addHttpRequestLine                    
20011c39  add_device                            
20033d38  ang_buf                               
20033d84  angle_avg                             
20033d88  angle_reading_del1                    
20033d8c  angle_reading_del2                    
20033d90  angle_reading_del3                    
20033d94  angle_reading_del4                    
200153a5  atan2l                                
20019e4d  atoi                                  
20033dc0  avg_buffer_cnt                        
2001554b  beginHttpGetRequest                   
2001553f  beginHttpRequest                      
ffffffff  binit                                 
2000daf1  buildRequestHeaders                   
20010915  calloc                                
20012f55  check_doorpos                         
2000d71d  clearAccelMotionIntrpt                
20032fc8  clientStateFileName                   
20011be9  close                                 
2000151c  cnt                                   
20033dc1  cnt_prakz2                            
2000d1c5  configureFXOS8700                     
200166ad  configureISL29035                     
20013597  configureTempRHSensor                 
20019e99  copy_in                               
2000af89  createAndWrite_ImageHeaderFile        
2000f099  createInstallation                    
2000e565  createNewInstallationId               
2000b0d7  create_JpegImageFile                  
20033d98  dataBuffer                            
20001520  dataBufferSize                        
20018c71  debugPrint                            
20018c8b  debugPrintf                           
2000cc5b  disableAE                             
2000cbd1  disableAWB                            
20007349  eTaskGetState                         
2000bfb5  eigencompute                          
2000cc19  enableAE                              
2000cb8d  enableAWB                             
20013e11  ensureCertificateFile                 
2001a385  exit                                  
20004697  f3DOFMagnetometerMatrixAndroid        
20004633  f3DOFMagnetometerMatrixNED            
20004697  f3DOFMagnetometerMatrixWin8           
20004401  f3DOFTiltAndroid                      
20004401  f3DOFTiltNED                          
20004509  f3DOFTiltWin8                         
2000bd7b  f3x3matrixAeqAxScalar                 
2000bcfd  f3x3matrixAeqI                        
2000bdd9  f3x3matrixAeqInvSymB                  
2000bdaf  f3x3matrixAeqMinusA                   
2000bd57  f3x3matrixAeqScalar                   
2000bf1f  f3x3matrixDetA                        
20004f85  fAndroidAnglesDegFromRotationMatrix   
20005d89  fInitMagCalibration                   
20014f55  fInit_6DOF_GB_BASIC                   
2000616d  fInvertMagCal                         
200057b9  fLPFOrientationQuaternion             
200058f1  fLPFScalar                            
20004ee1  fNEDAnglesDegFromRotationMatrix       
200052c5  fQuaternionFromRotationMatrix         
20005165  fQuaternionFromRotationVectorDeg      
20005411  fRotationMatrixFromQuaternion         
20005713  fRotationVectorDegFromQuaternion      
2000553d  fRotationVectorDegFromRotationMatrix  
20014fa9  fRun_6DOF_GB_BASIC                    
20006ac1  fUpdateCalibration10EIG               
20006295  fUpdateCalibration4INV                
20006715  fUpdateCalibration7EIG                
20005029  fWin8AnglesDegFromRotationMatrix      
20012d65  facos_deg                             
20012d25  fasin_deg                             
20012e73  fatan2_deg                            
20012eef  fatan_15deg                           
20012de3  fatan_deg                             
200182ff  fclose                                
200049a5  feCompassAndroid                      
20004705  feCompassNED                          
20004c41  feCompassWin8                         
2001a9bd  feraiseexcept                         
2000e4ff  fetchDeviceOSVersion                  
20017669  fflush                                
2001194b  findSecondJson                        
20000dc9  flag                                  
2000bd29  fmatrixAeqI                           
2000c3a5  fmatrixAeqInvA                        
2000c587  fmatrixAeqRenormRotA                  
200158dd  fmodf                                 
2001383f  fopen                                 
20019465  fprintf                               
20018331  fputc                                 
20015c85  fputs                                 
20005d6f  fqAeq1                                
20005cab  fqAeqNormqA                           
20010663  free                                  
20013815  freopen                               
2001b01b  frexp                                 
20019805  fseek                                 
20011495  fxos_calibrate                        
200114ed  fxos_get_initialYaw                   
200113a9  fxos_main                             
2001140f  fxos_main_waitfor40degrees            
2001154d  fxos_waitFor40Degrees                 
20000dd0  gFirstCmdMode                         
2001bf68  g_H2NCnysPattern                      
2001bf60  g_H2NSyncPattern                      
20033400  g_NetEntries                          
20033d68  g_SecParams                           
20001318  g_SpiFd                               
20000dd8  g_StatMem                             
20033d9c  g_block_lastFilled                    
20001328  g_cDummy                              
20033c5c  g_cWlanSSID                           
20033bf4  g_cWlanSecurityKey                    
20033da0  g_cWlanSecurityType                   
2001c3f4  g_deviceClientVersion                 
20033dc3  g_flag_DataBlockFilled                
20033cc0  g_flag_blockFull                      
20033dc4  g_flag_door_closing_45degree          
20033dc5  g_frame_end                           
20033da4  g_frame_size_in_bytes                 
20000600  g_header                              
20033da8  g_header_length                       
2001e000  g_image_buffer                        
200014f4  g_osVersion                           
20000dd4  g_pCB                                 
2000131c  g_pHostIntHdl                         
20004000  g_pfnVectors                          
20033dac  g_position_in_block                   
20033db0  g_readHeader                          
2000143c  g_token_get                           
200014f1  g_ucConnectedToConfAP                 
20033d74  g_ucConnectionBSSID                   
20033c80  g_ucConnectionSSID                    
20001320  g_ucDMAEnabled                        
2000132c  g_ucDinDout                           
200014f3  g_ucPriority                          
200014f0  g_ucProfileAdded                      
200014f2  g_ucProvisioningDone                  
200014ec  g_uiSimplelinkRole                    
200014e8  g_ulGatewayIP                         
20001550  g_ulPingPacketsRecv                   
200014e4  g_ulStatus                            
2000d589  getAccelerationMagnitude              
2000d44b  getDoorDirection                      
200155e5  getHttpResponseBody                   
200155bb  getHttpResponseStatus                 
2000f0e7  getInstallation                       
20016959  getInternalClient                     
2001671b  getLightsensor_data                   
20016747  getLightsensor_intrptStatus           
2000d505  getMagnFlux_3axis                     
2001197d  getPushJson                           
200135c3  getTempRH                             
20033890  gfpAppCallbackHndl                    
20033d48  globals                               
20033000  gpCtlTbl                              
2000dd29  headerSend                            
2001648d  i2cReadRegisters                      
2001653b  i2cReadRegistersTwoBytes              
200164cf  i2cWriteRegisters                     
20033dc6  iDone                                 
20005e59  iUpdateMagnetometerBuffer             
2000990d  initNetwork                           
20017049  intToASCII                            
20011963  isCompleteJson                        
2000e49f  isPingTime                            
20033dc7  isitfirsttime                         
2001a2ed  ldexp                                 
20012815  loadClientState                       
2001b607  log                                   
2001b60d  logf                                  
20011bc5  lseek                                 
20019c09  ltoa                                  
20012bf1  main                                  
20001588  main_func_sp                          
200105fb  malloc                                
200100ed  mem_Free                              
200100e1  mem_Malloc                            
2001010d  mem_copy                              
200100f9  mem_set                               
20010831  memalign                              
2001b195  memccpy                               
2001b0e1  memchr                                
2001b03d  memcmp                                
200180cd  memcpy                                
2001aebd  memmove                               
20018ee7  memset                                
2001056d  minit                                 
20033d58  mqxglobals                            
20011b17  open                                  
20033dc8  open1_close0_invalid2                 
20010163  osi_ContextRestore                    
20010161  osi_ContextSave                       
20010121  osi_EnterCritical                     
2001012b  osi_ExitCritical                      
2000fd47  osi_InterruptDeRegister               
2000fd21  osi_InterruptRegister                 
2000fe51  osi_LockObjCreate                     
2000fec5  osi_LockObjDelete                     
2000fed5  osi_LockObjLock                       
2000ff01  osi_LockObjUnlock                     
20010015  osi_MsgQCreate                        
20010059  osi_MsgQDelete                        
200100a5  osi_MsgQRead                          
20010073  osi_MsgQWrite                         
2001013d  osi_Sleep                             
2000ff2b  osi_Spawn                             
2000fe2f  osi_SyncObjClear                      
2000fd59  osi_SyncObjCreate                     
2000fd89  osi_SyncObjDelete                     
2000fda3  osi_SyncObjSignal                     
2000fdcb  osi_SyncObjSignalFromISR              
2000fe03  osi_SyncObjWait                       
2000fe77  osi_TaskCreate                        
2000feb7  osi_TaskDelete                        
2001014d  osi_TaskDisable                       
20010157  osi_TaskEnable                        
20010135  osi_start                             
20000dcc  pPingCallBackFunc                     
2000e2ab  parseGetErrorCode                     
2000f1e9  parseGetInstallationId                
200168bd  parseInitialize                       
2000e277  parseSendRequest                      
2000e201  parseSendRequestInternal              
2000f16d  parseSetInstallationId                
2000de71  payloadSend                           
2001c460  pcDigits                              
2000786d  pcTaskGetTaskName                     
20017b61  portCLZ                               
2000f8a1  pow                                   
20010cc5  powf                                  
20017b49  prvPortStartFirstTask                 
20018331  putc                                  
200183b5  putchar                               
20015d91  puts                                  
2001a765  pvPortMalloc                          
20001478  pxCurrentTCB                          
2001637d  pxPortInitialiseStack                 
20005a45  qAeqAxB                               
20005921  qAeqBxC                               
20005b79  qconjgAxB                             
2001abdb  raise                                 
20019efb  rand                                  
20011af3  read                                  
20010725  realloc                               
20011a69  remove                                
20011acb  remove_device                         
20011a8d  rename                                
20012041  retreiveImageIDfromHTTPResponse       
200128bd  saveClientState                       
2000e0e5  sendRequest                           
20017d2f  sensorsTriggerSetup                   
2000dae1  setDataBufferPointer                  
2000d409  setMotionDetectionThreshold           
200166db  setThreshold_lightsensor              
20017125  setvbuf                               
2001a4c5  signal                                
200116c1  simpleJsonProcessor                   
2001b613  sinf                                  
2001aee1  sl_Close                              
20016e79  sl_Connect                            
20018d6d  sl_DevGet                             
20019f31  sl_DevSet                             
20018de9  sl_FsClose                            
2001a25d  sl_FsDel                              
[...]
200166ad  configureISL29035                     
200166db  setThreshold_lightsensor              
2001671b  getLightsensor_data                   
20016747  getLightsensor_intrptStatus           
2001675b  verifyISL29035                        
200167b5  sl_Select                             
200168bd  parseInitialize                       
20016959  getInternalClient                     
200169bb  __aeabi_dmul                          
20016ab7  __aeabi_fsub                          
20016abb  __aeabi_fadd                          
20016bb1  _SlDrvReleasePoolObj                  
20016ca1  uDMAChannelTransferSet                
20016d91  PinMuxConfig                          
20016e79  sl_Connect                            
20016f61  spi_Write                             
20017049  intToASCII                            
20017093  LED_Blink                             
200170ef  LED_On                                
200170f9  LED_Off                               
20017125  setvbuf                               
20017201  sl_NetAppDnsGetHostByName             
200172dd  _FAtan                                
200173b5  _FDscale                              
20017485  sqrtf                                 
20017551  spi_Read                              
2001761d  __TI_doflush                          
20017669  fflush                                
200176e5  sl_Start                              
200177ad  sl_Stop                               
20017871  _Dint                                 
20017931  _Dnorm                                
200179f1  acosf                                 
20017ab1  ulPortSetInterruptMask                
20017ac7  vPortClearInterruptMask               
20017ad5  xPortPendSVHandler                    
20017b21  vPortSVCHandler                       
20017b49  prvPortStartFirstTask                 
20017b61  portCLZ                               
20017b69  _SlDrvMsgReadCmdCtx                   
20017c1d  _SlDrvNetAppEventHandler              
20017cd1  HIBernate                             
20017d2f  sensorsTriggerSetup                   
20017d81  sl_Send                               
20017e31  __TI_wrt_ok                           
20017e93  __TI_rd_ok                            
20017edd  IntDisable                            
20017f85  IntEnable                             
2001802d  SPIConfigSetExpClk                    
200180cd  __aeabi_memcpy                        
200180cd  __aeabi_memcpy4                       
200180cd  __aeabi_memcpy8                       
200180cd  memcpy                                
20018169  _SlDrvClassifyRxMsg                   
20018201  _SlFindAndSetActiveObj                
20018299  __TI_closefile                        
200182ff  fclose                                
20018331  fputc                                 
20018331  putc                                  
200183b5  putchar                               
200183c9  PRCMPeripheralClockGet                
2001845d  snprintf                              
200184f1  __aeabi_fdiv                          
20018585  _SlDrvMsgReadSpawnCtx                 
20018615  _FDint                                
200186a1  sl_FsRead                             
2001872d  sl_FsWrite                            
200187b9  sl_NetAppMDNSRegisterUnregisterService
20018845  PRCMHibernateIntervalSet              
200188cd  PinConfigSet                          
20018955  vsnprintf                             
200189dd  __aeabi_cdcmpeq                       
200189dd  __aeabi_cdcmple                       
20018a63  __aeabi_cdrcmple                      
20018ae9  I2CMasterInitExpClk                   
20018b6d  _SlDrvCmdOp                           
20018bf1  NwpPowerOnPreamble                    
20018c71  debugPrint                            
20018c8b  debugPrintf                           
20018cf1  _SlDrvDriverCBInit                    
20018d6d  sl_DevGet                             
20018de9  sl_FsClose                            
20018e65  __aeabi_fmul                          
20018edf  __aeabi_memclr                        
20018edf  __aeabi_memclr4                       
20018edf  __aeabi_memclr8                       
20018ee1  __aeabi_memset                        
20018ee1  __aeabi_memset4                       
20018ee1  __aeabi_memset8                       
20018ee7  memset                                
20018f59  _FDnorm                               
2001904d  _sl_HandleAsync_DnsGetHostByName      
200190c5  _sl_HandleAsync_PingResponse          
2001913d  sl_WlanGet                            
200191b5  UARTConfigSetExpClk                   
2001922d  _sl_HandleAsync_InitComplete          
200192a1  spi_Close                             
20019315  sl_FsGetInfo                          
20019385  _sl_TruncatePayloadByProtocol         
200193f1  __TI_auto_init                        
20019465  fprintf                               
20019535  PRCMHibernateWakeUpGPIOSelect         
2001959d  _sl_GetCreateFsMode                   
20019605  _sl_HandleAsync_Connect               
2001966d  __TI_writemsg                         
2001969b  C$$IO$$                               
2001969f  __TI_readmsg                          
200196d5  _Dunscale                             
2001973d  _sl_HandleAsync_Accept                
200197a1  _sl_HandleAsync_DnsGetHostByService   
20019805  fseek                                 
20019869  uDMAChannelAttributeDisable           
200198cd  uDMAChannelAttributeEnable            
20019931  __aeabi_cfcmpeq                       
20019931  __aeabi_cfcmple                       
20019991  __aeabi_cfrcmple                      
200199f1  sprintf                               
20019a51  IntPendClear                          
20019aa9  PRCMPeripheralReset                   
20019b01  _SlDrvDriverCBDeinit                  
20019b59  _sl_HandleAsync_Select                
20019bb1  sl_NetAppSendTokenValue               
20019c09  ltoa                                  
20019c5f  _FDunscale                            
20019cb5  IntPrioritySet                        
20019d09  _sl_HandleAsync_Stop                  
20019d5d  sl_FsOpen                             
20019db1  __aeabi_f2ulz                         
20019e01  SPIIntEnable                          
20019e4d  atoi                                  
20019e99  copy_in                               
20019ee5  srand                                 
20019efb  rand                                  
20019f31  sl_DevSet                             
20019f7d  sl_SetSockOpt                         
20019fc9  sl_WlanSet                            
2001a015  uDMAChannelAssign                     
2001a061  _sl_GetStartResponseConvert           
2001a0ab  __aeabi_d2f                           
2001a0f5  PRCMHibernateWakeupSourceDisable      
2001a13d  PRCMHibernateWakeupSourceEnable       
2001a185  SPIIntClear                           
2001a1cd  _SlRemoveFromList                     
2001a215  __aeabi_d2iz                          
2001a25d  sl_FsDel                              
2001a2a5  sl_NetCfgSet                          
2001a2ed  ldexp                                 
2001a379  C$$EXIT                               
2001a37d  abort                                 
2001a385  exit                                  
2001a3bd  __aeabi_d2uiz                         
2001a401  sl_Recv                               
2001a445  PinModeSet                            
2001a485  _SlDrvRxIrqHandler                    
2001a4c5  signal                                
2001a505  sl_WlanPolicySet                      
2001a545  sl_WlanRxFilterSet                    
2001a585  strncasecmp                           
2001a5c5  NwpPowerOff                           
2001a601  PRCMPeripheralClkEnable               
2001a63d  _SlDrvObjInit                         
2001a679  _c_int00                              
2001a6b5  uDMAChannelControlSet                 
2001a6f1  CameraCaptureStop                     
2001a72b  CameraXClkConfig                      
2001a765  pvPortMalloc                          
2001a785  vPortFree                             
2001a79d  __aeabi_f2d                           
2001a7d5  __aeabi_f2iz                          
2001a80d  __aeabi_i2f                           
2001a845  sl_Htonl                              
2001a87d  GPIODirModeSet                        
2001a8b5  IsLightOff                            
2001a8eb  CameraParamsConfig                    
2001a921  PRCMPeripheralStatusGet               
2001a955  SPIFIFOLevelSet                       
2001a989  _SlDrvBasicCmd                        
2001a9bd  feraiseexcept                         
2001a9f1  __aeabi_f2uiz                         
2001aa25  strstr                                
2001aa59  sl_Htons                              
2001aa8d  NwpPowerOn                            
2001aabd  PinTypeGPIO                           
2001aaed  UARTDisable                           
2001ab1d  strncpy                               
2001ab4d  _Feraise                              
2001ab7d  sl_Socket                             
2001abad  __aeabi_i2d                           
2001abdb  raise                                 
2001ac09  CameraIntEnable                       
2001ac35  DmaSpiSwIntHandler                    
2001ac61  I2CMasterErr                          
2001ac8d  PRCMSysResetCauseGet                  
2001acb9  _SlDrvFlowContDeinit                  
2001ace5  _SlDrvFlowContInit                    
2001ad11  _sl_BuildAddress                      
2001ad3b  _Dclass                               
2001ad65  CameraIntStatus                       
2001ad8d  PRCMPeripheralClkDisable              
2001adb5  strncat                               
2001addd  sl_WlanSetMode                        
2001ae05  CameraThresholdSet                    
2001ae2b  strncmp                               
2001ae51  CameraIntClear                        
2001ae75  IntUnregister                         
2001ae99  UARTEnable                            
2001aebd  memmove                               
2001aee1  sl_Close                              
2001aee1  socketClose                           
2001af05  sl_NetAppStart                        
2001af29  sl_NetAppStop                         
2001af4d  sl_WlanProfileDel                     
2001af71  CameraCaptureStart                    
2001af93  I2CMasterSlaveAddrSet                 
2001afb5  NwpRegisterInterruptHandler           
2001afd7  SPIReset                              
2001aff9  SPIWordCountSet                       
2001b01b  frexp                                 
2001b03d  memcmp                                
2001b05f  GPIOPinWrite                          
2001b081  IntRegister                           
2001b0a1  _SlDrvCmdSend                         
2001b0c1  _SlDrvDeviceEventHandler              
2001b0e1  memchr                                
2001b101  __aeabi_ui2d                          
2001b121  I2CMasterIntStatusEx                  
2001b13f  UARTCharPut                           
2001b15d  PinTypeI2C                            
2001b179  _SlDrvObjDeInit                       
2001b195  memccpy                               
2001b1b1  UDMAStopTransfer                      
2001b1b1  uDMAChannelDisable                    
2001b1cd  uDMAChannelEnable                     
2001b1e9  CopyPingResultsToReport               
2001b203  PinTypeCamera                         
2001b21d  PinTypeUART                           
2001b237  SPIDmaDisable                         
2001b251  SPIDmaEnable                          
2001b26b  SPIFIFODisable                        
2001b285  SPIFIFOEnable                         
2001b29f  CameraReset                           
2001b2b7  GPIOPinRead                           
2001b2d1  PRCMHibernateEnter                    
2001b2e9  SPICSDisable                          
2001b301  SPICSEnable                           
2001b319  SPIDisable                            
2001b331  SPIEnable                             
2001b349  _args_main                            
2001b361  strcmp                                
2001b379  CameraDMAEnable                       
2001b38f  CameraIntRegister                     
2001b3a5  I2CMasterDataPut                      
2001b3bb  I2CMasterEnable                       
2001b3d1  PRCMHIBRegRead                        
2001b3e7  PRCMHIBRegWrite                       
2001b3fd  UARTCharGet                           
2001b413  _SlDrvShiftDWord                      
2001b429  _sl_Strlen                            
2001b43f  strchr                                
2001b455  uDMAIntRegister                       
2001b46b  CPUcpsie                              
2001b481  IntVTableBaseSet                      
2001b495  _register_unlock                      
2001b49b  _register_lock                        
2001b4a3  _nop                                  
2001b4a9  strcpy                                
2001b4bd  strlen                                
2001b4d1  uDMAControlBaseSet                    
2001b4e5  uDMAIntClear                          
2001b4f9  I2CMasterControl                      
2001b50b  I2CMasterIntClearEx                   
2001b51d  I2CMasterTimeoutSet                   
2001b52f  sl_NetAppMDNSUnRegisterService        
2001b541  uDMAIntUnregister                     
2001b555  NwpMaskInterrupt                      
2001b565  SL_FD_SET                             
2001b575  I2CMasterDataGet                      
2001b583  __TI_decompress_none                  
2001b591  ResetISR                              
2001b5a1  NwpUnMaskInterrupt                    
2001b5ad  __TI_zero_init                        
2001b5b9  uDMADisable                           
2001b5c5  uDMAEnable                            
2001b5d1  uDMAIntStatus                         
2001b5dd  IntMasterEnable                       
2001b5e7  sl_WlanDisconnect                     
2001b5ef  MT9D111Delay                          
2001b5f5  SL_FD_ZERO                            
2001b5fb  UtilsDelay                            
2001b601  __TI_decompress_rle24                 
2001b607  log                                   
2001b60d  logf                                  
2001b613  sinf                                  
2001b619  __abort_execution                     
2001b61d  _system_pre_init                      
2001b75c  _ctypes_                              
2001b964  _SlPolicySetCmdCtrl                   
2001b968  _SlPolicyGetCmdCtrl                   
2001b96c  _SlProfileGetCmdCtrl                  
2001b970  _SlProfileDelCmdCtrl                  
2001b974  _SlWlanGetNetworkListCtrl             
2001b978  _SlRxFilterAddtCmdCtrl                
2001b97c  _SlRxFilterSetCmdCtrl                 
2001b980  _SlRxFilterGetCmdCtrl                 
2001b984  _SlSmartConfigStartCmdCtrl            
2001b988  _SlWlanSetModeCmdCtrl                 
2001b98c  _SlWlanCfgSetCmdCtrl                  
2001b990  _SlWlanCfgGetCmdCtrl                  
2001bf60  g_H2NSyncPattern                      
2001bf68  g_H2NCnysPattern                      
2001bf70  _SlActionLookupTable                  
2001c0f0  _SlFsOpenCmdCtrl                      
2001c0f4  _SlFsCloseCmdCtrl                     
2001c0f8  _SlFsReadCmdCtrl                      
2001c0fc  _SlFsWriteCmdCtrl                     
2001c100  _SlFsGetInfoCmdCtrl                   
2001c104  _SlFsDeleteCmdCtrl                    
2001c1a0  _SlSockSocketCmdCtrl                  
2001c1a4  _SlSockCloseCmdCtrl                   
2001c1a8  _SlRecvfomCmdCtrl                     
2001c1ac  _SlSendCmdCtrl                        
2001c1b0  _SlListenCmdCtrl                      
2001c1b4  _SlAcceptCmdCtrl                      
2001c1b8  _SlRecvCmdCtrl                        
2001c1bc  _SlSetSockOptCmdCtrl                  
2001c1c0  _SlGetSockOptCmdCtrl                  
2001c1c4  _SlSelectCmdCtrl                      
2001c2f8  _SlNetAppStartCtrl                    
2001c2fc  _SlNetAppStopCtrl                     
2001c300  _SlGetServiceListeCtrl                
2001c304  _SlRegisterServiceCtrl                
2001c308  _SlGetHostByServiceCtrl               
2001c30c  _SlGetHostByNameCtrl                  
2001c310  _SlNetAppSetCmdCtrl                   
2001c314  _SlNetAppSendTokenValueCmdCtrl        
2001c318  _SlNetAppGetCmdCtrl                   
2001c3f4  g_deviceClientVersion                 
2001c44c  _SlStopCmdCtrl                        
2001c450  _SlEventMaskSetCmdCtrl                
2001c454  _SlEventMaskGetCmdCtrl                
2001c458  _SlDeviceGetCmdCtrl                   
2001c45c  _SlDeviceSetCmdCtrl                   
2001c460  pcDigits                              
2001c46c  _SlNetCfgSetCmdCtrl                   
2001c470  _SlNetCfgGetCmdCtrl                   
2001c478  __TI_static_base__                    
2001d044  __TI_Handler_Table_Base               
2001d050  __TI_Handler_Table_Limit              
2001d058  __TI_CINIT_Base                       
2001d068  __TI_CINIT_Limit                      
2001e000  g_image_buffer                        
20032000  thisMagBuffer                         
20032b58  thisMagCal                            
20032f70  thisMag                               
20032fc8  clientStateFileName                   
20033000  gpCtlTbl                              
20033400  g_NetEntries                          
20033770  __CIOBUF_                             
20033890  gfpAppCallbackHndl                    
20033a58  thisSV_6DOF_GB_BASIC                  
20033b04  __TI_tmpnams                          
20033ba4  xQueueRegistry                        
20033bf4  g_cWlanSecurityKey                    
20033c28  thisAccel                             
20033c5c  g_cWlanSSID                           
20033c80  g_ucConnectionSSID                    
20033cc0  g_flag_blockFull                      
20033d38  ang_buf                               
20033d48  globals                               
20033d58  mqxglobals                            
20033d68  g_SecParams                           
20033d74  g_ucConnectionBSSID                   
20033d84  angle_avg                             
20033d88  angle_reading_del1                    
20033d8c  angle_reading_del2                    
20033d90  angle_reading_del3                    
20033d94  angle_reading_del4                    
20033d98  dataBuffer                            
20033d9c  g_block_lastFilled                    
20033da0  g_cWlanSecurityType                   
20033da4  g_frame_size_in_bytes                 
20033da8  g_header_length                       
20033dac  g_position_in_block                   
20033db0  g_readHeader                          
20033dc0  avg_buffer_cnt                        
20033dc1  cnt_prakz2                            
20033dc3  g_flag_DataBlockFilled                
20033dc4  g_flag_door_closing_45degree          
20033dc5  g_frame_end                           
20033dc6  iDone                                 
20033dc7  isitfirsttime                         
20033dc8  open1_close0_invalid2                 
20033dc9  valid_case                            
20033dd0  _sys_memory                           
ffffffff  __binit__                             
ffffffff  __c_args__                            
ffffffff  binit                                 
UNDEFED   SHT$$INIT_ARRAY$$Base                 
UNDEFED   SHT$$INIT_ARRAY$$Limit                

[851 symbols]
