******************************************************************************
                  TI ARM Linker PC v5.2.2                      
******************************************************************************
>> Linked Wed Aug 05 16:10:34 2015

OUTPUT FILE NAME:   <ULP_SEC_CAM.out>
ENTRY POINT SYMBOL: "_c_int00"  address: 2001f0f1


MEMORY CONFIGURATION

         name            origin    length      used     unused   attr    fill
----------------------  --------  ---------  --------  --------  ----  --------
  SRAM_BOOTLDR          20000000   00004000  0000293c  000016c4  RW X
  SRAM_CODE             20004000   0001e300  0001e023  000002dd  RW X
  SRAM_DATA             20022300   0001dd00  0001c36e  00001992  RW X


SEGMENT ALLOCATION MAP

run origin  load origin   length   init length attrs members
----------  ----------- ---------- ----------- ----- -------
20000000    20000000    0000093c   00000000    rw-
  20000000    20000000    0000093c   00000000    rw- .data
20002000    20002000    00002000   00000000    rw-
  20002000    20002000    00002000   00000000    rw- .stack
20004000    20004000    0001e028   0001e028    r-x
  20004000    20004000    00000400   00000400    r-- .intvecs
  20004400    20004400    0001c4b8   0001c4b8    r-x .text
  200208b8    200208b8    0000123b   0000123b    r-- .const
  20021af8    20021af8    00000530   00000530    r-- .cinit
20022400    20022400    0001c370   00000000    rw-
  20022400    20022400    0001736e   00000000    rw- .bss
  20039770    20039770    00005000   00000000    rw- .sysmem


SECTION ALLOCATION MAP

 output                                  attributes/
section   page    origin      length       input sections
--------  ----  ----------  ----------   ----------------
.data      0    20000000    0000093c     UNINITIALIZED
                  20000000    000003c9     cc3200_certificate.obj (.data:DigiCertHighAssuranceEVRootCA_der)
                  200003c9    00000001     tasks.obj (.data)
                  200003ca    00000002     --HOLE--
                  200003cc    000000f0     rtsv7M4_T_le_eabi.lib : defs.obj (.data:_ftable)
                  200004bc    000000d0                           : lowlev.obj (.data)
                  2000058c    000000b0                           : signal.obj (.data:sigtable)
                  2000063c    00000004     cc3200_certificate.obj (.data)
                  20000640    00000080     rtsv7M4_T_le_eabi.lib : xvalues.obj (.data)
                  200006c0    00000068                           : xfvalues.obj (.data)
                  20000728    00000064     network_relater_fns.obj (.data:Token)
                  2000078c    00000064     network_relater_fns.obj (.data:Value)
                  200007f0    0000003c     main.obj (.data:g_token_get)
                  2000082c    00000034     free_rtos.a : tasks.obj (.data)
                  20000860    00000024     main.obj (.data)
                  20000884    00000018     cc3200_utils.obj (.data)
                  2000089c    00000018     request.obj (.data)
                  200008b4    00000010     rtsv7M4_T_le_eabi.lib : defs.obj (.data)
                  200008c4    0000000c     free_rtos.a : osi_freertos.obj (.data)
                  200008d0    0000000c     rtsv7M4_T_le_eabi.lib : memory.obj (.data)
                  200008dc    00000009     simplelink.a : cc_pal.obj (.data)
                  200008e5    00000003     --HOLE--
                  200008e8    00000009                  : driver.obj (.data)
                  200008f1    00000003     --HOLE--
                  200008f4    00000008     camera_app.obj (.data)
                  200008fc    00000008     rtsv7M4_T_le_eabi.lib : _lock.obj (.data)
                  20000904    00000008                           : exit.obj (.data)
                  2000090c    00000008                           : feraiseexcept.obj (.data)
                  20000914    00000006     http.obj (.data)
                  2000091a    00000002     --HOLE--
                  2000091c    00000004     free_rtos.a : port.obj (.data)
                  20000920    00000004     middleware.a : rtc_hal.obj (.data)
                  20000924    00000004     ota.a : OtaHttp.obj (.data)
                  20000928    00000004     rtsv7M4_T_le_eabi.lib : errno.obj (.data)
                  2000092c    00000004                           : fopen.obj (.data)
                  20000930    00000004                           : rand.obj (.data)
                  20000934    00000004                           : stkdepth_vars.obj (.data)
                  20000938    00000004     user_configure_fn.obj (.data)

.TI.persistent 
*          0    20000000    00000000     UNINITIALIZED

.stack     0    20002000    00002000     UNINITIALIZED
                  20002000    00002000     --HOLE--

.intvecs   0    20004000    00000400     
                  20004000    00000400     startup_ccs.obj (.intvecs)

.text      0    20004400    0001c4b8     
                  20004400    00001258     free_rtos.a : tasks.obj (.text)
                  20005658    000010a6     rtsv7M4_T_le_eabi.lib : _printfi.obj (.text)
                  200066fe    00000002     startup_ccs.obj (.text:BusFaultHandler)
                  20006700    00000b24     free_rtos.a : queue.obj (.text)
                  20007224    00000a08     magnetic.obj (.text:fUpdateCalibration10EIG)
                  20007c2c    00000788     magnetic.obj (.text:fUpdateCalibration4INV)
                  200083b4    00000694     magnetic.obj (.text:fUpdateCalibration7EIG)
                  20008a48    00000688     matrix.obj (.text:eigencompute)
                  200090d0    00000610     ota.a : OtaHttp.obj (.text)
                  200096e0    000005ec     simplelink.a : driver.obj (.text:_SlDrvMsgRead)
                  20009ccc    00000584     magnetic.obj (.text:iUpdateMagnetometerBuffer)
                  2000a250    00000578     application_fn.obj (.text:application_fn)
                  2000a7c8    000004dc     network_relater_fns.obj (.text:SimpleLinkHttpServerCallback)
                  2000aca4    000004be     cc3200_utils.obj (.text:createNewInstallationId)
                  2000b162    00000002     driverlib.a : interrupt.obj (.text:IntDefaultHandler)
                  2000b164    0000045c     free_rtos.a : osi_freertos.obj (.text)
                  2000b5c0    0000044c     request.obj (.text:buildRequestHeaders)
                  2000ba0c    00000424     ota.a : OtaClient.obj (.text)
                  2000be30    0000040c           : OtaApp.obj (.text)
                  2000c23c    000003dc     rtsv7M4_T_le_eabi.lib : memory.obj (.text)
                  2000c618    000003b8     matrix.obj (.text:fmatrixAeqInvA)
                  2000c9d0    000003b4     network_relater_fns.obj (.text:SimpleLinkWlanEventHandler)
                  2000cd84    00000378     rtsv7M4_T_le_eabi.lib : powf.obj (.text)
                  2000d0fc    0000035c     ota.a : CdnClient.obj (.text)
                  2000d458    00000354     orientation.obj (.text:feCompassAndroid)
                  2000d7ac    00000354     orientation.obj (.text:feCompassWin8)
                  2000db00    00000350     orientation.obj (.text:feCompassNED)
                  2000de50    0000033c     door_position_detection_algorithm.obj (.text:Calculate_DoorOpenThresholdAngle)
                  2000e18c    00000338     ota.a : LogClient.obj (.text)
                  2000e4c4    00000324     tasks.obj (.text:MagCal_Run)
                  2000e7e8    0000030c     rtsv7M4_T_le_eabi.lib : lowlev.obj (.text)
                  2000eaf4    000002dc     network_relater_fns.obj (.text:ConfigureSimpleLinkToDefaultState)
                  2000edd0    000002d4     rtsv7M4_T_le_eabi.lib : trgdrv.obj (.text)
                  2000f0a4    000002a4     user_configure_fn.obj (.text:User_Configure)
                  2000f348    00000298     mt9d111.obj (.text:RegLstWrite)
                  2000f5e0    00000298     rtsv7M4_T_le_eabi.lib : vla_alloc.obj (.text)
                  2000f878    00000284     camera_app.obj (.text:CaptureImage)
                  2000fafc    00000284     parse_uploads.obj (.text:ConstructGroundDataObject)
                  2000fd80    0000027c     door_position_detection_algorithm.obj (.text:check_doorpos)
                  2000fffc    00000270     user_configure_fn.obj (.text:WiFiProvisioning)
                  2001026c    0000026e     simplejson.obj (.text:simpleJsonProcessor)
                  200104da    00000002     startup_ccs.obj (.text:IntDefaultHandler)
                  200104dc    00000268     user_configure_fn.obj (.text:Get_Calibration_MagSensor)
                  20010744    0000025c     lightSens_isl29035.obj (.text:configureISL29035)
                  200109a0    00000248     simplelink.a : driver.obj (.text:_SlDrvRxHdrRead)
                  20010be8    00000244                  : wlan.obj (.text:sl_WlanConnect)
                  20010e2c    00000220     ota.obj (.text:OTA_Run)
                  2001104c    00000220     rtsv7M4_T_le_eabi.lib : ll_div_t2.obj (.text)
                  2001126c    00000218     request.obj (.text:payloadSend)
                  20011484    000001f4     rtsv7M4_T_le_eabi.lib : ull_div_t2.obj (.text)
                  20011678    000001ec     main_FXOS8700.obj (.text:angleCheck_Initializations)
                  20011864    000001d4     Task_UserConfig.obj (.text:UserConfigure_Task)
                  20011a38    000001d0     simplelink.a : driver.obj (.text:_SlDrvReleasePoolObj)
                  20011c08    000001cc                  : driver.obj (.text:_SlDrvMsgWrite)
                  20011dd4    000001c8     main.obj (.text:main)
                  20011f9c    000001c4     tasks.obj (.text:RdSensData_Run)
                  20012160    000001c4     rtsv7M4_T_le_eabi.lib : fopen.obj (.text)
                  20012324    000001c0     magnetic.obj (.text:fInvertMagCal)
                  200124e4    000001bc     rtsv7M4_T_le_eabi.lib : xflog.obj (.text)
                  200126a0    000001b8     parse_uploads.obj (.text:ConstructUserConfigObject)
                  20012858    000001b6     rtsv7M4_T_le_eabi.lib : fd_add_t2.obj (.text)
                  20012a0e    00000002     startup_ccs.obj (.text:NmiSR)
                  20012a10    000001ac     parse_uploads.obj (.text:ConstructDeviceStateObject)
                  20012bbc    000001a8     user_configure_fn.obj (.text:AccessPtMode_HTTPServer_Start)
                  20012d64    000001a4     orientation.obj (.text:fQuaternionFromRotationMatrix)
                  20012f08    000001a4     cc3200_socket.obj (.text:socketSslConnect)
                  200130ac    000001a0     camera_app.obj (.text:CameraIntHandler)
                  2001324c    0000019c     rtsv7M4_T_le_eabi.lib : xfsin.obj (.text)
                  200133e8    00000190     simplelink.a : driver.obj (.text:_SlDrvWaitForPoolObj)
                  20013578    00000190     network_relater_fns.obj (.text:initNetwork)
                  20013708    0000018c     request.obj (.text:sendRequest)
                  20013894    00000188     matrix.obj (.text:f3x3matrixAeqInvSymB)
                  20013a1c    00000184     flc.a : flc.obj (.text)
                  20013ba0    00000180     fusion.obj (.text:fRun_6DOF_GB_BASIC)
                  20013d20    00000180     orientation.obj (.text:fWin8AnglesDegFromRotationMatrix)
                  20013ea0    00000178     rtsv7M4_T_le_eabi.lib : tanf.obj (.text)
                  20014018    00000178                           : xfexp.obj (.text)
                  20014190    00000174     simplelink.a : driver.obj (.text:_SlDrvDriverCBInit)
                  20014304    00000174     magnetic.obj (.text:fInitMagCalibration)
                  20014478    00000170     network_relater_fns.obj (.text:SimpleLinkNetAppEventHandler)
                  200145e8    00000170     simplelink.a : driver.obj (.text:_SlFindAndSetActiveObj)
                  20014758    00000168     ota.obj (.text:OTAServerInfoSet)
                  200148c0    00000165     network_relater_fns.obj (.text:SimpleLinkSockEventHandler)
                  20014a25    00000001     --HOLE-- [fill = 0]
                  20014a26    00000002     main.obj (.text:vApplicationIdleHook)
                  20014a28    00000164     tempRHSens_si7020.obj (.text:getTempRH)
                  20014b8c    00000160     tasks.obj (.text:Fusion_Run)
                  20014cec    00000160     network_relater_fns.obj (.text:WiFi_Connect)
                  20014e4c    0000015c     hibernate_related_fns.obj (.text:HIBernate)
                  20014fa8    00000158     drivers.obj (.text:FXOS8700_Init)
                  20015100    00000158     orientation.obj (.text:qAeqAxB)
                  20015258    00000158     orientation.obj (.text:qconjgAxB)
                  200153b0    00000150     Task_ImageCaptureConfigs.obj (.text:ImageSensor_CaptureConfigs_Task)
                  20015500    00000150     simplelink.a : cc_pal.obj (.text:spi_Open)
                  20015650    0000013c     rtsv7M4_T_le_eabi.lib : fmodf.obj (.text)
                  2001578c    0000013c     simplelink.a : socket.obj (.text:sl_Select)
                  200158c8    00000138     i2cconfig.obj (.text:I2CBufferRead)
                  20015a00    00000138     mt9d111.obj (.text:Register_Read)
                  20015b38    00000138     orientation.obj (.text:fLPFOrientationQuaternion)
                  20015c70    00000138     orientation.obj (.text:fRotationMatrixFromQuaternion)
                  20015da8    00000138     i2c_app.obj (.text:i2cWriteRegisters)
                  20015ee0    00000136     rtsv7M4_T_le_eabi.lib : fd_div_t2.obj (.text)
                  20016016    00000002     --HOLE-- [fill = 0]
                  20016018    00000134     driverlib.a : prcm.obj (.text:PRCMCC3200MCUInit)
                  2001614c    00000134     rtsv7M4_T_le_eabi.lib : fputs.obj (.text)
                  20016280    00000130     i2cconfig.obj (.text:I2CBufferWrite)
                  200163b0    0000012a     free_rtos.a : list.obj (.text)
                  200164da    00000002     --HOLE-- [fill = 0]
                  200164dc    00000128     mt9d111.obj (.text:Read_AllRegisters)
                  20016604    00000128     simplelink.a : driver.obj (.text:_SlDrvDataReadOp)
                  2001672c    00000116     drivers.obj (.text:FXOS8700_ReadData)
                  20016842    00000002     --HOLE-- [fill = 0]
                  20016844    00000110     free_rtos.a : port.obj (.text)
                  20016954    00000110     rtsv7M4_T_le_eabi.lib : xdscale.obj (.text)
                  20016a64    00000110     lightSens_isl29035.obj (.text:verifyISL29035)
                  20016b74    00000110     tempRHSens_si7020.obj (.text:verifyTempRHSensor)
                  20016c84    0000010c     flash_files.obj (.text:WriteFile_ToFlash)
                  20016d90    00000108     Task_Main.obj (.text:Main_Task_withHibernate)
                  20016e98    00000108     middleware.a : rtc_hal.obj (.text:rtc_fast_domain_counter_rd)
                  20016fa0    00000108     simplelink.a : socket.obj (.text:sl_Connect)
                  200170a8    00000108                  : socket.obj (.text:sl_Send)
                  200171b0    00000104     dbgFns.obj (.text:Check_I2CDevices)
                  200172b4    00000104     simplelink.a : driver.obj (.text:_SlDrvDataWriteOp)
                  200173b8    00000104     i2c_app.obj (.text:i2cReadRegistersTwoBytes)
                  200174bc    00000104     simplelink.a : netapp.obj (.text:sl_NetAppDnsGetHostByName)
                  200175c0    00000100     i2c_app.obj (.text:i2cReadRegisters)
                  200176c0    00000100     cc3200_client_state.obj (.text:loadClientState)
                  200177c0    000000fe     simplelink.a : netapp.obj (.text:_SlDrvNetAppEventHandler)
                  200178be    00000002     --HOLE-- [fill = 0]
                  200178c0    000000fc     pinmux.obj (.text:PinMuxConfig)
                  200179bc    000000fc     orientation.obj (.text:fqAeqNormqA)
                  20017ab8    000000fc     rtsv7M4_T_le_eabi.lib : fd_mul_t2.obj (.text)
                  20017bb4    000000fa                           : fs_add_t2.obj (.text)
                  20017cae    00000002     --HOLE-- [fill = 0]
                  20017cb0    000000f8     cc3200_certificate.obj (.text:ensureCertificateFile)
                  20017da8    000000f8     orientation.obj (.text:fAndroidAnglesDegFromRotationMatrix)
                  20017ea0    000000f8     orientation.obj (.text:fNEDAnglesDegFromRotationMatrix)
                  20017f98    000000f7     parse_uploads.obj (.text:Get_FridgeCamID)
                  2001808f    00000001     --HOLE-- [fill = 0]
                  20018090    000000f4     simplelink.a : driver.obj (.text:_SlDrvDriverCBDeinit)
                  20018184    000000f4     installation.obj (.text:getInstallation)
                  20018278    000000f4     app_common.obj (.text:intToASCII)
                  2001836c    000000f4     simplelink.a : fs.obj (.text:sl_FsRead)
                  20018460    000000f4     accelomtrMagntomtr_fxos8700.obj (.text:verifyAccelMagnSensor)
                  20018554    000000f2     cc3200_socket.obj (.text:socketRead)
                  20018646    00000002     --HOLE-- [fill = 0]
                  20018648    000000f0     camera_app.obj (.text:DMAConfig)
                  20018738    000000f0     driverlib.a : udma.obj (.text:uDMAChannelTransferSet)
                  20018828    000000ec     orientation.obj (.text:fRotationVectorDegFromQuaternion)
                  20018914    000000ec     simplelink.a : fs.obj (.text:sl_FsWrite)
                  20018a00    000000e8     appFns_BatteryLevelSense.obj (.text:Get_BatteryPercent)
                  20018ae8    000000e4     parse_uploads.obj (.text:UploadImageToParse)
                  20018bcc    000000e0     flash_files.obj (.text:ReadFile_FromFlash)
                  20018cac    000000e0     camera_app.obj (.text:Start_CameraCapture)
                  20018d8c    000000e0     parse_uploads.obj (.text:UploadGroundDataObjectToParse)
                  20018e6c    000000dc     parse_uploads.obj (.text:UploadSensorDataToParse)
                  20018f48    000000dc     parse_uploads.obj (.text:UploadUserConfigObjectToParse)
                  20019024    000000dc     rtsv7M4_T_le_eabi.lib : setvbuf.obj (.text)
                  20019100    000000dc     simplelink.a : cc_pal.obj (.text:spi_Read)
                  200191dc    000000d8                  : driver.obj (.text:_SlDrvClassifyRxMsg)
                  200192b4    000000d8     rtsv7M4_T_le_eabi.lib : xfatan.obj (.text)
                  2001938c    000000d4     ota.obj (.text:OTA_CommitImage)
                  20019460    000000d4     simplelink.a : device.obj (.text:sl_Stop)
                  20019534    000000d0     rtsv7M4_T_le_eabi.lib : xfdscale.obj (.text)
                  20019604    000000cc     approximations.obj (.text:fatan_deg)
                  200196d0    000000cc     rtsv7M4_T_le_eabi.lib : sqrtf.obj (.text)
                  2001979c    000000c8     mt9d111.obj (.text:EnterStandby_mt9d111)
                  20019864    000000c8     simplelink.a : netapp.obj (.text:_sl_HandleAsync_DnsGetHostByService)
                  2001992c    000000c8     rtsv7M4_T_le_eabi.lib : fflush.obj (.text)
                  200199f4    000000c4     mt9d111.obj (.text:ExitStandby_mt9d111)
                  20019ab8    000000c4     simplelink.a : driver.obj (.text:_SlRemoveFromList)
                  20019b7c    000000c0     i2c_if.obj (.text:I2C_IF_Read)
                  20019c3c    000000c0     user_configure_fn.obj (.text:WlanConnect)
                  20019cfc    000000be     rtsv7M4_T_le_eabi.lib : xdnorm.obj (.text)
                  20019dba    00000002     --HOLE-- [fill = 0]
                  20019dbc    000000bc     i2c_if.obj (.text:I2C_IF_Write)
                  20019e78    000000bc     main.obj (.text:InitializeAppVariables)
                  20019f34    000000bc     simplelink.a : driver.obj (.text:_SlDrvMsgReadCmdCtx)
                  20019ff0    000000bc     tempRHSens_si7020.obj (.text:configureTempRHSensor)
                  2001a0ac    000000bc     rtsv7M4_T_le_eabi.lib : acosf.obj (.text)
                  2001a168    000000bc     simplelink.a : device.obj (.text:sl_Start)
                  2001a224    000000ba     free_rtos.a : portasm.obj (.text)
                  2001a2de    00000002     --HOLE-- [fill = 0]
                  2001a2e0    000000b8     simplelink.a : driver.obj (.text:_SlAsyncEventGenericHandler)
                  2001a398    000000b8     installation.obj (.text:createInstallation)
                  2001a450    000000b4     simplelink.a : netapp.obj (.text:sl_NetAppMDNSRegisterUnregisterService)
                  2001a504    000000ac     user_configure_fn.obj (.text:CollectAngle)
                  2001a5b0    000000ac     mt9d111.obj (.text:Verify_ImageSensor)
                  2001a65c    000000ac     rtsv7M4_T_le_eabi.lib : _io_perm.obj (.text)
                  2001a708    000000ab     installation.obj (.text:getInstallationByIdCallback)
                  2001a7b3    00000001     --HOLE-- [fill = 0]
                  2001a7b4    000000aa     uartA1_if.obj (.text:Report)
                  2001a85e    00000002     --HOLE-- [fill = 0]
                  2001a860    000000a8     driverlib.a : interrupt.obj (.text:IntDisable)
                  2001a908    000000a8                 : interrupt.obj (.text:IntEnable)
                  2001a9b0    000000a8     simplelink.a : netcfg.obj (.text:sl_NetCfgGet)
                  2001aa58    000000a0     driverlib.a : spi.obj (.text:SPIConfigSetExpClk)
                  2001aaf8    000000a0     camera_app.obj (.text:Standby_ImageSensor)
                  2001ab98    000000a0     cc3200_socket.obj (.text:socketWrite)
                  2001ac38    0000009e     matrix.obj (.text:f3x3matrixDetA)
                  2001acd6    00000002     --HOLE-- [fill = 0]
                  2001acd8    0000009c     simplelink.a : driver.obj (.text:_SlDrvMsgReadSpawnCtx)
                  2001ad74    0000009c     approximations.obj (.text:fatan2_deg)
                  2001ae10    0000009c     rtsv7M4_T_le_eabi.lib : memcpy_t2.obj (.text)
                  2001aeac    0000009c     simplelink.a : device.obj (.text:sl_DevGet)
                  2001af48    00000098     camera_app.obj (.text:Config_CameraCapture)
                  2001afe0    00000098     LED_timer.obj (.text:IntrptHandler_LEDTimer)
                  2001b078    00000098     simplelink.a : fs.obj (.text:_sl_GetCreateFsMode)
                  2001b110    00000098     rtsv7M4_T_le_eabi.lib : fclose.obj (.text)
                  2001b1a8    00000098                           : fputc.obj (.text)
                  2001b240    00000096     parse_uploads.obj (.text:Add_NumberField_ToJSONString)
                  2001b2d6    00000002     --HOLE-- [fill = 0]
                  2001b2d8    00000094     driverlib.a : prcm.obj (.text:PRCMPeripheralClockGet)
                  2001b36c    00000094     approximations.obj (.text:facos_deg)
                  2001b400    00000094     lightSens_isl29035.obj (.text:getLightsensor_data)
                  2001b494    00000094     rtsv7M4_T_le_eabi.lib : snprintf.obj (.text)
                  2001b528    00000092     parse_impl.obj (.text:parseInitialize)
                  2001b5ba    00000092     rtsv7M4_T_le_eabi.lib : fs_div_t2.obj (.text)
                  2001b64c    00000090     network_relater_fns.obj (.text:InitializeUserConfigVariables)
                  2001b6dc    0000008c     app_common.obj (.text:LED_Blink_2)
                  2001b768    0000008c     simplelink.a : cc_pal.obj (.text:SetupDMAReceive)
                  2001b7f4    0000008c                  : cc_pal.obj (.text:SetupDMASend)
                  2001b880    0000008c                  : netapp.obj (.text:_sl_HandleAsync_DnsGetHostByName)
                  2001b90c    0000008c                  : netapp.obj (.text:_sl_HandleAsync_PingResponse)
                  2001b998    0000008c     rtsv7M4_T_le_eabi.lib : xfdint.obj (.text)
                  2001ba24    0000008c     simplelink.a : cc_pal.obj (.text:spi_Write)
                  2001bab0    00000088     driverlib.a : prcm.obj (.text:PRCMHibernateIntervalSet)
                  2001bb38    00000088                 : pin.obj (.text:PinConfigSet)
                  2001bbc0    00000088     rtsv7M4_T_le_eabi.lib : vsnprintf.obj (.text)
                  2001bc48    00000088     simplelink.a : fs.obj (.text:sl_FsClose)
                  2001bcd0    00000086     rtsv7M4_T_le_eabi.lib : fd_cmp_t2.obj (.text:__aeabi_cdcmple)
                  2001bd56    00000086                           : fd_cmp_t2.obj (.text:__aeabi_cdrcmple)
                  2001bddc    00000084     timer_if.obj (.text:GetPeripheralIntNum)
                  2001be60    00000084     driverlib.a : i2c.obj (.text:I2CMasterInitExpClk)
                  2001bee4    00000084     simplelink.a : cc_pal.obj (.text:NwpPowerOnPreamble)
                  2001bf68    00000084     sendGroundData.obj (.text:SendGroundData)
                  2001bfec    00000084     matrix.obj (.text:f3x3matrixAeqI)
                  2001c070    00000084     fusion.obj (.text:fInit_6DOF_GB_BASIC)
                  2001c0f4    00000084     sendUserConfigDataToParse.obj (.text:sendUserConfigData)
                  2001c178    00000080     simplelink.a : driver.obj (.text:_SlDrvCmdOp)
                  2001c1f8    00000080                  : cc_pal.obj (.text:spi_Read_CPU)
                  2001c278    00000080                  : cc_pal.obj (.text:spi_Write_CPU)
                  2001c2f8    0000007c     driverlib.a : prcm.obj (.text:PRCMRTCGet)
                  2001c374    0000007c     camera_app.obj (.text:Wakeup_ImageSensor)
                  2001c3f0    0000007c     simplelink.a : device.obj (.text:_sl_HandleAsync_InitComplete)
                  2001c46c    0000007c     matrix.obj (.text:fmatrixAeqI)
                  2001c4e8    0000007c     simplelink.a : fs.obj (.text:sl_FsGetInfo)
                  2001c564    0000007a     rtsv7M4_T_le_eabi.lib : fs_mul_t2.obj (.text)
                  2001c5de    0000007a                           : memset_t2.obj (.text)
                  2001c658    0000007a                           : xfdnorm.obj (.text)
                  2001c6d2    00000002     --HOLE-- [fill = 0]
                  2001c6d4    00000078     network_relater_fns.obj (.text:ConfigureMode)
                  2001c74c    00000078     i2c_if.obj (.text:I2CTransact)
                  2001c7c4    00000078     parse_uploads.obj (.text:InitialiseParse)
                  2001c83c    00000078     NWP.obj (.text:NWP_SwitchOn)
                  2001c8b4    00000078     simplelink.a : socket.obj (.text:_sl_HandleAsync_Connect)
                  2001c92c    00000078                  : fs.obj (.text:sl_FsOpen)
                  2001c9a4    00000078                  : cc_pal.obj (.text:spi_Close)
                  2001ca1c    00000076     driverlib.a : uart.obj (.text:UARTConfigSetExpClk)
                  2001ca92    00000002     --HOLE-- [fill = 0]
                  2001ca94    00000074     NWP.obj (.text:NWP_SwitchOff)
                  2001cb08    00000074     appFns_LightSensor.obj (.text:PowerDown_LightSensor)
                  2001cb7c    00000074     middleware.a : rtc_hal.obj (.text:rtc_value_rd)
                  2001cbf0    00000074     simplelink.a : socket.obj (.text:sl_Recv)
                  2001cc64    00000073     installation.obj (.text:getInstallationCallback)
                  2001ccd7    00000001     --HOLE-- [fill = 0]
                  2001ccd8    00000072     timer_if.obj (.text:Timer_IF_IntSetup)
                  2001cd4a    00000002     --HOLE-- [fill = 0]
                  2001cd4c    00000070     batteryVoltLvlSens_adc081c021.obj (.text:Get_BatteryVoltageLevel_ADC081C021)
                  2001cdbc    00000070     camera_app.obj (.text:ReStart_CameraCapture)
                  2001ce2c    00000070     timer_fns.obj (.text:get_timeDuration)
                  2001ce9c    0000006c     camera_app.obj (.text:CamControllerInit)
                  2001cf08    0000006c     lightSens_isl29035.obj (.text:PowerDown_ISL29035)
                  2001cf74    0000006c     udma_if.obj (.text:UDMAInit)
                  2001cfe0    0000006c     simplelink.a : driver.obj (.text:_SlDrvCmdSend)
                  2001d04c    0000006c     matrix.obj (.text:f3x3matrixAeqMinusA)
                  2001d0b8    0000006c     request.obj (.text:parseSendRequestInternal)
                  2001d124    0000006c     rtsv7M4_T_le_eabi.lib : autoinit.obj (.text)
                  2001d190    0000006c                           : fprintf.obj (.text)
                  2001d1fc    0000006c                           : fs_toll_t2.obj (.text)
                  2001d268    0000006a     matrix.obj (.text:f3x3matrixAeqAxScalar)
                  2001d2d2    0000006a     rtsv7M4_T_le_eabi.lib : copy_decompress_rle.obj (.text)
                  2001d33c    00000069     http.obj (.text:beginHttpGetRequest)
                  2001d3a5    00000003     --HOLE-- [fill = 0]
                  2001d3a8    00000068     driverlib.a : prcm.obj (.text:PRCMHibernateWakeUpGPIOSelect)
                  2001d410    00000068     mt9d111.obj (.text:RestartSensorInJpegMode)
                  2001d478    00000068     mt9d111.obj (.text:StartSensorInJpegMode)
                  2001d4e0    00000068     simplelink.a : netapp.obj (.text:_sl_NetAppSendTokenValue)
                  2001d548    00000068     cc3200_utils.obj (.text:fetchDeviceOSVersion)
                  2001d5b0    00000068     rtsv7M4_T_le_eabi.lib : trgmsg.obj (.text)
                  2001d618    00000068     simplelink.a : device.obj (.text:sl_DevSet)
                  2001d680    00000068                  : netcfg.obj (.text:sl_NetCfgSet)
                  2001d6e8    00000068                  : socket.obj (.text:sl_SetSockOpt)
                  2001d750    00000068                  : wlan.obj (.text:sl_WlanSet)
                  2001d7b8    00000066     matrix.obj (.text:f3x3matrixAeqScalar)
                  2001d81e    00000066     rtsv7M4_T_le_eabi.lib : xdunscal.obj (.text)
                  2001d884    00000064     mt9d111.obj (.text:CCMRegs_Read)
                  2001d8e8    00000064     rtsv7M4_T_le_eabi.lib : fseek.obj (.text)
                  2001d94c    00000064     cc3200_socket.obj (.text:socketWait)
                  2001d9b0    00000064     tempRHSens_si7020.obj (.text:softResetTempRHSensor)
                  2001da14    00000064     driverlib.a : udma.obj (.text:uDMAChannelAttributeDisable)
                  2001da78    00000064                 : udma.obj (.text:uDMAChannelAttributeEnable)
                  2001dadc    00000060     watchdog.obj (.text:WatchdogIntHandler)
                  2001db3c    00000060     rtsv7M4_T_le_eabi.lib : fs_cmp_t2.obj (.text:__aeabi_cfcmple)
                  2001db9c    00000060                           : fs_cmp_t2.obj (.text:__aeabi_cfrcmple)
                  2001dbfc    00000060     simplelink.a : socket.obj (.text:_sl_HandleAsync_Accept)
                  2001dc5c    00000060     main_FXOS8700.obj (.text:fxosDefault_Initializations)
                  2001dcbc    00000060     lightSens_isl29035.obj (.text:getLightsensor_intrptStatus)
                  2001dd1c    00000060     accelomtrMagntomtr_fxos8700.obj (.text:getMagntData)
                  2001dd7c    00000060     rtsv7M4_T_le_eabi.lib : sprintf.obj (.text)
                  2001dddc    00000060     simplelink.a : wlan.obj (.text:sl_WlanPolicySet)
                  2001de3c    00000060     accelomtrMagntomtr_fxos8700.obj (.text:standby_accelMagn_fxos8700)
                  2001de9c    0000005c     ota.obj (.text:OTA_Init)
                  2001def8    0000005c     mt9d111.obj (.text:PCLK_Rate_read)
                  2001df54    0000005c     simplelink.a : socket.obj (.text:sl_Socket)
                  2001dfb0    00000058     driverlib.a : interrupt.obj (.text:IntPendClear)
                  2001e008    00000058                 : prcm.obj (.text:PRCMPeripheralReset)
                  2001e060    00000056     rtsv7M4_T_le_eabi.lib : ltoa.obj (.text)
                  2001e0b6    00000056                           : xfdunsca.obj (.text)
                  2001e10c    00000054     driverlib.a : interrupt.obj (.text:IntPrioritySet)
                  2001e160    00000054     simplelink.a : socket.obj (.text:_sl_HandleAsync_Select)
                  2001e1b4    00000054     approximations.obj (.text:fasin_deg)
                  2001e208    00000054     request.obj (.text:headerSend)
                  2001e25c    00000054     simplelink.a : wlan.obj (.text:sl_WlanRxFilterSet)
                  2001e2b0    00000051     installation.obj (.text:createInstallationCallback)
                  2001e301    00000003     --HOLE-- [fill = 0]
                  2001e304    00000050     i2c_if.obj (.text:I2C_IF_Open)
                  2001e354    00000050     camera_app.obj (.text:ImagCapture_Init)
                  2001e3a4    00000050     driverlib.a : prcm.obj (.text:PRCMSlowClkCtrGet)
                  2001e3f4    00000050     simplelink.a : device.obj (.text:_sl_HandleAsync_Stop)
                  2001e444    00000050     mt9d111.obj (.text:disableAE)
                  2001e494    00000050     mt9d111.obj (.text:disableAWB)
                  2001e4e4    00000050     rtsv7M4_T_le_eabi.lib : fs_toull_t2.obj (.text)
                  2001e534    00000050     simplelink.a : fs.obj (.text:sl_FsDel)
                  2001e584    0000004c     tasks.obj (.text:RdSensData_Init)
                  2001e5d0    0000004c     driverlib.a : spi.obj (.text:SPIIntEnable)
                  2001e61c    0000004c     watchdog.obj (.text:WDT_init)
                  2001e668    0000004c     simplelink.a : driver.obj (.text:_SlDrvProtectAsyncRespSetting)
                  2001e6b4    0000004c                  : driver.obj (.text:_SlDrvRxIrqHandler)
                  2001e700    0000004c                  : socket.obj (.text:_sl_BuildAddress)
                  2001e74c    0000004c     rtsv7M4_T_le_eabi.lib : atoi.obj (.text)
                  2001e798    0000004c                           : atol.obj (.text)
                  2001e7e4    0000004c                           : cpy_tbl.obj (.text)
                  2001e830    0000004c                           : rand.obj (.text)
                  2001e87c    0000004c     driverlib.a : udma.obj (.text:uDMAChannelAssign)
                  2001e8c8    0000004c     middleware.a : util64.obj (.text:util_u32_nsec_add)
                  2001e914    0000004a     rtsv7M4_T_le_eabi.lib : fd_tos_t2.obj (.text)
                  2001e95e    00000002     --HOLE-- [fill = 0]
                  2001e960    00000048     driverlib.a : prcm.obj (.text:PRCMHibernateWakeupSourceDisable)
                  2001e9a8    00000048                 : prcm.obj (.text:PRCMHibernateWakeupSourceEnable)
                  2001e9f0    00000048                 : spi.obj (.text:SPIIntClear)
                  2001ea38    00000048     mt9d111.obj (.text:Variable_Read)
                  2001ea80    00000048     simplelink.a : driver.obj (.text:_SlDrvBasicCmd)
                  2001eac8    00000048     http.obj (.text:addHttpRequestLine)
                  2001eb10    00000048     approximations.obj (.text:fatan_15deg)
                  2001eb58    00000048     rtsv7M4_T_le_eabi.lib : fd_toi_t2.obj (.text)
                  2001eba0    00000046                           : ldexp.obj (.text)
                  2001ebe6    00000002     --HOLE-- [fill = 0]
                  2001ebe8    00000044     driverlib.a : spi.obj (.text:SPIDmaMaskGet)
                  2001ec2c    00000044                 : timer.obj (.text:TimerConfigure)
                  2001ec70    00000044     udma_if.obj (.text:UDMASetupTransfer)
                  2001ecb4    00000044     simplelink.a : cc_pal.obj (.text:cc_SetupTransfer)
                  2001ecf8    00000044     main_FXOS8700.obj (.text:fxos_Calibration)
                  2001ed3c    00000044     rtsv7M4_T_le_eabi.lib : exit.obj (.text)
                  2001ed80    00000044                           : fd_tou_t2.obj (.text)
                  2001edc4    00000042     simplelink.a : socket.obj (.text:sl_Htonl)
                  2001ee06    00000002     --HOLE-- [fill = 0]
                  2001ee08    00000040     driverlib.a : pin.obj (.text:PinModeSet)
                  2001ee48    00000040     wdt_if.obj (.text:WDT_IF_Init)
                  2001ee88    00000040     http.obj (.text:getHttpResponseBody)
                  2001eec8    00000040     rtsv7M4_T_le_eabi.lib : signal.obj (.text)
                  2001ef08    00000040     timer_fns.obj (.text:start_1Sec_TimeoutTimer)
                  2001ef48    0000003e     appFns_LightSensor.obj (.text:IsLightOff)
                  2001ef86    0000003e     rtsv7M4_T_le_eabi.lib : strncasecmp.obj (.text)
                  2001efc4    0000003c     simplelink.a : netapp.obj (.text:CopyPingResultsToReport)
                  2001f000    0000003c     tasks.obj (.text:Fusion_Init)
                  2001f03c    0000003c     driverlib.a : prcm.obj (.text:PRCMPeripheralClkEnable)
                  2001f078    0000003c                 : prcm.obj (.text:PRCMSlowClkCtrFastGet)
                  2001f0b4    0000003c     simplelink.a : socket.obj (.text:_sl_TruncatePayloadByProtocol)
                  2001f0f0    0000003c     rtsv7M4_T_le_eabi.lib : boot.obj (.text)
                  2001f12c    0000003c     simplelink.a : socket.obj (.text:sl_Htons)
                  2001f168    0000003c     timer_fns.obj (.text:start_100mSecTimer)
                  2001f1a4    0000003c     driverlib.a : udma.obj (.text:uDMAChannelControlSet)
                  2001f1e0    0000003a                 : camera.obj (.text:CameraCaptureStop)
                  2001f21a    0000003a                 : camera.obj (.text:CameraXClkConfig)
                  2001f254    0000003a     orientation.obj (.text:fLPFScalar)
                  2001f28e    0000003a     request.obj (.text:parseSendRequest)
                  2001f2c8    00000039     http.obj (.text:addHttpRequestHeader)
                  2001f301    00000003     --HOLE-- [fill = 0]
                  2001f304    00000038     main.obj (.text:BoardInit)
                  2001f33c    00000038     LED_timer.obj (.text:LEDTimer_Enable)
                  2001f374    00000038     simplelink.a : cc_pal.obj (.text:NwpPowerOff)
                  2001f3ac    00000038     free_rtos.a : heap_3.obj (.text)
                  2001f3e4    00000038     rtsv7M4_T_le_eabi.lib : fs_tod_t2.obj (.text)
                  2001f41c    00000038                           : fs_toi_t2.obj (.text)
                  2001f454    00000038                           : i_tofs_t2.obj (.text)
                  2001f48c    00000036     driverlib.a : gpio.obj (.text:GPIODirModeSet)
                  2001f4c2    00000036     simplelink.a : netapp.obj (.text:sl_NetAppMDNSUnRegisterService)
                  2001f4f8    00000035     http.obj (.text:beginHttpRequest)
                  2001f52d    00000001     --HOLE-- [fill = 0]
                  2001f52e    00000034     driverlib.a : camera.obj (.text:CameraParamsConfig)
                  2001f562    00000002     --HOLE-- [fill = 0]
                  2001f564    00000034     LED_timer.obj (.text:LEDTimer_Start)
                  2001f598    00000034     driverlib.a : prcm.obj (.text:PRCMPeripheralStatusGet)
                  2001f5cc    00000034                 : spi.obj (.text:SPIFIFOLevelSet)
                  2001f600    00000034     http.obj (.text:getHttpResponseStatus)
                  2001f634    00000034     main_FXOS8700.obj (.text:get_angle)
                  2001f668    00000034     rtsv7M4_T_le_eabi.lib : feraiseexcept.obj (.text)
                  2001f69c    00000034                           : fs_tou_t2.obj (.text)
                  2001f6d0    00000034                           : strstr.obj (.text)
                  2001f704    00000033     ota.obj (.text:OTA_Update)
                  2001f737    00000001     --HOLE-- [fill = 0]
                  2001f738    00000032     timer_if.obj (.text:Timer_IF_Init)
                  2001f76a    00000030     driverlib.a : pin.obj (.text:PinTypeGPIO)
                  2001f79a    00000002     --HOLE-- [fill = 0]
                  2001f79c    00000030                 : uart.obj (.text:UARTDisable)
                  2001f7cc    00000030     simplelink.a : device.obj (.text:_SlDrvDeviceEventHandler)
                  2001f7fc    00000030                  : fs.obj (.text:_sl_Strlen)
                  2001f82c    00000030     middleware.a : rtc_hal.obj (.text:hw_access_time_addup)
                  2001f85c    00000030     rtsv7M4_T_le_eabi.lib : strncpy.obj (.text)
                  2001f88c    00000030                           : xferaise.obj (.text)
                  2001f8bc    00000030     simplelink.a : socket.obj (.text:sl_Close)
                  2001f8ec    00000030                  : wlan.obj (.text:sl_WlanProfileDel)
                  2001f91c    00000030                  : wlan.obj (.text:sl_WlanSetMode)
                  2001f94c    0000002e     rtsv7M4_T_le_eabi.lib : i_tofd_t2.obj (.text)
                  2001f97a    0000002e                           : raise.obj (.text)
                  2001f9a8    0000002d     http.obj (.text:addHttpRequestHeaderInt)
                  2001f9d5    00000003     --HOLE-- [fill = 0]
                  2001f9d8    0000002c     tasks.obj (.text:ApplyMagHAL)
                  2001fa04    0000002c     driverlib.a : camera.obj (.text:CameraIntEnable)
                  2001fa30    0000002c     simplelink.a : cc_pal.obj (.text:DmaSpiSwIntHandler)
                  2001fa5c    0000002c     driverlib.a : i2c.obj (.text:I2CMasterErr)
                  2001fa88    0000002c     timer_fns.obj (.text:IntHandler_1Sec_TimeoutTimer)
                  2001fab4    0000002c     driverlib.a : prcm.obj (.text:PRCMSysResetCauseGet)
                  2001fae0    0000002c     mt9d111.obj (.text:SoftReset_ImageSensor)
                  2001fb0c    0000002c     cc3200_utils.obj (.text:getDeviceTimeDate)
                  2001fb38    0000002c     request.obj (.text:setDataBufferPointer)
                  2001fb64    0000002a     driverlib.a : timer.obj (.text:TimerLoadSet)
                  2001fb8e    0000002a                 : timer.obj (.text:TimerPrescaleSet)
                  2001fbb8    0000002a     rtsv7M4_T_le_eabi.lib : xdclass.obj (.text)
                  2001fbe2    0000002a     middleware.a : util64.obj (.text:util_u64_time_add)
                  2001fc0c    00000028     driverlib.a : camera.obj (.text:CameraIntStatus)
                  2001fc34    00000028     uartA1_if.obj (.text:InitTerm)
                  2001fc5c    00000028     driverlib.a : prcm.obj (.text:IsRTCUsed)
                  2001fc84    00000028     uartA1_if.obj (.text:Message)
                  2001fcac    00000028     driverlib.a : prcm.obj (.text:PRCMPeripheralClkDisable)
                  2001fcd4    00000028     rtsv7M4_T_le_eabi.lib : strncat.obj (.text)
                  2001fcfc    00000028     simplelink.a : netapp.obj (.text:sl_NetAppStart)
                  2001fd24    00000028                  : netapp.obj (.text:sl_NetAppStop)
                  2001fd4c    00000026     driverlib.a : camera.obj (.text:CameraThresholdSet)
                  2001fd72    00000026     simplelink.a : cc_pal.obj (.text:NwpRegisterInterruptHandler)
                  2001fd98    00000026     rtsv7M4_T_le_eabi.lib : strncmp.obj (.text)
                  2001fdbe    00000002     --HOLE-- [fill = 0]
                  2001fdc0    00000024     driverlib.a : camera.obj (.text:CameraIntClear)
                  2001fde4    00000024     timer_fns.obj (.text:IntHandler_100mSecTimer)
                  2001fe08    00000024     driverlib.a : interrupt.obj (.text:IntUnregister)
                  2001fe2c    00000024                 : prcm.obj (.text:RTCU16MSecRegRead)
                  2001fe50    00000024     timer_if.obj (.text:Timer_IF_Start)
                  2001fe74    00000024     driverlib.a : uart.obj (.text:UARTEnable)
                  2001fe98    00000024     mt9d111.obj (.text:WriteAllAEnAWBRegs)
                  2001febc    00000024     simplelink.a : driver.obj (.text:_SlDrvProtectionObjLockWaitForever)
                  2001fee0    00000024     main_FXOS8700.obj (.text:magnetometer_initialize)
                  2001ff04    00000024     rtsv7M4_T_le_eabi.lib : u_tofs_t2.obj (.text)
                  2001ff28    00000022     driverlib.a : camera.obj (.text:CameraCaptureStart)
                  2001ff4a    00000022                 : i2c.obj (.text:I2CMasterSlaveAddrSet)
                  2001ff6c    00000022     simplelink.a : socket.obj (.text:SL_FD_SET)
                  2001ff8e    00000022     driverlib.a : spi.obj (.text:SPIReset)
                  2001ffb0    00000022                 : spi.obj (.text:SPIWordCountSet)
                  2001ffd2    00000022     rtsv7M4_T_le_eabi.lib : frexp.obj (.text)
                  2001fff4    00000022                           : memcmp.obj (.text)
                  20020016    00000020     driverlib.a : gpio.obj (.text:GPIOPinWrite)
                  20020036    00000002     --HOLE-- [fill = 0]
                  20020038    00000020                 : interrupt.obj (.text:IntRegister)
                  20020058    00000020     simplelink.a : cc_pal.obj (.text:NwpPowerOn)
                  20020078    00000020     mt9d111.obj (.text:Refresh_mt9d111Firmware)
                  20020098    00000020     simplelink.a : driver.obj (.text:_SlDrvProtectionObjUnLock)
                  200200b8    00000020     rtsv7M4_T_le_eabi.lib : memchr.obj (.text)
                  200200d8    00000020                           : u_tofd_t2.obj (.text)
                  200200f8    0000001e     driverlib.a : i2c.obj (.text:I2CMasterIntStatusEx)
                  20020116    0000001e                 : timer.obj (.text:TimerDisable)
                  20020134    0000001e                 : timer.obj (.text:TimerEnable)
                  20020152    0000001e                 : timer.obj (.text:TimerIntStatus)
                  20020170    0000001e                 : uart.obj (.text:UARTCharPut)
                  2002018e    0000001e     simplelink.a : cc_pal.obj (.text:cc_UDMAChannelSelect)
                  200201ac    0000001e     rtsv7M4_T_le_eabi.lib : strcat.obj (.text)
                  200201ca    00000002     --HOLE-- [fill = 0]
                  200201cc    0000001c     tasks.obj (.text:ApplyAccelHAL)
                  200201e8    0000001c     mt9d111.obj (.text:CameraSensorInit)
                  20020204    0000001c     udma_if.obj (.text:DmaSwIntHandler)
                  20020220    0000001c     driverlib.a : pin.obj (.text:PinTypeI2C)
                  2002023c    0000001c                 : timer.obj (.text:TimerValueGet)
                  20020258    0000001c     simplelink.a : driver.obj (.text:_SlDrvObjLockWaitForever)
                  20020274    0000001c                  : driver.obj (.text:_SlDrvSyncObjWaitForever)
                  20020290    0000001c     rtsv7M4_T_le_eabi.lib : memccpy.obj (.text)
                  200202ac    0000001c     timer_fns.obj (.text:stop_100mSecTimer)
                  200202c8    0000001c     timer_fns.obj (.text:stop_1Sec_TimeoutTimer)
                  200202e4    0000001c     driverlib.a : udma.obj (.text:uDMAChannelDisable)
                  20020300    0000001c                 : udma.obj (.text:uDMAChannelEnable)
                  2002031c    0000001c     main.obj (.text:vApplicationMallocFailedHook)
                  20020338    0000001a     driverlib.a : pin.obj (.text:PinTypeCamera)
                  20020352    0000001a                 : pin.obj (.text:PinTypeUART)
                  2002036c    0000001a                 : spi.obj (.text:SPIDmaDisable)
                  20020386    0000001a                 : spi.obj (.text:SPIDmaEnable)
                  200203a0    0000001a                 : spi.obj (.text:SPIFIFODisable)
                  200203ba    0000001a                 : spi.obj (.text:SPIFIFOEnable)
                  200203d4    00000018                 : camera.obj (.text:CameraReset)
                  200203ec    00000018     startup_ccs.obj (.text:FaultISR)
                  20020404    00000018     driverlib.a : gpio.obj (.text:GPIOPinRead)
                  2002041c    00000018     app_common.obj (.text:LED_Off)
                  20020434    00000018     app_common.obj (.text:LED_On)
                  2002044c    00000018     driverlib.a : prcm.obj (.text:PRCMHibernateEnter)
                  20020464    00000018                 : spi.obj (.text:SPICSDisable)
                  2002047c    00000018                 : spi.obj (.text:SPICSEnable)
                  20020494    00000018                 : spi.obj (.text:SPIDisable)
                  200204ac    00000018                 : spi.obj (.text:SPIEnable)
                  200204c4    00000018                 : timer.obj (.text:TimerIntEnable)
                  200204dc    00000018     timer_if.obj (.text:Timer_IF_InterruptClear)
                  200204f4    00000018     driverlib.a : wdt.obj (.text:WatchdogStallEnable)
                  2002050c    00000018                 : wdt.obj (.text:WatchdogUnlock)
                  20020524    00000018     simplelink.a : driver.obj (.text:_SlDrvObjUnLock)
                  2002053c    00000018                  : driver.obj (.text:_SlDrvSyncObjSignal)
                  20020554    00000018                  : device.obj (.text:_sl_GetStartResponseConvert)
                  2002056c    00000018     middleware.a : rtc_hal.obj (.text:get_value)
                  20020584    00000018     rtsv7M4_T_le_eabi.lib : args_main.obj (.text)
                  2002059c    00000018                           : strcmp.obj (.text)
                  200205b4    00000016     driverlib.a : camera.obj (.text:CameraDMAEnable)
                  200205ca    00000016                 : camera.obj (.text:CameraIntRegister)
                  200205e0    00000016                 : i2c.obj (.text:I2CMasterDataPut)
                  200205f6    00000016                 : i2c.obj (.text:I2CMasterEnable)
                  2002060c    00000016                 : prcm.obj (.text:PRCMHIBRegRead)
                  20020622    00000016                 : prcm.obj (.text:PRCMHIBRegWrite)
                  20020638    00000016                 : wdt.obj (.text:WatchdogEnable)
                  2002064e    00000016     simplelink.a : driver.obj (.text:_SlDrvMemZero)
                  20020664    00000016     rtsv7M4_T_le_eabi.lib : strchr.obj (.text)
                  2002067a    00000014     driverlib.a : cpu.obj (.text:CPUcpsie)
                  2002068e    00000002     --HOLE-- [fill = 0]
                  20020690    00000014                 : interrupt.obj (.text:IntVTableBaseSet)
                  200206a4    00000014     LED_timer.obj (.text:LEDTimer_Stop)
                  200206b8    00000014     rtsv7M4_T_le_eabi.lib : _lock.obj (.text)
                  200206cc    00000014                           : strcpy.obj (.text)
                  200206e0    00000014                           : strlen.obj (.text)
                  200206f4    00000014     driverlib.a : udma.obj (.text:uDMAControlBaseSet)
                  20020708    00000014                 : udma.obj (.text:uDMAIntClear)
                  2002071c    00000012                 : i2c.obj (.text:I2CMasterControl)
                  2002072e    00000012                 : i2c.obj (.text:I2CMasterIntClearEx)
                  20020740    00000012                 : i2c.obj (.text:I2CMasterTimeoutSet)
                  20020752    00000012                 : timer.obj (.text:TimerIntClear)
                  20020764    00000012                 : wdt.obj (.text:WatchdogReloadSet)
                  20020776    00000002     --HOLE-- [fill = 0]
                  20020778    00000010                 : prcm.obj (.text:PRCMSOCReset)
                  20020788    00000010                 : prcm.obj (.text:RTCU32SecRegRead)
                  20020798    00000010     simplelink.a : socket.obj (.text:SL_FD_ZERO)
                  200207a8    00000010     timer_if.obj (.text:Timer_IF_Stop)
                  200207b8    00000010     driverlib.a : wdt.obj (.text:WatchdogIntClear)
                  200207c8    00000010     cc3200_socket.obj (.text:socketClose)
                  200207d8    0000000e     driverlib.a : i2c.obj (.text:I2CMasterDataGet)
                  200207e6    0000000e     simplelink.a : driver.obj (.text:_SlDrvResetCmdExt)
                  200207f4    0000000e     rtsv7M4_T_le_eabi.lib : copy_decompress_none.obj (.text:decompress:none)
                  20020802    0000000c     udma_if.obj (.text:DmaErrorIntHandler)
                  2002080e    00000002     --HOLE-- [fill = 0]
                  20020810    0000000c     simplelink.a : cc_pal.obj (.text:NwpMaskInterrupt)
                  2002081c    0000000c                  : cc_pal.obj (.text:NwpUnMaskInterrupt)
                  20020828    0000000c     middleware.a : rtc_hal.obj (.text:cc_rtc_get)
                  20020834    0000000c     rtsv7M4_T_le_eabi.lib : copy_zero_init.obj (.text:decompress:ZI)
                  20020840    0000000c     parse_impl.obj (.text:getInternalClient)
                  2002084c    0000000c     simplelink.a : wlan.obj (.text:sl_WlanDisconnect)
                  20020858    0000000c     driverlib.a : udma.obj (.text:uDMAEnable)
                  20020864    0000000c                 : udma.obj (.text:uDMAIntStatus)
                  20020870    0000000a                 : interrupt.obj (.text:IntMasterEnable)
                  2002087a    0000000a     main.obj (.text:vApplicationStackOverflowHook)
                  20020884    00000008     hibernate_related_fns.obj (.text:sensorsTriggerSetup)
                  2002088c    00000006     i2cconfig.obj (.text:MT9D111Delay)
                  20020892    00000006     startup_ccs.obj (.text:ResetISR)
                  20020898    00000006     driverlib.a : utils.obj (.text:UtilsDelay)
                  2002089e    00000006     rtsv7M4_T_le_eabi.lib : copy_decompress_rle.obj (.text:decompress:rle24)
                  200208a4    00000006                           : logf.obj (.text)
                  200208aa    00000006                           : sinf.obj (.text)
                  200208b0    00000004                           : error.obj (.text)
                  200208b4    00000004                           : pre_init.obj (.text)

.const     0    200208b8    0000123b     
                  200208b8    00000170     mt9d111.obj (.const:capture_cmds_list)
                  20020a28    0000013c     mt9d111.obj (.const:init_cmds_list)
                  20020b64    00000101     rtsv7M4_T_le_eabi.lib : ctype.obj (.const:.string:_ctypes_)
                  20020c65    00000003     --HOLE-- [fill = 0]
                  20020c68    00000100     driverlib.a : pin.obj (.const:g_ulPinToPadMap)
                  20020d68    00000100     mt9d111.obj (.const)
                  20020e68    000000f8     mt9d111.obj (.const:$P$T4$5)
                  20020f60    000000d4     driverlib.a : interrupt.obj (.const:g_pulRegs)
                  20021034    000000b0     simplelink.a : wlan.obj (.const:$P$T0$1)
                  200210e4    000000a8     driverlib.a : prcm.obj (.const:PRCM_PeriphRegsList)
                  2002118c    00000092     mt9d111.obj (.const:.string)
                  2002121e    00000085     lightSens_isl29035.obj (.const:.string)
                  200212a3    00000081     parse_uploads.obj (.const:.string)
                  20021324    00000080     driverlib.a : interrupt.obj (.const)
                  200213a4    0000007e     camera_app.obj (.const:.string)
                  20021422    0000006c     mt9d111.obj (.const:recapture_cmds_list)
                  2002148e    00000002     --HOLE-- [fill = 0]
                  20021490    00000068     appFns_BatteryLevelSense.obj (.const:V2CEntry$1)
                  200214f8    00000064     user_configure_fn.obj (.const:.string)
                  2002155c    00000062     accelomtrMagntomtr_fxos8700.obj (.const:.string)
                  200215be    00000054     mt9d111.obj (.const:$P$T30$31)
                  20021612    0000004c     mt9d111.obj (.const:$P$T8$9)
                  2002165e    0000004b     tempRHSens_si7020.obj (.const:.string)
                  200216a9    0000003c     i2c_app.obj (.const:.string)
                  200216e5    00000001     --HOLE-- [fill = 0]
                  200216e6    0000003c     simplelink.a : driver.obj (.const:OpcodeTranslateTable)
                  20021722    0000003c                  : wlan.obj (.const)
                  2002175e    00000002     --HOLE-- [fill = 0]
                  20021760    00000038                  : driver.obj (.const:_SlActionLookupTable)
                  20021798    00000038     rtsv7M4_T_le_eabi.lib : xflog.obj (.const)
                  200217d0    00000038     simplelink.a : fs.obj (.const)
                  20021808    00000036     flash_files.obj (.const:.string)
                  2002183e    00000002     --HOLE-- [fill = 0]
                  20021840    00000034     rtsv7M4_T_le_eabi.lib : xfatan.obj (.const)
                  20021874    00000034     simplelink.a : driver.obj (.const)
                  200218a8    00000034                  : socket.obj (.const)
                  200218dc    0000002c     network_relater_fns.obj (.const:$P$T1$2)
                  20021908    00000028     rtsv7M4_T_le_eabi.lib : xfdint.obj (.const)
                  20021930    00000028                           : xfsin.obj (.const)
                  20021958    00000028     simplelink.a : netapp.obj (.const)
                  20021980    00000027     network_relater_fns.obj (.const:.string)
                  200219a7    00000023     batteryVoltLvlSens_adc081c021.obj (.const:.string:$P$T0$1)
                  200219ca    00000022     network_relater_fns.obj (.const:.string:$P$T0$1)
                  200219ec    0000001c     rtsv7M4_T_le_eabi.lib : tanf.obj (.const)
                  20021a08    0000001c                           : xfexp.obj (.const)
                  20021a24    00000018     driverlib.a : spi.obj (.const)
                  20021a3c    00000017     request.obj (.const:.string)
                  20021a53    00000016     appFns_LightSensor.obj (.const:.string)
                  20021a69    00000014     network_relater_fns.obj (.const)
                  20021a7d    00000001     --HOLE-- [fill = 0]
                  20021a7e    00000014     simplelink.a : device.obj (.const)
                  20021a92    00000013     sendUserConfigDataToParse.obj (.const:.string)
                  20021aa5    00000010     simplelink.a : socket.obj (.const:.string)
                  20021ab5    0000000f     application_fn.obj (.const:.string)
                  20021ac4    0000000f     sendGroundData.obj (.const:.string)
                  20021ad3    0000000b     app_common.obj (.const:.string)
                  20021ade    00000008     simplelink.a : device.obj (.const:.string)
                  20021ae6    00000008                  : netcfg.obj (.const)
                  20021aee    00000005     main.obj (.const:.string)

.cinit     0    20021af8    00000530     
                  20021af8    00000509     (.cinit..data.load) [load image, compression = rle]
                  20022001    00000003     --HOLE-- [fill = 0]
                  20022004    0000000c     (__TI_handler_table)
                  20022010    00000008     (.cinit..bss.load) [load image, compression = zero_init]
                  20022018    00000010     (__TI_cinit_table)

.init_array 
*          0    20004000    00000000     UNINITIALIZED

.bss       0    20022400    0001736e     UNINITIALIZED
                  20022400    00014000     main.obj (.bss:g_image_buffer)
                  20036400    00000b58     tasks.obj (.bss:thisMagBuffer)
                  20036f58    000005a0     ota.a : OtaHttp.obj (.bss:recv_buf)
                  200374f8    0000044c           : OtaClient.obj (.bss:g_OtaCheckUpdateResponse)
                  20037944    00000418     user_configure_fn.obj (.bss:thisMagCal)
                  20037d5c    00000240     ota.obj (.bss:g_otaOptServerInfo)
                  20037f9c    00000058     tasks.obj (.bss:thisMag)
                  20037ff4    0000000c     (.common:g_SecParams)
                  20038000    00000400     udma_if.obj (.bss:gpCtlTbl)
                  20038400    000003d8     ota.a : OtaClient.obj (.bss:g_OtaFileMetadata)
                  200387d8    00000370     main.obj (.bss:g_NetEntries)
                  20038b48    00000200     ota.a : OtaHttp.obj (.bss:send_buf)
                  20038d48    00000178     simplelink.a : driver.obj (.bss:g_StatMem)
                  20038ec0    00000120     rtsv7M4_T_le_eabi.lib : trgmsg.obj (.bss:__CIOBUF_)
                  20038fe0    00000100     udma_if.obj (.bss:gfpAppCallbackHndl)
                  200390e0    000000c8     free_rtos.a : tasks.obj (.bss:pxReadyTasksLists)
                  200391a8    000000ac     tasks.obj (.bss:thisSV_6DOF_GB_BASIC)
                  20039254    000000a0     rtsv7M4_T_le_eabi.lib : defs.obj (.bss:__TI_tmpnams)
                  200392f4    00000074     ota.a : CdnClient.obj (.bss:g_CdnClient)
                  20039368    00000050     simplelink.a : cc_pal.obj (.bss:g_ucDinDout)
                  200393b8    00000050     free_rtos.a : queue.obj (.bss:xQueueRegistry)
                  20039408    0000004c     ota.a : OtaApp.obj (.bss:g_OtaApp)
                  20039454    0000004c           : OtaApp.obj (.bss:g_OtaApp_statistics)
                  200394a0    00000034     cc3200_client_state.obj (.bss:clientStateFileName)
                  200394d4    00000034     main.obj (.bss:g_cWlanSecurityKey)
                  20039508    00000034     tasks.obj (.bss:thisAccel)
                  2003953c    00000024     ota.a : OtaClient.obj (.bss:g_OtaClient)
                  20039560    00000024     main.obj (.bss:g_cWlanSSID)
                  20039584    00000024     main.obj (.bss:g_ucConnectionSSID)
                  200395a8    0000001c     rtsv7M4_T_le_eabi.lib : vla_alloc.obj (.bss)
                  200395c4    00000014     (.common:g_FlcSflashCb)
                  200395d8    00000014     (.common:g_flag_blockFull)
                  200395ec    00000014     (.common:xDelayedTaskList1)
                  20039600    00000014     (.common:xDelayedTaskList2)
                  20039614    00000014     (.common:xPendingReadyList)
                  20039628    00000014     (.common:xSuspendedTaskList)
                  2003963c    00000014     (.common:xTasksWaitingTermination)
                  20039650    00000010     (.common:ang_buf)
                  20039660    00000010     (.common:globals)
                  20039670    00000010     (.common:mqxglobals)
                  20039680    00000008     (.common:g_LogClient)
                  20039688    00000008     (.common:g_Struct_TimeStamp_MaxAngle)
                  20039690    00000008     (.common:g_Struct_TimeStamp_MinAngle)
                  20039698    00000008     (.common:g_TimeStamp_CamUp)
                  200396a0    00000008     (.common:g_TimeStamp_DoorClosed)
                  200396a8    00000008     (.common:g_TimeStamp_NWPUp)
                  200396b0    00000008     (.common:g_TimeStamp_PhotoSnap)
                  200396b8    00000008     (.common:g_TimeStamp_PhotoUploaded)
                  200396c0    00000008     (.common:g_TimeStamp_cc3200Up)
                  200396c8    00000008     (.common:g_TimeStamp_maxAngle)
                  200396d0    00000008     (.common:g_TimeStamp_minAngle)
                  200396d8    00000008     (.common:g_ucConnectionBSSID)
                  200396e0    00000008     (.common:parmbuf)
                  200396e8    00000008     (.common:sBootInfo)
                  200396f0    00000004     (.common:DMAMsgQ)
                  200396f4    00000004     (.common:Elapsed_100MilliSecs)
                  200396f8    00000004     (.common:Elapsed_1Secs)
                  200396fc    00000004     (.common:__Errorlog)
                  20039700    00000004     (.common:angle_avg)
                  20039704    00000004     (.common:dataBuffer)
                  20039708    00000004     (.common:g_block_lastFilled)
                  2003970c    00000004     (.common:g_cDummy)
                  20039710    00000004     (.common:g_cWlanSecurityType)
                  20039714    00000004     (.common:g_frame_size_in_bytes)
                  20039718    00000004     (.common:g_position_in_block)
                  2003971c    00000004     (.common:g_readHeader)
                  20039720    00000004     (.common:g_total_dma_intrpts)
                  20039724    00000004     (.common:g_ulAppStatus)
                  20039728    00000004     (.common:g_ulAppTimeout_ms)
                  2003972c    00000004     (.common:g_ulSimplelinkStatus)
                  20039730    00000004     (.common:g_ulWatchdogCycles)
                  20039734    00000004     (.common:gdoor_40deg_angle)
                  20039738    00000004     (.common:gdoor_90deg_angle)
                  2003973c    00000004     (.common:gdoor_OpenDeg_angle)
                  20039740    00000004     (.common:pvOtaApp)
                  20039744    00000004     (.common:pxDelayedTaskList)
                  20039748    00000004     (.common:pxOverflowDelayedTaskList)
                  2003974c    00000002     (.common:g_fMaxAngle)
                  2003974e    00000002     (.common:g_fMinAngle)
                  20039750    00000001     (.common:RxIrqCnt)
                  20039751    00000001     (.common:avg_buffer_cnt)
                  20039752    00000001     (.common:captureTimeout_Flag)
                  20039753    00000001     (.common:checkForLight_Flag)
                  20039754    00000001     (.common:cnt_LED_Timer)
                  20039755    00000001     (.common:g_BlinkCount)
                  20039756    00000001     (.common:g_I2CPeripheral_inUse_Flag)
                  20039757    00000001     (.common:g_NoOfBlinks)
                  20039758    00000001     (.common:g_OffTime)
                  20039759    00000001     (.common:g_OnTime)
                  2003975a    00000001     (.common:g_Task1_Notification)
                  2003975b    00000001     (.common:g_Task3_Notification)
                  2003975c    00000001     (.common:g_dma_txn_done)
                  2003975d    00000001     (.common:g_flag_DataBlockFilled)
                  2003975e    00000001     (.common:g_flag_door_closing_45degree)
                  2003975f    00000001     (.common:g_frame_end)
                  20039760    00000001     (.common:g_ucAngle40)
                  20039761    00000001     (.common:g_ucAngle90)
                  20039762    00000001     (.common:g_ucCalibration)
                  20039763    00000001     (.common:g_ucConfig)
                  20039764    00000001     (.common:g_ucExitButton)
                  20039765    00000001     (.common:g_ucFeedWatchdog)
                  20039766    00000001     (.common:g_ucMagCalb)
                  20039767    00000001     (.common:g_ucProfileAdded)
                  20039768    00000001     (.common:g_ucPushButtonPressedTwice)
                  20039769    00000001     (.common:g_ucReasonForFailure)
                  2003976a    00000001     (.common:iDone)
                  2003976b    00000001     (.common:isitfirsttime)
                  2003976c    00000001     (.common:print_count)
                  2003976d    00000001     (.common:valid_case)

.TI.noinit 
*          0    20022400    00000000     UNINITIALIZED

.sysmem    0    20039770    00005000     UNINITIALIZED
                  20039770    00000008     rtsv7M4_T_le_eabi.lib : memory.obj (.sysmem)
                  20039778    00004ff8     --HOLE--


LINKER GENERATED COPY TABLES

__TI_cinit_table @ 20022018 records: 2, size/record: 8, table size: 16
	.data: load addr=20021af8, load size=00000509 bytes, run addr=20000000, run size=0000093c bytes, compression=rle
	.bss: load addr=20022010, load size=00000008 bytes, run addr=20022400, run size=0001736e bytes, compression=zero_init


LINKER GENERATED HANDLER TABLE

__TI_handler_table @ 20022004 records: 3, size/record: 4, table size: 12
	index: 0, handler: __TI_decompress_rle24
	index: 1, handler: __TI_decompress_none
	index: 2, handler: __TI_zero_init


GLOBAL SYMBOLS: SORTED ALPHABETICALLY BY Name 

address   name                                  
-------   ----                                  
2001b241  Add_NumberField_ToJSONString          
200201cd  ApplyAccelHAL                         
2001f9d9  ApplyMagHAL                           
2001ed3d  C$$EXIT                               
2001d5df  C$$IO$$                               
2001d885  CCMRegs_Read                          
2002067b  CPUcpsie                              
2000de51  Calculate_DoorOpenThresholdAngle      
2001ce9d  CamControllerInit                     
2001ff29  CameraCaptureStart                    
2001f1e1  CameraCaptureStop                     
200205b5  CameraDMAEnable                       
2001fdc1  CameraIntClear                        
2001fa05  CameraIntEnable                       
200205cb  CameraIntRegister                     
2001fc0d  CameraIntStatus                       
2001f52f  CameraParamsConfig                    
200203d5  CameraReset                           
200201e9  CameraSensorInit                      
2001fd4d  CameraThresholdSet                    
2001f21b  CameraXClkConfig                      
2000f879  CaptureImage                          
2000d383  CdnClient_CloseServer                 
2000d3a1  CdnClient_ConnectByUrl                
2000d351  CdnClient_Init                        
2000d21b  CdnClient_Run                         
2000d211  CdnClient_SetFileInfo                 
200171b1  Check_I2CDevices                      
2001af49  Config_CameraCapture                  
2001c6d5  ConfigureMode                         
2000eaf5  ConfigureSimpleLinkToDefaultState     
20012a11  ConstructDeviceStateObject            
2000fafd  ConstructGroundDataObject             
200126a1  ConstructUserConfigObject             
2001efc5  CopyPingResultsToReport               
200396f0  DMAMsgQ                               
2000063c  DigiCertHighAssuranceEVRootCA_der_len 
20020803  DmaErrorIntHandler                    
2001fa31  DmaSpiSwIntHandler                    
20020205  DmaSwIntHandler                       
200396f4  Elapsed_100MilliSecs                  
200396f8  Elapsed_1Secs                         
2001979d  EnterStandby_mt9d111                  
200199f5  ExitStandby_mt9d111                   
20014fa9  FXOS8700_Init                         
2001672d  FXOS8700_ReadData                     
2001f001  Fusion_Init                           
20014b8d  Fusion_Run                            
2001f48d  GPIODirModeSet                        
20020405  GPIOPinRead                           
20020017  GPIOPinWrite                          
20018a01  Get_BatteryPercent                    
2001cd4d  Get_BatteryVoltageLevel_ADC081C021    
20017f99  Get_FridgeCamID                       
20014e4d  HIBernate                             
2000f05d  HOSTclock                             
2000f025  HOSTclose                             
2000efe7  HOSTgetenv                            
2000ef8b  HOSTlseek                             
2000ef39  HOSTopen                              
2000eeed  HOSTread                              
2000ee8f  HOSTrename                            
2000ee55  HOSTtime                              
2000ee1d  HOSTunlink                            
2000edd1  HOSTwrite                             
200158c9  I2CBufferRead                         
20016281  I2CBufferWrite                        
2002071d  I2CMasterControl                      
200207d9  I2CMasterDataGet                      
200205e1  I2CMasterDataPut                      
200205f7  I2CMasterEnable                       
2001fa5d  I2CMasterErr                          
2001be61  I2CMasterInitExpClk                   
2002072f  I2CMasterIntClearEx                   
200200f9  I2CMasterIntStatusEx                  
2001ff4b  I2CMasterSlaveAddrSet                 
20020741  I2CMasterTimeoutSet                   
2001e305  I2C_IF_Open                           
20019b7d  I2C_IF_Read                           
20019dbd  I2C_IF_Write                          
2001e355  ImagCapture_Init                      
200153b1  ImageSensor_CaptureConfigs_Task       
2001fc35  InitTerm                              
2001c7c5  InitialiseParse                       
2001b64d  InitializeUserConfigVariables         
2001a861  IntDisable                            
2001a909  IntEnable                             
2001fde5  IntHandler_100mSecTimer               
2001fa89  IntHandler_1Sec_TimeoutTimer          
20020871  IntMasterEnable                       
2001dfb1  IntPendClear                          
2001e10d  IntPrioritySet                        
20020039  IntRegister                           
2001fe09  IntUnregister                         
20020691  IntVTableBaseSet                      
2001afe1  IntrptHandler_LEDTimer                
2001ef49  IsLightOff                            
2001f33d  LEDTimer_Enable                       
2001f565  LEDTimer_Start                        
200206a5  LEDTimer_Stop                         
2001b6dd  LED_Blink_2                           
2002041d  LED_Off                               
20020435  LED_On                                
2000e31f  LogClient_Close                       
2000e337  LogClient_ConnectAndPrint             
2000e2e9  LogClient_ConnectServer               
2000e2d1  LogClient_Init                        
2000e18d  LogClient_Print                       
2002088d  MT9D111Delay                          
2000e4c5  MagCal_Run                            
20016d91  Main_Task_withHibernate               
2001fc85  Message                               
2001ca95  NWP_SwitchOff                         
2001c83d  NWP_SwitchOn                          
20020811  NwpMaskInterrupt                      
2001f375  NwpPowerOff                           
20020059  NwpPowerOn                            
2001bee5  NwpPowerOnPreamble                    
2001fd73  NwpRegisterInterruptHandler           
2002081d  NwpUnMaskInterrupt                    
20014759  OTAServerInfoSet                      
2001938d  OTA_CommitImage                       
2001f705  OTA_Update                            
200216e6  OpcodeTranslateTable                  
2000bdef  OtaClient_CloseServer                 
2000bdb9  OtaClient_ConnectServer               
2000bd87  OtaClient_GetNextUpdate               
2000bd55  OtaClient_Init                        
2000bc7f  OtaClient_ResourceMetadata            
2000babb  OtaClient_ResourceNameConvert         
2000ba0d  OtaClient_UpdateCheck                 
2001def9  PCLK_Rate_read                        
20016019  PRCMCC3200MCUInit                     
2002060d  PRCMHIBRegRead                        
20020623  PRCMHIBRegWrite                       
2002044d  PRCMHibernateEnter                    
2001bab1  PRCMHibernateIntervalSet              
2001d3a9  PRCMHibernateWakeUpGPIOSelect         
2001e961  PRCMHibernateWakeupSourceDisable      
2001e9a9  PRCMHibernateWakeupSourceEnable       
2001fcad  PRCMPeripheralClkDisable              
2001f03d  PRCMPeripheralClkEnable               
2001b2d9  PRCMPeripheralClockGet                
2001e009  PRCMPeripheralReset                   
2001f599  PRCMPeripheralStatusGet               
2001c2f9  PRCMRTCGet                            
20020779  PRCMSOCReset                          
2001f079  PRCMSlowClkCtrFastGet                 
2001e3a5  PRCMSlowClkCtrGet                     
2001fab5  PRCMSysResetCauseGet                  
2001bb39  PinConfigSet                          
2001ee09  PinModeSet                            
200178c1  PinMuxConfig                          
20020339  PinTypeCamera                         
2001f76b  PinTypeGPIO                           
20020221  PinTypeI2C                            
20020353  PinTypeUART                           
2001cf09  PowerDown_ISL29035                    
2001cb09  PowerDown_LightSensor                 
2001e585  RdSensData_Init                       
20011f9d  RdSensData_Run                        
2001cdbd  ReStart_CameraCapture                 
20018bcd  ReadFile_FromFlash                    
200164dd  Read_AllRegisters                     
20020079  Refresh_mt9d111Firmware               
2001a7b5  Report                                
20020893  ResetISR                              
2001d411  RestartSensorInJpegMode               
20039750  RxIrqCnt                              
20021884  RxMsgClassLUT                         
UNDEFED   SHT$$INIT_ARRAY$$Base                 
UNDEFED   SHT$$INIT_ARRAY$$Limit                
2001ff6d  SL_FD_SET                             
20020799  SL_FD_ZERO                            
20020465  SPICSDisable                          
2002047d  SPICSEnable                           
2001aa59  SPIConfigSetExpClk                    
20020495  SPIDisable                            
2002036d  SPIDmaDisable                         
20020387  SPIDmaEnable                          
200204ad  SPIEnable                             
200203a1  SPIFIFODisable                        
200203bb  SPIFIFOEnable                         
2001f5cd  SPIFIFOLevelSet                       
2001e9f1  SPIIntClear                           
2001e5d1  SPIIntEnable                          
2001ff8f  SPIReset                              
2001ffb1  SPIWordCountSet                       
20000860  SecurityParams                        
2001bf69  SendGroundData                        
2000a7c9  SimpleLinkHttpServerCallback          
20014479  SimpleLinkNetAppEventHandler          
200148c1  SimpleLinkSockEventHandler            
[...]
2001df55  sl_Socket                             
2001dfb1  IntPendClear                          
2001e009  PRCMPeripheralReset                   
2001e061  ltoa                                  
2001e0b7  _FDunscale                            
2001e10d  IntPrioritySet                        
2001e161  _sl_HandleAsync_Select                
2001e1b5  fasin_deg                             
2001e209  headerSend                            
2001e25d  sl_WlanRxFilterSet                    
2001e305  I2C_IF_Open                           
2001e355  ImagCapture_Init                      
2001e3a5  PRCMSlowClkCtrGet                     
2001e3f5  _sl_HandleAsync_Stop                  
2001e445  disableAE                             
2001e495  disableAWB                            
2001e4e5  __aeabi_f2ulz                         
2001e535  sl_FsDel                              
2001e585  RdSensData_Init                       
2001e5d1  SPIIntEnable                          
2001e61d  WDT_init                              
2001e669  _SlDrvProtectAsyncRespSetting         
2001e6b5  _SlDrvRxIrqHandler                    
2001e701  _sl_BuildAddress                      
2001e74d  atoi                                  
2001e799  atol                                  
2001e7e5  copy_in                               
2001e831  srand                                 
2001e847  rand                                  
2001e87d  uDMAChannelAssign                     
2001e8c9  util_u32_nsec_add                     
2001e915  __aeabi_d2f                           
2001e961  PRCMHibernateWakeupSourceDisable      
2001e9a9  PRCMHibernateWakeupSourceEnable       
2001e9f1  SPIIntClear                           
2001ea39  Variable_Read                         
2001ea81  _SlDrvBasicCmd                        
2001eac9  addHttpRequestLine                    
2001eb11  fatan_15deg                           
2001eb59  __aeabi_d2iz                          
2001eba1  ldexp                                 
2001ec2d  TimerConfigure                        
2001ec71  UDMASetupTransfer                     
2001ecf9  fxos_Calibration                      
2001ed3d  C$$EXIT                               
2001ed41  abort                                 
2001ed49  exit                                  
2001ed81  __aeabi_d2uiz                         
2001edc5  sl_Htonl                              
2001ee09  PinModeSet                            
2001ee49  WDT_IF_Init                           
2001ee89  getHttpResponseBody                   
2001eec9  signal                                
2001ef09  start_1Sec_TimeoutTimer               
2001ef49  IsLightOff                            
2001ef87  strncasecmp                           
2001efc5  CopyPingResultsToReport               
2001f001  Fusion_Init                           
2001f03d  PRCMPeripheralClkEnable               
2001f079  PRCMSlowClkCtrFastGet                 
2001f0b5  _sl_TruncatePayloadByProtocol         
2001f0f1  _c_int00                              
2001f12d  sl_Htons                              
2001f169  start_100mSecTimer                    
2001f1a5  uDMAChannelControlSet                 
2001f1e1  CameraCaptureStop                     
2001f21b  CameraXClkConfig                      
2001f255  fLPFScalar                            
2001f28f  parseSendRequest                      
2001f2c9  addHttpRequestHeader                  
2001f33d  LEDTimer_Enable                       
2001f375  NwpPowerOff                           
2001f3ad  pvPortMalloc                          
2001f3cd  vPortFree                             
2001f3e5  __aeabi_f2d                           
2001f41d  __aeabi_f2iz                          
2001f455  __aeabi_i2f                           
2001f48d  GPIODirModeSet                        
2001f4c3  sl_NetAppMDNSUnRegisterService        
2001f4f9  beginHttpRequest                      
2001f52f  CameraParamsConfig                    
2001f565  LEDTimer_Start                        
2001f599  PRCMPeripheralStatusGet               
2001f5cd  SPIFIFOLevelSet                       
2001f601  getHttpResponseStatus                 
2001f635  get_angle                             
2001f669  feraiseexcept                         
2001f69d  __aeabi_f2uiz                         
2001f6d1  strstr                                
2001f705  OTA_Update                            
2001f739  Timer_IF_Init                         
2001f76b  PinTypeGPIO                           
2001f79d  UARTDisable                           
2001f7cd  _SlDrvDeviceEventHandler              
2001f7fd  _sl_Strlen                            
2001f85d  strncpy                               
2001f88d  _Feraise                              
2001f8bd  sl_Close                              
2001f8ed  sl_WlanProfileDel                     
2001f91d  sl_WlanSetMode                        
2001f94d  __aeabi_i2d                           
2001f97b  raise                                 
2001f9a9  addHttpRequestHeaderInt               
2001f9d9  ApplyMagHAL                           
2001fa05  CameraIntEnable                       
2001fa31  DmaSpiSwIntHandler                    
2001fa5d  I2CMasterErr                          
2001fa89  IntHandler_1Sec_TimeoutTimer          
2001fab5  PRCMSysResetCauseGet                  
2001fae1  SoftReset_ImageSensor                 
2001fb39  setDataBufferPointer                  
2001fb65  TimerLoadSet                          
2001fb8f  TimerPrescaleSet                      
2001fbb9  _Dclass                               
2001fbe3  util_u64_time_add                     
2001fc0d  CameraIntStatus                       
2001fc35  InitTerm                              
2001fc85  Message                               
2001fcad  PRCMPeripheralClkDisable              
2001fcd5  strncat                               
2001fcfd  sl_NetAppStart                        
2001fd25  sl_NetAppStop                         
2001fd4d  CameraThresholdSet                    
2001fd73  NwpRegisterInterruptHandler           
2001fd99  strncmp                               
2001fdc1  CameraIntClear                        
2001fde5  IntHandler_100mSecTimer               
2001fe09  IntUnregister                         
2001fe51  Timer_IF_Start                        
2001fe75  UARTEnable                            
2001fe99  WriteAllAEnAWBRegs                    
2001febd  _SlDrvProtectionObjLockWaitForever    
2001fee1  magnetometer_initialize               
2001ff05  __aeabi_ui2f                          
2001ff29  CameraCaptureStart                    
2001ff4b  I2CMasterSlaveAddrSet                 
2001ff6d  SL_FD_SET                             
2001ff8f  SPIReset                              
2001ffb1  SPIWordCountSet                       
2001ffd3  frexp                                 
2001fff5  memcmp                                
20020017  GPIOPinWrite                          
20020039  IntRegister                           
20020059  NwpPowerOn                            
20020079  Refresh_mt9d111Firmware               
20020099  _SlDrvProtectionObjUnLock             
200200b9  memchr                                
200200d9  __aeabi_ui2d                          
200200f9  I2CMasterIntStatusEx                  
20020117  TimerDisable                          
20020135  TimerEnable                           
20020153  TimerIntStatus                        
20020171  UARTCharPut                           
200201ad  strcat                                
200201cd  ApplyAccelHAL                         
200201e9  CameraSensorInit                      
20020205  DmaSwIntHandler                       
20020221  PinTypeI2C                            
2002023d  TimerValueGet                         
20020259  _SlDrvObjLockWaitForever              
20020275  _SlDrvSyncObjWaitForever              
20020291  memccpy                               
200202ad  stop_100mSecTimer                     
200202c9  stop_1Sec_TimeoutTimer                
200202e5  uDMAChannelDisable                    
20020301  uDMAChannelEnable                     
2002031d  vApplicationMallocFailedHook          
20020339  PinTypeCamera                         
20020353  PinTypeUART                           
2002036d  SPIDmaDisable                         
20020387  SPIDmaEnable                          
200203a1  SPIFIFODisable                        
200203bb  SPIFIFOEnable                         
200203d5  CameraReset                           
20020405  GPIOPinRead                           
2002041d  LED_Off                               
20020435  LED_On                                
2002044d  PRCMHibernateEnter                    
20020465  SPICSDisable                          
2002047d  SPICSEnable                           
20020495  SPIDisable                            
200204ad  SPIEnable                             
200204c5  TimerIntEnable                        
200204dd  Timer_IF_InterruptClear               
200204f5  WatchdogStallEnable                   
2002050d  WatchdogUnlock                        
20020525  _SlDrvObjUnLock                       
2002053d  _SlDrvSyncObjSignal                   
20020555  _sl_GetStartResponseConvert           
20020585  _args_main                            
2002059d  strcmp                                
200205b5  CameraDMAEnable                       
200205cb  CameraIntRegister                     
200205e1  I2CMasterDataPut                      
200205f7  I2CMasterEnable                       
2002060d  PRCMHIBRegRead                        
20020623  PRCMHIBRegWrite                       
20020639  WatchdogEnable                        
2002064f  _SlDrvMemZero                         
20020665  strchr                                
2002067b  CPUcpsie                              
20020691  IntVTableBaseSet                      
200206a5  LEDTimer_Stop                         
200206b9  _register_unlock                      
200206bf  _register_lock                        
200206c7  _nop                                  
200206cd  strcpy                                
200206e1  strlen                                
200206f5  uDMAControlBaseSet                    
20020709  uDMAIntClear                          
2002071d  I2CMasterControl                      
2002072f  I2CMasterIntClearEx                   
20020741  I2CMasterTimeoutSet                   
20020753  TimerIntClear                         
20020765  WatchdogReloadSet                     
20020779  PRCMSOCReset                          
20020799  SL_FD_ZERO                            
200207a9  Timer_IF_Stop                         
200207b9  WatchdogIntClear                      
200207c9  socketClose                           
200207d9  I2CMasterDataGet                      
200207e7  _SlDrvResetCmdExt                     
200207f5  __TI_decompress_none                  
20020803  DmaErrorIntHandler                    
20020811  NwpMaskInterrupt                      
2002081d  NwpUnMaskInterrupt                    
20020829  cc_rtc_get                            
20020835  __TI_zero_init                        
20020841  getInternalClient                     
2002084d  sl_WlanDisconnect                     
20020859  uDMAEnable                            
20020865  uDMAIntStatus                         
20020871  IntMasterEnable                       
2002087b  vApplicationStackOverflowHook         
20020885  sensorsTriggerSetup                   
2002088d  MT9D111Delay                          
20020893  ResetISR                              
20020899  UtilsDelay                            
2002089f  __TI_decompress_rle24                 
200208a5  logf                                  
200208ab  sinf                                  
200208b1  __abort_execution                     
200208b5  _system_pre_init                      
20020b64  _ctypes_                              
200216e6  OpcodeTranslateTable                  
20021722  _SlPolicySetCmdCtrl                   
20021726  _SlPolicyGetCmdCtrl                   
2002172a  _SlProfileGetCmdCtrl                  
2002172e  _SlProfileDelCmdCtrl                  
20021732  _SlWlanGetNetworkListCtrl             
20021736  _SlRxFilterAddtCmdCtrl                
2002173a  _SlRxFilterSetCmdCtrl                 
2002173e  _SlRxFilterGetCmdCtrl                 
20021742  _SlSmartConfigStartCmdCtrl            
20021746  _SlWlanSetModeCmdCtrl                 
2002174a  _SlWlanCfgSetCmdCtrl                  
2002174e  _SlWlanCfgGetCmdCtrl                  
20021760  _SlActionLookupTable                  
200217d0  _SlFsOpenCmdCtrl                      
200217d4  _SlFsCloseCmdCtrl                     
200217d8  _SlFsReadCmdCtrl                      
200217dc  _SlFsWriteCmdCtrl                     
200217e0  _SlFsGetInfoCmdCtrl                   
200217e4  _SlFsDeleteCmdCtrl                    
20021874  g_H2NSyncPattern                      
2002187c  g_H2NCnysPattern                      
20021884  RxMsgClassLUT                         
200218a8  _SlSockSocketCmdCtrl                  
200218ac  _SlSockCloseCmdCtrl                   
200218b0  _SlRecvfomCmdCtrl                     
200218b4  _SlSendCmdCtrl                        
200218b8  _SlListenCmdCtrl                      
200218bc  _SlAcceptCmdCtrl                      
200218c0  _SlRecvCmdCtrl                        
200218c4  _SlSetSockOptCmdCtrl                  
200218c8  _SlGetSockOptCmdCtrl                  
200218cc  _SlSelectCmdCtrl                      
20021958  _SlNetAppStartCtrl                    
2002195c  _SlNetAppStopCtrl                     
20021960  _SlGetServiceListeCtrl                
20021964  _SlRegisterServiceCtrl                
20021968  _SlGetHostByServiceCtrl               
2002196c  _SlGetHostByNameCtrl                  
20021970  _SlNetAppSetCmdCtrl                   
20021974  _SlNetAppSendTokenValueCmdCtrl        
20021978  _SlNetAppGetCmdCtrl                   
20021a3c  g_deviceClientVersion                 
20021a7e  _SlStopCmdCtrl                        
20021a82  _SlEventMaskSetCmdCtrl                
20021a86  _SlEventMaskGetCmdCtrl                
20021a8a  _SlDeviceGetCmdCtrl                   
20021a8e  _SlDeviceSetCmdCtrl                   
20021aa5  _SlPayloadByProtocolLUT               
20021ad3  pcDigits                              
20021ade  StartResponseLUT                      
20021ae6  _SlNetCfgSetCmdCtrl                   
20021aea  _SlNetCfgGetCmdCtrl                   
20021af8  __TI_static_base__                    
20022004  __TI_Handler_Table_Base               
20022010  __TI_Handler_Table_Limit              
20022018  __TI_CINIT_Base                       
20022028  __TI_CINIT_Limit                      
20022400  g_image_buffer                        
20036400  thisMagBuffer                         
200374f8  g_OtaCheckUpdateResponse              
20037944  thisMagCal                            
20037f9c  thisMag                               
20037ff4  g_SecParams                           
20038000  gpCtlTbl                              
20038400  g_OtaFileMetadata                     
200387d8  g_NetEntries                          
20038d48  g_StatMem                             
20038ec0  __CIOBUF_                             
20038fe0  gfpAppCallbackHndl                    
200391a8  thisSV_6DOF_GB_BASIC                  
20039254  __TI_tmpnams                          
200392f4  g_CdnClient                           
20039368  g_ucDinDout                           
200393b8  xQueueRegistry                        
20039408  g_OtaApp                              
20039454  g_OtaApp_statistics                   
200394a0  clientStateFileName                   
200394d4  g_cWlanSecurityKey                    
20039508  thisAccel                             
2003953c  g_OtaClient                           
20039560  g_cWlanSSID                           
20039584  g_ucConnectionSSID                    
200395c4  g_FlcSflashCb                         
200395d8  g_flag_blockFull                      
20039650  ang_buf                               
20039660  globals                               
20039670  mqxglobals                            
20039680  g_LogClient                           
20039688  g_Struct_TimeStamp_MaxAngle           
20039690  g_Struct_TimeStamp_MinAngle           
20039698  g_TimeStamp_CamUp                     
200396a0  g_TimeStamp_DoorClosed                
200396a8  g_TimeStamp_NWPUp                     
200396b0  g_TimeStamp_PhotoSnap                 
200396b8  g_TimeStamp_PhotoUploaded             
200396c0  g_TimeStamp_cc3200Up                  
200396c8  g_TimeStamp_maxAngle                  
200396d0  g_TimeStamp_minAngle                  
200396d8  g_ucConnectionBSSID                   
200396f0  DMAMsgQ                               
200396f4  Elapsed_100MilliSecs                  
200396f8  Elapsed_1Secs                         
20039700  angle_avg                             
20039704  dataBuffer                            
20039708  g_block_lastFilled                    
2003970c  g_cDummy                              
20039710  g_cWlanSecurityType                   
20039714  g_frame_size_in_bytes                 
20039718  g_position_in_block                   
2003971c  g_readHeader                          
20039724  g_ulAppStatus                         
20039728  g_ulAppTimeout_ms                     
2003972c  g_ulSimplelinkStatus                  
20039730  g_ulWatchdogCycles                    
20039734  gdoor_40deg_angle                     
20039738  gdoor_90deg_angle                     
2003973c  gdoor_OpenDeg_angle                   
2003974c  g_fMaxAngle                           
2003974e  g_fMinAngle                           
20039750  RxIrqCnt                              
20039751  avg_buffer_cnt                        
20039752  captureTimeout_Flag                   
20039753  checkForLight_Flag                    
20039754  cnt_LED_Timer                         
20039755  g_BlinkCount                          
20039756  g_I2CPeripheral_inUse_Flag            
20039757  g_NoOfBlinks                          
20039758  g_OffTime                             
20039759  g_OnTime                              
2003975a  g_Task1_Notification                  
2003975b  g_Task3_Notification                  
2003975d  g_flag_DataBlockFilled                
2003975e  g_flag_door_closing_45degree          
2003975f  g_frame_end                           
20039760  g_ucAngle40                           
20039761  g_ucAngle90                           
20039762  g_ucCalibration                       
20039763  g_ucConfig                            
20039764  g_ucExitButton                        
20039765  g_ucFeedWatchdog                      
20039766  g_ucMagCalb                           
20039767  g_ucProfileAdded                      
20039768  g_ucPushButtonPressedTwice            
20039769  g_ucReasonForFailure                  
2003976a  iDone                                 
2003976b  isitfirsttime                         
2003976c  print_count                           
2003976d  valid_case                            
20039770  _sys_memory                           
ffffffff  __binit__                             
ffffffff  __c_args__                            
ffffffff  binit                                 
UNDEFED   SHT$$INIT_ARRAY$$Base                 
UNDEFED   SHT$$INIT_ARRAY$$Limit                

[932 symbols]
