******************************************************************************
                  TI ARM Linker PC v5.1.6                      
******************************************************************************
>> Linked Thu Apr 02 22:32:13 2015

OUTPUT FILE NAME:   <ULP_SEC_CAM.out>
ENTRY POINT SYMBOL: "_c_int00"  address: 20011c21


MEMORY CONFIGURATION

         name            origin    length      used     unused   attr    fill
----------------------  --------  ---------  --------  --------  ----  --------
  SRAM_BOOTLDR          20000000   00004000  0000232c  00001cd4  RW X
  SRAM_CODE             20004000   00013000  0000fba3  0000345d  RW X
  SRAM_DATA             20017000   0001b000  000188e0  00002720  RW X


SEGMENT ALLOCATION MAP

run origin  load origin   length   init length attrs members
----------  ----------- ---------- ----------- ----- -------
20000000    20000000    0000132c   00000000    rw-
  20000000    20000000    0000132c   00000000    rw- .data
20003000    20003000    00001000   00000000    rw-
  20003000    20003000    00001000   00000000    rw- .stack
20004000    20004000    0000fba8   0000fba8    r-x
  20004000    20004000    00000400   00000400    r-- .intvecs
  20004400    20004400    0000e322   0000e322    r-x .text
  20012724    20012724    00000949   00000949    r-- .const
  20013070    20013070    00000b38   00000b38    r-- .cinit
20017000    20017000    000188e0   00000000    rw-
  20017000    20017000    000148e0   00000000    rw- .bss
  2002b8e0    2002b8e0    00004000   00000000    rw- .sysmem


SECTION ALLOCATION MAP

 output                                  attributes/
section   page    origin      length       input sections
--------  ----  ----------  ----------   ----------------
.init_array 
*          0    20004000    00000000     UNINITIALIZED

.data      0    20000000    0000132c     UNINITIALIZED
                  20000000    00000600     camera_app.obj (.data:JPEG_StdHuffmanTbl)
                  20000600    00000400     camera_app.obj (.data:g_header)
                  20000a00    000003c9     libparse.a : cc3200_certificate.obj (.data:DigiCertHighAssuranceEVRootCA_der)
                  20000dc9    00000003     --HOLE--
                  20000dcc    00000184     simplelink.a : driver.obj (.data)
                  20000f50    000000f0     rtsv7M4_T_le_eabi.lib : defs.obj (.data:_ftable)
                  20001040    000000d0                           : lowlev.obj (.data)
                  20001110    00000064     simplelink.a : cc_pal.obj (.data)
                  20001174    00000040     camera_app.obj (.data:JPEG_StdQuantTblC)
                  200011b4    00000040     camera_app.obj (.data:JPEG_StdQuantTblY)
                  200011f4    00000040     camera_app.obj (.data:zigzag)
                  20001234    00000034     free_rtos.a : tasks.obj (.data)
                  20001268    0000002c     libparse.a : cc3200_utils.obj (.data:lastDateTime)
                  20001294    00000018                : cc3200_utils.obj (.data)
                  200012ac    00000018                : request.obj (.data)
                  200012c4    00000010     rtsv7M4_T_le_eabi.lib : defs.obj (.data)
                  200012d4    0000000c     free_rtos.a : osi_freertos.obj (.data)
                  200012e0    0000000c     network_relater_fns.obj (.data)
                  200012ec    0000000c     rtsv7M4_T_le_eabi.lib : memory.obj (.data)
                  200012f8    00000008     camera_app.obj (.data)
                  20001300    00000008     rtsv7M4_T_le_eabi.lib : _lock.obj (.data)
                  20001308    00000008                           : exit.obj (.data)
                  20001310    00000006     libparse.a : http.obj (.data)
                  20001316    00000002     --HOLE--
                  20001318    00000004     free_rtos.a : port.obj (.data)
                  2000131c    00000004     libparse.a : cc3200_certificate.obj (.data)
                  20001320    00000004     rtsv7M4_T_le_eabi.lib : fopen.obj (.data)
                  20001324    00000004                           : rand.obj (.data)
                  20001328    00000004                           : stkdepth_vars.obj (.data)

.stack     0    20003000    00001000     UNINITIALIZED
                  20003000    00001000     --HOLE--

.intvecs   0    20004000    00000400     
                  20004000    00000400     startup_ccs.obj (.intvecs)

.text      0    20004400    0000e322     
                  20004400    00001258     free_rtos.a : tasks.obj (.text)
                  20005658    00001024     camera_app.obj (.text)
                  2000667c    00000ec0     rtsv7M4_T_le_eabi.lib : _printfi.obj (.text)
                  2000753c    00000d04     network_relater_fns.obj (.text)
                  20008240    00000b24     free_rtos.a : queue.obj (.text)
                  20008d64    000006ec     libparse.a : request.obj (.text)
                  20009450    000004ce                : cc3200_utils.obj (.text)
                  2000991e    00000002     driverlib.a : interrupt.obj (.text:IntDefaultHandler)
                  20009920    000004a8     libparse.a : installation.obj (.text)
                  20009dc8    0000045c     free_rtos.a : osi_freertos.obj (.text)
                  2000a224    000003cc     rtsv7M4_T_le_eabi.lib : memory.obj (.text)
                  2000a5f0    000003a6     simplelink.a : driver.obj (.text:_SlDrvMsgRead)
                  2000a996    00000002     --HOLE-- [fill = 0]
                  2000a998    0000034c                  : driver.obj (.text:_SlAsyncEventGenericHandler)
                  2000ace4    00000340     libparse.a : cc3200_socket.obj (.text)
                  2000b024    0000031c                : simplejson.obj (.text)
                  2000b340    00000310     rtsv7M4_T_le_eabi.lib : lowlev.obj (.text)
                  2000b650    0000030c     main.obj (.text)
                  2000b95c    000002d4     rtsv7M4_T_le_eabi.lib : trgdrv.obj (.text)
                  2000bc30    000002a8     mt9d111.obj (.text)
                  2000bed8    000002a0     rtsv7M4_T_le_eabi.lib : vla_alloc.obj (.text)
                  2000c178    00000290     i2c_if.obj (.text)
                  2000c408    0000028c     libparse.a : cc3200_client_state.obj (.text)
                  2000c694    0000026c     uartA1_if.obj (.text)
                  2000c900    00000214     parse_uploads.obj (.text)
                  2000cb14    00000200     udma_if.obj (.text)
                  2000cd14    000001f4     rtsv7M4_T_le_eabi.lib : ull_div_t2.obj (.text)
                  2000cf08    000001d8     lightSens_isl29035.obj (.text)
                  2000d0e0    000001c0     rtsv7M4_T_le_eabi.lib : fopen.obj (.text)
                  2000d2a0    000001b6                           : fd_add_t2.obj (.text)
                  2000d456    00000002     --HOLE-- [fill = 0]
                  2000d458    000001b0     i2cconfig.obj (.text)
                  2000d608    000001ac     libparse.a : cc3200_certificate.obj (.text)
                  2000d7b4    0000019c     simplelink.a : wlan.obj (.text:sl_WlanConnect)
                  2000d950    00000164                  : driver.obj (.text:_SlDrvDataReadOp)
                  2000dab4    0000015c     i2c_app.obj (.text)
                  2000dc10    00000144     libparse.a : http.obj (.text)
                  2000dd54    00000140     simplelink.a : driver.obj (.text:_SlDrvRxHdrRead)
                  2000de94    00000136     rtsv7M4_T_le_eabi.lib : fd_div_t2.obj (.text)
                  2000dfca    00000002     --HOLE-- [fill = 0]
                  2000dfcc    00000134     driverlib.a : prcm.obj (.text:PRCMCC3200MCUInit)
                  2000e100    00000134     rtsv7M4_T_le_eabi.lib : fputs.obj (.text)
                  2000e234    00000130     simplelink.a : cc_pal.obj (.text:spi_Open)
                  2000e364    0000012c                  : driver.obj (.text:_SlDrvDataWriteOp)
                  2000e490    0000012a     free_rtos.a : list.obj (.text)
                  2000e5ba    00000002     --HOLE-- [fill = 0]
                  2000e5bc    00000114     simplelink.a : driver.obj (.text:_SlDrvMsgWrite)
                  2000e6d0    00000110     free_rtos.a : port.obj (.text)
                  2000e7e0    0000010c     simplelink.a : driver.obj (.text:_SlDrvWaitForPoolObj)
                  2000e8ec    00000108                  : socket.obj (.text:sl_Select)
                  2000e9f4    00000104                  : driver.obj (.text:_SlDrvReleasePoolObj)
                  2000eaf8    000000fe     libparse.a : parse_impl.obj (.text)
                  2000ebf6    000000fc     rtsv7M4_T_le_eabi.lib : fd_mul_t2.obj (.text)
                  2000ecf2    00000002     --HOLE-- [fill = 0]
                  2000ecf4    000000f0     driverlib.a : udma.obj (.text:uDMAChannelTransferSet)
                  2000ede4    000000e8     simplelink.a : socket.obj (.text:sl_Connect)
                  2000eecc    000000e8                  : cc_pal.obj (.text:spi_Write)
                  2000efb4    000000dc     rtsv7M4_T_le_eabi.lib : setvbuf.obj (.text)
                  2000f090    000000d8     simplelink.a : netapp.obj (.text:sl_NetAppDnsGetHostByName)
                  2000f168    000000cc                  : cc_pal.obj (.text:spi_Read)
                  2000f234    000000c4                  : device.obj (.text:sl_Stop)
                  2000f2f8    000000c0     rtsv7M4_T_le_eabi.lib : fflush.obj (.text)
                  2000f3b8    000000c0     simplelink.a : device.obj (.text:sl_Start)
                  2000f478    000000ba     free_rtos.a : portasm.obj (.text)
                  2000f532    00000002     --HOLE-- [fill = 0]
                  2000f534    000000b4     simplelink.a : driver.obj (.text:_SlDrvMsgReadCmdCtx)
                  2000f5e8    000000b2                  : netapp.obj (.text:_SlDrvNetAppEventHandler)
                  2000f69a    000000b2     pinmux.obj (.text)
                  2000f74c    000000b0     simplelink.a : socket.obj (.text:sl_Send)
                  2000f7fc    000000ac     rtsv7M4_T_le_eabi.lib : _io_perm.obj (.text)
                  2000f8a8    000000a8     driverlib.a : interrupt.obj (.text:IntDisable)
                  2000f950    000000a8                 : interrupt.obj (.text:IntEnable)
                  2000f9f8    000000a0                 : spi.obj (.text:SPIConfigSetExpClk)
                  2000fa98    0000009c     rtsv7M4_T_le_eabi.lib : fputc.obj (.text)
                  2000fb34    0000009c                           : memcpy_t2.obj (.text)
                  2000fbd0    00000098     simplelink.a : driver.obj (.text:_SlFindAndSetActiveObj)
                  2000fc68    00000098     rtsv7M4_T_le_eabi.lib : fclose.obj (.text)
                  2000fd00    00000098                           : snprintf.obj (.text)
                  2000fd98    00000094     driverlib.a : prcm.obj (.text:PRCMPeripheralClockGet)
                  2000fe2c    00000094     simplelink.a : driver.obj (.text:_SlDrvClassifyRxMsg)
                  2000fec0    00000094     rtsv7M4_T_le_eabi.lib : auto_init.obj (.text)
                  2000ff54    00000090     simplelink.a : driver.obj (.text:_SlDrvMsgReadSpawnCtx)
                  2000ffe4    0000008c                  : fs.obj (.text:sl_FsRead)
                  20010070    0000008c                  : fs.obj (.text:sl_FsWrite)
                  200100fc    00000088     driverlib.a : pin.obj (.text:PinConfigSet)
                  20010184    00000088     rtsv7M4_T_le_eabi.lib : vsnprintf.obj (.text)
                  2001020c    00000088     simplelink.a : netapp.obj (.text:sl_NetAppMDNSRegisterUnregisterService)
                  20010294    00000086     rtsv7M4_T_le_eabi.lib : fd_cmp_t2.obj (.text:__aeabi_cdcmple)
                  2001031a    00000086                           : fd_cmp_t2.obj (.text:__aeabi_cdrcmple)
                  200103a0    00000084     driverlib.a : i2c.obj (.text:I2CMasterInitExpClk)
                  20010424    00000084     simplelink.a : driver.obj (.text:_SlDrvCmdOp)
                  200104a8    00000084     libparse.a : cc3200_debug.obj (.text)
                  2001052c    00000080     simplelink.a : cc_pal.obj (.text:NwpPowerOnPreamble)
                  200105ac    0000007c                  : driver.obj (.text:_SlDrvDriverCBInit)
                  20010628    0000007c                  : netapp.obj (.text:_sl_HandleAsync_DnsGetHostByName)
                  200106a4    0000007c                  : device.obj (.text:sl_DevGet)
                  20010720    0000007c                  : fs.obj (.text:sl_FsClose)
                  2001079c    00000078                  : cc_pal.obj (.text:SetupDMAReceive)
                  20010814    00000078     rtsv7M4_T_le_eabi.lib : memset_t2.obj (.text)
                  2001088c    00000076     driverlib.a : uart.obj (.text:UARTConfigSetExpClk)
                  20010902    00000002     --HOLE-- [fill = 0]
                  20010904    00000074     simplelink.a : device.obj (.text:_sl_HandleAsync_InitComplete)
                  20010978    00000074                  : wlan.obj (.text:sl_WlanGet)
                  200109ec    00000074                  : cc_pal.obj (.text:spi_Close)
                  20010a60    00000070                  : netapp.obj (.text:_sl_HandleAsync_PingResponse)
                  20010ad0    0000006e                  : socket.obj (.text:_sl_TruncatePayloadByProtocol)
                  20010b3e    00000002     --HOLE-- [fill = 0]
                  20010b40    0000006c     rtsv7M4_T_le_eabi.lib : fprintf.obj (.text)
                  20010bac    00000068     simplelink.a : socket.obj (.text:_sl_HandleAsync_Connect)
                  20010c14    00000068                  : netapp.obj (.text:_sl_HandleAsync_DnsGetHostByService)
                  20010c7c    00000068                  : fs.obj (.text:sl_FsGetInfo)
                  20010ce4    00000064                  : fs.obj (.text:_sl_GetCreateFsMode)
                  20010d48    00000064                  : socket.obj (.text:_sl_HandleAsync_Accept)
                  20010dac    00000064     rtsv7M4_T_le_eabi.lib : fseek.obj (.text)
                  20010e10    00000064     driverlib.a : udma.obj (.text:uDMAChannelAttributeDisable)
                  20010e74    00000064                 : udma.obj (.text:uDMAChannelAttributeEnable)
                  20010ed8    00000060     rtsv7M4_T_le_eabi.lib : sprintf.obj (.text)
                  20010f38    00000060                           : trgmsg.obj (.text)
                  20010f98    0000005e                           : copy_decompress_rle.obj (.text)
                  20010ff6    0000005a                           : ltoa.obj (.text)
                  20011050    00000058     driverlib.a : interrupt.obj (.text:IntPendClear)
                  200110a8    00000058                 : prcm.obj (.text:PRCMPeripheralReset)
                  20011100    00000058     simplelink.a : driver.obj (.text:_SlDrvDriverCBDeinit)
                  20011158    00000058                  : socket.obj (.text:_sl_HandleAsync_Select)
                  200111b0    00000054     driverlib.a : interrupt.obj (.text:IntPrioritySet)
                  20011204    00000054     simplelink.a : device.obj (.text:_sl_HandleAsync_Stop)
                  20011258    00000054                  : fs.obj (.text:sl_FsOpen)
                  200112ac    00000054                  : netapp.obj (.text:sl_NetAppSendTokenValue)
                  20011300    0000004c     driverlib.a : spi.obj (.text:SPIIntEnable)
                  2001134c    0000004c     rtsv7M4_T_le_eabi.lib : atoi.obj (.text)
                  20011398    0000004c                           : rand.obj (.text)
                  200113e4    0000004c     simplelink.a : socket.obj (.text:sl_SetSockOpt)
                  20011430    0000004c     driverlib.a : udma.obj (.text:uDMAChannelAssign)
                  2001147c    0000004a     simplelink.a : device.obj (.text:_sl_GetStartResponseConvert)
                  200114c6    00000002     --HOLE-- [fill = 0]
                  200114c8    00000048     driverlib.a : spi.obj (.text:SPIIntClear)
                  20011510    00000048     rtsv7M4_T_le_eabi.lib : fd_toi_t2.obj (.text)
                  20011558    00000048     simplelink.a : device.obj (.text:sl_DevSet)
                  200115a0    00000048                  : fs.obj (.text:sl_FsDel)
                  200115e8    00000048                  : wlan.obj (.text:sl_WlanSet)
                  20011630    00000044     driverlib.a : spi.obj (.text:SPIDmaMaskGet)
                  20011674    00000044     rtsv7M4_T_le_eabi.lib : cpy_tbl.obj (.text)
                  200116b8    00000044                           : exit.obj (.text)
                  200116fc    00000044                           : xdtest.obj (.text)
                  20011740    00000044     simplelink.a : netcfg.obj (.text:sl_NetCfgSet)
                  20011784    00000044                  : socket.obj (.text:sl_Recv)
                  200117c8    00000040     driverlib.a : pin.obj (.text:PinModeSet)
                  20011808    00000040     simplelink.a : driver.obj (.text:_SlDrvRxIrqHandler)
                  20011848    00000040                  : driver.obj (.text:_SlRemoveFromList)
                  20011888    00000040                  : wlan.obj (.text:sl_WlanPolicySet)
                  200118c8    00000040                  : wlan.obj (.text:sl_WlanRxFilterSet)
                  20011908    0000003c                  : cc_pal.obj (.text:NwpPowerOff)
                  20011944    0000003c     driverlib.a : prcm.obj (.text:PRCMPeripheralClkEnable)
                  20011980    0000003c     simplelink.a : driver.obj (.text:_SlDrvObjInit)
                  200119bc    0000003c     rtsv7M4_T_le_eabi.lib : strncasecmp.obj (.text)
                  200119f8    0000003c     driverlib.a : udma.obj (.text:uDMAChannelControlSet)
                  20011a34    0000003a                 : camera.obj (.text:CameraCaptureStop)
                  20011a6e    0000003a                 : camera.obj (.text:CameraXClkConfig)
                  20011aa8    00000038     free_rtos.a : heap_3.obj (.text)
                  20011ae0    00000038     simplelink.a : socket.obj (.text:sl_Htonl)
                  20011b18    00000036     driverlib.a : gpio.obj (.text:GPIODirModeSet)
                  20011b4e    00000034                 : camera.obj (.text:CameraParamsConfig)
                  20011b82    00000002     --HOLE-- [fill = 0]
                  20011b84    00000034                 : prcm.obj (.text:PRCMPeripheralStatusGet)
                  20011bb8    00000034                 : spi.obj (.text:SPIFIFOLevelSet)
                  20011bec    00000034     simplelink.a : driver.obj (.text:_SlDrvBasicCmd)
                  20011c20    00000034     rtsv7M4_T_le_eabi.lib : boot.obj (.text)
                  20011c54    00000034                           : strstr.obj (.text)
                  20011c88    00000034     simplelink.a : socket.obj (.text:sl_Htons)
                  20011cbc    00000030                  : cc_pal.obj (.text:NwpPowerOn)
                  20011cec    00000030     driverlib.a : pin.obj (.text:PinTypeGPIO)
                  20011d1c    00000030                 : uart.obj (.text:UARTDisable)
                  20011d4c    00000030     rtsv7M4_T_le_eabi.lib : strncpy.obj (.text)
                  20011d7c    00000030     simplelink.a : socket.obj (.text:sl_Socket)
                  20011dac    0000002e     rtsv7M4_T_le_eabi.lib : i_tofd_t2.obj (.text)
                  20011dda    00000002     --HOLE-- [fill = 0]
                  20011ddc    0000002c     driverlib.a : camera.obj (.text:CameraIntEnable)
                  20011e08    0000002c     simplelink.a : cc_pal.obj (.text:DmaSpiSwIntHandler)
                  20011e34    0000002c     driverlib.a : i2c.obj (.text:I2CMasterErr)
                  20011e60    0000002c                 : prcm.obj (.text:PRCMSysResetCauseGet)
                  20011e8c    0000002c     simplelink.a : flowcont.obj (.text:_SlDrvFlowContDeinit)
                  20011eb8    0000002c                  : flowcont.obj (.text:_SlDrvFlowContInit)
                  20011ee4    00000028     driverlib.a : camera.obj (.text:CameraIntStatus)
                  20011f0c    00000028                 : prcm.obj (.text:PRCMPeripheralClkDisable)
                  20011f34    00000028     simplelink.a : socket.obj (.text:_sl_BuildAddress)
                  20011f5c    00000028                  : wlan.obj (.text:sl_WlanSetMode)
                  20011f84    00000026     driverlib.a : camera.obj (.text:CameraThresholdSet)
                  20011faa    00000026     rtsv7M4_T_le_eabi.lib : strncmp.obj (.text)
                  20011fd0    00000024     driverlib.a : camera.obj (.text:CameraIntClear)
                  20011ff4    00000024                 : interrupt.obj (.text:IntUnregister)
                  20012018    00000024                 : uart.obj (.text:UARTEnable)
                  2001203c    00000024     rtsv7M4_T_le_eabi.lib : memmov.obj (.text)
                  20012060    00000024     simplelink.a : socket.obj (.text:sl_Close)
                  20012084    00000024                  : netapp.obj (.text:sl_NetAppStart)
                  200120a8    00000024                  : netapp.obj (.text:sl_NetAppStop)
                  200120cc    00000024                  : wlan.obj (.text:sl_WlanProfileDel)
                  200120f0    00000022     driverlib.a : camera.obj (.text:CameraCaptureStart)
                  20012112    00000022                 : i2c.obj (.text:I2CMasterSlaveAddrSet)
                  20012134    00000022     simplelink.a : cc_pal.obj (.text:NwpRegisterInterruptHandler)
                  20012156    00000022     driverlib.a : spi.obj (.text:SPIReset)
                  20012178    00000022                 : spi.obj (.text:SPIWordCountSet)
                  2001219a    00000022     rtsv7M4_T_le_eabi.lib : memcmp.obj (.text)
                  200121bc    00000020     driverlib.a : interrupt.obj (.text:IntRegister)
                  200121dc    00000020     simplelink.a : driver.obj (.text:_SlDrvCmdSend)
                  200121fc    0000001e     driverlib.a : i2c.obj (.text:I2CMasterIntStatusEx)
                  2001221a    0000001e                 : uart.obj (.text:UARTCharPut)
                  20012238    0000001c                 : pin.obj (.text:PinTypeI2C)
                  20012254    0000001c     simplelink.a : driver.obj (.text:_SlDrvObjDeInit)
                  20012270    0000001c     rtsv7M4_T_le_eabi.lib : memccpy.obj (.text)
                  2001228c    0000001c     driverlib.a : udma.obj (.text:uDMAChannelDisable)
                  200122a8    0000001c                 : udma.obj (.text:uDMAChannelEnable)
                  200122c4    0000001c                 : udma.obj (.text:uDMAChannelRequest)
                  200122e0    0000001a     simplelink.a : netapp.obj (.text:CopyPingResultsToReport)
                  200122fa    0000001a     driverlib.a : pin.obj (.text:PinTypeCamera)
                  20012314    0000001a                 : pin.obj (.text:PinTypeUART)
                  2001232e    0000001a                 : spi.obj (.text:SPIDmaDisable)
                  20012348    0000001a                 : spi.obj (.text:SPIDmaEnable)
                  20012362    0000001a                 : spi.obj (.text:SPIFIFODisable)
                  2001237c    0000001a                 : spi.obj (.text:SPIFIFOEnable)
                  20012396    0000001a     simplelink.a : device.obj (.text:_SlDrvDeviceEventHandler)
                  200123b0    00000018     driverlib.a : camera.obj (.text:CameraReset)
                  200123c8    00000018                 : spi.obj (.text:SPICSDisable)
                  200123e0    00000018                 : spi.obj (.text:SPICSEnable)
                  200123f8    00000018                 : spi.obj (.text:SPIDisable)
                  20012410    00000018                 : spi.obj (.text:SPIEnable)
                  20012428    00000018     rtsv7M4_T_le_eabi.lib : args_main.obj (.text)
                  20012440    00000018                           : ll_mul_t2.obj (.text)
                  20012458    00000018                           : strcmp.obj (.text)
                  20012470    00000016     driverlib.a : camera.obj (.text:CameraDMAEnable)
                  20012486    00000016                 : camera.obj (.text:CameraIntRegister)
                  2001249c    00000016                 : i2c.obj (.text:I2CMasterDataPut)
                  200124b2    00000016                 : i2c.obj (.text:I2CMasterEnable)
                  200124c8    00000016                 : prcm.obj (.text:PRCMHIBRegRead)
                  200124de    00000016                 : prcm.obj (.text:PRCMHIBRegWrite)
                  200124f4    00000016                 : uart.obj (.text:UARTCharGet)
                  2001250a    00000016     simplelink.a : fs.obj (.text:_sl_Strlen)
                  20012520    00000016     rtsv7M4_T_le_eabi.lib : memchr.obj (.text)
                  20012536    00000016                           : strchr.obj (.text)
                  2001254c    00000016     driverlib.a : udma.obj (.text:uDMAIntRegister)
                  20012562    00000014                 : cpu.obj (.text:CPUcpsie)
                  20012576    00000002     --HOLE-- [fill = 0]
                  20012578    00000014                 : interrupt.obj (.text:IntVTableBaseSet)
                  2001258c    00000014     simplelink.a : driver.obj (.text:_SlDrvShiftDWord)
                  200125a0    00000014     rtsv7M4_T_le_eabi.lib : _lock.obj (.text)
                  200125b4    00000014                           : strlen.obj (.text)
                  200125c8    00000014     driverlib.a : udma.obj (.text:uDMAControlBaseSet)
                  200125dc    00000014                 : udma.obj (.text:uDMAIntClear)
                  200125f0    00000012                 : i2c.obj (.text:I2CMasterControl)
                  20012602    00000012                 : i2c.obj (.text:I2CMasterIntClearEx)
                  20012614    00000012                 : i2c.obj (.text:I2CMasterTimeoutSet)
                  20012626    00000012     rtsv7M4_T_le_eabi.lib : copy_zero_init.obj (.text:decompress:ZI)
                  20012638    00000012     simplelink.a : netapp.obj (.text:sl_NetAppMDNSUnRegisterService)
                  2001264a    00000012     driverlib.a : udma.obj (.text:uDMAIntUnregister)
                  2001265c    00000010     simplelink.a : cc_pal.obj (.text:NwpMaskInterrupt)
                  2001266c    00000010                  : socket.obj (.text:SL_FD_SET)
                  2001267c    00000010     rtsv7M4_T_le_eabi.lib : strcpy.obj (.text)
                  2001268c    0000000e     driverlib.a : i2c.obj (.text:I2CMasterDataGet)
                  2001269a    0000000e     rtsv7M4_T_le_eabi.lib : copy_decompress_none.obj (.text:decompress:none)
                  200126a8    0000000e                           : xdclass.obj (.text)
                  200126b6    0000000e     startup_ccs.obj (.text)
                  200126c4    0000000c     simplelink.a : cc_pal.obj (.text:NwpUnMaskInterrupt)
                  200126d0    0000000c     driverlib.a : udma.obj (.text:uDMADisable)
                  200126dc    0000000c                 : udma.obj (.text:uDMAEnable)
                  200126e8    0000000c                 : udma.obj (.text:uDMAIntStatus)
                  200126f4    0000000a                 : interrupt.obj (.text:IntMasterEnable)
                  200126fe    00000008     simplelink.a : wlan.obj (.text:sl_WlanDisconnect)
                  20012706    00000006     i2cconfig.obj (.text:MT9D111Delay)
                  2001270c    00000006     simplelink.a : socket.obj (.text:SL_FD_ZERO)
                  20012712    00000006     driverlib.a : utils.obj (.text:UtilsDelay)
                  20012718    00000006     rtsv7M4_T_le_eabi.lib : copy_decompress_rle.obj (.text:decompress:rle24)
                  2001271e    00000004                           : error.obj (.text)

.const     0    20012724    00000949     
                  20012724    0000013c     mt9d111.obj (.const:init_cmds_list)
                  20012860    00000102     rtsv7M4_T_le_eabi.lib : ctype.obj (.const:.string:_ctypes_)
                  20012962    00000002     --HOLE-- [fill = 0]
                  20012964    00000100     driverlib.a : pin.obj (.const:g_ulPinToPadMap)
                  20012a64    000000ec     simplelink.a : wlan.obj (.const)
                  20012b50    000000d4     driverlib.a : interrupt.obj (.const:g_pulRegs)
                  20012c24    000000b4     mt9d111.obj (.const:capture_cmds_list)
                  20012cd8    000000a8     driverlib.a : prcm.obj (.const:PRCM_PeriphRegsList)
                  20012d80    00000080                 : interrupt.obj (.const)
                  20012e00    00000051     network_relater_fns.obj (.const:.string)
                  20012e51    00000003     --HOLE-- [fill = 0]
                  20012e54    0000004c     simplelink.a : driver.obj (.const)
                  20012ea0    00000038                  : fs.obj (.const)
                  20012ed8    00000034                  : socket.obj (.const)
                  20012f0c    0000002c     libparse.a : cc3200_utils.obj (.const:$P$T0$1)
                  20012f38    0000002c     network_relater_fns.obj (.const:$P$T1$2)
                  20012f64    00000028     simplelink.a : netapp.obj (.const)
                  20012f8c    00000022     network_relater_fns.obj (.const:.string:$P$T0$1)
                  20012fae    00000022     mt9d111.obj (.const:.string)
                  20012fd0    00000020     network_relater_fns.obj (.const)
                  20012ff0    00000018     driverlib.a : spi.obj (.const)
                  20013008    00000017     libparse.a : request.obj (.const:.string)
                  2001301f    00000014     lightSens_isl29035.obj (.const:.string)
                  20013033    00000001     --HOLE-- [fill = 0]
                  20013034    00000014     simplelink.a : device.obj (.const)
                  20013048    0000000d     camera_app.obj (.const:.string)
                  20013055    0000000b     parse_uploads.obj (.const:.string)
                  20013060    00000008     simplelink.a : netcfg.obj (.const)
                  20013068    00000005     main.obj (.const:.string)

.cinit     0    20013070    00000b38     
                  20013070    00000b11     (.cinit..data.load) [load image, compression = rle]
                  20013b81    00000003     --HOLE-- [fill = 0]
                  20013b84    0000000c     (__TI_handler_table)
                  20013b90    00000008     (.cinit..bss.load) [load image, compression = zero_init]
                  20013b98    00000010     (__TI_cinit_table)

.bss       0    20017000    000148e0     UNINITIALIZED
                  20017000    00014000     main.obj (.bss:g_image_buffer)
                  2002b000    00000400     udma_if.obj (.bss:gpCtlTbl)
                  2002b400    00000120     rtsv7M4_T_le_eabi.lib : trgmsg.obj (.bss:__CIOBUF_)
                  2002b520    00000100     udma_if.obj (.bss:gfpAppCallbackHndl)
                  2002b620    000000c8     free_rtos.a : tasks.obj (.bss:pxReadyTasksLists)
                  2002b6e8    000000a0     rtsv7M4_T_le_eabi.lib : defs.obj (.bss:__TI_tmpnams)
                  2002b788    00000050     free_rtos.a : queue.obj (.bss:xQueueRegistry)
                  2002b7d8    00000034     libparse.a : cc3200_client_state.obj (.bss:clientStateFileName)
                  2002b80c    00000024     network_relater_fns.obj (.bss:g_ucConnectionSSID)
                  2002b830    0000001c     rtsv7M4_T_le_eabi.lib : vla_alloc.obj (.bss)
                  2002b84c    00000014     (.common:xDelayedTaskList1)
                  2002b860    00000014     (.common:xDelayedTaskList2)
                  2002b874    00000014     (.common:xPendingReadyList)
                  2002b888    00000014     (.common:xSuspendedTaskList)
                  2002b89c    00000014     (.common:xTasksWaitingTermination)
                  2002b8b0    00000008     (.common:g_ucConnectionBSSID)
                  2002b8b8    00000008     (.common:parmbuf)
                  2002b8c0    00000004     (.common:__Errorlog)
                  2002b8c4    00000004     (.common:dataBuffer)
                  2002b8c8    00000004     (.common:g_frame_size_in_bytes)
                  2002b8cc    00000004     (.common:g_header_length)
                  2002b8d0    00000004     (.common:g_total_dma_intrpts)
                  2002b8d4    00000004     (.common:pxDelayedTaskList)
                  2002b8d8    00000004     (.common:pxOverflowDelayedTaskList)
                  2002b8dc    00000001     (.common:g_CaptureImage)
                  2002b8dd    00000001     (.common:g_dma_txn_done)
                  2002b8de    00000001     (.common:g_frame_end)
                  2002b8df    00000001     (.common:iDone)

.sysmem    0    2002b8e0    00004000     UNINITIALIZED
                  2002b8e0    00000008     rtsv7M4_T_le_eabi.lib : memory.obj (.sysmem)
                  2002b8e8    00003ff8     --HOLE--


LINKER GENERATED COPY TABLES

__TI_cinit_table @ 20013b98 records: 2, size/record: 8, table size: 16
	.data: load addr=20013070, load size=00000b11 bytes, run addr=20000000, run size=0000132c bytes, compression=rle
	.bss: load addr=20013b90, load size=00000008 bytes, run addr=20017000, run size=000148e0 bytes, compression=zero_init


LINKER GENERATED HANDLER TABLE

__TI_handler_table @ 20013b84 records: 3, size/record: 4, table size: 12
	index: 0, handler: __TI_decompress_rle24
	index: 1, handler: __TI_decompress_none
	index: 2, handler: __TI_zero_init


GLOBAL SYMBOLS: SORTED ALPHABETICALLY BY Name 

address    name
--------   ----
200116b9   C$$EXIT
20010f63   C$$IO$$
20012563   CPUcpsie
20005b51   CamControllerInit
200120f1   CameraCaptureStart
20011a35   CameraCaptureStop
20012471   CameraDMAEnable
20011fd1   CameraIntClear
20011ddd   CameraIntEnable
20012487   CameraIntRegister
20011ee5   CameraIntStatus
20011b4f   CameraParamsConfig
200123b1   CameraReset
2000bc31   CameraSensorInit
20011f85   CameraThresholdSet
20011a6f   CameraXClkConfig
20005745   CaptureImage
2000c6d5   ClearTerm
2000b669   CollectTxit_ImgTempRH
2000786b   ConfigureMode
2000756d   ConfigureSimpleLinkToDefaultState
2000790d   ConnectToNetwork
200079f7   ConnectToNetwork_2
20007ad9   ConnectToNetwork_STA
20007aa9   ConnectToNetwork_STA_2
200122e1   CopyPingResultsToReport
2000111c   DMAMsgQ
2000ccbb   DMASetupTransfer
2000131c   DigiCertHighAssuranceEVRootCA_der_len
2000cb2b   DmaErrorIntHandler
20011e09   DmaSpiSwIntHandler
2000cb15   DmaSwIntHandler
2000c6df   Error
20011b19   GPIODirModeSet
2000c717   GetCmd
2000bbe9   HOSTclock
2000bbb1   HOSTclose
2000bb73   HOSTgetenv
2000bb17   HOSTlseek
2000bac5   HOSTopen
2000ba79   HOSTread
2000ba1b   HOSTrename
2000b9e1   HOSTtime
2000b9a9   HOSTunlink
2000b95d   HOSTwrite
2000d477   I2CBufferRead
2000d53f   I2CBufferWrite
2000d459   I2CInit
200125f1   I2CMasterControl
2001268d   I2CMasterDataGet
2001249d   I2CMasterDataPut
200124b3   I2CMasterEnable
20011e35   I2CMasterErr
200103a1   I2CMasterInitExpClk
20012603   I2CMasterIntClearEx
200121fd   I2CMasterIntStatusEx
20012113   I2CMasterSlaveAddrSet
20012615   I2CMasterTimeoutSet
2000c3f1   I2C_IF_Close
2000c3a9   I2C_IF_Open
2000c2a3   I2C_IF_Read
2000c35f   I2C_IF_ReadFrom
2000c1ed   I2C_IF_Write
2000c695   InitTerm
2000c901   InitialiseParse
2000753d   InitializeAppVariables
2000f8a9   IntDisable
2000f951   IntEnable
200126f5   IntMasterEnable
20011051   IntPendClear
200111b1   IntPrioritySet
200121bd   IntRegister
20011ff5   IntUnregister
20012579   IntVTableBaseSet
20000000   JPEG_StdHuffmanTbl
20001174   JPEG_StdQuantTblC
200011b4   JPEG_StdQuantTblY
20012707   MT9D111Delay
2000c6b3   Message
2001265d   NwpMaskInterrupt
20011909   NwpPowerOff
20011cbd   NwpPowerOn
2001052d   NwpPowerOnPreamble
20012135   NwpRegisterInterruptHandler
200126c5   NwpUnMaskInterrupt
2000dfcd   PRCMCC3200MCUInit
200124c9   PRCMHIBRegRead
200124df   PRCMHIBRegWrite
20011f0d   PRCMPeripheralClkDisable
20011945   PRCMPeripheralClkEnable
2000fd99   PRCMPeripheralClockGet
200110a9   PRCMPeripheralReset
20011b85   PRCMPeripheralStatusGet
20011e61   PRCMSysResetCauseGet
200100fd   PinConfigSet
200117c9   PinModeSet
2000f69b   PinMuxConfig
200122fb   PinTypeCamera
20011ced   PinTypeGPIO
20012239   PinTypeI2C
20012315   PinTypeUART
2000c841   Report
200126b7   ResetISR
UNDEFED    SHT$$INIT_ARRAY$$Base
UNDEFED    SHT$$INIT_ARRAY$$Limit
2001266d   SL_FD_SET
2001270d   SL_FD_ZERO
200123c9   SPICSDisable
200123e1   SPICSEnable
2000f9f9   SPIConfigSetExpClk
200123f9   SPIDisable
2001232f   SPIDmaDisable
20012349   SPIDmaEnable
20012411   SPIEnable
20012363   SPIFIFODisable
2001237d   SPIFIFOEnable
20011bb9   SPIFIFOLevelSet
200114c9   SPIIntClear
20011301   SPIIntEnable
20012157   SPIReset
20012179   SPIWordCountSet
2000cbbd   SetupTransfer
20007f55   SimpleLinkHttpServerCallback
20007e39   SimpleLinkNetAppEventHandler
20007ee1   SimpleLinkSockEventHandler
20007d05   SimpleLinkWlanEventHandler
20005659   StartCamera
2000bc47   StartSensorInJpegMode
2000c7a9   TrimSpace
200124f5   UARTCharGet
2001221b   UARTCharPut
2001088d   UARTConfigSetExpClk
20011d1d   UARTDisable
20012019   UARTEnable
2000cb8f   UDMAChannelSelect
2000cca7   UDMADeInit
2000cb37   UDMAInit
2000cc01   UDMASetupAutoMemTransfer
2000cc35   UDMASetupPingPongTransfer
2000cc8f   UDMAStartTransfer
2000cc9b   UDMAStopTransfer
2000c91b   UploadImageToParse
2000c945   UploadSensorDataToParse
20012713   UtilsDelay
2000a091   VDeleteSimpleLinkSpawnTask
2000a041   VStartSimpleLinkSpawnTask
200126a9   _Dclass
200116fd   _Dtest
20012ef8   _SlAcceptCmdCtrl
20012e68   _SlActionLookupTable
2000a999   _SlAsyncEventGenericHandler
20013040   _SlDeviceGetCmdCtrl
20013044   _SlDeviceSetCmdCtrl
20011bed   _SlDrvBasicCmd
2000fe2d   _SlDrvClassifyRxMsg
20010425   _SlDrvCmdOp
200121dd   _SlDrvCmdSend
2000d951   _SlDrvDataReadOp
2000e365   _SlDrvDataWriteOp
20012397   _SlDrvDeviceEventHandler
20011101   _SlDrvDriverCBDeinit
200105ad   _SlDrvDriverCBInit
20011e8d   _SlDrvFlowContDeinit
20011eb9   _SlDrvFlowContInit
2000a5f1   _SlDrvMsgRead
2000f535   _SlDrvMsgReadCmdCtx
2000ff55   _SlDrvMsgReadSpawnCtx
2000e5bd   _SlDrvMsgWrite
2000f5e9   _SlDrvNetAppEventHandler
20012255   _SlDrvObjDeInit
20011981   _SlDrvObjInit
2000e9f5   _SlDrvReleasePoolObj
2000dd55   _SlDrvRxHdrRead
20011809   _SlDrvRxIrqHandler
2001258d   _SlDrvShiftDWord
2000e7e1   _SlDrvWaitForPoolObj
2001303c   _SlEventMaskGetCmdCtrl
20013038   _SlEventMaskSetCmdCtrl
2000fbd1   _SlFindAndSetActiveObj
20012ea4   _SlFsCloseCmdCtrl
20012eb4   _SlFsDeleteCmdCtrl
20012eb0   _SlFsGetInfoCmdCtrl
20012ea0   _SlFsOpenCmdCtrl
20012ea8   _SlFsReadCmdCtrl
20012eac   _SlFsWriteCmdCtrl
20012f7c   _SlGetHostByNameCtrl
20012f78   _SlGetHostByServiceCtrl
20012f70   _SlGetServiceListeCtrl
20012f04   _SlGetSockOptCmdCtrl
20012ef4   _SlListenCmdCtrl
20012f88   _SlNetAppGetCmdCtrl
20012f84   _SlNetAppSendTokenValueCmdCtrl
20012f80   _SlNetAppSetCmdCtrl
20012f68   _SlNetAppStartCtrl
20012f6c   _SlNetAppStopCtrl
20013064   _SlNetCfgGetCmdCtrl
20013060   _SlNetCfgSetCmdCtrl
20012a6c   _SlPolicyGetCmdCtrl
20012a68   _SlPolicySetCmdCtrl
20012a74   _SlProfileDelCmdCtrl
20012a70   _SlProfileGetCmdCtrl
20012efc   _SlRecvCmdCtrl
20012eec   _SlRecvfomCmdCtrl
20012f74   _SlRegisterServiceCtrl
20011849   _SlRemoveFromList
20012a7c   _SlRxFilterAddtCmdCtrl
20012a84   _SlRxFilterGetCmdCtrl
20012a80   _SlRxFilterSetCmdCtrl
20012f08   _SlSelectCmdCtrl
20012ef0   _SlSendCmdCtrl
20012f00   _SlSetSockOptCmdCtrl
20012a88   _SlSmartConfigStartCmdCtrl
20012ee8   _SlSockCloseCmdCtrl
20012ee4   _SlSockSocketCmdCtrl
20013034   _SlStopCmdCtrl
20012a94   _SlWlanCfgGetCmdCtrl
20012a90   _SlWlanCfgSetCmdCtrl
20012a78   _SlWlanGetNetworkListCtrl
20012a8c   _SlWlanSetModeCmdCtrl
2002b400   __CIOBUF_
20004000   __STACK_END
00001000   __STACK_SIZE
00004000   __SYSMEM_SIZE
20013b98   __TI_CINIT_Base
20013ba8   __TI_CINIT_Limit
20013b84   __TI_Handler_Table_Base
20013b90   __TI_Handler_Table_Limit
00000001   __TI_args_main
2000fec1   __TI_auto_init
2000d1a9   __TI_cleanup
20001308   __TI_cleanup_ptr
2000fc69   __TI_closefile
2001269b   __TI_decompress_none
20012719   __TI_decompress_rle24
2000f2f9   __TI_doflush
2000130c   __TI_dtors_ptr
200012c4   __TI_ft_end
20007233   __TI_printfi
2000f85f   __TI_rd_ok
20010f67   __TI_readmsg
20013070   __TI_static_base__
2002b6e8   __TI_tmpnams
20010f39   __TI_writemsg
2000f7fd   __TI_wrt_ok
20012627   __TI_zero_init
2001271f   __abort_execution
20010295   __aeabi_cdcmpeq
20010295   __aeabi_cdcmple
2001031b   __aeabi_cdrcmple
20011511   __aeabi_d2iz
2000d2ab   __aeabi_dadd
2000de95   __aeabi_ddiv
2000ebf7   __aeabi_dmul
2000d2a1   __aeabi_dsub
20011dad   __aeabi_i2d
20012441   __aeabi_lmul
20010815   __aeabi_memclr
20010815   __aeabi_memclr4
20010815   __aeabi_memclr8
2000fb35   __aeabi_memcpy
2000fb35   __aeabi_memcpy4
2000fb35   __aeabi_memcpy8
20010817   __aeabi_memset
20010817   __aeabi_memset4
20010817   __aeabi_memset8
200012d0   __aeabi_stderr
200012c8   __aeabi_stdin
200012cc   __aeabi_stdout
2000cd15   __aeabi_uldivmod
ffffffff   __binit__
ffffffff   __c_args__
20003000   __stack
2000bfe7   __vla_alloc
2000bed9   __vla_dealloc
2000bf67   __vla_dealloc_eh
20012429   _args_main
20011c21   _c_int00
20012860   _ctypes_
20000f50   _ftable
20001300   _lock
200125af   _nop
200125a7   _register_lock
200125a1   _register_unlock
20011f35   _sl_BuildAddress
20010ce5   _sl_GetCreateFsMode
2001147d   _sl_GetStartResponseConvert
20010d49   _sl_HandleAsync_Accept
20010bad   _sl_HandleAsync_Connect
20010629   _sl_HandleAsync_DnsGetHostByName
20010c15   _sl_HandleAsync_DnsGetHostByService
20010905   _sl_HandleAsync_InitComplete
20010a61   _sl_HandleAsync_PingResponse
20011159   _sl_HandleAsync_Select
20011205   _sl_HandleAsync_Stop
2001250b   _sl_Strlen
20010ad1   _sl_TruncatePayloadByProtocol
2002b8e0   _sys_memory
20001304   _unlock
200116bd   abort
2000dcd7   addHttpRequestHeader
2000dcc7   addHttpRequestHeaderInt
2000dc5d   addHttpRequestLine
2000b5a3   add_device
2001134d   atoi
2000dc95   beginHttpGetRequest
2000dc89   beginHttpRequest
ffffffff   binit
20008d77   buildRequestHeaders
2000a5b9   calloc
2002b7d8   clientStateFileName
2000b551   close
200012bc   cnt
2000cf09   configureISL29035
20011675   copy_in
20009921   createInstallation
2000957d   createNewInstallationId
2002b8c4   dataBuffer
200012c0   dataBufferSize
200104a9   debugPrint
200104c1   debugPrintf
20004691   eTaskGetState
2000d609   ensureCertificateFile
200116c5   exit
2000fccf   fclose
20009519   fetchDeviceOSVersion
2000f345   fflush
2000b329   findSecondJson
2000d1ff   fopen
20010b49   fprintf
2000fa99   fputc
2000e101   fputs
2000a313   free
2000d1d5   freopen
20010dad   fseek
20000dd0   gFirstCmdMode
2002b8dc   g_CaptureImage
20012e60   g_H2NCnysPattern
20012e58   g_H2NSyncPattern
20001110   g_SpiFd
20000dd8   g_StatMem
20001120   g_cDummy
20013008   g_deviceClientVersion
2002b8c8   g_frame_size_in_bytes
20000600   g_header
2002b8cc   g_header_length
20017000   g_image_buffer
20001294   g_osVersion
20000dd4   g_pCB
20001114   g_pHostIntHdl
20004000   g_pfnVectors
2002b8b0   g_ucConnectionBSSID
2002b80c   g_ucConnectionSSID
20001118   g_ucDMAEnabled
20001124   g_ucDinDout
200012e8   g_uiSimplelinkRole
200012e4   g_ulGatewayIP
200012fc   g_ulPingPacketsRecv
200012e0   g_ulStatus
2000dc3b   getHttpResponseBody
2000dc11   getHttpResponseStatus
2000996f   getInstallation
2000eb97   getInternalClient
2000d01d   getLightsensor_data
2000d061   getLightsensor_intrptStatus
2000b2c1   getPushJson
2002b520   gfpAppCallbackHndl
2002b000   gpCtlTbl
2000dab5   i2cReadRegisters
2000dba1   i2cReadRegistersTwoBytes
2000db07   i2cWriteRegisters
2002b8df   iDone
20007b65   initNetwork
2000c9cd   intToASCII
2000b2a7   isCompleteJson
200094bf   isPingTime
2000c50b   loadClientState
2000b52d   lseek
20010ff7   ltoa
2000b6df   main
20001328   main_func_sp
2000a2b1   malloc
2000a195   mem_Free
2000a189   mem_Malloc
2000a1b5   mem_copy
2000a1a1   mem_set
2000a4d9   memalign
20012271   memccpy
20012521   memchr
2001219b   memcmp
2000fb35   memcpy
2001203d   memmove
2001081d   memset
2000a225   minit
2000b47f   open
2000a20b   osi_ContextRestore
2000a209   osi_ContextSave
2000a1c9   osi_EnterCritical
2000a1d3   osi_ExitCritical
20009def   osi_InterruptDeRegister
20009dc9   osi_InterruptRegister
20009ef9   osi_LockObjCreate
20009f6d   osi_LockObjDelete
20009f7d   osi_LockObjLock
20009fa9   osi_LockObjUnlock
2000a0bd   osi_MsgQCreate
2000a101   osi_MsgQDelete
2000a14d   osi_MsgQRead
2000a11b   osi_MsgQWrite
2000a1e5   osi_Sleep
20009fd3   osi_Spawn
20009ed7   osi_SyncObjClear
20009e01   osi_SyncObjCreate
20009e31   osi_SyncObjDelete
20009e4b   osi_SyncObjSignal
20009e73   osi_SyncObjSignalFromISR
20009eab   osi_SyncObjWait
20009f1f   osi_TaskCreate
20009f5f   osi_TaskDelete
2000a1f5   osi_TaskDisable
2000a1ff   osi_TaskEnable
2000a1dd   osi_start
20000dcc   pPingCallBackFunc
20009301   parseGetErrorCode
20009a5f   parseGetInstallationId
2000eaf9   parseInitialize
200092cd   parseSendRequest
20009255   parseSendRequestInternal
200099e7   parseSetInstallationId
20013055   pcDigits
20004bb5   pcTaskGetTaskName
2000f52d   portCLZ
2000f515   prvPortStartFirstTask
2000fb1d   putc
2000fb21   putchar
2000e20d   puts
20011aa9   pvPortMalloc
20001234   pxCurrentTCB
2000e6d1   pxPortInitialiseStack
200113af   rand
2000b45b   read
2000a3d3   realloc
2000b3d1   remove
2000b433   remove_device
2000b3f5   rename
2000c967   retreiveImageIDfromHTTPResponse
2000c409   saveClientState
200090e1   sendRequest
20008d65   setDataBufferPointer
2000cf65   setThreshold_lightsensor
2000efb5   setvbuf
2000b025   simpleJsonProcessor
20012061   sl_Close
2000ede5   sl_Connect
200106a5   sl_DevGet
20011559   sl_DevSet
20010721   sl_FsClose
200115a1   sl_FsDel
20010c7d   sl_FsGetInfo
20011259   sl_FsOpen
2000ffe5   sl_FsRead
20010071   sl_FsWrite
20011ae1   sl_Htonl
20011c89   sl_Htons
2000f091   sl_NetAppDnsGetHostByName
2001020d   sl_NetAppMDNSRegisterUnregisterService
20012639   sl_NetAppMDNSUnRegisterService
200112ad   sl_NetAppSendTokenValue
20012085   sl_NetAppStart
200120a9   sl_NetAppStop
20011741   sl_NetCfgSet
20011785   sl_Recv
2000e8ed   sl_Select
2000f74d   sl_Send
200113e5   sl_SetSockOpt
20011d7d   sl_Socket
2000f3b9   sl_Start
2000f235   sl_Stop
2000d7b5   sl_WlanConnect
200126ff   sl_WlanDisconnect
20010979   sl_WlanGet
20011889   sl_WlanPolicySet
200120cd   sl_WlanProfileDel
200118c9   sl_WlanRxFilterSet
200115e9   sl_WlanSet
20011f5d   sl_WlanSetMode
2000fd01   snprintf
20012061   socketClose
2000aeb3   socketRead
2000ad9f   socketSslConnect
2000ad53   socketWait
2000ace5   socketWrite
200109ed   spi_Close
2000e235   spi_Open
2000f169   spi_Read
2000eecd   spi_Write
20010ed9   sprintf
20011399   srand
200012ba   sshPort
20012537   strchr
20012459   strcmp
2001267d   strcpy
200125b5   strlen
200119bd   strncasecmp
20011fab   strncmp
20011d4d   strncpy
20011c55   strstr
20011431   uDMAChannelAssign
20010e11   uDMAChannelAttributeDisable
20010e75   uDMAChannelAttributeEnable
200119f9   uDMAChannelControlSet
2001228d   uDMAChannelDisable
200122a9   uDMAChannelEnable
200122c5   uDMAChannelRequest
2000ecf5   uDMAChannelTransferSet
200125c9   uDMAControlBaseSet
200126d1   uDMADisable
200126dd   uDMAEnable
200125dd   uDMAIntClear
2001254d   uDMAIntRegister
200126e9   uDMAIntStatus
2001264b   uDMAIntUnregister
200089c1   ucQueueGetQueueType
2000f47d   ulPortSetInterruptMask
2000b3d1   unlink
20009479   updateLastPingTime
2000e573   uxListRemove
200089a1   uxQueueGetQueueNumber
20008935   uxQueueMessagesWaiting
2000896b   uxQueueMessagesWaitingFromISR
2000894b   uxQueueSpacesAvailable
20004ba9   uxTaskGetNumberOfTasks
20004bd9   uxTaskGetSystemState
200050c9   uxTaskGetTaskNumber
20004725   uxTaskPriorityGet
20005621   uxTaskResetEventItemValue
2000b65b   vApplicationIdleHook
2000b65d   vApplicationMallocFailedHook
2000b65f   vApplicationStackOverflowHook
2000b651   vAssertCalled
2000e491   vListInitialise
2000e4c1   vListInitialiseItem
2000e50d   vListInsert
2000e4d1   vListInsertEnd
2000f493   vPortClearInterruptMask
2000e74d   vPortEndScheduler
2000e761   vPortEnterCritical
2000e779   vPortExitCritical
20011ac9   vPortFree
2000f4ed   vPortSVCHandler
2000e7ad   vPortSetupTimerInterrupt
2000e74f   vPortYield
20008bdb   vQueueAddToRegistry
2000897d   vQueueDelete
200089af   vQueueSetQueueNumber
20008c1d   vQueueUnregisterQueue
2000463b   vTaskDelay
2000459f   vTaskDelayUntil
2000450f   vTaskDelete
20004a8d   vTaskEndScheduler
200050bb   vTaskMissedYield
20004e51   vTaskPlaceOnEventList
20004eb5   vTaskPlaceOnUnorderedEventList
20005597   vTaskPriorityDisinherit
200054dd   vTaskPriorityInherit
2000475d   vTaskPrioritySet
20004955   vTaskResume
200050e9   vTaskSetTaskNumber
2000501b   vTaskSetTimeOutState
20004a43   vTaskStartScheduler
20004861   vTaskSuspend
20004a9f   vTaskSuspendAll
20004dd1   vTaskSwitchContext
2000d075   verifyISL29035
20010185   vsnprintf
2000b341   write
200012d4   xHigherPriorityTaskWoken
2000f4a1   xPortPendSVHandler
2000e721   xPortStartScheduler
2000e791   xPortSysTickHandler
20008c6b   xQueueAddToSet
2000859d   xQueueAltGenericReceive
200084f1   xQueueAltGenericSend
200083c5   xQueueCreateCountingSemaphore
20008347   xQueueCreateMutex
20008c57   xQueueCreateSet
200082d1   xQueueGenericCreate
20008737   xQueueGenericReceive
20008241   xQueueGenericReset
200083e5   xQueueGenericSend
2000869b   xQueueGenericSendFromISR
20008b77   xQueueIsQueueEmptyFromISR
20008bb9   xQueueIsQueueFullFromISR
200088f1   xQueuePeekFromISR
20008879   xQueueReceiveFromISR
2002b788   xQueueRegistry
20008c9f   xQueueRemoveFromSet
20008ce1   xQueueSelectFromSet
20008cfb   xQueueSelectFromSetFromISR
200012d8   xSimpleLinkSpawnQueue
200012dc   xSimpleLinkSpawnTaskHndl
20005041   xTaskCheckForTimeOut
20004401   xTaskGenericCreate
20005491   xTaskGetCurrentTaskHandle
20004c97   xTaskGetIdleTaskHandle
200054a5   xTaskGetSchedulerState
20004b7d   xTaskGetTickCount
20004b91   xTaskGetTickCountFromISR
20004cb5   xTaskIncrementTick
20004f25   xTaskRemoveFromEventList
20004fad   xTaskRemoveFromUnorderedEventList
20004ab1   xTaskResumeAll
200049c9   xTaskResumeFromISR


GLOBAL SYMBOLS: SORTED BY Symbol Address 

address    name
--------   ----
00000001   __TI_args_main
00001000   __STACK_SIZE
00004000   __SYSMEM_SIZE
20000000   JPEG_StdHuffmanTbl
20000600   g_header
20000dcc   pPingCallBackFunc
20000dd0   gFirstCmdMode
20000dd4   g_pCB
20000dd8   g_StatMem
20000f50   _ftable
20001110   g_SpiFd
20001114   g_pHostIntHdl
20001118   g_ucDMAEnabled
2000111c   DMAMsgQ
20001120   g_cDummy
20001124   g_ucDinDout
20001174   JPEG_StdQuantTblC
200011b4   JPEG_StdQuantTblY
20001234   pxCurrentTCB
20001294   g_osVersion
200012ba   sshPort
200012bc   cnt
200012c0   dataBufferSize
200012c4   __TI_ft_end
200012c8   __aeabi_stdin
200012cc   __aeabi_stdout
200012d0   __aeabi_stderr
200012d4   xHigherPriorityTaskWoken
200012d8   xSimpleLinkSpawnQueue
200012dc   xSimpleLinkSpawnTaskHndl
200012e0   g_ulStatus
200012e4   g_ulGatewayIP
200012e8   g_uiSimplelinkRole
200012fc   g_ulPingPacketsRecv
20001300   _lock
20001304   _unlock
20001308   __TI_cleanup_ptr
2000130c   __TI_dtors_ptr
2000131c   DigiCertHighAssuranceEVRootCA_der_len
20001328   main_func_sp
20003000   __stack
20004000   __STACK_END
20004000   g_pfnVectors
20004401   xTaskGenericCreate
2000450f   vTaskDelete
2000459f   vTaskDelayUntil
2000463b   vTaskDelay
20004691   eTaskGetState
20004725   uxTaskPriorityGet
2000475d   vTaskPrioritySet
20004861   vTaskSuspend
20004955   vTaskResume
200049c9   xTaskResumeFromISR
20004a43   vTaskStartScheduler
20004a8d   vTaskEndScheduler
20004a9f   vTaskSuspendAll
20004ab1   xTaskResumeAll
20004b7d   xTaskGetTickCount
20004b91   xTaskGetTickCountFromISR
20004ba9   uxTaskGetNumberOfTasks
20004bb5   pcTaskGetTaskName
20004bd9   uxTaskGetSystemState
20004c97   xTaskGetIdleTaskHandle
20004cb5   xTaskIncrementTick
20004dd1   vTaskSwitchContext
20004e51   vTaskPlaceOnEventList
20004eb5   vTaskPlaceOnUnorderedEventList
20004f25   xTaskRemoveFromEventList
20004fad   xTaskRemoveFromUnorderedEventList
2000501b   vTaskSetTimeOutState
20005041   xTaskCheckForTimeOut
200050bb   vTaskMissedYield
200050c9   uxTaskGetTaskNumber
200050e9   vTaskSetTaskNumber
20005491   xTaskGetCurrentTaskHandle
200054a5   xTaskGetSchedulerState
200054dd   vTaskPriorityInherit
20005597   vTaskPriorityDisinherit
20005621   uxTaskResetEventItemValue
20005659   StartCamera
20005745   CaptureImage
20005b51   CamControllerInit
20007233   __TI_printfi
2000753d   InitializeAppVariables
2000756d   ConfigureSimpleLinkToDefaultState
2000786b   ConfigureMode
2000790d   ConnectToNetwork
200079f7   ConnectToNetwork_2
20007aa9   ConnectToNetwork_STA_2
20007ad9   ConnectToNetwork_STA
20007b65   initNetwork
20007d05   SimpleLinkWlanEventHandler
20007e39   SimpleLinkNetAppEventHandler
20007ee1   SimpleLinkSockEventHandler
20007f55   SimpleLinkHttpServerCallback
20008241   xQueueGenericReset
200082d1   xQueueGenericCreate
20008347   xQueueCreateMutex
200083c5   xQueueCreateCountingSemaphore
200083e5   xQueueGenericSend
200084f1   xQueueAltGenericSend
2000859d   xQueueAltGenericReceive
2000869b   xQueueGenericSendFromISR
20008737   xQueueGenericReceive
20008879   xQueueReceiveFromISR
200088f1   xQueuePeekFromISR
20008935   uxQueueMessagesWaiting
2000894b   uxQueueSpacesAvailable
2000896b   uxQueueMessagesWaitingFromISR
2000897d   vQueueDelete
200089a1   uxQueueGetQueueNumber
200089af   vQueueSetQueueNumber
200089c1   ucQueueGetQueueType
20008b77   xQueueIsQueueEmptyFromISR
20008bb9   xQueueIsQueueFullFromISR
20008bdb   vQueueAddToRegistry
20008c1d   vQueueUnregisterQueue
20008c57   xQueueCreateSet
20008c6b   xQueueAddToSet
20008c9f   xQueueRemoveFromSet
20008ce1   xQueueSelectFromSet
20008cfb   xQueueSelectFromSetFromISR
20008d65   setDataBufferPointer
20008d77   buildRequestHeaders
200090e1   sendRequest
20009255   parseSendRequestInternal
200092cd   parseSendRequest
20009301   parseGetErrorCode
20009479   updateLastPingTime
200094bf   isPingTime
20009519   fetchDeviceOSVersion
2000957d   createNewInstallationId
20009921   createInstallation
2000996f   getInstallation
200099e7   parseSetInstallationId
20009a5f   parseGetInstallationId
20009dc9   osi_InterruptRegister
20009def   osi_InterruptDeRegister
20009e01   osi_SyncObjCreate
20009e31   osi_SyncObjDelete
20009e4b   osi_SyncObjSignal
20009e73   osi_SyncObjSignalFromISR
20009eab   osi_SyncObjWait
20009ed7   osi_SyncObjClear
20009ef9   osi_LockObjCreate
20009f1f   osi_TaskCreate
20009f5f   osi_TaskDelete
20009f6d   osi_LockObjDelete
20009f7d   osi_LockObjLock
20009fa9   osi_LockObjUnlock
20009fd3   osi_Spawn
2000a041   VStartSimpleLinkSpawnTask
2000a091   VDeleteSimpleLinkSpawnTask
2000a0bd   osi_MsgQCreate
2000a101   osi_MsgQDelete
2000a11b   osi_MsgQWrite
2000a14d   osi_MsgQRead
2000a189   mem_Malloc
2000a195   mem_Free
2000a1a1   mem_set
2000a1b5   mem_copy
2000a1c9   osi_EnterCritical
2000a1d3   osi_ExitCritical
2000a1dd   osi_start
2000a1e5   osi_Sleep
2000a1f5   osi_TaskDisable
2000a1ff   osi_TaskEnable
2000a209   osi_ContextSave
2000a20b   osi_ContextRestore
2000a225   minit
2000a2b1   malloc
2000a313   free
2000a3d3   realloc
2000a4d9   memalign
2000a5b9   calloc
2000a5f1   _SlDrvMsgRead
2000a999   _SlAsyncEventGenericHandler
2000ace5   socketWrite
2000ad53   socketWait
2000ad9f   socketSslConnect
2000aeb3   socketRead
2000b025   simpleJsonProcessor
2000b2a7   isCompleteJson
2000b2c1   getPushJson
2000b329   findSecondJson
2000b341   write
2000b3d1   remove
2000b3d1   unlink
2000b3f5   rename
2000b433   remove_device
2000b45b   read
2000b47f   open
2000b52d   lseek
2000b551   close
2000b5a3   add_device
2000b651   vAssertCalled
2000b65b   vApplicationIdleHook
2000b65d   vApplicationMallocFailedHook
2000b65f   vApplicationStackOverflowHook
2000b669   CollectTxit_ImgTempRH
2000b6df   main
2000b95d   HOSTwrite
2000b9a9   HOSTunlink
2000b9e1   HOSTtime
2000ba1b   HOSTrename
2000ba79   HOSTread
2000bac5   HOSTopen
2000bb17   HOSTlseek
2000bb73   HOSTgetenv
2000bbb1   HOSTclose
2000bbe9   HOSTclock
2000bc31   CameraSensorInit
2000bc47   StartSensorInJpegMode
2000bed9   __vla_dealloc
2000bf67   __vla_dealloc_eh
2000bfe7   __vla_alloc
2000c1ed   I2C_IF_Write
2000c2a3   I2C_IF_Read
2000c35f   I2C_IF_ReadFrom
2000c3a9   I2C_IF_Open
2000c3f1   I2C_IF_Close
2000c409   saveClientState
2000c50b   loadClientState
2000c695   InitTerm
2000c6b3   Message
2000c6d5   ClearTerm
2000c6df   Error
2000c717   GetCmd
2000c7a9   TrimSpace
2000c841   Report
2000c901   InitialiseParse
2000c91b   UploadImageToParse
2000c945   UploadSensorDataToParse
2000c967   retreiveImageIDfromHTTPResponse
2000c9cd   intToASCII
2000cb15   DmaSwIntHandler
2000cb2b   DmaErrorIntHandler
2000cb37   UDMAInit
2000cb8f   UDMAChannelSelect
2000cbbd   SetupTransfer
2000cc01   UDMASetupAutoMemTransfer
2000cc35   UDMASetupPingPongTransfer
2000cc8f   UDMAStartTransfer
2000cc9b   UDMAStopTransfer
2000cca7   UDMADeInit
2000ccbb   DMASetupTransfer
2000cd15   __aeabi_uldivmod
2000cf09   configureISL29035
2000cf65   setThreshold_lightsensor
2000d01d   getLightsensor_data
2000d061   getLightsensor_intrptStatus
2000d075   verifyISL29035
2000d1a9   __TI_cleanup
2000d1d5   freopen
2000d1ff   fopen
2000d2a1   __aeabi_dsub
2000d2ab   __aeabi_dadd
2000d459   I2CInit
2000d477   I2CBufferRead
2000d53f   I2CBufferWrite
2000d609   ensureCertificateFile
2000d7b5   sl_WlanConnect
2000d951   _SlDrvDataReadOp
2000dab5   i2cReadRegisters
2000db07   i2cWriteRegisters
2000dba1   i2cReadRegistersTwoBytes
2000dc11   getHttpResponseStatus
2000dc3b   getHttpResponseBody
2000dc5d   addHttpRequestLine
2000dc89   beginHttpRequest
2000dc95   beginHttpGetRequest
2000dcc7   addHttpRequestHeaderInt
2000dcd7   addHttpRequestHeader
2000dd55   _SlDrvRxHdrRead
2000de95   __aeabi_ddiv
2000dfcd   PRCMCC3200MCUInit
2000e101   fputs
2000e20d   puts
2000e235   spi_Open
2000e365   _SlDrvDataWriteOp
2000e491   vListInitialise
2000e4c1   vListInitialiseItem
2000e4d1   vListInsertEnd
2000e50d   vListInsert
2000e573   uxListRemove
2000e5bd   _SlDrvMsgWrite
2000e6d1   pxPortInitialiseStack
2000e721   xPortStartScheduler
2000e74d   vPortEndScheduler
2000e74f   vPortYield
2000e761   vPortEnterCritical
2000e779   vPortExitCritical
2000e791   xPortSysTickHandler
2000e7ad   vPortSetupTimerInterrupt
2000e7e1   _SlDrvWaitForPoolObj
2000e8ed   sl_Select
2000e9f5   _SlDrvReleasePoolObj
2000eaf9   parseInitialize
2000eb97   getInternalClient
2000ebf7   __aeabi_dmul
2000ecf5   uDMAChannelTransferSet
2000ede5   sl_Connect
2000eecd   spi_Write
2000efb5   setvbuf
2000f091   sl_NetAppDnsGetHostByName
2000f169   spi_Read
2000f235   sl_Stop
2000f2f9   __TI_doflush
2000f345   fflush
2000f3b9   sl_Start
2000f47d   ulPortSetInterruptMask
2000f493   vPortClearInterruptMask
2000f4a1   xPortPendSVHandler
2000f4ed   vPortSVCHandler
2000f515   prvPortStartFirstTask
2000f52d   portCLZ
2000f535   _SlDrvMsgReadCmdCtx
2000f5e9   _SlDrvNetAppEventHandler
2000f69b   PinMuxConfig
2000f74d   sl_Send
2000f7fd   __TI_wrt_ok
2000f85f   __TI_rd_ok
2000f8a9   IntDisable
2000f951   IntEnable
2000f9f9   SPIConfigSetExpClk
2000fa99   fputc
2000fb1d   putc
2000fb21   putchar
2000fb35   __aeabi_memcpy
2000fb35   __aeabi_memcpy4
2000fb35   __aeabi_memcpy8
2000fb35   memcpy
2000fbd1   _SlFindAndSetActiveObj
2000fc69   __TI_closefile
2000fccf   fclose
2000fd01   snprintf
2000fd99   PRCMPeripheralClockGet
2000fe2d   _SlDrvClassifyRxMsg
2000fec1   __TI_auto_init
2000ff55   _SlDrvMsgReadSpawnCtx
2000ffe5   sl_FsRead
20010071   sl_FsWrite
200100fd   PinConfigSet
20010185   vsnprintf
2001020d   sl_NetAppMDNSRegisterUnregisterService
20010295   __aeabi_cdcmpeq
20010295   __aeabi_cdcmple
2001031b   __aeabi_cdrcmple
200103a1   I2CMasterInitExpClk
20010425   _SlDrvCmdOp
200104a9   debugPrint
200104c1   debugPrintf
2001052d   NwpPowerOnPreamble
200105ad   _SlDrvDriverCBInit
20010629   _sl_HandleAsync_DnsGetHostByName
200106a5   sl_DevGet
20010721   sl_FsClose
20010815   __aeabi_memclr
20010815   __aeabi_memclr4
20010815   __aeabi_memclr8
20010817   __aeabi_memset
20010817   __aeabi_memset4
20010817   __aeabi_memset8
2001081d   memset
2001088d   UARTConfigSetExpClk
20010905   _sl_HandleAsync_InitComplete
20010979   sl_WlanGet
200109ed   spi_Close
20010a61   _sl_HandleAsync_PingResponse
20010ad1   _sl_TruncatePayloadByProtocol
20010b49   fprintf
20010bad   _sl_HandleAsync_Connect
20010c15   _sl_HandleAsync_DnsGetHostByService
20010c7d   sl_FsGetInfo
20010ce5   _sl_GetCreateFsMode
20010d49   _sl_HandleAsync_Accept
20010dad   fseek
20010e11   uDMAChannelAttributeDisable
20010e75   uDMAChannelAttributeEnable
20010ed9   sprintf
20010f39   __TI_writemsg
20010f63   C$$IO$$
20010f67   __TI_readmsg
20010ff7   ltoa
20011051   IntPendClear
200110a9   PRCMPeripheralReset
20011101   _SlDrvDriverCBDeinit
20011159   _sl_HandleAsync_Select
200111b1   IntPrioritySet
20011205   _sl_HandleAsync_Stop
20011259   sl_FsOpen
200112ad   sl_NetAppSendTokenValue
20011301   SPIIntEnable
2001134d   atoi
20011399   srand
200113af   rand
200113e5   sl_SetSockOpt
20011431   uDMAChannelAssign
2001147d   _sl_GetStartResponseConvert
200114c9   SPIIntClear
20011511   __aeabi_d2iz
20011559   sl_DevSet
200115a1   sl_FsDel
200115e9   sl_WlanSet
20011675   copy_in
200116b9   C$$EXIT
200116bd   abort
200116c5   exit
200116fd   _Dtest
20011741   sl_NetCfgSet
20011785   sl_Recv
200117c9   PinModeSet
20011809   _SlDrvRxIrqHandler
20011849   _SlRemoveFromList
20011889   sl_WlanPolicySet
200118c9   sl_WlanRxFilterSet
20011909   NwpPowerOff
20011945   PRCMPeripheralClkEnable
20011981   _SlDrvObjInit
200119bd   strncasecmp
200119f9   uDMAChannelControlSet
20011a35   CameraCaptureStop
20011a6f   CameraXClkConfig
20011aa9   pvPortMalloc
20011ac9   vPortFree
20011ae1   sl_Htonl
20011b19   GPIODirModeSet
20011b4f   CameraParamsConfig
20011b85   PRCMPeripheralStatusGet
20011bb9   SPIFIFOLevelSet
20011bed   _SlDrvBasicCmd
20011c21   _c_int00
20011c55   strstr
20011c89   sl_Htons
20011cbd   NwpPowerOn
20011ced   PinTypeGPIO
20011d1d   UARTDisable
20011d4d   strncpy
20011d7d   sl_Socket
20011dad   __aeabi_i2d
20011ddd   CameraIntEnable
20011e09   DmaSpiSwIntHandler
20011e35   I2CMasterErr
20011e61   PRCMSysResetCauseGet
20011e8d   _SlDrvFlowContDeinit
20011eb9   _SlDrvFlowContInit
20011ee5   CameraIntStatus
20011f0d   PRCMPeripheralClkDisable
20011f35   _sl_BuildAddress
20011f5d   sl_WlanSetMode
20011f85   CameraThresholdSet
20011fab   strncmp
20011fd1   CameraIntClear
20011ff5   IntUnregister
20012019   UARTEnable
2001203d   memmove
20012061   sl_Close
20012061   socketClose
20012085   sl_NetAppStart
200120a9   sl_NetAppStop
200120cd   sl_WlanProfileDel
200120f1   CameraCaptureStart
20012113   I2CMasterSlaveAddrSet
20012135   NwpRegisterInterruptHandler
20012157   SPIReset
20012179   SPIWordCountSet
2001219b   memcmp
200121bd   IntRegister
200121dd   _SlDrvCmdSend
200121fd   I2CMasterIntStatusEx
2001221b   UARTCharPut
20012239   PinTypeI2C
20012255   _SlDrvObjDeInit
20012271   memccpy
2001228d   uDMAChannelDisable
200122a9   uDMAChannelEnable
200122c5   uDMAChannelRequest
200122e1   CopyPingResultsToReport
200122fb   PinTypeCamera
20012315   PinTypeUART
2001232f   SPIDmaDisable
20012349   SPIDmaEnable
20012363   SPIFIFODisable
2001237d   SPIFIFOEnable
20012397   _SlDrvDeviceEventHandler
200123b1   CameraReset
200123c9   SPICSDisable
200123e1   SPICSEnable
200123f9   SPIDisable
20012411   SPIEnable
20012429   _args_main
20012441   __aeabi_lmul
20012459   strcmp
20012471   CameraDMAEnable
20012487   CameraIntRegister
2001249d   I2CMasterDataPut
200124b3   I2CMasterEnable
200124c9   PRCMHIBRegRead
200124df   PRCMHIBRegWrite
200124f5   UARTCharGet
2001250b   _sl_Strlen
20012521   memchr
20012537   strchr
2001254d   uDMAIntRegister
20012563   CPUcpsie
20012579   IntVTableBaseSet
2001258d   _SlDrvShiftDWord
200125a1   _register_unlock
200125a7   _register_lock
200125af   _nop
200125b5   strlen
200125c9   uDMAControlBaseSet
200125dd   uDMAIntClear
200125f1   I2CMasterControl
20012603   I2CMasterIntClearEx
20012615   I2CMasterTimeoutSet
20012627   __TI_zero_init
20012639   sl_NetAppMDNSUnRegisterService
2001264b   uDMAIntUnregister
2001265d   NwpMaskInterrupt
2001266d   SL_FD_SET
2001267d   strcpy
2001268d   I2CMasterDataGet
2001269b   __TI_decompress_none
200126a9   _Dclass
200126b7   ResetISR
200126c5   NwpUnMaskInterrupt
200126d1   uDMADisable
200126dd   uDMAEnable
200126e9   uDMAIntStatus
200126f5   IntMasterEnable
200126ff   sl_WlanDisconnect
20012707   MT9D111Delay
2001270d   SL_FD_ZERO
20012713   UtilsDelay
20012719   __TI_decompress_rle24
2001271f   __abort_execution
20012860   _ctypes_
20012a68   _SlPolicySetCmdCtrl
20012a6c   _SlPolicyGetCmdCtrl
20012a70   _SlProfileGetCmdCtrl
20012a74   _SlProfileDelCmdCtrl
20012a78   _SlWlanGetNetworkListCtrl
20012a7c   _SlRxFilterAddtCmdCtrl
20012a80   _SlRxFilterSetCmdCtrl
20012a84   _SlRxFilterGetCmdCtrl
20012a88   _SlSmartConfigStartCmdCtrl
20012a8c   _SlWlanSetModeCmdCtrl
20012a90   _SlWlanCfgSetCmdCtrl
20012a94   _SlWlanCfgGetCmdCtrl
20012e58   g_H2NSyncPattern
20012e60   g_H2NCnysPattern
20012e68   _SlActionLookupTable
20012ea0   _SlFsOpenCmdCtrl
20012ea4   _SlFsCloseCmdCtrl
20012ea8   _SlFsReadCmdCtrl
20012eac   _SlFsWriteCmdCtrl
20012eb0   _SlFsGetInfoCmdCtrl
20012eb4   _SlFsDeleteCmdCtrl
20012ee4   _SlSockSocketCmdCtrl
20012ee8   _SlSockCloseCmdCtrl
20012eec   _SlRecvfomCmdCtrl
20012ef0   _SlSendCmdCtrl
20012ef4   _SlListenCmdCtrl
20012ef8   _SlAcceptCmdCtrl
20012efc   _SlRecvCmdCtrl
20012f00   _SlSetSockOptCmdCtrl
20012f04   _SlGetSockOptCmdCtrl
20012f08   _SlSelectCmdCtrl
20012f68   _SlNetAppStartCtrl
20012f6c   _SlNetAppStopCtrl
20012f70   _SlGetServiceListeCtrl
20012f74   _SlRegisterServiceCtrl
20012f78   _SlGetHostByServiceCtrl
20012f7c   _SlGetHostByNameCtrl
20012f80   _SlNetAppSetCmdCtrl
20012f84   _SlNetAppSendTokenValueCmdCtrl
20012f88   _SlNetAppGetCmdCtrl
20013008   g_deviceClientVersion
20013034   _SlStopCmdCtrl
20013038   _SlEventMaskSetCmdCtrl
2001303c   _SlEventMaskGetCmdCtrl
20013040   _SlDeviceGetCmdCtrl
20013044   _SlDeviceSetCmdCtrl
20013055   pcDigits
20013060   _SlNetCfgSetCmdCtrl
20013064   _SlNetCfgGetCmdCtrl
20013070   __TI_static_base__
20013b84   __TI_Handler_Table_Base
20013b90   __TI_Handler_Table_Limit
20013b98   __TI_CINIT_Base
20013ba8   __TI_CINIT_Limit
20017000   g_image_buffer
2002b000   gpCtlTbl
2002b400   __CIOBUF_
2002b520   gfpAppCallbackHndl
2002b6e8   __TI_tmpnams
2002b788   xQueueRegistry
2002b7d8   clientStateFileName
2002b80c   g_ucConnectionSSID
2002b8b0   g_ucConnectionBSSID
2002b8c4   dataBuffer
2002b8c8   g_frame_size_in_bytes
2002b8cc   g_header_length
2002b8dc   g_CaptureImage
2002b8df   iDone
2002b8e0   _sys_memory
ffffffff   __binit__
ffffffff   __c_args__
ffffffff   binit
UNDEFED    SHT$$INIT_ARRAY$$Base
UNDEFED    SHT$$INIT_ARRAY$$Limit

[612 symbols]
