******************************************************************************
                  TI ARM Linker PC v5.2.2                      
******************************************************************************
>> Linked Tue Jul 07 14:56:47 2015

OUTPUT FILE NAME:   <ULP_SEC_CAM.out>
ENTRY POINT SYMBOL: "_c_int00"  address: 2001f105


MEMORY CONFIGURATION

         name            origin    length      used     unused   attr    fill
----------------------  --------  ---------  --------  --------  ----  --------
  SRAM_BOOTLDR          20000000   00004000  000023f4  00001c0c  RW X
  SRAM_CODE             20004000   0001e200  0001e0b6  0000014a  RW X
  SRAM_DATA             20022200   0001de00  0001c2ff  00001b01  RW X


SEGMENT ALLOCATION MAP

run origin  load origin   length   init length attrs members
----------  ----------- ---------- ----------- ----- -------
20000000    20000000    000013f4   00000000    rw-
  20000000    20000000    000013f4   00000000    rw- .data
20003000    20003000    00001000   00000000    rw-
  20003000    20003000    00001000   00000000    rw- .stack
20004000    20004000    0001e0b8   0001e0b8    r-x
  20004000    20004000    00000400   00000400    r-- .intvecs
  20004400    20004400    0001c210   0001c210    r-x .text
  20020610    20020610    00000ede   00000ede    r-- .const
  200214f0    200214f0    00000bc8   00000bc8    r-- .cinit
20022400    20022400    0001c300   00000000    rw-
  20022400    20022400    000172ff   00000000    rw- .bss
  20039700    20039700    00005000   00000000    rw- .sysmem


SECTION ALLOCATION MAP

 output                                  attributes/
section   page    origin      length       input sections
--------  ----  ----------  ----------   ----------------
.data      0    20000000    000013f4     UNINITIALIZED
                  20000000    00000600     camera_app.obj (.data:JPEG_StdHuffmanTbl)
                  20000600    00000400     camera_app.obj (.data:g_header)
                  20000a00    000003c9     cc3200_certificate.obj (.data:DigiCertHighAssuranceEVRootCA_der)
                  20000dc9    00000001     tasks.obj (.data)
                  20000dca    00000002     --HOLE--
                  20000dcc    000000f0     rtsv7M4_T_le_eabi.lib : defs.obj (.data:_ftable)
                  20000ebc    000000d0                           : lowlev.obj (.data)
                  20000f8c    000000b0                           : signal.obj (.data:sigtable)
                  2000103c    00000004     cc3200_certificate.obj (.data)
                  20001040    00000080     rtsv7M4_T_le_eabi.lib : xvalues.obj (.data)
                  200010c0    00000068                           : xfvalues.obj (.data)
                  20001128    00000064     network_relater_fns.obj (.data:Token)
                  2000118c    00000064     network_relater_fns.obj (.data:Value)
                  200011f0    00000040     camera_app.obj (.data:JPEG_StdQuantTblC)
                  20001230    00000040     camera_app.obj (.data:JPEG_StdQuantTblY)
                  20001270    00000040     camera_app.obj (.data:zigzag)
                  200012b0    0000003c     main.obj (.data:g_token_get)
                  200012ec    00000034     free_rtos.a : tasks.obj (.data)
                  20001320    00000024     main.obj (.data)
                  20001344    00000018     cc3200_utils.obj (.data)
                  2000135c    00000018     request.obj (.data)
                  20001374    00000010     rtsv7M4_T_le_eabi.lib : defs.obj (.data)
                  20001384    0000000c     free_rtos.a : osi_freertos.obj (.data)
                  20001390    0000000c     rtsv7M4_T_le_eabi.lib : memory.obj (.data)
                  2000139c    00000009     simplelink.a : cc_pal.obj (.data)
                  200013a5    00000003     --HOLE--
                  200013a8    00000009                  : driver.obj (.data)
                  200013b1    00000003     --HOLE--
                  200013b4    00000008     camera_app.obj (.data)
                  200013bc    00000008     rtsv7M4_T_le_eabi.lib : _lock.obj (.data)
                  200013c4    00000008                           : exit.obj (.data)
                  200013cc    00000008                           : feraiseexcept.obj (.data)
                  200013d4    00000006     http.obj (.data)
                  200013da    00000002     --HOLE--
                  200013dc    00000004     free_rtos.a : port.obj (.data)
                  200013e0    00000004     ota.a : OtaHttp.obj (.data)
                  200013e4    00000004     rtsv7M4_T_le_eabi.lib : errno.obj (.data)
                  200013e8    00000004                           : fopen.obj (.data)
                  200013ec    00000004                           : rand.obj (.data)
                  200013f0    00000004                           : stkdepth_vars.obj (.data)

.TI.persistent 
*          0    20000000    00000000     UNINITIALIZED

.stack     0    20003000    00001000     UNINITIALIZED
                  20003000    00001000     --HOLE--

.intvecs   0    20004000    00000400     
                  20004000    00000400     startup_ccs.obj (.intvecs)

.text      0    20004400    0001c210     
                  20004400    00001258     free_rtos.a : tasks.obj (.text)
                  20005658    000010a6     rtsv7M4_T_le_eabi.lib : _printfi.obj (.text)
                  200066fe    00000002     startup_ccs.obj (.text:BusFaultHandler)
                  20006700    00000b24     free_rtos.a : queue.obj (.text)
                  20007224    00000b02     ota.a : OtaApp.obj (.text)
                  20007d26    00000002     startup_ccs.obj (.text:FaultISR)
                  20007d28    00000a08     magnetic.obj (.text:fUpdateCalibration10EIG)
                  20008730    00000940     ota.a : OtaClient.obj (.text)
                  20009070    000008a4           : CdnClient.obj (.text)
                  20009914    00000884           : OtaHttp.obj (.text)
                  2000a198    00000788     magnetic.obj (.text:fUpdateCalibration4INV)
                  2000a920    00000694     magnetic.obj (.text:fUpdateCalibration7EIG)
                  2000afb4    00000688     matrix.obj (.text:eigencompute)
                  2000b63c    000005ec     simplelink.a : driver.obj (.text:_SlDrvMsgRead)
                  2000bc28    00000584     magnetic.obj (.text:iUpdateMagnetometerBuffer)
                  2000c1ac    000004dc     network_relater_fns.obj (.text:SimpleLinkHttpServerCallback)
                  2000c688    000004be     cc3200_utils.obj (.text:createNewInstallationId)
                  2000cb46    00000002     driverlib.a : interrupt.obj (.text:IntDefaultHandler)
                  2000cb48    000004a0     ota.a : LogClient.obj (.text)
                  2000cfe8    0000045c     free_rtos.a : osi_freertos.obj (.text)
                  2000d444    0000044c     request.obj (.text:buildRequestHeaders)
                  2000d890    0000040c     camera_app.obj (.text:CaptureAndStore_Image)
                  2000dc9c    000003dc     rtsv7M4_T_le_eabi.lib : memory.obj (.text)
                  2000e078    000003b8     matrix.obj (.text:fmatrixAeqInvA)
                  2000e430    0000039c     network_relater_fns.obj (.text:SimpleLinkWlanEventHandler)
                  2000e7cc    00000378     rtsv7M4_T_le_eabi.lib : powf.obj (.text)
                  2000eb44    00000354     orientation.obj (.text:feCompassAndroid)
                  2000ee98    00000354     orientation.obj (.text:feCompassWin8)
                  2000f1ec    00000350     orientation.obj (.text:feCompassNED)
                  2000f53c    00000350     flc.a : flc.obj (.text)
                  2000f88c    00000324     tasks.obj (.text:MagCal_Run)
                  2000fbb0    0000030c     rtsv7M4_T_le_eabi.lib : lowlev.obj (.text)
                  2000febc    000002d4                           : trgdrv.obj (.text)
                  20010190    000002c0     network_relater_fns.obj (.text:ConfigureSimpleLinkToDefaultState)
                  20010450    000002c0     wifi_provisioning_thruAPmode.obj (.text:WiFiProvisioning)
                  20010710    00000298     rtsv7M4_T_le_eabi.lib : vla_alloc.obj (.text)
                  200109a8    0000026e     simplejson.obj (.text:simpleJsonProcessor)
                  20010c16    00000002     startup_ccs.obj (.text:IntDefaultHandler)
                  20010c18    0000026c     mt9d111.obj (.text:RegLstWrite)
                  20010e84    00000254     lightSens_isl29035.obj (.text:configureISL29035)
                  200110d8    00000248     simplelink.a : driver.obj (.text:_SlDrvRxHdrRead)
                  20011320    00000244                  : wlan.obj (.text:sl_WlanConnect)
                  20011564    0000023c     wifi_provisioning_thruAPmode.obj (.text:User_Configure)
                  200117a0    00000218     request.obj (.text:payloadSend)
                  200119b8    00000210     wifi_provisioning_thruAPmode.obj (.text:CalibrateMagSensor)
                  20011bc8    000001f8     algorithm_basic.obj (.text:check_doorpos)
                  20011dc0    000001f4     rtsv7M4_T_le_eabi.lib : ull_div_t2.obj (.text)
                  20011fb4    000001dc     main_FXOS8700.obj (.text:angleCheck_Initializations)
                  20012190    000001d0     collect_and_txit.obj (.text:CollectTxit_ImgTempRH)
                  20012360    000001d0     simplelink.a : driver.obj (.text:_SlDrvReleasePoolObj)
                  20012530    000001cf     camera_app.obj (.text:DefineHuffmanTableMarkerAC)
                  200126ff    00000001     --HOLE-- [fill = 0]
                  20012700    000001cc     simplelink.a : driver.obj (.text:_SlDrvMsgWrite)
                  200128cc    000001c4     tasks.obj (.text:RdSensData_Run)
                  20012a90    000001c4     camera_app.obj (.text:createAndWrite_ImageHeaderFile)
                  20012c54    000001c4     rtsv7M4_T_le_eabi.lib : fopen.obj (.text)
                  20012e18    000001c0     magnetic.obj (.text:fInvertMagCal)
                  20012fd8    000001bc     rtsv7M4_T_le_eabi.lib : xflog.obj (.text)
                  20013194    000001b6                           : fd_add_t2.obj (.text)
                  2001334a    00000002     startup_ccs.obj (.text:NmiSR)
                  2001334c    000001ad     camera_app.obj (.text:FrameHeaderMarker)
                  200134f9    00000001     --HOLE-- [fill = 0]
                  200134fa    00000002     main.obj (.text:vApplicationIdleHook)
                  200134fc    000001ac     ota.obj (.text:OTA_Run)
                  200136a8    000001a4     orientation.obj (.text:fQuaternionFromRotationMatrix)
                  2001384c    000001a4     cc3200_socket.obj (.text:socketSslConnect)
                  200139f0    0000019c     camera_app.obj (.text:CameraIntHandler)
                  20013b8c    0000019c     rtsv7M4_T_le_eabi.lib : xfsin.obj (.text)
                  20013d28    00000190     wifi_provisioning_thruAPmode.obj (.text:AccessPtMode_HTTPServer_Start)
                  20013eb8    00000190     simplelink.a : driver.obj (.text:_SlDrvWaitForPoolObj)
                  20014048    0000018c     parse_uploads.obj (.text:ConstructDeviceStateObject)
                  200141d4    0000018c     request.obj (.text:sendRequest)
                  20014360    00000188     matrix.obj (.text:f3x3matrixAeqInvSymB)
                  200144e8    00000188     network_relater_fns.obj (.text:initNetwork)
                  20014670    00000180     camera_app.obj (.text:DefineQuantizationTableMarker)
                  200147f0    00000180     orientation.obj (.text:fWin8AnglesDegFromRotationMatrix)
                  20014970    00000178     wifi_provisioning_thruAPmode.obj (.text:CollectAngle)
                  20014ae8    00000178     rtsv7M4_T_le_eabi.lib : tanf.obj (.text)
                  20014c60    00000178                           : xfexp.obj (.text)
                  20014dd8    00000174     simplelink.a : driver.obj (.text:_SlDrvDriverCBInit)
                  20014f4c    00000174     magnetic.obj (.text:fInitMagCalibration)
                  200150c0    00000170     network_relater_fns.obj (.text:SimpleLinkNetAppEventHandler)
                  20015230    00000170     simplelink.a : driver.obj (.text:_SlFindAndSetActiveObj)
                  200153a0    00000168     ota.obj (.text:OTAServerInfoSet)
                  20015508    00000165     network_relater_fns.obj (.text:SimpleLinkSockEventHandler)
                  2001566d    00000003     --HOLE-- [fill = 0]
                  20015670    00000164     drivers.obj (.text:FXOS8700_Init)
                  200157d4    00000160     tasks.obj (.text:Fusion_Run)
                  20015934    0000015c     hibernate_related_fns.obj (.text:HIBernate)
                  20015a90    00000158     orientation.obj (.text:qAeqAxB)
                  20015be8    00000158     orientation.obj (.text:qconjgAxB)
                  20015d40    0000014c     simplelink.a : cc_pal.obj (.text:spi_Open)
                  20015e8c    00000144     fusion.obj (.text:fRun_6DOF_GB_BASIC)
                  20015fd0    0000013c     rtsv7M4_T_le_eabi.lib : fmodf.obj (.text)
                  2001610c    0000013c     simplelink.a : socket.obj (.text:sl_Select)
                  20016248    00000138     i2cconfig.obj (.text:I2CBufferRead)
                  20016380    00000138     mt9d111.obj (.text:Register_Read)
                  200164b8    00000138     orientation.obj (.text:fLPFOrientationQuaternion)
                  200165f0    00000138     orientation.obj (.text:fRotationMatrixFromQuaternion)
                  20016728    00000136     rtsv7M4_T_le_eabi.lib : fd_div_t2.obj (.text)
                  2001685e    00000002     --HOLE-- [fill = 0]
                  20016860    00000134     camera_app.obj (.text:CreateJpegHeader)
                  20016994    00000134     driverlib.a : prcm.obj (.text:PRCMCC3200MCUInit)
                  20016ac8    00000134     rtsv7M4_T_le_eabi.lib : fputs.obj (.text)
                  20016bfc    00000130     i2cconfig.obj (.text:I2CBufferWrite)
                  20016d2c    00000130     camera_app.obj (.text:create_JpegImageFile)
                  20016e5c    0000012c     i2c_app.obj (.text:i2cWriteRegisters)
                  20016f88    0000012a     free_rtos.a : list.obj (.text)
                  200170b2    00000002     --HOLE-- [fill = 0]
                  200170b4    00000128     simplelink.a : driver.obj (.text:_SlDrvDataReadOp)
                  200171dc    00000128     tempRHSens_si7020.obj (.text:getTempRH)
                  20017304    0000011f     camera_app.obj (.text:DefineHuffmanTableMarkerDC)
                  20017423    00000001     --HOLE-- [fill = 0]
                  20017424    00000118     network_relater_fns.obj (.text:ConnectToNetwork_STA)
                  2001753c    00000116     drivers.obj (.text:FXOS8700_ReadData)
                  20017652    00000002     --HOLE-- [fill = 0]
                  20017654    00000114     main.obj (.text:main)
                  20017768    00000110     free_rtos.a : port.obj (.text)
                  20017878    00000110     rtsv7M4_T_le_eabi.lib : xdscale.obj (.text)
                  20017988    00000110     lightSens_isl29035.obj (.text:verifyISL29035)
                  20017a98    00000110     tempRHSens_si7020.obj (.text:verifyTempRHSensor)
                  20017ba8    0000010c     flash_files.obj (.text:WriteFile_ToFlash)
                  20017cb4    00000108     simplelink.a : socket.obj (.text:sl_Connect)
                  20017dbc    00000108                  : socket.obj (.text:sl_Send)
                  20017ec4    00000104     dbgFns.obj (.text:Check_I2CDevices)
                  20017fc8    00000104     simplelink.a : driver.obj (.text:_SlDrvDataWriteOp)
                  200180cc    00000104                  : netapp.obj (.text:sl_NetAppDnsGetHostByName)
                  200181d0    00000100     main.obj (.text:Main_Task_withHibernate)
                  200182d0    00000100     cc3200_client_state.obj (.text:loadClientState)
                  200183d0    000000fe     simplelink.a : netapp.obj (.text:_SlDrvNetAppEventHandler)
                  200184ce    00000002     --HOLE-- [fill = 0]
                  200184d0    000000fc     pinmux.obj (.text:PinMuxConfig)
                  200185cc    000000fc     orientation.obj (.text:fqAeqNormqA)
                  200186c8    000000fc     rtsv7M4_T_le_eabi.lib : fd_mul_t2.obj (.text)
                  200187c4    000000fa                           : fs_add_t2.obj (.text)
                  200188be    00000002     --HOLE-- [fill = 0]
                  200188c0    000000f8     cc3200_certificate.obj (.text:ensureCertificateFile)
                  200189b8    000000f8     orientation.obj (.text:fAndroidAnglesDegFromRotationMatrix)
                  20018ab0    000000f8     orientation.obj (.text:fNEDAnglesDegFromRotationMatrix)
                  20018ba8    000000f8     i2c_app.obj (.text:i2cReadRegistersTwoBytes)
                  20018ca0    000000f4     simplelink.a : driver.obj (.text:_SlDrvDriverCBDeinit)
                  20018d94    000000f4     installation.obj (.text:getInstallation)
                  20018e88    000000f4     simplelink.a : fs.obj (.text:sl_FsRead)
                  20018f7c    000000f4     accelomtrMagntomtr_fxos8700.obj (.text:verifyAccelMagnSensor)
                  20019070    000000f2     cc3200_socket.obj (.text:socketRead)
                  20019162    00000002     --HOLE-- [fill = 0]
                  20019164    000000f0     camera_app.obj (.text:DMAConfig)
                  20019254    000000f0     i2c_app.obj (.text:i2cReadRegisters)
                  20019344    000000f0     driverlib.a : udma.obj (.text:uDMAChannelTransferSet)
                  20019434    000000ef     camera_app.obj (.text:ScanHeaderMarker)
                  20019523    00000001     --HOLE-- [fill = 0]
                  20019524    000000ec     orientation.obj (.text:fRotationVectorDegFromQuaternion)
                  20019610    000000ec     simplelink.a : fs.obj (.text:sl_FsWrite)
                  200196fc    000000e8     appFns_BatteryLevelSense.obj (.text:Get_BatteryPercent)
                  200197e4    000000e0     flash_files.obj (.text:ReadFile_FromFlash)
                  200198c4    000000dc     ota.obj (.text:OTA_CommitImage)
                  200199a0    000000dc     rtsv7M4_T_le_eabi.lib : setvbuf.obj (.text)
                  20019a7c    000000dc     simplelink.a : cc_pal.obj (.text:spi_Read)
                  20019b58    000000d8                  : driver.obj (.text:_SlDrvClassifyRxMsg)
                  20019c30    000000d8     rtsv7M4_T_le_eabi.lib : xfatan.obj (.text)
                  20019d08    000000d7     camera_app.obj (.text:JfifApp0Marker)
                  20019ddf    00000001     --HOLE-- [fill = 0]
                  20019de0    000000d4     simplelink.a : device.obj (.text:sl_Stop)
                  20019eb4    000000d0     main.obj (.text:UserConfigure_Task)
                  20019f84    000000d0     rtsv7M4_T_le_eabi.lib : xfdscale.obj (.text)
                  2001a054    000000cc     approximations.obj (.text:fatan_deg)
                  2001a120    000000cc     rtsv7M4_T_le_eabi.lib : sqrtf.obj (.text)
                  2001a1ec    000000c8     simplelink.a : netapp.obj (.text:_sl_HandleAsync_DnsGetHostByService)
                  2001a2b4    000000c8     rtsv7M4_T_le_eabi.lib : fflush.obj (.text)
                  2001a37c    000000c4     main.obj (.text:Config_And_Start_CameraCapture)
                  2001a440    000000c4     flash_files.obj (.text:CreateFile_Flash)
                  2001a504    000000c0     i2c_if.obj (.text:I2C_IF_Read)
                  2001a5c4    000000c0     wifi_provisioning_thruAPmode.obj (.text:WlanConnect)
                  2001a684    000000c0     simplelink.a : driver.obj (.text:_SlRemoveFromList)
                  2001a744    000000be     rtsv7M4_T_le_eabi.lib : xdnorm.obj (.text)
                  2001a802    00000002     --HOLE-- [fill = 0]
                  2001a804    000000bc     i2c_if.obj (.text:I2C_IF_Write)
                  2001a8c0    000000bc     simplelink.a : driver.obj (.text:_SlDrvMsgReadCmdCtx)
                  2001a97c    000000bc     tempRHSens_si7020.obj (.text:configureTempRHSensor)
                  2001aa38    000000bc     rtsv7M4_T_le_eabi.lib : acosf.obj (.text)
                  2001aaf4    000000bc     simplelink.a : device.obj (.text:sl_Start)
                  2001abb0    000000ba     free_rtos.a : portasm.obj (.text)
                  2001ac6a    00000002     --HOLE-- [fill = 0]
                  2001ac6c    000000b8     simplelink.a : driver.obj (.text:_SlAsyncEventGenericHandler)
                  2001ad24    000000b8     installation.obj (.text:createInstallation)
                  2001addc    000000b4     simplelink.a : netapp.obj (.text:sl_NetAppMDNSRegisterUnregisterService)
                  2001ae90    000000b0     app_common.obj (.text:intToASCII)
                  2001af40    000000ac     mt9d111.obj (.text:Verify_ImageSensor)
                  2001afec    000000ac     rtsv7M4_T_le_eabi.lib : _io_perm.obj (.text)
                  2001b098    000000ab     installation.obj (.text:getInstallationByIdCallback)
                  2001b143    00000001     --HOLE-- [fill = 0]
                  2001b144    000000aa     uartA1_if.obj (.text:Report)
                  2001b1ee    00000002     --HOLE-- [fill = 0]
                  2001b1f0    000000a8     driverlib.a : interrupt.obj (.text:IntDisable)
                  2001b298    000000a8                 : interrupt.obj (.text:IntEnable)
                  2001b340    000000a8     parse_uploads.obj (.text:UploadImageToParse)
                  2001b3e8    000000a8     simplelink.a : netcfg.obj (.text:sl_NetCfgGet)
                  2001b490    000000a4     app_common.obj (.text:LED_Blink)
                  2001b534    000000a0     driverlib.a : spi.obj (.text:SPIConfigSetExpClk)
                  2001b5d4    000000a0     cc3200_socket.obj (.text:socketWrite)
                  2001b674    0000009e     matrix.obj (.text:f3x3matrixDetA)
                  2001b712    00000002     --HOLE-- [fill = 0]
                  2001b714    0000009c     simplelink.a : driver.obj (.text:_SlDrvMsgReadSpawnCtx)
                  2001b7b0    0000009c     approximations.obj (.text:fatan2_deg)
                  2001b84c    0000009c     rtsv7M4_T_le_eabi.lib : memcpy_t2.obj (.text)
                  2001b8e8    0000009c     simplelink.a : device.obj (.text:sl_DevGet)
                  2001b984    00000098                  : fs.obj (.text:_sl_GetCreateFsMode)
                  2001ba1c    00000098     rtsv7M4_T_le_eabi.lib : fclose.obj (.text)
                  2001bab4    00000098                           : fputc.obj (.text)
                  2001bb4c    00000094     driverlib.a : prcm.obj (.text:PRCMPeripheralClockGet)
                  2001bbe0    00000094     approximations.obj (.text:facos_deg)
                  2001bc74    00000094     lightSens_isl29035.obj (.text:getLightsensor_data)
                  2001bd08    00000094     rtsv7M4_T_le_eabi.lib : snprintf.obj (.text)
                  2001bd9c    00000092     parse_impl.obj (.text:parseInitialize)
                  2001be2e    00000092     rtsv7M4_T_le_eabi.lib : fs_div_t2.obj (.text)
                  2001bec0    00000090     network_relater_fns.obj (.text:InitializeUserConfigVariables)
                  2001bf50    00000090     parse_uploads.obj (.text:UploadSensorDataToParse)
                  2001bfe0    0000008c     simplelink.a : cc_pal.obj (.text:SetupDMAReceive)
                  2001c06c    0000008c                  : cc_pal.obj (.text:SetupDMASend)
                  2001c0f8    0000008c                  : netapp.obj (.text:_sl_HandleAsync_DnsGetHostByName)
                  2001c184    0000008c                  : netapp.obj (.text:_sl_HandleAsync_PingResponse)
                  2001c210    0000008c     rtsv7M4_T_le_eabi.lib : xfdint.obj (.text)
                  2001c29c    0000008c     simplelink.a : cc_pal.obj (.text:spi_Write)
                  2001c328    00000088     driverlib.a : prcm.obj (.text:PRCMHibernateIntervalSet)
                  2001c3b0    00000088                 : pin.obj (.text:PinConfigSet)
                  2001c438    00000088     rtsv7M4_T_le_eabi.lib : vsnprintf.obj (.text)
                  2001c4c0    00000088     simplelink.a : fs.obj (.text:sl_FsClose)
                  2001c548    00000086     rtsv7M4_T_le_eabi.lib : fd_cmp_t2.obj (.text:__aeabi_cdcmple)
                  2001c5ce    00000086                           : fd_cmp_t2.obj (.text:__aeabi_cdrcmple)
                  2001c654    00000084     timer_if.obj (.text:GetPeripheralIntNum)
                  2001c6d8    00000084     driverlib.a : i2c.obj (.text:I2CMasterInitExpClk)
                  2001c75c    00000084     simplelink.a : cc_pal.obj (.text:NwpPowerOnPreamble)
                  2001c7e0    00000084     matrix.obj (.text:f3x3matrixAeqI)
                  2001c864    00000084     fusion.obj (.text:fInit_6DOF_GB_BASIC)
                  2001c8e8    00000080     simplelink.a : driver.obj (.text:_SlDrvCmdOp)
                  2001c968    00000080                  : cc_pal.obj (.text:spi_Read_CPU)
                  2001c9e8    00000080                  : cc_pal.obj (.text:spi_Write_CPU)
                  2001ca68    0000007c     network_relater_fns.obj (.text:ConfigureMode)
                  2001cae4    0000007c     simplelink.a : device.obj (.text:_sl_HandleAsync_InitComplete)
                  2001cb60    0000007c     matrix.obj (.text:fmatrixAeqI)
                  2001cbdc    0000007c     simplelink.a : fs.obj (.text:sl_FsGetInfo)
                  2001cc58    0000007a     rtsv7M4_T_le_eabi.lib : fs_mul_t2.obj (.text)
                  2001ccd2    0000007a                           : memset_t2.obj (.text)
                  2001cd4c    0000007a                           : xfdnorm.obj (.text)
                  2001cdc6    00000002     --HOLE-- [fill = 0]
                  2001cdc8    00000078     i2c_if.obj (.text:I2CTransact)
                  2001ce40    00000078     parse_uploads.obj (.text:InitialiseParse)
                  2001ceb8    00000078     simplelink.a : socket.obj (.text:_sl_HandleAsync_Connect)
                  2001cf30    00000078                  : fs.obj (.text:sl_FsOpen)
                  2001cfa8    00000078                  : cc_pal.obj (.text:spi_Close)
                  2001d020    00000076     driverlib.a : uart.obj (.text:UARTConfigSetExpClk)
                  2001d096    00000002     --HOLE-- [fill = 0]
                  2001d098    00000074     simplelink.a : socket.obj (.text:sl_Recv)
                  2001d10c    00000073     installation.obj (.text:getInstallationCallback)
                  2001d17f    00000001     --HOLE-- [fill = 0]
                  2001d180    00000072     timer_if.obj (.text:Timer_IF_IntSetup)
                  2001d1f2    00000002     --HOLE-- [fill = 0]
                  2001d1f4    00000070     batteryVoltLvlSens_adc081c021.obj (.text:Get_BatteryVoltageLevel_ADC081C021)
                  2001d264    0000006c     camera_app.obj (.text:CamControllerInit)
                  2001d2d0    0000006c     udma_if.obj (.text:UDMAInit)
                  2001d33c    0000006c     simplelink.a : driver.obj (.text:_SlDrvCmdSend)
                  2001d3a8    0000006c     matrix.obj (.text:f3x3matrixAeqMinusA)
                  2001d414    0000006c     request.obj (.text:parseSendRequestInternal)
                  2001d480    0000006c     rtsv7M4_T_le_eabi.lib : autoinit.obj (.text)
                  2001d4ec    0000006c                           : fprintf.obj (.text)
                  2001d558    0000006a     matrix.obj (.text:f3x3matrixAeqAxScalar)
                  2001d5c2    0000006a     rtsv7M4_T_le_eabi.lib : copy_decompress_rle.obj (.text)
                  2001d62c    00000069     http.obj (.text:beginHttpGetRequest)
                  2001d695    00000003     --HOLE-- [fill = 0]
                  2001d698    00000068     driverlib.a : prcm.obj (.text:PRCMHibernateWakeUpGPIOSelect)
                  2001d700    00000068     mt9d111.obj (.text:StartSensorInJpegMode)
                  2001d768    00000068     simplelink.a : netapp.obj (.text:_sl_NetAppSendTokenValue)
                  2001d7d0    00000068     cc3200_utils.obj (.text:fetchDeviceOSVersion)
                  2001d838    00000068     rtsv7M4_T_le_eabi.lib : trgmsg.obj (.text)
                  2001d8a0    00000068     simplelink.a : device.obj (.text:sl_DevSet)
                  2001d908    00000068                  : netcfg.obj (.text:sl_NetCfgSet)
                  2001d970    00000068                  : socket.obj (.text:sl_SetSockOpt)
                  2001d9d8    00000068                  : wlan.obj (.text:sl_WlanSet)
                  2001da40    00000067     camera_app.obj (.text:DefineRestartIntervalMarker)
                  2001daa7    00000001     --HOLE-- [fill = 0]
                  2001daa8    00000066     matrix.obj (.text:f3x3matrixAeqScalar)
                  2001db0e    00000066     rtsv7M4_T_le_eabi.lib : xdunscal.obj (.text)
                  2001db74    00000064                           : fseek.obj (.text)
                  2001dbd8    00000064     cc3200_socket.obj (.text:socketWait)
                  2001dc3c    00000064     tempRHSens_si7020.obj (.text:softResetTempRHSensor)
                  2001dca0    00000064     driverlib.a : udma.obj (.text:uDMAChannelAttributeDisable)
                  2001dd04    00000064                 : udma.obj (.text:uDMAChannelAttributeEnable)
                  2001dd68    00000060     rtsv7M4_T_le_eabi.lib : fs_cmp_t2.obj (.text:__aeabi_cfcmple)
                  2001ddc8    00000060                           : fs_cmp_t2.obj (.text:__aeabi_cfrcmple)
                  2001de28    00000060     simplelink.a : socket.obj (.text:_sl_HandleAsync_Accept)
                  2001de88    00000060     main_FXOS8700.obj (.text:fxosDefault_Initializations)
                  2001dee8    00000060     accelomtrMagntomtr_fxos8700.obj (.text:getMagntData)
                  2001df48    00000060     rtsv7M4_T_le_eabi.lib : sprintf.obj (.text)
                  2001dfa8    00000060     simplelink.a : wlan.obj (.text:sl_WlanPolicySet)
                  2001e008    00000060     accelomtrMagntomtr_fxos8700.obj (.text:standby_accelMagn_fxos8700)
                  2001e068    0000005c     ota.obj (.text:OTA_Init)
                  2001e0c4    0000005c     lightSens_isl29035.obj (.text:getLightsensor_intrptStatus)
                  2001e120    0000005c     simplelink.a : socket.obj (.text:sl_Socket)
                  2001e17c    00000058     driverlib.a : interrupt.obj (.text:IntPendClear)
                  2001e1d4    00000058                 : prcm.obj (.text:PRCMPeripheralReset)
                  2001e22c    00000056     rtsv7M4_T_le_eabi.lib : ltoa.obj (.text)
                  2001e282    00000056                           : xfdunsca.obj (.text)
                  2001e2d8    00000054     driverlib.a : interrupt.obj (.text:IntPrioritySet)
                  2001e32c    00000054     simplelink.a : socket.obj (.text:_sl_HandleAsync_Select)
                  2001e380    00000054     approximations.obj (.text:fasin_deg)
                  2001e3d4    00000054     request.obj (.text:headerSend)
                  2001e428    00000054     simplelink.a : wlan.obj (.text:sl_WlanRxFilterSet)
                  2001e47c    00000051     installation.obj (.text:createInstallationCallback)
                  2001e4cd    00000003     --HOLE-- [fill = 0]
                  2001e4d0    00000050     i2c_if.obj (.text:I2C_IF_Open)
                  2001e520    00000050     simplelink.a : device.obj (.text:_sl_HandleAsync_Stop)
                  2001e570    00000050     mt9d111.obj (.text:disableAE)
                  2001e5c0    00000050     mt9d111.obj (.text:disableAWB)
                  2001e610    00000050     rtsv7M4_T_le_eabi.lib : fs_toull_t2.obj (.text)
                  2001e660    00000050     simplelink.a : fs.obj (.text:sl_FsDel)
                  2001e6b0    0000004c     tasks.obj (.text:RdSensData_Init)
                  2001e6fc    0000004c     driverlib.a : spi.obj (.text:SPIIntEnable)
                  2001e748    0000004c     simplelink.a : driver.obj (.text:_SlDrvProtectAsyncRespSetting)
                  2001e794    0000004c                  : driver.obj (.text:_SlDrvRxIrqHandler)
                  2001e7e0    0000004c                  : socket.obj (.text:_sl_BuildAddress)
                  2001e82c    0000004c     rtsv7M4_T_le_eabi.lib : atoi.obj (.text)
                  2001e878    0000004c                           : atol.obj (.text)
                  2001e8c4    0000004c                           : cpy_tbl.obj (.text)
                  2001e910    0000004c                           : rand.obj (.text)
                  2001e95c    0000004c     driverlib.a : udma.obj (.text:uDMAChannelAssign)
                  2001e9a8    0000004a     rtsv7M4_T_le_eabi.lib : fd_tos_t2.obj (.text)
                  2001e9f2    00000002     --HOLE-- [fill = 0]
                  2001e9f4    00000048     driverlib.a : prcm.obj (.text:PRCMHibernateWakeupSourceDisable)
                  2001ea3c    00000048                 : prcm.obj (.text:PRCMHibernateWakeupSourceEnable)
                  2001ea84    00000048                 : spi.obj (.text:SPIIntClear)
                  2001eacc    00000048     simplelink.a : driver.obj (.text:_SlDrvBasicCmd)
                  2001eb14    00000048     http.obj (.text:addHttpRequestLine)
                  2001eb5c    00000048     approximations.obj (.text:fatan_15deg)
                  2001eba4    00000048     rtsv7M4_T_le_eabi.lib : fd_toi_t2.obj (.text)
                  2001ebec    00000046                           : ldexp.obj (.text)
                  2001ec32    00000002     --HOLE-- [fill = 0]
                  2001ec34    00000044     driverlib.a : spi.obj (.text:SPIDmaMaskGet)
                  2001ec78    00000044                 : timer.obj (.text:TimerConfigure)
                  2001ecbc    00000044     udma_if.obj (.text:UDMASetupTransfer)
                  2001ed00    00000044     simplelink.a : cc_pal.obj (.text:cc_SetupTransfer)
                  2001ed44    00000044     main_FXOS8700.obj (.text:fxos_Calibration)
                  2001ed88    00000044     rtsv7M4_T_le_eabi.lib : exit.obj (.text)
                  2001edcc    00000044                           : fd_tou_t2.obj (.text)
                  2001ee10    00000043     ota.obj (.text:OTA_Update)
                  2001ee53    00000001     --HOLE-- [fill = 0]
                  2001ee54    00000042     simplelink.a : socket.obj (.text:sl_Htonl)
                  2001ee96    00000002     --HOLE-- [fill = 0]
                  2001ee98    00000040     driverlib.a : pin.obj (.text:PinModeSet)
                  2001eed8    00000040     http.obj (.text:getHttpResponseBody)
                  2001ef18    00000040     rtsv7M4_T_le_eabi.lib : signal.obj (.text)
                  2001ef58    00000040     timer_fns.obj (.text:start_100mSecTimer)
                  2001ef98    0000003e     appflile_lightSensor.obj (.text:IsLightOff)
                  2001efd6    0000003e     rtsv7M4_T_le_eabi.lib : strncasecmp.obj (.text)
                  2001f014    0000003c     simplelink.a : netapp.obj (.text:CopyPingResultsToReport)
                  2001f050    0000003c     tasks.obj (.text:Fusion_Init)
                  2001f08c    0000003c     driverlib.a : prcm.obj (.text:PRCMPeripheralClkEnable)
                  2001f0c8    0000003c     simplelink.a : socket.obj (.text:_sl_TruncatePayloadByProtocol)
                  2001f104    0000003c     rtsv7M4_T_le_eabi.lib : boot.obj (.text)
                  2001f140    0000003c     simplelink.a : socket.obj (.text:sl_Htons)
                  2001f17c    0000003c     driverlib.a : udma.obj (.text:uDMAChannelControlSet)
                  2001f1b8    0000003a                 : camera.obj (.text:CameraCaptureStop)
                  2001f1f2    0000003a                 : camera.obj (.text:CameraXClkConfig)
                  2001f22c    0000003a     orientation.obj (.text:fLPFScalar)
                  2001f266    0000003a     request.obj (.text:parseSendRequest)
                  2001f2a0    00000039     http.obj (.text:addHttpRequestHeader)
                  2001f2d9    00000003     --HOLE-- [fill = 0]
                  2001f2dc    00000038     simplelink.a : cc_pal.obj (.text:NwpPowerOff)
                  2001f314    00000038     free_rtos.a : heap_3.obj (.text)
                  2001f34c    00000038     rtsv7M4_T_le_eabi.lib : fs_tod_t2.obj (.text)
                  2001f384    00000038                           : fs_toi_t2.obj (.text)
                  2001f3bc    00000038                           : i_tofs_t2.obj (.text)
                  2001f3f4    00000036     driverlib.a : gpio.obj (.text:GPIODirModeSet)
                  2001f42a    00000036     simplelink.a : netapp.obj (.text:sl_NetAppMDNSUnRegisterService)
                  2001f460    00000035     http.obj (.text:beginHttpRequest)
                  2001f495    00000001     --HOLE-- [fill = 0]
                  2001f496    00000034     driverlib.a : camera.obj (.text:CameraParamsConfig)
                  2001f4ca    00000002     --HOLE-- [fill = 0]
                  2001f4cc    00000034                 : prcm.obj (.text:PRCMPeripheralStatusGet)
                  2001f500    00000034                 : spi.obj (.text:SPIFIFOLevelSet)
                  2001f534    00000034     http.obj (.text:getHttpResponseStatus)
                  2001f568    00000034     main_FXOS8700.obj (.text:get_angle)
                  2001f59c    00000034     rtsv7M4_T_le_eabi.lib : feraiseexcept.obj (.text)
                  2001f5d0    00000034                           : fs_tou_t2.obj (.text)
                  2001f604    00000034                           : strstr.obj (.text)
                  2001f638    00000032     timer_if.obj (.text:Timer_IF_Init)
                  2001f66a    00000030     driverlib.a : pin.obj (.text:PinTypeGPIO)
                  2001f69a    00000002     --HOLE-- [fill = 0]
                  2001f69c    00000030                 : uart.obj (.text:UARTDisable)
                  2001f6cc    00000030     simplelink.a : device.obj (.text:_SlDrvDeviceEventHandler)
                  2001f6fc    00000030                  : fs.obj (.text:_sl_Strlen)
                  2001f72c    00000030     main_FXOS8700.obj (.text:angleCheck)
                  2001f75c    00000030     rtsv7M4_T_le_eabi.lib : strncpy.obj (.text)
                  2001f78c    00000030                           : xferaise.obj (.text)
                  2001f7bc    00000030     simplelink.a : socket.obj (.text:sl_Close)
                  2001f7ec    00000030                  : wlan.obj (.text:sl_WlanProfileDel)
                  2001f81c    00000030                  : wlan.obj (.text:sl_WlanSetMode)
                  2001f84c    0000002e     rtsv7M4_T_le_eabi.lib : i_tofd_t2.obj (.text)
                  2001f87a    0000002e                           : raise.obj (.text)
                  2001f8a8    0000002d     http.obj (.text:addHttpRequestHeaderInt)
                  2001f8d5    00000003     --HOLE-- [fill = 0]
                  2001f8d8    0000002c     tasks.obj (.text:ApplyMagHAL)
                  2001f904    0000002c     driverlib.a : camera.obj (.text:CameraIntEnable)
                  2001f930    0000002c     simplelink.a : cc_pal.obj (.text:DmaSpiSwIntHandler)
                  2001f95c    0000002c     driverlib.a : i2c.obj (.text:I2CMasterErr)
                  2001f988    0000002c     simplelink.a : cc_pal.obj (.text:NwpPowerOn)
                  2001f9b4    0000002c     driverlib.a : prcm.obj (.text:PRCMSysResetCauseGet)
                  2001f9e0    0000002c     mt9d111.obj (.text:SoftReset_ImageSensor)
                  2001fa0c    0000002c     cc3200_utils.obj (.text:getDeviceTimeDate)
                  2001fa38    0000002c     request.obj (.text:setDataBufferPointer)
                  2001fa64    0000002a     driverlib.a : timer.obj (.text:TimerLoadSet)
                  2001fa8e    0000002a                 : timer.obj (.text:TimerPrescaleSet)
                  2001fab8    0000002a     rtsv7M4_T_le_eabi.lib : xdclass.obj (.text)
                  2001fae2    00000002     --HOLE-- [fill = 0]
                  2001fae4    00000028     driverlib.a : camera.obj (.text:CameraIntStatus)
                  2001fb0c    00000028     uartA1_if.obj (.text:InitTerm)
                  2001fb34    00000028     uartA1_if.obj (.text:Message)
                  2001fb5c    00000028     driverlib.a : prcm.obj (.text:PRCMPeripheralClkDisable)
                  2001fb84    00000028     rtsv7M4_T_le_eabi.lib : strncat.obj (.text)
                  2001fbac    00000028     simplelink.a : netapp.obj (.text:sl_NetAppStart)
                  2001fbd4    00000028                  : netapp.obj (.text:sl_NetAppStop)
                  2001fbfc    00000026     driverlib.a : camera.obj (.text:CameraThresholdSet)
                  2001fc22    00000026     simplelink.a : cc_pal.obj (.text:NwpRegisterInterruptHandler)
                  2001fc48    00000026     rtsv7M4_T_le_eabi.lib : strncmp.obj (.text)
                  2001fc6e    00000002     --HOLE-- [fill = 0]
                  2001fc70    00000024     driverlib.a : camera.obj (.text:CameraIntClear)
                  2001fc94    00000024     timer_fns.obj (.text:IntHandler_100mSecTimer)
                  2001fcb8    00000024     driverlib.a : interrupt.obj (.text:IntUnregister)
                  2001fcdc    00000024     timer_if.obj (.text:Timer_IF_Start)
                  2001fd00    00000024     driverlib.a : uart.obj (.text:UARTEnable)
                  2001fd24    00000024     mt9d111.obj (.text:WriteAllAEnAWBRegs)
                  2001fd48    00000024     simplelink.a : driver.obj (.text:_SlDrvProtectionObjLockWaitForever)
                  2001fd6c    00000024     rtsv7M4_T_le_eabi.lib : u_tofs_t2.obj (.text)
                  2001fd90    00000022     driverlib.a : camera.obj (.text:CameraCaptureStart)
                  2001fdb2    00000022                 : i2c.obj (.text:I2CMasterSlaveAddrSet)
                  2001fdd4    00000022     simplelink.a : socket.obj (.text:SL_FD_SET)
                  2001fdf6    00000022     driverlib.a : spi.obj (.text:SPIReset)
                  2001fe18    00000022                 : spi.obj (.text:SPIWordCountSet)
                  2001fe3a    00000022     rtsv7M4_T_le_eabi.lib : frexp.obj (.text)
                  2001fe5c    00000022                           : memcmp.obj (.text)
                  2001fe7e    00000020     driverlib.a : gpio.obj (.text:GPIOPinWrite)
                  2001fe9e    00000002     --HOLE-- [fill = 0]
                  2001fea0    00000020                 : interrupt.obj (.text:IntRegister)
                  2001fec0    00000020     mt9d111.obj (.text:Refresh_mt9d111Firmware)
                  2001fee0    00000020     simplelink.a : driver.obj (.text:_SlDrvProtectionObjUnLock)
                  2001ff00    00000020     rtsv7M4_T_le_eabi.lib : memchr.obj (.text)
                  2001ff20    00000020                           : u_tofd_t2.obj (.text)
                  2001ff40    0000001e     driverlib.a : i2c.obj (.text:I2CMasterIntStatusEx)
                  2001ff5e    0000001e                 : timer.obj (.text:TimerDisable)
                  2001ff7c    0000001e                 : timer.obj (.text:TimerEnable)
                  2001ff9a    0000001e                 : timer.obj (.text:TimerIntStatus)
                  2001ffb8    0000001e                 : uart.obj (.text:UARTCharPut)
                  2001ffd6    0000001e     simplelink.a : cc_pal.obj (.text:cc_UDMAChannelSelect)
                  2001fff4    0000001e     rtsv7M4_T_le_eabi.lib : strcat.obj (.text)
                  20020012    00000002     --HOLE-- [fill = 0]
                  20020014    0000001c     tasks.obj (.text:ApplyAccelHAL)
                  20020030    0000001c     main.obj (.text:BoardInit)
                  2002004c    0000001c     mt9d111.obj (.text:CameraSensorInit)
                  20020068    0000001c     udma_if.obj (.text:DmaSwIntHandler)
                  20020084    0000001c     driverlib.a : pin.obj (.text:PinTypeI2C)
                  200200a0    0000001c     simplelink.a : driver.obj (.text:_SlDrvObjLockWaitForever)
                  200200bc    0000001c                  : driver.obj (.text:_SlDrvSyncObjWaitForever)
                  200200d8    0000001c     rtsv7M4_T_le_eabi.lib : memccpy.obj (.text)
                  200200f4    0000001c     timer_fns.obj (.text:stop_100mSecTimer)
                  20020110    0000001c     driverlib.a : udma.obj (.text:uDMAChannelDisable)
                  2002012c    0000001c                 : udma.obj (.text:uDMAChannelEnable)
                  20020148    0000001c     main.obj (.text:vApplicationMallocFailedHook)
                  20020164    0000001a     driverlib.a : pin.obj (.text:PinTypeCamera)
                  2002017e    0000001a                 : pin.obj (.text:PinTypeUART)
                  20020198    0000001a                 : spi.obj (.text:SPIDmaDisable)
                  200201b2    0000001a                 : spi.obj (.text:SPIDmaEnable)
                  200201cc    0000001a                 : spi.obj (.text:SPIFIFODisable)
                  200201e6    0000001a                 : spi.obj (.text:SPIFIFOEnable)
                  20020200    00000018                 : camera.obj (.text:CameraReset)
                  20020218    00000018                 : gpio.obj (.text:GPIOPinRead)
                  20020230    00000018                 : prcm.obj (.text:PRCMHibernateEnter)
                  20020248    00000018                 : spi.obj (.text:SPICSDisable)
                  20020260    00000018                 : spi.obj (.text:SPICSEnable)
                  20020278    00000018                 : spi.obj (.text:SPIDisable)
                  20020290    00000018                 : spi.obj (.text:SPIEnable)
                  200202a8    00000018                 : timer.obj (.text:TimerIntEnable)
                  200202c0    00000018     timer_if.obj (.text:Timer_IF_InterruptClear)
                  200202d8    00000018     simplelink.a : driver.obj (.text:_SlDrvObjUnLock)
                  200202f0    00000018                  : driver.obj (.text:_SlDrvSyncObjSignal)
                  20020308    00000018                  : device.obj (.text:_sl_GetStartResponseConvert)
                  20020320    00000018     rtsv7M4_T_le_eabi.lib : args_main.obj (.text)
                  20020338    00000018                           : strcmp.obj (.text)
                  20020350    00000016     driverlib.a : camera.obj (.text:CameraDMAEnable)
                  20020366    00000016                 : camera.obj (.text:CameraIntRegister)
                  2002037c    00000016                 : i2c.obj (.text:I2CMasterDataPut)
                  20020392    00000016                 : i2c.obj (.text:I2CMasterEnable)
                  200203a8    00000016                 : prcm.obj (.text:PRCMHIBRegRead)
                  200203be    00000016                 : prcm.obj (.text:PRCMHIBRegWrite)
                  200203d4    00000016     simplelink.a : driver.obj (.text:_SlDrvMemZero)
                  200203ea    00000016     rtsv7M4_T_le_eabi.lib : strchr.obj (.text)
                  20020400    00000014     driverlib.a : cpu.obj (.text:CPUcpsie)
                  20020414    00000014                 : interrupt.obj (.text:IntVTableBaseSet)
                  20020428    00000014     app_common.obj (.text:LED_Off)
                  2002043c    00000014     app_common.obj (.text:LED_On)
                  20020450    00000014     rtsv7M4_T_le_eabi.lib : _lock.obj (.text)
                  20020464    00000014                           : strcpy.obj (.text)
                  20020478    00000014                           : strlen.obj (.text)
                  2002048c    00000014     driverlib.a : udma.obj (.text:uDMAControlBaseSet)
                  200204a0    00000014                 : udma.obj (.text:uDMAIntClear)
                  200204b4    00000012                 : i2c.obj (.text:I2CMasterControl)
                  200204c6    00000012                 : i2c.obj (.text:I2CMasterIntClearEx)
                  200204d8    00000012                 : i2c.obj (.text:I2CMasterTimeoutSet)
                  200204ea    00000012                 : timer.obj (.text:TimerIntClear)
                  200204fc    00000010                 : prcm.obj (.text:PRCMSOCReset)
                  2002050c    00000010     simplelink.a : socket.obj (.text:SL_FD_ZERO)
                  2002051c    00000010     timer_if.obj (.text:Timer_IF_Stop)
                  2002052c    00000010     cc3200_socket.obj (.text:socketClose)
                  2002053c    0000000e     driverlib.a : i2c.obj (.text:I2CMasterDataGet)
                  2002054a    0000000e     simplelink.a : driver.obj (.text:_SlDrvResetCmdExt)
                  20020558    0000000e     rtsv7M4_T_le_eabi.lib : copy_decompress_none.obj (.text:decompress:none)
                  20020566    0000000c     udma_if.obj (.text:DmaErrorIntHandler)
                  20020572    00000002     --HOLE-- [fill = 0]
                  20020574    0000000c     simplelink.a : cc_pal.obj (.text:NwpMaskInterrupt)
                  20020580    0000000c                  : cc_pal.obj (.text:NwpUnMaskInterrupt)
                  2002058c    0000000c     rtsv7M4_T_le_eabi.lib : copy_zero_init.obj (.text:decompress:ZI)
                  20020598    0000000c     parse_impl.obj (.text:getInternalClient)
                  200205a4    0000000c     simplelink.a : wlan.obj (.text:sl_WlanDisconnect)
                  200205b0    0000000c     driverlib.a : udma.obj (.text:uDMAEnable)
                  200205bc    0000000c                 : udma.obj (.text:uDMAIntStatus)
                  200205c8    0000000a                 : interrupt.obj (.text:IntMasterEnable)
                  200205d2    0000000a     main.obj (.text:vApplicationStackOverflowHook)
                  200205dc    00000008     hibernate_related_fns.obj (.text:sensorsTriggerSetup)
                  200205e4    00000006     i2cconfig.obj (.text:MT9D111Delay)
                  200205ea    00000006     startup_ccs.obj (.text:ResetISR)
                  200205f0    00000006     driverlib.a : utils.obj (.text:UtilsDelay)
                  200205f6    00000006     rtsv7M4_T_le_eabi.lib : copy_decompress_rle.obj (.text:decompress:rle24)
                  200205fc    00000006                           : logf.obj (.text)
                  20020602    00000006                           : sinf.obj (.text)
                  20020608    00000004                           : error.obj (.text)
                  2002060c    00000004                           : pre_init.obj (.text)

.const     0    20020610    00000ede     
                  20020610    0000013c     mt9d111.obj (.const:init_cmds_list)
                  2002074c    00000101     rtsv7M4_T_le_eabi.lib : ctype.obj (.const:.string:_ctypes_)
                  2002084d    00000003     --HOLE-- [fill = 0]
                  20020850    00000100     driverlib.a : pin.obj (.const:g_ulPinToPadMap)
                  20020950    000000d4                 : interrupt.obj (.const:g_pulRegs)
                  20020a24    000000d0     mt9d111.obj (.const)
                  20020af4    000000c4     mt9d111.obj (.const:capture_cmds_list)
                  20020bb8    000000b0     simplelink.a : wlan.obj (.const:$P$T0$1)
                  20020c68    000000a8     driverlib.a : prcm.obj (.const:PRCM_PeriphRegsList)
                  20020d10    00000090     wifi_provisioning_thruAPmode.obj (.const:.string)
                  20020da0    00000080     driverlib.a : interrupt.obj (.const)
                  20020e20    00000072     lightSens_isl29035.obj (.const:.string)
                  20020e92    00000002     --HOLE-- [fill = 0]
                  20020e94    00000068     appFns_BatteryLevelSense.obj (.const:V2CEntry$1)
                  20020efc    00000050     accelomtrMagntomtr_fxos8700.obj (.const:.string)
                  20020f4c    0000004c     mt9d111.obj (.const:$P$T4$5)
                  20020f98    0000004b     tempRHSens_si7020.obj (.const:.string)
                  20020fe3    0000004a     camera_app.obj (.const:.string)
                  2002102d    00000042     mt9d111.obj (.const:.string)
                  2002106f    00000040     network_relater_fns.obj (.const:.string)
                  200210af    0000003c     i2c_app.obj (.const:.string)
                  200210eb    00000001     --HOLE-- [fill = 0]
                  200210ec    0000003c     simplelink.a : driver.obj (.const:OpcodeTranslateTable)
                  20021128    0000003c                  : wlan.obj (.const)
                  20021164    00000038                  : driver.obj (.const:_SlActionLookupTable)
                  2002119c    00000038     rtsv7M4_T_le_eabi.lib : xflog.obj (.const)
                  200211d4    00000038     simplelink.a : fs.obj (.const)
                  2002120c    00000036     flash_files.obj (.const:.string)
                  20021242    00000002     --HOLE-- [fill = 0]
                  20021244    00000034     rtsv7M4_T_le_eabi.lib : xfatan.obj (.const)
                  20021278    00000034     simplelink.a : driver.obj (.const)
                  200212ac    00000034                  : socket.obj (.const)
                  200212e0    0000002c     network_relater_fns.obj (.const:$P$T1$2)
                  2002130c    0000002b     parse_uploads.obj (.const:.string)
                  20021337    00000001     --HOLE-- [fill = 0]
                  20021338    00000028     rtsv7M4_T_le_eabi.lib : xfdint.obj (.const)
                  20021360    00000028                           : xfsin.obj (.const)
                  20021388    00000028     simplelink.a : netapp.obj (.const)
                  200213b0    00000024     main.obj (.const:.string)
                  200213d4    00000023     batteryVoltLvlSens_adc081c021.obj (.const:.string:$P$T0$1)
                  200213f7    00000022     network_relater_fns.obj (.const:.string:$P$T0$1)
                  20021419    00000003     --HOLE-- [fill = 0]
                  2002141c    0000001c     rtsv7M4_T_le_eabi.lib : tanf.obj (.const)
                  20021438    0000001c                           : xfexp.obj (.const)
                  20021454    00000018     driverlib.a : spi.obj (.const)
                  2002146c    00000017     request.obj (.const:.string)
                  20021483    00000016     collect_and_txit.obj (.const:.string)
                  20021499    00000014     network_relater_fns.obj (.const)
                  200214ad    00000001     --HOLE-- [fill = 0]
                  200214ae    00000014     simplelink.a : device.obj (.const)
                  200214c2    00000010                  : socket.obj (.const:.string)
                  200214d2    0000000b     app_common.obj (.const:.string)
                  200214dd    00000008     simplelink.a : device.obj (.const:.string)
                  200214e5    00000001     --HOLE-- [fill = 0]
                  200214e6    00000008                  : netcfg.obj (.const)

.cinit     0    200214f0    00000bc8     
                  200214f0    00000ba2     (.cinit..data.load) [load image, compression = rle]
                  20022092    00000002     --HOLE-- [fill = 0]
                  20022094    0000000c     (__TI_handler_table)
                  200220a0    00000008     (.cinit..bss.load) [load image, compression = zero_init]
                  200220a8    00000010     (__TI_cinit_table)

.init_array 
*          0    20004000    00000000     UNINITIALIZED

.bss       0    20022400    000172ff     UNINITIALIZED
                  20022400    00014000     main.obj (.bss:g_image_buffer)
                  20036400    00000b58     tasks.obj (.bss:thisMagBuffer)
                  20036f58    000005a0     ota.a : OtaHttp.obj (.bss:recv_buf)
                  200374f8    0000044c           : OtaClient.obj (.bss:g_OtaCheckUpdateResponse)
                  20037944    00000418     wifi_provisioning_thruAPmode.obj (.bss:thisMagCal)
                  20037d5c    00000240     ota.obj (.bss:g_otaOptServerInfo)
                  20037f9c    00000058     tasks.obj (.bss:thisMag)
                  20037ff4    0000000c     (.common:g_SecParams)
                  20038000    00000400     udma_if.obj (.bss:gpCtlTbl)
                  20038400    000003d8     ota.a : OtaClient.obj (.bss:g_OtaFileMetadata)
                  200387d8    00000370     main.obj (.bss:g_NetEntries)
                  20038b48    00000200     ota.a : OtaHttp.obj (.bss:send_buf)
                  20038d48    00000178     simplelink.a : driver.obj (.bss:g_StatMem)
                  20038ec0    00000120     rtsv7M4_T_le_eabi.lib : trgmsg.obj (.bss:__CIOBUF_)
                  20038fe0    00000100     udma_if.obj (.bss:gfpAppCallbackHndl)
                  200390e0    000000c8     free_rtos.a : tasks.obj (.bss:pxReadyTasksLists)
                  200391a8    000000ac     tasks.obj (.bss:thisSV_6DOF_GB_BASIC)
                  20039254    000000a0     rtsv7M4_T_le_eabi.lib : defs.obj (.bss:__TI_tmpnams)
                  200392f4    00000074     ota.a : CdnClient.obj (.bss:g_CdnClient)
                  20039368    00000050     simplelink.a : cc_pal.obj (.bss:g_ucDinDout)
                  200393b8    00000050     free_rtos.a : queue.obj (.bss:xQueueRegistry)
                  20039408    0000004c     ota.a : OtaApp.obj (.bss:g_OtaApp)
                  20039454    0000004c           : OtaApp.obj (.bss:g_OtaApp_statistics)
                  200394a0    00000034     cc3200_client_state.obj (.bss:clientStateFileName)
                  200394d4    00000034     main.obj (.bss:g_cWlanSecurityKey)
                  20039508    00000034     tasks.obj (.bss:thisAccel)
                  2003953c    00000024     ota.a : OtaClient.obj (.bss:g_OtaClient)
                  20039560    00000024     main.obj (.bss:g_cWlanSSID)
                  20039584    00000024     main.obj (.bss:g_ucConnectionSSID)
                  200395a8    0000001c     rtsv7M4_T_le_eabi.lib : vla_alloc.obj (.bss)
                  200395c4    00000014     (.common:g_FlcSflashCb)
                  200395d8    00000014     (.common:g_flag_blockFull)
                  200395ec    00000014     (.common:xDelayedTaskList1)
                  20039600    00000014     (.common:xDelayedTaskList2)
                  20039614    00000014     (.common:xPendingReadyList)
                  20039628    00000014     (.common:xSuspendedTaskList)
                  2003963c    00000014     (.common:xTasksWaitingTermination)
                  20039650    00000010     (.common:ang_buf)
                  20039660    00000010     (.common:globals)
                  20039670    00000010     (.common:mqxglobals)
                  20039680    00000008     (.common:g_LogClient)
                  20039688    00000008     (.common:g_ucConnectionBSSID)
                  20039690    00000008     (.common:parmbuf)
                  20039698    00000008     (.common:sBootInfo)
                  200396a0    00000004     (.common:DMAMsgQ)
                  200396a4    00000004     (.common:Elapsed_100MilliSecs)
                  200396a8    00000004     (.common:__Errorlog)
                  200396ac    00000004     (.common:angle_avg)
                  200396b0    00000004     (.common:dataBuffer)
                  200396b4    00000004     (.common:g_block_lastFilled)
                  200396b8    00000004     (.common:g_cDummy)
                  200396bc    00000004     (.common:g_cWlanSecurityType)
                  200396c0    00000004     (.common:g_frame_size_in_bytes)
                  200396c4    00000004     (.common:g_header_length)
                  200396c8    00000004     (.common:g_position_in_block)
                  200396cc    00000004     (.common:g_readHeader)
                  200396d0    00000004     (.common:g_total_dma_intrpts)
                  200396d4    00000004     (.common:g_ulAppStatus)
                  200396d8    00000004     (.common:gdoor_40deg_angle)
                  200396dc    00000004     (.common:gdoor_90deg_angle)
                  200396e0    00000004     (.common:pvOtaApp)
                  200396e4    00000004     (.common:pxDelayedTaskList)
                  200396e8    00000004     (.common:pxOverflowDelayedTaskList)
                  200396ec    00000001     (.common:RxIrqCnt)
                  200396ed    00000001     (.common:avg_buffer_cnt)
                  200396ee    00000001     (.common:checkForLight_Flag)
                  200396ef    00000001     (.common:g_dma_txn_done)
                  200396f0    00000001     (.common:g_flag_DataBlockFilled)
                  200396f1    00000001     (.common:g_flag_door_closing_45degree)
                  200396f2    00000001     (.common:g_frame_end)
                  200396f3    00000001     (.common:g_ucAngle40)
                  200396f4    00000001     (.common:g_ucAngle90)
                  200396f5    00000001     (.common:g_ucCalibration)
                  200396f6    00000001     (.common:g_ucConfig)
                  200396f7    00000001     (.common:g_ucExitButton)
                  200396f8    00000001     (.common:g_ucMagCalb)
                  200396f9    00000001     (.common:g_ucProfileAdded)
                  200396fa    00000001     (.common:g_ucPushButtonPressedTwice)
                  200396fb    00000001     (.common:iDone)
                  200396fc    00000001     (.common:isitfirsttime)
                  200396fd    00000001     (.common:print_count)
                  200396fe    00000001     (.common:valid_case)

.TI.noinit 
*          0    20022400    00000000     UNINITIALIZED

.sysmem    0    20039700    00005000     UNINITIALIZED
                  20039700    00000008     rtsv7M4_T_le_eabi.lib : memory.obj (.sysmem)
                  20039708    00004ff8     --HOLE--


LINKER GENERATED COPY TABLES

__TI_cinit_table @ 200220a8 records: 2, size/record: 8, table size: 16
	.data: load addr=200214f0, load size=00000ba2 bytes, run addr=20000000, run size=000013f4 bytes, compression=rle
	.bss: load addr=200220a0, load size=00000008 bytes, run addr=20022400, run size=000172ff bytes, compression=zero_init


LINKER GENERATED HANDLER TABLE

__TI_handler_table @ 20022094 records: 3, size/record: 4, table size: 12
	index: 0, handler: __TI_decompress_rle24
	index: 1, handler: __TI_decompress_none
	index: 2, handler: __TI_zero_init


GLOBAL SYMBOLS: SORTED ALPHABETICALLY BY Name 

address   name                                  
-------   ----                                  
20013d29  AccessPtMode_HTTPServer_Start         
20020015  ApplyAccelHAL                         
2001f8d9  ApplyMagHAL                           
2001ed89  C$$EXIT                               
2001d867  C$$IO$$                               
20020401  CPUcpsie                              
200119b9  CalibrateMagSensor                    
2001d265  CamControllerInit                     
2001fd91  CameraCaptureStart                    
2001f1b9  CameraCaptureStop                     
20020351  CameraDMAEnable                       
2001fc71  CameraIntClear                        
2001f905  CameraIntEnable                       
20020367  CameraIntRegister                     
2001fae5  CameraIntStatus                       
2001f497  CameraParamsConfig                    
20020201  CameraReset                           
2002004d  CameraSensorInit                      
2001fbfd  CameraThresholdSet                    
2001f1f3  CameraXClkConfig                      
2000d891  CaptureAndStore_Image                 
20009769  CdnClient_CloseServer                 
20009787  CdnClient_ConnectByUrl                
20009737  CdnClient_Init                        
200091cd  CdnClient_Run                         
200091c3  CdnClient_SetFileInfo                 
20017ec5  Check_I2CDevices                      
20014971  CollectAngle                          
20012191  CollectTxit_ImgTempRH                 
2001a37d  Config_And_Start_CameraCapture        
2001ca69  ConfigureMode                         
20010191  ConfigureSimpleLinkToDefaultState     
20017425  ConnectToNetwork_STA                  
20014049  ConstructDeviceStateObject            
2001f015  CopyPingResultsToReport               
2001a441  CreateFile_Flash                      
200396a0  DMAMsgQ                               
2000103c  DigiCertHighAssuranceEVRootCA_der_len 
20020567  DmaErrorIntHandler                    
2001f931  DmaSpiSwIntHandler                    
20020069  DmaSwIntHandler                       
200396a4  Elapsed_100MilliSecs                  
20015671  FXOS8700_Init                         
2001753d  FXOS8700_ReadData                     
2001f051  Fusion_Init                           
200157d5  Fusion_Run                            
2001f3f5  GPIODirModeSet                        
20020219  GPIOPinRead                           
2001fe7f  GPIOPinWrite                          
200196fd  Get_BatteryPercent                    
2001d1f5  Get_BatteryVoltageLevel_ADC081C021    
20015935  HIBernate                             
20010149  HOSTclock                             
20010111  HOSTclose                             
200100d3  HOSTgetenv                            
20010077  HOSTlseek                             
20010025  HOSTopen                              
2000ffd9  HOSTread                              
2000ff7b  HOSTrename                            
2000ff41  HOSTtime                              
2000ff09  HOSTunlink                            
2000febd  HOSTwrite                             
20016249  I2CBufferRead                         
20016bfd  I2CBufferWrite                        
200204b5  I2CMasterControl                      
2002053d  I2CMasterDataGet                      
2002037d  I2CMasterDataPut                      
20020393  I2CMasterEnable                       
2001f95d  I2CMasterErr                          
2001c6d9  I2CMasterInitExpClk                   
200204c7  I2CMasterIntClearEx                   
2001ff41  I2CMasterIntStatusEx                  
2001fdb3  I2CMasterSlaveAddrSet                 
200204d9  I2CMasterTimeoutSet                   
2001e4d1  I2C_IF_Open                           
2001a505  I2C_IF_Read                           
2001a805  I2C_IF_Write                          
2001fb0d  InitTerm                              
2001ce41  InitialiseParse                       
2001bec1  InitializeUserConfigVariables         
2001b1f1  IntDisable                            
2001b299  IntEnable                             
2001fc95  IntHandler_100mSecTimer               
200205c9  IntMasterEnable                       
2001e17d  IntPendClear                          
2001e2d9  IntPrioritySet                        
2001fea1  IntRegister                           
2001fcb9  IntUnregister                         
20020415  IntVTableBaseSet                      
2001ef99  IsLightOff                            
20000000  JPEG_StdHuffmanTbl                    
200011f0  JPEG_StdQuantTblC                     
20001230  JPEG_StdQuantTblY                     
2001b491  LED_Blink                             
20020429  LED_Off                               
2002043d  LED_On                                
2000cd01  LogClient_Close                       
2000cd19  LogClient_ConnectAndPrint             
2000ccb9  LogClient_ConnectServer               
2000cca1  LogClient_Init                        
2000cb49  LogClient_Print                       
200205e5  MT9D111Delay                          
2000f88d  MagCal_Run                            
200181d1  Main_Task_withHibernate               
2001fb35  Message                               
20020575  NwpMaskInterrupt                      
2001f2dd  NwpPowerOff                           
2001f989  NwpPowerOn                            
2001c75d  NwpPowerOnPreamble                    
2001fc23  NwpRegisterInterruptHandler           
20020581  NwpUnMaskInterrupt                    
200153a1  OTAServerInfoSet                      
200198c5  OTA_CommitImage                       
2001e069  OTA_Init                              
200134fd  OTA_Run                               
2001ee11  OTA_Update                            
200210ec  OpcodeTranslateTable                  
20008fdf  OtaClient_CloseServer                 
20008f95  OtaClient_ConnectServer               
20008db1  OtaClient_GetNextUpdate               
20008c07  OtaClient_Init                        
20008ab9  OtaClient_ResourceMetadata            
200087fb  OtaClient_ResourceNameConvert         
20008731  OtaClient_UpdateCheck                 
20016995  PRCMCC3200MCUInit                     
200203a9  PRCMHIBRegRead                        
200203bf  PRCMHIBRegWrite                       
20020231  PRCMHibernateEnter                    
2001c329  PRCMHibernateIntervalSet              
2001d699  PRCMHibernateWakeUpGPIOSelect         
2001e9f5  PRCMHibernateWakeupSourceDisable      
2001ea3d  PRCMHibernateWakeupSourceEnable       
2001fb5d  PRCMPeripheralClkDisable              
2001f08d  PRCMPeripheralClkEnable               
2001bb4d  PRCMPeripheralClockGet                
2001e1d5  PRCMPeripheralReset                   
2001f4cd  PRCMPeripheralStatusGet               
200204fd  PRCMSOCReset                          
2001f9b5  PRCMSysResetCauseGet                  
2001c3b1  PinConfigSet                          
2001ee99  PinModeSet                            
200184d1  PinMuxConfig                          
20020165  PinTypeCamera                         
2001f66b  PinTypeGPIO                           
20020085  PinTypeI2C                            
2002017f  PinTypeUART                           
2001e6b1  RdSensData_Init                       
200128cd  RdSensData_Run                        
200197e5  ReadFile_FromFlash                    
2001fec1  Refresh_mt9d111Firmware               
2001b145  Report                                
200205eb  ResetISR                              
200396ec  RxIrqCnt                              
20021288  RxMsgClassLUT                         
UNDEFED   SHT$$INIT_ARRAY$$Base                 
UNDEFED   SHT$$INIT_ARRAY$$Limit                
2001fdd5  SL_FD_SET                             
2002050d  SL_FD_ZERO                            
20020249  SPICSDisable                          
20020261  SPICSEnable                           
2001b535  SPIConfigSetExpClk                    
20020279  SPIDisable                            
20020199  SPIDmaDisable                         
200201b3  SPIDmaEnable                          
20020291  SPIEnable                             
200201cd  SPIFIFODisable                        
200201e7  SPIFIFOEnable                         
2001f501  SPIFIFOLevelSet                       
2001ea85  SPIIntClear                           
2001e6fd  SPIIntEnable                          
2001fdf7  SPIReset                              
2001fe19  SPIWordCountSet                       
20001320  SecurityParams                        
2000c1ad  SimpleLinkHttpServerCallback          
200150c1  SimpleLinkNetAppEventHandler          
20015509  SimpleLinkSockEventHandler            
2000e431  SimpleLinkWlanEventHandler            
2001f9e1  SoftReset_ImageSensor                 
200214dd  StartResponseLUT                      
2001d701  StartSensorInJpegMode                 
2001ec79  TimerConfigure                        
2001ff5f  TimerDisable                          
2001ff7d  TimerEnable                           
200204eb  TimerIntClear                         
200202a9  TimerIntEnable                        
2001ff9b  TimerIntStatus                        
2001fa65  TimerLoadSet                          
2001fa8f  TimerPrescaleSet                      
2001f639  Timer_IF_Init                         
2001d181  Timer_IF_IntSetup                     
200202c1  Timer_IF_InterruptClear               
2001fcdd  Timer_IF_Start                        
2002051d  Timer_IF_Stop                         
20001128  Token                                 
2001ffb9  UARTCharPut                           
2001d021  UARTConfigSetExpClk                   
2001f69d  UARTDisable                           
2001fd01  UARTEnable                            
2001d2d1  UDMAInit                              
2001ecbd  UDMASetupTransfer                     
2001b341  UploadImageToParse                    
2001bf51  UploadSensorDataToParse               
20019eb5  UserConfigure_Task                    
20011565  User_Configure                        
200205f1  UtilsDelay                            
2000d2b1  VDeleteSimpleLinkSpawnTask            
2000d261  VStartSimpleLinkSpawnTask             
2000118c  Value                                 
2001af41  Verify_ImageSensor                    
20010451  WiFiProvisioning                      
2001fd25  WriteAllAEnAWBRegs                    
20017ba9  WriteFile_ToFlash                     
2001fab9  _Dclass                               
20001040  _Denorm                               
2001a745  _Dnorm                                
20017879  _Dscale                               
2001db0f  _Dunscale                             
20001050  _Eps                                  
200013e4  _Errno                                
20019c31  _FAtan                                
200010c0  _FDenorm                              
2001c211  _FDint                                
2001cd4d  _FDnorm                               
20019f85  _FDscale                              
2001e283  _FDunscale                            
200010d0  _FEps                                 
20014c61  _FExp                                 
200010e0  _FInf                                 
20012fd9  _FLog                                 
200010f0  _FNan                                 
20001110  _FRteps                               
20013b8d  _FSin                                 
20001100  _FSnan                                
20001120  _FXbig                                
20001124  _FZero                                
200013cc  _Fenv                                 
2001f78d  _Feraise                              
20001060  _Hugeval                              
20001070  _Inf                                  
20001080  _Nan                                  
2000914f  _OpenStorageFile                      
20007229  _OtaCleanToIdle                       
200090e5  _ReadFileHeaders                      
2000733b  _ReadStatFile                         
200090d9  _RecvFileChunk                        
200010a0  _Rteps                                
200212c0  _SlAcceptCmdCtrl                      
20021164  _SlActionLookupTable                  
2001ac6d  _SlAsyncEventGenericHandler           
200214ba  _SlDeviceGetCmdCtrl                   
200214be  _SlDeviceSetCmdCtrl                   
2001eacd  _SlDrvBasicCmd                        
20019b59  _SlDrvClassifyRxMsg                   
2001c8e9  _SlDrvCmdOp                           
2001d33d  _SlDrvCmdSend                         
200170b5  _SlDrvDataReadOp                      
20017fc9  _SlDrvDataWriteOp                     
2001f6cd  _SlDrvDeviceEventHandler              
20018ca1  _SlDrvDriverCBDeinit                  
20014dd9  _SlDrvDriverCBInit                    
200203d5  _SlDrvMemZero                         
2000b63d  _SlDrvMsgRead                         
2001a8c1  _SlDrvMsgReadCmdCtx                   
2001b715  _SlDrvMsgReadSpawnCtx                 
20012701  _SlDrvMsgWrite                        
200183d1  _SlDrvNetAppEventHandler              
200200a1  _SlDrvObjLockWaitForever              
200202d9  _SlDrvObjUnLock                       
2001e749  _SlDrvProtectAsyncRespSetting         
2001fd49  _SlDrvProtectionObjLockWaitForever    
2001fee1  _SlDrvProtectionObjUnLock             
20012361  _SlDrvReleasePoolObj                  
2002054b  _SlDrvResetCmdExt                     
200110d9  _SlDrvRxHdrRead                       
2001e795  _SlDrvRxIrqHandler                    
200202f1  _SlDrvSyncObjSignal                   
200200bd  _SlDrvSyncObjWaitForever              
20013eb9  _SlDrvWaitForPoolObj                  
200214b6  _SlEventMaskGetCmdCtrl                
200214b2  _SlEventMaskSetCmdCtrl                
20015231  _SlFindAndSetActiveObj                
200211d8  _SlFsCloseCmdCtrl                     
200211e8  _SlFsDeleteCmdCtrl                    
200211e4  _SlFsGetInfoCmdCtrl                   
200211d4  _SlFsOpenCmdCtrl                      
200211dc  _SlFsReadCmdCtrl                      
200211e0  _SlFsWriteCmdCtrl                     
2002139c  _SlGetHostByNameCtrl                  
20021398  _SlGetHostByServiceCtrl               
20021390  _SlGetServiceListeCtrl                
200212cc  _SlGetSockOptCmdCtrl                  
200212bc  _SlListenCmdCtrl                      
200213a8  _SlNetAppGetCmdCtrl                   
200213a4  _SlNetAppSendTokenValueCmdCtrl        
200213a0  _SlNetAppSetCmdCtrl                   
20021388  _SlNetAppStartCtrl                    
2002138c  _SlNetAppStopCtrl                     
200214ea  _SlNetCfgGetCmdCtrl                   
200214e6  _SlNetCfgSetCmdCtrl                   
200214c2  _SlPayloadByProtocolLUT               
2002112c  _SlPolicyGetCmdCtrl                   
20021128  _SlPolicySetCmdCtrl                   
20021134  _SlProfileDelCmdCtrl                  
20021130  _SlProfileGetCmdCtrl                  
200212c4  _SlRecvCmdCtrl                        
200212b4  _SlRecvfomCmdCtrl                     
20021394  _SlRegisterServiceCtrl                
2001a685  _SlRemoveFromList                     
2002113c  _SlRxFilterAddtCmdCtrl                
20021144  _SlRxFilterGetCmdCtrl                 
20021140  _SlRxFilterSetCmdCtrl                 
200212d0  _SlSelectCmdCtrl                      
200212b8  _SlSendCmdCtrl                        
200212c8  _SlSetSockOptCmdCtrl                  
20021148  _SlSmartConfigStartCmdCtrl            
200212b0  _SlSockCloseCmdCtrl                   
[...]
2001ccdb  memset                                
2001cd4d  _FDnorm                               
2001ce41  InitialiseParse                       
2001ceb9  _sl_HandleAsync_Connect               
2001cf31  sl_FsOpen                             
2001cfa9  spi_Close                             
2001d021  UARTConfigSetExpClk                   
2001d099  sl_Recv                               
2001d181  Timer_IF_IntSetup                     
2001d1f5  Get_BatteryVoltageLevel_ADC081C021    
2001d265  CamControllerInit                     
2001d2d1  UDMAInit                              
2001d33d  _SlDrvCmdSend                         
2001d3a9  f3x3matrixAeqMinusA                   
2001d415  parseSendRequestInternal              
2001d481  __TI_auto_init                        
2001d4f5  fprintf                               
2001d559  f3x3matrixAeqAxScalar                 
2001d62d  beginHttpGetRequest                   
2001d699  PRCMHibernateWakeUpGPIOSelect         
2001d701  StartSensorInJpegMode                 
2001d769  _sl_NetAppSendTokenValue              
2001d7d1  fetchDeviceOSVersion                  
2001d839  __TI_writemsg                         
2001d867  C$$IO$$                               
2001d86b  __TI_readmsg                          
2001d8a1  sl_DevSet                             
2001d909  sl_NetCfgSet                          
2001d971  sl_SetSockOpt                         
2001d9d9  sl_WlanSet                            
2001daa9  f3x3matrixAeqScalar                   
2001db0f  _Dunscale                             
2001db75  fseek                                 
2001dbd9  socketWait                            
2001dc3d  softResetTempRHSensor                 
2001dca1  uDMAChannelAttributeDisable           
2001dd05  uDMAChannelAttributeEnable            
2001dd69  __aeabi_cfcmpeq                       
2001dd69  __aeabi_cfcmple                       
2001ddc9  __aeabi_cfrcmple                      
2001de29  _sl_HandleAsync_Accept                
2001de89  fxosDefault_Initializations           
2001dee9  getMagntData                          
2001df49  sprintf                               
2001dfa9  sl_WlanPolicySet                      
2001e009  standby_accelMagn_fxos8700            
2001e069  OTA_Init                              
2001e0c5  getLightsensor_intrptStatus           
2001e121  sl_Socket                             
2001e17d  IntPendClear                          
2001e1d5  PRCMPeripheralReset                   
2001e22d  ltoa                                  
2001e283  _FDunscale                            
2001e2d9  IntPrioritySet                        
2001e32d  _sl_HandleAsync_Select                
2001e381  fasin_deg                             
2001e3d5  headerSend                            
2001e429  sl_WlanRxFilterSet                    
2001e4d1  I2C_IF_Open                           
2001e521  _sl_HandleAsync_Stop                  
2001e571  disableAE                             
2001e5c1  disableAWB                            
2001e611  __aeabi_f2ulz                         
2001e661  sl_FsDel                              
2001e6b1  RdSensData_Init                       
2001e6fd  SPIIntEnable                          
2001e749  _SlDrvProtectAsyncRespSetting         
2001e795  _SlDrvRxIrqHandler                    
2001e7e1  _sl_BuildAddress                      
2001e82d  atoi                                  
2001e879  atol                                  
2001e8c5  copy_in                               
2001e911  srand                                 
2001e927  rand                                  
2001e95d  uDMAChannelAssign                     
2001e9a9  __aeabi_d2f                           
2001e9f5  PRCMHibernateWakeupSourceDisable      
2001ea3d  PRCMHibernateWakeupSourceEnable       
2001ea85  SPIIntClear                           
2001eacd  _SlDrvBasicCmd                        
2001eb15  addHttpRequestLine                    
2001eb5d  fatan_15deg                           
2001eba5  __aeabi_d2iz                          
2001ebed  ldexp                                 
2001ec79  TimerConfigure                        
2001ecbd  UDMASetupTransfer                     
2001ed45  fxos_Calibration                      
2001ed89  C$$EXIT                               
2001ed8d  abort                                 
2001ed95  exit                                  
2001edcd  __aeabi_d2uiz                         
2001ee11  OTA_Update                            
2001ee55  sl_Htonl                              
2001ee99  PinModeSet                            
2001eed9  getHttpResponseBody                   
2001ef19  signal                                
2001ef59  start_100mSecTimer                    
2001ef99  IsLightOff                            
2001efd7  strncasecmp                           
2001f015  CopyPingResultsToReport               
2001f051  Fusion_Init                           
2001f08d  PRCMPeripheralClkEnable               
2001f0c9  _sl_TruncatePayloadByProtocol         
2001f105  _c_int00                              
2001f141  sl_Htons                              
2001f17d  uDMAChannelControlSet                 
2001f1b9  CameraCaptureStop                     
2001f1f3  CameraXClkConfig                      
2001f22d  fLPFScalar                            
2001f267  parseSendRequest                      
2001f2a1  addHttpRequestHeader                  
2001f2dd  NwpPowerOff                           
2001f315  pvPortMalloc                          
2001f335  vPortFree                             
2001f34d  __aeabi_f2d                           
2001f385  __aeabi_f2iz                          
2001f3bd  __aeabi_i2f                           
2001f3f5  GPIODirModeSet                        
2001f42b  sl_NetAppMDNSUnRegisterService        
2001f461  beginHttpRequest                      
2001f497  CameraParamsConfig                    
2001f4cd  PRCMPeripheralStatusGet               
2001f501  SPIFIFOLevelSet                       
2001f535  getHttpResponseStatus                 
2001f569  get_angle                             
2001f59d  feraiseexcept                         
2001f5d1  __aeabi_f2uiz                         
2001f605  strstr                                
2001f639  Timer_IF_Init                         
2001f66b  PinTypeGPIO                           
2001f69d  UARTDisable                           
2001f6cd  _SlDrvDeviceEventHandler              
2001f6fd  _sl_Strlen                            
2001f72d  angleCheck                            
2001f75d  strncpy                               
2001f78d  _Feraise                              
2001f7bd  sl_Close                              
2001f7ed  sl_WlanProfileDel                     
2001f81d  sl_WlanSetMode                        
2001f84d  __aeabi_i2d                           
2001f87b  raise                                 
2001f8a9  addHttpRequestHeaderInt               
2001f8d9  ApplyMagHAL                           
2001f905  CameraIntEnable                       
2001f931  DmaSpiSwIntHandler                    
2001f95d  I2CMasterErr                          
2001f989  NwpPowerOn                            
2001f9b5  PRCMSysResetCauseGet                  
2001f9e1  SoftReset_ImageSensor                 
2001fa39  setDataBufferPointer                  
2001fa65  TimerLoadSet                          
2001fa8f  TimerPrescaleSet                      
2001fab9  _Dclass                               
2001fae5  CameraIntStatus                       
2001fb0d  InitTerm                              
2001fb35  Message                               
2001fb5d  PRCMPeripheralClkDisable              
2001fb85  strncat                               
2001fbad  sl_NetAppStart                        
2001fbd5  sl_NetAppStop                         
2001fbfd  CameraThresholdSet                    
2001fc23  NwpRegisterInterruptHandler           
2001fc49  strncmp                               
2001fc71  CameraIntClear                        
2001fc95  IntHandler_100mSecTimer               
2001fcb9  IntUnregister                         
2001fcdd  Timer_IF_Start                        
2001fd01  UARTEnable                            
2001fd25  WriteAllAEnAWBRegs                    
2001fd49  _SlDrvProtectionObjLockWaitForever    
2001fd6d  __aeabi_ui2f                          
2001fd91  CameraCaptureStart                    
2001fdb3  I2CMasterSlaveAddrSet                 
2001fdd5  SL_FD_SET                             
2001fdf7  SPIReset                              
2001fe19  SPIWordCountSet                       
2001fe3b  frexp                                 
2001fe5d  memcmp                                
2001fe7f  GPIOPinWrite                          
2001fea1  IntRegister                           
2001fec1  Refresh_mt9d111Firmware               
2001fee1  _SlDrvProtectionObjUnLock             
2001ff01  memchr                                
2001ff21  __aeabi_ui2d                          
2001ff41  I2CMasterIntStatusEx                  
2001ff5f  TimerDisable                          
2001ff7d  TimerEnable                           
2001ff9b  TimerIntStatus                        
2001ffb9  UARTCharPut                           
2001fff5  strcat                                
20020015  ApplyAccelHAL                         
2002004d  CameraSensorInit                      
20020069  DmaSwIntHandler                       
20020085  PinTypeI2C                            
200200a1  _SlDrvObjLockWaitForever              
200200bd  _SlDrvSyncObjWaitForever              
200200d9  memccpy                               
200200f5  stop_100mSecTimer                     
20020111  uDMAChannelDisable                    
2002012d  uDMAChannelEnable                     
20020149  vApplicationMallocFailedHook          
20020165  PinTypeCamera                         
2002017f  PinTypeUART                           
20020199  SPIDmaDisable                         
200201b3  SPIDmaEnable                          
200201cd  SPIFIFODisable                        
200201e7  SPIFIFOEnable                         
20020201  CameraReset                           
20020219  GPIOPinRead                           
20020231  PRCMHibernateEnter                    
20020249  SPICSDisable                          
20020261  SPICSEnable                           
20020279  SPIDisable                            
20020291  SPIEnable                             
200202a9  TimerIntEnable                        
200202c1  Timer_IF_InterruptClear               
200202d9  _SlDrvObjUnLock                       
200202f1  _SlDrvSyncObjSignal                   
20020309  _sl_GetStartResponseConvert           
20020321  _args_main                            
20020339  strcmp                                
20020351  CameraDMAEnable                       
20020367  CameraIntRegister                     
2002037d  I2CMasterDataPut                      
20020393  I2CMasterEnable                       
200203a9  PRCMHIBRegRead                        
200203bf  PRCMHIBRegWrite                       
200203d5  _SlDrvMemZero                         
200203eb  strchr                                
20020401  CPUcpsie                              
20020415  IntVTableBaseSet                      
20020429  LED_Off                               
2002043d  LED_On                                
20020451  _register_unlock                      
20020457  _register_lock                        
2002045f  _nop                                  
20020465  strcpy                                
20020479  strlen                                
2002048d  uDMAControlBaseSet                    
200204a1  uDMAIntClear                          
200204b5  I2CMasterControl                      
200204c7  I2CMasterIntClearEx                   
200204d9  I2CMasterTimeoutSet                   
200204eb  TimerIntClear                         
200204fd  PRCMSOCReset                          
2002050d  SL_FD_ZERO                            
2002051d  Timer_IF_Stop                         
2002052d  socketClose                           
2002053d  I2CMasterDataGet                      
2002054b  _SlDrvResetCmdExt                     
20020559  __TI_decompress_none                  
20020567  DmaErrorIntHandler                    
20020575  NwpMaskInterrupt                      
20020581  NwpUnMaskInterrupt                    
2002058d  __TI_zero_init                        
20020599  getInternalClient                     
200205a5  sl_WlanDisconnect                     
200205b1  uDMAEnable                            
200205bd  uDMAIntStatus                         
200205c9  IntMasterEnable                       
200205d3  vApplicationStackOverflowHook         
200205dd  sensorsTriggerSetup                   
200205e5  MT9D111Delay                          
200205eb  ResetISR                              
200205f1  UtilsDelay                            
200205f7  __TI_decompress_rle24                 
200205fd  logf                                  
20020603  sinf                                  
20020609  __abort_execution                     
2002060d  _system_pre_init                      
2002074c  _ctypes_                              
200210ec  OpcodeTranslateTable                  
20021128  _SlPolicySetCmdCtrl                   
2002112c  _SlPolicyGetCmdCtrl                   
20021130  _SlProfileGetCmdCtrl                  
20021134  _SlProfileDelCmdCtrl                  
20021138  _SlWlanGetNetworkListCtrl             
2002113c  _SlRxFilterAddtCmdCtrl                
20021140  _SlRxFilterSetCmdCtrl                 
20021144  _SlRxFilterGetCmdCtrl                 
20021148  _SlSmartConfigStartCmdCtrl            
2002114c  _SlWlanSetModeCmdCtrl                 
20021150  _SlWlanCfgSetCmdCtrl                  
20021154  _SlWlanCfgGetCmdCtrl                  
20021164  _SlActionLookupTable                  
200211d4  _SlFsOpenCmdCtrl                      
200211d8  _SlFsCloseCmdCtrl                     
200211dc  _SlFsReadCmdCtrl                      
200211e0  _SlFsWriteCmdCtrl                     
200211e4  _SlFsGetInfoCmdCtrl                   
200211e8  _SlFsDeleteCmdCtrl                    
20021278  g_H2NSyncPattern                      
20021280  g_H2NCnysPattern                      
20021288  RxMsgClassLUT                         
200212ac  _SlSockSocketCmdCtrl                  
200212b0  _SlSockCloseCmdCtrl                   
200212b4  _SlRecvfomCmdCtrl                     
200212b8  _SlSendCmdCtrl                        
200212bc  _SlListenCmdCtrl                      
200212c0  _SlAcceptCmdCtrl                      
200212c4  _SlRecvCmdCtrl                        
200212c8  _SlSetSockOptCmdCtrl                  
200212cc  _SlGetSockOptCmdCtrl                  
200212d0  _SlSelectCmdCtrl                      
20021388  _SlNetAppStartCtrl                    
2002138c  _SlNetAppStopCtrl                     
20021390  _SlGetServiceListeCtrl                
20021394  _SlRegisterServiceCtrl                
20021398  _SlGetHostByServiceCtrl               
2002139c  _SlGetHostByNameCtrl                  
200213a0  _SlNetAppSetCmdCtrl                   
200213a4  _SlNetAppSendTokenValueCmdCtrl        
200213a8  _SlNetAppGetCmdCtrl                   
2002146c  g_deviceClientVersion                 
200214ae  _SlStopCmdCtrl                        
200214b2  _SlEventMaskSetCmdCtrl                
200214b6  _SlEventMaskGetCmdCtrl                
200214ba  _SlDeviceGetCmdCtrl                   
200214be  _SlDeviceSetCmdCtrl                   
200214c2  _SlPayloadByProtocolLUT               
200214d2  pcDigits                              
200214dd  StartResponseLUT                      
200214e6  _SlNetCfgSetCmdCtrl                   
200214ea  _SlNetCfgGetCmdCtrl                   
200214f0  __TI_static_base__                    
20022094  __TI_Handler_Table_Base               
200220a0  __TI_Handler_Table_Limit              
200220a8  __TI_CINIT_Base                       
200220b8  __TI_CINIT_Limit                      
20022400  g_image_buffer                        
20036400  thisMagBuffer                         
200374f8  g_OtaCheckUpdateResponse              
20037944  thisMagCal                            
20037f9c  thisMag                               
20037ff4  g_SecParams                           
20038000  gpCtlTbl                              
20038400  g_OtaFileMetadata                     
200387d8  g_NetEntries                          
20038d48  g_StatMem                             
20038ec0  __CIOBUF_                             
20038fe0  gfpAppCallbackHndl                    
200391a8  thisSV_6DOF_GB_BASIC                  
20039254  __TI_tmpnams                          
200392f4  g_CdnClient                           
20039368  g_ucDinDout                           
200393b8  xQueueRegistry                        
20039408  g_OtaApp                              
20039454  g_OtaApp_statistics                   
200394a0  clientStateFileName                   
200394d4  g_cWlanSecurityKey                    
20039508  thisAccel                             
2003953c  g_OtaClient                           
20039560  g_cWlanSSID                           
20039584  g_ucConnectionSSID                    
200395c4  g_FlcSflashCb                         
200395d8  g_flag_blockFull                      
20039650  ang_buf                               
20039660  globals                               
20039670  mqxglobals                            
20039680  g_LogClient                           
20039688  g_ucConnectionBSSID                   
200396a0  DMAMsgQ                               
200396a4  Elapsed_100MilliSecs                  
200396ac  angle_avg                             
200396b0  dataBuffer                            
200396b4  g_block_lastFilled                    
200396b8  g_cDummy                              
200396bc  g_cWlanSecurityType                   
200396c0  g_frame_size_in_bytes                 
200396c4  g_header_length                       
200396c8  g_position_in_block                   
200396cc  g_readHeader                          
200396d4  g_ulAppStatus                         
200396d8  gdoor_40deg_angle                     
200396dc  gdoor_90deg_angle                     
200396ec  RxIrqCnt                              
200396ed  avg_buffer_cnt                        
200396ee  checkForLight_Flag                    
200396f0  g_flag_DataBlockFilled                
200396f1  g_flag_door_closing_45degree          
200396f2  g_frame_end                           
200396f3  g_ucAngle40                           
200396f4  g_ucAngle90                           
200396f5  g_ucCalibration                       
200396f6  g_ucConfig                            
200396f7  g_ucExitButton                        
200396f8  g_ucMagCalb                           
200396f9  g_ucProfileAdded                      
200396fa  g_ucPushButtonPressedTwice            
200396fb  iDone                                 
200396fc  isitfirsttime                         
200396fd  print_count                           
200396fe  valid_case                            
20039700  _sys_memory                           
ffffffff  __binit__                             
ffffffff  __c_args__                            
ffffffff  binit                                 
UNDEFED   SHT$$INIT_ARRAY$$Base                 
UNDEFED   SHT$$INIT_ARRAY$$Limit                

[868 symbols]
