******************************************************************************
                  TI ARM Linker PC v5.2.2                      
******************************************************************************
>> Linked Mon Jul 27 13:11:18 2015

OUTPUT FILE NAME:   <ULP_SEC_CAM.out>
ENTRY POINT SYMBOL: "_c_int00"  address: 2001e4c1


MEMORY CONFIGURATION

         name            origin    length      used     unused   attr    fill
----------------------  --------  ---------  --------  --------  ----  --------
  SRAM_BOOTLDR          20000000   00004000  0000293c  000016c4  RW X
  SRAM_CODE             20004000   0001e300  0001d11b  000011e5  RW X
  SRAM_DATA             20022300   0001dd00  0001c356  000019aa  RW X


SEGMENT ALLOCATION MAP

run origin  load origin   length   init length attrs members
----------  ----------- ---------- ----------- ----- -------
20000000    20000000    0000093c   00000000    rw-
  20000000    20000000    0000093c   00000000    rw- .data
20002000    20002000    00002000   00000000    rw-
  20002000    20002000    00002000   00000000    rw- .stack
20004000    20004000    0001d120   0001d120    r-x
  20004000    20004000    00000400   00000400    r-- .intvecs
  20004400    20004400    0001b76c   0001b76c    r-x .text
  2001fb6c    2001fb6c    0000107f   0000107f    r-- .const
  20020bf0    20020bf0    00000530   00000530    r-- .cinit
20022400    20022400    0001c358   00000000    rw-
  20022400    20022400    00017356   00000000    rw- .bss
  20039758    20039758    00005000   00000000    rw- .sysmem


SECTION ALLOCATION MAP

 output                                  attributes/
section   page    origin      length       input sections
--------  ----  ----------  ----------   ----------------
.data      0    20000000    0000093c     UNINITIALIZED
                  20000000    000003c9     cc3200_certificate.obj (.data:DigiCertHighAssuranceEVRootCA_der)
                  200003c9    00000001     tasks.obj (.data)
                  200003ca    00000002     --HOLE--
                  200003cc    000000f0     rtsv7M4_T_le_eabi.lib : defs.obj (.data:_ftable)
                  200004bc    000000d0                           : lowlev.obj (.data)
                  2000058c    000000b0                           : signal.obj (.data:sigtable)
                  2000063c    00000004     cc3200_certificate.obj (.data)
                  20000640    00000080     rtsv7M4_T_le_eabi.lib : xvalues.obj (.data)
                  200006c0    00000068                           : xfvalues.obj (.data)
                  20000728    00000064     network_relater_fns.obj (.data:Token)
                  2000078c    00000064     network_relater_fns.obj (.data:Value)
                  200007f0    0000003c     main.obj (.data:g_token_get)
                  2000082c    00000034     free_rtos.a : tasks.obj (.data)
                  20000860    00000028     main.obj (.data)
                  20000888    00000018     cc3200_utils.obj (.data)
                  200008a0    00000018     request.obj (.data)
                  200008b8    00000010     rtsv7M4_T_le_eabi.lib : defs.obj (.data)
                  200008c8    0000000c     free_rtos.a : osi_freertos.obj (.data)
                  200008d4    0000000c     rtsv7M4_T_le_eabi.lib : memory.obj (.data)
                  200008e0    00000009     simplelink.a : cc_pal.obj (.data)
                  200008e9    00000003     --HOLE--
                  200008ec    00000009                  : driver.obj (.data)
                  200008f5    00000003     --HOLE--
                  200008f8    00000008     camera_app.obj (.data)
                  20000900    00000008     rtsv7M4_T_le_eabi.lib : _lock.obj (.data)
                  20000908    00000008                           : exit.obj (.data)
                  20000910    00000008                           : feraiseexcept.obj (.data)
                  20000918    00000006     http.obj (.data)
                  2000091e    00000002     --HOLE--
                  20000920    00000004     free_rtos.a : port.obj (.data)
                  20000924    00000004     middleware.a : rtc_hal.obj (.data)
                  20000928    00000004     ota.a : OtaHttp.obj (.data)
                  2000092c    00000004     rtsv7M4_T_le_eabi.lib : errno.obj (.data)
                  20000930    00000004                           : fopen.obj (.data)
                  20000934    00000004                           : rand.obj (.data)
                  20000938    00000004                           : stkdepth_vars.obj (.data)

.TI.persistent 
*          0    20000000    00000000     UNINITIALIZED

.stack     0    20002000    00002000     UNINITIALIZED
                  20002000    00002000     --HOLE--

.intvecs   0    20004000    00000400     
                  20004000    00000400     startup_ccs.obj (.intvecs)

.text      0    20004400    0001b76c     
                  20004400    00001258     free_rtos.a : tasks.obj (.text)
                  20005658    000010a6     rtsv7M4_T_le_eabi.lib : _printfi.obj (.text)
                  200066fe    00000002     startup_ccs.obj (.text:BusFaultHandler)
                  20006700    00000b24     free_rtos.a : queue.obj (.text)
                  20007224    00000a08     magnetic.obj (.text:fUpdateCalibration10EIG)
                  20007c2c    00000788     magnetic.obj (.text:fUpdateCalibration4INV)
                  200083b4    00000694     magnetic.obj (.text:fUpdateCalibration7EIG)
                  20008a48    00000688     matrix.obj (.text:eigencompute)
                  200090d0    00000610     ota.a : OtaHttp.obj (.text)
                  200096e0    000005ec     simplelink.a : driver.obj (.text:_SlDrvMsgRead)
                  20009ccc    00000584     magnetic.obj (.text:iUpdateMagnetometerBuffer)
                  2000a250    00000570     application_fn.obj (.text:application_fn)
                  2000a7c0    000004dc     network_relater_fns.obj (.text:SimpleLinkHttpServerCallback)
                  2000ac9c    000004be     cc3200_utils.obj (.text:createNewInstallationId)
                  2000b15a    00000002     driverlib.a : interrupt.obj (.text:IntDefaultHandler)
                  2000b15c    0000045c     free_rtos.a : osi_freertos.obj (.text)
                  2000b5b8    0000044c     request.obj (.text:buildRequestHeaders)
                  2000ba04    00000424     ota.a : OtaClient.obj (.text)
                  2000be28    0000040c           : OtaApp.obj (.text)
                  2000c234    000003dc     rtsv7M4_T_le_eabi.lib : memory.obj (.text)
                  2000c610    000003b8     matrix.obj (.text:fmatrixAeqInvA)
                  2000c9c8    0000039c     network_relater_fns.obj (.text:SimpleLinkWlanEventHandler)
                  2000cd64    00000378     rtsv7M4_T_le_eabi.lib : powf.obj (.text)
                  2000d0dc    0000035c     ota.a : CdnClient.obj (.text)
                  2000d438    00000354     orientation.obj (.text:feCompassAndroid)
                  2000d78c    00000354     orientation.obj (.text:feCompassWin8)
                  2000dae0    00000350     orientation.obj (.text:feCompassNED)
                  2000de30    00000338     ota.a : LogClient.obj (.text)
                  2000e168    00000324     tasks.obj (.text:MagCal_Run)
                  2000e48c    0000030c     rtsv7M4_T_le_eabi.lib : lowlev.obj (.text)
                  2000e798    000002ec     network_relater_fns.obj (.text:ConfigureSimpleLinkToDefaultState)
                  2000ea84    000002d4     rtsv7M4_T_le_eabi.lib : trgdrv.obj (.text)
                  2000ed58    000002ac     user_configure_fn.obj (.text:WiFiProvisioning)
                  2000f004    00000298     rtsv7M4_T_le_eabi.lib : vla_alloc.obj (.text)
                  2000f29c    00000294     mt9d111.obj (.text:RegLstWrite)
                  2000f530    00000284     camera_app.obj (.text:CaptureImage)
                  2000f7b4    0000026e     simplejson.obj (.text:simpleJsonProcessor)
                  2000fa22    00000002     startup_ccs.obj (.text:IntDefaultHandler)
                  2000fa24    00000260     door_position_detection_algorithm.obj (.text:check_doorpos)
                  2000fc84    0000025c     parse_uploads.obj (.text:ConstructGroundDataObject)
                  2000fee0    0000025c     lightSens_isl29035.obj (.text:configureISL29035)
                  2001013c    00000250     user_configure_fn.obj (.text:User_Configure)
                  2001038c    00000248     simplelink.a : driver.obj (.text:_SlDrvRxHdrRead)
                  200105d4    00000248     main_FXOS8700.obj (.text:angleCheck_Initializations)
                  2001081c    00000244     simplelink.a : wlan.obj (.text:sl_WlanConnect)
                  20010a60    00000220     rtsv7M4_T_le_eabi.lib : ll_div_t2.obj (.text)
                  20010c80    00000218     request.obj (.text:payloadSend)
                  20010e98    0000020c     ota.obj (.text:OTA_Run)
                  200110a4    000001f4     rtsv7M4_T_le_eabi.lib : ull_div_t2.obj (.text)
                  20011298    000001f0     user_configure_fn.obj (.text:Get_Calibration_MagSensor)
                  20011488    000001d0     simplelink.a : driver.obj (.text:_SlDrvReleasePoolObj)
                  20011658    000001cc                  : driver.obj (.text:_SlDrvMsgWrite)
                  20011824    000001c4     tasks.obj (.text:RdSensData_Run)
                  200119e8    000001c4     rtsv7M4_T_le_eabi.lib : fopen.obj (.text)
                  20011bac    000001c0     magnetic.obj (.text:fInvertMagCal)
                  20011d6c    000001bc     rtsv7M4_T_le_eabi.lib : xflog.obj (.text)
                  20011f28    000001b6                           : fd_add_t2.obj (.text)
                  200120de    00000002     startup_ccs.obj (.text:NmiSR)
                  200120e0    000001b0     Task_UserConfig.obj (.text:UserConfigure_Task)
                  20012290    000001ac     parse_uploads.obj (.text:ConstructDeviceStateObject)
                  2001243c    000001a4     orientation.obj (.text:fQuaternionFromRotationMatrix)
                  200125e0    000001a4     cc3200_socket.obj (.text:socketSslConnect)
                  20012784    000001a0     camera_app.obj (.text:CameraIntHandler)
                  20012924    0000019c     rtsv7M4_T_le_eabi.lib : xfsin.obj (.text)
                  20012ac0    00000190     simplelink.a : driver.obj (.text:_SlDrvWaitForPoolObj)
                  20012c50    0000018c     user_configure_fn.obj (.text:AccessPtMode_HTTPServer_Start)
                  20012ddc    0000018c     request.obj (.text:sendRequest)
                  20012f68    00000188     matrix.obj (.text:f3x3matrixAeqInvSymB)
                  200130f0    00000184     flc.a : flc.obj (.text)
                  20013274    00000180     orientation.obj (.text:fWin8AnglesDegFromRotationMatrix)
                  200133f4    0000017c     main.obj (.text:main)
                  20013570    00000178     rtsv7M4_T_le_eabi.lib : tanf.obj (.text)
                  200136e8    00000178                           : xfexp.obj (.text)
                  20013860    00000174     simplelink.a : driver.obj (.text:_SlDrvDriverCBInit)
                  200139d4    00000174     magnetic.obj (.text:fInitMagCalibration)
                  20013b48    00000174     network_relater_fns.obj (.text:initNetwork)
                  20013cbc    00000170     network_relater_fns.obj (.text:SimpleLinkNetAppEventHandler)
                  20013e2c    00000170     simplelink.a : driver.obj (.text:_SlFindAndSetActiveObj)
                  20013f9c    00000168     ota.obj (.text:OTAServerInfoSet)
                  20014104    00000165     network_relater_fns.obj (.text:SimpleLinkSockEventHandler)
                  20014269    00000001     --HOLE-- [fill = 0]
                  2001426a    00000002     main.obj (.text:vApplicationIdleHook)
                  2001426c    00000164     network_relater_fns.obj (.text:WiFi_Connect)
                  200143d0    00000164     tempRHSens_si7020.obj (.text:getTempRH)
                  20014534    00000160     tasks.obj (.text:Fusion_Run)
                  20014694    0000015c     hibernate_related_fns.obj (.text:HIBernate)
                  200147f0    00000158     drivers.obj (.text:FXOS8700_Init)
                  20014948    00000158     orientation.obj (.text:qAeqAxB)
                  20014aa0    00000158     orientation.obj (.text:qconjgAxB)
                  20014bf8    00000154     user_configure_fn.obj (.text:CollectAngle)
                  20014d4c    00000150     simplelink.a : cc_pal.obj (.text:spi_Open)
                  20014e9c    00000144     fusion.obj (.text:fRun_6DOF_GB_BASIC)
                  20014fe0    0000013c     rtsv7M4_T_le_eabi.lib : fmodf.obj (.text)
                  2001511c    0000013c     simplelink.a : socket.obj (.text:sl_Select)
                  20015258    00000138     i2cconfig.obj (.text:I2CBufferRead)
                  20015390    00000138     mt9d111.obj (.text:Register_Read)
                  200154c8    00000138     orientation.obj (.text:fLPFOrientationQuaternion)
                  20015600    00000138     orientation.obj (.text:fRotationMatrixFromQuaternion)
                  20015738    00000138     i2c_app.obj (.text:i2cWriteRegisters)
                  20015870    00000136     rtsv7M4_T_le_eabi.lib : fd_div_t2.obj (.text)
                  200159a6    00000002     --HOLE-- [fill = 0]
                  200159a8    00000134     driverlib.a : prcm.obj (.text:PRCMCC3200MCUInit)
                  20015adc    00000134     rtsv7M4_T_le_eabi.lib : fputs.obj (.text)
                  20015c10    00000130     i2cconfig.obj (.text:I2CBufferWrite)
                  20015d40    0000012a     free_rtos.a : list.obj (.text)
                  20015e6a    00000002     --HOLE-- [fill = 0]
                  20015e6c    00000128     mt9d111.obj (.text:Read_AllRegisters)
                  20015f94    00000128     simplelink.a : driver.obj (.text:_SlDrvDataReadOp)
                  200160bc    00000116     drivers.obj (.text:FXOS8700_ReadData)
                  200161d2    00000002     --HOLE-- [fill = 0]
                  200161d4    00000110     free_rtos.a : port.obj (.text)
                  200162e4    00000110     rtsv7M4_T_le_eabi.lib : xdscale.obj (.text)
                  200163f4    00000110     lightSens_isl29035.obj (.text:verifyISL29035)
                  20016504    00000110     tempRHSens_si7020.obj (.text:verifyTempRHSensor)
                  20016614    0000010c     flash_files.obj (.text:WriteFile_ToFlash)
                  20016720    00000108     middleware.a : rtc_hal.obj (.text:rtc_fast_domain_counter_rd)
                  20016828    00000108     simplelink.a : socket.obj (.text:sl_Connect)
                  20016930    00000108                  : socket.obj (.text:sl_Send)
                  20016a38    00000104     dbgFns.obj (.text:Check_I2CDevices)
                  20016b3c    00000104     simplelink.a : driver.obj (.text:_SlDrvDataWriteOp)
                  20016c40    00000104     i2c_app.obj (.text:i2cReadRegistersTwoBytes)
                  20016d44    00000104     simplelink.a : netapp.obj (.text:sl_NetAppDnsGetHostByName)
                  20016e48    00000100     i2c_app.obj (.text:i2cReadRegisters)
                  20016f48    00000100     cc3200_client_state.obj (.text:loadClientState)
                  20017048    000000fe     simplelink.a : netapp.obj (.text:_SlDrvNetAppEventHandler)
                  20017146    00000002     --HOLE-- [fill = 0]
                  20017148    000000fc     pinmux.obj (.text:PinMuxConfig)
                  20017244    000000fc     orientation.obj (.text:fqAeqNormqA)
                  20017340    000000fc     rtsv7M4_T_le_eabi.lib : fd_mul_t2.obj (.text)
                  2001743c    000000fa                           : fs_add_t2.obj (.text)
                  20017536    00000002     --HOLE-- [fill = 0]
                  20017538    000000f8     cc3200_certificate.obj (.text:ensureCertificateFile)
                  20017630    000000f8     orientation.obj (.text:fAndroidAnglesDegFromRotationMatrix)
                  20017728    000000f8     orientation.obj (.text:fNEDAnglesDegFromRotationMatrix)
                  20017820    000000f7     parse_uploads.obj (.text:Get_FridgeCamID)
                  20017917    00000001     --HOLE-- [fill = 0]
                  20017918    000000f4     simplelink.a : driver.obj (.text:_SlDrvDriverCBDeinit)
                  20017a0c    000000f4     installation.obj (.text:getInstallation)
                  20017b00    000000f4     app_common.obj (.text:intToASCII)
                  20017bf4    000000f4     simplelink.a : fs.obj (.text:sl_FsRead)
                  20017ce8    000000f4     accelomtrMagntomtr_fxos8700.obj (.text:verifyAccelMagnSensor)
                  20017ddc    000000f2     cc3200_socket.obj (.text:socketRead)
                  20017ece    00000002     --HOLE-- [fill = 0]
                  20017ed0    000000f0     camera_app.obj (.text:DMAConfig)
                  20017fc0    000000f0     driverlib.a : udma.obj (.text:uDMAChannelTransferSet)
                  200180b0    000000ec     orientation.obj (.text:fRotationVectorDegFromQuaternion)
                  2001819c    000000ec     simplelink.a : fs.obj (.text:sl_FsWrite)
                  20018288    000000e8     appFns_BatteryLevelSense.obj (.text:Get_BatteryPercent)
                  20018370    000000e8     Task_Main.obj (.text:Main_Task_withHibernate)
                  20018458    000000e0     flash_files.obj (.text:ReadFile_FromFlash)
                  20018538    000000e0     camera_app.obj (.text:Start_CameraCapture)
                  20018618    000000dc     ota.obj (.text:OTA_CommitImage)
                  200186f4    000000dc     rtsv7M4_T_le_eabi.lib : setvbuf.obj (.text)
                  200187d0    000000dc     simplelink.a : cc_pal.obj (.text:spi_Read)
                  200188ac    000000d8     parse_uploads.obj (.text:UploadImageToParse)
                  20018984    000000d8     simplelink.a : driver.obj (.text:_SlDrvClassifyRxMsg)
                  20018a5c    000000d8     rtsv7M4_T_le_eabi.lib : xfatan.obj (.text)
                  20018b34    000000d4     parse_uploads.obj (.text:UploadGroundDataObjectToParse)
                  20018c08    000000d4     simplelink.a : device.obj (.text:sl_Stop)
                  20018cdc    000000d0     parse_uploads.obj (.text:UploadSensorDataToParse)
                  20018dac    000000d0     rtsv7M4_T_le_eabi.lib : xfdscale.obj (.text)
                  20018e7c    000000cc     approximations.obj (.text:fatan_deg)
                  20018f48    000000cc     rtsv7M4_T_le_eabi.lib : sqrtf.obj (.text)
                  20019014    000000c8     mt9d111.obj (.text:EnterStandby_mt9d111)
                  200190dc    000000c8     simplelink.a : netapp.obj (.text:_sl_HandleAsync_DnsGetHostByService)
                  200191a4    000000c8     rtsv7M4_T_le_eabi.lib : fflush.obj (.text)
                  2001926c    000000c4     mt9d111.obj (.text:ExitStandby_mt9d111)
                  20019330    000000c4     simplelink.a : driver.obj (.text:_SlRemoveFromList)
                  200193f4    000000c0     i2c_if.obj (.text:I2C_IF_Read)
                  200194b4    000000c0     user_configure_fn.obj (.text:WlanConnect)
                  20019574    000000be     rtsv7M4_T_le_eabi.lib : xdnorm.obj (.text)
                  20019632    00000002     --HOLE-- [fill = 0]
                  20019634    000000bc     i2c_if.obj (.text:I2C_IF_Write)
                  200196f0    000000bc     simplelink.a : driver.obj (.text:_SlDrvMsgReadCmdCtx)
                  200197ac    000000bc     tempRHSens_si7020.obj (.text:configureTempRHSensor)
                  20019868    000000bc     rtsv7M4_T_le_eabi.lib : acosf.obj (.text)
                  20019924    000000bc     simplelink.a : device.obj (.text:sl_Start)
                  200199e0    000000ba     free_rtos.a : portasm.obj (.text)
                  20019a9a    00000002     --HOLE-- [fill = 0]
                  20019a9c    000000b8     camera_app.obj (.text:ImagCapture_Init)
                  20019b54    000000b8     simplelink.a : driver.obj (.text:_SlAsyncEventGenericHandler)
                  20019c0c    000000b8     installation.obj (.text:createInstallation)
                  20019cc4    000000b4     simplelink.a : netapp.obj (.text:sl_NetAppMDNSRegisterUnregisterService)
                  20019d78    000000ac     mt9d111.obj (.text:Verify_ImageSensor)
                  20019e24    000000ac     rtsv7M4_T_le_eabi.lib : _io_perm.obj (.text)
                  20019ed0    000000ab     installation.obj (.text:getInstallationByIdCallback)
                  20019f7b    00000001     --HOLE-- [fill = 0]
                  20019f7c    000000aa     uartA1_if.obj (.text:Report)
                  2001a026    00000002     --HOLE-- [fill = 0]
                  2001a028    000000a8     main.obj (.text:InitializeAppVariables)
                  2001a0d0    000000a8     driverlib.a : interrupt.obj (.text:IntDisable)
                  2001a178    000000a8                 : interrupt.obj (.text:IntEnable)
                  2001a220    000000a8     simplelink.a : netcfg.obj (.text:sl_NetCfgGet)
                  2001a2c8    000000a4     app_common.obj (.text:LED_Blink)
                  2001a36c    000000a0     driverlib.a : spi.obj (.text:SPIConfigSetExpClk)
                  2001a40c    000000a0     cc3200_socket.obj (.text:socketWrite)
                  2001a4ac    0000009e     matrix.obj (.text:f3x3matrixDetA)
                  2001a54a    00000002     --HOLE-- [fill = 0]
                  2001a54c    0000009c     simplelink.a : driver.obj (.text:_SlDrvMsgReadSpawnCtx)
                  2001a5e8    0000009c     approximations.obj (.text:fatan2_deg)
                  2001a684    0000009c     rtsv7M4_T_le_eabi.lib : memcpy_t2.obj (.text)
                  2001a720    0000009c     simplelink.a : device.obj (.text:sl_DevGet)
                  2001a7bc    00000098     camera_app.obj (.text:Config_CameraCapture)
                  2001a854    00000098     simplelink.a : fs.obj (.text:_sl_GetCreateFsMode)
                  2001a8ec    00000098     rtsv7M4_T_le_eabi.lib : fclose.obj (.text)
                  2001a984    00000098                           : fputc.obj (.text)
                  2001aa1c    00000096     parse_uploads.obj (.text:Add_NumberField_ToJSONString)
                  2001aab2    00000002     --HOLE-- [fill = 0]
                  2001aab4    00000094     driverlib.a : prcm.obj (.text:PRCMPeripheralClockGet)
                  2001ab48    00000094     approximations.obj (.text:facos_deg)
                  2001abdc    00000094     lightSens_isl29035.obj (.text:getLightsensor_data)
                  2001ac70    00000094     rtsv7M4_T_le_eabi.lib : snprintf.obj (.text)
                  2001ad04    00000092     parse_impl.obj (.text:parseInitialize)
                  2001ad96    00000092     rtsv7M4_T_le_eabi.lib : fs_div_t2.obj (.text)
                  2001ae28    00000090     network_relater_fns.obj (.text:InitializeUserConfigVariables)
                  2001aeb8    0000008c     sendGroundData.obj (.text:SendGroundData)
                  2001af44    0000008c     simplelink.a : cc_pal.obj (.text:SetupDMAReceive)
                  2001afd0    0000008c                  : cc_pal.obj (.text:SetupDMASend)
                  2001b05c    0000008c                  : netapp.obj (.text:_sl_HandleAsync_DnsGetHostByName)
                  2001b0e8    0000008c                  : netapp.obj (.text:_sl_HandleAsync_PingResponse)
                  2001b174    0000008c     rtsv7M4_T_le_eabi.lib : xfdint.obj (.text)
                  2001b200    0000008c     simplelink.a : cc_pal.obj (.text:spi_Write)
                  2001b28c    00000088     driverlib.a : prcm.obj (.text:PRCMHibernateIntervalSet)
                  2001b314    00000088                 : pin.obj (.text:PinConfigSet)
                  2001b39c    00000088     rtsv7M4_T_le_eabi.lib : vsnprintf.obj (.text)
                  2001b424    00000088     simplelink.a : fs.obj (.text:sl_FsClose)
                  2001b4ac    00000086     rtsv7M4_T_le_eabi.lib : fd_cmp_t2.obj (.text:__aeabi_cdcmple)
                  2001b532    00000086                           : fd_cmp_t2.obj (.text:__aeabi_cdrcmple)
                  2001b5b8    00000084     timer_if.obj (.text:GetPeripheralIntNum)
                  2001b63c    00000084     driverlib.a : i2c.obj (.text:I2CMasterInitExpClk)
                  2001b6c0    00000084     simplelink.a : cc_pal.obj (.text:NwpPowerOnPreamble)
                  2001b744    00000084     matrix.obj (.text:f3x3matrixAeqI)
                  2001b7c8    00000084     fusion.obj (.text:fInit_6DOF_GB_BASIC)
                  2001b84c    00000080     simplelink.a : driver.obj (.text:_SlDrvCmdOp)
                  2001b8cc    00000080                  : cc_pal.obj (.text:spi_Read_CPU)
                  2001b94c    00000080                  : cc_pal.obj (.text:spi_Write_CPU)
                  2001b9cc    0000007c     network_relater_fns.obj (.text:ConfigureMode)
                  2001ba48    0000007c     driverlib.a : prcm.obj (.text:PRCMRTCGet)
                  2001bac4    0000007c     simplelink.a : device.obj (.text:_sl_HandleAsync_InitComplete)
                  2001bb40    0000007c     matrix.obj (.text:fmatrixAeqI)
                  2001bbbc    0000007c     simplelink.a : fs.obj (.text:sl_FsGetInfo)
                  2001bc38    0000007a     rtsv7M4_T_le_eabi.lib : fs_mul_t2.obj (.text)
                  2001bcb2    0000007a                           : memset_t2.obj (.text)
                  2001bd2c    0000007a                           : xfdnorm.obj (.text)
                  2001bda6    00000002     --HOLE-- [fill = 0]
                  2001bda8    00000078     i2c_if.obj (.text:I2CTransact)
                  2001be20    00000078     parse_uploads.obj (.text:InitialiseParse)
                  2001be98    00000078     camera_app.obj (.text:Standby_ImageSensor)
                  2001bf10    00000078     simplelink.a : socket.obj (.text:_sl_HandleAsync_Connect)
                  2001bf88    00000078                  : fs.obj (.text:sl_FsOpen)
                  2001c000    00000078                  : cc_pal.obj (.text:spi_Close)
                  2001c078    00000076     driverlib.a : uart.obj (.text:UARTConfigSetExpClk)
                  2001c0ee    00000002     --HOLE-- [fill = 0]
                  2001c0f0    00000074     camera_app.obj (.text:Wakeup_ImageSensor)
                  2001c164    00000074     middleware.a : rtc_hal.obj (.text:rtc_value_rd)
                  2001c1d8    00000074     simplelink.a : socket.obj (.text:sl_Recv)
                  2001c24c    00000073     installation.obj (.text:getInstallationCallback)
                  2001c2bf    00000001     --HOLE-- [fill = 0]
                  2001c2c0    00000072     timer_if.obj (.text:Timer_IF_IntSetup)
                  2001c332    00000002     --HOLE-- [fill = 0]
                  2001c334    00000070     batteryVoltLvlSens_adc081c021.obj (.text:Get_BatteryVoltageLevel_ADC081C021)
                  2001c3a4    00000070     timer_fns.obj (.text:get_timeDuration)
                  2001c414    0000006c     camera_app.obj (.text:CamControllerInit)
                  2001c480    0000006c     udma_if.obj (.text:UDMAInit)
                  2001c4ec    0000006c     simplelink.a : driver.obj (.text:_SlDrvCmdSend)
                  2001c558    0000006c     matrix.obj (.text:f3x3matrixAeqMinusA)
                  2001c5c4    0000006c     request.obj (.text:parseSendRequestInternal)
                  2001c630    0000006c     rtsv7M4_T_le_eabi.lib : autoinit.obj (.text)
                  2001c69c    0000006c                           : fprintf.obj (.text)
                  2001c708    0000006c                           : fs_toll_t2.obj (.text)
                  2001c774    0000006a     matrix.obj (.text:f3x3matrixAeqAxScalar)
                  2001c7de    0000006a     rtsv7M4_T_le_eabi.lib : copy_decompress_rle.obj (.text)
                  2001c848    00000069     http.obj (.text:beginHttpGetRequest)
                  2001c8b1    00000003     --HOLE-- [fill = 0]
                  2001c8b4    00000068     Task_ImageCaptureConfigs.obj (.text:ImageSensor_CaptureConfigs_Task)
                  2001c91c    00000068     driverlib.a : prcm.obj (.text:PRCMHibernateWakeUpGPIOSelect)
                  2001c984    00000068     mt9d111.obj (.text:StartSensorInJpegMode)
                  2001c9ec    00000068     simplelink.a : netapp.obj (.text:_sl_NetAppSendTokenValue)
                  2001ca54    00000068     cc3200_utils.obj (.text:fetchDeviceOSVersion)
                  2001cabc    00000068     rtsv7M4_T_le_eabi.lib : trgmsg.obj (.text)
                  2001cb24    00000068     simplelink.a : device.obj (.text:sl_DevSet)
                  2001cb8c    00000068                  : netcfg.obj (.text:sl_NetCfgSet)
                  2001cbf4    00000068                  : socket.obj (.text:sl_SetSockOpt)
                  2001cc5c    00000068                  : wlan.obj (.text:sl_WlanSet)
                  2001ccc4    00000066     matrix.obj (.text:f3x3matrixAeqScalar)
                  2001cd2a    00000066     rtsv7M4_T_le_eabi.lib : xdunscal.obj (.text)
                  2001cd90    00000064     mt9d111.obj (.text:CCMRegs_Read)
                  2001cdf4    00000064     rtsv7M4_T_le_eabi.lib : fseek.obj (.text)
                  2001ce58    00000064     cc3200_socket.obj (.text:socketWait)
                  2001cebc    00000064     tempRHSens_si7020.obj (.text:softResetTempRHSensor)
                  2001cf20    00000064     driverlib.a : udma.obj (.text:uDMAChannelAttributeDisable)
                  2001cf84    00000064                 : udma.obj (.text:uDMAChannelAttributeEnable)
                  2001cfe8    00000060     rtsv7M4_T_le_eabi.lib : fs_cmp_t2.obj (.text:__aeabi_cfcmple)
                  2001d048    00000060                           : fs_cmp_t2.obj (.text:__aeabi_cfrcmple)
                  2001d0a8    00000060     simplelink.a : socket.obj (.text:_sl_HandleAsync_Accept)
                  2001d108    00000060     main_FXOS8700.obj (.text:fxosDefault_Initializations)
                  2001d168    00000060     lightSens_isl29035.obj (.text:getLightsensor_intrptStatus)
                  2001d1c8    00000060     accelomtrMagntomtr_fxos8700.obj (.text:getMagntData)
                  2001d228    00000060     rtsv7M4_T_le_eabi.lib : sprintf.obj (.text)
                  2001d288    00000060     simplelink.a : wlan.obj (.text:sl_WlanPolicySet)
                  2001d2e8    00000060     accelomtrMagntomtr_fxos8700.obj (.text:standby_accelMagn_fxos8700)
                  2001d348    0000005c     ota.obj (.text:OTA_Init)
                  2001d3a4    0000005c     mt9d111.obj (.text:PCLK_Rate_read)
                  2001d400    0000005c     simplelink.a : socket.obj (.text:sl_Socket)
                  2001d45c    00000058     driverlib.a : interrupt.obj (.text:IntPendClear)
                  2001d4b4    00000058                 : prcm.obj (.text:PRCMPeripheralReset)
                  2001d50c    00000056     rtsv7M4_T_le_eabi.lib : ltoa.obj (.text)
                  2001d562    00000056                           : xfdunsca.obj (.text)
                  2001d5b8    00000054     driverlib.a : interrupt.obj (.text:IntPrioritySet)
                  2001d60c    00000054     simplelink.a : socket.obj (.text:_sl_HandleAsync_Select)
                  2001d660    00000054     approximations.obj (.text:fasin_deg)
                  2001d6b4    00000054     request.obj (.text:headerSend)
                  2001d708    00000054     simplelink.a : wlan.obj (.text:sl_WlanRxFilterSet)
                  2001d75c    00000051     installation.obj (.text:createInstallationCallback)
                  2001d7ad    00000003     --HOLE-- [fill = 0]
                  2001d7b0    00000050     i2c_if.obj (.text:I2C_IF_Open)
                  2001d800    00000050     driverlib.a : prcm.obj (.text:PRCMSlowClkCtrGet)
                  2001d850    00000050     simplelink.a : device.obj (.text:_sl_HandleAsync_Stop)
                  2001d8a0    00000050     mt9d111.obj (.text:disableAE)
                  2001d8f0    00000050     mt9d111.obj (.text:disableAWB)
                  2001d940    00000050     rtsv7M4_T_le_eabi.lib : fs_toull_t2.obj (.text)
                  2001d990    00000050     simplelink.a : fs.obj (.text:sl_FsDel)
                  2001d9e0    0000004c     tasks.obj (.text:RdSensData_Init)
                  2001da2c    0000004c     driverlib.a : spi.obj (.text:SPIIntEnable)
                  2001da78    0000004c     simplelink.a : driver.obj (.text:_SlDrvProtectAsyncRespSetting)
                  2001dac4    0000004c                  : driver.obj (.text:_SlDrvRxIrqHandler)
                  2001db10    0000004c                  : socket.obj (.text:_sl_BuildAddress)
                  2001db5c    0000004c     rtsv7M4_T_le_eabi.lib : atoi.obj (.text)
                  2001dba8    0000004c                           : atol.obj (.text)
                  2001dbf4    0000004c                           : cpy_tbl.obj (.text)
                  2001dc40    0000004c                           : rand.obj (.text)
                  2001dc8c    0000004c     driverlib.a : udma.obj (.text:uDMAChannelAssign)
                  2001dcd8    0000004c     middleware.a : util64.obj (.text:util_u32_nsec_add)
                  2001dd24    0000004a     rtsv7M4_T_le_eabi.lib : fd_tos_t2.obj (.text)
                  2001dd6e    00000002     --HOLE-- [fill = 0]
                  2001dd70    00000048     driverlib.a : prcm.obj (.text:PRCMHibernateWakeupSourceDisable)
                  2001ddb8    00000048                 : prcm.obj (.text:PRCMHibernateWakeupSourceEnable)
                  2001de00    00000048                 : spi.obj (.text:SPIIntClear)
                  2001de48    00000048     mt9d111.obj (.text:Variable_Read)
                  2001de90    00000048     simplelink.a : driver.obj (.text:_SlDrvBasicCmd)
                  2001ded8    00000048     http.obj (.text:addHttpRequestLine)
                  2001df20    00000048     approximations.obj (.text:fatan_15deg)
                  2001df68    00000048     rtsv7M4_T_le_eabi.lib : fd_toi_t2.obj (.text)
                  2001dfb0    00000046                           : ldexp.obj (.text)
                  2001dff6    00000002     --HOLE-- [fill = 0]
                  2001dff8    00000044     driverlib.a : spi.obj (.text:SPIDmaMaskGet)
                  2001e03c    00000044                 : timer.obj (.text:TimerConfigure)
                  2001e080    00000044     udma_if.obj (.text:UDMASetupTransfer)
                  2001e0c4    00000044     simplelink.a : cc_pal.obj (.text:cc_SetupTransfer)
                  2001e108    00000044     main_FXOS8700.obj (.text:fxos_Calibration)
                  2001e14c    00000044     rtsv7M4_T_le_eabi.lib : exit.obj (.text)
                  2001e190    00000044                           : fd_tou_t2.obj (.text)
                  2001e1d4    00000042     simplelink.a : socket.obj (.text:sl_Htonl)
                  2001e216    00000002     --HOLE-- [fill = 0]
                  2001e218    00000040     driverlib.a : pin.obj (.text:PinModeSet)
                  2001e258    00000040     http.obj (.text:getHttpResponseBody)
                  2001e298    00000040     rtsv7M4_T_le_eabi.lib : signal.obj (.text)
                  2001e2d8    00000040     timer_fns.obj (.text:start_1Sec_TimeoutTimer)
                  2001e318    0000003e     appFns_LightSensor.obj (.text:IsLightOff)
                  2001e356    0000003e     rtsv7M4_T_le_eabi.lib : strncasecmp.obj (.text)
                  2001e394    0000003c     simplelink.a : netapp.obj (.text:CopyPingResultsToReport)
                  2001e3d0    0000003c     tasks.obj (.text:Fusion_Init)
                  2001e40c    0000003c     driverlib.a : prcm.obj (.text:PRCMPeripheralClkEnable)
                  2001e448    0000003c                 : prcm.obj (.text:PRCMSlowClkCtrFastGet)
                  2001e484    0000003c     simplelink.a : socket.obj (.text:_sl_TruncatePayloadByProtocol)
                  2001e4c0    0000003c     rtsv7M4_T_le_eabi.lib : boot.obj (.text)
                  2001e4fc    0000003c     simplelink.a : socket.obj (.text:sl_Htons)
                  2001e538    0000003c     timer_fns.obj (.text:start_100mSecTimer)
                  2001e574    0000003c     driverlib.a : udma.obj (.text:uDMAChannelControlSet)
                  2001e5b0    0000003a                 : camera.obj (.text:CameraCaptureStop)
                  2001e5ea    0000003a                 : camera.obj (.text:CameraXClkConfig)
                  2001e624    0000003a     orientation.obj (.text:fLPFScalar)
                  2001e65e    0000003a     request.obj (.text:parseSendRequest)
                  2001e698    00000039     http.obj (.text:addHttpRequestHeader)
                  2001e6d1    00000003     --HOLE-- [fill = 0]
                  2001e6d4    00000038     simplelink.a : cc_pal.obj (.text:NwpPowerOff)
                  2001e70c    00000038     free_rtos.a : heap_3.obj (.text)
                  2001e744    00000038     rtsv7M4_T_le_eabi.lib : fs_tod_t2.obj (.text)
                  2001e77c    00000038                           : fs_toi_t2.obj (.text)
                  2001e7b4    00000038                           : i_tofs_t2.obj (.text)
                  2001e7ec    00000037     ota.obj (.text:OTA_Update)
                  2001e823    00000001     --HOLE-- [fill = 0]
                  2001e824    00000036     driverlib.a : gpio.obj (.text:GPIODirModeSet)
                  2001e85a    00000036     simplelink.a : netapp.obj (.text:sl_NetAppMDNSUnRegisterService)
                  2001e890    00000035     http.obj (.text:beginHttpRequest)
                  2001e8c5    00000001     --HOLE-- [fill = 0]
                  2001e8c6    00000034     driverlib.a : camera.obj (.text:CameraParamsConfig)
                  2001e8fa    00000002     --HOLE-- [fill = 0]
                  2001e8fc    00000034                 : prcm.obj (.text:PRCMPeripheralStatusGet)
                  2001e930    00000034                 : spi.obj (.text:SPIFIFOLevelSet)
                  2001e964    00000034     http.obj (.text:getHttpResponseStatus)
                  2001e998    00000034     main_FXOS8700.obj (.text:get_angle)
                  2001e9cc    00000034     rtsv7M4_T_le_eabi.lib : feraiseexcept.obj (.text)
                  2001ea00    00000034                           : fs_tou_t2.obj (.text)
                  2001ea34    00000034                           : strstr.obj (.text)
                  2001ea68    00000032     timer_if.obj (.text:Timer_IF_Init)
                  2001ea9a    00000002     --HOLE-- [fill = 0]
                  2001ea9c    00000030     main.obj (.text:BoardInit)
                  2001eacc    00000030     driverlib.a : pin.obj (.text:PinTypeGPIO)
                  2001eafc    00000030                 : uart.obj (.text:UARTDisable)
                  2001eb2c    00000030     simplelink.a : device.obj (.text:_SlDrvDeviceEventHandler)
                  2001eb5c    00000030                  : fs.obj (.text:_sl_Strlen)
                  2001eb8c    00000030     middleware.a : rtc_hal.obj (.text:hw_access_time_addup)
                  2001ebbc    00000030     rtsv7M4_T_le_eabi.lib : strncpy.obj (.text)
                  2001ebec    00000030                           : xferaise.obj (.text)
                  2001ec1c    00000030     simplelink.a : socket.obj (.text:sl_Close)
                  2001ec4c    00000030                  : wlan.obj (.text:sl_WlanProfileDel)
                  2001ec7c    00000030                  : wlan.obj (.text:sl_WlanSetMode)
                  2001ecac    0000002e     rtsv7M4_T_le_eabi.lib : i_tofd_t2.obj (.text)
                  2001ecda    0000002e                           : raise.obj (.text)
                  2001ed08    0000002d     http.obj (.text:addHttpRequestHeaderInt)
                  2001ed35    00000003     --HOLE-- [fill = 0]
                  2001ed38    0000002c     tasks.obj (.text:ApplyMagHAL)
                  2001ed64    0000002c     driverlib.a : camera.obj (.text:CameraIntEnable)
                  2001ed90    0000002c     simplelink.a : cc_pal.obj (.text:DmaSpiSwIntHandler)
                  2001edbc    0000002c     driverlib.a : i2c.obj (.text:I2CMasterErr)
                  2001ede8    0000002c     timer_fns.obj (.text:IntHandler_1Sec_TimeoutTimer)
                  2001ee14    0000002c     driverlib.a : prcm.obj (.text:PRCMSysResetCauseGet)
                  2001ee40    0000002c     mt9d111.obj (.text:SoftReset_ImageSensor)
                  2001ee6c    0000002c     cc3200_utils.obj (.text:getDeviceTimeDate)
                  2001ee98    0000002c     request.obj (.text:setDataBufferPointer)
                  2001eec4    0000002a     driverlib.a : timer.obj (.text:TimerLoadSet)
                  2001eeee    0000002a                 : timer.obj (.text:TimerPrescaleSet)
                  2001ef18    0000002a     rtsv7M4_T_le_eabi.lib : xdclass.obj (.text)
                  2001ef42    0000002a     middleware.a : util64.obj (.text:util_u64_time_add)
                  2001ef6c    00000028     driverlib.a : camera.obj (.text:CameraIntStatus)
                  2001ef94    00000028     uartA1_if.obj (.text:InitTerm)
                  2001efbc    00000028     driverlib.a : prcm.obj (.text:IsRTCUsed)
                  2001efe4    00000028     uartA1_if.obj (.text:Message)
                  2001f00c    00000028     driverlib.a : prcm.obj (.text:PRCMPeripheralClkDisable)
                  2001f034    00000028     rtsv7M4_T_le_eabi.lib : strncat.obj (.text)
                  2001f05c    00000028     simplelink.a : netapp.obj (.text:sl_NetAppStart)
                  2001f084    00000028                  : netapp.obj (.text:sl_NetAppStop)
                  2001f0ac    00000026     driverlib.a : camera.obj (.text:CameraThresholdSet)
                  2001f0d2    00000026     simplelink.a : cc_pal.obj (.text:NwpRegisterInterruptHandler)
                  2001f0f8    00000026     rtsv7M4_T_le_eabi.lib : strncmp.obj (.text)
                  2001f11e    00000002     --HOLE-- [fill = 0]
                  2001f120    00000024     driverlib.a : camera.obj (.text:CameraIntClear)
                  2001f144    00000024     timer_fns.obj (.text:IntHandler_100mSecTimer)
                  2001f168    00000024     driverlib.a : interrupt.obj (.text:IntUnregister)
                  2001f18c    00000024                 : prcm.obj (.text:RTCU16MSecRegRead)
                  2001f1b0    00000024     timer_if.obj (.text:Timer_IF_Start)
                  2001f1d4    00000024     driverlib.a : uart.obj (.text:UARTEnable)
                  2001f1f8    00000024     mt9d111.obj (.text:WriteAllAEnAWBRegs)
                  2001f21c    00000024     simplelink.a : driver.obj (.text:_SlDrvProtectionObjLockWaitForever)
                  2001f240    00000024     rtsv7M4_T_le_eabi.lib : u_tofs_t2.obj (.text)
                  2001f264    00000022     driverlib.a : camera.obj (.text:CameraCaptureStart)
                  2001f286    00000022                 : i2c.obj (.text:I2CMasterSlaveAddrSet)
                  2001f2a8    00000022     simplelink.a : socket.obj (.text:SL_FD_SET)
                  2001f2ca    00000022     driverlib.a : spi.obj (.text:SPIReset)
                  2001f2ec    00000022                 : spi.obj (.text:SPIWordCountSet)
                  2001f30e    00000022     rtsv7M4_T_le_eabi.lib : frexp.obj (.text)
                  2001f330    00000022                           : memcmp.obj (.text)
                  2001f352    00000020     driverlib.a : gpio.obj (.text:GPIOPinWrite)
                  2001f372    00000002     --HOLE-- [fill = 0]
                  2001f374    00000020                 : interrupt.obj (.text:IntRegister)
                  2001f394    00000020     simplelink.a : cc_pal.obj (.text:NwpPowerOn)
                  2001f3b4    00000020     mt9d111.obj (.text:Refresh_mt9d111Firmware)
                  2001f3d4    00000020     simplelink.a : driver.obj (.text:_SlDrvProtectionObjUnLock)
                  2001f3f4    00000020     rtsv7M4_T_le_eabi.lib : memchr.obj (.text)
                  2001f414    00000020                           : u_tofd_t2.obj (.text)
                  2001f434    0000001e     driverlib.a : i2c.obj (.text:I2CMasterIntStatusEx)
                  2001f452    0000001e                 : timer.obj (.text:TimerDisable)
                  2001f470    0000001e                 : timer.obj (.text:TimerEnable)
                  2001f48e    0000001e                 : timer.obj (.text:TimerIntStatus)
                  2001f4ac    0000001e                 : uart.obj (.text:UARTCharPut)
                  2001f4ca    0000001e     simplelink.a : cc_pal.obj (.text:cc_UDMAChannelSelect)
                  2001f4e8    0000001e     rtsv7M4_T_le_eabi.lib : strcat.obj (.text)
                  2001f506    00000002     --HOLE-- [fill = 0]
                  2001f508    0000001c     tasks.obj (.text:ApplyAccelHAL)
                  2001f524    0000001c     mt9d111.obj (.text:CameraSensorInit)
                  2001f540    0000001c     udma_if.obj (.text:DmaSwIntHandler)
                  2001f55c    0000001c     driverlib.a : pin.obj (.text:PinTypeI2C)
                  2001f578    0000001c                 : timer.obj (.text:TimerValueGet)
                  2001f594    0000001c     simplelink.a : driver.obj (.text:_SlDrvObjLockWaitForever)
                  2001f5b0    0000001c                  : driver.obj (.text:_SlDrvSyncObjWaitForever)
                  2001f5cc    0000001c     rtsv7M4_T_le_eabi.lib : memccpy.obj (.text)
                  2001f5e8    0000001c     timer_fns.obj (.text:stop_100mSecTimer)
                  2001f604    0000001c     timer_fns.obj (.text:stop_1Sec_TimeoutTimer)
                  2001f620    0000001c     driverlib.a : udma.obj (.text:uDMAChannelDisable)
                  2001f63c    0000001c                 : udma.obj (.text:uDMAChannelEnable)
                  2001f658    0000001c     main.obj (.text:vApplicationMallocFailedHook)
                  2001f674    0000001a     driverlib.a : pin.obj (.text:PinTypeCamera)
                  2001f68e    0000001a                 : pin.obj (.text:PinTypeUART)
                  2001f6a8    0000001a                 : spi.obj (.text:SPIDmaDisable)
                  2001f6c2    0000001a                 : spi.obj (.text:SPIDmaEnable)
                  2001f6dc    0000001a                 : spi.obj (.text:SPIFIFODisable)
                  2001f6f6    0000001a                 : spi.obj (.text:SPIFIFOEnable)
                  2001f710    00000018                 : camera.obj (.text:CameraReset)
                  2001f728    00000018     startup_ccs.obj (.text:FaultISR)
                  2001f740    00000018     driverlib.a : gpio.obj (.text:GPIOPinRead)
                  2001f758    00000018                 : prcm.obj (.text:PRCMHibernateEnter)
                  2001f770    00000018                 : spi.obj (.text:SPICSDisable)
                  2001f788    00000018                 : spi.obj (.text:SPICSEnable)
                  2001f7a0    00000018                 : spi.obj (.text:SPIDisable)
                  2001f7b8    00000018                 : spi.obj (.text:SPIEnable)
                  2001f7d0    00000018                 : timer.obj (.text:TimerIntEnable)
                  2001f7e8    00000018     timer_if.obj (.text:Timer_IF_InterruptClear)
                  2001f800    00000018     simplelink.a : driver.obj (.text:_SlDrvObjUnLock)
                  2001f818    00000018                  : driver.obj (.text:_SlDrvSyncObjSignal)
                  2001f830    00000018                  : device.obj (.text:_sl_GetStartResponseConvert)
                  2001f848    00000018     middleware.a : rtc_hal.obj (.text:get_value)
                  2001f860    00000018     rtsv7M4_T_le_eabi.lib : args_main.obj (.text)
                  2001f878    00000018                           : strcmp.obj (.text)
                  2001f890    00000016     driverlib.a : camera.obj (.text:CameraDMAEnable)
                  2001f8a6    00000016                 : camera.obj (.text:CameraIntRegister)
                  2001f8bc    00000016                 : i2c.obj (.text:I2CMasterDataPut)
                  2001f8d2    00000016                 : i2c.obj (.text:I2CMasterEnable)
                  2001f8e8    00000016                 : prcm.obj (.text:PRCMHIBRegRead)
                  2001f8fe    00000016                 : prcm.obj (.text:PRCMHIBRegWrite)
                  2001f914    00000016     simplelink.a : driver.obj (.text:_SlDrvMemZero)
                  2001f92a    00000016     rtsv7M4_T_le_eabi.lib : strchr.obj (.text)
                  2001f940    00000014     driverlib.a : cpu.obj (.text:CPUcpsie)
                  2001f954    00000014                 : interrupt.obj (.text:IntVTableBaseSet)
                  2001f968    00000014     app_common.obj (.text:LED_Off)
                  2001f97c    00000014     app_common.obj (.text:LED_On)
                  2001f990    00000014     rtsv7M4_T_le_eabi.lib : _lock.obj (.text)
                  2001f9a4    00000014                           : strcpy.obj (.text)
                  2001f9b8    00000014                           : strlen.obj (.text)
                  2001f9cc    00000014     driverlib.a : udma.obj (.text:uDMAControlBaseSet)
                  2001f9e0    00000014                 : udma.obj (.text:uDMAIntClear)
                  2001f9f4    00000012                 : i2c.obj (.text:I2CMasterControl)
                  2001fa06    00000012                 : i2c.obj (.text:I2CMasterIntClearEx)
                  2001fa18    00000012                 : i2c.obj (.text:I2CMasterTimeoutSet)
                  2001fa2a    00000012                 : timer.obj (.text:TimerIntClear)
                  2001fa3c    00000010                 : prcm.obj (.text:PRCMSOCReset)
                  2001fa4c    00000010                 : prcm.obj (.text:RTCU32SecRegRead)
                  2001fa5c    00000010     simplelink.a : socket.obj (.text:SL_FD_ZERO)
                  2001fa6c    00000010     timer_if.obj (.text:Timer_IF_Stop)
                  2001fa7c    00000010     cc3200_socket.obj (.text:socketClose)
                  2001fa8c    0000000e     driverlib.a : i2c.obj (.text:I2CMasterDataGet)
                  2001fa9a    0000000e     simplelink.a : driver.obj (.text:_SlDrvResetCmdExt)
                  2001faa8    0000000e     rtsv7M4_T_le_eabi.lib : copy_decompress_none.obj (.text:decompress:none)
                  2001fab6    0000000c     udma_if.obj (.text:DmaErrorIntHandler)
                  2001fac2    00000002     --HOLE-- [fill = 0]
                  2001fac4    0000000c     simplelink.a : cc_pal.obj (.text:NwpMaskInterrupt)
                  2001fad0    0000000c                  : cc_pal.obj (.text:NwpUnMaskInterrupt)
                  2001fadc    0000000c     middleware.a : rtc_hal.obj (.text:cc_rtc_get)
                  2001fae8    0000000c     rtsv7M4_T_le_eabi.lib : copy_zero_init.obj (.text:decompress:ZI)
                  2001faf4    0000000c     parse_impl.obj (.text:getInternalClient)
                  2001fb00    0000000c     simplelink.a : wlan.obj (.text:sl_WlanDisconnect)
                  2001fb0c    0000000c     driverlib.a : udma.obj (.text:uDMAEnable)
                  2001fb18    0000000c                 : udma.obj (.text:uDMAIntStatus)
                  2001fb24    0000000a                 : interrupt.obj (.text:IntMasterEnable)
                  2001fb2e    0000000a     main.obj (.text:vApplicationStackOverflowHook)
                  2001fb38    00000008     hibernate_related_fns.obj (.text:sensorsTriggerSetup)
                  2001fb40    00000006     i2cconfig.obj (.text:MT9D111Delay)
                  2001fb46    00000006     startup_ccs.obj (.text:ResetISR)
                  2001fb4c    00000006     driverlib.a : utils.obj (.text:UtilsDelay)
                  2001fb52    00000006     rtsv7M4_T_le_eabi.lib : copy_decompress_rle.obj (.text:decompress:rle24)
                  2001fb58    00000006                           : logf.obj (.text)
                  2001fb5e    00000006                           : sinf.obj (.text)
                  2001fb64    00000004                           : error.obj (.text)
                  2001fb68    00000004                           : pre_init.obj (.text)

.const     0    2001fb6c    0000107f     
                  2001fb6c    0000013c     mt9d111.obj (.const:init_cmds_list)
                  2001fca8    00000101     rtsv7M4_T_le_eabi.lib : ctype.obj (.const:.string:_ctypes_)
                  2001fda9    00000003     --HOLE-- [fill = 0]
                  2001fdac    00000100     driverlib.a : pin.obj (.const:g_ulPinToPadMap)
                  2001feac    00000100     mt9d111.obj (.const)
                  2001ffac    000000f8     mt9d111.obj (.const:$P$T3$4)
                  200200a4    000000d4     driverlib.a : interrupt.obj (.const:g_pulRegs)
                  20020178    000000c8     mt9d111.obj (.const:capture_cmds_list)
                  20020240    000000b0     simplelink.a : wlan.obj (.const:$P$T0$1)
                  200202f0    000000a8     driverlib.a : prcm.obj (.const:PRCM_PeriphRegsList)
                  20020398    00000080                 : interrupt.obj (.const)
                  20020418    0000007a     mt9d111.obj (.const:.string)
                  20020492    00000072     lightSens_isl29035.obj (.const:.string)
                  20020504    00000071     user_configure_fn.obj (.const:.string)
                  20020575    00000068     camera_app.obj (.const:.string)
                  200205dd    00000003     --HOLE-- [fill = 0]
                  200205e0    00000068     appFns_BatteryLevelSense.obj (.const:V2CEntry$1)
                  20020648    00000054     mt9d111.obj (.const:$P$T29$30)
                  2002069c    00000050     accelomtrMagntomtr_fxos8700.obj (.const:.string)
                  200206ec    0000004c     mt9d111.obj (.const:$P$T7$8)
                  20020738    0000004b     tempRHSens_si7020.obj (.const:.string)
                  20020783    00000049     parse_uploads.obj (.const:.string)
                  200207cc    0000003c     i2c_app.obj (.const:.string)
                  20020808    0000003c     simplelink.a : driver.obj (.const:OpcodeTranslateTable)
                  20020844    0000003c                  : wlan.obj (.const)
                  20020880    00000038                  : driver.obj (.const:_SlActionLookupTable)
                  200208b8    00000038     rtsv7M4_T_le_eabi.lib : xflog.obj (.const)
                  200208f0    00000038     simplelink.a : fs.obj (.const)
                  20020928    00000036     flash_files.obj (.const:.string)
                  2002095e    00000002     --HOLE-- [fill = 0]
                  20020960    00000034     rtsv7M4_T_le_eabi.lib : xfatan.obj (.const)
                  20020994    00000034     simplelink.a : driver.obj (.const)
                  200209c8    00000034                  : socket.obj (.const)
                  200209fc    0000002c     network_relater_fns.obj (.const:$P$T1$2)
                  20020a28    00000028     rtsv7M4_T_le_eabi.lib : xfdint.obj (.const)
                  20020a50    00000028                           : xfsin.obj (.const)
                  20020a78    00000028     simplelink.a : netapp.obj (.const)
                  20020aa0    00000027     network_relater_fns.obj (.const:.string)
                  20020ac7    00000023     batteryVoltLvlSens_adc081c021.obj (.const:.string:$P$T0$1)
                  20020aea    00000022     network_relater_fns.obj (.const:.string:$P$T0$1)
                  20020b0c    0000001c     rtsv7M4_T_le_eabi.lib : tanf.obj (.const)
                  20020b28    0000001c                           : xfexp.obj (.const)
                  20020b44    00000018     driverlib.a : spi.obj (.const)
                  20020b5c    00000017     request.obj (.const:.string)
                  20020b73    00000014     network_relater_fns.obj (.const)
                  20020b87    00000001     --HOLE-- [fill = 0]
                  20020b88    00000014     simplelink.a : device.obj (.const)
                  20020b9c    00000010                  : socket.obj (.const:.string)
                  20020bac    0000000f     application_fn.obj (.const:.string)
                  20020bbb    0000000f     sendGroundData.obj (.const:.string)
                  20020bca    0000000b     app_common.obj (.const:.string)
                  20020bd5    00000008     simplelink.a : device.obj (.const:.string)
                  20020bdd    00000001     --HOLE-- [fill = 0]
                  20020bde    00000008                  : netcfg.obj (.const)
                  20020be6    00000005     main.obj (.const:.string)

.cinit     0    20020bf0    00000530     
                  20020bf0    00000506     (.cinit..data.load) [load image, compression = rle]
                  200210f6    00000002     --HOLE-- [fill = 0]
                  200210f8    0000000c     (__TI_handler_table)
                  20021104    00000004     --HOLE-- [fill = 0]
                  20021108    00000008     (.cinit..bss.load) [load image, compression = zero_init]
                  20021110    00000010     (__TI_cinit_table)

.init_array 
*          0    20004000    00000000     UNINITIALIZED

.bss       0    20022400    00017356     UNINITIALIZED
                  20022400    00014000     main.obj (.bss:g_image_buffer)
                  20036400    00000b58     tasks.obj (.bss:thisMagBuffer)
                  20036f58    000005a0     ota.a : OtaHttp.obj (.bss:recv_buf)
                  200374f8    0000044c           : OtaClient.obj (.bss:g_OtaCheckUpdateResponse)
                  20037944    00000418     user_configure_fn.obj (.bss:thisMagCal)
                  20037d5c    00000240     ota.obj (.bss:g_otaOptServerInfo)
                  20037f9c    00000058     tasks.obj (.bss:thisMag)
                  20037ff4    0000000c     (.common:g_SecParams)
                  20038000    00000400     udma_if.obj (.bss:gpCtlTbl)
                  20038400    000003d8     ota.a : OtaClient.obj (.bss:g_OtaFileMetadata)
                  200387d8    00000370     main.obj (.bss:g_NetEntries)
                  20038b48    00000200     ota.a : OtaHttp.obj (.bss:send_buf)
                  20038d48    00000178     simplelink.a : driver.obj (.bss:g_StatMem)
                  20038ec0    00000120     rtsv7M4_T_le_eabi.lib : trgmsg.obj (.bss:__CIOBUF_)
                  20038fe0    00000100     udma_if.obj (.bss:gfpAppCallbackHndl)
                  200390e0    000000c8     free_rtos.a : tasks.obj (.bss:pxReadyTasksLists)
                  200391a8    000000ac     tasks.obj (.bss:thisSV_6DOF_GB_BASIC)
                  20039254    000000a0     rtsv7M4_T_le_eabi.lib : defs.obj (.bss:__TI_tmpnams)
                  200392f4    00000074     ota.a : CdnClient.obj (.bss:g_CdnClient)
                  20039368    00000050     simplelink.a : cc_pal.obj (.bss:g_ucDinDout)
                  200393b8    00000050     free_rtos.a : queue.obj (.bss:xQueueRegistry)
                  20039408    0000004c     ota.a : OtaApp.obj (.bss:g_OtaApp)
                  20039454    0000004c           : OtaApp.obj (.bss:g_OtaApp_statistics)
                  200394a0    00000034     cc3200_client_state.obj (.bss:clientStateFileName)
                  200394d4    00000034     main.obj (.bss:g_cWlanSecurityKey)
                  20039508    00000034     tasks.obj (.bss:thisAccel)
                  2003953c    00000024     ota.a : OtaClient.obj (.bss:g_OtaClient)
                  20039560    00000024     main.obj (.bss:g_cWlanSSID)
                  20039584    00000024     main.obj (.bss:g_ucConnectionSSID)
                  200395a8    0000001c     rtsv7M4_T_le_eabi.lib : vla_alloc.obj (.bss)
                  200395c4    00000014     (.common:g_FlcSflashCb)
                  200395d8    00000014     (.common:g_flag_blockFull)
                  200395ec    00000014     (.common:xDelayedTaskList1)
                  20039600    00000014     (.common:xDelayedTaskList2)
                  20039614    00000014     (.common:xPendingReadyList)
                  20039628    00000014     (.common:xSuspendedTaskList)
                  2003963c    00000014     (.common:xTasksWaitingTermination)
                  20039650    00000010     (.common:ang_buf)
                  20039660    00000010     (.common:globals)
                  20039670    00000010     (.common:mqxglobals)
                  20039680    00000008     (.common:g_LogClient)
                  20039688    00000008     (.common:g_Struct_TimeStamp_MaxAngle)
                  20039690    00000008     (.common:g_Struct_TimeStamp_MinAngle)
                  20039698    00000008     (.common:g_TimeStamp_CamUp)
                  200396a0    00000008     (.common:g_TimeStamp_DoorClosed)
                  200396a8    00000008     (.common:g_TimeStamp_NWPUp)
                  200396b0    00000008     (.common:g_TimeStamp_PhotoSnap)
                  200396b8    00000008     (.common:g_TimeStamp_PhotoUploaded)
                  200396c0    00000008     (.common:g_TimeStamp_cc3200Up)
                  200396c8    00000008     (.common:g_TimeStamp_maxAngle)
                  200396d0    00000008     (.common:g_TimeStamp_minAngle)
                  200396d8    00000008     (.common:g_ucConnectionBSSID)
                  200396e0    00000008     (.common:parmbuf)
                  200396e8    00000008     (.common:sBootInfo)
                  200396f0    00000004     (.common:DMAMsgQ)
                  200396f4    00000004     (.common:Elapsed_100MilliSecs)
                  200396f8    00000004     (.common:Elapsed_1Secs)
                  200396fc    00000004     (.common:__Errorlog)
                  20039700    00000004     (.common:angle_avg)
                  20039704    00000004     (.common:dataBuffer)
                  20039708    00000004     (.common:g_block_lastFilled)
                  2003970c    00000004     (.common:g_cDummy)
                  20039710    00000004     (.common:g_cWlanSecurityType)
                  20039714    00000004     (.common:g_frame_size_in_bytes)
                  20039718    00000004     (.common:g_position_in_block)
                  2003971c    00000004     (.common:g_readHeader)
                  20039720    00000004     (.common:g_total_dma_intrpts)
                  20039724    00000004     (.common:g_ulAppStatus)
                  20039728    00000004     (.common:gdoor_40deg_angle)
                  2003972c    00000004     (.common:gdoor_90deg_angle)
                  20039730    00000004     (.common:pvOtaApp)
                  20039734    00000004     (.common:pxDelayedTaskList)
                  20039738    00000004     (.common:pxOverflowDelayedTaskList)
                  2003973c    00000002     (.common:g_fMaxAngle)
                  2003973e    00000002     (.common:g_fMinAngle)
                  20039740    00000001     (.common:RxIrqCnt)
                  20039741    00000001     (.common:avg_buffer_cnt)
                  20039742    00000001     (.common:captureTimeout_Flag)
                  20039743    00000001     (.common:checkForLight_Flag)
                  20039744    00000001     (.common:g_I2CPeripheral_inUse_Flag)
                  20039745    00000001     (.common:g_dma_txn_done)
                  20039746    00000001     (.common:g_flag_DataBlockFilled)
                  20039747    00000001     (.common:g_flag_door_closing_45degree)
                  20039748    00000001     (.common:g_frame_end)
                  20039749    00000001     (.common:g_ucAngle40)
                  2003974a    00000001     (.common:g_ucAngle90)
                  2003974b    00000001     (.common:g_ucCalibration)
                  2003974c    00000001     (.common:g_ucConfig)
                  2003974d    00000001     (.common:g_ucExitButton)
                  2003974e    00000001     (.common:g_ucMagCalb)
                  2003974f    00000001     (.common:g_ucProfileAdded)
                  20039750    00000001     (.common:g_ucPushButtonPressedTwice)
                  20039751    00000001     (.common:g_ucReasonForFailure)
                  20039752    00000001     (.common:iDone)
                  20039753    00000001     (.common:isitfirsttime)
                  20039754    00000001     (.common:print_count)
                  20039755    00000001     (.common:valid_case)

.TI.noinit 
*          0    20022400    00000000     UNINITIALIZED

.sysmem    0    20039758    00005000     UNINITIALIZED
                  20039758    00000008     rtsv7M4_T_le_eabi.lib : memory.obj (.sysmem)
                  20039760    00004ff8     --HOLE--


LINKER GENERATED COPY TABLES

__TI_cinit_table @ 20021110 records: 2, size/record: 8, table size: 16
	.data: load addr=20020bf0, load size=00000506 bytes, run addr=20000000, run size=0000093c bytes, compression=rle
	.bss: load addr=20021108, load size=00000008 bytes, run addr=20022400, run size=00017356 bytes, compression=zero_init


LINKER GENERATED HANDLER TABLE

__TI_handler_table @ 200210f8 records: 3, size/record: 4, table size: 12
	index: 0, handler: __TI_decompress_rle24
	index: 1, handler: __TI_decompress_none
	index: 2, handler: __TI_zero_init


GLOBAL SYMBOLS: SORTED ALPHABETICALLY BY Name 

address   name                                  
-------   ----                                  
2001aa1d  Add_NumberField_ToJSONString          
2001f509  ApplyAccelHAL                         
2001ed39  ApplyMagHAL                           
2001e14d  C$$EXIT                               
2001caeb  C$$IO$$                               
2001cd91  CCMRegs_Read                          
2001f941  CPUcpsie                              
2001c415  CamControllerInit                     
2001f265  CameraCaptureStart                    
2001e5b1  CameraCaptureStop                     
2001f891  CameraDMAEnable                       
2001f121  CameraIntClear                        
2001ed65  CameraIntEnable                       
2001f8a7  CameraIntRegister                     
2001ef6d  CameraIntStatus                       
2001e8c7  CameraParamsConfig                    
2001f711  CameraReset                           
2001f525  CameraSensorInit                      
2001f0ad  CameraThresholdSet                    
2001e5eb  CameraXClkConfig                      
2000f531  CaptureImage                          
2000d363  CdnClient_CloseServer                 
2000d381  CdnClient_ConnectByUrl                
2000d331  CdnClient_Init                        
2000d1fb  CdnClient_Run                         
2000d1f1  CdnClient_SetFileInfo                 
20016a39  Check_I2CDevices                      
2001a7bd  Config_CameraCapture                  
2001b9cd  ConfigureMode                         
2000e799  ConfigureSimpleLinkToDefaultState     
20012291  ConstructDeviceStateObject            
2000fc85  ConstructGroundDataObject             
2001e395  CopyPingResultsToReport               
200396f0  DMAMsgQ                               
2000063c  DigiCertHighAssuranceEVRootCA_der_len 
2001fab7  DmaErrorIntHandler                    
2001ed91  DmaSpiSwIntHandler                    
2001f541  DmaSwIntHandler                       
200396f4  Elapsed_100MilliSecs                  
200396f8  Elapsed_1Secs                         
20019015  EnterStandby_mt9d111                  
2001926d  ExitStandby_mt9d111                   
200147f1  FXOS8700_Init                         
200160bd  FXOS8700_ReadData                     
2001e3d1  Fusion_Init                           
20014535  Fusion_Run                            
2001e825  GPIODirModeSet                        
2001f741  GPIOPinRead                           
2001f353  GPIOPinWrite                          
20018289  Get_BatteryPercent                    
2001c335  Get_BatteryVoltageLevel_ADC081C021    
20017821  Get_FridgeCamID                       
20014695  HIBernate                             
2000ed11  HOSTclock                             
2000ecd9  HOSTclose                             
2000ec9b  HOSTgetenv                            
2000ec3f  HOSTlseek                             
2000ebed  HOSTopen                              
2000eba1  HOSTread                              
2000eb43  HOSTrename                            
2000eb09  HOSTtime                              
2000ead1  HOSTunlink                            
2000ea85  HOSTwrite                             
20015259  I2CBufferRead                         
20015c11  I2CBufferWrite                        
2001f9f5  I2CMasterControl                      
2001fa8d  I2CMasterDataGet                      
2001f8bd  I2CMasterDataPut                      
2001f8d3  I2CMasterEnable                       
2001edbd  I2CMasterErr                          
2001b63d  I2CMasterInitExpClk                   
2001fa07  I2CMasterIntClearEx                   
2001f435  I2CMasterIntStatusEx                  
2001f287  I2CMasterSlaveAddrSet                 
2001fa19  I2CMasterTimeoutSet                   
2001d7b1  I2C_IF_Open                           
200193f5  I2C_IF_Read                           
20019635  I2C_IF_Write                          
20019a9d  ImagCapture_Init                      
2001c8b5  ImageSensor_CaptureConfigs_Task       
2001ef95  InitTerm                              
2001be21  InitialiseParse                       
2001ae29  InitializeUserConfigVariables         
2001a0d1  IntDisable                            
2001a179  IntEnable                             
2001f145  IntHandler_100mSecTimer               
2001ede9  IntHandler_1Sec_TimeoutTimer          
2001fb25  IntMasterEnable                       
2001d45d  IntPendClear                          
2001d5b9  IntPrioritySet                        
2001f375  IntRegister                           
2001f169  IntUnregister                         
2001f955  IntVTableBaseSet                      
2001e319  IsLightOff                            
2001a2c9  LED_Blink                             
2001f969  LED_Off                               
2001f97d  LED_On                                
2000dfc3  LogClient_Close                       
2000dfdb  LogClient_ConnectAndPrint             
2000df8d  LogClient_ConnectServer               
2000df75  LogClient_Init                        
2000de31  LogClient_Print                       
2001fb41  MT9D111Delay                          
2000e169  MagCal_Run                            
20018371  Main_Task_withHibernate               
2001efe5  Message                               
2001fac5  NwpMaskInterrupt                      
2001e6d5  NwpPowerOff                           
2001f395  NwpPowerOn                            
2001b6c1  NwpPowerOnPreamble                    
2001f0d3  NwpRegisterInterruptHandler           
2001fad1  NwpUnMaskInterrupt                    
20013f9d  OTAServerInfoSet                      
20018619  OTA_CommitImage                       
2001e7ed  OTA_Update                            
20020808  OpcodeTranslateTable                  
2000bde7  OtaClient_CloseServer                 
2000bdb1  OtaClient_ConnectServer               
2000bd7f  OtaClient_GetNextUpdate               
2000bd4d  OtaClient_Init                        
2000bc77  OtaClient_ResourceMetadata            
2000bab3  OtaClient_ResourceNameConvert         
2000ba05  OtaClient_UpdateCheck                 
2001d3a5  PCLK_Rate_read                        
200159a9  PRCMCC3200MCUInit                     
2001f8e9  PRCMHIBRegRead                        
2001f8ff  PRCMHIBRegWrite                       
2001f759  PRCMHibernateEnter                    
2001b28d  PRCMHibernateIntervalSet              
2001c91d  PRCMHibernateWakeUpGPIOSelect         
2001dd71  PRCMHibernateWakeupSourceDisable      
2001ddb9  PRCMHibernateWakeupSourceEnable       
2001f00d  PRCMPeripheralClkDisable              
2001e40d  PRCMPeripheralClkEnable               
2001aab5  PRCMPeripheralClockGet                
2001d4b5  PRCMPeripheralReset                   
2001e8fd  PRCMPeripheralStatusGet               
2001ba49  PRCMRTCGet                            
2001fa3d  PRCMSOCReset                          
2001e449  PRCMSlowClkCtrFastGet                 
2001d801  PRCMSlowClkCtrGet                     
2001ee15  PRCMSysResetCauseGet                  
2001b315  PinConfigSet                          
2001e219  PinModeSet                            
20017149  PinMuxConfig                          
2001f675  PinTypeCamera                         
2001eacd  PinTypeGPIO                           
2001f55d  PinTypeI2C                            
2001f68f  PinTypeUART                           
2001d9e1  RdSensData_Init                       
20011825  RdSensData_Run                        
20018459  ReadFile_FromFlash                    
20015e6d  Read_AllRegisters                     
2001f3b5  Refresh_mt9d111Firmware               
20019f7d  Report                                
2001fb47  ResetISR                              
20039740  RxIrqCnt                              
200209a4  RxMsgClassLUT                         
UNDEFED   SHT$$INIT_ARRAY$$Base                 
UNDEFED   SHT$$INIT_ARRAY$$Limit                
2001f2a9  SL_FD_SET                             
2001fa5d  SL_FD_ZERO                            
2001f771  SPICSDisable                          
2001f789  SPICSEnable                           
2001a36d  SPIConfigSetExpClk                    
2001f7a1  SPIDisable                            
2001f6a9  SPIDmaDisable                         
2001f6c3  SPIDmaEnable                          
2001f7b9  SPIEnable                             
2001f6dd  SPIFIFODisable                        
2001f6f7  SPIFIFOEnable                         
2001e931  SPIFIFOLevelSet                       
2001de01  SPIIntClear                           
2001da2d  SPIIntEnable                          
2001f2cb  SPIReset                              
2001f2ed  SPIWordCountSet                       
20000860  SecurityParams                        
2001aeb9  SendGroundData                        
2000a7c1  SimpleLinkHttpServerCallback          
20013cbd  SimpleLinkNetAppEventHandler          
20014105  SimpleLinkSockEventHandler            
2000c9c9  SimpleLinkWlanEventHandler            
2001ee41  SoftReset_ImageSensor                 
2001be99  Standby_ImageSensor                   
20020bd5  StartResponseLUT                      
2001c985  StartSensorInJpegMode                 
20018539  Start_CameraCapture                   
2001e03d  TimerConfigure                        
2001f453  TimerDisable                          
2001f471  TimerEnable                           
2001fa2b  TimerIntClear                         
2001f7d1  TimerIntEnable                        
2001f48f  TimerIntStatus                        
2001eec5  TimerLoadSet                          
2001eeef  TimerPrescaleSet                      
2001f579  TimerValueGet                         
2001ea69  Timer_IF_Init                         
2001c2c1  Timer_IF_IntSetup                     
2001f7e9  Timer_IF_InterruptClear               
2001f1b1  Timer_IF_Start                        
2001fa6d  Timer_IF_Stop                         
20000728  Token                                 
2001f4ad  UARTCharPut                           
2001c079  UARTConfigSetExpClk                   
2001eafd  UARTDisable                           
2001f1d5  UARTEnable                            
2001c481  UDMAInit                              
2001e081  UDMASetupTransfer                     
20018b35  UploadGroundDataObjectToParse         
200188ad  UploadImageToParse                    
20018cdd  UploadSensorDataToParse               
200120e1  UserConfigure_Task                    
2001013d  User_Configure                        
2001fb4d  UtilsDelay                            
2000b425  VDeleteSimpleLinkSpawnTask            
2000b3d5  VStartSimpleLinkSpawnTask             
2000078c  Value                                 
2001de49  Variable_Read                         
20019d79  Verify_ImageSensor                    
2001c0f1  Wakeup_ImageSensor                    
2001426d  WiFi_Connect                          
2001f1f9  WriteAllAEnAWBRegs                    
20016615  WriteFile_ToFlash                     
2001ef19  _Dclass                               
20000640  _Denorm                               
20019575  _Dnorm                                
200162e5  _Dscale                               
2001cd2b  _Dunscale                             
20000650  _Eps                                  
2000092c  _Errno                                
20018a5d  _FAtan                                
200006c0  _FDenorm                              
2001b175  _FDint                                
2001bd2d  _FDnorm                               
20018dad  _FDscale                              
2001d563  _FDunscale                            
200006d0  _FEps                                 
200136e9  _FExp                                 
200006e0  _FInf                                 
20011d6d  _FLog                                 
200006f0  _FNan                                 
20000710  _FRteps                               
20012925  _FSin                                 
20000700  _FSnan                                
20000720  _FXbig                                
20000724  _FZero                                
20000910  _Fenv                                 
2001ebed  _Feraise                              
20000660  _Hugeval                              
20000670  _Inf                                  
20000680  _Nan                                  
2000d193  _OpenStorageFile                      
2000be29  _OtaCleanToIdle                       
2000d145  _ReadFileHeaders                      
2000bf17  _ReadStatFile                         
2000d139  _RecvFileChunk                        
200006a0  _Rteps                                
200209dc  _SlAcceptCmdCtrl                      
20020880  _SlActionLookupTable                  
20019b55  _SlAsyncEventGenericHandler           
[...]
2001caef  __TI_readmsg                          
2001cb25  sl_DevSet                             
2001cb8d  sl_NetCfgSet                          
2001cbf5  sl_SetSockOpt                         
2001cc5d  sl_WlanSet                            
2001ccc5  f3x3matrixAeqScalar                   
2001cd2b  _Dunscale                             
2001cd91  CCMRegs_Read                          
2001cdf5  fseek                                 
2001ce59  socketWait                            
2001cebd  softResetTempRHSensor                 
2001cf21  uDMAChannelAttributeDisable           
2001cf85  uDMAChannelAttributeEnable            
2001cfe9  __aeabi_cfcmpeq                       
2001cfe9  __aeabi_cfcmple                       
2001d049  __aeabi_cfrcmple                      
2001d0a9  _sl_HandleAsync_Accept                
2001d109  fxosDefault_Initializations           
2001d169  getLightsensor_intrptStatus           
2001d1c9  getMagntData                          
2001d229  sprintf                               
2001d289  sl_WlanPolicySet                      
2001d2e9  standby_accelMagn_fxos8700            
2001d3a5  PCLK_Rate_read                        
2001d401  sl_Socket                             
2001d45d  IntPendClear                          
2001d4b5  PRCMPeripheralReset                   
2001d50d  ltoa                                  
2001d563  _FDunscale                            
2001d5b9  IntPrioritySet                        
2001d60d  _sl_HandleAsync_Select                
2001d661  fasin_deg                             
2001d6b5  headerSend                            
2001d709  sl_WlanRxFilterSet                    
2001d7b1  I2C_IF_Open                           
2001d801  PRCMSlowClkCtrGet                     
2001d851  _sl_HandleAsync_Stop                  
2001d8a1  disableAE                             
2001d8f1  disableAWB                            
2001d941  __aeabi_f2ulz                         
2001d991  sl_FsDel                              
2001d9e1  RdSensData_Init                       
2001da2d  SPIIntEnable                          
2001da79  _SlDrvProtectAsyncRespSetting         
2001dac5  _SlDrvRxIrqHandler                    
2001db11  _sl_BuildAddress                      
2001db5d  atoi                                  
2001dba9  atol                                  
2001dbf5  copy_in                               
2001dc41  srand                                 
2001dc57  rand                                  
2001dc8d  uDMAChannelAssign                     
2001dcd9  util_u32_nsec_add                     
2001dd25  __aeabi_d2f                           
2001dd71  PRCMHibernateWakeupSourceDisable      
2001ddb9  PRCMHibernateWakeupSourceEnable       
2001de01  SPIIntClear                           
2001de49  Variable_Read                         
2001de91  _SlDrvBasicCmd                        
2001ded9  addHttpRequestLine                    
2001df21  fatan_15deg                           
2001df69  __aeabi_d2iz                          
2001dfb1  ldexp                                 
2001e03d  TimerConfigure                        
2001e081  UDMASetupTransfer                     
2001e109  fxos_Calibration                      
2001e14d  C$$EXIT                               
2001e151  abort                                 
2001e159  exit                                  
2001e191  __aeabi_d2uiz                         
2001e1d5  sl_Htonl                              
2001e219  PinModeSet                            
2001e259  getHttpResponseBody                   
2001e299  signal                                
2001e2d9  start_1Sec_TimeoutTimer               
2001e319  IsLightOff                            
2001e357  strncasecmp                           
2001e395  CopyPingResultsToReport               
2001e3d1  Fusion_Init                           
2001e40d  PRCMPeripheralClkEnable               
2001e449  PRCMSlowClkCtrFastGet                 
2001e485  _sl_TruncatePayloadByProtocol         
2001e4c1  _c_int00                              
2001e4fd  sl_Htons                              
2001e539  start_100mSecTimer                    
2001e575  uDMAChannelControlSet                 
2001e5b1  CameraCaptureStop                     
2001e5eb  CameraXClkConfig                      
2001e625  fLPFScalar                            
2001e65f  parseSendRequest                      
2001e699  addHttpRequestHeader                  
2001e6d5  NwpPowerOff                           
2001e70d  pvPortMalloc                          
2001e72d  vPortFree                             
2001e745  __aeabi_f2d                           
2001e77d  __aeabi_f2iz                          
2001e7b5  __aeabi_i2f                           
2001e7ed  OTA_Update                            
2001e825  GPIODirModeSet                        
2001e85b  sl_NetAppMDNSUnRegisterService        
2001e891  beginHttpRequest                      
2001e8c7  CameraParamsConfig                    
2001e8fd  PRCMPeripheralStatusGet               
2001e931  SPIFIFOLevelSet                       
2001e965  getHttpResponseStatus                 
2001e999  get_angle                             
2001e9cd  feraiseexcept                         
2001ea01  __aeabi_f2uiz                         
2001ea35  strstr                                
2001ea69  Timer_IF_Init                         
2001eacd  PinTypeGPIO                           
2001eafd  UARTDisable                           
2001eb2d  _SlDrvDeviceEventHandler              
2001eb5d  _sl_Strlen                            
2001ebbd  strncpy                               
2001ebed  _Feraise                              
2001ec1d  sl_Close                              
2001ec4d  sl_WlanProfileDel                     
2001ec7d  sl_WlanSetMode                        
2001ecad  __aeabi_i2d                           
2001ecdb  raise                                 
2001ed09  addHttpRequestHeaderInt               
2001ed39  ApplyMagHAL                           
2001ed65  CameraIntEnable                       
2001ed91  DmaSpiSwIntHandler                    
2001edbd  I2CMasterErr                          
2001ede9  IntHandler_1Sec_TimeoutTimer          
2001ee15  PRCMSysResetCauseGet                  
2001ee41  SoftReset_ImageSensor                 
2001ee99  setDataBufferPointer                  
2001eec5  TimerLoadSet                          
2001eeef  TimerPrescaleSet                      
2001ef19  _Dclass                               
2001ef43  util_u64_time_add                     
2001ef6d  CameraIntStatus                       
2001ef95  InitTerm                              
2001efe5  Message                               
2001f00d  PRCMPeripheralClkDisable              
2001f035  strncat                               
2001f05d  sl_NetAppStart                        
2001f085  sl_NetAppStop                         
2001f0ad  CameraThresholdSet                    
2001f0d3  NwpRegisterInterruptHandler           
2001f0f9  strncmp                               
2001f121  CameraIntClear                        
2001f145  IntHandler_100mSecTimer               
2001f169  IntUnregister                         
2001f1b1  Timer_IF_Start                        
2001f1d5  UARTEnable                            
2001f1f9  WriteAllAEnAWBRegs                    
2001f21d  _SlDrvProtectionObjLockWaitForever    
2001f241  __aeabi_ui2f                          
2001f265  CameraCaptureStart                    
2001f287  I2CMasterSlaveAddrSet                 
2001f2a9  SL_FD_SET                             
2001f2cb  SPIReset                              
2001f2ed  SPIWordCountSet                       
2001f30f  frexp                                 
2001f331  memcmp                                
2001f353  GPIOPinWrite                          
2001f375  IntRegister                           
2001f395  NwpPowerOn                            
2001f3b5  Refresh_mt9d111Firmware               
2001f3d5  _SlDrvProtectionObjUnLock             
2001f3f5  memchr                                
2001f415  __aeabi_ui2d                          
2001f435  I2CMasterIntStatusEx                  
2001f453  TimerDisable                          
2001f471  TimerEnable                           
2001f48f  TimerIntStatus                        
2001f4ad  UARTCharPut                           
2001f4e9  strcat                                
2001f509  ApplyAccelHAL                         
2001f525  CameraSensorInit                      
2001f541  DmaSwIntHandler                       
2001f55d  PinTypeI2C                            
2001f579  TimerValueGet                         
2001f595  _SlDrvObjLockWaitForever              
2001f5b1  _SlDrvSyncObjWaitForever              
2001f5cd  memccpy                               
2001f5e9  stop_100mSecTimer                     
2001f605  stop_1Sec_TimeoutTimer                
2001f621  uDMAChannelDisable                    
2001f63d  uDMAChannelEnable                     
2001f659  vApplicationMallocFailedHook          
2001f675  PinTypeCamera                         
2001f68f  PinTypeUART                           
2001f6a9  SPIDmaDisable                         
2001f6c3  SPIDmaEnable                          
2001f6dd  SPIFIFODisable                        
2001f6f7  SPIFIFOEnable                         
2001f711  CameraReset                           
2001f741  GPIOPinRead                           
2001f759  PRCMHibernateEnter                    
2001f771  SPICSDisable                          
2001f789  SPICSEnable                           
2001f7a1  SPIDisable                            
2001f7b9  SPIEnable                             
2001f7d1  TimerIntEnable                        
2001f7e9  Timer_IF_InterruptClear               
2001f801  _SlDrvObjUnLock                       
2001f819  _SlDrvSyncObjSignal                   
2001f831  _sl_GetStartResponseConvert           
2001f861  _args_main                            
2001f879  strcmp                                
2001f891  CameraDMAEnable                       
2001f8a7  CameraIntRegister                     
2001f8bd  I2CMasterDataPut                      
2001f8d3  I2CMasterEnable                       
2001f8e9  PRCMHIBRegRead                        
2001f8ff  PRCMHIBRegWrite                       
2001f915  _SlDrvMemZero                         
2001f92b  strchr                                
2001f941  CPUcpsie                              
2001f955  IntVTableBaseSet                      
2001f969  LED_Off                               
2001f97d  LED_On                                
2001f991  _register_unlock                      
2001f997  _register_lock                        
2001f99f  _nop                                  
2001f9a5  strcpy                                
2001f9b9  strlen                                
2001f9cd  uDMAControlBaseSet                    
2001f9e1  uDMAIntClear                          
2001f9f5  I2CMasterControl                      
2001fa07  I2CMasterIntClearEx                   
2001fa19  I2CMasterTimeoutSet                   
2001fa2b  TimerIntClear                         
2001fa3d  PRCMSOCReset                          
2001fa5d  SL_FD_ZERO                            
2001fa6d  Timer_IF_Stop                         
2001fa7d  socketClose                           
2001fa8d  I2CMasterDataGet                      
2001fa9b  _SlDrvResetCmdExt                     
2001faa9  __TI_decompress_none                  
2001fab7  DmaErrorIntHandler                    
2001fac5  NwpMaskInterrupt                      
2001fad1  NwpUnMaskInterrupt                    
2001fadd  cc_rtc_get                            
2001fae9  __TI_zero_init                        
2001faf5  getInternalClient                     
2001fb01  sl_WlanDisconnect                     
2001fb0d  uDMAEnable                            
2001fb19  uDMAIntStatus                         
2001fb25  IntMasterEnable                       
2001fb2f  vApplicationStackOverflowHook         
2001fb39  sensorsTriggerSetup                   
2001fb41  MT9D111Delay                          
2001fb47  ResetISR                              
2001fb4d  UtilsDelay                            
2001fb53  __TI_decompress_rle24                 
2001fb59  logf                                  
2001fb5f  sinf                                  
2001fb65  __abort_execution                     
2001fb69  _system_pre_init                      
2001fca8  _ctypes_                              
20020808  OpcodeTranslateTable                  
20020844  _SlPolicySetCmdCtrl                   
20020848  _SlPolicyGetCmdCtrl                   
2002084c  _SlProfileGetCmdCtrl                  
20020850  _SlProfileDelCmdCtrl                  
20020854  _SlWlanGetNetworkListCtrl             
20020858  _SlRxFilterAddtCmdCtrl                
2002085c  _SlRxFilterSetCmdCtrl                 
20020860  _SlRxFilterGetCmdCtrl                 
20020864  _SlSmartConfigStartCmdCtrl            
20020868  _SlWlanSetModeCmdCtrl                 
2002086c  _SlWlanCfgSetCmdCtrl                  
20020870  _SlWlanCfgGetCmdCtrl                  
20020880  _SlActionLookupTable                  
200208f0  _SlFsOpenCmdCtrl                      
200208f4  _SlFsCloseCmdCtrl                     
200208f8  _SlFsReadCmdCtrl                      
200208fc  _SlFsWriteCmdCtrl                     
20020900  _SlFsGetInfoCmdCtrl                   
20020904  _SlFsDeleteCmdCtrl                    
20020994  g_H2NSyncPattern                      
2002099c  g_H2NCnysPattern                      
200209a4  RxMsgClassLUT                         
200209c8  _SlSockSocketCmdCtrl                  
200209cc  _SlSockCloseCmdCtrl                   
200209d0  _SlRecvfomCmdCtrl                     
200209d4  _SlSendCmdCtrl                        
200209d8  _SlListenCmdCtrl                      
200209dc  _SlAcceptCmdCtrl                      
200209e0  _SlRecvCmdCtrl                        
200209e4  _SlSetSockOptCmdCtrl                  
200209e8  _SlGetSockOptCmdCtrl                  
200209ec  _SlSelectCmdCtrl                      
20020a78  _SlNetAppStartCtrl                    
20020a7c  _SlNetAppStopCtrl                     
20020a80  _SlGetServiceListeCtrl                
20020a84  _SlRegisterServiceCtrl                
20020a88  _SlGetHostByServiceCtrl               
20020a8c  _SlGetHostByNameCtrl                  
20020a90  _SlNetAppSetCmdCtrl                   
20020a94  _SlNetAppSendTokenValueCmdCtrl        
20020a98  _SlNetAppGetCmdCtrl                   
20020b5c  g_deviceClientVersion                 
20020b88  _SlStopCmdCtrl                        
20020b8c  _SlEventMaskSetCmdCtrl                
20020b90  _SlEventMaskGetCmdCtrl                
20020b94  _SlDeviceGetCmdCtrl                   
20020b98  _SlDeviceSetCmdCtrl                   
20020b9c  _SlPayloadByProtocolLUT               
20020bca  pcDigits                              
20020bd5  StartResponseLUT                      
20020bde  _SlNetCfgSetCmdCtrl                   
20020be2  _SlNetCfgGetCmdCtrl                   
20020bf0  __TI_static_base__                    
200210f8  __TI_Handler_Table_Base               
20021104  __TI_Handler_Table_Limit              
20021110  __TI_CINIT_Base                       
20021120  __TI_CINIT_Limit                      
20022400  g_image_buffer                        
20036400  thisMagBuffer                         
200374f8  g_OtaCheckUpdateResponse              
20037944  thisMagCal                            
20037f9c  thisMag                               
20037ff4  g_SecParams                           
20038000  gpCtlTbl                              
20038400  g_OtaFileMetadata                     
200387d8  g_NetEntries                          
20038d48  g_StatMem                             
20038ec0  __CIOBUF_                             
20038fe0  gfpAppCallbackHndl                    
200391a8  thisSV_6DOF_GB_BASIC                  
20039254  __TI_tmpnams                          
200392f4  g_CdnClient                           
20039368  g_ucDinDout                           
200393b8  xQueueRegistry                        
20039408  g_OtaApp                              
20039454  g_OtaApp_statistics                   
200394a0  clientStateFileName                   
200394d4  g_cWlanSecurityKey                    
20039508  thisAccel                             
2003953c  g_OtaClient                           
20039560  g_cWlanSSID                           
20039584  g_ucConnectionSSID                    
200395c4  g_FlcSflashCb                         
200395d8  g_flag_blockFull                      
20039650  ang_buf                               
20039660  globals                               
20039670  mqxglobals                            
20039680  g_LogClient                           
20039688  g_Struct_TimeStamp_MaxAngle           
20039690  g_Struct_TimeStamp_MinAngle           
20039698  g_TimeStamp_CamUp                     
200396a0  g_TimeStamp_DoorClosed                
200396a8  g_TimeStamp_NWPUp                     
200396b0  g_TimeStamp_PhotoSnap                 
200396b8  g_TimeStamp_PhotoUploaded             
200396c0  g_TimeStamp_cc3200Up                  
200396c8  g_TimeStamp_maxAngle                  
200396d0  g_TimeStamp_minAngle                  
200396d8  g_ucConnectionBSSID                   
200396f0  DMAMsgQ                               
200396f4  Elapsed_100MilliSecs                  
200396f8  Elapsed_1Secs                         
20039700  angle_avg                             
20039704  dataBuffer                            
20039708  g_block_lastFilled                    
2003970c  g_cDummy                              
20039710  g_cWlanSecurityType                   
20039714  g_frame_size_in_bytes                 
20039718  g_position_in_block                   
2003971c  g_readHeader                          
20039724  g_ulAppStatus                         
20039728  gdoor_40deg_angle                     
2003972c  gdoor_90deg_angle                     
2003973c  g_fMaxAngle                           
2003973e  g_fMinAngle                           
20039740  RxIrqCnt                              
20039741  avg_buffer_cnt                        
20039742  captureTimeout_Flag                   
20039743  checkForLight_Flag                    
20039744  g_I2CPeripheral_inUse_Flag            
20039746  g_flag_DataBlockFilled                
20039747  g_flag_door_closing_45degree          
20039748  g_frame_end                           
20039749  g_ucAngle40                           
2003974a  g_ucAngle90                           
2003974b  g_ucCalibration                       
2003974c  g_ucConfig                            
2003974d  g_ucExitButton                        
2003974e  g_ucMagCalb                           
2003974f  g_ucProfileAdded                      
20039750  g_ucPushButtonPressedTwice            
20039751  g_ucReasonForFailure                  
20039752  iDone                                 
20039753  isitfirsttime                         
20039754  print_count                           
20039755  valid_case                            
20039758  _sys_memory                           
ffffffff  __binit__                             
ffffffff  __c_args__                            
ffffffff  binit                                 
UNDEFED   SHT$$INIT_ARRAY$$Base                 
UNDEFED   SHT$$INIT_ARRAY$$Limit                

[897 symbols]
