******************************************************************************
                  TI ARM Linker PC v5.1.6                      
******************************************************************************
>> Linked Wed Apr 22 09:27:43 2015

OUTPUT FILE NAME:   <ULP_SEC_CAM.out>
ENTRY POINT SYMBOL: "_c_int00"  address: 20013c3d


MEMORY CONFIGURATION

         name            origin    length      used     unused   attr    fill
----------------------  --------  ---------  --------  --------  ----  --------
  SRAM_BOOTLDR          20000000   00004000  00002550  00001ab0  RW X
  SRAM_CODE             20004000   00014000  00011fc1  0000203f  RW X
  SRAM_DATA             20018000   00024000  000228e8  00001718  RW X


SEGMENT ALLOCATION MAP

run origin  load origin   length   init length attrs members
----------  ----------- ---------- ----------- ----- -------
20000000    20000000    00001550   00000000    rw-
  20000000    20000000    00001550   00000000    rw- .data
20003000    20003000    00001000   00000000    rw-
  20003000    20003000    00001000   00000000    rw- .stack
20004000    20004000    00011fc8   00011fc8    r-x
  20004000    20004000    00000400   00000400    r-- .intvecs
  20004400    20004400    00010594   00010594    r-x .text
  20014998    20014998    00000a7d   00000a7d    r-- .const
  20015418    20015418    00000bb0   00000bb0    r-- .cinit
20018000    20018000    000228e8   00000000    rw-
  20018000    20018000    0001e8e8   00000000    rw- .bss
  200368e8    200368e8    00004000   00000000    rw- .sysmem


SECTION ALLOCATION MAP

 output                                  attributes/
section   page    origin      length       input sections
--------  ----  ----------  ----------   ----------------
.init_array 
*          0    20004000    00000000     UNINITIALIZED

.data      0    20000000    00001550     UNINITIALIZED
                  20000000    00000600     camera_app.obj (.data:JPEG_StdHuffmanTbl)
                  20000600    00000400     camera_app.obj (.data:g_header)
                  20000a00    000003c9     libparse.a : cc3200_certificate.obj (.data:DigiCertHighAssuranceEVRootCA_der)
                  20000dc9    00000003     --HOLE--
                  20000dcc    00000184     simplelink.a : driver.obj (.data)
                  20000f50    000000f0     rtsv7M4_T_le_eabi.lib : defs.obj (.data:_ftable)
                  20001040    000000d0                           : lowlev.obj (.data)
                  20001110    000000b0                           : signal.obj (.data:sigtable)
                  200011c0    00000080                           : xvalues.obj (.data)
                  20001240    00000070                           : xlvalues.obj (.data)
                  200012b0    00000068                           : xfvalues.obj (.data)
                  20001318    00000064     simplelink.a : cc_pal.obj (.data)
                  2000137c    00000040     camera_app.obj (.data:JPEG_StdQuantTblC)
                  200013bc    00000040     camera_app.obj (.data:JPEG_StdQuantTblY)
                  200013fc    00000040     camera_app.obj (.data:zigzag)
                  2000143c    00000034     free_rtos.a : tasks.obj (.data)
                  20001470    0000002c     libparse.a : cc3200_utils.obj (.data:lastDateTime)
                  2000149c    00000018                : cc3200_utils.obj (.data)
                  200014b4    00000018                : request.obj (.data)
                  200014cc    00000010     rtsv7M4_T_le_eabi.lib : defs.obj (.data)
                  200014dc    0000000e     main.obj (.data)
                  200014ea    00000002     --HOLE--
                  200014ec    0000000c     free_rtos.a : osi_freertos.obj (.data)
                  200014f8    0000000c     network_relater_fns.obj (.data)
                  20001504    0000000c     rtsv7M4_T_le_eabi.lib : memory.obj (.data)
                  20001510    00000008     camera_app.obj (.data)
                  20001518    00000008     rtsv7M4_T_le_eabi.lib : _lock.obj (.data)
                  20001520    00000008                           : exit.obj (.data)
                  20001528    00000008                           : feraiseexcept.obj (.data)
                  20001530    00000006     libparse.a : http.obj (.data)
                  20001536    00000002     --HOLE--
                  20001538    00000004     free_rtos.a : port.obj (.data)
                  2000153c    00000004     libparse.a : cc3200_certificate.obj (.data)
                  20001540    00000004     rtsv7M4_T_le_eabi.lib : errno.obj (.data)
                  20001544    00000004                           : fopen.obj (.data)
                  20001548    00000004                           : rand.obj (.data)
                  2000154c    00000004                           : stkdepth_vars.obj (.data)

.stack     0    20003000    00001000     UNINITIALIZED
                  20003000    00001000     --HOLE--

.intvecs   0    20004000    00000400     
                  20004000    00000400     startup_ccs.obj (.intvecs)

.text      0    20004400    00010594     
                  20004400    00001258     free_rtos.a : tasks.obj (.text)
                  20005658    00000ec0     rtsv7M4_T_le_eabi.lib : _printfi.obj (.text)
                  20006518    00000c20     network_relater_fns.obj (.text)
                  20007138    00000be8     camera_app.obj (.text)
                  20007d20    00000b24     free_rtos.a : queue.obj (.text)
                  20008844    0000097c     libparse.a : request.obj (.text)
                  200091c0    0000093a     accelomtrMagntomtr_fxos8700.obj (.text)
                  20009afa    00000002     driverlib.a : interrupt.obj (.text:IntDefaultHandler)
                  20009afc    0000064e     libparse.a : cc3200_utils.obj (.text)
                  2000a14a    00000002     --HOLE-- [fill = 0]
                  2000a14c    00000518                : installation.obj (.text)
                  2000a664    000004a2                : simplejson.obj (.text)
                  2000ab06    00000002     --HOLE-- [fill = 0]
                  2000ab08    0000049c                : cc3200_socket.obj (.text)
                  2000afa4    00000490     rtsv7M4_T_le_eabi.lib : pow.obj (.text)
                  2000b434    0000045c     free_rtos.a : osi_freertos.obj (.text)
                  2000b890    000003cc     rtsv7M4_T_le_eabi.lib : memory.obj (.text)
                  2000bc5c    000003b4     libparse.a : cc3200_client_state.obj (.text)
                  2000c010    000003a6     simplelink.a : driver.obj (.text:_SlDrvMsgRead)
                  2000c3b6    00000002     --HOLE-- [fill = 0]
                  2000c3b8    0000034c                  : driver.obj (.text:_SlAsyncEventGenericHandler)
                  2000c704    00000310     rtsv7M4_T_le_eabi.lib : lowlev.obj (.text)
                  2000ca14    000002fc     main.obj (.text)
                  2000cd10    000002e4     rtsv7M4_T_le_eabi.lib : xlog.obj (.text)
                  2000cff4    000002d4                           : trgdrv.obj (.text)
                  2000d2c8    000002a0                           : vla_alloc.obj (.text)
                  2000d568    0000027c     parse_uploads.obj (.text)
                  2000d7e4    00000204     mt9d111.obj (.text)
                  2000d9e8    000001fc     rtsv7M4_T_le_eabi.lib : xexp.obj (.text)
                  2000dbe4    000001f4                           : ull_div_t2.obj (.text)
                  2000ddd8    000001dc     libparse.a : cc3200_certificate.obj (.text)
                  2000dfb4    000001c0     rtsv7M4_T_le_eabi.lib : fopen.obj (.text)
                  2000e174    000001b8     uartA1_if.obj (.text)
                  2000e32c    000001b6     rtsv7M4_T_le_eabi.lib : fd_add_t2.obj (.text)
                  2000e4e2    00000002     --HOLE-- [fill = 0]
                  2000e4e4    000001b0     libparse.a : http.obj (.text)
                  2000e694    0000019c     simplelink.a : wlan.obj (.text:sl_WlanConnect)
                  2000e830    00000194     udma_if.obj (.text)
                  2000e9c4    0000018c     i2c_if.obj (.text)
                  2000eb50    00000188     rtsv7M4_T_le_eabi.lib : xlatan.obj (.text)
                  2000ecd8    00000170     i2cconfig.obj (.text)
                  2000ee48    00000164     simplelink.a : driver.obj (.text:_SlDrvDataReadOp)
                  2000efac    00000140                  : driver.obj (.text:_SlDrvRxHdrRead)
                  2000f0ec    00000140     rtsv7M4_T_le_eabi.lib : sqrt.obj (.text)
                  2000f22c    00000136                           : fd_div_t2.obj (.text)
                  2000f362    00000002     --HOLE-- [fill = 0]
                  2000f364    00000134     driverlib.a : prcm.obj (.text:PRCMCC3200MCUInit)
                  2000f498    00000134     rtsv7M4_T_le_eabi.lib : fputs.obj (.text)
                  2000f5cc    00000130     simplelink.a : cc_pal.obj (.text:spi_Open)
                  2000f6fc    0000012c                  : driver.obj (.text:_SlDrvDataWriteOp)
                  2000f828    0000012a     free_rtos.a : list.obj (.text)
                  2000f952    00000002     --HOLE-- [fill = 0]
                  2000f954    00000116     libparse.a : parse_impl.obj (.text)
                  2000fa6a    00000002     --HOLE-- [fill = 0]
                  2000fa6c    00000114     simplelink.a : driver.obj (.text:_SlDrvMsgWrite)
                  2000fb80    00000110     free_rtos.a : port.obj (.text)
                  2000fc90    00000110     rtsv7M4_T_le_eabi.lib : xdscale.obj (.text)
                  2000fda0    0000010c     simplelink.a : driver.obj (.text:_SlDrvWaitForPoolObj)
                  2000feac    0000010c     i2c_app.obj (.text)
                  2000ffb8    00000108     simplelink.a : socket.obj (.text:sl_Select)
                  200100c0    00000104                  : driver.obj (.text:_SlDrvReleasePoolObj)
                  200101c4    00000104     rtsv7M4_T_le_eabi.lib : atan2l.obj (.text)
                  200102c8    000000fc                           : fd_mul_t2.obj (.text)
                  200103c4    000000fa                           : fs_add_t2.obj (.text)
                  200104be    00000002     --HOLE-- [fill = 0]
                  200104c0    000000f0     driverlib.a : udma.obj (.text:uDMAChannelTransferSet)
                  200105b0    000000e8     simplelink.a : socket.obj (.text:sl_Connect)
                  20010698    000000e8                  : cc_pal.obj (.text:spi_Write)
                  20010780    000000dc     rtsv7M4_T_le_eabi.lib : setvbuf.obj (.text)
                  2001085c    000000d8     simplelink.a : netapp.obj (.text:sl_NetAppDnsGetHostByName)
                  20010934    000000d8     timer_fns.obj (.text)
                  20010a0c    000000cc     simplelink.a : cc_pal.obj (.text:spi_Read)
                  20010ad8    000000c4     rtsv7M4_T_le_eabi.lib : xdint.obj (.text)
                  20010b9c    000000c4                           : xdnorm.obj (.text)
                  20010c60    000000c4     simplelink.a : device.obj (.text:sl_Stop)
                  20010d24    000000c0     rtsv7M4_T_le_eabi.lib : fflush.obj (.text)
                  20010de4    000000c0     simplelink.a : device.obj (.text:sl_Start)
                  20010ea4    000000ba     free_rtos.a : portasm.obj (.text)
                  20010f5e    00000002     --HOLE-- [fill = 0]
                  20010f60    000000b4     simplelink.a : driver.obj (.text:_SlDrvMsgReadCmdCtx)
                  20011014    000000b4     libparse.a : cc3200_debug.obj (.text)
                  200110c8    000000b2     simplelink.a : netapp.obj (.text:_SlDrvNetAppEventHandler)
                  2001117a    000000b2     pinmux.obj (.text)
                  2001122c    000000b0     simplelink.a : socket.obj (.text:sl_Send)
                  200112dc    000000ac     rtsv7M4_T_le_eabi.lib : _io_perm.obj (.text)
                  20011388    000000a8     driverlib.a : interrupt.obj (.text:IntDisable)
                  20011430    000000a8                 : interrupt.obj (.text:IntEnable)
                  200114d8    000000a8     timer_if.obj (.text)
                  20011580    000000a0     driverlib.a : spi.obj (.text:SPIConfigSetExpClk)
                  20011620    0000009c     rtsv7M4_T_le_eabi.lib : fputc.obj (.text)
                  200116bc    0000009c                           : memcpy_t2.obj (.text)
                  20011758    00000098     simplelink.a : driver.obj (.text:_SlFindAndSetActiveObj)
                  200117f0    00000098     collect_and_txit.obj (.text)
                  20011888    00000098     rtsv7M4_T_le_eabi.lib : fclose.obj (.text)
                  20011920    00000098                           : snprintf.obj (.text)
                  200119b8    00000094     driverlib.a : prcm.obj (.text:PRCMPeripheralClockGet)
                  20011a4c    00000094     simplelink.a : driver.obj (.text:_SlDrvClassifyRxMsg)
                  20011ae0    00000094     rtsv7M4_T_le_eabi.lib : auto_init.obj (.text)
                  20011b74    00000090     simplelink.a : driver.obj (.text:_SlDrvMsgReadSpawnCtx)
                  20011c04    0000008c                  : fs.obj (.text:sl_FsRead)
                  20011c90    0000008c                  : fs.obj (.text:sl_FsWrite)
                  20011d1c    00000088     driverlib.a : pin.obj (.text:PinConfigSet)
                  20011da4    00000088     rtsv7M4_T_le_eabi.lib : vsnprintf.obj (.text)
                  20011e2c    00000088     simplelink.a : netapp.obj (.text:sl_NetAppMDNSRegisterUnregisterService)
                  20011eb4    00000086     rtsv7M4_T_le_eabi.lib : fd_cmp_t2.obj (.text:__aeabi_cdcmple)
                  20011f3a    00000086                           : fd_cmp_t2.obj (.text:__aeabi_cdrcmple)
                  20011fc0    00000084     driverlib.a : i2c.obj (.text:I2CMasterInitExpClk)
                  20012044    00000084     simplelink.a : driver.obj (.text:_SlDrvCmdOp)
                  200120c8    00000080                  : cc_pal.obj (.text:NwpPowerOnPreamble)
                  20012148    0000007c                  : driver.obj (.text:_SlDrvDriverCBInit)
                  200121c4    0000007c                  : netapp.obj (.text:_sl_HandleAsync_DnsGetHostByName)
                  20012240    0000007c                  : device.obj (.text:sl_DevGet)
                  200122bc    0000007c                  : fs.obj (.text:sl_FsClose)
                  20012338    0000007a     rtsv7M4_T_le_eabi.lib : fs_mul_t2.obj (.text)
                  200123b2    00000002     --HOLE-- [fill = 0]
                  200123b4    00000078     simplelink.a : cc_pal.obj (.text:SetupDMAReceive)
                  2001242c    00000078     rtsv7M4_T_le_eabi.lib : memset_t2.obj (.text)
                  200124a4    00000076     driverlib.a : uart.obj (.text:UARTConfigSetExpClk)
                  2001251a    00000002     --HOLE-- [fill = 0]
                  2001251c    00000074     simplelink.a : device.obj (.text:_sl_HandleAsync_InitComplete)
                  20012590    00000074                  : wlan.obj (.text:sl_WlanGet)
                  20012604    00000074                  : cc_pal.obj (.text:spi_Close)
                  20012678    00000070     driverlib.a : timer.obj (.text:TimerIntRegister)
                  200126e8    00000070     simplelink.a : netapp.obj (.text:_sl_HandleAsync_PingResponse)
                  20012758    0000006e                  : socket.obj (.text:_sl_TruncatePayloadByProtocol)
                  200127c6    00000002     --HOLE-- [fill = 0]
                  200127c8    0000006c     rtsv7M4_T_le_eabi.lib : fprintf.obj (.text)
                  20012834    00000068     driverlib.a : timer.obj (.text:TimerIntUnregister)
                  2001289c    00000068     simplelink.a : socket.obj (.text:_sl_HandleAsync_Connect)
                  20012904    00000068                  : netapp.obj (.text:_sl_HandleAsync_DnsGetHostByService)
                  2001296c    00000068                  : fs.obj (.text:sl_FsGetInfo)
                  200129d4    00000064                  : fs.obj (.text:_sl_GetCreateFsMode)
                  20012a38    00000064                  : socket.obj (.text:_sl_HandleAsync_Accept)
                  20012a9c    00000064     rtsv7M4_T_le_eabi.lib : fseek.obj (.text)
                  20012b00    00000064                           : xdunscal.obj (.text)
                  20012b64    00000064     driverlib.a : udma.obj (.text:uDMAChannelAttributeDisable)
                  20012bc8    00000064                 : udma.obj (.text:uDMAChannelAttributeEnable)
                  20012c2c    00000060     rtsv7M4_T_le_eabi.lib : fs_cmp_t2.obj (.text:__aeabi_cfcmple)
                  20012c8c    00000060                           : fs_cmp_t2.obj (.text:__aeabi_cfrcmple)
                  20012cec    00000060                           : sprintf.obj (.text)
                  20012d4c    00000060                           : trgmsg.obj (.text)
                  20012dac    0000005e                           : copy_decompress_rle.obj (.text)
                  20012e0a    0000005a                           : ltoa.obj (.text)
                  20012e64    00000058     driverlib.a : interrupt.obj (.text:IntPendClear)
                  20012ebc    00000058                 : prcm.obj (.text:PRCMPeripheralReset)
                  20012f14    00000058     simplelink.a : driver.obj (.text:_SlDrvDriverCBDeinit)
                  20012f6c    00000058                  : socket.obj (.text:_sl_HandleAsync_Select)
                  20012fc4    00000054     driverlib.a : interrupt.obj (.text:IntPrioritySet)
                  20013018    00000054     simplelink.a : device.obj (.text:_sl_HandleAsync_Stop)
                  2001306c    00000054                  : fs.obj (.text:sl_FsOpen)
                  200130c0    00000054                  : netapp.obj (.text:sl_NetAppSendTokenValue)
                  20013114    00000050     app_common.obj (.text)
                  20013164    0000004c     driverlib.a : spi.obj (.text:SPIIntEnable)
                  200131b0    0000004c     rtsv7M4_T_le_eabi.lib : atoi.obj (.text)
                  200131fc    0000004c                           : rand.obj (.text)
                  20013248    0000004c     simplelink.a : socket.obj (.text:sl_SetSockOpt)
                  20013294    0000004c     driverlib.a : udma.obj (.text:uDMAChannelAssign)
                  200132e0    0000004a     simplelink.a : device.obj (.text:_sl_GetStartResponseConvert)
                  2001332a    0000004a     rtsv7M4_T_le_eabi.lib : fd_tos_t2.obj (.text)
                  20013374    00000048     driverlib.a : spi.obj (.text:SPIIntClear)
                  200133bc    00000048     rtsv7M4_T_le_eabi.lib : fd_toi_t2.obj (.text)
                  20013404    00000048     simplelink.a : device.obj (.text:sl_DevSet)
                  2001344c    00000048                  : fs.obj (.text:sl_FsDel)
                  20013494    00000048                  : wlan.obj (.text:sl_WlanSet)
                  200134dc    00000044     driverlib.a : spi.obj (.text:SPIDmaMaskGet)
                  20013520    00000044                 : timer.obj (.text:TimerConfigure)
                  20013564    00000044     rtsv7M4_T_le_eabi.lib : cpy_tbl.obj (.text)
                  200135a8    00000044                           : exit.obj (.text)
                  200135ec    00000044                           : fd_tou_t2.obj (.text)
                  20013630    00000044                           : xdtest.obj (.text)
                  20013674    00000044     simplelink.a : netcfg.obj (.text:sl_NetCfgSet)
                  200136b8    00000044                  : socket.obj (.text:sl_Recv)
                  200136fc    00000040     driverlib.a : pin.obj (.text:PinModeSet)
                  2001373c    00000040     simplelink.a : driver.obj (.text:_SlDrvRxIrqHandler)
                  2001377c    00000040                  : driver.obj (.text:_SlRemoveFromList)
                  200137bc    00000040     rtsv7M4_T_le_eabi.lib : signal.obj (.text)
                  200137fc    00000040     simplelink.a : wlan.obj (.text:sl_WlanPolicySet)
                  2001383c    00000040                  : wlan.obj (.text:sl_WlanRxFilterSet)
                  2001387c    0000003c                  : cc_pal.obj (.text:NwpPowerOff)
                  200138b8    0000003c     driverlib.a : prcm.obj (.text:PRCMPeripheralClkEnable)
                  200138f4    0000003c     simplelink.a : driver.obj (.text:_SlDrvObjInit)
                  20013930    0000003c     rtsv7M4_T_le_eabi.lib : strncasecmp.obj (.text)
                  2001396c    0000003c     driverlib.a : udma.obj (.text:uDMAChannelControlSet)
                  200139a8    0000003a                 : camera.obj (.text:CameraCaptureStop)
                  200139e2    0000003a                 : camera.obj (.text:CameraXClkConfig)
                  20013a1c    00000038     free_rtos.a : heap_3.obj (.text)
                  20013a54    00000038     rtsv7M4_T_le_eabi.lib : fs_tod_t2.obj (.text)
                  20013a8c    00000038                           : fs_toi_t2.obj (.text)
                  20013ac4    00000038                           : i_tofs_t2.obj (.text)
                  20013afc    00000038     simplelink.a : socket.obj (.text:sl_Htonl)
                  20013b34    00000036     driverlib.a : gpio.obj (.text:GPIODirModeSet)
                  20013b6a    00000034                 : camera.obj (.text:CameraParamsConfig)
                  20013b9e    00000002     --HOLE-- [fill = 0]
                  20013ba0    00000034                 : prcm.obj (.text:PRCMPeripheralStatusGet)
                  20013bd4    00000034                 : spi.obj (.text:SPIFIFOLevelSet)
                  20013c08    00000034     simplelink.a : driver.obj (.text:_SlDrvBasicCmd)
                  20013c3c    00000034     rtsv7M4_T_le_eabi.lib : boot.obj (.text)
                  20013c70    00000034                           : feraiseexcept.obj (.text)
                  20013ca4    00000034                           : fs_tou_t2.obj (.text)
                  20013cd8    00000034                           : strstr.obj (.text)
                  20013d0c    00000034     simplelink.a : socket.obj (.text:sl_Htons)
                  20013d40    00000030                  : cc_pal.obj (.text:NwpPowerOn)
                  20013d70    00000030     driverlib.a : pin.obj (.text:PinTypeGPIO)
                  20013da0    00000030                 : uart.obj (.text:UARTDisable)
                  20013dd0    00000030     rtsv7M4_T_le_eabi.lib : strncpy.obj (.text)
                  20013e00    00000030                           : xferaise.obj (.text)
                  20013e30    00000030     simplelink.a : socket.obj (.text:sl_Socket)
                  20013e60    0000002e     rtsv7M4_T_le_eabi.lib : i_tofd_t2.obj (.text)
                  20013e8e    0000002e                           : raise.obj (.text)
                  20013ebc    0000002c     driverlib.a : camera.obj (.text:CameraIntEnable)
                  20013ee8    0000002c     simplelink.a : cc_pal.obj (.text:DmaSpiSwIntHandler)
                  20013f14    0000002c     driverlib.a : i2c.obj (.text:I2CMasterErr)
                  20013f40    0000002c                 : prcm.obj (.text:PRCMSysResetCauseGet)
                  20013f6c    0000002c     simplelink.a : flowcont.obj (.text:_SlDrvFlowContDeinit)
                  20013f98    0000002c                  : flowcont.obj (.text:_SlDrvFlowContInit)
                  20013fc4    0000002a     driverlib.a : timer.obj (.text:TimerLoadSet)
                  20013fee    0000002a                 : timer.obj (.text:TimerPrescaleSet)
                  20014018    00000028                 : camera.obj (.text:CameraIntStatus)
                  20014040    00000028                 : prcm.obj (.text:PRCMPeripheralClkDisable)
                  20014068    00000028     simplelink.a : socket.obj (.text:_sl_BuildAddress)
                  20014090    00000028     rtsv7M4_T_le_eabi.lib : strncat.obj (.text)
                  200140b8    00000028     simplelink.a : wlan.obj (.text:sl_WlanSetMode)
                  200140e0    00000026     driverlib.a : camera.obj (.text:CameraThresholdSet)
                  20014106    00000026     rtsv7M4_T_le_eabi.lib : strncmp.obj (.text)
                  2001412c    00000024     driverlib.a : camera.obj (.text:CameraIntClear)
                  20014150    00000024                 : interrupt.obj (.text:IntUnregister)
                  20014174    00000024                 : uart.obj (.text:UARTEnable)
                  20014198    00000024     rtsv7M4_T_le_eabi.lib : memmov.obj (.text)
                  200141bc    00000024                           : u_tofs_t2.obj (.text)
                  200141e0    00000024     simplelink.a : socket.obj (.text:sl_Close)
                  20014204    00000024                  : netapp.obj (.text:sl_NetAppStart)
                  20014228    00000024                  : netapp.obj (.text:sl_NetAppStop)
                  2001424c    00000024                  : wlan.obj (.text:sl_WlanProfileDel)
                  20014270    00000022     driverlib.a : camera.obj (.text:CameraCaptureStart)
                  20014292    00000022                 : i2c.obj (.text:I2CMasterSlaveAddrSet)
                  200142b4    00000022     simplelink.a : cc_pal.obj (.text:NwpRegisterInterruptHandler)
                  200142d6    00000022     driverlib.a : spi.obj (.text:SPIReset)
                  200142f8    00000022                 : spi.obj (.text:SPIWordCountSet)
                  2001431a    00000022     rtsv7M4_T_le_eabi.lib : memcmp.obj (.text)
                  2001433c    00000020     driverlib.a : interrupt.obj (.text:IntRegister)
                  2001435c    00000020     simplelink.a : driver.obj (.text:_SlDrvCmdSend)
                  2001437c    00000020     rtsv7M4_T_le_eabi.lib : u_tofd_t2.obj (.text)
                  2001439c    0000001e     driverlib.a : i2c.obj (.text:I2CMasterIntStatusEx)
                  200143ba    0000001e                 : timer.obj (.text:TimerDisable)
                  200143d8    0000001e                 : timer.obj (.text:TimerEnable)
                  200143f6    0000001e                 : timer.obj (.text:TimerIntStatus)
                  20014414    0000001e                 : uart.obj (.text:UARTCharPut)
                  20014432    0000001c                 : pin.obj (.text:PinTypeI2C)
                  2001444e    0000001c                 : timer.obj (.text:TimerValueGet)
                  2001446a    00000002     --HOLE-- [fill = 0]
                  2001446c    0000001c     simplelink.a : driver.obj (.text:_SlDrvObjDeInit)
                  20014488    0000001c     rtsv7M4_T_le_eabi.lib : memccpy.obj (.text)
                  200144a4    0000001c     driverlib.a : udma.obj (.text:uDMAChannelDisable)
                  200144c0    0000001c                 : udma.obj (.text:uDMAChannelEnable)
                  200144dc    0000001a     simplelink.a : netapp.obj (.text:CopyPingResultsToReport)
                  200144f6    0000001a     driverlib.a : pin.obj (.text:PinTypeCamera)
                  20014510    0000001a                 : pin.obj (.text:PinTypeUART)
                  2001452a    0000001a                 : spi.obj (.text:SPIDmaDisable)
                  20014544    0000001a                 : spi.obj (.text:SPIDmaEnable)
                  2001455e    0000001a                 : spi.obj (.text:SPIFIFODisable)
                  20014578    0000001a                 : spi.obj (.text:SPIFIFOEnable)
                  20014592    0000001a     simplelink.a : device.obj (.text:_SlDrvDeviceEventHandler)
                  200145ac    00000018     driverlib.a : camera.obj (.text:CameraReset)
                  200145c4    00000018                 : gpio.obj (.text:GPIOPinRead)
                  200145dc    00000018                 : spi.obj (.text:SPICSDisable)
                  200145f4    00000018                 : spi.obj (.text:SPICSEnable)
                  2001460c    00000018                 : spi.obj (.text:SPIDisable)
                  20014624    00000018                 : spi.obj (.text:SPIEnable)
                  2001463c    00000018                 : timer.obj (.text:TimerIntDisable)
                  20014654    00000018                 : timer.obj (.text:TimerIntEnable)
                  2001466c    00000018     rtsv7M4_T_le_eabi.lib : args_main.obj (.text)
                  20014684    00000018                           : ll_mul_t2.obj (.text)
                  2001469c    00000018                           : strcmp.obj (.text)
                  200146b4    00000016     driverlib.a : camera.obj (.text:CameraDMAEnable)
                  200146ca    00000016                 : camera.obj (.text:CameraIntRegister)
                  200146e0    00000016                 : i2c.obj (.text:I2CMasterDataPut)
                  200146f6    00000016                 : i2c.obj (.text:I2CMasterEnable)
                  2001470c    00000016                 : prcm.obj (.text:PRCMHIBRegRead)
                  20014722    00000016                 : prcm.obj (.text:PRCMHIBRegWrite)
                  20014738    00000016                 : uart.obj (.text:UARTCharGet)
                  2001474e    00000016     simplelink.a : fs.obj (.text:_sl_Strlen)
                  20014764    00000016     rtsv7M4_T_le_eabi.lib : memchr.obj (.text)
                  2001477a    00000016                           : strchr.obj (.text)
                  20014790    00000016     driverlib.a : udma.obj (.text:uDMAIntRegister)
                  200147a6    00000014                 : cpu.obj (.text:CPUcpsie)
                  200147ba    00000002     --HOLE-- [fill = 0]
                  200147bc    00000014                 : interrupt.obj (.text:IntVTableBaseSet)
                  200147d0    00000014     simplelink.a : driver.obj (.text:_SlDrvShiftDWord)
                  200147e4    00000014     rtsv7M4_T_le_eabi.lib : _lock.obj (.text)
                  200147f8    00000014                           : strlen.obj (.text)
                  2001480c    00000014     driverlib.a : udma.obj (.text:uDMAControlBaseSet)
                  20014820    00000014                 : udma.obj (.text:uDMAIntClear)
                  20014834    00000012                 : i2c.obj (.text:I2CMasterControl)
                  20014846    00000012                 : i2c.obj (.text:I2CMasterIntClearEx)
                  20014858    00000012                 : i2c.obj (.text:I2CMasterTimeoutSet)
                  2001486a    00000012                 : timer.obj (.text:TimerIntClear)
                  2001487c    00000012     rtsv7M4_T_le_eabi.lib : copy_zero_init.obj (.text:decompress:ZI)
                  2001488e    00000012     simplelink.a : netapp.obj (.text:sl_NetAppMDNSUnRegisterService)
                  200148a0    00000012     driverlib.a : udma.obj (.text:uDMAIntUnregister)
                  200148b2    00000002     --HOLE-- [fill = 0]
                  200148b4    00000010     simplelink.a : cc_pal.obj (.text:NwpMaskInterrupt)
                  200148c4    00000010                  : socket.obj (.text:SL_FD_SET)
                  200148d4    00000010     rtsv7M4_T_le_eabi.lib : strcpy.obj (.text)
                  200148e4    00000010                           : tolower.obj (.text)
                  200148f4    0000000e     driverlib.a : i2c.obj (.text:I2CMasterDataGet)
                  20014902    0000000e     rtsv7M4_T_le_eabi.lib : copy_decompress_none.obj (.text:decompress:none)
                  20014910    0000000e                           : xdclass.obj (.text)
                  2001491e    0000000e     startup_ccs.obj (.text)
                  2001492c    0000000c     simplelink.a : cc_pal.obj (.text:NwpUnMaskInterrupt)
                  20014938    0000000c     driverlib.a : udma.obj (.text:uDMADisable)
                  20014944    0000000c                 : udma.obj (.text:uDMAEnable)
                  20014950    0000000c                 : udma.obj (.text:uDMAIntStatus)
                  2001495c    0000000a                 : interrupt.obj (.text:IntMasterEnable)
                  20014966    00000008     simplelink.a : wlan.obj (.text:sl_WlanDisconnect)
                  2001496e    00000006     i2cconfig.obj (.text:MT9D111Delay)
                  20014974    00000006     simplelink.a : socket.obj (.text:SL_FD_ZERO)
                  2001497a    00000006     driverlib.a : utils.obj (.text:UtilsDelay)
                  20014980    00000006     rtsv7M4_T_le_eabi.lib : copy_decompress_rle.obj (.text:decompress:rle24)
                  20014986    00000006                           : log.obj (.text)
                  2001498c    00000004                           : error.obj (.text)
                  20014990    00000004                           : xldtest.obj (.text)

.const     0    20014998    00000a7d     
                  20014998    0000013c     mt9d111.obj (.const:init_cmds_list)
                  20014ad4    00000102     rtsv7M4_T_le_eabi.lib : ctype.obj (.const:.string:_ctypes_)
                  20014bd6    00000002     --HOLE-- [fill = 0]
                  20014bd8    00000100     driverlib.a : pin.obj (.const:g_ulPinToPadMap)
                  20014cd8    000000ec     simplelink.a : wlan.obj (.const)
                  20014dc4    000000d4     driverlib.a : interrupt.obj (.const:g_pulRegs)
                  20014e98    000000b4     mt9d111.obj (.const:capture_cmds_list)
                  20014f4c    000000a8     driverlib.a : prcm.obj (.const:PRCM_PeriphRegsList)
                  20014ff4    00000004     --HOLE-- [fill = 0]
                  20014ff8    00000088     rtsv7M4_T_le_eabi.lib : xlatan.obj (.const)
                  20015080    00000080     driverlib.a : interrupt.obj (.const)
                  20015100    00000051     network_relater_fns.obj (.const:.string)
                  20015151    00000003     --HOLE-- [fill = 0]
                  20015154    0000004c     simplelink.a : driver.obj (.const)
                  200151a0    00000048     rtsv7M4_T_le_eabi.lib : xexp.obj (.const)
                  200151e8    00000038                           : xlog.obj (.const:p)
                  20015220    00000038     simplelink.a : fs.obj (.const)
                  20015258    00000034                  : socket.obj (.const)
                  2001528c    00000030     rtsv7M4_T_le_eabi.lib : xdint.obj (.const)
                  200152bc    0000002c     libparse.a : cc3200_utils.obj (.const:$P$T0$1)
                  200152e8    0000002c     network_relater_fns.obj (.const:$P$T1$2)
                  20015314    00000028     simplelink.a : netapp.obj (.const)
                  2001533c    00000022     network_relater_fns.obj (.const:.string:$P$T0$1)
                  2001535e    00000022     mt9d111.obj (.const:.string)
                  20015380    00000020     network_relater_fns.obj (.const)
                  200153a0    00000018     driverlib.a : spi.obj (.const)
                  200153b8    00000017     libparse.a : request.obj (.const:.string)
                  200153cf    00000016     camera_app.obj (.const:.string)
                  200153e5    00000003     --HOLE-- [fill = 0]
                  200153e8    00000014     simplelink.a : device.obj (.const)
                  200153fc    0000000b     app_common.obj (.const:.string)
                  20015407    00000001     --HOLE-- [fill = 0]
                  20015408    00000008     simplelink.a : netcfg.obj (.const)
                  20015410    00000005     main.obj (.const:.string)

.cinit     0    20015418    00000bb0     
                  20015418    00000b8a     (.cinit..data.load) [load image, compression = rle]
                  20015fa2    00000002     --HOLE-- [fill = 0]
                  20015fa4    0000000c     (__TI_handler_table)
                  20015fb0    00000008     (.cinit..bss.load) [load image, compression = zero_init]
                  20015fb8    00000010     (__TI_cinit_table)

.bss       0    20018000    0001e8e8     UNINITIALIZED
                  20018000    0001e000     main.obj (.bss:g_image_buffer)
                  20036000    00000400     udma_if.obj (.bss:gpCtlTbl)
                  20036400    00000120     rtsv7M4_T_le_eabi.lib : trgmsg.obj (.bss:__CIOBUF_)
                  20036520    00000100     udma_if.obj (.bss:gfpAppCallbackHndl)
                  20036620    000000c8     free_rtos.a : tasks.obj (.bss:pxReadyTasksLists)
                  200366e8    000000a0     rtsv7M4_T_le_eabi.lib : defs.obj (.bss:__TI_tmpnams)
                  20036788    00000050     free_rtos.a : queue.obj (.bss:xQueueRegistry)
                  200367d8    00000034     libparse.a : cc3200_client_state.obj (.bss:clientStateFileName)
                  2003680c    00000024     network_relater_fns.obj (.bss:g_ucConnectionSSID)
                  20036830    0000001c     rtsv7M4_T_le_eabi.lib : vla_alloc.obj (.bss)
                  2003684c    00000014     (.common:xDelayedTaskList1)
                  20036860    00000014     (.common:xDelayedTaskList2)
                  20036874    00000014     (.common:xPendingReadyList)
                  20036888    00000014     (.common:xSuspendedTaskList)
                  2003689c    00000014     (.common:xTasksWaitingTermination)
                  200368b0    00000008     (.common:g_ucConnectionBSSID)
                  200368b8    00000008     (.common:parmbuf)
                  200368c0    00000004     (.common:__Errorlog)
                  200368c4    00000004     (.common:dataBuffer)
                  200368c8    00000004     (.common:g_frame_size_in_bytes)
                  200368cc    00000004     (.common:g_header_length)
                  200368d0    00000004     (.common:g_position_in_buffer)
                  200368d4    00000004     (.common:g_total_dma_intrpts)
                  200368d8    00000004     (.common:pxDelayedTaskList)
                  200368dc    00000004     (.common:pxOverflowDelayedTaskList)
                  200368e0    00000004     (.common:v_TimerOverflows)
                  200368e4    00000001     (.common:g_CaptureImage)
                  200368e5    00000001     (.common:g_dma_txn_done)
                  200368e6    00000001     (.common:g_frame_end)
                  200368e7    00000001     (.common:iDone)

.sysmem    0    200368e8    00004000     UNINITIALIZED
                  200368e8    00000008     rtsv7M4_T_le_eabi.lib : memory.obj (.sysmem)
                  200368f0    00003ff8     --HOLE--


LINKER GENERATED COPY TABLES

__TI_cinit_table @ 20015fb8 records: 2, size/record: 8, table size: 16
	.data: load addr=20015418, load size=00000b8a bytes, run addr=20000000, run size=00001550 bytes, compression=rle
	.bss: load addr=20015fb0, load size=00000008 bytes, run addr=20018000, run size=0001e8e8 bytes, compression=zero_init


LINKER GENERATED HANDLER TABLE

__TI_handler_table @ 20015fa4 records: 3, size/record: 4, table size: 12
	index: 0, handler: __TI_decompress_rle24
	index: 1, handler: __TI_decompress_none
	index: 2, handler: __TI_zero_init


GLOBAL SYMBOLS: SORTED ALPHABETICALLY BY Name 

address    name
--------   ----
200135a9   C$$EXIT
20012d77   C$$IO$$
200147a7   CPUcpsie
200075c9   CamControllerInit
20014271   CameraCaptureStart
200139a9   CameraCaptureStop
200146b5   CameraDMAEnable
2001412d   CameraIntClear
20013ebd   CameraIntEnable
200146cb   CameraIntRegister
20014019   CameraIntStatus
20013b6b   CameraParamsConfig
200145ad   CameraReset
2000d7e5   CameraSensorInit
200140e1   CameraThresholdSet
200139e3   CameraXClkConfig
20007139   CaptureAndStore_Image
2000e1ad   ClearTerm
200117f1   CollectTxit_ImgTempRH
200067e1   ConfigureMode
20006541   ConfigureSimpleLinkToDefaultState
2000681d   ConnectToNetwork
20006989   ConnectToNetwork_2
20006a4b   ConnectToNetwork_STA
20006a2f   ConnectToNetwork_STA_2
2000d5e9   ConstructDeviceStateObject
200144dd   CopyPingResultsToReport
20001324   DMAMsgQ
2000e979   DMASetupTransfer
2000153c   DigiCertHighAssuranceEVRootCA_der_len
2000e843   DmaErrorIntHandler
20013ee9   DmaSpiSwIntHandler
2000e831   DmaSwIntHandler
2000e1b3   Error
20009789   FXOS8700CQ_Init
20009875   FXOS8700CQ_Mag_Calibration
20013b35   GPIODirModeSet
200145c5   GPIOPinRead
2000e1e7   GetCmd
2001099d   GetTimeDuration
2000d281   HOSTclock
2000d249   HOSTclose
2000d20b   HOSTgetenv
2000d1af   HOSTlseek
2000d15d   HOSTopen
2000d111   HOSTread
2000d0b3   HOSTrename
2000d079   HOSTtime
2000d041   HOSTunlink
2000cff5   HOSTwrite
2000ecf7   I2CBufferRead
2000ed9f   I2CBufferWrite
2000ecd9   I2CInit
20014835   I2CMasterControl
200148f5   I2CMasterDataGet
200146e1   I2CMasterDataPut
200146f7   I2CMasterEnable
20013f15   I2CMasterErr
20011fc1   I2CMasterInitExpClk
20014847   I2CMasterIntClearEx
2001439d   I2CMasterIntStatusEx
20014293   I2CMasterSlaveAddrSet
20014859   I2CMasterTimeoutSet
2000eb3b   I2C_IF_Close
2000eb11   I2C_IF_Open
2000ea89   I2C_IF_Read
2000eaf1   I2C_IF_ReadFrom
2000ea27   I2C_IF_Write
2000e175   InitTerm
2000d569   InitialiseParse
20006519   InitializeAppVariables
20010947   InitializeTimer
20011389   IntDisable
20011431   IntEnable
2001495d   IntMasterEnable
20012e65   IntPendClear
20012fc5   IntPrioritySet
2001433d   IntRegister
20014151   IntUnregister
200147bd   IntVTableBaseSet
20000000   JPEG_StdHuffmanTbl
2000137c   JPEG_StdQuantTblC
200013bc   JPEG_StdQuantTblY
2001496f   MT9D111Delay
2000ca1d   Main_Task
2000e193   Message
200148b5   NwpMaskInterrupt
2001387d   NwpPowerOff
20013d41   NwpPowerOn
200120c9   NwpPowerOnPreamble
200142b5   NwpRegisterInterruptHandler
2001492d   NwpUnMaskInterrupt
2000f365   PRCMCC3200MCUInit
2001470d   PRCMHIBRegRead
20014723   PRCMHIBRegWrite
20014041   PRCMPeripheralClkDisable
200138b9   PRCMPeripheralClkEnable
200119b9   PRCMPeripheralClockGet
20012ebd   PRCMPeripheralReset
20013ba1   PRCMPeripheralStatusGet
20013f41   PRCMSysResetCauseGet
20011d1d   PinConfigSet
200136fd   PinModeSet
2001117b   PinMuxConfig
200144f7   PinTypeCamera
20013d71   PinTypeGPIO
20014433   PinTypeI2C
20014511   PinTypeUART
2000e291   Report
2001491f   ResetISR
UNDEFED    SHT$$INIT_ARRAY$$Base
UNDEFED    SHT$$INIT_ARRAY$$Limit
200148c5   SL_FD_SET
20014975   SL_FD_ZERO
200145dd   SPICSDisable
200145f5   SPICSEnable
20011581   SPIConfigSetExpClk
2001460d   SPIDisable
2001452b   SPIDmaDisable
20014545   SPIDmaEnable
20014625   SPIEnable
2001455f   SPIFIFODisable
20014579   SPIFIFOEnable
20013bd5   SPIFIFOLevelSet
20013375   SPIIntClear
20013165   SPIIntEnable
200142d7   SPIReset
200142f9   SPIWordCountSet
200014dc   SecurityParams
2000e8c1   SetupTransfer
20006dd9   SimpleLinkHttpServerCallback
20006cdd   SimpleLinkNetAppEventHandler
20006d81   SimpleLinkSockEventHandler
20006bf9   SimpleLinkWlanEventHandler
2000d7ed   StartSensorInJpegMode
20010973   StartTimer
2001098f   StopTimer
20010935   TimerBaseIntHandler
20013521   TimerConfigure
200143bb   TimerDisable
200143d9   TimerEnable
2001486b   TimerIntClear
2001463d   TimerIntDisable
20014655   TimerIntEnable
20012679   TimerIntRegister
200143f7   TimerIntStatus
20012835   TimerIntUnregister
20013fc5   TimerLoadSet
20013fef   TimerPrescaleSet
2001444f   TimerValueGet
2001155d   Timer_IF_DeInit
20011575   Timer_IF_GetCount
200114d9   Timer_IF_Init
20011503   Timer_IF_IntSetup
20011535   Timer_IF_InterruptClear
20013fc5   Timer_IF_ReLoad
20011549   Timer_IF_Start
200143bb   Timer_IF_Stop
2000e247   TrimSpace
20014739   UARTCharGet
20014415   UARTCharPut
200124a5   UARTConfigSetExpClk
20013da1   UARTDisable
20014175   UARTEnable
2000e899   UDMAChannelSelect
2000e965   UDMADeInit
2000e84f   UDMAInit
2000e8f7   UDMASetupAutoMemTransfer
2000e91b   UDMASetupPingPongTransfer
200144a5   UDMAStopTransfer
2000d57f   UploadImageToParse
2000d59d   UploadSensorDataToParse
2001497b   UtilsDelay
2000b6fd   VDeleteSimpleLinkSpawnTask
2000b6ad   VStartSimpleLinkSpawnTask
20014911   _Dclass
200011c0   _Denorm
20010ad9   _Dint
20010b9d   _Dnorm
2000fc91   _Dscale
20013631   _Dtest
20012b01   _Dunscale
200011d0   _Eps
20001540   _Errno
2000d9e9   _Exp
200012b0   _FDenorm
200012c0   _FEps
200012d0   _FInf
200012e0   _FNan
20001300   _FRteps
200012f0   _FSnan
20001310   _FXbig
20001314   _FZero
20001528   _Fenv
20013e01   _Feraise
200011e0   _Hugeval
200011f0   _Inf
2000eb51   _LAtan
20001240   _LDenorm
20014991   _LDtest
20001250   _LEps
20001260   _LInf
20001270   _LNan
20001290   _LRteps
20001280   _LSnan
200012a0   _LXbig
200012a8   _LZero
2000cd11   _Log
20001200   _Nan
20001220   _Rteps
20015278   _SlAcceptCmdCtrl
20015168   _SlActionLookupTable
2000c3b9   _SlAsyncEventGenericHandler
200153f4   _SlDeviceGetCmdCtrl
200153f8   _SlDeviceSetCmdCtrl
20013c09   _SlDrvBasicCmd
20011a4d   _SlDrvClassifyRxMsg
20012045   _SlDrvCmdOp
2001435d   _SlDrvCmdSend
2000ee49   _SlDrvDataReadOp
2000f6fd   _SlDrvDataWriteOp
20014593   _SlDrvDeviceEventHandler
20012f15   _SlDrvDriverCBDeinit
20012149   _SlDrvDriverCBInit
20013f6d   _SlDrvFlowContDeinit
20013f99   _SlDrvFlowContInit
2000c011   _SlDrvMsgRead
20010f61   _SlDrvMsgReadCmdCtx
20011b75   _SlDrvMsgReadSpawnCtx
2000fa6d   _SlDrvMsgWrite
200110c9   _SlDrvNetAppEventHandler
2001446d   _SlDrvObjDeInit
200138f5   _SlDrvObjInit
200100c1   _SlDrvReleasePoolObj
2000efad   _SlDrvRxHdrRead
2001373d   _SlDrvRxIrqHandler
200147d1   _SlDrvShiftDWord
2000fda1   _SlDrvWaitForPoolObj
200153f0   _SlEventMaskGetCmdCtrl
200153ec   _SlEventMaskSetCmdCtrl
20011759   _SlFindAndSetActiveObj
20015224   _SlFsCloseCmdCtrl
20015234   _SlFsDeleteCmdCtrl
20015230   _SlFsGetInfoCmdCtrl
20015220   _SlFsOpenCmdCtrl
20015228   _SlFsReadCmdCtrl
2001522c   _SlFsWriteCmdCtrl
2001532c   _SlGetHostByNameCtrl
20015328   _SlGetHostByServiceCtrl
20015320   _SlGetServiceListeCtrl
20015284   _SlGetSockOptCmdCtrl
20015274   _SlListenCmdCtrl
20015338   _SlNetAppGetCmdCtrl
20015334   _SlNetAppSendTokenValueCmdCtrl
20015330   _SlNetAppSetCmdCtrl
20015318   _SlNetAppStartCtrl
2001531c   _SlNetAppStopCtrl
2001540c   _SlNetCfgGetCmdCtrl
20015408   _SlNetCfgSetCmdCtrl
20014ce0   _SlPolicyGetCmdCtrl
20014cdc   _SlPolicySetCmdCtrl
20014ce8   _SlProfileDelCmdCtrl
20014ce4   _SlProfileGetCmdCtrl
2001527c   _SlRecvCmdCtrl
2001526c   _SlRecvfomCmdCtrl
20015324   _SlRegisterServiceCtrl
2001377d   _SlRemoveFromList
20014cf0   _SlRxFilterAddtCmdCtrl
20014cf8   _SlRxFilterGetCmdCtrl
20014cf4   _SlRxFilterSetCmdCtrl
20015288   _SlSelectCmdCtrl
20015270   _SlSendCmdCtrl
20015280   _SlSetSockOptCmdCtrl
20014cfc   _SlSmartConfigStartCmdCtrl
20015268   _SlSockCloseCmdCtrl
20015264   _SlSockSocketCmdCtrl
200153e8   _SlStopCmdCtrl
20014d08   _SlWlanCfgGetCmdCtrl
20014d04   _SlWlanCfgSetCmdCtrl
20014cec   _SlWlanGetNetworkListCtrl
20014d00   _SlWlanSetModeCmdCtrl
20001210   _Snan
2000152c   _Tls_setup__Fenv
20001230   _Xbig
20001238   _Zero
20036400   __CIOBUF_
20004000   __STACK_END
00001000   __STACK_SIZE
00004000   __SYSMEM_SIZE
20015fb8   __TI_CINIT_Base
20015fc8   __TI_CINIT_Limit
20015fa4   __TI_Handler_Table_Base
20015fb0   __TI_Handler_Table_Limit
00000001   __TI_args_main
20011ae1   __TI_auto_init
2000e07d   __TI_cleanup
20001520   __TI_cleanup_ptr
20011889   __TI_closefile
20014903   __TI_decompress_none
20014981   __TI_decompress_rle24
20010d25   __TI_doflush
20001524   __TI_dtors_ptr
200014cc   __TI_ft_end
2000620f   __TI_printfi
2001133f   __TI_rd_ok
20012d7b   __TI_readmsg
20015418   __TI_static_base__
200366e8   __TI_tmpnams
20012d4d   __TI_writemsg
200112dd   __TI_wrt_ok
2001487d   __TI_zero_init
2001498d   __abort_execution
20011eb5   __aeabi_cdcmpeq
20011eb5   __aeabi_cdcmple
20011f3b   __aeabi_cdrcmple
20012c2d   __aeabi_cfcmpeq
20012c2d   __aeabi_cfcmple
20012c8d   __aeabi_cfrcmple
2001332b   __aeabi_d2f
200133bd   __aeabi_d2iz
200135ed   __aeabi_d2uiz
2000e337   __aeabi_dadd
2000f22d   __aeabi_ddiv
200102c9   __aeabi_dmul
2000e32d   __aeabi_dsub
20013a55   __aeabi_f2d
20013a8d   __aeabi_f2iz
20013ca5   __aeabi_f2uiz
200103c9   __aeabi_fadd
20012339   __aeabi_fmul
200103c5   __aeabi_fsub
20013e61   __aeabi_i2d
20013ac5   __aeabi_i2f
20014685   __aeabi_lmul
2001242d   __aeabi_memclr
2001242d   __aeabi_memclr4
2001242d   __aeabi_memclr8
200116bd   __aeabi_memcpy
200116bd   __aeabi_memcpy4
200116bd   __aeabi_memcpy8
2001242f   __aeabi_memset
2001242f   __aeabi_memset4
2001242f   __aeabi_memset8
200014d8   __aeabi_stderr
200014d0   __aeabi_stdin
200014d4   __aeabi_stdout
2001437d   __aeabi_ui2d
200141bd   __aeabi_ui2f
2000dbe5   __aeabi_uldivmod
ffffffff   __binit__
ffffffff   __c_args__
20003000   __stack
2000d3d7   __vla_alloc
2000d2c9   __vla_dealloc
2000d357   __vla_dealloc_eh
2001466d   _args_main
20013c3d   _c_int00
20014ad4   _ctypes_
20000f50   _ftable
20001518   _lock
200147f3   _nop
200147eb   _register_lock
200147e5   _register_unlock
20014069   _sl_BuildAddress
200129d5   _sl_GetCreateFsMode
200132e1   _sl_GetStartResponseConvert
20012a39   _sl_HandleAsync_Accept
2001289d   _sl_HandleAsync_Connect
200121c5   _sl_HandleAsync_DnsGetHostByName
20012905   _sl_HandleAsync_DnsGetHostByService
2001251d   _sl_HandleAsync_InitComplete
200126e9   _sl_HandleAsync_PingResponse
20012f6d   _sl_HandleAsync_Select
20013019   _sl_HandleAsync_Stop
2001474f   _sl_Strlen
20012759   _sl_TruncatePayloadByProtocol
200368e8   _sys_memory
2000151c   _unlock
200135ad   abort
2000e593   addHttpRequestHeader
2000e5c1   addHttpRequestHeaderInt
2000e4e5   addHttpRequestLine
2000c967   add_device
200101c5   atan2l
200131b1   atoi
2000e54f   beginHttpGetRequest
2000e52d   beginHttpRequest
ffffffff   binit
20008867   buildRequestHeaders
2000bc25   calloc
20009739   clearAccelMotionIntrpt
200367d8   clientStateFileName
2000c915   close
200014c4   cnt
200091ef   configureFXOS8700
20013565   copy_in
2000a2c3   createInstallation
20009c8d   createNewInstallationId
200368c4   dataBuffer
200014c8   dataBufferSize
20011015   debugPrint
20011037   debugPrintf
20004691   eTaskGetState
2000ddd9   ensureCertificateFile
200135b5   exit
200118ef   fclose
20013c71   feraiseexcept
20009c19   fetchDeviceOSVersion
20010d71   fflush
2000aa2f   findSecondJson
2000e0d3   fopen
200127d1   fprintf
20011621   fputc
2000f499   fputs
2000b97f   free
2000e0a9   freopen
20012a9d   fseek
20000dd0   gFirstCmdMode
200368e4   g_CaptureImage
20015160   g_H2NCnysPattern
20015158   g_H2NSyncPattern
20001318   g_SpiFd
20000dd8   g_StatMem
20001328   g_cDummy
200153b8   g_deviceClientVersion
200014e8   g_flagPingFull
200014e9   g_flagPongFull
200368e6   g_frame_end
200368c8   g_frame_size_in_bytes
20000600   g_header
200368cc   g_header_length
20018000   g_image_buffer
2000149c   g_osVersion
20000dd4   g_pCB
2000131c   g_pHostIntHdl
20004000   g_pfnVectors
200368d0   g_position_in_buffer
200368b0   g_ucConnectionBSSID
2003680c   g_ucConnectionSSID
20001320   g_ucDMAEnabled
2000132c   g_ucDinDout
20001500   g_uiSimplelinkRole
200014fc   g_ulGatewayIP
20001514   g_ulPingPacketsRecv
200014f8   g_ulStatus
200095a5   getAccelerationMagnitude
2000946b   getDoorDirection
2000e60f   getHttpResponseBody
2000e5e3   getHttpResponseStatus
2000a313   getInstallation
2000f9ff   getInternalClient
20009521   getMagnFlux_3axis
2000aa7f   getPushJson
20036520   gfpAppCallbackHndl
20036000   gpCtlTbl
2000fead   i2cReadRegisters
2000ff59   i2cReadRegistersTwoBytes
2000feef   i2cWriteRegisters
200368e7   iDone
20006ad5   initNetwork
20013115   intToASCII
2000aa5b   isCompleteJson
20009bb5   isPingTime
2000bc5d   loadClientState
20014987   log
2000c8f1   lseek
20012e0b   ltoa
2000cabd   main
2000154c   main_func_sp
2000b91d   malloc
2000b801   mem_Free
2000b7f5   mem_Malloc
2000b821   mem_copy
2000b80d   mem_set
2000bb45   memalign
20014489   memccpy
20014765   memchr
2001431b   memcmp
200116bd   memcpy
20014199   memmove
20012435   memset
2000b891   minit
2000c843   open
2000b877   osi_ContextRestore
2000b875   osi_ContextSave
2000b835   osi_EnterCritical
2000b83f   osi_ExitCritical
2000b45b   osi_InterruptDeRegister
2000b435   osi_InterruptRegister
2000b565   osi_LockObjCreate
2000b5d9   osi_LockObjDelete
2000b5e9   osi_LockObjLock
2000b615   osi_LockObjUnlock
2000b729   osi_MsgQCreate
2000b76d   osi_MsgQDelete
2000b7b9   osi_MsgQRead
2000b787   osi_MsgQWrite
2000b851   osi_Sleep
2000b63f   osi_Spawn
2000b543   osi_SyncObjClear
2000b46d   osi_SyncObjCreate
2000b49d   osi_SyncObjDelete
2000b4b7   osi_SyncObjSignal
2000b4df   osi_SyncObjSignalFromISR
2000b517   osi_SyncObjWait
2000b58b   osi_TaskCreate
2000b5cb   osi_TaskDelete
2000b861   osi_TaskDisable
2000b86b   osi_TaskEnable
2000b849   osi_start
20000dcc   pPingCallBackFunc
2000900f   parseGetErrorCode
2000a535   parseGetInstallationId
2000f955   parseInitialize
20008fd9   parseSendRequest
20008f69   parseSendRequestInternal
2000a487   parseSetInstallationId
200153fc   pcDigits
20004bb5   pcTaskGetTaskName
20010f59   portCLZ
2000afa5   pow
20010f41   prvPortStartFirstTask
200116a5   putc
200116a9   putchar
2000f5a5   puts
20013a1d   pvPortMalloc
2000143c   pxCurrentTCB
2000fb81   pxPortInitialiseStack
20013e8f   raise
20013213   rand
2000c81f   read
2000ba3f   realloc
2000c795   remove
2000c7f7   remove_device
2000c7b9   rename
2000d5b1   retreiveImageIDfromHTTPResponse
2000bd6f   saveClientState
20008de9   sendRequest
20008845   setDataBufferPointer
20009429   setMotionDetectionThreshold
20010781   setvbuf
200137bd   signal
2000a665   simpleJsonProcessor
200141e1   sl_Close
200105b1   sl_Connect
20012241   sl_DevGet
20013405   sl_DevSet
200122bd   sl_FsClose
2001344d   sl_FsDel
2001296d   sl_FsGetInfo
2001306d   sl_FsOpen
20011c05   sl_FsRead
20011c91   sl_FsWrite
20013afd   sl_Htonl
20013d0d   sl_Htons
2001085d   sl_NetAppDnsGetHostByName
20011e2d   sl_NetAppMDNSRegisterUnregisterService
2001488f   sl_NetAppMDNSUnRegisterService
200130c1   sl_NetAppSendTokenValue
20014205   sl_NetAppStart
20014229   sl_NetAppStop
20013675   sl_NetCfgSet
200136b9   sl_Recv
2000ffb9   sl_Select
2001122d   sl_Send
20013249   sl_SetSockOpt
20013e31   sl_Socket
20010de5   sl_Start
20010c61   sl_Stop
2000e695   sl_WlanConnect
20014967   sl_WlanDisconnect
20012591   sl_WlanGet
200137fd   sl_WlanPolicySet
2001424d   sl_WlanProfileDel
2001383d   sl_WlanRxFilterSet
20013495   sl_WlanSet
200140b9   sl_WlanSetMode
20011921   snprintf
2000aea1   socketClose
2000ad05   socketRead
2000ab69   socketSslConnect
2000ab09   socketWait
2000ae01   socketWrite
20012605   spi_Close
2000f5cd   spi_Open
20010a0d   spi_Read
20010699   spi_Write
20012ced   sprintf
2000f0ed   sqrt
200131fd   srand
200014c2   sshPort
2001477b   strchr
2001469d   strcmp
200148d5   strcpy
200147f9   strlen
20013931   strncasecmp
20014091   strncat
20014107   strncmp
20013dd1   strncpy
20013cd9   strstr
200148e5   tolower
20013295   uDMAChannelAssign
20012b65   uDMAChannelAttributeDisable
20012bc9   uDMAChannelAttributeEnable
2001396d   uDMAChannelControlSet
200144a5   uDMAChannelDisable
200144c1   uDMAChannelEnable
200104c1   uDMAChannelTransferSet
2001480d   uDMAControlBaseSet
20014939   uDMADisable
20014945   uDMAEnable
20014821   uDMAIntClear
20014791   uDMAIntRegister
20014951   uDMAIntStatus
200148a1   uDMAIntUnregister
200084a1   ucQueueGetQueueType
20010ea9   ulPortSetInterruptMask
2000c795   unlink
200096f9   updateConfigReg
20009c0f   updateLastPingTime
2000f90b   uxListRemove
20008481   uxQueueGetQueueNumber
20008415   uxQueueMessagesWaiting
2000844b   uxQueueMessagesWaitingFromISR
2000842b   uxQueueSpacesAvailable
20004ba9   uxTaskGetNumberOfTasks
20004bd9   uxTaskGetSystemState
200050c9   uxTaskGetTaskNumber
20004725   uxTaskPriorityGet
20005621   uxTaskResetEventItemValue
2000ca17   vApplicationIdleHook
2000ca19   vApplicationMallocFailedHook
2000ca1b   vApplicationStackOverflowHook
2000ca15   vAssertCalled
2000f829   vListInitialise
2000f859   vListInitialiseItem
2000f8a5   vListInsert
2000f869   vListInsertEnd
20010ebf   vPortClearInterruptMask
2000fbfd   vPortEndScheduler
2000fc11   vPortEnterCritical
2000fc29   vPortExitCritical
20013a3d   vPortFree
20010f19   vPortSVCHandler
2000fc5d   vPortSetupTimerInterrupt
2000fbff   vPortYield
200086bb   vQueueAddToRegistry
2000845d   vQueueDelete
2000848f   vQueueSetQueueNumber
200086fd   vQueueUnregisterQueue
2000463b   vTaskDelay
2000459f   vTaskDelayUntil
2000450f   vTaskDelete
20004a8d   vTaskEndScheduler
200050bb   vTaskMissedYield
20004e51   vTaskPlaceOnEventList
20004eb5   vTaskPlaceOnUnorderedEventList
20005597   vTaskPriorityDisinherit
200054dd   vTaskPriorityInherit
2000475d   vTaskPrioritySet
20004955   vTaskResume
200050e9   vTaskSetTaskNumber
2000501b   vTaskSetTimeOutState
20004a43   vTaskStartScheduler
20004861   vTaskSuspend
20004a9f   vTaskSuspendAll
20004dd1   vTaskSwitchContext
200368e0   v_TimerOverflows
200091c1   verifyAccelMagnSensor
20011da5   vsnprintf
2000c705   write
20009a1f   writeMagntCalibrationValue
200014ec   xHigherPriorityTaskWoken
20010ecd   xPortPendSVHandler
2000fbd1   xPortStartScheduler
2000fc41   xPortSysTickHandler
2000874b   xQueueAddToSet
2000807d   xQueueAltGenericReceive
20007fd1   xQueueAltGenericSend
20007ea5   xQueueCreateCountingSemaphore
20007e27   xQueueCreateMutex
20008737   xQueueCreateSet
20007db1   xQueueGenericCreate
20008217   xQueueGenericReceive
20007d21   xQueueGenericReset
20007ec5   xQueueGenericSend
2000817b   xQueueGenericSendFromISR
20008657   xQueueIsQueueEmptyFromISR
20008699   xQueueIsQueueFullFromISR
200083d1   xQueuePeekFromISR
20008359   xQueueReceiveFromISR
20036788   xQueueRegistry
2000877f   xQueueRemoveFromSet
200087c1   xQueueSelectFromSet
200087db   xQueueSelectFromSetFromISR
200014f0   xSimpleLinkSpawnQueue
200014f4   xSimpleLinkSpawnTaskHndl
20005041   xTaskCheckForTimeOut
20004401   xTaskGenericCreate
20005491   xTaskGetCurrentTaskHandle
20004c97   xTaskGetIdleTaskHandle
200054a5   xTaskGetSchedulerState
20004b7d   xTaskGetTickCount
20004b91   xTaskGetTickCountFromISR
20004cb5   xTaskIncrementTick
20004f25   xTaskRemoveFromEventList
20004fad   xTaskRemoveFromUnorderedEventList
20004ab1   xTaskResumeAll
200049c9   xTaskResumeFromISR


GLOBAL SYMBOLS: SORTED BY Symbol Address 

address    name
--------   ----
00000001   __TI_args_main
00001000   __STACK_SIZE
00004000   __SYSMEM_SIZE
20000000   JPEG_StdHuffmanTbl
20000600   g_header
20000dcc   pPingCallBackFunc
20000dd0   gFirstCmdMode
20000dd4   g_pCB
20000dd8   g_StatMem
20000f50   _ftable
200011c0   _Denorm
200011d0   _Eps
200011e0   _Hugeval
200011f0   _Inf
20001200   _Nan
20001210   _Snan
20001220   _Rteps
20001230   _Xbig
20001238   _Zero
20001240   _LDenorm
20001250   _LEps
20001260   _LInf
20001270   _LNan
20001280   _LSnan
20001290   _LRteps
200012a0   _LXbig
200012a8   _LZero
200012b0   _FDenorm
200012c0   _FEps
200012d0   _FInf
200012e0   _FNan
200012f0   _FSnan
20001300   _FRteps
20001310   _FXbig
20001314   _FZero
20001318   g_SpiFd
2000131c   g_pHostIntHdl
20001320   g_ucDMAEnabled
20001324   DMAMsgQ
20001328   g_cDummy
2000132c   g_ucDinDout
2000137c   JPEG_StdQuantTblC
200013bc   JPEG_StdQuantTblY
2000143c   pxCurrentTCB
2000149c   g_osVersion
200014c2   sshPort
200014c4   cnt
200014c8   dataBufferSize
200014cc   __TI_ft_end
200014d0   __aeabi_stdin
200014d4   __aeabi_stdout
200014d8   __aeabi_stderr
200014dc   SecurityParams
200014e8   g_flagPingFull
200014e9   g_flagPongFull
200014ec   xHigherPriorityTaskWoken
200014f0   xSimpleLinkSpawnQueue
200014f4   xSimpleLinkSpawnTaskHndl
200014f8   g_ulStatus
200014fc   g_ulGatewayIP
20001500   g_uiSimplelinkRole
20001514   g_ulPingPacketsRecv
20001518   _lock
2000151c   _unlock
20001520   __TI_cleanup_ptr
20001524   __TI_dtors_ptr
20001528   _Fenv
2000152c   _Tls_setup__Fenv
2000153c   DigiCertHighAssuranceEVRootCA_der_len
20001540   _Errno
2000154c   main_func_sp
20003000   __stack
20004000   __STACK_END
20004000   g_pfnVectors
20004401   xTaskGenericCreate
2000450f   vTaskDelete
2000459f   vTaskDelayUntil
2000463b   vTaskDelay
20004691   eTaskGetState
20004725   uxTaskPriorityGet
2000475d   vTaskPrioritySet
20004861   vTaskSuspend
20004955   vTaskResume
200049c9   xTaskResumeFromISR
20004a43   vTaskStartScheduler
20004a8d   vTaskEndScheduler
20004a9f   vTaskSuspendAll
20004ab1   xTaskResumeAll
20004b7d   xTaskGetTickCount
20004b91   xTaskGetTickCountFromISR
20004ba9   uxTaskGetNumberOfTasks
20004bb5   pcTaskGetTaskName
20004bd9   uxTaskGetSystemState
20004c97   xTaskGetIdleTaskHandle
20004cb5   xTaskIncrementTick
20004dd1   vTaskSwitchContext
20004e51   vTaskPlaceOnEventList
20004eb5   vTaskPlaceOnUnorderedEventList
20004f25   xTaskRemoveFromEventList
20004fad   xTaskRemoveFromUnorderedEventList
2000501b   vTaskSetTimeOutState
20005041   xTaskCheckForTimeOut
200050bb   vTaskMissedYield
200050c9   uxTaskGetTaskNumber
200050e9   vTaskSetTaskNumber
20005491   xTaskGetCurrentTaskHandle
200054a5   xTaskGetSchedulerState
200054dd   vTaskPriorityInherit
20005597   vTaskPriorityDisinherit
20005621   uxTaskResetEventItemValue
2000620f   __TI_printfi
20006519   InitializeAppVariables
20006541   ConfigureSimpleLinkToDefaultState
200067e1   ConfigureMode
2000681d   ConnectToNetwork
20006989   ConnectToNetwork_2
20006a2f   ConnectToNetwork_STA_2
20006a4b   ConnectToNetwork_STA
20006ad5   initNetwork
20006bf9   SimpleLinkWlanEventHandler
20006cdd   SimpleLinkNetAppEventHandler
20006d81   SimpleLinkSockEventHandler
20006dd9   SimpleLinkHttpServerCallback
20007139   CaptureAndStore_Image
200075c9   CamControllerInit
20007d21   xQueueGenericReset
20007db1   xQueueGenericCreate
20007e27   xQueueCreateMutex
20007ea5   xQueueCreateCountingSemaphore
20007ec5   xQueueGenericSend
20007fd1   xQueueAltGenericSend
2000807d   xQueueAltGenericReceive
2000817b   xQueueGenericSendFromISR
20008217   xQueueGenericReceive
20008359   xQueueReceiveFromISR
200083d1   xQueuePeekFromISR
20008415   uxQueueMessagesWaiting
2000842b   uxQueueSpacesAvailable
2000844b   uxQueueMessagesWaitingFromISR
2000845d   vQueueDelete
20008481   uxQueueGetQueueNumber
2000848f   vQueueSetQueueNumber
200084a1   ucQueueGetQueueType
20008657   xQueueIsQueueEmptyFromISR
20008699   xQueueIsQueueFullFromISR
200086bb   vQueueAddToRegistry
200086fd   vQueueUnregisterQueue
20008737   xQueueCreateSet
2000874b   xQueueAddToSet
2000877f   xQueueRemoveFromSet
200087c1   xQueueSelectFromSet
200087db   xQueueSelectFromSetFromISR
20008845   setDataBufferPointer
20008867   buildRequestHeaders
20008de9   sendRequest
20008f69   parseSendRequestInternal
20008fd9   parseSendRequest
2000900f   parseGetErrorCode
200091c1   verifyAccelMagnSensor
200091ef   configureFXOS8700
20009429   setMotionDetectionThreshold
2000946b   getDoorDirection
20009521   getMagnFlux_3axis
200095a5   getAccelerationMagnitude
200096f9   updateConfigReg
20009739   clearAccelMotionIntrpt
20009789   FXOS8700CQ_Init
20009875   FXOS8700CQ_Mag_Calibration
20009a1f   writeMagntCalibrationValue
20009bb5   isPingTime
20009c0f   updateLastPingTime
20009c19   fetchDeviceOSVersion
20009c8d   createNewInstallationId
2000a2c3   createInstallation
2000a313   getInstallation
2000a487   parseSetInstallationId
2000a535   parseGetInstallationId
2000a665   simpleJsonProcessor
2000aa2f   findSecondJson
2000aa5b   isCompleteJson
2000aa7f   getPushJson
2000ab09   socketWait
2000ab69   socketSslConnect
2000ad05   socketRead
2000ae01   socketWrite
2000aea1   socketClose
2000afa5   pow
2000b435   osi_InterruptRegister
2000b45b   osi_InterruptDeRegister
2000b46d   osi_SyncObjCreate
2000b49d   osi_SyncObjDelete
2000b4b7   osi_SyncObjSignal
2000b4df   osi_SyncObjSignalFromISR
2000b517   osi_SyncObjWait
2000b543   osi_SyncObjClear
2000b565   osi_LockObjCreate
2000b58b   osi_TaskCreate
2000b5cb   osi_TaskDelete
2000b5d9   osi_LockObjDelete
2000b5e9   osi_LockObjLock
2000b615   osi_LockObjUnlock
2000b63f   osi_Spawn
2000b6ad   VStartSimpleLinkSpawnTask
2000b6fd   VDeleteSimpleLinkSpawnTask
2000b729   osi_MsgQCreate
2000b76d   osi_MsgQDelete
2000b787   osi_MsgQWrite
2000b7b9   osi_MsgQRead
2000b7f5   mem_Malloc
2000b801   mem_Free
2000b80d   mem_set
2000b821   mem_copy
2000b835   osi_EnterCritical
2000b83f   osi_ExitCritical
2000b849   osi_start
2000b851   osi_Sleep
2000b861   osi_TaskDisable
2000b86b   osi_TaskEnable
2000b875   osi_ContextSave
2000b877   osi_ContextRestore
2000b891   minit
2000b91d   malloc
2000b97f   free
2000ba3f   realloc
2000bb45   memalign
2000bc25   calloc
2000bc5d   loadClientState
2000bd6f   saveClientState
2000c011   _SlDrvMsgRead
2000c3b9   _SlAsyncEventGenericHandler
2000c705   write
2000c795   remove
2000c795   unlink
2000c7b9   rename
2000c7f7   remove_device
2000c81f   read
2000c843   open
2000c8f1   lseek
2000c915   close
2000c967   add_device
2000ca15   vAssertCalled
2000ca17   vApplicationIdleHook
2000ca19   vApplicationMallocFailedHook
2000ca1b   vApplicationStackOverflowHook
2000ca1d   Main_Task
2000cabd   main
2000cd11   _Log
2000cff5   HOSTwrite
2000d041   HOSTunlink
2000d079   HOSTtime
2000d0b3   HOSTrename
2000d111   HOSTread
2000d15d   HOSTopen
2000d1af   HOSTlseek
2000d20b   HOSTgetenv
2000d249   HOSTclose
2000d281   HOSTclock
2000d2c9   __vla_dealloc
2000d357   __vla_dealloc_eh
2000d3d7   __vla_alloc
2000d569   InitialiseParse
2000d57f   UploadImageToParse
2000d59d   UploadSensorDataToParse
2000d5b1   retreiveImageIDfromHTTPResponse
2000d5e9   ConstructDeviceStateObject
2000d7e5   CameraSensorInit
2000d7ed   StartSensorInJpegMode
2000d9e9   _Exp
2000dbe5   __aeabi_uldivmod
2000ddd9   ensureCertificateFile
2000e07d   __TI_cleanup
2000e0a9   freopen
2000e0d3   fopen
2000e175   InitTerm
2000e193   Message
2000e1ad   ClearTerm
2000e1b3   Error
2000e1e7   GetCmd
2000e247   TrimSpace
2000e291   Report
2000e32d   __aeabi_dsub
2000e337   __aeabi_dadd
2000e4e5   addHttpRequestLine
2000e52d   beginHttpRequest
2000e54f   beginHttpGetRequest
2000e593   addHttpRequestHeader
2000e5c1   addHttpRequestHeaderInt
2000e5e3   getHttpResponseStatus
2000e60f   getHttpResponseBody
2000e695   sl_WlanConnect
2000e831   DmaSwIntHandler
2000e843   DmaErrorIntHandler
2000e84f   UDMAInit
2000e899   UDMAChannelSelect
2000e8c1   SetupTransfer
2000e8f7   UDMASetupAutoMemTransfer
2000e91b   UDMASetupPingPongTransfer
2000e965   UDMADeInit
2000e979   DMASetupTransfer
2000ea27   I2C_IF_Write
2000ea89   I2C_IF_Read
2000eaf1   I2C_IF_ReadFrom
2000eb11   I2C_IF_Open
2000eb3b   I2C_IF_Close
2000eb51   _LAtan
2000ecd9   I2CInit
2000ecf7   I2CBufferRead
2000ed9f   I2CBufferWrite
2000ee49   _SlDrvDataReadOp
2000efad   _SlDrvRxHdrRead
2000f0ed   sqrt
2000f22d   __aeabi_ddiv
2000f365   PRCMCC3200MCUInit
2000f499   fputs
2000f5a5   puts
2000f5cd   spi_Open
2000f6fd   _SlDrvDataWriteOp
2000f829   vListInitialise
2000f859   vListInitialiseItem
2000f869   vListInsertEnd
2000f8a5   vListInsert
2000f90b   uxListRemove
2000f955   parseInitialize
2000f9ff   getInternalClient
2000fa6d   _SlDrvMsgWrite
2000fb81   pxPortInitialiseStack
2000fbd1   xPortStartScheduler
2000fbfd   vPortEndScheduler
2000fbff   vPortYield
2000fc11   vPortEnterCritical
2000fc29   vPortExitCritical
2000fc41   xPortSysTickHandler
2000fc5d   vPortSetupTimerInterrupt
2000fc91   _Dscale
2000fda1   _SlDrvWaitForPoolObj
2000fead   i2cReadRegisters
2000feef   i2cWriteRegisters
2000ff59   i2cReadRegistersTwoBytes
2000ffb9   sl_Select
200100c1   _SlDrvReleasePoolObj
200101c5   atan2l
200102c9   __aeabi_dmul
200103c5   __aeabi_fsub
200103c9   __aeabi_fadd
200104c1   uDMAChannelTransferSet
200105b1   sl_Connect
20010699   spi_Write
20010781   setvbuf
2001085d   sl_NetAppDnsGetHostByName
20010935   TimerBaseIntHandler
20010947   InitializeTimer
20010973   StartTimer
2001098f   StopTimer
2001099d   GetTimeDuration
20010a0d   spi_Read
20010ad9   _Dint
20010b9d   _Dnorm
20010c61   sl_Stop
20010d25   __TI_doflush
20010d71   fflush
20010de5   sl_Start
20010ea9   ulPortSetInterruptMask
20010ebf   vPortClearInterruptMask
20010ecd   xPortPendSVHandler
20010f19   vPortSVCHandler
20010f41   prvPortStartFirstTask
20010f59   portCLZ
20010f61   _SlDrvMsgReadCmdCtx
20011015   debugPrint
20011037   debugPrintf
200110c9   _SlDrvNetAppEventHandler
2001117b   PinMuxConfig
2001122d   sl_Send
200112dd   __TI_wrt_ok
2001133f   __TI_rd_ok
20011389   IntDisable
20011431   IntEnable
200114d9   Timer_IF_Init
20011503   Timer_IF_IntSetup
20011535   Timer_IF_InterruptClear
20011549   Timer_IF_Start
2001155d   Timer_IF_DeInit
20011575   Timer_IF_GetCount
20011581   SPIConfigSetExpClk
20011621   fputc
200116a5   putc
200116a9   putchar
200116bd   __aeabi_memcpy
200116bd   __aeabi_memcpy4
200116bd   __aeabi_memcpy8
200116bd   memcpy
20011759   _SlFindAndSetActiveObj
200117f1   CollectTxit_ImgTempRH
20011889   __TI_closefile
200118ef   fclose
20011921   snprintf
200119b9   PRCMPeripheralClockGet
20011a4d   _SlDrvClassifyRxMsg
20011ae1   __TI_auto_init
20011b75   _SlDrvMsgReadSpawnCtx
20011c05   sl_FsRead
20011c91   sl_FsWrite
20011d1d   PinConfigSet
20011da5   vsnprintf
20011e2d   sl_NetAppMDNSRegisterUnregisterService
20011eb5   __aeabi_cdcmpeq
20011eb5   __aeabi_cdcmple
20011f3b   __aeabi_cdrcmple
20011fc1   I2CMasterInitExpClk
20012045   _SlDrvCmdOp
200120c9   NwpPowerOnPreamble
20012149   _SlDrvDriverCBInit
200121c5   _sl_HandleAsync_DnsGetHostByName
20012241   sl_DevGet
200122bd   sl_FsClose
20012339   __aeabi_fmul
2001242d   __aeabi_memclr
2001242d   __aeabi_memclr4
2001242d   __aeabi_memclr8
2001242f   __aeabi_memset
2001242f   __aeabi_memset4
2001242f   __aeabi_memset8
20012435   memset
200124a5   UARTConfigSetExpClk
2001251d   _sl_HandleAsync_InitComplete
20012591   sl_WlanGet
20012605   spi_Close
20012679   TimerIntRegister
200126e9   _sl_HandleAsync_PingResponse
20012759   _sl_TruncatePayloadByProtocol
200127d1   fprintf
20012835   TimerIntUnregister
2001289d   _sl_HandleAsync_Connect
20012905   _sl_HandleAsync_DnsGetHostByService
2001296d   sl_FsGetInfo
200129d5   _sl_GetCreateFsMode
20012a39   _sl_HandleAsync_Accept
20012a9d   fseek
20012b01   _Dunscale
20012b65   uDMAChannelAttributeDisable
20012bc9   uDMAChannelAttributeEnable
20012c2d   __aeabi_cfcmpeq
20012c2d   __aeabi_cfcmple
20012c8d   __aeabi_cfrcmple
20012ced   sprintf
20012d4d   __TI_writemsg
20012d77   C$$IO$$
20012d7b   __TI_readmsg
20012e0b   ltoa
20012e65   IntPendClear
20012ebd   PRCMPeripheralReset
20012f15   _SlDrvDriverCBDeinit
20012f6d   _sl_HandleAsync_Select
20012fc5   IntPrioritySet
20013019   _sl_HandleAsync_Stop
2001306d   sl_FsOpen
200130c1   sl_NetAppSendTokenValue
20013115   intToASCII
20013165   SPIIntEnable
200131b1   atoi
200131fd   srand
20013213   rand
20013249   sl_SetSockOpt
20013295   uDMAChannelAssign
200132e1   _sl_GetStartResponseConvert
2001332b   __aeabi_d2f
20013375   SPIIntClear
200133bd   __aeabi_d2iz
20013405   sl_DevSet
2001344d   sl_FsDel
20013495   sl_WlanSet
20013521   TimerConfigure
20013565   copy_in
200135a9   C$$EXIT
200135ad   abort
200135b5   exit
200135ed   __aeabi_d2uiz
20013631   _Dtest
20013675   sl_NetCfgSet
200136b9   sl_Recv
200136fd   PinModeSet
2001373d   _SlDrvRxIrqHandler
2001377d   _SlRemoveFromList
200137bd   signal
200137fd   sl_WlanPolicySet
2001383d   sl_WlanRxFilterSet
2001387d   NwpPowerOff
200138b9   PRCMPeripheralClkEnable
200138f5   _SlDrvObjInit
20013931   strncasecmp
2001396d   uDMAChannelControlSet
200139a9   CameraCaptureStop
200139e3   CameraXClkConfig
20013a1d   pvPortMalloc
20013a3d   vPortFree
20013a55   __aeabi_f2d
20013a8d   __aeabi_f2iz
20013ac5   __aeabi_i2f
20013afd   sl_Htonl
20013b35   GPIODirModeSet
20013b6b   CameraParamsConfig
20013ba1   PRCMPeripheralStatusGet
20013bd5   SPIFIFOLevelSet
20013c09   _SlDrvBasicCmd
20013c3d   _c_int00
20013c71   feraiseexcept
20013ca5   __aeabi_f2uiz
20013cd9   strstr
20013d0d   sl_Htons
20013d41   NwpPowerOn
20013d71   PinTypeGPIO
20013da1   UARTDisable
20013dd1   strncpy
20013e01   _Feraise
20013e31   sl_Socket
20013e61   __aeabi_i2d
20013e8f   raise
20013ebd   CameraIntEnable
20013ee9   DmaSpiSwIntHandler
20013f15   I2CMasterErr
20013f41   PRCMSysResetCauseGet
20013f6d   _SlDrvFlowContDeinit
20013f99   _SlDrvFlowContInit
20013fc5   TimerLoadSet
20013fc5   Timer_IF_ReLoad
20013fef   TimerPrescaleSet
20014019   CameraIntStatus
20014041   PRCMPeripheralClkDisable
20014069   _sl_BuildAddress
20014091   strncat
200140b9   sl_WlanSetMode
200140e1   CameraThresholdSet
20014107   strncmp
2001412d   CameraIntClear
20014151   IntUnregister
20014175   UARTEnable
20014199   memmove
200141bd   __aeabi_ui2f
200141e1   sl_Close
20014205   sl_NetAppStart
20014229   sl_NetAppStop
2001424d   sl_WlanProfileDel
20014271   CameraCaptureStart
20014293   I2CMasterSlaveAddrSet
200142b5   NwpRegisterInterruptHandler
200142d7   SPIReset
200142f9   SPIWordCountSet
2001431b   memcmp
2001433d   IntRegister
2001435d   _SlDrvCmdSend
2001437d   __aeabi_ui2d
2001439d   I2CMasterIntStatusEx
200143bb   TimerDisable
200143bb   Timer_IF_Stop
200143d9   TimerEnable
200143f7   TimerIntStatus
20014415   UARTCharPut
20014433   PinTypeI2C
2001444f   TimerValueGet
2001446d   _SlDrvObjDeInit
20014489   memccpy
200144a5   UDMAStopTransfer
200144a5   uDMAChannelDisable
200144c1   uDMAChannelEnable
200144dd   CopyPingResultsToReport
200144f7   PinTypeCamera
20014511   PinTypeUART
2001452b   SPIDmaDisable
20014545   SPIDmaEnable
2001455f   SPIFIFODisable
20014579   SPIFIFOEnable
20014593   _SlDrvDeviceEventHandler
200145ad   CameraReset
200145c5   GPIOPinRead
200145dd   SPICSDisable
200145f5   SPICSEnable
2001460d   SPIDisable
20014625   SPIEnable
2001463d   TimerIntDisable
20014655   TimerIntEnable
2001466d   _args_main
20014685   __aeabi_lmul
2001469d   strcmp
200146b5   CameraDMAEnable
200146cb   CameraIntRegister
200146e1   I2CMasterDataPut
200146f7   I2CMasterEnable
2001470d   PRCMHIBRegRead
20014723   PRCMHIBRegWrite
20014739   UARTCharGet
2001474f   _sl_Strlen
20014765   memchr
2001477b   strchr
20014791   uDMAIntRegister
200147a7   CPUcpsie
200147bd   IntVTableBaseSet
200147d1   _SlDrvShiftDWord
200147e5   _register_unlock
200147eb   _register_lock
200147f3   _nop
200147f9   strlen
2001480d   uDMAControlBaseSet
20014821   uDMAIntClear
20014835   I2CMasterControl
20014847   I2CMasterIntClearEx
20014859   I2CMasterTimeoutSet
2001486b   TimerIntClear
2001487d   __TI_zero_init
2001488f   sl_NetAppMDNSUnRegisterService
200148a1   uDMAIntUnregister
200148b5   NwpMaskInterrupt
200148c5   SL_FD_SET
200148d5   strcpy
200148e5   tolower
200148f5   I2CMasterDataGet
20014903   __TI_decompress_none
20014911   _Dclass
2001491f   ResetISR
2001492d   NwpUnMaskInterrupt
20014939   uDMADisable
20014945   uDMAEnable
20014951   uDMAIntStatus
2001495d   IntMasterEnable
20014967   sl_WlanDisconnect
2001496f   MT9D111Delay
20014975   SL_FD_ZERO
2001497b   UtilsDelay
20014981   __TI_decompress_rle24
20014987   log
2001498d   __abort_execution
20014991   _LDtest
20014ad4   _ctypes_
20014cdc   _SlPolicySetCmdCtrl
20014ce0   _SlPolicyGetCmdCtrl
20014ce4   _SlProfileGetCmdCtrl
20014ce8   _SlProfileDelCmdCtrl
20014cec   _SlWlanGetNetworkListCtrl
20014cf0   _SlRxFilterAddtCmdCtrl
20014cf4   _SlRxFilterSetCmdCtrl
20014cf8   _SlRxFilterGetCmdCtrl
20014cfc   _SlSmartConfigStartCmdCtrl
20014d00   _SlWlanSetModeCmdCtrl
20014d04   _SlWlanCfgSetCmdCtrl
20014d08   _SlWlanCfgGetCmdCtrl
20015158   g_H2NSyncPattern
20015160   g_H2NCnysPattern
20015168   _SlActionLookupTable
20015220   _SlFsOpenCmdCtrl
20015224   _SlFsCloseCmdCtrl
20015228   _SlFsReadCmdCtrl
2001522c   _SlFsWriteCmdCtrl
20015230   _SlFsGetInfoCmdCtrl
20015234   _SlFsDeleteCmdCtrl
20015264   _SlSockSocketCmdCtrl
20015268   _SlSockCloseCmdCtrl
2001526c   _SlRecvfomCmdCtrl
20015270   _SlSendCmdCtrl
20015274   _SlListenCmdCtrl
20015278   _SlAcceptCmdCtrl
2001527c   _SlRecvCmdCtrl
20015280   _SlSetSockOptCmdCtrl
20015284   _SlGetSockOptCmdCtrl
20015288   _SlSelectCmdCtrl
20015318   _SlNetAppStartCtrl
2001531c   _SlNetAppStopCtrl
20015320   _SlGetServiceListeCtrl
20015324   _SlRegisterServiceCtrl
20015328   _SlGetHostByServiceCtrl
2001532c   _SlGetHostByNameCtrl
20015330   _SlNetAppSetCmdCtrl
20015334   _SlNetAppSendTokenValueCmdCtrl
20015338   _SlNetAppGetCmdCtrl
200153b8   g_deviceClientVersion
200153e8   _SlStopCmdCtrl
200153ec   _SlEventMaskSetCmdCtrl
200153f0   _SlEventMaskGetCmdCtrl
200153f4   _SlDeviceGetCmdCtrl
200153f8   _SlDeviceSetCmdCtrl
200153fc   pcDigits
20015408   _SlNetCfgSetCmdCtrl
2001540c   _SlNetCfgGetCmdCtrl
20015418   __TI_static_base__
20015fa4   __TI_Handler_Table_Base
20015fb0   __TI_Handler_Table_Limit
20015fb8   __TI_CINIT_Base
20015fc8   __TI_CINIT_Limit
20018000   g_image_buffer
20036000   gpCtlTbl
20036400   __CIOBUF_
20036520   gfpAppCallbackHndl
200366e8   __TI_tmpnams
20036788   xQueueRegistry
200367d8   clientStateFileName
2003680c   g_ucConnectionSSID
200368b0   g_ucConnectionBSSID
200368c4   dataBuffer
200368c8   g_frame_size_in_bytes
200368cc   g_header_length
200368d0   g_position_in_buffer
200368e0   v_TimerOverflows
200368e4   g_CaptureImage
200368e6   g_frame_end
200368e7   iDone
200368e8   _sys_memory
ffffffff   __binit__
ffffffff   __c_args__
ffffffff   binit
UNDEFED    SHT$$INIT_ARRAY$$Base
UNDEFED    SHT$$INIT_ARRAY$$Limit

[709 symbols]
