******************************************************************************
                  TI ARM Linker PC v5.2.2                      
******************************************************************************
>> Linked Thu Sep 24 19:39:39 2015

OUTPUT FILE NAME:   <ULP_SEC_CAM.out>
ENTRY POINT SYMBOL: "_c_int00"  address: 2001e315


MEMORY CONFIGURATION

         name            origin    length      used     unused   attr    fill
----------------------  --------  ---------  --------  --------  ----  --------
  SRAM_BOOTLDR          20000000   00004000  000029c0  00001640  RW X
  SRAM_CODE             20004000   0001fc00  0001d210  000029f0  RW X
  SRAM_DATA             20023c00   0001c400  0001c098  00000368  RW X


SEGMENT ALLOCATION MAP

run origin  load origin   length   init length attrs members
----------  ----------- ---------- ----------- ----- -------
20000000    20000000    000009c0   00000000    rw-
  20000000    20000000    000009c0   00000000    rw- .data
20002000    20002000    00002000   00000000    rw-
  20002000    20002000    00002000   00000000    rw- .stack
20004000    20004000    0001d210   0001d210    r-x
  20004000    20004000    00000400   00000400    r-- .intvecs
  20004400    20004400    0001ba34   0001ba34    r-x .text
  2001fe34    2001fe34    00000e4c   00000e4c    r-- .const
  20020c80    20020c80    00000590   00000590    r-- .cinit
20023c00    20023c00    0001c098   00000000    rw-
  20023c00    20023c00    00017098   00000000    rw- .bss
  2003ac98    2003ac98    00005000   00000000    rw- .sysmem


SECTION ALLOCATION MAP

 output                                  attributes/
section   page    origin      length       input sections
--------  ----  ----------  ----------   ----------------
.data      0    20000000    000009c0     UNINITIALIZED
                  20000000    000003c9     cc3200_certificate.obj (.data:DigiCertHighAssuranceEVRootCA_der)
                  200003c9    00000001     Camera_setup.obj (.data)
                  200003ca    00000001     tasks.obj (.data)
                  200003cb    00000001     --HOLE--
                  200003cc    000000f0     rtsv7M4_T_le_eabi.lib : defs.obj (.data:_ftable)
                  200004bc    000000d0                           : lowlev.obj (.data)
                  2000058c    000000b0                           : signal.obj (.data:sigtable)
                  2000063c    00000004     camera_dma.obj (.data)
                  20000640    00000080     rtsv7M4_T_le_eabi.lib : xvalues.obj (.data)
                  200006c0    00000068                           : xfvalues.obj (.data)
                  20000728    00000064     http_server_callback.obj (.data:Token)
                  2000078c    00000064     http_server_callback.obj (.data:Value)
                  200007f0    00000040     Jpeg.obj (.data:JPEG_StdQuantTblC)
                  20000830    00000040     Jpeg.obj (.data:JPEG_StdQuantTblY)
                  20000870    00000040     Jpeg.obj (.data:zigzag)
                  200008b0    00000034     free_rtos.a : tasks.obj (.data)
                  200008e4    00000024     main.obj (.data)
                  20000908    00000018     cc3200_utils.obj (.data)
                  20000920    00000018     request.obj (.data)
                  20000938    00000010     rtsv7M4_T_le_eabi.lib : defs.obj (.data)
                  20000948    0000000c     free_rtos.a : osi_freertos.obj (.data)
                  20000954    0000000c     rtsv7M4_T_le_eabi.lib : memory.obj (.data)
                  20000960    00000009     simplelink.a : cc_pal.obj (.data)
                  20000969    00000003     --HOLE--
                  2000096c    00000009                  : driver.obj (.data)
                  20000975    00000003     --HOLE--
                  20000978    00000008     rtsv7M4_T_le_eabi.lib : _lock.obj (.data)
                  20000980    00000008                           : exit.obj (.data)
                  20000988    00000008                           : feraiseexcept.obj (.data)
                  20000990    00000008     user_configure_fn.obj (.data)
                  20000998    00000006     http.obj (.data)
                  2000099e    00000002     --HOLE--
                  200009a0    00000004     cc3200_certificate.obj (.data)
                  200009a4    00000004     free_rtos.a : port.obj (.data)
                  200009a8    00000004     middleware.a : rtc_hal.obj (.data)
                  200009ac    00000004     ota.a : OtaHttp.obj (.data)
                  200009b0    00000004     rtsv7M4_T_le_eabi.lib : errno.obj (.data)
                  200009b4    00000004                           : fopen.obj (.data)
                  200009b8    00000004                           : rand.obj (.data)
                  200009bc    00000004                           : stkdepth_vars.obj (.data)

.TI.persistent 
*          0    20000000    00000000     UNINITIALIZED

.stack     0    20002000    00002000     UNINITIALIZED
                  20002000    00002000     --HOLE--

.intvecs   0    20004000    00000400     
                  20004000    00000400     startup_ccs.obj (.intvecs)

.text      0    20004400    0001ba34     
                  20004400    00001258     free_rtos.a : tasks.obj (.text)
                  20005658    000010a6     rtsv7M4_T_le_eabi.lib : _printfi.obj (.text)
                  200066fe    00000002     startup_ccs.obj (.text:BusFaultHandler)
                  20006700    00000b24     free_rtos.a : queue.obj (.text)
                  20007224    00000a08     magnetic.obj (.text:fUpdateCalibration10EIG)
                  20007c2c    00000788     magnetic.obj (.text:fUpdateCalibration4INV)
                  200083b4    00000694     magnetic.obj (.text:fUpdateCalibration7EIG)
                  20008a48    00000688     matrix.obj (.text:eigencompute)
                  200090d0    00000610     ota.a : OtaHttp.obj (.text)
                  200096e0    000005ec     simplelink.a : driver.obj (.text:_SlDrvMsgRead)
                  20009ccc    000005c0     user_configure_fn.obj (.text:User_Configure)
                  2000a28c    00000584     magnetic.obj (.text:iUpdateMagnetometerBuffer)
                  2000a810    00000580     http_server_callback.obj (.text:SimpleLinkHttpServerCallback)
                  2000ad90    000004be     cc3200_utils.obj (.text:createNewInstallationId)
                  2000b24e    00000002     startup_ccs.obj (.text:FaultISR)
                  2000b250    0000048c     request.obj (.text:buildRequestHeaders)
                  2000b6dc    0000045c     free_rtos.a : osi_freertos.obj (.text)
                  2000bb38    0000044c     application_fn.obj (.text:application_fn)
                  2000bf84    00000434     parse_uploads.obj (.text:ConstructGroundDataObject)
                  2000c3b8    00000424     ota.a : OtaClient.obj (.text)
                  2000c7dc    00000414     sntp.obj (.text:GetSNTPTime)
                  2000cbf0    0000040c     ota.a : OtaApp.obj (.text)
                  2000cffc    000003dc     rtsv7M4_T_le_eabi.lib : memory.obj (.text)
                  2000d3d8    000003b8     matrix.obj (.text:fmatrixAeqInvA)
                  2000d790    00000378     rtsv7M4_T_le_eabi.lib : powf.obj (.text)
                  2000db08    0000035c     ota.a : CdnClient.obj (.text)
                  2000de64    00000354     orientation.obj (.text:feCompassWin8)
                  2000e1b8    00000338     ota.a : LogClient.obj (.text)
                  2000e4f0    0000030c     rtsv7M4_T_le_eabi.lib : lowlev.obj (.text)
                  2000e7fc    000002d4                           : trgdrv.obj (.text)
                  2000ead0    00000298                           : vla_alloc.obj (.text)
                  2000ed68    0000026e     simplejson.obj (.text:simpleJsonProcessor)
                  2000efd6    00000002     driverlib.a : interrupt.obj (.text:IntDefaultHandler)
                  2000efd8    00000254     door_position_detection_algorithm.obj (.text:check_doorpos)
                  2000f22c    00000248     Calibrate_magnetometer.obj (.text:Get_Calibration_MagSensor)
                  2000f474    00000248     simplelink.a : driver.obj (.text:_SlDrvRxHdrRead)
                  2000f6bc    00000244                  : wlan.obj (.text:sl_WlanConnect)
                  2000f900    00000230     nwp_configure.obj (.text:ConfigureSimpleLinkToDefaultState)
                  2000fb30    00000230     light_sens_isl29035.obj (.text:configureISL29035)
                  2000fd60    00000220     parse_uploads.obj (.text:ConstructUserConfigObject)
                  2000ff80    00000220     rtsv7M4_T_le_eabi.lib : ll_div_t2.obj (.text)
                  200101a0    0000021c     mt9d111_driver_read_write_fns.obj (.text:RegLstWrite)
                  200103bc    0000020c     Camera_capture.obj (.text:CaptureImage)
                  200105c8    000001f4     request.obj (.text:payloadSend)
                  200107bc    000001f4     rtsv7M4_T_le_eabi.lib : ull_div_t2.obj (.text)
                  200109b0    000001ec     parse_uploads.obj (.text:ConstructDeviceStateObject)
                  20010b9c    000001e4     Wifi_provisioning.obj (.text:WiFiProvisioning)
                  20010d80    000001e0     Fxos8700_initialization.obj (.text:angleCheck_Initializations)
                  20010f60    000001d0     simplelink.a : driver.obj (.text:_SlDrvReleasePoolObj)
                  20011130    000001cc                  : driver.obj (.text:_SlDrvMsgWrite)
                  200112fc    000001c4     rtsv7M4_T_le_eabi.lib : fopen.obj (.text)
                  200114c0    000001c0     tasks.obj (.text:RdSensData_Run)
                  20011680    000001c0     magnetic.obj (.text:fInvertMagCal)
                  20011840    000001bc     tasks.obj (.text:MagCal_Run)
                  200119fc    000001bc     rtsv7M4_T_le_eabi.lib : xflog.obj (.text)
                  20011bb8    000001b6                           : fd_add_t2.obj (.text)
                  20011d6e    00000002     startup_ccs.obj (.text:IntDefaultHandler)
                  20011d70    000001ac     main.obj (.text:main)
                  20011f1c    000001a4     camera_dma.obj (.text:CameraIntHandler)
                  200120c0    000001a4     orientation.obj (.text:fQuaternionFromRotationMatrix)
                  20012264    000001a4     cc3200_socket.obj (.text:socketSslConnect)
                  20012408    0000019c     rtsv7M4_T_le_eabi.lib : xfsin.obj (.text)
                  200125a4    00000190     simplelink.a : driver.obj (.text:_SlDrvWaitForPoolObj)
                  20012734    00000188     matrix.obj (.text:f3x3matrixAeqInvSymB)
                  200128bc    00000184     flc.a : flc.obj (.text)
                  20012a40    00000184     request.obj (.text:sendRequest)
                  20012bc4    00000180     orientation.obj (.text:fWin8AnglesDegFromRotationMatrix)
                  20012d44    00000178     rtsv7M4_T_le_eabi.lib : tanf.obj (.text)
                  20012ebc    00000178                           : xfexp.obj (.text)
                  20013034    00000174     simplelink.a : driver.obj (.text:_SlDrvDriverCBInit)
                  200131a8    00000174     magnetic.obj (.text:fInitMagCalibration)
                  2001331c    00000170     simplelink.a : driver.obj (.text:_SlFindAndSetActiveObj)
                  2001348c    0000016c     Send_object_to_Parse.obj (.text:SendObject_ToParse)
                  200135f8    00000168     Ota_update.obj (.text:OTAServerInfoSet)
                  20013760    00000160     tasks.obj (.text:Fusion_Run)
                  200138c0    00000158     Open_angle_calc_from_90_and_40.obj (.text:Calculate_DoorOpenThresholdAngle)
                  20013a18    00000158     drivers.obj (.text:FXOS8700_Init)
                  20013b70    00000158     orientation.obj (.text:qAeqAxB)
                  20013cc8    00000158     orientation.obj (.text:qconjgAxB)
                  20013e20    00000154     wlan_event_handler.obj (.text:SimpleLinkWlanEventHandler)
                  20013f74    00000150     simplelink.a : cc_pal.obj (.text:spi_Open)
                  200140c4    0000014c     Preview_image_capture.obj (.text:CaptureandSavePreviewImage)
                  20014210    0000014c     Ota_update.obj (.text:OTA_Run)
                  2001435c    0000014c     parse_uploads.obj (.text:UploadFirmwareVersionObjectToParse)
                  200144a8    00000140     Shift_to_true_min_max_angles.obj (.text:Calculate_TrueMinMaxAngles)
                  200145e8    0000013c     rtsv7M4_T_le_eabi.lib : fmodf.obj (.text)
                  20014724    0000013c     simplelink.a : socket.obj (.text:sl_Select)
                  20014860    00000138     i2cconfig.obj (.text:I2CBufferRead)
                  20014998    00000138     Task_capture_configs.obj (.text:ImageSensor_CaptureConfigs_Task)
                  20014ad0    00000138     orientation.obj (.text:fLPFOrientationQuaternion)
                  20014c08    00000138     orientation.obj (.text:fRotationMatrixFromQuaternion)
                  20014d40    00000136     rtsv7M4_T_le_eabi.lib : fd_div_t2.obj (.text)
                  20014e76    00000002     startup_ccs.obj (.text:NmiSR)
                  20014e78    00000134     driverlib.a : prcm.obj (.text:PRCMCC3200MCUInit)
                  20014fac    00000134     rtsv7M4_T_le_eabi.lib : fputs.obj (.text)
                  200150e0    00000130     i2cconfig.obj (.text:I2CBufferWrite)
                  20015210    0000012a     free_rtos.a : list.obj (.text)
                  2001533a    00000002     main.obj (.text:vApplicationIdleHook)
                  2001533c    00000128     simplelink.a : driver.obj (.text:_SlDrvDataReadOp)
                  20015464    00000120     Connect_to_wifi.obj (.text:initNetwork)
                  20015584    00000118     simplelink.a : socket.obj (.text:sl_SendTo)
                  2001569c    00000110     mt9d111_inits.obj (.text:RestartSensorInJpegMode)
                  200157ac    00000110     free_rtos.a : port.obj (.text)
                  200158bc    00000110     rtsv7M4_T_le_eabi.lib : xdscale.obj (.text)
                  200159cc    0000010c     hibernate_related_fns.obj (.text:HIBernate)
                  20015ad8    0000010c     simplelink.a : socket.obj (.text:sl_RecvFrom)
                  20015be4    0000010a     drivers.obj (.text:FXOS8700_ReadData)
                  20015cee    00000002     main.obj (.text:vApplicationMallocFailedHook)
                  20015cf0    00000108     middleware.a : rtc_hal.obj (.text:rtc_fast_domain_counter_rd)
                  20015df8    00000108     simplelink.a : socket.obj (.text:sl_Connect)
                  20015f00    00000108                  : socket.obj (.text:sl_Send)
                  20016008    00000104                  : driver.obj (.text:_SlDrvDataWriteOp)
                  2001610c    00000104                  : netapp.obj (.text:sl_NetAppDnsGetHostByName)
                  20016210    00000100     cc3200_client_state.obj (.text:loadClientState)
                  20016310    000000fe     simplelink.a : netapp.obj (.text:_SlDrvNetAppEventHandler)
                  2001640e    00000002     --HOLE-- [fill = 0]
                  20016410    000000fc     main.obj (.text:InitializeAppVariables)
                  2001650c    000000fc     pinmux.obj (.text:PinMuxConfig)
                  20016608    000000fc     orientation.obj (.text:fqAeqNormqA)
                  20016704    000000fc     rtsv7M4_T_le_eabi.lib : fd_mul_t2.obj (.text)
                  20016800    000000fa                           : fs_add_t2.obj (.text)
                  200168fa    00000002     --HOLE-- [fill = 0]
                  200168fc    000000f8     sntp.obj (.text:GetTimeNTP)
                  200169f4    000000f8     Task_main.obj (.text:Main_Task_withHibernate)
                  20016aec    000000f8     Connect_to_wifi.obj (.text:WiFi_Connect)
                  20016be4    000000f8     cc3200_certificate.obj (.text:ensureCertificateFile)
                  20016cdc    000000f4     mt9d111_imaging_settings.obj (.text:SetAnalogGain)
                  20016dd0    000000f4     mt9d111_imaging_settings.obj (.text:SetDigitalGain)
                  20016ec4    000000f4     simplelink.a : driver.obj (.text:_SlDrvDriverCBDeinit)
                  20016fb8    000000f4     installation.obj (.text:getInstallation)
                  200170ac    000000f4     reusable.obj (.text:intToASCII)
                  200171a0    000000f4     simplelink.a : fs.obj (.text:sl_FsRead)
                  20017294    000000f2     cc3200_socket.obj (.text:socketRead)
                  20017386    00000002     --HOLE-- [fill = 0]
                  20017388    000000f0     driverlib.a : udma.obj (.text:uDMAChannelTransferSet)
                  20017478    000000ec     orientation.obj (.text:fRotationVectorDegFromQuaternion)
                  20017564    000000ec     Temp_rh_sens_si7020.obj (.text:getTempRH)
                  20017650    000000ec     simplelink.a : fs.obj (.text:sl_FsWrite)
                  2001773c    000000e8     Min_max.obj (.text:Check_MinMax)
                  20017824    000000e8     mt9d111_driver_read_write_fns.obj (.text:Register_Read)
                  2001790c    000000e4     mt9d111_imaging_settings.obj (.text:SetInitialGain)
                  200179f0    000000e4     fusion.obj (.text:fRun_6DOF_GB_BASIC)
                  20017ad4    000000e0     Start_AP_mode.obj (.text:AccessPtMode_HTTPServer_Start)
                  20017bb4    000000dc     rtsv7M4_T_le_eabi.lib : setvbuf.obj (.text)
                  20017c90    000000dc     simplelink.a : cc_pal.obj (.text:spi_Read)
                  20017d6c    000000da     get_fridge_cam_id.obj (.text:Get_FridgeCamID)
                  20017e46    00000002     --HOLE-- [fill = 0]
                  20017e48    000000d8     Config_angles.obj (.text:CollectAngle)
                  20017f20    000000d8     simplelink.a : driver.obj (.text:_SlDrvClassifyRxMsg)
                  20017ff8    000000d8     rtsv7M4_T_le_eabi.lib : xfatan.obj (.text)
                  200180d0    000000d4     camera_dma.obj (.text:DMAConfig)
                  200181a4    000000d4     i2c_app.obj (.text:i2cWriteRegisters)
                  20018278    000000d4     simplelink.a : device.obj (.text:sl_Stop)
                  2001834c    000000d0     rtsv7M4_T_le_eabi.lib : xfdscale.obj (.text)
                  2001841c    000000cc     Task_user_config.obj (.text:UserConfigure_Task)
                  200184e8    000000cc     approximations.obj (.text:fatan_deg)
                  200185b4    000000cc     rtsv7M4_T_le_eabi.lib : sqrtf.obj (.text)
                  20018680    000000c8     flash_file_operations.obj (.text:WriteFile_ToFlash)
                  20018748    000000c8     simplelink.a : netapp.obj (.text:_sl_HandleAsync_DnsGetHostByService)
                  20018810    000000c8     rtsv7M4_T_le_eabi.lib : fflush.obj (.text)
                  200188d8    000000c4     simplelink.a : driver.obj (.text:_SlRemoveFromList)
                  2001899c    000000c0     i2c_if.obj (.text:I2C_IF_Read)
                  20018a5c    000000c0     parse_uploads.obj (.text:UploadSensorDataToParse)
                  20018b1c    000000be     rtsv7M4_T_le_eabi.lib : xdnorm.obj (.text)
                  20018bda    00000002     --HOLE-- [fill = 0]
                  20018bdc    000000bc     i2c_if.obj (.text:I2C_IF_Write)
                  20018c98    000000bc     simplelink.a : driver.obj (.text:_SlDrvMsgReadCmdCtx)
                  20018d54    000000bc     rtsv7M4_T_le_eabi.lib : acosf.obj (.text)
                  20018e10    000000bc     simplelink.a : device.obj (.text:sl_Start)
                  20018ecc    000000ba     free_rtos.a : portasm.obj (.text)
                  20018f86    00000002     --HOLE-- [fill = 0]
                  20018f88    000000b8     simplelink.a : driver.obj (.text:_SlAsyncEventGenericHandler)
                  20019040    000000b8     installation.obj (.text:createInstallation)
                  200190f8    000000b4     simplelink.a : netapp.obj (.text:sl_NetAppMDNSRegisterUnregisterService)
                  200191ac    000000ac     rtsv7M4_T_le_eabi.lib : _io_perm.obj (.text)
                  20019258    000000ab     installation.obj (.text:getInstallationByIdCallback)
                  20019303    00000001     --HOLE-- [fill = 0]
                  20019304    000000aa     uartA1_if.obj (.text:Report)
                  200193ae    00000002     --HOLE-- [fill = 0]
                  200193b0    000000a8     driverlib.a : interrupt.obj (.text:IntDisable)
                  20019458    000000a8                 : interrupt.obj (.text:IntEnable)
                  20019500    000000a8     parse_uploads.obj (.text:UploadImageToParse)
                  200195a8    000000a8     simplelink.a : netcfg.obj (.text:sl_NetCfgGet)
                  20019650    000000a0     flash_file_operations.obj (.text:ReadFile_FromFlash)
                  200196f0    000000a0     driverlib.a : spi.obj (.text:SPIConfigSetExpClk)
                  20019790    000000a0     parse_uploads.obj (.text:UploadGroundDataObjectToParse)
                  20019830    000000a0     cc3200_socket.obj (.text:socketWrite)
                  200198d0    0000009e     matrix.obj (.text:f3x3matrixDetA)
                  2001996e    00000002     --HOLE-- [fill = 0]
                  20019970    0000009c     parse_uploads.obj (.text:UploadUserConfigObjectToParse)
                  20019a0c    0000009c     simplelink.a : driver.obj (.text:_SlDrvMsgReadSpawnCtx)
                  20019aa8    0000009c     approximations.obj (.text:fatan2_deg)
                  20019b44    0000009c     i2c_app.obj (.text:i2cReadRegistersTwoBytes)
                  20019be0    0000009c     rtsv7M4_T_le_eabi.lib : memcpy_t2.obj (.text)
                  20019c7c    0000009c     simplelink.a : device.obj (.text:sl_DevGet)
                  20019d18    00000098     user_configure_fn.obj (.text:InitializeUserConfigVariables)
                  20019db0    00000098     timer_fns.obj (.text:IntrptHandler_LEDTimer)
                  20019e48    00000098     simplelink.a : fs.obj (.text:_sl_GetCreateFsMode)
                  20019ee0    00000098     i2c_app.obj (.text:i2cReadRegisters)
                  20019f78    00000098     rtsv7M4_T_le_eabi.lib : fclose.obj (.text)
                  2001a010    00000098                           : fputc.obj (.text)
                  2001a0a8    00000096     add_number_field_to_json_string.obj (.text:Add_NumberField_ToJSONString)
                  2001a13e    00000002     --HOLE-- [fill = 0]
                  2001a140    00000094     Jpeg.obj (.text:Modify_JPEGHeaderFile)
                  2001a1d4    00000094     driverlib.a : prcm.obj (.text:PRCMPeripheralClockGet)
                  2001a268    00000094     approximations.obj (.text:facos_deg)
                  2001a2fc    00000094     rtsv7M4_T_le_eabi.lib : snprintf.obj (.text)
                  2001a390    00000092     parse_impl.obj (.text:parseInitialize)
                  2001a422    00000092     rtsv7M4_T_le_eabi.lib : fs_div_t2.obj (.text)
                  2001a4b4    00000090     App_level_fns_battery_lvl.obj (.text:Get_BatteryPercent)
                  2001a544    0000008c     led.obj (.text:LED_Blink_2)
                  2001a5d0    0000008c     mt9d111_imaging_settings.obj (.text:Read_AllRegisters)
                  2001a65c    0000008c     simplelink.a : cc_pal.obj (.text:SetupDMAReceive)
                  2001a6e8    0000008c                  : cc_pal.obj (.text:SetupDMASend)
                  2001a774    0000008c                  : netapp.obj (.text:_sl_HandleAsync_DnsGetHostByName)
                  2001a800    0000008c                  : netapp.obj (.text:_sl_HandleAsync_PingResponse)
                  2001a88c    0000008c     rtsv7M4_T_le_eabi.lib : xfdint.obj (.text)
                  2001a918    0000008c     simplelink.a : cc_pal.obj (.text:spi_Write)
                  2001a9a4    00000088     mt9d111_power.obj (.text:EnterStandby_mt9d111)
                  2001aa2c    00000088     Jpeg.obj (.text:Get_ChromQtable)
                  2001aab4    00000088     Jpeg.obj (.text:Get_LumQtable)
                  2001ab3c    00000088     driverlib.a : prcm.obj (.text:PRCMHibernateIntervalSet)
                  2001abc4    00000088                 : pin.obj (.text:PinConfigSet)
                  2001ac4c    00000088     Wifi_provisioning.obj (.text:WlanConnect)
                  2001acd4    00000088     rtsv7M4_T_le_eabi.lib : vsnprintf.obj (.text)
                  2001ad5c    00000088     simplelink.a : socket.obj (.text:sl_Bind)
                  2001ade4    00000088                  : fs.obj (.text:sl_FsClose)
                  2001ae6c    00000086     rtsv7M4_T_le_eabi.lib : fd_cmp_t2.obj (.text:__aeabi_cdcmple)
                  2001aef2    00000086                           : fd_cmp_t2.obj (.text:__aeabi_cdrcmple)
                  2001af78    00000084     mt9d111_power.obj (.text:ExitStandby_mt9d111)
                  2001affc    00000084     timer_if.obj (.text:GetPeripheralIntNum)
                  2001b080    00000084     driverlib.a : i2c.obj (.text:I2CMasterInitExpClk)
                  2001b104    00000084     simplelink.a : cc_pal.obj (.text:NwpPowerOnPreamble)
                  2001b188    00000084     matrix.obj (.text:f3x3matrixAeqI)
                  2001b20c    00000084     fusion.obj (.text:fInit_6DOF_GB_BASIC)
                  2001b290    00000080     simplelink.a : driver.obj (.text:_SlDrvCmdOp)
                  2001b310    00000080     Temp_rh_sens_si7020.obj (.text:configureTempRHSensor)
                  2001b390    00000080     simplelink.a : cc_pal.obj (.text:spi_Read_CPU)
                  2001b410    00000080                  : cc_pal.obj (.text:spi_Write_CPU)
                  2001b490    0000007c     driverlib.a : prcm.obj (.text:PRCMRTCGet)
                  2001b50c    0000007c     user_configure_fn.obj (.text:SaveImageConfig)
                  2001b588    0000007c     simplelink.a : device.obj (.text:_sl_HandleAsync_InitComplete)
                  2001b604    0000007c     matrix.obj (.text:fmatrixAeqI)
                  2001b680    0000007c     simplelink.a : fs.obj (.text:sl_FsGetInfo)
                  2001b6fc    0000007a     rtsv7M4_T_le_eabi.lib : fs_mul_t2.obj (.text)
                  2001b776    0000007a                           : memset_t2.obj (.text)
                  2001b7f0    0000007a                           : xfdnorm.obj (.text)
                  2001b86a    00000002     --HOLE-- [fill = 0]
                  2001b86c    00000078     i2c_if.obj (.text:I2CTransact)
                  2001b8e4    00000078     Initialise_parse.obj (.text:InitialiseParse)
                  2001b95c    00000078     Commit_firmware.obj (.text:OTA_CommitImage)
                  2001b9d4    00000078     simplelink.a : socket.obj (.text:_sl_HandleAsync_Connect)
                  2001ba4c    00000078                  : fs.obj (.text:sl_FsOpen)
                  2001bac4    00000078                  : cc_pal.obj (.text:spi_Close)
                  2001bb3c    00000076     driverlib.a : uart.obj (.text:UARTConfigSetExpClk)
                  2001bbb2    00000002     --HOLE-- [fill = 0]
                  2001bbb4    00000074     Camera_setup.obj (.text:Standby_ImageSensor)
                  2001bc28    00000074     middleware.a : rtc_hal.obj (.text:rtc_value_rd)
                  2001bc9c    00000074     simplelink.a : socket.obj (.text:sl_Recv)
                  2001bd10    00000073     installation.obj (.text:getInstallationCallback)
                  2001bd83    00000001     --HOLE-- [fill = 0]
                  2001bd84    00000072     timer_if.obj (.text:Timer_IF_IntSetup)
                  2001bdf6    00000002     --HOLE-- [fill = 0]
                  2001bdf8    00000070     Camera_setup.obj (.text:Start_CameraCapture)
                  2001be68    00000070     timer_fns.obj (.text:get_timeDuration)
                  2001bed8    0000006c     camera_dma.obj (.text:CamControllerInit)
                  2001bf44    0000006c     udma_if.obj (.text:UDMAInit)
                  2001bfb0    0000006c     simplelink.a : driver.obj (.text:_SlDrvCmdSend)
                  2001c01c    0000006c     matrix.obj (.text:f3x3matrixAeqMinusA)
                  2001c088    0000006c     request.obj (.text:parseSendRequestInternal)
                  2001c0f4    0000006c     rtsv7M4_T_le_eabi.lib : autoinit.obj (.text)
                  2001c160    0000006c                           : fprintf.obj (.text)
                  2001c1cc    0000006c                           : fs_toll_t2.obj (.text)
                  2001c238    0000006c     timer_fns.obj (.text:start_periodicInterrupt_timer)
                  2001c2a4    0000006a     matrix.obj (.text:f3x3matrixAeqAxScalar)
                  2001c30e    0000006a     rtsv7M4_T_le_eabi.lib : copy_decompress_rle.obj (.text)
                  2001c378    00000069     http.obj (.text:beginHttpGetRequest)
                  2001c3e1    00000003     --HOLE-- [fill = 0]
                  2001c3e4    00000068     driverlib.a : prcm.obj (.text:PRCMHibernateWakeUpGPIOSelect)
                  2001c44c    00000068     mt9d111_imaging_settings.obj (.text:ReadGainReg)
                  2001c4b4    00000068     user_configure_fn.obj (.text:SaveUserConfigs)
                  2001c51c    00000068     simplelink.a : netapp.obj (.text:_sl_NetAppSendTokenValue)
                  2001c584    00000068     cc3200_utils.obj (.text:fetchDeviceOSVersion)
                  2001c5ec    00000068     rtsv7M4_T_le_eabi.lib : trgmsg.obj (.text)
                  2001c654    00000068     simplelink.a : device.obj (.text:sl_DevSet)
                  2001c6bc    00000068                  : netcfg.obj (.text:sl_NetCfgSet)
                  2001c724    00000068                  : socket.obj (.text:sl_SetSockOpt)
                  2001c78c    00000068                  : wlan.obj (.text:sl_WlanSet)
                  2001c7f4    00000066     matrix.obj (.text:f3x3matrixAeqScalar)
                  2001c85a    00000066     rtsv7M4_T_le_eabi.lib : xdunscal.obj (.text)
                  2001c8c0    00000064                           : fseek.obj (.text)
                  2001c924    00000064     cc3200_socket.obj (.text:socketWait)
                  2001c988    00000064     driverlib.a : udma.obj (.text:uDMAChannelAttributeDisable)
                  2001c9ec    00000064                 : udma.obj (.text:uDMAChannelAttributeEnable)
                  2001ca50    00000060     rtsv7M4_T_le_eabi.lib : fs_cmp_t2.obj (.text:__aeabi_cfcmple)
                  2001cab0    00000060                           : fs_cmp_t2.obj (.text:__aeabi_cfrcmple)
                  2001cb10    00000060     simplelink.a : socket.obj (.text:_sl_HandleAsync_Accept)
                  2001cb70    00000060     Fxos8700_initialization.obj (.text:fxosDefault_Initializations)
                  2001cbd0    00000060     light_sens_isl29035.obj (.text:getLightsensor_data)
                  2001cc30    00000060     rtsv7M4_T_le_eabi.lib : sprintf.obj (.text)
                  2001cc90    00000060     simplelink.a : wlan.obj (.text:sl_WlanPolicySet)
                  2001ccf0    0000005c                  : socket.obj (.text:sl_Socket)
                  2001cd4c    00000058     driverlib.a : interrupt.obj (.text:IntPendClear)
                  2001cda4    00000058                 : prcm.obj (.text:PRCMPeripheralReset)
                  2001cdfc    00000056     rtsv7M4_T_le_eabi.lib : ltoa.obj (.text)
                  2001ce52    00000056                           : xfdunsca.obj (.text)
                  2001cea8    00000054     driverlib.a : interrupt.obj (.text:IntPrioritySet)
                  2001cefc    00000054     simplelink.a : socket.obj (.text:_sl_HandleAsync_Select)
                  2001cf50    00000054     approximations.obj (.text:fasin_deg)
                  2001cfa4    00000054     request.obj (.text:headerSend)
                  2001cff8    00000054     simplelink.a : wlan.obj (.text:sl_WlanRxFilterSet)
                  2001d04c    00000051     installation.obj (.text:createInstallationCallback)
                  2001d09d    00000003     --HOLE-- [fill = 0]
                  2001d0a0    00000050     i2c_if.obj (.text:I2C_IF_Open)
                  2001d0f0    00000050     driverlib.a : prcm.obj (.text:PRCMSlowClkCtrGet)
                  2001d140    00000050     Camera_setup.obj (.text:Restart_Camera)
                  2001d190    00000050     simplelink.a : device.obj (.text:_sl_HandleAsync_Stop)
                  2001d1e0    00000050     mt9d111_imaging_settings.obj (.text:disableAE)
                  2001d230    00000050     mt9d111_imaging_settings.obj (.text:disableAWB)
                  2001d280    00000050     mt9d111_imaging_settings.obj (.text:enableAWB)
                  2001d2d0    00000050     Get_door_angle.obj (.text:get_angle)
                  2001d320    00000050     rtsv7M4_T_le_eabi.lib : fs_toull_t2.obj (.text)
                  2001d370    00000050     simplelink.a : fs.obj (.text:sl_FsDel)
                  2001d3c0    0000004c     nwp.obj (.text:NWP_SwitchOn)
                  2001d40c    0000004c     tasks.obj (.text:RdSensData_Init)
                  2001d458    0000004c     driverlib.a : spi.obj (.text:SPIIntEnable)
                  2001d4a4    0000004c     simplelink.a : driver.obj (.text:_SlDrvProtectAsyncRespSetting)
                  2001d4f0    0000004c                  : driver.obj (.text:_SlDrvRxIrqHandler)
                  2001d53c    0000004c                  : socket.obj (.text:_sl_BuildAddress)
                  2001d588    0000004c     rtsv7M4_T_le_eabi.lib : atoi.obj (.text)
                  2001d5d4    0000004c                           : atol.obj (.text)
                  2001d620    0000004c                           : cpy_tbl.obj (.text)
                  2001d66c    0000004c                           : rand.obj (.text)
                  2001d6b8    0000004c     driverlib.a : udma.obj (.text:uDMAChannelAssign)
                  2001d704    0000004c     middleware.a : util64.obj (.text:util_u32_nsec_add)
                  2001d750    0000004a     rtsv7M4_T_le_eabi.lib : fd_tos_t2.obj (.text)
                  2001d79a    00000002     --HOLE-- [fill = 0]
                  2001d79c    00000048     nwp.obj (.text:NWP_SwitchOff)
                  2001d7e4    00000048     driverlib.a : prcm.obj (.text:PRCMHibernateWakeupSourceDisable)
                  2001d82c    00000048                 : prcm.obj (.text:PRCMHibernateWakeupSourceEnable)
                  2001d874    00000048     mt9d111_imaging_settings.obj (.text:ReadImageConfigReg)
                  2001d8bc    00000048     driverlib.a : spi.obj (.text:SPIIntClear)
                  2001d904    00000048     mt9d111_driver_read_write_fns.obj (.text:Variable_Read)
                  2001d94c    00000048     watchdog.obj (.text:WatchdogIntHandler)
                  2001d994    00000048     simplelink.a : driver.obj (.text:_SlDrvBasicCmd)
                  2001d9dc    00000048     http.obj (.text:addHttpRequestLine)
                  2001da24    00000048     approximations.obj (.text:fatan_15deg)
                  2001da6c    00000048     rtsv7M4_T_le_eabi.lib : fd_toi_t2.obj (.text)
                  2001dab4    00000048     Temp_rh_sens_si7020.obj (.text:verifyTempRHSensor)
                  2001dafc    00000046     rtsv7M4_T_le_eabi.lib : ldexp.obj (.text)
                  2001db42    00000002     --HOLE-- [fill = 0]
                  2001db44    00000044     App_level_fns_battery_lvl.obj (.text:Get_BatteryVoltage)
                  2001db88    00000044     driverlib.a : spi.obj (.text:SPIDmaMaskGet)
                  2001dbcc    00000044     netapp_event_handler.obj (.text:SimpleLinkNetAppEventHandler)
                  2001dc10    00000044     driverlib.a : timer.obj (.text:TimerConfigure)
                  2001dc54    00000044     udma_if.obj (.text:UDMASetupTransfer)
                  2001dc98    00000044     simplelink.a : cc_pal.obj (.text:cc_SetupTransfer)
                  2001dcdc    00000044     fxos8700_calibrate.obj (.text:fxos_Calibration)
                  2001dd20    00000044     rtsv7M4_T_le_eabi.lib : exit.obj (.text)
                  2001dd64    00000044                           : fd_tou_t2.obj (.text)
                  2001dda8    00000044     light_sens_isl29035.obj (.text:verifyISL29035)
                  2001ddec    00000042     simplelink.a : socket.obj (.text:sl_Htonl)
                  2001de2e    00000002     --HOLE-- [fill = 0]
                  2001de30    00000040     mt9d111_imaging_settings.obj (.text:CCMRegs_Read)
                  2001de70    00000040     Camera_setup.obj (.text:Config_CameraCapture)
                  2001deb0    00000040     nwp_configure.obj (.text:ConfigureMode)
                  2001def0    00000040     Camera_setup.obj (.text:ImagCapture_Init)
                  2001df30    00000040     mt9d111_imaging_settings.obj (.text:PCLK_Rate_read)
                  2001df70    00000040     driverlib.a : pin.obj (.text:PinModeSet)
                  2001dfb0    00000040     mt9d111_driver_read_write_fns.obj (.text:Variable_Write)
                  2001dff0    00000040     watchdog.obj (.text:WDT_init)
                  2001e030    00000040     http.obj (.text:getHttpResponseBody)
                  2001e070    00000040     rtsv7M4_T_le_eabi.lib : signal.obj (.text)
                  2001e0b0    00000040     timer_fns.obj (.text:start_1Sec_TimeoutTimer)
                  2001e0f0    00000040     accelomtr_magntomtr_fxos8700.obj (.text:verifyAccelMagnSensor)
                  2001e130    0000003e     rtsv7M4_T_le_eabi.lib : strncasecmp.obj (.text)
                  2001e16e    0000003c     simplelink.a : netapp.obj (.text:CopyPingResultsToReport)
                  2001e1aa    00000002     --HOLE-- [fill = 0]
                  2001e1ac    0000003c     tasks.obj (.text:Fusion_Init)
                  2001e1e8    0000003c     Ota_update.obj (.text:OTA_Init)
                  2001e224    0000003c     driverlib.a : prcm.obj (.text:PRCMPeripheralClkEnable)
                  2001e260    0000003c                 : prcm.obj (.text:PRCMSlowClkCtrFastGet)
                  2001e29c    0000003c     mt9d111_driver_read_write_fns.obj (.text:Reg_Read)
                  2001e2d8    0000003c     simplelink.a : socket.obj (.text:_sl_TruncatePayloadByProtocol)
                  2001e314    0000003c     rtsv7M4_T_le_eabi.lib : boot.obj (.text)
                  2001e350    0000003c     simplelink.a : socket.obj (.text:sl_Htons)
                  2001e38c    0000003c     timer_fns.obj (.text:start_100mSecTimer)
                  2001e3c8    0000003c     driverlib.a : udma.obj (.text:uDMAChannelControlSet)
                  2001e404    0000003a                 : camera.obj (.text:CameraCaptureStop)
                  2001e43e    0000003a                 : camera.obj (.text:CameraXClkConfig)
                  2001e478    0000003a     mt9d111_driver_read_write_fns.obj (.text:Reg_Write)
                  2001e4b2    0000003a     orientation.obj (.text:fLPFScalar)
                  2001e4ec    0000003a     request.obj (.text:parseSendRequest)
                  2001e526    00000002     --HOLE-- [fill = 0]
                  2001e528    00000039     http.obj (.text:addHttpRequestHeader)
                  2001e561    00000003     --HOLE-- [fill = 0]
                  2001e564    00000038     main.obj (.text:BoardInit)
                  2001e59c    00000038     battery_volt_lvl_adc081c021.obj (.text:Get_BatteryVoltageLevel_ADC081C021)
                  2001e5d4    00000038     timer_fns.obj (.text:LEDTimer_Enable)
                  2001e60c    00000038     sntp.obj (.text:Network_IF_GetHostIP)
                  2001e644    00000038     simplelink.a : cc_pal.obj (.text:NwpPowerOff)
                  2001e67c    00000038     wdt_if.obj (.text:WDT_IF_Init)
                  2001e6b4    00000038     Camera_setup.obj (.text:Wakeup_ImageSensor)
                  2001e6ec    00000038     free_rtos.a : heap_3.obj (.text)
                  2001e724    00000038     rtsv7M4_T_le_eabi.lib : fs_tod_t2.obj (.text)
                  2001e75c    00000038                           : fs_toi_t2.obj (.text)
                  2001e794    00000038                           : i_tofs_t2.obj (.text)
                  2001e7cc    00000036     driverlib.a : gpio.obj (.text:GPIODirModeSet)
                  2001e802    00000036     simplelink.a : netapp.obj (.text:sl_NetAppMDNSUnRegisterService)
                  2001e838    00000035     http.obj (.text:beginHttpRequest)
                  2001e86d    00000001     --HOLE-- [fill = 0]
                  2001e86e    00000034     driverlib.a : camera.obj (.text:CameraParamsConfig)
                  2001e8a2    00000002     --HOLE-- [fill = 0]
                  2001e8a4    00000034     timer_fns.obj (.text:LEDTimer_Start)
                  2001e8d8    00000034     driverlib.a : prcm.obj (.text:PRCMPeripheralStatusGet)
                  2001e90c    00000034     light_sens_isl29035.obj (.text:PowerDown_ISL29035)
                  2001e940    00000034     driverlib.a : spi.obj (.text:SPIFIFOLevelSet)
                  2001e974    00000034     mt9d111_common.obj (.text:Verify_ImageSensor)
                  2001e9a8    00000034     http.obj (.text:getHttpResponseStatus)
                  2001e9dc    00000034     rtsv7M4_T_le_eabi.lib : feraiseexcept.obj (.text)
                  2001ea10    00000034                           : fs_tou_t2.obj (.text)
                  2001ea44    00000034                           : strstr.obj (.text)
                  2001ea78    00000032     timer_if.obj (.text:Timer_IF_Init)
                  2001eaaa    00000030     driverlib.a : pin.obj (.text:PinTypeGPIO)
                  2001eada    00000002     --HOLE-- [fill = 0]
                  2001eadc    00000030     reset.obj (.text:Reset_byStarvingWDT)
                  2001eb0c    00000030     mt9d111_inits.obj (.text:StartSensorInJpegMode)
                  2001eb3c    00000030     driverlib.a : uart.obj (.text:UARTDisable)
                  2001eb6c    00000030     simplelink.a : device.obj (.text:_SlDrvDeviceEventHandler)
                  2001eb9c    00000030                  : fs.obj (.text:_sl_Strlen)
                  2001ebcc    00000030     middleware.a : rtc_hal.obj (.text:hw_access_time_addup)
                  2001ebfc    00000030     rtsv7M4_T_le_eabi.lib : strncpy.obj (.text)
                  2001ec2c    00000030                           : xferaise.obj (.text)
                  2001ec5c    00000030     simplelink.a : socket.obj (.text:sl_Close)
                  2001ec8c    00000030                  : wlan.obj (.text:sl_WlanProfileDel)
                  2001ecbc    00000030                  : wlan.obj (.text:sl_WlanSetMode)
                  2001ecec    00000030     Temp_rh_sens_si7020.obj (.text:softResetTempRHSensor)
                  2001ed1c    0000002e     rtsv7M4_T_le_eabi.lib : i_tofd_t2.obj (.text)
                  2001ed4a    0000002e                           : raise.obj (.text)
                  2001ed78    0000002d     http.obj (.text:addHttpRequestHeaderInt)
                  2001eda5    00000003     --HOLE-- [fill = 0]
                  2001eda8    0000002c     tasks.obj (.text:ApplyMagHAL)
                  2001edd4    0000002c     driverlib.a : camera.obj (.text:CameraIntDisable)
                  2001ee00    0000002c                 : camera.obj (.text:CameraIntEnable)
                  2001ee2c    0000002c     simplelink.a : cc_pal.obj (.text:DmaSpiSwIntHandler)
                  2001ee58    0000002c     driverlib.a : i2c.obj (.text:I2CMasterErr)
                  2001ee84    0000002c     timer_fns.obj (.text:IntHandler_1Sec_TimeoutTimer)
                  2001eeb0    0000002c     driverlib.a : prcm.obj (.text:PRCMSysResetCauseGet)
                  2001eedc    0000002c     mt9d111_common.obj (.text:SoftReset_ImageSensor)
                  2001ef08    0000002c     cc3200_utils.obj (.text:getDeviceTimeDate)
                  2001ef34    0000002c     request.obj (.text:setDataBufferPointer)
                  2001ef60    0000002c     accelomtr_magntomtr_fxos8700.obj (.text:standby_accelMagn_fxos8700)
                  2001ef8c    0000002a     driverlib.a : timer.obj (.text:TimerLoadSet)
                  2001efb6    0000002a                 : timer.obj (.text:TimerPrescaleSet)
                  2001efe0    0000002a     rtsv7M4_T_le_eabi.lib : xdclass.obj (.text)
                  2001f00a    0000002a     middleware.a : util64.obj (.text:util_u64_time_add)
                  2001f034    00000028     driverlib.a : camera.obj (.text:CameraIntStatus)
                  2001f05c    00000028     uartA1_if.obj (.text:InitTerm)
                  2001f084    00000028     driverlib.a : prcm.obj (.text:IsRTCUsed)
                  2001f0ac    00000028     uartA1_if.obj (.text:Message)
                  2001f0d4    00000028     Ota_update.obj (.text:OTA_Update)
                  2001f0fc    00000028     driverlib.a : prcm.obj (.text:PRCMPeripheralClkDisable)
                  2001f124    00000028     accelomtr_magntomtr_fxos8700.obj (.text:getAccelMagntData)
                  2001f14c    00000028     light_sens_isl29035.obj (.text:getLightsensor_intrptStatus)
                  2001f174    00000028     rtsv7M4_T_le_eabi.lib : strncat.obj (.text)
                  2001f19c    00000028     simplelink.a : netapp.obj (.text:sl_NetAppStart)
                  2001f1c4    00000028                  : netapp.obj (.text:sl_NetAppStop)
                  2001f1ec    00000026     driverlib.a : camera.obj (.text:CameraThresholdSet)
                  2001f212    00000026     simplelink.a : cc_pal.obj (.text:NwpRegisterInterruptHandler)
                  2001f238    00000026     socket_event_handler.obj (.text:SimpleLinkSockEventHandler)
                  2001f25e    00000026     rtsv7M4_T_le_eabi.lib : strncmp.obj (.text)
                  2001f284    00000024     driverlib.a : camera.obj (.text:CameraIntClear)
                  2001f2a8    00000024     dbgFns.obj (.text:Check_I2CDevices)
                  2001f2cc    00000024     timer_fns.obj (.text:IntHandler_100mSecTimer)
                  2001f2f0    00000024     driverlib.a : interrupt.obj (.text:IntUnregister)
                  2001f314    00000024                 : prcm.obj (.text:RTCU16MSecRegRead)
                  2001f338    00000024     Camera_setup.obj (.text:ReStart_CameraCapture)
                  2001f35c    00000024     timer_if.obj (.text:Timer_IF_Start)
                  2001f380    00000024     driverlib.a : uart.obj (.text:UARTEnable)
                  2001f3a4    00000024     mt9d111_imaging_settings.obj (.text:WriteAllAEnAWBRegs)
                  2001f3c8    00000024     simplelink.a : driver.obj (.text:_SlDrvProtectionObjLockWaitForever)
                  2001f3ec    00000024     Fxos8700_initialization.obj (.text:magnetometer_initialize)
                  2001f410    00000024     timer_fns.obj (.text:reload_periodicTimer)
                  2001f434    00000024     rtsv7M4_T_le_eabi.lib : u_tofs_t2.obj (.text)
                  2001f458    00000022     driverlib.a : camera.obj (.text:CameraCaptureStart)
                  2001f47a    00000022                 : i2c.obj (.text:I2CMasterSlaveAddrSet)
                  2001f49c    00000022     simplelink.a : socket.obj (.text:SL_FD_SET)
                  2001f4be    00000022     driverlib.a : spi.obj (.text:SPIReset)
                  2001f4e0    00000022                 : spi.obj (.text:SPIWordCountSet)
                  2001f502    00000022     rtsv7M4_T_le_eabi.lib : frexp.obj (.text)
                  2001f524    00000022                           : memcmp.obj (.text)
                  2001f546    00000020     driverlib.a : gpio.obj (.text:GPIOPinWrite)
                  2001f566    00000002     --HOLE-- [fill = 0]
                  2001f568    00000020                 : interrupt.obj (.text:IntRegister)
                  2001f588    00000020     simplelink.a : cc_pal.obj (.text:NwpPowerOn)
                  2001f5a8    00000020     mt9d111_common.obj (.text:Refresh_mt9d111Firmware)
                  2001f5c8    00000020     simplelink.a : driver.obj (.text:_SlDrvProtectionObjUnLock)
                  2001f5e8    00000020     rtsv7M4_T_le_eabi.lib : memchr.obj (.text)
                  2001f608    00000020                           : u_tofd_t2.obj (.text)
                  2001f628    0000001e     driverlib.a : i2c.obj (.text:I2CMasterIntStatusEx)
                  2001f646    0000001e                 : timer.obj (.text:TimerDisable)
                  2001f664    0000001e                 : timer.obj (.text:TimerEnable)
                  2001f682    0000001e                 : timer.obj (.text:TimerIntStatus)
                  2001f6a0    0000001e                 : uart.obj (.text:UARTCharPut)
                  2001f6be    0000001e     simplelink.a : cc_pal.obj (.text:cc_UDMAChannelSelect)
                  2001f6dc    0000001e     rtsv7M4_T_le_eabi.lib : strcat.obj (.text)
                  2001f6fa    00000002     --HOLE-- [fill = 0]
                  2001f6fc    0000001c     tasks.obj (.text:ApplyAccelHAL)
                  2001f718    0000001c     mt9d111_inits.obj (.text:CameraSensorInit)
                  2001f734    0000001c     udma_if.obj (.text:DmaSwIntHandler)
                  2001f750    0000001c     driverlib.a : pin.obj (.text:PinTypeI2C)
                  2001f76c    0000001c     App_level_fns_light_sens.obj (.text:PowerDown_LightSensor)
                  2001f788    0000001c     driverlib.a : timer.obj (.text:TimerValueGet)
                  2001f7a4    0000001c     simplelink.a : driver.obj (.text:_SlDrvObjLockWaitForever)
                  2001f7c0    0000001c                  : driver.obj (.text:_SlDrvSyncObjWaitForever)
                  2001f7dc    0000001c     rtsv7M4_T_le_eabi.lib : memccpy.obj (.text)
                  2001f7f8    0000001c     timer_fns.obj (.text:stop_100mSecTimer)
                  2001f814    0000001c     timer_fns.obj (.text:stop_1Sec_TimeoutTimer)
                  2001f830    0000001c     timer_fns.obj (.text:stop_periodicInterrupt_timer)
                  2001f84c    0000001c     driverlib.a : udma.obj (.text:uDMAChannelDisable)
                  2001f868    0000001c                 : udma.obj (.text:uDMAChannelEnable)
                  2001f884    0000001a     App_level_fns_light_sens.obj (.text:IsLightOff)
                  2001f89e    0000001a     driverlib.a : pin.obj (.text:PinTypeCamera)
                  2001f8b8    0000001a                 : pin.obj (.text:PinTypeUART)
                  2001f8d2    0000001a                 : spi.obj (.text:SPIDmaDisable)
                  2001f8ec    0000001a                 : spi.obj (.text:SPIDmaEnable)
                  2001f906    0000001a                 : spi.obj (.text:SPIFIFODisable)
                  2001f920    0000001a                 : spi.obj (.text:SPIFIFOEnable)
                  2001f93a    00000018                 : camera.obj (.text:CameraReset)
                  2001f952    00000018                 : gpio.obj (.text:GPIOPinRead)
                  2001f96a    00000002     --HOLE-- [fill = 0]
                  2001f96c    00000018     timer_fns.obj (.text:ISR_periodicInterrupt_timer)
                  2001f984    00000018     led.obj (.text:LED_Off)
                  2001f99c    00000018     led.obj (.text:LED_On)
                  2001f9b4    00000018     driverlib.a : prcm.obj (.text:PRCMHibernateEnter)
                  2001f9cc    00000018                 : spi.obj (.text:SPICSDisable)
                  2001f9e4    00000018                 : spi.obj (.text:SPICSEnable)
                  2001f9fc    00000018                 : spi.obj (.text:SPIDisable)
                  2001fa14    00000018                 : spi.obj (.text:SPIEnable)
                  2001fa2c    00000018                 : timer.obj (.text:TimerIntEnable)
                  2001fa44    00000018     timer_if.obj (.text:Timer_IF_InterruptClear)
                  2001fa5c    00000018     driverlib.a : wdt.obj (.text:WatchdogStallEnable)
                  2001fa74    00000018                 : wdt.obj (.text:WatchdogUnlock)
                  2001fa8c    00000018     simplelink.a : driver.obj (.text:_SlDrvObjUnLock)
                  2001faa4    00000018                  : driver.obj (.text:_SlDrvSyncObjSignal)
                  2001fabc    00000018                  : device.obj (.text:_sl_GetStartResponseConvert)
                  2001fad4    00000018     middleware.a : rtc_hal.obj (.text:get_value)
                  2001faec    00000018     rtsv7M4_T_le_eabi.lib : args_main.obj (.text)
                  2001fb04    00000018                           : strcmp.obj (.text)
                  2001fb1c    00000016     driverlib.a : camera.obj (.text:CameraDMAEnable)
                  2001fb32    00000016                 : camera.obj (.text:CameraIntRegister)
                  2001fb48    00000016                 : i2c.obj (.text:I2CMasterDataPut)
                  2001fb5e    00000016                 : i2c.obj (.text:I2CMasterEnable)
                  2001fb74    00000016                 : prcm.obj (.text:PRCMHIBRegRead)
                  2001fb8a    00000016                 : prcm.obj (.text:PRCMHIBRegWrite)
                  2001fba0    00000016                 : wdt.obj (.text:WatchdogEnable)
                  2001fbb6    00000016     simplelink.a : driver.obj (.text:_SlDrvMemZero)
                  2001fbcc    00000016     rtsv7M4_T_le_eabi.lib : strchr.obj (.text)
                  2001fbe2    00000014     driverlib.a : cpu.obj (.text:CPUcpsie)
                  2001fbf6    00000002     --HOLE-- [fill = 0]
                  2001fbf8    00000014                 : interrupt.obj (.text:IntVTableBaseSet)
                  2001fc0c    00000014     timer_fns.obj (.text:LEDTimer_Stop)
                  2001fc20    00000014     mt9d111_imaging_settings.obj (.text:SetShutterWidth)
                  2001fc34    00000014     rtsv7M4_T_le_eabi.lib : _lock.obj (.text)
                  2001fc48    00000014                           : strcpy.obj (.text)
                  2001fc5c    00000014                           : strlen.obj (.text)
                  2001fc70    00000014     driverlib.a : udma.obj (.text:uDMAControlBaseSet)
                  2001fc84    00000014                 : udma.obj (.text:uDMAIntClear)
                  2001fc98    00000012                 : i2c.obj (.text:I2CMasterControl)
                  2001fcaa    00000012                 : i2c.obj (.text:I2CMasterIntClearEx)
                  2001fcbc    00000012                 : i2c.obj (.text:I2CMasterTimeoutSet)
                  2001fcce    00000012                 : timer.obj (.text:TimerIntClear)
                  2001fce0    00000012                 : wdt.obj (.text:WatchdogReloadSet)
                  2001fcf2    00000002     --HOLE-- [fill = 0]
                  2001fcf4    00000010                 : prcm.obj (.text:PRCMSOCReset)
                  2001fd04    00000010                 : prcm.obj (.text:RTCU32SecRegRead)
                  2001fd14    00000010     simplelink.a : socket.obj (.text:SL_FD_ZERO)
                  2001fd24    00000010     timer_if.obj (.text:Timer_IF_Stop)
                  2001fd34    00000010     driverlib.a : wdt.obj (.text:WatchdogIntClear)
                  2001fd44    00000010     cc3200_socket.obj (.text:socketClose)
                  2001fd54    0000000e     driverlib.a : i2c.obj (.text:I2CMasterDataGet)
                  2001fd62    0000000e     simplelink.a : driver.obj (.text:_SlDrvResetCmdExt)
                  2001fd70    0000000e     rtsv7M4_T_le_eabi.lib : copy_decompress_none.obj (.text:decompress:none)
                  2001fd7e    0000000c     udma_if.obj (.text:DmaErrorIntHandler)
                  2001fd8a    00000002     --HOLE-- [fill = 0]
                  2001fd8c    0000000c     simplelink.a : cc_pal.obj (.text:NwpMaskInterrupt)
                  2001fd98    0000000c                  : cc_pal.obj (.text:NwpUnMaskInterrupt)
                  2001fda4    0000000c     middleware.a : rtc_hal.obj (.text:cc_rtc_get)
                  2001fdb0    0000000c     rtsv7M4_T_le_eabi.lib : copy_zero_init.obj (.text:decompress:ZI)
                  2001fdbc    0000000c     parse_impl.obj (.text:getInternalClient)
                  2001fdc8    0000000c     simplelink.a : wlan.obj (.text:sl_WlanDisconnect)
                  2001fdd4    0000000c     driverlib.a : udma.obj (.text:uDMAEnable)
                  2001fde0    0000000c                 : udma.obj (.text:uDMAIntStatus)
                  2001fdec    0000000a                 : interrupt.obj (.text:IntMasterEnable)
                  2001fdf6    0000000a     main.obj (.text:vApplicationStackOverflowHook)
                  2001fe00    00000008     hibernate_related_fns.obj (.text:sensorsTriggerSetup)
                  2001fe08    00000006     i2cconfig.obj (.text:MT9D111Delay)
                  2001fe0e    00000006     startup_ccs.obj (.text:ResetISR)
                  2001fe14    00000006     driverlib.a : utils.obj (.text:UtilsDelay)
                  2001fe1a    00000006     rtsv7M4_T_le_eabi.lib : copy_decompress_rle.obj (.text:decompress:rle24)
                  2001fe20    00000006                           : logf.obj (.text)
                  2001fe26    00000006                           : sinf.obj (.text)
                  2001fe2c    00000004                           : error.obj (.text)
                  2001fe30    00000004                           : pre_init.obj (.text)

.const     0    2001fe34    00000e4c     
                  2001fe34    00000170     mt9d111_inits.obj (.const:capture_cmds_list)
                  2001ffa4    00000140     mt9d111_inits.obj (.const:init_cmds_list)
                  200200e4    00000101     rtsv7M4_T_le_eabi.lib : ctype.obj (.const:.string:_ctypes_)
                  200201e5    00000002     Temp_rh_sens_si7020.obj (.const:.string)
                  200201e7    00000001     --HOLE-- [fill = 0]
                  200201e8    00000100     driverlib.a : pin.obj (.const:g_ulPinToPadMap)
                  200202e8    000000d4                 : interrupt.obj (.const:g_pulRegs)
                  200203bc    000000b0     simplelink.a : wlan.obj (.const:$P$T0$1)
                  2002046c    000000a8     driverlib.a : prcm.obj (.const:PRCM_PeriphRegsList)
                  20020514    000000a4     mt9d111_inits.obj (.const:$P$T0$1)
                  200205b8    00000088     mt9d111_imaging_settings.obj (.const)
                  20020640    00000080     driverlib.a : interrupt.obj (.const)
                  200206c0    00000068     mt9d111_imaging_settings.obj (.const:$P$T10$11)
                  20020728    00000068     App_level_fns_battery_lvl.obj (.const:V2CEntry$1)
                  20020790    00000054     mt9d111_power.obj (.const:$P$T0$1)
                  200207e4    0000004c     mt9d111_imaging_settings.obj (.const:$P$T0$1)
                  20020830    00000040     sntp.obj (.const:.string)
                  20020870    0000003c     simplelink.a : driver.obj (.const:OpcodeTranslateTable)
                  200208ac    0000003c                  : wlan.obj (.const)
                  200208e8    00000038                  : driver.obj (.const:_SlActionLookupTable)
                  20020920    00000038     rtsv7M4_T_le_eabi.lib : xflog.obj (.const)
                  20020958    00000038     simplelink.a : fs.obj (.const)
                  20020990    00000034     rtsv7M4_T_le_eabi.lib : xfatan.obj (.const)
                  200209c4    00000034     simplelink.a : driver.obj (.const)
                  200209f8    00000034                  : socket.obj (.const)
                  20020a2c    0000002c     nwp_configure.obj (.const:$P$T0$1)
                  20020a58    0000002c     mt9d111_imaging_settings.obj (.const:$P$T12$13)
                  20020a84    00000028     rtsv7M4_T_le_eabi.lib : xfdint.obj (.const)
                  20020aac    00000028                           : xfsin.obj (.const)
                  20020ad4    00000028     simplelink.a : netapp.obj (.const)
                  20020afc    00000024     sntp.obj (.const:g_acMonthOfYear)
                  20020b20    00000020     mt9d111_power.obj (.const)
                  20020b40    0000001e     Start_AP_mode.obj (.const:.string)
                  20020b5e    0000001c     mt9d111_common.obj (.const)
                  20020b7a    00000002     --HOLE-- [fill = 0]
                  20020b7c    0000001c     rtsv7M4_T_le_eabi.lib : tanf.obj (.const)
                  20020b98    0000001c                           : xfexp.obj (.const)
                  20020bb4    00000018     driverlib.a : spi.obj (.const)
                  20020bcc    00000017     request.obj (.const:.string)
                  20020be3    00000015     sntp.obj (.const)
                  20020bf8    00000014     mt9d111_driver_read_write_fns.obj (.const)
                  20020c0c    00000014     nwp_configure.obj (.const)
                  20020c20    00000014     simplelink.a : device.obj (.const)
                  20020c34    00000011     Wifi_provisioning.obj (.const:.string)
                  20020c45    00000010     simplelink.a : socket.obj (.const:.string)
                  20020c55    0000000f     user_configure_fn.obj (.const:.string)
                  20020c64    0000000b     reusable.obj (.const:.string)
                  20020c6f    00000008     simplelink.a : device.obj (.const:.string)
                  20020c77    00000001     --HOLE-- [fill = 0]
                  20020c78    00000008                  : netcfg.obj (.const)

.cinit     0    20020c80    00000590     
                  20020c80    0000056a     (.cinit..data.load) [load image, compression = rle]
                  200211ea    00000002     --HOLE-- [fill = 0]
                  200211ec    0000000c     (__TI_handler_table)
                  200211f8    00000008     (.cinit..bss.load) [load image, compression = zero_init]
                  20021200    00000010     (__TI_cinit_table)

.init_array 
*          0    20004000    00000000     UNINITIALIZED

.bss       0    20023c00    00017098     UNINITIALIZED
                  20023c00    00014000     main.obj (.bss:g_image_buffer)
                  20037c00    00000b58     tasks.obj (.bss:thisMagBuffer)
                  20038758    000005a0     ota.a : OtaHttp.obj (.bss:recv_buf)
                  20038cf8    0000044c           : OtaClient.obj (.bss:g_OtaCheckUpdateResponse)
                  20039144    00000418     Calibrate_magnetometer.obj (.bss:thisMagCal)
                  2003955c    00000240     Ota_update.obj (.bss:g_otaOptServerInfo)
                  2003979c    00000058     tasks.obj (.bss:thisMag)
                  200397f4    0000000c     (.common:g_SecParams)
                  20039800    00000400     udma_if.obj (.bss:gpCtlTbl)
                  20039c00    000003d8     ota.a : OtaClient.obj (.bss:g_OtaFileMetadata)
                  20039fd8    00000200           : OtaHttp.obj (.bss:send_buf)
                  2003a1d8    00000178     simplelink.a : driver.obj (.bss:g_StatMem)
                  2003a350    00000120     rtsv7M4_T_le_eabi.lib : trgmsg.obj (.bss:__CIOBUF_)
                  2003a470    00000100     udma_if.obj (.bss:gfpAppCallbackHndl)
                  2003a570    000000c8     free_rtos.a : tasks.obj (.bss:pxReadyTasksLists)
                  2003a638    000000ac     tasks.obj (.bss:thisSV_6DOF_GB_BASIC)
                  2003a6e4    000000a0     rtsv7M4_T_le_eabi.lib : defs.obj (.bss:__TI_tmpnams)
                  2003a784    00000074     ota.a : CdnClient.obj (.bss:g_CdnClient)
                  2003a7f8    00000050     simplelink.a : cc_pal.obj (.bss:g_ucDinDout)
                  2003a848    00000050     free_rtos.a : queue.obj (.bss:xQueueRegistry)
                  2003a898    0000004c     ota.a : OtaApp.obj (.bss:g_OtaApp)
                  2003a8e4    0000004c           : OtaApp.obj (.bss:g_OtaApp_statistics)
                  2003a930    00000040     sntp.obj (.bss:g_TimeData)
                  2003a970    00000034     cc3200_client_state.obj (.bss:clientStateFileName)
                  2003a9a4    00000034     main.obj (.bss:g_cWlanSecurityKey)
                  2003a9d8    00000034     tasks.obj (.bss:thisAccel)
                  2003aa0c    00000024     ota.a : OtaClient.obj (.bss:g_OtaClient)
                  2003aa30    00000024     main.obj (.bss:g_cWlanSSID)
                  2003aa54    00000024     main.obj (.bss:g_ucConnectionSSID)
                  2003aa78    0000001c     rtsv7M4_T_le_eabi.lib : vla_alloc.obj (.bss)
                  2003aa94    00000014     (.common:g_FlcSflashCb)
                  2003aaa8    00000014     (.common:g_flag_blockFull)
                  2003aabc    00000014     (.common:xDelayedTaskList1)
                  2003aad0    00000014     (.common:xDelayedTaskList2)
                  2003aae4    00000014     (.common:xPendingReadyList)
                  2003aaf8    00000014     (.common:xSuspendedTaskList)
                  2003ab0c    00000014     (.common:xTasksWaitingTermination)
                  2003ab20    00000010     (.common:ang_buf)
                  2003ab30    00000010     (.common:g_cResponseObjectID)
                  2003ab40    00000010     (.common:globals)
                  2003ab50    00000010     (.common:mqxglobals)
                  2003ab60    00000008     (.common:g_Gain)
                  2003ab68    00000008     (.common:g_LogClient)
                  2003ab70    00000008     (.common:g_Struct_TimeStamp_MaxAngle)
                  2003ab78    00000008     (.common:g_Struct_TimeStamp_MinAngle)
                  2003ab80    00000008     (.common:g_Struct_TimeStamp_OpenAngle)
                  2003ab88    00000008     (.common:g_Struct_TimeStamp_SnapAngle)
                  2003ab90    00000008     (.common:g_TimeStamp_CamUp)
                  2003ab98    00000008     (.common:g_TimeStamp_DoorClosed)
                  2003aba0    00000008     (.common:g_TimeStamp_MaxAngle)
                  2003aba8    00000008     (.common:g_TimeStamp_MinAngle)
                  2003abb0    00000008     (.common:g_TimeStamp_NWPUp)
                  2003abb8    00000008     (.common:g_TimeStamp_OpenAngle)
                  2003abc0    00000008     (.common:g_TimeStamp_PhotoSnap)
                  2003abc8    00000008     (.common:g_TimeStamp_PhotoUploaded)
                  2003abd0    00000008     (.common:g_TimeStamp_SnapAngle)
                  2003abd8    00000008     (.common:g_TimeStamp_cc3200Up)
                  2003abe0    00000008     (.common:g_ucConnectionBSSID)
                  2003abe8    00000008     (.common:parmbuf)
                  2003abf0    00000008     (.common:sBootInfo)
                  2003abf8    00000004     (.common:DMAMsgQ)
                  2003abfc    00000004     (.common:Elapsed_100MilliSecs)
                  2003ac00    00000004     (.common:Elapsed_1Secs)
                  2003ac04    00000004     (.common:__Errorlog)
                  2003ac08    00000004     (.common:angle_avg)
                  2003ac0c    00000004     (.common:dataBuffer)
                  2003ac10    00000004     (.common:g_angleOffset_to180)
                  2003ac14    00000004     (.common:g_block_lastFilled)
                  2003ac18    00000004     (.common:g_cDummy)
                  2003ac1c    00000004     (.common:g_cWlanSecurityType)
                  2003ac20    00000004     (.common:g_fBatteryVolt_atEnd)
                  2003ac24    00000004     (.common:g_fBatteryVolt_atStart)
                  2003ac28    00000004     (.common:g_frame_size_in_bytes)
                  2003ac2c    00000004     (.common:g_latest_error)
                  2003ac30    00000004     (.common:g_position_in_block)
                  2003ac34    00000004     (.common:g_readHeader)
                  2003ac38    00000004     (.common:g_total_dma_intrpts)
                  2003ac3c    00000004     (.common:g_ulAppStatus)
                  2003ac40    00000004     (.common:g_ulAppTimeout_ms)
                  2003ac44    00000004     (.common:g_ulReloadVal)
                  2003ac48    00000004     (.common:g_ulSimplelinkStatus)
                  2003ac4c    00000004     (.common:g_ulWatchdogCycles)
                  2003ac50    00000004     (.common:gdoor_40deg_angle)
                  2003ac54    00000004     (.common:gdoor_90deg_angle)
                  2003ac58    00000004     (.common:gdoor_OpenDeg_angle)
                  2003ac5c    00000004     (.common:pvOtaApp)
                  2003ac60    00000004     (.common:pxDelayedTaskList)
                  2003ac64    00000004     (.common:pxOverflowDelayedTaskList)
                  2003ac68    00000002     (.common:g_RawMaxAngle)
                  2003ac6a    00000002     (.common:g_RawMinAngle)
                  2003ac6c    00000002     (.common:g_fMaxAngle)
                  2003ac6e    00000002     (.common:g_fMinAngle)
                  2003ac70    00000001     (.common:RxIrqCnt)
                  2003ac71    00000001     (.common:avg_buffer_cnt)
                  2003ac72    00000001     (.common:captureTimeout_Flag)
                  2003ac73    00000001     (.common:checkForLight_Flag)
                  2003ac74    00000001     (.common:cnt_LED_Timer)
                  2003ac75    00000001     (.common:doPeriodicAction_flag)
                  2003ac76    00000001     (.common:g_BlinkCount)
                  2003ac77    00000001     (.common:g_I2CPeripheral_inUse_Flag)
                  2003ac78    00000001     (.common:g_NoOfBlinks)
                  2003ac79    00000001     (.common:g_OffTime)
                  2003ac7a    00000001     (.common:g_OnTime)
                  2003ac7b    00000001     (.common:g_PhoneConnected_ToCC3200AP_flag)
                  2003ac7c    00000001     (.common:g_Task1_Notification)
                  2003ac7d    00000001     (.common:g_Task3_Notification)
                  2003ac7e    00000001     (.common:g_collect_timestamp)
                  2003ac7f    00000001     (.common:g_dma_txn_done)
                  2003ac80    00000001     (.common:g_flag_DataBlockFilled)
                  2003ac81    00000001     (.common:g_flag_door_closing_45degree)
                  2003ac82    00000001     (.common:g_frame_end)
                  2003ac83    00000001     (.common:g_ucAWBOff)
                  2003ac84    00000001     (.common:g_ucAWBOn)
                  2003ac85    00000001     (.common:g_ucAction)
                  2003ac86    00000001     (.common:g_ucActionButton)
                  2003ac87    00000001     (.common:g_ucAngle40)
                  2003ac88    00000001     (.common:g_ucAngle90)
                  2003ac89    00000001     (.common:g_ucCalibration)
                  2003ac8a    00000001     (.common:g_ucConfig)
                  2003ac8b    00000001     (.common:g_ucExitButton)
                  2003ac8c    00000001     (.common:g_ucFeedWatchdog)
                  2003ac8d    00000001     (.common:g_ucMagCalb)
                  2003ac8e    00000001     (.common:g_ucPreviewStart)
                  2003ac8f    00000001     (.common:g_ucPreviewStop)
                  2003ac90    00000001     (.common:g_ucProfileAdded)
                  2003ac91    00000001     (.common:g_ucPushButtonPressedTwice)
                  2003ac92    00000001     (.common:g_ucReasonForFailure)
                  2003ac93    00000001     (.common:g_ucSAVE)
                  2003ac94    00000001     (.common:iDone)
                  2003ac95    00000001     (.common:isitfirsttime)
                  2003ac96    00000001     (.common:print_count)
                  2003ac97    00000001     (.common:valid_case)

.TI.noinit 
*          0    20023c00    00000000     UNINITIALIZED

.sysmem    0    2003ac98    00005000     UNINITIALIZED
                  2003ac98    00000008     rtsv7M4_T_le_eabi.lib : memory.obj (.sysmem)
                  2003aca0    00004ff8     --HOLE--


LINKER GENERATED COPY TABLES

__TI_cinit_table @ 20021200 records: 2, size/record: 8, table size: 16
	.data: load addr=20020c80, load size=0000056a bytes, run addr=20000000, run size=000009c0 bytes, compression=rle
	.bss: load addr=200211f8, load size=00000008 bytes, run addr=20023c00, run size=00017098 bytes, compression=zero_init


LINKER GENERATED HANDLER TABLE

__TI_handler_table @ 200211ec records: 3, size/record: 4, table size: 12
	index: 0, handler: __TI_decompress_rle24
	index: 1, handler: __TI_decompress_none
	index: 2, handler: __TI_zero_init


GLOBAL SYMBOLS: SORTED ALPHABETICALLY BY Name 

address   name                                  
-------   ----                                  
20017ad5  AccessPtMode_HTTPServer_Start         
2001a0a9  Add_NumberField_ToJSONString          
2001f6fd  ApplyAccelHAL                         
2001eda9  ApplyMagHAL                           
2001dd21  C$$EXIT                               
2001c61b  C$$IO$$                               
2001de31  CCMRegs_Read                          
2001fbe3  CPUcpsie                              
200138c1  Calculate_DoorOpenThresholdAngle      
200144a9  Calculate_TrueMinMaxAngles            
2001bed9  CamControllerInit                     
2001f459  CameraCaptureStart                    
2001e405  CameraCaptureStop                     
2001fb1d  CameraDMAEnable                       
2001f285  CameraIntClear                        
2001edd5  CameraIntDisable                      
2001ee01  CameraIntEnable                       
2001fb33  CameraIntRegister                     
2001f035  CameraIntStatus                       
2001e86f  CameraParamsConfig                    
2001f93b  CameraReset                           
2001f719  CameraSensorInit                      
2001f1ed  CameraThresholdSet                    
2001e43f  CameraXClkConfig                      
200103bd  CaptureImage                          
200140c5  CaptureandSavePreviewImage            
2000dd8f  CdnClient_CloseServer                 
2000ddad  CdnClient_ConnectByUrl                
2000dd5d  CdnClient_Init                        
2000dc27  CdnClient_Run                         
2000dc1d  CdnClient_SetFileInfo                 
2001f2a9  Check_I2CDevices                      
2001773d  Check_MinMax                          
20017e49  CollectAngle                          
2001de71  Config_CameraCapture                  
2001deb1  ConfigureMode                         
2000f901  ConfigureSimpleLinkToDefaultState     
200109b1  ConstructDeviceStateObject            
2000bf85  ConstructGroundDataObject             
2000fd61  ConstructUserConfigObject             
2001e16f  CopyPingResultsToReport               
200180d1  DMAConfig                             
2003abf8  DMAMsgQ                               
200009a0  DigiCertHighAssuranceEVRootCA_der_len 
2001fd7f  DmaErrorIntHandler                    
2001ee2d  DmaSpiSwIntHandler                    
2001f735  DmaSwIntHandler                       
2003abfc  Elapsed_100MilliSecs                  
2003ac00  Elapsed_1Secs                         
2001a9a5  EnterStandby_mt9d111                  
2001af79  ExitStandby_mt9d111                   
20013a19  FXOS8700_Init                         
20015be5  FXOS8700_ReadData                     
2001e1ad  Fusion_Init                           
20013761  Fusion_Run                            
2001e7cd  GPIODirModeSet                        
2001f953  GPIOPinRead                           
2001f547  GPIOPinWrite                          
2000c7dd  GetSNTPTime                           
200168fd  GetTimeNTP                            
2001a4b5  Get_BatteryPercent                    
2001db45  Get_BatteryVoltage                    
2001e59d  Get_BatteryVoltageLevel_ADC081C021    
2000f22d  Get_Calibration_MagSensor             
2001aa2d  Get_ChromQtable                       
20017d6d  Get_FridgeCamID                       
2001aab5  Get_LumQtable                         
200159cd  HIBernate                             
2000ea89  HOSTclock                             
2000ea51  HOSTclose                             
2000ea13  HOSTgetenv                            
2000e9b7  HOSTlseek                             
2000e965  HOSTopen                              
2000e919  HOSTread                              
2000e8bb  HOSTrename                            
2000e881  HOSTtime                              
2000e849  HOSTunlink                            
2000e7fd  HOSTwrite                             
20014861  I2CBufferRead                         
200150e1  I2CBufferWrite                        
2001fc99  I2CMasterControl                      
2001fd55  I2CMasterDataGet                      
2001fb49  I2CMasterDataPut                      
2001fb5f  I2CMasterEnable                       
2001ee59  I2CMasterErr                          
2001b081  I2CMasterInitExpClk                   
2001fcab  I2CMasterIntClearEx                   
2001f629  I2CMasterIntStatusEx                  
2001f47b  I2CMasterSlaveAddrSet                 
2001fcbd  I2CMasterTimeoutSet                   
2001d0a1  I2C_IF_Open                           
2001899d  I2C_IF_Read                           
20018bdd  I2C_IF_Write                          
2001f96d  ISR_periodicInterrupt_timer           
2001def1  ImagCapture_Init                      
20014999  ImageSensor_CaptureConfigs_Task       
2001f05d  InitTerm                              
2001b8e5  InitialiseParse                       
20019d19  InitializeUserConfigVariables         
200193b1  IntDisable                            
20019459  IntEnable                             
2001f2cd  IntHandler_100mSecTimer               
2001ee85  IntHandler_1Sec_TimeoutTimer          
2001fded  IntMasterEnable                       
2001cd4d  IntPendClear                          
2001cea9  IntPrioritySet                        
2001f569  IntRegister                           
2001f2f1  IntUnregister                         
2001fbf9  IntVTableBaseSet                      
20019db1  IntrptHandler_LEDTimer                
2001f885  IsLightOff                            
200007f0  JPEG_StdQuantTblC                     
20000830  JPEG_StdQuantTblY                     
2001e5d5  LEDTimer_Enable                       
2001e8a5  LEDTimer_Start                        
2001fc0d  LEDTimer_Stop                         
[...]
2001e071  signal                                
2001e0b1  start_1Sec_TimeoutTimer               
2001e0f1  verifyAccelMagnSensor                 
2001e131  strncasecmp                           
2001e16f  CopyPingResultsToReport               
2001e1ad  Fusion_Init                           
2001e1e9  OTA_Init                              
2001e225  PRCMPeripheralClkEnable               
2001e261  PRCMSlowClkCtrFastGet                 
2001e29d  Reg_Read                              
2001e2d9  _sl_TruncatePayloadByProtocol         
2001e315  _c_int00                              
2001e351  sl_Htons                              
2001e38d  start_100mSecTimer                    
2001e3c9  uDMAChannelControlSet                 
2001e405  CameraCaptureStop                     
2001e43f  CameraXClkConfig                      
2001e479  Reg_Write                             
2001e4b3  fLPFScalar                            
2001e4ed  parseSendRequest                      
2001e529  addHttpRequestHeader                  
2001e59d  Get_BatteryVoltageLevel_ADC081C021    
2001e5d5  LEDTimer_Enable                       
2001e60d  Network_IF_GetHostIP                  
2001e645  NwpPowerOff                           
2001e67d  WDT_IF_Init                           
2001e6b5  Wakeup_ImageSensor                    
2001e6ed  pvPortMalloc                          
2001e70d  vPortFree                             
2001e725  __aeabi_f2d                           
2001e75d  __aeabi_f2iz                          
2001e795  __aeabi_i2f                           
2001e7cd  GPIODirModeSet                        
2001e803  sl_NetAppMDNSUnRegisterService        
2001e839  beginHttpRequest                      
2001e86f  CameraParamsConfig                    
2001e8a5  LEDTimer_Start                        
2001e8d9  PRCMPeripheralStatusGet               
2001e90d  PowerDown_ISL29035                    
2001e941  SPIFIFOLevelSet                       
2001e975  Verify_ImageSensor                    
2001e9a9  getHttpResponseStatus                 
2001e9dd  feraiseexcept                         
2001ea11  __aeabi_f2uiz                         
2001ea45  strstr                                
2001ea79  Timer_IF_Init                         
2001eaab  PinTypeGPIO                           
2001eadd  Reset_byStarvingWDT                   
2001eb0d  StartSensorInJpegMode                 
2001eb3d  UARTDisable                           
2001eb6d  _SlDrvDeviceEventHandler              
2001eb9d  _sl_Strlen                            
2001ebfd  strncpy                               
2001ec2d  _Feraise                              
2001ec5d  sl_Close                              
2001ec8d  sl_WlanProfileDel                     
2001ecbd  sl_WlanSetMode                        
2001eced  softResetTempRHSensor                 
2001ed1d  __aeabi_i2d                           
2001ed4b  raise                                 
2001ed79  addHttpRequestHeaderInt               
2001eda9  ApplyMagHAL                           
2001edd5  CameraIntDisable                      
2001ee01  CameraIntEnable                       
2001ee2d  DmaSpiSwIntHandler                    
2001ee59  I2CMasterErr                          
2001ee85  IntHandler_1Sec_TimeoutTimer          
2001eeb1  PRCMSysResetCauseGet                  
2001eedd  SoftReset_ImageSensor                 
2001ef35  setDataBufferPointer                  
2001ef61  standby_accelMagn_fxos8700            
2001ef8d  TimerLoadSet                          
2001efb7  TimerPrescaleSet                      
2001efe1  _Dclass                               
2001f00b  util_u64_time_add                     
2001f035  CameraIntStatus                       
2001f05d  InitTerm                              
2001f0ad  Message                               
2001f0d5  OTA_Update                            
2001f0fd  PRCMPeripheralClkDisable              
2001f125  getAccelMagntData                     
2001f14d  getLightsensor_intrptStatus           
2001f175  strncat                               
2001f19d  sl_NetAppStart                        
2001f1c5  sl_NetAppStop                         
2001f1ed  CameraThresholdSet                    
2001f213  NwpRegisterInterruptHandler           
2001f239  SimpleLinkSockEventHandler            
2001f25f  strncmp                               
2001f285  CameraIntClear                        
2001f2a9  Check_I2CDevices                      
2001f2cd  IntHandler_100mSecTimer               
2001f2f1  IntUnregister                         
2001f339  ReStart_CameraCapture                 
2001f35d  Timer_IF_Start                        
2001f381  UARTEnable                            
2001f3a5  WriteAllAEnAWBRegs                    
2001f3c9  _SlDrvProtectionObjLockWaitForever    
2001f3ed  magnetometer_initialize               
2001f411  reload_periodicTimer                  
2001f435  __aeabi_ui2f                          
2001f459  CameraCaptureStart                    
2001f47b  I2CMasterSlaveAddrSet                 
2001f49d  SL_FD_SET                             
2001f4bf  SPIReset                              
2001f4e1  SPIWordCountSet                       
2001f503  frexp                                 
2001f525  memcmp                                
2001f547  GPIOPinWrite                          
2001f569  IntRegister                           
2001f589  NwpPowerOn                            
2001f5a9  Refresh_mt9d111Firmware               
2001f5c9  _SlDrvProtectionObjUnLock             
2001f5e9  memchr                                
2001f609  __aeabi_ui2d                          
2001f629  I2CMasterIntStatusEx                  
2001f647  TimerDisable                          
2001f665  TimerEnable                           
2001f683  TimerIntStatus                        
2001f6a1  UARTCharPut                           
2001f6dd  strcat                                
2001f6fd  ApplyAccelHAL                         
2001f719  CameraSensorInit                      
2001f735  DmaSwIntHandler                       
2001f751  PinTypeI2C                            
2001f76d  PowerDown_LightSensor                 
2001f789  TimerValueGet                         
2001f7a5  _SlDrvObjLockWaitForever              
2001f7c1  _SlDrvSyncObjWaitForever              
2001f7dd  memccpy                               
2001f7f9  stop_100mSecTimer                     
2001f815  stop_1Sec_TimeoutTimer                
2001f831  stop_periodicInterrupt_timer          
2001f84d  uDMAChannelDisable                    
2001f869  uDMAChannelEnable                     
2001f885  IsLightOff                            
2001f89f  PinTypeCamera                         
2001f8b9  PinTypeUART                           
2001f8d3  SPIDmaDisable                         
2001f8ed  SPIDmaEnable                          
2001f907  SPIFIFODisable                        
2001f921  SPIFIFOEnable                         
2001f93b  CameraReset                           
2001f953  GPIOPinRead                           
2001f96d  ISR_periodicInterrupt_timer           
2001f985  LED_Off                               
2001f99d  LED_On                                
2001f9b5  PRCMHibernateEnter                    
2001f9cd  SPICSDisable                          
2001f9e5  SPICSEnable                           
2001f9fd  SPIDisable                            
2001fa15  SPIEnable                             
2001fa2d  TimerIntEnable                        
2001fa45  Timer_IF_InterruptClear               
2001fa5d  WatchdogStallEnable                   
2001fa75  WatchdogUnlock                        
2001fa8d  _SlDrvObjUnLock                       
2001faa5  _SlDrvSyncObjSignal                   
2001fabd  _sl_GetStartResponseConvert           
2001faed  _args_main                            
2001fb05  strcmp                                
2001fb1d  CameraDMAEnable                       
2001fb33  CameraIntRegister                     
2001fb49  I2CMasterDataPut                      
2001fb5f  I2CMasterEnable                       
2001fb75  PRCMHIBRegRead                        
2001fb8b  PRCMHIBRegWrite                       
2001fba1  WatchdogEnable                        
2001fbb7  _SlDrvMemZero                         
2001fbcd  strchr                                
2001fbe3  CPUcpsie                              
2001fbf9  IntVTableBaseSet                      
2001fc0d  LEDTimer_Stop                         
2001fc21  SetShutterWidth                       
2001fc35  _register_unlock                      
2001fc3b  _register_lock                        
2001fc43  _nop                                  
2001fc49  strcpy                                
2001fc5d  strlen                                
2001fc71  uDMAControlBaseSet                    
2001fc85  uDMAIntClear                          
2001fc99  I2CMasterControl                      
2001fcab  I2CMasterIntClearEx                   
2001fcbd  I2CMasterTimeoutSet                   
2001fccf  TimerIntClear                         
2001fce1  WatchdogReloadSet                     
2001fcf5  PRCMSOCReset                          
2001fd15  SL_FD_ZERO                            
2001fd25  Timer_IF_Stop                         
2001fd35  WatchdogIntClear                      
2001fd45  socketClose                           
2001fd55  I2CMasterDataGet                      
2001fd63  _SlDrvResetCmdExt                     
2001fd71  __TI_decompress_none                  
2001fd7f  DmaErrorIntHandler                    
2001fd8d  NwpMaskInterrupt                      
2001fd99  NwpUnMaskInterrupt                    
2001fda5  cc_rtc_get                            
2001fdb1  __TI_zero_init                        
2001fdbd  getInternalClient                     
2001fdc9  sl_WlanDisconnect                     
2001fdd5  uDMAEnable                            
2001fde1  uDMAIntStatus                         
2001fded  IntMasterEnable                       
2001fdf7  vApplicationStackOverflowHook         
2001fe01  sensorsTriggerSetup                   
2001fe09  MT9D111Delay                          
2001fe0f  ResetISR                              
2001fe15  UtilsDelay                            
2001fe1b  __TI_decompress_rle24                 
2001fe21  logf                                  
2001fe27  sinf                                  
2001fe2d  __abort_execution                     
2001fe31  _system_pre_init                      
200200e4  _ctypes_                              
20020830  g_acSNTPserver                        
2002084e  g_acNumOfDaysPerMonth                 
2002085a  g_acDigits                            
20020870  OpcodeTranslateTable                  
200208ac  _SlPolicySetCmdCtrl                   
200208b0  _SlPolicyGetCmdCtrl                   
200208b4  _SlProfileGetCmdCtrl                  
200208b8  _SlProfileDelCmdCtrl                  
200208bc  _SlWlanGetNetworkListCtrl             
200208c0  _SlRxFilterAddtCmdCtrl                
200208c4  _SlRxFilterSetCmdCtrl                 
200208c8  _SlRxFilterGetCmdCtrl                 
200208cc  _SlSmartConfigStartCmdCtrl            
200208d0  _SlWlanSetModeCmdCtrl                 
200208d4  _SlWlanCfgSetCmdCtrl                  
200208d8  _SlWlanCfgGetCmdCtrl                  
200208e8  _SlActionLookupTable                  
20020958  _SlFsOpenCmdCtrl                      
2002095c  _SlFsCloseCmdCtrl                     
20020960  _SlFsReadCmdCtrl                      
20020964  _SlFsWriteCmdCtrl                     
20020968  _SlFsGetInfoCmdCtrl                   
2002096c  _SlFsDeleteCmdCtrl                    
200209c4  g_H2NSyncPattern                      
200209cc  g_H2NCnysPattern                      
200209d4  RxMsgClassLUT                         
200209f8  _SlSockSocketCmdCtrl                  
200209fc  _SlSockCloseCmdCtrl                   
20020a00  _SlRecvfomCmdCtrl                     
20020a04  _SlSendCmdCtrl                        
20020a08  _SlListenCmdCtrl                      
20020a0c  _SlAcceptCmdCtrl                      
20020a10  _SlRecvCmdCtrl                        
20020a14  _SlSetSockOptCmdCtrl                  
20020a18  _SlGetSockOptCmdCtrl                  
20020a1c  _SlSelectCmdCtrl                      
20020ad4  _SlNetAppStartCtrl                    
20020ad8  _SlNetAppStopCtrl                     
20020adc  _SlGetServiceListeCtrl                
20020ae0  _SlRegisterServiceCtrl                
20020ae4  _SlGetHostByServiceCtrl               
20020ae8  _SlGetHostByNameCtrl                  
20020aec  _SlNetAppSetCmdCtrl                   
20020af0  _SlNetAppSendTokenValueCmdCtrl        
20020af4  _SlNetAppGetCmdCtrl                   
20020afc  g_acMonthOfYear                       
20020bcc  g_deviceClientVersion                 
20020be3  g_acDaysOfWeek2013                    
20020c20  _SlStopCmdCtrl                        
20020c24  _SlEventMaskSetCmdCtrl                
20020c28  _SlEventMaskGetCmdCtrl                
20020c2c  _SlDeviceGetCmdCtrl                   
20020c30  _SlDeviceSetCmdCtrl                   
20020c45  _SlPayloadByProtocolLUT               
20020c64  pcDigits                              
20020c6f  StartResponseLUT                      
20020c78  _SlNetCfgSetCmdCtrl                   
20020c7c  _SlNetCfgGetCmdCtrl                   
20020c80  __TI_static_base__                    
200211ec  __TI_Handler_Table_Base               
200211f8  __TI_Handler_Table_Limit              
20021200  __TI_CINIT_Base                       
20021210  __TI_CINIT_Limit                      
20023c00  g_image_buffer                        
20037c00  thisMagBuffer                         
20038cf8  g_OtaCheckUpdateResponse              
20039144  thisMagCal                            
2003979c  thisMag                               
200397f4  g_SecParams                           
20039800  gpCtlTbl                              
20039c00  g_OtaFileMetadata                     
2003a1d8  g_StatMem                             
2003a350  __CIOBUF_                             
2003a470  gfpAppCallbackHndl                    
2003a638  thisSV_6DOF_GB_BASIC                  
2003a6e4  __TI_tmpnams                          
2003a784  g_CdnClient                           
2003a7f8  g_ucDinDout                           
2003a848  xQueueRegistry                        
2003a898  g_OtaApp                              
2003a8e4  g_OtaApp_statistics                   
2003a930  g_TimeData                            
2003a970  clientStateFileName                   
2003a9a4  g_cWlanSecurityKey                    
2003a9d8  thisAccel                             
2003aa0c  g_OtaClient                           
2003aa30  g_cWlanSSID                           
2003aa54  g_ucConnectionSSID                    
2003aa94  g_FlcSflashCb                         
2003aaa8  g_flag_blockFull                      
2003ab20  ang_buf                               
2003ab30  g_cResponseObjectID                   
2003ab40  globals                               
2003ab50  mqxglobals                            
2003ab60  g_Gain                                
2003ab68  g_LogClient                           
2003ab70  g_Struct_TimeStamp_MaxAngle           
2003ab78  g_Struct_TimeStamp_MinAngle           
2003ab80  g_Struct_TimeStamp_OpenAngle          
2003ab88  g_Struct_TimeStamp_SnapAngle          
2003ab90  g_TimeStamp_CamUp                     
2003ab98  g_TimeStamp_DoorClosed                
2003aba0  g_TimeStamp_MaxAngle                  
2003aba8  g_TimeStamp_MinAngle                  
2003abb0  g_TimeStamp_NWPUp                     
2003abb8  g_TimeStamp_OpenAngle                 
2003abc0  g_TimeStamp_PhotoSnap                 
2003abc8  g_TimeStamp_PhotoUploaded             
2003abd0  g_TimeStamp_SnapAngle                 
2003abd8  g_TimeStamp_cc3200Up                  
2003abe0  g_ucConnectionBSSID                   
2003abf8  DMAMsgQ                               
2003abfc  Elapsed_100MilliSecs                  
2003ac00  Elapsed_1Secs                         
2003ac08  angle_avg                             
2003ac0c  dataBuffer                            
2003ac10  g_angleOffset_to180                   
2003ac14  g_block_lastFilled                    
2003ac18  g_cDummy                              
2003ac1c  g_cWlanSecurityType                   
2003ac20  g_fBatteryVolt_atEnd                  
2003ac24  g_fBatteryVolt_atStart                
2003ac28  g_frame_size_in_bytes                 
2003ac2c  g_latest_error                        
2003ac30  g_position_in_block                   
2003ac34  g_readHeader                          
2003ac3c  g_ulAppStatus                         
2003ac40  g_ulAppTimeout_ms                     
2003ac44  g_ulReloadVal                         
2003ac48  g_ulSimplelinkStatus                  
2003ac4c  g_ulWatchdogCycles                    
2003ac50  gdoor_40deg_angle                     
2003ac54  gdoor_90deg_angle                     
2003ac58  gdoor_OpenDeg_angle                   
2003ac5c  pvOtaApp                              
2003ac68  g_RawMaxAngle                         
2003ac6a  g_RawMinAngle                         
2003ac6c  g_fMaxAngle                           
2003ac6e  g_fMinAngle                           
2003ac70  RxIrqCnt                              
2003ac71  avg_buffer_cnt                        
2003ac72  captureTimeout_Flag                   
2003ac73  checkForLight_Flag                    
2003ac74  cnt_LED_Timer                         
2003ac75  doPeriodicAction_flag                 
2003ac76  g_BlinkCount                          
2003ac77  g_I2CPeripheral_inUse_Flag            
2003ac78  g_NoOfBlinks                          
2003ac79  g_OffTime                             
2003ac7a  g_OnTime                              
2003ac7b  g_PhoneConnected_ToCC3200AP_flag      
2003ac7c  g_Task1_Notification                  
2003ac7d  g_Task3_Notification                  
2003ac7e  g_collect_timestamp                   
2003ac80  g_flag_DataBlockFilled                
2003ac81  g_flag_door_closing_45degree          
2003ac82  g_frame_end                           
2003ac83  g_ucAWBOff                            
2003ac84  g_ucAWBOn                             
2003ac85  g_ucAction                            
2003ac86  g_ucActionButton                      
2003ac87  g_ucAngle40                           
2003ac88  g_ucAngle90                           
2003ac89  g_ucCalibration                       
2003ac8a  g_ucConfig                            
2003ac8b  g_ucExitButton                        
2003ac8c  g_ucFeedWatchdog                      
2003ac8d  g_ucMagCalb                           
2003ac8e  g_ucPreviewStart                      
2003ac8f  g_ucPreviewStop                       
2003ac90  g_ucProfileAdded                      
2003ac91  g_ucPushButtonPressedTwice            
2003ac92  g_ucReasonForFailure                  
2003ac93  g_ucSAVE                              
2003ac94  iDone                                 
2003ac95  isitfirsttime                         
2003ac96  print_count                           
2003ac97  valid_case                            
2003ac98  _sys_memory                           
ffffffff  __binit__                             
ffffffff  __c_args__                            
ffffffff  binit                                 
UNDEFED   SHT$$INIT_ARRAY$$Base                 
UNDEFED   SHT$$INIT_ARRAY$$Limit                

[998 symbols]
