******************************************************************************
                  TI ARM Linker PC v5.1.6                      
******************************************************************************
>> Linked Thu May 28 17:43:59 2015

OUTPUT FILE NAME:   <ULP_SEC_CAM.out>
ENTRY POINT SYMBOL: "_c_int00"  address: 200155b9


MEMORY CONFIGURATION

         name            origin    length      used     unused   attr    fill
----------------------  --------  ---------  --------  --------  ----  --------
  SRAM_BOOTLDR          20000000   00004000  0000258c  00001a74  RW X
  SRAM_CODE             20004000   00015000  00013bfe  00001402  RW X
  SRAM_DATA             20019000   00023000  00018cd8  0000a328  RW X


SEGMENT ALLOCATION MAP

run origin  load origin   length   init length attrs members
----------  ----------- ---------- ----------- ----- -------
20000000    20000000    0000158c   00000000    rw-
  20000000    20000000    0000158c   00000000    rw- .data
20003000    20003000    00001000   00000000    rw-
  20003000    20003000    00001000   00000000    rw- .stack
20004000    20004000    00013c08   00013c08    r-x
  20004000    20004000    00000400   00000400    r-- .intvecs
  20004400    20004400    00011e42   00011e42    r-x .text
  20016248    20016248    00000dcc   00000dcc    r-- .const
  20017018    20017018    00000bf0   00000bf0    r-- .cinit
20019000    20019000    00018cd8   00000000    rw-
  20019000    20019000    00014cd8   00000000    rw- .bss
  2002dcd8    2002dcd8    00004000   00000000    rw- .sysmem


SECTION ALLOCATION MAP

 output                                  attributes/
section   page    origin      length       input sections
--------  ----  ----------  ----------   ----------------
.init_array 
*          0    20004000    00000000     UNINITIALIZED

.data      0    20000000    0000158c     UNINITIALIZED
                  20000000    00000600     camera_app.obj (.data:JPEG_StdHuffmanTbl)
                  20000600    00000400     camera_app.obj (.data:g_header)
                  20000a00    000003c9     cc3200_certificate.obj (.data:DigiCertHighAssuranceEVRootCA_der)
                  20000dc9    00000003     --HOLE--
                  20000dcc    00000184     simplelink.a : driver.obj (.data)
                  20000f50    000000f0     rtsv7M4_T_le_eabi.lib : defs.obj (.data:_ftable)
                  20001040    000000d0                           : lowlev.obj (.data)
                  20001110    000000b0                           : signal.obj (.data:sigtable)
                  200011c0    00000080                           : xvalues.obj (.data)
                  20001240    00000070                           : xlvalues.obj (.data)
                  200012b0    00000068                           : xfvalues.obj (.data)
                  20001318    00000064     simplelink.a : cc_pal.obj (.data)
                  2000137c    00000040     camera_app.obj (.data:JPEG_StdQuantTblC)
                  200013bc    00000040     camera_app.obj (.data:JPEG_StdQuantTblY)
                  200013fc    00000040     camera_app.obj (.data:zigzag)
                  2000143c    0000003c     main.obj (.data:g_token_get)
                  20001478    00000034     free_rtos.a : tasks.obj (.data)
                  200014ac    0000002c     cc3200_utils.obj (.data:lastDateTime)
                  200014d8    0000001c     main.obj (.data)
                  200014f4    00000018     cc3200_utils.obj (.data)
                  2000150c    00000018     request.obj (.data)
                  20001524    00000010     rtsv7M4_T_le_eabi.lib : defs.obj (.data)
                  20001534    0000000c     free_rtos.a : osi_freertos.obj (.data)
                  20001540    0000000c     rtsv7M4_T_le_eabi.lib : memory.obj (.data)
                  2000154c    00000008     camera_app.obj (.data)
                  20001554    00000008     rtsv7M4_T_le_eabi.lib : _lock.obj (.data)
                  2000155c    00000008                           : exit.obj (.data)
                  20001564    00000008                           : feraiseexcept.obj (.data)
                  2000156c    00000006     http.obj (.data)
                  20001572    00000002     --HOLE--
                  20001574    00000004     cc3200_certificate.obj (.data)
                  20001578    00000004     free_rtos.a : port.obj (.data)
                  2000157c    00000004     rtsv7M4_T_le_eabi.lib : errno.obj (.data)
                  20001580    00000004                           : fopen.obj (.data)
                  20001584    00000004                           : rand.obj (.data)
                  20001588    00000004                           : stkdepth_vars.obj (.data)

.stack     0    20003000    00001000     UNINITIALIZED
                  20003000    00001000     --HOLE--

.intvecs   0    20004000    00000400     
                  20004000    00000400     startup_ccs.obj (.intvecs)

.text      0    20004400    00011e42     
                  20004400    00001258     free_rtos.a : tasks.obj (.text)
                  20005658    0000107c     network_relater_fns.obj (.text)
                  200066d4    00000f24     camera_app.obj (.text)
                  200075f8    00000ec0     rtsv7M4_T_le_eabi.lib : _printfi.obj (.text)
                  200084b8    00000b24     free_rtos.a : queue.obj (.text)
                  20008fdc    00000a14     mt9d111.obj (.text)
                  200099f0    00000998     request.obj (.text)
                  2000a388    0000095e     accelomtrMagntomtr_fxos8700.obj (.text)
                  2000ace6    00000002     driverlib.a : interrupt.obj (.text:IntDefaultHandler)
                  2000ace8    000005de     cc3200_utils.obj (.text)
                  2000b2c6    00000002     --HOLE-- [fill = 0]
                  2000b2c8    000004b0     installation.obj (.text)
                  2000b778    00000490     rtsv7M4_T_le_eabi.lib : pow.obj (.text)
                  2000bc08    00000474     appfile_magnmtr.obj (.text)
                  2000c07c    0000045c     free_rtos.a : osi_freertos.obj (.text)
                  2000c4d8    000003cc     rtsv7M4_T_le_eabi.lib : memory.obj (.text)
                  2000c8a4    000003a6     simplelink.a : driver.obj (.text:_SlDrvMsgRead)
                  2000cc4a    00000002     --HOLE-- [fill = 0]
                  2000cc4c    00000388     cc3200_socket.obj (.text)
                  2000cfd4    0000034c     simplelink.a : driver.obj (.text:_SlAsyncEventGenericHandler)
                  2000d320    00000316     simplejson.obj (.text)
                  2000d636    00000002     --HOLE-- [fill = 0]
                  2000d638    00000310     rtsv7M4_T_le_eabi.lib : lowlev.obj (.text)
                  2000d948    000002e4                           : xlog.obj (.text)
                  2000dc2c    000002d4     parse_uploads.obj (.text)
                  2000df00    000002d4     rtsv7M4_T_le_eabi.lib : trgdrv.obj (.text)
                  2000e1d4    000002a0                           : vla_alloc.obj (.text)
                  2000e474    00000290     cc3200_client_state.obj (.text)
                  2000e704    000001fc     rtsv7M4_T_le_eabi.lib : xexp.obj (.text)
                  2000e900    000001f4                           : ull_div_t2.obj (.text)
                  2000eaf4    000001d4     main.obj (.text)
                  2000ecc8    000001c0     rtsv7M4_T_le_eabi.lib : fopen.obj (.text)
                  2000ee88    000001bc     flash_files.obj (.text)
                  2000f044    000001b8     uartA1_if.obj (.text)
                  2000f1fc    000001b6     rtsv7M4_T_le_eabi.lib : fd_add_t2.obj (.text)
                  2000f3b2    00000002     --HOLE-- [fill = 0]
                  2000f3b4    000001ac     cc3200_certificate.obj (.text)
                  2000f560    0000019c     simplelink.a : wlan.obj (.text:sl_WlanConnect)
                  2000f6fc    00000198     rtsv7M4_T_le_eabi.lib : xfsin.obj (.text)
                  2000f894    00000194     udma_if.obj (.text)
                  2000fa28    0000018c     i2c_if.obj (.text)
                  2000fbb4    00000188     rtsv7M4_T_le_eabi.lib : xlatan.obj (.text)
                  2000fd3c    00000170     i2cconfig.obj (.text)
                  2000feac    00000164     simplelink.a : driver.obj (.text:_SlDrvDataReadOp)
                  20010010    00000154     http.obj (.text)
                  20010164    00000140     simplelink.a : driver.obj (.text:_SlDrvRxHdrRead)
                  200102a4    00000140     rtsv7M4_T_le_eabi.lib : sqrt.obj (.text)
                  200103e4    00000136                           : fd_div_t2.obj (.text)
                  2001051a    00000002     --HOLE-- [fill = 0]
                  2001051c    00000134     driverlib.a : prcm.obj (.text:PRCMCC3200MCUInit)
                  20010650    00000134     rtsv7M4_T_le_eabi.lib : fputs.obj (.text)
                  20010784    00000130     simplelink.a : cc_pal.obj (.text:spi_Open)
                  200108b4    0000012c                  : driver.obj (.text:_SlDrvDataWriteOp)
                  200109e0    0000012a     free_rtos.a : list.obj (.text)
                  20010b0a    00000002     --HOLE-- [fill = 0]
                  20010b0c    00000128     collect_and_txit.obj (.text)
                  20010c34    00000114     simplelink.a : driver.obj (.text:_SlDrvMsgWrite)
                  20010d48    00000114     hibernate_related_fns.obj (.text)
                  20010e5c    00000114     lightSens_isl29035.obj (.text)
                  20010f70    00000110     free_rtos.a : port.obj (.text)
                  20011080    00000110     rtsv7M4_T_le_eabi.lib : xdscale.obj (.text)
                  20011190    0000010c     simplelink.a : driver.obj (.text:_SlDrvWaitForPoolObj)
                  2001129c    0000010c     i2c_app.obj (.text)
                  200113a8    00000108     simplelink.a : socket.obj (.text:sl_Select)
                  200114b0    00000104                  : driver.obj (.text:_SlDrvReleasePoolObj)
                  200115b4    00000104     rtsv7M4_T_le_eabi.lib : atan2l.obj (.text)
                  200116b8    000000fe     parse_impl.obj (.text)
                  200117b6    000000fc     rtsv7M4_T_le_eabi.lib : fd_mul_t2.obj (.text)
                  200118b2    000000fa                           : fs_add_t2.obj (.text)
                  200119ac    000000f8                           : fmodf.obj (.text)
                  20011aa4    000000f0     driverlib.a : udma.obj (.text:uDMAChannelTransferSet)
                  20011b94    000000e8     pinmux.obj (.text)
                  20011c7c    000000e8     simplelink.a : socket.obj (.text:sl_Connect)
                  20011d64    000000e8                  : cc_pal.obj (.text:spi_Write)
                  20011e4c    000000dc     rtsv7M4_T_le_eabi.lib : setvbuf.obj (.text)
                  20011f28    000000d8                           : xfatan.obj (.text)
                  20012000    000000d8     simplelink.a : netapp.obj (.text:sl_NetAppDnsGetHostByName)
                  200120d8    000000cc     rtsv7M4_T_le_eabi.lib : sqrtf.obj (.text)
                  200121a4    000000cc     simplelink.a : cc_pal.obj (.text:spi_Read)
                  20012270    000000c8     app_common.obj (.text)
                  20012338    000000c4     rtsv7M4_T_le_eabi.lib : xdint.obj (.text)
                  200123fc    000000c4                           : xdnorm.obj (.text)
                  200124c0    000000c4     simplelink.a : device.obj (.text:sl_Stop)
                  20012584    000000c0     rtsv7M4_T_le_eabi.lib : fflush.obj (.text)
                  20012644    000000c0                           : xfdscale.obj (.text)
                  20012704    000000c0     simplelink.a : device.obj (.text:sl_Start)
                  200127c4    000000bc     rtsv7M4_T_le_eabi.lib : asinf.obj (.text)
                  20012880    000000ba     free_rtos.a : portasm.obj (.text)
                  2001293a    00000002     --HOLE-- [fill = 0]
                  2001293c    000000b4     simplelink.a : driver.obj (.text:_SlDrvMsgReadCmdCtx)
                  200129f0    000000b2                  : netapp.obj (.text:_SlDrvNetAppEventHandler)
                  20012aa2    00000002     --HOLE-- [fill = 0]
                  20012aa4    000000b0                  : socket.obj (.text:sl_Send)
                  20012b54    000000ac     rtsv7M4_T_le_eabi.lib : _io_perm.obj (.text)
                  20012c00    000000a8     driverlib.a : interrupt.obj (.text:IntDisable)
                  20012ca8    000000a8                 : interrupt.obj (.text:IntEnable)
                  20012d50    000000a0                 : spi.obj (.text:SPIConfigSetExpClk)
                  20012df0    0000009c     rtsv7M4_T_le_eabi.lib : fputc.obj (.text)
                  20012e8c    0000009c                           : memcpy_t2.obj (.text)
                  20012f28    00000098     simplelink.a : driver.obj (.text:_SlFindAndSetActiveObj)
                  20012fc0    00000098     rtsv7M4_T_le_eabi.lib : fclose.obj (.text)
                  20013058    00000098                           : snprintf.obj (.text)
                  200130f0    00000094     driverlib.a : prcm.obj (.text:PRCMPeripheralClockGet)
                  20013184    00000094     simplelink.a : driver.obj (.text:_SlDrvClassifyRxMsg)
                  20013218    00000094     rtsv7M4_T_le_eabi.lib : auto_init.obj (.text)
                  200132ac    00000092                           : fs_div_t2.obj (.text)
                  2001333e    00000002     --HOLE-- [fill = 0]
                  20013340    00000090     simplelink.a : driver.obj (.text:_SlDrvMsgReadSpawnCtx)
                  200133d0    0000008c                  : fs.obj (.text:sl_FsRead)
                  2001345c    0000008c                  : fs.obj (.text:sl_FsWrite)
                  200134e8    00000088     driverlib.a : prcm.obj (.text:PRCMHibernateIntervalSet)
                  20013570    00000088                 : pin.obj (.text:PinConfigSet)
                  200135f8    00000088     rtsv7M4_T_le_eabi.lib : vsnprintf.obj (.text)
                  20013680    00000088     simplelink.a : netapp.obj (.text:sl_NetAppMDNSRegisterUnregisterService)
                  20013708    00000086     rtsv7M4_T_le_eabi.lib : fd_cmp_t2.obj (.text:__aeabi_cdcmple)
                  2001378e    00000086                           : fd_cmp_t2.obj (.text:__aeabi_cdrcmple)
                  20013814    00000084     driverlib.a : i2c.obj (.text:I2CMasterInitExpClk)
                  20013898    00000084     simplelink.a : driver.obj (.text:_SlDrvCmdOp)
                  2001391c    00000080                  : cc_pal.obj (.text:NwpPowerOnPreamble)
                  2001399c    00000080     cc3200_debug.obj (.text)
                  20013a1c    0000007c     simplelink.a : driver.obj (.text:_SlDrvDriverCBInit)
                  20013a98    0000007c                  : netapp.obj (.text:_sl_HandleAsync_DnsGetHostByName)
                  20013b14    0000007c                  : device.obj (.text:sl_DevGet)
                  20013b90    0000007c                  : fs.obj (.text:sl_FsClose)
                  20013c0c    0000007a     rtsv7M4_T_le_eabi.lib : fs_mul_t2.obj (.text)
                  20013c86    0000007a                           : xfdnorm.obj (.text)
                  20013d00    00000078     simplelink.a : cc_pal.obj (.text:SetupDMAReceive)
                  20013d78    00000078     rtsv7M4_T_le_eabi.lib : memset_t2.obj (.text)
                  20013df0    00000076     driverlib.a : uart.obj (.text:UARTConfigSetExpClk)
                  20013e66    00000002     --HOLE-- [fill = 0]
                  20013e68    00000074     simplelink.a : device.obj (.text:_sl_HandleAsync_InitComplete)
                  20013edc    00000074                  : wlan.obj (.text:sl_WlanGet)
                  20013f50    00000074                  : cc_pal.obj (.text:spi_Close)
                  20013fc4    00000070                  : netapp.obj (.text:_sl_HandleAsync_PingResponse)
                  20014034    0000006e                  : socket.obj (.text:_sl_TruncatePayloadByProtocol)
                  200140a2    00000002     --HOLE-- [fill = 0]
                  200140a4    0000006c     rtsv7M4_T_le_eabi.lib : fprintf.obj (.text)
                  20014110    00000068     driverlib.a : prcm.obj (.text:PRCMHibernateWakeUpGPIOSelect)
                  20014178    00000068     simplelink.a : socket.obj (.text:_sl_HandleAsync_Connect)
                  200141e0    00000068                  : netapp.obj (.text:_sl_HandleAsync_DnsGetHostByService)
                  20014248    00000068                  : fs.obj (.text:sl_FsGetInfo)
                  200142b0    00000064                  : fs.obj (.text:_sl_GetCreateFsMode)
                  20014314    00000064                  : socket.obj (.text:_sl_HandleAsync_Accept)
                  20014378    00000064     rtsv7M4_T_le_eabi.lib : fseek.obj (.text)
                  200143dc    00000064                           : xdunscal.obj (.text)
                  20014440    00000064     driverlib.a : udma.obj (.text:uDMAChannelAttributeDisable)
                  200144a4    00000064                 : udma.obj (.text:uDMAChannelAttributeEnable)
                  20014508    00000060     rtsv7M4_T_le_eabi.lib : fs_cmp_t2.obj (.text:__aeabi_cfcmple)
                  20014568    00000060                           : fs_cmp_t2.obj (.text:__aeabi_cfrcmple)
                  200145c8    00000060                           : sprintf.obj (.text)
                  20014628    00000060                           : trgmsg.obj (.text)
                  20014688    0000005e                           : copy_decompress_rle.obj (.text)
                  200146e6    0000005a                           : ltoa.obj (.text)
                  20014740    00000058     driverlib.a : interrupt.obj (.text:IntPendClear)
                  20014798    00000058                 : prcm.obj (.text:PRCMPeripheralReset)
                  200147f0    00000058     simplelink.a : driver.obj (.text:_SlDrvDriverCBDeinit)
                  20014848    00000058                  : socket.obj (.text:_sl_HandleAsync_Select)
                  200148a0    00000054     driverlib.a : interrupt.obj (.text:IntPrioritySet)
                  200148f4    00000054     simplelink.a : device.obj (.text:_sl_HandleAsync_Stop)
                  20014948    00000054     rtsv7M4_T_le_eabi.lib : xfdunsca.obj (.text)
                  2001499c    00000054     simplelink.a : fs.obj (.text:sl_FsOpen)
                  200149f0    00000054                  : netapp.obj (.text:sl_NetAppSendTokenValue)
                  20014a44    00000050     rtsv7M4_T_le_eabi.lib : fs_toull_t2.obj (.text)
                  20014a94    0000004c     driverlib.a : spi.obj (.text:SPIIntEnable)
                  20014ae0    0000004c     rtsv7M4_T_le_eabi.lib : atoi.obj (.text)
                  20014b2c    0000004c                           : rand.obj (.text)
                  20014b78    0000004c     simplelink.a : socket.obj (.text:sl_SetSockOpt)
                  20014bc4    0000004c     driverlib.a : udma.obj (.text:uDMAChannelAssign)
                  20014c10    0000004a     simplelink.a : device.obj (.text:_sl_GetStartResponseConvert)
                  20014c5a    0000004a     rtsv7M4_T_le_eabi.lib : fd_tos_t2.obj (.text)
                  20014ca4    00000048     driverlib.a : prcm.obj (.text:PRCMHibernateWakeupSourceDisable)
                  20014cec    00000048                 : prcm.obj (.text:PRCMHibernateWakeupSourceEnable)
                  20014d34    00000048                 : spi.obj (.text:SPIIntClear)
                  20014d7c    00000048     rtsv7M4_T_le_eabi.lib : fd_toi_t2.obj (.text)
                  20014dc4    00000048     simplelink.a : device.obj (.text:sl_DevSet)
                  20014e0c    00000048                  : fs.obj (.text:sl_FsDel)
                  20014e54    00000048                  : wlan.obj (.text:sl_WlanSet)
                  20014e9c    00000044     driverlib.a : spi.obj (.text:SPIDmaMaskGet)
                  20014ee0    00000044     rtsv7M4_T_le_eabi.lib : cpy_tbl.obj (.text)
                  20014f24    00000044                           : exit.obj (.text)
                  20014f68    00000044                           : fd_tou_t2.obj (.text)
                  20014fac    00000044                           : xdtest.obj (.text)
                  20014ff0    00000044     simplelink.a : netcfg.obj (.text:sl_NetCfgSet)
                  20015034    00000044                  : socket.obj (.text:sl_Recv)
                  20015078    00000040     driverlib.a : pin.obj (.text:PinModeSet)
                  200150b8    00000040     simplelink.a : driver.obj (.text:_SlDrvRxIrqHandler)
                  200150f8    00000040                  : driver.obj (.text:_SlRemoveFromList)
                  20015138    00000040     rtsv7M4_T_le_eabi.lib : signal.obj (.text)
                  20015178    00000040     simplelink.a : wlan.obj (.text:sl_WlanPolicySet)
                  200151b8    00000040                  : wlan.obj (.text:sl_WlanRxFilterSet)
                  200151f8    0000003c                  : cc_pal.obj (.text:NwpPowerOff)
                  20015234    0000003c     driverlib.a : prcm.obj (.text:PRCMPeripheralClkEnable)
                  20015270    0000003c     simplelink.a : driver.obj (.text:_SlDrvObjInit)
                  200152ac    0000003c     rtsv7M4_T_le_eabi.lib : strncasecmp.obj (.text)
                  200152e8    0000003c     driverlib.a : udma.obj (.text:uDMAChannelControlSet)
                  20015324    0000003a                 : camera.obj (.text:CameraCaptureStop)
                  2001535e    0000003a                 : camera.obj (.text:CameraXClkConfig)
                  20015398    00000038     free_rtos.a : heap_3.obj (.text)
                  200153d0    00000038     rtsv7M4_T_le_eabi.lib : fs_tod_t2.obj (.text)
                  20015408    00000038                           : fs_toi_t2.obj (.text)
                  20015440    00000038                           : i_tofs_t2.obj (.text)
                  20015478    00000038     simplelink.a : socket.obj (.text:sl_Htonl)
                  200154b0    00000036     driverlib.a : gpio.obj (.text:GPIODirModeSet)
                  200154e6    00000034                 : camera.obj (.text:CameraParamsConfig)
                  2001551a    00000002     --HOLE-- [fill = 0]
                  2001551c    00000034                 : prcm.obj (.text:PRCMPeripheralStatusGet)
                  20015550    00000034                 : spi.obj (.text:SPIFIFOLevelSet)
                  20015584    00000034     simplelink.a : driver.obj (.text:_SlDrvBasicCmd)
                  200155b8    00000034     rtsv7M4_T_le_eabi.lib : boot.obj (.text)
                  200155ec    00000034                           : feraiseexcept.obj (.text)
                  20015620    00000034                           : fs_tou_t2.obj (.text)
                  20015654    00000034                           : strstr.obj (.text)
                  20015688    00000034                           : xfdtest.obj (.text)
                  200156bc    00000034     simplelink.a : socket.obj (.text:sl_Htons)
                  200156f0    00000030                  : cc_pal.obj (.text:NwpPowerOn)
                  20015720    00000030     driverlib.a : pin.obj (.text:PinTypeGPIO)
                  20015750    00000030                 : uart.obj (.text:UARTDisable)
                  20015780    00000030     rtsv7M4_T_le_eabi.lib : strncpy.obj (.text)
                  200157b0    00000030                           : xferaise.obj (.text)
                  200157e0    00000030     simplelink.a : socket.obj (.text:sl_Socket)
                  20015810    0000002e     rtsv7M4_T_le_eabi.lib : i_tofd_t2.obj (.text)
                  2001583e    0000002e                           : raise.obj (.text)
                  2001586c    0000002c     driverlib.a : camera.obj (.text:CameraIntEnable)
                  20015898    0000002c     simplelink.a : cc_pal.obj (.text:DmaSpiSwIntHandler)
                  200158c4    0000002c     driverlib.a : i2c.obj (.text:I2CMasterErr)
                  200158f0    0000002c                 : prcm.obj (.text:PRCMSysResetCauseGet)
                  2001591c    0000002c     simplelink.a : flowcont.obj (.text:_SlDrvFlowContDeinit)
                  20015948    0000002c                  : flowcont.obj (.text:_SlDrvFlowContInit)
                  20015974    00000028     driverlib.a : camera.obj (.text:CameraIntStatus)
                  2001599c    00000028                 : prcm.obj (.text:PRCMPeripheralClkDisable)
                  200159c4    00000028     simplelink.a : socket.obj (.text:_sl_BuildAddress)
                  200159ec    00000028     rtsv7M4_T_le_eabi.lib : strncat.obj (.text)
                  20015a14    00000028     simplelink.a : wlan.obj (.text:sl_WlanSetMode)
                  20015a3c    00000026     driverlib.a : camera.obj (.text:CameraThresholdSet)
                  20015a62    00000026     rtsv7M4_T_le_eabi.lib : strncmp.obj (.text)
                  20015a88    00000024     driverlib.a : camera.obj (.text:CameraIntClear)
                  20015aac    00000024                 : interrupt.obj (.text:IntUnregister)
                  20015ad0    00000024                 : uart.obj (.text:UARTEnable)
                  20015af4    00000024     rtsv7M4_T_le_eabi.lib : memmov.obj (.text)
                  20015b18    00000024                           : u_tofs_t2.obj (.text)
                  20015b3c    00000024     simplelink.a : socket.obj (.text:sl_Close)
                  20015b60    00000024                  : netapp.obj (.text:sl_NetAppStart)
                  20015b84    00000024                  : netapp.obj (.text:sl_NetAppStop)
                  20015ba8    00000024                  : wlan.obj (.text:sl_WlanProfileDel)
                  20015bcc    00000022     driverlib.a : camera.obj (.text:CameraCaptureStart)
                  20015bee    00000022                 : i2c.obj (.text:I2CMasterSlaveAddrSet)
                  20015c10    00000022     simplelink.a : cc_pal.obj (.text:NwpRegisterInterruptHandler)
                  20015c32    00000022     driverlib.a : spi.obj (.text:SPIReset)
                  20015c54    00000022                 : spi.obj (.text:SPIWordCountSet)
                  20015c76    00000022     rtsv7M4_T_le_eabi.lib : memcmp.obj (.text)
                  20015c98    00000020     driverlib.a : gpio.obj (.text:GPIOPinWrite)
                  20015cb8    00000020                 : interrupt.obj (.text:IntRegister)
                  20015cd8    00000020     simplelink.a : driver.obj (.text:_SlDrvCmdSend)
                  20015cf8    0000001e     driverlib.a : i2c.obj (.text:I2CMasterIntStatusEx)
                  20015d16    0000001e                 : uart.obj (.text:UARTCharPut)
                  20015d34    0000001c                 : pin.obj (.text:PinTypeI2C)
                  20015d50    0000001c     simplelink.a : driver.obj (.text:_SlDrvObjDeInit)
                  20015d6c    0000001c     rtsv7M4_T_le_eabi.lib : memccpy.obj (.text)
                  20015d88    0000001c     driverlib.a : udma.obj (.text:uDMAChannelDisable)
                  20015da4    0000001c                 : udma.obj (.text:uDMAChannelEnable)
                  20015dc0    0000001a     simplelink.a : netapp.obj (.text:CopyPingResultsToReport)
                  20015dda    0000001a     driverlib.a : pin.obj (.text:PinTypeCamera)
                  20015df4    0000001a                 : pin.obj (.text:PinTypeUART)
                  20015e0e    0000001a                 : spi.obj (.text:SPIDmaDisable)
                  20015e28    0000001a                 : spi.obj (.text:SPIDmaEnable)
                  20015e42    0000001a                 : spi.obj (.text:SPIFIFODisable)
                  20015e5c    0000001a                 : spi.obj (.text:SPIFIFOEnable)
                  20015e76    0000001a     simplelink.a : device.obj (.text:_SlDrvDeviceEventHandler)
                  20015e90    00000018     driverlib.a : camera.obj (.text:CameraReset)
                  20015ea8    00000018                 : gpio.obj (.text:GPIOPinRead)
                  20015ec0    00000018                 : prcm.obj (.text:PRCMHibernateEnter)
                  20015ed8    00000018                 : spi.obj (.text:SPICSDisable)
                  20015ef0    00000018                 : spi.obj (.text:SPICSEnable)
                  20015f08    00000018                 : spi.obj (.text:SPIDisable)
                  20015f20    00000018                 : spi.obj (.text:SPIEnable)
                  20015f38    00000018     rtsv7M4_T_le_eabi.lib : args_main.obj (.text)
                  20015f50    00000018                           : ll_mul_t2.obj (.text)
                  20015f68    00000018                           : strcmp.obj (.text)
                  20015f80    00000016     driverlib.a : camera.obj (.text:CameraDMAEnable)
                  20015f96    00000016                 : camera.obj (.text:CameraIntRegister)
                  20015fac    00000016                 : i2c.obj (.text:I2CMasterDataPut)
                  20015fc2    00000016                 : i2c.obj (.text:I2CMasterEnable)
                  20015fd8    00000016                 : prcm.obj (.text:PRCMHIBRegRead)
                  20015fee    00000016                 : prcm.obj (.text:PRCMHIBRegWrite)
                  20016004    00000016                 : uart.obj (.text:UARTCharGet)
                  2001601a    00000016     simplelink.a : fs.obj (.text:_sl_Strlen)
                  20016030    00000016     rtsv7M4_T_le_eabi.lib : memchr.obj (.text)
                  20016046    00000016                           : strchr.obj (.text)
                  2001605c    00000016     driverlib.a : udma.obj (.text:uDMAIntRegister)
                  20016072    00000014                 : cpu.obj (.text:CPUcpsie)
                  20016086    00000002     --HOLE-- [fill = 0]
                  20016088    00000014                 : interrupt.obj (.text:IntVTableBaseSet)
                  2001609c    00000014     simplelink.a : driver.obj (.text:_SlDrvShiftDWord)
                  200160b0    00000014     rtsv7M4_T_le_eabi.lib : _lock.obj (.text)
                  200160c4    00000014                           : strlen.obj (.text)
                  200160d8    00000014     driverlib.a : udma.obj (.text:uDMAControlBaseSet)
                  200160ec    00000014                 : udma.obj (.text:uDMAIntClear)
                  20016100    00000012                 : i2c.obj (.text:I2CMasterControl)
                  20016112    00000012                 : i2c.obj (.text:I2CMasterIntClearEx)
                  20016124    00000012                 : i2c.obj (.text:I2CMasterTimeoutSet)
                  20016136    00000012     rtsv7M4_T_le_eabi.lib : copy_zero_init.obj (.text:decompress:ZI)
                  20016148    00000012     simplelink.a : netapp.obj (.text:sl_NetAppMDNSUnRegisterService)
                  2001615a    00000012     driverlib.a : udma.obj (.text:uDMAIntUnregister)
                  2001616c    00000010     simplelink.a : cc_pal.obj (.text:NwpMaskInterrupt)
                  2001617c    00000010                  : socket.obj (.text:SL_FD_SET)
                  2001618c    00000010     rtsv7M4_T_le_eabi.lib : strcpy.obj (.text)
                  2001619c    0000000e     driverlib.a : i2c.obj (.text:I2CMasterDataGet)
                  200161aa    0000000e     rtsv7M4_T_le_eabi.lib : copy_decompress_none.obj (.text:decompress:none)
                  200161b8    0000000e                           : xdclass.obj (.text)
                  200161c6    0000000e     startup_ccs.obj (.text)
                  200161d4    0000000c     simplelink.a : cc_pal.obj (.text:NwpUnMaskInterrupt)
                  200161e0    0000000c     driverlib.a : udma.obj (.text:uDMADisable)
                  200161ec    0000000c                 : udma.obj (.text:uDMAEnable)
                  200161f8    0000000c                 : udma.obj (.text:uDMAIntStatus)
                  20016204    0000000a                 : interrupt.obj (.text:IntMasterEnable)
                  2001620e    00000008     simplelink.a : wlan.obj (.text:sl_WlanDisconnect)
                  20016216    00000006     i2cconfig.obj (.text:MT9D111Delay)
                  2001621c    00000006     simplelink.a : socket.obj (.text:SL_FD_ZERO)
                  20016222    00000006     driverlib.a : utils.obj (.text:UtilsDelay)
                  20016228    00000006     rtsv7M4_T_le_eabi.lib : copy_decompress_rle.obj (.text:decompress:rle24)
                  2001622e    00000006                           : log.obj (.text)
                  20016234    00000006                           : sinf.obj (.text)
                  2001623a    00000004                           : error.obj (.text)
                  2001623e    00000004                           : xldtest.obj (.text)

.const     0    20016248    00000dcc     
                  20016248    0000013c     mt9d111.obj (.const:init_cmds_list)
                  20016384    00000102     rtsv7M4_T_le_eabi.lib : ctype.obj (.const:.string:_ctypes_)
                  20016486    00000002     --HOLE-- [fill = 0]
                  20016488    00000100     driverlib.a : pin.obj (.const:g_ulPinToPadMap)
                  20016588    000000ec     simplelink.a : wlan.obj (.const)
                  20016674    000000d4     driverlib.a : interrupt.obj (.const:g_pulRegs)
                  20016748    000000c8     mt9d111.obj (.const)
                  20016810    000000c4     mt9d111.obj (.const:capture_cmds_list)
                  200168d4    000000a8     driverlib.a : prcm.obj (.const:PRCM_PeriphRegsList)
                  2001697c    00000004     --HOLE-- [fill = 0]
                  20016980    00000088     rtsv7M4_T_le_eabi.lib : xlatan.obj (.const)
                  20016a08    00000080     driverlib.a : interrupt.obj (.const)
                  20016a88    0000005d     mt9d111.obj (.const:.string)
                  20016ae5    00000053     network_relater_fns.obj (.const:.string)
                  20016b38    00000050     mt9d111.obj (.const:$P$T24$25)
                  20016b88    0000004c     mt9d111.obj (.const:$P$T5$6)
                  20016bd4    0000004c     simplelink.a : driver.obj (.const)
                  20016c20    0000004a     camera_app.obj (.const:.string)
                  20016c6a    00000005     main.obj (.const:.string)
                  20016c6f    00000001     --HOLE-- [fill = 0]
                  20016c70    00000048     rtsv7M4_T_le_eabi.lib : xexp.obj (.const)
                  20016cb8    00000038                           : xlog.obj (.const:p)
                  20016cf0    00000038     simplelink.a : fs.obj (.const)
                  20016d28    00000036     flash_files.obj (.const:.string)
                  20016d5e    00000002     --HOLE-- [fill = 0]
                  20016d60    00000034     rtsv7M4_T_le_eabi.lib : xfatan.obj (.const)
                  20016d94    00000034     simplelink.a : socket.obj (.const)
                  20016dc8    00000030     rtsv7M4_T_le_eabi.lib : xdint.obj (.const)
                  20016df8    0000002c     cc3200_utils.obj (.const:$P$T0$1)
                  20016e24    0000002c     network_relater_fns.obj (.const:$P$T1$2)
                  20016e50    0000002b     parse_uploads.obj (.const:.string)
                  20016e7b    0000002a     appfile_magnmtr.obj (.const:.string)
                  20016ea5    00000003     --HOLE-- [fill = 0]
                  20016ea8    00000028     rtsv7M4_T_le_eabi.lib : xfsin.obj (.const)
                  20016ed0    00000028     simplelink.a : netapp.obj (.const)
                  20016ef8    00000025     camera_app.obj (.const:.string:$P$T1$2)
                  20016f1d    00000023     mt9d111.obj (.const:.string:$P$T1$2)
                  20016f40    00000022     network_relater_fns.obj (.const:.string:$P$T0$1)
                  20016f62    00000002     --HOLE-- [fill = 0]
                  20016f64    00000020     network_relater_fns.obj (.const)
                  20016f84    00000018     driverlib.a : spi.obj (.const)
                  20016f9c    00000017     request.obj (.const:.string)
                  20016fb3    00000016     collect_and_txit.obj (.const:.string)
                  20016fc9    00000014     lightSens_isl29035.obj (.const:.string)
                  20016fdd    00000003     --HOLE-- [fill = 0]
                  20016fe0    00000014     simplelink.a : device.obj (.const)
                  20016ff4    0000000c     appfile_magnmtr.obj (.const)
                  20017000    0000000b     app_common.obj (.const:.string)
                  2001700b    00000001     --HOLE-- [fill = 0]
                  2001700c    00000008     simplelink.a : netcfg.obj (.const)

.cinit     0    20017018    00000bf0     
                  20017018    00000bcb     (.cinit..data.load) [load image, compression = rle]
                  20017be3    00000001     --HOLE-- [fill = 0]
                  20017be4    0000000c     (__TI_handler_table)
                  20017bf0    00000008     (.cinit..bss.load) [load image, compression = zero_init]
                  20017bf8    00000010     (__TI_cinit_table)

.bss       0    20019000    00014cd8     UNINITIALIZED
                  20019000    00014000     main.obj (.bss:g_image_buffer)
                  2002d000    00000400     udma_if.obj (.bss:gpCtlTbl)
                  2002d400    00000370     main.obj (.bss:g_NetEntries)
                  2002d770    00000120     rtsv7M4_T_le_eabi.lib : trgmsg.obj (.bss:__CIOBUF_)
                  2002d890    00000100     udma_if.obj (.bss:gfpAppCallbackHndl)
                  2002d990    000000c8     free_rtos.a : tasks.obj (.bss:pxReadyTasksLists)
                  2002da58    000000a0     rtsv7M4_T_le_eabi.lib : defs.obj (.bss:__TI_tmpnams)
                  2002daf8    00000050     free_rtos.a : queue.obj (.bss:xQueueRegistry)
                  2002db48    00000034     cc3200_client_state.obj (.bss:clientStateFileName)
                  2002db7c    00000034     main.obj (.bss:g_cWlanSecurityKey)
                  2002dbb0    00000024     main.obj (.bss:g_cWlanSSID)
                  2002dbd4    00000024     main.obj (.bss:g_ucConnectionSSID)
                  2002dbf8    0000001c     rtsv7M4_T_le_eabi.lib : vla_alloc.obj (.bss)
                  2002dc14    00000014     (.common:g_flag_blockFull)
                  2002dc28    00000014     (.common:xDelayedTaskList1)
                  2002dc3c    00000014     (.common:xDelayedTaskList2)
                  2002dc50    00000014     (.common:xPendingReadyList)
                  2002dc64    00000014     (.common:xSuspendedTaskList)
                  2002dc78    00000014     (.common:xTasksWaitingTermination)
                  2002dc8c    0000000c     (.common:g_SecParams)
                  2002dc98    00000008     (.common:g_ucConnectionBSSID)
                  2002dca0    00000008     (.common:parmbuf)
                  2002dca8    00000004     (.common:__Errorlog)
                  2002dcac    00000004     (.common:dataBuffer)
                  2002dcb0    00000004     (.common:g_block_lastFilled)
                  2002dcb4    00000004     (.common:g_cWlanSecurityType)
                  2002dcb8    00000004     (.common:g_frame_size_in_bytes)
                  2002dcbc    00000004     (.common:g_header_length)
                  2002dcc0    00000004     (.common:g_position_in_block)
                  2002dcc4    00000004     (.common:g_readHeader)
                  2002dcc8    00000004     (.common:g_total_dma_intrpts)
                  2002dccc    00000004     (.common:pxDelayedTaskList)
                  2002dcd0    00000004     (.common:pxOverflowDelayedTaskList)
                  2002dcd4    00000001     (.common:g_dma_txn_done)
                  2002dcd5    00000001     (.common:g_flag_DataBlockFilled)
                  2002dcd6    00000001     (.common:g_frame_end)
                  2002dcd7    00000001     (.common:iDone)

.sysmem    0    2002dcd8    00004000     UNINITIALIZED
                  2002dcd8    00000008     rtsv7M4_T_le_eabi.lib : memory.obj (.sysmem)
                  2002dce0    00003ff8     --HOLE--


LINKER GENERATED COPY TABLES

__TI_cinit_table @ 20017bf8 records: 2, size/record: 8, table size: 16
	.data: load addr=20017018, load size=00000bcb bytes, run addr=20000000, run size=0000158c bytes, compression=rle
	.bss: load addr=20017bf0, load size=00000008 bytes, run addr=20019000, run size=00014cd8 bytes, compression=zero_init


LINKER GENERATED HANDLER TABLE

__TI_handler_table @ 20017be4 records: 3, size/record: 4, table size: 12
	index: 0, handler: __TI_decompress_rle24
	index: 1, handler: __TI_decompress_none
	index: 2, handler: __TI_zero_init


GLOBAL SYMBOLS: SORTED ALPHABETICALLY BY Name 

address    name
--------   ----
200095cb   AnalogGainReg_Read
20014f25   C$$EXIT
20014653   C$$IO$$
20009535   CCMRegs_Read
20016073   CPUcpsie
20006c6f   CamControllerInit
20015bcd   CameraCaptureStart
20015325   CameraCaptureStop
20015f81   CameraDMAEnable
20015a89   CameraIntClear
2001586d   CameraIntEnable
20015f97   CameraIntRegister
20015975   CameraIntStatus
200154e7   CameraParamsConfig
20015e91   CameraReset
20008fdd   CameraSensorInit
20008fe5   CameraSensorInit_SettingsFromFlash
20015a3d   CameraThresholdSet
2001535f   CameraXClkConfig
200066fb   CaptureAndStore_Image
200069a5   CaptureinRAM_StoreAfterCapture_Image
2000f07d   ClearTerm
20010b0d   CollectTxit_ImgTempRH
2000bc09   Collect_InitMangReadings
2000eb3f   Config_And_Start_CameraCapture
20005949   ConfigureMode
200056a1   ConfigureSimpleLinkToDefaultState
200059a1   ConnectToNetwork
20005b09   ConnectToNetwork_2
20005bd9   ConnectToNetwork_STA
20005baf   ConnectToNetwork_STA_2
2000dcdb   ConstructDeviceStateObject
20015dc1   CopyPingResultsToReport
2000ee89   CreateFile_Flash
20001324   DMAMsgQ
2000f9dd   DMASetupTransfer
20001574   DigiCertHighAssuranceEVRootCA_der_len
20009565   DigitalGainRegs_Read
2000f8a7   DmaErrorIntHandler
20015899   DmaSpiSwIntHandler
2000f895   DmaSwIntHandler
200098cf   EnterStandby_mt9d111
2000f083   Error
20009919   ExitStandby_mt9d111
2000a975   FXOS8700CQ_Init
2000aa61   FXOS8700CQ_Mag_Calibration
200154b1   GPIODirModeSet
20015ea9   GPIOPinRead
20015c99   GPIOPinWrite
2000f0b7   GetCmd
20010d49   HIBernate
2000e18d   HOSTclock
2000e155   HOSTclose
2000e117   HOSTgetenv
2000e0bb   HOSTlseek
2000e069   HOSTopen
2000e01d   HOSTread
2000dfbf   HOSTrename
2000df85   HOSTtime
2000df4d   HOSTunlink
2000df01   HOSTwrite
2000fd5b   I2CBufferRead
2000fe03   I2CBufferWrite
2000fd3d   I2CInit
20016101   I2CMasterControl
2001619d   I2CMasterDataGet
20015fad   I2CMasterDataPut
20015fc3   I2CMasterEnable
200158c5   I2CMasterErr
20013815   I2CMasterInitExpClk
20016113   I2CMasterIntClearEx
20015cf9   I2CMasterIntStatusEx
20015bef   I2CMasterSlaveAddrSet
20016125   I2CMasterTimeoutSet
2000fb9f   I2C_IF_Close
2000fb75   I2C_IF_Open
2000faed   I2C_IF_Read
2000fb55   I2C_IF_ReadFrom
2000fa8b   I2C_IF_Write
2000f045   InitTerm
2000dc2d   InitialiseParse
20005659   InitializeAppVariables
20012c01   IntDisable
20012ca9   IntEnable
20016205   IntMasterEnable
20014741   IntPendClear
200148a1   IntPrioritySet
20015cb9   IntRegister
20015aad   IntUnregister
20016089   IntVTableBaseSet
20009647   JPEGDataLength_read
20000000   JPEG_StdHuffmanTbl
2000137c   JPEG_StdQuantTblC
200013bc   JPEG_StdQuantTblY
2000950d   JpegConfigReg_Read
200122bb   LED_Blink
20016217   MT9D111Delay
2000eafd   Main_Task
2000f063   Message
2001616d   NwpMaskInterrupt
200151f9   NwpPowerOff
200156f1   NwpPowerOn
2001391d   NwpPowerOnPreamble
20015c11   NwpRegisterInterruptHandler
200161d5   NwpUnMaskInterrupt
20009609   PCLK_Rate_read
2001051d   PRCMCC3200MCUInit
20015fd9   PRCMHIBRegRead
20015fef   PRCMHIBRegWrite
20015ec1   PRCMHibernateEnter
200134e9   PRCMHibernateIntervalSet
20014111   PRCMHibernateWakeUpGPIOSelect
20014ca5   PRCMHibernateWakeupSourceDisable
20014ced   PRCMHibernateWakeupSourceEnable
2001599d   PRCMPeripheralClkDisable
20015235   PRCMPeripheralClkEnable
200130f1   PRCMPeripheralClockGet
20014799   PRCMPeripheralReset
2001551d   PRCMPeripheralStatusGet
200158f1   PRCMSysResetCauseGet
20013571   PinConfigSet
20015079   PinModeSet
20011b95   PinMuxConfig
20015ddb   PinTypeCamera
20015721   PinTypeGPIO
20015d35   PinTypeI2C
20015df5   PinTypeUART
20009351   ReadAllAEnAWBRegs
2000ef89   ReadFile_FromFlash
200096bf   ReadMCUBootModeReg
200092ef   RegStatusRead
2000f161   Report
200161c7   ResetISR
20009691   ResetImageSensorMCU
UNDEFED    SHT$$INIT_ARRAY$$Base
UNDEFED    SHT$$INIT_ARRAY$$Limit
2001617d   SL_FD_SET
2001621d   SL_FD_ZERO
20015ed9   SPICSDisable
20015ef1   SPICSEnable
20012d51   SPIConfigSetExpClk
20015f09   SPIDisable
20015e0f   SPIDmaDisable
20015e29   SPIDmaEnable
20015f21   SPIEnable
20015e43   SPIFIFODisable
20015e5d   SPIFIFOEnable
20015551   SPIFIFOLevelSet
20014d35   SPIIntClear
20014a95   SPIIntEnable
20015c33   SPIReset
20015c55   SPIWordCountSet
200014d8   SecurityParams
2000f925   SetupTransfer
20009599   ShutterRegs_Read
200063d1   SimpleLinkHttpServerCallback
20005f45   SimpleLinkNetAppEventHandler
200062d1   SimpleLinkSockEventHandler
20005e25   SimpleLinkWlanEventHandler
200096d9   SoftReset_ImageSensor
200066d5   Standby_ImageSensor
2000900d   StartCapture_SettingsFromFlash
2000913b   StartSensorInJpegMode
2000f117   TrimSpace
20016005   UARTCharGet
20015d17   UARTCharPut
20013df1   UARTConfigSetExpClk
20015751   UARTDisable
20015ad1   UARTEnable
2000f8fd   UDMAChannelSelect
2000f9c9   UDMADeInit
2000f8b3   UDMAInit
2000f95b   UDMASetupAutoMemTransfer
2000f97f   UDMASetupPingPongTransfer
20015d89   UDMAStopTransfer
2000dc43   UploadImageToParse
2000dc79   UploadSensorDataToParse
20016223   UtilsDelay
2000c345   VDeleteSimpleLinkSpawnTask
2000c2f5   VStartSimpleLinkSpawnTask
20009731   Variable_Read
20009701   Verify_ImageSensor
2000bd05   WaitFor40Degrees
200066ef   Wakeup_ImageSensor
2000932f   WriteAllAEnAWBRegs
2000903b   WriteConfigRegFile_toFlash
2000910d   WriteConfigRegFilefromUser_toFlash
2000eee1   WriteFile_ToFlash
200161b9   _Dclass
200011c0   _Denorm
20012339   _Dint
200123fd   _Dnorm
20011081   _Dscale
20014fad   _Dtest
200143dd   _Dunscale
200011d0   _Eps
2000157c   _Errno
2000e705   _Exp
20011f29   _FAtan
200012b0   _FDenorm
20013c87   _FDnorm
20012645   _FDscale
20015689   _FDtest
20014949   _FDunscale
200012c0   _FEps
200012d0   _FInf
200012e0   _FNan
20001300   _FRteps
2000f6fd   _FSin
200012f0   _FSnan
20001310   _FXbig
20001314   _FZero
20001564   _Fenv
200157b1   _Feraise
200011e0   _Hugeval
200011f0   _Inf
2000fbb5   _LAtan
20001240   _LDenorm
2001623f   _LDtest
20001250   _LEps
20001260   _LInf
20001270   _LNan
20001290   _LRteps
20001280   _LSnan
200012a0   _LXbig
200012a8   _LZero
2000d949   _Log
20001200   _Nan
20001220   _Rteps
20016db4   _SlAcceptCmdCtrl
20016be8   _SlActionLookupTable
2000cfd5   _SlAsyncEventGenericHandler
20016fec   _SlDeviceGetCmdCtrl
20016ff0   _SlDeviceSetCmdCtrl
20015585   _SlDrvBasicCmd
20013185   _SlDrvClassifyRxMsg
20013899   _SlDrvCmdOp
20015cd9   _SlDrvCmdSend
2000fead   _SlDrvDataReadOp
200108b5   _SlDrvDataWriteOp
20015e77   _SlDrvDeviceEventHandler
200147f1   _SlDrvDriverCBDeinit
20013a1d   _SlDrvDriverCBInit
2001591d   _SlDrvFlowContDeinit
20015949   _SlDrvFlowContInit
2000c8a5   _SlDrvMsgRead
2001293d   _SlDrvMsgReadCmdCtx
20013341   _SlDrvMsgReadSpawnCtx
20010c35   _SlDrvMsgWrite
200129f1   _SlDrvNetAppEventHandler
20015d51   _SlDrvObjDeInit
20015271   _SlDrvObjInit
200114b1   _SlDrvReleasePoolObj
20010165   _SlDrvRxHdrRead
200150b9   _SlDrvRxIrqHandler
2001609d   _SlDrvShiftDWord
20011191   _SlDrvWaitForPoolObj
20016fe8   _SlEventMaskGetCmdCtrl
20016fe4   _SlEventMaskSetCmdCtrl
20012f29   _SlFindAndSetActiveObj
20016cf4   _SlFsCloseCmdCtrl
20016d04   _SlFsDeleteCmdCtrl
20016d00   _SlFsGetInfoCmdCtrl
20016cf0   _SlFsOpenCmdCtrl
20016cf8   _SlFsReadCmdCtrl
20016cfc   _SlFsWriteCmdCtrl
20016ee8   _SlGetHostByNameCtrl
20016ee4   _SlGetHostByServiceCtrl
20016edc   _SlGetServiceListeCtrl
20016dc0   _SlGetSockOptCmdCtrl
20016db0   _SlListenCmdCtrl
20016ef4   _SlNetAppGetCmdCtrl
20016ef0   _SlNetAppSendTokenValueCmdCtrl
20016eec   _SlNetAppSetCmdCtrl
20016ed4   _SlNetAppStartCtrl
20016ed8   _SlNetAppStopCtrl
20017010   _SlNetCfgGetCmdCtrl
2001700c   _SlNetCfgSetCmdCtrl
20016590   _SlPolicyGetCmdCtrl
2001658c   _SlPolicySetCmdCtrl
20016598   _SlProfileDelCmdCtrl
20016594   _SlProfileGetCmdCtrl
20016db8   _SlRecvCmdCtrl
20016da8   _SlRecvfomCmdCtrl
20016ee0   _SlRegisterServiceCtrl
200150f9   _SlRemoveFromList
200165a0   _SlRxFilterAddtCmdCtrl
200165a8   _SlRxFilterGetCmdCtrl
200165a4   _SlRxFilterSetCmdCtrl
20016dc4   _SlSelectCmdCtrl
20016dac   _SlSendCmdCtrl
20016dbc   _SlSetSockOptCmdCtrl
200165ac   _SlSmartConfigStartCmdCtrl
20016da4   _SlSockCloseCmdCtrl
20016da0   _SlSockSocketCmdCtrl
20016fe0   _SlStopCmdCtrl
200165b8   _SlWlanCfgGetCmdCtrl
200165b4   _SlWlanCfgSetCmdCtrl
2001659c   _SlWlanGetNetworkListCtrl
200165b0   _SlWlanSetModeCmdCtrl
20001210   _Snan
20001568   _Tls_setup__Fenv
20001230   _Xbig
20001238   _Zero
2002d770   __CIOBUF_
20004000   __STACK_END
00001000   __STACK_SIZE
00004000   __SYSMEM_SIZE
20017bf8   __TI_CINIT_Base
20017c08   __TI_CINIT_Limit
20017be4   __TI_Handler_Table_Base
20017bf0   __TI_Handler_Table_Limit
00000001   __TI_args_main
20013219   __TI_auto_init
2000ed91   __TI_cleanup
2000155c   __TI_cleanup_ptr
20012fc1   __TI_closefile
200161ab   __TI_decompress_none
20016229   __TI_decompress_rle24
20012585   __TI_doflush
20001560   __TI_dtors_ptr
20001524   __TI_ft_end
200081af   __TI_printfi
20012bb7   __TI_rd_ok
20014657   __TI_readmsg
20017018   __TI_static_base__
2002da58   __TI_tmpnams
20014629   __TI_writemsg
20012b55   __TI_wrt_ok
20016137   __TI_zero_init
2001623b   __abort_execution
20013709   __aeabi_cdcmpeq
20013709   __aeabi_cdcmple
2001378f   __aeabi_cdrcmple
20014509   __aeabi_cfcmpeq
20014509   __aeabi_cfcmple
20014569   __aeabi_cfrcmple
20014c5b   __aeabi_d2f
20014d7d   __aeabi_d2iz
20014f69   __aeabi_d2uiz
2000f207   __aeabi_dadd
200103e5   __aeabi_ddiv
200117b7   __aeabi_dmul
2000f1fd   __aeabi_dsub
200153d1   __aeabi_f2d
20015409   __aeabi_f2iz
20015621   __aeabi_f2uiz
20014a45   __aeabi_f2ulz
200118b7   __aeabi_fadd
200132ad   __aeabi_fdiv
20013c0d   __aeabi_fmul
200118b3   __aeabi_fsub
20015811   __aeabi_i2d
20015441   __aeabi_i2f
20015f51   __aeabi_lmul
20013d79   __aeabi_memclr
20013d79   __aeabi_memclr4
20013d79   __aeabi_memclr8
20012e8d   __aeabi_memcpy
20012e8d   __aeabi_memcpy4
20012e8d   __aeabi_memcpy8
20013d7b   __aeabi_memset
20013d7b   __aeabi_memset4
20013d7b   __aeabi_memset8
20001530   __aeabi_stderr
20001528   __aeabi_stdin
2000152c   __aeabi_stdout
20015b19   __aeabi_ui2f
2000e901   __aeabi_uldivmod
ffffffff   __binit__
ffffffff   __c_args__
20003000   __stack
2000e2e3   __vla_alloc
2000e1d5   __vla_dealloc
2000e263   __vla_dealloc_eh
20015f39   _args_main
200155b9   _c_int00
20016384   _ctypes_
20000f50   _ftable
20001554   _lock
200160bf   _nop
200160b7   _register_lock
200160b1   _register_unlock
200159c5   _sl_BuildAddress
200142b1   _sl_GetCreateFsMode
20014c11   _sl_GetStartResponseConvert
20014315   _sl_HandleAsync_Accept
20014179   _sl_HandleAsync_Connect
20013a99   _sl_HandleAsync_DnsGetHostByName
200141e1   _sl_HandleAsync_DnsGetHostByService
20013e69   _sl_HandleAsync_InitComplete
20013fc5   _sl_HandleAsync_PingResponse
20014849   _sl_HandleAsync_Select
200148f5   _sl_HandleAsync_Stop
2001601b   _sl_Strlen
20014035   _sl_TruncatePayloadByProtocol
2002dcd8   _sys_memory
20001558   _unlock
20014f29   abort
2001008b   addHttpRequestHeader
200100b3   addHttpRequestHeaderInt
20010011   addHttpRequestLine
2000d89b   add_device
200127c5   asinf
200115b5   atan2l
20014ae1   atoi
2001004f   beginHttpGetRequest
20010043   beginHttpRequest
ffffffff   binit
20009a01   buildRequestHeaders
2000c86d   calloc
2000a925   clearAccelMotionIntrpt
2002db48   clientStateFileName
2000d849   close
2000151c   cnt
2000a3cd   configureFXOS8700
20010e5d   configureISL29035
20014ee1   copy_in
2000736d   createAndWrite_ImageHeaderFile
2000b407   createInstallation
2000ae29   createNewInstallationId
200074cd   create_JpegImageFile
2002dcac   dataBuffer
20001520   dataBufferSize
2001399d   debugPrint
200139b7   debugPrintf
200094c3   disableAE
20009441   disableAWB
20004691   eTaskGetState
20009485   enableAE
200093fd   enableAWB
2000f3b5   ensureCertificateFile
20014f31   exit
20013027   fclose
200155ed   feraiseexcept
2000adc3   fetchDeviceOSVersion
200125d1   fflush
2000d5a9   findSecondJson
200119ad   fmodf
2000ede7   fopen
200140ad   fprintf
20012df1   fputc
20010651   fputs
2000c5c7   free
2000edbd   freopen
20014379   fseek
20000dd0   gFirstCmdMode
20016be0   g_H2NCnysPattern
20016bd8   g_H2NSyncPattern
2002d400   g_NetEntries
2002dc8c   g_SecParams
20001318   g_SpiFd
20000dd8   g_StatMem
2002dcb0   g_block_lastFilled
20001328   g_cDummy
2002dbb0   g_cWlanSSID
2002db7c   g_cWlanSecurityKey
2002dcb4   g_cWlanSecurityType
20016f9c   g_deviceClientVersion
2002dcd5   g_flag_DataBlockFilled
2002dc14   g_flag_blockFull
2002dcd6   g_frame_end
2002dcb8   g_frame_size_in_bytes
20000600   g_header
2002dcbc   g_header_length
20019000   g_image_buffer
200014f4   g_osVersion
20000dd4   g_pCB
2000131c   g_pHostIntHdl
20004000   g_pfnVectors
2002dcc0   g_position_in_block
2002dcc4   g_readHeader
2000143c   g_token_get
200014f1   g_ucConnectedToConfAP
2002dc98   g_ucConnectionBSSID
2002dbd4   g_ucConnectionSSID
20001320   g_ucDMAEnabled
2000132c   g_ucDinDout
200014f3   g_ucPriority
200014f0   g_ucProfileAdded
200014f2   g_ucProvisioningDone
200014ec   g_uiSimplelinkRole
200014e8   g_ulGatewayIP
20001550   g_ulPingPacketsRecv
200014e4   g_ulStatus
2000a791   getAccelerationMagnitude
2000a653   getDoorDirection
200100ed   getHttpResponseBody
200100c3   getHttpResponseStatus
2000b455   getInstallation
20011755   getInternalClient
20010ecb   getLightsensor_data
20010ef7   getLightsensor_intrptStatus
2000a70d   getMagnFlux_3axis
2000d5db   getPushJson
2002d890   gfpAppCallbackHndl
2002d000   gpCtlTbl
20009c59   headerSend
2001129d   i2cReadRegisters
20011349   i2cReadRegistersTwoBytes
200112df   i2cWriteRegisters
2002dcd7   iDone
20005cb9   initNetwork
20012271   intToASCII
2000d5c1   isCompleteJson
2000ad63   isPingTime
2000e475   loadClientState
2001622f   log
2000d825   lseek
200146e7   ltoa
2000ebaf   main
20001588   main_func_sp
2000c565   malloc
2000c449   mem_Free
2000c43d   mem_Malloc
2000c469   mem_copy
2000c455   mem_set
2000c78d   memalign
20015d6d   memccpy
20016031   memchr
20015c77   memcmp
20012e8d   memcpy
20015af5   memmove
20013d81   memset
2000c4d9   minit
2000d777   open
2000c4bf   osi_ContextRestore
2000c4bd   osi_ContextSave
2000c47d   osi_EnterCritical
2000c487   osi_ExitCritical
2000c0a3   osi_InterruptDeRegister
2000c07d   osi_InterruptRegister
2000c1ad   osi_LockObjCreate
2000c221   osi_LockObjDelete
2000c231   osi_LockObjLock
2000c25d   osi_LockObjUnlock
2000c371   osi_MsgQCreate
2000c3b5   osi_MsgQDelete
2000c401   osi_MsgQRead
2000c3cf   osi_MsgQWrite
2000c499   osi_Sleep
2000c287   osi_Spawn
2000c18b   osi_SyncObjClear
2000c0b5   osi_SyncObjCreate
2000c0e5   osi_SyncObjDelete
2000c0ff   osi_SyncObjSignal
2000c127   osi_SyncObjSignalFromISR
2000c15f   osi_SyncObjWait
2000c1d3   osi_TaskCreate
2000c213   osi_TaskDelete
2000c4a9   osi_TaskDisable
2000c4b3   osi_TaskEnable
2000c491   osi_start
20000dcc   pPingCallBackFunc
2000a1c7   parseGetErrorCode
2000b557   parseGetInstallationId
200116b9   parseInitialize
2000a193   parseSendRequest
2000a11d   parseSendRequestInternal
2000b4db   parseSetInstallationId
20009d9d   payloadSend
20017000   pcDigits
20004bb5   pcTaskGetTaskName
20012935   portCLZ
2000b779   pow
2001291d   prvPortStartFirstTask
20012e75   putc
20012e79   putchar
2001075d   puts
20015399   pvPortMalloc
20001478   pxCurrentTCB
20010f71   pxPortInitialiseStack
2001583f   raise
20014b43   rand
2000d753   read
2000c687   realloc
2000d6c9   remove
2000d72b   remove_device
2000d6ed   rename
2000dca1   retreiveImageIDfromHTTPResponse
2000e51d   saveClientState
2000a021   sendRequest
20010da3   sensorsTriggerSetup
200099f1   setDataBufferPointer
2000a611   setMotionDetectionThreshold
20010e8b   setThreshold_lightsensor
20011e4d   setvbuf
20015139   signal
2000d321   simpleJsonProcessor
20016235   sinf
20015b3d   sl_Close
20011c7d   sl_Connect
20013b15   sl_DevGet
20014dc5   sl_DevSet
20013b91   sl_FsClose
20014e0d   sl_FsDel
20014249   sl_FsGetInfo
2001499d   sl_FsOpen
200133d1   sl_FsRead
2001345d   sl_FsWrite
20015479   sl_Htonl
200156bd   sl_Htons
20012001   sl_NetAppDnsGetHostByName
20013681   sl_NetAppMDNSRegisterUnregisterService
20016149   sl_NetAppMDNSUnRegisterService
200149f1   sl_NetAppSendTokenValue
20015b61   sl_NetAppStart
20015b85   sl_NetAppStop
20014ff1   sl_NetCfgSet
20015035   sl_Recv
200113a9   sl_Select
20012aa5   sl_Send
20014b79   sl_SetSockOpt
200157e1   sl_Socket
20012705   sl_Start
200124c1   sl_Stop
2000f561   sl_WlanConnect
2001620f   sl_WlanDisconnect
20013edd   sl_WlanGet
20015179   sl_WlanPolicySet
20015ba9   sl_WlanProfileDel
200151b9   sl_WlanRxFilterSet
20014e55   sl_WlanSet
20015a15   sl_WlanSetMode
20013059   snprintf
20015b3d   socketClose
2000cdc7   socketRead
2000cc99   socketSslConnect
2000cc4d   socketWait
2000ce49   socketWrite
20013f51   spi_Close
20010785   spi_Open
200121a5   spi_Read
20011d65   spi_Write
200145c9   sprintf
200102a5   sqrt
200120d9   sqrtf
20014b2d   srand
2000151a   sshPort
2000a3b7   standby_accelMagn_fxos8700
20016047   strchr
20015f69   strcmp
2001618d   strcpy
200160c5   strlen
200152ad   strncasecmp
200159ed   strncat
20015a63   strncmp
20015781   strncpy
20015655   strstr
20014bc5   uDMAChannelAssign
20014441   uDMAChannelAttributeDisable
200144a5   uDMAChannelAttributeEnable
200152e9   uDMAChannelControlSet
20015d89   uDMAChannelDisable
20015da5   uDMAChannelEnable
20011aa5   uDMAChannelTransferSet
200160d9   uDMAControlBaseSet
200161e1   uDMADisable
200161ed   uDMAEnable
200160ed   uDMAIntClear
2001605d   uDMAIntRegister
200161f9   uDMAIntStatus
2001615b   uDMAIntUnregister
20008c39   ucQueueGetQueueType
20012885   ulPortSetInterruptMask
2000d6c9   unlink
2000a8e5   updateConfigReg
2000adbd   updateLastPingTime
20010ac3   uxListRemove
20008c19   uxQueueGetQueueNumber
20008bad   uxQueueMessagesWaiting
20008be3   uxQueueMessagesWaitingFromISR
20008bc3   uxQueueSpacesAvailable
20004ba9   uxTaskGetNumberOfTasks
20004bd9   uxTaskGetSystemState
200050c9   uxTaskGetTaskNumber
20004725   uxTaskPriorityGet
20005621   uxTaskResetEventItemValue
2000eaf7   vApplicationIdleHook
2000eaf9   vApplicationMallocFailedHook
2000eafb   vApplicationStackOverflowHook
2000eaf5   vAssertCalled
200109e1   vListInitialise
20010a11   vListInitialiseItem
20010a5d   vListInsert
20010a21   vListInsertEnd
2001289b   vPortClearInterruptMask
20010fed   vPortEndScheduler
20011001   vPortEnterCritical
20011019   vPortExitCritical
200153b9   vPortFree
200128f5   vPortSVCHandler
2001104d   vPortSetupTimerInterrupt
20010fef   vPortYield
20008e53   vQueueAddToRegistry
20008bf5   vQueueDelete
20008c27   vQueueSetQueueNumber
20008e95   vQueueUnregisterQueue
2000463b   vTaskDelay
2000459f   vTaskDelayUntil
2000450f   vTaskDelete
20004a8d   vTaskEndScheduler
200050bb   vTaskMissedYield
20004e51   vTaskPlaceOnEventList
20004eb5   vTaskPlaceOnUnorderedEventList
20005597   vTaskPriorityDisinherit
200054dd   vTaskPriorityInherit
2000475d   vTaskPrioritySet
20004955   vTaskResume
200050e9   vTaskSetTaskNumber
2000501b   vTaskSetTimeOutState
20004a43   vTaskStartScheduler
20004861   vTaskSuspend
20004a9f   vTaskSuspendAll
20004dd1   vTaskSwitchContext
2000a389   verifyAccelMagnSensor
20010f0b   verifyISL29035
200135f9   vsnprintf
2000d639   write
2000ac0b   writeMagntCalibrationValue
20001534   xHigherPriorityTaskWoken
200128a9   xPortPendSVHandler
20010fc1   xPortStartScheduler
20011031   xPortSysTickHandler
20008ee3   xQueueAddToSet
20008815   xQueueAltGenericReceive
20008769   xQueueAltGenericSend
2000863d   xQueueCreateCountingSemaphore
200085bf   xQueueCreateMutex
20008ecf   xQueueCreateSet
20008549   xQueueGenericCreate
200089af   xQueueGenericReceive
200084b9   xQueueGenericReset
2000865d   xQueueGenericSend
20008913   xQueueGenericSendFromISR
20008def   xQueueIsQueueEmptyFromISR
20008e31   xQueueIsQueueFullFromISR
20008b69   xQueuePeekFromISR
20008af1   xQueueReceiveFromISR
2002daf8   xQueueRegistry
20008f17   xQueueRemoveFromSet
20008f59   xQueueSelectFromSet
20008f73   xQueueSelectFromSetFromISR
20001538   xSimpleLinkSpawnQueue
2000153c   xSimpleLinkSpawnTaskHndl
20005041   xTaskCheckForTimeOut
20004401   xTaskGenericCreate
20005491   xTaskGetCurrentTaskHandle
20004c97   xTaskGetIdleTaskHandle
200054a5   xTaskGetSchedulerState
20004b7d   xTaskGetTickCount
20004b91   xTaskGetTickCountFromISR
20004cb5   xTaskIncrementTick
20004f25   xTaskRemoveFromEventList
20004fad   xTaskRemoveFromUnorderedEventList
20004ab1   xTaskResumeAll
200049c9   xTaskResumeFromISR


GLOBAL SYMBOLS: SORTED BY Symbol Address 

address    name
--------   ----
00000001   __TI_args_main
00001000   __STACK_SIZE
00004000   __SYSMEM_SIZE
20000000   JPEG_StdHuffmanTbl
20000600   g_header
20000dcc   pPingCallBackFunc
20000dd0   gFirstCmdMode
20000dd4   g_pCB
20000dd8   g_StatMem
20000f50   _ftable
200011c0   _Denorm
200011d0   _Eps
200011e0   _Hugeval
200011f0   _Inf
20001200   _Nan
20001210   _Snan
20001220   _Rteps
20001230   _Xbig
20001238   _Zero
20001240   _LDenorm
20001250   _LEps
20001260   _LInf
20001270   _LNan
20001280   _LSnan
20001290   _LRteps
200012a0   _LXbig
200012a8   _LZero
200012b0   _FDenorm
200012c0   _FEps
200012d0   _FInf
200012e0   _FNan
200012f0   _FSnan
20001300   _FRteps
20001310   _FXbig
20001314   _FZero
20001318   g_SpiFd
2000131c   g_pHostIntHdl
20001320   g_ucDMAEnabled
20001324   DMAMsgQ
20001328   g_cDummy
2000132c   g_ucDinDout
2000137c   JPEG_StdQuantTblC
200013bc   JPEG_StdQuantTblY
2000143c   g_token_get
20001478   pxCurrentTCB
200014d8   SecurityParams
200014e4   g_ulStatus
200014e8   g_ulGatewayIP
200014ec   g_uiSimplelinkRole
200014f0   g_ucProfileAdded
200014f1   g_ucConnectedToConfAP
200014f2   g_ucProvisioningDone
200014f3   g_ucPriority
200014f4   g_osVersion
2000151a   sshPort
2000151c   cnt
20001520   dataBufferSize
20001524   __TI_ft_end
20001528   __aeabi_stdin
2000152c   __aeabi_stdout
20001530   __aeabi_stderr
20001534   xHigherPriorityTaskWoken
20001538   xSimpleLinkSpawnQueue
2000153c   xSimpleLinkSpawnTaskHndl
20001550   g_ulPingPacketsRecv
20001554   _lock
20001558   _unlock
2000155c   __TI_cleanup_ptr
20001560   __TI_dtors_ptr
20001564   _Fenv
20001568   _Tls_setup__Fenv
20001574   DigiCertHighAssuranceEVRootCA_der_len
2000157c   _Errno
20001588   main_func_sp
20003000   __stack
20004000   __STACK_END
20004000   g_pfnVectors
20004401   xTaskGenericCreate
2000450f   vTaskDelete
2000459f   vTaskDelayUntil
2000463b   vTaskDelay
20004691   eTaskGetState
20004725   uxTaskPriorityGet
2000475d   vTaskPrioritySet
20004861   vTaskSuspend
20004955   vTaskResume
200049c9   xTaskResumeFromISR
20004a43   vTaskStartScheduler
20004a8d   vTaskEndScheduler
20004a9f   vTaskSuspendAll
20004ab1   xTaskResumeAll
20004b7d   xTaskGetTickCount
20004b91   xTaskGetTickCountFromISR
20004ba9   uxTaskGetNumberOfTasks
20004bb5   pcTaskGetTaskName
20004bd9   uxTaskGetSystemState
20004c97   xTaskGetIdleTaskHandle
20004cb5   xTaskIncrementTick
20004dd1   vTaskSwitchContext
20004e51   vTaskPlaceOnEventList
20004eb5   vTaskPlaceOnUnorderedEventList
20004f25   xTaskRemoveFromEventList
20004fad   xTaskRemoveFromUnorderedEventList
2000501b   vTaskSetTimeOutState
20005041   xTaskCheckForTimeOut
200050bb   vTaskMissedYield
200050c9   uxTaskGetTaskNumber
200050e9   vTaskSetTaskNumber
20005491   xTaskGetCurrentTaskHandle
200054a5   xTaskGetSchedulerState
200054dd   vTaskPriorityInherit
20005597   vTaskPriorityDisinherit
20005621   uxTaskResetEventItemValue
20005659   InitializeAppVariables
200056a1   ConfigureSimpleLinkToDefaultState
20005949   ConfigureMode
200059a1   ConnectToNetwork
20005b09   ConnectToNetwork_2
20005baf   ConnectToNetwork_STA_2
20005bd9   ConnectToNetwork_STA
20005cb9   initNetwork
20005e25   SimpleLinkWlanEventHandler
20005f45   SimpleLinkNetAppEventHandler
200062d1   SimpleLinkSockEventHandler
200063d1   SimpleLinkHttpServerCallback
200066d5   Standby_ImageSensor
200066ef   Wakeup_ImageSensor
200066fb   CaptureAndStore_Image
200069a5   CaptureinRAM_StoreAfterCapture_Image
20006c6f   CamControllerInit
2000736d   createAndWrite_ImageHeaderFile
200074cd   create_JpegImageFile
200081af   __TI_printfi
200084b9   xQueueGenericReset
20008549   xQueueGenericCreate
200085bf   xQueueCreateMutex
2000863d   xQueueCreateCountingSemaphore
2000865d   xQueueGenericSend
20008769   xQueueAltGenericSend
20008815   xQueueAltGenericReceive
20008913   xQueueGenericSendFromISR
200089af   xQueueGenericReceive
20008af1   xQueueReceiveFromISR
20008b69   xQueuePeekFromISR
20008bad   uxQueueMessagesWaiting
20008bc3   uxQueueSpacesAvailable
20008be3   uxQueueMessagesWaitingFromISR
20008bf5   vQueueDelete
20008c19   uxQueueGetQueueNumber
20008c27   vQueueSetQueueNumber
20008c39   ucQueueGetQueueType
20008def   xQueueIsQueueEmptyFromISR
20008e31   xQueueIsQueueFullFromISR
20008e53   vQueueAddToRegistry
20008e95   vQueueUnregisterQueue
20008ecf   xQueueCreateSet
20008ee3   xQueueAddToSet
20008f17   xQueueRemoveFromSet
20008f59   xQueueSelectFromSet
20008f73   xQueueSelectFromSetFromISR
20008fdd   CameraSensorInit
20008fe5   CameraSensorInit_SettingsFromFlash
2000900d   StartCapture_SettingsFromFlash
2000903b   WriteConfigRegFile_toFlash
2000910d   WriteConfigRegFilefromUser_toFlash
2000913b   StartSensorInJpegMode
200092ef   RegStatusRead
2000932f   WriteAllAEnAWBRegs
20009351   ReadAllAEnAWBRegs
200093fd   enableAWB
20009441   disableAWB
20009485   enableAE
200094c3   disableAE
2000950d   JpegConfigReg_Read
20009535   CCMRegs_Read
20009565   DigitalGainRegs_Read
20009599   ShutterRegs_Read
200095cb   AnalogGainReg_Read
20009609   PCLK_Rate_read
20009647   JPEGDataLength_read
20009691   ResetImageSensorMCU
200096bf   ReadMCUBootModeReg
200096d9   SoftReset_ImageSensor
20009701   Verify_ImageSensor
20009731   Variable_Read
200098cf   EnterStandby_mt9d111
20009919   ExitStandby_mt9d111
200099f1   setDataBufferPointer
20009a01   buildRequestHeaders
20009c59   headerSend
20009d9d   payloadSend
2000a021   sendRequest
2000a11d   parseSendRequestInternal
2000a193   parseSendRequest
2000a1c7   parseGetErrorCode
2000a389   verifyAccelMagnSensor
2000a3b7   standby_accelMagn_fxos8700
2000a3cd   configureFXOS8700
2000a611   setMotionDetectionThreshold
2000a653   getDoorDirection
2000a70d   getMagnFlux_3axis
2000a791   getAccelerationMagnitude
2000a8e5   updateConfigReg
2000a925   clearAccelMotionIntrpt
2000a975   FXOS8700CQ_Init
2000aa61   FXOS8700CQ_Mag_Calibration
2000ac0b   writeMagntCalibrationValue
2000ad63   isPingTime
2000adbd   updateLastPingTime
2000adc3   fetchDeviceOSVersion
2000ae29   createNewInstallationId
2000b407   createInstallation
2000b455   getInstallation
2000b4db   parseSetInstallationId
2000b557   parseGetInstallationId
2000b779   pow
2000bc09   Collect_InitMangReadings
2000bd05   WaitFor40Degrees
2000c07d   osi_InterruptRegister
2000c0a3   osi_InterruptDeRegister
2000c0b5   osi_SyncObjCreate
2000c0e5   osi_SyncObjDelete
2000c0ff   osi_SyncObjSignal
2000c127   osi_SyncObjSignalFromISR
2000c15f   osi_SyncObjWait
2000c18b   osi_SyncObjClear
2000c1ad   osi_LockObjCreate
2000c1d3   osi_TaskCreate
2000c213   osi_TaskDelete
2000c221   osi_LockObjDelete
2000c231   osi_LockObjLock
2000c25d   osi_LockObjUnlock
2000c287   osi_Spawn
2000c2f5   VStartSimpleLinkSpawnTask
2000c345   VDeleteSimpleLinkSpawnTask
2000c371   osi_MsgQCreate
2000c3b5   osi_MsgQDelete
2000c3cf   osi_MsgQWrite
2000c401   osi_MsgQRead
2000c43d   mem_Malloc
2000c449   mem_Free
2000c455   mem_set
2000c469   mem_copy
2000c47d   osi_EnterCritical
2000c487   osi_ExitCritical
2000c491   osi_start
2000c499   osi_Sleep
2000c4a9   osi_TaskDisable
2000c4b3   osi_TaskEnable
2000c4bd   osi_ContextSave
2000c4bf   osi_ContextRestore
2000c4d9   minit
2000c565   malloc
2000c5c7   free
2000c687   realloc
2000c78d   memalign
2000c86d   calloc
2000c8a5   _SlDrvMsgRead
2000cc4d   socketWait
2000cc99   socketSslConnect
2000cdc7   socketRead
2000ce49   socketWrite
2000cfd5   _SlAsyncEventGenericHandler
2000d321   simpleJsonProcessor
2000d5a9   findSecondJson
2000d5c1   isCompleteJson
2000d5db   getPushJson
2000d639   write
2000d6c9   remove
2000d6c9   unlink
2000d6ed   rename
2000d72b   remove_device
2000d753   read
2000d777   open
2000d825   lseek
2000d849   close
2000d89b   add_device
2000d949   _Log
2000dc2d   InitialiseParse
2000dc43   UploadImageToParse
2000dc79   UploadSensorDataToParse
2000dca1   retreiveImageIDfromHTTPResponse
2000dcdb   ConstructDeviceStateObject
2000df01   HOSTwrite
2000df4d   HOSTunlink
2000df85   HOSTtime
2000dfbf   HOSTrename
2000e01d   HOSTread
2000e069   HOSTopen
2000e0bb   HOSTlseek
2000e117   HOSTgetenv
2000e155   HOSTclose
2000e18d   HOSTclock
2000e1d5   __vla_dealloc
2000e263   __vla_dealloc_eh
2000e2e3   __vla_alloc
2000e475   loadClientState
2000e51d   saveClientState
2000e705   _Exp
2000e901   __aeabi_uldivmod
2000eaf5   vAssertCalled
2000eaf7   vApplicationIdleHook
2000eaf9   vApplicationMallocFailedHook
2000eafb   vApplicationStackOverflowHook
2000eafd   Main_Task
2000eb3f   Config_And_Start_CameraCapture
2000ebaf   main
2000ed91   __TI_cleanup
2000edbd   freopen
2000ede7   fopen
2000ee89   CreateFile_Flash
2000eee1   WriteFile_ToFlash
2000ef89   ReadFile_FromFlash
2000f045   InitTerm
2000f063   Message
2000f07d   ClearTerm
2000f083   Error
2000f0b7   GetCmd
2000f117   TrimSpace
2000f161   Report
2000f1fd   __aeabi_dsub
2000f207   __aeabi_dadd
2000f3b5   ensureCertificateFile
2000f561   sl_WlanConnect
2000f6fd   _FSin
2000f895   DmaSwIntHandler
2000f8a7   DmaErrorIntHandler
2000f8b3   UDMAInit
2000f8fd   UDMAChannelSelect
2000f925   SetupTransfer
2000f95b   UDMASetupAutoMemTransfer
2000f97f   UDMASetupPingPongTransfer
2000f9c9   UDMADeInit
2000f9dd   DMASetupTransfer
2000fa8b   I2C_IF_Write
2000faed   I2C_IF_Read
2000fb55   I2C_IF_ReadFrom
2000fb75   I2C_IF_Open
2000fb9f   I2C_IF_Close
2000fbb5   _LAtan
2000fd3d   I2CInit
2000fd5b   I2CBufferRead
2000fe03   I2CBufferWrite
2000fead   _SlDrvDataReadOp
20010011   addHttpRequestLine
20010043   beginHttpRequest
2001004f   beginHttpGetRequest
2001008b   addHttpRequestHeader
200100b3   addHttpRequestHeaderInt
200100c3   getHttpResponseStatus
200100ed   getHttpResponseBody
20010165   _SlDrvRxHdrRead
200102a5   sqrt
200103e5   __aeabi_ddiv
2001051d   PRCMCC3200MCUInit
20010651   fputs
2001075d   puts
20010785   spi_Open
200108b5   _SlDrvDataWriteOp
200109e1   vListInitialise
20010a11   vListInitialiseItem
20010a21   vListInsertEnd
20010a5d   vListInsert
20010ac3   uxListRemove
20010b0d   CollectTxit_ImgTempRH
20010c35   _SlDrvMsgWrite
20010d49   HIBernate
20010da3   sensorsTriggerSetup
20010e5d   configureISL29035
20010e8b   setThreshold_lightsensor
20010ecb   getLightsensor_data
20010ef7   getLightsensor_intrptStatus
20010f0b   verifyISL29035
20010f71   pxPortInitialiseStack
20010fc1   xPortStartScheduler
20010fed   vPortEndScheduler
20010fef   vPortYield
20011001   vPortEnterCritical
20011019   vPortExitCritical
20011031   xPortSysTickHandler
2001104d   vPortSetupTimerInterrupt
20011081   _Dscale
20011191   _SlDrvWaitForPoolObj
2001129d   i2cReadRegisters
200112df   i2cWriteRegisters
20011349   i2cReadRegistersTwoBytes
200113a9   sl_Select
200114b1   _SlDrvReleasePoolObj
200115b5   atan2l
200116b9   parseInitialize
20011755   getInternalClient
200117b7   __aeabi_dmul
200118b3   __aeabi_fsub
200118b7   __aeabi_fadd
200119ad   fmodf
20011aa5   uDMAChannelTransferSet
20011b95   PinMuxConfig
20011c7d   sl_Connect
20011d65   spi_Write
20011e4d   setvbuf
20011f29   _FAtan
20012001   sl_NetAppDnsGetHostByName
200120d9   sqrtf
200121a5   spi_Read
20012271   intToASCII
200122bb   LED_Blink
20012339   _Dint
200123fd   _Dnorm
200124c1   sl_Stop
20012585   __TI_doflush
200125d1   fflush
20012645   _FDscale
20012705   sl_Start
200127c5   asinf
20012885   ulPortSetInterruptMask
2001289b   vPortClearInterruptMask
200128a9   xPortPendSVHandler
200128f5   vPortSVCHandler
2001291d   prvPortStartFirstTask
20012935   portCLZ
2001293d   _SlDrvMsgReadCmdCtx
200129f1   _SlDrvNetAppEventHandler
20012aa5   sl_Send
20012b55   __TI_wrt_ok
20012bb7   __TI_rd_ok
20012c01   IntDisable
20012ca9   IntEnable
20012d51   SPIConfigSetExpClk
20012df1   fputc
20012e75   putc
20012e79   putchar
20012e8d   __aeabi_memcpy
20012e8d   __aeabi_memcpy4
20012e8d   __aeabi_memcpy8
20012e8d   memcpy
20012f29   _SlFindAndSetActiveObj
20012fc1   __TI_closefile
20013027   fclose
20013059   snprintf
200130f1   PRCMPeripheralClockGet
20013185   _SlDrvClassifyRxMsg
20013219   __TI_auto_init
200132ad   __aeabi_fdiv
20013341   _SlDrvMsgReadSpawnCtx
200133d1   sl_FsRead
2001345d   sl_FsWrite
200134e9   PRCMHibernateIntervalSet
20013571   PinConfigSet
200135f9   vsnprintf
20013681   sl_NetAppMDNSRegisterUnregisterService
20013709   __aeabi_cdcmpeq
20013709   __aeabi_cdcmple
2001378f   __aeabi_cdrcmple
20013815   I2CMasterInitExpClk
20013899   _SlDrvCmdOp
2001391d   NwpPowerOnPreamble
2001399d   debugPrint
200139b7   debugPrintf
20013a1d   _SlDrvDriverCBInit
20013a99   _sl_HandleAsync_DnsGetHostByName
20013b15   sl_DevGet
20013b91   sl_FsClose
20013c0d   __aeabi_fmul
20013c87   _FDnorm
20013d79   __aeabi_memclr
20013d79   __aeabi_memclr4
20013d79   __aeabi_memclr8
20013d7b   __aeabi_memset
20013d7b   __aeabi_memset4
20013d7b   __aeabi_memset8
20013d81   memset
20013df1   UARTConfigSetExpClk
20013e69   _sl_HandleAsync_InitComplete
20013edd   sl_WlanGet
20013f51   spi_Close
20013fc5   _sl_HandleAsync_PingResponse
20014035   _sl_TruncatePayloadByProtocol
200140ad   fprintf
20014111   PRCMHibernateWakeUpGPIOSelect
20014179   _sl_HandleAsync_Connect
200141e1   _sl_HandleAsync_DnsGetHostByService
20014249   sl_FsGetInfo
200142b1   _sl_GetCreateFsMode
20014315   _sl_HandleAsync_Accept
20014379   fseek
200143dd   _Dunscale
20014441   uDMAChannelAttributeDisable
200144a5   uDMAChannelAttributeEnable
20014509   __aeabi_cfcmpeq
20014509   __aeabi_cfcmple
20014569   __aeabi_cfrcmple
200145c9   sprintf
20014629   __TI_writemsg
20014653   C$$IO$$
20014657   __TI_readmsg
200146e7   ltoa
20014741   IntPendClear
20014799   PRCMPeripheralReset
200147f1   _SlDrvDriverCBDeinit
20014849   _sl_HandleAsync_Select
200148a1   IntPrioritySet
200148f5   _sl_HandleAsync_Stop
20014949   _FDunscale
2001499d   sl_FsOpen
200149f1   sl_NetAppSendTokenValue
20014a45   __aeabi_f2ulz
20014a95   SPIIntEnable
20014ae1   atoi
20014b2d   srand
20014b43   rand
20014b79   sl_SetSockOpt
20014bc5   uDMAChannelAssign
20014c11   _sl_GetStartResponseConvert
20014c5b   __aeabi_d2f
20014ca5   PRCMHibernateWakeupSourceDisable
20014ced   PRCMHibernateWakeupSourceEnable
20014d35   SPIIntClear
20014d7d   __aeabi_d2iz
20014dc5   sl_DevSet
20014e0d   sl_FsDel
20014e55   sl_WlanSet
20014ee1   copy_in
20014f25   C$$EXIT
20014f29   abort
20014f31   exit
20014f69   __aeabi_d2uiz
20014fad   _Dtest
20014ff1   sl_NetCfgSet
20015035   sl_Recv
20015079   PinModeSet
200150b9   _SlDrvRxIrqHandler
200150f9   _SlRemoveFromList
20015139   signal
20015179   sl_WlanPolicySet
200151b9   sl_WlanRxFilterSet
200151f9   NwpPowerOff
20015235   PRCMPeripheralClkEnable
20015271   _SlDrvObjInit
200152ad   strncasecmp
200152e9   uDMAChannelControlSet
20015325   CameraCaptureStop
2001535f   CameraXClkConfig
20015399   pvPortMalloc
200153b9   vPortFree
200153d1   __aeabi_f2d
20015409   __aeabi_f2iz
20015441   __aeabi_i2f
20015479   sl_Htonl
200154b1   GPIODirModeSet
200154e7   CameraParamsConfig
2001551d   PRCMPeripheralStatusGet
20015551   SPIFIFOLevelSet
20015585   _SlDrvBasicCmd
200155b9   _c_int00
200155ed   feraiseexcept
20015621   __aeabi_f2uiz
20015655   strstr
20015689   _FDtest
200156bd   sl_Htons
200156f1   NwpPowerOn
20015721   PinTypeGPIO
20015751   UARTDisable
20015781   strncpy
200157b1   _Feraise
200157e1   sl_Socket
20015811   __aeabi_i2d
2001583f   raise
2001586d   CameraIntEnable
20015899   DmaSpiSwIntHandler
200158c5   I2CMasterErr
200158f1   PRCMSysResetCauseGet
2001591d   _SlDrvFlowContDeinit
20015949   _SlDrvFlowContInit
20015975   CameraIntStatus
2001599d   PRCMPeripheralClkDisable
200159c5   _sl_BuildAddress
200159ed   strncat
20015a15   sl_WlanSetMode
20015a3d   CameraThresholdSet
20015a63   strncmp
20015a89   CameraIntClear
20015aad   IntUnregister
20015ad1   UARTEnable
20015af5   memmove
20015b19   __aeabi_ui2f
20015b3d   sl_Close
20015b3d   socketClose
20015b61   sl_NetAppStart
20015b85   sl_NetAppStop
20015ba9   sl_WlanProfileDel
20015bcd   CameraCaptureStart
20015bef   I2CMasterSlaveAddrSet
20015c11   NwpRegisterInterruptHandler
20015c33   SPIReset
20015c55   SPIWordCountSet
20015c77   memcmp
20015c99   GPIOPinWrite
20015cb9   IntRegister
20015cd9   _SlDrvCmdSend
20015cf9   I2CMasterIntStatusEx
20015d17   UARTCharPut
20015d35   PinTypeI2C
20015d51   _SlDrvObjDeInit
20015d6d   memccpy
20015d89   UDMAStopTransfer
20015d89   uDMAChannelDisable
20015da5   uDMAChannelEnable
20015dc1   CopyPingResultsToReport
20015ddb   PinTypeCamera
20015df5   PinTypeUART
20015e0f   SPIDmaDisable
20015e29   SPIDmaEnable
20015e43   SPIFIFODisable
20015e5d   SPIFIFOEnable
20015e77   _SlDrvDeviceEventHandler
20015e91   CameraReset
20015ea9   GPIOPinRead
20015ec1   PRCMHibernateEnter
20015ed9   SPICSDisable
20015ef1   SPICSEnable
20015f09   SPIDisable
20015f21   SPIEnable
20015f39   _args_main
20015f51   __aeabi_lmul
20015f69   strcmp
20015f81   CameraDMAEnable
20015f97   CameraIntRegister
20015fad   I2CMasterDataPut
20015fc3   I2CMasterEnable
20015fd9   PRCMHIBRegRead
20015fef   PRCMHIBRegWrite
20016005   UARTCharGet
2001601b   _sl_Strlen
20016031   memchr
20016047   strchr
2001605d   uDMAIntRegister
20016073   CPUcpsie
20016089   IntVTableBaseSet
2001609d   _SlDrvShiftDWord
200160b1   _register_unlock
200160b7   _register_lock
200160bf   _nop
200160c5   strlen
200160d9   uDMAControlBaseSet
200160ed   uDMAIntClear
20016101   I2CMasterControl
20016113   I2CMasterIntClearEx
20016125   I2CMasterTimeoutSet
20016137   __TI_zero_init
20016149   sl_NetAppMDNSUnRegisterService
2001615b   uDMAIntUnregister
2001616d   NwpMaskInterrupt
2001617d   SL_FD_SET
2001618d   strcpy
2001619d   I2CMasterDataGet
200161ab   __TI_decompress_none
200161b9   _Dclass
200161c7   ResetISR
200161d5   NwpUnMaskInterrupt
200161e1   uDMADisable
200161ed   uDMAEnable
200161f9   uDMAIntStatus
20016205   IntMasterEnable
2001620f   sl_WlanDisconnect
20016217   MT9D111Delay
2001621d   SL_FD_ZERO
20016223   UtilsDelay
20016229   __TI_decompress_rle24
2001622f   log
20016235   sinf
2001623b   __abort_execution
2001623f   _LDtest
20016384   _ctypes_
2001658c   _SlPolicySetCmdCtrl
20016590   _SlPolicyGetCmdCtrl
20016594   _SlProfileGetCmdCtrl
20016598   _SlProfileDelCmdCtrl
2001659c   _SlWlanGetNetworkListCtrl
200165a0   _SlRxFilterAddtCmdCtrl
200165a4   _SlRxFilterSetCmdCtrl
200165a8   _SlRxFilterGetCmdCtrl
200165ac   _SlSmartConfigStartCmdCtrl
200165b0   _SlWlanSetModeCmdCtrl
200165b4   _SlWlanCfgSetCmdCtrl
200165b8   _SlWlanCfgGetCmdCtrl
20016bd8   g_H2NSyncPattern
20016be0   g_H2NCnysPattern
20016be8   _SlActionLookupTable
20016cf0   _SlFsOpenCmdCtrl
20016cf4   _SlFsCloseCmdCtrl
20016cf8   _SlFsReadCmdCtrl
20016cfc   _SlFsWriteCmdCtrl
20016d00   _SlFsGetInfoCmdCtrl
20016d04   _SlFsDeleteCmdCtrl
20016da0   _SlSockSocketCmdCtrl
20016da4   _SlSockCloseCmdCtrl
20016da8   _SlRecvfomCmdCtrl
20016dac   _SlSendCmdCtrl
20016db0   _SlListenCmdCtrl
20016db4   _SlAcceptCmdCtrl
20016db8   _SlRecvCmdCtrl
20016dbc   _SlSetSockOptCmdCtrl
20016dc0   _SlGetSockOptCmdCtrl
20016dc4   _SlSelectCmdCtrl
20016ed4   _SlNetAppStartCtrl
20016ed8   _SlNetAppStopCtrl
20016edc   _SlGetServiceListeCtrl
20016ee0   _SlRegisterServiceCtrl
20016ee4   _SlGetHostByServiceCtrl
20016ee8   _SlGetHostByNameCtrl
20016eec   _SlNetAppSetCmdCtrl
20016ef0   _SlNetAppSendTokenValueCmdCtrl
20016ef4   _SlNetAppGetCmdCtrl
20016f9c   g_deviceClientVersion
20016fe0   _SlStopCmdCtrl
20016fe4   _SlEventMaskSetCmdCtrl
20016fe8   _SlEventMaskGetCmdCtrl
20016fec   _SlDeviceGetCmdCtrl
20016ff0   _SlDeviceSetCmdCtrl
20017000   pcDigits
2001700c   _SlNetCfgSetCmdCtrl
20017010   _SlNetCfgGetCmdCtrl
20017018   __TI_static_base__
20017be4   __TI_Handler_Table_Base
20017bf0   __TI_Handler_Table_Limit
20017bf8   __TI_CINIT_Base
20017c08   __TI_CINIT_Limit
20019000   g_image_buffer
2002d000   gpCtlTbl
2002d400   g_NetEntries
2002d770   __CIOBUF_
2002d890   gfpAppCallbackHndl
2002da58   __TI_tmpnams
2002daf8   xQueueRegistry
2002db48   clientStateFileName
2002db7c   g_cWlanSecurityKey
2002dbb0   g_cWlanSSID
2002dbd4   g_ucConnectionSSID
2002dc14   g_flag_blockFull
2002dc8c   g_SecParams
2002dc98   g_ucConnectionBSSID
2002dcac   dataBuffer
2002dcb0   g_block_lastFilled
2002dcb4   g_cWlanSecurityType
2002dcb8   g_frame_size_in_bytes
2002dcbc   g_header_length
2002dcc0   g_position_in_block
2002dcc4   g_readHeader
2002dcd5   g_flag_DataBlockFilled
2002dcd6   g_frame_end
2002dcd7   iDone
2002dcd8   _sys_memory
ffffffff   __binit__
ffffffff   __c_args__
ffffffff   binit
UNDEFED    SHT$$INIT_ARRAY$$Base
UNDEFED    SHT$$INIT_ARRAY$$Limit

[757 symbols]
