******************************************************************************
                  TI ARM Linker PC v5.2.2                      
******************************************************************************
>> Linked Wed Sep 02 20:32:07 2015

OUTPUT FILE NAME:   <ULP_SEC_CAM.out>
ENTRY POINT SYMBOL: "_c_int00"  address: 2001ffcd


MEMORY CONFIGURATION

         name            origin    length      used     unused   attr    fill
----------------------  --------  ---------  --------  --------  ----  --------
  SRAM_BOOTLDR          20000000   00004000  000029c8  00001638  RW X
  SRAM_CODE             20004000   0001fc00  0001f121  00000adf  RW X
  SRAM_DATA             20023c00   0001c400  0001c094  0000036c  RW X


SEGMENT ALLOCATION MAP

run origin  load origin   length   init length attrs members
----------  ----------- ---------- ----------- ----- -------
20000000    20000000    000009c8   00000000    rw-
  20000000    20000000    000009c8   00000000    rw- .data
20002000    20002000    00002000   00000000    rw-
  20002000    20002000    00002000   00000000    rw- .stack
20004000    20004000    0001f128   0001f128    r-x
  20004000    20004000    00000400   00000400    r-- .intvecs
  20004400    20004400    0001d4d0   0001d4d0    r-x .text
  200218d0    200218d0    000012b9   000012b9    r-- .const
  20022b90    20022b90    00000598   00000598    r-- .cinit
20023c00    20023c00    0001c098   00000000    rw-
  20023c00    20023c00    00017094   00000000    rw- .bss
  2003ac98    2003ac98    00005000   00000000    rw- .sysmem


SECTION ALLOCATION MAP

 output                                  attributes/
section   page    origin      length       input sections
--------  ----  ----------  ----------   ----------------
.data      0    20000000    000009c8     UNINITIALIZED
                  20000000    000003c9     cc3200_certificate.obj (.data:DigiCertHighAssuranceEVRootCA_der)
                  200003c9    00000001     tasks.obj (.data)
                  200003ca    00000002     --HOLE--
                  200003cc    000000f0     rtsv7M4_T_le_eabi.lib : defs.obj (.data:_ftable)
                  200004bc    000000d0                           : lowlev.obj (.data)
                  2000058c    000000b0                           : signal.obj (.data:sigtable)
                  2000063c    00000004     cc3200_certificate.obj (.data)
                  20000640    00000080     rtsv7M4_T_le_eabi.lib : xvalues.obj (.data)
                  200006c0    00000068                           : xfvalues.obj (.data)
                  20000728    00000064     network_relater_fns.obj (.data:Token)
                  2000078c    00000064     network_relater_fns.obj (.data:Value)
                  200007f0    00000040     jpeg.obj (.data:JPEG_StdQuantTblC)
                  20000830    00000040     jpeg.obj (.data:JPEG_StdQuantTblY)
                  20000870    00000040     jpeg.obj (.data:zigzag)
                  200008b0    00000034     free_rtos.a : tasks.obj (.data)
                  200008e4    00000024     main.obj (.data)
                  20000908    00000018     cc3200_utils.obj (.data)
                  20000920    00000018     request.obj (.data)
                  20000938    00000010     rtsv7M4_T_le_eabi.lib : defs.obj (.data)
                  20000948    0000000c     camera_app.obj (.data)
                  20000954    0000000c     free_rtos.a : osi_freertos.obj (.data)
                  20000960    0000000c     rtsv7M4_T_le_eabi.lib : memory.obj (.data)
                  2000096c    00000009     simplelink.a : cc_pal.obj (.data)
                  20000975    00000003     --HOLE--
                  20000978    00000009                  : driver.obj (.data)
                  20000981    00000003     --HOLE--
                  20000984    00000008     rtsv7M4_T_le_eabi.lib : _lock.obj (.data)
                  2000098c    00000008                           : exit.obj (.data)
                  20000994    00000008                           : feraiseexcept.obj (.data)
                  2000099c    00000008     user_configure_fn.obj (.data)
                  200009a4    00000006     http.obj (.data)
                  200009aa    00000002     --HOLE--
                  200009ac    00000004     free_rtos.a : port.obj (.data)
                  200009b0    00000004     middleware.a : rtc_hal.obj (.data)
                  200009b4    00000004     ota.a : OtaHttp.obj (.data)
                  200009b8    00000004     rtsv7M4_T_le_eabi.lib : errno.obj (.data)
                  200009bc    00000004                           : fopen.obj (.data)
                  200009c0    00000004                           : rand.obj (.data)
                  200009c4    00000004                           : stkdepth_vars.obj (.data)

.TI.persistent 
*          0    20000000    00000000     UNINITIALIZED

.stack     0    20002000    00002000     UNINITIALIZED
                  20002000    00002000     --HOLE--

.intvecs   0    20004000    00000400     
                  20004000    00000400     startup_ccs.obj (.intvecs)

.text      0    20004400    0001d4d0     
                  20004400    00001258     free_rtos.a : tasks.obj (.text)
                  20005658    000010a6     rtsv7M4_T_le_eabi.lib : _printfi.obj (.text)
                  200066fe    00000002     startup_ccs.obj (.text:BusFaultHandler)
                  20006700    00000b24     free_rtos.a : queue.obj (.text)
                  20007224    00000a08     magnetic.obj (.text:fUpdateCalibration10EIG)
                  20007c2c    00000788     magnetic.obj (.text:fUpdateCalibration4INV)
                  200083b4    00000694     magnetic.obj (.text:fUpdateCalibration7EIG)
                  20008a48    00000688     matrix.obj (.text:eigencompute)
                  200090d0    00000610     ota.a : OtaHttp.obj (.text)
                  200096e0    000005ec     simplelink.a : driver.obj (.text:_SlDrvMsgRead)
                  20009ccc    00000584     user_configure_fn.obj (.text:User_Configure)
                  2000a250    00000584     magnetic.obj (.text:iUpdateMagnetometerBuffer)
                  2000a7d4    00000580     network_relater_fns.obj (.text:SimpleLinkHttpServerCallback)
                  2000ad54    000004c8     application_fn.obj (.text:application_fn)
                  2000b21c    000004be     cc3200_utils.obj (.text:createNewInstallationId)
                  2000b6da    00000002     driverlib.a : interrupt.obj (.text:IntDefaultHandler)
                  2000b6dc    0000048c     request.obj (.text:buildRequestHeaders)
                  2000bb68    0000045c     network_relater_fns.obj (.text:GetSNTPTime)
                  2000bfc4    0000045c     free_rtos.a : osi_freertos.obj (.text)
                  2000c420    00000450     parse_uploads.obj (.text:ConstructGroundDataObject)
                  2000c870    00000424     ota.a : OtaClient.obj (.text)
                  2000cc94    0000040c           : OtaApp.obj (.text)
                  2000d0a0    000003dc     rtsv7M4_T_le_eabi.lib : memory.obj (.text)
                  2000d47c    000003b8     matrix.obj (.text:fmatrixAeqInvA)
                  2000d834    00000378     rtsv7M4_T_le_eabi.lib : powf.obj (.text)
                  2000dbac    0000035c     ota.a : CdnClient.obj (.text)
                  2000df08    00000354     orientation.obj (.text:feCompassWin8)
                  2000e25c    00000338     ota.a : LogClient.obj (.text)
                  2000e594    0000030c     rtsv7M4_T_le_eabi.lib : lowlev.obj (.text)
                  2000e8a0    000002d4                           : trgdrv.obj (.text)
                  2000eb74    000002d0     camera_app.obj (.text:CaptureImage)
                  2000ee44    000002c4     tasks.obj (.text:MagCal_Run)
                  2000f108    000002b0     network_relater_fns.obj (.text:ConfigureSimpleLinkToDefaultState)
                  2000f3b8    00000298     mt9d111.obj (.text:RegLstWrite)
                  2000f650    00000298     user_configure_fn.obj (.text:WiFiProvisioning)
                  2000f8e8    00000298     rtsv7M4_T_le_eabi.lib : vla_alloc.obj (.text)
                  2000fb80    00000294     request.obj (.text:payloadSend)
                  2000fe14    00000290     user_configure_fn.obj (.text:Get_Calibration_MagSensor)
                  200100a4    0000026e     simplejson.obj (.text:simpleJsonProcessor)
                  20010312    00000002     startup_ccs.obj (.text:IntDefaultHandler)
                  20010314    00000268     main_FXOS8700.obj (.text:angleCheck_Initializations)
                  2001057c    00000264     parse_uploads.obj (.text:ConstructUserConfigObject)
                  200107e0    00000264     lightSens_isl29035.obj (.text:configureISL29035)
                  20010a44    00000254     door_position_detection_algorithm.obj (.text:check_doorpos)
                  20010c98    00000248     simplelink.a : driver.obj (.text:_SlDrvRxHdrRead)
                  20010ee0    00000244                  : wlan.obj (.text:sl_WlanConnect)
                  20011124    00000220     rtsv7M4_T_le_eabi.lib : ll_div_t2.obj (.text)
                  20011344    00000200     Task_ImageCaptureConfigs.obj (.text:ImageSensor_CaptureConfigs_Task)
                  20011544    000001f4     rtsv7M4_T_le_eabi.lib : ull_div_t2.obj (.text)
                  20011738    000001d8     main.obj (.text:main)
                  20011910    000001d0     simplelink.a : driver.obj (.text:_SlDrvReleasePoolObj)
                  20011ae0    000001cc                  : driver.obj (.text:_SlDrvMsgWrite)
                  20011cac    000001c4     rtsv7M4_T_le_eabi.lib : fopen.obj (.text)
                  20011e70    000001c0     tasks.obj (.text:RdSensData_Run)
                  20012030    000001c0     magnetic.obj (.text:fInvertMagCal)
                  200121f0    000001bc     rtsv7M4_T_le_eabi.lib : xflog.obj (.text)
                  200123ac    000001b8     parse_uploads.obj (.text:ConstructDeviceStateObject)
                  20012564    000001b6     rtsv7M4_T_le_eabi.lib : fd_add_t2.obj (.text)
                  2001271a    00000002     startup_ccs.obj (.text:NmiSR)
                  2001271c    000001b0     user_configure_fn.obj (.text:AccessPtMode_HTTPServer_Start)
                  200128cc    000001b0     camera_app.obj (.text:CameraIntHandler)
                  20012a7c    000001ac     SendObject_ToParse.obj (.text:SendObject_ToParse)
                  20012c28    000001ac     request.obj (.text:sendRequest)
                  20012dd4    000001a8     door_position_detection_algorithm.obj (.text:Calculate_TrueMinMaxAngles)
                  20012f7c    000001a4     orientation.obj (.text:fQuaternionFromRotationMatrix)
                  20013120    000001a4     network_relater_fns.obj (.text:initNetwork)
                  200132c4    000001a4     cc3200_socket.obj (.text:socketSslConnect)
                  20013468    0000019c     rtsv7M4_T_le_eabi.lib : xfsin.obj (.text)
                  20013604    00000198     ota.obj (.text:OTA_Run)
                  2001379c    00000190     camera_app.obj (.text:CaptureandSavePreviewImage)
                  2001392c    00000190     simplelink.a : driver.obj (.text:_SlDrvWaitForPoolObj)
                  20013abc    0000018c     parse_uploads.obj (.text:UploadFirmwareVersionObjectToParse)
                  20013c48    00000188     matrix.obj (.text:f3x3matrixAeqInvSymB)
                  20013dd0    00000184     flc.a : flc.obj (.text)
                  20013f54    00000180     orientation.obj (.text:fWin8AnglesDegFromRotationMatrix)
                  200140d4    0000017c     network_relater_fns.obj (.text:SimpleLinkWlanEventHandler)
                  20014250    00000178     door_position_detection_algorithm.obj (.text:Calculate_DoorOpenThresholdAngle)
                  200143c8    00000178     rtsv7M4_T_le_eabi.lib : tanf.obj (.text)
                  20014540    00000178                           : xfexp.obj (.text)
                  200146b8    00000174     simplelink.a : driver.obj (.text:_SlDrvDriverCBInit)
                  2001482c    00000174     magnetic.obj (.text:fInitMagCalibration)
                  200149a0    00000170     simplelink.a : driver.obj (.text:_SlFindAndSetActiveObj)
                  20014b10    00000168     ota.obj (.text:OTAServerInfoSet)
                  20014c78    00000160     tasks.obj (.text:Fusion_Run)
                  20014dd8    00000160     tempRHSens_si7020.obj (.text:getTempRH)
                  20014f38    00000158     drivers.obj (.text:FXOS8700_Init)
                  20015090    00000158     orientation.obj (.text:qAeqAxB)
                  200151e8    00000158     orientation.obj (.text:qconjgAxB)
                  20015340    00000150     simplelink.a : cc_pal.obj (.text:spi_Open)
                  20015490    00000148     mt9d111.obj (.text:RestartSensorInJpegMode)
                  200155d8    00000140     network_relater_fns.obj (.text:WiFi_Connect)
                  20015718    0000013c     rtsv7M4_T_le_eabi.lib : fmodf.obj (.text)
                  20015854    0000013c     simplelink.a : socket.obj (.text:sl_Select)
                  20015990    00000138     i2cconfig.obj (.text:I2CBufferRead)
                  20015ac8    00000138     mt9d111.obj (.text:Register_Read)
                  20015c00    00000138     orientation.obj (.text:fLPFOrientationQuaternion)
                  20015d38    00000138     orientation.obj (.text:fRotationMatrixFromQuaternion)
                  20015e70    00000138     i2c_app.obj (.text:i2cWriteRegisters)
                  20015fa8    00000136     rtsv7M4_T_le_eabi.lib : fd_div_t2.obj (.text)
                  200160de    00000002     main.obj (.text:vApplicationIdleHook)
                  200160e0    00000134     driverlib.a : prcm.obj (.text:PRCMCC3200MCUInit)
                  20016214    00000134     rtsv7M4_T_le_eabi.lib : fputs.obj (.text)
                  20016348    00000130     i2cconfig.obj (.text:I2CBufferWrite)
                  20016478    0000012a     free_rtos.a : list.obj (.text)
                  200165a2    00000002     --HOLE-- [fill = 0]
                  200165a4    00000128     simplelink.a : driver.obj (.text:_SlDrvDataReadOp)
                  200166cc    00000120     network_relater_fns.obj (.text:GetTimeNTP)
                  200167ec    0000011c     mt9d111.obj (.text:SetInitialGain)
                  20016908    00000118     simplelink.a : socket.obj (.text:sl_SendTo)
                  20016a20    00000110     free_rtos.a : port.obj (.text)
                  20016b30    00000110     rtsv7M4_T_le_eabi.lib : xdscale.obj (.text)
                  20016c40    0000010c     hibernate_related_fns.obj (.text:HIBernate)
                  20016d4c    0000010c     flash_files.obj (.text:WriteFile_ToFlash)
                  20016e58    0000010c     simplelink.a : socket.obj (.text:sl_RecvFrom)
                  20016f64    0000010a     drivers.obj (.text:FXOS8700_ReadData)
                  2001706e    00000002     --HOLE-- [fill = 0]
                  20017070    00000108     middleware.a : rtc_hal.obj (.text:rtc_fast_domain_counter_rd)
                  20017178    00000108     simplelink.a : socket.obj (.text:sl_Connect)
                  20017280    00000108                  : socket.obj (.text:sl_Send)
                  20017388    00000104                  : driver.obj (.text:_SlDrvDataWriteOp)
                  2001748c    00000104     i2c_app.obj (.text:i2cReadRegistersTwoBytes)
                  20017590    00000104     simplelink.a : netapp.obj (.text:sl_NetAppDnsGetHostByName)
                  20017694    00000104     tempRHSens_si7020.obj (.text:verifyTempRHSensor)
                  20017798    00000100     i2c_app.obj (.text:i2cReadRegisters)
                  20017898    00000100     cc3200_client_state.obj (.text:loadClientState)
                  20017998    000000fe     simplelink.a : netapp.obj (.text:_SlDrvNetAppEventHandler)
                  20017a96    00000002     --HOLE-- [fill = 0]
                  20017a98    000000fc     pinmux.obj (.text:PinMuxConfig)
                  20017b94    000000fc     parse_uploads.obj (.text:UploadSensorDataToParse)
                  20017c90    000000fc     orientation.obj (.text:fqAeqNormqA)
                  20017d8c    000000fc     rtsv7M4_T_le_eabi.lib : fd_mul_t2.obj (.text)
                  20017e88    000000fa                           : fs_add_t2.obj (.text)
                  20017f82    00000002     --HOLE-- [fill = 0]
                  20017f84    000000f8     cc3200_certificate.obj (.text:ensureCertificateFile)
                  2001807c    000000f8     fusion.obj (.text:fRun_6DOF_GB_BASIC)
                  20018174    000000f6     app_common.obj (.text:Get_FridgeCamID)
                  2001826a    00000002     --HOLE-- [fill = 0]
                  2001826c    000000f4     Task_Main.obj (.text:Main_Task_withHibernate)
                  20018360    000000f4     mt9d111.obj (.text:SetAnalogGain)
                  20018454    000000f4     mt9d111.obj (.text:SetDigitalGain)
                  20018548    000000f4     simplelink.a : driver.obj (.text:_SlDrvDriverCBDeinit)
                  2001863c    000000f4     installation.obj (.text:getInstallation)
                  20018730    000000f4     app_common.obj (.text:intToASCII)
                  20018824    000000f4     simplelink.a : fs.obj (.text:sl_FsRead)
                  20018918    000000f2     cc3200_socket.obj (.text:socketRead)
                  20018a0a    00000002     --HOLE-- [fill = 0]
                  20018a0c    000000f0     main.obj (.text:InitializeAppVariables)
                  20018afc    000000f0     driverlib.a : udma.obj (.text:uDMAChannelTransferSet)
                  20018bec    000000ec     network_relater_fns.obj (.text:SimpleLinkNetAppEventHandler)
                  20018cd8    000000ec     orientation.obj (.text:fRotationVectorDegFromQuaternion)
                  20018dc4    000000ec     simplelink.a : fs.obj (.text:sl_FsWrite)
                  20018eb0    000000e8     door_position_detection_algorithm.obj (.text:Check_MinMax)
                  20018f98    000000e8     lightSens_isl29035.obj (.text:verifyISL29035)
                  20019080    000000e4     appFns_BatteryLevelSense.obj (.text:Get_BatteryPercent)
                  20019164    000000e4     parse_uploads.obj (.text:UploadImageToParse)
                  20019248    000000e0     flash_files.obj (.text:ReadFile_FromFlash)
                  20019328    000000e0     parse_uploads.obj (.text:UploadGroundDataObjectToParse)
                  20019408    000000e0     accelomtrMagntomtr_fxos8700.obj (.text:verifyAccelMagnSensor)
                  200194e8    000000dc     camera_app.obj (.text:Start_CameraCapture)
                  200195c4    000000dc     parse_uploads.obj (.text:UploadUserConfigObjectToParse)
                  200196a0    000000dc     Task_UserConfig.obj (.text:UserConfigure_Task)
                  2001977c    000000dc     rtsv7M4_T_le_eabi.lib : setvbuf.obj (.text)
                  20019858    000000dc     simplelink.a : cc_pal.obj (.text:spi_Read)
                  20019934    000000d8     user_configure_fn.obj (.text:CollectAngle)
                  20019a0c    000000d8     simplelink.a : driver.obj (.text:_SlDrvClassifyRxMsg)
                  20019ae4    000000d8     rtsv7M4_T_le_eabi.lib : xfatan.obj (.text)
                  20019bbc    000000d4     camera_app.obj (.text:DMAConfig)
                  20019c90    000000d4     simplelink.a : device.obj (.text:sl_Stop)
                  20019d64    000000d0     rtsv7M4_T_le_eabi.lib : xfdscale.obj (.text)
                  20019e34    000000cc     approximations.obj (.text:fatan_deg)
                  20019f00    000000cc     rtsv7M4_T_le_eabi.lib : sqrtf.obj (.text)
                  20019fcc    000000c8     mt9d111.obj (.text:EnterStandby_mt9d111)
                  2001a094    000000c8     mt9d111.obj (.text:ReadGainReg)
                  2001a15c    000000c8     simplelink.a : netapp.obj (.text:_sl_HandleAsync_DnsGetHostByService)
                  2001a224    000000c8     rtsv7M4_T_le_eabi.lib : fflush.obj (.text)
                  2001a2ec    000000c4     mt9d111.obj (.text:ExitStandby_mt9d111)
                  2001a3b0    000000c4     simplelink.a : driver.obj (.text:_SlRemoveFromList)
                  2001a474    000000c0     i2c_if.obj (.text:I2C_IF_Read)
                  2001a534    000000c0     mt9d111.obj (.text:Read_AllRegisters)
                  2001a5f4    000000c0     network_relater_fns.obj (.text:SimpleLinkSockEventHandler)
                  2001a6b4    000000c0     user_configure_fn.obj (.text:WlanConnect)
                  2001a774    000000be     rtsv7M4_T_le_eabi.lib : xdnorm.obj (.text)
                  2001a832    00000002     --HOLE-- [fill = 0]
                  2001a834    000000bc     i2c_if.obj (.text:I2C_IF_Write)
                  2001a8f0    000000bc     camera_app.obj (.text:Standby_ImageSensor)
                  2001a9ac    000000bc     simplelink.a : driver.obj (.text:_SlDrvMsgReadCmdCtx)
                  2001aa68    000000bc     tempRHSens_si7020.obj (.text:configureTempRHSensor)
                  2001ab24    000000bc     rtsv7M4_T_le_eabi.lib : acosf.obj (.text)
                  2001abe0    000000bc     simplelink.a : device.obj (.text:sl_Start)
                  2001ac9c    000000ba     free_rtos.a : portasm.obj (.text)
                  2001ad56    00000002     --HOLE-- [fill = 0]
                  2001ad58    000000b8     simplelink.a : driver.obj (.text:_SlAsyncEventGenericHandler)
                  2001ae10    000000b8     installation.obj (.text:createInstallation)
                  2001aec8    000000b4     user_configure_fn.obj (.text:SaveImageConfig)
                  2001af7c    000000b4     simplelink.a : netapp.obj (.text:sl_NetAppMDNSRegisterUnregisterService)
                  2001b030    000000ac     rtsv7M4_T_le_eabi.lib : _io_perm.obj (.text)
                  2001b0dc    000000ab     installation.obj (.text:getInstallationByIdCallback)
                  2001b187    00000001     --HOLE-- [fill = 0]
                  2001b188    000000aa     uartA1_if.obj (.text:Report)
                  2001b232    00000002     --HOLE-- [fill = 0]
                  2001b234    000000a8     driverlib.a : interrupt.obj (.text:IntDisable)
                  2001b2dc    000000a8                 : interrupt.obj (.text:IntEnable)
                  2001b384    000000a8     simplelink.a : netcfg.obj (.text:sl_NetCfgGet)
                  2001b42c    000000a0     driverlib.a : spi.obj (.text:SPIConfigSetExpClk)
                  2001b4cc    000000a0     cc3200_socket.obj (.text:socketWrite)
                  2001b56c    0000009e     matrix.obj (.text:f3x3matrixDetA)
                  2001b60a    00000002     --HOLE-- [fill = 0]
                  2001b60c    0000009c     simplelink.a : driver.obj (.text:_SlDrvMsgReadSpawnCtx)
                  2001b6a8    0000009c     approximations.obj (.text:fatan2_deg)
                  2001b744    0000009c     rtsv7M4_T_le_eabi.lib : memcpy_t2.obj (.text)
                  2001b7e0    0000009c     simplelink.a : device.obj (.text:sl_DevGet)
                  2001b87c    00000098     network_relater_fns.obj (.text:InitializeUserConfigVariables)
                  2001b914    00000098     LED_timer.obj (.text:IntrptHandler_LEDTimer)
                  2001b9ac    00000098     ota.obj (.text:OTA_CommitImage)
                  2001ba44    00000098     mt9d111.obj (.text:Verify_ImageSensor)
                  2001badc    00000098     simplelink.a : fs.obj (.text:_sl_GetCreateFsMode)
                  2001bb74    00000098     rtsv7M4_T_le_eabi.lib : fclose.obj (.text)
                  2001bc0c    00000098                           : fputc.obj (.text)
                  2001bca4    00000096     parse_uploads.obj (.text:Add_NumberField_ToJSONString)
                  2001bd3a    00000002     --HOLE-- [fill = 0]
                  2001bd3c    00000094     dbgFns.obj (.text:Check_I2CDevices)
                  2001bdd0    00000094     camera_app.obj (.text:Config_CameraCapture)
                  2001be64    00000094     Task_UserConfig.obj (.text:IsLongPress)
                  2001bef8    00000094     jpeg.obj (.text:Modify_JPEGHeaderFile)
                  2001bf8c    00000094     driverlib.a : prcm.obj (.text:PRCMPeripheralClockGet)
                  2001c020    00000094     approximations.obj (.text:facos_deg)
                  2001c0b4    00000094     lightSens_isl29035.obj (.text:getLightsensor_data)
                  2001c148    00000094     rtsv7M4_T_le_eabi.lib : snprintf.obj (.text)
                  2001c1dc    00000092     parse_impl.obj (.text:parseInitialize)
                  2001c26e    00000092     rtsv7M4_T_le_eabi.lib : fs_div_t2.obj (.text)
                  2001c300    0000008c     app_common.obj (.text:LED_Blink_2)
                  2001c38c    0000008c     simplelink.a : cc_pal.obj (.text:SetupDMAReceive)
                  2001c418    0000008c                  : cc_pal.obj (.text:SetupDMASend)
                  2001c4a4    0000008c                  : netapp.obj (.text:_sl_HandleAsync_DnsGetHostByName)
                  2001c530    0000008c                  : netapp.obj (.text:_sl_HandleAsync_PingResponse)
                  2001c5bc    0000008c     rtsv7M4_T_le_eabi.lib : xfdint.obj (.text)
                  2001c648    0000008c     simplelink.a : cc_pal.obj (.text:spi_Write)
                  2001c6d4    00000088     jpeg.obj (.text:Get_ChromQtable)
                  2001c75c    00000088     jpeg.obj (.text:Get_LumQtable)
                  2001c7e4    00000088     driverlib.a : prcm.obj (.text:PRCMHibernateIntervalSet)
                  2001c86c    00000088                 : pin.obj (.text:PinConfigSet)
                  2001c8f4    00000088     rtsv7M4_T_le_eabi.lib : vsnprintf.obj (.text)
                  2001c97c    00000088     simplelink.a : socket.obj (.text:sl_Bind)
                  2001ca04    00000088                  : fs.obj (.text:sl_FsClose)
                  2001ca8c    00000086     rtsv7M4_T_le_eabi.lib : fd_cmp_t2.obj (.text:__aeabi_cdcmple)
                  2001cb12    00000086                           : fd_cmp_t2.obj (.text:__aeabi_cdrcmple)
                  2001cb98    00000084     timer_if.obj (.text:GetPeripheralIntNum)
                  2001cc1c    00000084     driverlib.a : i2c.obj (.text:I2CMasterInitExpClk)
                  2001cca0    00000084     simplelink.a : cc_pal.obj (.text:NwpPowerOnPreamble)
                  2001cd24    00000084     matrix.obj (.text:f3x3matrixAeqI)
                  2001cda8    00000084     fusion.obj (.text:fInit_6DOF_GB_BASIC)
                  2001ce2c    00000080     camera_app.obj (.text:Wakeup_ImageSensor)
                  2001ceac    00000080     simplelink.a : driver.obj (.text:_SlDrvCmdOp)
                  2001cf2c    00000080                  : cc_pal.obj (.text:spi_Read_CPU)
                  2001cfac    00000080                  : cc_pal.obj (.text:spi_Write_CPU)
                  2001d02c    00000080     timer_fns.obj (.text:start_periodicInterrupt_timer)
                  2001d0ac    0000007c     driverlib.a : prcm.obj (.text:PRCMRTCGet)
                  2001d128    0000007c     simplelink.a : device.obj (.text:_sl_HandleAsync_InitComplete)
                  2001d1a4    0000007c     matrix.obj (.text:fmatrixAeqI)
                  2001d220    0000007c     simplelink.a : fs.obj (.text:sl_FsGetInfo)
                  2001d29c    0000007a     rtsv7M4_T_le_eabi.lib : fs_mul_t2.obj (.text)
                  2001d316    0000007a                           : memset_t2.obj (.text)
                  2001d390    0000007a                           : xfdnorm.obj (.text)
                  2001d40a    00000002     --HOLE-- [fill = 0]
                  2001d40c    00000078     network_relater_fns.obj (.text:ConfigureMode)
                  2001d484    00000078     appFns_BatteryLevelSense.obj (.text:Get_BatteryVoltage)
                  2001d4fc    00000078     i2c_if.obj (.text:I2CTransact)
                  2001d574    00000078     parse_uploads.obj (.text:InitialiseParse)
                  2001d5ec    00000078     NWP.obj (.text:NWP_SwitchOn)
                  2001d664    00000078     simplelink.a : socket.obj (.text:_sl_HandleAsync_Connect)
                  2001d6dc    00000078                  : fs.obj (.text:sl_FsOpen)
                  2001d754    00000078                  : cc_pal.obj (.text:spi_Close)
                  2001d7cc    00000076     driverlib.a : uart.obj (.text:UARTConfigSetExpClk)
                  2001d842    00000002     --HOLE-- [fill = 0]
                  2001d844    00000074     NWP.obj (.text:NWP_SwitchOff)
                  2001d8b8    00000074     camera_app.obj (.text:ReStart_CameraCapture)
                  2001d92c    00000074     middleware.a : rtc_hal.obj (.text:rtc_value_rd)
                  2001d9a0    00000074     simplelink.a : socket.obj (.text:sl_Recv)
                  2001da14    00000073     installation.obj (.text:getInstallationCallback)
                  2001da87    00000001     --HOLE-- [fill = 0]
                  2001da88    00000072     timer_if.obj (.text:Timer_IF_IntSetup)
                  2001dafa    00000002     --HOLE-- [fill = 0]
                  2001dafc    00000070     batteryVoltLvlSens_adc081c021.obj (.text:Get_BatteryVoltageLevel_ADC081C021)
                  2001db6c    00000070     network_relater_fns.obj (.text:Network_IF_GetHostIP)
                  2001dbdc    00000070     appFns_LightSensor.obj (.text:PowerDown_LightSensor)
                  2001dc4c    00000070     timer_fns.obj (.text:get_timeDuration)
                  2001dcbc    0000006c     camera_app.obj (.text:CamControllerInit)
                  2001dd28    0000006c     lightSens_isl29035.obj (.text:PowerDown_ISL29035)
                  2001dd94    0000006c     mt9d111.obj (.text:ReadImageConfigReg)
                  2001de00    0000006c     udma_if.obj (.text:UDMAInit)
                  2001de6c    0000006c     simplelink.a : driver.obj (.text:_SlDrvCmdSend)
                  2001ded8    0000006c     matrix.obj (.text:f3x3matrixAeqMinusA)
                  2001df44    0000006c     request.obj (.text:parseSendRequestInternal)
                  2001dfb0    0000006c     rtsv7M4_T_le_eabi.lib : autoinit.obj (.text)
                  2001e01c    0000006c                           : fprintf.obj (.text)
                  2001e088    0000006c                           : fs_toll_t2.obj (.text)
                  2001e0f4    0000006a     matrix.obj (.text:f3x3matrixAeqAxScalar)
                  2001e15e    0000006a     rtsv7M4_T_le_eabi.lib : copy_decompress_rle.obj (.text)
                  2001e1c8    00000069     http.obj (.text:beginHttpGetRequest)
                  2001e231    00000003     --HOLE-- [fill = 0]
                  2001e234    00000068     driverlib.a : prcm.obj (.text:PRCMHibernateWakeUpGPIOSelect)
                  2001e29c    00000068     mt9d111.obj (.text:StartSensorInJpegMode)
                  2001e304    00000068     simplelink.a : netapp.obj (.text:_sl_NetAppSendTokenValue)
                  2001e36c    00000068     cc3200_utils.obj (.text:fetchDeviceOSVersion)
                  2001e3d4    00000068     rtsv7M4_T_le_eabi.lib : trgmsg.obj (.text)
                  2001e43c    00000068     simplelink.a : device.obj (.text:sl_DevSet)
                  2001e4a4    00000068                  : netcfg.obj (.text:sl_NetCfgSet)
                  2001e50c    00000068                  : socket.obj (.text:sl_SetSockOpt)
                  2001e574    00000068                  : wlan.obj (.text:sl_WlanSet)
                  2001e5dc    00000066     matrix.obj (.text:f3x3matrixAeqScalar)
                  2001e642    00000066     rtsv7M4_T_le_eabi.lib : xdunscal.obj (.text)
                  2001e6a8    00000064                           : fseek.obj (.text)
                  2001e70c    00000064     cc3200_socket.obj (.text:socketWait)
                  2001e770    00000064     tempRHSens_si7020.obj (.text:softResetTempRHSensor)
                  2001e7d4    00000064     driverlib.a : udma.obj (.text:uDMAChannelAttributeDisable)
                  2001e838    00000064                 : udma.obj (.text:uDMAChannelAttributeEnable)
                  2001e89c    00000060     mt9d111.obj (.text:CCMRegs_Read)
                  2001e8fc    00000060     watchdog.obj (.text:WatchdogIntHandler)
                  2001e95c    00000060     rtsv7M4_T_le_eabi.lib : fs_cmp_t2.obj (.text:__aeabi_cfcmple)
                  2001e9bc    00000060                           : fs_cmp_t2.obj (.text:__aeabi_cfrcmple)
                  2001ea1c    00000060     simplelink.a : socket.obj (.text:_sl_HandleAsync_Accept)
                  2001ea7c    00000060     main_FXOS8700.obj (.text:fxosDefault_Initializations)
                  2001eadc    00000060     rtsv7M4_T_le_eabi.lib : sprintf.obj (.text)
                  2001eb3c    00000060     simplelink.a : wlan.obj (.text:sl_WlanPolicySet)
                  2001eb9c    00000060     accelomtrMagntomtr_fxos8700.obj (.text:standby_accelMagn_fxos8700)
                  2001ebfc    0000005c     accelomtrMagntomtr_fxos8700.obj (.text:getAccelMagntData)
                  2001ec58    0000005c     lightSens_isl29035.obj (.text:getLightsensor_intrptStatus)
                  2001ecb4    0000005c     simplelink.a : socket.obj (.text:sl_Socket)
                  2001ed10    00000058     driverlib.a : interrupt.obj (.text:IntPendClear)
                  2001ed68    00000058     mt9d111.obj (.text:PCLK_Rate_read)
                  2001edc0    00000058     driverlib.a : prcm.obj (.text:PRCMPeripheralReset)
                  2001ee18    00000056     rtsv7M4_T_le_eabi.lib : ltoa.obj (.text)
                  2001ee6e    00000056                           : xfdunsca.obj (.text)
                  2001eec4    00000054     driverlib.a : interrupt.obj (.text:IntPrioritySet)
                  2001ef18    00000054     watchdog.obj (.text:WDT_init)
                  2001ef6c    00000054     simplelink.a : socket.obj (.text:_sl_HandleAsync_Select)
                  2001efc0    00000054     approximations.obj (.text:fasin_deg)
                  2001f014    00000054     request.obj (.text:headerSend)
                  2001f068    00000054     simplelink.a : wlan.obj (.text:sl_WlanRxFilterSet)
                  2001f0bc    00000051     installation.obj (.text:createInstallationCallback)
                  2001f10d    00000003     --HOLE-- [fill = 0]
                  2001f110    00000050     i2c_if.obj (.text:I2C_IF_Open)
                  2001f160    00000050     driverlib.a : prcm.obj (.text:PRCMSlowClkCtrGet)
                  2001f1b0    00000050     camera_app.obj (.text:Restart_Camera)
                  2001f200    00000050     simplelink.a : device.obj (.text:_sl_HandleAsync_Stop)
                  2001f250    00000050     mt9d111.obj (.text:disableAE)
                  2001f2a0    00000050     mt9d111.obj (.text:disableAWB)
                  2001f2f0    00000050     mt9d111.obj (.text:enableAWB)
                  2001f340    00000050     main_FXOS8700.obj (.text:get_angle)
                  2001f390    00000050     rtsv7M4_T_le_eabi.lib : fs_toull_t2.obj (.text)
                  2001f3e0    00000050     simplelink.a : fs.obj (.text:sl_FsDel)
                  2001f430    0000004c     tasks.obj (.text:RdSensData_Init)
                  2001f47c    0000004c     driverlib.a : spi.obj (.text:SPIIntEnable)
                  2001f4c8    0000004c     simplelink.a : driver.obj (.text:_SlDrvProtectAsyncRespSetting)
                  2001f514    0000004c                  : driver.obj (.text:_SlDrvRxIrqHandler)
                  2001f560    0000004c                  : socket.obj (.text:_sl_BuildAddress)
                  2001f5ac    0000004c     rtsv7M4_T_le_eabi.lib : atoi.obj (.text)
                  2001f5f8    0000004c                           : atol.obj (.text)
                  2001f644    0000004c                           : cpy_tbl.obj (.text)
                  2001f690    0000004c                           : rand.obj (.text)
                  2001f6dc    0000004c     driverlib.a : udma.obj (.text:uDMAChannelAssign)
                  2001f728    0000004c     middleware.a : util64.obj (.text:util_u32_nsec_add)
                  2001f774    0000004a     rtsv7M4_T_le_eabi.lib : fd_tos_t2.obj (.text)
                  2001f7be    00000002     --HOLE-- [fill = 0]
                  2001f7c0    00000048     driverlib.a : prcm.obj (.text:PRCMHibernateWakeupSourceDisable)
                  2001f808    00000048                 : prcm.obj (.text:PRCMHibernateWakeupSourceEnable)
                  2001f850    00000048                 : spi.obj (.text:SPIIntClear)
                  2001f898    00000048     mt9d111.obj (.text:Variable_Read)
                  2001f8e0    00000048     simplelink.a : driver.obj (.text:_SlDrvBasicCmd)
                  2001f928    00000048     http.obj (.text:addHttpRequestLine)
                  2001f970    00000048     approximations.obj (.text:fatan_15deg)
                  2001f9b8    00000048     rtsv7M4_T_le_eabi.lib : fd_toi_t2.obj (.text)
                  2001fa00    00000046                           : ldexp.obj (.text)
                  2001fa46    00000002     --HOLE-- [fill = 0]
                  2001fa48    00000044     driverlib.a : spi.obj (.text:SPIDmaMaskGet)
                  2001fa8c    00000044                 : timer.obj (.text:TimerConfigure)
                  2001fad0    00000044     udma_if.obj (.text:UDMASetupTransfer)
                  2001fb14    00000044     simplelink.a : cc_pal.obj (.text:cc_SetupTransfer)
                  2001fb58    00000044     main_FXOS8700.obj (.text:fxos_Calibration)
                  2001fb9c    00000044     rtsv7M4_T_le_eabi.lib : exit.obj (.text)
                  2001fbe0    00000044                           : fd_tou_t2.obj (.text)
                  2001fc24    00000042     simplelink.a : socket.obj (.text:sl_Htonl)
                  2001fc66    00000002     --HOLE-- [fill = 0]
                  2001fc68    00000040     camera_app.obj (.text:ImagCapture_Init)
                  2001fca8    00000040     driverlib.a : pin.obj (.text:PinModeSet)
                  2001fce8    00000040     mt9d111.obj (.text:Variable_Write)
                  2001fd28    00000040     http.obj (.text:getHttpResponseBody)
                  2001fd68    00000040     rtsv7M4_T_le_eabi.lib : signal.obj (.text)
                  2001fda8    00000040     timer_fns.obj (.text:start_1Sec_TimeoutTimer)
                  2001fde8    0000003e     rtsv7M4_T_le_eabi.lib : strncasecmp.obj (.text)
                  2001fe26    0000003c     simplelink.a : netapp.obj (.text:CopyPingResultsToReport)
                  2001fe62    00000002     --HOLE-- [fill = 0]
                  2001fe64    0000003c     tasks.obj (.text:Fusion_Init)
                  2001fea0    0000003c     ota.obj (.text:OTA_Init)
                  2001fedc    0000003c     driverlib.a : prcm.obj (.text:PRCMPeripheralClkEnable)
                  2001ff18    0000003c                 : prcm.obj (.text:PRCMSlowClkCtrFastGet)
                  2001ff54    0000003c     mt9d111.obj (.text:Reg_Read)
                  2001ff90    0000003c     simplelink.a : socket.obj (.text:_sl_TruncatePayloadByProtocol)
                  2001ffcc    0000003c     rtsv7M4_T_le_eabi.lib : boot.obj (.text)
                  20020008    0000003c     simplelink.a : socket.obj (.text:sl_Htons)
                  20020044    0000003c     timer_fns.obj (.text:start_100mSecTimer)
                  20020080    0000003c     driverlib.a : udma.obj (.text:uDMAChannelControlSet)
                  200200bc    0000003a                 : camera.obj (.text:CameraCaptureStop)
                  200200f6    0000003a                 : camera.obj (.text:CameraXClkConfig)
                  20020130    0000003a     appFns_LightSensor.obj (.text:IsLightOff)
                  2002016a    0000003a     mt9d111.obj (.text:Reg_Write)
                  200201a4    0000003a     orientation.obj (.text:fLPFScalar)
                  200201de    0000003a     request.obj (.text:parseSendRequest)
                  20020218    00000039     http.obj (.text:addHttpRequestHeader)
                  20020251    00000003     --HOLE-- [fill = 0]
                  20020254    00000038     main.obj (.text:BoardInit)
                  2002028c    00000038     LED_timer.obj (.text:LEDTimer_Enable)
                  200202c4    00000038     simplelink.a : cc_pal.obj (.text:NwpPowerOff)
                  200202fc    00000038     wdt_if.obj (.text:WDT_IF_Init)
                  20020334    00000038     free_rtos.a : heap_3.obj (.text)
                  2002036c    00000038     rtsv7M4_T_le_eabi.lib : fs_tod_t2.obj (.text)
                  200203a4    00000038                           : fs_toi_t2.obj (.text)
                  200203dc    00000038                           : i_tofs_t2.obj (.text)
                  20020414    00000036     driverlib.a : gpio.obj (.text:GPIODirModeSet)
                  2002044a    00000036     simplelink.a : netapp.obj (.text:sl_NetAppMDNSUnRegisterService)
                  20020480    00000035     http.obj (.text:beginHttpRequest)
                  200204b5    00000001     --HOLE-- [fill = 0]
                  200204b6    00000034     driverlib.a : camera.obj (.text:CameraParamsConfig)
                  200204ea    00000002     --HOLE-- [fill = 0]
                  200204ec    00000034     LED_timer.obj (.text:LEDTimer_Start)
                  20020520    00000034     driverlib.a : prcm.obj (.text:PRCMPeripheralStatusGet)
                  20020554    00000034                 : spi.obj (.text:SPIFIFOLevelSet)
                  20020588    00000034     http.obj (.text:getHttpResponseStatus)
                  200205bc    00000034     rtsv7M4_T_le_eabi.lib : feraiseexcept.obj (.text)
                  200205f0    00000034                           : fs_tou_t2.obj (.text)
                  20020624    00000034                           : strstr.obj (.text)
                  20020658    00000032     timer_if.obj (.text:Timer_IF_Init)
                  2002068a    00000030     driverlib.a : pin.obj (.text:PinTypeGPIO)
                  200206ba    00000002     --HOLE-- [fill = 0]
                  200206bc    00000030                 : uart.obj (.text:UARTDisable)
                  200206ec    00000030     simplelink.a : device.obj (.text:_SlDrvDeviceEventHandler)
                  2002071c    00000030                  : fs.obj (.text:_sl_Strlen)
                  2002074c    00000030     middleware.a : rtc_hal.obj (.text:hw_access_time_addup)
                  2002077c    00000030     rtsv7M4_T_le_eabi.lib : strncpy.obj (.text)
                  200207ac    00000030                           : xferaise.obj (.text)
                  200207dc    00000030     simplelink.a : socket.obj (.text:sl_Close)
                  2002080c    00000030                  : wlan.obj (.text:sl_WlanProfileDel)
                  2002083c    00000030                  : wlan.obj (.text:sl_WlanSetMode)
                  2002086c    00000030     timer_fns.obj (.text:stop_periodicInterrupt_timer)
                  2002089c    0000002e     rtsv7M4_T_le_eabi.lib : i_tofd_t2.obj (.text)
                  200208ca    0000002e                           : raise.obj (.text)
                  200208f8    0000002d     http.obj (.text:addHttpRequestHeaderInt)
                  20020925    00000003     --HOLE-- [fill = 0]
                  20020928    0000002c     tasks.obj (.text:ApplyMagHAL)
                  20020954    0000002c     driverlib.a : camera.obj (.text:CameraIntDisable)
                  20020980    0000002c                 : camera.obj (.text:CameraIntEnable)
                  200209ac    0000002c     simplelink.a : cc_pal.obj (.text:DmaSpiSwIntHandler)
                  200209d8    0000002c     driverlib.a : i2c.obj (.text:I2CMasterErr)
                  20020a04    0000002c     timer_fns.obj (.text:IntHandler_1Sec_TimeoutTimer)
                  20020a30    0000002c     driverlib.a : prcm.obj (.text:PRCMSysResetCauseGet)
                  20020a5c    0000002c     mt9d111.obj (.text:SoftReset_ImageSensor)
                  20020a88    0000002c     cc3200_utils.obj (.text:getDeviceTimeDate)
                  20020ab4    0000002c     request.obj (.text:setDataBufferPointer)
                  20020ae0    0000002a     driverlib.a : timer.obj (.text:TimerLoadSet)
                  20020b0a    0000002a                 : timer.obj (.text:TimerPrescaleSet)
                  20020b34    0000002a     rtsv7M4_T_le_eabi.lib : xdclass.obj (.text)
                  20020b5e    0000002a     middleware.a : util64.obj (.text:util_u64_time_add)
                  20020b88    00000029     ota.obj (.text:OTA_Update)
                  20020bb1    00000003     --HOLE-- [fill = 0]
                  20020bb4    00000028     driverlib.a : camera.obj (.text:CameraIntStatus)
                  20020bdc    00000028     uartA1_if.obj (.text:InitTerm)
                  20020c04    00000028     driverlib.a : prcm.obj (.text:IsRTCUsed)
                  20020c2c    00000028     uartA1_if.obj (.text:Message)
                  20020c54    00000028     driverlib.a : prcm.obj (.text:PRCMPeripheralClkDisable)
                  20020c7c    00000028     rtsv7M4_T_le_eabi.lib : strncat.obj (.text)
                  20020ca4    00000028     simplelink.a : netapp.obj (.text:sl_NetAppStart)
                  20020ccc    00000028                  : netapp.obj (.text:sl_NetAppStop)
                  20020cf4    00000026     driverlib.a : camera.obj (.text:CameraThresholdSet)
                  20020d1a    00000026     simplelink.a : cc_pal.obj (.text:NwpRegisterInterruptHandler)
                  20020d40    00000026     rtsv7M4_T_le_eabi.lib : strncmp.obj (.text)
                  20020d66    00000002     --HOLE-- [fill = 0]
                  20020d68    00000024     driverlib.a : camera.obj (.text:CameraIntClear)
                  20020d8c    00000024     timer_fns.obj (.text:IntHandler_100mSecTimer)
                  20020db0    00000024     driverlib.a : interrupt.obj (.text:IntUnregister)
                  20020dd4    00000024                 : prcm.obj (.text:RTCU16MSecRegRead)
                  20020df8    00000024     timer_if.obj (.text:Timer_IF_Start)
                  20020e1c    00000024     driverlib.a : uart.obj (.text:UARTEnable)
                  20020e40    00000024     mt9d111.obj (.text:WriteAllAEnAWBRegs)
                  20020e64    00000024     simplelink.a : driver.obj (.text:_SlDrvProtectionObjLockWaitForever)
                  20020e88    00000024     main_FXOS8700.obj (.text:magnetometer_initialize)
                  20020eac    00000024     timer_fns.obj (.text:reload_periodicTimer)
                  20020ed0    00000024     rtsv7M4_T_le_eabi.lib : u_tofs_t2.obj (.text)
                  20020ef4    00000022     driverlib.a : camera.obj (.text:CameraCaptureStart)
                  20020f16    00000022                 : i2c.obj (.text:I2CMasterSlaveAddrSet)
                  20020f38    00000022     simplelink.a : socket.obj (.text:SL_FD_SET)
                  20020f5a    00000022     driverlib.a : spi.obj (.text:SPIReset)
                  20020f7c    00000022                 : spi.obj (.text:SPIWordCountSet)
                  20020f9e    00000022     rtsv7M4_T_le_eabi.lib : frexp.obj (.text)
                  20020fc0    00000022                           : memcmp.obj (.text)
                  20020fe2    00000020     driverlib.a : gpio.obj (.text:GPIOPinWrite)
                  20021002    00000002     --HOLE-- [fill = 0]
                  20021004    00000020                 : interrupt.obj (.text:IntRegister)
                  20021024    00000020     simplelink.a : cc_pal.obj (.text:NwpPowerOn)
                  20021044    00000020     mt9d111.obj (.text:Refresh_mt9d111Firmware)
                  20021064    00000020     reset.obj (.text:Reset_byStarvingWDT)
                  20021084    00000020     simplelink.a : driver.obj (.text:_SlDrvProtectionObjUnLock)
                  200210a4    00000020     rtsv7M4_T_le_eabi.lib : memchr.obj (.text)
                  200210c4    00000020                           : u_tofd_t2.obj (.text)
                  200210e4    0000001e     driverlib.a : i2c.obj (.text:I2CMasterIntStatusEx)
                  20021102    0000001e                 : timer.obj (.text:TimerDisable)
                  20021120    0000001e                 : timer.obj (.text:TimerEnable)
                  2002113e    0000001e                 : timer.obj (.text:TimerIntStatus)
                  2002115c    0000001e                 : uart.obj (.text:UARTCharPut)
                  2002117a    0000001e     simplelink.a : cc_pal.obj (.text:cc_UDMAChannelSelect)
                  20021198    0000001e     rtsv7M4_T_le_eabi.lib : strcat.obj (.text)
                  200211b6    00000002     --HOLE-- [fill = 0]
                  200211b8    0000001c     tasks.obj (.text:ApplyAccelHAL)
                  200211d4    0000001c     mt9d111.obj (.text:CameraSensorInit)
                  200211f0    0000001c     udma_if.obj (.text:DmaSwIntHandler)
                  2002120c    0000001c     driverlib.a : pin.obj (.text:PinTypeI2C)
                  20021228    0000001c                 : timer.obj (.text:TimerValueGet)
                  20021244    0000001c     simplelink.a : driver.obj (.text:_SlDrvObjLockWaitForever)
                  20021260    0000001c                  : driver.obj (.text:_SlDrvSyncObjWaitForever)
                  2002127c    0000001c     rtsv7M4_T_le_eabi.lib : memccpy.obj (.text)
                  20021298    0000001c     timer_fns.obj (.text:stop_100mSecTimer)
                  200212b4    0000001c     timer_fns.obj (.text:stop_1Sec_TimeoutTimer)
                  200212d0    0000001c     driverlib.a : udma.obj (.text:uDMAChannelDisable)
                  200212ec    0000001c                 : udma.obj (.text:uDMAChannelEnable)
                  20021308    0000001c     main.obj (.text:vApplicationMallocFailedHook)
                  20021324    0000001a     driverlib.a : pin.obj (.text:PinTypeCamera)
                  2002133e    0000001a                 : pin.obj (.text:PinTypeUART)
                  20021358    0000001a                 : spi.obj (.text:SPIDmaDisable)
                  20021372    0000001a                 : spi.obj (.text:SPIDmaEnable)
                  2002138c    0000001a                 : spi.obj (.text:SPIFIFODisable)
                  200213a6    0000001a                 : spi.obj (.text:SPIFIFOEnable)
                  200213c0    00000018                 : camera.obj (.text:CameraReset)
                  200213d8    00000018     startup_ccs.obj (.text:FaultISR)
                  200213f0    00000018     driverlib.a : gpio.obj (.text:GPIOPinRead)
                  20021408    00000018     timer_fns.obj (.text:ISR_periodicInterrupt_timer)
                  20021420    00000018     app_common.obj (.text:LED_Off)
                  20021438    00000018     app_common.obj (.text:LED_On)
                  20021450    00000018     driverlib.a : prcm.obj (.text:PRCMHibernateEnter)
                  20021468    00000018                 : spi.obj (.text:SPICSDisable)
                  20021480    00000018                 : spi.obj (.text:SPICSEnable)
                  20021498    00000018                 : spi.obj (.text:SPIDisable)
                  200214b0    00000018                 : spi.obj (.text:SPIEnable)
                  200214c8    00000018                 : timer.obj (.text:TimerIntEnable)
                  200214e0    00000018     timer_if.obj (.text:Timer_IF_InterruptClear)
                  200214f8    00000018     driverlib.a : wdt.obj (.text:WatchdogStallEnable)
                  20021510    00000018                 : wdt.obj (.text:WatchdogUnlock)
                  20021528    00000018     simplelink.a : driver.obj (.text:_SlDrvObjUnLock)
                  20021540    00000018                  : driver.obj (.text:_SlDrvSyncObjSignal)
                  20021558    00000018                  : device.obj (.text:_sl_GetStartResponseConvert)
                  20021570    00000018     middleware.a : rtc_hal.obj (.text:get_value)
                  20021588    00000018     rtsv7M4_T_le_eabi.lib : args_main.obj (.text)
                  200215a0    00000018                           : strcmp.obj (.text)
                  200215b8    00000016     driverlib.a : camera.obj (.text:CameraDMAEnable)
                  200215ce    00000016                 : camera.obj (.text:CameraIntRegister)
                  200215e4    00000016                 : i2c.obj (.text:I2CMasterDataPut)
                  200215fa    00000016                 : i2c.obj (.text:I2CMasterEnable)
                  20021610    00000016                 : prcm.obj (.text:PRCMHIBRegRead)
                  20021626    00000016                 : prcm.obj (.text:PRCMHIBRegWrite)
                  2002163c    00000016                 : wdt.obj (.text:WatchdogEnable)
                  20021652    00000016     simplelink.a : driver.obj (.text:_SlDrvMemZero)
                  20021668    00000016     rtsv7M4_T_le_eabi.lib : strchr.obj (.text)
                  2002167e    00000014     driverlib.a : cpu.obj (.text:CPUcpsie)
                  20021692    00000002     --HOLE-- [fill = 0]
                  20021694    00000014                 : interrupt.obj (.text:IntVTableBaseSet)
                  200216a8    00000014     LED_timer.obj (.text:LEDTimer_Stop)
                  200216bc    00000014     mt9d111.obj (.text:SetShutterWidth)
                  200216d0    00000014     rtsv7M4_T_le_eabi.lib : _lock.obj (.text)
                  200216e4    00000014                           : strcpy.obj (.text)
                  200216f8    00000014                           : strlen.obj (.text)
                  2002170c    00000014     driverlib.a : udma.obj (.text:uDMAControlBaseSet)
                  20021720    00000014                 : udma.obj (.text:uDMAIntClear)
                  20021734    00000012                 : i2c.obj (.text:I2CMasterControl)
                  20021746    00000012                 : i2c.obj (.text:I2CMasterIntClearEx)
                  20021758    00000012                 : i2c.obj (.text:I2CMasterTimeoutSet)
                  2002176a    00000012                 : timer.obj (.text:TimerIntClear)
                  2002177c    00000012                 : wdt.obj (.text:WatchdogReloadSet)
                  2002178e    00000002     --HOLE-- [fill = 0]
                  20021790    00000010                 : prcm.obj (.text:PRCMSOCReset)
                  200217a0    00000010                 : prcm.obj (.text:RTCU32SecRegRead)
                  200217b0    00000010     simplelink.a : socket.obj (.text:SL_FD_ZERO)
                  200217c0    00000010     timer_if.obj (.text:Timer_IF_Stop)
                  200217d0    00000010     driverlib.a : wdt.obj (.text:WatchdogIntClear)
                  200217e0    00000010     cc3200_socket.obj (.text:socketClose)
                  200217f0    0000000e     driverlib.a : i2c.obj (.text:I2CMasterDataGet)
                  200217fe    0000000e     simplelink.a : driver.obj (.text:_SlDrvResetCmdExt)
                  2002180c    0000000e     rtsv7M4_T_le_eabi.lib : copy_decompress_none.obj (.text:decompress:none)
                  2002181a    0000000c     udma_if.obj (.text:DmaErrorIntHandler)
                  20021826    00000002     --HOLE-- [fill = 0]
                  20021828    0000000c     simplelink.a : cc_pal.obj (.text:NwpMaskInterrupt)
                  20021834    0000000c                  : cc_pal.obj (.text:NwpUnMaskInterrupt)
                  20021840    0000000c     middleware.a : rtc_hal.obj (.text:cc_rtc_get)
                  2002184c    0000000c     rtsv7M4_T_le_eabi.lib : copy_zero_init.obj (.text:decompress:ZI)
                  20021858    0000000c     parse_impl.obj (.text:getInternalClient)
                  20021864    0000000c     simplelink.a : wlan.obj (.text:sl_WlanDisconnect)
                  20021870    0000000c     driverlib.a : udma.obj (.text:uDMAEnable)
                  2002187c    0000000c                 : udma.obj (.text:uDMAIntStatus)
                  20021888    0000000a                 : interrupt.obj (.text:IntMasterEnable)
                  20021892    0000000a     main.obj (.text:vApplicationStackOverflowHook)
                  2002189c    00000008     hibernate_related_fns.obj (.text:sensorsTriggerSetup)
                  200218a4    00000006     i2cconfig.obj (.text:MT9D111Delay)
                  200218aa    00000006     startup_ccs.obj (.text:ResetISR)
                  200218b0    00000006     driverlib.a : utils.obj (.text:UtilsDelay)
                  200218b6    00000006     rtsv7M4_T_le_eabi.lib : copy_decompress_rle.obj (.text:decompress:rle24)
                  200218bc    00000006                           : logf.obj (.text)
                  200218c2    00000006                           : sinf.obj (.text)
                  200218c8    00000004                           : error.obj (.text)
                  200218cc    00000004                           : pre_init.obj (.text)

.const     0    200218d0    000012b9     
                  200218d0    00000170     mt9d111.obj (.const:capture_cmds_list)
                  20021a40    00000140     mt9d111.obj (.const:init_cmds_list)
                  20021b80    00000101     rtsv7M4_T_le_eabi.lib : ctype.obj (.const:.string:_ctypes_)
                  20021c81    00000003     --HOLE-- [fill = 0]
                  20021c84    00000100     driverlib.a : pin.obj (.const:g_ulPinToPadMap)
                  20021d84    000000d8     mt9d111.obj (.const)
                  20021e5c    000000d4     driverlib.a : interrupt.obj (.const:g_pulRegs)
                  20021f30    000000b0     simplelink.a : wlan.obj (.const:$P$T0$1)
                  20021fe0    000000a8     driverlib.a : prcm.obj (.const:PRCM_PeriphRegsList)
                  20022088    000000a4     mt9d111.obj (.const:$P$T2$3)
                  2002212c    0000009e     mt9d111.obj (.const:.string)
                  200221ca    00000088     network_relater_fns.obj (.const:.string)
                  20022252    00000085     lightSens_isl29035.obj (.const:.string)
                  200222d7    00000081     parse_uploads.obj (.const:.string)
                  20022358    00000080     driverlib.a : interrupt.obj (.const)
                  200223d8    0000007a     camera_app.obj (.const:.string)
                  20022452    00000074     user_configure_fn.obj (.const:.string)
                  200224c6    00000069     accelomtrMagntomtr_fxos8700.obj (.const:.string)
                  2002252f    00000001     --HOLE-- [fill = 0]
                  20022530    00000068     mt9d111.obj (.const:$P$T17$18)
                  20022598    00000068     appFns_BatteryLevelSense.obj (.const:V2CEntry$1)
                  20022600    00000054     mt9d111.obj (.const:$P$T23$24)
                  20022654    0000004c     mt9d111.obj (.const:$P$T6$7)
                  200226a0    0000004b     tempRHSens_si7020.obj (.const:.string)
                  200226eb    0000003c     i2c_app.obj (.const:.string)
                  20022727    00000001     --HOLE-- [fill = 0]
                  20022728    0000003c     simplelink.a : driver.obj (.const:OpcodeTranslateTable)
                  20022764    0000003c                  : wlan.obj (.const)
                  200227a0    00000038                  : driver.obj (.const:_SlActionLookupTable)
                  200227d8    00000038     rtsv7M4_T_le_eabi.lib : xflog.obj (.const)
                  20022810    00000038     simplelink.a : fs.obj (.const)
                  20022848    00000036     flash_files.obj (.const:.string)
                  2002287e    00000002     --HOLE-- [fill = 0]
                  20022880    00000034     rtsv7M4_T_le_eabi.lib : xfatan.obj (.const)
                  200228b4    00000034     simplelink.a : driver.obj (.const)
                  200228e8    00000034                  : socket.obj (.const)
                  2002291c    0000002c     network_relater_fns.obj (.const:$P$T1$2)
                  20022948    0000002c     mt9d111.obj (.const:$P$T19$20)
                  20022974    00000029     network_relater_fns.obj (.const)
                  2002299d    00000003     --HOLE-- [fill = 0]
                  200229a0    00000028     rtsv7M4_T_le_eabi.lib : xfdint.obj (.const)
                  200229c8    00000028                           : xfsin.obj (.const)
                  200229f0    00000028     simplelink.a : netapp.obj (.const)
                  20022a18    00000024     network_relater_fns.obj (.const:g_acMonthOfYear)
                  20022a3c    00000023     batteryVoltLvlSens_adc081c021.obj (.const:.string:$P$T0$1)
                  20022a5f    00000023     parse_uploads.obj (.const:.string:$P$T5$6)
                  20022a82    00000022     network_relater_fns.obj (.const:.string:$P$T0$1)
                  20022aa4    0000001c     rtsv7M4_T_le_eabi.lib : tanf.obj (.const)
                  20022ac0    0000001c                           : xfexp.obj (.const)
                  20022adc    00000018     driverlib.a : spi.obj (.const)
                  20022af4    00000017     request.obj (.const:.string)
                  20022b0b    00000016     appFns_LightSensor.obj (.const:.string)
                  20022b21    00000001     --HOLE-- [fill = 0]
                  20022b22    00000014     simplelink.a : device.obj (.const)
                  20022b36    00000013     SendObject_ToParse.obj (.const:.string)
                  20022b49    00000010     simplelink.a : socket.obj (.const:.string)
                  20022b59    0000000f     application_fn.obj (.const:.string)
                  20022b68    0000000b     app_common.obj (.const:.string)
                  20022b73    00000008     simplelink.a : device.obj (.const:.string)
                  20022b7b    00000001     --HOLE-- [fill = 0]
                  20022b7c    00000008                  : netcfg.obj (.const)
                  20022b84    00000005     main.obj (.const:.string)

.cinit     0    20022b90    00000598     
                  20022b90    0000056d     (.cinit..data.load) [load image, compression = rle]
                  200230fd    00000003     --HOLE-- [fill = 0]
                  20023100    0000000c     (__TI_handler_table)
                  2002310c    00000004     --HOLE-- [fill = 0]
                  20023110    00000008     (.cinit..bss.load) [load image, compression = zero_init]
                  20023118    00000010     (__TI_cinit_table)

.init_array 
*          0    20004000    00000000     UNINITIALIZED

.bss       0    20023c00    00017094     UNINITIALIZED
                  20023c00    00014000     main.obj (.bss:g_image_buffer)
                  20037c00    00000b58     tasks.obj (.bss:thisMagBuffer)
                  20038758    000005a0     ota.a : OtaHttp.obj (.bss:recv_buf)
                  20038cf8    0000044c           : OtaClient.obj (.bss:g_OtaCheckUpdateResponse)
                  20039144    00000418     user_configure_fn.obj (.bss:thisMagCal)
                  2003955c    00000240     ota.obj (.bss:g_otaOptServerInfo)
                  2003979c    00000058     tasks.obj (.bss:thisMag)
                  200397f4    0000000c     (.common:g_SecParams)
                  20039800    00000400     udma_if.obj (.bss:gpCtlTbl)
                  20039c00    000003d8     ota.a : OtaClient.obj (.bss:g_OtaFileMetadata)
                  20039fd8    00000200           : OtaHttp.obj (.bss:send_buf)
                  2003a1d8    00000178     simplelink.a : driver.obj (.bss:g_StatMem)
                  2003a350    00000120     rtsv7M4_T_le_eabi.lib : trgmsg.obj (.bss:__CIOBUF_)
                  2003a470    00000100     udma_if.obj (.bss:gfpAppCallbackHndl)
                  2003a570    000000c8     free_rtos.a : tasks.obj (.bss:pxReadyTasksLists)
                  2003a638    000000ac     tasks.obj (.bss:thisSV_6DOF_GB_BASIC)
                  2003a6e4    000000a0     rtsv7M4_T_le_eabi.lib : defs.obj (.bss:__TI_tmpnams)
                  2003a784    00000074     ota.a : CdnClient.obj (.bss:g_CdnClient)
                  2003a7f8    00000050     simplelink.a : cc_pal.obj (.bss:g_ucDinDout)
                  2003a848    00000050     free_rtos.a : queue.obj (.bss:xQueueRegistry)
                  2003a898    0000004c     ota.a : OtaApp.obj (.bss:g_OtaApp)
                  2003a8e4    0000004c           : OtaApp.obj (.bss:g_OtaApp_statistics)
                  2003a930    00000040     network_relater_fns.obj (.bss:g_TimeData)
                  2003a970    00000034     cc3200_client_state.obj (.bss:clientStateFileName)
                  2003a9a4    00000034     main.obj (.bss:g_cWlanSecurityKey)
                  2003a9d8    00000034     tasks.obj (.bss:thisAccel)
                  2003aa0c    00000024     ota.a : OtaClient.obj (.bss:g_OtaClient)
                  2003aa30    00000024     main.obj (.bss:g_cWlanSSID)
                  2003aa54    00000024     main.obj (.bss:g_ucConnectionSSID)
                  2003aa78    0000001c     rtsv7M4_T_le_eabi.lib : vla_alloc.obj (.bss)
                  2003aa94    00000014     (.common:g_FlcSflashCb)
                  2003aaa8    00000014     (.common:g_flag_blockFull)
                  2003aabc    00000014     (.common:xDelayedTaskList1)
                  2003aad0    00000014     (.common:xDelayedTaskList2)
                  2003aae4    00000014     (.common:xPendingReadyList)
                  2003aaf8    00000014     (.common:xSuspendedTaskList)
                  2003ab0c    00000014     (.common:xTasksWaitingTermination)
                  2003ab20    00000010     (.common:ang_buf)
                  2003ab30    00000010     (.common:g_cResponseObjectID)
                  2003ab40    00000010     (.common:globals)
                  2003ab50    00000010     (.common:mqxglobals)
                  2003ab60    00000008     (.common:g_Gain)
                  2003ab68    00000008     (.common:g_LogClient)
                  2003ab70    00000008     (.common:g_Struct_TimeStamp_MaxAngle)
                  2003ab78    00000008     (.common:g_Struct_TimeStamp_MinAngle)
                  2003ab80    00000008     (.common:g_Struct_TimeStamp_OpenAngle)
                  2003ab88    00000008     (.common:g_Struct_TimeStamp_SnapAngle)
                  2003ab90    00000008     (.common:g_TimeStamp_CamUp)
                  2003ab98    00000008     (.common:g_TimeStamp_DoorClosed)
                  2003aba0    00000008     (.common:g_TimeStamp_MaxAngle)
                  2003aba8    00000008     (.common:g_TimeStamp_MinAngle)
                  2003abb0    00000008     (.common:g_TimeStamp_NWPUp)
                  2003abb8    00000008     (.common:g_TimeStamp_OpenAngle)
                  2003abc0    00000008     (.common:g_TimeStamp_PhotoSnap)
                  2003abc8    00000008     (.common:g_TimeStamp_PhotoUploaded)
                  2003abd0    00000008     (.common:g_TimeStamp_SnapAngle)
                  2003abd8    00000008     (.common:g_TimeStamp_cc3200Up)
                  2003abe0    00000008     (.common:g_ucConnectionBSSID)
                  2003abe8    00000008     (.common:parmbuf)
                  2003abf0    00000008     (.common:sBootInfo)
                  2003abf8    00000004     (.common:DMAMsgQ)
                  2003abfc    00000004     (.common:Elapsed_100MilliSecs)
                  2003ac00    00000004     (.common:Elapsed_1Secs)
                  2003ac04    00000004     (.common:__Errorlog)
                  2003ac08    00000004     (.common:angle_avg)
                  2003ac0c    00000004     (.common:dataBuffer)
                  2003ac10    00000004     (.common:g_angleOffset_to180)
                  2003ac14    00000004     (.common:g_block_lastFilled)
                  2003ac18    00000004     (.common:g_cDummy)
                  2003ac1c    00000004     (.common:g_cWlanSecurityType)
                  2003ac20    00000004     (.common:g_fBatteryVolt_atEnd)
                  2003ac24    00000004     (.common:g_fBatteryVolt_atStart)
                  2003ac28    00000004     (.common:g_frame_size_in_bytes)
                  2003ac2c    00000004     (.common:g_position_in_block)
                  2003ac30    00000004     (.common:g_readHeader)
                  2003ac34    00000004     (.common:g_total_dma_intrpts)
                  2003ac38    00000004     (.common:g_ulAppStatus)
                  2003ac3c    00000004     (.common:g_ulAppTimeout_ms)
                  2003ac40    00000004     (.common:g_ulReloadVal)
                  2003ac44    00000004     (.common:g_ulSimplelinkStatus)
                  2003ac48    00000004     (.common:g_ulWatchdogCycles)
                  2003ac4c    00000004     (.common:gdoor_40deg_angle)
                  2003ac50    00000004     (.common:gdoor_90deg_angle)
                  2003ac54    00000004     (.common:gdoor_OpenDeg_angle)
                  2003ac58    00000004     (.common:pvOtaApp)
                  2003ac5c    00000004     (.common:pxDelayedTaskList)
                  2003ac60    00000004     (.common:pxOverflowDelayedTaskList)
                  2003ac64    00000002     (.common:g_RawMaxAngle)
                  2003ac66    00000002     (.common:g_RawMinAngle)
                  2003ac68    00000002     (.common:g_fMaxAngle)
                  2003ac6a    00000002     (.common:g_fMinAngle)
                  2003ac6c    00000001     (.common:RxIrqCnt)
                  2003ac6d    00000001     (.common:avg_buffer_cnt)
                  2003ac6e    00000001     (.common:captureTimeout_Flag)
                  2003ac6f    00000001     (.common:checkForLight_Flag)
                  2003ac70    00000001     (.common:cnt_LED_Timer)
                  2003ac71    00000001     (.common:doPeriodicAction_flag)
                  2003ac72    00000001     (.common:g_BlinkCount)
                  2003ac73    00000001     (.common:g_I2CPeripheral_inUse_Flag)
                  2003ac74    00000001     (.common:g_NoOfBlinks)
                  2003ac75    00000001     (.common:g_OffTime)
                  2003ac76    00000001     (.common:g_OnTime)
                  2003ac77    00000001     (.common:g_PhoneConnected_ToCC3200AP_flag)
                  2003ac78    00000001     (.common:g_Task1_Notification)
                  2003ac79    00000001     (.common:g_Task3_Notification)
                  2003ac7a    00000001     (.common:g_collect_timestamp)
                  2003ac7b    00000001     (.common:g_dma_txn_done)
                  2003ac7c    00000001     (.common:g_flag_DataBlockFilled)
                  2003ac7d    00000001     (.common:g_flag_door_closing_45degree)
                  2003ac7e    00000001     (.common:g_frame_end)
                  2003ac7f    00000001     (.common:g_ucAWBOff)
                  2003ac80    00000001     (.common:g_ucAWBOn)
                  2003ac81    00000001     (.common:g_ucAction)
                  2003ac82    00000001     (.common:g_ucActionButton)
                  2003ac83    00000001     (.common:g_ucAngle40)
                  2003ac84    00000001     (.common:g_ucAngle90)
                  2003ac85    00000001     (.common:g_ucCalibration)
                  2003ac86    00000001     (.common:g_ucConfig)
                  2003ac87    00000001     (.common:g_ucExitButton)
                  2003ac88    00000001     (.common:g_ucFeedWatchdog)
                  2003ac89    00000001     (.common:g_ucMagCalb)
                  2003ac8a    00000001     (.common:g_ucPreviewStart)
                  2003ac8b    00000001     (.common:g_ucPreviewStop)
                  2003ac8c    00000001     (.common:g_ucProfileAdded)
                  2003ac8d    00000001     (.common:g_ucPushButtonPressedTwice)
                  2003ac8e    00000001     (.common:g_ucReasonForFailure)
                  2003ac8f    00000001     (.common:g_ucSAVE)
                  2003ac90    00000001     (.common:iDone)
                  2003ac91    00000001     (.common:isitfirsttime)
                  2003ac92    00000001     (.common:print_count)
                  2003ac93    00000001     (.common:valid_case)

.TI.noinit 
*          0    20023c00    00000000     UNINITIALIZED

.sysmem    0    2003ac98    00005000     UNINITIALIZED
                  2003ac98    00000008     rtsv7M4_T_le_eabi.lib : memory.obj (.sysmem)
                  2003aca0    00004ff8     --HOLE--


LINKER GENERATED COPY TABLES

__TI_cinit_table @ 20023118 records: 2, size/record: 8, table size: 16
	.data: load addr=20022b90, load size=0000056d bytes, run addr=20000000, run size=000009c8 bytes, compression=rle
	.bss: load addr=20023110, load size=00000008 bytes, run addr=20023c00, run size=00017094 bytes, compression=zero_init


LINKER GENERATED HANDLER TABLE

__TI_handler_table @ 20023100 records: 3, size/record: 4, table size: 12
	index: 0, handler: __TI_decompress_rle24
	index: 1, handler: __TI_decompress_none
	index: 2, handler: __TI_zero_init


GLOBAL SYMBOLS: SORTED ALPHABETICALLY BY Name 

address   name                                  
-------   ----                                  
2001bca5  Add_NumberField_ToJSONString          
200211b9  ApplyAccelHAL                         
20020929  ApplyMagHAL                           
2001fb9d  C$$EXIT                               
2001e403  C$$IO$$                               
2001e89d  CCMRegs_Read                          
2002167f  CPUcpsie                              
20014251  Calculate_DoorOpenThresholdAngle      
20012dd5  Calculate_TrueMinMaxAngles            
2001dcbd  CamControllerInit                     
20020ef5  CameraCaptureStart                    
200200bd  CameraCaptureStop                     
200215b9  CameraDMAEnable                       
20020d69  CameraIntClear                        
20020955  CameraIntDisable                      
20020981  CameraIntEnable                       
200215cf  CameraIntRegister                     
20020bb5  CameraIntStatus                       
200204b7  CameraParamsConfig                    
200213c1  CameraReset                           
200211d5  CameraSensorInit                      
20020cf5  CameraThresholdSet                    
200200f7  CameraXClkConfig                      
2000eb75  CaptureImage                          
2001379d  CaptureandSavePreviewImage            
2000de33  CdnClient_CloseServer                 
2000de51  CdnClient_ConnectByUrl                
2000de01  CdnClient_Init                        
2000dccb  CdnClient_Run                         
2000dcc1  CdnClient_SetFileInfo                 
2001bd3d  Check_I2CDevices                      
20018eb1  Check_MinMax                          
2001bdd1  Config_CameraCapture                  
2001d40d  ConfigureMode                         
2000f109  ConfigureSimpleLinkToDefaultState     
200123ad  ConstructDeviceStateObject            
2000c421  ConstructGroundDataObject             
2001057d  ConstructUserConfigObject             
2001fe27  CopyPingResultsToReport               
2003abf8  DMAMsgQ                               
2000063c  DigiCertHighAssuranceEVRootCA_der_len 
2002181b  DmaErrorIntHandler                    
200209ad  DmaSpiSwIntHandler                    
200211f1  DmaSwIntHandler                       
2003abfc  Elapsed_100MilliSecs                  
2003ac00  Elapsed_1Secs                         
20019fcd  EnterStandby_mt9d111                  
2001a2ed  ExitStandby_mt9d111                   
20014f39  FXOS8700_Init                         
20016f65  FXOS8700_ReadData                     
2001fe65  Fusion_Init                           
20014c79  Fusion_Run                            
20020415  GPIODirModeSet                        
200213f1  GPIOPinRead                           
20020fe3  GPIOPinWrite                          
2000bb69  GetSNTPTime                           
200166cd  GetTimeNTP                            
20019081  Get_BatteryPercent                    
2001d485  Get_BatteryVoltage                    
2001dafd  Get_BatteryVoltageLevel_ADC081C021    
2001c6d5  Get_ChromQtable                       
20018175  Get_FridgeCamID                       
2001c75d  Get_LumQtable                         
20016c41  HIBernate                             
2000eb2d  HOSTclock                             
2000eaf5  HOSTclose                             
2000eab7  HOSTgetenv                            
2000ea5b  HOSTlseek                             
2000ea09  HOSTopen                              
2000e9bd  HOSTread                              
2000e95f  HOSTrename                            
2000e925  HOSTtime                              
2000e8ed  HOSTunlink                            
2000e8a1  HOSTwrite                             
20015991  I2CBufferRead                         
20016349  I2CBufferWrite                        
20021735  I2CMasterControl                      
200217f1  I2CMasterDataGet                      
200215e5  I2CMasterDataPut                      
200215fb  I2CMasterEnable                       
200209d9  I2CMasterErr                          
2001cc1d  I2CMasterInitExpClk                   
20021747  I2CMasterIntClearEx                   
200210e5  I2CMasterIntStatusEx                  
20020f17  I2CMasterSlaveAddrSet                 
20021759  I2CMasterTimeoutSet                   
2001f111  I2C_IF_Open                           
2001a475  I2C_IF_Read                           
2001a835  I2C_IF_Write                          
20021409  ISR_periodicInterrupt_timer           
2001fc69  ImagCapture_Init                      
20011345  ImageSensor_CaptureConfigs_Task       
20020bdd  InitTerm                              
2001d575  InitialiseParse                       
2001b87d  InitializeUserConfigVariables         
2001b235  IntDisable                            
2001b2dd  IntEnable                             
20020d8d  IntHandler_100mSecTimer               
20020a05  IntHandler_1Sec_TimeoutTimer          
20021889  IntMasterEnable                       
2001ed11  IntPendClear                          
2001eec5  IntPrioritySet                        
20021005  IntRegister                           
20020db1  IntUnregister                         
20021695  IntVTableBaseSet                      
2001b915  IntrptHandler_LEDTimer                
[...]
2001f8e1  _SlDrvBasicCmd                        
2001f929  addHttpRequestLine                    
2001f971  fatan_15deg                           
2001f9b9  __aeabi_d2iz                          
2001fa01  ldexp                                 
2001fa8d  TimerConfigure                        
2001fad1  UDMASetupTransfer                     
2001fb59  fxos_Calibration                      
2001fb9d  C$$EXIT                               
2001fba1  abort                                 
2001fba9  exit                                  
2001fbe1  __aeabi_d2uiz                         
2001fc25  sl_Htonl                              
2001fc69  ImagCapture_Init                      
2001fca9  PinModeSet                            
2001fce9  Variable_Write                        
2001fd29  getHttpResponseBody                   
2001fd69  signal                                
2001fda9  start_1Sec_TimeoutTimer               
2001fde9  strncasecmp                           
2001fe27  CopyPingResultsToReport               
2001fe65  Fusion_Init                           
2001fedd  PRCMPeripheralClkEnable               
2001ff19  PRCMSlowClkCtrFastGet                 
2001ff55  Reg_Read                              
2001ff91  _sl_TruncatePayloadByProtocol         
2001ffcd  _c_int00                              
20020009  sl_Htons                              
20020045  start_100mSecTimer                    
20020081  uDMAChannelControlSet                 
200200bd  CameraCaptureStop                     
200200f7  CameraXClkConfig                      
20020131  IsLightOff                            
2002016b  Reg_Write                             
200201a5  fLPFScalar                            
200201df  parseSendRequest                      
20020219  addHttpRequestHeader                  
2002028d  LEDTimer_Enable                       
200202c5  NwpPowerOff                           
200202fd  WDT_IF_Init                           
20020335  pvPortMalloc                          
20020355  vPortFree                             
2002036d  __aeabi_f2d                           
200203a5  __aeabi_f2iz                          
200203dd  __aeabi_i2f                           
20020415  GPIODirModeSet                        
2002044b  sl_NetAppMDNSUnRegisterService        
20020481  beginHttpRequest                      
200204b7  CameraParamsConfig                    
200204ed  LEDTimer_Start                        
20020521  PRCMPeripheralStatusGet               
20020555  SPIFIFOLevelSet                       
20020589  getHttpResponseStatus                 
200205bd  feraiseexcept                         
200205f1  __aeabi_f2uiz                         
20020625  strstr                                
20020659  Timer_IF_Init                         
2002068b  PinTypeGPIO                           
200206bd  UARTDisable                           
200206ed  _SlDrvDeviceEventHandler              
2002071d  _sl_Strlen                            
2002077d  strncpy                               
200207ad  _Feraise                              
200207dd  sl_Close                              
2002080d  sl_WlanProfileDel                     
2002083d  sl_WlanSetMode                        
2002086d  stop_periodicInterrupt_timer          
2002089d  __aeabi_i2d                           
200208cb  raise                                 
200208f9  addHttpRequestHeaderInt               
20020929  ApplyMagHAL                           
20020955  CameraIntDisable                      
20020981  CameraIntEnable                       
200209ad  DmaSpiSwIntHandler                    
200209d9  I2CMasterErr                          
20020a05  IntHandler_1Sec_TimeoutTimer          
20020a31  PRCMSysResetCauseGet                  
20020a5d  SoftReset_ImageSensor                 
20020ab5  setDataBufferPointer                  
20020ae1  TimerLoadSet                          
20020b0b  TimerPrescaleSet                      
20020b35  _Dclass                               
20020b5f  util_u64_time_add                     
20020b89  OTA_Update                            
20020bb5  CameraIntStatus                       
20020bdd  InitTerm                              
20020c2d  Message                               
20020c55  PRCMPeripheralClkDisable              
20020c7d  strncat                               
20020ca5  sl_NetAppStart                        
20020ccd  sl_NetAppStop                         
20020cf5  CameraThresholdSet                    
20020d1b  NwpRegisterInterruptHandler           
20020d41  strncmp                               
20020d69  CameraIntClear                        
20020d8d  IntHandler_100mSecTimer               
20020db1  IntUnregister                         
20020df9  Timer_IF_Start                        
20020e1d  UARTEnable                            
20020e41  WriteAllAEnAWBRegs                    
20020e65  _SlDrvProtectionObjLockWaitForever    
20020e89  magnetometer_initialize               
20020ead  reload_periodicTimer                  
20020ed1  __aeabi_ui2f                          
20020ef5  CameraCaptureStart                    
20020f17  I2CMasterSlaveAddrSet                 
20020f39  SL_FD_SET                             
20020f5b  SPIReset                              
20020f7d  SPIWordCountSet                       
20020f9f  frexp                                 
20020fc1  memcmp                                
20020fe3  GPIOPinWrite                          
20021005  IntRegister                           
20021025  NwpPowerOn                            
20021045  Refresh_mt9d111Firmware               
20021065  Reset_byStarvingWDT                   
20021085  _SlDrvProtectionObjUnLock             
200210a5  memchr                                
200210c5  __aeabi_ui2d                          
200210e5  I2CMasterIntStatusEx                  
20021103  TimerDisable                          
20021121  TimerEnable                           
2002113f  TimerIntStatus                        
2002115d  UARTCharPut                           
20021199  strcat                                
200211b9  ApplyAccelHAL                         
200211d5  CameraSensorInit                      
200211f1  DmaSwIntHandler                       
2002120d  PinTypeI2C                            
20021229  TimerValueGet                         
20021245  _SlDrvObjLockWaitForever              
20021261  _SlDrvSyncObjWaitForever              
2002127d  memccpy                               
20021299  stop_100mSecTimer                     
200212b5  stop_1Sec_TimeoutTimer                
200212d1  uDMAChannelDisable                    
200212ed  uDMAChannelEnable                     
20021309  vApplicationMallocFailedHook          
20021325  PinTypeCamera                         
2002133f  PinTypeUART                           
20021359  SPIDmaDisable                         
20021373  SPIDmaEnable                          
2002138d  SPIFIFODisable                        
200213a7  SPIFIFOEnable                         
200213c1  CameraReset                           
200213f1  GPIOPinRead                           
20021409  ISR_periodicInterrupt_timer           
20021421  LED_Off                               
20021439  LED_On                                
20021451  PRCMHibernateEnter                    
20021469  SPICSDisable                          
20021481  SPICSEnable                           
20021499  SPIDisable                            
200214b1  SPIEnable                             
200214c9  TimerIntEnable                        
200214e1  Timer_IF_InterruptClear               
200214f9  WatchdogStallEnable                   
20021511  WatchdogUnlock                        
20021529  _SlDrvObjUnLock                       
20021541  _SlDrvSyncObjSignal                   
20021559  _sl_GetStartResponseConvert           
20021589  _args_main                            
200215a1  strcmp                                
200215b9  CameraDMAEnable                       
200215cf  CameraIntRegister                     
200215e5  I2CMasterDataPut                      
200215fb  I2CMasterEnable                       
20021611  PRCMHIBRegRead                        
20021627  PRCMHIBRegWrite                       
2002163d  WatchdogEnable                        
20021653  _SlDrvMemZero                         
20021669  strchr                                
2002167f  CPUcpsie                              
20021695  IntVTableBaseSet                      
200216a9  LEDTimer_Stop                         
200216bd  SetShutterWidth                       
200216d1  _register_unlock                      
200216d7  _register_lock                        
200216df  _nop                                  
200216e5  strcpy                                
200216f9  strlen                                
2002170d  uDMAControlBaseSet                    
20021721  uDMAIntClear                          
20021735  I2CMasterControl                      
20021747  I2CMasterIntClearEx                   
20021759  I2CMasterTimeoutSet                   
2002176b  TimerIntClear                         
2002177d  WatchdogReloadSet                     
20021791  PRCMSOCReset                          
200217b1  SL_FD_ZERO                            
200217c1  Timer_IF_Stop                         
200217d1  WatchdogIntClear                      
200217e1  socketClose                           
200217f1  I2CMasterDataGet                      
200217ff  _SlDrvResetCmdExt                     
2002180d  __TI_decompress_none                  
2002181b  DmaErrorIntHandler                    
20021829  NwpMaskInterrupt                      
20021835  NwpUnMaskInterrupt                    
20021841  cc_rtc_get                            
2002184d  __TI_zero_init                        
20021859  getInternalClient                     
20021865  sl_WlanDisconnect                     
20021871  uDMAEnable                            
2002187d  uDMAIntStatus                         
20021889  IntMasterEnable                       
20021893  vApplicationStackOverflowHook         
2002189d  sensorsTriggerSetup                   
200218a5  MT9D111Delay                          
200218ab  ResetISR                              
200218b1  UtilsDelay                            
200218b7  __TI_decompress_rle24                 
200218bd  logf                                  
200218c3  sinf                                  
200218c9  __abort_execution                     
200218cd  _system_pre_init                      
20021b80  _ctypes_                              
200221ca  g_acSNTPserver                        
200221e8  g_acNumOfDaysPerMonth                 
200221f4  g_acDigits                            
20022728  OpcodeTranslateTable                  
20022764  _SlPolicySetCmdCtrl                   
20022768  _SlPolicyGetCmdCtrl                   
2002276c  _SlProfileGetCmdCtrl                  
20022770  _SlProfileDelCmdCtrl                  
20022774  _SlWlanGetNetworkListCtrl             
20022778  _SlRxFilterAddtCmdCtrl                
2002277c  _SlRxFilterSetCmdCtrl                 
20022780  _SlRxFilterGetCmdCtrl                 
20022784  _SlSmartConfigStartCmdCtrl            
20022788  _SlWlanSetModeCmdCtrl                 
2002278c  _SlWlanCfgSetCmdCtrl                  
20022790  _SlWlanCfgGetCmdCtrl                  
200227a0  _SlActionLookupTable                  
20022810  _SlFsOpenCmdCtrl                      
20022814  _SlFsCloseCmdCtrl                     
20022818  _SlFsReadCmdCtrl                      
2002281c  _SlFsWriteCmdCtrl                     
20022820  _SlFsGetInfoCmdCtrl                   
20022824  _SlFsDeleteCmdCtrl                    
200228b4  g_H2NSyncPattern                      
200228bc  g_H2NCnysPattern                      
200228c4  RxMsgClassLUT                         
200228e8  _SlSockSocketCmdCtrl                  
200228ec  _SlSockCloseCmdCtrl                   
200228f0  _SlRecvfomCmdCtrl                     
200228f4  _SlSendCmdCtrl                        
200228f8  _SlListenCmdCtrl                      
200228fc  _SlAcceptCmdCtrl                      
20022900  _SlRecvCmdCtrl                        
20022904  _SlSetSockOptCmdCtrl                  
20022908  _SlGetSockOptCmdCtrl                  
2002290c  _SlSelectCmdCtrl                      
20022974  g_acDaysOfWeek2013                    
200229f0  _SlNetAppStartCtrl                    
200229f4  _SlNetAppStopCtrl                     
200229f8  _SlGetServiceListeCtrl                
200229fc  _SlRegisterServiceCtrl                
20022a00  _SlGetHostByServiceCtrl               
20022a04  _SlGetHostByNameCtrl                  
20022a08  _SlNetAppSetCmdCtrl                   
20022a0c  _SlNetAppSendTokenValueCmdCtrl        
20022a10  _SlNetAppGetCmdCtrl                   
20022a18  g_acMonthOfYear                       
20022af4  g_deviceClientVersion                 
20022b22  _SlStopCmdCtrl                        
20022b26  _SlEventMaskSetCmdCtrl                
20022b2a  _SlEventMaskGetCmdCtrl                
20022b2e  _SlDeviceGetCmdCtrl                   
20022b32  _SlDeviceSetCmdCtrl                   
20022b49  _SlPayloadByProtocolLUT               
20022b68  pcDigits                              
20022b73  StartResponseLUT                      
20022b7c  _SlNetCfgSetCmdCtrl                   
20022b80  _SlNetCfgGetCmdCtrl                   
20022b90  __TI_static_base__                    
20023100  __TI_Handler_Table_Base               
2002310c  __TI_Handler_Table_Limit              
20023118  __TI_CINIT_Base                       
20023128  __TI_CINIT_Limit                      
20023c00  g_image_buffer                        
20037c00  thisMagBuffer                         
20038cf8  g_OtaCheckUpdateResponse              
20039144  thisMagCal                            
2003979c  thisMag                               
200397f4  g_SecParams                           
20039800  gpCtlTbl                              
20039c00  g_OtaFileMetadata                     
2003a1d8  g_StatMem                             
2003a350  __CIOBUF_                             
2003a470  gfpAppCallbackHndl                    
2003a638  thisSV_6DOF_GB_BASIC                  
2003a6e4  __TI_tmpnams                          
2003a784  g_CdnClient                           
2003a7f8  g_ucDinDout                           
2003a848  xQueueRegistry                        
2003a898  g_OtaApp                              
2003a8e4  g_OtaApp_statistics                   
2003a930  g_TimeData                            
2003a970  clientStateFileName                   
2003a9a4  g_cWlanSecurityKey                    
2003a9d8  thisAccel                             
2003aa0c  g_OtaClient                           
2003aa30  g_cWlanSSID                           
2003aa54  g_ucConnectionSSID                    
2003aa94  g_FlcSflashCb                         
2003aaa8  g_flag_blockFull                      
2003ab20  ang_buf                               
2003ab30  g_cResponseObjectID                   
2003ab40  globals                               
2003ab50  mqxglobals                            
2003ab60  g_Gain                                
2003ab68  g_LogClient                           
2003ab70  g_Struct_TimeStamp_MaxAngle           
2003ab78  g_Struct_TimeStamp_MinAngle           
2003ab80  g_Struct_TimeStamp_OpenAngle          
2003ab88  g_Struct_TimeStamp_SnapAngle          
2003ab90  g_TimeStamp_CamUp                     
2003ab98  g_TimeStamp_DoorClosed                
2003aba0  g_TimeStamp_MaxAngle                  
2003aba8  g_TimeStamp_MinAngle                  
2003abb0  g_TimeStamp_NWPUp                     
2003abb8  g_TimeStamp_OpenAngle                 
2003abc0  g_TimeStamp_PhotoSnap                 
2003abc8  g_TimeStamp_PhotoUploaded             
2003abd0  g_TimeStamp_SnapAngle                 
2003abd8  g_TimeStamp_cc3200Up                  
2003abe0  g_ucConnectionBSSID                   
2003abf8  DMAMsgQ                               
2003abfc  Elapsed_100MilliSecs                  
2003ac00  Elapsed_1Secs                         
2003ac08  angle_avg                             
2003ac0c  dataBuffer                            
2003ac10  g_angleOffset_to180                   
2003ac14  g_block_lastFilled                    
2003ac18  g_cDummy                              
2003ac1c  g_cWlanSecurityType                   
2003ac20  g_fBatteryVolt_atEnd                  
2003ac24  g_fBatteryVolt_atStart                
2003ac28  g_frame_size_in_bytes                 
2003ac2c  g_position_in_block                   
2003ac30  g_readHeader                          
2003ac38  g_ulAppStatus                         
2003ac3c  g_ulAppTimeout_ms                     
2003ac40  g_ulReloadVal                         
2003ac44  g_ulSimplelinkStatus                  
2003ac48  g_ulWatchdogCycles                    
2003ac4c  gdoor_40deg_angle                     
2003ac50  gdoor_90deg_angle                     
2003ac54  gdoor_OpenDeg_angle                   
2003ac64  g_RawMaxAngle                         
2003ac66  g_RawMinAngle                         
2003ac68  g_fMaxAngle                           
2003ac6a  g_fMinAngle                           
2003ac6c  RxIrqCnt                              
2003ac6d  avg_buffer_cnt                        
2003ac6e  captureTimeout_Flag                   
2003ac6f  checkForLight_Flag                    
2003ac70  cnt_LED_Timer                         
2003ac71  doPeriodicAction_flag                 
2003ac72  g_BlinkCount                          
2003ac73  g_I2CPeripheral_inUse_Flag            
2003ac74  g_NoOfBlinks                          
2003ac75  g_OffTime                             
2003ac76  g_OnTime                              
2003ac77  g_PhoneConnected_ToCC3200AP_flag      
2003ac78  g_Task1_Notification                  
2003ac79  g_Task3_Notification                  
2003ac7a  g_collect_timestamp                   
2003ac7c  g_flag_DataBlockFilled                
2003ac7d  g_flag_door_closing_45degree          
2003ac7e  g_frame_end                           
2003ac7f  g_ucAWBOff                            
2003ac80  g_ucAWBOn                             
2003ac81  g_ucAction                            
2003ac82  g_ucActionButton                      
2003ac83  g_ucAngle40                           
2003ac84  g_ucAngle90                           
2003ac85  g_ucCalibration                       
2003ac86  g_ucConfig                            
2003ac87  g_ucExitButton                        
2003ac88  g_ucFeedWatchdog                      
2003ac89  g_ucMagCalb                           
2003ac8a  g_ucPreviewStart                      
2003ac8b  g_ucPreviewStop                       
2003ac8c  g_ucProfileAdded                      
2003ac8d  g_ucPushButtonPressedTwice            
2003ac8e  g_ucReasonForFailure                  
2003ac8f  g_ucSAVE                              
2003ac90  iDone                                 
2003ac91  isitfirsttime                         
2003ac92  print_count                           
2003ac93  valid_case                            
2003ac98  _sys_memory                           
ffffffff  __binit__                             
ffffffff  __c_args__                            
ffffffff  binit                                 
UNDEFED   SHT$$INIT_ARRAY$$Base                 
UNDEFED   SHT$$INIT_ARRAY$$Limit                

[990 symbols]
