******************************************************************************
                  TI ARM Linker PC v5.2.2                      
******************************************************************************
>> Linked Thu Jul 09 18:14:43 2015

OUTPUT FILE NAME:   <ULP_SEC_CAM.out>
ENTRY POINT SYMBOL: "_c_int00"  address: 2001cacd


MEMORY CONFIGURATION

         name            origin    length      used     unused   attr    fill
----------------------  --------  ---------  --------  --------  ----  --------
  SRAM_BOOTLDR          20000000   00004000  00001934  000026cc  RW X
  SRAM_CODE             20004000   0001e300  0001b3fa  00002f06  RW X
  SRAM_DATA             20022300   0001dd00  0001c2fb  00001a05  RW X


SEGMENT ALLOCATION MAP

run origin  load origin   length   init length attrs members
----------  ----------- ---------- ----------- ----- -------
20000000    20000000    00000934   00000000    rw-
  20000000    20000000    00000934   00000000    rw- .data
20003000    20003000    00001000   00000000    rw-
  20003000    20003000    00001000   00000000    rw- .stack
20004000    20004000    0001b400   0001b400    r-x
  20004000    20004000    00000400   00000400    r-- .intvecs
  20004400    20004400    00019c00   00019c00    r-x .text
  2001e000    2001e000    00000eca   00000eca    r-- .const
  2001eed0    2001eed0    00000530   00000530    r-- .cinit
20022400    20022400    0001c300   00000000    rw-
  20022400    20022400    000172fb   00000000    rw- .bss
  20039700    20039700    00005000   00000000    rw- .sysmem


SECTION ALLOCATION MAP

 output                                  attributes/
section   page    origin      length       input sections
--------  ----  ----------  ----------   ----------------
.data      0    20000000    00000934     UNINITIALIZED
                  20000000    000003c9     cc3200_certificate.obj (.data:DigiCertHighAssuranceEVRootCA_der)
                  200003c9    00000001     tasks.obj (.data)
                  200003ca    00000002     --HOLE--
                  200003cc    000000f0     rtsv7M4_T_le_eabi.lib : defs.obj (.data:_ftable)
                  200004bc    000000d0                           : lowlev.obj (.data)
                  2000058c    000000b0                           : signal.obj (.data:sigtable)
                  2000063c    00000004     cc3200_certificate.obj (.data)
                  20000640    00000080     rtsv7M4_T_le_eabi.lib : xvalues.obj (.data)
                  200006c0    00000068                           : xfvalues.obj (.data)
                  20000728    00000064     network_relater_fns.obj (.data:Token)
                  2000078c    00000064     network_relater_fns.obj (.data:Value)
                  200007f0    0000003c     main.obj (.data:g_token_get)
                  2000082c    00000034     free_rtos.a : tasks.obj (.data)
                  20000860    00000024     main.obj (.data)
                  20000884    00000018     cc3200_utils.obj (.data)
                  2000089c    00000018     request.obj (.data)
                  200008b4    00000010     rtsv7M4_T_le_eabi.lib : defs.obj (.data)
                  200008c4    0000000c     free_rtos.a : osi_freertos.obj (.data)
                  200008d0    0000000c     rtsv7M4_T_le_eabi.lib : memory.obj (.data)
                  200008dc    00000009     simplelink.a : cc_pal.obj (.data)
                  200008e5    00000003     --HOLE--
                  200008e8    00000009                  : driver.obj (.data)
                  200008f1    00000003     --HOLE--
                  200008f4    00000008     camera_app.obj (.data)
                  200008fc    00000008     rtsv7M4_T_le_eabi.lib : _lock.obj (.data)
                  20000904    00000008                           : exit.obj (.data)
                  2000090c    00000008                           : feraiseexcept.obj (.data)
                  20000914    00000006     http.obj (.data)
                  2000091a    00000002     --HOLE--
                  2000091c    00000004     free_rtos.a : port.obj (.data)
                  20000920    00000004     ota.a : OtaHttp.obj (.data)
                  20000924    00000004     rtsv7M4_T_le_eabi.lib : errno.obj (.data)
                  20000928    00000004                           : fopen.obj (.data)
                  2000092c    00000004                           : rand.obj (.data)
                  20000930    00000004                           : stkdepth_vars.obj (.data)

.TI.persistent 
*          0    20000000    00000000     UNINITIALIZED

.stack     0    20003000    00001000     UNINITIALIZED
                  20003000    00001000     --HOLE--

.intvecs   0    20004000    00000400     
                  20004000    00000400     startup_ccs.obj (.intvecs)

.text      0    20004400    00019c00     
                  20004400    00001258     free_rtos.a : tasks.obj (.text)
                  20005658    000010a6     rtsv7M4_T_le_eabi.lib : _printfi.obj (.text)
                  200066fe    00000002     startup_ccs.obj (.text:BusFaultHandler)
                  20006700    00000b24     free_rtos.a : queue.obj (.text)
                  20007224    00000a08     magnetic.obj (.text:fUpdateCalibration10EIG)
                  20007c2c    00000788     magnetic.obj (.text:fUpdateCalibration4INV)
                  200083b4    00000694     magnetic.obj (.text:fUpdateCalibration7EIG)
                  20008a48    00000688     matrix.obj (.text:eigencompute)
                  200090d0    00000610     ota.a : OtaHttp.obj (.text)
                  200096e0    000005ec     simplelink.a : driver.obj (.text:_SlDrvMsgRead)
                  20009ccc    00000584     magnetic.obj (.text:iUpdateMagnetometerBuffer)
                  2000a250    000004dc     network_relater_fns.obj (.text:SimpleLinkHttpServerCallback)
                  2000a72c    000004be     cc3200_utils.obj (.text:createNewInstallationId)
                  2000abea    00000002     startup_ccs.obj (.text:FaultISR)
                  2000abec    0000045c     free_rtos.a : osi_freertos.obj (.text)
                  2000b048    0000044c     request.obj (.text:buildRequestHeaders)
                  2000b494    00000424     ota.a : OtaClient.obj (.text)
                  2000b8b8    0000040c           : OtaApp.obj (.text)
                  2000bcc4    000003dc     rtsv7M4_T_le_eabi.lib : memory.obj (.text)
                  2000c0a0    000003b8     matrix.obj (.text:fmatrixAeqInvA)
                  2000c458    0000039c     network_relater_fns.obj (.text:SimpleLinkWlanEventHandler)
                  2000c7f4    00000378     rtsv7M4_T_le_eabi.lib : powf.obj (.text)
                  2000cb6c    0000035c     ota.a : CdnClient.obj (.text)
                  2000cec8    00000354     orientation.obj (.text:feCompassAndroid)
                  2000d21c    00000354     orientation.obj (.text:feCompassWin8)
                  2000d570    00000350     orientation.obj (.text:feCompassNED)
                  2000d8c0    00000338     ota.a : LogClient.obj (.text)
                  2000dbf8    00000324     tasks.obj (.text:MagCal_Run)
                  2000df1c    0000030c     rtsv7M4_T_le_eabi.lib : lowlev.obj (.text)
                  2000e228    000002d4                           : trgdrv.obj (.text)
                  2000e4fc    000002c0     network_relater_fns.obj (.text:ConfigureSimpleLinkToDefaultState)
                  2000e7bc    000002a8     algorithm_basic.obj (.text:check_doorpos)
                  2000ea64    000002a4     wifi_provisioning_thruAPmode.obj (.text:WiFiProvisioning)
                  2000ed08    00000298     rtsv7M4_T_le_eabi.lib : vla_alloc.obj (.text)
                  2000efa0    0000026e     simplejson.obj (.text:simpleJsonProcessor)
                  2000f20e    00000002     driverlib.a : interrupt.obj (.text:IntDefaultHandler)
                  2000f210    0000026c     mt9d111.obj (.text:RegLstWrite)
                  2000f47c    00000254     lightSens_isl29035.obj (.text:configureISL29035)
                  2000f6d0    00000248     simplelink.a : driver.obj (.text:_SlDrvRxHdrRead)
                  2000f918    00000244     wifi_provisioning_thruAPmode.obj (.text:User_Configure)
                  2000fb5c    00000244     simplelink.a : wlan.obj (.text:sl_WlanConnect)
                  2000fda0    00000210     request.obj (.text:payloadSend)
                  2000ffb0    0000020c     ota.obj (.text:OTA_Run)
                  200101bc    000001f4     rtsv7M4_T_le_eabi.lib : ull_div_t2.obj (.text)
                  200103b0    000001ec     wifi_provisioning_thruAPmode.obj (.text:CalibrateMagSensor)
                  2001059c    000001e0     main_FXOS8700.obj (.text:angleCheck_Initializations)
                  2001077c    000001d0     simplelink.a : driver.obj (.text:_SlDrvReleasePoolObj)
                  2001094c    000001cc                  : driver.obj (.text:_SlDrvMsgWrite)
                  20010b18    000001c4     tasks.obj (.text:RdSensData_Run)
                  20010cdc    000001c4     rtsv7M4_T_le_eabi.lib : fopen.obj (.text)
                  20010ea0    000001c0     magnetic.obj (.text:fInvertMagCal)
                  20011060    000001bc     collect_and_txit.obj (.text:CollectTxit_ImgTempRH)
                  2001121c    000001bc     main.obj (.text:UserConfigure_Task)
                  200113d8    000001bc     rtsv7M4_T_le_eabi.lib : xflog.obj (.text)
                  20011594    000001b6                           : fd_add_t2.obj (.text)
                  2001174a    00000002     startup_ccs.obj (.text:IntDefaultHandler)
                  2001174c    000001a4     orientation.obj (.text:fQuaternionFromRotationMatrix)
                  200118f0    000001a4     cc3200_socket.obj (.text:socketSslConnect)
                  20011a94    000001a0     camera_app.obj (.text:CameraIntHandler)
                  20011c34    0000019c     rtsv7M4_T_le_eabi.lib : xfsin.obj (.text)
                  20011dd0    00000198     network_relater_fns.obj (.text:initNetwork)
                  20011f68    00000190     wifi_provisioning_thruAPmode.obj (.text:AccessPtMode_HTTPServer_Start)
                  200120f8    00000190     simplelink.a : driver.obj (.text:_SlDrvWaitForPoolObj)
                  20012288    0000018c     parse_uploads.obj (.text:ConstructDeviceStateObject)
                  20012414    0000018c     request.obj (.text:sendRequest)
                  200125a0    00000188     matrix.obj (.text:f3x3matrixAeqInvSymB)
                  20012728    00000184     flc.a : flc.obj (.text)
                  200128ac    00000180     orientation.obj (.text:fWin8AnglesDegFromRotationMatrix)
                  20012a2c    00000178     rtsv7M4_T_le_eabi.lib : tanf.obj (.text)
                  20012ba4    00000178                           : xfexp.obj (.text)
                  20012d1c    00000174     simplelink.a : driver.obj (.text:_SlDrvDriverCBInit)
                  20012e90    00000174     magnetic.obj (.text:fInitMagCalibration)
                  20013004    00000170     network_relater_fns.obj (.text:SimpleLinkNetAppEventHandler)
                  20013174    00000170     simplelink.a : driver.obj (.text:_SlFindAndSetActiveObj)
                  200132e4    00000168     ota.obj (.text:OTAServerInfoSet)
                  2001344c    00000165     network_relater_fns.obj (.text:SimpleLinkSockEventHandler)
                  200135b1    00000001     --HOLE-- [fill = 0]
                  200135b2    00000002     startup_ccs.obj (.text:NmiSR)
                  200135b4    00000164     drivers.obj (.text:FXOS8700_Init)
                  20013718    00000160     tasks.obj (.text:Fusion_Run)
                  20013878    0000015c     hibernate_related_fns.obj (.text:HIBernate)
                  200139d4    00000158     orientation.obj (.text:qAeqAxB)
                  20013b2c    00000158     orientation.obj (.text:qconjgAxB)
                  20013c84    00000150     wifi_provisioning_thruAPmode.obj (.text:CollectAngle)
                  20013dd4    0000014c     simplelink.a : cc_pal.obj (.text:spi_Open)
                  20013f20    00000144     fusion.obj (.text:fRun_6DOF_GB_BASIC)
                  20014064    0000013c     rtsv7M4_T_le_eabi.lib : fmodf.obj (.text)
                  200141a0    0000013c     simplelink.a : socket.obj (.text:sl_Select)
                  200142dc    00000138     i2cconfig.obj (.text:I2CBufferRead)
                  20014414    00000138     mt9d111.obj (.text:Register_Read)
                  2001454c    00000138     orientation.obj (.text:fLPFOrientationQuaternion)
                  20014684    00000138     orientation.obj (.text:fRotationMatrixFromQuaternion)
                  200147bc    00000136     rtsv7M4_T_le_eabi.lib : fd_div_t2.obj (.text)
                  200148f2    00000002     main.obj (.text:vApplicationIdleHook)
                  200148f4    00000134     driverlib.a : prcm.obj (.text:PRCMCC3200MCUInit)
                  20014a28    00000134     rtsv7M4_T_le_eabi.lib : fputs.obj (.text)
                  20014b5c    00000130     i2cconfig.obj (.text:I2CBufferWrite)
                  20014c8c    0000012c     i2c_app.obj (.text:i2cWriteRegisters)
                  20014db8    0000012a     free_rtos.a : list.obj (.text)
                  20014ee2    00000002     --HOLE-- [fill = 0]
                  20014ee4    00000128     simplelink.a : driver.obj (.text:_SlDrvDataReadOp)
                  2001500c    00000128     tempRHSens_si7020.obj (.text:getTempRH)
                  20015134    0000011c     camera_app.obj (.text:CaptureAndStore_Image)
                  20015250    00000118     network_relater_fns.obj (.text:ConnectToNetwork_STA)
                  20015368    00000116     drivers.obj (.text:FXOS8700_ReadData)
                  2001547e    00000002     --HOLE-- [fill = 0]
                  20015480    00000114     main.obj (.text:main)
                  20015594    00000110     free_rtos.a : port.obj (.text)
                  200156a4    00000110     rtsv7M4_T_le_eabi.lib : xdscale.obj (.text)
                  200157b4    00000110     lightSens_isl29035.obj (.text:verifyISL29035)
                  200158c4    00000110     tempRHSens_si7020.obj (.text:verifyTempRHSensor)
                  200159d4    0000010c     flash_files.obj (.text:WriteFile_ToFlash)
                  20015ae0    00000108     simplelink.a : socket.obj (.text:sl_Connect)
                  20015be8    00000108                  : socket.obj (.text:sl_Send)
                  20015cf0    00000104     dbgFns.obj (.text:Check_I2CDevices)
                  20015df4    00000104     simplelink.a : driver.obj (.text:_SlDrvDataWriteOp)
                  20015ef8    00000104                  : netapp.obj (.text:sl_NetAppDnsGetHostByName)
                  20015ffc    00000100     main.obj (.text:Main_Task_withHibernate)
                  200160fc    00000100     cc3200_client_state.obj (.text:loadClientState)
                  200161fc    000000fe     simplelink.a : netapp.obj (.text:_SlDrvNetAppEventHandler)
                  200162fa    00000002     --HOLE-- [fill = 0]
                  200162fc    000000fc     pinmux.obj (.text:PinMuxConfig)
                  200163f8    000000fc     orientation.obj (.text:fqAeqNormqA)
                  200164f4    000000fc     rtsv7M4_T_le_eabi.lib : fd_mul_t2.obj (.text)
                  200165f0    000000fa                           : fs_add_t2.obj (.text)
                  200166ea    00000002     --HOLE-- [fill = 0]
                  200166ec    000000f8     cc3200_certificate.obj (.text:ensureCertificateFile)
                  200167e4    000000f8     orientation.obj (.text:fAndroidAnglesDegFromRotationMatrix)
                  200168dc    000000f8     orientation.obj (.text:fNEDAnglesDegFromRotationMatrix)
                  200169d4    000000f8     i2c_app.obj (.text:i2cReadRegistersTwoBytes)
                  20016acc    000000f4     simplelink.a : driver.obj (.text:_SlDrvDriverCBDeinit)
                  20016bc0    000000f4     installation.obj (.text:getInstallation)
                  20016cb4    000000f4     simplelink.a : fs.obj (.text:sl_FsRead)
                  20016da8    000000f4     accelomtrMagntomtr_fxos8700.obj (.text:verifyAccelMagnSensor)
                  20016e9c    000000f2     cc3200_socket.obj (.text:socketRead)
                  20016f8e    00000002     --HOLE-- [fill = 0]
                  20016f90    000000f0     camera_app.obj (.text:DMAConfig)
                  20017080    000000f0     i2c_app.obj (.text:i2cReadRegisters)
                  20017170    000000f0     driverlib.a : udma.obj (.text:uDMAChannelTransferSet)
                  20017260    000000ec     orientation.obj (.text:fRotationVectorDegFromQuaternion)
                  2001734c    000000ec     simplelink.a : fs.obj (.text:sl_FsWrite)
                  20017438    000000e8     appFns_BatteryLevelSense.obj (.text:Get_BatteryPercent)
                  20017520    000000e0     flash_files.obj (.text:ReadFile_FromFlash)
                  20017600    000000dc     ota.obj (.text:OTA_CommitImage)
                  200176dc    000000dc     rtsv7M4_T_le_eabi.lib : setvbuf.obj (.text)
                  200177b8    000000dc     simplelink.a : cc_pal.obj (.text:spi_Read)
                  20017894    000000d8                  : driver.obj (.text:_SlDrvClassifyRxMsg)
                  2001796c    000000d8     rtsv7M4_T_le_eabi.lib : xfatan.obj (.text)
                  20017a44    000000d4     simplelink.a : device.obj (.text:sl_Stop)
                  20017b18    000000d0     rtsv7M4_T_le_eabi.lib : xfdscale.obj (.text)
                  20017be8    000000cc     approximations.obj (.text:fatan_deg)
                  20017cb4    000000cc     rtsv7M4_T_le_eabi.lib : sqrtf.obj (.text)
                  20017d80    000000c8     simplelink.a : netapp.obj (.text:_sl_HandleAsync_DnsGetHostByService)
                  20017e48    000000c8     rtsv7M4_T_le_eabi.lib : fflush.obj (.text)
                  20017f10    000000c4     main.obj (.text:Config_And_Start_CameraCapture)
                  20017fd4    000000c0     i2c_if.obj (.text:I2C_IF_Read)
                  20018094    000000c0     wifi_provisioning_thruAPmode.obj (.text:WlanConnect)
                  20018154    000000c0     simplelink.a : driver.obj (.text:_SlRemoveFromList)
                  20018214    000000be     rtsv7M4_T_le_eabi.lib : xdnorm.obj (.text)
                  200182d2    00000002     --HOLE-- [fill = 0]
                  200182d4    000000bc     i2c_if.obj (.text:I2C_IF_Write)
                  20018390    000000bc     simplelink.a : driver.obj (.text:_SlDrvMsgReadCmdCtx)
                  2001844c    000000bc     tempRHSens_si7020.obj (.text:configureTempRHSensor)
                  20018508    000000bc     rtsv7M4_T_le_eabi.lib : acosf.obj (.text)
                  200185c4    000000bc     simplelink.a : device.obj (.text:sl_Start)
                  20018680    000000ba     free_rtos.a : portasm.obj (.text)
                  2001873a    00000002     --HOLE-- [fill = 0]
                  2001873c    000000b8     simplelink.a : driver.obj (.text:_SlAsyncEventGenericHandler)
                  200187f4    000000b8     installation.obj (.text:createInstallation)
                  200188ac    000000b4     simplelink.a : netapp.obj (.text:sl_NetAppMDNSRegisterUnregisterService)
                  20018960    000000b0     app_common.obj (.text:intToASCII)
                  20018a10    000000ac     mt9d111.obj (.text:Verify_ImageSensor)
                  20018abc    000000ac     rtsv7M4_T_le_eabi.lib : _io_perm.obj (.text)
                  20018b68    000000ab     installation.obj (.text:getInstallationByIdCallback)
                  20018c13    00000001     --HOLE-- [fill = 0]
                  20018c14    000000aa     uartA1_if.obj (.text:Report)
                  20018cbe    00000002     --HOLE-- [fill = 0]
                  20018cc0    000000a8     driverlib.a : interrupt.obj (.text:IntDisable)
                  20018d68    000000a8                 : interrupt.obj (.text:IntEnable)
                  20018e10    000000a8     parse_uploads.obj (.text:UploadImageToParse)
                  20018eb8    000000a8     simplelink.a : netcfg.obj (.text:sl_NetCfgGet)
                  20018f60    000000a4     app_common.obj (.text:LED_Blink)
                  20019004    000000a0     driverlib.a : spi.obj (.text:SPIConfigSetExpClk)
                  200190a4    000000a0     cc3200_socket.obj (.text:socketWrite)
                  20019144    0000009e     matrix.obj (.text:f3x3matrixDetA)
                  200191e2    00000002     --HOLE-- [fill = 0]
                  200191e4    0000009c     simplelink.a : driver.obj (.text:_SlDrvMsgReadSpawnCtx)
                  20019280    0000009c     approximations.obj (.text:fatan2_deg)
                  2001931c    0000009c     rtsv7M4_T_le_eabi.lib : memcpy_t2.obj (.text)
                  200193b8    0000009c     simplelink.a : device.obj (.text:sl_DevGet)
                  20019454    00000098                  : fs.obj (.text:_sl_GetCreateFsMode)
                  200194ec    00000098     rtsv7M4_T_le_eabi.lib : fclose.obj (.text)
                  20019584    00000098                           : fputc.obj (.text)
                  2001961c    00000094     driverlib.a : prcm.obj (.text:PRCMPeripheralClockGet)
                  200196b0    00000094     approximations.obj (.text:facos_deg)
                  20019744    00000094     lightSens_isl29035.obj (.text:getLightsensor_data)
                  200197d8    00000094     rtsv7M4_T_le_eabi.lib : snprintf.obj (.text)
                  2001986c    00000092     parse_impl.obj (.text:parseInitialize)
                  200198fe    00000092     rtsv7M4_T_le_eabi.lib : fs_div_t2.obj (.text)
                  20019990    00000090     network_relater_fns.obj (.text:InitializeUserConfigVariables)
                  20019a20    00000090     parse_uploads.obj (.text:UploadSensorDataToParse)
                  20019ab0    0000008c     simplelink.a : cc_pal.obj (.text:SetupDMAReceive)
                  20019b3c    0000008c                  : cc_pal.obj (.text:SetupDMASend)
                  20019bc8    0000008c                  : netapp.obj (.text:_sl_HandleAsync_DnsGetHostByName)
                  20019c54    0000008c                  : netapp.obj (.text:_sl_HandleAsync_PingResponse)
                  20019ce0    0000008c     rtsv7M4_T_le_eabi.lib : xfdint.obj (.text)
                  20019d6c    0000008c     simplelink.a : cc_pal.obj (.text:spi_Write)
                  20019df8    00000088     driverlib.a : prcm.obj (.text:PRCMHibernateIntervalSet)
                  20019e80    00000088                 : pin.obj (.text:PinConfigSet)
                  20019f08    00000088     rtsv7M4_T_le_eabi.lib : vsnprintf.obj (.text)
                  20019f90    00000088     simplelink.a : fs.obj (.text:sl_FsClose)
                  2001a018    00000086     rtsv7M4_T_le_eabi.lib : fd_cmp_t2.obj (.text:__aeabi_cdcmple)
                  2001a09e    00000086                           : fd_cmp_t2.obj (.text:__aeabi_cdrcmple)
                  2001a124    00000084     timer_if.obj (.text:GetPeripheralIntNum)
                  2001a1a8    00000084     driverlib.a : i2c.obj (.text:I2CMasterInitExpClk)
                  2001a22c    00000084     simplelink.a : cc_pal.obj (.text:NwpPowerOnPreamble)
                  2001a2b0    00000084     matrix.obj (.text:f3x3matrixAeqI)
                  2001a334    00000084     fusion.obj (.text:fInit_6DOF_GB_BASIC)
                  2001a3b8    00000080     simplelink.a : driver.obj (.text:_SlDrvCmdOp)
                  2001a438    00000080                  : cc_pal.obj (.text:spi_Read_CPU)
                  2001a4b8    00000080                  : cc_pal.obj (.text:spi_Write_CPU)
                  2001a538    0000007c     network_relater_fns.obj (.text:ConfigureMode)
                  2001a5b4    0000007c     simplelink.a : device.obj (.text:_sl_HandleAsync_InitComplete)
                  2001a630    0000007c     matrix.obj (.text:fmatrixAeqI)
                  2001a6ac    0000007c     simplelink.a : fs.obj (.text:sl_FsGetInfo)
                  2001a728    0000007a     rtsv7M4_T_le_eabi.lib : fs_mul_t2.obj (.text)
                  2001a7a2    0000007a                           : memset_t2.obj (.text)
                  2001a81c    0000007a                           : xfdnorm.obj (.text)
                  2001a896    00000002     --HOLE-- [fill = 0]
                  2001a898    00000078     i2c_if.obj (.text:I2CTransact)
                  2001a910    00000078     parse_uploads.obj (.text:InitialiseParse)
                  2001a988    00000078     simplelink.a : socket.obj (.text:_sl_HandleAsync_Connect)
                  2001aa00    00000078                  : fs.obj (.text:sl_FsOpen)
                  2001aa78    00000078                  : cc_pal.obj (.text:spi_Close)
                  2001aaf0    00000076     driverlib.a : uart.obj (.text:UARTConfigSetExpClk)
                  2001ab66    00000002     --HOLE-- [fill = 0]
                  2001ab68    00000074     simplelink.a : socket.obj (.text:sl_Recv)
                  2001abdc    00000073     installation.obj (.text:getInstallationCallback)
                  2001ac4f    00000001     --HOLE-- [fill = 0]
                  2001ac50    00000072     timer_if.obj (.text:Timer_IF_IntSetup)
                  2001acc2    00000002     --HOLE-- [fill = 0]
                  2001acc4    00000070     batteryVoltLvlSens_adc081c021.obj (.text:Get_BatteryVoltageLevel_ADC081C021)
                  2001ad34    0000006c     camera_app.obj (.text:CamControllerInit)
                  2001ada0    0000006c     udma_if.obj (.text:UDMAInit)
                  2001ae0c    0000006c     simplelink.a : driver.obj (.text:_SlDrvCmdSend)
                  2001ae78    0000006c     matrix.obj (.text:f3x3matrixAeqMinusA)
                  2001aee4    0000006c     request.obj (.text:parseSendRequestInternal)
                  2001af50    0000006c     rtsv7M4_T_le_eabi.lib : autoinit.obj (.text)
                  2001afbc    0000006c                           : fprintf.obj (.text)
                  2001b028    0000006a     matrix.obj (.text:f3x3matrixAeqAxScalar)
                  2001b092    0000006a     rtsv7M4_T_le_eabi.lib : copy_decompress_rle.obj (.text)
                  2001b0fc    00000069     http.obj (.text:beginHttpGetRequest)
                  2001b165    00000003     --HOLE-- [fill = 0]
                  2001b168    00000068     driverlib.a : prcm.obj (.text:PRCMHibernateWakeUpGPIOSelect)
                  2001b1d0    00000068     mt9d111.obj (.text:StartSensorInJpegMode)
                  2001b238    00000068     simplelink.a : netapp.obj (.text:_sl_NetAppSendTokenValue)
                  2001b2a0    00000068     cc3200_utils.obj (.text:fetchDeviceOSVersion)
                  2001b308    00000068     rtsv7M4_T_le_eabi.lib : trgmsg.obj (.text)
                  2001b370    00000068     simplelink.a : device.obj (.text:sl_DevSet)
                  2001b3d8    00000068                  : netcfg.obj (.text:sl_NetCfgSet)
                  2001b440    00000068                  : socket.obj (.text:sl_SetSockOpt)
                  2001b4a8    00000068                  : wlan.obj (.text:sl_WlanSet)
                  2001b510    00000066     matrix.obj (.text:f3x3matrixAeqScalar)
                  2001b576    00000066     rtsv7M4_T_le_eabi.lib : xdunscal.obj (.text)
                  2001b5dc    00000064                           : fseek.obj (.text)
                  2001b640    00000064     cc3200_socket.obj (.text:socketWait)
                  2001b6a4    00000064     tempRHSens_si7020.obj (.text:softResetTempRHSensor)
                  2001b708    00000064     driverlib.a : udma.obj (.text:uDMAChannelAttributeDisable)
                  2001b76c    00000064                 : udma.obj (.text:uDMAChannelAttributeEnable)
                  2001b7d0    00000060     rtsv7M4_T_le_eabi.lib : fs_cmp_t2.obj (.text:__aeabi_cfcmple)
                  2001b830    00000060                           : fs_cmp_t2.obj (.text:__aeabi_cfrcmple)
                  2001b890    00000060     simplelink.a : socket.obj (.text:_sl_HandleAsync_Accept)
                  2001b8f0    00000060     main_FXOS8700.obj (.text:fxosDefault_Initializations)
                  2001b950    00000060     accelomtrMagntomtr_fxos8700.obj (.text:getMagntData)
                  2001b9b0    00000060     rtsv7M4_T_le_eabi.lib : sprintf.obj (.text)
                  2001ba10    00000060     simplelink.a : wlan.obj (.text:sl_WlanPolicySet)
                  2001ba70    0000005c     ota.obj (.text:OTA_Init)
                  2001bacc    0000005c     lightSens_isl29035.obj (.text:getLightsensor_intrptStatus)
                  2001bb28    0000005c     simplelink.a : socket.obj (.text:sl_Socket)
                  2001bb84    00000058     driverlib.a : interrupt.obj (.text:IntPendClear)
                  2001bbdc    00000058                 : prcm.obj (.text:PRCMPeripheralReset)
                  2001bc34    00000056     rtsv7M4_T_le_eabi.lib : ltoa.obj (.text)
                  2001bc8a    00000056                           : xfdunsca.obj (.text)
                  2001bce0    00000054     driverlib.a : interrupt.obj (.text:IntPrioritySet)
                  2001bd34    00000054     simplelink.a : socket.obj (.text:_sl_HandleAsync_Select)
                  2001bd88    00000054     approximations.obj (.text:fasin_deg)
                  2001bddc    00000054     request.obj (.text:headerSend)
                  2001be30    00000054     simplelink.a : wlan.obj (.text:sl_WlanRxFilterSet)
                  2001be84    00000051     installation.obj (.text:createInstallationCallback)
                  2001bed5    00000003     --HOLE-- [fill = 0]
                  2001bed8    00000050     i2c_if.obj (.text:I2C_IF_Open)
                  2001bf28    00000050     simplelink.a : device.obj (.text:_sl_HandleAsync_Stop)
                  2001bf78    00000050     mt9d111.obj (.text:disableAE)
                  2001bfc8    00000050     mt9d111.obj (.text:disableAWB)
                  2001c018    00000050     rtsv7M4_T_le_eabi.lib : fs_toull_t2.obj (.text)
                  2001c068    00000050     simplelink.a : fs.obj (.text:sl_FsDel)
                  2001c0b8    0000004c     tasks.obj (.text:RdSensData_Init)
                  2001c104    0000004c     driverlib.a : spi.obj (.text:SPIIntEnable)
                  2001c150    0000004c     simplelink.a : driver.obj (.text:_SlDrvProtectAsyncRespSetting)
                  2001c19c    0000004c                  : driver.obj (.text:_SlDrvRxIrqHandler)
                  2001c1e8    0000004c                  : socket.obj (.text:_sl_BuildAddress)
                  2001c234    0000004c     rtsv7M4_T_le_eabi.lib : atoi.obj (.text)
                  2001c280    0000004c                           : atol.obj (.text)
                  2001c2cc    0000004c                           : cpy_tbl.obj (.text)
                  2001c318    0000004c                           : rand.obj (.text)
                  2001c364    0000004c     driverlib.a : udma.obj (.text:uDMAChannelAssign)
                  2001c3b0    0000004a     rtsv7M4_T_le_eabi.lib : fd_tos_t2.obj (.text)
                  2001c3fa    00000002     --HOLE-- [fill = 0]
                  2001c3fc    00000048     driverlib.a : prcm.obj (.text:PRCMHibernateWakeupSourceDisable)
                  2001c444    00000048                 : prcm.obj (.text:PRCMHibernateWakeupSourceEnable)
                  2001c48c    00000048                 : spi.obj (.text:SPIIntClear)
                  2001c4d4    00000048     simplelink.a : driver.obj (.text:_SlDrvBasicCmd)
                  2001c51c    00000048     http.obj (.text:addHttpRequestLine)
                  2001c564    00000048     approximations.obj (.text:fatan_15deg)
                  2001c5ac    00000048     rtsv7M4_T_le_eabi.lib : fd_toi_t2.obj (.text)
                  2001c5f4    00000046                           : ldexp.obj (.text)
                  2001c63a    00000002     --HOLE-- [fill = 0]
                  2001c63c    00000044     driverlib.a : spi.obj (.text:SPIDmaMaskGet)
                  2001c680    00000044                 : timer.obj (.text:TimerConfigure)
                  2001c6c4    00000044     udma_if.obj (.text:UDMASetupTransfer)
                  2001c708    00000044     simplelink.a : cc_pal.obj (.text:cc_SetupTransfer)
                  2001c74c    00000044     main_FXOS8700.obj (.text:fxos_Calibration)
                  2001c790    00000044     rtsv7M4_T_le_eabi.lib : exit.obj (.text)
                  2001c7d4    00000044                           : fd_tou_t2.obj (.text)
                  2001c818    00000043     ota.obj (.text:OTA_Update)
                  2001c85b    00000001     --HOLE-- [fill = 0]
                  2001c85c    00000042     simplelink.a : socket.obj (.text:sl_Htonl)
                  2001c89e    00000002     --HOLE-- [fill = 0]
                  2001c8a0    00000040     driverlib.a : pin.obj (.text:PinModeSet)
                  2001c8e0    00000040     http.obj (.text:getHttpResponseBody)
                  2001c920    00000040     rtsv7M4_T_le_eabi.lib : signal.obj (.text)
                  2001c960    0000003e     appflile_lightSensor.obj (.text:IsLightOff)
                  2001c99e    0000003e     rtsv7M4_T_le_eabi.lib : strncasecmp.obj (.text)
                  2001c9dc    0000003c     simplelink.a : netapp.obj (.text:CopyPingResultsToReport)
                  2001ca18    0000003c     tasks.obj (.text:Fusion_Init)
                  2001ca54    0000003c     driverlib.a : prcm.obj (.text:PRCMPeripheralClkEnable)
                  2001ca90    0000003c     simplelink.a : socket.obj (.text:_sl_TruncatePayloadByProtocol)
                  2001cacc    0000003c     rtsv7M4_T_le_eabi.lib : boot.obj (.text)
                  2001cb08    0000003c     simplelink.a : socket.obj (.text:sl_Htons)
                  2001cb44    0000003c     timer_fns.obj (.text:start_100mSecTimer)
                  2001cb80    0000003c     driverlib.a : udma.obj (.text:uDMAChannelControlSet)
                  2001cbbc    0000003a                 : camera.obj (.text:CameraCaptureStop)
                  2001cbf6    0000003a                 : camera.obj (.text:CameraXClkConfig)
                  2001cc30    0000003a     orientation.obj (.text:fLPFScalar)
                  2001cc6a    0000003a     request.obj (.text:parseSendRequest)
                  2001cca4    00000039     http.obj (.text:addHttpRequestHeader)
                  2001ccdd    00000003     --HOLE-- [fill = 0]
                  2001cce0    00000038     simplelink.a : cc_pal.obj (.text:NwpPowerOff)
                  2001cd18    00000038     free_rtos.a : heap_3.obj (.text)
                  2001cd50    00000038     rtsv7M4_T_le_eabi.lib : fs_tod_t2.obj (.text)
                  2001cd88    00000038                           : fs_toi_t2.obj (.text)
                  2001cdc0    00000038                           : i_tofs_t2.obj (.text)
                  2001cdf8    00000036     driverlib.a : gpio.obj (.text:GPIODirModeSet)
                  2001ce2e    00000036     simplelink.a : netapp.obj (.text:sl_NetAppMDNSUnRegisterService)
                  2001ce64    00000035     http.obj (.text:beginHttpRequest)
                  2001ce99    00000001     --HOLE-- [fill = 0]
                  2001ce9a    00000034     driverlib.a : camera.obj (.text:CameraParamsConfig)
                  2001cece    00000002     --HOLE-- [fill = 0]
                  2001ced0    00000034     timer_fns.obj (.text:IntHandler_100mSecTimer)
                  2001cf04    00000034     driverlib.a : prcm.obj (.text:PRCMPeripheralStatusGet)
                  2001cf38    00000034                 : spi.obj (.text:SPIFIFOLevelSet)
                  2001cf6c    00000034     http.obj (.text:getHttpResponseStatus)
                  2001cfa0    00000034     main_FXOS8700.obj (.text:get_angle)
                  2001cfd4    00000034     rtsv7M4_T_le_eabi.lib : feraiseexcept.obj (.text)
                  2001d008    00000034                           : fs_tou_t2.obj (.text)
                  2001d03c    00000034                           : strstr.obj (.text)
                  2001d070    00000032     timer_if.obj (.text:Timer_IF_Init)
                  2001d0a2    00000030     driverlib.a : pin.obj (.text:PinTypeGPIO)
                  2001d0d2    00000002     --HOLE-- [fill = 0]
                  2001d0d4    00000030                 : uart.obj (.text:UARTDisable)
                  2001d104    00000030     simplelink.a : device.obj (.text:_SlDrvDeviceEventHandler)
                  2001d134    00000030                  : fs.obj (.text:_sl_Strlen)
                  2001d164    00000030     main_FXOS8700.obj (.text:angleCheck)
                  2001d194    00000030     rtsv7M4_T_le_eabi.lib : strncpy.obj (.text)
                  2001d1c4    00000030                           : xferaise.obj (.text)
                  2001d1f4    00000030     simplelink.a : socket.obj (.text:sl_Close)
                  2001d224    00000030                  : wlan.obj (.text:sl_WlanProfileDel)
                  2001d254    00000030                  : wlan.obj (.text:sl_WlanSetMode)
                  2001d284    0000002e     rtsv7M4_T_le_eabi.lib : i_tofd_t2.obj (.text)
                  2001d2b2    0000002e                           : raise.obj (.text)
                  2001d2e0    0000002d     http.obj (.text:addHttpRequestHeaderInt)
                  2001d30d    00000003     --HOLE-- [fill = 0]
                  2001d310    0000002c     tasks.obj (.text:ApplyMagHAL)
                  2001d33c    0000002c     driverlib.a : camera.obj (.text:CameraIntEnable)
                  2001d368    0000002c     simplelink.a : cc_pal.obj (.text:DmaSpiSwIntHandler)
                  2001d394    0000002c     driverlib.a : i2c.obj (.text:I2CMasterErr)
                  2001d3c0    0000002c     simplelink.a : cc_pal.obj (.text:NwpPowerOn)
                  2001d3ec    0000002c     driverlib.a : prcm.obj (.text:PRCMSysResetCauseGet)
                  2001d418    0000002c     mt9d111.obj (.text:SoftReset_ImageSensor)
                  2001d444    0000002c     cc3200_utils.obj (.text:getDeviceTimeDate)
                  2001d470    0000002c     request.obj (.text:setDataBufferPointer)
                  2001d49c    0000002a     driverlib.a : timer.obj (.text:TimerLoadSet)
                  2001d4c6    0000002a                 : timer.obj (.text:TimerPrescaleSet)
                  2001d4f0    0000002a     rtsv7M4_T_le_eabi.lib : xdclass.obj (.text)
                  2001d51a    00000002     --HOLE-- [fill = 0]
                  2001d51c    00000028     driverlib.a : camera.obj (.text:CameraIntStatus)
                  2001d544    00000028     uartA1_if.obj (.text:InitTerm)
                  2001d56c    00000028     uartA1_if.obj (.text:Message)
                  2001d594    00000028     driverlib.a : prcm.obj (.text:PRCMPeripheralClkDisable)
                  2001d5bc    00000028     rtsv7M4_T_le_eabi.lib : strncat.obj (.text)
                  2001d5e4    00000028     simplelink.a : netapp.obj (.text:sl_NetAppStart)
                  2001d60c    00000028                  : netapp.obj (.text:sl_NetAppStop)
                  2001d634    00000026     driverlib.a : camera.obj (.text:CameraThresholdSet)
                  2001d65a    00000026     simplelink.a : cc_pal.obj (.text:NwpRegisterInterruptHandler)
                  2001d680    00000026     rtsv7M4_T_le_eabi.lib : strncmp.obj (.text)
                  2001d6a6    00000002     --HOLE-- [fill = 0]
                  2001d6a8    00000024     driverlib.a : camera.obj (.text:CameraIntClear)
                  2001d6cc    00000024                 : interrupt.obj (.text:IntUnregister)
                  2001d6f0    00000024     timer_if.obj (.text:Timer_IF_Start)
                  2001d714    00000024     driverlib.a : uart.obj (.text:UARTEnable)
                  2001d738    00000024     mt9d111.obj (.text:WriteAllAEnAWBRegs)
                  2001d75c    00000024     simplelink.a : driver.obj (.text:_SlDrvProtectionObjLockWaitForever)
                  2001d780    00000024     rtsv7M4_T_le_eabi.lib : u_tofs_t2.obj (.text)
                  2001d7a4    00000022     driverlib.a : i2c.obj (.text:I2CMasterSlaveAddrSet)
                  2001d7c6    00000022     simplelink.a : socket.obj (.text:SL_FD_SET)
                  2001d7e8    00000022     driverlib.a : spi.obj (.text:SPIReset)
                  2001d80a    00000022                 : spi.obj (.text:SPIWordCountSet)
                  2001d82c    00000022     rtsv7M4_T_le_eabi.lib : frexp.obj (.text)
                  2001d84e    00000022                           : memcmp.obj (.text)
                  2001d870    00000020     driverlib.a : gpio.obj (.text:GPIOPinWrite)
                  2001d890    00000020                 : interrupt.obj (.text:IntRegister)
                  2001d8b0    00000020     mt9d111.obj (.text:Refresh_mt9d111Firmware)
                  2001d8d0    00000020     simplelink.a : driver.obj (.text:_SlDrvProtectionObjUnLock)
                  2001d8f0    00000020     rtsv7M4_T_le_eabi.lib : memchr.obj (.text)
                  2001d910    00000020                           : u_tofd_t2.obj (.text)
                  2001d930    0000001e     driverlib.a : i2c.obj (.text:I2CMasterIntStatusEx)
                  2001d94e    0000001e                 : timer.obj (.text:TimerDisable)
                  2001d96c    0000001e                 : timer.obj (.text:TimerEnable)
                  2001d98a    0000001e                 : timer.obj (.text:TimerIntStatus)
                  2001d9a8    0000001e                 : uart.obj (.text:UARTCharPut)
                  2001d9c6    0000001e     simplelink.a : cc_pal.obj (.text:cc_UDMAChannelSelect)
                  2001d9e4    0000001e     rtsv7M4_T_le_eabi.lib : strcat.obj (.text)
                  2001da02    00000002     --HOLE-- [fill = 0]
                  2001da04    0000001c     tasks.obj (.text:ApplyAccelHAL)
                  2001da20    0000001c     main.obj (.text:BoardInit)
                  2001da3c    0000001c     mt9d111.obj (.text:CameraSensorInit)
                  2001da58    0000001c     udma_if.obj (.text:DmaSwIntHandler)
                  2001da74    0000001c     driverlib.a : pin.obj (.text:PinTypeI2C)
                  2001da90    0000001c     simplelink.a : driver.obj (.text:_SlDrvObjLockWaitForever)
                  2001daac    0000001c                  : driver.obj (.text:_SlDrvSyncObjWaitForever)
                  2001dac8    0000001c     rtsv7M4_T_le_eabi.lib : memccpy.obj (.text)
                  2001dae4    0000001c     timer_fns.obj (.text:stop_100mSecTimer)
                  2001db00    0000001c     driverlib.a : udma.obj (.text:uDMAChannelDisable)
                  2001db1c    0000001c                 : udma.obj (.text:uDMAChannelEnable)
                  2001db38    0000001c     main.obj (.text:vApplicationMallocFailedHook)
                  2001db54    0000001a     driverlib.a : pin.obj (.text:PinTypeCamera)
                  2001db6e    0000001a                 : pin.obj (.text:PinTypeUART)
                  2001db88    0000001a                 : spi.obj (.text:SPIDmaDisable)
                  2001dba2    0000001a                 : spi.obj (.text:SPIDmaEnable)
                  2001dbbc    0000001a                 : spi.obj (.text:SPIFIFODisable)
                  2001dbd6    0000001a                 : spi.obj (.text:SPIFIFOEnable)
                  2001dbf0    00000018                 : camera.obj (.text:CameraReset)
                  2001dc08    00000018                 : gpio.obj (.text:GPIOPinRead)
                  2001dc20    00000018                 : prcm.obj (.text:PRCMHibernateEnter)
                  2001dc38    00000018                 : spi.obj (.text:SPICSDisable)
                  2001dc50    00000018                 : spi.obj (.text:SPICSEnable)
                  2001dc68    00000018                 : spi.obj (.text:SPIDisable)
                  2001dc80    00000018                 : spi.obj (.text:SPIEnable)
                  2001dc98    00000018                 : timer.obj (.text:TimerIntEnable)
                  2001dcb0    00000018     timer_if.obj (.text:Timer_IF_InterruptClear)
                  2001dcc8    00000018     simplelink.a : driver.obj (.text:_SlDrvObjUnLock)
                  2001dce0    00000018                  : driver.obj (.text:_SlDrvSyncObjSignal)
                  2001dcf8    00000018                  : device.obj (.text:_sl_GetStartResponseConvert)
                  2001dd10    00000018     rtsv7M4_T_le_eabi.lib : args_main.obj (.text)
                  2001dd28    00000018                           : strcmp.obj (.text)
                  2001dd40    00000016     driverlib.a : camera.obj (.text:CameraDMAEnable)
                  2001dd56    00000016                 : camera.obj (.text:CameraIntRegister)
                  2001dd6c    00000016                 : i2c.obj (.text:I2CMasterDataPut)
                  2001dd82    00000016                 : i2c.obj (.text:I2CMasterEnable)
                  2001dd98    00000016                 : prcm.obj (.text:PRCMHIBRegRead)
                  2001ddae    00000016                 : prcm.obj (.text:PRCMHIBRegWrite)
                  2001ddc4    00000016     simplelink.a : driver.obj (.text:_SlDrvMemZero)
                  2001ddda    00000016     rtsv7M4_T_le_eabi.lib : strchr.obj (.text)
                  2001ddf0    00000014     driverlib.a : cpu.obj (.text:CPUcpsie)
                  2001de04    00000014                 : interrupt.obj (.text:IntVTableBaseSet)
                  2001de18    00000014     app_common.obj (.text:LED_Off)
                  2001de2c    00000014     app_common.obj (.text:LED_On)
                  2001de40    00000014     rtsv7M4_T_le_eabi.lib : _lock.obj (.text)
                  2001de54    00000014                           : strcpy.obj (.text)
                  2001de68    00000014                           : strlen.obj (.text)
                  2001de7c    00000014     driverlib.a : udma.obj (.text:uDMAControlBaseSet)
                  2001de90    00000014                 : udma.obj (.text:uDMAIntClear)
                  2001dea4    00000012                 : i2c.obj (.text:I2CMasterControl)
                  2001deb6    00000012                 : i2c.obj (.text:I2CMasterIntClearEx)
                  2001dec8    00000012                 : i2c.obj (.text:I2CMasterTimeoutSet)
                  2001deda    00000012                 : timer.obj (.text:TimerIntClear)
                  2001deec    00000010                 : prcm.obj (.text:PRCMSOCReset)
                  2001defc    00000010     simplelink.a : socket.obj (.text:SL_FD_ZERO)
                  2001df0c    00000010     timer_if.obj (.text:Timer_IF_Stop)
                  2001df1c    00000010     cc3200_socket.obj (.text:socketClose)
                  2001df2c    0000000e     driverlib.a : i2c.obj (.text:I2CMasterDataGet)
                  2001df3a    0000000e     simplelink.a : driver.obj (.text:_SlDrvResetCmdExt)
                  2001df48    0000000e     rtsv7M4_T_le_eabi.lib : copy_decompress_none.obj (.text:decompress:none)
                  2001df56    0000000c     udma_if.obj (.text:DmaErrorIntHandler)
                  2001df62    00000002     --HOLE-- [fill = 0]
                  2001df64    0000000c     simplelink.a : cc_pal.obj (.text:NwpMaskInterrupt)
                  2001df70    0000000c                  : cc_pal.obj (.text:NwpUnMaskInterrupt)
                  2001df7c    0000000c     rtsv7M4_T_le_eabi.lib : copy_zero_init.obj (.text:decompress:ZI)
                  2001df88    0000000c     parse_impl.obj (.text:getInternalClient)
                  2001df94    0000000c     simplelink.a : wlan.obj (.text:sl_WlanDisconnect)
                  2001dfa0    0000000c     driverlib.a : udma.obj (.text:uDMAEnable)
                  2001dfac    0000000c                 : udma.obj (.text:uDMAIntStatus)
                  2001dfb8    0000000a                 : interrupt.obj (.text:IntMasterEnable)
                  2001dfc2    0000000a     main.obj (.text:vApplicationStackOverflowHook)
                  2001dfcc    00000008     hibernate_related_fns.obj (.text:sensorsTriggerSetup)
                  2001dfd4    00000006     i2cconfig.obj (.text:MT9D111Delay)
                  2001dfda    00000006     startup_ccs.obj (.text:ResetISR)
                  2001dfe0    00000006     driverlib.a : utils.obj (.text:UtilsDelay)
                  2001dfe6    00000006     rtsv7M4_T_le_eabi.lib : copy_decompress_rle.obj (.text:decompress:rle24)
                  2001dfec    00000006                           : logf.obj (.text)
                  2001dff2    00000006                           : sinf.obj (.text)
                  2001dff8    00000004                           : error.obj (.text)
                  2001dffc    00000004                           : pre_init.obj (.text)

.const     0    2001e000    00000eca     
                  2001e000    0000013c     mt9d111.obj (.const:init_cmds_list)
                  2001e13c    00000101     rtsv7M4_T_le_eabi.lib : ctype.obj (.const:.string:_ctypes_)
                  2001e23d    00000003     --HOLE-- [fill = 0]
                  2001e240    00000100     driverlib.a : pin.obj (.const:g_ulPinToPadMap)
                  2001e340    000000d4                 : interrupt.obj (.const:g_pulRegs)
                  2001e414    000000d0     mt9d111.obj (.const)
                  2001e4e4    000000c4     mt9d111.obj (.const:capture_cmds_list)
                  2001e5a8    000000b0     simplelink.a : wlan.obj (.const:$P$T0$1)
                  2001e658    000000a8     driverlib.a : prcm.obj (.const:PRCM_PeriphRegsList)
                  2001e700    00000080                 : interrupt.obj (.const)
                  2001e780    00000072     lightSens_isl29035.obj (.const:.string)
                  2001e7f2    0000006a     wifi_provisioning_thruAPmode.obj (.const:.string)
                  2001e85c    00000068     appFns_BatteryLevelSense.obj (.const:V2CEntry$1)
                  2001e8c4    0000005b     camera_app.obj (.const:.string)
                  2001e91f    00000050     accelomtrMagntomtr_fxos8700.obj (.const:.string)
                  2001e96f    00000001     --HOLE-- [fill = 0]
                  2001e970    0000004c     mt9d111.obj (.const:$P$T4$5)
                  2001e9bc    0000004b     tempRHSens_si7020.obj (.const:.string)
                  2001ea07    00000042     mt9d111.obj (.const:.string)
                  2001ea49    00000040     network_relater_fns.obj (.const:.string)
                  2001ea89    0000003c     i2c_app.obj (.const:.string)
                  2001eac5    00000001     --HOLE-- [fill = 0]
                  2001eac6    0000003c     simplelink.a : driver.obj (.const:OpcodeTranslateTable)
                  2001eb02    0000003c                  : wlan.obj (.const)
                  2001eb3e    00000002     --HOLE-- [fill = 0]
                  2001eb40    00000038                  : driver.obj (.const:_SlActionLookupTable)
                  2001eb78    00000038     rtsv7M4_T_le_eabi.lib : xflog.obj (.const)
                  2001ebb0    00000038     simplelink.a : fs.obj (.const)
                  2001ebe8    00000036     flash_files.obj (.const:.string)
                  2001ec1e    00000002     --HOLE-- [fill = 0]
                  2001ec20    00000034     rtsv7M4_T_le_eabi.lib : xfatan.obj (.const)
                  2001ec54    00000034     simplelink.a : driver.obj (.const)
                  2001ec88    00000034                  : socket.obj (.const)
                  2001ecbc    0000002c     network_relater_fns.obj (.const:$P$T1$2)
                  2001ece8    0000002b     parse_uploads.obj (.const:.string)
                  2001ed13    00000001     --HOLE-- [fill = 0]
                  2001ed14    00000028     rtsv7M4_T_le_eabi.lib : xfdint.obj (.const)
                  2001ed3c    00000028                           : xfsin.obj (.const)
                  2001ed64    00000028     simplelink.a : netapp.obj (.const)
                  2001ed8c    00000024     main.obj (.const:.string)
                  2001edb0    00000023     batteryVoltLvlSens_adc081c021.obj (.const:.string:$P$T0$1)
                  2001edd3    00000022     network_relater_fns.obj (.const:.string:$P$T0$1)
                  2001edf5    00000003     --HOLE-- [fill = 0]
                  2001edf8    0000001c     rtsv7M4_T_le_eabi.lib : tanf.obj (.const)
                  2001ee14    0000001c                           : xfexp.obj (.const)
                  2001ee30    00000018     driverlib.a : spi.obj (.const)
                  2001ee48    00000017     request.obj (.const:.string)
                  2001ee5f    00000016     collect_and_txit.obj (.const:.string)
                  2001ee75    00000014     network_relater_fns.obj (.const)
                  2001ee89    00000001     --HOLE-- [fill = 0]
                  2001ee8a    00000014     simplelink.a : device.obj (.const)
                  2001ee9e    00000010                  : socket.obj (.const:.string)
                  2001eeae    0000000b     app_common.obj (.const:.string)
                  2001eeb9    00000008     simplelink.a : device.obj (.const:.string)
                  2001eec1    00000001     --HOLE-- [fill = 0]
                  2001eec2    00000008                  : netcfg.obj (.const)

.cinit     0    2001eed0    00000530     
                  2001eed0    00000506     (.cinit..data.load) [load image, compression = rle]
                  2001f3d6    00000002     --HOLE-- [fill = 0]
                  2001f3d8    0000000c     (__TI_handler_table)
                  2001f3e4    00000004     --HOLE-- [fill = 0]
                  2001f3e8    00000008     (.cinit..bss.load) [load image, compression = zero_init]
                  2001f3f0    00000010     (__TI_cinit_table)

.init_array 
*          0    20004000    00000000     UNINITIALIZED

.bss       0    20022400    000172fb     UNINITIALIZED
                  20022400    00014000     main.obj (.bss:g_image_buffer)
                  20036400    00000b58     tasks.obj (.bss:thisMagBuffer)
                  20036f58    000005a0     ota.a : OtaHttp.obj (.bss:recv_buf)
                  200374f8    0000044c           : OtaClient.obj (.bss:g_OtaCheckUpdateResponse)
                  20037944    00000418     wifi_provisioning_thruAPmode.obj (.bss:thisMagCal)
                  20037d5c    00000240     ota.obj (.bss:g_otaOptServerInfo)
                  20037f9c    00000058     tasks.obj (.bss:thisMag)
                  20037ff4    0000000c     (.common:g_SecParams)
                  20038000    00000400     udma_if.obj (.bss:gpCtlTbl)
                  20038400    000003d8     ota.a : OtaClient.obj (.bss:g_OtaFileMetadata)
                  200387d8    00000370     main.obj (.bss:g_NetEntries)
                  20038b48    00000200     ota.a : OtaHttp.obj (.bss:send_buf)
                  20038d48    00000178     simplelink.a : driver.obj (.bss:g_StatMem)
                  20038ec0    00000120     rtsv7M4_T_le_eabi.lib : trgmsg.obj (.bss:__CIOBUF_)
                  20038fe0    00000100     udma_if.obj (.bss:gfpAppCallbackHndl)
                  200390e0    000000c8     free_rtos.a : tasks.obj (.bss:pxReadyTasksLists)
                  200391a8    000000ac     tasks.obj (.bss:thisSV_6DOF_GB_BASIC)
                  20039254    000000a0     rtsv7M4_T_le_eabi.lib : defs.obj (.bss:__TI_tmpnams)
                  200392f4    00000074     ota.a : CdnClient.obj (.bss:g_CdnClient)
                  20039368    00000050     simplelink.a : cc_pal.obj (.bss:g_ucDinDout)
                  200393b8    00000050     free_rtos.a : queue.obj (.bss:xQueueRegistry)
                  20039408    0000004c     ota.a : OtaApp.obj (.bss:g_OtaApp)
                  20039454    0000004c           : OtaApp.obj (.bss:g_OtaApp_statistics)
                  200394a0    00000034     cc3200_client_state.obj (.bss:clientStateFileName)
                  200394d4    00000034     main.obj (.bss:g_cWlanSecurityKey)
                  20039508    00000034     tasks.obj (.bss:thisAccel)
                  2003953c    00000024     ota.a : OtaClient.obj (.bss:g_OtaClient)
                  20039560    00000024     main.obj (.bss:g_cWlanSSID)
                  20039584    00000024     main.obj (.bss:g_ucConnectionSSID)
                  200395a8    0000001c     rtsv7M4_T_le_eabi.lib : vla_alloc.obj (.bss)
                  200395c4    00000014     (.common:g_FlcSflashCb)
                  200395d8    00000014     (.common:g_flag_blockFull)
                  200395ec    00000014     (.common:xDelayedTaskList1)
                  20039600    00000014     (.common:xDelayedTaskList2)
                  20039614    00000014     (.common:xPendingReadyList)
                  20039628    00000014     (.common:xSuspendedTaskList)
                  2003963c    00000014     (.common:xTasksWaitingTermination)
                  20039650    00000010     (.common:ang_buf)
                  20039660    00000010     (.common:globals)
                  20039670    00000010     (.common:mqxglobals)
                  20039680    00000008     (.common:g_LogClient)
                  20039688    00000008     (.common:g_ucConnectionBSSID)
                  20039690    00000008     (.common:parmbuf)
                  20039698    00000008     (.common:sBootInfo)
                  200396a0    00000004     (.common:DMAMsgQ)
                  200396a4    00000004     (.common:Elapsed_100MilliSecs)
                  200396a8    00000004     (.common:__Errorlog)
                  200396ac    00000004     (.common:angle_avg)
                  200396b0    00000004     (.common:dataBuffer)
                  200396b4    00000004     (.common:g_block_lastFilled)
                  200396b8    00000004     (.common:g_cDummy)
                  200396bc    00000004     (.common:g_cWlanSecurityType)
                  200396c0    00000004     (.common:g_frame_size_in_bytes)
                  200396c4    00000004     (.common:g_position_in_block)
                  200396c8    00000004     (.common:g_readHeader)
                  200396cc    00000004     (.common:g_total_dma_intrpts)
                  200396d0    00000004     (.common:g_ulAppStatus)
                  200396d4    00000004     (.common:gdoor_40deg_angle)
                  200396d8    00000004     (.common:gdoor_90deg_angle)
                  200396dc    00000004     (.common:pvOtaApp)
                  200396e0    00000004     (.common:pxDelayedTaskList)
                  200396e4    00000004     (.common:pxOverflowDelayedTaskList)
                  200396e8    00000001     (.common:RxIrqCnt)
                  200396e9    00000001     (.common:avg_buffer_cnt)
                  200396ea    00000001     (.common:checkForLight_Flag)
                  200396eb    00000001     (.common:g_dma_txn_done)
                  200396ec    00000001     (.common:g_flag_DataBlockFilled)
                  200396ed    00000001     (.common:g_flag_door_closing_45degree)
                  200396ee    00000001     (.common:g_frame_end)
                  200396ef    00000001     (.common:g_ucAngle40)
                  200396f0    00000001     (.common:g_ucAngle90)
                  200396f1    00000001     (.common:g_ucCalibration)
                  200396f2    00000001     (.common:g_ucConfig)
                  200396f3    00000001     (.common:g_ucExitButton)
                  200396f4    00000001     (.common:g_ucMagCalb)
                  200396f5    00000001     (.common:g_ucProfileAdded)
                  200396f6    00000001     (.common:g_ucPushButtonPressedTwice)
                  200396f7    00000001     (.common:iDone)
                  200396f8    00000001     (.common:isitfirsttime)
                  200396f9    00000001     (.common:print_count)
                  200396fa    00000001     (.common:valid_case)

.TI.noinit 
*          0    20022400    00000000     UNINITIALIZED

.sysmem    0    20039700    00005000     UNINITIALIZED
                  20039700    00000008     rtsv7M4_T_le_eabi.lib : memory.obj (.sysmem)
                  20039708    00004ff8     --HOLE--


LINKER GENERATED COPY TABLES

__TI_cinit_table @ 2001f3f0 records: 2, size/record: 8, table size: 16
	.data: load addr=2001eed0, load size=00000506 bytes, run addr=20000000, run size=00000934 bytes, compression=rle
	.bss: load addr=2001f3e8, load size=00000008 bytes, run addr=20022400, run size=000172fb bytes, compression=zero_init


LINKER GENERATED HANDLER TABLE

__TI_handler_table @ 2001f3d8 records: 3, size/record: 4, table size: 12
	index: 0, handler: __TI_decompress_rle24
	index: 1, handler: __TI_decompress_none
	index: 2, handler: __TI_zero_init


GLOBAL SYMBOLS: SORTED ALPHABETICALLY BY Name 

address   name                                  
-------   ----                                  
20011f69  AccessPtMode_HTTPServer_Start         
2001da05  ApplyAccelHAL                         
2001d311  ApplyMagHAL                           
2001c791  C$$EXIT                               
2001b337  C$$IO$$                               
2001ddf1  CPUcpsie                              
200103b1  CalibrateMagSensor                    
2001ad35  CamControllerInit                     
2001cbbd  CameraCaptureStop                     
2001dd41  CameraDMAEnable                       
2001d6a9  CameraIntClear                        
2001d33d  CameraIntEnable                       
2001dd57  CameraIntRegister                     
2001d51d  CameraIntStatus                       
2001ce9b  CameraParamsConfig                    
2001dbf1  CameraReset                           
2001da3d  CameraSensorInit                      
2001d635  CameraThresholdSet                    
2001cbf7  CameraXClkConfig                      
20015135  CaptureAndStore_Image                 
2000cdf3  CdnClient_CloseServer                 
2000ce11  CdnClient_ConnectByUrl                
2000cdc1  CdnClient_Init                        
2000cc8b  CdnClient_Run                         
2000cc81  CdnClient_SetFileInfo                 
20015cf1  Check_I2CDevices                      
20013c85  CollectAngle                          
20011061  CollectTxit_ImgTempRH                 
20017f11  Config_And_Start_CameraCapture        
2001a539  ConfigureMode                         
2000e4fd  ConfigureSimpleLinkToDefaultState     
20015251  ConnectToNetwork_STA                  
20012289  ConstructDeviceStateObject            
2001c9dd  CopyPingResultsToReport               
200396a0  DMAMsgQ                               
2000063c  DigiCertHighAssuranceEVRootCA_der_len 
2001df57  DmaErrorIntHandler                    
2001d369  DmaSpiSwIntHandler                    
2001da59  DmaSwIntHandler                       
200396a4  Elapsed_100MilliSecs                  
200135b5  FXOS8700_Init                         
20015369  FXOS8700_ReadData                     
2001ca19  Fusion_Init                           
20013719  Fusion_Run                            
2001cdf9  GPIODirModeSet                        
2001dc09  GPIOPinRead                           
2001d871  GPIOPinWrite                          
20017439  Get_BatteryPercent                    
2001acc5  Get_BatteryVoltageLevel_ADC081C021    
20013879  HIBernate                             
2000e4b5  HOSTclock                             
2000e47d  HOSTclose                             
2000e43f  HOSTgetenv                            
2000e3e3  HOSTlseek                             
2000e391  HOSTopen                              
2000e345  HOSTread                              
2000e2e7  HOSTrename                            
2000e2ad  HOSTtime                              
2000e275  HOSTunlink                            
2000e229  HOSTwrite                             
200142dd  I2CBufferRead                         
20014b5d  I2CBufferWrite                        
2001dea5  I2CMasterControl                      
2001df2d  I2CMasterDataGet                      
2001dd6d  I2CMasterDataPut                      
2001dd83  I2CMasterEnable                       
2001d395  I2CMasterErr                          
2001a1a9  I2CMasterInitExpClk                   
2001deb7  I2CMasterIntClearEx                   
2001d931  I2CMasterIntStatusEx                  
2001d7a5  I2CMasterSlaveAddrSet                 
2001dec9  I2CMasterTimeoutSet                   
2001bed9  I2C_IF_Open                           
20017fd5  I2C_IF_Read                           
200182d5  I2C_IF_Write                          
2001d545  InitTerm                              
2001a911  InitialiseParse                       
20019991  InitializeUserConfigVariables         
20018cc1  IntDisable                            
20018d69  IntEnable                             
2001ced1  IntHandler_100mSecTimer               
2001dfb9  IntMasterEnable                       
2001bb85  IntPendClear                          
2001bce1  IntPrioritySet                        
2001d891  IntRegister                           
2001d6cd  IntUnregister                         
2001de05  IntVTableBaseSet                      
2001c961  IsLightOff                            
20018f61  LED_Blink                             
2001de19  LED_Off                               
2001de2d  LED_On                                
2000da53  LogClient_Close                       
2000da6b  LogClient_ConnectAndPrint             
2000da1d  LogClient_ConnectServer               
2000da05  LogClient_Init                        
2000d8c1  LogClient_Print                       
2001dfd5  MT9D111Delay                          
2000dbf9  MagCal_Run                            
20015ffd  Main_Task_withHibernate               
2001d56d  Message                               
2001df65  NwpMaskInterrupt                      
2001cce1  NwpPowerOff                           
2001d3c1  NwpPowerOn                            
2001a22d  NwpPowerOnPreamble                    
2001d65b  NwpRegisterInterruptHandler           
2001df71  NwpUnMaskInterrupt                    
200132e5  OTAServerInfoSet                      
20017601  OTA_CommitImage                       
2001ba71  OTA_Init                              
2000ffb1  OTA_Run                               
2001c819  OTA_Update                            
2001eac6  OpcodeTranslateTable                  
2000b877  OtaClient_CloseServer                 
2000b841  OtaClient_ConnectServer               
2000b80f  OtaClient_GetNextUpdate               
2000b7dd  OtaClient_Init                        
2000b707  OtaClient_ResourceMetadata            
2000b543  OtaClient_ResourceNameConvert         
2000b495  OtaClient_UpdateCheck                 
200148f5  PRCMCC3200MCUInit                     
2001dd99  PRCMHIBRegRead                        
2001ddaf  PRCMHIBRegWrite                       
2001dc21  PRCMHibernateEnter                    
20019df9  PRCMHibernateIntervalSet              
2001b169  PRCMHibernateWakeUpGPIOSelect         
2001c3fd  PRCMHibernateWakeupSourceDisable      
2001c445  PRCMHibernateWakeupSourceEnable       
2001d595  PRCMPeripheralClkDisable              
2001ca55  PRCMPeripheralClkEnable               
2001961d  PRCMPeripheralClockGet                
2001bbdd  PRCMPeripheralReset                   
2001cf05  PRCMPeripheralStatusGet               
2001deed  PRCMSOCReset                          
2001d3ed  PRCMSysResetCauseGet                  
20019e81  PinConfigSet                          
2001c8a1  PinModeSet                            
200162fd  PinMuxConfig                          
2001db55  PinTypeCamera                         
2001d0a3  PinTypeGPIO                           
2001da75  PinTypeI2C                            
2001db6f  PinTypeUART                           
2001c0b9  RdSensData_Init                       
20010b19  RdSensData_Run                        
20017521  ReadFile_FromFlash                    
2001d8b1  Refresh_mt9d111Firmware               
20018c15  Report                                
2001dfdb  ResetISR                              
200396e8  RxIrqCnt                              
2001ec64  RxMsgClassLUT                         
UNDEFED   SHT$$INIT_ARRAY$$Base                 
UNDEFED   SHT$$INIT_ARRAY$$Limit                
2001d7c7  SL_FD_SET                             
2001defd  SL_FD_ZERO                            
2001dc39  SPICSDisable                          
2001dc51  SPICSEnable                           
20019005  SPIConfigSetExpClk                    
2001dc69  SPIDisable                            
2001db89  SPIDmaDisable                         
2001dba3  SPIDmaEnable                          
2001dc81  SPIEnable                             
2001dbbd  SPIFIFODisable                        
2001dbd7  SPIFIFOEnable                         
2001cf39  SPIFIFOLevelSet                       
2001c48d  SPIIntClear                           
2001c105  SPIIntEnable                          
2001d7e9  SPIReset                              
2001d80b  SPIWordCountSet                       
20000860  SecurityParams                        
2000a251  SimpleLinkHttpServerCallback          
20013005  SimpleLinkNetAppEventHandler          
2001344d  SimpleLinkSockEventHandler            
2000c459  SimpleLinkWlanEventHandler            
2001d419  SoftReset_ImageSensor                 
2001eeb9  StartResponseLUT                      
2001b1d1  StartSensorInJpegMode                 
2001c681  TimerConfigure                        
2001d94f  TimerDisable                          
2001d96d  TimerEnable                           
2001dedb  TimerIntClear                         
2001dc99  TimerIntEnable                        
2001d98b  TimerIntStatus                        
2001d49d  TimerLoadSet                          
2001d4c7  TimerPrescaleSet                      
2001d071  Timer_IF_Init                         
2001ac51  Timer_IF_IntSetup                     
2001dcb1  Timer_IF_InterruptClear               
2001d6f1  Timer_IF_Start                        
2001df0d  Timer_IF_Stop                         
20000728  Token                                 
2001d9a9  UARTCharPut                           
2001aaf1  UARTConfigSetExpClk                   
2001d0d5  UARTDisable                           
2001d715  UARTEnable                            
2001ada1  UDMAInit                              
2001c6c5  UDMASetupTransfer                     
20018e11  UploadImageToParse                    
20019a21  UploadSensorDataToParse               
2001121d  UserConfigure_Task                    
2000f919  User_Configure                        
2001dfe1  UtilsDelay                            
2000aeb5  VDeleteSimpleLinkSpawnTask            
2000ae65  VStartSimpleLinkSpawnTask             
2000078c  Value                                 
20018a11  Verify_ImageSensor                    
2000ea65  WiFiProvisioning                      
2001d739  WriteAllAEnAWBRegs                    
200159d5  WriteFile_ToFlash                     
2001d4f1  _Dclass                               
20000640  _Denorm                               
20018215  _Dnorm                                
200156a5  _Dscale                               
2001b577  _Dunscale                             
20000650  _Eps                                  
20000924  _Errno                                
2001796d  _FAtan                                
200006c0  _FDenorm                              
20019ce1  _FDint                                
2001a81d  _FDnorm                               
20017b19  _FDscale                              
2001bc8b  _FDunscale                            
200006d0  _FEps                                 
20012ba5  _FExp                                 
200006e0  _FInf                                 
200113d9  _FLog                                 
200006f0  _FNan                                 
20000710  _FRteps                               
20011c35  _FSin                                 
20000700  _FSnan                                
20000720  _FXbig                                
20000724  _FZero                                
2000090c  _Fenv                                 
2001d1c5  _Feraise                              
20000660  _Hugeval                              
20000670  _Inf                                  
20000680  _Nan                                  
2000cc23  _OpenStorageFile                      
2000b8b9  _OtaCleanToIdle                       
2000cbd5  _ReadFileHeaders                      
2000b9a7  _ReadStatFile                         
2000cbc9  _RecvFileChunk                        
200006a0  _Rteps                                
2001ec9c  _SlAcceptCmdCtrl                      
2001eb40  _SlActionLookupTable                  
2001873d  _SlAsyncEventGenericHandler           
2001ee96  _SlDeviceGetCmdCtrl                   
2001ee9a  _SlDeviceSetCmdCtrl                   
2001c4d5  _SlDrvBasicCmd                        
20017895  _SlDrvClassifyRxMsg                   
2001a3b9  _SlDrvCmdOp                           
2001ae0d  _SlDrvCmdSend                         
20014ee5  _SlDrvDataReadOp                      
20015df5  _SlDrvDataWriteOp                     
2001d105  _SlDrvDeviceEventHandler              
20016acd  _SlDrvDriverCBDeinit                  
20012d1d  _SlDrvDriverCBInit                    
2001ddc5  _SlDrvMemZero                         
200096e1  _SlDrvMsgRead                         
20018391  _SlDrvMsgReadCmdCtx                   
200191e5  _SlDrvMsgReadSpawnCtx                 
2001094d  _SlDrvMsgWrite                        
200161fd  _SlDrvNetAppEventHandler              
2001da91  _SlDrvObjLockWaitForever              
2001dcc9  _SlDrvObjUnLock                       
2001c151  _SlDrvProtectAsyncRespSetting         
2001d75d  _SlDrvProtectionObjLockWaitForever    
2001d8d1  _SlDrvProtectionObjUnLock             
2001077d  _SlDrvReleasePoolObj                  
2001df3b  _SlDrvResetCmdExt                     
2000f6d1  _SlDrvRxHdrRead                       
2001c19d  _SlDrvRxIrqHandler                    
2001dce1  _SlDrvSyncObjSignal                   
2001daad  _SlDrvSyncObjWaitForever              
200120f9  _SlDrvWaitForPoolObj                  
2001ee92  _SlEventMaskGetCmdCtrl                
2001ee8e  _SlEventMaskSetCmdCtrl                
20013175  _SlFindAndSetActiveObj                
2001ebb4  _SlFsCloseCmdCtrl                     
2001ebc4  _SlFsDeleteCmdCtrl                    
2001ebc0  _SlFsGetInfoCmdCtrl                   
2001ebb0  _SlFsOpenCmdCtrl                      
2001ebb8  _SlFsReadCmdCtrl                      
2001ebbc  _SlFsWriteCmdCtrl                     
2001ed78  _SlGetHostByNameCtrl                  
2001ed74  _SlGetHostByServiceCtrl               
2001ed6c  _SlGetServiceListeCtrl                
2001eca8  _SlGetSockOptCmdCtrl                  
2001ec98  _SlListenCmdCtrl                      
2001ed84  _SlNetAppGetCmdCtrl                   
2001ed80  _SlNetAppSendTokenValueCmdCtrl        
2001ed7c  _SlNetAppSetCmdCtrl                   
2001ed64  _SlNetAppStartCtrl                    
2001ed68  _SlNetAppStopCtrl                     
2001eec6  _SlNetCfgGetCmdCtrl                   
2001eec2  _SlNetCfgSetCmdCtrl                   
2001ee9e  _SlPayloadByProtocolLUT               
2001eb06  _SlPolicyGetCmdCtrl                   
2001eb02  _SlPolicySetCmdCtrl                   
2001eb0e  _SlProfileDelCmdCtrl                  
2001eb0a  _SlProfileGetCmdCtrl                  
2001eca0  _SlRecvCmdCtrl                        
2001ec90  _SlRecvfomCmdCtrl                     
2001ed70  _SlRegisterServiceCtrl                
20018155  _SlRemoveFromList                     
2001eb16  _SlRxFilterAddtCmdCtrl                
2001eb1e  _SlRxFilterGetCmdCtrl                 
2001eb1a  _SlRxFilterSetCmdCtrl                 
2001ecac  _SlSelectCmdCtrl                      
2001ec94  _SlSendCmdCtrl                        
2001eca4  _SlSetSockOptCmdCtrl                  
2001eb22  _SlSmartConfigStartCmdCtrl            
2001ec8c  _SlSockCloseCmdCtrl                   
2001ec88  _SlSockSocketCmdCtrl                  
2001ee8a  _SlStopCmdCtrl                        
2001eb2e  _SlWlanCfgGetCmdCtrl                  
2001eb2a  _SlWlanCfgSetCmdCtrl                  
2001eb12  _SlWlanGetNetworkListCtrl             
2001eb26  _SlWlanSetModeCmdCtrl                 
20000690  _Snan                                 
20000910  _Tls_setup__Fenv                      
2000b959  _WriteStatFile                        
200006b0  _Xbig                                 
200006b8  _Zero                                 
20038ec0  __CIOBUF_                             
20004000  __STACK_END                           
00001000  __STACK_SIZE                          
00005000  __SYSMEM_SIZE                         
2001f3f0  __TI_CINIT_Base                       
2001f400  __TI_CINIT_Limit                      
2001f3d8  __TI_Handler_Table_Base               
2001f3e4  __TI_Handler_Table_Limit              
2001af51  __TI_auto_init                        
20010da5  __TI_cleanup                          
20000904  __TI_cleanup_ptr                      
200194ed  __TI_closefile                        
2001df49  __TI_decompress_none                  
2001dfe7  __TI_decompress_rle24                 
20017e49  __TI_doflush                          
20000908  __TI_dtors_ptr                        
200008b4  __TI_ft_end                           
200063f9  __TI_printfi                          
20018b1f  __TI_rd_ok                            
2001b33b  __TI_readmsg                          
2001eed0  __TI_static_base__                    
20039254  __TI_tmpnams                          
2001b309  __TI_writemsg                         
20018abd  __TI_wrt_ok                           
2001df7d  __TI_zero_init                        
2001dff9  __abort_execution                     
2001a019  __aeabi_cdcmpeq                       
2001a019  __aeabi_cdcmple                       
2001a09f  __aeabi_cdrcmple                      
2001b7d1  __aeabi_cfcmpeq                       
2001b7d1  __aeabi_cfcmple                       
2001b831  __aeabi_cfrcmple                      
2001c3b1  __aeabi_d2f                           
2001c5ad  __aeabi_d2iz                          
2001c7d5  __aeabi_d2uiz                         
[...]
2001a7a5  __aeabi_memset                        
2001a7a5  __aeabi_memset4                       
2001a7a5  __aeabi_memset8                       
2001a7ab  memset                                
2001a81d  _FDnorm                               
2001a911  InitialiseParse                       
2001a989  _sl_HandleAsync_Connect               
2001aa01  sl_FsOpen                             
2001aa79  spi_Close                             
2001aaf1  UARTConfigSetExpClk                   
2001ab69  sl_Recv                               
2001ac51  Timer_IF_IntSetup                     
2001acc5  Get_BatteryVoltageLevel_ADC081C021    
2001ad35  CamControllerInit                     
2001ada1  UDMAInit                              
2001ae0d  _SlDrvCmdSend                         
2001ae79  f3x3matrixAeqMinusA                   
2001aee5  parseSendRequestInternal              
2001af51  __TI_auto_init                        
2001afc5  fprintf                               
2001b029  f3x3matrixAeqAxScalar                 
2001b0fd  beginHttpGetRequest                   
2001b169  PRCMHibernateWakeUpGPIOSelect         
2001b1d1  StartSensorInJpegMode                 
2001b239  _sl_NetAppSendTokenValue              
2001b2a1  fetchDeviceOSVersion                  
2001b309  __TI_writemsg                         
2001b337  C$$IO$$                               
2001b33b  __TI_readmsg                          
2001b371  sl_DevSet                             
2001b3d9  sl_NetCfgSet                          
2001b441  sl_SetSockOpt                         
2001b4a9  sl_WlanSet                            
2001b511  f3x3matrixAeqScalar                   
2001b577  _Dunscale                             
2001b5dd  fseek                                 
2001b641  socketWait                            
2001b6a5  softResetTempRHSensor                 
2001b709  uDMAChannelAttributeDisable           
2001b76d  uDMAChannelAttributeEnable            
2001b7d1  __aeabi_cfcmpeq                       
2001b7d1  __aeabi_cfcmple                       
2001b831  __aeabi_cfrcmple                      
2001b891  _sl_HandleAsync_Accept                
2001b8f1  fxosDefault_Initializations           
2001b951  getMagntData                          
2001b9b1  sprintf                               
2001ba11  sl_WlanPolicySet                      
2001ba71  OTA_Init                              
2001bacd  getLightsensor_intrptStatus           
2001bb29  sl_Socket                             
2001bb85  IntPendClear                          
2001bbdd  PRCMPeripheralReset                   
2001bc35  ltoa                                  
2001bc8b  _FDunscale                            
2001bce1  IntPrioritySet                        
2001bd35  _sl_HandleAsync_Select                
2001bd89  fasin_deg                             
2001bddd  headerSend                            
2001be31  sl_WlanRxFilterSet                    
2001bed9  I2C_IF_Open                           
2001bf29  _sl_HandleAsync_Stop                  
2001bf79  disableAE                             
2001bfc9  disableAWB                            
2001c019  __aeabi_f2ulz                         
2001c069  sl_FsDel                              
2001c0b9  RdSensData_Init                       
2001c105  SPIIntEnable                          
2001c151  _SlDrvProtectAsyncRespSetting         
2001c19d  _SlDrvRxIrqHandler                    
2001c1e9  _sl_BuildAddress                      
2001c235  atoi                                  
2001c281  atol                                  
2001c2cd  copy_in                               
2001c319  srand                                 
2001c32f  rand                                  
2001c365  uDMAChannelAssign                     
2001c3b1  __aeabi_d2f                           
2001c3fd  PRCMHibernateWakeupSourceDisable      
2001c445  PRCMHibernateWakeupSourceEnable       
2001c48d  SPIIntClear                           
2001c4d5  _SlDrvBasicCmd                        
2001c51d  addHttpRequestLine                    
2001c565  fatan_15deg                           
2001c5ad  __aeabi_d2iz                          
2001c5f5  ldexp                                 
2001c681  TimerConfigure                        
2001c6c5  UDMASetupTransfer                     
2001c74d  fxos_Calibration                      
2001c791  C$$EXIT                               
2001c795  abort                                 
2001c79d  exit                                  
2001c7d5  __aeabi_d2uiz                         
2001c819  OTA_Update                            
2001c85d  sl_Htonl                              
2001c8a1  PinModeSet                            
2001c8e1  getHttpResponseBody                   
2001c921  signal                                
2001c961  IsLightOff                            
2001c99f  strncasecmp                           
2001c9dd  CopyPingResultsToReport               
2001ca19  Fusion_Init                           
2001ca55  PRCMPeripheralClkEnable               
2001ca91  _sl_TruncatePayloadByProtocol         
2001cacd  _c_int00                              
2001cb09  sl_Htons                              
2001cb45  start_100mSecTimer                    
2001cb81  uDMAChannelControlSet                 
2001cbbd  CameraCaptureStop                     
2001cbf7  CameraXClkConfig                      
2001cc31  fLPFScalar                            
2001cc6b  parseSendRequest                      
2001cca5  addHttpRequestHeader                  
2001cce1  NwpPowerOff                           
2001cd19  pvPortMalloc                          
2001cd39  vPortFree                             
2001cd51  __aeabi_f2d                           
2001cd89  __aeabi_f2iz                          
2001cdc1  __aeabi_i2f                           
2001cdf9  GPIODirModeSet                        
2001ce2f  sl_NetAppMDNSUnRegisterService        
2001ce65  beginHttpRequest                      
2001ce9b  CameraParamsConfig                    
2001ced1  IntHandler_100mSecTimer               
2001cf05  PRCMPeripheralStatusGet               
2001cf39  SPIFIFOLevelSet                       
2001cf6d  getHttpResponseStatus                 
2001cfa1  get_angle                             
2001cfd5  feraiseexcept                         
2001d009  __aeabi_f2uiz                         
2001d03d  strstr                                
2001d071  Timer_IF_Init                         
2001d0a3  PinTypeGPIO                           
2001d0d5  UARTDisable                           
2001d105  _SlDrvDeviceEventHandler              
2001d135  _sl_Strlen                            
2001d165  angleCheck                            
2001d195  strncpy                               
2001d1c5  _Feraise                              
2001d1f5  sl_Close                              
2001d225  sl_WlanProfileDel                     
2001d255  sl_WlanSetMode                        
2001d285  __aeabi_i2d                           
2001d2b3  raise                                 
2001d2e1  addHttpRequestHeaderInt               
2001d311  ApplyMagHAL                           
2001d33d  CameraIntEnable                       
2001d369  DmaSpiSwIntHandler                    
2001d395  I2CMasterErr                          
2001d3c1  NwpPowerOn                            
2001d3ed  PRCMSysResetCauseGet                  
2001d419  SoftReset_ImageSensor                 
2001d471  setDataBufferPointer                  
2001d49d  TimerLoadSet                          
2001d4c7  TimerPrescaleSet                      
2001d4f1  _Dclass                               
2001d51d  CameraIntStatus                       
2001d545  InitTerm                              
2001d56d  Message                               
2001d595  PRCMPeripheralClkDisable              
2001d5bd  strncat                               
2001d5e5  sl_NetAppStart                        
2001d60d  sl_NetAppStop                         
2001d635  CameraThresholdSet                    
2001d65b  NwpRegisterInterruptHandler           
2001d681  strncmp                               
2001d6a9  CameraIntClear                        
2001d6cd  IntUnregister                         
2001d6f1  Timer_IF_Start                        
2001d715  UARTEnable                            
2001d739  WriteAllAEnAWBRegs                    
2001d75d  _SlDrvProtectionObjLockWaitForever    
2001d781  __aeabi_ui2f                          
2001d7a5  I2CMasterSlaveAddrSet                 
2001d7c7  SL_FD_SET                             
2001d7e9  SPIReset                              
2001d80b  SPIWordCountSet                       
2001d82d  frexp                                 
2001d84f  memcmp                                
2001d871  GPIOPinWrite                          
2001d891  IntRegister                           
2001d8b1  Refresh_mt9d111Firmware               
2001d8d1  _SlDrvProtectionObjUnLock             
2001d8f1  memchr                                
2001d911  __aeabi_ui2d                          
2001d931  I2CMasterIntStatusEx                  
2001d94f  TimerDisable                          
2001d96d  TimerEnable                           
2001d98b  TimerIntStatus                        
2001d9a9  UARTCharPut                           
2001d9e5  strcat                                
2001da05  ApplyAccelHAL                         
2001da3d  CameraSensorInit                      
2001da59  DmaSwIntHandler                       
2001da75  PinTypeI2C                            
2001da91  _SlDrvObjLockWaitForever              
2001daad  _SlDrvSyncObjWaitForever              
2001dac9  memccpy                               
2001dae5  stop_100mSecTimer                     
2001db01  uDMAChannelDisable                    
2001db1d  uDMAChannelEnable                     
2001db39  vApplicationMallocFailedHook          
2001db55  PinTypeCamera                         
2001db6f  PinTypeUART                           
2001db89  SPIDmaDisable                         
2001dba3  SPIDmaEnable                          
2001dbbd  SPIFIFODisable                        
2001dbd7  SPIFIFOEnable                         
2001dbf1  CameraReset                           
2001dc09  GPIOPinRead                           
2001dc21  PRCMHibernateEnter                    
2001dc39  SPICSDisable                          
2001dc51  SPICSEnable                           
2001dc69  SPIDisable                            
2001dc81  SPIEnable                             
2001dc99  TimerIntEnable                        
2001dcb1  Timer_IF_InterruptClear               
2001dcc9  _SlDrvObjUnLock                       
2001dce1  _SlDrvSyncObjSignal                   
2001dcf9  _sl_GetStartResponseConvert           
2001dd11  _args_main                            
2001dd29  strcmp                                
2001dd41  CameraDMAEnable                       
2001dd57  CameraIntRegister                     
2001dd6d  I2CMasterDataPut                      
2001dd83  I2CMasterEnable                       
2001dd99  PRCMHIBRegRead                        
2001ddaf  PRCMHIBRegWrite                       
2001ddc5  _SlDrvMemZero                         
2001dddb  strchr                                
2001ddf1  CPUcpsie                              
2001de05  IntVTableBaseSet                      
2001de19  LED_Off                               
2001de2d  LED_On                                
2001de41  _register_unlock                      
2001de47  _register_lock                        
2001de4f  _nop                                  
2001de55  strcpy                                
2001de69  strlen                                
2001de7d  uDMAControlBaseSet                    
2001de91  uDMAIntClear                          
2001dea5  I2CMasterControl                      
2001deb7  I2CMasterIntClearEx                   
2001dec9  I2CMasterTimeoutSet                   
2001dedb  TimerIntClear                         
2001deed  PRCMSOCReset                          
2001defd  SL_FD_ZERO                            
2001df0d  Timer_IF_Stop                         
2001df1d  socketClose                           
2001df2d  I2CMasterDataGet                      
2001df3b  _SlDrvResetCmdExt                     
2001df49  __TI_decompress_none                  
2001df57  DmaErrorIntHandler                    
2001df65  NwpMaskInterrupt                      
2001df71  NwpUnMaskInterrupt                    
2001df7d  __TI_zero_init                        
2001df89  getInternalClient                     
2001df95  sl_WlanDisconnect                     
2001dfa1  uDMAEnable                            
2001dfad  uDMAIntStatus                         
2001dfb9  IntMasterEnable                       
2001dfc3  vApplicationStackOverflowHook         
2001dfcd  sensorsTriggerSetup                   
2001dfd5  MT9D111Delay                          
2001dfdb  ResetISR                              
2001dfe1  UtilsDelay                            
2001dfe7  __TI_decompress_rle24                 
2001dfed  logf                                  
2001dff3  sinf                                  
2001dff9  __abort_execution                     
2001dffd  _system_pre_init                      
2001e13c  _ctypes_                              
2001eac6  OpcodeTranslateTable                  
2001eb02  _SlPolicySetCmdCtrl                   
2001eb06  _SlPolicyGetCmdCtrl                   
2001eb0a  _SlProfileGetCmdCtrl                  
2001eb0e  _SlProfileDelCmdCtrl                  
2001eb12  _SlWlanGetNetworkListCtrl             
2001eb16  _SlRxFilterAddtCmdCtrl                
2001eb1a  _SlRxFilterSetCmdCtrl                 
2001eb1e  _SlRxFilterGetCmdCtrl                 
2001eb22  _SlSmartConfigStartCmdCtrl            
2001eb26  _SlWlanSetModeCmdCtrl                 
2001eb2a  _SlWlanCfgSetCmdCtrl                  
2001eb2e  _SlWlanCfgGetCmdCtrl                  
2001eb40  _SlActionLookupTable                  
2001ebb0  _SlFsOpenCmdCtrl                      
2001ebb4  _SlFsCloseCmdCtrl                     
2001ebb8  _SlFsReadCmdCtrl                      
2001ebbc  _SlFsWriteCmdCtrl                     
2001ebc0  _SlFsGetInfoCmdCtrl                   
2001ebc4  _SlFsDeleteCmdCtrl                    
2001ec54  g_H2NSyncPattern                      
2001ec5c  g_H2NCnysPattern                      
2001ec64  RxMsgClassLUT                         
2001ec88  _SlSockSocketCmdCtrl                  
2001ec8c  _SlSockCloseCmdCtrl                   
2001ec90  _SlRecvfomCmdCtrl                     
2001ec94  _SlSendCmdCtrl                        
2001ec98  _SlListenCmdCtrl                      
2001ec9c  _SlAcceptCmdCtrl                      
2001eca0  _SlRecvCmdCtrl                        
2001eca4  _SlSetSockOptCmdCtrl                  
2001eca8  _SlGetSockOptCmdCtrl                  
2001ecac  _SlSelectCmdCtrl                      
2001ed64  _SlNetAppStartCtrl                    
2001ed68  _SlNetAppStopCtrl                     
2001ed6c  _SlGetServiceListeCtrl                
2001ed70  _SlRegisterServiceCtrl                
2001ed74  _SlGetHostByServiceCtrl               
2001ed78  _SlGetHostByNameCtrl                  
2001ed7c  _SlNetAppSetCmdCtrl                   
2001ed80  _SlNetAppSendTokenValueCmdCtrl        
2001ed84  _SlNetAppGetCmdCtrl                   
2001ee48  g_deviceClientVersion                 
2001ee8a  _SlStopCmdCtrl                        
2001ee8e  _SlEventMaskSetCmdCtrl                
2001ee92  _SlEventMaskGetCmdCtrl                
2001ee96  _SlDeviceGetCmdCtrl                   
2001ee9a  _SlDeviceSetCmdCtrl                   
2001ee9e  _SlPayloadByProtocolLUT               
2001eeae  pcDigits                              
2001eeb9  StartResponseLUT                      
2001eec2  _SlNetCfgSetCmdCtrl                   
2001eec6  _SlNetCfgGetCmdCtrl                   
2001eed0  __TI_static_base__                    
2001f3d8  __TI_Handler_Table_Base               
2001f3e4  __TI_Handler_Table_Limit              
2001f3f0  __TI_CINIT_Base                       
2001f400  __TI_CINIT_Limit                      
20022400  g_image_buffer                        
20036400  thisMagBuffer                         
200374f8  g_OtaCheckUpdateResponse              
20037944  thisMagCal                            
20037f9c  thisMag                               
20037ff4  g_SecParams                           
20038000  gpCtlTbl                              
20038400  g_OtaFileMetadata                     
200387d8  g_NetEntries                          
20038d48  g_StatMem                             
20038ec0  __CIOBUF_                             
20038fe0  gfpAppCallbackHndl                    
200391a8  thisSV_6DOF_GB_BASIC                  
20039254  __TI_tmpnams                          
200392f4  g_CdnClient                           
20039368  g_ucDinDout                           
200393b8  xQueueRegistry                        
20039408  g_OtaApp                              
20039454  g_OtaApp_statistics                   
200394a0  clientStateFileName                   
200394d4  g_cWlanSecurityKey                    
20039508  thisAccel                             
2003953c  g_OtaClient                           
20039560  g_cWlanSSID                           
20039584  g_ucConnectionSSID                    
200395c4  g_FlcSflashCb                         
200395d8  g_flag_blockFull                      
20039650  ang_buf                               
20039660  globals                               
20039670  mqxglobals                            
20039680  g_LogClient                           
20039688  g_ucConnectionBSSID                   
200396a0  DMAMsgQ                               
200396a4  Elapsed_100MilliSecs                  
200396ac  angle_avg                             
200396b0  dataBuffer                            
200396b4  g_block_lastFilled                    
200396b8  g_cDummy                              
200396bc  g_cWlanSecurityType                   
200396c0  g_frame_size_in_bytes                 
200396c4  g_position_in_block                   
200396c8  g_readHeader                          
200396d0  g_ulAppStatus                         
200396d4  gdoor_40deg_angle                     
200396d8  gdoor_90deg_angle                     
200396e8  RxIrqCnt                              
200396e9  avg_buffer_cnt                        
200396ea  checkForLight_Flag                    
200396ec  g_flag_DataBlockFilled                
200396ed  g_flag_door_closing_45degree          
200396ee  g_frame_end                           
200396ef  g_ucAngle40                           
200396f0  g_ucAngle90                           
200396f1  g_ucCalibration                       
200396f2  g_ucConfig                            
200396f3  g_ucExitButton                        
200396f4  g_ucMagCalb                           
200396f5  g_ucProfileAdded                      
200396f6  g_ucPushButtonPressedTwice            
200396f7  iDone                                 
200396f8  isitfirsttime                         
200396f9  print_count                           
200396fa  valid_case                            
20039700  _sys_memory                           
ffffffff  __binit__                             
ffffffff  __c_args__                            
ffffffff  binit                                 
UNDEFED   SHT$$INIT_ARRAY$$Base                 
UNDEFED   SHT$$INIT_ARRAY$$Limit                

[856 symbols]
