******************************************************************************
                  TI ARM Linker PC v5.2.2                      
******************************************************************************
>> Linked Fri Jun 19 18:53:32 2015

OUTPUT FILE NAME:   <ULP_SEC_CAM.out>
ENTRY POINT SYMBOL: "_c_int00"  address: 2001ab2d


MEMORY CONFIGURATION

         name            origin    length      used     unused   attr    fill
----------------------  --------  ---------  --------  --------  ----  --------
  SRAM_BOOTLDR          20000000   00004000  0000258c  00001a74  RW X
  SRAM_CODE             20004000   0001a000  0001963c  000009c4  RW X
  SRAM_DATA             2001e000   0001e000  00019dcf  00004231  RW X


SEGMENT ALLOCATION MAP

run origin  load origin   length   init length attrs members
----------  ----------- ---------- ----------- ----- -------
20000000    20000000    0000158c   00000000    rw-
  20000000    20000000    0000158c   00000000    rw- .data
20003000    20003000    00001000   00000000    rw-
  20003000    20003000    00001000   00000000    rw- .stack
20004000    20004000    00019640   00019640    r-x
  20004000    20004000    00000400   00000400    r-- .intvecs
  20004400    20004400    00017804   00017804    r-x .text
  2001bc08    2001bc08    00000e48   00000e48    r-- .const
  2001ca50    2001ca50    00000bf0   00000bf0    r-- .cinit
2001e000    2001e000    00019dd0   00000000    rw-
  2001e000    2001e000    00015dcf   00000000    rw- .bss
  20033dd0    20033dd0    00004000   00000000    rw- .sysmem


SECTION ALLOCATION MAP

 output                                  attributes/
section   page    origin      length       input sections
--------  ----  ----------  ----------   ----------------
.data      0    20000000    0000158c     UNINITIALIZED
                  20000000    00000600     camera_app.obj (.data:JPEG_StdHuffmanTbl)
                  20000600    00000400     camera_app.obj (.data:g_header)
                  20000a00    000003c9     cc3200_certificate.obj (.data:DigiCertHighAssuranceEVRootCA_der)
                  20000dc9    00000001     main_FXOS8700.obj (.data)
                  20000dca    00000001     tasks.obj (.data)
                  20000dcb    00000001     --HOLE--
                  20000dcc    00000184     simplelink.a : driver.obj (.data)
                  20000f50    000000f0     rtsv7M4_T_le_eabi.lib : defs.obj (.data:_ftable)
                  20001040    000000d0                           : lowlev.obj (.data)
                  20001110    000000b0                           : signal.obj (.data:sigtable)
                  200011c0    00000080                           : xvalues.obj (.data)
                  20001240    00000070                           : xlvalues.obj (.data)
                  200012b0    00000068                           : xfvalues.obj (.data)
                  20001318    00000064     simplelink.a : cc_pal.obj (.data)
                  2000137c    00000040     camera_app.obj (.data:JPEG_StdQuantTblC)
                  200013bc    00000040     camera_app.obj (.data:JPEG_StdQuantTblY)
                  200013fc    00000040     camera_app.obj (.data:zigzag)
                  2000143c    0000003c     main.obj (.data:g_token_get)
                  20001478    00000034     free_rtos.a : tasks.obj (.data)
                  200014ac    0000002c     cc3200_utils.obj (.data:lastDateTime)
                  200014d8    0000001c     main.obj (.data)
                  200014f4    00000018     cc3200_utils.obj (.data)
                  2000150c    00000018     request.obj (.data)
                  20001524    00000010     rtsv7M4_T_le_eabi.lib : defs.obj (.data)
                  20001534    0000000c     free_rtos.a : osi_freertos.obj (.data)
                  20001540    0000000c     rtsv7M4_T_le_eabi.lib : memory.obj (.data)
                  2000154c    00000008     camera_app.obj (.data)
                  20001554    00000008     rtsv7M4_T_le_eabi.lib : _lock.obj (.data)
                  2000155c    00000008                           : exit.obj (.data)
                  20001564    00000008                           : feraiseexcept.obj (.data)
                  2000156c    00000006     http.obj (.data)
                  20001572    00000002     --HOLE--
                  20001574    00000004     cc3200_certificate.obj (.data)
                  20001578    00000004     free_rtos.a : port.obj (.data)
                  2000157c    00000004     rtsv7M4_T_le_eabi.lib : errno.obj (.data)
                  20001580    00000004                           : fopen.obj (.data)
                  20001584    00000004                           : rand.obj (.data)
                  20001588    00000004                           : stkdepth_vars.obj (.data)

.TI.persistent 
*          0    20000000    00000000     UNINITIALIZED

.stack     0    20003000    00001000     UNINITIALIZED
                  20003000    00001000     --HOLE--

.intvecs   0    20004000    00000400     
                  20004000    00000400     startup_ccs.obj (.intvecs)

.text      0    20004400    00017804     
                  20004400    00001988     orientation.obj (.text)
                  20005d88    00001330     magnetic.obj (.text)
                  200070b8    00001258     free_rtos.a : tasks.obj (.text)
                  20008310    000010a6     rtsv7M4_T_le_eabi.lib : _printfi.obj (.text)
                  200093b6    00000002     driverlib.a : interrupt.obj (.text:IntDefaultHandler)
                  200093b8    00000f7c     network_relater_fns.obj (.text)
                  2000a334    00000f00     camera_app.obj (.text)
                  2000b234    00000b24     free_rtos.a : queue.obj (.text)
                  2000bd58    00000a6c     matrix.obj (.text)
                  2000c7c4    00000a18     mt9d111.obj (.text)
                  2000d1dc    0000095e     accelomtrMagntomtr_fxos8700.obj (.text)
                  2000db3a    00000002     --HOLE-- [fill = 0]
                  2000db3c    00000944     request.obj (.text)
                  2000e480    000005de     cc3200_utils.obj (.text)
                  2000ea5e    00000002     --HOLE-- [fill = 0]
                  2000ea60    00000558     tasks.obj (.text)
                  2000efb8    000004b0     installation.obj (.text)
                  2000f468    00000494     wifi_provisioning_thruAPmode.obj (.text)
                  2000f8fc    00000480     rtsv7M4_T_le_eabi.lib : pow.obj (.text)
                  2000fd7c    0000045c     free_rtos.a : osi_freertos.obj (.text)
                  200101d8    000003f0     simplelink.a : driver.obj (.text:_SlDrvMsgRead)
                  200105c8    000003dc     rtsv7M4_T_le_eabi.lib : memory.obj (.text)
                  200109a4    0000037c     cc3200_socket.obj (.text)
                  20010d20    00000378     rtsv7M4_T_le_eabi.lib : powf.obj (.text)
                  20011098    0000036c     simplelink.a : driver.obj (.text:_SlAsyncEventGenericHandler)
                  20011404    00000360     main_FXOS8700.obj (.text)
                  20011764    0000032c     main.obj (.text)
                  20011a90    00000318     simplejson.obj (.text)
                  20011da8    0000030c     rtsv7M4_T_le_eabi.lib : lowlev.obj (.text)
                  200120b4    000002e4                           : xlog.obj (.text)
                  20012398    000002e0     parse_uploads.obj (.text)
                  20012678    000002d4     rtsv7M4_T_le_eabi.lib : trgdrv.obj (.text)
                  2001294c    00000298                           : vla_alloc.obj (.text)
                  20012be4    00000290     cc3200_client_state.obj (.text)
                  20012e74    00000230     approximations.obj (.text)
                  200130a4    0000020c     algorithm.obj (.text)
                  200132b0    000001fc     rtsv7M4_T_le_eabi.lib : xexp.obj (.text)
                  200134ac    000001f4                           : ull_div_t2.obj (.text)
                  200136a0    000001d0     tempRHSens_si7020.obj (.text)
                  20013870    000001c4     rtsv7M4_T_le_eabi.lib : fopen.obj (.text)
                  20013a34    000001bc                           : xflog.obj (.text)
                  20013bf0    000001b8     uartA1_if.obj (.text)
                  20013da8    000001b6     rtsv7M4_T_le_eabi.lib : fd_add_t2.obj (.text)
                  20013f5e    00000002     --HOLE-- [fill = 0]
                  20013f60    000001b0     lightSens_isl29035.obj (.text)
                  20014110    000001ac     cc3200_certificate.obj (.text)
                  200142bc    000001ac     flash_files.obj (.text)
                  20014468    000001a4     simplelink.a : wlan.obj (.text:sl_WlanConnect)
                  2001460c    0000019c     rtsv7M4_T_le_eabi.lib : xfsin.obj (.text)
                  200147a8    00000198     collect_and_txit.obj (.text)
                  20014940    00000194     udma_if.obj (.text)
                  20014ad4    0000018c     i2c_if.obj (.text)
                  20014c60    00000188     rtsv7M4_T_le_eabi.lib : xlatan.obj (.text)
                  20014de8    00000180     drivers.obj (.text)
                  20014f68    00000178     rtsv7M4_T_le_eabi.lib : tanf.obj (.text)
                  200150e0    00000178                           : xfexp.obj (.text)
                  20015258    00000174     fusion.obj (.text)
                  200153cc    00000170     i2cconfig.obj (.text)
                  2001553c    0000016c     simplelink.a : driver.obj (.text:_SlDrvDataReadOp)
                  200156a8    00000168     rtsv7M4_T_le_eabi.lib : atan2l.obj (.text)
                  20015810    00000150     http.obj (.text)
                  20015960    00000140     simplelink.a : driver.obj (.text:_SlDrvRxHdrRead)
                  20015aa0    00000140     rtsv7M4_T_le_eabi.lib : sqrt.obj (.text)
                  20015be0    0000013c                           : fmodf.obj (.text)
                  20015d1c    00000136                           : fd_div_t2.obj (.text)
                  20015e52    00000002     --HOLE-- [fill = 0]
                  20015e54    00000134     driverlib.a : prcm.obj (.text:PRCMCC3200MCUInit)
                  20015f88    00000134     rtsv7M4_T_le_eabi.lib : fputs.obj (.text)
                  200160bc    00000130     hibernate_related_fns.obj (.text)
                  200161ec    00000130     simplelink.a : cc_pal.obj (.text:spi_Open)
                  2001631c    0000012c                  : driver.obj (.text:_SlDrvDataWriteOp)
                  20016448    0000012a     free_rtos.a : list.obj (.text)
                  20016572    00000002     --HOLE-- [fill = 0]
                  20016574    00000120     simplelink.a : driver.obj (.text:_SlDrvMsgWrite)
                  20016694    0000011c                  : driver.obj (.text:_SlDrvWaitForPoolObj)
                  200167b0    00000110     free_rtos.a : port.obj (.text)
                  200168c0    00000110     i2c_app.obj (.text)
                  200169d0    00000110     rtsv7M4_T_le_eabi.lib : xdscale.obj (.text)
                  20016ae0    00000108     simplelink.a : socket.obj (.text:sl_Select)
                  20016be8    000000fe     parse_impl.obj (.text)
                  20016ce6    000000fc     rtsv7M4_T_le_eabi.lib : fd_mul_t2.obj (.text)
                  20016de2    000000fa                           : fs_add_t2.obj (.text)
                  20016edc    000000f0     simplelink.a : driver.obj (.text:_SlDrvReleasePoolObj)
                  20016fcc    000000f0     driverlib.a : udma.obj (.text:uDMAChannelTransferSet)
                  200170bc    000000e8     pinmux.obj (.text)
                  200171a4    000000e8     simplelink.a : socket.obj (.text:sl_Connect)
                  2001728c    000000e8                  : cc_pal.obj (.text:spi_Write)
                  20017374    000000dc     app_common.obj (.text)
                  20017450    000000dc     rtsv7M4_T_le_eabi.lib : setvbuf.obj (.text)
                  2001752c    000000dc     simplelink.a : netapp.obj (.text:sl_NetAppDnsGetHostByName)
                  20017608    000000d8     rtsv7M4_T_le_eabi.lib : xfatan.obj (.text)
                  200176e0    000000d0                           : xfdscale.obj (.text)
                  200177b0    000000cc                           : sqrtf.obj (.text)
                  2001787c    000000cc     simplelink.a : cc_pal.obj (.text:spi_Read)
                  20017948    000000c8     rtsv7M4_T_le_eabi.lib : fflush.obj (.text)
                  20017a10    000000c8     simplelink.a : device.obj (.text:sl_Start)
                  20017ad8    000000c4                  : device.obj (.text:sl_Stop)
                  20017b9c    000000c0     rtsv7M4_T_le_eabi.lib : xdint.obj (.text)
                  20017c5c    000000be                           : xdnorm.obj (.text)
                  20017d1a    00000002     --HOLE-- [fill = 0]
                  20017d1c    000000bc                           : acosf.obj (.text)
                  20017dd8    000000ba     free_rtos.a : portasm.obj (.text)
                  20017e92    00000002     --HOLE-- [fill = 0]
                  20017e94    000000b4     simplelink.a : driver.obj (.text:_SlDrvMsgReadCmdCtx)
                  20017f48    000000b4                  : netapp.obj (.text:_SlDrvNetAppEventHandler)
                  20017ffc    000000b0                  : socket.obj (.text:sl_Send)
                  200180ac    000000ac     rtsv7M4_T_le_eabi.lib : _io_perm.obj (.text)
                  20018158    000000a8     driverlib.a : interrupt.obj (.text:IntDisable)
                  20018200    000000a8                 : interrupt.obj (.text:IntEnable)
                  200182a8    000000a8     timer_if.obj (.text)
                  20018350    000000a0     driverlib.a : spi.obj (.text:SPIConfigSetExpClk)
                  200183f0    0000009c     rtsv7M4_T_le_eabi.lib : memcpy_t2.obj (.text)
                  2001848c    00000098     simplelink.a : driver.obj (.text:_SlDrvClassifyRxMsg)
                  20018524    00000098                  : driver.obj (.text:_SlFindAndSetActiveObj)
                  200185bc    00000098     rtsv7M4_T_le_eabi.lib : fclose.obj (.text)
                  20018654    00000098                           : fputc.obj (.text)
                  200186ec    00000094     driverlib.a : prcm.obj (.text:PRCMPeripheralClockGet)
                  20018780    00000094     rtsv7M4_T_le_eabi.lib : snprintf.obj (.text)
                  20018814    00000092                           : fs_div_t2.obj (.text)
                  200188a6    00000002     --HOLE-- [fill = 0]
                  200188a8    00000090     simplelink.a : driver.obj (.text:_SlDrvMsgReadSpawnCtx)
                  20018938    0000008c     rtsv7M4_T_le_eabi.lib : xfdint.obj (.text)
                  200189c4    0000008c     simplelink.a : fs.obj (.text:sl_FsRead)
                  20018a50    0000008c                  : fs.obj (.text:sl_FsWrite)
                  20018adc    0000008c                  : netapp.obj (.text:sl_NetAppMDNSRegisterUnregisterService)
                  20018b68    00000088     driverlib.a : prcm.obj (.text:PRCMHibernateIntervalSet)
                  20018bf0    00000088                 : pin.obj (.text:PinConfigSet)
                  20018c78    00000088     rtsv7M4_T_le_eabi.lib : vsnprintf.obj (.text)
                  20018d00    00000086                           : fd_cmp_t2.obj (.text:__aeabi_cdcmple)
                  20018d86    00000086                           : fd_cmp_t2.obj (.text:__aeabi_cdrcmple)
                  20018e0c    00000084     driverlib.a : i2c.obj (.text:I2CMasterInitExpClk)
                  20018e90    00000084     simplelink.a : driver.obj (.text:_SlDrvCmdOp)
                  20018f14    00000080                  : cc_pal.obj (.text:NwpPowerOnPreamble)
                  20018f94    00000080     cc3200_debug.obj (.text)
                  20019014    0000007c     simplelink.a : driver.obj (.text:_SlDrvDriverCBInit)
                  20019090    0000007c                  : device.obj (.text:sl_DevGet)
                  2001910c    0000007c                  : fs.obj (.text:sl_FsClose)
                  20019188    0000007a     rtsv7M4_T_le_eabi.lib : fs_mul_t2.obj (.text)
                  20019202    0000007a                           : memset_t2.obj (.text)
                  2001927c    0000007a                           : xfdnorm.obj (.text)
                  200192f6    00000002     --HOLE-- [fill = 0]
                  200192f8    00000078     simplelink.a : cc_pal.obj (.text:SetupDMAReceive)
                  20019370    00000078                  : netapp.obj (.text:_sl_HandleAsync_DnsGetHostByName)
                  200193e8    00000078                  : netapp.obj (.text:_sl_HandleAsync_PingResponse)
                  20019460    00000078                  : wlan.obj (.text:sl_WlanGet)
                  200194d8    00000076     driverlib.a : uart.obj (.text:UARTConfigSetExpClk)
                  2001954e    00000002     --HOLE-- [fill = 0]
                  20019550    00000074     simplelink.a : device.obj (.text:_sl_HandleAsync_InitComplete)
                  200195c4    00000074                  : cc_pal.obj (.text:spi_Close)
                  20019638    00000074     timer_fns.obj (.text)
                  200196ac    00000070     driverlib.a : timer.obj (.text:TimerIntRegister)
                  2001971c    00000070     simplelink.a : fs.obj (.text:sl_FsGetInfo)
                  2001978c    0000006c                  : socket.obj (.text:_sl_TruncatePayloadByProtocol)
                  200197f8    0000006c     rtsv7M4_T_le_eabi.lib : autoinit.obj (.text)
                  20019864    0000006c                           : fprintf.obj (.text)
                  200198d0    0000006a                           : copy_decompress_rle.obj (.text)
                  2001993a    00000002     --HOLE-- [fill = 0]
                  2001993c    00000068     driverlib.a : prcm.obj (.text:PRCMHibernateWakeUpGPIOSelect)
                  200199a4    00000068                 : timer.obj (.text:TimerIntUnregister)
                  20019a0c    00000068     simplelink.a : fs.obj (.text:_sl_GetCreateFsMode)
                  20019a74    00000068                  : socket.obj (.text:_sl_HandleAsync_Connect)
                  20019adc    00000068     rtsv7M4_T_le_eabi.lib : trgmsg.obj (.text)
                  20019b44    00000066                           : xdunscal.obj (.text)
                  20019baa    00000002     --HOLE-- [fill = 0]
                  20019bac    00000064     simplelink.a : socket.obj (.text:_sl_HandleAsync_Accept)
                  20019c10    00000064                  : netapp.obj (.text:_sl_HandleAsync_DnsGetHostByService)
                  20019c74    00000064     rtsv7M4_T_le_eabi.lib : fseek.obj (.text)
                  20019cd8    00000064     driverlib.a : udma.obj (.text:uDMAChannelAttributeDisable)
                  20019d3c    00000064                 : udma.obj (.text:uDMAChannelAttributeEnable)
                  20019da0    00000060     rtsv7M4_T_le_eabi.lib : fs_cmp_t2.obj (.text:__aeabi_cfcmple)
                  20019e00    00000060                           : fs_cmp_t2.obj (.text:__aeabi_cfrcmple)
                  20019e60    00000060                           : sprintf.obj (.text)
                  20019ec0    00000058     driverlib.a : interrupt.obj (.text:IntPendClear)
                  20019f18    00000058                 : prcm.obj (.text:PRCMPeripheralReset)
                  20019f70    00000058     simplelink.a : driver.obj (.text:_SlDrvDriverCBDeinit)
                  20019fc8    00000058                  : socket.obj (.text:_sl_HandleAsync_Select)
                  2001a020    00000058                  : netapp.obj (.text:sl_NetAppSendTokenValue)
                  2001a078    00000056     rtsv7M4_T_le_eabi.lib : ltoa.obj (.text)
                  2001a0ce    00000056                           : xfdunsca.obj (.text)
                  2001a124    00000054     driverlib.a : interrupt.obj (.text:IntPrioritySet)
                  2001a178    00000054     simplelink.a : device.obj (.text:_sl_HandleAsync_Stop)
                  2001a1cc    00000054                  : fs.obj (.text:sl_FsOpen)
                  2001a220    00000050     rtsv7M4_T_le_eabi.lib : fs_toull_t2.obj (.text)
                  2001a270    0000004c     driverlib.a : spi.obj (.text:SPIIntEnable)
                  2001a2bc    0000004c     rtsv7M4_T_le_eabi.lib : atoi.obj (.text)
                  2001a308    0000004c                           : cpy_tbl.obj (.text)
                  2001a354    0000004c                           : rand.obj (.text)
                  2001a3a0    0000004c     simplelink.a : device.obj (.text:sl_DevSet)
                  2001a3ec    0000004c                  : socket.obj (.text:sl_SetSockOpt)
                  2001a438    0000004c                  : wlan.obj (.text:sl_WlanSet)
                  2001a484    0000004c     driverlib.a : udma.obj (.text:uDMAChannelAssign)
                  2001a4d0    0000004a     simplelink.a : device.obj (.text:_sl_GetStartResponseConvert)
                  2001a51a    0000004a     rtsv7M4_T_le_eabi.lib : fd_tos_t2.obj (.text)
                  2001a564    00000048     driverlib.a : prcm.obj (.text:PRCMHibernateWakeupSourceDisable)
                  2001a5ac    00000048                 : prcm.obj (.text:PRCMHibernateWakeupSourceEnable)
                  2001a5f4    00000048                 : spi.obj (.text:SPIIntClear)
                  2001a63c    00000048     simplelink.a : driver.obj (.text:_SlRemoveFromList)
                  2001a684    00000048     rtsv7M4_T_le_eabi.lib : fd_toi_t2.obj (.text)
                  2001a6cc    00000048     simplelink.a : fs.obj (.text:sl_FsDel)
                  2001a714    00000048                  : netcfg.obj (.text:sl_NetCfgSet)
                  2001a75c    00000046     rtsv7M4_T_le_eabi.lib : ldexp.obj (.text)
                  2001a7a2    00000002     --HOLE-- [fill = 0]
                  2001a7a4    00000044     driverlib.a : spi.obj (.text:SPIDmaMaskGet)
                  2001a7e8    00000044                 : timer.obj (.text:TimerConfigure)
                  2001a82c    00000044     rtsv7M4_T_le_eabi.lib : exit.obj (.text)
                  2001a870    00000044                           : fd_tou_t2.obj (.text)
                  2001a8b4    00000044     simplelink.a : socket.obj (.text:sl_Recv)
                  2001a8f8    00000040     driverlib.a : pin.obj (.text:PinModeSet)
                  2001a938    00000040     simplelink.a : driver.obj (.text:_SlDrvRxIrqHandler)
                  2001a978    00000040     rtsv7M4_T_le_eabi.lib : signal.obj (.text)
                  2001a9b8    00000040     simplelink.a : wlan.obj (.text:sl_WlanPolicySet)
                  2001a9f8    00000040                  : wlan.obj (.text:sl_WlanRxFilterSet)
                  2001aa38    0000003e     rtsv7M4_T_le_eabi.lib : strncasecmp.obj (.text)
                  2001aa76    00000002     --HOLE-- [fill = 0]
                  2001aa78    0000003c     simplelink.a : cc_pal.obj (.text:NwpPowerOff)
                  2001aab4    0000003c     driverlib.a : prcm.obj (.text:PRCMPeripheralClkEnable)
                  2001aaf0    0000003c     simplelink.a : driver.obj (.text:_SlDrvObjInit)
                  2001ab2c    0000003c     rtsv7M4_T_le_eabi.lib : boot.obj (.text)
                  2001ab68    0000003c     driverlib.a : udma.obj (.text:uDMAChannelControlSet)
                  2001aba4    0000003a                 : camera.obj (.text:CameraCaptureStop)
                  2001abde    0000003a                 : camera.obj (.text:CameraXClkConfig)
                  2001ac18    00000038     free_rtos.a : heap_3.obj (.text)
                  2001ac50    00000038     rtsv7M4_T_le_eabi.lib : fs_tod_t2.obj (.text)
                  2001ac88    00000038                           : fs_toi_t2.obj (.text)
                  2001acc0    00000038                           : i_tofs_t2.obj (.text)
                  2001acf8    00000038     simplelink.a : socket.obj (.text:sl_Htonl)
                  2001ad30    00000036     driverlib.a : gpio.obj (.text:GPIODirModeSet)
                  2001ad66    00000002     --HOLE-- [fill = 0]
                  2001ad68    00000036     appflile_lightSensor.obj (.text)
                  2001ad9e    00000034     driverlib.a : camera.obj (.text:CameraParamsConfig)
                  2001add2    00000002     --HOLE-- [fill = 0]
                  2001add4    00000034                 : prcm.obj (.text:PRCMPeripheralStatusGet)
                  2001ae08    00000034                 : spi.obj (.text:SPIFIFOLevelSet)
                  2001ae3c    00000034     simplelink.a : driver.obj (.text:_SlDrvBasicCmd)
                  2001ae70    00000034     rtsv7M4_T_le_eabi.lib : feraiseexcept.obj (.text)
                  2001aea4    00000034                           : fs_tou_t2.obj (.text)
                  2001aed8    00000034                           : strstr.obj (.text)
                  2001af0c    00000034     simplelink.a : socket.obj (.text:sl_Htons)
                  2001af40    00000030                  : cc_pal.obj (.text:NwpPowerOn)
                  2001af70    00000030     driverlib.a : pin.obj (.text:PinTypeGPIO)
                  2001afa0    00000030                 : uart.obj (.text:UARTDisable)
                  2001afd0    00000030     rtsv7M4_T_le_eabi.lib : strncpy.obj (.text)
                  2001b000    00000030                           : xferaise.obj (.text)
                  2001b030    00000030     simplelink.a : socket.obj (.text:sl_Socket)
                  2001b060    0000002e     rtsv7M4_T_le_eabi.lib : i_tofd_t2.obj (.text)
                  2001b08e    0000002e                           : raise.obj (.text)
                  2001b0bc    0000002c     driverlib.a : camera.obj (.text:CameraIntEnable)
                  2001b0e8    0000002c     simplelink.a : cc_pal.obj (.text:DmaSpiSwIntHandler)
                  2001b114    0000002c     driverlib.a : i2c.obj (.text:I2CMasterErr)
                  2001b140    0000002c                 : prcm.obj (.text:PRCMSysResetCauseGet)
                  2001b16c    0000002c     simplelink.a : flowcont.obj (.text:_SlDrvFlowContDeinit)
                  2001b198    0000002c                  : flowcont.obj (.text:_SlDrvFlowContInit)
                  2001b1c4    0000002a     driverlib.a : timer.obj (.text:TimerLoadSet)
                  2001b1ee    0000002a                 : timer.obj (.text:TimerPrescaleSet)
                  2001b218    0000002a     simplelink.a : socket.obj (.text:_sl_BuildAddress)
                  2001b242    0000002a     rtsv7M4_T_le_eabi.lib : xdclass.obj (.text)
                  2001b26c    00000028     driverlib.a : camera.obj (.text:CameraIntStatus)
                  2001b294    00000028                 : prcm.obj (.text:PRCMPeripheralClkDisable)
                  2001b2bc    00000028     rtsv7M4_T_le_eabi.lib : strncat.obj (.text)
                  2001b2e4    00000028     simplelink.a : wlan.obj (.text:sl_WlanSetMode)
                  2001b30c    00000026     driverlib.a : camera.obj (.text:CameraThresholdSet)
                  2001b332    00000026     rtsv7M4_T_le_eabi.lib : strncmp.obj (.text)
                  2001b358    00000024     driverlib.a : camera.obj (.text:CameraIntClear)
                  2001b37c    00000024                 : interrupt.obj (.text:IntUnregister)
                  2001b3a0    00000024                 : uart.obj (.text:UARTEnable)
                  2001b3c4    00000024     rtsv7M4_T_le_eabi.lib : memmov.obj (.text)
                  2001b3e8    00000024                           : u_tofs_t2.obj (.text)
                  2001b40c    00000024     simplelink.a : socket.obj (.text:sl_Close)
                  2001b430    00000024                  : netapp.obj (.text:sl_NetAppStart)
                  2001b454    00000024                  : netapp.obj (.text:sl_NetAppStop)
                  2001b478    00000024                  : wlan.obj (.text:sl_WlanProfileDel)
                  2001b49c    00000022     driverlib.a : camera.obj (.text:CameraCaptureStart)
                  2001b4be    00000022                 : i2c.obj (.text:I2CMasterSlaveAddrSet)
                  2001b4e0    00000022     simplelink.a : cc_pal.obj (.text:NwpRegisterInterruptHandler)
                  2001b502    00000022     driverlib.a : spi.obj (.text:SPIReset)
                  2001b524    00000022                 : spi.obj (.text:SPIWordCountSet)
                  2001b546    00000022     rtsv7M4_T_le_eabi.lib : frexp.obj (.text)
                  2001b568    00000022                           : memcmp.obj (.text)
                  2001b58a    00000020     driverlib.a : gpio.obj (.text:GPIOPinWrite)
                  2001b5aa    00000002     --HOLE-- [fill = 0]
                  2001b5ac    00000020                 : interrupt.obj (.text:IntRegister)
                  2001b5cc    00000020     simplelink.a : driver.obj (.text:_SlDrvCmdSend)
                  2001b5ec    00000020                  : device.obj (.text:_SlDrvDeviceEventHandler)
                  2001b60c    00000020     rtsv7M4_T_le_eabi.lib : memchr.obj (.text)
                  2001b62c    00000020                           : u_tofd_t2.obj (.text)
                  2001b64c    0000001e     driverlib.a : i2c.obj (.text:I2CMasterIntStatusEx)
                  2001b66a    0000001e                 : timer.obj (.text:TimerDisable)
                  2001b688    0000001e                 : timer.obj (.text:TimerEnable)
                  2001b6a6    0000001e                 : timer.obj (.text:TimerIntStatus)
                  2001b6c4    0000001e                 : uart.obj (.text:UARTCharPut)
                  2001b6e2    0000001c                 : pin.obj (.text:PinTypeI2C)
                  2001b6fe    0000001c                 : timer.obj (.text:TimerValueGet)
                  2001b71a    00000002     --HOLE-- [fill = 0]
                  2001b71c    0000001c     simplelink.a : driver.obj (.text:_SlDrvObjDeInit)
                  2001b738    0000001c     rtsv7M4_T_le_eabi.lib : memccpy.obj (.text)
                  2001b754    0000001c     driverlib.a : udma.obj (.text:uDMAChannelDisable)
                  2001b770    0000001c                 : udma.obj (.text:uDMAChannelEnable)
                  2001b78c    0000001a     simplelink.a : netapp.obj (.text:CopyPingResultsToReport)
                  2001b7a6    0000001a     driverlib.a : pin.obj (.text:PinTypeCamera)
                  2001b7c0    0000001a                 : pin.obj (.text:PinTypeUART)
                  2001b7da    0000001a                 : spi.obj (.text:SPIDmaDisable)
                  2001b7f4    0000001a                 : spi.obj (.text:SPIDmaEnable)
                  2001b80e    0000001a                 : spi.obj (.text:SPIFIFODisable)
                  2001b828    0000001a                 : spi.obj (.text:SPIFIFOEnable)
                  2001b842    00000018                 : camera.obj (.text:CameraReset)
                  2001b85a    00000018                 : gpio.obj (.text:GPIOPinRead)
                  2001b872    00000002     --HOLE-- [fill = 0]
                  2001b874    00000018                 : prcm.obj (.text:PRCMHibernateEnter)
                  2001b88c    00000018                 : spi.obj (.text:SPICSDisable)
                  2001b8a4    00000018                 : spi.obj (.text:SPICSEnable)
                  2001b8bc    00000018                 : spi.obj (.text:SPIDisable)
                  2001b8d4    00000018                 : spi.obj (.text:SPIEnable)
                  2001b8ec    00000018                 : timer.obj (.text:TimerIntDisable)
                  2001b904    00000018                 : timer.obj (.text:TimerIntEnable)
                  2001b91c    00000018     rtsv7M4_T_le_eabi.lib : args_main.obj (.text)
                  2001b934    00000018                           : strcmp.obj (.text)
                  2001b94c    00000016     driverlib.a : camera.obj (.text:CameraDMAEnable)
                  2001b962    00000016                 : camera.obj (.text:CameraIntRegister)
                  2001b978    00000016                 : i2c.obj (.text:I2CMasterDataPut)
                  2001b98e    00000016                 : i2c.obj (.text:I2CMasterEnable)
                  2001b9a4    00000016                 : prcm.obj (.text:PRCMHIBRegRead)
                  2001b9ba    00000016                 : prcm.obj (.text:PRCMHIBRegWrite)
                  2001b9d0    00000016                 : uart.obj (.text:UARTCharGet)
                  2001b9e6    00000016     simplelink.a : driver.obj (.text:_SlDrvShiftDWord)
                  2001b9fc    00000016                  : fs.obj (.text:_sl_Strlen)
                  2001ba12    00000016     rtsv7M4_T_le_eabi.lib : strchr.obj (.text)
                  2001ba28    00000016     driverlib.a : udma.obj (.text:uDMAIntRegister)
                  2001ba3e    00000014                 : cpu.obj (.text:CPUcpsie)
                  2001ba52    00000002     --HOLE-- [fill = 0]
                  2001ba54    00000014                 : interrupt.obj (.text:IntVTableBaseSet)
                  2001ba68    00000014     rtsv7M4_T_le_eabi.lib : _lock.obj (.text)
                  2001ba7c    00000014                           : strcpy.obj (.text)
                  2001ba90    00000014                           : strlen.obj (.text)
                  2001baa4    00000014     driverlib.a : udma.obj (.text:uDMAControlBaseSet)
                  2001bab8    00000014                 : udma.obj (.text:uDMAIntClear)
                  2001bacc    00000012                 : i2c.obj (.text:I2CMasterControl)
                  2001bade    00000012                 : i2c.obj (.text:I2CMasterIntClearEx)
                  2001baf0    00000012                 : i2c.obj (.text:I2CMasterTimeoutSet)
                  2001bb02    00000012                 : timer.obj (.text:TimerIntClear)
                  2001bb14    00000012     simplelink.a : netapp.obj (.text:sl_NetAppMDNSUnRegisterService)
                  2001bb26    00000012     driverlib.a : udma.obj (.text:uDMAIntUnregister)
                  2001bb38    00000010     simplelink.a : cc_pal.obj (.text:NwpMaskInterrupt)
                  2001bb48    00000010                  : socket.obj (.text:SL_FD_SET)
                  2001bb58    0000000e     driverlib.a : i2c.obj (.text:I2CMasterDataGet)
                  2001bb66    0000000e     rtsv7M4_T_le_eabi.lib : copy_decompress_none.obj (.text:decompress:none)
                  2001bb74    0000000e     startup_ccs.obj (.text)
                  2001bb82    00000002     --HOLE-- [fill = 0]
                  2001bb84    0000000c     simplelink.a : cc_pal.obj (.text:NwpUnMaskInterrupt)
                  2001bb90    0000000c     rtsv7M4_T_le_eabi.lib : copy_zero_init.obj (.text:decompress:ZI)
                  2001bb9c    0000000c     driverlib.a : udma.obj (.text:uDMADisable)
                  2001bba8    0000000c                 : udma.obj (.text:uDMAEnable)
                  2001bbb4    0000000c                 : udma.obj (.text:uDMAIntStatus)
                  2001bbc0    0000000a                 : interrupt.obj (.text:IntMasterEnable)
                  2001bbca    00000008     simplelink.a : wlan.obj (.text:sl_WlanDisconnect)
                  2001bbd2    00000006     i2cconfig.obj (.text:MT9D111Delay)
                  2001bbd8    00000006     simplelink.a : socket.obj (.text:SL_FD_ZERO)
                  2001bbde    00000006     driverlib.a : utils.obj (.text:UtilsDelay)
                  2001bbe4    00000006     rtsv7M4_T_le_eabi.lib : copy_decompress_rle.obj (.text:decompress:rle24)
                  2001bbea    00000006                           : log.obj (.text)
                  2001bbf0    00000006                           : logf.obj (.text)
                  2001bbf6    00000006                           : sinf.obj (.text)
                  2001bbfc    00000004                           : error.obj (.text)
                  2001bc00    00000004                           : pre_init.obj (.text)

.const     0    2001bc08    00000e48     
                  2001bc08    0000013c     mt9d111.obj (.const:init_cmds_list)
                  2001bd44    00000101     rtsv7M4_T_le_eabi.lib : ctype.obj (.const:.string:_ctypes_)
                  2001be45    00000002     tempRHSens_si7020.obj (.const:.string)
                  2001be47    00000001     --HOLE-- [fill = 0]
                  2001be48    00000100     driverlib.a : pin.obj (.const:g_ulPinToPadMap)
                  2001bf48    000000ec     simplelink.a : wlan.obj (.const)
                  2001c034    000000d4     driverlib.a : interrupt.obj (.const:g_pulRegs)
                  2001c108    000000c8     mt9d111.obj (.const)
                  2001c1d0    000000c4     mt9d111.obj (.const:capture_cmds_list)
                  2001c294    000000a8     driverlib.a : prcm.obj (.const:PRCM_PeriphRegsList)
                  2001c33c    00000004     --HOLE-- [fill = 0]
                  2001c340    00000088     rtsv7M4_T_le_eabi.lib : xlatan.obj (.const)
                  2001c3c8    00000080     driverlib.a : interrupt.obj (.const)
                  2001c448    0000005d     mt9d111.obj (.const:.string)
                  2001c4a5    00000001     --HOLE-- [fill = 0]
                  2001c4a6    00000050     mt9d111.obj (.const:$P$T25$26)
                  2001c4f6    0000004c     mt9d111.obj (.const:$P$T6$7)
                  2001c542    00000002     --HOLE-- [fill = 0]
                  2001c544    0000004c     simplelink.a : driver.obj (.const)
                  2001c590    0000004a     camera_app.obj (.const:.string)
                  2001c5da    00000005     main.obj (.const:.string)
                  2001c5df    00000001     --HOLE-- [fill = 0]
                  2001c5e0    00000048     rtsv7M4_T_le_eabi.lib : xexp.obj (.const)
                  2001c628    00000040     network_relater_fns.obj (.const:.string)
                  2001c668    00000038     rtsv7M4_T_le_eabi.lib : xlog.obj (.const:p)
                  2001c6a0    00000038                           : xflog.obj (.const)
                  2001c6d8    00000038     simplelink.a : fs.obj (.const)
                  2001c710    00000036     flash_files.obj (.const:.string)
                  2001c746    00000002     --HOLE-- [fill = 0]
                  2001c748    00000034     rtsv7M4_T_le_eabi.lib : xfatan.obj (.const)
                  2001c77c    00000034     simplelink.a : socket.obj (.const)
                  2001c7b0    00000030     rtsv7M4_T_le_eabi.lib : xdint.obj (.const)
                  2001c7e0    0000002c     cc3200_utils.obj (.const:$P$T0$1)
                  2001c80c    0000002c     network_relater_fns.obj (.const:$P$T1$2)
                  2001c838    0000002b     parse_uploads.obj (.const:.string)
                  2001c863    00000001     --HOLE-- [fill = 0]
                  2001c864    00000028     mt9d111.obj (.const:$P$T5$6)
                  2001c88c    00000028     rtsv7M4_T_le_eabi.lib : xfdint.obj (.const)
                  2001c8b4    00000028                           : xfsin.obj (.const)
                  2001c8dc    00000028     simplelink.a : netapp.obj (.const)
                  2001c904    00000025     camera_app.obj (.const:.string:$P$T1$2)
                  2001c929    00000023     mt9d111.obj (.const:.string:$P$T1$2)
                  2001c94c    00000022     network_relater_fns.obj (.const:.string:$P$T0$1)
                  2001c96e    00000002     --HOLE-- [fill = 0]
                  2001c970    0000001c     rtsv7M4_T_le_eabi.lib : tanf.obj (.const)
                  2001c98c    0000001c                           : xfexp.obj (.const)
                  2001c9a8    0000001b     wifi_provisioning_thruAPmode.obj (.const:.string)
                  2001c9c3    00000001     --HOLE-- [fill = 0]
                  2001c9c4    00000018     driverlib.a : spi.obj (.const)
                  2001c9dc    00000017     request.obj (.const:.string)
                  2001c9f3    00000016     collect_and_txit.obj (.const:.string)
                  2001ca09    00000014     network_relater_fns.obj (.const)
                  2001ca1d    00000003     --HOLE-- [fill = 0]
                  2001ca20    00000014     simplelink.a : device.obj (.const)
                  2001ca34    0000000b     app_common.obj (.const:.string)
                  2001ca3f    00000008     lightSens_isl29035.obj (.const:.string)
                  2001ca47    00000001     --HOLE-- [fill = 0]
                  2001ca48    00000008     simplelink.a : netcfg.obj (.const)

.cinit     0    2001ca50    00000bf0     
                  2001ca50    00000bcb     (.cinit..data.load) [load image, compression = rle]
                  2001d61b    00000001     --HOLE-- [fill = 0]
                  2001d61c    0000000c     (__TI_handler_table)
                  2001d628    00000008     (.cinit..bss.load) [load image, compression = zero_init]
                  2001d630    00000010     (__TI_cinit_table)

.init_array 
*          0    20004000    00000000     UNINITIALIZED

.bss       0    2001e000    00015dcf     UNINITIALIZED
                  2001e000    00014000     main.obj (.bss:g_image_buffer)
                  20032000    00000b58     tasks.obj (.bss:thisMagBuffer)
                  20032b58    00000418     tasks.obj (.bss:thisMagCal)
                  20032f70    00000058     tasks.obj (.bss:thisMag)
                  20032fc8    00000034     cc3200_client_state.obj (.bss:clientStateFileName)
                  20032ffc    00000004     (.common:Elapsed_100MilliSecs)
                  20033000    00000400     udma_if.obj (.bss:gpCtlTbl)
                  20033400    00000370     main.obj (.bss:g_NetEntries)
                  20033770    00000120     rtsv7M4_T_le_eabi.lib : trgmsg.obj (.bss:__CIOBUF_)
                  20033890    00000100     udma_if.obj (.bss:gfpAppCallbackHndl)
                  20033990    000000c8     free_rtos.a : tasks.obj (.bss:pxReadyTasksLists)
                  20033a58    000000ac     tasks.obj (.bss:thisSV_6DOF_GB_BASIC)
                  20033b04    000000a0     rtsv7M4_T_le_eabi.lib : defs.obj (.bss:__TI_tmpnams)
                  20033ba4    00000050     free_rtos.a : queue.obj (.bss:xQueueRegistry)
                  20033bf4    00000034     main.obj (.bss:g_cWlanSecurityKey)
                  20033c28    00000034     tasks.obj (.bss:thisAccel)
                  20033c5c    00000024     main.obj (.bss:g_cWlanSSID)
                  20033c80    00000024     main.obj (.bss:g_ucConnectionSSID)
                  20033ca4    0000001c     rtsv7M4_T_le_eabi.lib : vla_alloc.obj (.bss)
                  20033cc0    00000014     (.common:g_flag_blockFull)
                  20033cd4    00000014     (.common:xDelayedTaskList1)
                  20033ce8    00000014     (.common:xDelayedTaskList2)
                  20033cfc    00000014     (.common:xPendingReadyList)
                  20033d10    00000014     (.common:xSuspendedTaskList)
                  20033d24    00000014     (.common:xTasksWaitingTermination)
                  20033d38    00000010     (.common:ang_buf)
                  20033d48    00000010     (.common:globals)
                  20033d58    00000010     (.common:mqxglobals)
                  20033d68    0000000c     (.common:g_SecParams)
                  20033d74    00000008     (.common:g_ucConnectionBSSID)
                  20033d7c    00000008     (.common:parmbuf)
                  20033d84    00000004     (.common:__Errorlog)
                  20033d88    00000004     (.common:angle_avg)
                  20033d8c    00000004     (.common:angle_reading_del1)
                  20033d90    00000004     (.common:angle_reading_del2)
                  20033d94    00000004     (.common:angle_reading_del3)
                  20033d98    00000004     (.common:angle_reading_del4)
                  20033d9c    00000004     (.common:dataBuffer)
                  20033da0    00000004     (.common:g_block_lastFilled)
                  20033da4    00000004     (.common:g_cWlanSecurityType)
                  20033da8    00000004     (.common:g_frame_size_in_bytes)
                  20033dac    00000004     (.common:g_header_length)
                  20033db0    00000004     (.common:g_position_in_block)
                  20033db4    00000004     (.common:g_readHeader)
                  20033db8    00000004     (.common:g_total_dma_intrpts)
                  20033dbc    00000004     (.common:pxDelayedTaskList)
                  20033dc0    00000004     (.common:pxOverflowDelayedTaskList)
                  20033dc4    00000001     (.common:avg_buffer_cnt)
                  20033dc5    00000001     (.common:checkForLight_Flag)
                  20033dc6    00000001     (.common:cnt_prakz2)
                  20033dc7    00000001     (.common:g_dma_txn_done)
                  20033dc8    00000001     (.common:g_flag_DataBlockFilled)
                  20033dc9    00000001     (.common:g_flag_door_closing_45degree)
                  20033dca    00000001     (.common:g_frame_end)
                  20033dcb    00000001     (.common:iDone)
                  20033dcc    00000001     (.common:isitfirsttime)
                  20033dcd    00000001     (.common:open1_close0_invalid2)
                  20033dce    00000001     (.common:valid_case)

.TI.noinit 
*          0    2001e000    00000000     UNINITIALIZED

.sysmem    0    20033dd0    00004000     UNINITIALIZED
                  20033dd0    00000008     rtsv7M4_T_le_eabi.lib : memory.obj (.sysmem)
                  20033dd8    00003ff8     --HOLE--


LINKER GENERATED COPY TABLES

__TI_cinit_table @ 2001d630 records: 2, size/record: 8, table size: 16
	.data: load addr=2001ca50, load size=00000bcb bytes, run addr=20000000, run size=0000158c bytes, compression=rle
	.bss: load addr=2001d628, load size=00000008 bytes, run addr=2001e000, run size=00015dcf bytes, compression=zero_init


LINKER GENERATED HANDLER TABLE

__TI_handler_table @ 2001d61c records: 3, size/record: 4, table size: 12
	index: 0, handler: __TI_decompress_rle24
	index: 1, handler: __TI_decompress_none
	index: 2, handler: __TI_zero_init


GLOBAL SYMBOLS: SORTED ALPHABETICALLY BY Name 

address   name                                  
-------   ----                                  
2000cdc9  AnalogGainReg_Read                    
2000eeed  ApplyAccelHAL                         
2000eefd  ApplyMagHAL                           
2001a82d  C$$EXIT                               
20019b0b  C$$IO$$                               
2000cd29  CCMRegs_Read                          
2001ba3f  CPUcpsie                              
2000a8ff  CamControllerInit                     
2001b49d  CameraCaptureStart                    
2001aba5  CameraCaptureStop                     
2001b94d  CameraDMAEnable                       
2001b359  CameraIntClear                        
2001b0bd  CameraIntEnable                       
2001b963  CameraIntRegister                     
2001b26d  CameraIntStatus                       
2001ad9f  CameraParamsConfig                    
2001b843  CameraReset                           
2000c7c5  CameraSensorInit                      
2000c7cd  CameraSensorInit_SettingsFromFlash    
2001b30d  CameraThresholdSet                    
2001abdf  CameraXClkConfig                      
2000a35b  CaptureAndStore_Image                 
2000a5e5  CaptureinRAM                          
2000a6ad  CaptureinRAM_StoreAfterCapture_Image  
20013c29  ClearTerm                             
200147a9  CollectTxit_ImgTempRH                 
200118c9  Config_And_Start_CameraCapture        
2000968d  ConfigureMode                         
200093e9  ConfigureSimpleLinkToDefaultState     
200096e9  ConnectToNetwork                      
2000984d  ConnectToNetwork_STA                  
2001244b  ConstructDeviceStateObject            
2001b78d  CopyPingResultsToReport               
200142bd  CreateFile_Flash                      
20001324  DMAMsgQ                               
20014a89  DMASetupTransfer                      
20001574  DigiCertHighAssuranceEVRootCA_der_len 
2000cd59  DigitalGainRegs_Read                  
20014953  DmaErrorIntHandler                    
2001b0e9  DmaSpiSwIntHandler                    
20014941  DmaSwIntHandler                       
20032ffc  Elapsed_100MilliSecs                  
2000d08f  EnterStandby_mt9d111                  
20013c2f  Error                                 
2000d0e5  ExitStandby_mt9d111                   
2000d7d1  FXOS8700CQ_Init                       
2000d8b5  FXOS8700CQ_Mag_Calibration            
20014de9  FXOS8700_Init                         
20014e6b  FXOS8700_ReadData                     
2000ea7f  Fusion_Init                           
2000ebb5  Fusion_Run                            
2001ad31  GPIODirModeSet                        
2001b85b  GPIOPinRead                           
2001b58b  GPIOPinWrite                          
20013c63  GetCmd                                
200160bd  HIBernate                             
20012905  HOSTclock                             
200128cd  HOSTclose                             
2001288f  HOSTgetenv                            
20012833  HOSTlseek                             
200127e1  HOSTopen                              
20012795  HOSTread                              
20012737  HOSTrename                            
200126fd  HOSTtime                              
200126c5  HOSTunlink                            
20012679  HOSTwrite                             
200153eb  I2CBufferRead                         
20015493  I2CBufferWrite                        
200153cd  I2CInit                               
2001bacd  I2CMasterControl                      
2001bb59  I2CMasterDataGet                      
2001b979  I2CMasterDataPut                      
2001b98f  I2CMasterEnable                       
2001b115  I2CMasterErr                          
20018e0d  I2CMasterInitExpClk                   
2001badf  I2CMasterIntClearEx                   
2001b64d  I2CMasterIntStatusEx                  
2001b4bf  I2CMasterSlaveAddrSet                 
2001baf1  I2CMasterTimeoutSet                   
20014c4b  I2C_IF_Close                          
20014c21  I2C_IF_Open                           
20014b99  I2C_IF_Read                           
20014c01  I2C_IF_ReadFrom                       
20014b37  I2C_IF_Write                          
20013bf1  InitTerm                              
20012399  InitialiseParse                       
200093b9  InitializeAppVariables                
20018159  IntDisable                            
20018201  IntEnable                             
20019639  IntHandler_100mSecTimer               
2001bbc1  IntMasterEnable                       
20019ec1  IntPendClear                          
2001a125  IntPrioritySet                        
2001b5ad  IntRegister                           
2001b37d  IntUnregister                         
2001ba55  IntVTableBaseSet                      
2001ad69  IsLightOff                            
2000ce3f  JPEGDataLength_read                   
20000000  JPEG_StdHuffmanTbl                    
2000137c  JPEG_StdQuantTblC                     
200013bc  JPEG_StdQuantTblY                     
2000cd01  JpegConfigReg_Read                    
200173bf  LED_Blink                             
20017425  LED_Off                               
2001741b  LED_On                                
2000caeb  LL_Configs                            
2001bbd3  MT9D111Delay                          
2000ed0d  MagCal_Run                            
2001176d  Main_Task                             
2001183b  Main_Task_withHibernate               
20013c0f  Message                               
2001bb39  NwpMaskInterrupt                      
2001aa79  NwpPowerOff                           
2001af41  NwpPowerOn                            
20018f15  NwpPowerOnPreamble                    
2001b4e1  NwpRegisterInterruptHandler           
2001bb85  NwpUnMaskInterrupt                    
2000ce01  PCLK_Rate_read                        
20015e55  PRCMCC3200MCUInit                     
2001b9a5  PRCMHIBRegRead                        
2001b9bb  PRCMHIBRegWrite                       
2001b875  PRCMHibernateEnter                    
20018b69  PRCMHibernateIntervalSet              
2001993d  PRCMHibernateWakeUpGPIOSelect         
2001a565  PRCMHibernateWakeupSourceDisable      
2001a5ad  PRCMHibernateWakeupSourceEnable       
2001b295  PRCMPeripheralClkDisable              
2001aab5  PRCMPeripheralClkEnable               
200186ed  PRCMPeripheralClockGet                
20019f19  PRCMPeripheralReset                   
2001add5  PRCMPeripheralStatusGet               
2001b141  PRCMSysResetCauseGet                  
20018bf1  PinConfigSet                          
2001a8f9  PinModeSet                            
200170bd  PinMuxConfig                          
2001b7a7  PinTypeCamera                         
2001af71  PinTypeGPIO                           
2001b6e3  PinTypeI2C                            
2001b7c1  PinTypeUART                           
2001182f  ProvisionAP_Task                      
2000f469  ProvisioningAP                        
2000ea61  RdSensData_Init                       
2000ea9d  RdSensData_Run                        
2000cb45  ReadAllAEnAWBRegs                     
200143b3  ReadFile_FromFlash                    
2000cebd  ReadMCUBootModeReg                    
2000cac5  RegStatusRead                         
20013d0d  Report                                
2001bb75  ResetISR                              
2000ce89  ResetImageSensorMCU                   
UNDEFED   SHT$$INIT_ARRAY$$Base                 
UNDEFED   SHT$$INIT_ARRAY$$Limit                
2001bb49  SL_FD_SET                             
2001bbd9  SL_FD_ZERO                            
2001b88d  SPICSDisable                          
2001b8a5  SPICSEnable                           
20018351  SPIConfigSetExpClk                    
2001b8bd  SPIDisable                            
2001b7db  SPIDmaDisable                         
2001b7f5  SPIDmaEnable                          
2001b8d5  SPIEnable                             
2001b80f  SPIFIFODisable                        
2001b829  SPIFIFOEnable                         
2001ae09  SPIFIFOLevelSet                       
2001a5f5  SPIIntClear                           
2001a271  SPIIntEnable                          
2001b503  SPIReset                              
2001b525  SPIWordCountSet                       
200014d8  SecurityParams                        
200149d1  SetupTransfer                         
2000cd91  ShutterRegs_Read                      
2000a031  SimpleLinkHttpServerCallback          
20009b8d  SimpleLinkNetAppEventHandler          
20009f31  SimpleLinkSockEventHandler            
20009a49  SimpleLinkWlanEventHandler            
2000ced3  SoftReset_ImageSensor                 
2000a335  Standby_ImageSensor                   
2000c7f5  StartCapture_SettingsFromFlash        
2000c919  StartSensorInJpegMode                 
20011795  Test_Task                             
2001a7e9  TimerConfigure                        
2001b66b  TimerDisable                          
2001b689  TimerEnable                           
2001bb03  TimerIntClear                         
2001b8ed  TimerIntDisable                       
2001b905  TimerIntEnable                        
200196ad  TimerIntRegister                      
2001b6a7  TimerIntStatus                        
200199a5  TimerIntUnregister                    
2001b1c5  TimerLoadSet                          
2001b1ef  TimerPrescaleSet                      
2001b6ff  TimerValueGet                         
2001832d  Timer_IF_DeInit                       
20018345  Timer_IF_GetCount                     
200182a9  Timer_IF_Init                         
200182d3  Timer_IF_IntSetup                     
20018305  Timer_IF_InterruptClear               
2001b1c5  Timer_IF_ReLoad                       
20018319  Timer_IF_Start                        
2001b66b  Timer_IF_Stop                         
20013cc3  TrimSpace                             
2001b9d1  UARTCharGet                           
2001b6c5  UARTCharPut                           
200194d9  UARTConfigSetExpClk                   
2001afa1  UARTDisable                           
2001b3a1  UARTEnable                            
200149a9  UDMAChannelSelect                     
20014a75  UDMADeInit                            
2001495f  UDMAInit                              
20014a07  UDMASetupAutoMemTransfer              
20014a2b  UDMASetupPingPongTransfer             
2001b755  UDMAStopTransfer                      
200123af  UploadImageToParse                    
200123eb  UploadSensorDataToParse               
2001bbdf  UtilsDelay                            
20010045  VDeleteSimpleLinkSpawnTask            
2000fff5  VStartSimpleLinkSpawnTask             
2000cf29  Variable_Read                         
2000cef9  Verify_ImageSensor                    
2000a34f  Wakeup_ImageSensor                    
2000cb07  WriteAllAEnAWBRegs                    
2000c823  WriteConfigRegFile_toFlash            
2000c8ed  WriteConfigRegFilefromUser_toFlash    
20014311  WriteFile_ToFlash                     
2001b243  _Dclass                               
200011c0  _Denorm                               
20017b9d  _Dint                                 
20017c5d  _Dnorm                                
200169d1  _Dscale                               
20019b45  _Dunscale                             
200011d0  _Eps                                  
2000157c  _Errno                                
200132b1  _Exp                                  
20017609  _FAtan                                
200012b0  _FDenorm                              
20018939  _FDint                                
2001927d  _FDnorm                               
200176e1  _FDscale                              
2001a0cf  _FDunscale                            
200012c0  _FEps                                 
200150e1  _FExp                                 
200012d0  _FInf                                 
20013a35  _FLog                                 
200012e0  _FNan                                 
20001300  _FRteps                               
2001460d  _FSin                                 
200012f0  _FSnan                                
20001310  _FXbig                                
20001314  _FZero                                
20001564  _Fenv                                 
2001b001  _Feraise                              
200011e0  _Hugeval                              
200011f0  _Inf                                  
20014c61  _LAtan                                
20001240  _LDenorm                              
20001250  _LEps                                 
20001260  _LInf                                 
20001270  _LNan                                 
20001290  _LRteps                               
20001280  _LSnan                                
200012a0  _LXbig                                
200012a8  _LZero                                
200120b5  _Log                                  
20001200  _Nan                                  
20001220  _Rteps                                
2001c79c  _SlAcceptCmdCtrl                      
2001c558  _SlActionLookupTable                  
20011099  _SlAsyncEventGenericHandler           
2001ca2c  _SlDeviceGetCmdCtrl                   
2001ca30  _SlDeviceSetCmdCtrl                   
2001ae3d  _SlDrvBasicCmd                        
2001848d  _SlDrvClassifyRxMsg                   
20018e91  _SlDrvCmdOp                           
2001b5cd  _SlDrvCmdSend                         
2001553d  _SlDrvDataReadOp                      
2001631d  _SlDrvDataWriteOp                     
2001b5ed  _SlDrvDeviceEventHandler              
20019f71  _SlDrvDriverCBDeinit                  
20019015  _SlDrvDriverCBInit                    
2001b16d  _SlDrvFlowContDeinit                  
2001b199  _SlDrvFlowContInit                    
200101d9  _SlDrvMsgRead                         
20017e95  _SlDrvMsgReadCmdCtx                   
200188a9  _SlDrvMsgReadSpawnCtx                 
20016575  _SlDrvMsgWrite                        
20017f49  _SlDrvNetAppEventHandler              
2001b71d  _SlDrvObjDeInit                       
2001aaf1  _SlDrvObjInit                         
20016edd  _SlDrvReleasePoolObj                  
20015961  _SlDrvRxHdrRead                       
2001a939  _SlDrvRxIrqHandler                    
2001b9e7  _SlDrvShiftDWord                      
20016695  _SlDrvWaitForPoolObj                  
2001ca28  _SlEventMaskGetCmdCtrl                
2001ca24  _SlEventMaskSetCmdCtrl                
20018525  _SlFindAndSetActiveObj                
2001c6dc  _SlFsCloseCmdCtrl                     
2001c6ec  _SlFsDeleteCmdCtrl                    
2001c6e8  _SlFsGetInfoCmdCtrl                   
2001c6d8  _SlFsOpenCmdCtrl                      
2001c6e0  _SlFsReadCmdCtrl                      
2001c6e4  _SlFsWriteCmdCtrl                     
2001c8f4  _SlGetHostByNameCtrl                  
2001c8f0  _SlGetHostByServiceCtrl               
2001c8e8  _SlGetServiceListeCtrl                
2001c7a8  _SlGetSockOptCmdCtrl                  
2001c798  _SlListenCmdCtrl                      
2001c900  _SlNetAppGetCmdCtrl                   
2001c8fc  _SlNetAppSendTokenValueCmdCtrl        
2001c8f8  _SlNetAppSetCmdCtrl                   
2001c8e0  _SlNetAppStartCtrl                    
2001c8e4  _SlNetAppStopCtrl                     
2001ca4c  _SlNetCfgGetCmdCtrl                   
2001ca48  _SlNetCfgSetCmdCtrl                   
2001bf50  _SlPolicyGetCmdCtrl                   
2001bf4c  _SlPolicySetCmdCtrl                   
2001bf58  _SlProfileDelCmdCtrl                  
2001bf54  _SlProfileGetCmdCtrl                  
2001c7a0  _SlRecvCmdCtrl                        
2001c790  _SlRecvfomCmdCtrl                     
2001c8ec  _SlRegisterServiceCtrl                
2001a63d  _SlRemoveFromList                     
2001bf60  _SlRxFilterAddtCmdCtrl                
2001bf68  _SlRxFilterGetCmdCtrl                 
2001bf64  _SlRxFilterSetCmdCtrl                 
2001c7ac  _SlSelectCmdCtrl                      
2001c794  _SlSendCmdCtrl                        
2001c7a4  _SlSetSockOptCmdCtrl                  
2001bf6c  _SlSmartConfigStartCmdCtrl            
2001c78c  _SlSockCloseCmdCtrl                   
2001c788  _SlSockSocketCmdCtrl                  
2001ca20  _SlStopCmdCtrl                        
2001bf78  _SlWlanCfgGetCmdCtrl                  
2001bf74  _SlWlanCfgSetCmdCtrl                  
2001bf5c  _SlWlanGetNetworkListCtrl             
2001bf70  _SlWlanSetModeCmdCtrl                 
20001210  _Snan                                 
20001568  _Tls_setup__Fenv                      
20001230  _Xbig                                 
20001238  _Zero                                 
20033770  __CIOBUF_                             
20004000  __STACK_END                           
00001000  __STACK_SIZE                          
00004000  __SYSMEM_SIZE                         
2001d630  __TI_CINIT_Base                       
2001d640  __TI_CINIT_Limit                      
2001d61c  __TI_Handler_Table_Base               
2001d628  __TI_Handler_Table_Limit              
200197f9  __TI_auto_init                        
20013939  __TI_cleanup                          
2000155c  __TI_cleanup_ptr                      
200185bd  __TI_closefile                        
2001bb67  __TI_decompress_none                  
2001bbe5  __TI_decompress_rle24                 
20017949  __TI_doflush                          
20001560  __TI_dtors_ptr                        
20001524  __TI_ft_end                           
200090b1  __TI_printfi                          
2001810f  __TI_rd_ok                            
20019b0f  __TI_readmsg                          
2001ca50  __TI_static_base__                    
20033b04  __TI_tmpnams                          
20019add  __TI_writemsg                         
200180ad  __TI_wrt_ok                           
2001bb91  __TI_zero_init                        
2001bbfd  __abort_execution                     
20018d01  __aeabi_cdcmpeq                       
20018d01  __aeabi_cdcmple                       
20018d87  __aeabi_cdrcmple                      
20019da1  __aeabi_cfcmpeq                       
20019da1  __aeabi_cfcmple                       
20019e01  __aeabi_cfrcmple                      
2001a51b  __aeabi_d2f                           
2001a685  __aeabi_d2iz                          
2001a871  __aeabi_d2uiz                         
20013db3  __aeabi_dadd                          
20015d1d  __aeabi_ddiv                          
20016ce7  __aeabi_dmul                          
20013da9  __aeabi_dsub                          
2001ac51  __aeabi_f2d                           
2001ac89  __aeabi_f2iz                          
2001aea5  __aeabi_f2uiz                         
2001a221  __aeabi_f2ulz                         
20016de7  __aeabi_fadd                          
20018815  __aeabi_fdiv                          
20019189  __aeabi_fmul                          
20016de3  __aeabi_fsub                          
2001b061  __aeabi_i2d                           
2001acc1  __aeabi_i2f                           
20019203  __aeabi_memclr                        
20019203  __aeabi_memclr4                       
20019203  __aeabi_memclr8                       
200183f1  __aeabi_memcpy                        
200183f1  __aeabi_memcpy4                       
200183f1  __aeabi_memcpy8                       
20019205  __aeabi_memset                        
20019205  __aeabi_memset4                       
20019205  __aeabi_memset8                       
20001530  __aeabi_stderr                        
20001528  __aeabi_stdin                         
2000152c  __aeabi_stdout                        
2001b62d  __aeabi_ui2d                          
2001b3e9  __aeabi_ui2f                          
200134ad  __aeabi_uldivmod                      
ffffffff  __binit__                             
ffffffff  __c_args__                            
20003000  __stack                               
20012a55  __vla_alloc                           
2001294d  __vla_dealloc                         
200129d5  __vla_dealloc_eh                      
2001b91d  _args_main                            
2001ab2d  _c_int00                              
2001bd44  _ctypes_                              
20000f50  _ftable                               
20001554  _lock                                 
2001ba77  _nop                                  
2001ba6f  _register_lock                        
2001ba69  _register_unlock                      
2001b219  _sl_BuildAddress                      
20019a0d  _sl_GetCreateFsMode                   
2001a4d1  _sl_GetStartResponseConvert           
20019bad  _sl_HandleAsync_Accept                
20019a75  _sl_HandleAsync_Connect               
20019371  _sl_HandleAsync_DnsGetHostByName      
20019c11  _sl_HandleAsync_DnsGetHostByService   
20019551  _sl_HandleAsync_InitComplete          
200193e9  _sl_HandleAsync_PingResponse          
20019fc9  _sl_HandleAsync_Select                
2001a179  _sl_HandleAsync_Stop                  
2001b9fd  _sl_Strlen                            
2001978d  _sl_TruncatePayloadByProtocol         
20033dd0  _sys_memory                           
2001bc01  _system_pre_init                      
20001558  _unlock                               
2001a831  abort                                 
20017d1d  acosf                                 
2001588b  addHttpRequestHeader                  
200158b1  addHttpRequestHeaderInt               
20015811  addHttpRequestLine                    
20012009  add_device                            
20033d38  ang_buf                               
2001142b  angleCheck                            
20011405  angleCheck_Initializations            
20033d88  angle_avg                             
20033d8c  angle_reading_del1                    
20033d90  angle_reading_del2                    
20033d94  angle_reading_del3                    
20033d98  angle_reading_del4                    
200156a9  atan2l                                
2001a2bd  atoi                                  
20033dc4  avg_buffer_cnt                        
2001584f  beginHttpGetRequest                   
20015843  beginHttpRequest                      
ffffffff  binit                                 
2000db4d  buildRequestHeaders                   
20010971  calloc                                
20033dc5  checkForLight_Flag                    
200130a5  check_doorpos                         
2000d779  clearAccelMotionIntrpt                
20032fc8  clientStateFileName                   
20011fb9  close                                 
2000151c  cnt                                   
20033dc6  cnt_prakz2                            
2000d221  configureFXOS8700                     
20013f61  configureISL29035                     
200136e7  configureTempRHSensor                 
2001a309  copy_in                               
2000afe5  createAndWrite_ImageHeaderFile        
2000f0f5  createInstallation                    
2000e5c1  createNewInstallationId               
2000b133  create_JpegImageFile                  
20033d9c  dataBuffer                            
20001520  dataBufferSize                        
20018f95  debugPrint                            
20018faf  debugPrintf                           
2000ccb7  disableAE                             
2000cc2d  disableAWB                            
20007349  eTaskGetState                         
2000c011  eigencompute                          
2000cc75  enableAE                              
2000cbe9  enableAWB                             
20014111  ensureCertificateFile                 
2001a839  exit                                  
20004697  f3DOFMagnetometerMatrixAndroid        
20004633  f3DOFMagnetometerMatrixNED            
20004697  f3DOFMagnetometerMatrixWin8           
20004401  f3DOFTiltAndroid                      
20004401  f3DOFTiltNED                          
20004509  f3DOFTiltWin8                         
2000bdd7  f3x3matrixAeqAxScalar                 
2000bd59  f3x3matrixAeqI                        
2000be35  f3x3matrixAeqInvSymB                  
2000be0b  f3x3matrixAeqMinusA                   
2000bdb3  f3x3matrixAeqScalar                   
2000bf7b  f3x3matrixDetA                        
20004f85  fAndroidAnglesDegFromRotationMatrix   
20005d89  fInitMagCalibration                   
20015259  fInit_6DOF_GB_BASIC                   
2000616d  fInvertMagCal                         
200057b9  fLPFOrientationQuaternion             
200058f1  fLPFScalar                            
20004ee1  fNEDAnglesDegFromRotationMatrix       
200052c5  fQuaternionFromRotationMatrix         
20005165  fQuaternionFromRotationVectorDeg      
20005411  fRotationMatrixFromQuaternion         
20005713  fRotationVectorDegFromQuaternion      
2000553d  fRotationVectorDegFromRotationMatrix  
200152ad  fRun_6DOF_GB_BASIC                    
20006ac1  fUpdateCalibration10EIG               
20006295  fUpdateCalibration4INV                
20006715  fUpdateCalibration7EIG                
20005029  fWin8AnglesDegFromRotationMatrix      
20012eb5  facos_deg                             
20012e75  fasin_deg                             
20012fc3  fatan2_deg                            
2001303f  fatan_15deg                           
20012f33  fatan_deg                             
20018623  fclose                                
200049a5  feCompassAndroid                      
20004705  feCompassNED                          
20004c41  feCompassWin8                         
2001ae71  feraiseexcept                         
2000e55b  fetchDeviceOSVersion                  
20017995  fflush                                
20011d1b  findSecondJson                        
20000dc9  flag                                  
2000bd85  fmatrixAeqI                           
2000c401  fmatrixAeqInvA                        
2000c5e3  fmatrixAeqRenormRotA                  
20015be1  fmodf                                 
2001398f  fopen                                 
2001986d  fprintf                               
20018655  fputc                                 
20015f89  fputs                                 
20005d6f  fqAeq1                                
20005cab  fqAeqNormqA                           
200106bf  free                                  
20013965  freopen                               
2001b547  frexp                                 
20019c75  fseek                                 
20011537  fxos_calibrate                        
2001158f  fxos_get_initialYaw                   
2001144b  fxos_main                             
200114b1  fxos_main_waitfor40degrees            
200115ef  fxos_waitFor40Degrees                 
20000dd0  gFirstCmdMode                         
2001c550  g_H2NCnysPattern                      
2001c548  g_H2NSyncPattern                      
20033400  g_NetEntries                          
20033d68  g_SecParams                           
20001318  g_SpiFd                               
20000dd8  g_StatMem                             
20033da0  g_block_lastFilled                    
20001328  g_cDummy                              
20033c5c  g_cWlanSSID                           
20033bf4  g_cWlanSecurityKey                    
20033da4  g_cWlanSecurityType                   
2001c9dc  g_deviceClientVersion                 
20033dc8  g_flag_DataBlockFilled                
20033cc0  g_flag_blockFull                      
20033dc9  g_flag_door_closing_45degree          
20033dca  g_frame_end                           
20033da8  g_frame_size_in_bytes                 
20000600  g_header                              
20033dac  g_header_length                       
2001e000  g_image_buffer                        
200014f4  g_osVersion                           
20000dd4  g_pCB                                 
2000131c  g_pHostIntHdl                         
20004000  g_pfnVectors                          
20033db0  g_position_in_block                   
20033db4  g_readHeader                          
2000143c  g_token_get                           
200014f1  g_ucConnectedToConfAP                 
20033d74  g_ucConnectionBSSID                   
20033c80  g_ucConnectionSSID                    
20001320  g_ucDMAEnabled                        
2000132c  g_ucDinDout                           
200014f3  g_ucPriority                          
200014f0  g_ucProfileAdded                      
200014f2  g_ucProvisioningDone                  
200014ec  g_uiSimplelinkRole                    
200014e8  g_ulGatewayIP                         
20001550  g_ulPingPacketsRecv                   
200014e4  g_ulStatus                            
2000d5e5  getAccelerationMagnitude              
2000d4a7  getDoorDirection                      
200158e9  getHttpResponseBody                   
200158bf  getHttpResponseStatus                 
2000f143  getInstallation                       
20016c85  getInternalClient                     
20014079  getLightsensor_data                   
200140a5  getLightsensor_intrptStatus           
2000d561  getMagnFlux_3axis                     
20011d4d  getPushJson                           
20013713  getTempRH                             
20033890  gfpAppCallbackHndl                    
20033d48  globals                               
20033000  gpCtlTbl                              
2000dd85  headerSend                            
200168c1  i2cReadRegisters                      
2001696f  i2cReadRegistersTwoBytes              
20016903  i2cWriteRegisters                     
20033dcb  iDone                                 
20005e59  iUpdateMagnetometerBuffer             
2000990d  initNetwork                           
20017375  intToASCII                            
20011d33  isCompleteJson                        
2000e4fb  isPingTime                            
20033dcc  isitfirsttime                         
2001a75d  ldexp                                 
20012be5  loadClientState                       
2001bbeb  log                                   
2001bbf1  logf                                  
20011f95  lseek                                 
2001a079  ltoa                                  
20011937  main                                  
20001588  main_func_sp                          
20010657  malloc                                
20010149  mem_Free                              
2001013d  mem_Malloc                            
20010169  mem_copy                              
20010155  mem_set                               
2001088d  memalign                              
2001b739  memccpy                               
2001b60d  memchr                                
2001b569  memcmp                                
200183f1  memcpy                                
2001b3c5  memmove                               
2001920b  memset                                
200105c9  minit                                 
20033d58  mqxglobals                            
20011ee7  open                                  
20033dcd  open1_close0_invalid2                 
200101bf  osi_ContextRestore                    
200101bd  osi_ContextSave                       
2001017d  osi_EnterCritical                     
20010187  osi_ExitCritical                      
2000fda3  osi_InterruptDeRegister               
2000fd7d  osi_InterruptRegister                 
2000fead  osi_LockObjCreate                     
2000ff21  osi_LockObjDelete                     
2000ff31  osi_LockObjLock                       
2000ff5d  osi_LockObjUnlock                     
20010071  osi_MsgQCreate                        
200100b5  osi_MsgQDelete                        
20010101  osi_MsgQRead                          
200100cf  osi_MsgQWrite                         
20010199  osi_Sleep                             
2000ff87  osi_Spawn                             
2000fe8b  osi_SyncObjClear                      
2000fdb5  osi_SyncObjCreate                     
2000fde5  osi_SyncObjDelete                     
[...]
200177b1  sqrtf                                 
2001787d  spi_Read                              
20017949  __TI_doflush                          
20017995  fflush                                
20017a11  sl_Start                              
20017ad9  sl_Stop                               
20017b9d  _Dint                                 
20017c5d  _Dnorm                                
20017d1d  acosf                                 
20017ddd  ulPortSetInterruptMask                
20017df3  vPortClearInterruptMask               
20017e01  xPortPendSVHandler                    
20017e4d  vPortSVCHandler                       
20017e75  prvPortStartFirstTask                 
20017e8d  portCLZ                               
20017e95  _SlDrvMsgReadCmdCtx                   
20017f49  _SlDrvNetAppEventHandler              
20017ffd  sl_Send                               
200180ad  __TI_wrt_ok                           
2001810f  __TI_rd_ok                            
20018159  IntDisable                            
20018201  IntEnable                             
200182a9  Timer_IF_Init                         
200182d3  Timer_IF_IntSetup                     
20018305  Timer_IF_InterruptClear               
20018319  Timer_IF_Start                        
2001832d  Timer_IF_DeInit                       
20018345  Timer_IF_GetCount                     
20018351  SPIConfigSetExpClk                    
200183f1  __aeabi_memcpy                        
200183f1  __aeabi_memcpy4                       
200183f1  __aeabi_memcpy8                       
200183f1  memcpy                                
2001848d  _SlDrvClassifyRxMsg                   
20018525  _SlFindAndSetActiveObj                
200185bd  __TI_closefile                        
20018623  fclose                                
20018655  fputc                                 
20018655  putc                                  
200186d9  putchar                               
200186ed  PRCMPeripheralClockGet                
20018781  snprintf                              
20018815  __aeabi_fdiv                          
200188a9  _SlDrvMsgReadSpawnCtx                 
20018939  _FDint                                
200189c5  sl_FsRead                             
20018a51  sl_FsWrite                            
20018add  sl_NetAppMDNSRegisterUnregisterService
20018b69  PRCMHibernateIntervalSet              
20018bf1  PinConfigSet                          
20018c79  vsnprintf                             
20018d01  __aeabi_cdcmpeq                       
20018d01  __aeabi_cdcmple                       
20018d87  __aeabi_cdrcmple                      
20018e0d  I2CMasterInitExpClk                   
20018e91  _SlDrvCmdOp                           
20018f15  NwpPowerOnPreamble                    
20018f95  debugPrint                            
20018faf  debugPrintf                           
20019015  _SlDrvDriverCBInit                    
20019091  sl_DevGet                             
2001910d  sl_FsClose                            
20019189  __aeabi_fmul                          
20019203  __aeabi_memclr                        
20019203  __aeabi_memclr4                       
20019203  __aeabi_memclr8                       
20019205  __aeabi_memset                        
20019205  __aeabi_memset4                       
20019205  __aeabi_memset8                       
2001920b  memset                                
2001927d  _FDnorm                               
20019371  _sl_HandleAsync_DnsGetHostByName      
200193e9  _sl_HandleAsync_PingResponse          
20019461  sl_WlanGet                            
200194d9  UARTConfigSetExpClk                   
20019551  _sl_HandleAsync_InitComplete          
200195c5  spi_Close                             
20019639  IntHandler_100mSecTimer               
20019651  start_100mSecTimer                    
20019681  stop_100mSecTimer                     
200196ad  TimerIntRegister                      
2001971d  sl_FsGetInfo                          
2001978d  _sl_TruncatePayloadByProtocol         
200197f9  __TI_auto_init                        
2001986d  fprintf                               
2001993d  PRCMHibernateWakeUpGPIOSelect         
200199a5  TimerIntUnregister                    
20019a0d  _sl_GetCreateFsMode                   
20019a75  _sl_HandleAsync_Connect               
20019add  __TI_writemsg                         
20019b0b  C$$IO$$                               
20019b0f  __TI_readmsg                          
20019b45  _Dunscale                             
20019bad  _sl_HandleAsync_Accept                
20019c11  _sl_HandleAsync_DnsGetHostByService   
20019c75  fseek                                 
20019cd9  uDMAChannelAttributeDisable           
20019d3d  uDMAChannelAttributeEnable            
20019da1  __aeabi_cfcmpeq                       
20019da1  __aeabi_cfcmple                       
20019e01  __aeabi_cfrcmple                      
20019e61  sprintf                               
20019ec1  IntPendClear                          
20019f19  PRCMPeripheralReset                   
20019f71  _SlDrvDriverCBDeinit                  
20019fc9  _sl_HandleAsync_Select                
2001a021  sl_NetAppSendTokenValue               
2001a079  ltoa                                  
2001a0cf  _FDunscale                            
2001a125  IntPrioritySet                        
2001a179  _sl_HandleAsync_Stop                  
2001a1cd  sl_FsOpen                             
2001a221  __aeabi_f2ulz                         
2001a271  SPIIntEnable                          
2001a2bd  atoi                                  
2001a309  copy_in                               
2001a355  srand                                 
2001a36b  rand                                  
2001a3a1  sl_DevSet                             
2001a3ed  sl_SetSockOpt                         
2001a439  sl_WlanSet                            
2001a485  uDMAChannelAssign                     
2001a4d1  _sl_GetStartResponseConvert           
2001a51b  __aeabi_d2f                           
2001a565  PRCMHibernateWakeupSourceDisable      
2001a5ad  PRCMHibernateWakeupSourceEnable       
2001a5f5  SPIIntClear                           
2001a63d  _SlRemoveFromList                     
2001a685  __aeabi_d2iz                          
2001a6cd  sl_FsDel                              
2001a715  sl_NetCfgSet                          
2001a75d  ldexp                                 
2001a7e9  TimerConfigure                        
2001a82d  C$$EXIT                               
2001a831  abort                                 
2001a839  exit                                  
2001a871  __aeabi_d2uiz                         
2001a8b5  sl_Recv                               
2001a8f9  PinModeSet                            
2001a939  _SlDrvRxIrqHandler                    
2001a979  signal                                
2001a9b9  sl_WlanPolicySet                      
2001a9f9  sl_WlanRxFilterSet                    
2001aa39  strncasecmp                           
2001aa79  NwpPowerOff                           
2001aab5  PRCMPeripheralClkEnable               
2001aaf1  _SlDrvObjInit                         
2001ab2d  _c_int00                              
2001ab69  uDMAChannelControlSet                 
2001aba5  CameraCaptureStop                     
2001abdf  CameraXClkConfig                      
2001ac19  pvPortMalloc                          
2001ac39  vPortFree                             
2001ac51  __aeabi_f2d                           
2001ac89  __aeabi_f2iz                          
2001acc1  __aeabi_i2f                           
2001acf9  sl_Htonl                              
2001ad31  GPIODirModeSet                        
2001ad69  IsLightOff                            
2001ad9f  CameraParamsConfig                    
2001add5  PRCMPeripheralStatusGet               
2001ae09  SPIFIFOLevelSet                       
2001ae3d  _SlDrvBasicCmd                        
2001ae71  feraiseexcept                         
2001aea5  __aeabi_f2uiz                         
2001aed9  strstr                                
2001af0d  sl_Htons                              
2001af41  NwpPowerOn                            
2001af71  PinTypeGPIO                           
2001afa1  UARTDisable                           
2001afd1  strncpy                               
2001b001  _Feraise                              
2001b031  sl_Socket                             
2001b061  __aeabi_i2d                           
2001b08f  raise                                 
2001b0bd  CameraIntEnable                       
2001b0e9  DmaSpiSwIntHandler                    
2001b115  I2CMasterErr                          
2001b141  PRCMSysResetCauseGet                  
2001b16d  _SlDrvFlowContDeinit                  
2001b199  _SlDrvFlowContInit                    
2001b1c5  TimerLoadSet                          
2001b1c5  Timer_IF_ReLoad                       
2001b1ef  TimerPrescaleSet                      
2001b219  _sl_BuildAddress                      
2001b243  _Dclass                               
2001b26d  CameraIntStatus                       
2001b295  PRCMPeripheralClkDisable              
2001b2bd  strncat                               
2001b2e5  sl_WlanSetMode                        
2001b30d  CameraThresholdSet                    
2001b333  strncmp                               
2001b359  CameraIntClear                        
2001b37d  IntUnregister                         
2001b3a1  UARTEnable                            
2001b3c5  memmove                               
2001b3e9  __aeabi_ui2f                          
2001b40d  sl_Close                              
2001b40d  socketClose                           
2001b431  sl_NetAppStart                        
2001b455  sl_NetAppStop                         
2001b479  sl_WlanProfileDel                     
2001b49d  CameraCaptureStart                    
2001b4bf  I2CMasterSlaveAddrSet                 
2001b4e1  NwpRegisterInterruptHandler           
2001b503  SPIReset                              
2001b525  SPIWordCountSet                       
2001b547  frexp                                 
2001b569  memcmp                                
2001b58b  GPIOPinWrite                          
2001b5ad  IntRegister                           
2001b5cd  _SlDrvCmdSend                         
2001b5ed  _SlDrvDeviceEventHandler              
2001b60d  memchr                                
2001b62d  __aeabi_ui2d                          
2001b64d  I2CMasterIntStatusEx                  
2001b66b  TimerDisable                          
2001b66b  Timer_IF_Stop                         
2001b689  TimerEnable                           
2001b6a7  TimerIntStatus                        
2001b6c5  UARTCharPut                           
2001b6e3  PinTypeI2C                            
2001b6ff  TimerValueGet                         
2001b71d  _SlDrvObjDeInit                       
2001b739  memccpy                               
2001b755  UDMAStopTransfer                      
2001b755  uDMAChannelDisable                    
2001b771  uDMAChannelEnable                     
2001b78d  CopyPingResultsToReport               
2001b7a7  PinTypeCamera                         
2001b7c1  PinTypeUART                           
2001b7db  SPIDmaDisable                         
2001b7f5  SPIDmaEnable                          
2001b80f  SPIFIFODisable                        
2001b829  SPIFIFOEnable                         
2001b843  CameraReset                           
2001b85b  GPIOPinRead                           
2001b875  PRCMHibernateEnter                    
2001b88d  SPICSDisable                          
2001b8a5  SPICSEnable                           
2001b8bd  SPIDisable                            
2001b8d5  SPIEnable                             
2001b8ed  TimerIntDisable                       
2001b905  TimerIntEnable                        
2001b91d  _args_main                            
2001b935  strcmp                                
2001b94d  CameraDMAEnable                       
2001b963  CameraIntRegister                     
2001b979  I2CMasterDataPut                      
2001b98f  I2CMasterEnable                       
2001b9a5  PRCMHIBRegRead                        
2001b9bb  PRCMHIBRegWrite                       
2001b9d1  UARTCharGet                           
2001b9e7  _SlDrvShiftDWord                      
2001b9fd  _sl_Strlen                            
2001ba13  strchr                                
2001ba29  uDMAIntRegister                       
2001ba3f  CPUcpsie                              
2001ba55  IntVTableBaseSet                      
2001ba69  _register_unlock                      
2001ba6f  _register_lock                        
2001ba77  _nop                                  
2001ba7d  strcpy                                
2001ba91  strlen                                
2001baa5  uDMAControlBaseSet                    
2001bab9  uDMAIntClear                          
2001bacd  I2CMasterControl                      
2001badf  I2CMasterIntClearEx                   
2001baf1  I2CMasterTimeoutSet                   
2001bb03  TimerIntClear                         
2001bb15  sl_NetAppMDNSUnRegisterService        
2001bb27  uDMAIntUnregister                     
2001bb39  NwpMaskInterrupt                      
2001bb49  SL_FD_SET                             
2001bb59  I2CMasterDataGet                      
2001bb67  __TI_decompress_none                  
2001bb75  ResetISR                              
2001bb85  NwpUnMaskInterrupt                    
2001bb91  __TI_zero_init                        
2001bb9d  uDMADisable                           
2001bba9  uDMAEnable                            
2001bbb5  uDMAIntStatus                         
2001bbc1  IntMasterEnable                       
2001bbcb  sl_WlanDisconnect                     
2001bbd3  MT9D111Delay                          
2001bbd9  SL_FD_ZERO                            
2001bbdf  UtilsDelay                            
2001bbe5  __TI_decompress_rle24                 
2001bbeb  log                                   
2001bbf1  logf                                  
2001bbf7  sinf                                  
2001bbfd  __abort_execution                     
2001bc01  _system_pre_init                      
2001bd44  _ctypes_                              
2001bf4c  _SlPolicySetCmdCtrl                   
2001bf50  _SlPolicyGetCmdCtrl                   
2001bf54  _SlProfileGetCmdCtrl                  
2001bf58  _SlProfileDelCmdCtrl                  
2001bf5c  _SlWlanGetNetworkListCtrl             
2001bf60  _SlRxFilterAddtCmdCtrl                
2001bf64  _SlRxFilterSetCmdCtrl                 
2001bf68  _SlRxFilterGetCmdCtrl                 
2001bf6c  _SlSmartConfigStartCmdCtrl            
2001bf70  _SlWlanSetModeCmdCtrl                 
2001bf74  _SlWlanCfgSetCmdCtrl                  
2001bf78  _SlWlanCfgGetCmdCtrl                  
2001c548  g_H2NSyncPattern                      
2001c550  g_H2NCnysPattern                      
2001c558  _SlActionLookupTable                  
2001c6d8  _SlFsOpenCmdCtrl                      
2001c6dc  _SlFsCloseCmdCtrl                     
2001c6e0  _SlFsReadCmdCtrl                      
2001c6e4  _SlFsWriteCmdCtrl                     
2001c6e8  _SlFsGetInfoCmdCtrl                   
2001c6ec  _SlFsDeleteCmdCtrl                    
2001c788  _SlSockSocketCmdCtrl                  
2001c78c  _SlSockCloseCmdCtrl                   
2001c790  _SlRecvfomCmdCtrl                     
2001c794  _SlSendCmdCtrl                        
2001c798  _SlListenCmdCtrl                      
2001c79c  _SlAcceptCmdCtrl                      
2001c7a0  _SlRecvCmdCtrl                        
2001c7a4  _SlSetSockOptCmdCtrl                  
2001c7a8  _SlGetSockOptCmdCtrl                  
2001c7ac  _SlSelectCmdCtrl                      
2001c8e0  _SlNetAppStartCtrl                    
2001c8e4  _SlNetAppStopCtrl                     
2001c8e8  _SlGetServiceListeCtrl                
2001c8ec  _SlRegisterServiceCtrl                
2001c8f0  _SlGetHostByServiceCtrl               
2001c8f4  _SlGetHostByNameCtrl                  
2001c8f8  _SlNetAppSetCmdCtrl                   
2001c8fc  _SlNetAppSendTokenValueCmdCtrl        
2001c900  _SlNetAppGetCmdCtrl                   
2001c9dc  g_deviceClientVersion                 
2001ca20  _SlStopCmdCtrl                        
2001ca24  _SlEventMaskSetCmdCtrl                
2001ca28  _SlEventMaskGetCmdCtrl                
2001ca2c  _SlDeviceGetCmdCtrl                   
2001ca30  _SlDeviceSetCmdCtrl                   
2001ca34  pcDigits                              
2001ca48  _SlNetCfgSetCmdCtrl                   
2001ca4c  _SlNetCfgGetCmdCtrl                   
2001ca50  __TI_static_base__                    
2001d61c  __TI_Handler_Table_Base               
2001d628  __TI_Handler_Table_Limit              
2001d630  __TI_CINIT_Base                       
2001d640  __TI_CINIT_Limit                      
2001e000  g_image_buffer                        
20032000  thisMagBuffer                         
20032b58  thisMagCal                            
20032f70  thisMag                               
20032fc8  clientStateFileName                   
20032ffc  Elapsed_100MilliSecs                  
20033000  gpCtlTbl                              
20033400  g_NetEntries                          
20033770  __CIOBUF_                             
20033890  gfpAppCallbackHndl                    
20033a58  thisSV_6DOF_GB_BASIC                  
20033b04  __TI_tmpnams                          
20033ba4  xQueueRegistry                        
20033bf4  g_cWlanSecurityKey                    
20033c28  thisAccel                             
20033c5c  g_cWlanSSID                           
20033c80  g_ucConnectionSSID                    
20033cc0  g_flag_blockFull                      
20033d38  ang_buf                               
20033d48  globals                               
20033d58  mqxglobals                            
20033d68  g_SecParams                           
20033d74  g_ucConnectionBSSID                   
20033d88  angle_avg                             
20033d8c  angle_reading_del1                    
20033d90  angle_reading_del2                    
20033d94  angle_reading_del3                    
20033d98  angle_reading_del4                    
20033d9c  dataBuffer                            
20033da0  g_block_lastFilled                    
20033da4  g_cWlanSecurityType                   
20033da8  g_frame_size_in_bytes                 
20033dac  g_header_length                       
20033db0  g_position_in_block                   
20033db4  g_readHeader                          
20033dc4  avg_buffer_cnt                        
20033dc5  checkForLight_Flag                    
20033dc6  cnt_prakz2                            
20033dc8  g_flag_DataBlockFilled                
20033dc9  g_flag_door_closing_45degree          
20033dca  g_frame_end                           
20033dcb  iDone                                 
20033dcc  isitfirsttime                         
20033dcd  open1_close0_invalid2                 
20033dce  valid_case                            
20033dd0  _sys_memory                           
ffffffff  __binit__                             
ffffffff  __c_args__                            
ffffffff  binit                                 
UNDEFED   SHT$$INIT_ARRAY$$Base                 
UNDEFED   SHT$$INIT_ARRAY$$Limit                

[879 symbols]
